[0.003s][info][gc,init] CardTable entry size: 512
[0.003s][info][gc     ] Using Parallel
[0.005s][info][gc,init] Version: 21.0.7+6-LTS (release)
[0.005s][info][gc,init] CPUs: 4 total, 4 available
[0.005s][info][gc,init] Memory: 15995M
[0.005s][info][gc,init] Large Page Support: Disabled
[0.005s][info][gc,init] NUMA Support: Disabled
[0.005s][info][gc,init] Compressed Oops: Enabled (Zero based)
[0.005s][info][gc,init] Alignments: Space 512K, Generation 512K, Heap 2M
[0.005s][info][gc,init] Heap Min Capacity: 2054M
[0.005s][info][gc,init] Heap Initial Capacity: 2054M
[0.005s][info][gc,init] Heap Max Capacity: 5G
[0.005s][info][gc,init] Pre-touch: Disabled
[0.005s][info][gc,init] Parallel Workers: 4
[0.012s][info][gc,metaspace] CDS archive(s) mapped at: [0x00007698d8000000-0x00007698d8c97000-0x00007698d8c97000), size 13201408, SharedBaseAddress: 0x00007698d8000000, ArchiveRelocationMode: 1.
[0.012s][info][gc,metaspace] Compressed class space mapped at: 0x00007698d9000000-0x0000769919000000, reserved size: 1073741824
[0.012s][info][gc,metaspace] Narrow klass base: 0x00007698d8000000, Narrow klass shift: 0, Narrow klass range: 0x100000000
[0.250s][info][safepoint   ] Safepoint "ICBufferFull", Time since last: 231555742 ns, Reaching safepoint: 71501 ns, Cleanup: 97000 ns, At safepoint: 10800 ns, Total: 179301 ns
[0.412s][info][safepoint   ] Safepoint "RedefineClasses", Time since last: 155532569 ns, Reaching safepoint: 80200 ns, Cleanup: 128801 ns, At safepoint: 6002337 ns, Total: 6211338 ns
[0.509s][info][safepoint   ] Safepoint "JFRCheckpoint", Time since last: 97654008 ns, Reaching safepoint: 80201 ns, Cleanup: 54400 ns, At safepoint: 11100 ns, Total: 145701 ns
[1.166s][info][safepoint   ] Safepoint "ICBufferFull", Time since last: 656663589 ns, Reaching safepoint: 3000 ns, Cleanup: 115001 ns, At safepoint: 2400 ns, Total: 120401 ns
[1.572s][info][safepoint   ] Safepoint "ICBufferFull", Time since last: 405290023 ns, Reaching safepoint: 4000 ns, Cleanup: 254802 ns, At safepoint: 2900 ns, Total: 261702 ns
[1.795s][info][gc,start    ] GC(0) Pause Young (Metadata GC Threshold)
[1.810s][debug][gc,phases   ] GC(0) Scavenge 15.117ms
[1.810s][debug][gc,ref      ] GC(0) ReferenceProcessor::execute queues: 2, RefProcThreadModel::Multi, marks_oops_alive: false
[1.811s][debug][gc,ref      ] GC(0) ReferenceProcessor::execute queues: 4, RefProcThreadModel::Multi, marks_oops_alive: true
[1.811s][debug][gc,ref      ] GC(0) ReferenceProcessor::execute queues: 1, RefProcThreadModel::Single, marks_oops_alive: false
[1.811s][debug][gc,phases   ] GC(0) Reference Processing 0.324ms
[1.811s][debug][gc,phases   ] GC(0)   VM Weak                        Min:  0.0, Avg:  0.0, Max:  0.0, Diff:  0.0, Sum:  0.0, Workers: 4
[1.811s][debug][gc,phases   ] GC(0)     Dead                           Min: 0, Avg:  0.0, Max: 0, Diff: 0, Sum: 0, Workers: 4
[1.811s][debug][gc,phases   ] GC(0)     Total                          Min: 0, Avg: 59.8, Max: 128, Diff: 128, Sum: 239, Workers: 4
[1.811s][debug][gc,phases   ] GC(0)   ObjectSynchronizer Weak        Min:  0.0, Avg:  0.0, Max:  0.0, Diff:  0.0, Sum:  0.0, Workers: 4
[1.811s][debug][gc,phases   ] GC(0)     Dead                           Min: 0, Avg:  0.5, Max: 2, Diff: 2, Sum: 2, Workers: 4
[1.811s][debug][gc,phases   ] GC(0)     Total                          Min: 0, Avg:  1.8, Max: 7, Diff: 7, Sum: 7, Workers: 4
[1.811s][debug][gc,phases   ] GC(0)   JVMTI Tag Weak OopStorage      Min:  0.0, Avg:  0.0, Max:  0.0, Diff:  0.0, Sum:  0.0, Workers: 4
[1.811s][debug][gc,phases   ] GC(0)     Dead                           Min: 0, Avg:  0.0, Max: 0, Diff: 0, Sum: 0, Workers: 4
[1.811s][debug][gc,phases   ] GC(0)     Total                          Min: 0, Avg:  0.0, Max: 0, Diff: 0, Sum: 0, Workers: 4
[1.811s][debug][gc,phases   ] GC(0)   StringTable Weak               Min:  0.0, Avg:  0.0, Max:  0.1, Diff:  0.1, Sum:  0.2, Workers: 4
[1.811s][debug][gc,phases   ] GC(0)     Dead                           Min: 0, Avg:  7.8, Max: 14, Diff: 14, Sum: 31, Workers: 4
[1.811s][debug][gc,phases   ] GC(0)     Total                          Min: 0, Avg: 1992.5, Max: 3554, Diff: 3554, Sum: 7970, Workers: 4
[1.811s][debug][gc,phases   ] GC(0)   ResolvedMethodTable Weak       Min:  0.0, Avg:  0.0, Max:  0.0, Diff:  0.0, Sum:  0.0, Workers: 4
[1.811s][debug][gc,phases   ] GC(0)     Dead                           Min: 0, Avg: 95.8, Max: 189, Diff: 189, Sum: 383, Workers: 4
[1.811s][debug][gc,phases   ] GC(0)     Total                          Min: 0, Avg: 468.2, Max: 768, Diff: 768, Sum: 1873, Workers: 4
[1.811s][debug][gc,phases   ] GC(0)   JNI Weak                       Min:  0.0, Avg:  0.0, Max:  0.0, Diff:  0.0, Sum:  0.0, Workers: 4
[1.811s][debug][gc,phases   ] GC(0)     Dead                           Min: 0, Avg:  0.0, Max: 0, Diff: 0, Sum: 0, Workers: 4
[1.811s][debug][gc,phases   ] GC(0)     Total                          Min: 0, Avg: 12.0, Max: 48, Diff: 48, Sum: 48, Workers: 4
[1.811s][debug][gc,phases   ] GC(0)   StringDedup Table Weak         Min:  0.0, Avg:  0.0, Max:  0.0, Diff:  0.0, Sum:  0.0, Workers: 4
[1.811s][debug][gc,phases   ] GC(0)     Dead                           Min: 0, Avg:  0.0, Max: 0, Diff: 0, Sum: 0, Workers: 4
[1.811s][debug][gc,phases   ] GC(0)     Total                          Min: 0, Avg:  0.0, Max: 0, Diff: 0, Sum: 0, Workers: 4
[1.811s][debug][gc,phases   ] GC(0)   StringDedup Requests0 Weak     Min:  0.0, Avg:  0.0, Max:  0.0, Diff:  0.0, Sum:  0.0, Workers: 4
[1.811s][debug][gc,phases   ] GC(0)     Dead                           Min: 0, Avg:  0.0, Max: 0, Diff: 0, Sum: 0, Workers: 4
[1.811s][debug][gc,phases   ] GC(0)     Total                          Min: 0, Avg:  0.0, Max: 0, Diff: 0, Sum: 0, Workers: 4
[1.811s][debug][gc,phases   ] GC(0)   StringDedup Requests1 Weak     Min:  0.0, Avg:  0.0, Max:  0.0, Diff:  0.0, Sum:  0.0, Workers: 4
[1.811s][debug][gc,phases   ] GC(0)     Dead                           Min: 0, Avg:  0.0, Max: 0, Diff: 0, Sum: 0, Workers: 4
[1.811s][debug][gc,phases   ] GC(0)     Total                          Min: 0, Avg:  0.0, Max: 0, Diff: 0, Sum: 0, Workers: 4
[1.811s][debug][gc,phases   ] GC(0)   Weak JFR Old Object Samples    Min:  0.0, Avg:  0.0, Max:  0.0, Diff:  0.0, Sum:  0.0, Workers: 4
[1.811s][debug][gc,phases   ] GC(0)     Dead                           Min: 0, Avg:  0.0, Max: 0, Diff: 0, Sum: 0, Workers: 4
[1.811s][debug][gc,phases   ] GC(0)     Total                          Min: 0, Avg:  0.0, Max: 0, Diff: 0, Sum: 0, Workers: 4
[1.811s][debug][gc,phases   ] GC(0) Weak Processing 0.261ms
[1.811s][debug][gc,age      ] GC(0) Desired survivor size 536870912 bytes, new threshold 7 (max threshold 15)
[1.811s][info ][gc,heap     ] GC(0) PSYoungGen: 393070K(1572864K)->37783K(1572864K) Eden: 393070K(1048576K)->0K(1048576K) From: 0K(524288K)->37783K(524288K)
[1.811s][info ][gc,heap     ] GC(0) ParOldGen: 1073K(6144K)->1145K(6144K)
[1.811s][info ][gc,metaspace] GC(0) Metaspace: 21095K(21504K)->21095K(21504K) NonClass: 18774K(19008K)->18774K(19008K) Class: 2320K(2496K)->2320K(2496K)
[1.811s][info ][gc          ] GC(0) Pause Young (Metadata GC Threshold) 384M->38M(1542M) 16.140ms
[1.811s][info ][gc,cpu      ] GC(0) User=0.05s Sys=0.01s Real=0.02s
[1.811s][debug][gc,phases   ] GC(1) Pre Compact 0.008ms
[1.811s][info ][gc,start    ] GC(1) Pause Full (Metadata GC Threshold)
[1.811s][info ][gc,phases,start] GC(1) Marking Phase
[1.820s][debug][gc,phases      ] GC(1) Par Mark 9.356ms
[1.820s][debug][gc,ref         ] GC(1) ReferenceProcessor::execute queues: 2, RefProcThreadModel::Multi, marks_oops_alive: false
[1.820s][debug][gc,ref         ] GC(1) ReferenceProcessor::execute queues: 4, RefProcThreadModel::Multi, marks_oops_alive: true
[1.820s][debug][gc,ref         ] GC(1) ReferenceProcessor::execute queues: 1, RefProcThreadModel::Single, marks_oops_alive: false
[1.821s][debug][gc,phases      ] GC(1) Reference Processing 0.128ms
[1.821s][debug][gc,phases      ] GC(1)   VM Weak                        Min:  0.0, Avg:  0.0, Max:  0.0, Diff:  0.0, Sum:  0.0, Workers: 4
[1.821s][debug][gc,phases      ] GC(1)     Dead                           Min: 0, Avg:  0.0, Max: 0, Diff: 0, Sum: 0, Workers: 4
[1.821s][debug][gc,phases      ] GC(1)     Total                          Min: 0, Avg: 59.8, Max: 128, Diff: 128, Sum: 239, Workers: 4
[1.821s][debug][gc,phases      ] GC(1)   ObjectSynchronizer Weak        Min:  0.0, Avg:  0.0, Max:  0.0, Diff:  0.0, Sum:  0.0, Workers: 4
[1.821s][debug][gc,phases      ] GC(1)     Dead                           Min: 0, Avg:  0.0, Max: 0, Diff: 0, Sum: 0, Workers: 4
[1.821s][debug][gc,phases      ] GC(1)     Total                          Min: 0, Avg:  1.8, Max: 7, Diff: 7, Sum: 7, Workers: 4
[1.821s][debug][gc,phases      ] GC(1)   JVMTI Tag Weak OopStorage      Min:  0.0, Avg:  0.0, Max:  0.0, Diff:  0.0, Sum:  0.0, Workers: 4
[1.821s][debug][gc,phases      ] GC(1)     Dead                           Min: 0, Avg:  0.0, Max: 0, Diff: 0, Sum: 0, Workers: 4
[1.821s][debug][gc,phases      ] GC(1)     Total                          Min: 0, Avg:  0.0, Max: 0, Diff: 0, Sum: 0, Workers: 4
[1.821s][debug][gc,phases      ] GC(1)   StringTable Weak               Min:  0.0, Avg:  0.0, Max:  0.0, Diff:  0.0, Sum:  0.1, Workers: 4
[1.821s][debug][gc,phases      ] GC(1)     Dead                           Min: 0, Avg:  0.0, Max: 0, Diff: 0, Sum: 0, Workers: 4
[1.821s][debug][gc,phases      ] GC(1)     Total                          Min: 0, Avg: 1992.5, Max: 4130, Diff: 4130, Sum: 7970, Workers: 4
[1.821s][debug][gc,phases      ] GC(1)   ResolvedMethodTable Weak       Min:  0.0, Avg:  0.0, Max:  0.0, Diff:  0.0, Sum:  0.0, Workers: 4
[1.821s][debug][gc,phases      ] GC(1)     Dead                           Min: 0, Avg:  0.0, Max: 0, Diff: 0, Sum: 0, Workers: 4
[1.821s][debug][gc,phases      ] GC(1)     Total                          Min: 0, Avg: 468.2, Max: 977, Diff: 977, Sum: 1873, Workers: 4
[1.821s][debug][gc,phases      ] GC(1)   JNI Weak                       Min:  0.0, Avg:  0.0, Max:  0.0, Diff:  0.0, Sum:  0.0, Workers: 4
[1.821s][debug][gc,phases      ] GC(1)     Dead                           Min: 0, Avg:  0.0, Max: 0, Diff: 0, Sum: 0, Workers: 4
[1.821s][debug][gc,phases      ] GC(1)     Total                          Min: 0, Avg: 12.0, Max: 48, Diff: 48, Sum: 48, Workers: 4
[1.821s][debug][gc,phases      ] GC(1)   StringDedup Table Weak         Min:  0.0, Avg:  0.0, Max:  0.0, Diff:  0.0, Sum:  0.0, Workers: 4
[1.821s][debug][gc,phases      ] GC(1)     Dead                           Min: 0, Avg:  0.0, Max: 0, Diff: 0, Sum: 0, Workers: 4
[1.821s][debug][gc,phases      ] GC(1)     Total                          Min: 0, Avg:  0.0, Max: 0, Diff: 0, Sum: 0, Workers: 4
[1.821s][debug][gc,phases      ] GC(1)   StringDedup Requests0 Weak     Min:  0.0, Avg:  0.0, Max:  0.0, Diff:  0.0, Sum:  0.0, Workers: 4
[1.821s][debug][gc,phases      ] GC(1)     Dead                           Min: 0, Avg:  0.0, Max: 0, Diff: 0, Sum: 0, Workers: 4
[1.821s][debug][gc,phases      ] GC(1)     Total                          Min: 0, Avg:  0.0, Max: 0, Diff: 0, Sum: 0, Workers: 4
[1.821s][debug][gc,phases      ] GC(1)   StringDedup Requests1 Weak     Min:  0.0, Avg:  0.0, Max:  0.0, Diff:  0.0, Sum:  0.0, Workers: 4
[1.821s][debug][gc,phases      ] GC(1)     Dead                           Min: 0, Avg:  0.0, Max: 0, Diff: 0, Sum: 0, Workers: 4
[1.821s][debug][gc,phases      ] GC(1)     Total                          Min: 0, Avg:  0.0, Max: 0, Diff: 0, Sum: 0, Workers: 4
[1.821s][debug][gc,phases      ] GC(1)   Weak JFR Old Object Samples    Min:  0.0, Avg:  0.0, Max:  0.0, Diff:  0.0, Sum:  0.0, Workers: 4
[1.821s][debug][gc,phases      ] GC(1)     Dead                           Min: 0, Avg:  0.0, Max: 0, Diff: 0, Sum: 0, Workers: 4
[1.821s][debug][gc,phases      ] GC(1)     Total                          Min: 0, Avg:  0.0, Max: 0, Diff: 0, Sum: 0, Workers: 4
[1.821s][debug][gc,phases      ] GC(1) Weak Processing 0.206ms
[1.821s][debug][gc,phases      ] GC(1) ClassLoaderData 0.010ms
[1.821s][debug][gc,phases      ] GC(1) Trigger cleanups 0.000ms
[1.826s][debug][gc,phases      ] GC(1) Purge Unlinked NMethods 0.001ms
[1.826s][debug][gc,phases      ] GC(1) Unregister NMethods 0.015ms
[1.826s][debug][gc,phases      ] GC(1) Free Code Blobs 0.002ms
[1.826s][debug][gc,phases      ] GC(1) Class Unloading 5.511ms
[1.826s][debug][gc,phases      ] GC(1) Report Object Count 0.001ms
[1.826s][info ][gc,phases      ] GC(1) Marking Phase 15.239ms
[1.826s][info ][gc,phases,start] GC(1) Summary Phase
[1.826s][info ][gc,phases      ] GC(1) Summary Phase 0.004ms
[1.826s][info ][gc,phases,start] GC(1) Adjust Roots
[1.830s][info ][gc,phases      ] GC(1) Adjust Roots 4.185ms
[1.830s][info ][gc,phases,start] GC(1) Compaction Phase
[1.850s][info ][gc,phases      ] GC(1) Compaction Phase 19.785ms
[1.850s][info ][gc,phases,start] GC(1) Post Compact
[1.851s][debug][gc,phases      ] GC(1) Purge Class Loader Data 0.787ms
[1.852s][info ][gc,phases      ] GC(1) Post Compact 1.672ms
[1.852s][info ][gc,heap        ] GC(1) PSYoungGen: 37783K(1572864K)->33028K(1572864K) Eden: 0K(1048576K)->0K(1048576K) From: 37783K(524288K)->33028K(524288K)
[1.852s][info ][gc,heap        ] GC(1) ParOldGen: 1145K(6144K)->5596K(6144K)
[1.852s][info ][gc,metaspace   ] GC(1) Metaspace: 21095K(21504K)->21095K(21504K) NonClass: 18774K(19008K)->18774K(19008K) Class: 2320K(2496K)->2320K(2496K)
[1.852s][info ][gc             ] GC(1) Pause Full (Metadata GC Threshold) 38M->37M(1542M) 40.977ms
[1.852s][info ][gc,cpu         ] GC(1) User=0.11s Sys=0.00s Real=0.04s
[1.852s][info ][safepoint      ] Safepoint "CollectForMetadataAllocation", Time since last: 223039914 ns, Reaching safepoint: 2800 ns, Cleanup: 65200 ns, At safepoint: 57223377 ns, Total: 57291377 ns
[2.180s][info ][safepoint      ] Safepoint "ICBufferFull", Time since last: 327685860 ns, Reaching safepoint: 85600 ns, Cleanup: 106001 ns, At safepoint: 6800 ns, Total: 198401 ns
[2.414s][info ][safepoint      ] Safepoint "ICBufferFull", Time since last: 234017592 ns, Reaching safepoint: 3100 ns, Cleanup: 105200 ns, At safepoint: 1900 ns, Total: 110200 ns
[2.549s][info ][safepoint      ] Safepoint "ICBufferFull", Time since last: 134905344 ns, Reaching safepoint: 3300 ns, Cleanup: 113301 ns, At safepoint: 10500 ns, Total: 127101 ns
[2.674s][info ][safepoint      ] Safepoint "ICBufferFull", Time since last: 124663772 ns, Reaching safepoint: 4100 ns, Cleanup: 142601 ns, At safepoint: 4200 ns, Total: 150901 ns
[3.104s][info ][safepoint      ] Safepoint "ICBufferFull", Time since last: 430381812 ns, Reaching safepoint: 76000 ns, Cleanup: 122801 ns, At safepoint: 5500 ns, Total: 204301 ns
[3.121s][info ][gc,start       ] GC(2) Pause Young (Metadata GC Threshold)
[3.150s][debug][gc,phases      ] GC(2) Scavenge 29.188ms
[3.150s][debug][gc,ref         ] GC(2) ReferenceProcessor::execute queues: 4, RefProcThreadModel::Multi, marks_oops_alive: false
[3.150s][debug][gc,ref         ] GC(2) ReferenceProcessor::execute queues: 4, RefProcThreadModel::Multi, marks_oops_alive: true
[3.150s][debug][gc,ref         ] GC(2) ReferenceProcessor::execute queues: 2, RefProcThreadModel::Multi, marks_oops_alive: false
[3.150s][debug][gc,phases      ] GC(2) Reference Processing 0.587ms
[3.151s][debug][gc,phases      ] GC(2)   VM Weak                        Min:  0.0, Avg:  0.0, Max:  0.0, Diff:  0.0, Sum:  0.0, Workers: 4
[3.151s][debug][gc,phases      ] GC(2)     Dead                           Min: 0, Avg:  0.0, Max: 0, Diff: 0, Sum: 0, Workers: 4
[3.151s][debug][gc,phases      ] GC(2)     Total                          Min: 0, Avg: 72.5, Max: 128, Diff: 128, Sum: 290, Workers: 4
[3.151s][debug][gc,phases      ] GC(2)   ObjectSynchronizer Weak        Min:  0.0, Avg:  0.0, Max:  0.0, Diff:  0.0, Sum:  0.0, Workers: 4
[3.151s][debug][gc,phases      ] GC(2)     Dead                           Min: 0, Avg:  0.0, Max: 0, Diff: 0, Sum: 0, Workers: 4
[3.151s][debug][gc,phases      ] GC(2)     Total                          Min: 0, Avg:  2.2, Max: 9, Diff: 9, Sum: 9, Workers: 4
[3.151s][debug][gc,phases      ] GC(2)   JVMTI Tag Weak OopStorage      Min:  0.0, Avg:  0.0, Max:  0.0, Diff:  0.0, Sum:  0.0, Workers: 4
[3.151s][debug][gc,phases      ] GC(2)     Dead                           Min: 0, Avg:  0.0, Max: 0, Diff: 0, Sum: 0, Workers: 4
[3.151s][debug][gc,phases      ] GC(2)     Total                          Min: 0, Avg:  0.0, Max: 0, Diff: 0, Sum: 0, Workers: 4
[3.151s][debug][gc,phases      ] GC(2)   StringTable Weak               Min:  0.1, Avg:  0.1, Max:  0.1, Diff:  0.0, Sum:  0.4, Workers: 4
[3.151s][debug][gc,phases      ] GC(2)     Dead                           Min: 1, Avg:  2.8, Max: 6, Diff: 5, Sum: 11, Workers: 4
[3.151s][debug][gc,phases      ] GC(2)     Total                          Min: 3392, Avg: 3672.2, Max: 4224, Diff: 832, Sum: 14689, Workers: 4
[3.151s][debug][gc,phases      ] GC(2)   ResolvedMethodTable Weak       Min:  0.0, Avg:  0.0, Max:  0.0, Diff:  0.0, Sum:  0.1, Workers: 4
[3.151s][debug][gc,phases      ] GC(2)     Dead                           Min: 364, Avg: 439.2, Max: 567, Diff: 203, Sum: 1757, Workers: 4
[3.151s][debug][gc,phases      ] GC(2)     Total                          Min: 1088, Avg: 1199.2, Max: 1280, Diff: 192, Sum: 4797, Workers: 4
[3.151s][debug][gc,phases      ] GC(2)   JNI Weak                       Min:  0.0, Avg:  0.0, Max:  0.0, Diff:  0.0, Sum:  0.0, Workers: 4
[3.151s][debug][gc,phases      ] GC(2)     Dead                           Min: 0, Avg:  0.0, Max: 0, Diff: 0, Sum: 0, Workers: 4
[3.151s][debug][gc,phases      ] GC(2)     Total                          Min: 0, Avg: 13.0, Max: 48, Diff: 48, Sum: 52, Workers: 4
[3.151s][debug][gc,phases      ] GC(2)   StringDedup Table Weak         Min:  0.0, Avg:  0.0, Max:  0.0, Diff:  0.0, Sum:  0.0, Workers: 4
[3.151s][debug][gc,phases      ] GC(2)     Dead                           Min: 0, Avg:  0.0, Max: 0, Diff: 0, Sum: 0, Workers: 4
[3.151s][debug][gc,phases      ] GC(2)     Total                          Min: 0, Avg:  0.0, Max: 0, Diff: 0, Sum: 0, Workers: 4
[3.151s][debug][gc,phases      ] GC(2)   StringDedup Requests0 Weak     Min:  0.0, Avg:  0.0, Max:  0.0, Diff:  0.0, Sum:  0.0, Workers: 4
[3.151s][debug][gc,phases      ] GC(2)     Dead                           Min: 0, Avg:  0.0, Max: 0, Diff: 0, Sum: 0, Workers: 4
[3.151s][debug][gc,phases      ] GC(2)     Total                          Min: 0, Avg:  0.0, Max: 0, Diff: 0, Sum: 0, Workers: 4
[3.151s][debug][gc,phases      ] GC(2)   StringDedup Requests1 Weak     Min:  0.0, Avg:  0.0, Max:  0.0, Diff:  0.0, Sum:  0.0, Workers: 4
[3.151s][debug][gc,phases      ] GC(2)     Dead                           Min: 0, Avg:  0.0, Max: 0, Diff: 0, Sum: 0, Workers: 4
[3.151s][debug][gc,phases      ] GC(2)     Total                          Min: 0, Avg:  0.0, Max: 0, Diff: 0, Sum: 0, Workers: 4
[3.151s][debug][gc,phases      ] GC(2)   Weak JFR Old Object Samples    Min:  0.0, Avg:  0.0, Max:  0.0, Diff:  0.0, Sum:  0.0, Workers: 4
[3.151s][debug][gc,phases      ] GC(2)     Dead                           Min: 0, Avg:  0.0, Max: 0, Diff: 0, Sum: 0, Workers: 4
[3.151s][debug][gc,phases      ] GC(2)     Total                          Min: 0, Avg:  0.0, Max: 0, Diff: 0, Sum: 0, Workers: 4
[3.151s][debug][gc,phases      ] GC(2) Weak Processing 0.296ms
[3.151s][debug][gc,age         ] GC(2) Desired survivor size 536870912 bytes, new threshold 7 (max threshold 15)
[3.151s][info ][gc,heap        ] GC(2) PSYoungGen: 557379K(1572864K)->55903K(1572864K) Eden: 524351K(1048576K)->0K(1048576K) From: 33028K(524288K)->55903K(524288K)
[3.151s][info ][gc,heap        ] GC(2) ParOldGen: 5596K(6144K)->5612K(6144K)
[3.151s][info ][gc,metaspace   ] GC(2) Metaspace: 35434K(35840K)->35434K(35840K) NonClass: 30897K(31104K)->30897K(31104K) Class: 4536K(4736K)->4536K(4736K)
[3.151s][info ][gc             ] GC(2) Pause Young (Metadata GC Threshold) 549M->60M(1542M) 30.170ms
[3.151s][info ][gc,cpu         ] GC(2) User=0.08s Sys=0.03s Real=0.03s
[3.151s][debug][gc,phases      ] GC(3) Pre Compact 0.007ms
[3.151s][info ][gc,start       ] GC(3) Pause Full (Metadata GC Threshold)
[3.151s][info ][gc,phases,start] GC(3) Marking Phase
[3.171s][debug][gc,phases      ] GC(3) Par Mark 20.650ms
[3.172s][debug][gc,ref         ] GC(3) ReferenceProcessor::execute queues: 3, RefProcThreadModel::Multi, marks_oops_alive: false
[3.172s][debug][gc,ref         ] GC(3) ReferenceProcessor::execute queues: 4, RefProcThreadModel::Multi, marks_oops_alive: true
[3.172s][debug][gc,ref         ] GC(3) ReferenceProcessor::execute queues: 1, RefProcThreadModel::Single, marks_oops_alive: false
[3.172s][debug][gc,phases      ] GC(3) Reference Processing 0.285ms
[3.172s][debug][gc,phases      ] GC(3)   VM Weak                        Min:  0.0, Avg:  0.0, Max:  0.0, Diff:  0.0, Sum:  0.0, Workers: 4
[3.172s][debug][gc,phases      ] GC(3)     Dead                           Min: 0, Avg:  0.0, Max: 0, Diff: 0, Sum: 0, Workers: 4
[3.172s][debug][gc,phases      ] GC(3)     Total                          Min: 0, Avg: 72.5, Max: 290, Diff: 290, Sum: 290, Workers: 4
[3.172s][debug][gc,phases      ] GC(3)   ObjectSynchronizer Weak        Min:  0.0, Avg:  0.0, Max:  0.0, Diff:  0.0, Sum:  0.0, Workers: 4
[3.172s][debug][gc,phases      ] GC(3)     Dead                           Min: 0, Avg:  0.0, Max: 0, Diff: 0, Sum: 0, Workers: 4
[3.172s][debug][gc,phases      ] GC(3)     Total                          Min: 0, Avg:  2.2, Max: 9, Diff: 9, Sum: 9, Workers: 4
[3.172s][debug][gc,phases      ] GC(3)   JVMTI Tag Weak OopStorage      Min:  0.0, Avg:  0.0, Max:  0.0, Diff:  0.0, Sum:  0.0, Workers: 4
[3.172s][debug][gc,phases      ] GC(3)     Dead                           Min: 0, Avg:  0.0, Max: 0, Diff: 0, Sum: 0, Workers: 4
[3.172s][debug][gc,phases      ] GC(3)     Total                          Min: 0, Avg:  0.0, Max: 0, Diff: 0, Sum: 0, Workers: 4
[3.172s][debug][gc,phases      ] GC(3)   StringTable Weak               Min:  0.0, Avg:  0.0, Max:  0.0, Diff:  0.0, Sum:  0.2, Workers: 4
[3.172s][debug][gc,phases      ] GC(3)     Dead                           Min: 0, Avg:  0.0, Max: 0, Diff: 0, Sum: 0, Workers: 4
[3.172s][debug][gc,phases      ] GC(3)     Total                          Min: 3392, Avg: 3672.2, Max: 3840, Diff: 448, Sum: 14689, Workers: 4
[3.172s][debug][gc,phases      ] GC(3)   ResolvedMethodTable Weak       Min:  0.0, Avg:  0.0, Max:  0.0, Diff:  0.0, Sum:  0.1, Workers: 4
[3.172s][debug][gc,phases      ] GC(3)     Dead                           Min: 0, Avg:  0.0, Max: 0, Diff: 0, Sum: 0, Workers: 4
[3.172s][debug][gc,phases      ] GC(3)     Total                          Min: 1152, Avg: 1199.2, Max: 1216, Diff: 64, Sum: 4797, Workers: 4
[3.172s][debug][gc,phases      ] GC(3)   JNI Weak                       Min:  0.0, Avg:  0.0, Max:  0.0, Diff:  0.0, Sum:  0.0, Workers: 4
[3.172s][debug][gc,phases      ] GC(3)     Dead                           Min: 0, Avg:  0.0, Max: 0, Diff: 0, Sum: 0, Workers: 4
[3.172s][debug][gc,phases      ] GC(3)     Total                          Min: 0, Avg: 13.0, Max: 48, Diff: 48, Sum: 52, Workers: 4
[3.172s][debug][gc,phases      ] GC(3)   StringDedup Table Weak         Min:  0.0, Avg:  0.0, Max:  0.0, Diff:  0.0, Sum:  0.0, Workers: 4
[3.172s][debug][gc,phases      ] GC(3)     Dead                           Min: 0, Avg:  0.0, Max: 0, Diff: 0, Sum: 0, Workers: 4
[3.172s][debug][gc,phases      ] GC(3)     Total                          Min: 0, Avg:  0.0, Max: 0, Diff: 0, Sum: 0, Workers: 4
[3.172s][debug][gc,phases      ] GC(3)   StringDedup Requests0 Weak     Min:  0.0, Avg:  0.0, Max:  0.0, Diff:  0.0, Sum:  0.0, Workers: 4
[3.172s][debug][gc,phases      ] GC(3)     Dead                           Min: 0, Avg:  0.0, Max: 0, Diff: 0, Sum: 0, Workers: 4
[3.172s][debug][gc,phases      ] GC(3)     Total                          Min: 0, Avg:  0.0, Max: 0, Diff: 0, Sum: 0, Workers: 4
[3.172s][debug][gc,phases      ] GC(3)   StringDedup Requests1 Weak     Min:  0.0, Avg:  0.0, Max:  0.0, Diff:  0.0, Sum:  0.0, Workers: 4
[3.172s][debug][gc,phases      ] GC(3)     Dead                           Min: 0, Avg:  0.0, Max: 0, Diff: 0, Sum: 0, Workers: 4
[3.172s][debug][gc,phases      ] GC(3)     Total                          Min: 0, Avg:  0.0, Max: 0, Diff: 0, Sum: 0, Workers: 4
[3.172s][debug][gc,phases      ] GC(3)   Weak JFR Old Object Samples    Min:  0.0, Avg:  0.0, Max:  0.0, Diff:  0.0, Sum:  0.0, Workers: 4
[3.172s][debug][gc,phases      ] GC(3)     Dead                           Min: 0, Avg:  0.0, Max: 0, Diff: 0, Sum: 0, Workers: 4
[3.172s][debug][gc,phases      ] GC(3)     Total                          Min: 0, Avg:  0.0, Max: 0, Diff: 0, Sum: 0, Workers: 4
[3.172s][debug][gc,phases      ] GC(3) Weak Processing 0.236ms
[3.172s][debug][gc,phases      ] GC(3) ClassLoaderData 0.026ms
[3.172s][debug][gc,phases      ] GC(3) Trigger cleanups 0.000ms
[3.180s][debug][gc,phases      ] GC(3) Purge Unlinked NMethods 0.429ms
[3.180s][debug][gc,phases      ] GC(3) Unregister NMethods 0.033ms
[3.180s][debug][gc,phases      ] GC(3) Free Code Blobs 0.113ms
[3.180s][debug][gc,phases      ] GC(3) Class Unloading 7.836ms
[3.180s][debug][gc,phases      ] GC(3) Report Object Count 0.001ms
[3.180s][info ][gc,phases      ] GC(3) Marking Phase 29.058ms
[3.180s][info ][gc,phases,start] GC(3) Summary Phase
[3.180s][info ][gc,phases      ] GC(3) Summary Phase 0.005ms
[3.180s][info ][gc,phases,start] GC(3) Adjust Roots
[3.184s][info ][gc,phases      ] GC(3) Adjust Roots 4.143ms
[3.184s][info ][gc,phases,start] GC(3) Compaction Phase
[3.347s][info ][gc,phases      ] GC(3) Compaction Phase 162.732ms
[3.347s][info ][gc,phases,start] GC(3) Post Compact
[3.348s][debug][gc,phases      ] GC(3) Purge Class Loader Data 1.064ms
[3.349s][info ][gc,phases      ] GC(3) Post Compact 2.096ms
[3.349s][info ][gc,heap        ] GC(3) PSYoungGen: 55903K(1572864K)->55193K(1572864K) Eden: 0K(1048576K)->0K(1048576K) From: 55903K(524288K)->55193K(524288K)
[3.349s][info ][gc,heap        ] GC(3) ParOldGen: 5612K(6144K)->6088K(6144K)
[3.349s][info ][gc,metaspace   ] GC(3) Metaspace: 35434K(35840K)->35434K(35840K) NonClass: 30897K(31104K)->30897K(31104K) Class: 4536K(4736K)->4536K(4736K)
[3.349s][info ][gc             ] GC(3) Pause Full (Metadata GC Threshold) 60M->59M(1542M) 198.134ms
[3.349s][info ][gc,cpu         ] GC(3) User=0.45s Sys=0.01s Real=0.19s
[3.349s][info ][safepoint      ] Safepoint "CollectForMetadataAllocation", Time since last: 16027812 ns, Reaching safepoint: 2000 ns, Cleanup: 4400 ns, At safepoint: 228405598 ns, Total: 228411998 ns
[3.482s][info ][safepoint      ] Safepoint "ICBufferFull", Time since last: 133107331 ns, Reaching safepoint: 3800 ns, Cleanup: 141901 ns, At safepoint: 2700 ns, Total: 148401 ns
[3.648s][info ][safepoint      ] Safepoint "ICBufferFull", Time since last: 165451758 ns, Reaching safepoint: 3700 ns, Cleanup: 114801 ns, At safepoint: 7700 ns, Total: 126201 ns
[3.740s][info ][safepoint      ] Safepoint "ICBufferFull", Time since last: 91980943 ns, Reaching safepoint: 3201 ns, Cleanup: 173701 ns, At safepoint: 5900 ns, Total: 182802 ns
[4.212s][info ][safepoint      ] Safepoint "ICBufferFull", Time since last: 472418805 ns, Reaching safepoint: 2900 ns, Cleanup: 122301 ns, At safepoint: 5200 ns, Total: 130401 ns
[4.369s][info ][safepoint      ] Safepoint "ICBufferFull", Time since last: 156448694 ns, Reaching safepoint: 3901 ns, Cleanup: 109100 ns, At safepoint: 9400 ns, Total: 122401 ns
[4.520s][info ][safepoint      ] Safepoint "ICBufferFull", Time since last: 150614454 ns, Reaching safepoint: 3000 ns, Cleanup: 116401 ns, At safepoint: 6000 ns, Total: 125401 ns
[4.790s][info ][safepoint      ] Safepoint "ICBufferFull", Time since last: 269689587 ns, Reaching safepoint: 85700 ns, Cleanup: 110101 ns, At safepoint: 4100 ns, Total: 199901 ns
[5.255s][info ][safepoint      ] Safepoint "ICBufferFull", Time since last: 465170055 ns, Reaching safepoint: 3200 ns, Cleanup: 150001 ns, At safepoint: 2400 ns, Total: 155601 ns
[5.397s][info ][gc,start       ] GC(4) Pause Young (Metadata GC Threshold)
[5.434s][debug][gc,phases      ] GC(4) Scavenge 36.980ms
[5.434s][debug][gc,ref         ] GC(4) ReferenceProcessor::execute queues: 4, RefProcThreadModel::Multi, marks_oops_alive: false
[5.435s][debug][gc,ref         ] GC(4) Skipped KeepAliveFinalRefsPhase of Reference Processing: no references
[5.435s][debug][gc,ref         ] GC(4) ReferenceProcessor::execute queues: 4, RefProcThreadModel::Multi, marks_oops_alive: false
[5.435s][debug][gc,phases      ] GC(4) Reference Processing 0.875ms
[5.435s][debug][gc,phases      ] GC(4)   VM Weak                        Min:  0.0, Avg:  0.0, Max:  0.0, Diff:  0.0, Sum:  0.0, Workers: 4
[5.435s][debug][gc,phases      ] GC(4)     Dead                           Min: 0, Avg:  0.0, Max: 0, Diff: 0, Sum: 0, Workers: 4
[5.435s][debug][gc,phases      ] GC(4)     Total                          Min: 0, Avg: 115.5, Max: 398, Diff: 398, Sum: 462, Workers: 4
[5.435s][debug][gc,phases      ] GC(4)   ObjectSynchronizer Weak        Min:  0.0, Avg:  0.0, Max:  0.0, Diff:  0.0, Sum:  0.0, Workers: 4
[5.435s][debug][gc,phases      ] GC(4)     Dead                           Min: 0, Avg:  0.0, Max: 0, Diff: 0, Sum: 0, Workers: 4
[5.435s][debug][gc,phases      ] GC(4)     Total                          Min: 0, Avg:  2.2, Max: 9, Diff: 9, Sum: 9, Workers: 4
[5.435s][debug][gc,phases      ] GC(4)   JVMTI Tag Weak OopStorage      Min:  0.0, Avg:  0.0, Max:  0.0, Diff:  0.0, Sum:  0.0, Workers: 4
[5.435s][debug][gc,phases      ] GC(4)     Dead                           Min: 0, Avg:  0.0, Max: 0, Diff: 0, Sum: 0, Workers: 4
[5.435s][debug][gc,phases      ] GC(4)     Total                          Min: 0, Avg:  0.0, Max: 0, Diff: 0, Sum: 0, Workers: 4
[5.435s][debug][gc,phases      ] GC(4)   StringTable Weak               Min:  0.0, Avg:  0.2, Max:  0.2, Diff:  0.2, Sum:  0.6, Workers: 4
[5.435s][debug][gc,phases      ] GC(4)     Dead                           Min: 0, Avg:  3.5, Max: 11, Diff: 11, Sum: 14, Workers: 4
[5.435s][debug][gc,phases      ] GC(4)     Total                          Min: 0, Avg: 6933.5, Max: 11072, Diff: 11072, Sum: 27734, Workers: 4
[5.435s][debug][gc,phases      ] GC(4)   ResolvedMethodTable Weak       Min:  0.0, Avg:  0.1, Max:  0.1, Diff:  0.1, Sum:  0.3, Workers: 4
[5.435s][debug][gc,phases      ] GC(4)     Dead                           Min: 0, Avg: 971.5, Max: 1760, Diff: 1760, Sum: 3886, Workers: 4
[5.435s][debug][gc,phases      ] GC(4)     Total                          Min: 0, Avg: 2845.8, Max: 4983, Diff: 4983, Sum: 11383, Workers: 4
[5.435s][debug][gc,phases      ] GC(4)   JNI Weak                       Min:  0.0, Avg:  0.0, Max:  0.0, Diff:  0.0, Sum:  0.0, Workers: 4
[5.435s][debug][gc,phases      ] GC(4)     Dead                           Min: 0, Avg:  0.0, Max: 0, Diff: 0, Sum: 0, Workers: 4
[5.435s][debug][gc,phases      ] GC(4)     Total                          Min: 0, Avg: 12.0, Max: 48, Diff: 48, Sum: 48, Workers: 4
[5.435s][debug][gc,phases      ] GC(4)   StringDedup Table Weak         Min:  0.0, Avg:  0.0, Max:  0.0, Diff:  0.0, Sum:  0.0, Workers: 4
[5.435s][debug][gc,phases      ] GC(4)     Dead                           Min: 0, Avg:  0.0, Max: 0, Diff: 0, Sum: 0, Workers: 4
[5.435s][debug][gc,phases      ] GC(4)     Total                          Min: 0, Avg:  0.0, Max: 0, Diff: 0, Sum: 0, Workers: 4
[5.435s][debug][gc,phases      ] GC(4)   StringDedup Requests0 Weak     Min:  0.0, Avg:  0.0, Max:  0.0, Diff:  0.0, Sum:  0.0, Workers: 4
[5.435s][debug][gc,phases      ] GC(4)     Dead                           Min: 0, Avg:  0.0, Max: 0, Diff: 0, Sum: 0, Workers: 4
[5.435s][debug][gc,phases      ] GC(4)     Total                          Min: 0, Avg:  0.0, Max: 0, Diff: 0, Sum: 0, Workers: 4
[5.435s][debug][gc,phases      ] GC(4)   StringDedup Requests1 Weak     Min:  0.0, Avg:  0.0, Max:  0.0, Diff:  0.0, Sum:  0.0, Workers: 4
[5.435s][debug][gc,phases      ] GC(4)     Dead                           Min: 0, Avg:  0.0, Max: 0, Diff: 0, Sum: 0, Workers: 4
[5.435s][debug][gc,phases      ] GC(4)     Total                          Min: 0, Avg:  0.0, Max: 0, Diff: 0, Sum: 0, Workers: 4
[5.435s][debug][gc,phases      ] GC(4)   Weak JFR Old Object Samples    Min:  0.0, Avg:  0.0, Max:  0.0, Diff:  0.0, Sum:  0.0, Workers: 4
[5.435s][debug][gc,phases      ] GC(4)     Dead                           Min: 0, Avg:  0.0, Max: 0, Diff: 0, Sum: 0, Workers: 4
[5.435s][debug][gc,phases      ] GC(4)     Total                          Min: 0, Avg:  0.0, Max: 0, Diff: 0, Sum: 0, Workers: 4
[5.435s][debug][gc,phases      ] GC(4) Weak Processing 0.467ms
[5.436s][debug][gc,age         ] GC(4) Desired survivor size 536870912 bytes, new threshold 7 (max threshold 15)
[5.436s][info ][gc,heap        ] GC(4) PSYoungGen: 439810K(1572864K)->77182K(1572864K) Eden: 384617K(1048576K)->0K(1048576K) From: 55193K(524288K)->77182K(524288K)
[5.436s][info ][gc,heap        ] GC(4) ParOldGen: 6088K(6144K)->6120K(6144K)
[5.436s][info ][gc,metaspace   ] GC(4) Metaspace: 59079K(59776K)->59079K(59776K) NonClass: 49667K(50112K)->49667K(50112K) Class: 9412K(9664K)->9412K(9664K)
[5.436s][info ][gc             ] GC(4) Pause Young (Metadata GC Threshold) 435M->81M(1542M) 38.432ms
[5.436s][info ][gc,cpu         ] GC(4) User=0.12s Sys=0.02s Real=0.04s
[5.436s][debug][gc,phases      ] GC(5) Pre Compact 0.008ms
[5.436s][info ][gc,start       ] GC(5) Pause Full (Metadata GC Threshold)
[5.436s][info ][gc,phases,start] GC(5) Marking Phase
[5.466s][debug][gc,phases      ] GC(5) Par Mark 30.245ms
[5.466s][debug][gc,ref         ] GC(5) ReferenceProcessor::execute queues: 4, RefProcThreadModel::Multi, marks_oops_alive: false
[5.466s][debug][gc,ref         ] GC(5) ReferenceProcessor::execute queues: 4, RefProcThreadModel::Multi, marks_oops_alive: true
[5.466s][debug][gc,ref         ] GC(5) ReferenceProcessor::execute queues: 1, RefProcThreadModel::Single, marks_oops_alive: false
[5.466s][debug][gc,phases      ] GC(5) Reference Processing 0.505ms
[5.467s][debug][gc,phases      ] GC(5)   VM Weak                        Min:  0.0, Avg:  0.0, Max:  0.0, Diff:  0.0, Sum:  0.0, Workers: 4
[5.467s][debug][gc,phases      ] GC(5)     Dead                           Min: 0, Avg:  0.0, Max: 0, Diff: 0, Sum: 0, Workers: 4
[5.467s][debug][gc,phases      ] GC(5)     Total                          Min: 0, Avg: 115.5, Max: 334, Diff: 334, Sum: 462, Workers: 4
[5.467s][debug][gc,phases      ] GC(5)   ObjectSynchronizer Weak        Min:  0.0, Avg:  0.0, Max:  0.0, Diff:  0.0, Sum:  0.0, Workers: 4
[5.467s][debug][gc,phases      ] GC(5)     Dead                           Min: 0, Avg:  0.0, Max: 0, Diff: 0, Sum: 0, Workers: 4
[5.467s][debug][gc,phases      ] GC(5)     Total                          Min: 0, Avg:  2.2, Max: 9, Diff: 9, Sum: 9, Workers: 4
[5.467s][debug][gc,phases      ] GC(5)   JVMTI Tag Weak OopStorage      Min:  0.0, Avg:  0.0, Max:  0.0, Diff:  0.0, Sum:  0.0, Workers: 4
[5.467s][debug][gc,phases      ] GC(5)     Dead                           Min: 0, Avg:  0.0, Max: 0, Diff: 0, Sum: 0, Workers: 4
[5.467s][debug][gc,phases      ] GC(5)     Total                          Min: 0, Avg:  0.0, Max: 0, Diff: 0, Sum: 0, Workers: 4
[5.467s][debug][gc,phases      ] GC(5)   StringTable Weak               Min:  0.0, Avg:  0.1, Max:  0.1, Diff:  0.1, Sum:  0.3, Workers: 4
[5.467s][debug][gc,phases      ] GC(5)     Dead                           Min: 0, Avg:  0.0, Max: 0, Diff: 0, Sum: 0, Workers: 4
[5.467s][debug][gc,phases      ] GC(5)     Total                          Min: 0, Avg: 6933.5, Max: 9686, Diff: 9686, Sum: 27734, Workers: 4
[5.467s][debug][gc,phases      ] GC(5)   ResolvedMethodTable Weak       Min:  0.0, Avg:  0.0, Max:  0.0, Diff:  0.0, Sum:  0.1, Workers: 4
[5.467s][debug][gc,phases      ] GC(5)     Dead                           Min: 0, Avg:  0.0, Max: 0, Diff: 0, Sum: 0, Workers: 4
[5.467s][debug][gc,phases      ] GC(5)     Total                          Min: 0, Avg: 2845.8, Max: 4096, Diff: 4096, Sum: 11383, Workers: 4
[5.467s][debug][gc,phases      ] GC(5)   JNI Weak                       Min:  0.0, Avg:  0.0, Max:  0.0, Diff:  0.0, Sum:  0.0, Workers: 4
[5.467s][debug][gc,phases      ] GC(5)     Dead                           Min: 0, Avg:  0.0, Max: 0, Diff: 0, Sum: 0, Workers: 4
[5.467s][debug][gc,phases      ] GC(5)     Total                          Min: 0, Avg: 12.0, Max: 48, Diff: 48, Sum: 48, Workers: 4
[5.467s][debug][gc,phases      ] GC(5)   StringDedup Table Weak         Min:  0.0, Avg:  0.0, Max:  0.0, Diff:  0.0, Sum:  0.0, Workers: 4
[5.467s][debug][gc,phases      ] GC(5)     Dead                           Min: 0, Avg:  0.0, Max: 0, Diff: 0, Sum: 0, Workers: 4
[5.467s][debug][gc,phases      ] GC(5)     Total                          Min: 0, Avg:  0.0, Max: 0, Diff: 0, Sum: 0, Workers: 4
[5.467s][debug][gc,phases      ] GC(5)   StringDedup Requests0 Weak     Min:  0.0, Avg:  0.0, Max:  0.0, Diff:  0.0, Sum:  0.0, Workers: 4
[5.467s][debug][gc,phases      ] GC(5)     Dead                           Min: 0, Avg:  0.0, Max: 0, Diff: 0, Sum: 0, Workers: 4
[5.467s][debug][gc,phases      ] GC(5)     Total                          Min: 0, Avg:  0.0, Max: 0, Diff: 0, Sum: 0, Workers: 4
[5.467s][debug][gc,phases      ] GC(5)   StringDedup Requests1 Weak     Min:  0.0, Avg:  0.0, Max:  0.0, Diff:  0.0, Sum:  0.0, Workers: 4
[5.467s][debug][gc,phases      ] GC(5)     Dead                           Min: 0, Avg:  0.0, Max: 0, Diff: 0, Sum: 0, Workers: 4
[5.467s][debug][gc,phases      ] GC(5)     Total                          Min: 0, Avg:  0.0, Max: 0, Diff: 0, Sum: 0, Workers: 4
[5.467s][debug][gc,phases      ] GC(5)   Weak JFR Old Object Samples    Min:  0.0, Avg:  0.0, Max:  0.0, Diff:  0.0, Sum:  0.0, Workers: 4
[5.467s][debug][gc,phases      ] GC(5)     Dead                           Min: 0, Avg:  0.0, Max: 0, Diff: 0, Sum: 0, Workers: 4
[5.467s][debug][gc,phases      ] GC(5)     Total                          Min: 0, Avg:  0.0, Max: 0, Diff: 0, Sum: 0, Workers: 4
[5.467s][debug][gc,phases      ] GC(5) Weak Processing 0.315ms
[5.467s][debug][gc,phases      ] GC(5) ClassLoaderData 0.052ms
[5.467s][debug][gc,phases      ] GC(5) Trigger cleanups 0.000ms
[5.475s][debug][gc,phases      ] GC(5) Purge Unlinked NMethods 0.172ms
[5.475s][debug][gc,phases      ] GC(5) Unregister NMethods 0.015ms
[5.475s][debug][gc,phases      ] GC(5) Free Code Blobs 0.045ms
[5.475s][debug][gc,phases      ] GC(5) Class Unloading 8.241ms
[5.475s][debug][gc,phases      ] GC(5) Report Object Count 0.001ms
[5.475s][info ][gc,phases      ] GC(5) Marking Phase 39.368ms
[5.475s][info ][gc,phases,start] GC(5) Summary Phase
[5.475s][info ][gc,phases      ] GC(5) Summary Phase 0.005ms
[5.475s][info ][gc,phases,start] GC(5) Adjust Roots
[5.482s][info ][gc,phases      ] GC(5) Adjust Roots 6.828ms
[5.482s][info ][gc,phases,start] GC(5) Compaction Phase
[5.774s][info ][gc,phases      ] GC(5) Compaction Phase 292.327ms
[5.774s][info ][gc,phases,start] GC(5) Post Compact
[5.775s][debug][gc,phases      ] GC(5) Purge Class Loader Data 0.259ms
[5.775s][info ][gc,phases      ] GC(5) Post Compact 0.856ms
[5.775s][info ][gc,heap        ] GC(5) PSYoungGen: 77182K(1572864K)->76951K(1572864K) Eden: 0K(1048576K)->0K(1048576K) From: 77182K(524288K)->76951K(524288K)
[5.775s][info ][gc,heap        ] GC(5) ParOldGen: 6120K(6144K)->6061K(6144K)
[5.775s][info ][gc,metaspace   ] GC(5) Metaspace: 59079K(59776K)->59079K(59776K) NonClass: 49667K(50112K)->49667K(50112K) Class: 9412K(9664K)->9412K(9664K)
[5.775s][info ][gc             ] GC(5) Pause Full (Metadata GC Threshold) 81M->81M(1542M) 339.478ms
[5.775s][info ][gc,cpu         ] GC(5) User=0.73s Sys=0.00s Real=0.34s
[5.775s][info ][safepoint      ] Safepoint "CollectForMetadataAllocation", Time since last: 142077894 ns, Reaching safepoint: 2600 ns, Cleanup: 33700 ns, At safepoint: 378140846 ns, Total: 378177146 ns
[6.176s][info ][safepoint      ] Safepoint "ICBufferFull", Time since last: 400391801 ns, Reaching safepoint: 75401 ns, Cleanup: 131901 ns, At safepoint: 5000 ns, Total: 212302 ns
[6.329s][info ][safepoint      ] Safepoint "ICBufferFull", Time since last: 153427173 ns, Reaching safepoint: 3700 ns, Cleanup: 113001 ns, At safepoint: 10300 ns, Total: 127001 ns
[6.381s][info ][safepoint      ] Safepoint "ICBufferFull", Time since last: 51662361 ns, Reaching safepoint: 3200 ns, Cleanup: 114401 ns, At safepoint: 10100 ns, Total: 127701 ns
[6.444s][info ][safepoint      ] Safepoint "ICBufferFull", Time since last: 62512038 ns, Reaching safepoint: 2900 ns, Cleanup: 95600 ns, At safepoint: 5900 ns, Total: 104400 ns
[6.543s][info ][safepoint      ] Safepoint "ICBufferFull", Time since last: 98746691 ns, Reaching safepoint: 79101 ns, Cleanup: 108501 ns, At safepoint: 6800 ns, Total: 194402 ns
[6.678s][info ][safepoint      ] Safepoint "ICBufferFull", Time since last: 134719642 ns, Reaching safepoint: 4500 ns, Cleanup: 133501 ns, At safepoint: 8200 ns, Total: 146201 ns
[6.919s][info ][safepoint      ] Safepoint "ICBufferFull", Time since last: 241071187 ns, Reaching safepoint: 3500 ns, Cleanup: 132801 ns, At safepoint: 3500 ns, Total: 139801 ns
[7.131s][info ][safepoint      ] Safepoint "ICBufferFull", Time since last: 211777081 ns, Reaching safepoint: 77401 ns, Cleanup: 118701 ns, At safepoint: 4900 ns, Total: 201002 ns
[7.354s][info ][safepoint      ] Safepoint "ICBufferFull", Time since last: 222906259 ns, Reaching safepoint: 83501 ns, Cleanup: 146101 ns, At safepoint: 9100 ns, Total: 238702 ns
[7.584s][info ][safepoint      ] Safepoint "ICBufferFull", Time since last: 230207111 ns, Reaching safepoint: 3300 ns, Cleanup: 143201 ns, At safepoint: 2300 ns, Total: 148801 ns
[8.016s][info ][safepoint      ] Safepoint "ICBufferFull", Time since last: 430133909 ns, Reaching safepoint: 1862113 ns, Cleanup: 143001 ns, At safepoint: 12900 ns, Total: 2018014 ns
[8.177s][info ][safepoint      ] Safepoint "ICBufferFull", Time since last: 160484423 ns, Reaching safepoint: 80901 ns, Cleanup: 108200 ns, At safepoint: 11500 ns, Total: 200601 ns
[8.180s][info ][safepoint      ] Safepoint "ICBufferFull", Time since last: 3094922 ns, Reaching safepoint: 76701 ns, Cleanup: 3400 ns, At safepoint: 11300 ns, Total: 91401 ns
[9.181s][info ][safepoint      ] Safepoint "Cleanup", Time since last: 1000091097 ns, Reaching safepoint: 80000 ns, Cleanup: 59801 ns, At safepoint: 9500 ns, Total: 149301 ns
[10.184s][info ][safepoint      ] Safepoint "Cleanup", Time since last: 1003310919 ns, Reaching safepoint: 81201 ns, Cleanup: 12100 ns, At safepoint: 10500 ns, Total: 103801 ns
[10.600s][info ][safepoint      ] Safepoint "ICBufferFull", Time since last: 415477959 ns, Reaching safepoint: 83601 ns, Cleanup: 130501 ns, At safepoint: 15800 ns, Total: 229902 ns
[10.793s][info ][safepoint      ] Safepoint "ICBufferFull", Time since last: 192880046 ns, Reaching safepoint: 4800 ns, Cleanup: 135201 ns, At safepoint: 6000 ns, Total: 146001 ns
[10.935s][info ][safepoint      ] Safepoint "ICBufferFull", Time since last: 141750210 ns, Reaching safepoint: 82501 ns, Cleanup: 101600 ns, At safepoint: 7701 ns, Total: 191802 ns
[10.935s][info ][safepoint      ] Safepoint "ICBufferFull", Time since last: 670505 ns, Reaching safepoint: 76801 ns, Cleanup: 4100 ns, At safepoint: 10600 ns, Total: 91501 ns
[11.936s][info ][safepoint      ] Safepoint "Cleanup", Time since last: 1000096335 ns, Reaching safepoint: 5900 ns, Cleanup: 115101 ns, At safepoint: 3300 ns, Total: 124301 ns
[13.159s][info ][safepoint      ] Safepoint "ICBufferFull", Time since last: 1222887436 ns, Reaching safepoint: 4500 ns, Cleanup: 121401 ns, At safepoint: 5200 ns, Total: 131101 ns
[13.270s][info ][safepoint      ] Safepoint "ICBufferFull", Time since last: 111069648 ns, Reaching safepoint: 5300 ns, Cleanup: 154702 ns, At safepoint: 2500 ns, Total: 162502 ns
[13.333s][info ][safepoint      ] Safepoint "ICBufferFull", Time since last: 62733235 ns, Reaching safepoint: 79401 ns, Cleanup: 101701 ns, At safepoint: 6400 ns, Total: 187502 ns
[13.333s][info ][safepoint      ] Safepoint "ICBufferFull", Time since last: 72900 ns, Reaching safepoint: 75001 ns, Cleanup: 3100 ns, At safepoint: 8000 ns, Total: 86101 ns
[13.423s][info ][safepoint      ] Safepoint "ICBufferFull", Time since last: 89158661 ns, Reaching safepoint: 83401 ns, Cleanup: 119801 ns, At safepoint: 551604 ns, Total: 754806 ns
[13.644s][info ][safepoint      ] Safepoint "ICBufferFull", Time since last: 220726684 ns, Reaching safepoint: 4700 ns, Cleanup: 145101 ns, At safepoint: 9700 ns, Total: 159501 ns
[13.644s][info ][safepoint      ] Safepoint "ICBufferFull", Time since last: 59601 ns, Reaching safepoint: 1600 ns, Cleanup: 800 ns, At safepoint: 1300 ns, Total: 3700 ns
[13.785s][info ][safepoint      ] Safepoint "ICBufferFull", Time since last: 141268106 ns, Reaching safepoint: 53100 ns, Cleanup: 136001 ns, At safepoint: 10500 ns, Total: 199601 ns
[13.973s][info ][safepoint      ] Safepoint "ICBufferFull", Time since last: 187585001 ns, Reaching safepoint: 79601 ns, Cleanup: 135601 ns, At safepoint: 9600 ns, Total: 224802 ns
[13.973s][info ][safepoint      ] Safepoint "ICBufferFull", Time since last: 70201 ns, Reaching safepoint: 74000 ns, Cleanup: 1000 ns, At safepoint: 10500 ns, Total: 85500 ns
[14.146s][info ][safepoint      ] Safepoint "ICBufferFull", Time since last: 172639474 ns, Reaching safepoint: 5300 ns, Cleanup: 117901 ns, At safepoint: 7800 ns, Total: 131001 ns
[14.244s][info ][safepoint      ] Safepoint "ICBufferFull", Time since last: 97369631 ns, Reaching safepoint: 85701 ns, Cleanup: 132701 ns, At safepoint: 11800 ns, Total: 230202 ns
[14.420s][info ][safepoint      ] Safepoint "ICBufferFull", Time since last: 176401805 ns, Reaching safepoint: 4900 ns, Cleanup: 139901 ns, At safepoint: 8200 ns, Total: 153001 ns
[14.534s][info ][safepoint      ] Safepoint "ICBufferFull", Time since last: 113780360 ns, Reaching safepoint: 5500 ns, Cleanup: 131001 ns, At safepoint: 7900 ns, Total: 144401 ns
[14.570s][info ][gc,start       ] GC(6) Pause Young (Allocation Failure)
[14.635s][debug][gc,phases      ] GC(6) Scavenge 64.533ms
[14.635s][debug][gc,ref         ] GC(6) ReferenceProcessor::execute queues: 4, RefProcThreadModel::Multi, marks_oops_alive: false
[14.636s][debug][gc,ref         ] GC(6) ReferenceProcessor::execute queues: 4, RefProcThreadModel::Multi, marks_oops_alive: true
[14.636s][debug][gc,ref         ] GC(6) ReferenceProcessor::execute queues: 4, RefProcThreadModel::Multi, marks_oops_alive: false
[14.636s][debug][gc,phases      ] GC(6) Reference Processing 1.409ms
[14.637s][debug][gc,phases      ] GC(6)   VM Weak                        Min:  0.0, Avg:  0.0, Max:  0.0, Diff:  0.0, Sum:  0.0, Workers: 4
[14.637s][debug][gc,phases      ] GC(6)     Dead                           Min: 0, Avg:  0.0, Max: 0, Diff: 0, Sum: 0, Workers: 4
[14.637s][debug][gc,phases      ] GC(6)     Total                          Min: 64, Avg: 200.8, Max: 320, Diff: 256, Sum: 803, Workers: 4
[14.637s][debug][gc,phases      ] GC(6)   ObjectSynchronizer Weak        Min:  0.0, Avg:  0.0, Max:  0.0, Diff:  0.0, Sum:  0.0, Workers: 4
[14.637s][debug][gc,phases      ] GC(6)     Dead                           Min: 0, Avg:  5.5, Max: 22, Diff: 22, Sum: 22, Workers: 4
[14.637s][debug][gc,phases      ] GC(6)     Total                          Min: 0, Avg: 15.5, Max: 62, Diff: 62, Sum: 62, Workers: 4
[14.637s][debug][gc,phases      ] GC(6)   JVMTI Tag Weak OopStorage      Min:  0.0, Avg:  0.0, Max:  0.0, Diff:  0.0, Sum:  0.0, Workers: 4
[14.637s][debug][gc,phases      ] GC(6)     Dead                           Min: 0, Avg:  0.0, Max: 0, Diff: 0, Sum: 0, Workers: 4
[14.637s][debug][gc,phases      ] GC(6)     Total                          Min: 0, Avg:  0.0, Max: 0, Diff: 0, Sum: 0, Workers: 4
[14.637s][debug][gc,phases      ] GC(6)   StringTable Weak               Min:  0.3, Avg:  0.3, Max:  0.3, Diff:  0.0, Sum:  1.1, Workers: 4
[14.637s][debug][gc,phases      ] GC(6)     Dead                           Min: 5, Avg:  9.8, Max: 17, Diff: 12, Sum: 39, Workers: 4
[14.637s][debug][gc,phases      ] GC(6)     Total                          Min: 10688, Avg: 10882.2, Max: 11264, Diff: 576, Sum: 43529, Workers: 4
[14.637s][debug][gc,phases      ] GC(6)   ResolvedMethodTable Weak       Min:  0.1, Avg:  0.1, Max:  0.1, Diff:  0.0, Sum:  0.5, Workers: 4
[14.637s][debug][gc,phases      ] GC(6)     Dead                           Min: 1003, Avg: 1038.2, Max: 1083, Diff: 80, Sum: 4153, Workers: 4
[14.637s][debug][gc,phases      ] GC(6)     Total                          Min: 4263, Avg: 4393.8, Max: 4544, Diff: 281, Sum: 17575, Workers: 4
[14.637s][debug][gc,phases      ] GC(6)   JNI Weak                       Min:  0.0, Avg:  0.0, Max:  0.0, Diff:  0.0, Sum:  0.0, Workers: 4
[14.637s][debug][gc,phases      ] GC(6)     Dead                           Min: 0, Avg:  0.0, Max: 0, Diff: 0, Sum: 0, Workers: 4
[14.637s][debug][gc,phases      ] GC(6)     Total                          Min: 0, Avg: 34.2, Max: 58, Diff: 58, Sum: 137, Workers: 4
[14.637s][debug][gc,phases      ] GC(6)   StringDedup Table Weak         Min:  0.0, Avg:  0.0, Max:  0.0, Diff:  0.0, Sum:  0.0, Workers: 4
[14.637s][debug][gc,phases      ] GC(6)     Dead                           Min: 0, Avg:  0.0, Max: 0, Diff: 0, Sum: 0, Workers: 4
[14.637s][debug][gc,phases      ] GC(6)     Total                          Min: 0, Avg:  0.0, Max: 0, Diff: 0, Sum: 0, Workers: 4
[14.637s][debug][gc,phases      ] GC(6)   StringDedup Requests0 Weak     Min:  0.0, Avg:  0.0, Max:  0.0, Diff:  0.0, Sum:  0.0, Workers: 4
[14.637s][debug][gc,phases      ] GC(6)     Dead                           Min: 0, Avg:  0.0, Max: 0, Diff: 0, Sum: 0, Workers: 4
[14.637s][debug][gc,phases      ] GC(6)     Total                          Min: 0, Avg:  0.0, Max: 0, Diff: 0, Sum: 0, Workers: 4
[14.637s][debug][gc,phases      ] GC(6)   StringDedup Requests1 Weak     Min:  0.0, Avg:  0.0, Max:  0.0, Diff:  0.0, Sum:  0.0, Workers: 4
[14.637s][debug][gc,phases      ] GC(6)     Dead                           Min: 0, Avg:  0.0, Max: 0, Diff: 0, Sum: 0, Workers: 4
[14.637s][debug][gc,phases      ] GC(6)     Total                          Min: 0, Avg:  0.0, Max: 0, Diff: 0, Sum: 0, Workers: 4
[14.637s][debug][gc,phases      ] GC(6)   Weak JFR Old Object Samples    Min:  0.0, Avg:  0.0, Max:  0.0, Diff:  0.0, Sum:  0.0, Workers: 4
[14.637s][debug][gc,phases      ] GC(6)     Dead                           Min: 0, Avg:  0.0, Max: 0, Diff: 0, Sum: 0, Workers: 4
[14.637s][debug][gc,phases      ] GC(6)     Total                          Min: 0, Avg:  0.0, Max: 0, Diff: 0, Sum: 0, Workers: 4
[14.637s][debug][gc,phases      ] GC(6) Weak Processing 0.601ms
[14.637s][debug][gc,age         ] GC(6) Desired survivor size 536870912 bytes, new threshold 7 (max threshold 15)
[14.637s][info ][gc,heap        ] GC(6) PSYoungGen: 1125527K(1572864K)->141382K(1572864K) Eden: 1048576K(1048576K)->0K(1048576K) From: 76951K(524288K)->141382K(524288K)
[14.637s][info ][gc,heap        ] GC(6) ParOldGen: 6061K(6144K)->6386K(6656K)
[14.637s][info ][gc,metaspace   ] GC(6) Metaspace: 98108K(99200K)->98108K(99200K) NonClass: 82841K(83456K)->82841K(83456K) Class: 15267K(15744K)->15267K(15744K)
[14.637s][info ][gc             ] GC(6) Pause Young (Allocation Failure) 1105M->144M(1542M) 66.665ms
[14.637s][info ][gc,cpu         ] GC(6) User=0.21s Sys=0.03s Real=0.06s
[14.637s][info ][safepoint      ] Safepoint "ParallelGCFailedAllocation", Time since last: 36118141 ns, Reaching safepoint: 90801 ns, Cleanup: 24100 ns, At safepoint: 66766046 ns, Total: 66880947 ns
[14.875s][info ][safepoint      ] Safepoint "ICBufferFull", Time since last: 237913289 ns, Reaching safepoint: 82901 ns, Cleanup: 132201 ns, At safepoint: 17500 ns, Total: 232602 ns
[15.029s][info ][safepoint      ] Safepoint "ICBufferFull", Time since last: 153636826 ns, Reaching safepoint: 83601 ns, Cleanup: 123201 ns, At safepoint: 20700 ns, Total: 227502 ns
[15.174s][info ][gc,start       ] GC(7) Pause Young (Metadata GC Threshold)
[15.239s][debug][gc,phases      ] GC(7) Scavenge 64.664ms
[15.239s][debug][gc,ref         ] GC(7) ReferenceProcessor::execute queues: 4, RefProcThreadModel::Multi, marks_oops_alive: false
[15.240s][debug][gc,ref         ] GC(7) ReferenceProcessor::execute queues: 4, RefProcThreadModel::Multi, marks_oops_alive: true
[15.240s][debug][gc,ref         ] GC(7) ReferenceProcessor::execute queues: 1, RefProcThreadModel::Single, marks_oops_alive: false
[15.240s][debug][gc,phases      ] GC(7) Reference Processing 0.961ms
[15.240s][debug][gc,phases      ] GC(7)   VM Weak                        Min:  0.0, Avg:  0.0, Max:  0.0, Diff:  0.0, Sum:  0.0, Workers: 4
[15.240s][debug][gc,phases      ] GC(7)     Dead                           Min: 0, Avg:  0.0, Max: 0, Diff: 0, Sum: 0, Workers: 4
[15.240s][debug][gc,phases      ] GC(7)     Total                          Min: 0, Avg: 201.8, Max: 423, Diff: 423, Sum: 807, Workers: 4
[15.240s][debug][gc,phases      ] GC(7)   ObjectSynchronizer Weak        Min:  0.0, Avg:  0.0, Max:  0.0, Diff:  0.0, Sum:  0.0, Workers: 4
[15.240s][debug][gc,phases      ] GC(7)     Dead                           Min: 0, Avg:  0.0, Max: 0, Diff: 0, Sum: 0, Workers: 4
[15.240s][debug][gc,phases      ] GC(7)     Total                          Min: 0, Avg: 15.5, Max: 62, Diff: 62, Sum: 62, Workers: 4
[15.240s][debug][gc,phases      ] GC(7)   JVMTI Tag Weak OopStorage      Min:  0.0, Avg:  0.0, Max:  0.0, Diff:  0.0, Sum:  0.0, Workers: 4
[15.240s][debug][gc,phases      ] GC(7)     Dead                           Min: 0, Avg:  0.0, Max: 0, Diff: 0, Sum: 0, Workers: 4
[15.240s][debug][gc,phases      ] GC(7)     Total                          Min: 0, Avg:  0.0, Max: 0, Diff: 0, Sum: 0, Workers: 4
[15.240s][debug][gc,phases      ] GC(7)   StringTable Weak               Min:  0.1, Avg:  0.3, Max:  0.3, Diff:  0.2, Sum:  1.1, Workers: 4
[15.240s][debug][gc,phases      ] GC(7)     Dead                           Min: 0, Avg:  0.2, Max: 1, Diff: 1, Sum: 1, Workers: 4
[15.240s][debug][gc,phases      ] GC(7)     Total                          Min: 5477, Avg: 10937.2, Max: 14336, Diff: 8859, Sum: 43749, Workers: 4
[15.240s][debug][gc,phases      ] GC(7)   ResolvedMethodTable Weak       Min:  0.1, Avg:  0.1, Max:  0.1, Diff:  0.0, Sum:  0.4, Workers: 4
[15.240s][debug][gc,phases      ] GC(7)     Dead                           Min: 0, Avg:  6.8, Max: 21, Diff: 21, Sum: 27, Workers: 4
[15.240s][debug][gc,phases      ] GC(7)     Total                          Min: 3268, Avg: 3367.5, Max: 3458, Diff: 190, Sum: 13470, Workers: 4
[15.240s][debug][gc,phases      ] GC(7)   JNI Weak                       Min:  0.0, Avg:  0.0, Max:  0.0, Diff:  0.0, Sum:  0.0, Workers: 4
[15.240s][debug][gc,phases      ] GC(7)     Dead                           Min: 0, Avg:  0.0, Max: 0, Diff: 0, Sum: 0, Workers: 4
[15.240s][debug][gc,phases      ] GC(7)     Total                          Min: 0, Avg: 26.8, Max: 55, Diff: 55, Sum: 107, Workers: 4
[15.240s][debug][gc,phases      ] GC(7)   StringDedup Table Weak         Min:  0.0, Avg:  0.0, Max:  0.0, Diff:  0.0, Sum:  0.0, Workers: 4
[15.240s][debug][gc,phases      ] GC(7)     Dead                           Min: 0, Avg:  0.0, Max: 0, Diff: 0, Sum: 0, Workers: 4
[15.240s][debug][gc,phases      ] GC(7)     Total                          Min: 0, Avg:  0.0, Max: 0, Diff: 0, Sum: 0, Workers: 4
[15.240s][debug][gc,phases      ] GC(7)   StringDedup Requests0 Weak     Min:  0.0, Avg:  0.0, Max:  0.0, Diff:  0.0, Sum:  0.0, Workers: 4
[15.240s][debug][gc,phases      ] GC(7)     Dead                           Min: 0, Avg:  0.0, Max: 0, Diff: 0, Sum: 0, Workers: 4
[15.240s][debug][gc,phases      ] GC(7)     Total                          Min: 0, Avg:  0.0, Max: 0, Diff: 0, Sum: 0, Workers: 4
[15.240s][debug][gc,phases      ] GC(7)   StringDedup Requests1 Weak     Min:  0.0, Avg:  0.0, Max:  0.0, Diff:  0.0, Sum:  0.0, Workers: 4
[15.240s][debug][gc,phases      ] GC(7)     Dead                           Min: 0, Avg:  0.0, Max: 0, Diff: 0, Sum: 0, Workers: 4
[15.240s][debug][gc,phases      ] GC(7)     Total                          Min: 0, Avg:  0.0, Max: 0, Diff: 0, Sum: 0, Workers: 4
[15.240s][debug][gc,phases      ] GC(7)   Weak JFR Old Object Samples    Min:  0.0, Avg:  0.0, Max:  0.0, Diff:  0.0, Sum:  0.0, Workers: 4
[15.240s][debug][gc,phases      ] GC(7)     Dead                           Min: 0, Avg:  0.0, Max: 0, Diff: 0, Sum: 0, Workers: 4
[15.240s][debug][gc,phases      ] GC(7)     Total                          Min: 0, Avg:  0.0, Max: 0, Diff: 0, Sum: 0, Workers: 4
[15.240s][debug][gc,phases      ] GC(7) Weak Processing 0.629ms
[15.240s][debug][gc,age         ] GC(7) Desired survivor size 193462272 bytes, new threshold 6 (max threshold 15)
[15.240s][info ][gc,heap        ] GC(7) PSYoungGen: 428875K(1572864K)->158733K(1572864K) Eden: 287493K(1048576K)->0K(1048576K) From: 141382K(524288K)->158733K(524288K)
[15.240s][info ][gc,heap        ] GC(7) ParOldGen: 6386K(6656K)->6402K(6656K)
[15.240s][info ][gc,metaspace   ] GC(7) Metaspace: 98625K(99648K)->98625K(99648K) NonClass: 83332K(83904K)->83332K(83904K) Class: 15293K(15744K)->15293K(15744K)
[15.240s][info ][gc             ] GC(7) Pause Young (Metadata GC Threshold) 425M->161M(1542M) 66.384ms
[15.241s][info ][gc,cpu         ] GC(7) User=0.20s Sys=0.05s Real=0.07s
[15.241s][debug][gc,phases      ] GC(8) Pre Compact 0.009ms
[15.241s][info ][gc,start       ] GC(8) Pause Full (Metadata GC Threshold)
[15.241s][info ][gc,phases,start] GC(8) Marking Phase
[15.292s][debug][gc,phases      ] GC(8) Par Mark 51.375ms
[15.292s][debug][gc,ref         ] GC(8) ReferenceProcessor::execute queues: 4, RefProcThreadModel::Multi, marks_oops_alive: false
[15.292s][debug][gc,ref         ] GC(8) Skipped KeepAliveFinalRefsPhase of Reference Processing: no references
[15.292s][debug][gc,ref         ] GC(8) ReferenceProcessor::execute queues: 1, RefProcThreadModel::Single, marks_oops_alive: false
[15.292s][debug][gc,phases      ] GC(8) Reference Processing 0.317ms
[15.293s][debug][gc,phases      ] GC(8)   VM Weak                        Min:  0.0, Avg:  0.0, Max:  0.0, Diff:  0.0, Sum:  0.0, Workers: 4
[15.293s][debug][gc,phases      ] GC(8)     Dead                           Min: 0, Avg:  0.2, Max: 1, Diff: 1, Sum: 1, Workers: 4
[15.293s][debug][gc,phases      ] GC(8)     Total                          Min: 0, Avg: 201.8, Max: 512, Diff: 512, Sum: 807, Workers: 4
[15.293s][debug][gc,phases      ] GC(8)   ObjectSynchronizer Weak        Min:  0.0, Avg:  0.0, Max:  0.0, Diff:  0.0, Sum:  0.0, Workers: 4
[15.293s][debug][gc,phases      ] GC(8)     Dead                           Min: 0, Avg:  0.0, Max: 0, Diff: 0, Sum: 0, Workers: 4
[15.293s][debug][gc,phases      ] GC(8)     Total                          Min: 0, Avg: 15.5, Max: 62, Diff: 62, Sum: 62, Workers: 4
[15.293s][debug][gc,phases      ] GC(8)   JVMTI Tag Weak OopStorage      Min:  0.0, Avg:  0.0, Max:  0.0, Diff:  0.0, Sum:  0.0, Workers: 4
[15.293s][debug][gc,phases      ] GC(8)     Dead                           Min: 0, Avg:  0.0, Max: 0, Diff: 0, Sum: 0, Workers: 4
[15.293s][debug][gc,phases      ] GC(8)     Total                          Min: 0, Avg:  0.0, Max: 0, Diff: 0, Sum: 0, Workers: 4
[15.293s][debug][gc,phases      ] GC(8)   StringTable Weak               Min:  0.1, Avg:  0.1, Max:  0.1, Diff:  0.0, Sum:  0.5, Workers: 4
[15.293s][debug][gc,phases      ] GC(8)     Dead                           Min: 0, Avg:  0.0, Max: 0, Diff: 0, Sum: 0, Workers: 4
[15.293s][debug][gc,phases      ] GC(8)     Total                          Min: 10624, Avg: 10937.2, Max: 11072, Diff: 448, Sum: 43749, Workers: 4
[15.293s][debug][gc,phases      ] GC(8)   ResolvedMethodTable Weak       Min:  0.0, Avg:  0.0, Max:  0.0, Diff:  0.0, Sum:  0.2, Workers: 4
[15.293s][debug][gc,phases      ] GC(8)     Dead                           Min: 0, Avg:  0.2, Max: 1, Diff: 1, Sum: 1, Workers: 4
[15.293s][debug][gc,phases      ] GC(8)     Total                          Min: 3162, Avg: 3367.5, Max: 3544, Diff: 382, Sum: 13470, Workers: 4
[15.293s][debug][gc,phases      ] GC(8)   JNI Weak                       Min:  0.0, Avg:  0.0, Max:  0.0, Diff:  0.0, Sum:  0.0, Workers: 4
[15.293s][debug][gc,phases      ] GC(8)     Dead                           Min: 0, Avg:  0.0, Max: 0, Diff: 0, Sum: 0, Workers: 4
[15.293s][debug][gc,phases      ] GC(8)     Total                          Min: 0, Avg: 26.8, Max: 55, Diff: 55, Sum: 107, Workers: 4
[15.293s][debug][gc,phases      ] GC(8)   StringDedup Table Weak         Min:  0.0, Avg:  0.0, Max:  0.0, Diff:  0.0, Sum:  0.0, Workers: 4
[15.293s][debug][gc,phases      ] GC(8)     Dead                           Min: 0, Avg:  0.0, Max: 0, Diff: 0, Sum: 0, Workers: 4
[15.293s][debug][gc,phases      ] GC(8)     Total                          Min: 0, Avg:  0.0, Max: 0, Diff: 0, Sum: 0, Workers: 4
[15.293s][debug][gc,phases      ] GC(8)   StringDedup Requests0 Weak     Min:  0.0, Avg:  0.0, Max:  0.0, Diff:  0.0, Sum:  0.0, Workers: 4
[15.293s][debug][gc,phases      ] GC(8)     Dead                           Min: 0, Avg:  0.0, Max: 0, Diff: 0, Sum: 0, Workers: 4
[15.293s][debug][gc,phases      ] GC(8)     Total                          Min: 0, Avg:  0.0, Max: 0, Diff: 0, Sum: 0, Workers: 4
[15.293s][debug][gc,phases      ] GC(8)   StringDedup Requests1 Weak     Min:  0.0, Avg:  0.0, Max:  0.0, Diff:  0.0, Sum:  0.0, Workers: 4
[15.293s][debug][gc,phases      ] GC(8)     Dead                           Min: 0, Avg:  0.0, Max: 0, Diff: 0, Sum: 0, Workers: 4
[15.293s][debug][gc,phases      ] GC(8)     Total                          Min: 0, Avg:  0.0, Max: 0, Diff: 0, Sum: 0, Workers: 4
[15.293s][debug][gc,phases      ] GC(8)   Weak JFR Old Object Samples    Min:  0.0, Avg:  0.0, Max:  0.0, Diff:  0.0, Sum:  0.0, Workers: 4
[15.293s][debug][gc,phases      ] GC(8)     Dead                           Min: 0, Avg:  0.0, Max: 0, Diff: 0, Sum: 0, Workers: 4
[15.293s][debug][gc,phases      ] GC(8)     Total                          Min: 0, Avg:  0.0, Max: 0, Diff: 0, Sum: 0, Workers: 4
[15.293s][debug][gc,phases      ] GC(8) Weak Processing 0.338ms
[15.293s][debug][gc,phases      ] GC(8) ClassLoaderData 0.172ms
[15.293s][debug][gc,phases      ] GC(8) Trigger cleanups 0.005ms
[15.316s][debug][gc,phases      ] GC(8) Purge Unlinked NMethods 0.298ms
[15.316s][debug][gc,phases      ] GC(8) Unregister NMethods 0.082ms
[15.316s][debug][gc,phases      ] GC(8) Free Code Blobs 0.051ms
[15.324s][debug][gc,phases      ] GC(8) Class Unloading 31.600ms
[15.324s][debug][gc,phases      ] GC(8) Report Object Count 0.001ms
[15.324s][info ][gc,phases      ] GC(8) Marking Phase 83.698ms
[15.324s][info ][gc,phases,start] GC(8) Summary Phase
[15.324s][info ][gc,phases      ] GC(8) Summary Phase 0.007ms
[15.324s][info ][gc,phases,start] GC(8) Adjust Roots
[15.341s][info ][gc,phases      ] GC(8) Adjust Roots 16.745ms
[15.341s][info ][gc,phases,start] GC(8) Compaction Phase
[15.738s][info ][gc,phases      ] GC(8) Compaction Phase 396.908ms
[15.738s][info ][gc,phases,start] GC(8) Post Compact
[15.740s][debug][gc,phases      ] GC(8) Purge Class Loader Data 1.309ms
[15.741s][info ][gc,phases      ] GC(8) Post Compact 3.527ms
[15.742s][info ][gc,heap        ] GC(8) PSYoungGen: 158733K(1572864K)->157297K(1572864K) Eden: 0K(1048576K)->0K(1048576K) From: 158733K(524288K)->157297K(524288K)
[15.742s][info ][gc,heap        ] GC(8) ParOldGen: 6402K(6656K)->6624K(6656K)
[15.742s][info ][gc,metaspace   ] GC(8) Metaspace: 98625K(99648K)->98624K(99648K) NonClass: 83332K(83904K)->83331K(83904K) Class: 15293K(15744K)->15292K(15744K)
[15.742s][info ][gc             ] GC(8) Pause Full (Metadata GC Threshold) 161M->160M(1542M) 500.986ms
[15.742s][info ][gc,cpu         ] GC(8) User=1.21s Sys=0.01s Real=0.50s
[15.745s][info ][safepoint      ] Safepoint "CollectForMetadataAllocation", Time since last: 144771967 ns, Reaching safepoint: 83400 ns, Cleanup: 121401 ns, At safepoint: 570770613 ns, Total: 570975414 ns
[15.846s][info ][safepoint      ] Safepoint "ICBufferFull", Time since last: 101400377 ns, Reaching safepoint: 4500 ns, Cleanup: 166901 ns, At safepoint: 8000 ns, Total: 179401 ns
[15.983s][info ][safepoint      ] Safepoint "ICBufferFull", Time since last: 136539112 ns, Reaching safepoint: 81501 ns, Cleanup: 142601 ns, At safepoint: 21100 ns, Total: 245202 ns
[16.177s][info ][safepoint      ] Safepoint "ICBufferFull", Time since last: 193579793 ns, Reaching safepoint: 6000 ns, Cleanup: 148101 ns, At safepoint: 11000 ns, Total: 165101 ns
[16.286s][info ][safepoint      ] Safepoint "ICBufferFull", Time since last: 108680126 ns, Reaching safepoint: 82601 ns, Cleanup: 144901 ns, At safepoint: 12300 ns, Total: 239802 ns
[16.416s][info ][safepoint      ] Safepoint "ICBufferFull", Time since last: 130121569 ns, Reaching safepoint: 5300 ns, Cleanup: 144901 ns, At safepoint: 3200 ns, Total: 153401 ns
[16.560s][info ][safepoint      ] Safepoint "ICBufferFull", Time since last: 143293157 ns, Reaching safepoint: 5400 ns, Cleanup: 151201 ns, At safepoint: 11400 ns, Total: 168001 ns
[16.863s][info ][safepoint      ] Safepoint "ICBufferFull", Time since last: 303391727 ns, Reaching safepoint: 77301 ns, Cleanup: 134601 ns, At safepoint: 9700 ns, Total: 221602 ns
[17.184s][info ][safepoint      ] Safepoint "ICBufferFull", Time since last: 319912837 ns, Reaching safepoint: 177901 ns, Cleanup: 190001 ns, At safepoint: 8700 ns, Total: 376602 ns
[17.422s][info ][safepoint      ] Safepoint "ICBufferFull", Time since last: 238638694 ns, Reaching safepoint: 85201 ns, Cleanup: 135601 ns, At safepoint: 15800 ns, Total: 236602 ns
[18.013s][info ][safepoint      ] Safepoint "ICBufferFull", Time since last: 590416644 ns, Reaching safepoint: 48200 ns, Cleanup: 128801 ns, At safepoint: 13900 ns, Total: 190901 ns
[18.481s][info ][safepoint      ] Safepoint "ICBufferFull", Time since last: 466856820 ns, Reaching safepoint: 85500 ns, Cleanup: 250702 ns, At safepoint: 1102408 ns, Total: 1438610 ns
[18.645s][info ][safepoint      ] Safepoint "ParallelGCFailedAllocation", Time since last: 162939791 ns, Reaching safepoint: 576704 ns, Cleanup: 78801 ns, At safepoint: 46300 ns, Total: 701805 ns
[18.645s][info ][gc,start       ] GC(9) Pause Young (GCLocker Initiated GC)
[18.733s][debug][gc,phases      ] GC(9) Scavenge 87.847ms
[18.733s][debug][gc,ref         ] GC(9) ReferenceProcessor::execute queues: 4, RefProcThreadModel::Multi, marks_oops_alive: false
[18.734s][debug][gc,ref         ] GC(9) Skipped KeepAliveFinalRefsPhase of Reference Processing: no references
[18.734s][debug][gc,ref         ] GC(9) ReferenceProcessor::execute queues: 1, RefProcThreadModel::Single, marks_oops_alive: false
[18.734s][debug][gc,phases      ] GC(9) Reference Processing 0.591ms
[18.734s][debug][gc,phases      ] GC(9)   VM Weak                        Min:  0.0, Avg:  0.0, Max:  0.0, Diff:  0.0, Sum:  0.0, Workers: 4
[18.734s][debug][gc,phases      ] GC(9)     Dead                           Min: 0, Avg:  0.0, Max: 0, Diff: 0, Sum: 0, Workers: 4
[18.734s][debug][gc,phases      ] GC(9)     Total                          Min: 0, Avg: 211.8, Max: 512, Diff: 512, Sum: 847, Workers: 4
[18.734s][debug][gc,phases      ] GC(9)   ObjectSynchronizer Weak        Min:  0.0, Avg:  0.0, Max:  0.0, Diff:  0.0, Sum:  0.0, Workers: 4
[18.734s][debug][gc,phases      ] GC(9)     Dead                           Min: 0, Avg:  0.2, Max: 1, Diff: 1, Sum: 1, Workers: 4
[18.734s][debug][gc,phases      ] GC(9)     Total                          Min: 0, Avg: 15.8, Max: 63, Diff: 63, Sum: 63, Workers: 4
[18.734s][debug][gc,phases      ] GC(9)   JVMTI Tag Weak OopStorage      Min:  0.0, Avg:  0.0, Max:  0.0, Diff:  0.0, Sum:  0.0, Workers: 4
[18.734s][debug][gc,phases      ] GC(9)     Dead                           Min: 0, Avg:  0.0, Max: 0, Diff: 0, Sum: 0, Workers: 4
[18.734s][debug][gc,phases      ] GC(9)     Total                          Min: 0, Avg:  0.0, Max: 0, Diff: 0, Sum: 0, Workers: 4
[18.734s][debug][gc,phases      ] GC(9)   StringTable Weak               Min:  0.0, Avg:  0.2, Max:  0.3, Diff:  0.3, Sum:  1.0, Workers: 4
[18.734s][debug][gc,phases      ] GC(9)     Dead                           Min: 0, Avg:  1.2, Max: 3, Diff: 3, Sum: 5, Workers: 4
[18.734s][debug][gc,phases      ] GC(9)     Total                          Min: 0, Avg: 11095.5, Max: 19294, Diff: 19294, Sum: 44382, Workers: 4
[18.734s][debug][gc,phases      ] GC(9)   ResolvedMethodTable Weak       Min:  0.0, Avg:  0.1, Max:  0.1, Diff:  0.1, Sum:  0.3, Workers: 4
[18.734s][debug][gc,phases      ] GC(9)     Dead                           Min: 0, Avg: 33.5, Max: 72, Diff: 72, Sum: 134, Workers: 4
[18.734s][debug][gc,phases      ] GC(9)     Total                          Min: 0, Avg: 3482.2, Max: 6206, Diff: 6206, Sum: 13929, Workers: 4
[18.734s][debug][gc,phases      ] GC(9)   JNI Weak                       Min:  0.0, Avg:  0.0, Max:  0.0, Diff:  0.0, Sum:  0.0, Workers: 4
[18.734s][debug][gc,phases      ] GC(9)     Dead                           Min: 0, Avg:  0.0, Max: 0, Diff: 0, Sum: 0, Workers: 4
[18.734s][debug][gc,phases      ] GC(9)     Total                          Min: 0, Avg: 20.8, Max: 58, Diff: 58, Sum: 83, Workers: 4
[18.734s][debug][gc,phases      ] GC(9)   StringDedup Table Weak         Min:  0.0, Avg:  0.0, Max:  0.0, Diff:  0.0, Sum:  0.0, Workers: 4
[18.734s][debug][gc,phases      ] GC(9)     Dead                           Min: 0, Avg:  0.0, Max: 0, Diff: 0, Sum: 0, Workers: 4
[18.734s][debug][gc,phases      ] GC(9)     Total                          Min: 0, Avg:  0.0, Max: 0, Diff: 0, Sum: 0, Workers: 4
[18.734s][debug][gc,phases      ] GC(9)   StringDedup Requests0 Weak     Min:  0.0, Avg:  0.0, Max:  0.0, Diff:  0.0, Sum:  0.0, Workers: 4
[18.734s][debug][gc,phases      ] GC(9)     Dead                           Min: 0, Avg:  0.0, Max: 0, Diff: 0, Sum: 0, Workers: 4
[18.734s][debug][gc,phases      ] GC(9)     Total                          Min: 0, Avg:  0.0, Max: 0, Diff: 0, Sum: 0, Workers: 4
[18.734s][debug][gc,phases      ] GC(9)   StringDedup Requests1 Weak     Min:  0.0, Avg:  0.0, Max:  0.0, Diff:  0.0, Sum:  0.0, Workers: 4
[18.734s][debug][gc,phases      ] GC(9)     Dead                           Min: 0, Avg:  0.0, Max: 0, Diff: 0, Sum: 0, Workers: 4
[18.734s][debug][gc,phases      ] GC(9)     Total                          Min: 0, Avg:  0.0, Max: 0, Diff: 0, Sum: 0, Workers: 4
[18.734s][debug][gc,phases      ] GC(9)   Weak JFR Old Object Samples    Min:  0.0, Avg:  0.0, Max:  0.0, Diff:  0.0, Sum:  0.0, Workers: 4
[18.734s][debug][gc,phases      ] GC(9)     Dead                           Min: 0, Avg:  0.0, Max: 0, Diff: 0, Sum: 0, Workers: 4
[18.734s][debug][gc,phases      ] GC(9)     Total                          Min: 0, Avg:  0.0, Max: 0, Diff: 0, Sum: 0, Workers: 4
[18.734s][debug][gc,phases      ] GC(9) Weak Processing 0.609ms
[18.734s][debug][gc,age         ] GC(9) Desired survivor size 238026752 bytes, new threshold 5 (max threshold 15)
[18.734s][info ][gc,heap        ] GC(9) PSYoungGen: 1205873K(1572864K)->188921K(1821184K) Eden: 1048576K(1048576K)->0K(1632256K) From: 157297K(524288K)->188921K(188928K)
[18.734s][info ][gc,heap        ] GC(9) ParOldGen: 6688K(7168K)->16416K(16896K)
[18.734s][info ][gc,metaspace   ] GC(9) Metaspace: 100282K(101376K)->100282K(101376K) NonClass: 84821K(85440K)->84821K(85440K) Class: 15461K(15936K)->15461K(15936K)
[18.734s][info ][gc             ] GC(9) Pause Young (GCLocker Initiated GC) 1184M->200M(1795M) 89.143ms
[18.734s][info ][gc,cpu         ] GC(9) User=0.26s Sys=0.06s Real=0.09s
[18.735s][info ][safepoint      ] Safepoint "ParallelGCSystemGC", Time since last: 160101 ns, Reaching safepoint: 79501 ns, Cleanup: 1500 ns, At safepoint: 89689355 ns, Total: 89770356 ns
[19.191s][info ][safepoint      ] Safepoint "ICBufferFull", Time since last: 456001633 ns, Reaching safepoint: 5400 ns, Cleanup: 144401 ns, At safepoint: 5700 ns, Total: 155501 ns
[19.474s][info ][safepoint      ] Safepoint "ICBufferFull", Time since last: 283117169 ns, Reaching safepoint: 81201 ns, Cleanup: 131401 ns, At safepoint: 14000 ns, Total: 226602 ns
[19.856s][info ][safepoint      ] Safepoint "ICBufferFull", Time since last: 380938884 ns, Reaching safepoint: 83800 ns, Cleanup: 138801 ns, At safepoint: 12001 ns, Total: 234602 ns
[20.376s][info ][safepoint      ] Safepoint "ICBufferFull", Time since last: 519899499 ns, Reaching safepoint: 6000 ns, Cleanup: 160101 ns, At safepoint: 10300 ns, Total: 176401 ns
[21.112s][info ][safepoint      ] Safepoint "ICBufferFull", Time since last: 736654084 ns, Reaching safepoint: 5700 ns, Cleanup: 125001 ns, At safepoint: 7100 ns, Total: 137801 ns
[21.531s][info ][safepoint      ] Safepoint "ICBufferFull", Time since last: 418007955 ns, Reaching safepoint: 6300 ns, Cleanup: 151001 ns, At safepoint: 8400 ns, Total: 165701 ns
[22.321s][info ][safepoint      ] Safepoint "ICBufferFull", Time since last: 789810772 ns, Reaching safepoint: 6100 ns, Cleanup: 163502 ns, At safepoint: 2700 ns, Total: 172302 ns
[22.962s][info ][safepoint      ] Safepoint "ICBufferFull", Time since last: 641377187 ns, Reaching safepoint: 6500 ns, Cleanup: 148901 ns, At safepoint: 2800 ns, Total: 158201 ns
[23.563s][info ][safepoint      ] Safepoint "ICBufferFull", Time since last: 600318487 ns, Reaching safepoint: 5900 ns, Cleanup: 126901 ns, At safepoint: 8800 ns, Total: 141601 ns
[24.563s][info ][safepoint      ] Safepoint "Cleanup", Time since last: 1000109810 ns, Reaching safepoint: 76500 ns, Cleanup: 130601 ns, At safepoint: 6200 ns, Total: 213301 ns
[25.563s][info ][safepoint      ] Safepoint "Cleanup", Time since last: 1000109536 ns, Reaching safepoint: 78201 ns, Cleanup: 74700 ns, At safepoint: 12401 ns, Total: 165302 ns
[26.563s][info ][safepoint      ] Safepoint "Cleanup", Time since last: 1000119276 ns, Reaching safepoint: 80200 ns, Cleanup: 64900 ns, At safepoint: 14701 ns, Total: 159801 ns
[27.564s][info ][safepoint      ] Safepoint "Cleanup", Time since last: 1000112075 ns, Reaching safepoint: 76700 ns, Cleanup: 64501 ns, At safepoint: 8100 ns, Total: 149301 ns
[28.564s][info ][safepoint      ] Safepoint "Cleanup", Time since last: 1000109475 ns, Reaching safepoint: 81500 ns, Cleanup: 51401 ns, At safepoint: 6400 ns, Total: 139301 ns
[29.372s][info ][safepoint      ] Safepoint "ICBufferFull", Time since last: 807682329 ns, Reaching safepoint: 5900 ns, Cleanup: 143001 ns, At safepoint: 10900 ns, Total: 159801 ns
[30.372s][info ][safepoint      ] Safepoint "Cleanup", Time since last: 1000329276 ns, Reaching safepoint: 5400 ns, Cleanup: 73901 ns, At safepoint: 3700 ns, Total: 83001 ns
[30.451s][info ][gc,start       ] GC(10) Pause Young (Allocation Failure)
[30.540s][debug][gc,phases      ] GC(10) Scavenge 89.245ms
[30.541s][debug][gc,ref         ] GC(10) ReferenceProcessor::execute queues: 4, RefProcThreadModel::Multi, marks_oops_alive: false
[30.541s][debug][gc,ref         ] GC(10) Skipped KeepAliveFinalRefsPhase of Reference Processing: no references
[30.541s][debug][gc,ref         ] GC(10) ReferenceProcessor::execute queues: 1, RefProcThreadModel::Single, marks_oops_alive: false
[30.541s][debug][gc,phases      ] GC(10) Reference Processing 0.432ms
[30.541s][debug][gc,phases      ] GC(10)   VM Weak                        Min:  0.0, Avg:  0.0, Max:  0.0, Diff:  0.0, Sum:  0.0, Workers: 4
[30.541s][debug][gc,phases      ] GC(10)     Dead                           Min: 0, Avg:  0.0, Max: 0, Diff: 0, Sum: 0, Workers: 4
[30.541s][debug][gc,phases      ] GC(10)     Total                          Min: 0, Avg: 213.8, Max: 512, Diff: 512, Sum: 855, Workers: 4
[30.541s][debug][gc,phases      ] GC(10)   ObjectSynchronizer Weak        Min:  0.0, Avg:  0.0, Max:  0.0, Diff:  0.0, Sum:  0.0, Workers: 4
[30.541s][debug][gc,phases      ] GC(10)     Dead                           Min: 0, Avg:  0.0, Max: 0, Diff: 0, Sum: 0, Workers: 4
[30.541s][debug][gc,phases      ] GC(10)     Total                          Min: 0, Avg: 15.8, Max: 63, Diff: 63, Sum: 63, Workers: 4
[30.541s][debug][gc,phases      ] GC(10)   JVMTI Tag Weak OopStorage      Min:  0.0, Avg:  0.0, Max:  0.0, Diff:  0.0, Sum:  0.0, Workers: 4
[30.541s][debug][gc,phases      ] GC(10)     Dead                           Min: 0, Avg:  0.0, Max: 0, Diff: 0, Sum: 0, Workers: 4
[30.541s][debug][gc,phases      ] GC(10)     Total                          Min: 0, Avg:  0.0, Max: 0, Diff: 0, Sum: 0, Workers: 4
[30.541s][debug][gc,phases      ] GC(10)   StringTable Weak               Min:  0.3, Avg:  0.3, Max:  0.3, Diff:  0.0, Sum:  1.2, Workers: 4
[30.541s][debug][gc,phases      ] GC(10)     Dead                           Min: 0, Avg:  0.8, Max: 2, Diff: 2, Sum: 3, Workers: 4
[30.541s][debug][gc,phases      ] GC(10)     Total                          Min: 10880, Avg: 11225.0, Max: 11492, Diff: 612, Sum: 44900, Workers: 4
[30.541s][debug][gc,phases      ] GC(10)   ResolvedMethodTable Weak       Min:  0.1, Avg:  0.1, Max:  0.1, Diff:  0.0, Sum:  0.4, Workers: 4
[30.541s][debug][gc,phases      ] GC(10)     Dead                           Min: 0, Avg: 13.2, Max: 29, Diff: 29, Sum: 53, Workers: 4
[30.541s][debug][gc,phases      ] GC(10)     Total                          Min: 3408, Avg: 3514.0, Max: 3572, Diff: 164, Sum: 14056, Workers: 4
[30.541s][debug][gc,phases      ] GC(10)   JNI Weak                       Min:  0.0, Avg:  0.0, Max:  0.0, Diff:  0.0, Sum:  0.0, Workers: 4
[30.541s][debug][gc,phases      ] GC(10)     Dead                           Min: 0, Avg:  0.0, Max: 0, Diff: 0, Sum: 0, Workers: 4
[30.541s][debug][gc,phases      ] GC(10)     Total                          Min: 0, Avg: 13.0, Max: 52, Diff: 52, Sum: 52, Workers: 4
[30.541s][debug][gc,phases      ] GC(10)   StringDedup Table Weak         Min:  0.0, Avg:  0.0, Max:  0.0, Diff:  0.0, Sum:  0.0, Workers: 4
[30.541s][debug][gc,phases      ] GC(10)     Dead                           Min: 0, Avg:  0.0, Max: 0, Diff: 0, Sum: 0, Workers: 4
[30.541s][debug][gc,phases      ] GC(10)     Total                          Min: 0, Avg:  0.0, Max: 0, Diff: 0, Sum: 0, Workers: 4
[30.541s][debug][gc,phases      ] GC(10)   StringDedup Requests0 Weak     Min:  0.0, Avg:  0.0, Max:  0.0, Diff:  0.0, Sum:  0.0, Workers: 4
[30.541s][debug][gc,phases      ] GC(10)     Dead                           Min: 0, Avg:  0.0, Max: 0, Diff: 0, Sum: 0, Workers: 4
[30.541s][debug][gc,phases      ] GC(10)     Total                          Min: 0, Avg:  0.0, Max: 0, Diff: 0, Sum: 0, Workers: 4
[30.541s][debug][gc,phases      ] GC(10)   StringDedup Requests1 Weak     Min:  0.0, Avg:  0.0, Max:  0.0, Diff:  0.0, Sum:  0.0, Workers: 4
[30.541s][debug][gc,phases      ] GC(10)     Dead                           Min: 0, Avg:  0.0, Max: 0, Diff: 0, Sum: 0, Workers: 4
[30.541s][debug][gc,phases      ] GC(10)     Total                          Min: 0, Avg:  0.0, Max: 0, Diff: 0, Sum: 0, Workers: 4
[30.541s][debug][gc,phases      ] GC(10)   Weak JFR Old Object Samples    Min:  0.0, Avg:  0.0, Max:  0.0, Diff:  0.0, Sum:  0.0, Workers: 4
[30.541s][debug][gc,phases      ] GC(10)     Dead                           Min: 0, Avg:  0.0, Max: 0, Diff: 0, Sum: 0, Workers: 4
[30.541s][debug][gc,phases      ] GC(10)     Total                          Min: 0, Avg:  0.0, Max: 0, Diff: 0, Sum: 0, Workers: 4
[30.541s][debug][gc,phases      ] GC(10) Weak Processing 0.578ms
[30.541s][debug][gc,age         ] GC(10) Desired survivor size 249561088 bytes, new threshold 4 (max threshold 15)
[30.542s][info ][gc,heap        ] GC(10) PSYoungGen: 1821177K(1821184K)->167178K(1799680K) Eden: 1632256K(1632256K)->0K(1632256K) From: 188921K(188928K)->167178K(167424K)
[30.542s][info ][gc,heap        ] GC(10) ParOldGen: 16418K(16896K)->70272K(70656K)
[30.542s][info ][gc,metaspace   ] GC(10) Metaspace: 101347K(102464K)->101347K(102464K) NonClass: 85830K(86464K)->85830K(86464K) Class: 15516K(16000K)->15516K(16000K)
[30.542s][info ][gc             ] GC(10) Pause Young (Allocation Failure) 1794M->231M(1826M) 90.364ms
[30.542s][info ][gc,cpu         ] GC(10) User=0.27s Sys=0.07s Real=0.09s
[30.542s][info ][safepoint      ] Safepoint "ParallelGCFailedAllocation", Time since last: 78900211 ns, Reaching safepoint: 9100 ns, Cleanup: 5800 ns, At safepoint: 90436985 ns, Total: 90451885 ns
[31.542s][info ][safepoint      ] Safepoint "Cleanup", Time since last: 1000084975 ns, Reaching safepoint: 5800 ns, Cleanup: 135801 ns, At safepoint: 2400 ns, Total: 144001 ns
[32.542s][info ][safepoint      ] Safepoint "Cleanup", Time since last: 1000082475 ns, Reaching safepoint: 5600 ns, Cleanup: 41200 ns, At safepoint: 2600 ns, Total: 49400 ns
[33.542s][info ][safepoint      ] Safepoint "Cleanup", Time since last: 1000109376 ns, Reaching safepoint: 5500 ns, Cleanup: 42500 ns, At safepoint: 2400 ns, Total: 50400 ns
[34.542s][info ][safepoint      ] Safepoint "Cleanup", Time since last: 1000097895 ns, Reaching safepoint: 5200 ns, Cleanup: 35600 ns, At safepoint: 2400 ns, Total: 43200 ns
[35.412s][info ][safepoint      ] Safepoint "ICBufferFull", Time since last: 870035639 ns, Reaching safepoint: 80900 ns, Cleanup: 114201 ns, At safepoint: 12300 ns, Total: 207401 ns
[35.619s][info ][safepoint      ] Safepoint "ICBufferFull", Time since last: 206694654 ns, Reaching safepoint: 84001 ns, Cleanup: 124400 ns, At safepoint: 17400 ns, Total: 225801 ns
[35.622s][info ][safepoint      ] Safepoint "ICBufferFull", Time since last: 2691314 ns, Reaching safepoint: 84801 ns, Cleanup: 5400 ns, At safepoint: 13800 ns, Total: 104001 ns
[35.914s][info ][safepoint      ] Safepoint "ICBufferFull", Time since last: 291609487 ns, Reaching safepoint: 83601 ns, Cleanup: 112300 ns, At safepoint: 13200 ns, Total: 209101 ns
[35.914s][info ][safepoint      ] Safepoint "ICBufferFull", Time since last: 71501 ns, Reaching safepoint: 75200 ns, Cleanup: 1000 ns, At safepoint: 9700 ns, Total: 85900 ns
[36.123s][info ][safepoint      ] Safepoint "ICBufferFull", Time since last: 209092967 ns, Reaching safepoint: 4400 ns, Cleanup: 102701 ns, At safepoint: 6000 ns, Total: 113101 ns
[36.239s][info ][safepoint      ] Safepoint "ICBufferFull", Time since last: 115661790 ns, Reaching safepoint: 83800 ns, Cleanup: 110901 ns, At safepoint: 12400 ns, Total: 207101 ns
[36.392s][info ][safepoint      ] Safepoint "ICBufferFull", Time since last: 152238276 ns, Reaching safepoint: 76901 ns, Cleanup: 122000 ns, At safepoint: 9700 ns, Total: 208601 ns
[37.392s][info ][safepoint      ] Safepoint "Cleanup", Time since last: 1000095803 ns, Reaching safepoint: 4600 ns, Cleanup: 103400 ns, At safepoint: 3700 ns, Total: 111700 ns
[38.393s][info ][safepoint      ] Safepoint "Cleanup", Time since last: 1000412257 ns, Reaching safepoint: 84300 ns, Cleanup: 128401 ns, At safepoint: 8700 ns, Total: 221401 ns
[39.312s][info ][safepoint      ] Safepoint "ICBufferFull", Time since last: 919152527 ns, Reaching safepoint: 81001 ns, Cleanup: 171401 ns, At safepoint: 10800 ns, Total: 263202 ns
[40.312s][info ][safepoint      ] Safepoint "Cleanup", Time since last: 1000103266 ns, Reaching safepoint: 76900 ns, Cleanup: 121701 ns, At safepoint: 7000 ns, Total: 205601 ns
[41.010s][info ][safepoint      ] Safepoint "ICBufferFull", Time since last: 697216548 ns, Reaching safepoint: 81400 ns, Cleanup: 126601 ns, At safepoint: 11900 ns, Total: 219901 ns
[42.010s][info ][safepoint      ] Safepoint "Cleanup", Time since last: 1000117566 ns, Reaching safepoint: 79001 ns, Cleanup: 56100 ns, At safepoint: 6300 ns, Total: 141401 ns
[43.010s][info ][safepoint      ] Safepoint "Cleanup", Time since last: 1000111345 ns, Reaching safepoint: 82701 ns, Cleanup: 44100 ns, At safepoint: 11500 ns, Total: 138301 ns
[44.010s][info ][safepoint      ] Safepoint "Cleanup", Time since last: 1000110768 ns, Reaching safepoint: 76701 ns, Cleanup: 48800 ns, At safepoint: 7400 ns, Total: 132901 ns
[45.011s][info ][safepoint      ] Safepoint "Cleanup", Time since last: 1000288269 ns, Reaching safepoint: 81400 ns, Cleanup: 71401 ns, At safepoint: 11700 ns, Total: 164501 ns
[46.011s][info ][safepoint      ] Safepoint "Cleanup", Time since last: 1000102477 ns, Reaching safepoint: 75400 ns, Cleanup: 22200 ns, At safepoint: 7200 ns, Total: 104800 ns
[46.316s][info ][gc,start       ] GC(11) Pause Young (Allocation Failure)
[46.401s][debug][gc,phases      ] GC(11) Scavenge 84.650ms
[46.401s][debug][gc,ref         ] GC(11) ReferenceProcessor::execute queues: 1, RefProcThreadModel::Single, marks_oops_alive: false
[46.401s][debug][gc,ref         ] GC(11) Skipped KeepAliveFinalRefsPhase of Reference Processing: no references
[46.401s][debug][gc,ref         ] GC(11) ReferenceProcessor::execute queues: 1, RefProcThreadModel::Single, marks_oops_alive: false
[46.401s][debug][gc,phases      ] GC(11) Reference Processing 0.147ms
[46.401s][debug][gc,phases      ] GC(11)   VM Weak                        Min:  0.0, Avg:  0.0, Max:  0.0, Diff:  0.0, Sum:  0.0, Workers: 4
[46.401s][debug][gc,phases      ] GC(11)     Dead                           Min: 0, Avg:  0.0, Max: 0, Diff: 0, Sum: 0, Workers: 4
[46.401s][debug][gc,phases      ] GC(11)     Total                          Min: 64, Avg: 218.2, Max: 617, Diff: 553, Sum: 873, Workers: 4
[46.401s][debug][gc,phases      ] GC(11)   ObjectSynchronizer Weak        Min:  0.0, Avg:  0.0, Max:  0.0, Diff:  0.0, Sum:  0.0, Workers: 4
[46.401s][debug][gc,phases      ] GC(11)     Dead                           Min: 0, Avg:  2.0, Max: 8, Diff: 8, Sum: 8, Workers: 4
[46.401s][debug][gc,phases      ] GC(11)     Total                          Min: 0, Avg: 21.2, Max: 64, Diff: 64, Sum: 85, Workers: 4
[46.401s][debug][gc,phases      ] GC(11)   JVMTI Tag Weak OopStorage      Min:  0.0, Avg:  0.0, Max:  0.0, Diff:  0.0, Sum:  0.0, Workers: 4
[46.401s][debug][gc,phases      ] GC(11)     Dead                           Min: 0, Avg:  0.0, Max: 0, Diff: 0, Sum: 0, Workers: 4
[46.402s][debug][gc,phases      ] GC(11)     Total                          Min: 0, Avg:  0.0, Max: 0, Diff: 0, Sum: 0, Workers: 4
[46.402s][debug][gc,phases      ] GC(11)   StringTable Weak               Min:  0.2, Avg:  0.2, Max:  0.2, Diff:  0.0, Sum:  0.9, Workers: 4
[46.402s][debug][gc,phases      ] GC(11)     Dead                           Min: 0, Avg:  2.0, Max: 4, Diff: 4, Sum: 8, Workers: 4
[46.402s][debug][gc,phases      ] GC(11)     Total                          Min: 11136, Avg: 11330.8, Max: 11584, Diff: 448, Sum: 45323, Workers: 4
[46.402s][debug][gc,phases      ] GC(11)   ResolvedMethodTable Weak       Min:  0.1, Avg:  0.1, Max:  0.1, Diff:  0.0, Sum:  0.4, Workers: 4
[46.402s][debug][gc,phases      ] GC(11)     Dead                           Min: 6, Avg: 17.5, Max: 46, Diff: 40, Sum: 70, Workers: 4
[46.402s][debug][gc,phases      ] GC(11)     Total                          Min: 3386, Avg: 3572.8, Max: 3667, Diff: 281, Sum: 14291, Workers: 4
[46.402s][debug][gc,phases      ] GC(11)   JNI Weak                       Min:  0.0, Avg:  0.0, Max:  0.0, Diff:  0.0, Sum:  0.0, Workers: 4
[46.402s][debug][gc,phases      ] GC(11)     Dead                           Min: 0, Avg:  0.0, Max: 0, Diff: 0, Sum: 0, Workers: 4
[46.402s][debug][gc,phases      ] GC(11)     Total                          Min: 0, Avg: 13.5, Max: 54, Diff: 54, Sum: 54, Workers: 4
[46.402s][debug][gc,phases      ] GC(11)   StringDedup Table Weak         Min:  0.0, Avg:  0.0, Max:  0.0, Diff:  0.0, Sum:  0.0, Workers: 4
[46.402s][debug][gc,phases      ] GC(11)     Dead                           Min: 0, Avg:  0.0, Max: 0, Diff: 0, Sum: 0, Workers: 4
[46.402s][debug][gc,phases      ] GC(11)     Total                          Min: 0, Avg:  0.0, Max: 0, Diff: 0, Sum: 0, Workers: 4
[46.402s][debug][gc,phases      ] GC(11)   StringDedup Requests0 Weak     Min:  0.0, Avg:  0.0, Max:  0.0, Diff:  0.0, Sum:  0.0, Workers: 4
[46.402s][debug][gc,phases      ] GC(11)     Dead                           Min: 0, Avg:  0.0, Max: 0, Diff: 0, Sum: 0, Workers: 4
[46.402s][debug][gc,phases      ] GC(11)     Total                          Min: 0, Avg:  0.0, Max: 0, Diff: 0, Sum: 0, Workers: 4
[46.402s][debug][gc,phases      ] GC(11)   StringDedup Requests1 Weak     Min:  0.0, Avg:  0.0, Max:  0.0, Diff:  0.0, Sum:  0.0, Workers: 4
[46.402s][debug][gc,phases      ] GC(11)     Dead                           Min: 0, Avg:  0.0, Max: 0, Diff: 0, Sum: 0, Workers: 4
[46.402s][debug][gc,phases      ] GC(11)     Total                          Min: 0, Avg:  0.0, Max: 0, Diff: 0, Sum: 0, Workers: 4
[46.402s][debug][gc,phases      ] GC(11)   Weak JFR Old Object Samples    Min:  0.0, Avg:  0.0, Max:  0.0, Diff:  0.0, Sum:  0.0, Workers: 4
[46.402s][debug][gc,phases      ] GC(11)     Dead                           Min: 0, Avg:  0.0, Max: 0, Diff: 0, Sum: 0, Workers: 4
[46.402s][debug][gc,phases      ] GC(11)     Total                          Min: 0, Avg:  0.0, Max: 0, Diff: 0, Sum: 0, Workers: 4
[46.402s][debug][gc,phases      ] GC(11) Weak Processing 0.509ms
[46.402s][debug][gc,age         ] GC(11) Desired survivor size 234881024 bytes, new threshold 3 (max threshold 15)
[46.402s][info ][gc,heap        ] GC(11) PSYoungGen: 1799434K(1799680K)->114588K(1867776K) Eden: 1632256K(1632256K)->0K(1624064K) From: 167178K(167424K)->114588K(243712K)
[46.402s][info ][gc,heap        ] GC(11) ParOldGen: 70272K(70656K)->151356K(151552K)
[46.402s][info ][gc,metaspace   ] GC(11) Metaspace: 102652K(103744K)->102652K(103744K) NonClass: 86994K(87616K)->86994K(87616K) Class: 15658K(16128K)->15658K(16128K)
[46.402s][info ][gc             ] GC(11) Pause Young (Allocation Failure) 1825M->259M(1972M) 85.424ms
[46.402s][info ][gc,cpu         ] GC(11) User=0.25s Sys=0.07s Real=0.09s
[46.402s][info ][safepoint      ] Safepoint "ParallelGCFailedAllocation", Time since last: 304978688 ns, Reaching safepoint: 84201 ns, Cleanup: 13600 ns, At safepoint: 85691158 ns, Total: 85788959 ns
[47.402s][info ][safepoint      ] Safepoint "Cleanup", Time since last: 1000099619 ns, Reaching safepoint: 5800 ns, Cleanup: 40200 ns, At safepoint: 2801 ns, Total: 48801 ns
[48.402s][info ][safepoint      ] Safepoint "Cleanup", Time since last: 1000106418 ns, Reaching safepoint: 5500 ns, Cleanup: 67201 ns, At safepoint: 6800 ns, Total: 79501 ns
[49.402s][info ][safepoint      ] Safepoint "Cleanup", Time since last: 1000113319 ns, Reaching safepoint: 5300 ns, Cleanup: 40600 ns, At safepoint: 2100 ns, Total: 48000 ns
[50.402s][info ][safepoint      ] Safepoint "Cleanup", Time since last: 1000096894 ns, Reaching safepoint: 5300 ns, Cleanup: 24500 ns, At safepoint: 2300 ns, Total: 32100 ns
[51.403s][info ][safepoint      ] Safepoint "Cleanup", Time since last: 1000112501 ns, Reaching safepoint: 82301 ns, Cleanup: 58900 ns, At safepoint: 7800 ns, Total: 149001 ns
[52.403s][info ][safepoint      ] Safepoint "Cleanup", Time since last: 1000112001 ns, Reaching safepoint: 4900 ns, Cleanup: 28000 ns, At safepoint: 2200 ns, Total: 35100 ns
[53.403s][info ][safepoint      ] Safepoint "Cleanup", Time since last: 1000098202 ns, Reaching safepoint: 5800 ns, Cleanup: 33600 ns, At safepoint: 2700 ns, Total: 42100 ns
[54.403s][info ][safepoint      ] Safepoint "Cleanup", Time since last: 1000102850 ns, Reaching safepoint: 6100 ns, Cleanup: 34200 ns, At safepoint: 2200 ns, Total: 42500 ns
[55.403s][info ][safepoint      ] Safepoint "Cleanup", Time since last: 1000105226 ns, Reaching safepoint: 5600 ns, Cleanup: 26300 ns, At safepoint: 2700 ns, Total: 34600 ns
[56.403s][info ][safepoint      ] Safepoint "Cleanup", Time since last: 1000098126 ns, Reaching safepoint: 6000 ns, Cleanup: 26700 ns, At safepoint: 2600 ns, Total: 35300 ns
[57.404s][info ][safepoint      ] Safepoint "Cleanup", Time since last: 1000107325 ns, Reaching safepoint: 6001 ns, Cleanup: 32500 ns, At safepoint: 2400 ns, Total: 40901 ns
[58.404s][info ][safepoint      ] Safepoint "Cleanup", Time since last: 1000106925 ns, Reaching safepoint: 5700 ns, Cleanup: 21300 ns, At safepoint: 2500 ns, Total: 29500 ns
[59.404s][info ][safepoint      ] Safepoint "Cleanup", Time since last: 1000126011 ns, Reaching safepoint: 5800 ns, Cleanup: 21500 ns, At safepoint: 2000 ns, Total: 29300 ns
[61.072s][info ][safepoint      ] Safepoint "Cleanup", Time since last: 1668198093 ns, Reaching safepoint: 6200 ns, Cleanup: 23900 ns, At safepoint: 2500 ns, Total: 32600 ns
[62.072s][info ][safepoint      ] Safepoint "Cleanup", Time since last: 1000097811 ns, Reaching safepoint: 5200 ns, Cleanup: 14300 ns, At safepoint: 2500 ns, Total: 22000 ns
[63.072s][info ][safepoint      ] Safepoint "Cleanup", Time since last: 1000116611 ns, Reaching safepoint: 6900 ns, Cleanup: 22200 ns, At safepoint: 2700 ns, Total: 31800 ns
[64.073s][info ][safepoint      ] Safepoint "Cleanup", Time since last: 1000107511 ns, Reaching safepoint: 5900 ns, Cleanup: 18000 ns, At safepoint: 2600 ns, Total: 26500 ns
[65.073s][info ][safepoint      ] Safepoint "Cleanup", Time since last: 1000101810 ns, Reaching safepoint: 5800 ns, Cleanup: 19301 ns, At safepoint: 2900 ns, Total: 28001 ns
[66.073s][info ][safepoint      ] Safepoint "Cleanup", Time since last: 1000100510 ns, Reaching safepoint: 5700 ns, Cleanup: 49200 ns, At safepoint: 2601 ns, Total: 57501 ns
[67.073s][info ][safepoint      ] Safepoint "Cleanup", Time since last: 1000123202 ns, Reaching safepoint: 5400 ns, Cleanup: 12300 ns, At safepoint: 2700 ns, Total: 20400 ns
[68.073s][info ][safepoint      ] Safepoint "Cleanup", Time since last: 1000099821 ns, Reaching safepoint: 6400 ns, Cleanup: 18600 ns, At safepoint: 2700 ns, Total: 27700 ns
[69.073s][info ][safepoint      ] Safepoint "Cleanup", Time since last: 1000118720 ns, Reaching safepoint: 5400 ns, Cleanup: 9500 ns, At safepoint: 2300 ns, Total: 17200 ns
[70.073s][info ][safepoint      ] Safepoint "Cleanup", Time since last: 1000113521 ns, Reaching safepoint: 5700 ns, Cleanup: 28000 ns, At safepoint: 3000 ns, Total: 36700 ns
[71.074s][info ][safepoint      ] Safepoint "Cleanup", Time since last: 1000114221 ns, Reaching safepoint: 6700 ns, Cleanup: 66700 ns, At safepoint: 3200 ns, Total: 76600 ns
[72.074s][info ][safepoint      ] Safepoint "Cleanup", Time since last: 1000099347 ns, Reaching safepoint: 5500 ns, Cleanup: 34000 ns, At safepoint: 2000 ns, Total: 41500 ns
[72.472s][info ][gc,start       ] GC(12) Pause Young (CodeCache GC Threshold)
[72.512s][debug][gc,phases      ] GC(12) Scavenge 39.825ms
[72.512s][debug][gc,ref         ] GC(12) ReferenceProcessor::execute queues: 1, RefProcThreadModel::Single, marks_oops_alive: false
[72.512s][debug][gc,ref         ] GC(12) Skipped KeepAliveFinalRefsPhase of Reference Processing: no references
[72.512s][debug][gc,ref         ] GC(12) ReferenceProcessor::execute queues: 1, RefProcThreadModel::Single, marks_oops_alive: false
[72.512s][debug][gc,phases      ] GC(12) Reference Processing 0.105ms
[72.512s][debug][gc,phases      ] GC(12)   VM Weak                        Min:  0.0, Avg:  0.0, Max:  0.0, Diff:  0.0, Sum:  0.0, Workers: 4
[72.512s][debug][gc,phases      ] GC(12)     Dead                           Min: 0, Avg:  0.0, Max: 0, Diff: 0, Sum: 0, Workers: 4
[72.512s][debug][gc,phases      ] GC(12)     Total                          Min: 0, Avg: 218.2, Max: 489, Diff: 489, Sum: 873, Workers: 4
[72.512s][debug][gc,phases      ] GC(12)   ObjectSynchronizer Weak        Min:  0.0, Avg:  0.0, Max:  0.0, Diff:  0.0, Sum:  0.0, Workers: 4
[72.512s][debug][gc,phases      ] GC(12)     Dead                           Min: 0, Avg:  0.0, Max: 0, Diff: 0, Sum: 0, Workers: 4
[72.512s][debug][gc,phases      ] GC(12)     Total                          Min: 0, Avg:  1.2, Max: 5, Diff: 5, Sum: 5, Workers: 4
[72.512s][debug][gc,phases      ] GC(12)   JVMTI Tag Weak OopStorage      Min:  0.0, Avg:  0.0, Max:  0.0, Diff:  0.0, Sum:  0.0, Workers: 4
[72.512s][debug][gc,phases      ] GC(12)     Dead                           Min: 0, Avg:  0.0, Max: 0, Diff: 0, Sum: 0, Workers: 4
[72.512s][debug][gc,phases      ] GC(12)     Total                          Min: 0, Avg:  0.0, Max: 0, Diff: 0, Sum: 0, Workers: 4
[72.512s][debug][gc,phases      ] GC(12)   StringTable Weak               Min:  0.0, Avg:  0.1, Max:  0.1, Diff:  0.1, Sum:  0.4, Workers: 4
[72.512s][debug][gc,phases      ] GC(12)     Dead                           Min: 0, Avg:  0.2, Max: 1, Diff: 1, Sum: 1, Workers: 4
[72.512s][debug][gc,phases      ] GC(12)     Total                          Min: 0, Avg: 11353.5, Max: 19264, Diff: 19264, Sum: 45414, Workers: 4
[72.512s][debug][gc,phases      ] GC(12)   ResolvedMethodTable Weak       Min:  0.0, Avg:  0.0, Max:  0.0, Diff:  0.0, Sum:  0.1, Workers: 4
[72.512s][debug][gc,phases      ] GC(12)     Dead                           Min: 0, Avg:  4.2, Max: 10, Diff: 10, Sum: 17, Workers: 4
[72.512s][debug][gc,phases      ] GC(12)     Total                          Min: 0, Avg: 3577.0, Max: 6123, Diff: 6123, Sum: 14308, Workers: 4
[72.512s][debug][gc,phases      ] GC(12)   JNI Weak                       Min:  0.0, Avg:  0.0, Max:  0.0, Diff:  0.0, Sum:  0.0, Workers: 4
[72.512s][debug][gc,phases      ] GC(12)     Dead                           Min: 0, Avg:  0.0, Max: 0, Diff: 0, Sum: 0, Workers: 4
[72.512s][debug][gc,phases      ] GC(12)     Total                          Min: 0, Avg: 13.0, Max: 52, Diff: 52, Sum: 52, Workers: 4
[72.512s][debug][gc,phases      ] GC(12)   StringDedup Table Weak         Min:  0.0, Avg:  0.0, Max:  0.0, Diff:  0.0, Sum:  0.0, Workers: 4
[72.512s][debug][gc,phases      ] GC(12)     Dead                           Min: 0, Avg:  0.0, Max: 0, Diff: 0, Sum: 0, Workers: 4
[72.512s][debug][gc,phases      ] GC(12)     Total                          Min: 0, Avg:  0.0, Max: 0, Diff: 0, Sum: 0, Workers: 4
[72.512s][debug][gc,phases      ] GC(12)   StringDedup Requests0 Weak     Min:  0.0, Avg:  0.0, Max:  0.0, Diff:  0.0, Sum:  0.0, Workers: 4
[72.512s][debug][gc,phases      ] GC(12)     Dead                           Min: 0, Avg:  0.0, Max: 0, Diff: 0, Sum: 0, Workers: 4
[72.512s][debug][gc,phases      ] GC(12)     Total                          Min: 0, Avg:  0.0, Max: 0, Diff: 0, Sum: 0, Workers: 4
[72.512s][debug][gc,phases      ] GC(12)   StringDedup Requests1 Weak     Min:  0.0, Avg:  0.0, Max:  0.0, Diff:  0.0, Sum:  0.0, Workers: 4
[72.512s][debug][gc,phases      ] GC(12)     Dead                           Min: 0, Avg:  0.0, Max: 0, Diff: 0, Sum: 0, Workers: 4
[72.512s][debug][gc,phases      ] GC(12)     Total                          Min: 0, Avg:  0.0, Max: 0, Diff: 0, Sum: 0, Workers: 4
[72.512s][debug][gc,phases      ] GC(12)   Weak JFR Old Object Samples    Min:  0.0, Avg:  0.0, Max:  0.0, Diff:  0.0, Sum:  0.0, Workers: 4
[72.512s][debug][gc,phases      ] GC(12)     Dead                           Min: 0, Avg:  0.0, Max: 0, Diff: 0, Sum: 0, Workers: 4
[72.512s][debug][gc,phases      ] GC(12)     Total                          Min: 0, Avg:  0.0, Max: 0, Diff: 0, Sum: 0, Workers: 4
[72.512s][debug][gc,phases      ] GC(12) Weak Processing 0.342ms
[72.512s][debug][gc,age         ] GC(12) Desired survivor size 232259584 bytes, new threshold 2 (max threshold 15)
[72.512s][info ][gc,heap        ] GC(12) PSYoungGen: 1496418K(1867776K)->68033K(1853440K) Eden: 1381830K(1624064K)->0K(1624064K) From: 114588K(243712K)->68033K(229376K)
[72.512s][info ][gc,heap        ] GC(12) ParOldGen: 151356K(151552K)->202699K(202752K)
[72.512s][info ][gc,metaspace   ] GC(12) Metaspace: 102842K(104064K)->102842K(104064K) NonClass: 87173K(87872K)->87173K(87872K) Class: 15668K(16192K)->15668K(16192K)
[72.512s][info ][gc             ] GC(12) Pause Young (CodeCache GC Threshold) 1609M->264M(2008M) 40.373ms
[72.512s][info ][gc,cpu         ] GC(12) User=0.13s Sys=0.02s Real=0.04s
[72.512s][debug][gc,phases      ] GC(13) Pre Compact 0.008ms
[72.512s][info ][gc,start       ] GC(13) Pause Full (CodeCache GC Threshold)
[72.512s][info ][gc,phases,start] GC(13) Marking Phase
[72.597s][debug][gc,phases      ] GC(13) Par Mark 84.162ms
[72.597s][debug][gc,ref         ] GC(13) ReferenceProcessor::execute queues: 4, RefProcThreadModel::Multi, marks_oops_alive: false
[72.597s][debug][gc,ref         ] GC(13) ReferenceProcessor::execute queues: 4, RefProcThreadModel::Multi, marks_oops_alive: true
[72.597s][debug][gc,ref         ] GC(13) ReferenceProcessor::execute queues: 1, RefProcThreadModel::Single, marks_oops_alive: false
[72.597s][debug][gc,phases      ] GC(13) Reference Processing 0.761ms
[72.598s][debug][gc,phases      ] GC(13)   VM Weak                        Min:  0.0, Avg:  0.0, Max:  0.0, Diff:  0.0, Sum:  0.0, Workers: 4
[72.598s][debug][gc,phases      ] GC(13)     Dead                           Min: 0, Avg:  0.2, Max: 1, Diff: 1, Sum: 1, Workers: 4
[72.598s][debug][gc,phases      ] GC(13)     Total                          Min: 0, Avg: 218.2, Max: 512, Diff: 512, Sum: 873, Workers: 4
[72.598s][debug][gc,phases      ] GC(13)   ObjectSynchronizer Weak        Min:  0.0, Avg:  0.0, Max:  0.0, Diff:  0.0, Sum:  0.0, Workers: 4
[72.598s][debug][gc,phases      ] GC(13)     Dead                           Min: 0, Avg:  0.0, Max: 0, Diff: 0, Sum: 0, Workers: 4
[72.598s][debug][gc,phases      ] GC(13)     Total                          Min: 0, Avg:  1.2, Max: 5, Diff: 5, Sum: 5, Workers: 4
[72.598s][debug][gc,phases      ] GC(13)   JVMTI Tag Weak OopStorage      Min:  0.0, Avg:  0.0, Max:  0.0, Diff:  0.0, Sum:  0.0, Workers: 4
[72.598s][debug][gc,phases      ] GC(13)     Dead                           Min: 0, Avg:  0.0, Max: 0, Diff: 0, Sum: 0, Workers: 4
[72.598s][debug][gc,phases      ] GC(13)     Total                          Min: 0, Avg:  0.0, Max: 0, Diff: 0, Sum: 0, Workers: 4
[72.598s][debug][gc,phases      ] GC(13)   StringTable Weak               Min:  0.1, Avg:  0.1, Max:  0.1, Diff:  0.0, Sum:  0.6, Workers: 4
[72.598s][debug][gc,phases      ] GC(13)     Dead                           Min: 0, Avg:  0.0, Max: 0, Diff: 0, Sum: 0, Workers: 4
[72.598s][debug][gc,phases      ] GC(13)     Total                          Min: 10880, Avg: 11353.5, Max: 11712, Diff: 832, Sum: 45414, Workers: 4
[72.598s][debug][gc,phases      ] GC(13)   ResolvedMethodTable Weak       Min:  0.0, Avg:  0.0, Max:  0.0, Diff:  0.0, Sum:  0.2, Workers: 4
[72.598s][debug][gc,phases      ] GC(13)     Dead                           Min: 0, Avg:  0.2, Max: 1, Diff: 1, Sum: 1, Workers: 4
[72.598s][debug][gc,phases      ] GC(13)     Total                          Min: 3288, Avg: 3577.0, Max: 3801, Diff: 513, Sum: 14308, Workers: 4
[72.598s][debug][gc,phases      ] GC(13)   JNI Weak                       Min:  0.0, Avg:  0.0, Max:  0.0, Diff:  0.0, Sum:  0.0, Workers: 4
[72.598s][debug][gc,phases      ] GC(13)     Dead                           Min: 0, Avg:  0.0, Max: 0, Diff: 0, Sum: 0, Workers: 4
[72.598s][debug][gc,phases      ] GC(13)     Total                          Min: 0, Avg: 13.0, Max: 52, Diff: 52, Sum: 52, Workers: 4
[72.598s][debug][gc,phases      ] GC(13)   StringDedup Table Weak         Min:  0.0, Avg:  0.0, Max:  0.0, Diff:  0.0, Sum:  0.0, Workers: 4
[72.598s][debug][gc,phases      ] GC(13)     Dead                           Min: 0, Avg:  0.0, Max: 0, Diff: 0, Sum: 0, Workers: 4
[72.598s][debug][gc,phases      ] GC(13)     Total                          Min: 0, Avg:  0.0, Max: 0, Diff: 0, Sum: 0, Workers: 4
[72.598s][debug][gc,phases      ] GC(13)   StringDedup Requests0 Weak     Min:  0.0, Avg:  0.0, Max:  0.0, Diff:  0.0, Sum:  0.0, Workers: 4
[72.598s][debug][gc,phases      ] GC(13)     Dead                           Min: 0, Avg:  0.0, Max: 0, Diff: 0, Sum: 0, Workers: 4
[72.598s][debug][gc,phases      ] GC(13)     Total                          Min: 0, Avg:  0.0, Max: 0, Diff: 0, Sum: 0, Workers: 4
[72.598s][debug][gc,phases      ] GC(13)   StringDedup Requests1 Weak     Min:  0.0, Avg:  0.0, Max:  0.0, Diff:  0.0, Sum:  0.0, Workers: 4
[72.598s][debug][gc,phases      ] GC(13)     Dead                           Min: 0, Avg:  0.0, Max: 0, Diff: 0, Sum: 0, Workers: 4
[72.598s][debug][gc,phases      ] GC(13)     Total                          Min: 0, Avg:  0.0, Max: 0, Diff: 0, Sum: 0, Workers: 4
[72.598s][debug][gc,phases      ] GC(13)   Weak JFR Old Object Samples    Min:  0.0, Avg:  0.0, Max:  0.0, Diff:  0.0, Sum:  0.0, Workers: 4
[72.598s][debug][gc,phases      ] GC(13)     Dead                           Min: 0, Avg:  0.0, Max: 0, Diff: 0, Sum: 0, Workers: 4
[72.598s][debug][gc,phases      ] GC(13)     Total                          Min: 0, Avg:  0.0, Max: 0, Diff: 0, Sum: 0, Workers: 4
[72.598s][debug][gc,phases      ] GC(13) Weak Processing 0.352ms
[72.598s][debug][gc,phases      ] GC(13) ClassLoaderData 0.203ms
[72.598s][debug][gc,phases      ] GC(13) Trigger cleanups 0.006ms
[72.644s][debug][gc,phases      ] GC(13) Purge Unlinked NMethods 1.160ms
[72.644s][debug][gc,phases      ] GC(13) Unregister NMethods 0.008ms
[72.644s][debug][gc,phases      ] GC(13) Free Code Blobs 0.259ms
[72.654s][debug][gc,phases      ] GC(13) Class Unloading 56.289ms
[72.654s][debug][gc,phases      ] GC(13) Report Object Count 0.001ms
[72.654s][info ][gc,phases      ] GC(13) Marking Phase 141.642ms
[72.654s][info ][gc,phases,start] GC(13) Summary Phase
[72.654s][info ][gc,phases      ] GC(13) Summary Phase 0.007ms
[72.654s][info ][gc,phases,start] GC(13) Adjust Roots
[72.679s][info ][gc,phases      ] GC(13) Adjust Roots 24.571ms
[72.679s][info ][gc,phases,start] GC(13) Compaction Phase
[72.939s][info ][gc,phases      ] GC(13) Compaction Phase 260.162ms
[72.939s][info ][gc,phases,start] GC(13) Post Compact
[72.940s][debug][gc,phases      ] GC(13) Purge Class Loader Data 0.322ms
[72.940s][info ][gc,phases      ] GC(13) Post Compact 1.564ms
[72.940s][info ][gc,heap        ] GC(13) PSYoungGen: 68033K(1853440K)->57162K(1853440K) Eden: 0K(1624064K)->0K(1624064K) From: 68033K(229376K)->57162K(229376K)
[72.940s][info ][gc,heap        ] GC(13) ParOldGen: 202699K(202752K)->202538K(202752K)
[72.941s][info ][gc,metaspace   ] GC(13) Metaspace: 102842K(104064K)->102840K(104064K) NonClass: 87173K(87872K)->87172K(87872K) Class: 15668K(16192K)->15667K(16192K)
[72.941s][info ][gc             ] GC(13) Pause Full (CodeCache GC Threshold) 264M->253M(2008M) 428.053ms
[72.941s][info ][gc,cpu         ] GC(13) User=1.40s Sys=0.02s Real=0.43s
[72.941s][info ][safepoint      ] Safepoint "ParallelGCSystemGC", Time since last: 398297666 ns, Reaching safepoint: 5200 ns, Cleanup: 12400 ns, At safepoint: 468550519 ns, Total: 468568119 ns
[73.941s][info ][safepoint      ] Safepoint "Cleanup", Time since last: 1000090542 ns, Reaching safepoint: 5800 ns, Cleanup: 193502 ns, At safepoint: 3900 ns, Total: 203202 ns
[74.881s][info ][safepoint      ] Safepoint "ICBufferFull", Time since last: 940027196 ns, Reaching safepoint: 79101 ns, Cleanup: 144401 ns, At safepoint: 7200 ns, Total: 230702 ns
[75.881s][info ][safepoint      ] Safepoint "Cleanup", Time since last: 1000106153 ns, Reaching safepoint: 78501 ns, Cleanup: 141701 ns, At safepoint: 9900 ns, Total: 230102 ns
[76.882s][info ][safepoint      ] Safepoint "Cleanup", Time since last: 1000097747 ns, Reaching safepoint: 5200 ns, Cleanup: 74300 ns, At safepoint: 3200 ns, Total: 82700 ns
[77.882s][info ][safepoint      ] Safepoint "Cleanup", Time since last: 1000097388 ns, Reaching safepoint: 5600 ns, Cleanup: 125001 ns, At safepoint: 3600 ns, Total: 134201 ns
[78.882s][info ][safepoint      ] Safepoint "Cleanup", Time since last: 1000104188 ns, Reaching safepoint: 5101 ns, Cleanup: 74900 ns, At safepoint: 3200 ns, Total: 83201 ns
[79.882s][info ][safepoint      ] Safepoint "Cleanup", Time since last: 1000105988 ns, Reaching safepoint: 6200 ns, Cleanup: 51701 ns, At safepoint: 3500 ns, Total: 61401 ns
[80.882s][info ][safepoint      ] Safepoint "Cleanup", Time since last: 1000108488 ns, Reaching safepoint: 5800 ns, Cleanup: 138301 ns, At safepoint: 3800 ns, Total: 147901 ns
[81.883s][info ][safepoint      ] Safepoint "Cleanup", Time since last: 1000116988 ns, Reaching safepoint: 5700 ns, Cleanup: 110301 ns, At safepoint: 4100 ns, Total: 120101 ns
[82.885s][info ][safepoint      ] Safepoint "Cleanup", Time since last: 1002140926 ns, Reaching safepoint: 85800 ns, Cleanup: 31501 ns, At safepoint: 13800 ns, Total: 131101 ns
[83.885s][info ][safepoint      ] Safepoint "Cleanup", Time since last: 1000100821 ns, Reaching safepoint: 5200 ns, Cleanup: 75201 ns, At safepoint: 3500 ns, Total: 83901 ns
[83.997s][info ][gc,start       ] GC(14) Pause Young (Allocation Failure)
[84.057s][debug][gc,phases      ] GC(14) Scavenge 60.652ms
[84.058s][debug][gc,ref         ] GC(14) ReferenceProcessor::execute queues: 1, RefProcThreadModel::Single, marks_oops_alive: false
[84.058s][debug][gc,ref         ] GC(14) Skipped KeepAliveFinalRefsPhase of Reference Processing: no references
[84.058s][debug][gc,ref         ] GC(14) ReferenceProcessor::execute queues: 1, RefProcThreadModel::Single, marks_oops_alive: false
[84.058s][debug][gc,phases      ] GC(14) Reference Processing 0.109ms
[84.058s][debug][gc,phases      ] GC(14)   VM Weak                        Min:  0.0, Avg:  0.0, Max:  0.0, Diff:  0.0, Sum:  0.0, Workers: 4
[84.058s][debug][gc,phases      ] GC(14)     Dead                           Min: 0, Avg:  0.0, Max: 0, Diff: 0, Sum: 0, Workers: 4
[84.058s][debug][gc,phases      ] GC(14)     Total                          Min: 0, Avg: 220.5, Max: 498, Diff: 498, Sum: 882, Workers: 4
[84.058s][debug][gc,phases      ] GC(14)   ObjectSynchronizer Weak        Min:  0.0, Avg:  0.0, Max:  0.0, Diff:  0.0, Sum:  0.0, Workers: 4
[84.058s][debug][gc,phases      ] GC(14)     Dead                           Min: 0, Avg:  0.0, Max: 0, Diff: 0, Sum: 0, Workers: 4
[84.058s][debug][gc,phases      ] GC(14)     Total                          Min: 0, Avg:  2.0, Max: 8, Diff: 8, Sum: 8, Workers: 4
[84.058s][debug][gc,phases      ] GC(14)   JVMTI Tag Weak OopStorage      Min:  0.0, Avg:  0.0, Max:  0.0, Diff:  0.0, Sum:  0.0, Workers: 4
[84.058s][debug][gc,phases      ] GC(14)     Dead                           Min: 0, Avg:  0.0, Max: 0, Diff: 0, Sum: 0, Workers: 4
[84.058s][debug][gc,phases      ] GC(14)     Total                          Min: 0, Avg:  0.0, Max: 0, Diff: 0, Sum: 0, Workers: 4
[84.058s][debug][gc,phases      ] GC(14)   StringTable Weak               Min:  0.1, Avg:  0.1, Max:  0.1, Diff:  0.0, Sum:  0.5, Workers: 4
[84.058s][debug][gc,phases      ] GC(14)     Dead                           Min: 0, Avg:  1.0, Max: 2, Diff: 2, Sum: 4, Workers: 4
[84.058s][debug][gc,phases      ] GC(14)     Total                          Min: 11039, Avg: 11383.8, Max: 11776, Diff: 737, Sum: 45535, Workers: 4
[84.058s][debug][gc,phases      ] GC(14)   ResolvedMethodTable Weak       Min:  0.0, Avg:  0.0, Max:  0.0, Diff:  0.0, Sum:  0.2, Workers: 4
[84.058s][debug][gc,phases      ] GC(14)     Dead                           Min: 4, Avg:  6.5, Max: 9, Diff: 5, Sum: 26, Workers: 4
[84.058s][debug][gc,phases      ] GC(14)     Total                          Min: 3559, Avg: 3608.2, Max: 3738, Diff: 179, Sum: 14433, Workers: 4
[84.058s][debug][gc,phases      ] GC(14)   JNI Weak                       Min:  0.0, Avg:  0.0, Max:  0.0, Diff:  0.0, Sum:  0.0, Workers: 4
[84.058s][debug][gc,phases      ] GC(14)     Dead                           Min: 0, Avg:  0.0, Max: 0, Diff: 0, Sum: 0, Workers: 4
[84.058s][debug][gc,phases      ] GC(14)     Total                          Min: 0, Avg: 13.5, Max: 54, Diff: 54, Sum: 54, Workers: 4
[84.058s][debug][gc,phases      ] GC(14)   StringDedup Table Weak         Min:  0.0, Avg:  0.0, Max:  0.0, Diff:  0.0, Sum:  0.0, Workers: 4
[84.058s][debug][gc,phases      ] GC(14)     Dead                           Min: 0, Avg:  0.0, Max: 0, Diff: 0, Sum: 0, Workers: 4
[84.058s][debug][gc,phases      ] GC(14)     Total                          Min: 0, Avg:  0.0, Max: 0, Diff: 0, Sum: 0, Workers: 4
[84.058s][debug][gc,phases      ] GC(14)   StringDedup Requests0 Weak     Min:  0.0, Avg:  0.0, Max:  0.0, Diff:  0.0, Sum:  0.0, Workers: 4
[84.058s][debug][gc,phases      ] GC(14)     Dead                           Min: 0, Avg:  0.0, Max: 0, Diff: 0, Sum: 0, Workers: 4
[84.058s][debug][gc,phases      ] GC(14)     Total                          Min: 0, Avg:  0.0, Max: 0, Diff: 0, Sum: 0, Workers: 4
[84.058s][debug][gc,phases      ] GC(14)   StringDedup Requests1 Weak     Min:  0.0, Avg:  0.0, Max:  0.0, Diff:  0.0, Sum:  0.0, Workers: 4
[84.058s][debug][gc,phases      ] GC(14)     Dead                           Min: 0, Avg:  0.0, Max: 0, Diff: 0, Sum: 0, Workers: 4
[84.058s][debug][gc,phases      ] GC(14)     Total                          Min: 0, Avg:  0.0, Max: 0, Diff: 0, Sum: 0, Workers: 4
[84.058s][debug][gc,phases      ] GC(14)   Weak JFR Old Object Samples    Min:  0.0, Avg:  0.0, Max:  0.0, Diff:  0.0, Sum:  0.0, Workers: 4
[84.058s][debug][gc,phases      ] GC(14)     Dead                           Min: 0, Avg:  0.0, Max: 0, Diff: 0, Sum: 0, Workers: 4
[84.058s][debug][gc,phases      ] GC(14)     Total                          Min: 0, Avg:  0.0, Max: 0, Diff: 0, Sum: 0, Workers: 4
[84.058s][debug][gc,phases      ] GC(14) Weak Processing 0.343ms
[84.058s][debug][gc,age         ] GC(14) Desired survivor size 231211008 bytes, new threshold 1 (max threshold 15)
[84.058s][info ][gc,heap        ] GC(14) PSYoungGen: 1681226K(1853440K)->50369K(1871360K) Eden: 1624064K(1624064K)->0K(1644544K) From: 57162K(229376K)->50369K(226816K)
[84.058s][info ][gc,heap        ] GC(14) ParOldGen: 202538K(202752K)->252840K(252928K)
[84.058s][info ][gc,metaspace   ] GC(14) Metaspace: 103302K(104448K)->103302K(104448K) NonClass: 87590K(88256K)->87590K(88256K) Class: 15712K(16192K)->15712K(16192K)
[84.058s][info ][gc             ] GC(14) Pause Young (Allocation Failure) 1839M->296M(2074M) 61.226ms
[84.058s][info ][gc,cpu         ] GC(14) User=0.21s Sys=0.02s Real=0.06s
[84.058s][info ][safepoint      ] Safepoint "ParallelGCFailedAllocation", Time since last: 111484571 ns, Reaching safepoint: 81000 ns, Cleanup: 9700 ns, At safepoint: 61306070 ns, Total: 61396770 ns
[85.059s][info ][safepoint      ] Safepoint "Cleanup", Time since last: 1001067727 ns, Reaching safepoint: 82800 ns, Cleanup: 132201 ns, At safepoint: 11800 ns, Total: 226801 ns
[86.060s][info ][safepoint      ] Safepoint "Cleanup", Time since last: 1000099122 ns, Reaching safepoint: 75900 ns, Cleanup: 69000 ns, At safepoint: 7801 ns, Total: 152701 ns
[87.060s][info ][safepoint      ] Safepoint "Cleanup", Time since last: 1000105121 ns, Reaching safepoint: 79801 ns, Cleanup: 29600 ns, At safepoint: 6100 ns, Total: 115501 ns
[88.062s][info ][safepoint      ] Safepoint "Cleanup", Time since last: 1001900632 ns, Reaching safepoint: 89701 ns, Cleanup: 73700 ns, At safepoint: 11500 ns, Total: 174901 ns
[89.062s][info ][safepoint      ] Safepoint "Cleanup", Time since last: 1000119936 ns, Reaching safepoint: 84200 ns, Cleanup: 19700 ns, At safepoint: 6800 ns, Total: 110700 ns
[90.064s][info ][safepoint      ] Safepoint "Cleanup", Time since last: 1001733469 ns, Reaching safepoint: 82101 ns, Cleanup: 115600 ns, At safepoint: 15301 ns, Total: 213002 ns
[91.064s][info ][safepoint      ] Safepoint "Cleanup", Time since last: 1000123811 ns, Reaching safepoint: 81700 ns, Cleanup: 90701 ns, At safepoint: 5600 ns, Total: 178001 ns
[92.065s][info ][safepoint      ] Safepoint "Cleanup", Time since last: 1000107739 ns, Reaching safepoint: 80100 ns, Cleanup: 97601 ns, At safepoint: 6400 ns, Total: 184101 ns
[93.065s][info ][safepoint      ] Safepoint "Cleanup", Time since last: 1000109339 ns, Reaching safepoint: 84400 ns, Cleanup: 90401 ns, At safepoint: 10600 ns, Total: 185401 ns
[94.065s][info ][safepoint      ] Safepoint "Cleanup", Time since last: 1000099838 ns, Reaching safepoint: 5100 ns, Cleanup: 60801 ns, At safepoint: 2100 ns, Total: 68001 ns
[95.065s][info ][safepoint      ] Safepoint "Cleanup", Time since last: 1000105639 ns, Reaching safepoint: 79600 ns, Cleanup: 82201 ns, At safepoint: 9100 ns, Total: 170901 ns
[96.066s][info ][safepoint      ] Safepoint "Cleanup", Time since last: 1000122938 ns, Reaching safepoint: 6800 ns, Cleanup: 22801 ns, At safepoint: 8200 ns, Total: 37801 ns
[96.274s][info ][gc,start       ] GC(15) Pause Young (Allocation Failure)
[96.309s][debug][gc,phases      ] GC(15) Scavenge 34.649ms
[96.309s][debug][gc,ref         ] GC(15) ReferenceProcessor::execute queues: 1, RefProcThreadModel::Single, marks_oops_alive: false
[96.309s][debug][gc,ref         ] GC(15) Skipped KeepAliveFinalRefsPhase of Reference Processing: no references
[96.309s][debug][gc,ref         ] GC(15) ReferenceProcessor::execute queues: 1, RefProcThreadModel::Single, marks_oops_alive: false
[96.309s][debug][gc,phases      ] GC(15) Reference Processing 0.107ms
[96.309s][debug][gc,phases      ] GC(15)   VM Weak                        Min:  0.0, Avg:  0.0, Max:  0.0, Diff:  0.0, Sum:  0.0, Workers: 4
[96.309s][debug][gc,phases      ] GC(15)     Dead                           Min: 0, Avg:  0.0, Max: 0, Diff: 0, Sum: 0, Workers: 4
[96.310s][debug][gc,phases      ] GC(15)     Total                          Min: 0, Avg: 222.8, Max: 320, Diff: 320, Sum: 891, Workers: 4
[96.310s][debug][gc,phases      ] GC(15)   ObjectSynchronizer Weak        Min:  0.0, Avg:  0.0, Max:  0.0, Diff:  0.0, Sum:  0.0, Workers: 4
[96.310s][debug][gc,phases      ] GC(15)     Dead                           Min: 0, Avg:  0.0, Max: 0, Diff: 0, Sum: 0, Workers: 4
[96.310s][debug][gc,phases      ] GC(15)     Total                          Min: 0, Avg:  2.0, Max: 8, Diff: 8, Sum: 8, Workers: 4
[96.310s][debug][gc,phases      ] GC(15)   JVMTI Tag Weak OopStorage      Min:  0.0, Avg:  0.0, Max:  0.0, Diff:  0.0, Sum:  0.0, Workers: 4
[96.310s][debug][gc,phases      ] GC(15)     Dead                           Min: 0, Avg:  0.0, Max: 0, Diff: 0, Sum: 0, Workers: 4
[96.310s][debug][gc,phases      ] GC(15)     Total                          Min: 0, Avg:  0.0, Max: 0, Diff: 0, Sum: 0, Workers: 4
[96.310s][debug][gc,phases      ] GC(15)   StringTable Weak               Min:  0.0, Avg:  0.1, Max:  0.1, Diff:  0.1, Sum:  0.4, Workers: 4
[96.310s][debug][gc,phases      ] GC(15)     Dead                           Min: 0, Avg:  0.2, Max: 1, Diff: 1, Sum: 1, Workers: 4
[96.310s][debug][gc,phases      ] GC(15)     Total                          Min: 0, Avg: 11399.0, Max: 19520, Diff: 19520, Sum: 45596, Workers: 4
[96.310s][debug][gc,phases      ] GC(15)   ResolvedMethodTable Weak       Min:  0.0, Avg:  0.1, Max:  0.1, Diff:  0.1, Sum:  0.2, Workers: 4
[96.310s][debug][gc,phases      ] GC(15)     Dead                           Min: 0, Avg:  9.2, Max: 21, Diff: 21, Sum: 37, Workers: 4
[96.310s][debug][gc,phases      ] GC(15)     Total                          Min: 0, Avg: 3627.8, Max: 6732, Diff: 6732, Sum: 14511, Workers: 4
[96.310s][debug][gc,phases      ] GC(15)   JNI Weak                       Min:  0.0, Avg:  0.0, Max:  0.0, Diff:  0.0, Sum:  0.0, Workers: 4
[96.310s][debug][gc,phases      ] GC(15)     Dead                           Min: 0, Avg:  0.0, Max: 0, Diff: 0, Sum: 0, Workers: 4
[96.310s][debug][gc,phases      ] GC(15)     Total                          Min: 0, Avg: 13.5, Max: 54, Diff: 54, Sum: 54, Workers: 4
[96.310s][debug][gc,phases      ] GC(15)   StringDedup Table Weak         Min:  0.0, Avg:  0.0, Max:  0.0, Diff:  0.0, Sum:  0.0, Workers: 4
[96.310s][debug][gc,phases      ] GC(15)     Dead                           Min: 0, Avg:  0.0, Max: 0, Diff: 0, Sum: 0, Workers: 4
[96.310s][debug][gc,phases      ] GC(15)     Total                          Min: 0, Avg:  0.0, Max: 0, Diff: 0, Sum: 0, Workers: 4
[96.310s][debug][gc,phases      ] GC(15)   StringDedup Requests0 Weak     Min:  0.0, Avg:  0.0, Max:  0.0, Diff:  0.0, Sum:  0.0, Workers: 4
[96.310s][debug][gc,phases      ] GC(15)     Dead                           Min: 0, Avg:  0.0, Max: 0, Diff: 0, Sum: 0, Workers: 4
[96.310s][debug][gc,phases      ] GC(15)     Total                          Min: 0, Avg:  0.0, Max: 0, Diff: 0, Sum: 0, Workers: 4
[96.310s][debug][gc,phases      ] GC(15)   StringDedup Requests1 Weak     Min:  0.0, Avg:  0.0, Max:  0.0, Diff:  0.0, Sum:  0.0, Workers: 4
[96.310s][debug][gc,phases      ] GC(15)     Dead                           Min: 0, Avg:  0.0, Max: 0, Diff: 0, Sum: 0, Workers: 4
[96.310s][debug][gc,phases      ] GC(15)     Total                          Min: 0, Avg:  0.0, Max: 0, Diff: 0, Sum: 0, Workers: 4
[96.310s][debug][gc,phases      ] GC(15)   Weak JFR Old Object Samples    Min:  0.0, Avg:  0.0, Max:  0.0, Diff:  0.0, Sum:  0.0, Workers: 4
[96.310s][debug][gc,phases      ] GC(15)     Dead                           Min: 0, Avg:  0.0, Max: 0, Diff: 0, Sum: 0, Workers: 4
[96.310s][debug][gc,phases      ] GC(15)     Total                          Min: 0, Avg:  0.0, Max: 0, Diff: 0, Sum: 0, Workers: 4
[96.310s][debug][gc,phases      ] GC(15) Weak Processing 0.419ms
[96.310s][debug][gc,age         ] GC(15) Desired survivor size 231735296 bytes, new threshold 1 (max threshold 15)
[96.310s][info ][gc,heap        ] GC(15) PSYoungGen: 1694913K(1871360K)->34224K(1870336K) Eden: 1644544K(1644544K)->0K(1644544K) From: 50369K(226816K)->34224K(225792K)
[96.310s][info ][gc,heap        ] GC(15) ParOldGen: 252840K(252928K)->296865K(296960K)
[96.310s][info ][gc,metaspace   ] GC(15) Metaspace: 103585K(104768K)->103585K(104768K) NonClass: 87845K(88512K)->87845K(88512K) Class: 15739K(16256K)->15739K(16256K)
[96.310s][info ][gc             ] GC(15) Pause Young (Allocation Failure) 1902M->323M(2116M) 35.296ms
[96.310s][info ][gc,cpu         ] GC(15) User=0.11s Sys=0.03s Real=0.03s
[96.310s][info ][safepoint      ] Safepoint "ParallelGCFailedAllocation", Time since last: 208668785 ns, Reaching safepoint: 90900 ns, Cleanup: 14001 ns, At safepoint: 35376734 ns, Total: 35481635 ns
[97.317s][info ][safepoint      ] Safepoint "Cleanup", Time since last: 1007211686 ns, Reaching safepoint: 78501 ns, Cleanup: 72100 ns, At safepoint: 210302 ns, Total: 360903 ns
[98.318s][info ][safepoint      ] Safepoint "Cleanup", Time since last: 1000103538 ns, Reaching safepoint: 83701 ns, Cleanup: 24900 ns, At safepoint: 9500 ns, Total: 118101 ns
[99.318s][info ][safepoint      ] Safepoint "Cleanup", Time since last: 1000102084 ns, Reaching safepoint: 86700 ns, Cleanup: 33500 ns, At safepoint: 14501 ns, Total: 134701 ns
[100.319s][info ][safepoint      ] Safepoint "Cleanup", Time since last: 1001110584 ns, Reaching safepoint: 88900 ns, Cleanup: 131901 ns, At safepoint: 11600 ns, Total: 232401 ns
[101.319s][info ][safepoint      ] Safepoint "Cleanup", Time since last: 1000092877 ns, Reaching safepoint: 5901 ns, Cleanup: 26800 ns, At safepoint: 3200 ns, Total: 35901 ns
[102.320s][info ][safepoint      ] Safepoint "Cleanup", Time since last: 1000654881 ns, Reaching safepoint: 90000 ns, Cleanup: 34101 ns, At safepoint: 13900 ns, Total: 138001 ns
[103.778s][info ][gc,start       ] GC(16) Pause Young (Allocation Failure)
[103.816s][debug][gc,phases      ] GC(16) Scavenge 37.199ms
[103.816s][debug][gc,ref         ] GC(16) ReferenceProcessor::execute queues: 1, RefProcThreadModel::Single, marks_oops_alive: false
[103.816s][debug][gc,ref         ] GC(16) Skipped KeepAliveFinalRefsPhase of Reference Processing: no references
[103.816s][debug][gc,ref         ] GC(16) ReferenceProcessor::execute queues: 1, RefProcThreadModel::Single, marks_oops_alive: false
[103.816s][debug][gc,phases      ] GC(16) Reference Processing 0.155ms
[103.817s][debug][gc,phases      ] GC(16)   VM Weak                        Min:  0.0, Avg:  0.0, Max:  0.0, Diff:  0.0, Sum:  0.0, Workers: 4
[103.817s][debug][gc,phases      ] GC(16)     Dead                           Min: 0, Avg:  0.0, Max: 0, Diff: 0, Sum: 0, Workers: 4
[103.817s][debug][gc,phases      ] GC(16)     Total                          Min: 0, Avg: 223.0, Max: 892, Diff: 892, Sum: 892, Workers: 4
[103.817s][debug][gc,phases      ] GC(16)   ObjectSynchronizer Weak        Min:  0.0, Avg:  0.0, Max:  0.0, Diff:  0.0, Sum:  0.0, Workers: 4
[103.817s][debug][gc,phases      ] GC(16)     Dead                           Min: 0, Avg:  0.0, Max: 0, Diff: 0, Sum: 0, Workers: 4
[103.817s][debug][gc,phases      ] GC(16)     Total                          Min: 0, Avg:  2.0, Max: 8, Diff: 8, Sum: 8, Workers: 4
[103.817s][debug][gc,phases      ] GC(16)   JVMTI Tag Weak OopStorage      Min:  0.0, Avg:  0.0, Max:  0.0, Diff:  0.0, Sum:  0.0, Workers: 4
[103.817s][debug][gc,phases      ] GC(16)     Dead                           Min: 0, Avg:  0.0, Max: 0, Diff: 0, Sum: 0, Workers: 4
[103.817s][debug][gc,phases      ] GC(16)     Total                          Min: 0, Avg:  0.0, Max: 0, Diff: 0, Sum: 0, Workers: 4
[103.817s][debug][gc,phases      ] GC(16)   StringTable Weak               Min:  0.0, Avg:  0.1, Max:  0.4, Diff:  0.4, Sum:  0.4, Workers: 4
[103.817s][debug][gc,phases      ] GC(16)     Dead                           Min: 0, Avg:  0.2, Max: 1, Diff: 1, Sum: 1, Workers: 4
[103.817s][debug][gc,phases      ] GC(16)     Total                          Min: 0, Avg: 11413.8, Max: 45655, Diff: 45655, Sum: 45655, Workers: 4
[103.817s][debug][gc,phases      ] GC(16)   ResolvedMethodTable Weak       Min:  0.0, Avg:  0.0, Max:  0.1, Diff:  0.1, Sum:  0.1, Workers: 4
[103.817s][debug][gc,phases      ] GC(16)     Dead                           Min: 0, Avg:  1.2, Max: 5, Diff: 5, Sum: 5, Workers: 4
[103.817s][debug][gc,phases      ] GC(16)     Total                          Min: 0, Avg: 3637.2, Max: 14549, Diff: 14549, Sum: 14549, Workers: 4
[103.817s][debug][gc,phases      ] GC(16)   JNI Weak                       Min:  0.0, Avg:  0.0, Max:  0.0, Diff:  0.0, Sum:  0.0, Workers: 4
[103.817s][debug][gc,phases      ] GC(16)     Dead                           Min: 0, Avg:  0.0, Max: 0, Diff: 0, Sum: 0, Workers: 4
[103.817s][debug][gc,phases      ] GC(16)     Total                          Min: 0, Avg: 16.5, Max: 66, Diff: 66, Sum: 66, Workers: 4
[103.817s][debug][gc,phases      ] GC(16)   StringDedup Table Weak         Min:  0.0, Avg:  0.0, Max:  0.0, Diff:  0.0, Sum:  0.0, Workers: 4
[103.817s][debug][gc,phases      ] GC(16)     Dead                           Min: 0, Avg:  0.0, Max: 0, Diff: 0, Sum: 0, Workers: 4
[103.817s][debug][gc,phases      ] GC(16)     Total                          Min: 0, Avg:  0.0, Max: 0, Diff: 0, Sum: 0, Workers: 4
[103.817s][debug][gc,phases      ] GC(16)   StringDedup Requests0 Weak     Min:  0.0, Avg:  0.0, Max:  0.0, Diff:  0.0, Sum:  0.0, Workers: 4
[103.817s][debug][gc,phases      ] GC(16)     Dead                           Min: 0, Avg:  0.0, Max: 0, Diff: 0, Sum: 0, Workers: 4
[103.817s][debug][gc,phases      ] GC(16)     Total                          Min: 0, Avg:  0.0, Max: 0, Diff: 0, Sum: 0, Workers: 4
[103.817s][debug][gc,phases      ] GC(16)   StringDedup Requests1 Weak     Min:  0.0, Avg:  0.0, Max:  0.0, Diff:  0.0, Sum:  0.0, Workers: 4
[103.817s][debug][gc,phases      ] GC(16)     Dead                           Min: 0, Avg:  0.0, Max: 0, Diff: 0, Sum: 0, Workers: 4
[103.817s][debug][gc,phases      ] GC(16)     Total                          Min: 0, Avg:  0.0, Max: 0, Diff: 0, Sum: 0, Workers: 4
[103.817s][debug][gc,phases      ] GC(16)   Weak JFR Old Object Samples    Min:  0.0, Avg:  0.0, Max:  0.0, Diff:  0.0, Sum:  0.0, Workers: 4
[103.817s][debug][gc,phases      ] GC(16)     Dead                           Min: 0, Avg:  0.0, Max: 0, Diff: 0, Sum: 0, Workers: 4
[103.817s][debug][gc,phases      ] GC(16)     Total                          Min: 0, Avg:  0.0, Max: 0, Diff: 0, Sum: 0, Workers: 4
[103.817s][debug][gc,phases      ] GC(16) Weak Processing 0.844ms
[103.817s][debug][gc,age         ] GC(16) Desired survivor size 229113856 bytes, new threshold 1 (max threshold 15)
[103.817s][info ][gc,heap        ] GC(16) PSYoungGen: 1678768K(1870336K)->37859K(1873408K) Eden: 1644544K(1644544K)->0K(1647104K) From: 34224K(225792K)->37859K(226304K)
[103.817s][info ][gc,heap        ] GC(16) ParOldGen: 296865K(296960K)->329220K(329728K)
[103.817s][info ][gc,metaspace   ] GC(16) Metaspace: 103791K(104960K)->103791K(104960K) NonClass: 88033K(88704K)->88033K(88704K) Class: 15757K(16256K)->15757K(16256K)
[103.817s][info ][gc             ] GC(16) Pause Young (Allocation Failure) 1929M->358M(2151M) 38.352ms
[103.817s][info ][gc,cpu         ] GC(16) User=0.13s Sys=0.03s Real=0.04s
[103.817s][info ][safepoint      ] Safepoint "ParallelGCFailedAllocation", Time since last: 1458337591 ns, Reaching safepoint: 6600 ns, Cleanup: 88000 ns, At safepoint: 38974057 ns, Total: 39068657 ns
[104.819s][info ][safepoint      ] Safepoint "Cleanup", Time since last: 1000947383 ns, Reaching safepoint: 84800 ns, Cleanup: 119101 ns, At safepoint: 10200 ns, Total: 214101 ns
[105.819s][info ][safepoint      ] Safepoint "Cleanup", Time since last: 1000121178 ns, Reaching safepoint: 5700 ns, Cleanup: 36500 ns, At safepoint: 5700 ns, Total: 47900 ns
[106.819s][info ][safepoint      ] Safepoint "Cleanup", Time since last: 1000127861 ns, Reaching safepoint: 84601 ns, Cleanup: 57100 ns, At safepoint: 8200 ns, Total: 149901 ns
[107.821s][info ][safepoint      ] Safepoint "Cleanup", Time since last: 1001833089 ns, Reaching safepoint: 83601 ns, Cleanup: 86301 ns, At safepoint: 13900 ns, Total: 183802 ns
[108.821s][info ][safepoint      ] Safepoint "Cleanup", Time since last: 1000116278 ns, Reaching safepoint: 6200 ns, Cleanup: 45700 ns, At safepoint: 2600 ns, Total: 54500 ns
[109.821s][info ][safepoint      ] Safepoint "Cleanup", Time since last: 1000108279 ns, Reaching safepoint: 77300 ns, Cleanup: 22100 ns, At safepoint: 5500 ns, Total: 104900 ns
[111.018s][info ][safepoint      ] Safepoint "Cleanup", Time since last: 1196987515 ns, Reaching safepoint: 4800 ns, Cleanup: 47100 ns, At safepoint: 4800 ns, Total: 56700 ns
[111.320s][info ][gc,start       ] GC(17) Pause Young (Allocation Failure)
[111.349s][debug][gc,phases      ] GC(17) Scavenge 29.409ms
[111.350s][debug][gc,ref         ] GC(17) ReferenceProcessor::execute queues: 1, RefProcThreadModel::Single, marks_oops_alive: false
[111.350s][debug][gc,ref         ] GC(17) Skipped KeepAliveFinalRefsPhase of Reference Processing: no references
[111.350s][debug][gc,ref         ] GC(17) ReferenceProcessor::execute queues: 1, RefProcThreadModel::Single, marks_oops_alive: false
[111.350s][debug][gc,phases      ] GC(17) Reference Processing 0.121ms
[111.350s][debug][gc,phases      ] GC(17)   VM Weak                        Min:  0.0, Avg:  0.0, Max:  0.0, Diff:  0.0, Sum:  0.0, Workers: 4
[111.350s][debug][gc,phases      ] GC(17)     Dead                           Min: 0, Avg:  0.0, Max: 0, Diff: 0, Sum: 0, Workers: 4
[111.350s][debug][gc,phases      ] GC(17)     Total                          Min: 0, Avg: 224.0, Max: 640, Diff: 640, Sum: 896, Workers: 4
[111.350s][debug][gc,phases      ] GC(17)   ObjectSynchronizer Weak        Min:  0.0, Avg:  0.0, Max:  0.0, Diff:  0.0, Sum:  0.0, Workers: 4
[111.350s][debug][gc,phases      ] GC(17)     Dead                           Min: 0, Avg:  0.0, Max: 0, Diff: 0, Sum: 0, Workers: 4
[111.350s][debug][gc,phases      ] GC(17)     Total                          Min: 0, Avg:  2.0, Max: 8, Diff: 8, Sum: 8, Workers: 4
[111.350s][debug][gc,phases      ] GC(17)   JVMTI Tag Weak OopStorage      Min:  0.0, Avg:  0.0, Max:  0.0, Diff:  0.0, Sum:  0.0, Workers: 4
[111.350s][debug][gc,phases      ] GC(17)     Dead                           Min: 0, Avg:  0.0, Max: 0, Diff: 0, Sum: 0, Workers: 4
[111.350s][debug][gc,phases      ] GC(17)     Total                          Min: 0, Avg:  0.0, Max: 0, Diff: 0, Sum: 0, Workers: 4
[111.350s][debug][gc,phases      ] GC(17)   StringTable Weak               Min:  0.1, Avg:  0.1, Max:  0.1, Diff:  0.0, Sum:  0.5, Workers: 4
[111.350s][debug][gc,phases      ] GC(17)     Dead                           Min: 0, Avg:  0.5, Max: 2, Diff: 2, Sum: 2, Workers: 4
[111.350s][debug][gc,phases      ] GC(17)     Total                          Min: 11391, Avg: 11423.8, Max: 11456, Diff: 65, Sum: 45695, Workers: 4
[111.350s][debug][gc,phases      ] GC(17)   ResolvedMethodTable Weak       Min:  0.0, Avg:  0.0, Max:  0.0, Diff:  0.0, Sum:  0.2, Workers: 4
[111.350s][debug][gc,phases      ] GC(17)     Dead                           Min: 0, Avg:  3.0, Max: 8, Diff: 8, Sum: 12, Workers: 4
[111.350s][debug][gc,phases      ] GC(17)     Total                          Min: 3343, Avg: 3648.0, Max: 3988, Diff: 645, Sum: 14592, Workers: 4
[111.350s][debug][gc,phases      ] GC(17)   JNI Weak                       Min:  0.0, Avg:  0.0, Max:  0.0, Diff:  0.0, Sum:  0.0, Workers: 4
[111.350s][debug][gc,phases      ] GC(17)     Dead                           Min: 0, Avg:  0.0, Max: 0, Diff: 0, Sum: 0, Workers: 4
[111.350s][debug][gc,phases      ] GC(17)     Total                          Min: 0, Avg: 13.0, Max: 52, Diff: 52, Sum: 52, Workers: 4
[111.350s][debug][gc,phases      ] GC(17)   StringDedup Table Weak         Min:  0.0, Avg:  0.0, Max:  0.0, Diff:  0.0, Sum:  0.0, Workers: 4
[111.350s][debug][gc,phases      ] GC(17)     Dead                           Min: 0, Avg:  0.0, Max: 0, Diff: 0, Sum: 0, Workers: 4
[111.350s][debug][gc,phases      ] GC(17)     Total                          Min: 0, Avg:  0.0, Max: 0, Diff: 0, Sum: 0, Workers: 4
[111.350s][debug][gc,phases      ] GC(17)   StringDedup Requests0 Weak     Min:  0.0, Avg:  0.0, Max:  0.0, Diff:  0.0, Sum:  0.0, Workers: 4
[111.350s][debug][gc,phases      ] GC(17)     Dead                           Min: 0, Avg:  0.0, Max: 0, Diff: 0, Sum: 0, Workers: 4
[111.350s][debug][gc,phases      ] GC(17)     Total                          Min: 0, Avg:  0.0, Max: 0, Diff: 0, Sum: 0, Workers: 4
[111.350s][debug][gc,phases      ] GC(17)   StringDedup Requests1 Weak     Min:  0.0, Avg:  0.0, Max:  0.0, Diff:  0.0, Sum:  0.0, Workers: 4
[111.350s][debug][gc,phases      ] GC(17)     Dead                           Min: 0, Avg:  0.0, Max: 0, Diff: 0, Sum: 0, Workers: 4
[111.350s][debug][gc,phases      ] GC(17)     Total                          Min: 0, Avg:  0.0, Max: 0, Diff: 0, Sum: 0, Workers: 4
[111.350s][debug][gc,phases      ] GC(17)   Weak JFR Old Object Samples    Min:  0.0, Avg:  0.0, Max:  0.0, Diff:  0.0, Sum:  0.0, Workers: 4
[111.350s][debug][gc,phases      ] GC(17)     Dead                           Min: 0, Avg:  0.0, Max: 0, Diff: 0, Sum: 0, Workers: 4
[111.350s][debug][gc,phases      ] GC(17)     Total                          Min: 0, Avg:  0.0, Max: 0, Diff: 0, Sum: 0, Workers: 4
[111.350s][debug][gc,phases      ] GC(17) Weak Processing 0.344ms
[111.350s][debug][gc,age         ] GC(17) Desired survivor size 226492416 bytes, new threshold 1 (max threshold 15)
[111.350s][info ][gc,heap        ] GC(17) PSYoungGen: 1684963K(1873408K)->33040K(1870848K) Eden: 1647104K(1647104K)->0K(1647104K) From: 37859K(226304K)->33040K(223744K)
[111.350s][info ][gc,heap        ] GC(17) ParOldGen: 329220K(329728K)->364416K(364544K)
[111.350s][info ][gc,metaspace   ] GC(17) Metaspace: 103960K(105152K)->103960K(105152K) NonClass: 88186K(88896K)->88186K(88896K) Class: 15774K(16256K)->15774K(16256K)
[111.350s][info ][gc             ] GC(17) Pause Young (Allocation Failure) 1966M->388M(2183M) 29.998ms
[111.350s][info ][gc,cpu         ] GC(17) User=0.10s Sys=0.02s Real=0.03s
[111.351s][info ][safepoint      ] Safepoint "ParallelGCFailedAllocation", Time since last: 301390292 ns, Reaching safepoint: 85001 ns, Cleanup: 20800 ns, At safepoint: 30606192 ns, Total: 30711993 ns
[112.870s][info ][safepoint      ] Safepoint "Cleanup", Time since last: 1519716240 ns, Reaching safepoint: 5800 ns, Cleanup: 74401 ns, At safepoint: 2600 ns, Total: 82801 ns
[113.871s][info ][safepoint      ] Safepoint "Cleanup", Time since last: 1000185179 ns, Reaching safepoint: 88700 ns, Cleanup: 44301 ns, At safepoint: 18500 ns, Total: 151501 ns
[114.871s][info ][safepoint      ] Safepoint "Cleanup", Time since last: 1000109041 ns, Reaching safepoint: 5700 ns, Cleanup: 67701 ns, At safepoint: 3200 ns, Total: 76601 ns
[115.871s][info ][safepoint      ] Safepoint "Cleanup", Time since last: 1000106626 ns, Reaching safepoint: 6300 ns, Cleanup: 18500 ns, At safepoint: 2700 ns, Total: 27500 ns
[116.871s][info ][safepoint      ] Safepoint "Cleanup", Time since last: 1000114326 ns, Reaching safepoint: 6300 ns, Cleanup: 17000 ns, At safepoint: 2900 ns, Total: 26200 ns
[117.871s][info ][safepoint      ] Safepoint "Cleanup", Time since last: 1000114326 ns, Reaching safepoint: 79301 ns, Cleanup: 13900 ns, At safepoint: 5200 ns, Total: 98401 ns
[118.872s][info ][safepoint      ] Safepoint "Cleanup", Time since last: 1000100426 ns, Reaching safepoint: 6800 ns, Cleanup: 43401 ns, At safepoint: 2600 ns, Total: 52801 ns
[119.872s][info ][safepoint      ] Safepoint "Cleanup", Time since last: 1000100026 ns, Reaching safepoint: 6400 ns, Cleanup: 18900 ns, At safepoint: 2800 ns, Total: 28100 ns
[120.762s][info ][gc,start       ] GC(18) Pause Young (Allocation Failure)
[120.788s][debug][gc,phases      ] GC(18) Scavenge 26.181ms
[120.788s][debug][gc,ref         ] GC(18) ReferenceProcessor::execute queues: 1, RefProcThreadModel::Single, marks_oops_alive: false
[120.788s][debug][gc,ref         ] GC(18) Skipped KeepAliveFinalRefsPhase of Reference Processing: no references
[120.788s][debug][gc,ref         ] GC(18) ReferenceProcessor::execute queues: 1, RefProcThreadModel::Single, marks_oops_alive: false
[120.788s][debug][gc,phases      ] GC(18) Reference Processing 0.095ms
[120.788s][debug][gc,phases      ] GC(18)   VM Weak                        Min:  0.0, Avg:  0.0, Max:  0.0, Diff:  0.0, Sum:  0.0, Workers: 4
[120.788s][debug][gc,phases      ] GC(18)     Dead                           Min: 0, Avg:  0.0, Max: 0, Diff: 0, Sum: 0, Workers: 4
[120.788s][debug][gc,phases      ] GC(18)     Total                          Min: 0, Avg: 226.0, Max: 456, Diff: 456, Sum: 904, Workers: 4
[120.788s][debug][gc,phases      ] GC(18)   ObjectSynchronizer Weak        Min:  0.0, Avg:  0.0, Max:  0.0, Diff:  0.0, Sum:  0.0, Workers: 4
[120.788s][debug][gc,phases      ] GC(18)     Dead                           Min: 0, Avg:  0.0, Max: 0, Diff: 0, Sum: 0, Workers: 4
[120.788s][debug][gc,phases      ] GC(18)     Total                          Min: 0, Avg:  1.0, Max: 4, Diff: 4, Sum: 4, Workers: 4
[120.788s][debug][gc,phases      ] GC(18)   JVMTI Tag Weak OopStorage      Min:  0.0, Avg:  0.0, Max:  0.0, Diff:  0.0, Sum:  0.0, Workers: 4
[120.788s][debug][gc,phases      ] GC(18)     Dead                           Min: 0, Avg:  0.0, Max: 0, Diff: 0, Sum: 0, Workers: 4
[120.788s][debug][gc,phases      ] GC(18)     Total                          Min: 0, Avg:  0.0, Max: 0, Diff: 0, Sum: 0, Workers: 4
[120.789s][debug][gc,phases      ] GC(18)   StringTable Weak               Min:  0.0, Avg:  0.1, Max:  0.1, Diff:  0.1, Sum:  0.4, Workers: 4
[120.789s][debug][gc,phases      ] GC(18)     Dead                           Min: 0, Avg:  0.0, Max: 0, Diff: 0, Sum: 0, Workers: 4
[120.789s][debug][gc,phases      ] GC(18)     Total                          Min: 0, Avg: 11433.5, Max: 19750, Diff: 19750, Sum: 45734, Workers: 4
[120.789s][debug][gc,phases      ] GC(18)   ResolvedMethodTable Weak       Min:  0.0, Avg:  0.0, Max:  0.0, Diff:  0.0, Sum:  0.1, Workers: 4
[120.789s][debug][gc,phases      ] GC(18)     Dead                           Min: 0, Avg:  4.8, Max: 16, Diff: 16, Sum: 19, Workers: 4
[120.789s][debug][gc,phases      ] GC(18)     Total                          Min: 0, Avg: 3658.5, Max: 6066, Diff: 6066, Sum: 14634, Workers: 4
[120.789s][debug][gc,phases      ] GC(18)   JNI Weak                       Min:  0.0, Avg:  0.0, Max:  0.0, Diff:  0.0, Sum:  0.0, Workers: 4
[120.789s][debug][gc,phases      ] GC(18)     Dead                           Min: 0, Avg:  0.0, Max: 0, Diff: 0, Sum: 0, Workers: 4
[120.789s][debug][gc,phases      ] GC(18)     Total                          Min: 0, Avg: 13.0, Max: 52, Diff: 52, Sum: 52, Workers: 4
[120.789s][debug][gc,phases      ] GC(18)   StringDedup Table Weak         Min:  0.0, Avg:  0.0, Max:  0.0, Diff:  0.0, Sum:  0.0, Workers: 4
[120.789s][debug][gc,phases      ] GC(18)     Dead                           Min: 0, Avg:  0.0, Max: 0, Diff: 0, Sum: 0, Workers: 4
[120.789s][debug][gc,phases      ] GC(18)     Total                          Min: 0, Avg:  0.0, Max: 0, Diff: 0, Sum: 0, Workers: 4
[120.789s][debug][gc,phases      ] GC(18)   StringDedup Requests0 Weak     Min:  0.0, Avg:  0.0, Max:  0.0, Diff:  0.0, Sum:  0.0, Workers: 4
[120.789s][debug][gc,phases      ] GC(18)     Dead                           Min: 0, Avg:  0.0, Max: 0, Diff: 0, Sum: 0, Workers: 4
[120.789s][debug][gc,phases      ] GC(18)     Total                          Min: 0, Avg:  0.0, Max: 0, Diff: 0, Sum: 0, Workers: 4
[120.789s][debug][gc,phases      ] GC(18)   StringDedup Requests1 Weak     Min:  0.0, Avg:  0.0, Max:  0.0, Diff:  0.0, Sum:  0.0, Workers: 4
[120.789s][debug][gc,phases      ] GC(18)     Dead                           Min: 0, Avg:  0.0, Max: 0, Diff: 0, Sum: 0, Workers: 4
[120.789s][debug][gc,phases      ] GC(18)     Total                          Min: 0, Avg:  0.0, Max: 0, Diff: 0, Sum: 0, Workers: 4
[120.789s][debug][gc,phases      ] GC(18)   Weak JFR Old Object Samples    Min:  0.0, Avg:  0.0, Max:  0.0, Diff:  0.0, Sum:  0.0, Workers: 4
[120.789s][debug][gc,phases      ] GC(18)     Dead                           Min: 0, Avg:  0.0, Max: 0, Diff: 0, Sum: 0, Workers: 4
[120.789s][debug][gc,phases      ] GC(18)     Total                          Min: 0, Avg:  0.0, Max: 0, Diff: 0, Sum: 0, Workers: 4
[120.789s][debug][gc,phases      ] GC(18) Weak Processing 0.337ms
[120.789s][debug][gc,age         ] GC(18) Desired survivor size 222822400 bytes, new threshold 1 (max threshold 15)
[120.789s][info ][gc,heap        ] GC(18) PSYoungGen: 1680144K(1870848K)->29824K(1879552K) Eden: 1647104K(1647104K)->0K(1658368K) From: 33040K(223744K)->29824K(221184K)
[120.789s][info ][gc,heap        ] GC(18) ParOldGen: 364416K(364544K)->393423K(393728K)
[120.789s][info ][gc,metaspace   ] GC(18) Metaspace: 104132K(105344K)->104132K(105344K) NonClass: 88343K(89024K)->88343K(89024K) Class: 15789K(16320K)->15789K(16320K)
[120.789s][info ][gc             ] GC(18) Pause Young (Allocation Failure) 1996M->413M(2220M) 26.719ms
[120.789s][info ][gc,cpu         ] GC(18) User=0.07s Sys=0.01s Real=0.02s
[120.789s][info ][safepoint      ] Safepoint "ParallelGCFailedAllocation", Time since last: 890170919 ns, Reaching safepoint: 23001 ns, Cleanup: 14200 ns, At safepoint: 26778172 ns, Total: 26815373 ns
[121.789s][info ][safepoint      ] Safepoint "Cleanup", Time since last: 1000087226 ns, Reaching safepoint: 79400 ns, Cleanup: 53001 ns, At safepoint: 6600 ns, Total: 139001 ns
[122.789s][info ][safepoint      ] Safepoint "Cleanup", Time since last: 1000111391 ns, Reaching safepoint: 6700 ns, Cleanup: 41100 ns, At safepoint: 2600 ns, Total: 50400 ns
[123.789s][info ][safepoint      ] Safepoint "Cleanup", Time since last: 1000113321 ns, Reaching safepoint: 81000 ns, Cleanup: 15200 ns, At safepoint: 5900 ns, Total: 102100 ns
[124.790s][info ][safepoint      ] Safepoint "Cleanup", Time since last: 1000117520 ns, Reaching safepoint: 79701 ns, Cleanup: 55300 ns, At safepoint: 6200 ns, Total: 141201 ns
[125.790s][info ][safepoint      ] Safepoint "Cleanup", Time since last: 1000102420 ns, Reaching safepoint: 6300 ns, Cleanup: 12000 ns, At safepoint: 2900 ns, Total: 21200 ns
[126.790s][info ][safepoint      ] Safepoint "Cleanup", Time since last: 1000097020 ns, Reaching safepoint: 82701 ns, Cleanup: 34000 ns, At safepoint: 11300 ns, Total: 128001 ns
[127.766s][info ][gc,start       ] GC(19) Pause Young (Allocation Failure)
[127.794s][debug][gc,phases      ] GC(19) Scavenge 27.884ms
[127.794s][debug][gc,ref         ] GC(19) ReferenceProcessor::execute queues: 1, RefProcThreadModel::Single, marks_oops_alive: false
[127.794s][debug][gc,ref         ] GC(19) Skipped KeepAliveFinalRefsPhase of Reference Processing: no references
[127.794s][debug][gc,ref         ] GC(19) ReferenceProcessor::execute queues: 1, RefProcThreadModel::Single, marks_oops_alive: false
[127.794s][debug][gc,phases      ] GC(19) Reference Processing 0.099ms
[127.795s][debug][gc,phases      ] GC(19)   VM Weak                        Min:  0.0, Avg:  0.0, Max:  0.0, Diff:  0.0, Sum:  0.0, Workers: 4
[127.795s][debug][gc,phases      ] GC(19)     Dead                           Min: 0, Avg:  0.0, Max: 0, Diff: 0, Sum: 0, Workers: 4
[127.795s][debug][gc,phases      ] GC(19)     Total                          Min: 0, Avg: 227.2, Max: 512, Diff: 512, Sum: 909, Workers: 4
[127.795s][debug][gc,phases      ] GC(19)   ObjectSynchronizer Weak        Min:  0.0, Avg:  0.0, Max:  0.0, Diff:  0.0, Sum:  0.0, Workers: 4
[127.795s][debug][gc,phases      ] GC(19)     Dead                           Min: 0, Avg:  0.0, Max: 0, Diff: 0, Sum: 0, Workers: 4
[127.795s][debug][gc,phases      ] GC(19)     Total                          Min: 0, Avg:  1.0, Max: 4, Diff: 4, Sum: 4, Workers: 4
[127.795s][debug][gc,phases      ] GC(19)   JVMTI Tag Weak OopStorage      Min:  0.0, Avg:  0.0, Max:  0.0, Diff:  0.0, Sum:  0.0, Workers: 4
[127.795s][debug][gc,phases      ] GC(19)     Dead                           Min: 0, Avg:  0.0, Max: 0, Diff: 0, Sum: 0, Workers: 4
[127.795s][debug][gc,phases      ] GC(19)     Total                          Min: 0, Avg:  0.0, Max: 0, Diff: 0, Sum: 0, Workers: 4
[127.795s][debug][gc,phases      ] GC(19)   StringTable Weak               Min:  0.0, Avg:  0.1, Max:  0.1, Diff:  0.1, Sum:  0.4, Workers: 4
[127.795s][debug][gc,phases      ] GC(19)     Dead                           Min: 0, Avg:  0.2, Max: 1, Diff: 1, Sum: 1, Workers: 4
[127.795s][debug][gc,phases      ] GC(19)     Total                          Min: 0, Avg: 11439.5, Max: 19967, Diff: 19967, Sum: 45758, Workers: 4
[127.795s][debug][gc,phases      ] GC(19)   ResolvedMethodTable Weak       Min:  0.0, Avg:  0.0, Max:  0.0, Diff:  0.0, Sum:  0.1, Workers: 4
[127.795s][debug][gc,phases      ] GC(19)     Dead                           Min: 0, Avg:  1.5, Max: 4, Diff: 4, Sum: 6, Workers: 4
[127.795s][debug][gc,phases      ] GC(19)     Total                          Min: 0, Avg: 3665.8, Max: 6231, Diff: 6231, Sum: 14663, Workers: 4
[127.795s][debug][gc,phases      ] GC(19)   JNI Weak                       Min:  0.0, Avg:  0.0, Max:  0.0, Diff:  0.0, Sum:  0.0, Workers: 4
[127.795s][debug][gc,phases      ] GC(19)     Dead                           Min: 0, Avg:  0.0, Max: 0, Diff: 0, Sum: 0, Workers: 4
[127.795s][debug][gc,phases      ] GC(19)     Total                          Min: 0, Avg: 13.0, Max: 52, Diff: 52, Sum: 52, Workers: 4
[127.795s][debug][gc,phases      ] GC(19)   StringDedup Table Weak         Min:  0.0, Avg:  0.0, Max:  0.0, Diff:  0.0, Sum:  0.0, Workers: 4
[127.795s][debug][gc,phases      ] GC(19)     Dead                           Min: 0, Avg:  0.0, Max: 0, Diff: 0, Sum: 0, Workers: 4
[127.795s][debug][gc,phases      ] GC(19)     Total                          Min: 0, Avg:  0.0, Max: 0, Diff: 0, Sum: 0, Workers: 4
[127.795s][debug][gc,phases      ] GC(19)   StringDedup Requests0 Weak     Min:  0.0, Avg:  0.0, Max:  0.0, Diff:  0.0, Sum:  0.0, Workers: 4
[127.795s][debug][gc,phases      ] GC(19)     Dead                           Min: 0, Avg:  0.0, Max: 0, Diff: 0, Sum: 0, Workers: 4
[127.795s][debug][gc,phases      ] GC(19)     Total                          Min: 0, Avg:  0.0, Max: 0, Diff: 0, Sum: 0, Workers: 4
[127.795s][debug][gc,phases      ] GC(19)   StringDedup Requests1 Weak     Min:  0.0, Avg:  0.0, Max:  0.0, Diff:  0.0, Sum:  0.0, Workers: 4
[127.795s][debug][gc,phases      ] GC(19)     Dead                           Min: 0, Avg:  0.0, Max: 0, Diff: 0, Sum: 0, Workers: 4
[127.795s][debug][gc,phases      ] GC(19)     Total                          Min: 0, Avg:  0.0, Max: 0, Diff: 0, Sum: 0, Workers: 4
[127.795s][debug][gc,phases      ] GC(19)   Weak JFR Old Object Samples    Min:  0.0, Avg:  0.0, Max:  0.0, Diff:  0.0, Sum:  0.0, Workers: 4
[127.795s][debug][gc,phases      ] GC(19)     Dead                           Min: 0, Avg:  0.0, Max: 0, Diff: 0, Sum: 0, Workers: 4
[127.795s][debug][gc,phases      ] GC(19)     Total                          Min: 0, Avg:  0.0, Max: 0, Diff: 0, Sum: 0, Workers: 4
[127.795s][debug][gc,phases      ] GC(19) Weak Processing 0.336ms
[127.795s][debug][gc,age         ] GC(19) Desired survivor size 216006656 bytes, new threshold 1 (max threshold 15)
[127.795s][info ][gc,heap        ] GC(19) PSYoungGen: 1688192K(1879552K)->38896K(1875968K) Eden: 1658368K(1658368K)->0K(1658368K) From: 29824K(221184K)->38896K(217600K)
[127.795s][info ][gc,heap        ] GC(19) ParOldGen: 393423K(393728K)->420619K(420864K)
[127.795s][info ][gc,metaspace   ] GC(19) Metaspace: 104268K(105472K)->104268K(105472K) NonClass: 88464K(89152K)->88464K(89152K) Class: 15804K(16320K)->15804K(16320K)
[127.795s][info ][gc             ] GC(19) Pause Young (Allocation Failure) 2032M->448M(2243M) 28.449ms
[127.795s][info ][gc,cpu         ] GC(19) User=0.08s Sys=0.02s Real=0.03s
[127.795s][info ][safepoint      ] Safepoint "ParallelGCFailedAllocation", Time since last: 976408378 ns, Reaching safepoint: 81600 ns, Cleanup: 33300 ns, At safepoint: 28520872 ns, Total: 28635772 ns
[128.795s][info ][safepoint      ] Safepoint "Cleanup", Time since last: 1000088125 ns, Reaching safepoint: 6200 ns, Cleanup: 12000 ns, At safepoint: 2400 ns, Total: 20600 ns
[129.795s][info ][safepoint      ] Safepoint "Cleanup", Time since last: 1000103371 ns, Reaching safepoint: 80901 ns, Cleanup: 17100 ns, At safepoint: 9900 ns, Total: 107901 ns
[130.796s][info ][safepoint      ] Safepoint "Cleanup", Time since last: 1000545172 ns, Reaching safepoint: 86401 ns, Cleanup: 57600 ns, At safepoint: 9100 ns, Total: 153101 ns
[131.796s][info ][safepoint      ] Safepoint "Cleanup", Time since last: 1000109467 ns, Reaching safepoint: 5300 ns, Cleanup: 28000 ns, At safepoint: 2300 ns, Total: 35600 ns
[133.258s][info ][safepoint      ] Safepoint "Cleanup", Time since last: 1462047154 ns, Reaching safepoint: 78700 ns, Cleanup: 38301 ns, At safepoint: 12300 ns, Total: 129301 ns
[134.258s][info ][safepoint      ] Safepoint "Cleanup", Time since last: 1000120667 ns, Reaching safepoint: 8600 ns, Cleanup: 18500 ns, At safepoint: 12100 ns, Total: 39200 ns
[135.259s][info ][safepoint      ] Safepoint "Cleanup", Time since last: 1000148967 ns, Reaching safepoint: 6700 ns, Cleanup: 9200 ns, At safepoint: 2600 ns, Total: 18500 ns
[136.259s][info ][safepoint      ] Safepoint "Cleanup", Time since last: 1000113567 ns, Reaching safepoint: 5100 ns, Cleanup: 14200 ns, At safepoint: 2300 ns, Total: 21600 ns
[137.259s][info ][safepoint      ] Safepoint "Cleanup", Time since last: 1000099767 ns, Reaching safepoint: 5500 ns, Cleanup: 5900 ns, At safepoint: 2700 ns, Total: 14100 ns
[137.764s][info ][gc,start       ] GC(20) Pause Young (Allocation Failure)
[137.794s][debug][gc,phases      ] GC(20) Scavenge 29.897ms
[137.794s][debug][gc,ref         ] GC(20) ReferenceProcessor::execute queues: 1, RefProcThreadModel::Single, marks_oops_alive: false
[137.794s][debug][gc,ref         ] GC(20) Skipped KeepAliveFinalRefsPhase of Reference Processing: no references
[137.794s][debug][gc,ref         ] GC(20) ReferenceProcessor::execute queues: 1, RefProcThreadModel::Single, marks_oops_alive: false
[137.794s][debug][gc,phases      ] GC(20) Reference Processing 0.095ms
[137.795s][debug][gc,phases      ] GC(20)   VM Weak                        Min:  0.0, Avg:  0.0, Max:  0.0, Diff:  0.0, Sum:  0.0, Workers: 4
[137.795s][debug][gc,phases      ] GC(20)     Dead                           Min: 0, Avg:  0.0, Max: 0, Diff: 0, Sum: 0, Workers: 4
[137.795s][debug][gc,phases      ] GC(20)     Total                          Min: 0, Avg: 227.5, Max: 768, Diff: 768, Sum: 910, Workers: 4
[137.795s][debug][gc,phases      ] GC(20)   ObjectSynchronizer Weak        Min:  0.0, Avg:  0.0, Max:  0.0, Diff:  0.0, Sum:  0.0, Workers: 4
[137.795s][debug][gc,phases      ] GC(20)     Dead                           Min: 0, Avg:  0.0, Max: 0, Diff: 0, Sum: 0, Workers: 4
[137.795s][debug][gc,phases      ] GC(20)     Total                          Min: 0, Avg:  1.5, Max: 6, Diff: 6, Sum: 6, Workers: 4
[137.795s][debug][gc,phases      ] GC(20)   JVMTI Tag Weak OopStorage      Min:  0.0, Avg:  0.0, Max:  0.0, Diff:  0.0, Sum:  0.0, Workers: 4
[137.795s][debug][gc,phases      ] GC(20)     Dead                           Min: 0, Avg:  0.0, Max: 0, Diff: 0, Sum: 0, Workers: 4
[137.795s][debug][gc,phases      ] GC(20)     Total                          Min: 0, Avg:  0.0, Max: 0, Diff: 0, Sum: 0, Workers: 4
[137.795s][debug][gc,phases      ] GC(20)   StringTable Weak               Min:  0.0, Avg:  0.1, Max:  0.1, Diff:  0.1, Sum:  0.4, Workers: 4
[137.795s][debug][gc,phases      ] GC(20)     Dead                           Min: 0, Avg:  0.2, Max: 1, Diff: 1, Sum: 1, Workers: 4
[137.795s][debug][gc,phases      ] GC(20)     Total                          Min: 0, Avg: 11443.2, Max: 19534, Diff: 19534, Sum: 45773, Workers: 4
[137.795s][debug][gc,phases      ] GC(20)   ResolvedMethodTable Weak       Min:  0.0, Avg:  0.0, Max:  0.0, Diff:  0.0, Sum:  0.1, Workers: 4
[137.795s][debug][gc,phases      ] GC(20)     Dead                           Min: 0, Avg:  0.0, Max: 0, Diff: 0, Sum: 0, Workers: 4
[137.795s][debug][gc,phases      ] GC(20)     Total                          Min: 0, Avg: 3667.2, Max: 6150, Diff: 6150, Sum: 14669, Workers: 4
[137.795s][debug][gc,phases      ] GC(20)   JNI Weak                       Min:  0.0, Avg:  0.0, Max:  0.0, Diff:  0.0, Sum:  0.0, Workers: 4
[137.795s][debug][gc,phases      ] GC(20)     Dead                           Min: 0, Avg:  0.0, Max: 0, Diff: 0, Sum: 0, Workers: 4
[137.795s][debug][gc,phases      ] GC(20)     Total                          Min: 0, Avg: 13.0, Max: 52, Diff: 52, Sum: 52, Workers: 4
[137.795s][debug][gc,phases      ] GC(20)   StringDedup Table Weak         Min:  0.0, Avg:  0.0, Max:  0.0, Diff:  0.0, Sum:  0.0, Workers: 4
[137.795s][debug][gc,phases      ] GC(20)     Dead                           Min: 0, Avg:  0.0, Max: 0, Diff: 0, Sum: 0, Workers: 4
[137.795s][debug][gc,phases      ] GC(20)     Total                          Min: 0, Avg:  0.0, Max: 0, Diff: 0, Sum: 0, Workers: 4
[137.795s][debug][gc,phases      ] GC(20)   StringDedup Requests0 Weak     Min:  0.0, Avg:  0.0, Max:  0.0, Diff:  0.0, Sum:  0.0, Workers: 4
[137.795s][debug][gc,phases      ] GC(20)     Dead                           Min: 0, Avg:  0.0, Max: 0, Diff: 0, Sum: 0, Workers: 4
[137.795s][debug][gc,phases      ] GC(20)     Total                          Min: 0, Avg:  0.0, Max: 0, Diff: 0, Sum: 0, Workers: 4
[137.795s][debug][gc,phases      ] GC(20)   StringDedup Requests1 Weak     Min:  0.0, Avg:  0.0, Max:  0.0, Diff:  0.0, Sum:  0.0, Workers: 4
[137.795s][debug][gc,phases      ] GC(20)     Dead                           Min: 0, Avg:  0.0, Max: 0, Diff: 0, Sum: 0, Workers: 4
[137.795s][debug][gc,phases      ] GC(20)     Total                          Min: 0, Avg:  0.0, Max: 0, Diff: 0, Sum: 0, Workers: 4
[137.795s][debug][gc,phases      ] GC(20)   Weak JFR Old Object Samples    Min:  0.0, Avg:  0.0, Max:  0.0, Diff:  0.0, Sum:  0.0, Workers: 4
[137.795s][debug][gc,phases      ] GC(20)     Dead                           Min: 0, Avg:  0.0, Max: 0, Diff: 0, Sum: 0, Workers: 4
[137.795s][debug][gc,phases      ] GC(20)     Total                          Min: 0, Avg:  0.0, Max: 0, Diff: 0, Sum: 0, Workers: 4
[137.795s][debug][gc,phases      ] GC(20) Weak Processing 0.352ms
[137.795s][debug][gc,age         ] GC(20) Desired survivor size 211288064 bytes, new threshold 1 (max threshold 15)
[137.795s][info ][gc,heap        ] GC(20) PSYoungGen: 1697264K(1875968K)->26490K(1890816K) Eden: 1658368K(1658368K)->0K(1679872K) From: 38896K(217600K)->26490K(210944K)
[137.795s][info ][gc,heap        ] GC(20) ParOldGen: 420619K(420864K)->453543K(453632K)
[137.795s][info ][gc,metaspace   ] GC(20) Metaspace: 104367K(105536K)->104367K(105536K) NonClass: 88556K(89216K)->88556K(89216K) Class: 15810K(16320K)->15810K(16320K)
[137.795s][info ][gc             ] GC(20) Pause Young (Allocation Failure) 2068M->468M(2289M) 30.458ms
[137.795s][info ][gc,cpu         ] GC(20) User=0.08s Sys=0.02s Real=0.03s
[137.795s][info ][safepoint      ] Safepoint "ParallelGCFailedAllocation", Time since last: 505384268 ns, Reaching safepoint: 84800 ns, Cleanup: 19800 ns, At safepoint: 30566698 ns, Total: 30671298 ns
[138.795s][info ][safepoint      ] Safepoint "Cleanup", Time since last: 1000089566 ns, Reaching safepoint: 6200 ns, Cleanup: 11200 ns, At safepoint: 2500 ns, Total: 19900 ns
[140.795s][info ][safepoint      ] Safepoint "Cleanup", Time since last: 2000165231 ns, Reaching safepoint: 6000 ns, Cleanup: 11000 ns, At safepoint: 2700 ns, Total: 19700 ns
[141.795s][info ][safepoint      ] Safepoint "Cleanup", Time since last: 1000105165 ns, Reaching safepoint: 5800 ns, Cleanup: 9300 ns, At safepoint: 2600 ns, Total: 17700 ns
[142.796s][info ][safepoint      ] Safepoint "Cleanup", Time since last: 1000094465 ns, Reaching safepoint: 76101 ns, Cleanup: 45100 ns, At safepoint: 6000 ns, Total: 127201 ns
[143.796s][info ][safepoint      ] Safepoint "Cleanup", Time since last: 1000098265 ns, Reaching safepoint: 6800 ns, Cleanup: 20200 ns, At safepoint: 2900 ns, Total: 29900 ns
[144.796s][info ][safepoint      ] Safepoint "Cleanup", Time since last: 1000103366 ns, Reaching safepoint: 5500 ns, Cleanup: 44300 ns, At safepoint: 6200 ns, Total: 56000 ns
[145.796s][info ][safepoint      ] Safepoint "Cleanup", Time since last: 1000101665 ns, Reaching safepoint: 6300 ns, Cleanup: 29600 ns, At safepoint: 2500 ns, Total: 38400 ns
[146.796s][info ][safepoint      ] Safepoint "Cleanup", Time since last: 1000106542 ns, Reaching safepoint: 77601 ns, Cleanup: 36000 ns, At safepoint: 6100 ns, Total: 119701 ns
[147.796s][info ][safepoint      ] Safepoint "Cleanup", Time since last: 1000114489 ns, Reaching safepoint: 6700 ns, Cleanup: 21000 ns, At safepoint: 2600 ns, Total: 30300 ns
[148.797s][info ][safepoint      ] Safepoint "Cleanup", Time since last: 1000111788 ns, Reaching safepoint: 80301 ns, Cleanup: 10200 ns, At safepoint: 6400 ns, Total: 96901 ns
[149.797s][info ][safepoint      ] Safepoint "Cleanup", Time since last: 1000121388 ns, Reaching safepoint: 7100 ns, Cleanup: 23100 ns, At safepoint: 3001 ns, Total: 33201 ns
[151.797s][info ][safepoint      ] Safepoint "Cleanup", Time since last: 2000185376 ns, Reaching safepoint: 6800 ns, Cleanup: 32400 ns, At safepoint: 2300 ns, Total: 41500 ns
[152.797s][info ][safepoint      ] Safepoint "Cleanup", Time since last: 1000104489 ns, Reaching safepoint: 5400 ns, Cleanup: 32300 ns, At safepoint: 2500 ns, Total: 40200 ns
[153.797s][info ][safepoint      ] Safepoint "Cleanup", Time since last: 1000103288 ns, Reaching safepoint: 6800 ns, Cleanup: 18300 ns, At safepoint: 2200 ns, Total: 27300 ns
[154.797s][info ][safepoint      ] Safepoint "Cleanup", Time since last: 1000101199 ns, Reaching safepoint: 6600 ns, Cleanup: 9800 ns, At safepoint: 2400 ns, Total: 18800 ns
[155.763s][info ][gc,start       ] GC(21) Pause Young (Allocation Failure)
[155.786s][debug][gc,phases      ] GC(21) Scavenge 23.230ms
[155.786s][debug][gc,ref         ] GC(21) ReferenceProcessor::execute queues: 1, RefProcThreadModel::Single, marks_oops_alive: false
[155.786s][debug][gc,ref         ] GC(21) Skipped KeepAliveFinalRefsPhase of Reference Processing: no references
[155.786s][debug][gc,ref         ] GC(21) ReferenceProcessor::execute queues: 1, RefProcThreadModel::Single, marks_oops_alive: false
[155.786s][debug][gc,phases      ] GC(21) Reference Processing 0.099ms
[155.786s][debug][gc,phases      ] GC(21)   VM Weak                        Min:  0.0, Avg:  0.0, Max:  0.0, Diff:  0.0, Sum:  0.0, Workers: 4
[155.786s][debug][gc,phases      ] GC(21)     Dead                           Min: 0, Avg:  0.0, Max: 0, Diff: 0, Sum: 0, Workers: 4
[155.786s][debug][gc,phases      ] GC(21)     Total                          Min: 0, Avg: 227.5, Max: 910, Diff: 910, Sum: 910, Workers: 4
[155.786s][debug][gc,phases      ] GC(21)   ObjectSynchronizer Weak        Min:  0.0, Avg:  0.0, Max:  0.0, Diff:  0.0, Sum:  0.0, Workers: 4
[155.786s][debug][gc,phases      ] GC(21)     Dead                           Min: 0, Avg:  0.0, Max: 0, Diff: 0, Sum: 0, Workers: 4
[155.786s][debug][gc,phases      ] GC(21)     Total                          Min: 0, Avg:  1.5, Max: 6, Diff: 6, Sum: 6, Workers: 4
[155.786s][debug][gc,phases      ] GC(21)   JVMTI Tag Weak OopStorage      Min:  0.0, Avg:  0.0, Max:  0.0, Diff:  0.0, Sum:  0.0, Workers: 4
[155.786s][debug][gc,phases      ] GC(21)     Dead                           Min: 0, Avg:  0.0, Max: 0, Diff: 0, Sum: 0, Workers: 4
[155.786s][debug][gc,phases      ] GC(21)     Total                          Min: 0, Avg:  0.0, Max: 0, Diff: 0, Sum: 0, Workers: 4
[155.786s][debug][gc,phases      ] GC(21)   StringTable Weak               Min:  0.1, Avg:  0.1, Max:  0.1, Diff:  0.1, Sum:  0.5, Workers: 4
[155.786s][debug][gc,phases      ] GC(21)     Dead                           Min: 0, Avg:  0.0, Max: 0, Diff: 0, Sum: 0, Workers: 4
[155.786s][debug][gc,phases      ] GC(21)     Total                          Min: 7744, Avg: 11457.2, Max: 13184, Diff: 5440, Sum: 45829, Workers: 4
[155.786s][debug][gc,phases      ] GC(21)   ResolvedMethodTable Weak       Min:  0.0, Avg:  0.0, Max:  0.0, Diff:  0.0, Sum:  0.2, Workers: 4
[155.786s][debug][gc,phases      ] GC(21)     Dead                           Min: 0, Avg:  4.0, Max: 10, Diff: 10, Sum: 16, Workers: 4
[155.786s][debug][gc,phases      ] GC(21)     Total                          Min: 3540, Avg: 3667.8, Max: 3810, Diff: 270, Sum: 14671, Workers: 4
[155.786s][debug][gc,phases      ] GC(21)   JNI Weak                       Min:  0.0, Avg:  0.0, Max:  0.0, Diff:  0.0, Sum:  0.0, Workers: 4
[155.786s][debug][gc,phases      ] GC(21)     Dead                           Min: 0, Avg:  0.0, Max: 0, Diff: 0, Sum: 0, Workers: 4
[155.786s][debug][gc,phases      ] GC(21)     Total                          Min: 0, Avg: 13.0, Max: 52, Diff: 52, Sum: 52, Workers: 4
[155.786s][debug][gc,phases      ] GC(21)   StringDedup Table Weak         Min:  0.0, Avg:  0.0, Max:  0.0, Diff:  0.0, Sum:  0.0, Workers: 4
[155.786s][debug][gc,phases      ] GC(21)     Dead                           Min: 0, Avg:  0.0, Max: 0, Diff: 0, Sum: 0, Workers: 4
[155.786s][debug][gc,phases      ] GC(21)     Total                          Min: 0, Avg:  0.0, Max: 0, Diff: 0, Sum: 0, Workers: 4
[155.786s][debug][gc,phases      ] GC(21)   StringDedup Requests0 Weak     Min:  0.0, Avg:  0.0, Max:  0.0, Diff:  0.0, Sum:  0.0, Workers: 4
[155.786s][debug][gc,phases      ] GC(21)     Dead                           Min: 0, Avg:  0.0, Max: 0, Diff: 0, Sum: 0, Workers: 4
[155.786s][debug][gc,phases      ] GC(21)     Total                          Min: 0, Avg:  0.0, Max: 0, Diff: 0, Sum: 0, Workers: 4
[155.786s][debug][gc,phases      ] GC(21)   StringDedup Requests1 Weak     Min:  0.0, Avg:  0.0, Max:  0.0, Diff:  0.0, Sum:  0.0, Workers: 4
[155.786s][debug][gc,phases      ] GC(21)     Dead                           Min: 0, Avg:  0.0, Max: 0, Diff: 0, Sum: 0, Workers: 4
[155.786s][debug][gc,phases      ] GC(21)     Total                          Min: 0, Avg:  0.0, Max: 0, Diff: 0, Sum: 0, Workers: 4
[155.786s][debug][gc,phases      ] GC(21)   Weak JFR Old Object Samples    Min:  0.0, Avg:  0.0, Max:  0.0, Diff:  0.0, Sum:  0.0, Workers: 4
[155.786s][debug][gc,phases      ] GC(21)     Dead                           Min: 0, Avg:  0.0, Max: 0, Diff: 0, Sum: 0, Workers: 4
[155.786s][debug][gc,phases      ] GC(21)     Total                          Min: 0, Avg:  0.0, Max: 0, Diff: 0, Sum: 0, Workers: 4
[155.786s][debug][gc,phases      ] GC(21) Weak Processing 0.341ms
[155.786s][debug][gc,age         ] GC(21) Desired survivor size 206569472 bytes, new threshold 1 (max threshold 15)
[155.786s][info ][gc,heap        ] GC(21) PSYoungGen: 1706362K(1890816K)->21584K(1886208K) Eden: 1679872K(1679872K)->0K(1679872K) From: 26490K(210944K)->21584K(206336K)
[155.786s][info ][gc,heap        ] GC(21) ParOldGen: 453543K(453632K)->475943K(476160K)
[155.786s][info ][gc,metaspace   ] GC(21) Metaspace: 104513K(105664K)->104513K(105664K) NonClass: 88692K(89344K)->88692K(89344K) Class: 15820K(16320K)->15820K(16320K)
[155.786s][info ][gc             ] GC(21) Pause Young (Allocation Failure) 2109M->485M(2307M) 23.791ms
[155.786s][info ][gc,cpu         ] GC(21) User=0.07s Sys=0.01s Real=0.02s
[155.786s][info ][safepoint      ] Safepoint "ParallelGCFailedAllocation", Time since last: 965181000 ns, Reaching safepoint: 81701 ns, Cleanup: 10400 ns, At safepoint: 23861053 ns, Total: 23953154 ns
[156.787s][info ][safepoint      ] Safepoint "Cleanup", Time since last: 1000090725 ns, Reaching safepoint: 7000 ns, Cleanup: 8900 ns, At safepoint: 2600 ns, Total: 18500 ns
[157.787s][info ][safepoint      ] Safepoint "Cleanup", Time since last: 1000108524 ns, Reaching safepoint: 6500 ns, Cleanup: 15600 ns, At safepoint: 2600 ns, Total: 24700 ns
[158.787s][info ][safepoint      ] Safepoint "Cleanup", Time since last: 1000105625 ns, Reaching safepoint: 5400 ns, Cleanup: 8700 ns, At safepoint: 2300 ns, Total: 16400 ns
[159.787s][info ][safepoint      ] Safepoint "Cleanup", Time since last: 1000099924 ns, Reaching safepoint: 6200 ns, Cleanup: 43501 ns, At safepoint: 2700 ns, Total: 52401 ns
[160.787s][info ][safepoint      ] Safepoint "Cleanup", Time since last: 1000109924 ns, Reaching safepoint: 6800 ns, Cleanup: 14300 ns, At safepoint: 2600 ns, Total: 23700 ns
[161.787s][info ][safepoint      ] Safepoint "Cleanup", Time since last: 1000104725 ns, Reaching safepoint: 5600 ns, Cleanup: 9900 ns, At safepoint: 2100 ns, Total: 17600 ns
[162.787s][info ][safepoint      ] Safepoint "Cleanup", Time since last: 1000102439 ns, Reaching safepoint: 6200 ns, Cleanup: 12800 ns, At safepoint: 2700 ns, Total: 21700 ns
[166.788s][info ][safepoint      ] Safepoint "Cleanup", Time since last: 4000311446 ns, Reaching safepoint: 6300 ns, Cleanup: 18600 ns, At safepoint: 2100 ns, Total: 27000 ns
[167.788s][info ][safepoint      ] Safepoint "Cleanup", Time since last: 1000100312 ns, Reaching safepoint: 6200 ns, Cleanup: 9700 ns, At safepoint: 2400 ns, Total: 18300 ns
[168.788s][info ][safepoint      ] Safepoint "Cleanup", Time since last: 1000095511 ns, Reaching safepoint: 5900 ns, Cleanup: 76001 ns, At safepoint: 2400 ns, Total: 84301 ns
[169.788s][info ][safepoint      ] Safepoint "Cleanup", Time since last: 1000102275 ns, Reaching safepoint: 6400 ns, Cleanup: 23000 ns, At safepoint: 2600 ns, Total: 32000 ns
[170.788s][info ][safepoint      ] Safepoint "Cleanup", Time since last: 1000105930 ns, Reaching safepoint: 80001 ns, Cleanup: 14100 ns, At safepoint: 6000 ns, Total: 100101 ns
[171.788s][info ][safepoint      ] Safepoint "Cleanup", Time since last: 1000096626 ns, Reaching safepoint: 6100 ns, Cleanup: 29300 ns, At safepoint: 2900 ns, Total: 38300 ns
[172.789s][info ][safepoint      ] Safepoint "Cleanup", Time since last: 1000100826 ns, Reaching safepoint: 6300 ns, Cleanup: 16100 ns, At safepoint: 2800 ns, Total: 25200 ns
[173.789s][info ][safepoint      ] Safepoint "Cleanup", Time since last: 1000106826 ns, Reaching safepoint: 6200 ns, Cleanup: 9200 ns, At safepoint: 2800 ns, Total: 18200 ns
[174.789s][info ][safepoint      ] Safepoint "Cleanup", Time since last: 1000106026 ns, Reaching safepoint: 6400 ns, Cleanup: 21800 ns, At safepoint: 2500 ns, Total: 30700 ns
[175.789s][info ][safepoint      ] Safepoint "Cleanup", Time since last: 1000117826 ns, Reaching safepoint: 6600 ns, Cleanup: 19001 ns, At safepoint: 2600 ns, Total: 28201 ns
[176.789s][info ][safepoint      ] Safepoint "Cleanup", Time since last: 1000111026 ns, Reaching safepoint: 6800 ns, Cleanup: 24500 ns, At safepoint: 2600 ns, Total: 33900 ns
[177.328s][info ][gc,start       ] GC(22) Pause Young (Allocation Failure)
[177.347s][debug][gc,phases      ] GC(22) Scavenge 18.488ms
[177.347s][debug][gc,ref         ] GC(22) ReferenceProcessor::execute queues: 1, RefProcThreadModel::Single, marks_oops_alive: false
[177.347s][debug][gc,ref         ] GC(22) Skipped KeepAliveFinalRefsPhase of Reference Processing: no references
[177.347s][debug][gc,ref         ] GC(22) ReferenceProcessor::execute queues: 1, RefProcThreadModel::Single, marks_oops_alive: false
[177.347s][debug][gc,phases      ] GC(22) Reference Processing 0.108ms
[177.347s][debug][gc,phases      ] GC(22)   VM Weak                        Min:  0.0, Avg:  0.0, Max:  0.0, Diff:  0.0, Sum:  0.0, Workers: 4
[177.347s][debug][gc,phases      ] GC(22)     Dead                           Min: 0, Avg:  0.0, Max: 0, Diff: 0, Sum: 0, Workers: 4
[177.347s][debug][gc,phases      ] GC(22)     Total                          Min: 0, Avg: 229.0, Max: 704, Diff: 704, Sum: 916, Workers: 4
[177.347s][debug][gc,phases      ] GC(22)   ObjectSynchronizer Weak        Min:  0.0, Avg:  0.0, Max:  0.0, Diff:  0.0, Sum:  0.0, Workers: 4
[177.347s][debug][gc,phases      ] GC(22)     Dead                           Min: 0, Avg:  0.0, Max: 0, Diff: 0, Sum: 0, Workers: 4
[177.347s][debug][gc,phases      ] GC(22)     Total                          Min: 0, Avg:  1.8, Max: 7, Diff: 7, Sum: 7, Workers: 4
[177.347s][debug][gc,phases      ] GC(22)   JVMTI Tag Weak OopStorage      Min:  0.0, Avg:  0.0, Max:  0.0, Diff:  0.0, Sum:  0.0, Workers: 4
[177.347s][debug][gc,phases      ] GC(22)     Dead                           Min: 0, Avg:  0.0, Max: 0, Diff: 0, Sum: 0, Workers: 4
[177.347s][debug][gc,phases      ] GC(22)     Total                          Min: 0, Avg:  0.0, Max: 0, Diff: 0, Sum: 0, Workers: 4
[177.347s][debug][gc,phases      ] GC(22)   StringTable Weak               Min:  0.1, Avg:  0.1, Max:  0.1, Diff:  0.0, Sum:  0.5, Workers: 4
[177.347s][debug][gc,phases      ] GC(22)     Dead                           Min: 0, Avg:  0.8, Max: 3, Diff: 3, Sum: 3, Workers: 4
[177.347s][debug][gc,phases      ] GC(22)     Total                          Min: 6080, Avg: 11470.2, Max: 13438, Diff: 7358, Sum: 45881, Workers: 4
[177.347s][debug][gc,phases      ] GC(22)   ResolvedMethodTable Weak       Min:  0.0, Avg:  0.0, Max:  0.0, Diff:  0.0, Sum:  0.2, Workers: 4
[177.347s][debug][gc,phases      ] GC(22)     Dead                           Min: 0, Avg:  5.2, Max: 20, Diff: 20, Sum: 21, Workers: 4
[177.347s][debug][gc,phases      ] GC(22)     Total                          Min: 3348, Avg: 3675.0, Max: 3919, Diff: 571, Sum: 14700, Workers: 4
[177.347s][debug][gc,phases      ] GC(22)   JNI Weak                       Min:  0.0, Avg:  0.0, Max:  0.0, Diff:  0.0, Sum:  0.0, Workers: 4
[177.347s][debug][gc,phases      ] GC(22)     Dead                           Min: 0, Avg:  0.0, Max: 0, Diff: 0, Sum: 0, Workers: 4
[177.347s][debug][gc,phases      ] GC(22)     Total                          Min: 0, Avg: 13.0, Max: 52, Diff: 52, Sum: 52, Workers: 4
[177.347s][debug][gc,phases      ] GC(22)   StringDedup Table Weak         Min:  0.0, Avg:  0.0, Max:  0.0, Diff:  0.0, Sum:  0.0, Workers: 4
[177.347s][debug][gc,phases      ] GC(22)     Dead                           Min: 0, Avg:  0.0, Max: 0, Diff: 0, Sum: 0, Workers: 4
[177.347s][debug][gc,phases      ] GC(22)     Total                          Min: 0, Avg:  0.0, Max: 0, Diff: 0, Sum: 0, Workers: 4
[177.347s][debug][gc,phases      ] GC(22)   StringDedup Requests0 Weak     Min:  0.0, Avg:  0.0, Max:  0.0, Diff:  0.0, Sum:  0.0, Workers: 4
[177.347s][debug][gc,phases      ] GC(22)     Dead                           Min: 0, Avg:  0.0, Max: 0, Diff: 0, Sum: 0, Workers: 4
[177.347s][debug][gc,phases      ] GC(22)     Total                          Min: 0, Avg:  0.0, Max: 0, Diff: 0, Sum: 0, Workers: 4
[177.347s][debug][gc,phases      ] GC(22)   StringDedup Requests1 Weak     Min:  0.0, Avg:  0.0, Max:  0.0, Diff:  0.0, Sum:  0.0, Workers: 4
[177.347s][debug][gc,phases      ] GC(22)     Dead                           Min: 0, Avg:  0.0, Max: 0, Diff: 0, Sum: 0, Workers: 4
[177.347s][debug][gc,phases      ] GC(22)     Total                          Min: 0, Avg:  0.0, Max: 0, Diff: 0, Sum: 0, Workers: 4
[177.347s][debug][gc,phases      ] GC(22)   Weak JFR Old Object Samples    Min:  0.0, Avg:  0.0, Max:  0.0, Diff:  0.0, Sum:  0.0, Workers: 4
[177.347s][debug][gc,phases      ] GC(22)     Dead                           Min: 0, Avg:  0.0, Max: 0, Diff: 0, Sum: 0, Workers: 4
[177.347s][debug][gc,phases      ] GC(22)     Total                          Min: 0, Avg:  0.0, Max: 0, Diff: 0, Sum: 0, Workers: 4
[177.347s][debug][gc,phases      ] GC(22) Weak Processing 0.332ms
[177.347s][debug][gc,age         ] GC(22) Desired survivor size 200278016 bytes, new threshold 1 (max threshold 15)
[177.347s][info ][gc,heap        ] GC(22) PSYoungGen: 1701456K(1886208K)->22778K(1901568K) Eden: 1679872K(1679872K)->0K(1699840K) From: 21584K(206336K)->22778K(201728K)
[177.347s][info ][gc,heap        ] GC(22) ParOldGen: 475943K(476160K)->496238K(496640K)
[177.347s][info ][gc,metaspace   ] GC(22) Metaspace: 104626K(105856K)->104626K(105856K) NonClass: 88796K(89536K)->88796K(89536K) Class: 15829K(16320K)->15829K(16320K)
[177.347s][info ][gc             ] GC(22) Pause Young (Allocation Failure) 2126M->506M(2342M) 19.052ms
[177.347s][info ][gc,cpu         ] GC(22) User=0.06s Sys=0.02s Real=0.02s
[177.347s][info ][safepoint      ] Safepoint "ParallelGCFailedAllocation", Time since last: 539138664 ns, Reaching safepoint: 83900 ns, Cleanup: 17501 ns, At safepoint: 19124622 ns, Total: 19226023 ns
[178.348s][info ][safepoint      ] Safepoint "Cleanup", Time since last: 1000086626 ns, Reaching safepoint: 6400 ns, Cleanup: 13400 ns, At safepoint: 2500 ns, Total: 22300 ns
[179.348s][info ][safepoint      ] Safepoint "Cleanup", Time since last: 1000103025 ns, Reaching safepoint: 6100 ns, Cleanup: 8500 ns, At safepoint: 2200 ns, Total: 16800 ns
[181.154s][info ][safepoint      ] Safepoint "Cleanup", Time since last: 1805784800 ns, Reaching safepoint: 6200 ns, Cleanup: 44600 ns, At safepoint: 2200 ns, Total: 53000 ns
[182.154s][info ][safepoint      ] Safepoint "Cleanup", Time since last: 1000102925 ns, Reaching safepoint: 6000 ns, Cleanup: 23100 ns, At safepoint: 2000 ns, Total: 31100 ns
[184.154s][info ][safepoint      ] Safepoint "Cleanup", Time since last: 2000170648 ns, Reaching safepoint: 5500 ns, Cleanup: 16300 ns, At safepoint: 2400 ns, Total: 24200 ns
[185.154s][info ][safepoint      ] Safepoint "Cleanup", Time since last: 1000094825 ns, Reaching safepoint: 5800 ns, Cleanup: 22700 ns, At safepoint: 2600 ns, Total: 31100 ns
[186.154s][info ][safepoint      ] Safepoint "Cleanup", Time since last: 1000091824 ns, Reaching safepoint: 5500 ns, Cleanup: 32700 ns, At safepoint: 2200 ns, Total: 40400 ns
[187.154s][info ][safepoint      ] Safepoint "Cleanup", Time since last: 1000098219 ns, Reaching safepoint: 6201 ns, Cleanup: 56000 ns, At safepoint: 2400 ns, Total: 64601 ns
[188.154s][info ][safepoint      ] Safepoint "Cleanup", Time since last: 1000103224 ns, Reaching safepoint: 5600 ns, Cleanup: 26900 ns, At safepoint: 2300 ns, Total: 34800 ns
[189.073s][info ][gc,start       ] GC(23) Pause Young (Allocation Failure)
[189.093s][debug][gc,phases      ] GC(23) Scavenge 20.177ms
[189.093s][debug][gc,ref         ] GC(23) ReferenceProcessor::execute queues: 1, RefProcThreadModel::Single, marks_oops_alive: false
[189.093s][debug][gc,ref         ] GC(23) Skipped KeepAliveFinalRefsPhase of Reference Processing: no references
[189.093s][debug][gc,ref         ] GC(23) ReferenceProcessor::execute queues: 1, RefProcThreadModel::Single, marks_oops_alive: false
[189.093s][debug][gc,phases      ] GC(23) Reference Processing 0.117ms
[189.093s][debug][gc,phases      ] GC(23)   VM Weak                        Min:  0.0, Avg:  0.0, Max:  0.0, Diff:  0.0, Sum:  0.0, Workers: 4
[189.093s][debug][gc,phases      ] GC(23)     Dead                           Min: 0, Avg:  0.0, Max: 0, Diff: 0, Sum: 0, Workers: 4
[189.093s][debug][gc,phases      ] GC(23)     Total                          Min: 0, Avg: 231.0, Max: 540, Diff: 540, Sum: 924, Workers: 4
[189.093s][debug][gc,phases      ] GC(23)   ObjectSynchronizer Weak        Min:  0.0, Avg:  0.0, Max:  0.0, Diff:  0.0, Sum:  0.0, Workers: 4
[189.093s][debug][gc,phases      ] GC(23)     Dead                           Min: 0, Avg:  0.0, Max: 0, Diff: 0, Sum: 0, Workers: 4
[189.093s][debug][gc,phases      ] GC(23)     Total                          Min: 0, Avg:  1.0, Max: 4, Diff: 4, Sum: 4, Workers: 4
[189.093s][debug][gc,phases      ] GC(23)   JVMTI Tag Weak OopStorage      Min:  0.0, Avg:  0.0, Max:  0.0, Diff:  0.0, Sum:  0.0, Workers: 4
[189.093s][debug][gc,phases      ] GC(23)     Dead                           Min: 0, Avg:  0.0, Max: 0, Diff: 0, Sum: 0, Workers: 4
[189.093s][debug][gc,phases      ] GC(23)     Total                          Min: 0, Avg:  0.0, Max: 0, Diff: 0, Sum: 0, Workers: 4
[189.093s][debug][gc,phases      ] GC(23)   StringTable Weak               Min:  0.1, Avg:  0.1, Max:  0.1, Diff:  0.0, Sum:  0.5, Workers: 4
[189.093s][debug][gc,phases      ] GC(23)     Dead                           Min: 0, Avg:  0.0, Max: 0, Diff: 0, Sum: 0, Workers: 4
[189.093s][debug][gc,phases      ] GC(23)     Total                          Min: 11074, Avg: 11472.5, Max: 11776, Diff: 702, Sum: 45890, Workers: 4
[189.093s][debug][gc,phases      ] GC(23)   ResolvedMethodTable Weak       Min:  0.0, Avg:  0.0, Max:  0.0, Diff:  0.0, Sum:  0.2, Workers: 4
[189.093s][debug][gc,phases      ] GC(23)     Dead                           Min: 0, Avg:  0.0, Max: 0, Diff: 0, Sum: 0, Workers: 4
[189.093s][debug][gc,phases      ] GC(23)     Total                          Min: 3244, Avg: 3680.0, Max: 4091, Diff: 847, Sum: 14720, Workers: 4
[189.093s][debug][gc,phases      ] GC(23)   JNI Weak                       Min:  0.0, Avg:  0.0, Max:  0.0, Diff:  0.0, Sum:  0.0, Workers: 4
[189.093s][debug][gc,phases      ] GC(23)     Dead                           Min: 0, Avg:  0.0, Max: 0, Diff: 0, Sum: 0, Workers: 4
[189.093s][debug][gc,phases      ] GC(23)     Total                          Min: 0, Avg: 13.0, Max: 52, Diff: 52, Sum: 52, Workers: 4
[189.093s][debug][gc,phases      ] GC(23)   StringDedup Table Weak         Min:  0.0, Avg:  0.0, Max:  0.0, Diff:  0.0, Sum:  0.0, Workers: 4
[189.093s][debug][gc,phases      ] GC(23)     Dead                           Min: 0, Avg:  0.0, Max: 0, Diff: 0, Sum: 0, Workers: 4
[189.093s][debug][gc,phases      ] GC(23)     Total                          Min: 0, Avg:  0.0, Max: 0, Diff: 0, Sum: 0, Workers: 4
[189.093s][debug][gc,phases      ] GC(23)   StringDedup Requests0 Weak     Min:  0.0, Avg:  0.0, Max:  0.0, Diff:  0.0, Sum:  0.0, Workers: 4
[189.093s][debug][gc,phases      ] GC(23)     Dead                           Min: 0, Avg:  0.0, Max: 0, Diff: 0, Sum: 0, Workers: 4
[189.093s][debug][gc,phases      ] GC(23)     Total                          Min: 0, Avg:  0.0, Max: 0, Diff: 0, Sum: 0, Workers: 4
[189.093s][debug][gc,phases      ] GC(23)   StringDedup Requests1 Weak     Min:  0.0, Avg:  0.0, Max:  0.0, Diff:  0.0, Sum:  0.0, Workers: 4
[189.093s][debug][gc,phases      ] GC(23)     Dead                           Min: 0, Avg:  0.0, Max: 0, Diff: 0, Sum: 0, Workers: 4
[189.093s][debug][gc,phases      ] GC(23)     Total                          Min: 0, Avg:  0.0, Max: 0, Diff: 0, Sum: 0, Workers: 4
[189.093s][debug][gc,phases      ] GC(23)   Weak JFR Old Object Samples    Min:  0.0, Avg:  0.0, Max:  0.0, Diff:  0.0, Sum:  0.0, Workers: 4
[189.093s][debug][gc,phases      ] GC(23)     Dead                           Min: 0, Avg:  0.0, Max: 0, Diff: 0, Sum: 0, Workers: 4
[189.093s][debug][gc,phases      ] GC(23)     Total                          Min: 0, Avg:  0.0, Max: 0, Diff: 0, Sum: 0, Workers: 4
[189.093s][debug][gc,phases      ] GC(23) Weak Processing 0.347ms
[189.093s][debug][gc,age         ] GC(23) Desired survivor size 192413696 bytes, new threshold 1 (max threshold 15)
[189.093s][info ][gc,heap        ] GC(23) PSYoungGen: 1722618K(1901568K)->30592K(1895424K) Eden: 1699840K(1699840K)->0K(1699840K) From: 22778K(201728K)->30592K(195584K)
[189.093s][info ][gc,heap        ] GC(23) ParOldGen: 496238K(496640K)->517333K(517632K)
[189.093s][info ][gc,metaspace   ] GC(23) Metaspace: 104707K(105984K)->104707K(105984K) NonClass: 88870K(89600K)->88870K(89600K) Class: 15836K(16384K)->15836K(16384K)
[189.093s][info ][gc             ] GC(23) Pause Young (Allocation Failure) 2166M->535M(2356M) 20.755ms
[189.093s][info ][gc,cpu         ] GC(23) User=0.07s Sys=0.01s Real=0.02s
[189.093s][info ][safepoint      ] Safepoint "ParallelGCFailedAllocation", Time since last: 918027737 ns, Reaching safepoint: 80701 ns, Cleanup: 13500 ns, At safepoint: 20845424 ns, Total: 20939625 ns
[190.094s][info ][safepoint      ] Safepoint "Cleanup", Time since last: 1000093723 ns, Reaching safepoint: 81101 ns, Cleanup: 21500 ns, At safepoint: 6200 ns, Total: 108801 ns
[191.095s][info ][safepoint      ] Safepoint "Cleanup", Time since last: 1001250430 ns, Reaching safepoint: 87901 ns, Cleanup: 17900 ns, At safepoint: 15100 ns, Total: 120901 ns
[192.095s][info ][safepoint      ] Safepoint "Cleanup", Time since last: 1000106193 ns, Reaching safepoint: 6300 ns, Cleanup: 20900 ns, At safepoint: 2800 ns, Total: 30000 ns
[193.095s][info ][safepoint      ] Safepoint "Cleanup", Time since last: 1000098796 ns, Reaching safepoint: 5400 ns, Cleanup: 18500 ns, At safepoint: 2300 ns, Total: 26200 ns
[194.095s][info ][safepoint      ] Safepoint "Cleanup", Time since last: 1000103595 ns, Reaching safepoint: 5700 ns, Cleanup: 20700 ns, At safepoint: 2700 ns, Total: 29100 ns
[195.096s][info ][safepoint      ] Safepoint "Cleanup", Time since last: 1000096392 ns, Reaching safepoint: 5200 ns, Cleanup: 23600 ns, At safepoint: 2000 ns, Total: 30800 ns
[195.882s][info ][gc,start       ] GC(24) Pause Young (Allocation Failure)
[195.907s][debug][gc,phases      ] GC(24) Scavenge 24.330ms
[195.907s][debug][gc,ref         ] GC(24) ReferenceProcessor::execute queues: 1, RefProcThreadModel::Single, marks_oops_alive: false
[195.907s][debug][gc,ref         ] GC(24) Skipped KeepAliveFinalRefsPhase of Reference Processing: no references
[195.907s][debug][gc,ref         ] GC(24) ReferenceProcessor::execute queues: 1, RefProcThreadModel::Single, marks_oops_alive: false
[195.907s][debug][gc,phases      ] GC(24) Reference Processing 0.100ms
[195.907s][debug][gc,phases      ] GC(24)   VM Weak                        Min:  0.0, Avg:  0.0, Max:  0.0, Diff:  0.0, Sum:  0.0, Workers: 4
[195.907s][debug][gc,phases      ] GC(24)     Dead                           Min: 0, Avg:  0.0, Max: 0, Diff: 0, Sum: 0, Workers: 4
[195.907s][debug][gc,phases      ] GC(24)     Total                          Min: 0, Avg: 231.0, Max: 860, Diff: 860, Sum: 924, Workers: 4
[195.907s][debug][gc,phases      ] GC(24)   ObjectSynchronizer Weak        Min:  0.0, Avg:  0.0, Max:  0.0, Diff:  0.0, Sum:  0.0, Workers: 4
[195.907s][debug][gc,phases      ] GC(24)     Dead                           Min: 0, Avg:  0.0, Max: 0, Diff: 0, Sum: 0, Workers: 4
[195.907s][debug][gc,phases      ] GC(24)     Total                          Min: 0, Avg:  1.0, Max: 4, Diff: 4, Sum: 4, Workers: 4
[195.907s][debug][gc,phases      ] GC(24)   JVMTI Tag Weak OopStorage      Min:  0.0, Avg:  0.0, Max:  0.0, Diff:  0.0, Sum:  0.0, Workers: 4
[195.907s][debug][gc,phases      ] GC(24)     Dead                           Min: 0, Avg:  0.0, Max: 0, Diff: 0, Sum: 0, Workers: 4
[195.907s][debug][gc,phases      ] GC(24)     Total                          Min: 0, Avg:  0.0, Max: 0, Diff: 0, Sum: 0, Workers: 4
[195.907s][debug][gc,phases      ] GC(24)   StringTable Weak               Min:  0.0, Avg:  0.1, Max:  0.1, Diff:  0.1, Sum:  0.4, Workers: 4
[195.907s][debug][gc,phases      ] GC(24)     Dead                           Min: 0, Avg:  0.2, Max: 1, Diff: 1, Sum: 1, Workers: 4
[195.907s][debug][gc,phases      ] GC(24)     Total                          Min: 0, Avg: 11474.0, Max: 19849, Diff: 19849, Sum: 45896, Workers: 4
[195.907s][debug][gc,phases      ] GC(24)   ResolvedMethodTable Weak       Min:  0.0, Avg:  0.0, Max:  0.0, Diff:  0.0, Sum:  0.1, Workers: 4
[195.907s][debug][gc,phases      ] GC(24)     Dead                           Min: 0, Avg:  4.0, Max: 16, Diff: 16, Sum: 16, Workers: 4
[195.907s][debug][gc,phases      ] GC(24)     Total                          Min: 0, Avg: 3681.0, Max: 6301, Diff: 6301, Sum: 14724, Workers: 4
[195.907s][debug][gc,phases      ] GC(24)   JNI Weak                       Min:  0.0, Avg:  0.0, Max:  0.0, Diff:  0.0, Sum:  0.0, Workers: 4
[195.907s][debug][gc,phases      ] GC(24)     Dead                           Min: 0, Avg:  0.0, Max: 0, Diff: 0, Sum: 0, Workers: 4
[195.907s][debug][gc,phases      ] GC(24)     Total                          Min: 0, Avg: 13.0, Max: 52, Diff: 52, Sum: 52, Workers: 4
[195.907s][debug][gc,phases      ] GC(24)   StringDedup Table Weak         Min:  0.0, Avg:  0.0, Max:  0.0, Diff:  0.0, Sum:  0.0, Workers: 4
[195.907s][debug][gc,phases      ] GC(24)     Dead                           Min: 0, Avg:  0.0, Max: 0, Diff: 0, Sum: 0, Workers: 4
[195.907s][debug][gc,phases      ] GC(24)     Total                          Min: 0, Avg:  0.0, Max: 0, Diff: 0, Sum: 0, Workers: 4
[195.907s][debug][gc,phases      ] GC(24)   StringDedup Requests0 Weak     Min:  0.0, Avg:  0.0, Max:  0.0, Diff:  0.0, Sum:  0.0, Workers: 4
[195.907s][debug][gc,phases      ] GC(24)     Dead                           Min: 0, Avg:  0.0, Max: 0, Diff: 0, Sum: 0, Workers: 4
[195.907s][debug][gc,phases      ] GC(24)     Total                          Min: 0, Avg:  0.0, Max: 0, Diff: 0, Sum: 0, Workers: 4
[195.907s][debug][gc,phases      ] GC(24)   StringDedup Requests1 Weak     Min:  0.0, Avg:  0.0, Max:  0.0, Diff:  0.0, Sum:  0.0, Workers: 4
[195.907s][debug][gc,phases      ] GC(24)     Dead                           Min: 0, Avg:  0.0, Max: 0, Diff: 0, Sum: 0, Workers: 4
[195.907s][debug][gc,phases      ] GC(24)     Total                          Min: 0, Avg:  0.0, Max: 0, Diff: 0, Sum: 0, Workers: 4
[195.907s][debug][gc,phases      ] GC(24)   Weak JFR Old Object Samples    Min:  0.0, Avg:  0.0, Max:  0.0, Diff:  0.0, Sum:  0.0, Workers: 4
[195.907s][debug][gc,phases      ] GC(24)     Dead                           Min: 0, Avg:  0.0, Max: 0, Diff: 0, Sum: 0, Workers: 4
[195.907s][debug][gc,phases      ] GC(24)     Total                          Min: 0, Avg:  0.0, Max: 0, Diff: 0, Sum: 0, Workers: 4
[195.907s][debug][gc,phases      ] GC(24) Weak Processing 0.360ms
[195.907s][debug][gc,age         ] GC(24) Desired survivor size 183500800 bytes, new threshold 1 (max threshold 15)
[195.907s][info ][gc,heap        ] GC(24) PSYoungGen: 1730432K(1895424K)->33504K(1917952K) Eden: 1699840K(1699840K)->0K(1730048K) From: 30592K(195584K)->33504K(187904K)
[195.907s][info ][gc,heap        ] GC(24) ParOldGen: 517333K(517632K)->545219K(545280K)
[195.907s][info ][gc,metaspace   ] GC(24) Metaspace: 104789K(106048K)->104789K(106048K) NonClass: 88952K(89664K)->88952K(89664K) Class: 15837K(16384K)->15837K(16384K)
[195.907s][info ][gc             ] GC(24) Pause Young (Allocation Failure) 2195M->565M(2405M) 24.922ms
[195.907s][info ][gc,cpu         ] GC(24) User=0.08s Sys=0.01s Real=0.02s
[195.907s][info ][safepoint      ] Safepoint "ParallelGCFailedAllocation", Time since last: 786843726 ns, Reaching safepoint: 75800 ns, Cleanup: 6700 ns, At safepoint: 24988460 ns, Total: 25070960 ns
[196.908s][info ][safepoint      ] Safepoint "Cleanup", Time since last: 1000083488 ns, Reaching safepoint: 78400 ns, Cleanup: 40701 ns, At safepoint: 11700 ns, Total: 130801 ns
[197.908s][info ][safepoint      ] Safepoint "Cleanup", Time since last: 1000110588 ns, Reaching safepoint: 5900 ns, Cleanup: 55200 ns, At safepoint: 2800 ns, Total: 63900 ns
[198.908s][info ][safepoint      ] Safepoint "Cleanup", Time since last: 1000128788 ns, Reaching safepoint: 5900 ns, Cleanup: 34901 ns, At safepoint: 2600 ns, Total: 43401 ns
[199.908s][info ][safepoint      ] Safepoint "Cleanup", Time since last: 1000097788 ns, Reaching safepoint: 6100 ns, Cleanup: 16100 ns, At safepoint: 2600 ns, Total: 24800 ns
[200.908s][info ][safepoint      ] Safepoint "Cleanup", Time since last: 1000102088 ns, Reaching safepoint: 80301 ns, Cleanup: 10300 ns, At safepoint: 7600 ns, Total: 98201 ns
[201.908s][info ][safepoint      ] Safepoint "Cleanup", Time since last: 1000108488 ns, Reaching safepoint: 4800 ns, Cleanup: 40600 ns, At safepoint: 2500 ns, Total: 47900 ns
[202.910s][info ][safepoint      ] Safepoint "Cleanup", Time since last: 1001399294 ns, Reaching safepoint: 78101 ns, Cleanup: 35500 ns, At safepoint: 21700 ns, Total: 135301 ns
[203.143s][info ][gc,start       ] GC(25) Pause Young (Allocation Failure)
[203.172s][debug][gc,phases      ] GC(25) Scavenge 28.995ms
[203.172s][debug][gc,ref         ] GC(25) ReferenceProcessor::execute queues: 1, RefProcThreadModel::Single, marks_oops_alive: false
[203.172s][debug][gc,ref         ] GC(25) Skipped KeepAliveFinalRefsPhase of Reference Processing: no references
[203.172s][debug][gc,ref         ] GC(25) ReferenceProcessor::execute queues: 1, RefProcThreadModel::Single, marks_oops_alive: false
[203.172s][debug][gc,phases      ] GC(25) Reference Processing 0.109ms
[203.172s][debug][gc,phases      ] GC(25)   VM Weak                        Min:  0.0, Avg:  0.0, Max:  0.0, Diff:  0.0, Sum:  0.0, Workers: 4
[203.172s][debug][gc,phases      ] GC(25)     Dead                           Min: 0, Avg:  0.0, Max: 0, Diff: 0, Sum: 0, Workers: 4
[203.172s][debug][gc,phases      ] GC(25)     Total                          Min: 0, Avg: 231.2, Max: 576, Diff: 576, Sum: 925, Workers: 4
[203.172s][debug][gc,phases      ] GC(25)   ObjectSynchronizer Weak        Min:  0.0, Avg:  0.0, Max:  0.0, Diff:  0.0, Sum:  0.0, Workers: 4
[203.172s][debug][gc,phases      ] GC(25)     Dead                           Min: 0, Avg:  0.0, Max: 0, Diff: 0, Sum: 0, Workers: 4
[203.172s][debug][gc,phases      ] GC(25)     Total                          Min: 0, Avg:  1.5, Max: 6, Diff: 6, Sum: 6, Workers: 4
[203.172s][debug][gc,phases      ] GC(25)   JVMTI Tag Weak OopStorage      Min:  0.0, Avg:  0.0, Max:  0.0, Diff:  0.0, Sum:  0.0, Workers: 4
[203.172s][debug][gc,phases      ] GC(25)     Dead                           Min: 0, Avg:  0.0, Max: 0, Diff: 0, Sum: 0, Workers: 4
[203.172s][debug][gc,phases      ] GC(25)     Total                          Min: 0, Avg:  0.0, Max: 0, Diff: 0, Sum: 0, Workers: 4
[203.172s][debug][gc,phases      ] GC(25)   StringTable Weak               Min:  0.0, Avg:  0.1, Max:  0.1, Diff:  0.1, Sum:  0.4, Workers: 4
[203.172s][debug][gc,phases      ] GC(25)     Dead                           Min: 0, Avg:  0.0, Max: 0, Diff: 0, Sum: 0, Workers: 4
[203.172s][debug][gc,phases      ] GC(25)     Total                          Min: 0, Avg: 11478.8, Max: 19676, Diff: 19676, Sum: 45915, Workers: 4
[203.172s][debug][gc,phases      ] GC(25)   ResolvedMethodTable Weak       Min:  0.0, Avg:  0.0, Max:  0.0, Diff:  0.0, Sum:  0.1, Workers: 4
[203.172s][debug][gc,phases      ] GC(25)     Dead                           Min: 0, Avg:  0.0, Max: 0, Diff: 0, Sum: 0, Workers: 4
[203.172s][debug][gc,phases      ] GC(25)     Total                          Min: 0, Avg: 3681.5, Max: 5422, Diff: 5422, Sum: 14726, Workers: 4
[203.172s][debug][gc,phases      ] GC(25)   JNI Weak                       Min:  0.0, Avg:  0.0, Max:  0.0, Diff:  0.0, Sum:  0.0, Workers: 4
[203.172s][debug][gc,phases      ] GC(25)     Dead                           Min: 0, Avg:  0.0, Max: 0, Diff: 0, Sum: 0, Workers: 4
[203.172s][debug][gc,phases      ] GC(25)     Total                          Min: 0, Avg: 13.0, Max: 52, Diff: 52, Sum: 52, Workers: 4
[203.172s][debug][gc,phases      ] GC(25)   StringDedup Table Weak         Min:  0.0, Avg:  0.0, Max:  0.0, Diff:  0.0, Sum:  0.0, Workers: 4
[203.172s][debug][gc,phases      ] GC(25)     Dead                           Min: 0, Avg:  0.0, Max: 0, Diff: 0, Sum: 0, Workers: 4
[203.172s][debug][gc,phases      ] GC(25)     Total                          Min: 0, Avg:  0.0, Max: 0, Diff: 0, Sum: 0, Workers: 4
[203.172s][debug][gc,phases      ] GC(25)   StringDedup Requests0 Weak     Min:  0.0, Avg:  0.0, Max:  0.0, Diff:  0.0, Sum:  0.0, Workers: 4
[203.172s][debug][gc,phases      ] GC(25)     Dead                           Min: 0, Avg:  0.0, Max: 0, Diff: 0, Sum: 0, Workers: 4
[203.172s][debug][gc,phases      ] GC(25)     Total                          Min: 0, Avg:  0.0, Max: 0, Diff: 0, Sum: 0, Workers: 4
[203.172s][debug][gc,phases      ] GC(25)   StringDedup Requests1 Weak     Min:  0.0, Avg:  0.0, Max:  0.0, Diff:  0.0, Sum:  0.0, Workers: 4
[203.172s][debug][gc,phases      ] GC(25)     Dead                           Min: 0, Avg:  0.0, Max: 0, Diff: 0, Sum: 0, Workers: 4
[203.172s][debug][gc,phases      ] GC(25)     Total                          Min: 0, Avg:  0.0, Max: 0, Diff: 0, Sum: 0, Workers: 4
[203.172s][debug][gc,phases      ] GC(25)   Weak JFR Old Object Samples    Min:  0.0, Avg:  0.0, Max:  0.0, Diff:  0.0, Sum:  0.0, Workers: 4
[203.172s][debug][gc,phases      ] GC(25)     Dead                           Min: 0, Avg:  0.0, Max: 0, Diff: 0, Sum: 0, Workers: 4
[203.172s][debug][gc,phases      ] GC(25)     Total                          Min: 0, Avg:  0.0, Max: 0, Diff: 0, Sum: 0, Workers: 4
[203.172s][debug][gc,phases      ] GC(25) Weak Processing 0.357ms
[203.172s][debug][gc,age         ] GC(25) Desired survivor size 176685056 bytes, new threshold 1 (max threshold 15)
[203.172s][info ][gc,heap        ] GC(25) PSYoungGen: 1763552K(1917952K)->26336K(1909248K) Eden: 1730048K(1730048K)->0K(1730048K) From: 33504K(187904K)->26336K(179200K)
[203.172s][info ][gc,heap        ] GC(25) ParOldGen: 545219K(545280K)->575003K(575488K)
[203.172s][info ][gc,metaspace   ] GC(25) Metaspace: 104851K(106112K)->104851K(106112K) NonClass: 89012K(89728K)->89012K(89728K) Class: 15838K(16384K)->15838K(16384K)
[203.172s][info ][gc             ] GC(25) Pause Young (Allocation Failure) 2254M->587M(2426M) 29.582ms
[203.172s][info ][gc,cpu         ] GC(25) User=0.09s Sys=0.01s Real=0.03s
[203.172s][info ][safepoint      ] Safepoint "ParallelGCFailedAllocation", Time since last: 232614585 ns, Reaching safepoint: 6000 ns, Cleanup: 27900 ns, At safepoint: 29798290 ns, Total: 29832190 ns
[204.191s][info ][safepoint      ] Safepoint "Cleanup", Time since last: 1018722601 ns, Reaching safepoint: 6800 ns, Cleanup: 31101 ns, At safepoint: 2700 ns, Total: 40601 ns
[205.191s][info ][safepoint      ] Safepoint "Cleanup", Time since last: 1000106082 ns, Reaching safepoint: 80800 ns, Cleanup: 20800 ns, At safepoint: 12601 ns, Total: 114201 ns
[206.192s][info ][safepoint      ] Safepoint "Cleanup", Time since last: 1000102082 ns, Reaching safepoint: 6200 ns, Cleanup: 53900 ns, At safepoint: 2800 ns, Total: 62900 ns
[207.192s][info ][safepoint      ] Safepoint "Cleanup", Time since last: 1000112083 ns, Reaching safepoint: 7000 ns, Cleanup: 45700 ns, At safepoint: 25000 ns, Total: 77700 ns
[208.192s][info ][safepoint      ] Safepoint "Cleanup", Time since last: 1000101682 ns, Reaching safepoint: 79301 ns, Cleanup: 23300 ns, At safepoint: 8300 ns, Total: 110901 ns
[209.192s][info ][safepoint      ] Safepoint "Cleanup", Time since last: 1000093482 ns, Reaching safepoint: 5000 ns, Cleanup: 67601 ns, At safepoint: 2200 ns, Total: 74801 ns
[210.192s][info ][safepoint      ] Safepoint "Cleanup", Time since last: 1000098982 ns, Reaching safepoint: 6600 ns, Cleanup: 107701 ns, At safepoint: 2600 ns, Total: 116901 ns
[211.193s][info ][safepoint      ] Safepoint "Cleanup", Time since last: 1000110506 ns, Reaching safepoint: 6300 ns, Cleanup: 51200 ns, At safepoint: 2600 ns, Total: 60100 ns
[212.193s][info ][safepoint      ] Safepoint "Cleanup", Time since last: 1000108383 ns, Reaching safepoint: 6600 ns, Cleanup: 29001 ns, At safepoint: 2500 ns, Total: 38101 ns
[212.327s][info ][gc,start       ] GC(26) Pause Young (CodeCache GC Threshold)
[212.349s][debug][gc,phases      ] GC(26) Scavenge 21.968ms
[212.349s][debug][gc,ref         ] GC(26) ReferenceProcessor::execute queues: 1, RefProcThreadModel::Single, marks_oops_alive: false
[212.349s][debug][gc,ref         ] GC(26) Skipped KeepAliveFinalRefsPhase of Reference Processing: no references
[212.349s][debug][gc,ref         ] GC(26) ReferenceProcessor::execute queues: 1, RefProcThreadModel::Single, marks_oops_alive: false
[212.349s][debug][gc,phases      ] GC(26) Reference Processing 0.100ms
[212.349s][debug][gc,phases      ] GC(26)   VM Weak                        Min:  0.0, Avg:  0.0, Max:  0.0, Diff:  0.0, Sum:  0.0, Workers: 4
[212.349s][debug][gc,phases      ] GC(26)     Dead                           Min: 0, Avg:  0.0, Max: 0, Diff: 0, Sum: 0, Workers: 4
[212.349s][debug][gc,phases      ] GC(26)     Total                          Min: 0, Avg: 233.5, Max: 384, Diff: 384, Sum: 934, Workers: 4
[212.349s][debug][gc,phases      ] GC(26)   ObjectSynchronizer Weak        Min:  0.0, Avg:  0.0, Max:  0.0, Diff:  0.0, Sum:  0.0, Workers: 4
[212.349s][debug][gc,phases      ] GC(26)     Dead                           Min: 0, Avg:  0.0, Max: 0, Diff: 0, Sum: 0, Workers: 4
[212.349s][debug][gc,phases      ] GC(26)     Total                          Min: 0, Avg:  1.5, Max: 6, Diff: 6, Sum: 6, Workers: 4
[212.349s][debug][gc,phases      ] GC(26)   JVMTI Tag Weak OopStorage      Min:  0.0, Avg:  0.0, Max:  0.0, Diff:  0.0, Sum:  0.0, Workers: 4
[212.349s][debug][gc,phases      ] GC(26)     Dead                           Min: 0, Avg:  0.0, Max: 0, Diff: 0, Sum: 0, Workers: 4
[212.350s][debug][gc,phases      ] GC(26)     Total                          Min: 0, Avg:  0.0, Max: 0, Diff: 0, Sum: 0, Workers: 4
[212.350s][debug][gc,phases      ] GC(26)   StringTable Weak               Min:  0.1, Avg:  0.1, Max:  0.1, Diff:  0.0, Sum:  0.4, Workers: 4
[212.350s][debug][gc,phases      ] GC(26)     Dead                           Min: 0, Avg:  0.8, Max: 2, Diff: 2, Sum: 3, Workers: 4
[212.350s][debug][gc,phases      ] GC(26)     Total                          Min: 11264, Avg: 11497.0, Max: 11750, Diff: 486, Sum: 45988, Workers: 4
[212.350s][debug][gc,phases      ] GC(26)   ResolvedMethodTable Weak       Min:  0.0, Avg:  0.0, Max:  0.0, Diff:  0.0, Sum:  0.2, Workers: 4
[212.350s][debug][gc,phases      ] GC(26)     Dead                           Min: 0, Avg:  2.5, Max: 5, Diff: 5, Sum: 10, Workers: 4
[212.350s][debug][gc,phases      ] GC(26)     Total                          Min: 3516, Avg: 3697.5, Max: 4011, Diff: 495, Sum: 14790, Workers: 4
[212.350s][debug][gc,phases      ] GC(26)   JNI Weak                       Min:  0.0, Avg:  0.0, Max:  0.0, Diff:  0.0, Sum:  0.0, Workers: 4
[212.350s][debug][gc,phases      ] GC(26)     Dead                           Min: 0, Avg:  0.0, Max: 0, Diff: 0, Sum: 0, Workers: 4
[212.350s][debug][gc,phases      ] GC(26)     Total                          Min: 0, Avg: 13.0, Max: 52, Diff: 52, Sum: 52, Workers: 4
[212.350s][debug][gc,phases      ] GC(26)   StringDedup Table Weak         Min:  0.0, Avg:  0.0, Max:  0.0, Diff:  0.0, Sum:  0.0, Workers: 4
[212.350s][debug][gc,phases      ] GC(26)     Dead                           Min: 0, Avg:  0.0, Max: 0, Diff: 0, Sum: 0, Workers: 4
[212.350s][debug][gc,phases      ] GC(26)     Total                          Min: 0, Avg:  0.0, Max: 0, Diff: 0, Sum: 0, Workers: 4
[212.350s][debug][gc,phases      ] GC(26)   StringDedup Requests0 Weak     Min:  0.0, Avg:  0.0, Max:  0.0, Diff:  0.0, Sum:  0.0, Workers: 4
[212.350s][debug][gc,phases      ] GC(26)     Dead                           Min: 0, Avg:  0.0, Max: 0, Diff: 0, Sum: 0, Workers: 4
[212.350s][debug][gc,phases      ] GC(26)     Total                          Min: 0, Avg:  0.0, Max: 0, Diff: 0, Sum: 0, Workers: 4
[212.350s][debug][gc,phases      ] GC(26)   StringDedup Requests1 Weak     Min:  0.0, Avg:  0.0, Max:  0.0, Diff:  0.0, Sum:  0.0, Workers: 4
[212.350s][debug][gc,phases      ] GC(26)     Dead                           Min: 0, Avg:  0.0, Max: 0, Diff: 0, Sum: 0, Workers: 4
[212.350s][debug][gc,phases      ] GC(26)     Total                          Min: 0, Avg:  0.0, Max: 0, Diff: 0, Sum: 0, Workers: 4
[212.350s][debug][gc,phases      ] GC(26)   Weak JFR Old Object Samples    Min:  0.0, Avg:  0.0, Max:  0.0, Diff:  0.0, Sum:  0.0, Workers: 4
[212.350s][debug][gc,phases      ] GC(26)     Dead                           Min: 0, Avg:  0.0, Max: 0, Diff: 0, Sum: 0, Workers: 4
[212.350s][debug][gc,phases      ] GC(26)     Total                          Min: 0, Avg:  0.0, Max: 0, Diff: 0, Sum: 0, Workers: 4
[212.350s][debug][gc,phases      ] GC(26) Weak Processing 0.321ms
[212.350s][debug][gc,age         ] GC(26) Desired survivor size 169345024 bytes, new threshold 1 (max threshold 15)
[212.350s][info ][gc,heap        ] GC(26) PSYoungGen: 1605849K(1909248K)->25304K(1931776K) Eden: 1579513K(1730048K)->0K(1759232K) From: 26336K(179200K)->25304K(172544K)
[212.350s][info ][gc,heap        ] GC(26) ParOldGen: 575003K(575488K)->598362K(598528K)
[212.350s][info ][gc,metaspace   ] GC(26) Metaspace: 104989K(106240K)->104989K(106240K) NonClass: 89129K(89856K)->89129K(89856K) Class: 15860K(16384K)->15860K(16384K)
[212.350s][info ][gc             ] GC(26) Pause Young (CodeCache GC Threshold) 2129M->609M(2471M) 22.514ms
[212.350s][info ][gc,cpu         ] GC(26) User=0.08s Sys=0.01s Real=0.02s
[212.350s][debug][gc,phases      ] GC(27) Pre Compact 0.009ms
[212.350s][info ][gc,start       ] GC(27) Pause Full (CodeCache GC Threshold)
[212.350s][info ][gc,phases,start] GC(27) Marking Phase
[212.479s][debug][gc,phases      ] GC(27) Par Mark 129.001ms
[212.479s][debug][gc,ref         ] GC(27) ReferenceProcessor::execute queues: 4, RefProcThreadModel::Multi, marks_oops_alive: false
[212.479s][debug][gc,ref         ] GC(27) ReferenceProcessor::execute queues: 4, RefProcThreadModel::Multi, marks_oops_alive: true
[212.480s][debug][gc,ref         ] GC(27) ReferenceProcessor::execute queues: 1, RefProcThreadModel::Single, marks_oops_alive: false
[212.480s][debug][gc,phases      ] GC(27) Reference Processing 0.818ms
[212.480s][debug][gc,phases      ] GC(27)   VM Weak                        Min:  0.0, Avg:  0.0, Max:  0.0, Diff:  0.0, Sum:  0.0, Workers: 4
[212.480s][debug][gc,phases      ] GC(27)     Dead                           Min: 0, Avg:  0.0, Max: 0, Diff: 0, Sum: 0, Workers: 4
[212.480s][debug][gc,phases      ] GC(27)     Total                          Min: 0, Avg: 233.5, Max: 422, Diff: 422, Sum: 934, Workers: 4
[212.480s][debug][gc,phases      ] GC(27)   ObjectSynchronizer Weak        Min:  0.0, Avg:  0.0, Max:  0.0, Diff:  0.0, Sum:  0.0, Workers: 4
[212.480s][debug][gc,phases      ] GC(27)     Dead                           Min: 0, Avg:  0.0, Max: 0, Diff: 0, Sum: 0, Workers: 4
[212.480s][debug][gc,phases      ] GC(27)     Total                          Min: 0, Avg:  1.5, Max: 6, Diff: 6, Sum: 6, Workers: 4
[212.480s][debug][gc,phases      ] GC(27)   JVMTI Tag Weak OopStorage      Min:  0.0, Avg:  0.0, Max:  0.0, Diff:  0.0, Sum:  0.0, Workers: 4
[212.480s][debug][gc,phases      ] GC(27)     Dead                           Min: 0, Avg:  0.0, Max: 0, Diff: 0, Sum: 0, Workers: 4
[212.480s][debug][gc,phases      ] GC(27)     Total                          Min: 0, Avg:  0.0, Max: 0, Diff: 0, Sum: 0, Workers: 4
[212.480s][debug][gc,phases      ] GC(27)   StringTable Weak               Min:  0.2, Avg:  0.2, Max:  0.2, Diff:  0.0, Sum:  0.7, Workers: 4
[212.480s][debug][gc,phases      ] GC(27)     Dead                           Min: 0, Avg:  0.0, Max: 0, Diff: 0, Sum: 0, Workers: 4
[212.480s][debug][gc,phases      ] GC(27)     Total                          Min: 10981, Avg: 11497.0, Max: 11904, Diff: 923, Sum: 45988, Workers: 4
[212.480s][debug][gc,phases      ] GC(27)   ResolvedMethodTable Weak       Min:  0.0, Avg:  0.0, Max:  0.0, Diff:  0.0, Sum:  0.2, Workers: 4
[212.480s][debug][gc,phases      ] GC(27)     Dead                           Min: 0, Avg:  0.0, Max: 0, Diff: 0, Sum: 0, Workers: 4
[212.480s][debug][gc,phases      ] GC(27)     Total                          Min: 3528, Avg: 3697.5, Max: 3853, Diff: 325, Sum: 14790, Workers: 4
[212.480s][debug][gc,phases      ] GC(27)   JNI Weak                       Min:  0.0, Avg:  0.0, Max:  0.0, Diff:  0.0, Sum:  0.0, Workers: 4
[212.480s][debug][gc,phases      ] GC(27)     Dead                           Min: 0, Avg:  0.0, Max: 0, Diff: 0, Sum: 0, Workers: 4
[212.480s][debug][gc,phases      ] GC(27)     Total                          Min: 0, Avg: 13.0, Max: 52, Diff: 52, Sum: 52, Workers: 4
[212.480s][debug][gc,phases      ] GC(27)   StringDedup Table Weak         Min:  0.0, Avg:  0.0, Max:  0.0, Diff:  0.0, Sum:  0.0, Workers: 4
[212.480s][debug][gc,phases      ] GC(27)     Dead                           Min: 0, Avg:  0.0, Max: 0, Diff: 0, Sum: 0, Workers: 4
[212.480s][debug][gc,phases      ] GC(27)     Total                          Min: 0, Avg:  0.0, Max: 0, Diff: 0, Sum: 0, Workers: 4
[212.480s][debug][gc,phases      ] GC(27)   StringDedup Requests0 Weak     Min:  0.0, Avg:  0.0, Max:  0.0, Diff:  0.0, Sum:  0.0, Workers: 4
[212.480s][debug][gc,phases      ] GC(27)     Dead                           Min: 0, Avg:  0.0, Max: 0, Diff: 0, Sum: 0, Workers: 4
[212.480s][debug][gc,phases      ] GC(27)     Total                          Min: 0, Avg:  0.0, Max: 0, Diff: 0, Sum: 0, Workers: 4
[212.480s][debug][gc,phases      ] GC(27)   StringDedup Requests1 Weak     Min:  0.0, Avg:  0.0, Max:  0.0, Diff:  0.0, Sum:  0.0, Workers: 4
[212.480s][debug][gc,phases      ] GC(27)     Dead                           Min: 0, Avg:  0.0, Max: 0, Diff: 0, Sum: 0, Workers: 4
[212.480s][debug][gc,phases      ] GC(27)     Total                          Min: 0, Avg:  0.0, Max: 0, Diff: 0, Sum: 0, Workers: 4
[212.480s][debug][gc,phases      ] GC(27)   Weak JFR Old Object Samples    Min:  0.0, Avg:  0.0, Max:  0.0, Diff:  0.0, Sum:  0.0, Workers: 4
[212.480s][debug][gc,phases      ] GC(27)     Dead                           Min: 0, Avg:  0.0, Max: 0, Diff: 0, Sum: 0, Workers: 4
[212.480s][debug][gc,phases      ] GC(27)     Total                          Min: 0, Avg:  0.0, Max: 0, Diff: 0, Sum: 0, Workers: 4
[212.480s][debug][gc,phases      ] GC(27) Weak Processing 0.448ms
[212.480s][debug][gc,phases      ] GC(27) ClassLoaderData 0.113ms
[212.480s][debug][gc,phases      ] GC(27) Trigger cleanups 0.000ms
[212.537s][debug][gc,phases      ] GC(27) Purge Unlinked NMethods 2.450ms
[212.537s][debug][gc,phases      ] GC(27) Unregister NMethods 0.001ms
[212.538s][debug][gc,phases      ] GC(27) Free Code Blobs 0.827ms
[212.538s][debug][gc,phases      ] GC(27) Class Unloading 57.733ms
[212.538s][debug][gc,phases      ] GC(27) Report Object Count 0.001ms
[212.538s][info ][gc,phases      ] GC(27) Marking Phase 188.062ms
[212.538s][info ][gc,phases,start] GC(27) Summary Phase
[212.538s][info ][gc,phases      ] GC(27) Summary Phase 0.019ms
[212.538s][info ][gc,phases,start] GC(27) Adjust Roots
[212.559s][info ][gc,phases      ] GC(27) Adjust Roots 21.242ms
[212.559s][info ][gc,phases,start] GC(27) Compaction Phase
[212.752s][info ][gc,phases      ] GC(27) Compaction Phase 192.648ms
[212.752s][info ][gc,phases,start] GC(27) Post Compact
[212.754s][debug][gc,phases      ] GC(27) Purge Class Loader Data 0.732ms
[212.754s][info ][gc,phases      ] GC(27) Post Compact 2.229ms
[212.754s][info ][gc,heap        ] GC(27) PSYoungGen: 25304K(1931776K)->0K(1931776K) Eden: 0K(1759232K)->0K(1759232K) From: 25304K(172544K)->0K(172544K)
[212.754s][info ][gc,heap        ] GC(27) ParOldGen: 598362K(598528K)->402830K(598528K)
[212.754s][info ][gc,metaspace   ] GC(27) Metaspace: 104989K(106240K)->104989K(106240K) NonClass: 89129K(89856K)->89129K(89856K) Class: 15860K(16384K)->15860K(16384K)
[212.754s][info ][gc             ] GC(27) Pause Full (CodeCache GC Threshold) 609M->393M(2471M) 404.300ms
[212.754s][info ][gc,cpu         ] GC(27) User=1.29s Sys=0.03s Real=0.41s
[212.754s][info ][safepoint      ] Safepoint "ParallelGCSystemGC", Time since last: 134356384 ns, Reaching safepoint: 5600 ns, Cleanup: 10400 ns, At safepoint: 426941710 ns, Total: 426957710 ns
[213.754s][info ][safepoint      ] Safepoint "Cleanup", Time since last: 1000091584 ns, Reaching safepoint: 79800 ns, Cleanup: 140601 ns, At safepoint: 11500 ns, Total: 231901 ns
[214.754s][info ][safepoint      ] Safepoint "Cleanup", Time since last: 1000111984 ns, Reaching safepoint: 7200 ns, Cleanup: 39900 ns, At safepoint: 2500 ns, Total: 49600 ns
[215.755s][info ][safepoint      ] Safepoint "Cleanup", Time since last: 1000101483 ns, Reaching safepoint: 5500 ns, Cleanup: 25900 ns, At safepoint: 2500 ns, Total: 33900 ns
[216.755s][info ][safepoint      ] Safepoint "Cleanup", Time since last: 1000099884 ns, Reaching safepoint: 79900 ns, Cleanup: 24900 ns, At safepoint: 18100 ns, Total: 122900 ns
[217.756s][info ][safepoint      ] Safepoint "Cleanup", Time since last: 1001068290 ns, Reaching safepoint: 81001 ns, Cleanup: 37300 ns, At safepoint: 10900 ns, Total: 129201 ns
[217.853s][info ][gc,start       ] GC(28) Pause Young (Allocation Failure)
[217.868s][debug][gc,phases      ] GC(28) Scavenge 14.689ms
[217.868s][debug][gc,ref         ] GC(28) ReferenceProcessor::execute queues: 1, RefProcThreadModel::Single, marks_oops_alive: false
[217.868s][debug][gc,ref         ] GC(28) Skipped KeepAliveFinalRefsPhase of Reference Processing: no references
[217.868s][debug][gc,ref         ] GC(28) ReferenceProcessor::execute queues: 1, RefProcThreadModel::Single, marks_oops_alive: false
[217.868s][debug][gc,phases      ] GC(28) Reference Processing 0.091ms
[217.868s][debug][gc,phases      ] GC(28)   VM Weak                        Min:  0.0, Avg:  0.0, Max:  0.0, Diff:  0.0, Sum:  0.0, Workers: 4
[217.868s][debug][gc,phases      ] GC(28)     Dead                           Min: 0, Avg:  0.0, Max: 0, Diff: 0, Sum: 0, Workers: 4
[217.868s][debug][gc,phases      ] GC(28)     Total                          Min: 0, Avg: 233.5, Max: 704, Diff: 704, Sum: 934, Workers: 4
[217.868s][debug][gc,phases      ] GC(28)   ObjectSynchronizer Weak        Min:  0.0, Avg:  0.0, Max:  0.0, Diff:  0.0, Sum:  0.0, Workers: 4
[217.868s][debug][gc,phases      ] GC(28)     Dead                           Min: 0, Avg:  0.0, Max: 0, Diff: 0, Sum: 0, Workers: 4
[217.868s][debug][gc,phases      ] GC(28)     Total                          Min: 0, Avg:  1.5, Max: 6, Diff: 6, Sum: 6, Workers: 4
[217.868s][debug][gc,phases      ] GC(28)   JVMTI Tag Weak OopStorage      Min:  0.0, Avg:  0.0, Max:  0.0, Diff:  0.0, Sum:  0.0, Workers: 4
[217.868s][debug][gc,phases      ] GC(28)     Dead                           Min: 0, Avg:  0.0, Max: 0, Diff: 0, Sum: 0, Workers: 4
[217.868s][debug][gc,phases      ] GC(28)     Total                          Min: 0, Avg:  0.0, Max: 0, Diff: 0, Sum: 0, Workers: 4
[217.868s][debug][gc,phases      ] GC(28)   StringTable Weak               Min:  0.0, Avg:  0.1, Max:  0.2, Diff:  0.2, Sum:  0.4, Workers: 4
[217.868s][debug][gc,phases      ] GC(28)     Dead                           Min: 0, Avg:  0.2, Max: 1, Diff: 1, Sum: 1, Workers: 4
[217.868s][debug][gc,phases      ] GC(28)     Total                          Min: 0, Avg: 11503.0, Max: 26110, Diff: 26110, Sum: 46012, Workers: 4
[217.868s][debug][gc,phases      ] GC(28)   ResolvedMethodTable Weak       Min:  0.0, Avg:  0.0, Max:  0.0, Diff:  0.0, Sum:  0.1, Workers: 4
[217.868s][debug][gc,phases      ] GC(28)     Dead                           Min: 0, Avg:  1.8, Max: 7, Diff: 7, Sum: 7, Workers: 4
[217.868s][debug][gc,phases      ] GC(28)     Total                          Min: 0, Avg: 3705.5, Max: 5064, Diff: 5064, Sum: 14822, Workers: 4
[217.868s][debug][gc,phases      ] GC(28)   JNI Weak                       Min:  0.0, Avg:  0.0, Max:  0.0, Diff:  0.0, Sum:  0.0, Workers: 4
[217.868s][debug][gc,phases      ] GC(28)     Dead                           Min: 0, Avg:  0.0, Max: 0, Diff: 0, Sum: 0, Workers: 4
[217.868s][debug][gc,phases      ] GC(28)     Total                          Min: 0, Avg: 13.0, Max: 52, Diff: 52, Sum: 52, Workers: 4
[217.868s][debug][gc,phases      ] GC(28)   StringDedup Table Weak         Min:  0.0, Avg:  0.0, Max:  0.0, Diff:  0.0, Sum:  0.0, Workers: 4
[217.868s][debug][gc,phases      ] GC(28)     Dead                           Min: 0, Avg:  0.0, Max: 0, Diff: 0, Sum: 0, Workers: 4
[217.868s][debug][gc,phases      ] GC(28)     Total                          Min: 0, Avg:  0.0, Max: 0, Diff: 0, Sum: 0, Workers: 4
[217.868s][debug][gc,phases      ] GC(28)   StringDedup Requests0 Weak     Min:  0.0, Avg:  0.0, Max:  0.0, Diff:  0.0, Sum:  0.0, Workers: 4
[217.868s][debug][gc,phases      ] GC(28)     Dead                           Min: 0, Avg:  0.0, Max: 0, Diff: 0, Sum: 0, Workers: 4
[217.868s][debug][gc,phases      ] GC(28)     Total                          Min: 0, Avg:  0.0, Max: 0, Diff: 0, Sum: 0, Workers: 4
[217.868s][debug][gc,phases      ] GC(28)   StringDedup Requests1 Weak     Min:  0.0, Avg:  0.0, Max:  0.0, Diff:  0.0, Sum:  0.0, Workers: 4
[217.868s][debug][gc,phases      ] GC(28)     Dead                           Min: 0, Avg:  0.0, Max: 0, Diff: 0, Sum: 0, Workers: 4
[217.868s][debug][gc,phases      ] GC(28)     Total                          Min: 0, Avg:  0.0, Max: 0, Diff: 0, Sum: 0, Workers: 4
[217.868s][debug][gc,phases      ] GC(28)   Weak JFR Old Object Samples    Min:  0.0, Avg:  0.0, Max:  0.0, Diff:  0.0, Sum:  0.0, Workers: 4
[217.868s][debug][gc,phases      ] GC(28)     Dead                           Min: 0, Avg:  0.0, Max: 0, Diff: 0, Sum: 0, Workers: 4
[217.868s][debug][gc,phases      ] GC(28)     Total                          Min: 0, Avg:  0.0, Max: 0, Diff: 0, Sum: 0, Workers: 4
[217.868s][debug][gc,phases      ] GC(28) Weak Processing 0.410ms
[217.868s][debug][gc,age         ] GC(28) Desired survivor size 160956416 bytes, new threshold 1 (max threshold 15)
[217.868s][info ][gc,heap        ] GC(28) PSYoungGen: 1759232K(1931776K)->31888K(1924608K) Eden: 1759232K(1759232K)->0K(1759232K) From: 0K(172544K)->31888K(165376K)
[217.868s][info ][gc,heap        ] GC(28) ParOldGen: 402830K(598528K)->402830K(598528K)
[217.868s][info ][gc,metaspace   ] GC(28) Metaspace: 105129K(106368K)->105129K(106368K) NonClass: 89258K(89984K)->89258K(89984K) Class: 15870K(16384K)->15870K(16384K)
[217.868s][info ][gc             ] GC(28) Pause Young (Allocation Failure) 2111M->424M(2464M) 15.314ms
[217.868s][info ][gc,cpu         ] GC(28) User=0.05s Sys=0.00s Real=0.01s
[217.868s][info ][safepoint      ] Safepoint "ParallelGCFailedAllocation", Time since last: 96716137 ns, Reaching safepoint: 5100 ns, Cleanup: 3400 ns, At safepoint: 15384801 ns, Total: 15393301 ns
[218.868s][info ][safepoint      ] Safepoint "Cleanup", Time since last: 1000090334 ns, Reaching safepoint: 5200 ns, Cleanup: 22300 ns, At safepoint: 2200 ns, Total: 29700 ns
[219.868s][info ][safepoint      ] Safepoint "Cleanup", Time since last: 1000101304 ns, Reaching safepoint: 75400 ns, Cleanup: 15101 ns, At safepoint: 5800 ns, Total: 96301 ns
[220.869s][info ][safepoint      ] Safepoint "Cleanup", Time since last: 1000102403 ns, Reaching safepoint: 5500 ns, Cleanup: 54601 ns, At safepoint: 2200 ns, Total: 62301 ns
[221.869s][info ][safepoint      ] Safepoint "Cleanup", Time since last: 1000093903 ns, Reaching safepoint: 4901 ns, Cleanup: 25300 ns, At safepoint: 2300 ns, Total: 32501 ns
[222.870s][info ][safepoint      ] Safepoint "Cleanup", Time since last: 1000736407 ns, Reaching safepoint: 83301 ns, Cleanup: 19200 ns, At safepoint: 11400 ns, Total: 113901 ns
[223.870s][info ][safepoint      ] Safepoint "Cleanup", Time since last: 1000119404 ns, Reaching safepoint: 80301 ns, Cleanup: 42000 ns, At safepoint: 7300 ns, Total: 129601 ns
[224.874s][info ][safepoint      ] Safepoint "Cleanup", Time since last: 1003384125 ns, Reaching safepoint: 158601 ns, Cleanup: 46200 ns, At safepoint: 208401 ns, Total: 413202 ns
[225.906s][info ][safepoint      ] Safepoint "Cleanup", Time since last: 1032801013 ns, Reaching safepoint: 5800 ns, Cleanup: 22801 ns, At safepoint: 2100 ns, Total: 30701 ns
[226.641s][info ][gc,start       ] GC(29) Pause Young (Allocation Failure)
[226.664s][debug][gc,phases      ] GC(29) Scavenge 22.805ms
[226.664s][debug][gc,ref         ] GC(29) ReferenceProcessor::execute queues: 1, RefProcThreadModel::Single, marks_oops_alive: false
[226.664s][debug][gc,ref         ] GC(29) Skipped KeepAliveFinalRefsPhase of Reference Processing: no references
[226.664s][debug][gc,ref         ] GC(29) ReferenceProcessor::execute queues: 1, RefProcThreadModel::Single, marks_oops_alive: false
[226.664s][debug][gc,phases      ] GC(29) Reference Processing 0.123ms
[226.664s][debug][gc,phases      ] GC(29)   VM Weak                        Min:  0.0, Avg:  0.0, Max:  0.0, Diff:  0.0, Sum:  0.0, Workers: 4
[226.664s][debug][gc,phases      ] GC(29)     Dead                           Min: 0, Avg:  0.0, Max: 0, Diff: 0, Sum: 0, Workers: 4
[226.664s][debug][gc,phases      ] GC(29)     Total                          Min: 0, Avg: 237.2, Max: 768, Diff: 768, Sum: 949, Workers: 4
[226.664s][debug][gc,phases      ] GC(29)   ObjectSynchronizer Weak        Min:  0.0, Avg:  0.0, Max:  0.0, Diff:  0.0, Sum:  0.0, Workers: 4
[226.664s][debug][gc,phases      ] GC(29)     Dead                           Min: 0, Avg:  0.0, Max: 0, Diff: 0, Sum: 0, Workers: 4
[226.664s][debug][gc,phases      ] GC(29)     Total                          Min: 0, Avg:  1.8, Max: 7, Diff: 7, Sum: 7, Workers: 4
[226.664s][debug][gc,phases      ] GC(29)   JVMTI Tag Weak OopStorage      Min:  0.0, Avg:  0.0, Max:  0.0, Diff:  0.0, Sum:  0.0, Workers: 4
[226.664s][debug][gc,phases      ] GC(29)     Dead                           Min: 0, Avg:  0.0, Max: 0, Diff: 0, Sum: 0, Workers: 4
[226.664s][debug][gc,phases      ] GC(29)     Total                          Min: 0, Avg:  0.0, Max: 0, Diff: 0, Sum: 0, Workers: 4
[226.664s][debug][gc,phases      ] GC(29)   StringTable Weak               Min:  0.1, Avg:  0.1, Max:  0.1, Diff:  0.0, Sum:  0.4, Workers: 4
[226.664s][debug][gc,phases      ] GC(29)     Dead                           Min: 0, Avg:  0.2, Max: 1, Diff: 1, Sum: 1, Workers: 4
[226.664s][debug][gc,phases      ] GC(29)     Total                          Min: 11263, Avg: 11513.8, Max: 11816, Diff: 553, Sum: 46055, Workers: 4
[226.664s][debug][gc,phases      ] GC(29)   ResolvedMethodTable Weak       Min:  0.0, Avg:  0.0, Max:  0.0, Diff:  0.0, Sum:  0.2, Workers: 4
[226.664s][debug][gc,phases      ] GC(29)     Dead                           Min: 0, Avg:  4.5, Max: 9, Diff: 9, Sum: 18, Workers: 4
[226.664s][debug][gc,phases      ] GC(29)     Total                          Min: 3502, Avg: 3725.5, Max: 3927, Diff: 425, Sum: 14902, Workers: 4
[226.664s][debug][gc,phases      ] GC(29)   JNI Weak                       Min:  0.0, Avg:  0.0, Max:  0.0, Diff:  0.0, Sum:  0.0, Workers: 4
[226.664s][debug][gc,phases      ] GC(29)     Dead                           Min: 0, Avg:  0.0, Max: 0, Diff: 0, Sum: 0, Workers: 4
[226.664s][debug][gc,phases      ] GC(29)     Total                          Min: 0, Avg: 13.0, Max: 52, Diff: 52, Sum: 52, Workers: 4
[226.664s][debug][gc,phases      ] GC(29)   StringDedup Table Weak         Min:  0.0, Avg:  0.0, Max:  0.0, Diff:  0.0, Sum:  0.0, Workers: 4
[226.664s][debug][gc,phases      ] GC(29)     Dead                           Min: 0, Avg:  0.0, Max: 0, Diff: 0, Sum: 0, Workers: 4
[226.664s][debug][gc,phases      ] GC(29)     Total                          Min: 0, Avg:  0.0, Max: 0, Diff: 0, Sum: 0, Workers: 4
[226.664s][debug][gc,phases      ] GC(29)   StringDedup Requests0 Weak     Min:  0.0, Avg:  0.0, Max:  0.0, Diff:  0.0, Sum:  0.0, Workers: 4
[226.664s][debug][gc,phases      ] GC(29)     Dead                           Min: 0, Avg:  0.0, Max: 0, Diff: 0, Sum: 0, Workers: 4
[226.664s][debug][gc,phases      ] GC(29)     Total                          Min: 0, Avg:  0.0, Max: 0, Diff: 0, Sum: 0, Workers: 4
[226.664s][debug][gc,phases      ] GC(29)   StringDedup Requests1 Weak     Min:  0.0, Avg:  0.0, Max:  0.0, Diff:  0.0, Sum:  0.0, Workers: 4
[226.664s][debug][gc,phases      ] GC(29)     Dead                           Min: 0, Avg:  0.0, Max: 0, Diff: 0, Sum: 0, Workers: 4
[226.664s][debug][gc,phases      ] GC(29)     Total                          Min: 0, Avg:  0.0, Max: 0, Diff: 0, Sum: 0, Workers: 4
[226.664s][debug][gc,phases      ] GC(29)   Weak JFR Old Object Samples    Min:  0.0, Avg:  0.0, Max:  0.0, Diff:  0.0, Sum:  0.0, Workers: 4
[226.664s][debug][gc,phases      ] GC(29)     Dead                           Min: 0, Avg:  0.0, Max: 0, Diff: 0, Sum: 0, Workers: 4
[226.664s][debug][gc,phases      ] GC(29)     Total                          Min: 0, Avg:  0.0, Max: 0, Diff: 0, Sum: 0, Workers: 4
[226.664s][debug][gc,phases      ] GC(29) Weak Processing 0.326ms
[226.664s][debug][gc,age         ] GC(29) Desired survivor size 151519232 bytes, new threshold 1 (max threshold 15)
[226.664s][info ][gc,heap        ] GC(29) PSYoungGen: 1791120K(1924608K)->39659K(1949184K) Eden: 1759232K(1759232K)->0K(1792000K) From: 31888K(165376K)->39659K(157184K)
[226.664s][info ][gc,heap        ] GC(29) ParOldGen: 402830K(598528K)->431797K(598528K)
[226.664s][info ][gc,metaspace   ] GC(29) Metaspace: 105299K(106560K)->105299K(106560K) NonClass: 89400K(90112K)->89400K(90112K) Class: 15898K(16448K)->15898K(16448K)
[226.664s][info ][gc             ] GC(29) Pause Young (Allocation Failure) 2142M->460M(2488M) 23.371ms
[226.664s][info ][gc,cpu         ] GC(29) User=0.08s Sys=0.00s Real=0.02s
[226.664s][info ][safepoint      ] Safepoint "ParallelGCFailedAllocation", Time since last: 734323203 ns, Reaching safepoint: 40600 ns, Cleanup: 31900 ns, At safepoint: 23454151 ns, Total: 23526651 ns
[227.667s][info ][safepoint      ] Safepoint "Cleanup", Time since last: 1002518548 ns, Reaching safepoint: 85301 ns, Cleanup: 40400 ns, At safepoint: 11400 ns, Total: 137101 ns
[228.669s][info ][safepoint      ] Safepoint "Cleanup", Time since last: 1001418041 ns, Reaching safepoint: 83600 ns, Cleanup: 26401 ns, At safepoint: 10500 ns, Total: 120501 ns
[229.669s][info ][safepoint      ] Safepoint "Cleanup", Time since last: 1000100432 ns, Reaching safepoint: 6000 ns, Cleanup: 73401 ns, At safepoint: 2700 ns, Total: 82101 ns
[230.669s][info ][safepoint      ] Safepoint "Cleanup", Time since last: 1000104732 ns, Reaching safepoint: 5600 ns, Cleanup: 35700 ns, At safepoint: 2500 ns, Total: 43800 ns
[231.669s][info ][safepoint      ] Safepoint "Cleanup", Time since last: 1000096733 ns, Reaching safepoint: 5600 ns, Cleanup: 8600 ns, At safepoint: 2300 ns, Total: 16500 ns
[232.669s][info ][safepoint      ] Safepoint "Cleanup", Time since last: 1000098333 ns, Reaching safepoint: 5200 ns, Cleanup: 22900 ns, At safepoint: 2000 ns, Total: 30100 ns
[233.669s][info ][safepoint      ] Safepoint "Cleanup", Time since last: 1000097032 ns, Reaching safepoint: 77801 ns, Cleanup: 24100 ns, At safepoint: 5900 ns, Total: 107801 ns
[234.669s][info ][safepoint      ] Safepoint "Cleanup", Time since last: 1000120232 ns, Reaching safepoint: 6600 ns, Cleanup: 25000 ns, At safepoint: 2900 ns, Total: 34500 ns
[235.670s][info ][safepoint      ] Safepoint "Cleanup", Time since last: 1000107618 ns, Reaching safepoint: 318902 ns, Cleanup: 16500 ns, At safepoint: 14800 ns, Total: 350202 ns
[236.670s][info ][safepoint      ] Safepoint "Cleanup", Time since last: 1000110818 ns, Reaching safepoint: 5300 ns, Cleanup: 18400 ns, At safepoint: 2200 ns, Total: 25900 ns
[237.670s][info ][safepoint      ] Safepoint "Cleanup", Time since last: 1000093918 ns, Reaching safepoint: 5800 ns, Cleanup: 7500 ns, At safepoint: 2200 ns, Total: 15500 ns
[238.169s][info ][gc,start       ] GC(30) Pause Young (Allocation Failure)
[238.187s][debug][gc,phases      ] GC(30) Scavenge 18.435ms
[238.187s][debug][gc,ref         ] GC(30) ReferenceProcessor::execute queues: 1, RefProcThreadModel::Single, marks_oops_alive: false
[238.187s][debug][gc,ref         ] GC(30) Skipped KeepAliveFinalRefsPhase of Reference Processing: no references
[238.187s][debug][gc,ref         ] GC(30) ReferenceProcessor::execute queues: 1, RefProcThreadModel::Single, marks_oops_alive: false
[238.187s][debug][gc,phases      ] GC(30) Reference Processing 0.099ms
[238.187s][debug][gc,phases      ] GC(30)   VM Weak                        Min:  0.0, Avg:  0.0, Max:  0.0, Diff:  0.0, Sum:  0.0, Workers: 4
[238.187s][debug][gc,phases      ] GC(30)     Dead                           Min: 0, Avg:  0.0, Max: 0, Diff: 0, Sum: 0, Workers: 4
[238.188s][debug][gc,phases      ] GC(30)     Total                          Min: 0, Avg: 238.2, Max: 697, Diff: 697, Sum: 953, Workers: 4
[238.188s][debug][gc,phases      ] GC(30)   ObjectSynchronizer Weak        Min:  0.0, Avg:  0.0, Max:  0.0, Diff:  0.0, Sum:  0.0, Workers: 4
[238.188s][debug][gc,phases      ] GC(30)     Dead                           Min: 0, Avg:  0.0, Max: 0, Diff: 0, Sum: 0, Workers: 4
[238.188s][debug][gc,phases      ] GC(30)     Total                          Min: 0, Avg:  1.8, Max: 7, Diff: 7, Sum: 7, Workers: 4
[238.188s][debug][gc,phases      ] GC(30)   JVMTI Tag Weak OopStorage      Min:  0.0, Avg:  0.0, Max:  0.0, Diff:  0.0, Sum:  0.0, Workers: 4
[238.188s][debug][gc,phases      ] GC(30)     Dead                           Min: 0, Avg:  0.0, Max: 0, Diff: 0, Sum: 0, Workers: 4
[238.188s][debug][gc,phases      ] GC(30)     Total                          Min: 0, Avg:  0.0, Max: 0, Diff: 0, Sum: 0, Workers: 4
[238.188s][debug][gc,phases      ] GC(30)   StringTable Weak               Min:  0.0, Avg:  0.1, Max:  0.1, Diff:  0.1, Sum:  0.4, Workers: 4
[238.188s][debug][gc,phases      ] GC(30)     Dead                           Min: 0, Avg:  0.0, Max: 0, Diff: 0, Sum: 0, Workers: 4
[238.188s][debug][gc,phases      ] GC(30)     Total                          Min: 0, Avg: 11521.5, Max: 19206, Diff: 19206, Sum: 46086, Workers: 4
[238.188s][debug][gc,phases      ] GC(30)   ResolvedMethodTable Weak       Min:  0.0, Avg:  0.0, Max:  0.0, Diff:  0.0, Sum:  0.1, Workers: 4
[238.188s][debug][gc,phases      ] GC(30)     Dead                           Min: 0, Avg:  0.0, Max: 0, Diff: 0, Sum: 0, Workers: 4
[238.188s][debug][gc,phases      ] GC(30)     Total                          Min: 0, Avg: 3732.8, Max: 6286, Diff: 6286, Sum: 14931, Workers: 4
[238.188s][debug][gc,phases      ] GC(30)   JNI Weak                       Min:  0.0, Avg:  0.0, Max:  0.0, Diff:  0.0, Sum:  0.0, Workers: 4
[238.188s][debug][gc,phases      ] GC(30)     Dead                           Min: 0, Avg:  0.0, Max: 0, Diff: 0, Sum: 0, Workers: 4
[238.188s][debug][gc,phases      ] GC(30)     Total                          Min: 0, Avg: 13.0, Max: 52, Diff: 52, Sum: 52, Workers: 4
[238.188s][debug][gc,phases      ] GC(30)   StringDedup Table Weak         Min:  0.0, Avg:  0.0, Max:  0.0, Diff:  0.0, Sum:  0.0, Workers: 4
[238.188s][debug][gc,phases      ] GC(30)     Dead                           Min: 0, Avg:  0.0, Max: 0, Diff: 0, Sum: 0, Workers: 4
[238.188s][debug][gc,phases      ] GC(30)     Total                          Min: 0, Avg:  0.0, Max: 0, Diff: 0, Sum: 0, Workers: 4
[238.188s][debug][gc,phases      ] GC(30)   StringDedup Requests0 Weak     Min:  0.0, Avg:  0.0, Max:  0.0, Diff:  0.0, Sum:  0.0, Workers: 4
[238.188s][debug][gc,phases      ] GC(30)     Dead                           Min: 0, Avg:  0.0, Max: 0, Diff: 0, Sum: 0, Workers: 4
[238.188s][debug][gc,phases      ] GC(30)     Total                          Min: 0, Avg:  0.0, Max: 0, Diff: 0, Sum: 0, Workers: 4
[238.188s][debug][gc,phases      ] GC(30)   StringDedup Requests1 Weak     Min:  0.0, Avg:  0.0, Max:  0.0, Diff:  0.0, Sum:  0.0, Workers: 4
[238.188s][debug][gc,phases      ] GC(30)     Dead                           Min: 0, Avg:  0.0, Max: 0, Diff: 0, Sum: 0, Workers: 4
[238.188s][debug][gc,phases      ] GC(30)     Total                          Min: 0, Avg:  0.0, Max: 0, Diff: 0, Sum: 0, Workers: 4
[238.188s][debug][gc,phases      ] GC(30)   Weak JFR Old Object Samples    Min:  0.0, Avg:  0.0, Max:  0.0, Diff:  0.0, Sum:  0.0, Workers: 4
[238.188s][debug][gc,phases      ] GC(30)     Dead                           Min: 0, Avg:  0.0, Max: 0, Diff: 0, Sum: 0, Workers: 4
[238.188s][debug][gc,phases      ] GC(30)     Total                          Min: 0, Avg:  0.0, Max: 0, Diff: 0, Sum: 0, Workers: 4
[238.188s][debug][gc,phases      ] GC(30) Weak Processing 0.359ms
[238.188s][debug][gc,age         ] GC(30) Desired survivor size 145227776 bytes, new threshold 1 (max threshold 15)
[238.188s][info ][gc,heap        ] GC(30) PSYoungGen: 1831659K(1949184K)->24528K(1939968K) Eden: 1792000K(1792000K)->0K(1792000K) From: 39659K(157184K)->24528K(147968K)
[238.188s][info ][gc,heap        ] GC(30) ParOldGen: 431797K(598528K)->457389K(598528K)
[238.188s][info ][gc,metaspace   ] GC(30) Metaspace: 105421K(106688K)->105421K(106688K) NonClass: 89513K(90240K)->89513K(90240K) Class: 15908K(16448K)->15908K(16448K)
[238.188s][info ][gc             ] GC(30) Pause Young (Allocation Failure) 2210M->470M(2479M) 18.999ms
[238.188s][info ][gc,cpu         ] GC(30) User=0.06s Sys=0.01s Real=0.02s
[238.188s][info ][safepoint      ] Safepoint "ParallelGCFailedAllocation", Time since last: 498437198 ns, Reaching safepoint: 5100 ns, Cleanup: 2900 ns, At safepoint: 19064623 ns, Total: 19072623 ns
[239.188s][info ][safepoint      ] Safepoint "Cleanup", Time since last: 1000087717 ns, Reaching safepoint: 6100 ns, Cleanup: 7900 ns, At safepoint: 2600 ns, Total: 16600 ns
[241.195s][info ][safepoint      ] Safepoint "Cleanup", Time since last: 2006749078 ns, Reaching safepoint: 6300 ns, Cleanup: 11700 ns, At safepoint: 2800 ns, Total: 20800 ns
[243.195s][info ][safepoint      ] Safepoint "Cleanup", Time since last: 2000174432 ns, Reaching safepoint: 5800 ns, Cleanup: 31400 ns, At safepoint: 3100 ns, Total: 40300 ns
[244.195s][info ][safepoint      ] Safepoint "Cleanup", Time since last: 1000109812 ns, Reaching safepoint: 6500 ns, Cleanup: 21600 ns, At safepoint: 3100 ns, Total: 31200 ns
[245.195s][info ][safepoint      ] Safepoint "Cleanup", Time since last: 1000108111 ns, Reaching safepoint: 5900 ns, Cleanup: 15700 ns, At safepoint: 2900 ns, Total: 24500 ns
[246.195s][info ][safepoint      ] Safepoint "Cleanup", Time since last: 1000106512 ns, Reaching safepoint: 6500 ns, Cleanup: 19100 ns, At safepoint: 2800 ns, Total: 28400 ns
[247.195s][info ][safepoint      ] Safepoint "Cleanup", Time since last: 1000107511 ns, Reaching safepoint: 6000 ns, Cleanup: 15401 ns, At safepoint: 2600 ns, Total: 24001 ns
[248.195s][info ][safepoint      ] Safepoint "Cleanup", Time since last: 1000106811 ns, Reaching safepoint: 5800 ns, Cleanup: 9200 ns, At safepoint: 2900 ns, Total: 17900 ns
[253.196s][info ][safepoint      ] Safepoint "Cleanup", Time since last: 5000386607 ns, Reaching safepoint: 5200 ns, Cleanup: 29901 ns, At safepoint: 2300 ns, Total: 37401 ns
[255.196s][info ][safepoint      ] Safepoint "Cleanup", Time since last: 2000173082 ns, Reaching safepoint: 6000 ns, Cleanup: 11700 ns, At safepoint: 2500 ns, Total: 20200 ns
[256.196s][info ][safepoint      ] Safepoint "Cleanup", Time since last: 1000100291 ns, Reaching safepoint: 6400 ns, Cleanup: 6800 ns, At safepoint: 2600 ns, Total: 15800 ns
[257.196s][info ][safepoint      ] Safepoint "Cleanup", Time since last: 1000107904 ns, Reaching safepoint: 6600 ns, Cleanup: 12900 ns, At safepoint: 2700 ns, Total: 22200 ns
[258.196s][info ][safepoint      ] Safepoint "Cleanup", Time since last: 1000102222 ns, Reaching safepoint: 5700 ns, Cleanup: 6400 ns, At safepoint: 2900 ns, Total: 15000 ns
[259.197s][info ][safepoint      ] Safepoint "Cleanup", Time since last: 1000102441 ns, Reaching safepoint: 4900 ns, Cleanup: 11200 ns, At safepoint: 2500 ns, Total: 18600 ns
[260.197s][info ][safepoint      ] Safepoint "Cleanup", Time since last: 1000100857 ns, Reaching safepoint: 6600 ns, Cleanup: 12900 ns, At safepoint: 2900 ns, Total: 22400 ns
[262.197s][info ][safepoint      ] Safepoint "Cleanup", Time since last: 2000200914 ns, Reaching safepoint: 6200 ns, Cleanup: 33101 ns, At safepoint: 2700 ns, Total: 42001 ns
[263.197s][info ][safepoint      ] Safepoint "Cleanup", Time since last: 1000117357 ns, Reaching safepoint: 6000 ns, Cleanup: 12400 ns, At safepoint: 2600 ns, Total: 21000 ns
[264.197s][info ][safepoint      ] Safepoint "Cleanup", Time since last: 1000127257 ns, Reaching safepoint: 6200 ns, Cleanup: 20301 ns, At safepoint: 2900 ns, Total: 29401 ns
[264.767s][info ][gc,start       ] GC(31) Pause Young (Allocation Failure)
[264.777s][debug][gc,phases      ] GC(31) Scavenge 9.178ms
[264.777s][debug][gc,ref         ] GC(31) ReferenceProcessor::execute queues: 1, RefProcThreadModel::Single, marks_oops_alive: false
[264.777s][debug][gc,ref         ] GC(31) Skipped KeepAliveFinalRefsPhase of Reference Processing: no references
[264.777s][debug][gc,ref         ] GC(31) ReferenceProcessor::execute queues: 1, RefProcThreadModel::Single, marks_oops_alive: false
[264.777s][debug][gc,phases      ] GC(31) Reference Processing 0.098ms
[264.777s][debug][gc,phases      ] GC(31)   VM Weak                        Min:  0.0, Avg:  0.0, Max:  0.0, Diff:  0.0, Sum:  0.0, Workers: 4
[264.777s][debug][gc,phases      ] GC(31)     Dead                           Min: 0, Avg:  0.0, Max: 0, Diff: 0, Sum: 0, Workers: 4
[264.777s][debug][gc,phases      ] GC(31)     Total                          Min: 64, Avg: 238.2, Max: 384, Diff: 320, Sum: 953, Workers: 4
[264.777s][debug][gc,phases      ] GC(31)   ObjectSynchronizer Weak        Min:  0.0, Avg:  0.0, Max:  0.0, Diff:  0.0, Sum:  0.0, Workers: 4
[264.777s][debug][gc,phases      ] GC(31)     Dead                           Min: 0, Avg:  0.0, Max: 0, Diff: 0, Sum: 0, Workers: 4
[264.777s][debug][gc,phases      ] GC(31)     Total                          Min: 0, Avg:  1.2, Max: 5, Diff: 5, Sum: 5, Workers: 4
[264.777s][debug][gc,phases      ] GC(31)   JVMTI Tag Weak OopStorage      Min:  0.0, Avg:  0.0, Max:  0.0, Diff:  0.0, Sum:  0.0, Workers: 4
[264.777s][debug][gc,phases      ] GC(31)     Dead                           Min: 0, Avg:  0.0, Max: 0, Diff: 0, Sum: 0, Workers: 4
[264.777s][debug][gc,phases      ] GC(31)     Total                          Min: 0, Avg:  0.0, Max: 0, Diff: 0, Sum: 0, Workers: 4
[264.777s][debug][gc,phases      ] GC(31)   StringTable Weak               Min:  0.1, Avg:  0.1, Max:  0.1, Diff:  0.0, Sum:  0.5, Workers: 4
[264.777s][debug][gc,phases      ] GC(31)     Dead                           Min: 0, Avg:  0.2, Max: 1, Diff: 1, Sum: 1, Workers: 4
[264.777s][debug][gc,phases      ] GC(31)     Total                          Min: 11264, Avg: 11528.8, Max: 11711, Diff: 447, Sum: 46115, Workers: 4
[264.777s][debug][gc,phases      ] GC(31)   ResolvedMethodTable Weak       Min:  0.0, Avg:  0.0, Max:  0.0, Diff:  0.0, Sum:  0.2, Workers: 4
[264.777s][debug][gc,phases      ] GC(31)     Dead                           Min: 0, Avg:  4.8, Max: 14, Diff: 14, Sum: 19, Workers: 4
[264.777s][debug][gc,phases      ] GC(31)     Total                          Min: 3549, Avg: 3736.0, Max: 3870, Diff: 321, Sum: 14944, Workers: 4
[264.777s][debug][gc,phases      ] GC(31)   JNI Weak                       Min:  0.0, Avg:  0.0, Max:  0.0, Diff:  0.0, Sum:  0.0, Workers: 4
[264.777s][debug][gc,phases      ] GC(31)     Dead                           Min: 0, Avg:  0.0, Max: 0, Diff: 0, Sum: 0, Workers: 4
[264.777s][debug][gc,phases      ] GC(31)     Total                          Min: 0, Avg: 13.0, Max: 52, Diff: 52, Sum: 52, Workers: 4
[264.777s][debug][gc,phases      ] GC(31)   StringDedup Table Weak         Min:  0.0, Avg:  0.0, Max:  0.0, Diff:  0.0, Sum:  0.0, Workers: 4
[264.777s][debug][gc,phases      ] GC(31)     Dead                           Min: 0, Avg:  0.0, Max: 0, Diff: 0, Sum: 0, Workers: 4
[264.777s][debug][gc,phases      ] GC(31)     Total                          Min: 0, Avg:  0.0, Max: 0, Diff: 0, Sum: 0, Workers: 4
[264.777s][debug][gc,phases      ] GC(31)   StringDedup Requests0 Weak     Min:  0.0, Avg:  0.0, Max:  0.0, Diff:  0.0, Sum:  0.0, Workers: 4
[264.777s][debug][gc,phases      ] GC(31)     Dead                           Min: 0, Avg:  0.0, Max: 0, Diff: 0, Sum: 0, Workers: 4
[264.777s][debug][gc,phases      ] GC(31)     Total                          Min: 0, Avg:  0.0, Max: 0, Diff: 0, Sum: 0, Workers: 4
[264.777s][debug][gc,phases      ] GC(31)   StringDedup Requests1 Weak     Min:  0.0, Avg:  0.0, Max:  0.0, Diff:  0.0, Sum:  0.0, Workers: 4
[264.777s][debug][gc,phases      ] GC(31)     Dead                           Min: 0, Avg:  0.0, Max: 0, Diff: 0, Sum: 0, Workers: 4
[264.777s][debug][gc,phases      ] GC(31)     Total                          Min: 0, Avg:  0.0, Max: 0, Diff: 0, Sum: 0, Workers: 4
[264.777s][debug][gc,phases      ] GC(31)   Weak JFR Old Object Samples    Min:  0.0, Avg:  0.0, Max:  0.0, Diff:  0.0, Sum:  0.0, Workers: 4
[264.777s][debug][gc,phases      ] GC(31)     Dead                           Min: 0, Avg:  0.0, Max: 0, Diff: 0, Sum: 0, Workers: 4
[264.777s][debug][gc,phases      ] GC(31)     Total                          Min: 0, Avg:  0.0, Max: 0, Diff: 0, Sum: 0, Workers: 4
[264.777s][debug][gc,phases      ] GC(31) Weak Processing 0.338ms
[264.777s][debug][gc,age         ] GC(31) Desired survivor size 142606336 bytes, new threshold 1 (max threshold 15)
[264.777s][info ][gc,heap        ] GC(31) PSYoungGen: 1816528K(1939968K)->5024K(1957888K) Eden: 1792000K(1792000K)->0K(1816064K) From: 24528K(147968K)->5024K(141824K)
[264.777s][info ][gc,heap        ] GC(31) ParOldGen: 457389K(598528K)->479429K(598528K)
[264.777s][info ][gc,metaspace   ] GC(31) Metaspace: 105506K(106752K)->105506K(106752K) NonClass: 89593K(90304K)->89593K(90304K) Class: 15913K(16448K)->15913K(16448K)
[264.777s][info ][gc             ] GC(31) Pause Young (Allocation Failure) 2220M->473M(2496M) 9.724ms
[264.777s][info ][gc,cpu         ] GC(31) User=0.04s Sys=0.00s Real=0.01s
[264.777s][info ][safepoint      ] Safepoint "ParallelGCFailedAllocation", Time since last: 570161981 ns, Reaching safepoint: 6000 ns, Cleanup: 10000 ns, At safepoint: 9783963 ns, Total: 9799963 ns
[265.777s][info ][safepoint      ] Safepoint "Cleanup", Time since last: 1000094157 ns, Reaching safepoint: 6200 ns, Cleanup: 9500 ns, At safepoint: 2600 ns, Total: 18300 ns
[266.777s][info ][safepoint      ] Safepoint "Cleanup", Time since last: 1000103036 ns, Reaching safepoint: 5900 ns, Cleanup: 34101 ns, At safepoint: 2700 ns, Total: 42701 ns
[267.778s][info ][safepoint      ] Safepoint "Cleanup", Time since last: 1000107997 ns, Reaching safepoint: 5600 ns, Cleanup: 16401 ns, At safepoint: 2200 ns, Total: 24201 ns
[268.778s][info ][safepoint      ] Safepoint "Cleanup", Time since last: 1000099393 ns, Reaching safepoint: 5300 ns, Cleanup: 12000 ns, At safepoint: 2500 ns, Total: 19800 ns
[269.778s][info ][safepoint      ] Safepoint "Cleanup", Time since last: 1000104347 ns, Reaching safepoint: 7100 ns, Cleanup: 13600 ns, At safepoint: 3300 ns, Total: 24000 ns
[270.778s][info ][safepoint      ] Safepoint "Cleanup", Time since last: 1000130347 ns, Reaching safepoint: 5800 ns, Cleanup: 9000 ns, At safepoint: 2400 ns, Total: 17200 ns
[271.778s][info ][safepoint      ] Safepoint "Cleanup", Time since last: 1000105247 ns, Reaching safepoint: 5900 ns, Cleanup: 15600 ns, At safepoint: 2700 ns, Total: 24200 ns
[272.778s][info ][safepoint      ] Safepoint "Cleanup", Time since last: 1000105247 ns, Reaching safepoint: 6100 ns, Cleanup: 19800 ns, At safepoint: 2700 ns, Total: 28600 ns
[273.778s][info ][safepoint      ] Safepoint "Cleanup", Time since last: 1000109447 ns, Reaching safepoint: 5500 ns, Cleanup: 23500 ns, At safepoint: 2900 ns, Total: 31900 ns
[274.778s][info ][safepoint      ] Safepoint "Cleanup", Time since last: 1000101485 ns, Reaching safepoint: 5500 ns, Cleanup: 22700 ns, At safepoint: 2400 ns, Total: 30600 ns
[275.779s][info ][safepoint      ] Safepoint "Cleanup", Time since last: 1000096930 ns, Reaching safepoint: 5300 ns, Cleanup: 9800 ns, At safepoint: 2000 ns, Total: 17100 ns
[276.779s][info ][safepoint      ] Safepoint "Cleanup", Time since last: 1000097130 ns, Reaching safepoint: 6100 ns, Cleanup: 13700 ns, At safepoint: 2300 ns, Total: 22100 ns
[277.779s][info ][safepoint      ] Safepoint "Cleanup", Time since last: 1000104182 ns, Reaching safepoint: 6500 ns, Cleanup: 27200 ns, At safepoint: 3300 ns, Total: 37000 ns
[278.779s][info ][safepoint      ] Safepoint "Cleanup", Time since last: 1000106864 ns, Reaching safepoint: 6200 ns, Cleanup: 7400 ns, At safepoint: 2700 ns, Total: 16300 ns
[279.779s][info ][safepoint      ] Safepoint "Cleanup", Time since last: 1000098463 ns, Reaching safepoint: 5900 ns, Cleanup: 13500 ns, At safepoint: 2300 ns, Total: 21700 ns
[280.779s][info ][safepoint      ] Safepoint "Cleanup", Time since last: 1000096763 ns, Reaching safepoint: 6000 ns, Cleanup: 23101 ns, At safepoint: 2500 ns, Total: 31601 ns
[281.779s][info ][safepoint      ] Safepoint "Cleanup", Time since last: 1000106063 ns, Reaching safepoint: 5400 ns, Cleanup: 15700 ns, At safepoint: 2800 ns, Total: 23900 ns
[282.779s][info ][safepoint      ] Safepoint "Cleanup", Time since last: 1000108068 ns, Reaching safepoint: 5800 ns, Cleanup: 7400 ns, At safepoint: 2200 ns, Total: 15400 ns
[283.780s][info ][safepoint      ] Safepoint "Cleanup", Time since last: 1000100605 ns, Reaching safepoint: 6000 ns, Cleanup: 26500 ns, At safepoint: 2800 ns, Total: 35300 ns
[284.780s][info ][safepoint      ] Safepoint "Cleanup", Time since last: 1000104305 ns, Reaching safepoint: 5800 ns, Cleanup: 12200 ns, At safepoint: 2700 ns, Total: 20700 ns
[285.780s][info ][safepoint      ] Safepoint "Cleanup", Time since last: 1000118305 ns, Reaching safepoint: 6300 ns, Cleanup: 11000 ns, At safepoint: 2600 ns, Total: 19900 ns
[286.780s][info ][safepoint      ] Safepoint "Cleanup", Time since last: 1000107772 ns, Reaching safepoint: 5800 ns, Cleanup: 10900 ns, At safepoint: 2200 ns, Total: 18900 ns
[287.780s][info ][safepoint      ] Safepoint "Cleanup", Time since last: 1000109556 ns, Reaching safepoint: 5300 ns, Cleanup: 11400 ns, At safepoint: 3000 ns, Total: 19700 ns
[288.780s][info ][safepoint      ] Safepoint "Cleanup", Time since last: 1000115256 ns, Reaching safepoint: 5800 ns, Cleanup: 9800 ns, At safepoint: 3100 ns, Total: 18700 ns
[289.112s][info ][gc,start       ] GC(32) Pause Young (Allocation Failure)
[289.118s][debug][gc,phases      ] GC(32) Scavenge 5.706ms
[289.118s][debug][gc,ref         ] GC(32) ReferenceProcessor::execute queues: 1, RefProcThreadModel::Single, marks_oops_alive: false
[289.118s][debug][gc,ref         ] GC(32) Skipped KeepAliveFinalRefsPhase of Reference Processing: no references
[289.118s][debug][gc,ref         ] GC(32) ReferenceProcessor::execute queues: 1, RefProcThreadModel::Single, marks_oops_alive: false
[289.118s][debug][gc,phases      ] GC(32) Reference Processing 0.138ms
[289.119s][debug][gc,phases      ] GC(32)   VM Weak                        Min:  0.0, Avg:  0.0, Max:  0.0, Diff:  0.0, Sum:  0.0, Workers: 4
[289.119s][debug][gc,phases      ] GC(32)     Dead                           Min: 0, Avg:  0.0, Max: 0, Diff: 0, Sum: 0, Workers: 4
[289.119s][debug][gc,phases      ] GC(32)     Total                          Min: 0, Avg: 238.8, Max: 768, Diff: 768, Sum: 955, Workers: 4
[289.119s][debug][gc,phases      ] GC(32)   ObjectSynchronizer Weak        Min:  0.0, Avg:  0.0, Max:  0.0, Diff:  0.0, Sum:  0.0, Workers: 4
[289.119s][debug][gc,phases      ] GC(32)     Dead                           Min: 0, Avg:  0.0, Max: 0, Diff: 0, Sum: 0, Workers: 4
[289.119s][debug][gc,phases      ] GC(32)     Total                          Min: 0, Avg:  1.5, Max: 6, Diff: 6, Sum: 6, Workers: 4
[289.119s][debug][gc,phases      ] GC(32)   JVMTI Tag Weak OopStorage      Min:  0.0, Avg:  0.0, Max:  0.0, Diff:  0.0, Sum:  0.0, Workers: 4
[289.119s][debug][gc,phases      ] GC(32)     Dead                           Min: 0, Avg:  0.0, Max: 0, Diff: 0, Sum: 0, Workers: 4
[289.119s][debug][gc,phases      ] GC(32)     Total                          Min: 0, Avg:  0.0, Max: 0, Diff: 0, Sum: 0, Workers: 4
[289.119s][debug][gc,phases      ] GC(32)   StringTable Weak               Min:  0.0, Avg:  0.1, Max:  0.2, Diff:  0.2, Sum:  0.4, Workers: 4
[289.119s][debug][gc,phases      ] GC(32)     Dead                           Min: 0, Avg:  0.0, Max: 0, Diff: 0, Sum: 0, Workers: 4
[289.119s][debug][gc,phases      ] GC(32)     Total                          Min: 0, Avg: 11534.2, Max: 23417, Diff: 23417, Sum: 46137, Workers: 4
[289.119s][debug][gc,phases      ] GC(32)   ResolvedMethodTable Weak       Min:  0.0, Avg:  0.0, Max:  0.1, Diff:  0.1, Sum:  0.1, Workers: 4
[289.119s][debug][gc,phases      ] GC(32)     Dead                           Min: 0, Avg:  4.5, Max: 14, Diff: 14, Sum: 18, Workers: 4
[289.119s][debug][gc,phases      ] GC(32)     Total                          Min: 0, Avg: 3743.2, Max: 7888, Diff: 7888, Sum: 14973, Workers: 4
[289.119s][debug][gc,phases      ] GC(32)   JNI Weak                       Min:  0.0, Avg:  0.0, Max:  0.0, Diff:  0.0, Sum:  0.0, Workers: 4
[289.119s][debug][gc,phases      ] GC(32)     Dead                           Min: 0, Avg:  0.0, Max: 0, Diff: 0, Sum: 0, Workers: 4
[289.119s][debug][gc,phases      ] GC(32)     Total                          Min: 0, Avg: 13.0, Max: 52, Diff: 52, Sum: 52, Workers: 4
[289.119s][debug][gc,phases      ] GC(32)   StringDedup Table Weak         Min:  0.0, Avg:  0.0, Max:  0.0, Diff:  0.0, Sum:  0.0, Workers: 4
[289.119s][debug][gc,phases      ] GC(32)     Dead                           Min: 0, Avg:  0.0, Max: 0, Diff: 0, Sum: 0, Workers: 4
[289.119s][debug][gc,phases      ] GC(32)     Total                          Min: 0, Avg:  0.0, Max: 0, Diff: 0, Sum: 0, Workers: 4
[289.119s][debug][gc,phases      ] GC(32)   StringDedup Requests0 Weak     Min:  0.0, Avg:  0.0, Max:  0.0, Diff:  0.0, Sum:  0.0, Workers: 4
[289.119s][debug][gc,phases      ] GC(32)     Dead                           Min: 0, Avg:  0.0, Max: 0, Diff: 0, Sum: 0, Workers: 4
[289.119s][debug][gc,phases      ] GC(32)     Total                          Min: 0, Avg:  0.0, Max: 0, Diff: 0, Sum: 0, Workers: 4
[289.119s][debug][gc,phases      ] GC(32)   StringDedup Requests1 Weak     Min:  0.0, Avg:  0.0, Max:  0.0, Diff:  0.0, Sum:  0.0, Workers: 4
[289.119s][debug][gc,phases      ] GC(32)     Dead                           Min: 0, Avg:  0.0, Max: 0, Diff: 0, Sum: 0, Workers: 4
[289.119s][debug][gc,phases      ] GC(32)     Total                          Min: 0, Avg:  0.0, Max: 0, Diff: 0, Sum: 0, Workers: 4
[289.119s][debug][gc,phases      ] GC(32)   Weak JFR Old Object Samples    Min:  0.0, Avg:  0.0, Max:  0.0, Diff:  0.0, Sum:  0.0, Workers: 4
[289.119s][debug][gc,phases      ] GC(32)     Dead                           Min: 0, Avg:  0.0, Max: 0, Diff: 0, Sum: 0, Workers: 4
[289.119s][debug][gc,phases      ] GC(32)     Total                          Min: 0, Avg:  0.0, Max: 0, Diff: 0, Sum: 0, Workers: 4
[289.119s][debug][gc,phases      ] GC(32) Weak Processing 0.611ms
[289.119s][debug][gc,age         ] GC(32) Desired survivor size 138936320 bytes, new threshold 1 (max threshold 15)
[289.119s][info ][gc,heap        ] GC(32) PSYoungGen: 1821088K(1957888K)->4656K(1955328K) Eden: 1816064K(1816064K)->0K(1816064K) From: 5024K(141824K)->4656K(139264K)
[289.119s][info ][gc,heap        ] GC(32) ParOldGen: 479429K(598528K)->481304K(598528K)
[289.119s][info ][gc,metaspace   ] GC(32) Metaspace: 105564K(106816K)->105564K(106816K) NonClass: 89641K(90368K)->89641K(90368K) Class: 15922K(16448K)->15922K(16448K)
[289.119s][info ][gc             ] GC(32) Pause Young (Allocation Failure) 2246M->474M(2494M) 6.601ms
[289.119s][info ][gc,cpu         ] GC(32) User=0.01s Sys=0.01s Real=0.00s
[289.119s][info ][safepoint      ] Safepoint "ParallelGCFailedAllocation", Time since last: 332053142 ns, Reaching safepoint: 79501 ns, Cleanup: 4300 ns, At safepoint: 6689249 ns, Total: 6773050 ns
[290.119s][info ][safepoint      ] Safepoint "Cleanup", Time since last: 1000092755 ns, Reaching safepoint: 6501 ns, Cleanup: 10100 ns, At safepoint: 2400 ns, Total: 19001 ns
[293.119s][info ][safepoint      ] Safepoint "Cleanup", Time since last: 3000236602 ns, Reaching safepoint: 5700 ns, Cleanup: 11300 ns, At safepoint: 2200 ns, Total: 19200 ns
[294.120s][info ][safepoint      ] Safepoint "Cleanup", Time since last: 1000093730 ns, Reaching safepoint: 5400 ns, Cleanup: 9800 ns, At safepoint: 2300 ns, Total: 17500 ns
[295.120s][info ][safepoint      ] Safepoint "Cleanup", Time since last: 1000095851 ns, Reaching safepoint: 5100 ns, Cleanup: 5401 ns, At safepoint: 2100 ns, Total: 12601 ns
[296.120s][info ][safepoint      ] Safepoint "Cleanup", Time since last: 1000100604 ns, Reaching safepoint: 5000 ns, Cleanup: 7300 ns, At safepoint: 2200 ns, Total: 14500 ns
[298.120s][info ][safepoint      ] Safepoint "Cleanup", Time since last: 2000158908 ns, Reaching safepoint: 4900 ns, Cleanup: 11600 ns, At safepoint: 2000 ns, Total: 18500 ns
[299.120s][info ][safepoint      ] Safepoint "Cleanup", Time since last: 1000105443 ns, Reaching safepoint: 5100 ns, Cleanup: 8700 ns, At safepoint: 2400 ns, Total: 16200 ns
[301.212s][info ][safepoint      ] Safepoint "Cleanup", Time since last: 2091459792 ns, Reaching safepoint: 6000 ns, Cleanup: 9800 ns, At safepoint: 12900 ns, Total: 28700 ns
[304.212s][info ][safepoint      ] Safepoint "Cleanup", Time since last: 3000238884 ns, Reaching safepoint: 77301 ns, Cleanup: 10100 ns, At safepoint: 5400 ns, Total: 92801 ns
[305.212s][info ][safepoint      ] Safepoint "Cleanup", Time since last: 1000109995 ns, Reaching safepoint: 78501 ns, Cleanup: 9800 ns, At safepoint: 6500 ns, Total: 94801 ns
[306.214s][info ][safepoint      ] Safepoint "Cleanup", Time since last: 1001734509 ns, Reaching safepoint: 82001 ns, Cleanup: 11600 ns, At safepoint: 15300 ns, Total: 108901 ns
[307.217s][info ][safepoint      ] Safepoint "Cleanup", Time since last: 1002908875 ns, Reaching safepoint: 87200 ns, Cleanup: 35101 ns, At safepoint: 16500 ns, Total: 138801 ns
[307.221s][info ][gc,start       ] GC(33) Pause Young (Allocation Failure)
[307.231s][debug][gc,phases      ] GC(33) Scavenge 9.521ms
[307.231s][debug][gc,ref         ] GC(33) ReferenceProcessor::execute queues: 1, RefProcThreadModel::Single, marks_oops_alive: false
[307.231s][debug][gc,ref         ] GC(33) Skipped KeepAliveFinalRefsPhase of Reference Processing: no references
[307.231s][debug][gc,ref         ] GC(33) ReferenceProcessor::execute queues: 1, RefProcThreadModel::Single, marks_oops_alive: false
[307.231s][debug][gc,phases      ] GC(33) Reference Processing 0.095ms
[307.231s][debug][gc,phases      ] GC(33)   VM Weak                        Min:  0.0, Avg:  0.0, Max:  0.0, Diff:  0.0, Sum:  0.0, Workers: 4
[307.231s][debug][gc,phases      ] GC(33)     Dead                           Min: 0, Avg:  0.0, Max: 0, Diff: 0, Sum: 0, Workers: 4
[307.231s][debug][gc,phases      ] GC(33)     Total                          Min: 0, Avg: 238.8, Max: 571, Diff: 571, Sum: 955, Workers: 4
[307.231s][debug][gc,phases      ] GC(33)   ObjectSynchronizer Weak        Min:  0.0, Avg:  0.0, Max:  0.0, Diff:  0.0, Sum:  0.0, Workers: 4
[307.231s][debug][gc,phases      ] GC(33)     Dead                           Min: 0, Avg:  0.0, Max: 0, Diff: 0, Sum: 0, Workers: 4
[307.231s][debug][gc,phases      ] GC(33)     Total                          Min: 0, Avg:  1.0, Max: 4, Diff: 4, Sum: 4, Workers: 4
[307.231s][debug][gc,phases      ] GC(33)   JVMTI Tag Weak OopStorage      Min:  0.0, Avg:  0.0, Max:  0.0, Diff:  0.0, Sum:  0.0, Workers: 4
[307.231s][debug][gc,phases      ] GC(33)     Dead                           Min: 0, Avg:  0.0, Max: 0, Diff: 0, Sum: 0, Workers: 4
[307.231s][debug][gc,phases      ] GC(33)     Total                          Min: 0, Avg:  0.0, Max: 0, Diff: 0, Sum: 0, Workers: 4
[307.231s][debug][gc,phases      ] GC(33)   StringTable Weak               Min:  0.1, Avg:  0.1, Max:  0.1, Diff:  0.0, Sum:  0.4, Workers: 4
[307.231s][debug][gc,phases      ] GC(33)     Dead                           Min: 0, Avg:  0.0, Max: 0, Diff: 0, Sum: 0, Workers: 4
[307.231s][debug][gc,phases      ] GC(33)     Total                          Min: 11391, Avg: 11534.5, Max: 11707, Diff: 316, Sum: 46138, Workers: 4
[307.231s][debug][gc,phases      ] GC(33)   ResolvedMethodTable Weak       Min:  0.0, Avg:  0.0, Max:  0.0, Diff:  0.0, Sum:  0.2, Workers: 4
[307.231s][debug][gc,phases      ] GC(33)     Dead                           Min: 0, Avg:  4.0, Max: 16, Diff: 16, Sum: 16, Workers: 4
[307.231s][debug][gc,phases      ] GC(33)     Total                          Min: 3525, Avg: 3743.2, Max: 3847, Diff: 322, Sum: 14973, Workers: 4
[307.231s][debug][gc,phases      ] GC(33)   JNI Weak                       Min:  0.0, Avg:  0.0, Max:  0.0, Diff:  0.0, Sum:  0.0, Workers: 4
[307.231s][debug][gc,phases      ] GC(33)     Dead                           Min: 0, Avg:  0.0, Max: 0, Diff: 0, Sum: 0, Workers: 4
[307.231s][debug][gc,phases      ] GC(33)     Total                          Min: 0, Avg: 13.0, Max: 52, Diff: 52, Sum: 52, Workers: 4
[307.231s][debug][gc,phases      ] GC(33)   StringDedup Table Weak         Min:  0.0, Avg:  0.0, Max:  0.0, Diff:  0.0, Sum:  0.0, Workers: 4
[307.231s][debug][gc,phases      ] GC(33)     Dead                           Min: 0, Avg:  0.0, Max: 0, Diff: 0, Sum: 0, Workers: 4
[307.231s][debug][gc,phases      ] GC(33)     Total                          Min: 0, Avg:  0.0, Max: 0, Diff: 0, Sum: 0, Workers: 4
[307.231s][debug][gc,phases      ] GC(33)   StringDedup Requests0 Weak     Min:  0.0, Avg:  0.0, Max:  0.0, Diff:  0.0, Sum:  0.0, Workers: 4
[307.231s][debug][gc,phases      ] GC(33)     Dead                           Min: 0, Avg:  0.0, Max: 0, Diff: 0, Sum: 0, Workers: 4
[307.231s][debug][gc,phases      ] GC(33)     Total                          Min: 0, Avg:  0.0, Max: 0, Diff: 0, Sum: 0, Workers: 4
[307.231s][debug][gc,phases      ] GC(33)   StringDedup Requests1 Weak     Min:  0.0, Avg:  0.0, Max:  0.0, Diff:  0.0, Sum:  0.0, Workers: 4
[307.231s][debug][gc,phases      ] GC(33)     Dead                           Min: 0, Avg:  0.0, Max: 0, Diff: 0, Sum: 0, Workers: 4
[307.231s][debug][gc,phases      ] GC(33)     Total                          Min: 0, Avg:  0.0, Max: 0, Diff: 0, Sum: 0, Workers: 4
[307.231s][debug][gc,phases      ] GC(33)   Weak JFR Old Object Samples    Min:  0.0, Avg:  0.0, Max:  0.0, Diff:  0.0, Sum:  0.0, Workers: 4
[307.231s][debug][gc,phases      ] GC(33)     Dead                           Min: 0, Avg:  0.0, Max: 0, Diff: 0, Sum: 0, Workers: 4
[307.231s][debug][gc,phases      ] GC(33)     Total                          Min: 0, Avg:  0.0, Max: 0, Diff: 0, Sum: 0, Workers: 4
[307.231s][debug][gc,phases      ] GC(33) Weak Processing 0.341ms
[307.231s][debug][gc,age         ] GC(33) Desired survivor size 132644864 bytes, new threshold 1 (max threshold 15)
[307.231s][info ][gc,heap        ] GC(33) PSYoungGen: 1820720K(1955328K)->18512K(1967616K) Eden: 1816064K(1816064K)->0K(1831936K) From: 4656K(139264K)->18512K(135680K)
[307.231s][info ][gc,heap        ] GC(33) ParOldGen: 481304K(598528K)->483442K(598528K)
[307.231s][info ][gc,metaspace   ] GC(33) Metaspace: 105574K(106816K)->105574K(106816K) NonClass: 89652K(90368K)->89652K(90368K) Class: 15922K(16448K)->15922K(16448K)
[307.231s][info ][gc             ] GC(33) Pause Young (Allocation Failure) 2248M->490M(2506M) 10.052ms
[307.231s][info ][gc,cpu         ] GC(33) User=0.04s Sys=0.00s Real=0.01s
[307.231s][info ][safepoint      ] Safepoint "ParallelGCFailedAllocation", Time since last: 3911034 ns, Reaching safepoint: 2500 ns, Cleanup: 1800 ns, At safepoint: 10108788 ns, Total: 10113088 ns
[309.231s][info ][safepoint      ] Safepoint "Cleanup", Time since last: 2000160015 ns, Reaching safepoint: 78900 ns, Cleanup: 20900 ns, At safepoint: 12901 ns, Total: 112701 ns
[310.782s][info ][safepoint      ] Safepoint "Cleanup", Time since last: 1550669301 ns, Reaching safepoint: 4500 ns, Cleanup: 35200 ns, At safepoint: 5400 ns, Total: 45100 ns
[311.879s][info ][safepoint      ] Safepoint "Cleanup", Time since last: 1097078952 ns, Reaching safepoint: 79501 ns, Cleanup: 120501 ns, At safepoint: 11500 ns, Total: 211502 ns
[312.879s][info ][safepoint      ] Safepoint "Cleanup", Time since last: 1000110207 ns, Reaching safepoint: 5200 ns, Cleanup: 20901 ns, At safepoint: 2000 ns, Total: 28101 ns
[313.880s][info ][safepoint      ] Safepoint "Cleanup", Time since last: 1000101207 ns, Reaching safepoint: 81601 ns, Cleanup: 13800 ns, At safepoint: 11100 ns, Total: 106501 ns
[314.755s][info ][gc,start       ] GC(34) Pause Young (Allocation Failure)
[314.774s][debug][gc,phases      ] GC(34) Scavenge 18.845ms
[314.774s][debug][gc,ref         ] GC(34) ReferenceProcessor::execute queues: 1, RefProcThreadModel::Single, marks_oops_alive: false
[314.774s][debug][gc,ref         ] GC(34) Skipped KeepAliveFinalRefsPhase of Reference Processing: no references
[314.774s][debug][gc,ref         ] GC(34) ReferenceProcessor::execute queues: 1, RefProcThreadModel::Single, marks_oops_alive: false
[314.774s][debug][gc,phases      ] GC(34) Reference Processing 0.102ms
[314.775s][debug][gc,phases      ] GC(34)   VM Weak                        Min:  0.0, Avg:  0.0, Max:  0.0, Diff:  0.0, Sum:  0.0, Workers: 4
[314.775s][debug][gc,phases      ] GC(34)     Dead                           Min: 0, Avg:  0.0, Max: 0, Diff: 0, Sum: 0, Workers: 4
[314.775s][debug][gc,phases      ] GC(34)     Total                          Min: 0, Avg: 239.0, Max: 704, Diff: 704, Sum: 956, Workers: 4
[314.775s][debug][gc,phases      ] GC(34)   ObjectSynchronizer Weak        Min:  0.0, Avg:  0.0, Max:  0.0, Diff:  0.0, Sum:  0.0, Workers: 4
[314.775s][debug][gc,phases      ] GC(34)     Dead                           Min: 0, Avg:  0.0, Max: 0, Diff: 0, Sum: 0, Workers: 4
[314.775s][debug][gc,phases      ] GC(34)     Total                          Min: 0, Avg:  1.0, Max: 4, Diff: 4, Sum: 4, Workers: 4
[314.775s][debug][gc,phases      ] GC(34)   JVMTI Tag Weak OopStorage      Min:  0.0, Avg:  0.0, Max:  0.0, Diff:  0.0, Sum:  0.0, Workers: 4
[314.775s][debug][gc,phases      ] GC(34)     Dead                           Min: 0, Avg:  0.0, Max: 0, Diff: 0, Sum: 0, Workers: 4
[314.775s][debug][gc,phases      ] GC(34)     Total                          Min: 0, Avg:  0.0, Max: 0, Diff: 0, Sum: 0, Workers: 4
[314.775s][debug][gc,phases      ] GC(34)   StringTable Weak               Min:  0.1, Avg:  0.1, Max:  0.1, Diff:  0.0, Sum:  0.4, Workers: 4
[314.775s][debug][gc,phases      ] GC(34)     Dead                           Min: 0, Avg:  0.5, Max: 2, Diff: 2, Sum: 2, Workers: 4
[314.775s][debug][gc,phases      ] GC(34)     Total                          Min: 11063, Avg: 11549.2, Max: 11776, Diff: 713, Sum: 46197, Workers: 4
[314.775s][debug][gc,phases      ] GC(34)   ResolvedMethodTable Weak       Min:  0.0, Avg:  0.0, Max:  0.0, Diff:  0.0, Sum:  0.2, Workers: 4
[314.775s][debug][gc,phases      ] GC(34)     Dead                           Min: 0, Avg:  2.8, Max: 5, Diff: 5, Sum: 11, Workers: 4
[314.775s][debug][gc,phases      ] GC(34)     Total                          Min: 3454, Avg: 3754.8, Max: 4002, Diff: 548, Sum: 15019, Workers: 4
[314.775s][debug][gc,phases      ] GC(34)   JNI Weak                       Min:  0.0, Avg:  0.0, Max:  0.0, Diff:  0.0, Sum:  0.0, Workers: 4
[314.775s][debug][gc,phases      ] GC(34)     Dead                           Min: 0, Avg:  0.0, Max: 0, Diff: 0, Sum: 0, Workers: 4
[314.775s][debug][gc,phases      ] GC(34)     Total                          Min: 0, Avg: 13.0, Max: 52, Diff: 52, Sum: 52, Workers: 4
[314.775s][debug][gc,phases      ] GC(34)   StringDedup Table Weak         Min:  0.0, Avg:  0.0, Max:  0.0, Diff:  0.0, Sum:  0.0, Workers: 4
[314.775s][debug][gc,phases      ] GC(34)     Dead                           Min: 0, Avg:  0.0, Max: 0, Diff: 0, Sum: 0, Workers: 4
[314.775s][debug][gc,phases      ] GC(34)     Total                          Min: 0, Avg:  0.0, Max: 0, Diff: 0, Sum: 0, Workers: 4
[314.775s][debug][gc,phases      ] GC(34)   StringDedup Requests0 Weak     Min:  0.0, Avg:  0.0, Max:  0.0, Diff:  0.0, Sum:  0.0, Workers: 4
[314.775s][debug][gc,phases      ] GC(34)     Dead                           Min: 0, Avg:  0.0, Max: 0, Diff: 0, Sum: 0, Workers: 4
[314.775s][debug][gc,phases      ] GC(34)     Total                          Min: 0, Avg:  0.0, Max: 0, Diff: 0, Sum: 0, Workers: 4
[314.775s][debug][gc,phases      ] GC(34)   StringDedup Requests1 Weak     Min:  0.0, Avg:  0.0, Max:  0.0, Diff:  0.0, Sum:  0.0, Workers: 4
[314.775s][debug][gc,phases      ] GC(34)     Dead                           Min: 0, Avg:  0.0, Max: 0, Diff: 0, Sum: 0, Workers: 4
[314.775s][debug][gc,phases      ] GC(34)     Total                          Min: 0, Avg:  0.0, Max: 0, Diff: 0, Sum: 0, Workers: 4
[314.775s][debug][gc,phases      ] GC(34)   Weak JFR Old Object Samples    Min:  0.0, Avg:  0.0, Max:  0.0, Diff:  0.0, Sum:  0.0, Workers: 4
[314.775s][debug][gc,phases      ] GC(34)     Dead                           Min: 0, Avg:  0.0, Max: 0, Diff: 0, Sum: 0, Workers: 4
[314.775s][debug][gc,phases      ] GC(34)     Total                          Min: 0, Avg:  0.0, Max: 0, Diff: 0, Sum: 0, Workers: 4
[314.775s][debug][gc,phases      ] GC(34) Weak Processing 0.325ms
[314.775s][debug][gc,age         ] GC(34) Desired survivor size 124256256 bytes, new threshold 1 (max threshold 15)
[314.775s][info ][gc,heap        ] GC(34) PSYoungGen: 1850448K(1967616K)->27760K(1961472K) Eden: 1831936K(1831936K)->0K(1831936K) From: 18512K(135680K)->27760K(129536K)
[314.775s][info ][gc,heap        ] GC(34) ParOldGen: 483442K(598528K)->493548K(598528K)
[314.775s][info ][gc,metaspace   ] GC(34) Metaspace: 105873K(107136K)->105873K(107136K) NonClass: 89920K(90624K)->89920K(90624K) Class: 15953K(16512K)->15953K(16512K)
[314.775s][info ][gc             ] GC(34) Pause Young (Allocation Failure) 2279M->509M(2500M) 19.379ms
[314.775s][info ][gc,cpu         ] GC(34) User=0.05s Sys=0.01s Real=0.02s
[314.775s][info ][safepoint      ] Safepoint "ParallelGCFailedAllocation", Time since last: 875623523 ns, Reaching safepoint: 83400 ns, Cleanup: 22800 ns, At safepoint: 19547370 ns, Total: 19653570 ns
[315.775s][info ][safepoint      ] Safepoint "Cleanup", Time since last: 1000091976 ns, Reaching safepoint: 4800 ns, Cleanup: 21800 ns, At safepoint: 2200 ns, Total: 28800 ns
[316.775s][info ][safepoint      ] Safepoint "Cleanup", Time since last: 1000103177 ns, Reaching safepoint: 5700 ns, Cleanup: 7700 ns, At safepoint: 2700 ns, Total: 16100 ns
[317.776s][info ][safepoint      ] Safepoint "Cleanup", Time since last: 1000210577 ns, Reaching safepoint: 80700 ns, Cleanup: 24601 ns, At safepoint: 12400 ns, Total: 117701 ns
[318.776s][info ][safepoint      ] Safepoint "Cleanup", Time since last: 1000116576 ns, Reaching safepoint: 6100 ns, Cleanup: 20300 ns, At safepoint: 2100 ns, Total: 28500 ns
[319.776s][info ][safepoint      ] Safepoint "Cleanup", Time since last: 1000097376 ns, Reaching safepoint: 5600 ns, Cleanup: 9001 ns, At safepoint: 2500 ns, Total: 17101 ns
[320.776s][info ][safepoint      ] Safepoint "Cleanup", Time since last: 1000098776 ns, Reaching safepoint: 78700 ns, Cleanup: 13600 ns, At safepoint: 11601 ns, Total: 103901 ns
[321.776s][info ][safepoint      ] Safepoint "Cleanup", Time since last: 1000098176 ns, Reaching safepoint: 77800 ns, Cleanup: 24101 ns, At safepoint: 7400 ns, Total: 109301 ns
[322.346s][info ][gc,start       ] GC(35) Pause Young (Allocation Failure)
[322.365s][debug][gc,phases      ] GC(35) Scavenge 19.107ms
[322.365s][debug][gc,ref         ] GC(35) Skipped SoftWeakFinalRefsPhase of Reference Processing: no references
[322.365s][debug][gc,ref         ] GC(35) Skipped KeepAliveFinalRefsPhase of Reference Processing: no references
[322.365s][debug][gc,ref         ] GC(35) ReferenceProcessor::execute queues: 1, RefProcThreadModel::Single, marks_oops_alive: false
[322.365s][debug][gc,phases      ] GC(35) Reference Processing 0.118ms
[322.365s][debug][gc,phases      ] GC(35)   VM Weak                        Min:  0.0, Avg:  0.0, Max:  0.0, Diff:  0.0, Sum:  0.0, Workers: 4
[322.365s][debug][gc,phases      ] GC(35)     Dead                           Min: 0, Avg:  0.0, Max: 0, Diff: 0, Sum: 0, Workers: 4
[322.365s][debug][gc,phases      ] GC(35)     Total                          Min: 0, Avg: 239.0, Max: 704, Diff: 704, Sum: 956, Workers: 4
[322.365s][debug][gc,phases      ] GC(35)   ObjectSynchronizer Weak        Min:  0.0, Avg:  0.0, Max:  0.0, Diff:  0.0, Sum:  0.0, Workers: 4
[322.365s][debug][gc,phases      ] GC(35)     Dead                           Min: 0, Avg:  0.0, Max: 0, Diff: 0, Sum: 0, Workers: 4
[322.365s][debug][gc,phases      ] GC(35)     Total                          Min: 0, Avg:  2.0, Max: 8, Diff: 8, Sum: 8, Workers: 4
[322.365s][debug][gc,phases      ] GC(35)   JVMTI Tag Weak OopStorage      Min:  0.0, Avg:  0.0, Max:  0.0, Diff:  0.0, Sum:  0.0, Workers: 4
[322.365s][debug][gc,phases      ] GC(35)     Dead                           Min: 0, Avg:  0.0, Max: 0, Diff: 0, Sum: 0, Workers: 4
[322.365s][debug][gc,phases      ] GC(35)     Total                          Min: 0, Avg:  0.0, Max: 0, Diff: 0, Sum: 0, Workers: 4
[322.366s][debug][gc,phases      ] GC(35)   StringTable Weak               Min:  0.0, Avg:  0.1, Max:  0.2, Diff:  0.2, Sum:  0.4, Workers: 4
[322.366s][debug][gc,phases      ] GC(35)     Dead                           Min: 0, Avg:  0.0, Max: 0, Diff: 0, Sum: 0, Workers: 4
[322.366s][debug][gc,phases      ] GC(35)     Total                          Min: 0, Avg: 11549.2, Max: 15607, Diff: 15607, Sum: 46197, Workers: 4
[322.366s][debug][gc,phases      ] GC(35)   ResolvedMethodTable Weak       Min:  0.0, Avg:  0.0, Max:  0.1, Diff:  0.1, Sum:  0.2, Workers: 4
[322.366s][debug][gc,phases      ] GC(35)     Dead                           Min: 0, Avg:  0.0, Max: 0, Diff: 0, Sum: 0, Workers: 4
[322.366s][debug][gc,phases      ] GC(35)     Total                          Min: 0, Avg: 3754.8, Max: 5226, Diff: 5226, Sum: 15019, Workers: 4
[322.366s][debug][gc,phases      ] GC(35)   JNI Weak                       Min:  0.0, Avg:  0.0, Max:  0.0, Diff:  0.0, Sum:  0.0, Workers: 4
[322.366s][debug][gc,phases      ] GC(35)     Dead                           Min: 0, Avg:  0.0, Max: 0, Diff: 0, Sum: 0, Workers: 4
[322.366s][debug][gc,phases      ] GC(35)     Total                          Min: 0, Avg: 13.0, Max: 52, Diff: 52, Sum: 52, Workers: 4
[322.366s][debug][gc,phases      ] GC(35)   StringDedup Table Weak         Min:  0.0, Avg:  0.0, Max:  0.0, Diff:  0.0, Sum:  0.0, Workers: 4
[322.366s][debug][gc,phases      ] GC(35)     Dead                           Min: 0, Avg:  0.0, Max: 0, Diff: 0, Sum: 0, Workers: 4
[322.366s][debug][gc,phases      ] GC(35)     Total                          Min: 0, Avg:  0.0, Max: 0, Diff: 0, Sum: 0, Workers: 4
[322.366s][debug][gc,phases      ] GC(35)   StringDedup Requests0 Weak     Min:  0.0, Avg:  0.0, Max:  0.0, Diff:  0.0, Sum:  0.0, Workers: 4
[322.366s][debug][gc,phases      ] GC(35)     Dead                           Min: 0, Avg:  0.0, Max: 0, Diff: 0, Sum: 0, Workers: 4
[322.366s][debug][gc,phases      ] GC(35)     Total                          Min: 0, Avg:  0.0, Max: 0, Diff: 0, Sum: 0, Workers: 4
[322.366s][debug][gc,phases      ] GC(35)   StringDedup Requests1 Weak     Min:  0.0, Avg:  0.0, Max:  0.0, Diff:  0.0, Sum:  0.0, Workers: 4
[322.366s][debug][gc,phases      ] GC(35)     Dead                           Min: 0, Avg:  0.0, Max: 0, Diff: 0, Sum: 0, Workers: 4
[322.366s][debug][gc,phases      ] GC(35)     Total                          Min: 0, Avg:  0.0, Max: 0, Diff: 0, Sum: 0, Workers: 4
[322.366s][debug][gc,phases      ] GC(35)   Weak JFR Old Object Samples    Min:  0.0, Avg:  0.0, Max:  0.0, Diff:  0.0, Sum:  0.0, Workers: 4
[322.366s][debug][gc,phases      ] GC(35)     Dead                           Min: 0, Avg:  0.0, Max: 0, Diff: 0, Sum: 0, Workers: 4
[322.366s][debug][gc,phases      ] GC(35)     Total                          Min: 0, Avg:  0.0, Max: 0, Diff: 0, Sum: 0, Workers: 4
[322.366s][debug][gc,phases      ] GC(35) Weak Processing 0.426ms
[322.366s][debug][gc,age         ] GC(35) Desired survivor size 116916224 bytes, new threshold 1 (max threshold 15)
[322.366s][info ][gc,heap        ] GC(35) PSYoungGen: 1859696K(1961472K)->29000K(1982976K) Eden: 1831936K(1831936K)->0K(1861632K) From: 27760K(129536K)->29000K(121344K)
[322.366s][info ][gc,heap        ] GC(35) ParOldGen: 493548K(598528K)->517407K(598528K)
[322.366s][info ][gc,metaspace   ] GC(35) Metaspace: 105899K(107200K)->105899K(107200K) NonClass: 89946K(90688K)->89946K(90688K) Class: 15953K(16512K)->15953K(16512K)
[322.366s][info ][gc             ] GC(35) Pause Young (Allocation Failure) 2298M->533M(2521M) 19.782ms
[322.366s][info ][gc,cpu         ] GC(35) User=0.07s Sys=0.00s Real=0.02s
[322.366s][info ][safepoint      ] Safepoint "ParallelGCFailedAllocation", Time since last: 569597941 ns, Reaching safepoint: 81401 ns, Cleanup: 6400 ns, At safepoint: 19869972 ns, Total: 19957773 ns
[323.367s][info ][safepoint      ] Safepoint "Cleanup", Time since last: 1001129780 ns, Reaching safepoint: 92801 ns, Cleanup: 24000 ns, At safepoint: 11600 ns, Total: 128401 ns
[324.367s][info ][safepoint      ] Safepoint "Cleanup", Time since last: 1000103245 ns, Reaching safepoint: 77300 ns, Cleanup: 14200 ns, At safepoint: 5601 ns, Total: 97101 ns
[325.368s][info ][safepoint      ] Safepoint "Cleanup", Time since last: 1000593948 ns, Reaching safepoint: 77301 ns, Cleanup: 14200 ns, At safepoint: 15300 ns, Total: 106801 ns
[326.368s][info ][safepoint      ] Safepoint "Cleanup", Time since last: 1000107445 ns, Reaching safepoint: 82201 ns, Cleanup: 27900 ns, At safepoint: 7700 ns, Total: 117801 ns
[327.369s][info ][safepoint      ] Safepoint "Cleanup", Time since last: 1000750551 ns, Reaching safepoint: 83000 ns, Cleanup: 36701 ns, At safepoint: 14200 ns, Total: 133901 ns
[328.369s][info ][safepoint      ] Safepoint "Cleanup", Time since last: 1000115145 ns, Reaching safepoint: 79000 ns, Cleanup: 21301 ns, At safepoint: 5800 ns, Total: 106101 ns
[328.451s][info ][gc,start       ] GC(36) Pause Young (Allocation Failure)
[328.471s][debug][gc,phases      ] GC(36) Scavenge 19.410ms
[328.471s][debug][gc,ref         ] GC(36) ReferenceProcessor::execute queues: 1, RefProcThreadModel::Single, marks_oops_alive: false
[328.471s][debug][gc,ref         ] GC(36) Skipped KeepAliveFinalRefsPhase of Reference Processing: no references
[328.471s][debug][gc,ref         ] GC(36) ReferenceProcessor::execute queues: 1, RefProcThreadModel::Single, marks_oops_alive: false
[328.471s][debug][gc,phases      ] GC(36) Reference Processing 0.098ms
[328.471s][debug][gc,phases      ] GC(36)   VM Weak                        Min:  0.0, Avg:  0.0, Max:  0.0, Diff:  0.0, Sum:  0.0, Workers: 4
[328.471s][debug][gc,phases      ] GC(36)     Dead                           Min: 0, Avg:  0.0, Max: 0, Diff: 0, Sum: 0, Workers: 4
[328.471s][debug][gc,phases      ] GC(36)     Total                          Min: 0, Avg: 239.0, Max: 896, Diff: 896, Sum: 956, Workers: 4
[328.471s][debug][gc,phases      ] GC(36)   ObjectSynchronizer Weak        Min:  0.0, Avg:  0.0, Max:  0.0, Diff:  0.0, Sum:  0.0, Workers: 4
[328.471s][debug][gc,phases      ] GC(36)     Dead                           Min: 0, Avg:  0.0, Max: 0, Diff: 0, Sum: 0, Workers: 4
[328.471s][debug][gc,phases      ] GC(36)     Total                          Min: 0, Avg:  2.0, Max: 8, Diff: 8, Sum: 8, Workers: 4
[328.471s][debug][gc,phases      ] GC(36)   JVMTI Tag Weak OopStorage      Min:  0.0, Avg:  0.0, Max:  0.0, Diff:  0.0, Sum:  0.0, Workers: 4
[328.471s][debug][gc,phases      ] GC(36)     Dead                           Min: 0, Avg:  0.0, Max: 0, Diff: 0, Sum: 0, Workers: 4
[328.471s][debug][gc,phases      ] GC(36)     Total                          Min: 0, Avg:  0.0, Max: 0, Diff: 0, Sum: 0, Workers: 4
[328.471s][debug][gc,phases      ] GC(36)   StringTable Weak               Min:  0.0, Avg:  0.1, Max:  0.1, Diff:  0.1, Sum:  0.4, Workers: 4
[328.471s][debug][gc,phases      ] GC(36)     Dead                           Min: 0, Avg:  0.0, Max: 0, Diff: 0, Sum: 0, Workers: 4
[328.471s][debug][gc,phases      ] GC(36)     Total                          Min: 0, Avg: 11552.8, Max: 19712, Diff: 19712, Sum: 46211, Workers: 4
[328.471s][debug][gc,phases      ] GC(36)   ResolvedMethodTable Weak       Min:  0.0, Avg:  0.0, Max:  0.0, Diff:  0.0, Sum:  0.1, Workers: 4
[328.471s][debug][gc,phases      ] GC(36)     Dead                           Min: 0, Avg:  0.2, Max: 1, Diff: 1, Sum: 1, Workers: 4
[328.471s][debug][gc,phases      ] GC(36)     Total                          Min: 0, Avg: 3756.2, Max: 6307, Diff: 6307, Sum: 15025, Workers: 4
[328.471s][debug][gc,phases      ] GC(36)   JNI Weak                       Min:  0.0, Avg:  0.0, Max:  0.0, Diff:  0.0, Sum:  0.0, Workers: 4
[328.471s][debug][gc,phases      ] GC(36)     Dead                           Min: 0, Avg:  0.0, Max: 0, Diff: 0, Sum: 0, Workers: 4
[328.471s][debug][gc,phases      ] GC(36)     Total                          Min: 0, Avg: 13.0, Max: 52, Diff: 52, Sum: 52, Workers: 4
[328.471s][debug][gc,phases      ] GC(36)   StringDedup Table Weak         Min:  0.0, Avg:  0.0, Max:  0.0, Diff:  0.0, Sum:  0.0, Workers: 4
[328.471s][debug][gc,phases      ] GC(36)     Dead                           Min: 0, Avg:  0.0, Max: 0, Diff: 0, Sum: 0, Workers: 4
[328.471s][debug][gc,phases      ] GC(36)     Total                          Min: 0, Avg:  0.0, Max: 0, Diff: 0, Sum: 0, Workers: 4
[328.471s][debug][gc,phases      ] GC(36)   StringDedup Requests0 Weak     Min:  0.0, Avg:  0.0, Max:  0.0, Diff:  0.0, Sum:  0.0, Workers: 4
[328.471s][debug][gc,phases      ] GC(36)     Dead                           Min: 0, Avg:  0.0, Max: 0, Diff: 0, Sum: 0, Workers: 4
[328.471s][debug][gc,phases      ] GC(36)     Total                          Min: 0, Avg:  0.0, Max: 0, Diff: 0, Sum: 0, Workers: 4
[328.471s][debug][gc,phases      ] GC(36)   StringDedup Requests1 Weak     Min:  0.0, Avg:  0.0, Max:  0.0, Diff:  0.0, Sum:  0.0, Workers: 4
[328.471s][debug][gc,phases      ] GC(36)     Dead                           Min: 0, Avg:  0.0, Max: 0, Diff: 0, Sum: 0, Workers: 4
[328.471s][debug][gc,phases      ] GC(36)     Total                          Min: 0, Avg:  0.0, Max: 0, Diff: 0, Sum: 0, Workers: 4
[328.471s][debug][gc,phases      ] GC(36)   Weak JFR Old Object Samples    Min:  0.0, Avg:  0.0, Max:  0.0, Diff:  0.0, Sum:  0.0, Workers: 4
[328.471s][debug][gc,phases      ] GC(36)     Dead                           Min: 0, Avg:  0.0, Max: 0, Diff: 0, Sum: 0, Workers: 4
[328.471s][debug][gc,phases      ] GC(36)     Total                          Min: 0, Avg:  0.0, Max: 0, Diff: 0, Sum: 0, Workers: 4
[328.471s][debug][gc,phases      ] GC(36) Weak Processing 0.352ms
[328.471s][debug][gc,age         ] GC(36) Desired survivor size 109576192 bytes, new threshold 1 (max threshold 15)
[328.471s][info ][gc,heap        ] GC(36) PSYoungGen: 1890632K(1982976K)->29792K(1975808K) Eden: 1861632K(1861632K)->0K(1861632K) From: 29000K(121344K)->29792K(114176K)
[328.471s][info ][gc,heap        ] GC(36) ParOldGen: 517407K(598528K)->540534K(598528K)
[328.471s][info ][gc,metaspace   ] GC(36) Metaspace: 105988K(107264K)->105988K(107264K) NonClass: 90026K(90752K)->90026K(90752K) Class: 15962K(16512K)->15962K(16512K)
[328.471s][info ][gc             ] GC(36) Pause Young (Allocation Failure) 2351M->556M(2514M) 19.970ms
[328.471s][info ][gc,cpu         ] GC(36) User=0.07s Sys=0.00s Real=0.02s
[328.471s][info ][safepoint      ] Safepoint "ParallelGCFailedAllocation", Time since last: 82158385 ns, Reaching safepoint: 7700 ns, Cleanup: 3700 ns, At safepoint: 20043867 ns, Total: 20055267 ns
[329.472s][info ][safepoint      ] Safepoint "Cleanup", Time since last: 1000598849 ns, Reaching safepoint: 86901 ns, Cleanup: 13600 ns, At safepoint: 11400 ns, Total: 111901 ns
[335.473s][info ][safepoint      ] Safepoint "Cleanup", Time since last: 6000446847 ns, Reaching safepoint: 5900 ns, Cleanup: 8600 ns, At safepoint: 2300 ns, Total: 16800 ns
[336.473s][info ][safepoint      ] Safepoint "Cleanup", Time since last: 1000107223 ns, Reaching safepoint: 5400 ns, Cleanup: 7800 ns, At safepoint: 2800 ns, Total: 16000 ns
[337.473s][info ][safepoint      ] Safepoint "Cleanup", Time since last: 1000123834 ns, Reaching safepoint: 5800 ns, Cleanup: 19100 ns, At safepoint: 3000 ns, Total: 27900 ns
[338.473s][info ][safepoint      ] Safepoint "Cleanup", Time since last: 1000107334 ns, Reaching safepoint: 5500 ns, Cleanup: 10100 ns, At safepoint: 2300 ns, Total: 17900 ns
[340.473s][info ][safepoint      ] Safepoint "Cleanup", Time since last: 2000171446 ns, Reaching safepoint: 5300 ns, Cleanup: 13900 ns, At safepoint: 7200 ns, Total: 26400 ns
[341.473s][info ][safepoint      ] Safepoint "Cleanup", Time since last: 1000101345 ns, Reaching safepoint: 4900 ns, Cleanup: 19600 ns, At safepoint: 5900 ns, Total: 30400 ns
[342.473s][info ][safepoint      ] Safepoint "Cleanup", Time since last: 1000099645 ns, Reaching safepoint: 5300 ns, Cleanup: 10300 ns, At safepoint: 2200 ns, Total: 17800 ns
[343.168s][info ][safepoint      ] Safepoint "ParallelGCFailedAllocation", Time since last: 694116562 ns, Reaching safepoint: 82800 ns, Cleanup: 8900 ns, At safepoint: 10901 ns, Total: 102601 ns
[343.168s][info ][gc,start       ] GC(37) Pause Young (GCLocker Initiated GC)
[343.181s][debug][gc,phases      ] GC(37) Scavenge 13.069ms
[343.181s][debug][gc,ref         ] GC(37) ReferenceProcessor::execute queues: 1, RefProcThreadModel::Single, marks_oops_alive: false
[343.181s][debug][gc,ref         ] GC(37) Skipped KeepAliveFinalRefsPhase of Reference Processing: no references
[343.181s][debug][gc,ref         ] GC(37) ReferenceProcessor::execute queues: 1, RefProcThreadModel::Single, marks_oops_alive: false
[343.181s][debug][gc,phases      ] GC(37) Reference Processing 0.101ms
[343.181s][debug][gc,phases      ] GC(37)   VM Weak                        Min:  0.0, Avg:  0.0, Max:  0.0, Diff:  0.0, Sum:  0.0, Workers: 4
[343.181s][debug][gc,phases      ] GC(37)     Dead                           Min: 0, Avg:  0.0, Max: 0, Diff: 0, Sum: 0, Workers: 4
[343.181s][debug][gc,phases      ] GC(37)     Total                          Min: 0, Avg: 239.0, Max: 448, Diff: 448, Sum: 956, Workers: 4
[343.181s][debug][gc,phases      ] GC(37)   ObjectSynchronizer Weak        Min:  0.0, Avg:  0.0, Max:  0.0, Diff:  0.0, Sum:  0.0, Workers: 4
[343.181s][debug][gc,phases      ] GC(37)     Dead                           Min: 0, Avg:  0.0, Max: 0, Diff: 0, Sum: 0, Workers: 4
[343.181s][debug][gc,phases      ] GC(37)     Total                          Min: 0, Avg:  2.0, Max: 8, Diff: 8, Sum: 8, Workers: 4
[343.181s][debug][gc,phases      ] GC(37)   JVMTI Tag Weak OopStorage      Min:  0.0, Avg:  0.0, Max:  0.0, Diff:  0.0, Sum:  0.0, Workers: 4
[343.181s][debug][gc,phases      ] GC(37)     Dead                           Min: 0, Avg:  0.0, Max: 0, Diff: 0, Sum: 0, Workers: 4
[343.181s][debug][gc,phases      ] GC(37)     Total                          Min: 0, Avg:  0.0, Max: 0, Diff: 0, Sum: 0, Workers: 4
[343.181s][debug][gc,phases      ] GC(37)   StringTable Weak               Min:  0.1, Avg:  0.1, Max:  0.1, Diff:  0.0, Sum:  0.5, Workers: 4
[343.181s][debug][gc,phases      ] GC(37)     Dead                           Min: 0, Avg:  0.0, Max: 0, Diff: 0, Sum: 0, Workers: 4
[343.181s][debug][gc,phases      ] GC(37)     Total                          Min: 11072, Avg: 11553.5, Max: 11782, Diff: 710, Sum: 46214, Workers: 4
[343.181s][debug][gc,phases      ] GC(37)   ResolvedMethodTable Weak       Min:  0.0, Avg:  0.0, Max:  0.0, Diff:  0.0, Sum:  0.2, Workers: 4
[343.181s][debug][gc,phases      ] GC(37)     Dead                           Min: 0, Avg:  0.0, Max: 0, Diff: 0, Sum: 0, Workers: 4
[343.181s][debug][gc,phases      ] GC(37)     Total                          Min: 3547, Avg: 3756.8, Max: 3910, Diff: 363, Sum: 15027, Workers: 4
[343.181s][debug][gc,phases      ] GC(37)   JNI Weak                       Min:  0.0, Avg:  0.0, Max:  0.0, Diff:  0.0, Sum:  0.0, Workers: 4
[343.181s][debug][gc,phases      ] GC(37)     Dead                           Min: 0, Avg:  0.0, Max: 0, Diff: 0, Sum: 0, Workers: 4
[343.181s][debug][gc,phases      ] GC(37)     Total                          Min: 0, Avg: 13.0, Max: 52, Diff: 52, Sum: 52, Workers: 4
[343.181s][debug][gc,phases      ] GC(37)   StringDedup Table Weak         Min:  0.0, Avg:  0.0, Max:  0.0, Diff:  0.0, Sum:  0.0, Workers: 4
[343.181s][debug][gc,phases      ] GC(37)     Dead                           Min: 0, Avg:  0.0, Max: 0, Diff: 0, Sum: 0, Workers: 4
[343.181s][debug][gc,phases      ] GC(37)     Total                          Min: 0, Avg:  0.0, Max: 0, Diff: 0, Sum: 0, Workers: 4
[343.181s][debug][gc,phases      ] GC(37)   StringDedup Requests0 Weak     Min:  0.0, Avg:  0.0, Max:  0.0, Diff:  0.0, Sum:  0.0, Workers: 4
[343.181s][debug][gc,phases      ] GC(37)     Dead                           Min: 0, Avg:  0.0, Max: 0, Diff: 0, Sum: 0, Workers: 4
[343.181s][debug][gc,phases      ] GC(37)     Total                          Min: 0, Avg:  0.0, Max: 0, Diff: 0, Sum: 0, Workers: 4
[343.181s][debug][gc,phases      ] GC(37)   StringDedup Requests1 Weak     Min:  0.0, Avg:  0.0, Max:  0.0, Diff:  0.0, Sum:  0.0, Workers: 4
[343.181s][debug][gc,phases      ] GC(37)     Dead                           Min: 0, Avg:  0.0, Max: 0, Diff: 0, Sum: 0, Workers: 4
[343.181s][debug][gc,phases      ] GC(37)     Total                          Min: 0, Avg:  0.0, Max: 0, Diff: 0, Sum: 0, Workers: 4
[343.181s][debug][gc,phases      ] GC(37)   Weak JFR Old Object Samples    Min:  0.0, Avg:  0.0, Max:  0.0, Diff:  0.0, Sum:  0.0, Workers: 4
[343.181s][debug][gc,phases      ] GC(37)     Dead                           Min: 0, Avg:  0.0, Max: 0, Diff: 0, Sum: 0, Workers: 4
[343.181s][debug][gc,phases      ] GC(37)     Total                          Min: 0, Avg:  0.0, Max: 0, Diff: 0, Sum: 0, Workers: 4
[343.181s][debug][gc,phases      ] GC(37) Weak Processing 0.332ms
[343.181s][debug][gc,age         ] GC(37) Desired survivor size 106430464 bytes, new threshold 1 (max threshold 15)
[343.181s][info ][gc,heap        ] GC(37) PSYoungGen: 1891424K(1975808K)->9296K(1993216K) Eden: 1861632K(1861632K)->0K(1886208K) From: 29792K(114176K)->9296K(107008K)
[343.181s][info ][gc,heap        ] GC(37) ParOldGen: 540535K(598528K)->567286K(598528K)
[343.181s][info ][gc,metaspace   ] GC(37) Metaspace: 106015K(107328K)->106015K(107328K) NonClass: 90053K(90816K)->90053K(90816K) Class: 15962K(16512K)->15962K(16512K)
[343.181s][info ][gc             ] GC(37) Pause Young (GCLocker Initiated GC) 2374M->563M(2531M) 13.614ms
[343.182s][info ][gc,cpu         ] GC(37) User=0.05s Sys=0.00s Real=0.02s
[343.182s][info ][safepoint      ] Safepoint "ParallelGCSystemGC", Time since last: 84000 ns, Reaching safepoint: 85001 ns, Cleanup: 2100 ns, At safepoint: 13683316 ns, Total: 13770417 ns
[344.182s][info ][safepoint      ] Safepoint "Cleanup", Time since last: 1000082644 ns, Reaching safepoint: 5801 ns, Cleanup: 8900 ns, At safepoint: 2200 ns, Total: 16901 ns
[346.182s][info ][safepoint      ] Safepoint "Cleanup", Time since last: 2000165490 ns, Reaching safepoint: 5800 ns, Cleanup: 23800 ns, At safepoint: 2700 ns, Total: 32300 ns
[347.182s][info ][safepoint      ] Safepoint "Cleanup", Time since last: 1000118341 ns, Reaching safepoint: 5500 ns, Cleanup: 35901 ns, At safepoint: 2300 ns, Total: 43701 ns
[348.182s][info ][safepoint      ] Safepoint "Cleanup", Time since last: 1000097390 ns, Reaching safepoint: 5200 ns, Cleanup: 48700 ns, At safepoint: 2500 ns, Total: 56400 ns
[349.182s][info ][safepoint      ] Safepoint "Cleanup", Time since last: 1000098790 ns, Reaching safepoint: 6200 ns, Cleanup: 18901 ns, At safepoint: 2700 ns, Total: 27801 ns
[350.182s][info ][safepoint      ] Safepoint "Cleanup", Time since last: 1000107590 ns, Reaching safepoint: 6100 ns, Cleanup: 13300 ns, At safepoint: 3200 ns, Total: 22600 ns
[353.183s][info ][safepoint      ] Safepoint "Cleanup", Time since last: 3000240170 ns, Reaching safepoint: 5600 ns, Cleanup: 12000 ns, At safepoint: 2500 ns, Total: 20100 ns
[355.183s][info ][safepoint      ] Safepoint "Cleanup", Time since last: 2000182221 ns, Reaching safepoint: 5900 ns, Cleanup: 36900 ns, At safepoint: 5900 ns, Total: 48700 ns
[356.183s][info ][safepoint      ] Safepoint "Cleanup", Time since last: 1000099529 ns, Reaching safepoint: 5400 ns, Cleanup: 13900 ns, At safepoint: 2400 ns, Total: 21700 ns
[358.183s][info ][safepoint      ] Safepoint "Cleanup", Time since last: 2000178857 ns, Reaching safepoint: 6400 ns, Cleanup: 10000 ns, At safepoint: 2801 ns, Total: 19201 ns
[359.183s][info ][safepoint      ] Safepoint "Cleanup", Time since last: 1000109928 ns, Reaching safepoint: 6500 ns, Cleanup: 8700 ns, At safepoint: 3000 ns, Total: 18200 ns
[360.183s][info ][safepoint      ] Safepoint "Cleanup", Time since last: 1000105029 ns, Reaching safepoint: 5900 ns, Cleanup: 8400 ns, At safepoint: 2400 ns, Total: 16700 ns
[361.252s][info ][safepoint      ] Safepoint "Cleanup", Time since last: 1068533613 ns, Reaching safepoint: 5800 ns, Cleanup: 11000 ns, At safepoint: 2900 ns, Total: 19700 ns
[362.252s][info ][safepoint      ] Safepoint "Cleanup", Time since last: 1000113829 ns, Reaching safepoint: 5800 ns, Cleanup: 12600 ns, At safepoint: 2700 ns, Total: 21100 ns
[362.918s][info ][gc,start       ] GC(38) Pause Young (Allocation Failure)
[362.925s][debug][gc,phases      ] GC(38) Scavenge 7.516ms
[362.925s][debug][gc,ref         ] GC(38) ReferenceProcessor::execute queues: 1, RefProcThreadModel::Single, marks_oops_alive: false
[362.925s][debug][gc,ref         ] GC(38) Skipped KeepAliveFinalRefsPhase of Reference Processing: no references
[362.925s][debug][gc,ref         ] GC(38) ReferenceProcessor::execute queues: 1, RefProcThreadModel::Single, marks_oops_alive: false
[362.925s][debug][gc,phases      ] GC(38) Reference Processing 0.103ms
[362.926s][debug][gc,phases      ] GC(38)   VM Weak                        Min:  0.0, Avg:  0.0, Max:  0.0, Diff:  0.0, Sum:  0.0, Workers: 4
[362.926s][debug][gc,phases      ] GC(38)     Dead                           Min: 0, Avg:  0.0, Max: 0, Diff: 0, Sum: 0, Workers: 4
[362.926s][debug][gc,phases      ] GC(38)     Total                          Min: 0, Avg: 239.0, Max: 636, Diff: 636, Sum: 956, Workers: 4
[362.926s][debug][gc,phases      ] GC(38)   ObjectSynchronizer Weak        Min:  0.0, Avg:  0.0, Max:  0.0, Diff:  0.0, Sum:  0.0, Workers: 4
[362.926s][debug][gc,phases      ] GC(38)     Dead                           Min: 0, Avg:  0.0, Max: 0, Diff: 0, Sum: 0, Workers: 4
[362.926s][debug][gc,phases      ] GC(38)     Total                          Min: 0, Avg:  1.0, Max: 4, Diff: 4, Sum: 4, Workers: 4
[362.926s][debug][gc,phases      ] GC(38)   JVMTI Tag Weak OopStorage      Min:  0.0, Avg:  0.0, Max:  0.0, Diff:  0.0, Sum:  0.0, Workers: 4
[362.926s][debug][gc,phases      ] GC(38)     Dead                           Min: 0, Avg:  0.0, Max: 0, Diff: 0, Sum: 0, Workers: 4
[362.926s][debug][gc,phases      ] GC(38)     Total                          Min: 0, Avg:  0.0, Max: 0, Diff: 0, Sum: 0, Workers: 4
[362.926s][debug][gc,phases      ] GC(38)   StringTable Weak               Min:  0.0, Avg:  0.1, Max:  0.1, Diff:  0.1, Sum:  0.4, Workers: 4
[362.926s][debug][gc,phases      ] GC(38)     Dead                           Min: 0, Avg:  0.2, Max: 1, Diff: 1, Sum: 1, Workers: 4
[362.926s][debug][gc,phases      ] GC(38)     Total                          Min: 0, Avg: 11564.8, Max: 20223, Diff: 20223, Sum: 46259, Workers: 4
[362.926s][debug][gc,phases      ] GC(38)   ResolvedMethodTable Weak       Min:  0.0, Avg:  0.0, Max:  0.0, Diff:  0.0, Sum:  0.1, Workers: 4
[362.926s][debug][gc,phases      ] GC(38)     Dead                           Min: 0, Avg:  5.0, Max: 14, Diff: 14, Sum: 20, Workers: 4
[362.926s][debug][gc,phases      ] GC(38)     Total                          Min: 0, Avg: 3767.2, Max: 6391, Diff: 6391, Sum: 15069, Workers: 4
[362.926s][debug][gc,phases      ] GC(38)   JNI Weak                       Min:  0.0, Avg:  0.0, Max:  0.0, Diff:  0.0, Sum:  0.0, Workers: 4
[362.926s][debug][gc,phases      ] GC(38)     Dead                           Min: 0, Avg:  0.0, Max: 0, Diff: 0, Sum: 0, Workers: 4
[362.926s][debug][gc,phases      ] GC(38)     Total                          Min: 0, Avg: 13.0, Max: 52, Diff: 52, Sum: 52, Workers: 4
[362.926s][debug][gc,phases      ] GC(38)   StringDedup Table Weak         Min:  0.0, Avg:  0.0, Max:  0.0, Diff:  0.0, Sum:  0.0, Workers: 4
[362.926s][debug][gc,phases      ] GC(38)     Dead                           Min: 0, Avg:  0.0, Max: 0, Diff: 0, Sum: 0, Workers: 4
[362.926s][debug][gc,phases      ] GC(38)     Total                          Min: 0, Avg:  0.0, Max: 0, Diff: 0, Sum: 0, Workers: 4
[362.926s][debug][gc,phases      ] GC(38)   StringDedup Requests0 Weak     Min:  0.0, Avg:  0.0, Max:  0.0, Diff:  0.0, Sum:  0.0, Workers: 4
[362.926s][debug][gc,phases      ] GC(38)     Dead                           Min: 0, Avg:  0.0, Max: 0, Diff: 0, Sum: 0, Workers: 4
[362.926s][debug][gc,phases      ] GC(38)     Total                          Min: 0, Avg:  0.0, Max: 0, Diff: 0, Sum: 0, Workers: 4
[362.926s][debug][gc,phases      ] GC(38)   StringDedup Requests1 Weak     Min:  0.0, Avg:  0.0, Max:  0.0, Diff:  0.0, Sum:  0.0, Workers: 4
[362.926s][debug][gc,phases      ] GC(38)     Dead                           Min: 0, Avg:  0.0, Max: 0, Diff: 0, Sum: 0, Workers: 4
[362.926s][debug][gc,phases      ] GC(38)     Total                          Min: 0, Avg:  0.0, Max: 0, Diff: 0, Sum: 0, Workers: 4
[362.926s][debug][gc,phases      ] GC(38)   Weak JFR Old Object Samples    Min:  0.0, Avg:  0.0, Max:  0.0, Diff:  0.0, Sum:  0.0, Workers: 4
[362.926s][debug][gc,phases      ] GC(38)     Dead                           Min: 0, Avg:  0.0, Max: 0, Diff: 0, Sum: 0, Workers: 4
[362.926s][debug][gc,phases      ] GC(38)     Total                          Min: 0, Avg:  0.0, Max: 0, Diff: 0, Sum: 0, Workers: 4
[362.926s][debug][gc,phases      ] GC(38) Weak Processing 0.354ms
[362.926s][debug][gc,age         ] GC(38) Desired survivor size 103284736 bytes, new threshold 1 (max threshold 15)
[362.926s][info ][gc,heap        ] GC(38) PSYoungGen: 1895504K(1993216K)->6624K(1990144K) Eden: 1886208K(1886208K)->0K(1886208K) From: 9296K(107008K)->6624K(103936K)
[362.926s][info ][gc,heap        ] GC(38) ParOldGen: 568072K(598528K)->574617K(598528K)
[362.926s][info ][gc,metaspace   ] GC(38) Metaspace: 106180K(107456K)->106180K(107456K) NonClass: 90196K(90944K)->90196K(90944K) Class: 15984K(16512K)->15984K(16512K)
[362.926s][info ][gc             ] GC(38) Pause Young (Allocation Failure) 2405M->567M(2528M) 8.095ms
[362.926s][info ][gc,cpu         ] GC(38) User=0.03s Sys=0.00s Real=0.01s
[362.926s][info ][safepoint      ] Safepoint "ParallelGCFailedAllocation", Time since last: 665462126 ns, Reaching safepoint: 5600 ns, Cleanup: 8900 ns, At safepoint: 8159627 ns, Total: 8174127 ns
[363.926s][info ][safepoint      ] Safepoint "Cleanup", Time since last: 1000085116 ns, Reaching safepoint: 5800 ns, Cleanup: 7500 ns, At safepoint: 2200 ns, Total: 15500 ns
[365.926s][info ][safepoint      ] Safepoint "Cleanup", Time since last: 2000169506 ns, Reaching safepoint: 6900 ns, Cleanup: 16600 ns, At safepoint: 3200 ns, Total: 26700 ns
[366.926s][info ][safepoint      ] Safepoint "Cleanup", Time since last: 1000112049 ns, Reaching safepoint: 5700 ns, Cleanup: 10500 ns, At safepoint: 2500 ns, Total: 18700 ns
[367.926s][info ][safepoint      ] Safepoint "Cleanup", Time since last: 1000107748 ns, Reaching safepoint: 6100 ns, Cleanup: 11600 ns, At safepoint: 3001 ns, Total: 20701 ns
[368.926s][info ][safepoint      ] Safepoint "Cleanup", Time since last: 1000114848 ns, Reaching safepoint: 5500 ns, Cleanup: 9600 ns, At safepoint: 2600 ns, Total: 17700 ns
[369.927s][info ][safepoint      ] Safepoint "Cleanup", Time since last: 1000101649 ns, Reaching safepoint: 5500 ns, Cleanup: 11700 ns, At safepoint: 2400 ns, Total: 19600 ns
[370.927s][info ][safepoint      ] Safepoint "Cleanup", Time since last: 1000116465 ns, Reaching safepoint: 6201 ns, Cleanup: 13200 ns, At safepoint: 2700 ns, Total: 22101 ns
[371.927s][info ][safepoint      ] Safepoint "Cleanup", Time since last: 1000124079 ns, Reaching safepoint: 6000 ns, Cleanup: 13100 ns, At safepoint: 2700 ns, Total: 21800 ns
[374.927s][info ][safepoint      ] Safepoint "Cleanup", Time since last: 3000252737 ns, Reaching safepoint: 5900 ns, Cleanup: 15400 ns, At safepoint: 2700 ns, Total: 24000 ns
[375.927s][info ][safepoint      ] Safepoint "Cleanup", Time since last: 1000118379 ns, Reaching safepoint: 6300 ns, Cleanup: 10300 ns, At safepoint: 3000 ns, Total: 19600 ns
[377.928s][info ][safepoint      ] Safepoint "Cleanup", Time since last: 2000192258 ns, Reaching safepoint: 5700 ns, Cleanup: 8700 ns, At safepoint: 2400 ns, Total: 16800 ns
[380.928s][info ][safepoint      ] Safepoint "Cleanup", Time since last: 3000235939 ns, Reaching safepoint: 6200 ns, Cleanup: 12400 ns, At safepoint: 2600 ns, Total: 21200 ns
[383.928s][info ][safepoint      ] Safepoint "Cleanup", Time since last: 3000241553 ns, Reaching safepoint: 5500 ns, Cleanup: 9000 ns, At safepoint: 2800 ns, Total: 17300 ns
[384.928s][info ][safepoint      ] Safepoint "Cleanup", Time since last: 1000098885 ns, Reaching safepoint: 6400 ns, Cleanup: 10500 ns, At safepoint: 2700 ns, Total: 19600 ns
[386.466s][info ][gc,start       ] GC(39) Pause Young (Allocation Failure)
[386.473s][debug][gc,phases      ] GC(39) Scavenge 6.598ms
[386.473s][debug][gc,ref         ] GC(39) Skipped SoftWeakFinalRefsPhase of Reference Processing: no references
[386.473s][debug][gc,ref         ] GC(39) Skipped KeepAliveFinalRefsPhase of Reference Processing: no references
[386.473s][debug][gc,ref         ] GC(39) Skipped PhantomRefsPhase of Reference Processing: no references
[386.473s][debug][gc,phases      ] GC(39) Reference Processing 0.018ms
[386.473s][debug][gc,phases      ] GC(39)   VM Weak                        Min:  0.0, Avg:  0.0, Max:  0.0, Diff:  0.0, Sum:  0.0, Workers: 4
[386.473s][debug][gc,phases      ] GC(39)     Dead                           Min: 0, Avg:  0.0, Max: 0, Diff: 0, Sum: 0, Workers: 4
[386.473s][debug][gc,phases      ] GC(39)     Total                          Min: 0, Avg: 239.0, Max: 508, Diff: 508, Sum: 956, Workers: 4
[386.473s][debug][gc,phases      ] GC(39)   ObjectSynchronizer Weak        Min:  0.0, Avg:  0.0, Max:  0.0, Diff:  0.0, Sum:  0.0, Workers: 4
[386.473s][debug][gc,phases      ] GC(39)     Dead                           Min: 0, Avg:  0.0, Max: 0, Diff: 0, Sum: 0, Workers: 4
[386.473s][debug][gc,phases      ] GC(39)     Total                          Min: 0, Avg:  1.2, Max: 5, Diff: 5, Sum: 5, Workers: 4
[386.473s][debug][gc,phases      ] GC(39)   JVMTI Tag Weak OopStorage      Min:  0.0, Avg:  0.0, Max:  0.0, Diff:  0.0, Sum:  0.0, Workers: 4
[386.473s][debug][gc,phases      ] GC(39)     Dead                           Min: 0, Avg:  0.0, Max: 0, Diff: 0, Sum: 0, Workers: 4
[386.473s][debug][gc,phases      ] GC(39)     Total                          Min: 0, Avg:  0.0, Max: 0, Diff: 0, Sum: 0, Workers: 4
[386.473s][debug][gc,phases      ] GC(39)   StringTable Weak               Min:  0.0, Avg:  0.1, Max:  0.1, Diff:  0.1, Sum:  0.4, Workers: 4
[386.473s][debug][gc,phases      ] GC(39)     Dead                           Min: 0, Avg:  0.0, Max: 0, Diff: 0, Sum: 0, Workers: 4
[386.473s][debug][gc,phases      ] GC(39)     Total                          Min: 0, Avg: 11566.0, Max: 20216, Diff: 20216, Sum: 46264, Workers: 4
[386.473s][debug][gc,phases      ] GC(39)   ResolvedMethodTable Weak       Min:  0.0, Avg:  0.0, Max:  0.0, Diff:  0.0, Sum:  0.1, Workers: 4
[386.473s][debug][gc,phases      ] GC(39)     Dead                           Min: 0, Avg:  0.0, Max: 0, Diff: 0, Sum: 0, Workers: 4
[386.473s][debug][gc,phases      ] GC(39)     Total                          Min: 0, Avg: 3767.2, Max: 6342, Diff: 6342, Sum: 15069, Workers: 4
[386.473s][debug][gc,phases      ] GC(39)   JNI Weak                       Min:  0.0, Avg:  0.0, Max:  0.0, Diff:  0.0, Sum:  0.0, Workers: 4
[386.473s][debug][gc,phases      ] GC(39)     Dead                           Min: 0, Avg:  0.0, Max: 0, Diff: 0, Sum: 0, Workers: 4
[386.473s][debug][gc,phases      ] GC(39)     Total                          Min: 0, Avg: 13.0, Max: 52, Diff: 52, Sum: 52, Workers: 4
[386.473s][debug][gc,phases      ] GC(39)   StringDedup Table Weak         Min:  0.0, Avg:  0.0, Max:  0.0, Diff:  0.0, Sum:  0.0, Workers: 4
[386.473s][debug][gc,phases      ] GC(39)     Dead                           Min: 0, Avg:  0.0, Max: 0, Diff: 0, Sum: 0, Workers: 4
[386.473s][debug][gc,phases      ] GC(39)     Total                          Min: 0, Avg:  0.0, Max: 0, Diff: 0, Sum: 0, Workers: 4
[386.473s][debug][gc,phases      ] GC(39)   StringDedup Requests0 Weak     Min:  0.0, Avg:  0.0, Max:  0.0, Diff:  0.0, Sum:  0.0, Workers: 4
[386.473s][debug][gc,phases      ] GC(39)     Dead                           Min: 0, Avg:  0.0, Max: 0, Diff: 0, Sum: 0, Workers: 4
[386.473s][debug][gc,phases      ] GC(39)     Total                          Min: 0, Avg:  0.0, Max: 0, Diff: 0, Sum: 0, Workers: 4
[386.473s][debug][gc,phases      ] GC(39)   StringDedup Requests1 Weak     Min:  0.0, Avg:  0.0, Max:  0.0, Diff:  0.0, Sum:  0.0, Workers: 4
[386.473s][debug][gc,phases      ] GC(39)     Dead                           Min: 0, Avg:  0.0, Max: 0, Diff: 0, Sum: 0, Workers: 4
[386.473s][debug][gc,phases      ] GC(39)     Total                          Min: 0, Avg:  0.0, Max: 0, Diff: 0, Sum: 0, Workers: 4
[386.473s][debug][gc,phases      ] GC(39)   Weak JFR Old Object Samples    Min:  0.0, Avg:  0.0, Max:  0.0, Diff:  0.0, Sum:  0.0, Workers: 4
[386.473s][debug][gc,phases      ] GC(39)     Dead                           Min: 0, Avg:  0.0, Max: 0, Diff: 0, Sum: 0, Workers: 4
[386.473s][debug][gc,phases      ] GC(39)     Total                          Min: 0, Avg:  0.0, Max: 0, Diff: 0, Sum: 0, Workers: 4
[386.473s][debug][gc,phases      ] GC(39) Weak Processing 0.345ms
[386.473s][debug][gc,age         ] GC(39) Desired survivor size 100139008 bytes, new threshold 1 (max threshold 15)
[386.473s][info ][gc,heap        ] GC(39) PSYoungGen: 1892832K(1990144K)->5920K(1999360K) Eden: 1886208K(1886208K)->0K(1898496K) From: 6624K(103936K)->5920K(100864K)
[386.473s][info ][gc,heap        ] GC(39) ParOldGen: 574617K(598528K)->577687K(598528K)
[386.473s][info ][gc,metaspace   ] GC(39) Metaspace: 106226K(107520K)->106226K(107520K) NonClass: 90237K(91008K)->90237K(91008K) Class: 15989K(16512K)->15989K(16512K)
[386.473s][info ][gc             ] GC(39) Pause Young (Allocation Failure) 2409M->569M(2537M) 7.072ms
[386.473s][info ][gc,cpu         ] GC(39) User=0.02s Sys=0.00s Real=0.01s
[386.473s][info ][safepoint      ] Safepoint "ParallelGCFailedAllocation", Time since last: 1538105880 ns, Reaching safepoint: 5500 ns, Cleanup: 9200 ns, At safepoint: 7136557 ns, Total: 7151257 ns
[387.474s][info ][safepoint      ] Safepoint "Cleanup", Time since last: 1000090772 ns, Reaching safepoint: 5500 ns, Cleanup: 8900 ns, At safepoint: 2700 ns, Total: 17100 ns
[388.474s][info ][safepoint      ] Safepoint "Cleanup", Time since last: 1000106012 ns, Reaching safepoint: 5900 ns, Cleanup: 11500 ns, At safepoint: 3000 ns, Total: 20400 ns
[389.474s][info ][safepoint      ] Safepoint "Cleanup", Time since last: 1000104712 ns, Reaching safepoint: 5900 ns, Cleanup: 8900 ns, At safepoint: 2800 ns, Total: 17600 ns
[391.474s][info ][safepoint      ] Safepoint "Cleanup", Time since last: 2000180524 ns, Reaching safepoint: 6100 ns, Cleanup: 7800 ns, At safepoint: 2600 ns, Total: 16500 ns
[392.474s][info ][safepoint      ] Safepoint "Cleanup", Time since last: 1000101812 ns, Reaching safepoint: 5400 ns, Cleanup: 13000 ns, At safepoint: 2800 ns, Total: 21200 ns
[393.474s][info ][safepoint      ] Safepoint "Cleanup", Time since last: 1000097512 ns, Reaching safepoint: 5500 ns, Cleanup: 11100 ns, At safepoint: 2100 ns, Total: 18700 ns
[395.474s][info ][safepoint      ] Safepoint "Cleanup", Time since last: 2000170289 ns, Reaching safepoint: 5200 ns, Cleanup: 10301 ns, At safepoint: 2600 ns, Total: 18101 ns
[396.475s][info ][safepoint      ] Safepoint "Cleanup", Time since last: 1000104869 ns, Reaching safepoint: 5800 ns, Cleanup: 13700 ns, At safepoint: 2600 ns, Total: 22100 ns
[397.475s][info ][safepoint      ] Safepoint "Cleanup", Time since last: 1000114170 ns, Reaching safepoint: 6000 ns, Cleanup: 9300 ns, At safepoint: 2400 ns, Total: 17700 ns
[400.475s][info ][safepoint      ] Safepoint "Cleanup", Time since last: 3000242907 ns, Reaching safepoint: 4900 ns, Cleanup: 8700 ns, At safepoint: 2300 ns, Total: 15900 ns
[405.475s][info ][safepoint      ] Safepoint "Cleanup", Time since last: 5000372419 ns, Reaching safepoint: 6300 ns, Cleanup: 9300 ns, At safepoint: 2600 ns, Total: 18200 ns
[410.476s][info ][safepoint      ] Safepoint "Cleanup", Time since last: 5000393161 ns, Reaching safepoint: 5400 ns, Cleanup: 19500 ns, At safepoint: 2800 ns, Total: 27700 ns
[411.476s][info ][safepoint      ] Safepoint "Cleanup", Time since last: 1000109529 ns, Reaching safepoint: 6400 ns, Cleanup: 27400 ns, At safepoint: 3700 ns, Total: 37500 ns
[412.476s][info ][safepoint      ] Safepoint "Cleanup", Time since last: 1000116229 ns, Reaching safepoint: 5900 ns, Cleanup: 12600 ns, At safepoint: 2700 ns, Total: 21200 ns
[413.476s][info ][safepoint      ] Safepoint "Cleanup", Time since last: 1000122029 ns, Reaching safepoint: 6900 ns, Cleanup: 14500 ns, At safepoint: 4800 ns, Total: 26200 ns
[414.476s][info ][safepoint      ] Safepoint "Cleanup", Time since last: 1000110728 ns, Reaching safepoint: 4800 ns, Cleanup: 15301 ns, At safepoint: 2400 ns, Total: 22501 ns
[414.812s][info ][gc,start       ] GC(40) Pause Young (Allocation Failure)
[414.820s][debug][gc,phases      ] GC(40) Scavenge 8.205ms
[414.820s][debug][gc,ref         ] GC(40) ReferenceProcessor::execute queues: 1, RefProcThreadModel::Single, marks_oops_alive: false
[414.820s][debug][gc,ref         ] GC(40) Skipped KeepAliveFinalRefsPhase of Reference Processing: no references
[414.820s][debug][gc,ref         ] GC(40) ReferenceProcessor::execute queues: 1, RefProcThreadModel::Single, marks_oops_alive: false
[414.820s][debug][gc,phases      ] GC(40) Reference Processing 0.097ms
[414.821s][debug][gc,phases      ] GC(40)   VM Weak                        Min:  0.0, Avg:  0.0, Max:  0.0, Diff:  0.0, Sum:  0.0, Workers: 4
[414.821s][debug][gc,phases      ] GC(40)     Dead                           Min: 0, Avg:  0.0, Max: 0, Diff: 0, Sum: 0, Workers: 4
[414.821s][debug][gc,phases      ] GC(40)     Total                          Min: 0, Avg: 239.0, Max: 956, Diff: 956, Sum: 956, Workers: 4
[414.821s][debug][gc,phases      ] GC(40)   ObjectSynchronizer Weak        Min:  0.0, Avg:  0.0, Max:  0.0, Diff:  0.0, Sum:  0.0, Workers: 4
[414.821s][debug][gc,phases      ] GC(40)     Dead                           Min: 0, Avg:  0.0, Max: 0, Diff: 0, Sum: 0, Workers: 4
[414.821s][debug][gc,phases      ] GC(40)     Total                          Min: 0, Avg:  1.5, Max: 6, Diff: 6, Sum: 6, Workers: 4
[414.821s][debug][gc,phases      ] GC(40)   JVMTI Tag Weak OopStorage      Min:  0.0, Avg:  0.0, Max:  0.0, Diff:  0.0, Sum:  0.0, Workers: 4
[414.821s][debug][gc,phases      ] GC(40)     Dead                           Min: 0, Avg:  0.0, Max: 0, Diff: 0, Sum: 0, Workers: 4
[414.821s][debug][gc,phases      ] GC(40)     Total                          Min: 0, Avg:  0.0, Max: 0, Diff: 0, Sum: 0, Workers: 4
[414.821s][debug][gc,phases      ] GC(40)   StringTable Weak               Min:  0.0, Avg:  0.1, Max:  0.1, Diff:  0.1, Sum:  0.4, Workers: 4
[414.821s][debug][gc,phases      ] GC(40)     Dead                           Min: 0, Avg:  0.0, Max: 0, Diff: 0, Sum: 0, Workers: 4
[414.821s][debug][gc,phases      ] GC(40)     Total                          Min: 0, Avg: 11568.2, Max: 20224, Diff: 20224, Sum: 46273, Workers: 4
[414.821s][debug][gc,phases      ] GC(40)   ResolvedMethodTable Weak       Min:  0.0, Avg:  0.0, Max:  0.0, Diff:  0.0, Sum:  0.1, Workers: 4
[414.821s][debug][gc,phases      ] GC(40)     Dead                           Min: 0, Avg:  4.0, Max: 8, Diff: 8, Sum: 16, Workers: 4
[414.821s][debug][gc,phases      ] GC(40)     Total                          Min: 0, Avg: 3769.0, Max: 6256, Diff: 6256, Sum: 15076, Workers: 4
[414.821s][debug][gc,phases      ] GC(40)   JNI Weak                       Min:  0.0, Avg:  0.0, Max:  0.0, Diff:  0.0, Sum:  0.0, Workers: 4
[414.821s][debug][gc,phases      ] GC(40)     Dead                           Min: 0, Avg:  0.0, Max: 0, Diff: 0, Sum: 0, Workers: 4
[414.821s][debug][gc,phases      ] GC(40)     Total                          Min: 0, Avg: 13.0, Max: 52, Diff: 52, Sum: 52, Workers: 4
[414.821s][debug][gc,phases      ] GC(40)   StringDedup Table Weak         Min:  0.0, Avg:  0.0, Max:  0.0, Diff:  0.0, Sum:  0.0, Workers: 4
[414.821s][debug][gc,phases      ] GC(40)     Dead                           Min: 0, Avg:  0.0, Max: 0, Diff: 0, Sum: 0, Workers: 4
[414.821s][debug][gc,phases      ] GC(40)     Total                          Min: 0, Avg:  0.0, Max: 0, Diff: 0, Sum: 0, Workers: 4
[414.821s][debug][gc,phases      ] GC(40)   StringDedup Requests0 Weak     Min:  0.0, Avg:  0.0, Max:  0.0, Diff:  0.0, Sum:  0.0, Workers: 4
[414.821s][debug][gc,phases      ] GC(40)     Dead                           Min: 0, Avg:  0.0, Max: 0, Diff: 0, Sum: 0, Workers: 4
[414.821s][debug][gc,phases      ] GC(40)     Total                          Min: 0, Avg:  0.0, Max: 0, Diff: 0, Sum: 0, Workers: 4
[414.821s][debug][gc,phases      ] GC(40)   StringDedup Requests1 Weak     Min:  0.0, Avg:  0.0, Max:  0.0, Diff:  0.0, Sum:  0.0, Workers: 4
[414.821s][debug][gc,phases      ] GC(40)     Dead                           Min: 0, Avg:  0.0, Max: 0, Diff: 0, Sum: 0, Workers: 4
[414.821s][debug][gc,phases      ] GC(40)     Total                          Min: 0, Avg:  0.0, Max: 0, Diff: 0, Sum: 0, Workers: 4
[414.821s][debug][gc,phases      ] GC(40)   Weak JFR Old Object Samples    Min:  0.0, Avg:  0.0, Max:  0.0, Diff:  0.0, Sum:  0.0, Workers: 4
[414.821s][debug][gc,phases      ] GC(40)     Dead                           Min: 0, Avg:  0.0, Max: 0, Diff: 0, Sum: 0, Workers: 4
[414.821s][debug][gc,phases      ] GC(40)     Total                          Min: 0, Avg:  0.0, Max: 0, Diff: 0, Sum: 0, Workers: 4
[414.821s][debug][gc,phases      ] GC(40) Weak Processing 0.347ms
[414.821s][debug][gc,age         ] GC(40) Desired survivor size 95944704 bytes, new threshold 1 (max threshold 15)
[414.821s][info ][gc,heap        ] GC(40) PSYoungGen: 1904416K(1999360K)->7616K(1996288K) Eden: 1898496K(1898496K)->0K(1898496K) From: 5920K(100864K)->7616K(97792K)
[414.821s][info ][gc,heap        ] GC(40) ParOldGen: 577687K(598528K)->579131K(598528K)
[414.821s][info ][gc,metaspace   ] GC(40) Metaspace: 106263K(107520K)->106263K(107520K) NonClass: 90271K(91008K)->90271K(91008K) Class: 15992K(16512K)->15992K(16512K)
[414.821s][info ][gc             ] GC(40) Pause Young (Allocation Failure) 2423M->572M(2534M) 8.757ms
[414.821s][info ][gc,cpu         ] GC(40) User=0.03s Sys=0.00s Real=0.01s
[414.821s][info ][safepoint      ] Safepoint "ParallelGCFailedAllocation", Time since last: 335612794 ns, Reaching safepoint: 78800 ns, Cleanup: 3900 ns, At safepoint: 8826271 ns, Total: 8908971 ns
[415.821s][info ][safepoint      ] Safepoint "Cleanup", Time since last: 1000097429 ns, Reaching safepoint: 6100 ns, Cleanup: 12200 ns, At safepoint: 2900 ns, Total: 21200 ns
[417.821s][info ][safepoint      ] Safepoint "Cleanup", Time since last: 2000188557 ns, Reaching safepoint: 5300 ns, Cleanup: 45500 ns, At safepoint: 2600 ns, Total: 53400 ns
[418.821s][info ][safepoint      ] Safepoint "Cleanup", Time since last: 1000110529 ns, Reaching safepoint: 6100 ns, Cleanup: 40000 ns, At safepoint: 2900 ns, Total: 49000 ns
[419.821s][info ][safepoint      ] Safepoint "Cleanup", Time since last: 1000111937 ns, Reaching safepoint: 5700 ns, Cleanup: 10000 ns, At safepoint: 2700 ns, Total: 18400 ns
[421.271s][info ][safepoint      ] Safepoint "Cleanup", Time since last: 1449667048 ns, Reaching safepoint: 6000 ns, Cleanup: 11001 ns, At safepoint: 2700 ns, Total: 19701 ns
[422.272s][info ][safepoint      ] Safepoint "Cleanup", Time since last: 1000140729 ns, Reaching safepoint: 495304 ns, Cleanup: 10800 ns, At safepoint: 11800 ns, Total: 517904 ns
[423.272s][info ][safepoint      ] Safepoint "Cleanup", Time since last: 1000107629 ns, Reaching safepoint: 5000 ns, Cleanup: 19001 ns, At safepoint: 2300 ns, Total: 26301 ns
[424.272s][info ][safepoint      ] Safepoint "Cleanup", Time since last: 1000112229 ns, Reaching safepoint: 6400 ns, Cleanup: 14100 ns, At safepoint: 2800 ns, Total: 23300 ns
[427.272s][info ][safepoint      ] Safepoint "Cleanup", Time since last: 3000249723 ns, Reaching safepoint: 83901 ns, Cleanup: 28200 ns, At safepoint: 8900 ns, Total: 121001 ns
[428.273s][info ][safepoint      ] Safepoint "Cleanup", Time since last: 1000119083 ns, Reaching safepoint: 6200 ns, Cleanup: 19400 ns, At safepoint: 2900 ns, Total: 28500 ns
[430.273s][info ][safepoint      ] Safepoint "Cleanup", Time since last: 2000178664 ns, Reaching safepoint: 6000 ns, Cleanup: 7200 ns, At safepoint: 2001 ns, Total: 15201 ns
[431.273s][info ][safepoint      ] Safepoint "Cleanup", Time since last: 1000103882 ns, Reaching safepoint: 7300 ns, Cleanup: 15100 ns, At safepoint: 3400 ns, Total: 25800 ns
[433.216s][info ][gc,start       ] GC(41) Pause Young (Allocation Failure)
[433.231s][debug][gc,phases      ] GC(41) Scavenge 15.295ms
[433.232s][debug][gc,ref         ] GC(41) ReferenceProcessor::execute queues: 1, RefProcThreadModel::Single, marks_oops_alive: false
[433.232s][debug][gc,ref         ] GC(41) Skipped KeepAliveFinalRefsPhase of Reference Processing: no references
[433.232s][debug][gc,ref         ] GC(41) ReferenceProcessor::execute queues: 1, RefProcThreadModel::Single, marks_oops_alive: false
[433.232s][debug][gc,phases      ] GC(41) Reference Processing 0.104ms
[433.232s][debug][gc,phases      ] GC(41)   VM Weak                        Min:  0.0, Avg:  0.0, Max:  0.0, Diff:  0.0, Sum:  0.0, Workers: 4
[433.232s][debug][gc,phases      ] GC(41)     Dead                           Min: 0, Avg:  0.0, Max: 0, Diff: 0, Sum: 0, Workers: 4
[433.232s][debug][gc,phases      ] GC(41)     Total                          Min: 0, Avg: 239.0, Max: 700, Diff: 700, Sum: 956, Workers: 4
[433.232s][debug][gc,phases      ] GC(41)   ObjectSynchronizer Weak        Min:  0.0, Avg:  0.0, Max:  0.0, Diff:  0.0, Sum:  0.0, Workers: 4
[433.232s][debug][gc,phases      ] GC(41)     Dead                           Min: 0, Avg:  0.0, Max: 0, Diff: 0, Sum: 0, Workers: 4
[433.232s][debug][gc,phases      ] GC(41)     Total                          Min: 0, Avg:  1.2, Max: 5, Diff: 5, Sum: 5, Workers: 4
[433.232s][debug][gc,phases      ] GC(41)   JVMTI Tag Weak OopStorage      Min:  0.0, Avg:  0.0, Max:  0.0, Diff:  0.0, Sum:  0.0, Workers: 4
[433.232s][debug][gc,phases      ] GC(41)     Dead                           Min: 0, Avg:  0.0, Max: 0, Diff: 0, Sum: 0, Workers: 4
[433.232s][debug][gc,phases      ] GC(41)     Total                          Min: 0, Avg:  0.0, Max: 0, Diff: 0, Sum: 0, Workers: 4
[433.232s][debug][gc,phases      ] GC(41)   StringTable Weak               Min:  0.0, Avg:  0.1, Max:  0.1, Diff:  0.1, Sum:  0.4, Workers: 4
[433.232s][debug][gc,phases      ] GC(41)     Dead                           Min: 0, Avg:  0.2, Max: 1, Diff: 1, Sum: 1, Workers: 4
[433.232s][debug][gc,phases      ] GC(41)     Total                          Min: 0, Avg: 11575.2, Max: 19903, Diff: 19903, Sum: 46301, Workers: 4
[433.232s][debug][gc,phases      ] GC(41)   ResolvedMethodTable Weak       Min:  0.0, Avg:  0.0, Max:  0.0, Diff:  0.0, Sum:  0.1, Workers: 4
[433.232s][debug][gc,phases      ] GC(41)     Dead                           Min: 0, Avg:  8.8, Max: 15, Diff: 15, Sum: 35, Workers: 4
[433.232s][debug][gc,phases      ] GC(41)     Total                          Min: 0, Avg: 3773.5, Max: 6322, Diff: 6322, Sum: 15094, Workers: 4
[433.232s][debug][gc,phases      ] GC(41)   JNI Weak                       Min:  0.0, Avg:  0.0, Max:  0.0, Diff:  0.0, Sum:  0.0, Workers: 4
[433.232s][debug][gc,phases      ] GC(41)     Dead                           Min: 0, Avg:  0.0, Max: 0, Diff: 0, Sum: 0, Workers: 4
[433.232s][debug][gc,phases      ] GC(41)     Total                          Min: 0, Avg: 13.0, Max: 52, Diff: 52, Sum: 52, Workers: 4
[433.232s][debug][gc,phases      ] GC(41)   StringDedup Table Weak         Min:  0.0, Avg:  0.0, Max:  0.0, Diff:  0.0, Sum:  0.0, Workers: 4
[433.232s][debug][gc,phases      ] GC(41)     Dead                           Min: 0, Avg:  0.0, Max: 0, Diff: 0, Sum: 0, Workers: 4
[433.232s][debug][gc,phases      ] GC(41)     Total                          Min: 0, Avg:  0.0, Max: 0, Diff: 0, Sum: 0, Workers: 4
[433.232s][debug][gc,phases      ] GC(41)   StringDedup Requests0 Weak     Min:  0.0, Avg:  0.0, Max:  0.0, Diff:  0.0, Sum:  0.0, Workers: 4
[433.232s][debug][gc,phases      ] GC(41)     Dead                           Min: 0, Avg:  0.0, Max: 0, Diff: 0, Sum: 0, Workers: 4
[433.232s][debug][gc,phases      ] GC(41)     Total                          Min: 0, Avg:  0.0, Max: 0, Diff: 0, Sum: 0, Workers: 4
[433.232s][debug][gc,phases      ] GC(41)   StringDedup Requests1 Weak     Min:  0.0, Avg:  0.0, Max:  0.0, Diff:  0.0, Sum:  0.0, Workers: 4
[433.232s][debug][gc,phases      ] GC(41)     Dead                           Min: 0, Avg:  0.0, Max: 0, Diff: 0, Sum: 0, Workers: 4
[433.232s][debug][gc,phases      ] GC(41)     Total                          Min: 0, Avg:  0.0, Max: 0, Diff: 0, Sum: 0, Workers: 4
[433.232s][debug][gc,phases      ] GC(41)   Weak JFR Old Object Samples    Min:  0.0, Avg:  0.0, Max:  0.0, Diff:  0.0, Sum:  0.0, Workers: 4
[433.232s][debug][gc,phases      ] GC(41)     Dead                           Min: 0, Avg:  0.0, Max: 0, Diff: 0, Sum: 0, Workers: 4
[433.232s][debug][gc,phases      ] GC(41)     Total                          Min: 0, Avg:  0.0, Max: 0, Diff: 0, Sum: 0, Workers: 4
[433.232s][debug][gc,phases      ] GC(41) Weak Processing 0.366ms
[433.232s][debug][gc,age         ] GC(41) Desired survivor size 92274688 bytes, new threshold 1 (max threshold 15)
[433.232s][info ][gc,heap        ] GC(41) PSYoungGen: 1906112K(1996288K)->33449K(2007040K) Eden: 1898496K(1898496K)->0K(1913344K) From: 7616K(97792K)->33449K(93696K)
[433.232s][info ][gc,heap        ] GC(41) ParOldGen: 579131K(598528K)->583203K(598528K)
[433.232s][info ][gc,metaspace   ] GC(41) Metaspace: 106302K(107520K)->106302K(107520K) NonClass: 90303K(91008K)->90303K(91008K) Class: 15999K(16512K)->15999K(16512K)
[433.232s][info ][gc             ] GC(41) Pause Young (Allocation Failure) 2426M->602M(2544M) 15.885ms
[433.232s][info ][gc,cpu         ] GC(41) User=0.06s Sys=0.01s Real=0.02s
[433.232s][info ][safepoint      ] Safepoint "ParallelGCFailedAllocation", Time since last: 1943191656 ns, Reaching safepoint: 5300 ns, Cleanup: 9500 ns, At safepoint: 15955426 ns, Total: 15970226 ns
[434.232s][info ][safepoint      ] Safepoint "Cleanup", Time since last: 1000094428 ns, Reaching safepoint: 6100 ns, Cleanup: 35900 ns, At safepoint: 2500 ns, Total: 44500 ns
[436.232s][info ][safepoint      ] Safepoint "Cleanup", Time since last: 2000173050 ns, Reaching safepoint: 5000 ns, Cleanup: 24000 ns, At safepoint: 2100 ns, Total: 31100 ns
[438.233s][info ][safepoint      ] Safepoint "Cleanup", Time since last: 2000169663 ns, Reaching safepoint: 5300 ns, Cleanup: 12600 ns, At safepoint: 2500 ns, Total: 20400 ns
[439.233s][info ][safepoint      ] Safepoint "Cleanup", Time since last: 1000091877 ns, Reaching safepoint: 5400 ns, Cleanup: 13600 ns, At safepoint: 2200 ns, Total: 21200 ns
[440.233s][info ][safepoint      ] Safepoint "Cleanup", Time since last: 1000100481 ns, Reaching safepoint: 6400 ns, Cleanup: 11400 ns, At safepoint: 2600 ns, Total: 20400 ns
[441.233s][info ][safepoint      ] Safepoint "Cleanup", Time since last: 1000127281 ns, Reaching safepoint: 5400 ns, Cleanup: 9600 ns, At safepoint: 2200 ns, Total: 17200 ns
[442.233s][info ][safepoint      ] Safepoint "Cleanup", Time since last: 1000103281 ns, Reaching safepoint: 5900 ns, Cleanup: 8500 ns, At safepoint: 3000 ns, Total: 17400 ns
[443.233s][info ][safepoint      ] Safepoint "Cleanup", Time since last: 1000107985 ns, Reaching safepoint: 7200 ns, Cleanup: 8400 ns, At safepoint: 3001 ns, Total: 18601 ns
[444.233s][info ][safepoint      ] Safepoint "Cleanup", Time since last: 1000106304 ns, Reaching safepoint: 5900 ns, Cleanup: 8800 ns, At safepoint: 2400 ns, Total: 17100 ns
[445.233s][info ][safepoint      ] Safepoint "Cleanup", Time since last: 1000104005 ns, Reaching safepoint: 5500 ns, Cleanup: 7500 ns, At safepoint: 2700 ns, Total: 15700 ns
[446.234s][info ][safepoint      ] Safepoint "Cleanup", Time since last: 1000092805 ns, Reaching safepoint: 5500 ns, Cleanup: 17400 ns, At safepoint: 2000 ns, Total: 24900 ns
[447.234s][info ][safepoint      ] Safepoint "Cleanup", Time since last: 1000105205 ns, Reaching safepoint: 6100 ns, Cleanup: 17300 ns, At safepoint: 2300 ns, Total: 25700 ns
[448.234s][info ][safepoint      ] Safepoint "Cleanup", Time since last: 1000108505 ns, Reaching safepoint: 6300 ns, Cleanup: 36700 ns, At safepoint: 3300 ns, Total: 46300 ns
[449.234s][info ][safepoint      ] Safepoint "Cleanup", Time since last: 1000109905 ns, Reaching safepoint: 5800 ns, Cleanup: 17000 ns, At safepoint: 3300 ns, Total: 26100 ns
[451.234s][info ][safepoint      ] Safepoint "Cleanup", Time since last: 2000166472 ns, Reaching safepoint: 5600 ns, Cleanup: 7601 ns, At safepoint: 3000 ns, Total: 16201 ns
[454.234s][info ][safepoint      ] Safepoint "Cleanup", Time since last: 3000247485 ns, Reaching safepoint: 6000 ns, Cleanup: 21700 ns, At safepoint: 2800 ns, Total: 30500 ns
[455.235s][info ][safepoint      ] Safepoint "Cleanup", Time since last: 1000109596 ns, Reaching safepoint: 5800 ns, Cleanup: 9100 ns, At safepoint: 2200 ns, Total: 17100 ns
[456.235s][info ][safepoint      ] Safepoint "Cleanup", Time since last: 1000101995 ns, Reaching safepoint: 5000 ns, Cleanup: 7400 ns, At safepoint: 2000 ns, Total: 14400 ns
[457.235s][info ][safepoint      ] Safepoint "Cleanup", Time since last: 1000101696 ns, Reaching safepoint: 6000 ns, Cleanup: 11900 ns, At safepoint: 2500 ns, Total: 20400 ns
[458.235s][info ][safepoint      ] Safepoint "Cleanup", Time since last: 1000121995 ns, Reaching safepoint: 6101 ns, Cleanup: 9600 ns, At safepoint: 2400 ns, Total: 18101 ns
[458.863s][info ][gc,start       ] GC(42) Pause Young (Allocation Failure)
[458.881s][debug][gc,phases      ] GC(42) Scavenge 17.956ms
[458.881s][debug][gc,ref         ] GC(42) ReferenceProcessor::execute queues: 1, RefProcThreadModel::Single, marks_oops_alive: false
[458.881s][debug][gc,ref         ] GC(42) Skipped KeepAliveFinalRefsPhase of Reference Processing: no references
[458.881s][debug][gc,ref         ] GC(42) ReferenceProcessor::execute queues: 1, RefProcThreadModel::Single, marks_oops_alive: false
[458.881s][debug][gc,phases      ] GC(42) Reference Processing 0.111ms
[458.881s][debug][gc,phases      ] GC(42)   VM Weak                        Min:  0.0, Avg:  0.0, Max:  0.0, Diff:  0.0, Sum:  0.0, Workers: 4
[458.881s][debug][gc,phases      ] GC(42)     Dead                           Min: 0, Avg:  0.0, Max: 0, Diff: 0, Sum: 0, Workers: 4
[458.881s][debug][gc,phases      ] GC(42)     Total                          Min: 0, Avg: 239.0, Max: 828, Diff: 828, Sum: 956, Workers: 4
[458.881s][debug][gc,phases      ] GC(42)   ObjectSynchronizer Weak        Min:  0.0, Avg:  0.0, Max:  0.0, Diff:  0.0, Sum:  0.0, Workers: 4
[458.881s][debug][gc,phases      ] GC(42)     Dead                           Min: 0, Avg:  0.0, Max: 0, Diff: 0, Sum: 0, Workers: 4
[458.881s][debug][gc,phases      ] GC(42)     Total                          Min: 0, Avg:  1.5, Max: 6, Diff: 6, Sum: 6, Workers: 4
[458.881s][debug][gc,phases      ] GC(42)   JVMTI Tag Weak OopStorage      Min:  0.0, Avg:  0.0, Max:  0.0, Diff:  0.0, Sum:  0.0, Workers: 4
[458.881s][debug][gc,phases      ] GC(42)     Dead                           Min: 0, Avg:  0.0, Max: 0, Diff: 0, Sum: 0, Workers: 4
[458.881s][debug][gc,phases      ] GC(42)     Total                          Min: 0, Avg:  0.0, Max: 0, Diff: 0, Sum: 0, Workers: 4
[458.881s][debug][gc,phases      ] GC(42)   StringTable Weak               Min:  0.0, Avg:  0.1, Max:  0.1, Diff:  0.1, Sum:  0.4, Workers: 4
[458.881s][debug][gc,phases      ] GC(42)     Dead                           Min: 0, Avg:  0.2, Max: 1, Diff: 1, Sum: 1, Workers: 4
[458.881s][debug][gc,phases      ] GC(42)     Total                          Min: 0, Avg: 11577.8, Max: 20031, Diff: 20031, Sum: 46311, Workers: 4
[458.881s][debug][gc,phases      ] GC(42)   ResolvedMethodTable Weak       Min:  0.0, Avg:  0.0, Max:  0.0, Diff:  0.0, Sum:  0.1, Workers: 4
[458.881s][debug][gc,phases      ] GC(42)     Dead                           Min: 0, Avg:  4.5, Max: 11, Diff: 11, Sum: 18, Workers: 4
[458.881s][debug][gc,phases      ] GC(42)     Total                          Min: 0, Avg: 3775.0, Max: 6505, Diff: 6505, Sum: 15100, Workers: 4
[458.881s][debug][gc,phases      ] GC(42)   JNI Weak                       Min:  0.0, Avg:  0.0, Max:  0.0, Diff:  0.0, Sum:  0.0, Workers: 4
[458.881s][debug][gc,phases      ] GC(42)     Dead                           Min: 0, Avg:  0.0, Max: 0, Diff: 0, Sum: 0, Workers: 4
[458.881s][debug][gc,phases      ] GC(42)     Total                          Min: 0, Avg: 13.0, Max: 52, Diff: 52, Sum: 52, Workers: 4
[458.881s][debug][gc,phases      ] GC(42)   StringDedup Table Weak         Min:  0.0, Avg:  0.0, Max:  0.0, Diff:  0.0, Sum:  0.0, Workers: 4
[458.881s][debug][gc,phases      ] GC(42)     Dead                           Min: 0, Avg:  0.0, Max: 0, Diff: 0, Sum: 0, Workers: 4
[458.881s][debug][gc,phases      ] GC(42)     Total                          Min: 0, Avg:  0.0, Max: 0, Diff: 0, Sum: 0, Workers: 4
[458.881s][debug][gc,phases      ] GC(42)   StringDedup Requests0 Weak     Min:  0.0, Avg:  0.0, Max:  0.0, Diff:  0.0, Sum:  0.0, Workers: 4
[458.881s][debug][gc,phases      ] GC(42)     Dead                           Min: 0, Avg:  0.0, Max: 0, Diff: 0, Sum: 0, Workers: 4
[458.881s][debug][gc,phases      ] GC(42)     Total                          Min: 0, Avg:  0.0, Max: 0, Diff: 0, Sum: 0, Workers: 4
[458.881s][debug][gc,phases      ] GC(42)   StringDedup Requests1 Weak     Min:  0.0, Avg:  0.0, Max:  0.0, Diff:  0.0, Sum:  0.0, Workers: 4
[458.881s][debug][gc,phases      ] GC(42)     Dead                           Min: 0, Avg:  0.0, Max: 0, Diff: 0, Sum: 0, Workers: 4
[458.881s][debug][gc,phases      ] GC(42)     Total                          Min: 0, Avg:  0.0, Max: 0, Diff: 0, Sum: 0, Workers: 4
[458.881s][debug][gc,phases      ] GC(42)   Weak JFR Old Object Samples    Min:  0.0, Avg:  0.0, Max:  0.0, Diff:  0.0, Sum:  0.0, Workers: 4
[458.881s][debug][gc,phases      ] GC(42)     Dead                           Min: 0, Avg:  0.0, Max: 0, Diff: 0, Sum: 0, Workers: 4
[458.881s][debug][gc,phases      ] GC(42)     Total                          Min: 0, Avg:  0.0, Max: 0, Diff: 0, Sum: 0, Workers: 4
[458.881s][debug][gc,phases      ] GC(42) Weak Processing 0.357ms
[458.881s][debug][gc,age         ] GC(42) Desired survivor size 88604672 bytes, new threshold 1 (max threshold 15)
[458.881s][info ][gc,heap        ] GC(42) PSYoungGen: 1946793K(2007040K)->8304K(2003456K) Eden: 1913344K(1913344K)->0K(1913344K) From: 33449K(93696K)->8304K(90112K)
[458.881s][info ][gc,heap        ] GC(42) ParOldGen: 583203K(598528K)->612104K(612352K)
[458.881s][info ][gc,metaspace   ] GC(42) Metaspace: 106347K(107584K)->106347K(107584K) NonClass: 90345K(91072K)->90345K(91072K) Class: 16001K(16512K)->16001K(16512K)
[458.881s][info ][gc             ] GC(42) Pause Young (Allocation Failure) 2470M->605M(2554M) 18.532ms
[458.881s][info ][gc,cpu         ] GC(42) User=0.05s Sys=0.00s Real=0.02s
[458.881s][info ][safepoint      ] Safepoint "ParallelGCFailedAllocation", Time since last: 627612903 ns, Reaching safepoint: 76901 ns, Cleanup: 2700 ns, At safepoint: 18600139 ns, Total: 18679740 ns
[459.881s][info ][safepoint      ] Safepoint "Cleanup", Time since last: 1000094168 ns, Reaching safepoint: 6000 ns, Cleanup: 12800 ns, At safepoint: 2700 ns, Total: 21500 ns
[462.882s][info ][safepoint      ] Safepoint "Cleanup", Time since last: 3000253606 ns, Reaching safepoint: 5900 ns, Cleanup: 15401 ns, At safepoint: 2400 ns, Total: 23701 ns
[465.882s][info ][safepoint      ] Safepoint "Cleanup", Time since last: 3000243006 ns, Reaching safepoint: 5200 ns, Cleanup: 13400 ns, At safepoint: 2100 ns, Total: 20700 ns
[466.882s][info ][safepoint      ] Safepoint "Cleanup", Time since last: 1000098069 ns, Reaching safepoint: 5500 ns, Cleanup: 9800 ns, At safepoint: 2300 ns, Total: 17600 ns
[467.882s][info ][safepoint      ] Safepoint "Cleanup", Time since last: 1000105199 ns, Reaching safepoint: 6400 ns, Cleanup: 9101 ns, At safepoint: 2600 ns, Total: 18101 ns
[469.882s][info ][safepoint      ] Safepoint "Cleanup", Time since last: 2000170786 ns, Reaching safepoint: 5600 ns, Cleanup: 9200 ns, At safepoint: 2600 ns, Total: 17400 ns
[470.882s][info ][safepoint      ] Safepoint "Cleanup", Time since last: 1000103093 ns, Reaching safepoint: 6500 ns, Cleanup: 7400 ns, At safepoint: 2800 ns, Total: 16700 ns
[471.883s][info ][safepoint      ] Safepoint "Cleanup", Time since last: 1000107993 ns, Reaching safepoint: 5500 ns, Cleanup: 8200 ns, At safepoint: 2700 ns, Total: 16400 ns
[472.883s][info ][safepoint      ] Safepoint "Cleanup", Time since last: 1000102694 ns, Reaching safepoint: 5600 ns, Cleanup: 7900 ns, At safepoint: 2000 ns, Total: 15500 ns
[473.883s][info ][safepoint      ] Safepoint "Cleanup", Time since last: 1000093293 ns, Reaching safepoint: 5300 ns, Cleanup: 10100 ns, At safepoint: 2300 ns, Total: 17700 ns
[474.883s][info ][safepoint      ] Safepoint "Cleanup", Time since last: 1000115993 ns, Reaching safepoint: 6000 ns, Cleanup: 12300 ns, At safepoint: 2800 ns, Total: 21100 ns
[475.883s][info ][safepoint      ] Safepoint "Cleanup", Time since last: 1000098689 ns, Reaching safepoint: 6200 ns, Cleanup: 9501 ns, At safepoint: 2600 ns, Total: 18301 ns
[479.883s][info ][safepoint      ] Safepoint "Cleanup", Time since last: 4000318489 ns, Reaching safepoint: 5700 ns, Cleanup: 12000 ns, At safepoint: 2600 ns, Total: 20300 ns
[482.294s][info ][safepoint      ] Safepoint "Cleanup", Time since last: 2410191609 ns, Reaching safepoint: 5100 ns, Cleanup: 8700 ns, At safepoint: 2600 ns, Total: 16400 ns
[485.463s][info ][gc,start       ] GC(43) Pause Young (Allocation Failure)
[485.472s][debug][gc,phases      ] GC(43) Scavenge 9.427ms
[485.472s][debug][gc,ref         ] GC(43) ReferenceProcessor::execute queues: 1, RefProcThreadModel::Single, marks_oops_alive: false
[485.472s][debug][gc,ref         ] GC(43) Skipped KeepAliveFinalRefsPhase of Reference Processing: no references
[485.472s][debug][gc,ref         ] GC(43) ReferenceProcessor::execute queues: 1, RefProcThreadModel::Single, marks_oops_alive: false
[485.472s][debug][gc,phases      ] GC(43) Reference Processing 0.101ms
[485.472s][debug][gc,phases      ] GC(43)   VM Weak                        Min:  0.0, Avg:  0.0, Max:  0.0, Diff:  0.0, Sum:  0.0, Workers: 4
[485.472s][debug][gc,phases      ] GC(43)     Dead                           Min: 0, Avg:  0.0, Max: 0, Diff: 0, Sum: 0, Workers: 4
[485.472s][debug][gc,phases      ] GC(43)     Total                          Min: 0, Avg: 239.0, Max: 956, Diff: 956, Sum: 956, Workers: 4
[485.472s][debug][gc,phases      ] GC(43)   ObjectSynchronizer Weak        Min:  0.0, Avg:  0.0, Max:  0.0, Diff:  0.0, Sum:  0.0, Workers: 4
[485.472s][debug][gc,phases      ] GC(43)     Dead                           Min: 0, Avg:  0.0, Max: 0, Diff: 0, Sum: 0, Workers: 4
[485.473s][debug][gc,phases      ] GC(43)     Total                          Min: 0, Avg:  1.2, Max: 5, Diff: 5, Sum: 5, Workers: 4
[485.473s][debug][gc,phases      ] GC(43)   JVMTI Tag Weak OopStorage      Min:  0.0, Avg:  0.0, Max:  0.0, Diff:  0.0, Sum:  0.0, Workers: 4
[485.473s][debug][gc,phases      ] GC(43)     Dead                           Min: 0, Avg:  0.0, Max: 0, Diff: 0, Sum: 0, Workers: 4
[485.473s][debug][gc,phases      ] GC(43)     Total                          Min: 0, Avg:  0.0, Max: 0, Diff: 0, Sum: 0, Workers: 4
[485.473s][debug][gc,phases      ] GC(43)   StringTable Weak               Min:  0.0, Avg:  0.1, Max:  0.1, Diff:  0.1, Sum:  0.4, Workers: 4
[485.473s][debug][gc,phases      ] GC(43)     Dead                           Min: 0, Avg:  0.0, Max: 0, Diff: 0, Sum: 0, Workers: 4
[485.473s][debug][gc,phases      ] GC(43)     Total                          Min: 0, Avg: 11584.5, Max: 20352, Diff: 20352, Sum: 46338, Workers: 4
[485.473s][debug][gc,phases      ] GC(43)   ResolvedMethodTable Weak       Min:  0.0, Avg:  0.0, Max:  0.0, Diff:  0.0, Sum:  0.1, Workers: 4
[485.473s][debug][gc,phases      ] GC(43)     Dead                           Min: 0, Avg:  4.0, Max: 16, Diff: 16, Sum: 16, Workers: 4
[485.473s][debug][gc,phases      ] GC(43)     Total                          Min: 0, Avg: 3775.0, Max: 6371, Diff: 6371, Sum: 15100, Workers: 4
[485.473s][debug][gc,phases      ] GC(43)   JNI Weak                       Min:  0.0, Avg:  0.0, Max:  0.0, Diff:  0.0, Sum:  0.0, Workers: 4
[485.473s][debug][gc,phases      ] GC(43)     Dead                           Min: 0, Avg:  0.0, Max: 0, Diff: 0, Sum: 0, Workers: 4
[485.473s][debug][gc,phases      ] GC(43)     Total                          Min: 0, Avg: 13.0, Max: 52, Diff: 52, Sum: 52, Workers: 4
[485.473s][debug][gc,phases      ] GC(43)   StringDedup Table Weak         Min:  0.0, Avg:  0.0, Max:  0.0, Diff:  0.0, Sum:  0.0, Workers: 4
[485.473s][debug][gc,phases      ] GC(43)     Dead                           Min: 0, Avg:  0.0, Max: 0, Diff: 0, Sum: 0, Workers: 4
[485.473s][debug][gc,phases      ] GC(43)     Total                          Min: 0, Avg:  0.0, Max: 0, Diff: 0, Sum: 0, Workers: 4
[485.473s][debug][gc,phases      ] GC(43)   StringDedup Requests0 Weak     Min:  0.0, Avg:  0.0, Max:  0.0, Diff:  0.0, Sum:  0.0, Workers: 4
[485.473s][debug][gc,phases      ] GC(43)     Dead                           Min: 0, Avg:  0.0, Max: 0, Diff: 0, Sum: 0, Workers: 4
[485.473s][debug][gc,phases      ] GC(43)     Total                          Min: 0, Avg:  0.0, Max: 0, Diff: 0, Sum: 0, Workers: 4
[485.473s][debug][gc,phases      ] GC(43)   StringDedup Requests1 Weak     Min:  0.0, Avg:  0.0, Max:  0.0, Diff:  0.0, Sum:  0.0, Workers: 4
[485.473s][debug][gc,phases      ] GC(43)     Dead                           Min: 0, Avg:  0.0, Max: 0, Diff: 0, Sum: 0, Workers: 4
[485.473s][debug][gc,phases      ] GC(43)     Total                          Min: 0, Avg:  0.0, Max: 0, Diff: 0, Sum: 0, Workers: 4
[485.473s][debug][gc,phases      ] GC(43)   Weak JFR Old Object Samples    Min:  0.0, Avg:  0.0, Max:  0.0, Diff:  0.0, Sum:  0.0, Workers: 4
[485.473s][debug][gc,phases      ] GC(43)     Dead                           Min: 0, Avg:  0.0, Max: 0, Diff: 0, Sum: 0, Workers: 4
[485.473s][debug][gc,phases      ] GC(43)     Total                          Min: 0, Avg:  0.0, Max: 0, Diff: 0, Sum: 0, Workers: 4
[485.473s][debug][gc,phases      ] GC(43) Weak Processing 0.335ms
[485.473s][debug][gc,age         ] GC(43) Desired survivor size 84934656 bytes, new threshold 1 (max threshold 15)
[485.473s][info ][gc,heap        ] GC(43) PSYoungGen: 1921648K(2003456K)->8473K(2014208K) Eden: 1913344K(1913344K)->0K(1927680K) From: 8304K(90112K)->8473K(86528K)
[485.473s][info ][gc,heap        ] GC(43) ParOldGen: 612104K(612352K)->615924K(615936K)
[485.473s][info ][gc,metaspace   ] GC(43) Metaspace: 106364K(107584K)->106364K(107584K) NonClass: 90362K(91072K)->90362K(91072K) Class: 16001K(16512K)->16001K(16512K)
[485.473s][info ][gc             ] GC(43) Pause Young (Allocation Failure) 2474M->609M(2568M) 9.966ms
[485.473s][info ][gc,cpu         ] GC(43) User=0.03s Sys=0.00s Real=0.01s
[485.473s][info ][safepoint      ] Safepoint "ParallelGCFailedAllocation", Time since last: 3168932265 ns, Reaching safepoint: 78600 ns, Cleanup: 3200 ns, At safepoint: 10035359 ns, Total: 10117159 ns
[488.473s][info ][safepoint      ] Safepoint "Cleanup", Time since last: 3000227298 ns, Reaching safepoint: 149101 ns, Cleanup: 7400 ns, At safepoint: 5600 ns, Total: 162101 ns
[492.473s][info ][safepoint      ] Safepoint "Cleanup", Time since last: 4000321139 ns, Reaching safepoint: 5300 ns, Cleanup: 9300 ns, At safepoint: 3001 ns, Total: 17601 ns
[493.474s][info ][safepoint      ] Safepoint "Cleanup", Time since last: 1000103122 ns, Reaching safepoint: 5600 ns, Cleanup: 10100 ns, At safepoint: 2400 ns, Total: 18100 ns
[495.474s][info ][safepoint      ] Safepoint "Cleanup", Time since last: 2000174844 ns, Reaching safepoint: 5800 ns, Cleanup: 9300 ns, At safepoint: 2700 ns, Total: 17800 ns
[496.474s][info ][safepoint      ] Safepoint "Cleanup", Time since last: 1000104222 ns, Reaching safepoint: 5700 ns, Cleanup: 10200 ns, At safepoint: 19100 ns, Total: 35000 ns
[498.474s][info ][safepoint      ] Safepoint "Cleanup", Time since last: 2000180844 ns, Reaching safepoint: 5500 ns, Cleanup: 21601 ns, At safepoint: 2900 ns, Total: 30001 ns
[500.474s][info ][safepoint      ] Safepoint "Cleanup", Time since last: 2000173197 ns, Reaching safepoint: 5800 ns, Cleanup: 19400 ns, At safepoint: 2400 ns, Total: 27600 ns
[502.474s][info ][safepoint      ] Safepoint "Cleanup", Time since last: 2000179419 ns, Reaching safepoint: 5600 ns, Cleanup: 11801 ns, At safepoint: 2600 ns, Total: 20001 ns
[515.475s][info ][safepoint      ] Safepoint "Cleanup", Time since last: 13000950110 ns, Reaching safepoint: 5700 ns, Cleanup: 8800 ns, At safepoint: 3000 ns, Total: 17500 ns
[518.476s][info ][safepoint      ] Safepoint "Cleanup", Time since last: 3000245216 ns, Reaching safepoint: 5700 ns, Cleanup: 13600 ns, At safepoint: 2600 ns, Total: 21900 ns
[522.263s][info ][gc,start       ] GC(44) Pause Young (Allocation Failure)
[522.271s][debug][gc,phases      ] GC(44) Scavenge 8.639ms
[522.272s][debug][gc,ref         ] GC(44) ReferenceProcessor::execute queues: 1, RefProcThreadModel::Single, marks_oops_alive: false
[522.272s][debug][gc,ref         ] GC(44) Skipped KeepAliveFinalRefsPhase of Reference Processing: no references
[522.272s][debug][gc,ref         ] GC(44) Skipped PhantomRefsPhase of Reference Processing: no references
[522.272s][debug][gc,phases      ] GC(44) Reference Processing 0.100ms
[522.272s][debug][gc,phases      ] GC(44)   VM Weak                        Min:  0.0, Avg:  0.0, Max:  0.0, Diff:  0.0, Sum:  0.0, Workers: 4
[522.272s][debug][gc,phases      ] GC(44)     Dead                           Min: 0, Avg:  0.0, Max: 0, Diff: 0, Sum: 0, Workers: 4
[522.272s][debug][gc,phases      ] GC(44)     Total                          Min: 0, Avg: 239.0, Max: 700, Diff: 700, Sum: 956, Workers: 4
[522.272s][debug][gc,phases      ] GC(44)   ObjectSynchronizer Weak        Min:  0.0, Avg:  0.0, Max:  0.0, Diff:  0.0, Sum:  0.0, Workers: 4
[522.272s][debug][gc,phases      ] GC(44)     Dead                           Min: 0, Avg:  0.0, Max: 0, Diff: 0, Sum: 0, Workers: 4
[522.272s][debug][gc,phases      ] GC(44)     Total                          Min: 0, Avg:  1.2, Max: 5, Diff: 5, Sum: 5, Workers: 4
[522.272s][debug][gc,phases      ] GC(44)   JVMTI Tag Weak OopStorage      Min:  0.0, Avg:  0.0, Max:  0.0, Diff:  0.0, Sum:  0.0, Workers: 4
[522.272s][debug][gc,phases      ] GC(44)     Dead                           Min: 0, Avg:  0.0, Max: 0, Diff: 0, Sum: 0, Workers: 4
[522.272s][debug][gc,phases      ] GC(44)     Total                          Min: 0, Avg:  0.0, Max: 0, Diff: 0, Sum: 0, Workers: 4
[522.272s][debug][gc,phases      ] GC(44)   StringTable Weak               Min:  0.1, Avg:  0.1, Max:  0.1, Diff:  0.0, Sum:  0.5, Workers: 4
[522.272s][debug][gc,phases      ] GC(44)     Dead                           Min: 0, Avg:  0.0, Max: 0, Diff: 0, Sum: 0, Workers: 4
[522.272s][debug][gc,phases      ] GC(44)     Total                          Min: 11392, Avg: 11586.2, Max: 11776, Diff: 384, Sum: 46345, Workers: 4
[522.272s][debug][gc,phases      ] GC(44)   ResolvedMethodTable Weak       Min:  0.0, Avg:  0.0, Max:  0.0, Diff:  0.0, Sum:  0.2, Workers: 4
[522.272s][debug][gc,phases      ] GC(44)     Dead                           Min: 0, Avg:  4.0, Max: 16, Diff: 16, Sum: 16, Workers: 4
[522.272s][debug][gc,phases      ] GC(44)     Total                          Min: 3587, Avg: 3775.0, Max: 3880, Diff: 293, Sum: 15100, Workers: 4
[522.272s][debug][gc,phases      ] GC(44)   JNI Weak                       Min:  0.0, Avg:  0.0, Max:  0.0, Diff:  0.0, Sum:  0.0, Workers: 4
[522.272s][debug][gc,phases      ] GC(44)     Dead                           Min: 0, Avg:  0.0, Max: 0, Diff: 0, Sum: 0, Workers: 4
[522.272s][debug][gc,phases      ] GC(44)     Total                          Min: 0, Avg: 13.0, Max: 52, Diff: 52, Sum: 52, Workers: 4
[522.272s][debug][gc,phases      ] GC(44)   StringDedup Table Weak         Min:  0.0, Avg:  0.0, Max:  0.0, Diff:  0.0, Sum:  0.0, Workers: 4
[522.272s][debug][gc,phases      ] GC(44)     Dead                           Min: 0, Avg:  0.0, Max: 0, Diff: 0, Sum: 0, Workers: 4
[522.272s][debug][gc,phases      ] GC(44)     Total                          Min: 0, Avg:  0.0, Max: 0, Diff: 0, Sum: 0, Workers: 4
[522.272s][debug][gc,phases      ] GC(44)   StringDedup Requests0 Weak     Min:  0.0, Avg:  0.0, Max:  0.0, Diff:  0.0, Sum:  0.0, Workers: 4
[522.272s][debug][gc,phases      ] GC(44)     Dead                           Min: 0, Avg:  0.0, Max: 0, Diff: 0, Sum: 0, Workers: 4
[522.272s][debug][gc,phases      ] GC(44)     Total                          Min: 0, Avg:  0.0, Max: 0, Diff: 0, Sum: 0, Workers: 4
[522.272s][debug][gc,phases      ] GC(44)   StringDedup Requests1 Weak     Min:  0.0, Avg:  0.0, Max:  0.0, Diff:  0.0, Sum:  0.0, Workers: 4
[522.272s][debug][gc,phases      ] GC(44)     Dead                           Min: 0, Avg:  0.0, Max: 0, Diff: 0, Sum: 0, Workers: 4
[522.272s][debug][gc,phases      ] GC(44)     Total                          Min: 0, Avg:  0.0, Max: 0, Diff: 0, Sum: 0, Workers: 4
[522.272s][debug][gc,phases      ] GC(44)   Weak JFR Old Object Samples    Min:  0.0, Avg:  0.0, Max:  0.0, Diff:  0.0, Sum:  0.0, Workers: 4
[522.272s][debug][gc,phases      ] GC(44)     Dead                           Min: 0, Avg:  0.0, Max: 0, Diff: 0, Sum: 0, Workers: 4
[522.272s][debug][gc,phases      ] GC(44)     Total                          Min: 0, Avg:  0.0, Max: 0, Diff: 0, Sum: 0, Workers: 4
[522.272s][debug][gc,phases      ] GC(44) Weak Processing 0.358ms
[522.272s][debug][gc,age         ] GC(44) Desired survivor size 81788928 bytes, new threshold 1 (max threshold 15)
[522.272s][info ][gc,heap        ] GC(44) PSYoungGen: 1936153K(2014208K)->6504K(2010624K) Eden: 1927680K(1927680K)->0K(1927680K) From: 8473K(86528K)->6504K(82944K)
[522.272s][info ][gc,heap        ] GC(44) ParOldGen: 615924K(615936K)->620130K(620544K)
[522.272s][info ][gc,metaspace   ] GC(44) Metaspace: 106381K(107584K)->106381K(107584K) NonClass: 90379K(91072K)->90379K(91072K) Class: 16001K(16512K)->16001K(16512K)
[522.272s][info ][gc             ] GC(44) Pause Young (Allocation Failure) 2492M->611M(2569M) 9.212ms
[522.272s][info ][gc,cpu         ] GC(44) User=0.03s Sys=0.00s Real=0.01s
[522.272s][info ][safepoint      ] Safepoint "ParallelGCFailedAllocation", Time since last: 3786944441 ns, Reaching safepoint: 77701 ns, Cleanup: 9300 ns, At safepoint: 9281668 ns, Total: 9368669 ns
[525.272s][info ][safepoint      ] Safepoint "Cleanup", Time since last: 3000219017 ns, Reaching safepoint: 5500 ns, Cleanup: 8900 ns, At safepoint: 2100 ns, Total: 16500 ns
[527.272s][info ][safepoint      ] Safepoint "Cleanup", Time since last: 2000177450 ns, Reaching safepoint: 5800 ns, Cleanup: 11900 ns, At safepoint: 2400 ns, Total: 20100 ns
[532.273s][info ][safepoint      ] Safepoint "Cleanup", Time since last: 5000416064 ns, Reaching safepoint: 5700 ns, Cleanup: 12300 ns, At safepoint: 2800 ns, Total: 20800 ns
[536.273s][info ][safepoint      ] Safepoint "Cleanup", Time since last: 4000321652 ns, Reaching safepoint: 5800 ns, Cleanup: 8601 ns, At safepoint: 2500 ns, Total: 16901 ns
[539.273s][info ][safepoint      ] Safepoint "Cleanup", Time since last: 3000250437 ns, Reaching safepoint: 5500 ns, Cleanup: 8600 ns, At safepoint: 2700 ns, Total: 16800 ns
[540.274s][info ][safepoint      ] Safepoint "Cleanup", Time since last: 1000103320 ns, Reaching safepoint: 6000 ns, Cleanup: 17400 ns, At safepoint: 2600 ns, Total: 26000 ns
[548.311s][info ][safepoint      ] Safepoint "Cleanup", Time since last: 8037442018 ns, Reaching safepoint: 82000 ns, Cleanup: 9500 ns, At safepoint: 9401 ns, Total: 100901 ns
[556.312s][info ][safepoint      ] Safepoint "Cleanup", Time since last: 8000631622 ns, Reaching safepoint: 77600 ns, Cleanup: 13701 ns, At safepoint: 5600 ns, Total: 96901 ns
[559.312s][info ][safepoint      ] Safepoint "Cleanup", Time since last: 3000252091 ns, Reaching safepoint: 77201 ns, Cleanup: 13000 ns, At safepoint: 7200 ns, Total: 97401 ns
[562.313s][info ][safepoint      ] Safepoint "Cleanup", Time since last: 3000268592 ns, Reaching safepoint: 77400 ns, Cleanup: 6800 ns, At safepoint: 8500 ns, Total: 92700 ns
[565.313s][info ][safepoint      ] Safepoint "Cleanup", Time since last: 3000249651 ns, Reaching safepoint: 78801 ns, Cleanup: 12700 ns, At safepoint: 7000 ns, Total: 98501 ns
[567.313s][info ][safepoint      ] Safepoint "Cleanup", Time since last: 2000163878 ns, Reaching safepoint: 5201 ns, Cleanup: 8200 ns, At safepoint: 2100 ns, Total: 15501 ns
[572.314s][info ][safepoint      ] Safepoint "Cleanup", Time since last: 5000397566 ns, Reaching safepoint: 4700 ns, Cleanup: 9400 ns, At safepoint: 2300 ns, Total: 16400 ns
[573.314s][info ][safepoint      ] Safepoint "Cleanup", Time since last: 1000103386 ns, Reaching safepoint: 4600 ns, Cleanup: 11401 ns, At safepoint: 2000 ns, Total: 18001 ns
[575.314s][info ][safepoint      ] Safepoint "Cleanup", Time since last: 2000163173 ns, Reaching safepoint: 4000 ns, Cleanup: 22800 ns, At safepoint: 2200 ns, Total: 29000 ns
[577.314s][info ][safepoint      ] Safepoint "Cleanup", Time since last: 2000162273 ns, Reaching safepoint: 5000 ns, Cleanup: 19100 ns, At safepoint: 2100 ns, Total: 26200 ns
[578.411s][info ][gc,start       ] GC(45) Pause Young (Allocation Failure)
[578.420s][debug][gc,phases      ] GC(45) Scavenge 8.294ms
[578.420s][debug][gc,ref         ] GC(45) ReferenceProcessor::execute queues: 1, RefProcThreadModel::Single, marks_oops_alive: false
[578.420s][debug][gc,ref         ] GC(45) Skipped KeepAliveFinalRefsPhase of Reference Processing: no references
[578.420s][debug][gc,ref         ] GC(45) ReferenceProcessor::execute queues: 1, RefProcThreadModel::Single, marks_oops_alive: false
[578.420s][debug][gc,phases      ] GC(45) Reference Processing 0.148ms
[578.420s][debug][gc,phases      ] GC(45)   VM Weak                        Min:  0.0, Avg:  0.0, Max:  0.0, Diff:  0.0, Sum:  0.0, Workers: 4
[578.420s][debug][gc,phases      ] GC(45)     Dead                           Min: 0, Avg:  0.0, Max: 0, Diff: 0, Sum: 0, Workers: 4
[578.420s][debug][gc,phases      ] GC(45)     Total                          Min: 0, Avg: 239.0, Max: 764, Diff: 764, Sum: 956, Workers: 4
[578.420s][debug][gc,phases      ] GC(45)   ObjectSynchronizer Weak        Min:  0.0, Avg:  0.0, Max:  0.0, Diff:  0.0, Sum:  0.0, Workers: 4
[578.420s][debug][gc,phases      ] GC(45)     Dead                           Min: 0, Avg:  0.0, Max: 0, Diff: 0, Sum: 0, Workers: 4
[578.420s][debug][gc,phases      ] GC(45)     Total                          Min: 0, Avg:  1.0, Max: 4, Diff: 4, Sum: 4, Workers: 4
[578.420s][debug][gc,phases      ] GC(45)   JVMTI Tag Weak OopStorage      Min:  0.0, Avg:  0.0, Max:  0.0, Diff:  0.0, Sum:  0.0, Workers: 4
[578.420s][debug][gc,phases      ] GC(45)     Dead                           Min: 0, Avg:  0.0, Max: 0, Diff: 0, Sum: 0, Workers: 4
[578.420s][debug][gc,phases      ] GC(45)     Total                          Min: 0, Avg:  0.0, Max: 0, Diff: 0, Sum: 0, Workers: 4
[578.420s][debug][gc,phases      ] GC(45)   StringTable Weak               Min:  0.0, Avg:  0.1, Max:  0.2, Diff:  0.2, Sum:  0.6, Workers: 4
[578.420s][debug][gc,phases      ] GC(45)     Dead                           Min: 0, Avg:  0.2, Max: 1, Diff: 1, Sum: 1, Workers: 4
[578.420s][debug][gc,phases      ] GC(45)     Total                          Min: 0, Avg: 11589.5, Max: 16000, Diff: 16000, Sum: 46358, Workers: 4
[578.420s][debug][gc,phases      ] GC(45)   ResolvedMethodTable Weak       Min:  0.0, Avg:  0.0, Max:  0.1, Diff:  0.1, Sum:  0.2, Workers: 4
[578.420s][debug][gc,phases      ] GC(45)     Dead                           Min: 0, Avg:  5.2, Max: 17, Diff: 17, Sum: 21, Workers: 4
[578.420s][debug][gc,phases      ] GC(45)     Total                          Min: 0, Avg: 3778.5, Max: 5196, Diff: 5196, Sum: 15114, Workers: 4
[578.420s][debug][gc,phases      ] GC(45)   JNI Weak                       Min:  0.0, Avg:  0.0, Max:  0.0, Diff:  0.0, Sum:  0.0, Workers: 4
[578.420s][debug][gc,phases      ] GC(45)     Dead                           Min: 0, Avg:  0.0, Max: 0, Diff: 0, Sum: 0, Workers: 4
[578.420s][debug][gc,phases      ] GC(45)     Total                          Min: 0, Avg: 13.0, Max: 52, Diff: 52, Sum: 52, Workers: 4
[578.420s][debug][gc,phases      ] GC(45)   StringDedup Table Weak         Min:  0.0, Avg:  0.0, Max:  0.0, Diff:  0.0, Sum:  0.0, Workers: 4
[578.420s][debug][gc,phases      ] GC(45)     Dead                           Min: 0, Avg:  0.0, Max: 0, Diff: 0, Sum: 0, Workers: 4
[578.420s][debug][gc,phases      ] GC(45)     Total                          Min: 0, Avg:  0.0, Max: 0, Diff: 0, Sum: 0, Workers: 4
[578.420s][debug][gc,phases      ] GC(45)   StringDedup Requests0 Weak     Min:  0.0, Avg:  0.0, Max:  0.0, Diff:  0.0, Sum:  0.0, Workers: 4
[578.420s][debug][gc,phases      ] GC(45)     Dead                           Min: 0, Avg:  0.0, Max: 0, Diff: 0, Sum: 0, Workers: 4
[578.420s][debug][gc,phases      ] GC(45)     Total                          Min: 0, Avg:  0.0, Max: 0, Diff: 0, Sum: 0, Workers: 4
[578.420s][debug][gc,phases      ] GC(45)   StringDedup Requests1 Weak     Min:  0.0, Avg:  0.0, Max:  0.0, Diff:  0.0, Sum:  0.0, Workers: 4
[578.420s][debug][gc,phases      ] GC(45)     Dead                           Min: 0, Avg:  0.0, Max: 0, Diff: 0, Sum: 0, Workers: 4
[578.420s][debug][gc,phases      ] GC(45)     Total                          Min: 0, Avg:  0.0, Max: 0, Diff: 0, Sum: 0, Workers: 4
[578.420s][debug][gc,phases      ] GC(45)   Weak JFR Old Object Samples    Min:  0.0, Avg:  0.0, Max:  0.0, Diff:  0.0, Sum:  0.0, Workers: 4
[578.420s][debug][gc,phases      ] GC(45)     Dead                           Min: 0, Avg:  0.0, Max: 0, Diff: 0, Sum: 0, Workers: 4
[578.420s][debug][gc,phases      ] GC(45)     Total                          Min: 0, Avg:  0.0, Max: 0, Diff: 0, Sum: 0, Workers: 4
[578.420s][debug][gc,phases      ] GC(45) Weak Processing 0.505ms
[578.420s][debug][gc,age         ] GC(45) Desired survivor size 77594624 bytes, new threshold 1 (max threshold 15)
[578.420s][info ][gc,heap        ] GC(45) PSYoungGen: 1934184K(2010624K)->10382K(2021376K) Eden: 1927680K(1927680K)->0K(1941504K) From: 6504K(82944K)->10382K(79872K)
[578.420s][info ][gc,heap        ] GC(45) ParOldGen: 620130K(620544K)->621928K(622080K)
[578.420s][info ][gc,metaspace   ] GC(45) Metaspace: 106420K(107648K)->106420K(107648K) NonClass: 90413K(91136K)->90413K(91136K) Class: 16007K(16512K)->16007K(16512K)
[578.420s][info ][gc             ] GC(45) Pause Young (Allocation Failure) 2494M->617M(2581M) 9.099ms
[578.420s][info ][gc,cpu         ] GC(45) User=0.02s Sys=0.00s Real=0.01s
[578.420s][info ][safepoint      ] Safepoint "ParallelGCFailedAllocation", Time since last: 1097027093 ns, Reaching safepoint: 79001 ns, Cleanup: 4400 ns, At safepoint: 9185467 ns, Total: 9268868 ns
[579.420s][info ][safepoint      ] Safepoint "Cleanup", Time since last: 1000089036 ns, Reaching safepoint: 5200 ns, Cleanup: 8800 ns, At safepoint: 2400 ns, Total: 16400 ns
[580.421s][info ][safepoint      ] Safepoint "Cleanup", Time since last: 1000097150 ns, Reaching safepoint: 5400 ns, Cleanup: 9900 ns, At safepoint: 2401 ns, Total: 17701 ns
[582.421s][info ][safepoint      ] Safepoint "Cleanup", Time since last: 2000168600 ns, Reaching safepoint: 5900 ns, Cleanup: 15100 ns, At safepoint: 2700 ns, Total: 23700 ns
[587.421s][info ][safepoint      ] Safepoint "Cleanup", Time since last: 5000383860 ns, Reaching safepoint: 5800 ns, Cleanup: 9300 ns, At safepoint: 2600 ns, Total: 17700 ns
[597.422s][info ][safepoint      ] Safepoint "Cleanup", Time since last: 10000747049 ns, Reaching safepoint: 5600 ns, Cleanup: 11900 ns, At safepoint: 2900 ns, Total: 20400 ns
[598.422s][info ][safepoint      ] Safepoint "Cleanup", Time since last: 1000111197 ns, Reaching safepoint: 6000 ns, Cleanup: 9500 ns, At safepoint: 2700 ns, Total: 18200 ns
[599.901s][info ][safepoint      ] Safepoint "Cleanup", Time since last: 1478497291 ns, Reaching safepoint: 6000 ns, Cleanup: 13100 ns, At safepoint: 2800 ns, Total: 21900 ns
[601.328s][info ][safepoint      ] Safepoint "Cleanup", Time since last: 1427175426 ns, Reaching safepoint: 5700 ns, Cleanup: 13401 ns, At safepoint: 2600 ns, Total: 21701 ns
[603.328s][info ][safepoint      ] Safepoint "Cleanup", Time since last: 2000175738 ns, Reaching safepoint: 5600 ns, Cleanup: 14300 ns, At safepoint: 3000 ns, Total: 22900 ns
[611.329s][info ][safepoint      ] Safepoint "Cleanup", Time since last: 8000596482 ns, Reaching safepoint: 6000 ns, Cleanup: 76601 ns, At safepoint: 2500 ns, Total: 85101 ns
[612.329s][info ][safepoint      ] Safepoint "Cleanup", Time since last: 1000110075 ns, Reaching safepoint: 6600 ns, Cleanup: 12900 ns, At safepoint: 2700 ns, Total: 22200 ns
[624.330s][info ][safepoint      ] Safepoint "Cleanup", Time since last: 12000894080 ns, Reaching safepoint: 5300 ns, Cleanup: 9200 ns, At safepoint: 2500 ns, Total: 17000 ns
[625.330s][info ][safepoint      ] Safepoint "Cleanup", Time since last: 1000098371 ns, Reaching safepoint: 6000 ns, Cleanup: 11400 ns, At safepoint: 2400 ns, Total: 19800 ns
[629.330s][info ][safepoint      ] Safepoint "Cleanup", Time since last: 4000334186 ns, Reaching safepoint: 6100 ns, Cleanup: 9000 ns, At safepoint: 2500 ns, Total: 17600 ns
[651.332s][info ][safepoint      ] Safepoint "Cleanup", Time since last: 22001585620 ns, Reaching safepoint: 6100 ns, Cleanup: 10201 ns, At safepoint: 2600 ns, Total: 18901 ns
[656.332s][info ][safepoint      ] Safepoint "Cleanup", Time since last: 5000387830 ns, Reaching safepoint: 7200 ns, Cleanup: 8800 ns, At safepoint: 2600 ns, Total: 18600 ns
[656.862s][info ][gc,start       ] GC(46) Pause Young (Allocation Failure)
[656.869s][debug][gc,phases      ] GC(46) Scavenge 7.320ms
[656.869s][debug][gc,ref         ] GC(46) ReferenceProcessor::execute queues: 1, RefProcThreadModel::Single, marks_oops_alive: false
[656.869s][debug][gc,ref         ] GC(46) Skipped KeepAliveFinalRefsPhase of Reference Processing: no references
[656.869s][debug][gc,ref         ] GC(46) ReferenceProcessor::execute queues: 1, RefProcThreadModel::Single, marks_oops_alive: false
[656.869s][debug][gc,phases      ] GC(46) Reference Processing 0.135ms
[656.869s][debug][gc,phases      ] GC(46)   VM Weak                        Min:  0.0, Avg:  0.0, Max:  0.0, Diff:  0.0, Sum:  0.0, Workers: 4
[656.869s][debug][gc,phases      ] GC(46)     Dead                           Min: 0, Avg:  0.0, Max: 0, Diff: 0, Sum: 0, Workers: 4
[656.869s][debug][gc,phases      ] GC(46)     Total                          Min: 0, Avg: 239.0, Max: 956, Diff: 956, Sum: 956, Workers: 4
[656.869s][debug][gc,phases      ] GC(46)   ObjectSynchronizer Weak        Min:  0.0, Avg:  0.0, Max:  0.0, Diff:  0.0, Sum:  0.0, Workers: 4
[656.869s][debug][gc,phases      ] GC(46)     Dead                           Min: 0, Avg:  0.0, Max: 0, Diff: 0, Sum: 0, Workers: 4
[656.869s][debug][gc,phases      ] GC(46)     Total                          Min: 0, Avg:  0.8, Max: 3, Diff: 3, Sum: 3, Workers: 4
[656.869s][debug][gc,phases      ] GC(46)   JVMTI Tag Weak OopStorage      Min:  0.0, Avg:  0.0, Max:  0.0, Diff:  0.0, Sum:  0.0, Workers: 4
[656.870s][debug][gc,phases      ] GC(46)     Dead                           Min: 0, Avg:  0.0, Max: 0, Diff: 0, Sum: 0, Workers: 4
[656.870s][debug][gc,phases      ] GC(46)     Total                          Min: 0, Avg:  0.0, Max: 0, Diff: 0, Sum: 0, Workers: 4
[656.870s][debug][gc,phases      ] GC(46)   StringTable Weak               Min:  0.0, Avg:  0.1, Max:  0.2, Diff:  0.2, Sum:  0.4, Workers: 4
[656.870s][debug][gc,phases      ] GC(46)     Dead                           Min: 0, Avg:  0.5, Max: 2, Diff: 2, Sum: 2, Workers: 4
[656.870s][debug][gc,phases      ] GC(46)     Total                          Min: 0, Avg: 11598.0, Max: 23352, Diff: 23352, Sum: 46392, Workers: 4
[656.870s][debug][gc,phases      ] GC(46)   ResolvedMethodTable Weak       Min:  0.0, Avg:  0.0, Max:  0.1, Diff:  0.1, Sum:  0.1, Workers: 4
[656.870s][debug][gc,phases      ] GC(46)     Dead                           Min: 0, Avg:  4.0, Max: 16, Diff: 16, Sum: 16, Workers: 4
[656.870s][debug][gc,phases      ] GC(46)     Total                          Min: 0, Avg: 3784.0, Max: 7987, Diff: 7987, Sum: 15136, Workers: 4
[656.870s][debug][gc,phases      ] GC(46)   JNI Weak                       Min:  0.0, Avg:  0.0, Max:  0.0, Diff:  0.0, Sum:  0.0, Workers: 4
[656.870s][debug][gc,phases      ] GC(46)     Dead                           Min: 0, Avg:  0.0, Max: 0, Diff: 0, Sum: 0, Workers: 4
[656.870s][debug][gc,phases      ] GC(46)     Total                          Min: 0, Avg: 13.0, Max: 52, Diff: 52, Sum: 52, Workers: 4
[656.870s][debug][gc,phases      ] GC(46)   StringDedup Table Weak         Min:  0.0, Avg:  0.0, Max:  0.0, Diff:  0.0, Sum:  0.0, Workers: 4
[656.870s][debug][gc,phases      ] GC(46)     Dead                           Min: 0, Avg:  0.0, Max: 0, Diff: 0, Sum: 0, Workers: 4
[656.870s][debug][gc,phases      ] GC(46)     Total                          Min: 0, Avg:  0.0, Max: 0, Diff: 0, Sum: 0, Workers: 4
[656.870s][debug][gc,phases      ] GC(46)   StringDedup Requests0 Weak     Min:  0.0, Avg:  0.0, Max:  0.0, Diff:  0.0, Sum:  0.0, Workers: 4
[656.870s][debug][gc,phases      ] GC(46)     Dead                           Min: 0, Avg:  0.0, Max: 0, Diff: 0, Sum: 0, Workers: 4
[656.870s][debug][gc,phases      ] GC(46)     Total                          Min: 0, Avg:  0.0, Max: 0, Diff: 0, Sum: 0, Workers: 4
[656.870s][debug][gc,phases      ] GC(46)   StringDedup Requests1 Weak     Min:  0.0, Avg:  0.0, Max:  0.0, Diff:  0.0, Sum:  0.0, Workers: 4
[656.870s][debug][gc,phases      ] GC(46)     Dead                           Min: 0, Avg:  0.0, Max: 0, Diff: 0, Sum: 0, Workers: 4
[656.870s][debug][gc,phases      ] GC(46)     Total                          Min: 0, Avg:  0.0, Max: 0, Diff: 0, Sum: 0, Workers: 4
[656.870s][debug][gc,phases      ] GC(46)   Weak JFR Old Object Samples    Min:  0.0, Avg:  0.0, Max:  0.0, Diff:  0.0, Sum:  0.0, Workers: 4
[656.870s][debug][gc,phases      ] GC(46)     Dead                           Min: 0, Avg:  0.0, Max: 0, Diff: 0, Sum: 0, Workers: 4
[656.870s][debug][gc,phases      ] GC(46)     Total                          Min: 0, Avg:  0.0, Max: 0, Diff: 0, Sum: 0, Workers: 4
[656.870s][debug][gc,phases      ] GC(46) Weak Processing 0.557ms
[656.870s][debug][gc,age         ] GC(46) Desired survivor size 74448896 bytes, new threshold 1 (max threshold 15)
[656.870s][info ][gc,heap        ] GC(46) PSYoungGen: 1951886K(2021376K)->4834K(2017280K) Eden: 1941504K(1941504K)->0K(1941504K) From: 10382K(79872K)->4834K(75776K)
[656.870s][info ][gc,heap        ] GC(46) ParOldGen: 621928K(622080K)->627764K(628224K)
[656.870s][info ][gc,metaspace   ] GC(46) Metaspace: 106580K(107840K)->106580K(107840K) NonClass: 90555K(91264K)->90555K(91264K) Class: 16025K(16576K)->16025K(16576K)
[656.870s][info ][gc             ] GC(46) Pause Young (Allocation Failure) 2513M->617M(2583M) 8.163ms
[656.870s][info ][gc,cpu         ] GC(46) User=0.02s Sys=0.00s Real=0.00s
[656.870s][info ][safepoint      ] Safepoint "ParallelGCFailedAllocation", Time since last: 529249108 ns, Reaching safepoint: 78300 ns, Cleanup: 4000 ns, At safepoint: 8245558 ns, Total: 8327858 ns
[657.870s][info ][safepoint      ] Safepoint "Cleanup", Time since last: 1000113606 ns, Reaching safepoint: 6201 ns, Cleanup: 7800 ns, At safepoint: 3500 ns, Total: 17501 ns
[661.870s][info ][safepoint      ] Safepoint "Cleanup", Time since last: 4000332782 ns, Reaching safepoint: 6000 ns, Cleanup: 8101 ns, At safepoint: 2700 ns, Total: 16801 ns
[667.871s][info ][safepoint      ] Safepoint "Cleanup", Time since last: 6000473961 ns, Reaching safepoint: 23500 ns, Cleanup: 8900 ns, At safepoint: 6000 ns, Total: 38400 ns
[670.871s][info ][safepoint      ] Safepoint "Cleanup", Time since last: 3000260778 ns, Reaching safepoint: 4700 ns, Cleanup: 8900 ns, At safepoint: 2700 ns, Total: 16300 ns
[678.872s][info ][safepoint      ] Safepoint "Cleanup", Time since last: 8000600718 ns, Reaching safepoint: 5500 ns, Cleanup: 7100 ns, At safepoint: 2700 ns, Total: 15300 ns
[690.873s][info ][safepoint      ] Safepoint "Cleanup", Time since last: 12000876189 ns, Reaching safepoint: 5700 ns, Cleanup: 8900 ns, At safepoint: 2700 ns, Total: 17300 ns
[694.873s][info ][safepoint      ] Safepoint "Cleanup", Time since last: 4000326048 ns, Reaching safepoint: 5400 ns, Cleanup: 11100 ns, At safepoint: 2601 ns, Total: 19101 ns
[695.873s][info ][safepoint      ] Safepoint "Cleanup", Time since last: 1000111429 ns, Reaching safepoint: 5100 ns, Cleanup: 11200 ns, At safepoint: 2600 ns, Total: 18900 ns
[700.873s][info ][safepoint      ] Safepoint "Cleanup", Time since last: 5000384088 ns, Reaching safepoint: 5901 ns, Cleanup: 10300 ns, At safepoint: 2800 ns, Total: 19001 ns
[704.874s][info ][safepoint      ] Safepoint "Cleanup", Time since last: 4000319118 ns, Reaching safepoint: 4600 ns, Cleanup: 7701 ns, At safepoint: 2100 ns, Total: 14401 ns
[706.874s][info ][safepoint      ] Safepoint "Cleanup", Time since last: 2000171109 ns, Reaching safepoint: 5400 ns, Cleanup: 9900 ns, At safepoint: 2600 ns, Total: 17900 ns
[715.875s][info ][safepoint      ] Safepoint "Cleanup", Time since last: 9000678753 ns, Reaching safepoint: 4800 ns, Cleanup: 8600 ns, At safepoint: 2000 ns, Total: 15400 ns
[721.875s][info ][safepoint      ] Safepoint "Cleanup", Time since last: 6000432919 ns, Reaching safepoint: 5100 ns, Cleanup: 21400 ns, At safepoint: 3000 ns, Total: 29500 ns
[722.875s][info ][safepoint      ] Safepoint "Cleanup", Time since last: 1000108955 ns, Reaching safepoint: 5000 ns, Cleanup: 9500 ns, At safepoint: 2400 ns, Total: 16900 ns
[724.875s][info ][safepoint      ] Safepoint "Cleanup", Time since last: 2000171469 ns, Reaching safepoint: 5400 ns, Cleanup: 16801 ns, At safepoint: 2700 ns, Total: 24901 ns
[725.876s][info ][safepoint      ] Safepoint "Cleanup", Time since last: 1000100247 ns, Reaching safepoint: 5000 ns, Cleanup: 14400 ns, At safepoint: 2000 ns, Total: 21400 ns
[726.876s][info ][safepoint      ] Safepoint "Cleanup", Time since last: 1000073639 ns, Reaching safepoint: 6600 ns, Cleanup: 12400 ns, At safepoint: 2300 ns, Total: 21300 ns
[730.876s][info ][safepoint      ] Safepoint "Cleanup", Time since last: 4000324280 ns, Reaching safepoint: 5700 ns, Cleanup: 13000 ns, At safepoint: 2700 ns, Total: 21400 ns
[733.876s][info ][safepoint      ] Safepoint "Cleanup", Time since last: 3000260803 ns, Reaching safepoint: 5900 ns, Cleanup: 10900 ns, At safepoint: 2700 ns, Total: 19500 ns
[734.876s][info ][safepoint      ] Safepoint "Cleanup", Time since last: 1000126525 ns, Reaching safepoint: 5900 ns, Cleanup: 11001 ns, At safepoint: 3000 ns, Total: 19901 ns
[735.877s][info ][safepoint      ] Safepoint "Cleanup", Time since last: 1000110025 ns, Reaching safepoint: 5400 ns, Cleanup: 10900 ns, At safepoint: 2100 ns, Total: 18400 ns
[736.877s][info ][safepoint      ] Safepoint "Cleanup", Time since last: 1000103225 ns, Reaching safepoint: 5600 ns, Cleanup: 11000 ns, At safepoint: 2400 ns, Total: 19000 ns
[742.662s][info ][gc,start       ] GC(47) Pause Young (Allocation Failure)
[742.665s][debug][gc,phases      ] GC(47) Scavenge 3.229ms
[742.665s][debug][gc,ref         ] GC(47) ReferenceProcessor::execute queues: 1, RefProcThreadModel::Single, marks_oops_alive: false
[742.665s][debug][gc,ref         ] GC(47) Skipped KeepAliveFinalRefsPhase of Reference Processing: no references
[742.665s][debug][gc,ref         ] GC(47) ReferenceProcessor::execute queues: 1, RefProcThreadModel::Single, marks_oops_alive: false
[742.665s][debug][gc,phases      ] GC(47) Reference Processing 0.114ms
[742.665s][debug][gc,phases      ] GC(47)   VM Weak                        Min:  0.0, Avg:  0.0, Max:  0.0, Diff:  0.0, Sum:  0.0, Workers: 4
[742.665s][debug][gc,phases      ] GC(47)     Dead                           Min: 0, Avg:  0.0, Max: 0, Diff: 0, Sum: 0, Workers: 4
[742.665s][debug][gc,phases      ] GC(47)     Total                          Min: 0, Avg: 239.0, Max: 640, Diff: 640, Sum: 956, Workers: 4
[742.665s][debug][gc,phases      ] GC(47)   ObjectSynchronizer Weak        Min:  0.0, Avg:  0.0, Max:  0.0, Diff:  0.0, Sum:  0.0, Workers: 4
[742.665s][debug][gc,phases      ] GC(47)     Dead                           Min: 0, Avg:  0.0, Max: 0, Diff: 0, Sum: 0, Workers: 4
[742.665s][debug][gc,phases      ] GC(47)     Total                          Min: 0, Avg:  0.8, Max: 3, Diff: 3, Sum: 3, Workers: 4
[742.665s][debug][gc,phases      ] GC(47)   JVMTI Tag Weak OopStorage      Min:  0.0, Avg:  0.0, Max:  0.0, Diff:  0.0, Sum:  0.0, Workers: 4
[742.665s][debug][gc,phases      ] GC(47)     Dead                           Min: 0, Avg:  0.0, Max: 0, Diff: 0, Sum: 0, Workers: 4
[742.665s][debug][gc,phases      ] GC(47)     Total                          Min: 0, Avg:  0.0, Max: 0, Diff: 0, Sum: 0, Workers: 4
[742.665s][debug][gc,phases      ] GC(47)   StringTable Weak               Min:  0.0, Avg:  0.1, Max:  0.2, Diff:  0.2, Sum:  0.5, Workers: 4
[742.665s][debug][gc,phases      ] GC(47)     Dead                           Min: 0, Avg:  0.2, Max: 1, Diff: 1, Sum: 1, Workers: 4
[742.665s][debug][gc,phases      ] GC(47)     Total                          Min: 0, Avg: 11601.2, Max: 16645, Diff: 16645, Sum: 46405, Workers: 4
[742.665s][debug][gc,phases      ] GC(47)   ResolvedMethodTable Weak       Min:  0.0, Avg:  0.0, Max:  0.1, Diff:  0.1, Sum:  0.2, Workers: 4
[742.665s][debug][gc,phases      ] GC(47)     Dead                           Min: 0, Avg:  4.0, Max: 15, Diff: 15, Sum: 16, Workers: 4
[742.665s][debug][gc,phases      ] GC(47)     Total                          Min: 0, Avg: 3786.0, Max: 5143, Diff: 5143, Sum: 15144, Workers: 4
[742.666s][debug][gc,phases      ] GC(47)   JNI Weak                       Min:  0.0, Avg:  0.0, Max:  0.0, Diff:  0.0, Sum:  0.0, Workers: 4
[742.666s][debug][gc,phases      ] GC(47)     Dead                           Min: 0, Avg:  0.0, Max: 0, Diff: 0, Sum: 0, Workers: 4
[742.666s][debug][gc,phases      ] GC(47)     Total                          Min: 0, Avg: 13.0, Max: 52, Diff: 52, Sum: 52, Workers: 4
[742.666s][debug][gc,phases      ] GC(47)   StringDedup Table Weak         Min:  0.0, Avg:  0.0, Max:  0.0, Diff:  0.0, Sum:  0.0, Workers: 4
[742.666s][debug][gc,phases      ] GC(47)     Dead                           Min: 0, Avg:  0.0, Max: 0, Diff: 0, Sum: 0, Workers: 4
[742.666s][debug][gc,phases      ] GC(47)     Total                          Min: 0, Avg:  0.0, Max: 0, Diff: 0, Sum: 0, Workers: 4
[742.666s][debug][gc,phases      ] GC(47)   StringDedup Requests0 Weak     Min:  0.0, Avg:  0.0, Max:  0.0, Diff:  0.0, Sum:  0.0, Workers: 4
[742.666s][debug][gc,phases      ] GC(47)     Dead                           Min: 0, Avg:  0.0, Max: 0, Diff: 0, Sum: 0, Workers: 4
[742.666s][debug][gc,phases      ] GC(47)     Total                          Min: 0, Avg:  0.0, Max: 0, Diff: 0, Sum: 0, Workers: 4
[742.666s][debug][gc,phases      ] GC(47)   StringDedup Requests1 Weak     Min:  0.0, Avg:  0.0, Max:  0.0, Diff:  0.0, Sum:  0.0, Workers: 4
[742.666s][debug][gc,phases      ] GC(47)     Dead                           Min: 0, Avg:  0.0, Max: 0, Diff: 0, Sum: 0, Workers: 4
[742.666s][debug][gc,phases      ] GC(47)     Total                          Min: 0, Avg:  0.0, Max: 0, Diff: 0, Sum: 0, Workers: 4
[742.666s][debug][gc,phases      ] GC(47)   Weak JFR Old Object Samples    Min:  0.0, Avg:  0.0, Max:  0.0, Diff:  0.0, Sum:  0.0, Workers: 4
[742.666s][debug][gc,phases      ] GC(47)     Dead                           Min: 0, Avg:  0.0, Max: 0, Diff: 0, Sum: 0, Workers: 4
[742.666s][debug][gc,phases      ] GC(47)     Total                          Min: 0, Avg:  0.0, Max: 0, Diff: 0, Sum: 0, Workers: 4
[742.666s][debug][gc,phases      ] GC(47) Weak Processing 0.390ms
[742.666s][debug][gc,age         ] GC(47) Desired survivor size 71303168 bytes, new threshold 1 (max threshold 15)
[742.666s][info ][gc,heap        ] GC(47) PSYoungGen: 1946338K(2017280K)->4208K(2027520K) Eden: 1941504K(1941504K)->0K(1954816K) From: 4834K(75776K)->4208K(72704K)
[742.666s][info ][gc,heap        ] GC(47) ParOldGen: 627764K(628224K)->629030K(629248K)
[742.666s][info ][gc,metaspace   ] GC(47) Metaspace: 106612K(107840K)->106612K(107840K) NonClass: 90584K(91264K)->90584K(91264K) Class: 16027K(16576K)->16027K(16576K)
[742.666s][info ][gc             ] GC(47) Pause Young (Allocation Failure) 2513M->618M(2594M) 3.831ms
[742.666s][info ][gc,cpu         ] GC(47) User=0.01s Sys=0.00s Real=0.00s
[742.666s][info ][safepoint      ] Safepoint "ParallelGCFailedAllocation", Time since last: 5784997293 ns, Reaching safepoint: 80401 ns, Cleanup: 6100 ns, At safepoint: 3896226 ns, Total: 3982727 ns
[743.666s][info ][safepoint      ] Safepoint "Cleanup", Time since last: 1000087831 ns, Reaching safepoint: 5000 ns, Cleanup: 10100 ns, At safepoint: 2100 ns, Total: 17200 ns
[744.666s][info ][safepoint      ] Safepoint "Cleanup", Time since last: 1000093131 ns, Reaching safepoint: 4400 ns, Cleanup: 21400 ns, At safepoint: 2800 ns, Total: 28600 ns
[748.666s][info ][safepoint      ] Safepoint "Cleanup", Time since last: 4000307967 ns, Reaching safepoint: 5000 ns, Cleanup: 8300 ns, At safepoint: 2700 ns, Total: 16000 ns
[752.667s][info ][safepoint      ] Safepoint "Cleanup", Time since last: 4000320647 ns, Reaching safepoint: 4700 ns, Cleanup: 9300 ns, At safepoint: 2300 ns, Total: 16300 ns
[757.667s][info ][safepoint      ] Safepoint "Cleanup", Time since last: 5000390680 ns, Reaching safepoint: 5000 ns, Cleanup: 9900 ns, At safepoint: 2300 ns, Total: 17200 ns
[760.667s][info ][safepoint      ] Safepoint "Cleanup", Time since last: 3000248067 ns, Reaching safepoint: 5701 ns, Cleanup: 10000 ns, At safepoint: 2600 ns, Total: 18301 ns
[766.668s][info ][safepoint      ] Safepoint "Cleanup", Time since last: 6000461569 ns, Reaching safepoint: 5900 ns, Cleanup: 9600 ns, At safepoint: 2600 ns, Total: 18100 ns
[767.668s][info ][safepoint      ] Safepoint "Cleanup", Time since last: 1000107338 ns, Reaching safepoint: 5300 ns, Cleanup: 6800 ns, At safepoint: 2500 ns, Total: 14600 ns
[770.668s][info ][safepoint      ] Safepoint "Cleanup", Time since last: 3000246712 ns, Reaching safepoint: 6700 ns, Cleanup: 9400 ns, At safepoint: 2700 ns, Total: 18800 ns
[771.668s][info ][safepoint      ] Safepoint "Cleanup", Time since last: 1000108138 ns, Reaching safepoint: 5200 ns, Cleanup: 10800 ns, At safepoint: 2500 ns, Total: 18500 ns
[772.668s][info ][safepoint      ] Safepoint "Cleanup", Time since last: 1000096947 ns, Reaching safepoint: 4700 ns, Cleanup: 7900 ns, At safepoint: 2100 ns, Total: 14700 ns
[785.669s][info ][safepoint      ] Safepoint "Cleanup", Time since last: 13000923015 ns, Reaching safepoint: 5200 ns, Cleanup: 8601 ns, At safepoint: 2100 ns, Total: 15901 ns
[788.670s][info ][safepoint      ] Safepoint "Cleanup", Time since last: 3000265713 ns, Reaching safepoint: 4800 ns, Cleanup: 9400 ns, At safepoint: 2200 ns, Total: 16400 ns
[793.670s][info ][safepoint      ] Safepoint "Cleanup", Time since last: 5000366159 ns, Reaching safepoint: 5100 ns, Cleanup: 9600 ns, At safepoint: 2100 ns, Total: 16800 ns
[795.670s][info ][safepoint      ] Safepoint "Cleanup", Time since last: 2000169701 ns, Reaching safepoint: 5500 ns, Cleanup: 10600 ns, At safepoint: 2800 ns, Total: 18900 ns
[796.670s][info ][safepoint      ] Safepoint "Cleanup", Time since last: 1000110840 ns, Reaching safepoint: 6000 ns, Cleanup: 10800 ns, At safepoint: 19000 ns, Total: 35800 ns
[820.672s][info ][safepoint      ] Safepoint "Cleanup", Time since last: 24001737130 ns, Reaching safepoint: 5700 ns, Cleanup: 12200 ns, At safepoint: 3400 ns, Total: 21300 ns
[821.672s][info ][safepoint      ] Safepoint "Cleanup", Time since last: 1000106004 ns, Reaching safepoint: 5400 ns, Cleanup: 7100 ns, At safepoint: 2200 ns, Total: 14700 ns
[823.672s][info ][safepoint      ] Safepoint "Cleanup", Time since last: 2000171609 ns, Reaching safepoint: 5100 ns, Cleanup: 9800 ns, At safepoint: 2200 ns, Total: 17100 ns
[830.673s][info ][safepoint      ] Safepoint "Cleanup", Time since last: 7000509268 ns, Reaching safepoint: 5400 ns, Cleanup: 8800 ns, At safepoint: 2200 ns, Total: 16400 ns
[831.673s][info ][safepoint      ] Safepoint "Cleanup", Time since last: 1000119625 ns, Reaching safepoint: 5000 ns, Cleanup: 15801 ns, At safepoint: 2700 ns, Total: 23501 ns
[831.961s][info ][gc,start       ] GC(48) Pause Young (Allocation Failure)
[831.964s][debug][gc,phases      ] GC(48) Scavenge 3.462ms
[831.964s][debug][gc,ref         ] GC(48) ReferenceProcessor::execute queues: 1, RefProcThreadModel::Single, marks_oops_alive: false
[831.964s][debug][gc,ref         ] GC(48) Skipped KeepAliveFinalRefsPhase of Reference Processing: no references
[831.964s][debug][gc,ref         ] GC(48) ReferenceProcessor::execute queues: 1, RefProcThreadModel::Single, marks_oops_alive: false
[831.964s][debug][gc,phases      ] GC(48) Reference Processing 0.117ms
[831.965s][debug][gc,phases      ] GC(48)   VM Weak                        Min:  0.0, Avg:  0.0, Max:  0.0, Diff:  0.0, Sum:  0.0, Workers: 4
[831.965s][debug][gc,phases      ] GC(48)     Dead                           Min: 0, Avg:  0.0, Max: 0, Diff: 0, Sum: 0, Workers: 4
[831.965s][debug][gc,phases      ] GC(48)     Total                          Min: 0, Avg: 239.0, Max: 764, Diff: 764, Sum: 956, Workers: 4
[831.965s][debug][gc,phases      ] GC(48)   ObjectSynchronizer Weak        Min:  0.0, Avg:  0.0, Max:  0.0, Diff:  0.0, Sum:  0.0, Workers: 4
[831.965s][debug][gc,phases      ] GC(48)     Dead                           Min: 0, Avg:  0.0, Max: 0, Diff: 0, Sum: 0, Workers: 4
[831.965s][debug][gc,phases      ] GC(48)     Total                          Min: 0, Avg:  0.8, Max: 3, Diff: 3, Sum: 3, Workers: 4
[831.965s][debug][gc,phases      ] GC(48)   JVMTI Tag Weak OopStorage      Min:  0.0, Avg:  0.0, Max:  0.0, Diff:  0.0, Sum:  0.0, Workers: 4
[831.965s][debug][gc,phases      ] GC(48)     Dead                           Min: 0, Avg:  0.0, Max: 0, Diff: 0, Sum: 0, Workers: 4
[831.965s][debug][gc,phases      ] GC(48)     Total                          Min: 0, Avg:  0.0, Max: 0, Diff: 0, Sum: 0, Workers: 4
[831.965s][debug][gc,phases      ] GC(48)   StringTable Weak               Min:  0.0, Avg:  0.1, Max:  0.2, Diff:  0.2, Sum:  0.6, Workers: 4
[831.965s][debug][gc,phases      ] GC(48)     Dead                           Min: 0, Avg:  0.2, Max: 1, Diff: 1, Sum: 1, Workers: 4
[831.965s][debug][gc,phases      ] GC(48)     Total                          Min: 191, Avg: 11602.2, Max: 17472, Diff: 17281, Sum: 46409, Workers: 4
[831.965s][debug][gc,phases      ] GC(48)   ResolvedMethodTable Weak       Min:  0.0, Avg:  0.0, Max:  0.1, Diff:  0.1, Sum:  0.2, Workers: 4
[831.965s][debug][gc,phases      ] GC(48)     Dead                           Min: 0, Avg:  4.2, Max: 11, Diff: 11, Sum: 17, Workers: 4
[831.965s][debug][gc,phases      ] GC(48)     Total                          Min: 0, Avg: 3787.0, Max: 5173, Diff: 5173, Sum: 15148, Workers: 4
[831.965s][debug][gc,phases      ] GC(48)   JNI Weak                       Min:  0.0, Avg:  0.0, Max:  0.0, Diff:  0.0, Sum:  0.0, Workers: 4
[831.965s][debug][gc,phases      ] GC(48)     Dead                           Min: 0, Avg:  0.0, Max: 0, Diff: 0, Sum: 0, Workers: 4
[831.965s][debug][gc,phases      ] GC(48)     Total                          Min: 0, Avg: 13.0, Max: 52, Diff: 52, Sum: 52, Workers: 4
[831.965s][debug][gc,phases      ] GC(48)   StringDedup Table Weak         Min:  0.0, Avg:  0.0, Max:  0.0, Diff:  0.0, Sum:  0.0, Workers: 4
[831.965s][debug][gc,phases      ] GC(48)     Dead                           Min: 0, Avg:  0.0, Max: 0, Diff: 0, Sum: 0, Workers: 4
[831.965s][debug][gc,phases      ] GC(48)     Total                          Min: 0, Avg:  0.0, Max: 0, Diff: 0, Sum: 0, Workers: 4
[831.965s][debug][gc,phases      ] GC(48)   StringDedup Requests0 Weak     Min:  0.0, Avg:  0.0, Max:  0.0, Diff:  0.0, Sum:  0.0, Workers: 4
[831.965s][debug][gc,phases      ] GC(48)     Dead                           Min: 0, Avg:  0.0, Max: 0, Diff: 0, Sum: 0, Workers: 4
[831.965s][debug][gc,phases      ] GC(48)     Total                          Min: 0, Avg:  0.0, Max: 0, Diff: 0, Sum: 0, Workers: 4
[831.965s][debug][gc,phases      ] GC(48)   StringDedup Requests1 Weak     Min:  0.0, Avg:  0.0, Max:  0.0, Diff:  0.0, Sum:  0.0, Workers: 4
[831.965s][debug][gc,phases      ] GC(48)     Dead                           Min: 0, Avg:  0.0, Max: 0, Diff: 0, Sum: 0, Workers: 4
[831.965s][debug][gc,phases      ] GC(48)     Total                          Min: 0, Avg:  0.0, Max: 0, Diff: 0, Sum: 0, Workers: 4
[831.965s][debug][gc,phases      ] GC(48)   Weak JFR Old Object Samples    Min:  0.0, Avg:  0.0, Max:  0.0, Diff:  0.0, Sum:  0.0, Workers: 4
[831.965s][debug][gc,phases      ] GC(48)     Dead                           Min: 0, Avg:  0.0, Max: 0, Diff: 0, Sum: 0, Workers: 4
[831.965s][debug][gc,phases      ] GC(48)     Total                          Min: 0, Avg:  0.0, Max: 0, Diff: 0, Sum: 0, Workers: 4
[831.965s][debug][gc,phases      ] GC(48) Weak Processing 0.444ms
[831.965s][debug][gc,age         ] GC(48) Desired survivor size 68157440 bytes, new threshold 1 (max threshold 15)
[831.965s][info ][gc,heap        ] GC(48) PSYoungGen: 1959024K(2027520K)->4763K(2024448K) Eden: 1954816K(1954816K)->0K(1954816K) From: 4208K(72704K)->4763K(69632K)
[831.965s][info ][gc,heap        ] GC(48) ParOldGen: 629030K(629248K)->629863K(630272K)
[831.965s][info ][gc,metaspace   ] GC(48) Metaspace: 106657K(107968K)->106657K(107968K) NonClass: 90627K(91392K)->90627K(91392K) Class: 16030K(16576K)->16030K(16576K)
[831.965s][info ][gc             ] GC(48) Pause Young (Allocation Failure) 2527M->619M(2592M) 4.163ms
[831.965s][info ][gc,cpu         ] GC(48) User=0.01s Sys=0.00s Real=0.00s
[831.965s][info ][safepoint      ] Safepoint "ParallelGCFailedAllocation", Time since last: 287714121 ns, Reaching safepoint: 82700 ns, Cleanup: 3800 ns, At safepoint: 4236030 ns, Total: 4322530 ns
[845.966s][info ][safepoint      ] Safepoint "Cleanup", Time since last: 14001061142 ns, Reaching safepoint: 5400 ns, Cleanup: 9300 ns, At safepoint: 2500 ns, Total: 17200 ns
[847.966s][info ][safepoint      ] Safepoint "Cleanup", Time since last: 2000180054 ns, Reaching safepoint: 5000 ns, Cleanup: 9300 ns, At safepoint: 2100 ns, Total: 16400 ns
[867.968s][info ][safepoint      ] Safepoint "Cleanup", Time since last: 20001524937 ns, Reaching safepoint: 5000 ns, Cleanup: 8600 ns, At safepoint: 2300 ns, Total: 15900 ns
[868.968s][info ][safepoint      ] Safepoint "Cleanup", Time since last: 1000122814 ns, Reaching safepoint: 5400 ns, Cleanup: 8100 ns, At safepoint: 2200 ns, Total: 15700 ns
[885.969s][info ][safepoint      ] Safepoint "Cleanup", Time since last: 17001188126 ns, Reaching safepoint: 4500 ns, Cleanup: 8800 ns, At safepoint: 2101 ns, Total: 15401 ns
[892.970s][info ][safepoint      ] Safepoint "Cleanup", Time since last: 7000516066 ns, Reaching safepoint: 4700 ns, Cleanup: 12100 ns, At safepoint: 2000 ns, Total: 18800 ns
[898.970s][info ][safepoint      ] Safepoint "Cleanup", Time since last: 6000441651 ns, Reaching safepoint: 5600 ns, Cleanup: 10100 ns, At safepoint: 2600 ns, Total: 18300 ns
[909.971s][info ][safepoint      ] Safepoint "Cleanup", Time since last: 11000827239 ns, Reaching safepoint: 5900 ns, Cleanup: 10600 ns, At safepoint: 2800 ns, Total: 19300 ns
[910.971s][info ][safepoint      ] Safepoint "Cleanup", Time since last: 1000125560 ns, Reaching safepoint: 5700 ns, Cleanup: 37200 ns, At safepoint: 3100 ns, Total: 46000 ns
[913.971s][info ][safepoint      ] Safepoint "Cleanup", Time since last: 3000282989 ns, Reaching safepoint: 6400 ns, Cleanup: 9600 ns, At safepoint: 2800 ns, Total: 18800 ns
[922.911s][info ][gc,start       ] GC(49) Pause Young (Allocation Failure)
[922.914s][debug][gc,phases      ] GC(49) Scavenge 2.798ms
[922.914s][debug][gc,ref         ] GC(49) ReferenceProcessor::execute queues: 1, RefProcThreadModel::Single, marks_oops_alive: false
[922.914s][debug][gc,ref         ] GC(49) Skipped KeepAliveFinalRefsPhase of Reference Processing: no references
[922.914s][debug][gc,ref         ] GC(49) ReferenceProcessor::execute queues: 1, RefProcThreadModel::Single, marks_oops_alive: false
[922.914s][debug][gc,phases      ] GC(49) Reference Processing 0.098ms
[922.914s][debug][gc,phases      ] GC(49)   VM Weak                        Min:  0.0, Avg:  0.0, Max:  0.0, Diff:  0.0, Sum:  0.0, Workers: 4
[922.914s][debug][gc,phases      ] GC(49)     Dead                           Min: 0, Avg:  0.0, Max: 0, Diff: 0, Sum: 0, Workers: 4
[922.914s][debug][gc,phases      ] GC(49)     Total                          Min: 0, Avg: 239.2, Max: 704, Diff: 704, Sum: 957, Workers: 4
[922.914s][debug][gc,phases      ] GC(49)   ObjectSynchronizer Weak        Min:  0.0, Avg:  0.0, Max:  0.0, Diff:  0.0, Sum:  0.0, Workers: 4
[922.914s][debug][gc,phases      ] GC(49)     Dead                           Min: 0, Avg:  0.0, Max: 0, Diff: 0, Sum: 0, Workers: 4
[922.914s][debug][gc,phases      ] GC(49)     Total                          Min: 0, Avg:  0.8, Max: 3, Diff: 3, Sum: 3, Workers: 4
[922.914s][debug][gc,phases      ] GC(49)   JVMTI Tag Weak OopStorage      Min:  0.0, Avg:  0.0, Max:  0.0, Diff:  0.0, Sum:  0.0, Workers: 4
[922.914s][debug][gc,phases      ] GC(49)     Dead                           Min: 0, Avg:  0.0, Max: 0, Diff: 0, Sum: 0, Workers: 4
[922.914s][debug][gc,phases      ] GC(49)     Total                          Min: 0, Avg:  0.0, Max: 0, Diff: 0, Sum: 0, Workers: 4
[922.914s][debug][gc,phases      ] GC(49)   StringTable Weak               Min:  0.1, Avg:  0.1, Max:  0.1, Diff:  0.0, Sum:  0.4, Workers: 4
[922.914s][debug][gc,phases      ] GC(49)     Dead                           Min: 0, Avg:  0.2, Max: 1, Diff: 1, Sum: 1, Workers: 4
[922.914s][debug][gc,phases      ] GC(49)     Total                          Min: 11392, Avg: 11637.0, Max: 11776, Diff: 384, Sum: 46548, Workers: 4
[922.914s][debug][gc,phases      ] GC(49)   ResolvedMethodTable Weak       Min:  0.0, Avg:  0.0, Max:  0.0, Diff:  0.0, Sum:  0.2, Workers: 4
[922.914s][debug][gc,phases      ] GC(49)     Dead                           Min: 3, Avg: 12.5, Max: 31, Diff: 28, Sum: 50, Workers: 4
[922.914s][debug][gc,phases      ] GC(49)     Total                          Min: 3539, Avg: 3802.8, Max: 4030, Diff: 491, Sum: 15211, Workers: 4
[922.914s][debug][gc,phases      ] GC(49)   JNI Weak                       Min:  0.0, Avg:  0.0, Max:  0.0, Diff:  0.0, Sum:  0.0, Workers: 4
[922.914s][debug][gc,phases      ] GC(49)     Dead                           Min: 0, Avg:  0.0, Max: 0, Diff: 0, Sum: 0, Workers: 4
[922.914s][debug][gc,phases      ] GC(49)     Total                          Min: 0, Avg: 13.0, Max: 52, Diff: 52, Sum: 52, Workers: 4
[922.914s][debug][gc,phases      ] GC(49)   StringDedup Table Weak         Min:  0.0, Avg:  0.0, Max:  0.0, Diff:  0.0, Sum:  0.0, Workers: 4
[922.914s][debug][gc,phases      ] GC(49)     Dead                           Min: 0, Avg:  0.0, Max: 0, Diff: 0, Sum: 0, Workers: 4
[922.914s][debug][gc,phases      ] GC(49)     Total                          Min: 0, Avg:  0.0, Max: 0, Diff: 0, Sum: 0, Workers: 4
[922.914s][debug][gc,phases      ] GC(49)   StringDedup Requests0 Weak     Min:  0.0, Avg:  0.0, Max:  0.0, Diff:  0.0, Sum:  0.0, Workers: 4
[922.914s][debug][gc,phases      ] GC(49)     Dead                           Min: 0, Avg:  0.0, Max: 0, Diff: 0, Sum: 0, Workers: 4
[922.914s][debug][gc,phases      ] GC(49)     Total                          Min: 0, Avg:  0.0, Max: 0, Diff: 0, Sum: 0, Workers: 4
[922.914s][debug][gc,phases      ] GC(49)   StringDedup Requests1 Weak     Min:  0.0, Avg:  0.0, Max:  0.0, Diff:  0.0, Sum:  0.0, Workers: 4
[922.914s][debug][gc,phases      ] GC(49)     Dead                           Min: 0, Avg:  0.0, Max: 0, Diff: 0, Sum: 0, Workers: 4
[922.914s][debug][gc,phases      ] GC(49)     Total                          Min: 0, Avg:  0.0, Max: 0, Diff: 0, Sum: 0, Workers: 4
[922.914s][debug][gc,phases      ] GC(49)   Weak JFR Old Object Samples    Min:  0.0, Avg:  0.0, Max:  0.0, Diff:  0.0, Sum:  0.0, Workers: 4
[922.914s][debug][gc,phases      ] GC(49)     Dead                           Min: 0, Avg:  0.0, Max: 0, Diff: 0, Sum: 0, Workers: 4
[922.914s][debug][gc,phases      ] GC(49)     Total                          Min: 0, Avg:  0.0, Max: 0, Diff: 0, Sum: 0, Workers: 4
[922.914s][debug][gc,phases      ] GC(49) Weak Processing 0.356ms
[922.914s][debug][gc,age         ] GC(49) Desired survivor size 65011712 bytes, new threshold 1 (max threshold 15)
[922.914s][info ][gc,heap        ] GC(49) PSYoungGen: 1959579K(2024448K)->4228K(2033664K) Eden: 1954816K(1954816K)->0K(1967104K) From: 4763K(69632K)->4228K(66560K)
[922.914s][info ][gc,heap        ] GC(49) ParOldGen: 629863K(630272K)->630806K(631296K)
[922.914s][info ][gc,metaspace   ] GC(49) Metaspace: 106798K(108032K)->106798K(108032K) NonClass: 90744K(91456K)->90744K(91456K) Class: 16054K(16576K)->16054K(16576K)
[922.914s][info ][gc             ] GC(49) Pause Young (Allocation Failure) 2528M->620M(2602M) 3.341ms
[922.914s][info ][gc,cpu         ] GC(49) User=0.01s Sys=0.00s Real=0.00s
[922.914s][info ][safepoint      ] Safepoint "ParallelGCFailedAllocation", Time since last: 8939257420 ns, Reaching safepoint: 78001 ns, Cleanup: 3700 ns, At safepoint: 3434424 ns, Total: 3516125 ns
[928.915s][info ][safepoint      ] Safepoint "Cleanup", Time since last: 6000456288 ns, Reaching safepoint: 6800 ns, Cleanup: 15400 ns, At safepoint: 3000 ns, Total: 25200 ns
[931.915s][info ][safepoint      ] Safepoint "Cleanup", Time since last: 3000263467 ns, Reaching safepoint: 6000 ns, Cleanup: 8700 ns, At safepoint: 2500 ns, Total: 17200 ns
[932.915s][info ][safepoint      ] Safepoint "Cleanup", Time since last: 1000125842 ns, Reaching safepoint: 5800 ns, Cleanup: 10600 ns, At safepoint: 2700 ns, Total: 19100 ns
[934.915s][info ][safepoint      ] Safepoint "Cleanup", Time since last: 2000180484 ns, Reaching safepoint: 6700 ns, Cleanup: 16900 ns, At safepoint: 2900 ns, Total: 26500 ns
[944.916s][info ][safepoint      ] Safepoint "Cleanup", Time since last: 10000755740 ns, Reaching safepoint: 5800 ns, Cleanup: 9800 ns, At safepoint: 2800 ns, Total: 18400 ns
[945.916s][info ][safepoint      ] Safepoint "Cleanup", Time since last: 1000110130 ns, Reaching safepoint: 6300 ns, Cleanup: 13700 ns, At safepoint: 3200 ns, Total: 23200 ns
[946.916s][info ][safepoint      ] Safepoint "Cleanup", Time since last: 1000108830 ns, Reaching safepoint: 5600 ns, Cleanup: 18300 ns, At safepoint: 2900 ns, Total: 26800 ns
[947.917s][info ][safepoint      ] Safepoint "Cleanup", Time since last: 1000107241 ns, Reaching safepoint: 5400 ns, Cleanup: 10700 ns, At safepoint: 2200 ns, Total: 18300 ns
[949.917s][info ][safepoint      ] Safepoint "Cleanup", Time since last: 2000183986 ns, Reaching safepoint: 5800 ns, Cleanup: 8000 ns, At safepoint: 21701 ns, Total: 35501 ns
[950.917s][info ][safepoint      ] Safepoint "Cleanup", Time since last: 1000106293 ns, Reaching safepoint: 5900 ns, Cleanup: 14000 ns, At safepoint: 2200 ns, Total: 22100 ns
[952.917s][info ][safepoint      ] Safepoint "Cleanup", Time since last: 2000172986 ns, Reaching safepoint: 5200 ns, Cleanup: 9800 ns, At safepoint: 2200 ns, Total: 17200 ns
[953.917s][info ][safepoint      ] Safepoint "Cleanup", Time since last: 1000098993 ns, Reaching safepoint: 6200 ns, Cleanup: 8800 ns, At safepoint: 2201 ns, Total: 17201 ns
[965.918s][info ][safepoint      ] Safepoint "Cleanup", Time since last: 12000864911 ns, Reaching safepoint: 5700 ns, Cleanup: 11800 ns, At safepoint: 2600 ns, Total: 20100 ns
[969.918s][info ][safepoint      ] Safepoint "Cleanup", Time since last: 4000317162 ns, Reaching safepoint: 5200 ns, Cleanup: 8500 ns, At safepoint: 2300 ns, Total: 16000 ns
[970.919s][info ][safepoint      ] Safepoint "Cleanup", Time since last: 1000096868 ns, Reaching safepoint: 4200 ns, Cleanup: 12800 ns, At safepoint: 2100 ns, Total: 19100 ns
[971.919s][info ][safepoint      ] Safepoint "Cleanup", Time since last: 1000103416 ns, Reaching safepoint: 5500 ns, Cleanup: 7000 ns, At safepoint: 2200 ns, Total: 14700 ns
[974.919s][info ][safepoint      ] Safepoint "Cleanup", Time since last: 3000238746 ns, Reaching safepoint: 5300 ns, Cleanup: 11800 ns, At safepoint: 2500 ns, Total: 19600 ns
[978.919s][info ][safepoint      ] Safepoint "Cleanup", Time since last: 4000301028 ns, Reaching safepoint: 4900 ns, Cleanup: 9300 ns, At safepoint: 1900 ns, Total: 16100 ns
[981.919s][info ][safepoint      ] Safepoint "Cleanup", Time since last: 3000242182 ns, Reaching safepoint: 4700 ns, Cleanup: 8901 ns, At safepoint: 2300 ns, Total: 15901 ns
[987.920s][info ][safepoint      ] Safepoint "Cleanup", Time since last: 6000448516 ns, Reaching safepoint: 80501 ns, Cleanup: 8600 ns, At safepoint: 7200 ns, Total: 96301 ns
[988.920s][info ][safepoint      ] Safepoint "Cleanup", Time since last: 1000108727 ns, Reaching safepoint: 5700 ns, Cleanup: 9601 ns, At safepoint: 2500 ns, Total: 17801 ns
[996.921s][info ][safepoint      ] Safepoint "Cleanup", Time since last: 8000600459 ns, Reaching safepoint: 5000 ns, Cleanup: 9400 ns, At safepoint: 3000 ns, Total: 17400 ns
[1002.921s][info ][safepoint      ] Safepoint "Cleanup", Time since last: 6000465705 ns, Reaching safepoint: 5000 ns, Cleanup: 12800 ns, At safepoint: 2600 ns, Total: 20400 ns
[1007.922s][info ][safepoint      ] Safepoint "Cleanup", Time since last: 5000397683 ns, Reaching safepoint: 5700 ns, Cleanup: 9000 ns, At safepoint: 2200 ns, Total: 16900 ns
[1008.361s][info ][gc,start       ] GC(50) Pause Young (Allocation Failure)
[1008.364s][debug][gc,phases      ] GC(50) Scavenge 3.450ms
[1008.364s][debug][gc,ref         ] GC(50) ReferenceProcessor::execute queues: 1, RefProcThreadModel::Single, marks_oops_alive: false
[1008.364s][debug][gc,ref         ] GC(50) Skipped KeepAliveFinalRefsPhase of Reference Processing: no references
[1008.364s][debug][gc,ref         ] GC(50) ReferenceProcessor::execute queues: 1, RefProcThreadModel::Single, marks_oops_alive: false
[1008.364s][debug][gc,phases      ] GC(50) Reference Processing 0.095ms
[1008.365s][debug][gc,phases      ] GC(50)   VM Weak                        Min:  0.0, Avg:  0.0, Max:  0.0, Diff:  0.0, Sum:  0.0, Workers: 4
[1008.365s][debug][gc,phases      ] GC(50)     Dead                           Min: 0, Avg:  0.0, Max: 0, Diff: 0, Sum: 0, Workers: 4
[1008.365s][debug][gc,phases      ] GC(50)     Total                          Min: 0, Avg: 239.2, Max: 704, Diff: 704, Sum: 957, Workers: 4
[1008.365s][debug][gc,phases      ] GC(50)   ObjectSynchronizer Weak        Min:  0.0, Avg:  0.0, Max:  0.0, Diff:  0.0, Sum:  0.0, Workers: 4
[1008.365s][debug][gc,phases      ] GC(50)     Dead                           Min: 0, Avg:  0.0, Max: 0, Diff: 0, Sum: 0, Workers: 4
[1008.365s][debug][gc,phases      ] GC(50)     Total                          Min: 0, Avg:  1.0, Max: 4, Diff: 4, Sum: 4, Workers: 4
[1008.365s][debug][gc,phases      ] GC(50)   JVMTI Tag Weak OopStorage      Min:  0.0, Avg:  0.0, Max:  0.0, Diff:  0.0, Sum:  0.0, Workers: 4
[1008.365s][debug][gc,phases      ] GC(50)     Dead                           Min: 0, Avg:  0.0, Max: 0, Diff: 0, Sum: 0, Workers: 4
[1008.365s][debug][gc,phases      ] GC(50)     Total                          Min: 0, Avg:  0.0, Max: 0, Diff: 0, Sum: 0, Workers: 4
[1008.365s][debug][gc,phases      ] GC(50)   StringTable Weak               Min:  0.0, Avg:  0.1, Max:  0.1, Diff:  0.1, Sum:  0.4, Workers: 4
[1008.365s][debug][gc,phases      ] GC(50)     Dead                           Min: 0, Avg:  0.0, Max: 0, Diff: 0, Sum: 0, Workers: 4
[1008.365s][debug][gc,phases      ] GC(50)     Total                          Min: 0, Avg: 11640.5, Max: 15808, Diff: 15808, Sum: 46562, Workers: 4
[1008.365s][debug][gc,phases      ] GC(50)   ResolvedMethodTable Weak       Min:  0.0, Avg:  0.0, Max:  0.1, Diff:  0.1, Sum:  0.2, Workers: 4
[1008.365s][debug][gc,phases      ] GC(50)     Dead                           Min: 0, Avg:  4.0, Max: 10, Diff: 10, Sum: 16, Workers: 4
[1008.365s][debug][gc,phases      ] GC(50)     Total                          Min: 0, Avg: 3803.8, Max: 5295, Diff: 5295, Sum: 15215, Workers: 4
[1008.365s][debug][gc,phases      ] GC(50)   JNI Weak                       Min:  0.0, Avg:  0.0, Max:  0.0, Diff:  0.0, Sum:  0.0, Workers: 4
[1008.365s][debug][gc,phases      ] GC(50)     Dead                           Min: 0, Avg:  0.0, Max: 0, Diff: 0, Sum: 0, Workers: 4
[1008.365s][debug][gc,phases      ] GC(50)     Total                          Min: 0, Avg: 13.0, Max: 52, Diff: 52, Sum: 52, Workers: 4
[1008.365s][debug][gc,phases      ] GC(50)   StringDedup Table Weak         Min:  0.0, Avg:  0.0, Max:  0.0, Diff:  0.0, Sum:  0.0, Workers: 4
[1008.365s][debug][gc,phases      ] GC(50)     Dead                           Min: 0, Avg:  0.0, Max: 0, Diff: 0, Sum: 0, Workers: 4
[1008.365s][debug][gc,phases      ] GC(50)     Total                          Min: 0, Avg:  0.0, Max: 0, Diff: 0, Sum: 0, Workers: 4
[1008.365s][debug][gc,phases      ] GC(50)   StringDedup Requests0 Weak     Min:  0.0, Avg:  0.0, Max:  0.0, Diff:  0.0, Sum:  0.0, Workers: 4
[1008.365s][debug][gc,phases      ] GC(50)     Dead                           Min: 0, Avg:  0.0, Max: 0, Diff: 0, Sum: 0, Workers: 4
[1008.365s][debug][gc,phases      ] GC(50)     Total                          Min: 0, Avg:  0.0, Max: 0, Diff: 0, Sum: 0, Workers: 4
[1008.365s][debug][gc,phases      ] GC(50)   StringDedup Requests1 Weak     Min:  0.0, Avg:  0.0, Max:  0.0, Diff:  0.0, Sum:  0.0, Workers: 4
[1008.365s][debug][gc,phases      ] GC(50)     Dead                           Min: 0, Avg:  0.0, Max: 0, Diff: 0, Sum: 0, Workers: 4
[1008.365s][debug][gc,phases      ] GC(50)     Total                          Min: 0, Avg:  0.0, Max: 0, Diff: 0, Sum: 0, Workers: 4
[1008.365s][debug][gc,phases      ] GC(50)   Weak JFR Old Object Samples    Min:  0.0, Avg:  0.0, Max:  0.0, Diff:  0.0, Sum:  0.0, Workers: 4
[1008.365s][debug][gc,phases      ] GC(50)     Dead                           Min: 0, Avg:  0.0, Max: 0, Diff: 0, Sum: 0, Workers: 4
[1008.365s][debug][gc,phases      ] GC(50)     Total                          Min: 0, Avg:  0.0, Max: 0, Diff: 0, Sum: 0, Workers: 4
[1008.365s][debug][gc,phases      ] GC(50) Weak Processing 0.390ms
[1008.365s][debug][gc,age         ] GC(50) Desired survivor size 61341696 bytes, new threshold 1 (max threshold 15)
[1008.365s][info ][gc,heap        ] GC(50) PSYoungGen: 1971332K(2033664K)->4738K(2030592K) Eden: 1967104K(1967104K)->0K(1967104K) From: 4228K(66560K)->4738K(63488K)
[1008.365s][info ][gc,heap        ] GC(50) ParOldGen: 630806K(631296K)->631671K(631808K)
[1008.365s][info ][gc,metaspace   ] GC(50) Metaspace: 106847K(108096K)->106847K(108096K) NonClass: 90791K(91520K)->90791K(91520K) Class: 16056K(16576K)->16056K(16576K)
[1008.365s][info ][gc             ] GC(50) Pause Young (Allocation Failure) 2541M->621M(2600M) 4.026ms
[1008.365s][info ][gc,cpu         ] GC(50) User=0.01s Sys=0.00s Real=0.00s
[1008.365s][info ][safepoint      ] Safepoint "ParallelGCFailedAllocation", Time since last: 439014359 ns, Reaching safepoint: 81300 ns, Cleanup: 3400 ns, At safepoint: 4110827 ns, Total: 4195527 ns
[1012.365s][info ][safepoint      ] Safepoint "Cleanup", Time since last: 4000329431 ns, Reaching safepoint: 6200 ns, Cleanup: 10200 ns, At safepoint: 2900 ns, Total: 19300 ns
[1022.448s][info ][safepoint      ] Safepoint "Cleanup", Time since last: 10082263940 ns, Reaching safepoint: 5700 ns, Cleanup: 10400 ns, At safepoint: 3500 ns, Total: 19600 ns
[1023.448s][info ][safepoint      ] Safepoint "Cleanup", Time since last: 1000112715 ns, Reaching safepoint: 5600 ns, Cleanup: 11000 ns, At safepoint: 2600 ns, Total: 19200 ns
[1030.448s][info ][safepoint      ] Safepoint "Cleanup", Time since last: 7000549842 ns, Reaching safepoint: 5300 ns, Cleanup: 9600 ns, At safepoint: 2500 ns, Total: 17400 ns
[1031.448s][info ][safepoint      ] Safepoint "Cleanup", Time since last: 1000102894 ns, Reaching safepoint: 4600 ns, Cleanup: 8200 ns, At safepoint: 2300 ns, Total: 15100 ns
[1041.449s][info ][safepoint      ] Safepoint "Cleanup", Time since last: 10000754603 ns, Reaching safepoint: 5400 ns, Cleanup: 9300 ns, At safepoint: 2601 ns, Total: 17301 ns
[1042.449s][info ][safepoint      ] Safepoint "Cleanup", Time since last: 1000111420 ns, Reaching safepoint: 4900 ns, Cleanup: 8600 ns, At safepoint: 2600 ns, Total: 16100 ns
[1048.450s][info ][safepoint      ] Safepoint "Cleanup", Time since last: 6000452258 ns, Reaching safepoint: 5800 ns, Cleanup: 10601 ns, At safepoint: 2400 ns, Total: 18801 ns
[1053.450s][info ][safepoint      ] Safepoint "Cleanup", Time since last: 5000378184 ns, Reaching safepoint: 5600 ns, Cleanup: 9300 ns, At safepoint: 2900 ns, Total: 17800 ns
[1055.450s][info ][safepoint      ] Safepoint "Cleanup", Time since last: 2000207256 ns, Reaching safepoint: 82100 ns, Cleanup: 22100 ns, At safepoint: 7501 ns, Total: 111701 ns
[1057.451s][info ][safepoint      ] Safepoint "Cleanup", Time since last: 2000190855 ns, Reaching safepoint: 5700 ns, Cleanup: 17000 ns, At safepoint: 2600 ns, Total: 25300 ns
[1058.451s][info ][safepoint      ] Safepoint "Cleanup", Time since last: 1000113128 ns, Reaching safepoint: 5400 ns, Cleanup: 9500 ns, At safepoint: 2600 ns, Total: 17500 ns
[1062.451s][info ][safepoint      ] Safepoint "Cleanup", Time since last: 4000326886 ns, Reaching safepoint: 5900 ns, Cleanup: 12400 ns, At safepoint: 2700 ns, Total: 21000 ns
[1064.451s][info ][safepoint      ] Safepoint "Cleanup", Time since last: 2000209020 ns, Reaching safepoint: 5300 ns, Cleanup: 10800 ns, At safepoint: 2300 ns, Total: 18400 ns
[1066.452s][info ][safepoint      ] Safepoint "Cleanup", Time since last: 2000160120 ns, Reaching safepoint: 5200 ns, Cleanup: 11600 ns, At safepoint: 2200 ns, Total: 19000 ns
[1078.452s][info ][safepoint      ] Safepoint "Cleanup", Time since last: 12000869082 ns, Reaching safepoint: 5700 ns, Cleanup: 9501 ns, At safepoint: 2600 ns, Total: 17801 ns
[1082.465s][info ][safepoint      ] Safepoint "Cleanup", Time since last: 4012458686 ns, Reaching safepoint: 6000 ns, Cleanup: 7600 ns, At safepoint: 2600 ns, Total: 16200 ns
[1086.465s][info ][safepoint      ] Safepoint "Cleanup", Time since last: 4000299213 ns, Reaching safepoint: 6000 ns, Cleanup: 13300 ns, At safepoint: 2200 ns, Total: 21500 ns
[1087.465s][info ][safepoint      ] Safepoint "Cleanup", Time since last: 1000106256 ns, Reaching safepoint: 7400 ns, Cleanup: 9700 ns, At safepoint: 2700 ns, Total: 19800 ns
[1088.465s][info ][safepoint      ] Safepoint "Cleanup", Time since last: 1000112057 ns, Reaching safepoint: 5700 ns, Cleanup: 5900 ns, At safepoint: 2300 ns, Total: 13900 ns
[1089.466s][info ][safepoint      ] Safepoint "Cleanup", Time since last: 1000105256 ns, Reaching safepoint: 5000 ns, Cleanup: 10400 ns, At safepoint: 2200 ns, Total: 17600 ns
[1090.466s][info ][safepoint      ] Safepoint "Cleanup", Time since last: 1000094956 ns, Reaching safepoint: 4900 ns, Cleanup: 12100 ns, At safepoint: 2200 ns, Total: 19200 ns
[1091.466s][info ][safepoint      ] Safepoint "Cleanup", Time since last: 1000102957 ns, Reaching safepoint: 5900 ns, Cleanup: 8700 ns, At safepoint: 2400 ns, Total: 17000 ns
[1091.812s][info ][gc,start       ] GC(51) Pause Young (Allocation Failure)
[1091.816s][debug][gc,phases      ] GC(51) Scavenge 3.988ms
[1091.816s][debug][gc,ref         ] GC(51) ReferenceProcessor::execute queues: 1, RefProcThreadModel::Single, marks_oops_alive: false
[1091.816s][debug][gc,ref         ] GC(51) Skipped KeepAliveFinalRefsPhase of Reference Processing: no references
[1091.816s][debug][gc,ref         ] GC(51) ReferenceProcessor::execute queues: 1, RefProcThreadModel::Single, marks_oops_alive: false
[1091.816s][debug][gc,phases      ] GC(51) Reference Processing 0.092ms
[1091.816s][debug][gc,phases      ] GC(51)   VM Weak                        Min:  0.0, Avg:  0.0, Max:  0.0, Diff:  0.0, Sum:  0.0, Workers: 4
[1091.816s][debug][gc,phases      ] GC(51)     Dead                           Min: 0, Avg:  0.0, Max: 0, Diff: 0, Sum: 0, Workers: 4
[1091.816s][debug][gc,phases      ] GC(51)     Total                          Min: 0, Avg: 239.5, Max: 704, Diff: 704, Sum: 958, Workers: 4
[1091.816s][debug][gc,phases      ] GC(51)   ObjectSynchronizer Weak        Min:  0.0, Avg:  0.0, Max:  0.0, Diff:  0.0, Sum:  0.0, Workers: 4
[1091.816s][debug][gc,phases      ] GC(51)     Dead                           Min: 0, Avg:  0.0, Max: 0, Diff: 0, Sum: 0, Workers: 4
[1091.816s][debug][gc,phases      ] GC(51)     Total                          Min: 0, Avg:  1.0, Max: 4, Diff: 4, Sum: 4, Workers: 4
[1091.816s][debug][gc,phases      ] GC(51)   JVMTI Tag Weak OopStorage      Min:  0.0, Avg:  0.0, Max:  0.0, Diff:  0.0, Sum:  0.0, Workers: 4
[1091.816s][debug][gc,phases      ] GC(51)     Dead                           Min: 0, Avg:  0.0, Max: 0, Diff: 0, Sum: 0, Workers: 4
[1091.816s][debug][gc,phases      ] GC(51)     Total                          Min: 0, Avg:  0.0, Max: 0, Diff: 0, Sum: 0, Workers: 4
[1091.816s][debug][gc,phases      ] GC(51)   StringTable Weak               Min:  0.0, Avg:  0.1, Max:  0.1, Diff:  0.1, Sum:  0.4, Workers: 4
[1091.816s][debug][gc,phases      ] GC(51)     Dead                           Min: 0, Avg:  0.2, Max: 1, Diff: 1, Sum: 1, Workers: 4
[1091.816s][debug][gc,phases      ] GC(51)     Total                          Min: 0, Avg: 11648.5, Max: 15744, Diff: 15744, Sum: 46594, Workers: 4
[1091.816s][debug][gc,phases      ] GC(51)   ResolvedMethodTable Weak       Min:  0.0, Avg:  0.0, Max:  0.1, Diff:  0.1, Sum:  0.2, Workers: 4
[1091.816s][debug][gc,phases      ] GC(51)     Dead                           Min: 0, Avg:  5.8, Max: 19, Diff: 19, Sum: 23, Workers: 4
[1091.816s][debug][gc,phases      ] GC(51)     Total                          Min: 0, Avg: 3811.5, Max: 5123, Diff: 5123, Sum: 15246, Workers: 4
[1091.816s][debug][gc,phases      ] GC(51)   JNI Weak                       Min:  0.0, Avg:  0.0, Max:  0.0, Diff:  0.0, Sum:  0.0, Workers: 4
[1091.816s][debug][gc,phases      ] GC(51)     Dead                           Min: 0, Avg:  0.0, Max: 0, Diff: 0, Sum: 0, Workers: 4
[1091.816s][debug][gc,phases      ] GC(51)     Total                          Min: 0, Avg: 13.0, Max: 52, Diff: 52, Sum: 52, Workers: 4
[1091.816s][debug][gc,phases      ] GC(51)   StringDedup Table Weak         Min:  0.0, Avg:  0.0, Max:  0.0, Diff:  0.0, Sum:  0.0, Workers: 4
[1091.816s][debug][gc,phases      ] GC(51)     Dead                           Min: 0, Avg:  0.0, Max: 0, Diff: 0, Sum: 0, Workers: 4
[1091.816s][debug][gc,phases      ] GC(51)     Total                          Min: 0, Avg:  0.0, Max: 0, Diff: 0, Sum: 0, Workers: 4
[1091.816s][debug][gc,phases      ] GC(51)   StringDedup Requests0 Weak     Min:  0.0, Avg:  0.0, Max:  0.0, Diff:  0.0, Sum:  0.0, Workers: 4
[1091.816s][debug][gc,phases      ] GC(51)     Dead                           Min: 0, Avg:  0.0, Max: 0, Diff: 0, Sum: 0, Workers: 4
[1091.816s][debug][gc,phases      ] GC(51)     Total                          Min: 0, Avg:  0.0, Max: 0, Diff: 0, Sum: 0, Workers: 4
[1091.816s][debug][gc,phases      ] GC(51)   StringDedup Requests1 Weak     Min:  0.0, Avg:  0.0, Max:  0.0, Diff:  0.0, Sum:  0.0, Workers: 4
[1091.817s][debug][gc,phases      ] GC(51)     Dead                           Min: 0, Avg:  0.0, Max: 0, Diff: 0, Sum: 0, Workers: 4
[1091.817s][debug][gc,phases      ] GC(51)     Total                          Min: 0, Avg:  0.0, Max: 0, Diff: 0, Sum: 0, Workers: 4
[1091.817s][debug][gc,phases      ] GC(51)   Weak JFR Old Object Samples    Min:  0.0, Avg:  0.0, Max:  0.0, Diff:  0.0, Sum:  0.0, Workers: 4
[1091.817s][debug][gc,phases      ] GC(51)     Dead                           Min: 0, Avg:  0.0, Max: 0, Diff: 0, Sum: 0, Workers: 4
[1091.817s][debug][gc,phases      ] GC(51)     Total                          Min: 0, Avg:  0.0, Max: 0, Diff: 0, Sum: 0, Workers: 4
[1091.817s][debug][gc,phases      ] GC(51) Weak Processing 0.368ms
[1091.817s][debug][gc,age         ] GC(51) Desired survivor size 58195968 bytes, new threshold 1 (max threshold 15)
[1091.817s][info ][gc,heap        ] GC(51) PSYoungGen: 1971842K(2030592K)->4416K(2040320K) Eden: 1967104K(1967104K)->0K(1980416K) From: 4738K(63488K)->4416K(59904K)
[1091.817s][info ][gc,heap        ] GC(51) ParOldGen: 631671K(631808K)->632646K(632832K)
[1091.817s][info ][gc,metaspace   ] GC(51) Metaspace: 106943K(108160K)->106943K(108160K) NonClass: 90875K(91584K)->90875K(91584K) Class: 16068K(16576K)->16068K(16576K)
[1091.817s][info ][gc             ] GC(51) Pause Young (Allocation Failure) 2542M->622M(2610M) 4.541ms
[1091.817s][info ][gc,cpu         ] GC(51) User=0.01s Sys=0.00s Real=0.00s
[1091.817s][info ][safepoint      ] Safepoint "ParallelGCFailedAllocation", Time since last: 346164288 ns, Reaching safepoint: 5000 ns, Cleanup: 3900 ns, At safepoint: 4603631 ns, Total: 4612531 ns
[1092.817s][info ][safepoint      ] Safepoint "Cleanup", Time since last: 1000083875 ns, Reaching safepoint: 5600 ns, Cleanup: 19600 ns, At safepoint: 2200 ns, Total: 27400 ns
[1094.817s][info ][safepoint      ] Safepoint "Cleanup", Time since last: 2000177651 ns, Reaching safepoint: 5300 ns, Cleanup: 16400 ns, At safepoint: 2200 ns, Total: 23900 ns
[1095.817s][info ][safepoint      ] Safepoint "Cleanup", Time since last: 1000106676 ns, Reaching safepoint: 5000 ns, Cleanup: 9800 ns, At safepoint: 1900 ns, Total: 16700 ns
[1096.817s][info ][safepoint      ] Safepoint "Cleanup", Time since last: 1000098975 ns, Reaching safepoint: 5800 ns, Cleanup: 8200 ns, At safepoint: 2300 ns, Total: 16300 ns
[1097.818s][info ][safepoint      ] Safepoint "Cleanup", Time since last: 1000880681 ns, Reaching safepoint: 7100 ns, Cleanup: 8700 ns, At safepoint: 2900 ns, Total: 18700 ns
[1098.818s][info ][safepoint      ] Safepoint "Cleanup", Time since last: 1000106375 ns, Reaching safepoint: 4900 ns, Cleanup: 16501 ns, At safepoint: 2100 ns, Total: 23501 ns
[1100.818s][info ][safepoint      ] Safepoint "Cleanup", Time since last: 2000172326 ns, Reaching safepoint: 6200 ns, Cleanup: 24600 ns, At safepoint: 2600 ns, Total: 33400 ns
[1106.819s][info ][safepoint      ] Safepoint "Cleanup", Time since last: 6000448506 ns, Reaching safepoint: 41001 ns, Cleanup: 7200 ns, At safepoint: 12700 ns, Total: 60901 ns
[1109.819s][info ][safepoint      ] Safepoint "Cleanup", Time since last: 3000247318 ns, Reaching safepoint: 5300 ns, Cleanup: 12400 ns, At safepoint: 2100 ns, Total: 19800 ns
[1111.819s][info ][safepoint      ] Safepoint "Cleanup", Time since last: 2000173062 ns, Reaching safepoint: 79201 ns, Cleanup: 9100 ns, At safepoint: 7900 ns, Total: 96201 ns
[1112.820s][info ][safepoint      ] Safepoint "Cleanup", Time since last: 1000108782 ns, Reaching safepoint: 4900 ns, Cleanup: 21800 ns, At safepoint: 2000 ns, Total: 28700 ns
[1114.820s][info ][safepoint      ] Safepoint "Cleanup", Time since last: 2000158062 ns, Reaching safepoint: 5500 ns, Cleanup: 12100 ns, At safepoint: 2400 ns, Total: 20000 ns
[1116.820s][info ][safepoint      ] Safepoint "Cleanup", Time since last: 2000157604 ns, Reaching safepoint: 4901 ns, Cleanup: 23900 ns, At safepoint: 2600 ns, Total: 31401 ns
[1118.698s][info ][gc,start       ] GC(52) Pause Young (Allocation Failure)
[1118.710s][debug][gc,phases      ] GC(52) Scavenge 12.092ms
[1118.710s][debug][gc,ref         ] GC(52) ReferenceProcessor::execute queues: 1, RefProcThreadModel::Single, marks_oops_alive: false
[1118.710s][debug][gc,ref         ] GC(52) Skipped KeepAliveFinalRefsPhase of Reference Processing: no references
[1118.710s][debug][gc,ref         ] GC(52) ReferenceProcessor::execute queues: 1, RefProcThreadModel::Single, marks_oops_alive: false
[1118.710s][debug][gc,phases      ] GC(52) Reference Processing 0.096ms
[1118.711s][debug][gc,phases      ] GC(52)   VM Weak                        Min:  0.0, Avg:  0.0, Max:  0.0, Diff:  0.0, Sum:  0.0, Workers: 4
[1118.711s][debug][gc,phases      ] GC(52)     Dead                           Min: 0, Avg:  0.0, Max: 0, Diff: 0, Sum: 0, Workers: 4
[1118.711s][debug][gc,phases      ] GC(52)     Total                          Min: 0, Avg: 239.5, Max: 382, Diff: 382, Sum: 958, Workers: 4
[1118.711s][debug][gc,phases      ] GC(52)   ObjectSynchronizer Weak        Min:  0.0, Avg:  0.0, Max:  0.0, Diff:  0.0, Sum:  0.0, Workers: 4
[1118.711s][debug][gc,phases      ] GC(52)     Dead                           Min: 0, Avg:  0.0, Max: 0, Diff: 0, Sum: 0, Workers: 4
[1118.711s][debug][gc,phases      ] GC(52)     Total                          Min: 0, Avg:  1.5, Max: 6, Diff: 6, Sum: 6, Workers: 4
[1118.711s][debug][gc,phases      ] GC(52)   JVMTI Tag Weak OopStorage      Min:  0.0, Avg:  0.0, Max:  0.0, Diff:  0.0, Sum:  0.0, Workers: 4
[1118.711s][debug][gc,phases      ] GC(52)     Dead                           Min: 0, Avg:  0.0, Max: 0, Diff: 0, Sum: 0, Workers: 4
[1118.711s][debug][gc,phases      ] GC(52)     Total                          Min: 0, Avg:  0.0, Max: 0, Diff: 0, Sum: 0, Workers: 4
[1118.711s][debug][gc,phases      ] GC(52)   StringTable Weak               Min:  0.0, Avg:  0.1, Max:  0.1, Diff:  0.1, Sum:  0.4, Workers: 4
[1118.711s][debug][gc,phases      ] GC(52)     Dead                           Min: 0, Avg:  0.0, Max: 0, Diff: 0, Sum: 0, Workers: 4
[1118.711s][debug][gc,phases      ] GC(52)     Total                          Min: 0, Avg: 11648.8, Max: 20096, Diff: 20096, Sum: 46595, Workers: 4
[1118.711s][debug][gc,phases      ] GC(52)   ResolvedMethodTable Weak       Min:  0.0, Avg:  0.0, Max:  0.0, Diff:  0.0, Sum:  0.1, Workers: 4
[1118.711s][debug][gc,phases      ] GC(52)     Dead                           Min: 0, Avg:  4.0, Max: 16, Diff: 16, Sum: 16, Workers: 4
[1118.711s][debug][gc,phases      ] GC(52)     Total                          Min: 0, Avg: 3811.5, Max: 6284, Diff: 6284, Sum: 15246, Workers: 4
[1118.711s][debug][gc,phases      ] GC(52)   JNI Weak                       Min:  0.0, Avg:  0.0, Max:  0.0, Diff:  0.0, Sum:  0.0, Workers: 4
[1118.711s][debug][gc,phases      ] GC(52)     Dead                           Min: 0, Avg:  0.0, Max: 0, Diff: 0, Sum: 0, Workers: 4
[1118.711s][debug][gc,phases      ] GC(52)     Total                          Min: 0, Avg: 13.0, Max: 52, Diff: 52, Sum: 52, Workers: 4
[1118.711s][debug][gc,phases      ] GC(52)   StringDedup Table Weak         Min:  0.0, Avg:  0.0, Max:  0.0, Diff:  0.0, Sum:  0.0, Workers: 4
[1118.711s][debug][gc,phases      ] GC(52)     Dead                           Min: 0, Avg:  0.0, Max: 0, Diff: 0, Sum: 0, Workers: 4
[1118.711s][debug][gc,phases      ] GC(52)     Total                          Min: 0, Avg:  0.0, Max: 0, Diff: 0, Sum: 0, Workers: 4
[1118.711s][debug][gc,phases      ] GC(52)   StringDedup Requests0 Weak     Min:  0.0, Avg:  0.0, Max:  0.0, Diff:  0.0, Sum:  0.0, Workers: 4
[1118.711s][debug][gc,phases      ] GC(52)     Dead                           Min: 0, Avg:  0.0, Max: 0, Diff: 0, Sum: 0, Workers: 4
[1118.711s][debug][gc,phases      ] GC(52)     Total                          Min: 0, Avg:  0.0, Max: 0, Diff: 0, Sum: 0, Workers: 4
[1118.711s][debug][gc,phases      ] GC(52)   StringDedup Requests1 Weak     Min:  0.0, Avg:  0.0, Max:  0.0, Diff:  0.0, Sum:  0.0, Workers: 4
[1118.711s][debug][gc,phases      ] GC(52)     Dead                           Min: 0, Avg:  0.0, Max: 0, Diff: 0, Sum: 0, Workers: 4
[1118.711s][debug][gc,phases      ] GC(52)     Total                          Min: 0, Avg:  0.0, Max: 0, Diff: 0, Sum: 0, Workers: 4
[1118.711s][debug][gc,phases      ] GC(52)   Weak JFR Old Object Samples    Min:  0.0, Avg:  0.0, Max:  0.0, Diff:  0.0, Sum:  0.0, Workers: 4
[1118.711s][debug][gc,phases      ] GC(52)     Dead                           Min: 0, Avg:  0.0, Max: 0, Diff: 0, Sum: 0, Workers: 4
[1118.711s][debug][gc,phases      ] GC(52)     Total                          Min: 0, Avg:  0.0, Max: 0, Diff: 0, Sum: 0, Workers: 4
[1118.711s][debug][gc,phases      ] GC(52) Weak Processing 0.338ms
[1118.711s][debug][gc,age         ] GC(52) Desired survivor size 59768832 bytes, new threshold 1 (max threshold 15)
[1118.711s][info ][gc,heap        ] GC(52) PSYoungGen: 1984832K(2040320K)->28224K(2037248K) Eden: 1980416K(1980416K)->0K(1980416K) From: 4416K(59904K)->28224K(56832K)
[1118.711s][info ][gc,heap        ] GC(52) ParOldGen: 632646K(632832K)->634002K(634368K)
[1118.711s][info ][gc,metaspace   ] GC(52) Metaspace: 106966K(108224K)->106966K(108224K) NonClass: 90897K(91648K)->90897K(91648K) Class: 16068K(16576K)->16068K(16576K)
[1118.711s][info ][gc             ] GC(52) Pause Young (Allocation Failure) 2556M->646M(2609M) 12.644ms
[1118.711s][info ][gc,cpu         ] GC(52) User=0.04s Sys=0.01s Real=0.02s
[1118.711s][info ][safepoint      ] Safepoint "ParallelGCFailedAllocation", Time since last: 1878077340 ns, Reaching safepoint: 5500 ns, Cleanup: 12800 ns, At safepoint: 12712983 ns, Total: 12731283 ns
[1119.711s][info ][safepoint      ] Safepoint "Cleanup", Time since last: 1000098717 ns, Reaching safepoint: 78801 ns, Cleanup: 11600 ns, At safepoint: 6300 ns, Total: 96701 ns
[1121.711s][info ][safepoint      ] Safepoint "Cleanup", Time since last: 2000181236 ns, Reaching safepoint: 75600 ns, Cleanup: 14400 ns, At safepoint: 5400 ns, Total: 95400 ns
[1122.711s][info ][safepoint      ] Safepoint "Cleanup", Time since last: 1000122918 ns, Reaching safepoint: 79901 ns, Cleanup: 8900 ns, At safepoint: 6800 ns, Total: 95601 ns
[1123.712s][info ][safepoint      ] Safepoint "Cleanup", Time since last: 1000116915 ns, Reaching safepoint: 80300 ns, Cleanup: 38201 ns, At safepoint: 12200 ns, Total: 130701 ns
[1125.712s][info ][safepoint      ] Safepoint "Cleanup", Time since last: 2000191966 ns, Reaching safepoint: 77400 ns, Cleanup: 10200 ns, At safepoint: 5400 ns, Total: 93000 ns
[1127.714s][info ][safepoint      ] Safepoint "Cleanup", Time since last: 2001483874 ns, Reaching safepoint: 82001 ns, Cleanup: 16900 ns, At safepoint: 6700 ns, Total: 105601 ns
[1129.714s][info ][safepoint      ] Safepoint "Cleanup", Time since last: 2000188466 ns, Reaching safepoint: 76300 ns, Cleanup: 9200 ns, At safepoint: 5900 ns, Total: 91400 ns
[1131.338s][info ][gc,start       ] GC(53) Pause Young (Allocation Failure)
[1131.361s][debug][gc,phases      ] GC(53) Scavenge 23.163ms
[1131.361s][debug][gc,ref         ] GC(53) Skipped SoftWeakFinalRefsPhase of Reference Processing: no references
[1131.362s][debug][gc,ref         ] GC(53) Skipped KeepAliveFinalRefsPhase of Reference Processing: no references
[1131.362s][debug][gc,ref         ] GC(53) ReferenceProcessor::execute queues: 1, RefProcThreadModel::Single, marks_oops_alive: false
[1131.362s][debug][gc,phases      ] GC(53) Reference Processing 0.093ms
[1131.362s][debug][gc,phases      ] GC(53)   VM Weak                        Min:  0.0, Avg:  0.0, Max:  0.0, Diff:  0.0, Sum:  0.0, Workers: 4
[1131.362s][debug][gc,phases      ] GC(53)     Dead                           Min: 0, Avg:  0.0, Max: 0, Diff: 0, Sum: 0, Workers: 4
[1131.362s][debug][gc,phases      ] GC(53)     Total                          Min: 62, Avg: 239.5, Max: 768, Diff: 706, Sum: 958, Workers: 4
[1131.362s][debug][gc,phases      ] GC(53)   ObjectSynchronizer Weak        Min:  0.0, Avg:  0.0, Max:  0.0, Diff:  0.0, Sum:  0.0, Workers: 4
[1131.362s][debug][gc,phases      ] GC(53)     Dead                           Min: 0, Avg:  0.0, Max: 0, Diff: 0, Sum: 0, Workers: 4
[1131.362s][debug][gc,phases      ] GC(53)     Total                          Min: 0, Avg:  1.8, Max: 7, Diff: 7, Sum: 7, Workers: 4
[1131.362s][debug][gc,phases      ] GC(53)   JVMTI Tag Weak OopStorage      Min:  0.0, Avg:  0.0, Max:  0.0, Diff:  0.0, Sum:  0.0, Workers: 4
[1131.362s][debug][gc,phases      ] GC(53)     Dead                           Min: 0, Avg:  0.0, Max: 0, Diff: 0, Sum: 0, Workers: 4
[1131.362s][debug][gc,phases      ] GC(53)     Total                          Min: 0, Avg:  0.0, Max: 0, Diff: 0, Sum: 0, Workers: 4
[1131.362s][debug][gc,phases      ] GC(53)   StringTable Weak               Min:  0.1, Avg:  0.1, Max:  0.1, Diff:  0.0, Sum:  0.5, Workers: 4
[1131.362s][debug][gc,phases      ] GC(53)     Dead                           Min: 0, Avg:  0.0, Max: 0, Diff: 0, Sum: 0, Workers: 4
[1131.362s][debug][gc,phases      ] GC(53)     Total                          Min: 11328, Avg: 11650.0, Max: 11968, Diff: 640, Sum: 46600, Workers: 4
[1131.362s][debug][gc,phases      ] GC(53)   ResolvedMethodTable Weak       Min:  0.0, Avg:  0.0, Max:  0.0, Diff:  0.0, Sum:  0.2, Workers: 4
[1131.362s][debug][gc,phases      ] GC(53)     Dead                           Min: 0, Avg:  4.0, Max: 10, Diff: 10, Sum: 16, Workers: 4
[1131.362s][debug][gc,phases      ] GC(53)     Total                          Min: 3740, Avg: 3811.5, Max: 3945, Diff: 205, Sum: 15246, Workers: 4
[1131.362s][debug][gc,phases      ] GC(53)   JNI Weak                       Min:  0.0, Avg:  0.0, Max:  0.0, Diff:  0.0, Sum:  0.0, Workers: 4
[1131.362s][debug][gc,phases      ] GC(53)     Dead                           Min: 0, Avg:  0.0, Max: 0, Diff: 0, Sum: 0, Workers: 4
[1131.362s][debug][gc,phases      ] GC(53)     Total                          Min: 0, Avg: 13.0, Max: 52, Diff: 52, Sum: 52, Workers: 4
[1131.362s][debug][gc,phases      ] GC(53)   StringDedup Table Weak         Min:  0.0, Avg:  0.0, Max:  0.0, Diff:  0.0, Sum:  0.0, Workers: 4
[1131.362s][debug][gc,phases      ] GC(53)     Dead                           Min: 0, Avg:  0.0, Max: 0, Diff: 0, Sum: 0, Workers: 4
[1131.362s][debug][gc,phases      ] GC(53)     Total                          Min: 0, Avg:  0.0, Max: 0, Diff: 0, Sum: 0, Workers: 4
[1131.362s][debug][gc,phases      ] GC(53)   StringDedup Requests0 Weak     Min:  0.0, Avg:  0.0, Max:  0.0, Diff:  0.0, Sum:  0.0, Workers: 4
[1131.362s][debug][gc,phases      ] GC(53)     Dead                           Min: 0, Avg:  0.0, Max: 0, Diff: 0, Sum: 0, Workers: 4
[1131.362s][debug][gc,phases      ] GC(53)     Total                          Min: 0, Avg:  0.0, Max: 0, Diff: 0, Sum: 0, Workers: 4
[1131.362s][debug][gc,phases      ] GC(53)   StringDedup Requests1 Weak     Min:  0.0, Avg:  0.0, Max:  0.0, Diff:  0.0, Sum:  0.0, Workers: 4
[1131.362s][debug][gc,phases      ] GC(53)     Dead                           Min: 0, Avg:  0.0, Max: 0, Diff: 0, Sum: 0, Workers: 4
[1131.362s][debug][gc,phases      ] GC(53)     Total                          Min: 0, Avg:  0.0, Max: 0, Diff: 0, Sum: 0, Workers: 4
[1131.362s][debug][gc,phases      ] GC(53)   Weak JFR Old Object Samples    Min:  0.0, Avg:  0.0, Max:  0.0, Diff:  0.0, Sum:  0.0, Workers: 4
[1131.362s][debug][gc,phases      ] GC(53)     Dead                           Min: 0, Avg:  0.0, Max: 0, Diff: 0, Sum: 0, Workers: 4
[1131.362s][debug][gc,phases      ] GC(53)     Total                          Min: 0, Avg:  0.0, Max: 0, Diff: 0, Sum: 0, Workers: 4
[1131.362s][debug][gc,phases      ] GC(53) Weak Processing 0.342ms
[1131.362s][debug][gc,age         ] GC(53) Desired survivor size 61865984 bytes, new threshold 1 (max threshold 15)
[1131.362s][info ][gc,heap        ] GC(53) PSYoungGen: 2008640K(2037248K)->31648K(2034688K) Eden: 1980416K(1980416K)->0K(1976320K) From: 28224K(56832K)->31648K(58368K)
[1131.362s][info ][gc,heap        ] GC(53) ParOldGen: 634002K(634368K)->659425K(659456K)
[1131.362s][info ][gc,metaspace   ] GC(53) Metaspace: 106984K(108224K)->106984K(108224K) NonClass: 90916K(91648K)->90916K(91648K) Class: 16068K(16576K)->16068K(16576K)
[1131.362s][info ][gc             ] GC(53) Pause Young (Allocation Failure) 2580M->674M(2631M) 23.719ms
[1131.362s][info ][gc,cpu         ] GC(53) User=0.07s Sys=0.02s Real=0.03s
[1131.362s][info ][safepoint      ] Safepoint "ParallelGCFailedAllocation", Time since last: 1624316586 ns, Reaching safepoint: 77400 ns, Cleanup: 7601 ns, At safepoint: 23792250 ns, Total: 23877251 ns
[1132.362s][info ][safepoint      ] Safepoint "Cleanup", Time since last: 1000091897 ns, Reaching safepoint: 79901 ns, Cleanup: 11200 ns, At safepoint: 6300 ns, Total: 97401 ns
[1135.363s][info ][safepoint      ] Safepoint "Cleanup", Time since last: 3000368692 ns, Reaching safepoint: 79001 ns, Cleanup: 10100 ns, At safepoint: 9400 ns, Total: 98501 ns
[1136.363s][info ][safepoint      ] Safepoint "Cleanup", Time since last: 1000125331 ns, Reaching safepoint: 82100 ns, Cleanup: 9400 ns, At safepoint: 7100 ns, Total: 98600 ns
[1137.363s][info ][safepoint      ] Safepoint "Cleanup", Time since last: 1000108531 ns, Reaching safepoint: 74400 ns, Cleanup: 8600 ns, At safepoint: 5800 ns, Total: 88800 ns
[1140.365s][info ][safepoint      ] Safepoint "Cleanup", Time since last: 3001767554 ns, Reaching safepoint: 80201 ns, Cleanup: 8200 ns, At safepoint: 18500 ns, Total: 106901 ns
[1143.493s][info ][safepoint      ] Safepoint "Cleanup", Time since last: 3127566562 ns, Reaching safepoint: 5900 ns, Cleanup: 9800 ns, At safepoint: 2900 ns, Total: 18600 ns
[1144.389s][info ][gc,start       ] GC(54) Pause Young (Allocation Failure)
[1144.412s][debug][gc,phases      ] GC(54) Scavenge 22.988ms
[1144.412s][debug][gc,ref         ] GC(54) ReferenceProcessor::execute queues: 1, RefProcThreadModel::Single, marks_oops_alive: false
[1144.412s][debug][gc,ref         ] GC(54) Skipped KeepAliveFinalRefsPhase of Reference Processing: no references
[1144.412s][debug][gc,ref         ] GC(54) ReferenceProcessor::execute queues: 1, RefProcThreadModel::Single, marks_oops_alive: false
[1144.412s][debug][gc,phases      ] GC(54) Reference Processing 0.116ms
[1144.412s][debug][gc,phases      ] GC(54)   VM Weak                        Min:  0.0, Avg:  0.0, Max:  0.0, Diff:  0.0, Sum:  0.0, Workers: 4
[1144.412s][debug][gc,phases      ] GC(54)     Dead                           Min: 0, Avg:  0.0, Max: 0, Diff: 0, Sum: 0, Workers: 4
[1144.412s][debug][gc,phases      ] GC(54)     Total                          Min: 0, Avg: 239.5, Max: 512, Diff: 512, Sum: 958, Workers: 4
[1144.412s][debug][gc,phases      ] GC(54)   ObjectSynchronizer Weak        Min:  0.0, Avg:  0.0, Max:  0.0, Diff:  0.0, Sum:  0.0, Workers: 4
[1144.412s][debug][gc,phases      ] GC(54)     Dead                           Min: 0, Avg:  0.0, Max: 0, Diff: 0, Sum: 0, Workers: 4
[1144.412s][debug][gc,phases      ] GC(54)     Total                          Min: 0, Avg:  1.2, Max: 5, Diff: 5, Sum: 5, Workers: 4
[1144.412s][debug][gc,phases      ] GC(54)   JVMTI Tag Weak OopStorage      Min:  0.0, Avg:  0.0, Max:  0.0, Diff:  0.0, Sum:  0.0, Workers: 4
[1144.412s][debug][gc,phases      ] GC(54)     Dead                           Min: 0, Avg:  0.0, Max: 0, Diff: 0, Sum: 0, Workers: 4
[1144.412s][debug][gc,phases      ] GC(54)     Total                          Min: 0, Avg:  0.0, Max: 0, Diff: 0, Sum: 0, Workers: 4
[1144.412s][debug][gc,phases      ] GC(54)   StringTable Weak               Min:  0.0, Avg:  0.1, Max:  0.1, Diff:  0.1, Sum:  0.4, Workers: 4
[1144.412s][debug][gc,phases      ] GC(54)     Dead                           Min: 0, Avg:  0.0, Max: 0, Diff: 0, Sum: 0, Workers: 4
[1144.412s][debug][gc,phases      ] GC(54)     Total                          Min: 0, Avg: 11652.5, Max: 19776, Diff: 19776, Sum: 46610, Workers: 4
[1144.412s][debug][gc,phases      ] GC(54)   ResolvedMethodTable Weak       Min:  0.0, Avg:  0.0, Max:  0.0, Diff:  0.0, Sum:  0.1, Workers: 4
[1144.412s][debug][gc,phases      ] GC(54)     Dead                           Min: 0, Avg:  0.0, Max: 0, Diff: 0, Sum: 0, Workers: 4
[1144.412s][debug][gc,phases      ] GC(54)     Total                          Min: 0, Avg: 3812.2, Max: 6403, Diff: 6403, Sum: 15249, Workers: 4
[1144.412s][debug][gc,phases      ] GC(54)   JNI Weak                       Min:  0.0, Avg:  0.0, Max:  0.0, Diff:  0.0, Sum:  0.0, Workers: 4
[1144.412s][debug][gc,phases      ] GC(54)     Dead                           Min: 0, Avg:  0.0, Max: 0, Diff: 0, Sum: 0, Workers: 4
[1144.412s][debug][gc,phases      ] GC(54)     Total                          Min: 0, Avg: 13.0, Max: 52, Diff: 52, Sum: 52, Workers: 4
[1144.412s][debug][gc,phases      ] GC(54)   StringDedup Table Weak         Min:  0.0, Avg:  0.0, Max:  0.0, Diff:  0.0, Sum:  0.0, Workers: 4
[1144.412s][debug][gc,phases      ] GC(54)     Dead                           Min: 0, Avg:  0.0, Max: 0, Diff: 0, Sum: 0, Workers: 4
[1144.412s][debug][gc,phases      ] GC(54)     Total                          Min: 0, Avg:  0.0, Max: 0, Diff: 0, Sum: 0, Workers: 4
[1144.412s][debug][gc,phases      ] GC(54)   StringDedup Requests0 Weak     Min:  0.0, Avg:  0.0, Max:  0.0, Diff:  0.0, Sum:  0.0, Workers: 4
[1144.412s][debug][gc,phases      ] GC(54)     Dead                           Min: 0, Avg:  0.0, Max: 0, Diff: 0, Sum: 0, Workers: 4
[1144.412s][debug][gc,phases      ] GC(54)     Total                          Min: 0, Avg:  0.0, Max: 0, Diff: 0, Sum: 0, Workers: 4
[1144.412s][debug][gc,phases      ] GC(54)   StringDedup Requests1 Weak     Min:  0.0, Avg:  0.0, Max:  0.0, Diff:  0.0, Sum:  0.0, Workers: 4
[1144.412s][debug][gc,phases      ] GC(54)     Dead                           Min: 0, Avg:  0.0, Max: 0, Diff: 0, Sum: 0, Workers: 4
[1144.412s][debug][gc,phases      ] GC(54)     Total                          Min: 0, Avg:  0.0, Max: 0, Diff: 0, Sum: 0, Workers: 4
[1144.412s][debug][gc,phases      ] GC(54)   Weak JFR Old Object Samples    Min:  0.0, Avg:  0.0, Max:  0.0, Diff:  0.0, Sum:  0.0, Workers: 4
[1144.412s][debug][gc,phases      ] GC(54)     Dead                           Min: 0, Avg:  0.0, Max: 0, Diff: 0, Sum: 0, Workers: 4
[1144.412s][debug][gc,phases      ] GC(54)     Total                          Min: 0, Avg:  0.0, Max: 0, Diff: 0, Sum: 0, Workers: 4
[1144.412s][debug][gc,phases      ] GC(54) Weak Processing 0.336ms
[1144.412s][debug][gc,age         ] GC(54) Desired survivor size 60817408 bytes, new threshold 1 (max threshold 15)
[1144.412s][info ][gc,heap        ] GC(54) PSYoungGen: 2007968K(2034688K)->25152K(2036736K) Eden: 1976320K(1976320K)->0K(1976320K) From: 31648K(58368K)->25152K(60416K)
[1144.412s][info ][gc,heap        ] GC(54) ParOldGen: 659425K(659456K)->687872K(688128K)
[1144.412s][info ][gc,metaspace   ] GC(54) Metaspace: 107015K(108352K)->107015K(108352K) NonClass: 90942K(91712K)->90942K(91712K) Class: 16072K(16640K)->16072K(16640K)
[1144.412s][info ][gc             ] GC(54) Pause Young (Allocation Failure) 2604M->696M(2661M) 23.563ms
[1144.412s][info ][gc,cpu         ] GC(54) User=0.07s Sys=0.01s Real=0.03s
[1144.412s][info ][safepoint      ] Safepoint "ParallelGCFailedAllocation", Time since last: 896103234 ns, Reaching safepoint: 6301 ns, Cleanup: 13500 ns, At safepoint: 23635353 ns, Total: 23655154 ns
[1145.413s][info ][safepoint      ] Safepoint "Cleanup", Time since last: 1000215613 ns, Reaching safepoint: 82500 ns, Cleanup: 9900 ns, At safepoint: 8700 ns, Total: 101100 ns
[1146.413s][info ][safepoint      ] Safepoint "Cleanup", Time since last: 1000121812 ns, Reaching safepoint: 78300 ns, Cleanup: 26200 ns, At safepoint: 7600 ns, Total: 112100 ns
[1148.413s][info ][safepoint      ] Safepoint "Cleanup", Time since last: 2000168987 ns, Reaching safepoint: 76201 ns, Cleanup: 7200 ns, At safepoint: 9900 ns, Total: 93301 ns
[1149.413s][info ][safepoint      ] Safepoint "Cleanup", Time since last: 1000101867 ns, Reaching safepoint: 76700 ns, Cleanup: 7600 ns, At safepoint: 5500 ns, Total: 89800 ns
[1154.414s][info ][safepoint      ] Safepoint "Cleanup", Time since last: 5000732536 ns, Reaching safepoint: 87600 ns, Cleanup: 9501 ns, At safepoint: 12400 ns, Total: 109501 ns
[1157.401s][info ][gc,start       ] GC(55) Pause Young (Allocation Failure)
[1157.424s][debug][gc,phases      ] GC(55) Scavenge 23.718ms
[1157.425s][debug][gc,ref         ] GC(55) ReferenceProcessor::execute queues: 1, RefProcThreadModel::Single, marks_oops_alive: false
[1157.425s][debug][gc,ref         ] GC(55) Skipped KeepAliveFinalRefsPhase of Reference Processing: no references
[1157.425s][debug][gc,ref         ] GC(55) ReferenceProcessor::execute queues: 1, RefProcThreadModel::Single, marks_oops_alive: false
[1157.425s][debug][gc,phases      ] GC(55) Reference Processing 0.101ms
[1157.425s][debug][gc,phases      ] GC(55)   VM Weak                        Min:  0.0, Avg:  0.0, Max:  0.0, Diff:  0.0, Sum:  0.0, Workers: 4
[1157.425s][debug][gc,phases      ] GC(55)     Dead                           Min: 0, Avg:  0.0, Max: 0, Diff: 0, Sum: 0, Workers: 4
[1157.425s][debug][gc,phases      ] GC(55)     Total                          Min: 0, Avg: 239.5, Max: 384, Diff: 384, Sum: 958, Workers: 4
[1157.425s][debug][gc,phases      ] GC(55)   ObjectSynchronizer Weak        Min:  0.0, Avg:  0.0, Max:  0.0, Diff:  0.0, Sum:  0.0, Workers: 4
[1157.425s][debug][gc,phases      ] GC(55)     Dead                           Min: 0, Avg:  0.0, Max: 0, Diff: 0, Sum: 0, Workers: 4
[1157.425s][debug][gc,phases      ] GC(55)     Total                          Min: 0, Avg:  1.5, Max: 6, Diff: 6, Sum: 6, Workers: 4
[1157.425s][debug][gc,phases      ] GC(55)   JVMTI Tag Weak OopStorage      Min:  0.0, Avg:  0.0, Max:  0.0, Diff:  0.0, Sum:  0.0, Workers: 4
[1157.425s][debug][gc,phases      ] GC(55)     Dead                           Min: 0, Avg:  0.0, Max: 0, Diff: 0, Sum: 0, Workers: 4
[1157.425s][debug][gc,phases      ] GC(55)     Total                          Min: 0, Avg:  0.0, Max: 0, Diff: 0, Sum: 0, Workers: 4
[1157.425s][debug][gc,phases      ] GC(55)   StringTable Weak               Min:  0.1, Avg:  0.1, Max:  0.1, Diff:  0.0, Sum:  0.4, Workers: 4
[1157.425s][debug][gc,phases      ] GC(55)     Dead                           Min: 0, Avg:  0.0, Max: 0, Diff: 0, Sum: 0, Workers: 4
[1157.425s][debug][gc,phases      ] GC(55)     Total                          Min: 11456, Avg: 11654.2, Max: 11865, Diff: 409, Sum: 46617, Workers: 4
[1157.425s][debug][gc,phases      ] GC(55)   ResolvedMethodTable Weak       Min:  0.0, Avg:  0.0, Max:  0.0, Diff:  0.0, Sum:  0.2, Workers: 4
[1157.425s][debug][gc,phases      ] GC(55)     Dead                           Min: 0, Avg:  4.2, Max: 17, Diff: 17, Sum: 17, Workers: 4
[1157.425s][debug][gc,phases      ] GC(55)     Total                          Min: 3702, Avg: 3812.5, Max: 3958, Diff: 256, Sum: 15250, Workers: 4
[1157.425s][debug][gc,phases      ] GC(55)   JNI Weak                       Min:  0.0, Avg:  0.0, Max:  0.0, Diff:  0.0, Sum:  0.0, Workers: 4
[1157.425s][debug][gc,phases      ] GC(55)     Dead                           Min: 0, Avg:  0.0, Max: 0, Diff: 0, Sum: 0, Workers: 4
[1157.425s][debug][gc,phases      ] GC(55)     Total                          Min: 0, Avg: 13.0, Max: 52, Diff: 52, Sum: 52, Workers: 4
[1157.425s][debug][gc,phases      ] GC(55)   StringDedup Table Weak         Min:  0.0, Avg:  0.0, Max:  0.0, Diff:  0.0, Sum:  0.0, Workers: 4
[1157.425s][debug][gc,phases      ] GC(55)     Dead                           Min: 0, Avg:  0.0, Max: 0, Diff: 0, Sum: 0, Workers: 4
[1157.425s][debug][gc,phases      ] GC(55)     Total                          Min: 0, Avg:  0.0, Max: 0, Diff: 0, Sum: 0, Workers: 4
[1157.425s][debug][gc,phases      ] GC(55)   StringDedup Requests0 Weak     Min:  0.0, Avg:  0.0, Max:  0.0, Diff:  0.0, Sum:  0.0, Workers: 4
[1157.425s][debug][gc,phases      ] GC(55)     Dead                           Min: 0, Avg:  0.0, Max: 0, Diff: 0, Sum: 0, Workers: 4
[1157.425s][debug][gc,phases      ] GC(55)     Total                          Min: 0, Avg:  0.0, Max: 0, Diff: 0, Sum: 0, Workers: 4
[1157.425s][debug][gc,phases      ] GC(55)   StringDedup Requests1 Weak     Min:  0.0, Avg:  0.0, Max:  0.0, Diff:  0.0, Sum:  0.0, Workers: 4
[1157.425s][debug][gc,phases      ] GC(55)     Dead                           Min: 0, Avg:  0.0, Max: 0, Diff: 0, Sum: 0, Workers: 4
[1157.425s][debug][gc,phases      ] GC(55)     Total                          Min: 0, Avg:  0.0, Max: 0, Diff: 0, Sum: 0, Workers: 4
[1157.425s][debug][gc,phases      ] GC(55)   Weak JFR Old Object Samples    Min:  0.0, Avg:  0.0, Max:  0.0, Diff:  0.0, Sum:  0.0, Workers: 4
[1157.425s][debug][gc,phases      ] GC(55)     Dead                           Min: 0, Avg:  0.0, Max: 0, Diff: 0, Sum: 0, Workers: 4
[1157.425s][debug][gc,phases      ] GC(55)     Total                          Min: 0, Avg:  0.0, Max: 0, Diff: 0, Sum: 0, Workers: 4
[1157.425s][debug][gc,phases      ] GC(55) Weak Processing 0.345ms
[1157.425s][debug][gc,age         ] GC(55) Desired survivor size 60817408 bytes, new threshold 1 (max threshold 15)
[1157.425s][info ][gc,heap        ] GC(55) PSYoungGen: 2001472K(2036736K)->28384K(2037760K) Eden: 1976320K(1976320K)->0K(1978368K) From: 25152K(60416K)->28384K(59392K)
[1157.425s][info ][gc,heap        ] GC(55) ParOldGen: 687872K(688128K)->709708K(710144K)
[1157.425s][info ][gc,metaspace   ] GC(55) Metaspace: 107028K(108352K)->107028K(108352K) NonClass: 90955K(91712K)->90955K(91712K) Class: 16072K(16640K)->16072K(16640K)
[1157.425s][info ][gc             ] GC(55) Pause Young (Allocation Failure) 2626M->720M(2683M) 24.271ms
[1157.425s][info ][gc,cpu         ] GC(55) User=0.07s Sys=0.02s Real=0.02s
[1157.425s][info ][safepoint      ] Safepoint "ParallelGCFailedAllocation", Time since last: 2986453931 ns, Reaching safepoint: 79200 ns, Cleanup: 3700 ns, At safepoint: 24344558 ns, Total: 24427458 ns
[1159.425s][info ][safepoint      ] Safepoint "Cleanup", Time since last: 2000151254 ns, Reaching safepoint: 4900 ns, Cleanup: 8100 ns, At safepoint: 2100 ns, Total: 15100 ns
[1160.425s][info ][safepoint      ] Safepoint "Cleanup", Time since last: 1000094378 ns, Reaching safepoint: 5100 ns, Cleanup: 8700 ns, At safepoint: 2500 ns, Total: 16300 ns
[1161.426s][info ][safepoint      ] Safepoint "Cleanup", Time since last: 1000451079 ns, Reaching safepoint: 85201 ns, Cleanup: 8300 ns, At safepoint: 9600 ns, Total: 103101 ns
[1164.426s][info ][safepoint      ] Safepoint "Cleanup", Time since last: 3000255727 ns, Reaching safepoint: 78800 ns, Cleanup: 12600 ns, At safepoint: 10800 ns, Total: 102200 ns
[1165.426s][info ][safepoint      ] Safepoint "Cleanup", Time since last: 1000103170 ns, Reaching safepoint: 5600 ns, Cleanup: 7200 ns, At safepoint: 2400 ns, Total: 15200 ns
[1166.427s][info ][safepoint      ] Safepoint "Cleanup", Time since last: 1000101770 ns, Reaching safepoint: 79001 ns, Cleanup: 11800 ns, At safepoint: 5600 ns, Total: 96401 ns
[1167.427s][info ][safepoint      ] Safepoint "Cleanup", Time since last: 1000103070 ns, Reaching safepoint: 6300 ns, Cleanup: 13000 ns, At safepoint: 2500 ns, Total: 21800 ns
[1168.456s][info ][gc,start       ] GC(56) Pause Young (Allocation Failure)
[1168.485s][debug][gc,phases      ] GC(56) Scavenge 29.078ms
[1168.485s][debug][gc,ref         ] GC(56) ReferenceProcessor::execute queues: 1, RefProcThreadModel::Single, marks_oops_alive: false
[1168.485s][debug][gc,ref         ] GC(56) Skipped KeepAliveFinalRefsPhase of Reference Processing: no references
[1168.485s][debug][gc,ref         ] GC(56) ReferenceProcessor::execute queues: 1, RefProcThreadModel::Single, marks_oops_alive: false
[1168.485s][debug][gc,phases      ] GC(56) Reference Processing 0.095ms
[1168.486s][debug][gc,phases      ] GC(56)   VM Weak                        Min:  0.0, Avg:  0.0, Max:  0.0, Diff:  0.0, Sum:  0.0, Workers: 4
[1168.486s][debug][gc,phases      ] GC(56)     Dead                           Min: 0, Avg:  0.0, Max: 0, Diff: 0, Sum: 0, Workers: 4
[1168.486s][debug][gc,phases      ] GC(56)     Total                          Min: 0, Avg: 239.5, Max: 830, Diff: 830, Sum: 958, Workers: 4
[1168.486s][debug][gc,phases      ] GC(56)   ObjectSynchronizer Weak        Min:  0.0, Avg:  0.0, Max:  0.0, Diff:  0.0, Sum:  0.0, Workers: 4
[1168.486s][debug][gc,phases      ] GC(56)     Dead                           Min: 0, Avg:  0.0, Max: 0, Diff: 0, Sum: 0, Workers: 4
[1168.486s][debug][gc,phases      ] GC(56)     Total                          Min: 0, Avg:  1.5, Max: 6, Diff: 6, Sum: 6, Workers: 4
[1168.486s][debug][gc,phases      ] GC(56)   JVMTI Tag Weak OopStorage      Min:  0.0, Avg:  0.0, Max:  0.0, Diff:  0.0, Sum:  0.0, Workers: 4
[1168.486s][debug][gc,phases      ] GC(56)     Dead                           Min: 0, Avg:  0.0, Max: 0, Diff: 0, Sum: 0, Workers: 4
[1168.486s][debug][gc,phases      ] GC(56)     Total                          Min: 0, Avg:  0.0, Max: 0, Diff: 0, Sum: 0, Workers: 4
[1168.486s][debug][gc,phases      ] GC(56)   StringTable Weak               Min:  0.1, Avg:  0.1, Max:  0.1, Diff:  0.0, Sum:  0.5, Workers: 4
[1168.486s][debug][gc,phases      ] GC(56)     Dead                           Min: 0, Avg:  0.0, Max: 0, Diff: 0, Sum: 0, Workers: 4
[1168.486s][debug][gc,phases      ] GC(56)     Total                          Min: 11376, Avg: 11660.0, Max: 11968, Diff: 592, Sum: 46640, Workers: 4
[1168.486s][debug][gc,phases      ] GC(56)   ResolvedMethodTable Weak       Min:  0.0, Avg:  0.0, Max:  0.0, Diff:  0.0, Sum:  0.2, Workers: 4
[1168.486s][debug][gc,phases      ] GC(56)     Dead                           Min: 0, Avg:  0.5, Max: 2, Diff: 2, Sum: 2, Workers: 4
[1168.486s][debug][gc,phases      ] GC(56)     Total                          Min: 3598, Avg: 3814.2, Max: 3958, Diff: 360, Sum: 15257, Workers: 4
[1168.486s][debug][gc,phases      ] GC(56)   JNI Weak                       Min:  0.0, Avg:  0.0, Max:  0.0, Diff:  0.0, Sum:  0.0, Workers: 4
[1168.486s][debug][gc,phases      ] GC(56)     Dead                           Min: 0, Avg:  0.0, Max: 0, Diff: 0, Sum: 0, Workers: 4
[1168.486s][debug][gc,phases      ] GC(56)     Total                          Min: 0, Avg: 13.0, Max: 52, Diff: 52, Sum: 52, Workers: 4
[1168.486s][debug][gc,phases      ] GC(56)   StringDedup Table Weak         Min:  0.0, Avg:  0.0, Max:  0.0, Diff:  0.0, Sum:  0.0, Workers: 4
[1168.486s][debug][gc,phases      ] GC(56)     Dead                           Min: 0, Avg:  0.0, Max: 0, Diff: 0, Sum: 0, Workers: 4
[1168.486s][debug][gc,phases      ] GC(56)     Total                          Min: 0, Avg:  0.0, Max: 0, Diff: 0, Sum: 0, Workers: 4
[1168.486s][debug][gc,phases      ] GC(56)   StringDedup Requests0 Weak     Min:  0.0, Avg:  0.0, Max:  0.0, Diff:  0.0, Sum:  0.0, Workers: 4
[1168.486s][debug][gc,phases      ] GC(56)     Dead                           Min: 0, Avg:  0.0, Max: 0, Diff: 0, Sum: 0, Workers: 4
[1168.486s][debug][gc,phases      ] GC(56)     Total                          Min: 0, Avg:  0.0, Max: 0, Diff: 0, Sum: 0, Workers: 4
[1168.486s][debug][gc,phases      ] GC(56)   StringDedup Requests1 Weak     Min:  0.0, Avg:  0.0, Max:  0.0, Diff:  0.0, Sum:  0.0, Workers: 4
[1168.486s][debug][gc,phases      ] GC(56)     Dead                           Min: 0, Avg:  0.0, Max: 0, Diff: 0, Sum: 0, Workers: 4
[1168.486s][debug][gc,phases      ] GC(56)     Total                          Min: 0, Avg:  0.0, Max: 0, Diff: 0, Sum: 0, Workers: 4
[1168.486s][debug][gc,phases      ] GC(56)   Weak JFR Old Object Samples    Min:  0.0, Avg:  0.0, Max:  0.0, Diff:  0.0, Sum:  0.0, Workers: 4
[1168.486s][debug][gc,phases      ] GC(56)     Dead                           Min: 0, Avg:  0.0, Max: 0, Diff: 0, Sum: 0, Workers: 4
[1168.486s][debug][gc,phases      ] GC(56)     Total                          Min: 0, Avg:  0.0, Max: 0, Diff: 0, Sum: 0, Workers: 4
[1168.486s][debug][gc,phases      ] GC(56) Weak Processing 0.388ms
[1168.486s][debug][gc,age         ] GC(56) Desired survivor size 62914560 bytes, new threshold 1 (max threshold 15)
[1168.486s][info ][gc,heap        ] GC(56) PSYoungGen: 2006752K(2037760K)->34544K(2013184K) Eden: 1978368K(1978368K)->0K(1978368K) From: 28384K(59392K)->34544K(34816K)
[1168.486s][info ][gc,heap        ] GC(56) ParOldGen: 709708K(710144K)->734827K(735232K)
[1168.486s][info ][gc,metaspace   ] GC(56) Metaspace: 107044K(108352K)->107044K(108352K) NonClass: 90970K(91712K)->90970K(91712K) Class: 16074K(16640K)->16074K(16640K)
[1168.486s][info ][gc             ] GC(56) Pause Young (Allocation Failure) 2652M->751M(2684M) 29.684ms
[1168.486s][info ][gc,cpu         ] GC(56) User=0.09s Sys=0.02s Real=0.03s
[1168.486s][info ][safepoint      ] Safepoint "ParallelGCFailedAllocation", Time since last: 1029430960 ns, Reaching safepoint: 82601 ns, Cleanup: 4500 ns, At safepoint: 29763892 ns, Total: 29850993 ns
[1169.486s][info ][safepoint      ] Safepoint "Cleanup", Time since last: 1000093470 ns, Reaching safepoint: 5700 ns, Cleanup: 15500 ns, At safepoint: 2600 ns, Total: 23800 ns
[1172.486s][info ][safepoint      ] Safepoint "Cleanup", Time since last: 3000246409 ns, Reaching safepoint: 6700 ns, Cleanup: 18301 ns, At safepoint: 2900 ns, Total: 27901 ns
[1173.488s][info ][safepoint      ] Safepoint "Cleanup", Time since last: 1001429677 ns, Reaching safepoint: 86501 ns, Cleanup: 8500 ns, At safepoint: 14200 ns, Total: 109201 ns
[1176.488s][info ][safepoint      ] Safepoint "Cleanup", Time since last: 3000235506 ns, Reaching safepoint: 5100 ns, Cleanup: 8600 ns, At safepoint: 2600 ns, Total: 16300 ns
[1178.488s][info ][safepoint      ] Safepoint "Cleanup", Time since last: 2000167838 ns, Reaching safepoint: 80100 ns, Cleanup: 7400 ns, At safepoint: 10900 ns, Total: 98400 ns
[1179.213s][info ][gc,start       ] GC(57) Pause Young (Allocation Failure)
[1179.241s][debug][gc,phases      ] GC(57) Scavenge 28.065ms
[1179.241s][debug][gc,ref         ] GC(57) ReferenceProcessor::execute queues: 1, RefProcThreadModel::Single, marks_oops_alive: false
[1179.241s][debug][gc,ref         ] GC(57) Skipped KeepAliveFinalRefsPhase of Reference Processing: no references
[1179.241s][debug][gc,ref         ] GC(57) ReferenceProcessor::execute queues: 1, RefProcThreadModel::Single, marks_oops_alive: false
[1179.241s][debug][gc,phases      ] GC(57) Reference Processing 0.092ms
[1179.241s][debug][gc,phases      ] GC(57)   VM Weak                        Min:  0.0, Avg:  0.0, Max:  0.0, Diff:  0.0, Sum:  0.0, Workers: 4
[1179.241s][debug][gc,phases      ] GC(57)     Dead                           Min: 0, Avg:  0.0, Max: 0, Diff: 0, Sum: 0, Workers: 4
[1179.241s][debug][gc,phases      ] GC(57)     Total                          Min: 0, Avg: 239.5, Max: 894, Diff: 894, Sum: 958, Workers: 4
[1179.241s][debug][gc,phases      ] GC(57)   ObjectSynchronizer Weak        Min:  0.0, Avg:  0.0, Max:  0.0, Diff:  0.0, Sum:  0.0, Workers: 4
[1179.241s][debug][gc,phases      ] GC(57)     Dead                           Min: 0, Avg:  0.0, Max: 0, Diff: 0, Sum: 0, Workers: 4
[1179.241s][debug][gc,phases      ] GC(57)     Total                          Min: 0, Avg:  1.5, Max: 6, Diff: 6, Sum: 6, Workers: 4
[1179.241s][debug][gc,phases      ] GC(57)   JVMTI Tag Weak OopStorage      Min:  0.0, Avg:  0.0, Max:  0.0, Diff:  0.0, Sum:  0.0, Workers: 4
[1179.241s][debug][gc,phases      ] GC(57)     Dead                           Min: 0, Avg:  0.0, Max: 0, Diff: 0, Sum: 0, Workers: 4
[1179.241s][debug][gc,phases      ] GC(57)     Total                          Min: 0, Avg:  0.0, Max: 0, Diff: 0, Sum: 0, Workers: 4
[1179.241s][debug][gc,phases      ] GC(57)   StringTable Weak               Min:  0.0, Avg:  0.1, Max:  0.1, Diff:  0.1, Sum:  0.4, Workers: 4
[1179.241s][debug][gc,phases      ] GC(57)     Dead                           Min: 0, Avg:  0.0, Max: 0, Diff: 0, Sum: 0, Workers: 4
[1179.241s][debug][gc,phases      ] GC(57)     Total                          Min: 0, Avg: 11663.5, Max: 19326, Diff: 19326, Sum: 46654, Workers: 4
[1179.241s][debug][gc,phases      ] GC(57)   ResolvedMethodTable Weak       Min:  0.0, Avg:  0.0, Max:  0.0, Diff:  0.0, Sum:  0.1, Workers: 4
[1179.241s][debug][gc,phases      ] GC(57)     Dead                           Min: 0, Avg:  4.8, Max: 11, Diff: 11, Sum: 19, Workers: 4
[1179.241s][debug][gc,phases      ] GC(57)     Total                          Min: 0, Avg: 3815.5, Max: 6405, Diff: 6405, Sum: 15262, Workers: 4
[1179.241s][debug][gc,phases      ] GC(57)   JNI Weak                       Min:  0.0, Avg:  0.0, Max:  0.0, Diff:  0.0, Sum:  0.0, Workers: 4
[1179.241s][debug][gc,phases      ] GC(57)     Dead                           Min: 0, Avg:  0.0, Max: 0, Diff: 0, Sum: 0, Workers: 4
[1179.241s][debug][gc,phases      ] GC(57)     Total                          Min: 0, Avg: 13.0, Max: 52, Diff: 52, Sum: 52, Workers: 4
[1179.241s][debug][gc,phases      ] GC(57)   StringDedup Table Weak         Min:  0.0, Avg:  0.0, Max:  0.0, Diff:  0.0, Sum:  0.0, Workers: 4
[1179.241s][debug][gc,phases      ] GC(57)     Dead                           Min: 0, Avg:  0.0, Max: 0, Diff: 0, Sum: 0, Workers: 4
[1179.241s][debug][gc,phases      ] GC(57)     Total                          Min: 0, Avg:  0.0, Max: 0, Diff: 0, Sum: 0, Workers: 4
[1179.241s][debug][gc,phases      ] GC(57)   StringDedup Requests0 Weak     Min:  0.0, Avg:  0.0, Max:  0.0, Diff:  0.0, Sum:  0.0, Workers: 4
[1179.241s][debug][gc,phases      ] GC(57)     Dead                           Min: 0, Avg:  0.0, Max: 0, Diff: 0, Sum: 0, Workers: 4
[1179.241s][debug][gc,phases      ] GC(57)     Total                          Min: 0, Avg:  0.0, Max: 0, Diff: 0, Sum: 0, Workers: 4
[1179.241s][debug][gc,phases      ] GC(57)   StringDedup Requests1 Weak     Min:  0.0, Avg:  0.0, Max:  0.0, Diff:  0.0, Sum:  0.0, Workers: 4
[1179.241s][debug][gc,phases      ] GC(57)     Dead                           Min: 0, Avg:  0.0, Max: 0, Diff: 0, Sum: 0, Workers: 4
[1179.241s][debug][gc,phases      ] GC(57)     Total                          Min: 0, Avg:  0.0, Max: 0, Diff: 0, Sum: 0, Workers: 4
[1179.241s][debug][gc,phases      ] GC(57)   Weak JFR Old Object Samples    Min:  0.0, Avg:  0.0, Max:  0.0, Diff:  0.0, Sum:  0.0, Workers: 4
[1179.241s][debug][gc,phases      ] GC(57)     Dead                           Min: 0, Avg:  0.0, Max: 0, Diff: 0, Sum: 0, Workers: 4
[1179.241s][debug][gc,phases      ] GC(57)     Total                          Min: 0, Avg:  0.0, Max: 0, Diff: 0, Sum: 0, Workers: 4
[1179.241s][debug][gc,phases      ] GC(57) Weak Processing 0.361ms
[1179.241s][debug][gc,age         ] GC(57) Desired survivor size 63963136 bytes, new threshold 1 (max threshold 15)
[1179.241s][info ][gc,heap        ] GC(57) PSYoungGen: 2012912K(2013184K)->33082K(2033664K) Eden: 1978368K(1978368K)->0K(1972224K) From: 34544K(34816K)->33082K(61440K)
[1179.241s][info ][gc,heap        ] GC(57) ParOldGen: 734827K(735232K)->765866K(765952K)
[1179.241s][info ][gc,metaspace   ] GC(57) Metaspace: 107091K(108416K)->107091K(108416K) NonClass: 91012K(91776K)->91012K(91776K) Class: 16078K(16640K)->16078K(16640K)
[1179.241s][info ][gc             ] GC(57) Pause Young (Allocation Failure) 2683M->780M(2734M) 28.626ms
[1179.241s][info ][gc,cpu         ] GC(57) User=0.08s Sys=0.01s Real=0.03s
[1179.242s][info ][safepoint      ] Safepoint "ParallelGCFailedAllocation", Time since last: 723981683 ns, Reaching safepoint: 81401 ns, Cleanup: 17500 ns, At safepoint: 29220689 ns, Total: 29319590 ns
[1181.242s][info ][safepoint      ] Safepoint "Cleanup", Time since last: 2000152637 ns, Reaching safepoint: 79801 ns, Cleanup: 8400 ns, At safepoint: 8300 ns, Total: 96501 ns
[1183.242s][info ][safepoint      ] Safepoint "Cleanup", Time since last: 2000169637 ns, Reaching safepoint: 5700 ns, Cleanup: 20200 ns, At safepoint: 2600 ns, Total: 28500 ns
[1184.242s][info ][safepoint      ] Safepoint "Cleanup", Time since last: 1000103469 ns, Reaching safepoint: 6000 ns, Cleanup: 6900 ns, At safepoint: 2200 ns, Total: 15100 ns
[1185.242s][info ][safepoint      ] Safepoint "Cleanup", Time since last: 1000104969 ns, Reaching safepoint: 79100 ns, Cleanup: 9100 ns, At safepoint: 8300 ns, Total: 96500 ns
[1187.243s][info ][safepoint      ] Safepoint "Cleanup", Time since last: 2000166938 ns, Reaching safepoint: 78400 ns, Cleanup: 8700 ns, At safepoint: 6400 ns, Total: 93500 ns
[1189.243s][info ][safepoint      ] Safepoint "Cleanup", Time since last: 2000163939 ns, Reaching safepoint: 5600 ns, Cleanup: 9800 ns, At safepoint: 2200 ns, Total: 17600 ns
[1190.243s][info ][safepoint      ] Safepoint "Cleanup", Time since last: 1000101869 ns, Reaching safepoint: 5800 ns, Cleanup: 11200 ns, At safepoint: 2600 ns, Total: 19600 ns
[1191.243s][info ][safepoint      ] Safepoint "Cleanup", Time since last: 1000111070 ns, Reaching safepoint: 5300 ns, Cleanup: 8400 ns, At safepoint: 2500 ns, Total: 16200 ns
[1191.512s][info ][gc,start       ] GC(58) Pause Young (Allocation Failure)
[1191.541s][debug][gc,phases      ] GC(58) Scavenge 29.187ms
[1191.541s][debug][gc,ref         ] GC(58) Skipped SoftWeakFinalRefsPhase of Reference Processing: no references
[1191.541s][debug][gc,ref         ] GC(58) Skipped KeepAliveFinalRefsPhase of Reference Processing: no references
[1191.541s][debug][gc,ref         ] GC(58) Skipped PhantomRefsPhase of Reference Processing: no references
[1191.541s][debug][gc,phases      ] GC(58) Reference Processing 0.018ms
[1191.541s][debug][gc,phases      ] GC(58)   VM Weak                        Min:  0.0, Avg:  0.0, Max:  0.0, Diff:  0.0, Sum:  0.0, Workers: 4
[1191.541s][debug][gc,phases      ] GC(58)     Dead                           Min: 0, Avg:  0.0, Max: 0, Diff: 0, Sum: 0, Workers: 4
[1191.541s][debug][gc,phases      ] GC(58)     Total                          Min: 0, Avg: 239.5, Max: 510, Diff: 510, Sum: 958, Workers: 4
[1191.541s][debug][gc,phases      ] GC(58)   ObjectSynchronizer Weak        Min:  0.0, Avg:  0.0, Max:  0.0, Diff:  0.0, Sum:  0.0, Workers: 4
[1191.541s][debug][gc,phases      ] GC(58)     Dead                           Min: 0, Avg:  0.0, Max: 0, Diff: 0, Sum: 0, Workers: 4
[1191.541s][debug][gc,phases      ] GC(58)     Total                          Min: 0, Avg:  1.5, Max: 6, Diff: 6, Sum: 6, Workers: 4
[1191.541s][debug][gc,phases      ] GC(58)   JVMTI Tag Weak OopStorage      Min:  0.0, Avg:  0.0, Max:  0.0, Diff:  0.0, Sum:  0.0, Workers: 4
[1191.541s][debug][gc,phases      ] GC(58)     Dead                           Min: 0, Avg:  0.0, Max: 0, Diff: 0, Sum: 0, Workers: 4
[1191.541s][debug][gc,phases      ] GC(58)     Total                          Min: 0, Avg:  0.0, Max: 0, Diff: 0, Sum: 0, Workers: 4
[1191.541s][debug][gc,phases      ] GC(58)   StringTable Weak               Min:  0.1, Avg:  0.1, Max:  0.1, Diff:  0.0, Sum:  0.5, Workers: 4
[1191.541s][debug][gc,phases      ] GC(58)     Dead                           Min: 0, Avg:  0.0, Max: 0, Diff: 0, Sum: 0, Workers: 4
[1191.541s][debug][gc,phases      ] GC(58)     Total                          Min: 9992, Avg: 11666.0, Max: 12480, Diff: 2488, Sum: 46664, Workers: 4
[1191.541s][debug][gc,phases      ] GC(58)   ResolvedMethodTable Weak       Min:  0.0, Avg:  0.0, Max:  0.0, Diff:  0.0, Sum:  0.2, Workers: 4
[1191.541s][debug][gc,phases      ] GC(58)     Dead                           Min: 0, Avg:  0.0, Max: 0, Diff: 0, Sum: 0, Workers: 4
[1191.541s][debug][gc,phases      ] GC(58)     Total                          Min: 3690, Avg: 3815.5, Max: 3909, Diff: 219, Sum: 15262, Workers: 4
[1191.541s][debug][gc,phases      ] GC(58)   JNI Weak                       Min:  0.0, Avg:  0.0, Max:  0.0, Diff:  0.0, Sum:  0.0, Workers: 4
[1191.541s][debug][gc,phases      ] GC(58)     Dead                           Min: 0, Avg:  0.0, Max: 0, Diff: 0, Sum: 0, Workers: 4
[1191.541s][debug][gc,phases      ] GC(58)     Total                          Min: 0, Avg: 13.0, Max: 52, Diff: 52, Sum: 52, Workers: 4
[1191.541s][debug][gc,phases      ] GC(58)   StringDedup Table Weak         Min:  0.0, Avg:  0.0, Max:  0.0, Diff:  0.0, Sum:  0.0, Workers: 4
[1191.541s][debug][gc,phases      ] GC(58)     Dead                           Min: 0, Avg:  0.0, Max: 0, Diff: 0, Sum: 0, Workers: 4
[1191.541s][debug][gc,phases      ] GC(58)     Total                          Min: 0, Avg:  0.0, Max: 0, Diff: 0, Sum: 0, Workers: 4
[1191.541s][debug][gc,phases      ] GC(58)   StringDedup Requests0 Weak     Min:  0.0, Avg:  0.0, Max:  0.0, Diff:  0.0, Sum:  0.0, Workers: 4
[1191.541s][debug][gc,phases      ] GC(58)     Dead                           Min: 0, Avg:  0.0, Max: 0, Diff: 0, Sum: 0, Workers: 4
[1191.541s][debug][gc,phases      ] GC(58)     Total                          Min: 0, Avg:  0.0, Max: 0, Diff: 0, Sum: 0, Workers: 4
[1191.541s][debug][gc,phases      ] GC(58)   StringDedup Requests1 Weak     Min:  0.0, Avg:  0.0, Max:  0.0, Diff:  0.0, Sum:  0.0, Workers: 4
[1191.541s][debug][gc,phases      ] GC(58)     Dead                           Min: 0, Avg:  0.0, Max: 0, Diff: 0, Sum: 0, Workers: 4
[1191.541s][debug][gc,phases      ] GC(58)     Total                          Min: 0, Avg:  0.0, Max: 0, Diff: 0, Sum: 0, Workers: 4
[1191.541s][debug][gc,phases      ] GC(58)   Weak JFR Old Object Samples    Min:  0.0, Avg:  0.0, Max:  0.0, Diff:  0.0, Sum:  0.0, Workers: 4
[1191.541s][debug][gc,phases      ] GC(58)     Dead                           Min: 0, Avg:  0.0, Max: 0, Diff: 0, Sum: 0, Workers: 4
[1191.541s][debug][gc,phases      ] GC(58)     Total                          Min: 0, Avg:  0.0, Max: 0, Diff: 0, Sum: 0, Workers: 4
[1191.541s][debug][gc,phases      ] GC(58) Weak Processing 0.339ms
[1191.541s][debug][gc,age         ] GC(58) Desired survivor size 64487424 bytes, new threshold 1 (max threshold 15)
[1191.541s][info ][gc,heap        ] GC(58) PSYoungGen: 2005306K(2033664K)->34016K(2006528K) Eden: 1972224K(1972224K)->0K(1972224K) From: 33082K(61440K)->34016K(34304K)
[1191.541s][info ][gc,heap        ] GC(58) ParOldGen: 765866K(765952K)->794381K(794624K)
[1191.541s][info ][gc,metaspace   ] GC(58) Metaspace: 107097K(108416K)->107097K(108416K) NonClass: 91018K(91776K)->91018K(91776K) Class: 16078K(16640K)->16078K(16640K)
[1191.541s][info ][gc             ] GC(58) Pause Young (Allocation Failure) 2706M->808M(2735M) 29.669ms
[1191.541s][info ][gc,cpu         ] GC(58) User=0.08s Sys=0.02s Real=0.03s
[1191.541s][info ][safepoint      ] Safepoint "ParallelGCFailedAllocation", Time since last: 268236135 ns, Reaching safepoint: 77301 ns, Cleanup: 3600 ns, At safepoint: 29735492 ns, Total: 29816393 ns
[1195.542s][info ][safepoint      ] Safepoint "Cleanup", Time since last: 4000298178 ns, Reaching safepoint: 5500 ns, Cleanup: 8300 ns, At safepoint: 2700 ns, Total: 16500 ns
[1197.542s][info ][safepoint      ] Safepoint "Cleanup", Time since last: 2000167339 ns, Reaching safepoint: 5200 ns, Cleanup: 9200 ns, At safepoint: 2900 ns, Total: 17300 ns
[1200.530s][info ][safepoint      ] Safepoint "Cleanup", Time since last: 2988285031 ns, Reaching safepoint: 3800 ns, Cleanup: 11600 ns, At safepoint: 4200 ns, Total: 19600 ns
[1203.530s][info ][safepoint      ] Safepoint "Cleanup", Time since last: 3000254909 ns, Reaching safepoint: 4700 ns, Cleanup: 37800 ns, At safepoint: 2100 ns, Total: 44600 ns
[1204.530s][info ][safepoint      ] Safepoint "Cleanup", Time since last: 1000091844 ns, Reaching safepoint: 75800 ns, Cleanup: 10800 ns, At safepoint: 5600 ns, Total: 92200 ns
[1206.531s][info ][safepoint      ] Safepoint "Cleanup", Time since last: 2000161640 ns, Reaching safepoint: 75001 ns, Cleanup: 14600 ns, At safepoint: 6300 ns, Total: 95901 ns
[1206.563s][info ][gc,start       ] GC(59) Pause Young (Allocation Failure)
[1206.590s][debug][gc,phases      ] GC(59) Scavenge 26.373ms
[1206.590s][debug][gc,ref         ] GC(59) ReferenceProcessor::execute queues: 1, RefProcThreadModel::Single, marks_oops_alive: false
[1206.590s][debug][gc,ref         ] GC(59) Skipped KeepAliveFinalRefsPhase of Reference Processing: no references
[1206.590s][debug][gc,ref         ] GC(59) ReferenceProcessor::execute queues: 1, RefProcThreadModel::Single, marks_oops_alive: false
[1206.590s][debug][gc,phases      ] GC(59) Reference Processing 0.111ms
[1206.590s][debug][gc,phases      ] GC(59)   VM Weak                        Min:  0.0, Avg:  0.0, Max:  0.0, Diff:  0.0, Sum:  0.0, Workers: 4
[1206.590s][debug][gc,phases      ] GC(59)     Dead                           Min: 0, Avg:  0.0, Max: 0, Diff: 0, Sum: 0, Workers: 4
[1206.590s][debug][gc,phases      ] GC(59)     Total                          Min: 0, Avg: 257.2, Max: 1029, Diff: 1029, Sum: 1029, Workers: 4
[1206.590s][debug][gc,phases      ] GC(59)   ObjectSynchronizer Weak        Min:  0.0, Avg:  0.0, Max:  0.0, Diff:  0.0, Sum:  0.0, Workers: 4
[1206.590s][debug][gc,phases      ] GC(59)     Dead                           Min: 0, Avg:  0.0, Max: 0, Diff: 0, Sum: 0, Workers: 4
[1206.590s][debug][gc,phases      ] GC(59)     Total                          Min: 0, Avg:  1.0, Max: 4, Diff: 4, Sum: 4, Workers: 4
[1206.590s][debug][gc,phases      ] GC(59)   JVMTI Tag Weak OopStorage      Min:  0.0, Avg:  0.0, Max:  0.0, Diff:  0.0, Sum:  0.0, Workers: 4
[1206.590s][debug][gc,phases      ] GC(59)     Dead                           Min: 0, Avg:  0.0, Max: 0, Diff: 0, Sum: 0, Workers: 4
[1206.590s][debug][gc,phases      ] GC(59)     Total                          Min: 0, Avg:  0.0, Max: 0, Diff: 0, Sum: 0, Workers: 4
[1206.590s][debug][gc,phases      ] GC(59)   StringTable Weak               Min:  0.1, Avg:  0.1, Max:  0.1, Diff:  0.0, Sum:  0.4, Workers: 4
[1206.590s][debug][gc,phases      ] GC(59)     Dead                           Min: 0, Avg:  0.5, Max: 1, Diff: 1, Sum: 2, Workers: 4
[1206.590s][debug][gc,phases      ] GC(59)     Total                          Min: 11514, Avg: 11710.2, Max: 11903, Diff: 389, Sum: 46841, Workers: 4
[1206.590s][debug][gc,phases      ] GC(59)   ResolvedMethodTable Weak       Min:  0.0, Avg:  0.0, Max:  0.0, Diff:  0.0, Sum:  0.2, Workers: 4
[1206.590s][debug][gc,phases      ] GC(59)     Dead                           Min: 1, Avg: 20.8, Max: 40, Diff: 39, Sum: 83, Workers: 4
[1206.590s][debug][gc,phases      ] GC(59)     Total                          Min: 3752, Avg: 3908.5, Max: 4027, Diff: 275, Sum: 15634, Workers: 4
[1206.590s][debug][gc,phases      ] GC(59)   JNI Weak                       Min:  0.0, Avg:  0.0, Max:  0.0, Diff:  0.0, Sum:  0.0, Workers: 4
[1206.590s][debug][gc,phases      ] GC(59)     Dead                           Min: 0, Avg:  0.0, Max: 0, Diff: 0, Sum: 0, Workers: 4
[1206.590s][debug][gc,phases      ] GC(59)     Total                          Min: 0, Avg: 13.0, Max: 52, Diff: 52, Sum: 52, Workers: 4
[1206.590s][debug][gc,phases      ] GC(59)   StringDedup Table Weak         Min:  0.0, Avg:  0.0, Max:  0.0, Diff:  0.0, Sum:  0.0, Workers: 4
[1206.590s][debug][gc,phases      ] GC(59)     Dead                           Min: 0, Avg:  0.0, Max: 0, Diff: 0, Sum: 0, Workers: 4
[1206.590s][debug][gc,phases      ] GC(59)     Total                          Min: 0, Avg:  0.0, Max: 0, Diff: 0, Sum: 0, Workers: 4
[1206.590s][debug][gc,phases      ] GC(59)   StringDedup Requests0 Weak     Min:  0.0, Avg:  0.0, Max:  0.0, Diff:  0.0, Sum:  0.0, Workers: 4
[1206.590s][debug][gc,phases      ] GC(59)     Dead                           Min: 0, Avg:  0.0, Max: 0, Diff: 0, Sum: 0, Workers: 4
[1206.590s][debug][gc,phases      ] GC(59)     Total                          Min: 0, Avg:  0.0, Max: 0, Diff: 0, Sum: 0, Workers: 4
[1206.590s][debug][gc,phases      ] GC(59)   StringDedup Requests1 Weak     Min:  0.0, Avg:  0.0, Max:  0.0, Diff:  0.0, Sum:  0.0, Workers: 4
[1206.590s][debug][gc,phases      ] GC(59)     Dead                           Min: 0, Avg:  0.0, Max: 0, Diff: 0, Sum: 0, Workers: 4
[1206.590s][debug][gc,phases      ] GC(59)     Total                          Min: 0, Avg:  0.0, Max: 0, Diff: 0, Sum: 0, Workers: 4
[1206.590s][debug][gc,phases      ] GC(59)   Weak JFR Old Object Samples    Min:  0.0, Avg:  0.0, Max:  0.0, Diff:  0.0, Sum:  0.0, Workers: 4
[1206.590s][debug][gc,phases      ] GC(59)     Dead                           Min: 0, Avg:  0.0, Max: 0, Diff: 0, Sum: 0, Workers: 4
[1206.590s][debug][gc,phases      ] GC(59)     Total                          Min: 0, Avg:  0.0, Max: 0, Diff: 0, Sum: 0, Workers: 4
[1206.590s][debug][gc,phases      ] GC(59) Weak Processing 0.320ms
[1206.590s][debug][gc,age         ] GC(59) Desired survivor size 62390272 bytes, new threshold 1 (max threshold 15)
[1206.590s][info ][gc,heap        ] GC(59) PSYoungGen: 2006240K(2006528K)->28128K(2036224K) Eden: 1972224K(1972224K)->0K(1973248K) From: 34016K(34304K)->28128K(62976K)
[1206.590s][info ][gc,heap        ] GC(59) ParOldGen: 794381K(794624K)->821928K(822272K)
[1206.590s][info ][gc,metaspace   ] GC(59) Metaspace: 107807K(109184K)->107807K(109184K) NonClass: 91595K(92416K)->91595K(92416K) Class: 16212K(16768K)->16212K(16768K)
[1206.590s][info ][gc             ] GC(59) Pause Young (Allocation Failure) 2734M->830M(2791M) 26.913ms
[1206.590s][info ][gc,cpu         ] GC(59) User=0.08s Sys=0.02s Real=0.03s
[1206.590s][info ][safepoint      ] Safepoint "ParallelGCFailedAllocation", Time since last: 32589678 ns, Reaching safepoint: 77401 ns, Cleanup: 2300 ns, At safepoint: 26987347 ns, Total: 27067048 ns
[1207.591s][info ][safepoint      ] Safepoint "Cleanup", Time since last: 1000088571 ns, Reaching safepoint: 82800 ns, Cleanup: 18600 ns, At safepoint: 11300 ns, Total: 112700 ns
[1208.591s][info ][safepoint      ] Safepoint "Cleanup", Time since last: 1000101870 ns, Reaching safepoint: 78901 ns, Cleanup: 13200 ns, At safepoint: 7000 ns, Total: 99101 ns
[1209.591s][info ][safepoint      ] Safepoint "Cleanup", Time since last: 1000121270 ns, Reaching safepoint: 6600 ns, Cleanup: 9800 ns, At safepoint: 3100 ns, Total: 19500 ns
[1210.591s][info ][safepoint      ] Safepoint "Cleanup", Time since last: 1000109755 ns, Reaching safepoint: 5700 ns, Cleanup: 10900 ns, At safepoint: 2200 ns, Total: 18800 ns
[1211.591s][info ][safepoint      ] Safepoint "Cleanup", Time since last: 1000098539 ns, Reaching safepoint: 6700 ns, Cleanup: 29401 ns, At safepoint: 2600 ns, Total: 38701 ns
[1212.412s][info ][gc,start       ] GC(60) Pause Young (Allocation Failure)
[1212.439s][debug][gc,phases      ] GC(60) Scavenge 27.015ms
[1212.439s][debug][gc,ref         ] GC(60) ReferenceProcessor::execute queues: 1, RefProcThreadModel::Single, marks_oops_alive: false
[1212.439s][debug][gc,ref         ] GC(60) Skipped KeepAliveFinalRefsPhase of Reference Processing: no references
[1212.439s][debug][gc,ref         ] GC(60) ReferenceProcessor::execute queues: 1, RefProcThreadModel::Single, marks_oops_alive: false
[1212.439s][debug][gc,phases      ] GC(60) Reference Processing 0.094ms
[1212.440s][debug][gc,phases      ] GC(60)   VM Weak                        Min:  0.0, Avg:  0.0, Max:  0.0, Diff:  0.0, Sum:  0.0, Workers: 4
[1212.440s][debug][gc,phases      ] GC(60)     Dead                           Min: 0, Avg:  0.0, Max: 0, Diff: 0, Sum: 0, Workers: 4
[1212.440s][debug][gc,phases      ] GC(60)     Total                          Min: 0, Avg: 258.2, Max: 777, Diff: 777, Sum: 1033, Workers: 4
[1212.440s][debug][gc,phases      ] GC(60)   ObjectSynchronizer Weak        Min:  0.0, Avg:  0.0, Max:  0.0, Diff:  0.0, Sum:  0.0, Workers: 4
[1212.440s][debug][gc,phases      ] GC(60)     Dead                           Min: 0, Avg:  0.2, Max: 1, Diff: 1, Sum: 1, Workers: 4
[1212.440s][debug][gc,phases      ] GC(60)     Total                          Min: 0, Avg:  1.5, Max: 6, Diff: 6, Sum: 6, Workers: 4
[1212.440s][debug][gc,phases      ] GC(60)   JVMTI Tag Weak OopStorage      Min:  0.0, Avg:  0.0, Max:  0.0, Diff:  0.0, Sum:  0.0, Workers: 4
[1212.440s][debug][gc,phases      ] GC(60)     Dead                           Min: 0, Avg:  0.0, Max: 0, Diff: 0, Sum: 0, Workers: 4
[1212.440s][debug][gc,phases      ] GC(60)     Total                          Min: 0, Avg:  0.0, Max: 0, Diff: 0, Sum: 0, Workers: 4
[1212.440s][debug][gc,phases      ] GC(60)   StringTable Weak               Min:  0.0, Avg:  0.1, Max:  0.1, Diff:  0.1, Sum:  0.4, Workers: 4
[1212.440s][debug][gc,phases      ] GC(60)     Dead                           Min: 0, Avg:  0.2, Max: 1, Diff: 1, Sum: 1, Workers: 4
[1212.440s][debug][gc,phases      ] GC(60)     Total                          Min: 0, Avg: 11713.2, Max: 20294, Diff: 20294, Sum: 46853, Workers: 4
[1212.440s][debug][gc,phases      ] GC(60)   ResolvedMethodTable Weak       Min:  0.0, Avg:  0.0, Max:  0.0, Diff:  0.0, Sum:  0.1, Workers: 4
[1212.440s][debug][gc,phases      ] GC(60)     Dead                           Min: 0, Avg:  0.5, Max: 2, Diff: 2, Sum: 2, Workers: 4
[1212.440s][debug][gc,phases      ] GC(60)     Total                          Min: 0, Avg: 3913.0, Max: 6610, Diff: 6610, Sum: 15652, Workers: 4
[1212.440s][debug][gc,phases      ] GC(60)   JNI Weak                       Min:  0.0, Avg:  0.0, Max:  0.0, Diff:  0.0, Sum:  0.0, Workers: 4
[1212.440s][debug][gc,phases      ] GC(60)     Dead                           Min: 0, Avg:  0.0, Max: 0, Diff: 0, Sum: 0, Workers: 4
[1212.440s][debug][gc,phases      ] GC(60)     Total                          Min: 0, Avg: 13.0, Max: 52, Diff: 52, Sum: 52, Workers: 4
[1212.440s][debug][gc,phases      ] GC(60)   StringDedup Table Weak         Min:  0.0, Avg:  0.0, Max:  0.0, Diff:  0.0, Sum:  0.0, Workers: 4
[1212.440s][debug][gc,phases      ] GC(60)     Dead                           Min: 0, Avg:  0.0, Max: 0, Diff: 0, Sum: 0, Workers: 4
[1212.440s][debug][gc,phases      ] GC(60)     Total                          Min: 0, Avg:  0.0, Max: 0, Diff: 0, Sum: 0, Workers: 4
[1212.440s][debug][gc,phases      ] GC(60)   StringDedup Requests0 Weak     Min:  0.0, Avg:  0.0, Max:  0.0, Diff:  0.0, Sum:  0.0, Workers: 4
[1212.440s][debug][gc,phases      ] GC(60)     Dead                           Min: 0, Avg:  0.0, Max: 0, Diff: 0, Sum: 0, Workers: 4
[1212.440s][debug][gc,phases      ] GC(60)     Total                          Min: 0, Avg:  0.0, Max: 0, Diff: 0, Sum: 0, Workers: 4
[1212.440s][debug][gc,phases      ] GC(60)   StringDedup Requests1 Weak     Min:  0.0, Avg:  0.0, Max:  0.0, Diff:  0.0, Sum:  0.0, Workers: 4
[1212.440s][debug][gc,phases      ] GC(60)     Dead                           Min: 0, Avg:  0.0, Max: 0, Diff: 0, Sum: 0, Workers: 4
[1212.440s][debug][gc,phases      ] GC(60)     Total                          Min: 0, Avg:  0.0, Max: 0, Diff: 0, Sum: 0, Workers: 4
[1212.440s][debug][gc,phases      ] GC(60)   Weak JFR Old Object Samples    Min:  0.0, Avg:  0.0, Max:  0.0, Diff:  0.0, Sum:  0.0, Workers: 4
[1212.440s][debug][gc,phases      ] GC(60)     Dead                           Min: 0, Avg:  0.0, Max: 0, Diff: 0, Sum: 0, Workers: 4
[1212.440s][debug][gc,phases      ] GC(60)     Total                          Min: 0, Avg:  0.0, Max: 0, Diff: 0, Sum: 0, Workers: 4
[1212.440s][debug][gc,phases      ] GC(60) Weak Processing 0.349ms
[1212.440s][debug][gc,age         ] GC(60) Desired survivor size 63438848 bytes, new threshold 1 (max threshold 15)
[1212.440s][info ][gc,heap        ] GC(60) PSYoungGen: 2001376K(2036224K)->35664K(2034176K) Eden: 1973248K(1973248K)->0K(1973248K) From: 28128K(62976K)->35664K(60928K)
[1212.440s][info ][gc,heap        ] GC(60) ParOldGen: 821928K(822272K)->846887K(847360K)
[1212.440s][info ][gc,metaspace   ] GC(60) Metaspace: 107865K(109184K)->107865K(109184K) NonClass: 91643K(92416K)->91643K(92416K) Class: 16222K(16768K)->16222K(16768K)
[1212.440s][info ][gc             ] GC(60) Pause Young (Allocation Failure) 2757M->861M(2814M) 27.568ms
[1212.440s][info ][gc,cpu         ] GC(60) User=0.08s Sys=0.01s Real=0.02s
[1212.440s][info ][safepoint      ] Safepoint "ParallelGCFailedAllocation", Time since last: 820892471 ns, Reaching safepoint: 81000 ns, Cleanup: 13401 ns, At safepoint: 27817978 ns, Total: 27912379 ns
[1214.440s][info ][safepoint      ] Safepoint "Cleanup", Time since last: 2000166431 ns, Reaching safepoint: 5300 ns, Cleanup: 16800 ns, At safepoint: 3000 ns, Total: 25100 ns
[1215.440s][info ][safepoint      ] Safepoint "Cleanup", Time since last: 1000094515 ns, Reaching safepoint: 82201 ns, Cleanup: 10300 ns, At safepoint: 10800 ns, Total: 103301 ns
[1216.441s][info ][safepoint      ] Safepoint "Cleanup", Time since last: 1000061515 ns, Reaching safepoint: 8200 ns, Cleanup: 31700 ns, At safepoint: 3600 ns, Total: 43500 ns
[1218.441s][info ][safepoint      ] Safepoint "Cleanup", Time since last: 2000182831 ns, Reaching safepoint: 79700 ns, Cleanup: 10700 ns, At safepoint: 5900 ns, Total: 96300 ns
[1219.442s][info ][safepoint      ] Safepoint "Cleanup", Time since last: 1001446224 ns, Reaching safepoint: 86801 ns, Cleanup: 26800 ns, At safepoint: 9200 ns, Total: 122801 ns
[1219.762s][info ][gc,start       ] GC(61) Pause Young (Allocation Failure)
[1219.803s][debug][gc,phases      ] GC(61) Scavenge 41.411ms
[1219.804s][debug][gc,ref         ] GC(61) ReferenceProcessor::execute queues: 1, RefProcThreadModel::Single, marks_oops_alive: false
[1219.804s][debug][gc,ref         ] GC(61) Skipped KeepAliveFinalRefsPhase of Reference Processing: no references
[1219.804s][debug][gc,ref         ] GC(61) ReferenceProcessor::execute queues: 1, RefProcThreadModel::Single, marks_oops_alive: false
[1219.804s][debug][gc,phases      ] GC(61) Reference Processing 0.134ms
[1219.804s][debug][gc,phases      ] GC(61)   VM Weak                        Min:  0.0, Avg:  0.0, Max:  0.0, Diff:  0.0, Sum:  0.0, Workers: 4
[1219.804s][debug][gc,phases      ] GC(61)     Dead                           Min: 0, Avg:  0.0, Max: 0, Diff: 0, Sum: 0, Workers: 4
[1219.804s][debug][gc,phases      ] GC(61)     Total                          Min: 0, Avg: 258.5, Max: 768, Diff: 768, Sum: 1034, Workers: 4
[1219.804s][debug][gc,phases      ] GC(61)   ObjectSynchronizer Weak        Min:  0.0, Avg:  0.0, Max:  0.0, Diff:  0.0, Sum:  0.0, Workers: 4
[1219.804s][debug][gc,phases      ] GC(61)     Dead                           Min: 0, Avg:  0.0, Max: 0, Diff: 0, Sum: 0, Workers: 4
[1219.804s][debug][gc,phases      ] GC(61)     Total                          Min: 0, Avg:  1.5, Max: 6, Diff: 6, Sum: 6, Workers: 4
[1219.804s][debug][gc,phases      ] GC(61)   JVMTI Tag Weak OopStorage      Min:  0.0, Avg:  0.0, Max:  0.0, Diff:  0.0, Sum:  0.0, Workers: 4
[1219.804s][debug][gc,phases      ] GC(61)     Dead                           Min: 0, Avg:  0.0, Max: 0, Diff: 0, Sum: 0, Workers: 4
[1219.804s][debug][gc,phases      ] GC(61)     Total                          Min: 0, Avg:  0.0, Max: 0, Diff: 0, Sum: 0, Workers: 4
[1219.804s][debug][gc,phases      ] GC(61)   StringTable Weak               Min:  0.0, Avg:  0.1, Max:  0.2, Diff:  0.2, Sum:  0.5, Workers: 4
[1219.804s][debug][gc,phases      ] GC(61)     Dead                           Min: 0, Avg:  0.8, Max: 3, Diff: 3, Sum: 3, Workers: 4
[1219.804s][debug][gc,phases      ] GC(61)     Total                          Min: 0, Avg: 11719.0, Max: 15680, Diff: 15680, Sum: 46876, Workers: 4
[1219.804s][debug][gc,phases      ] GC(61)   ResolvedMethodTable Weak       Min:  0.0, Avg:  0.1, Max:  0.1, Diff:  0.1, Sum:  0.2, Workers: 4
[1219.804s][debug][gc,phases      ] GC(61)     Dead                           Min: 0, Avg:  1.0, Max: 2, Diff: 2, Sum: 4, Workers: 4
[1219.804s][debug][gc,phases      ] GC(61)     Total                          Min: 0, Avg: 3918.2, Max: 5289, Diff: 5289, Sum: 15673, Workers: 4
[1219.804s][debug][gc,phases      ] GC(61)   JNI Weak                       Min:  0.0, Avg:  0.0, Max:  0.0, Diff:  0.0, Sum:  0.0, Workers: 4
[1219.804s][debug][gc,phases      ] GC(61)     Dead                           Min: 0, Avg:  0.0, Max: 0, Diff: 0, Sum: 0, Workers: 4
[1219.804s][debug][gc,phases      ] GC(61)     Total                          Min: 0, Avg: 14.0, Max: 56, Diff: 56, Sum: 56, Workers: 4
[1219.804s][debug][gc,phases      ] GC(61)   StringDedup Table Weak         Min:  0.0, Avg:  0.0, Max:  0.0, Diff:  0.0, Sum:  0.0, Workers: 4
[1219.804s][debug][gc,phases      ] GC(61)     Dead                           Min: 0, Avg:  0.0, Max: 0, Diff: 0, Sum: 0, Workers: 4
[1219.804s][debug][gc,phases      ] GC(61)     Total                          Min: 0, Avg:  0.0, Max: 0, Diff: 0, Sum: 0, Workers: 4
[1219.804s][debug][gc,phases      ] GC(61)   StringDedup Requests0 Weak     Min:  0.0, Avg:  0.0, Max:  0.0, Diff:  0.0, Sum:  0.0, Workers: 4
[1219.804s][debug][gc,phases      ] GC(61)     Dead                           Min: 0, Avg:  0.0, Max: 0, Diff: 0, Sum: 0, Workers: 4
[1219.804s][debug][gc,phases      ] GC(61)     Total                          Min: 0, Avg:  0.0, Max: 0, Diff: 0, Sum: 0, Workers: 4
[1219.804s][debug][gc,phases      ] GC(61)   StringDedup Requests1 Weak     Min:  0.0, Avg:  0.0, Max:  0.0, Diff:  0.0, Sum:  0.0, Workers: 4
[1219.804s][debug][gc,phases      ] GC(61)     Dead                           Min: 0, Avg:  0.0, Max: 0, Diff: 0, Sum: 0, Workers: 4
[1219.804s][debug][gc,phases      ] GC(61)     Total                          Min: 0, Avg:  0.0, Max: 0, Diff: 0, Sum: 0, Workers: 4
[1219.804s][debug][gc,phases      ] GC(61)   Weak JFR Old Object Samples    Min:  0.0, Avg:  0.0, Max:  0.0, Diff:  0.0, Sum:  0.0, Workers: 4
[1219.804s][debug][gc,phases      ] GC(61)     Dead                           Min: 0, Avg:  0.0, Max: 0, Diff: 0, Sum: 0, Workers: 4
[1219.804s][debug][gc,phases      ] GC(61)     Total                          Min: 0, Avg:  0.0, Max: 0, Diff: 0, Sum: 0, Workers: 4
[1219.804s][debug][gc,phases      ] GC(61) Weak Processing 0.469ms
[1219.804s][debug][gc,age         ] GC(61) Desired survivor size 67633152 bytes, new threshold 1 (max threshold 15)
[1219.804s][info ][gc,heap        ] GC(61) PSYoungGen: 2008912K(2034176K)->44640K(2027008K) Eden: 1973248K(1973248K)->0K(1965056K) From: 35664K(60928K)->44640K(61952K)
[1219.804s][info ][gc,heap        ] GC(61) ParOldGen: 846887K(847360K)->879293K(879616K)
[1219.804s][info ][gc,metaspace   ] GC(61) Metaspace: 107916K(109312K)->107916K(109312K) NonClass: 91686K(92480K)->91686K(92480K) Class: 16230K(16832K)->16230K(16832K)
[1219.804s][info ][gc             ] GC(61) Pause Young (Allocation Failure) 2788M->902M(2838M) 42.163ms
[1219.804s][info ][gc,cpu         ] GC(61) User=0.13s Sys=0.03s Real=0.04s
[1219.804s][info ][safepoint      ] Safepoint "ParallelGCFailedAllocation", Time since last: 319491150 ns, Reaching safepoint: 86900 ns, Cleanup: 14100 ns, At safepoint: 42266371 ns, Total: 42367371 ns
[1220.804s][info ][safepoint      ] Safepoint "Cleanup", Time since last: 1000086623 ns, Reaching safepoint: 5000 ns, Cleanup: 18300 ns, At safepoint: 2800 ns, Total: 26100 ns
[1221.805s][info ][safepoint      ] Safepoint "Cleanup", Time since last: 1000105023 ns, Reaching safepoint: 91200 ns, Cleanup: 8200 ns, At safepoint: 14500 ns, Total: 113900 ns
[1222.805s][info ][safepoint      ] Safepoint "Cleanup", Time since last: 1000101823 ns, Reaching safepoint: 6400 ns, Cleanup: 12500 ns, At safepoint: 2500 ns, Total: 21400 ns
[1223.805s][info ][safepoint      ] Safepoint "Cleanup", Time since last: 1000107923 ns, Reaching safepoint: 83500 ns, Cleanup: 11100 ns, At safepoint: 11101 ns, Total: 105701 ns
[1224.805s][info ][safepoint      ] Safepoint "Cleanup", Time since last: 1000115322 ns, Reaching safepoint: 5500 ns, Cleanup: 16900 ns, At safepoint: 3000 ns, Total: 25400 ns
[1225.805s][info ][safepoint      ] Safepoint "Cleanup", Time since last: 1000105723 ns, Reaching safepoint: 6400 ns, Cleanup: 17000 ns, At safepoint: 2500 ns, Total: 25900 ns
[1226.808s][info ][gc,start       ] GC(62) Pause Young (Allocation Failure)
[1226.840s][debug][gc,phases      ] GC(62) Scavenge 31.268ms
[1226.840s][debug][gc,ref         ] GC(62) ReferenceProcessor::execute queues: 1, RefProcThreadModel::Single, marks_oops_alive: false
[1226.840s][debug][gc,ref         ] GC(62) Skipped KeepAliveFinalRefsPhase of Reference Processing: no references
[1226.840s][debug][gc,ref         ] GC(62) ReferenceProcessor::execute queues: 1, RefProcThreadModel::Single, marks_oops_alive: false
[1226.840s][debug][gc,phases      ] GC(62) Reference Processing 0.096ms
[1226.840s][debug][gc,phases      ] GC(62)   VM Weak                        Min:  0.0, Avg:  0.0, Max:  0.0, Diff:  0.0, Sum:  0.0, Workers: 4
[1226.840s][debug][gc,phases      ] GC(62)     Dead                           Min: 0, Avg:  0.0, Max: 0, Diff: 0, Sum: 0, Workers: 4
[1226.840s][debug][gc,phases      ] GC(62)     Total                          Min: 0, Avg: 258.5, Max: 576, Diff: 576, Sum: 1034, Workers: 4
[1226.840s][debug][gc,phases      ] GC(62)   ObjectSynchronizer Weak        Min:  0.0, Avg:  0.0, Max:  0.0, Diff:  0.0, Sum:  0.0, Workers: 4
[1226.840s][debug][gc,phases      ] GC(62)     Dead                           Min: 0, Avg:  0.0, Max: 0, Diff: 0, Sum: 0, Workers: 4
[1226.840s][debug][gc,phases      ] GC(62)     Total                          Min: 0, Avg:  1.8, Max: 7, Diff: 7, Sum: 7, Workers: 4
[1226.840s][debug][gc,phases      ] GC(62)   JVMTI Tag Weak OopStorage      Min:  0.0, Avg:  0.0, Max:  0.0, Diff:  0.0, Sum:  0.0, Workers: 4
[1226.840s][debug][gc,phases      ] GC(62)     Dead                           Min: 0, Avg:  0.0, Max: 0, Diff: 0, Sum: 0, Workers: 4
[1226.840s][debug][gc,phases      ] GC(62)     Total                          Min: 0, Avg:  0.0, Max: 0, Diff: 0, Sum: 0, Workers: 4
[1226.840s][debug][gc,phases      ] GC(62)   StringTable Weak               Min:  0.0, Avg:  0.1, Max:  0.2, Diff:  0.2, Sum:  0.5, Workers: 4
[1226.840s][debug][gc,phases      ] GC(62)     Dead                           Min: 0, Avg:  0.2, Max: 1, Diff: 1, Sum: 1, Workers: 4
[1226.840s][debug][gc,phases      ] GC(62)     Total                          Min: 0, Avg: 11720.0, Max: 19390, Diff: 19390, Sum: 46880, Workers: 4
[1226.840s][debug][gc,phases      ] GC(62)   ResolvedMethodTable Weak       Min:  0.0, Avg:  0.0, Max:  0.0, Diff:  0.0, Sum:  0.1, Workers: 4
[1226.840s][debug][gc,phases      ] GC(62)     Dead                           Min: 0, Avg:  4.2, Max: 10, Diff: 10, Sum: 17, Workers: 4
[1226.840s][debug][gc,phases      ] GC(62)     Total                          Min: 0, Avg: 3919.8, Max: 6517, Diff: 6517, Sum: 15679, Workers: 4
[1226.840s][debug][gc,phases      ] GC(62)   JNI Weak                       Min:  0.0, Avg:  0.0, Max:  0.0, Diff:  0.0, Sum:  0.0, Workers: 4
[1226.840s][debug][gc,phases      ] GC(62)     Dead                           Min: 0, Avg:  0.0, Max: 0, Diff: 0, Sum: 0, Workers: 4
[1226.840s][debug][gc,phases      ] GC(62)     Total                          Min: 0, Avg: 13.0, Max: 52, Diff: 52, Sum: 52, Workers: 4
[1226.840s][debug][gc,phases      ] GC(62)   StringDedup Table Weak         Min:  0.0, Avg:  0.0, Max:  0.0, Diff:  0.0, Sum:  0.0, Workers: 4
[1226.840s][debug][gc,phases      ] GC(62)     Dead                           Min: 0, Avg:  0.0, Max: 0, Diff: 0, Sum: 0, Workers: 4
[1226.840s][debug][gc,phases      ] GC(62)     Total                          Min: 0, Avg:  0.0, Max: 0, Diff: 0, Sum: 0, Workers: 4
[1226.840s][debug][gc,phases      ] GC(62)   StringDedup Requests0 Weak     Min:  0.0, Avg:  0.0, Max:  0.0, Diff:  0.0, Sum:  0.0, Workers: 4
[1226.840s][debug][gc,phases      ] GC(62)     Dead                           Min: 0, Avg:  0.0, Max: 0, Diff: 0, Sum: 0, Workers: 4
[1226.840s][debug][gc,phases      ] GC(62)     Total                          Min: 0, Avg:  0.0, Max: 0, Diff: 0, Sum: 0, Workers: 4
[1226.840s][debug][gc,phases      ] GC(62)   StringDedup Requests1 Weak     Min:  0.0, Avg:  0.0, Max:  0.0, Diff:  0.0, Sum:  0.0, Workers: 4
[1226.840s][debug][gc,phases      ] GC(62)     Dead                           Min: 0, Avg:  0.0, Max: 0, Diff: 0, Sum: 0, Workers: 4
[1226.840s][debug][gc,phases      ] GC(62)     Total                          Min: 0, Avg:  0.0, Max: 0, Diff: 0, Sum: 0, Workers: 4
[1226.840s][debug][gc,phases      ] GC(62)   Weak JFR Old Object Samples    Min:  0.0, Avg:  0.0, Max:  0.0, Diff:  0.0, Sum:  0.0, Workers: 4
[1226.840s][debug][gc,phases      ] GC(62)     Dead                           Min: 0, Avg:  0.0, Max: 0, Diff: 0, Sum: 0, Workers: 4
[1226.840s][debug][gc,phases      ] GC(62)     Total                          Min: 0, Avg:  0.0, Max: 0, Diff: 0, Sum: 0, Workers: 4
[1226.840s][debug][gc,phases      ] GC(62) Weak Processing 0.387ms
[1226.840s][debug][gc,age         ] GC(62) Desired survivor size 66584576 bytes, new threshold 1 (max threshold 15)
[1226.840s][info ][gc,heap        ] GC(62) PSYoungGen: 2009696K(2027008K)->34816K(2031104K) Eden: 1965056K(1965056K)->0K(1965056K) From: 44640K(61952K)->34816K(66048K)
[1226.840s][info ][gc,heap        ] GC(62) ParOldGen: 879293K(879616K)->920640K(921088K)
[1226.840s][info ][gc,metaspace   ] GC(62) Metaspace: 107929K(109312K)->107929K(109312K) NonClass: 91696K(92480K)->91696K(92480K) Class: 16232K(16832K)->16232K(16832K)
[1226.840s][info ][gc             ] GC(62) Pause Young (Allocation Failure) 2821M->933M(2883M) 31.871ms
[1226.840s][info ][gc,cpu         ] GC(62) User=0.09s Sys=0.02s Real=0.04s
[1226.840s][info ][safepoint      ] Safepoint "ParallelGCFailedAllocation", Time since last: 1003063942 ns, Reaching safepoint: 78401 ns, Cleanup: 3700 ns, At safepoint: 32118906 ns, Total: 32201007 ns
[1227.841s][info ][safepoint      ] Safepoint "Cleanup", Time since last: 1000092022 ns, Reaching safepoint: 78501 ns, Cleanup: 11200 ns, At safepoint: 5600 ns, Total: 95301 ns
[1229.842s][info ][safepoint      ] Safepoint "Cleanup", Time since last: 2001093219 ns, Reaching safepoint: 82700 ns, Cleanup: 7000 ns, At safepoint: 13000 ns, Total: 102700 ns
[1232.842s][info ][safepoint      ] Safepoint "Cleanup", Time since last: 3000231619 ns, Reaching safepoint: 78701 ns, Cleanup: 9300 ns, At safepoint: 8300 ns, Total: 96301 ns
[1234.842s][info ][safepoint      ] Safepoint "Cleanup", Time since last: 2000182212 ns, Reaching safepoint: 5700 ns, Cleanup: 12301 ns, At safepoint: 2500 ns, Total: 20501 ns
[1235.059s][info ][gc,start       ] GC(63) Pause Young (Allocation Failure)
[1235.085s][debug][gc,phases      ] GC(63) Scavenge 26.476ms
[1235.085s][debug][gc,ref         ] GC(63) ReferenceProcessor::execute queues: 1, RefProcThreadModel::Single, marks_oops_alive: false
[1235.085s][debug][gc,ref         ] GC(63) Skipped KeepAliveFinalRefsPhase of Reference Processing: no references
[1235.085s][debug][gc,ref         ] GC(63) Skipped PhantomRefsPhase of Reference Processing: no references
[1235.086s][debug][gc,phases      ] GC(63) Reference Processing 0.096ms
[1235.086s][debug][gc,phases      ] GC(63)   VM Weak                        Min:  0.0, Avg:  0.0, Max:  0.0, Diff:  0.0, Sum:  0.0, Workers: 4
[1235.086s][debug][gc,phases      ] GC(63)     Dead                           Min: 0, Avg:  0.0, Max: 0, Diff: 0, Sum: 0, Workers: 4
[1235.086s][debug][gc,phases      ] GC(63)     Total                          Min: 0, Avg: 258.5, Max: 1024, Diff: 1024, Sum: 1034, Workers: 4
[1235.086s][debug][gc,phases      ] GC(63)   ObjectSynchronizer Weak        Min:  0.0, Avg:  0.0, Max:  0.0, Diff:  0.0, Sum:  0.0, Workers: 4
[1235.086s][debug][gc,phases      ] GC(63)     Dead                           Min: 0, Avg:  0.0, Max: 0, Diff: 0, Sum: 0, Workers: 4
[1235.086s][debug][gc,phases      ] GC(63)     Total                          Min: 0, Avg:  2.0, Max: 8, Diff: 8, Sum: 8, Workers: 4
[1235.086s][debug][gc,phases      ] GC(63)   JVMTI Tag Weak OopStorage      Min:  0.0, Avg:  0.0, Max:  0.0, Diff:  0.0, Sum:  0.0, Workers: 4
[1235.086s][debug][gc,phases      ] GC(63)     Dead                           Min: 0, Avg:  0.0, Max: 0, Diff: 0, Sum: 0, Workers: 4
[1235.086s][debug][gc,phases      ] GC(63)     Total                          Min: 0, Avg:  0.0, Max: 0, Diff: 0, Sum: 0, Workers: 4
[1235.086s][debug][gc,phases      ] GC(63)   StringTable Weak               Min:  0.0, Avg:  0.1, Max:  0.1, Diff:  0.1, Sum:  0.4, Workers: 4
[1235.086s][debug][gc,phases      ] GC(63)     Dead                           Min: 0, Avg:  0.0, Max: 0, Diff: 0, Sum: 0, Workers: 4
[1235.086s][debug][gc,phases      ] GC(63)     Total                          Min: 0, Avg: 11720.0, Max: 20450, Diff: 20450, Sum: 46880, Workers: 4
[1235.086s][debug][gc,phases      ] GC(63)   ResolvedMethodTable Weak       Min:  0.0, Avg:  0.0, Max:  0.0, Diff:  0.0, Sum:  0.1, Workers: 4
[1235.086s][debug][gc,phases      ] GC(63)     Dead                           Min: 0, Avg:  0.0, Max: 0, Diff: 0, Sum: 0, Workers: 4
[1235.086s][debug][gc,phases      ] GC(63)     Total                          Min: 0, Avg: 3919.8, Max: 6755, Diff: 6755, Sum: 15679, Workers: 4
[1235.086s][debug][gc,phases      ] GC(63)   JNI Weak                       Min:  0.0, Avg:  0.0, Max:  0.0, Diff:  0.0, Sum:  0.0, Workers: 4
[1235.086s][debug][gc,phases      ] GC(63)     Dead                           Min: 0, Avg:  0.0, Max: 0, Diff: 0, Sum: 0, Workers: 4
[1235.086s][debug][gc,phases      ] GC(63)     Total                          Min: 0, Avg: 13.0, Max: 52, Diff: 52, Sum: 52, Workers: 4
[1235.086s][debug][gc,phases      ] GC(63)   StringDedup Table Weak         Min:  0.0, Avg:  0.0, Max:  0.0, Diff:  0.0, Sum:  0.0, Workers: 4
[1235.086s][debug][gc,phases      ] GC(63)     Dead                           Min: 0, Avg:  0.0, Max: 0, Diff: 0, Sum: 0, Workers: 4
[1235.086s][debug][gc,phases      ] GC(63)     Total                          Min: 0, Avg:  0.0, Max: 0, Diff: 0, Sum: 0, Workers: 4
[1235.086s][debug][gc,phases      ] GC(63)   StringDedup Requests0 Weak     Min:  0.0, Avg:  0.0, Max:  0.0, Diff:  0.0, Sum:  0.0, Workers: 4
[1235.086s][debug][gc,phases      ] GC(63)     Dead                           Min: 0, Avg:  0.0, Max: 0, Diff: 0, Sum: 0, Workers: 4
[1235.086s][debug][gc,phases      ] GC(63)     Total                          Min: 0, Avg:  0.0, Max: 0, Diff: 0, Sum: 0, Workers: 4
[1235.086s][debug][gc,phases      ] GC(63)   StringDedup Requests1 Weak     Min:  0.0, Avg:  0.0, Max:  0.0, Diff:  0.0, Sum:  0.0, Workers: 4
[1235.086s][debug][gc,phases      ] GC(63)     Dead                           Min: 0, Avg:  0.0, Max: 0, Diff: 0, Sum: 0, Workers: 4
[1235.086s][debug][gc,phases      ] GC(63)     Total                          Min: 0, Avg:  0.0, Max: 0, Diff: 0, Sum: 0, Workers: 4
[1235.086s][debug][gc,phases      ] GC(63)   Weak JFR Old Object Samples    Min:  0.0, Avg:  0.0, Max:  0.0, Diff:  0.0, Sum:  0.0, Workers: 4
[1235.086s][debug][gc,phases      ] GC(63)     Dead                           Min: 0, Avg:  0.0, Max: 0, Diff: 0, Sum: 0, Workers: 4
[1235.086s][debug][gc,phases      ] GC(63)     Total                          Min: 0, Avg:  0.0, Max: 0, Diff: 0, Sum: 0, Workers: 4
[1235.086s][debug][gc,phases      ] GC(63) Weak Processing 0.371ms
[1235.086s][debug][gc,age         ] GC(63) Desired survivor size 62914560 bytes, new threshold 1 (max threshold 15)
[1235.086s][info ][gc,heap        ] GC(63) PSYoungGen: 1999872K(2031104K)->26912K(2035712K) Eden: 1965056K(1965056K)->0K(1970688K) From: 34816K(66048K)->26912K(65024K)
[1235.086s][info ][gc,heap        ] GC(63) ParOldGen: 920640K(921088K)->951439K(951808K)
[1235.086s][info ][gc,metaspace   ] GC(63) Metaspace: 107936K(109312K)->107936K(109312K) NonClass: 91703K(92480K)->91703K(92480K) Class: 16232K(16832K)->16232K(16832K)
[1235.086s][info ][gc             ] GC(63) Pause Young (Allocation Failure) 2852M->955M(2917M) 27.059ms
[1235.086s][info ][gc,cpu         ] GC(63) User=0.08s Sys=0.02s Real=0.03s
[1235.086s][info ][safepoint      ] Safepoint "ParallelGCFailedAllocation", Time since last: 216387886 ns, Reaching safepoint: 80100 ns, Cleanup: 3200 ns, At safepoint: 27147574 ns, Total: 27230874 ns
[1236.086s][info ][safepoint      ] Safepoint "Cleanup", Time since last: 1000085306 ns, Reaching safepoint: 5500 ns, Cleanup: 10300 ns, At safepoint: 2100 ns, Total: 17900 ns
[1237.086s][info ][safepoint      ] Safepoint "Cleanup", Time since last: 1000098807 ns, Reaching safepoint: 6300 ns, Cleanup: 8600 ns, At safepoint: 2600 ns, Total: 17500 ns
[1239.086s][info ][safepoint      ] Safepoint "Cleanup", Time since last: 2000175012 ns, Reaching safepoint: 5300 ns, Cleanup: 9300 ns, At safepoint: 2600 ns, Total: 17200 ns
[1241.087s][info ][safepoint      ] Safepoint "Cleanup", Time since last: 2000173913 ns, Reaching safepoint: 6000 ns, Cleanup: 9200 ns, At safepoint: 2600 ns, Total: 17800 ns
[1242.087s][info ][safepoint      ] Safepoint "Cleanup", Time since last: 1000099006 ns, Reaching safepoint: 5200 ns, Cleanup: 10900 ns, At safepoint: 1900 ns, Total: 18000 ns
[1246.087s][info ][safepoint      ] Safepoint "Cleanup", Time since last: 4000308956 ns, Reaching safepoint: 5800 ns, Cleanup: 11600 ns, At safepoint: 2600 ns, Total: 20000 ns
[1252.087s][info ][safepoint      ] Safepoint "Cleanup", Time since last: 6000442422 ns, Reaching safepoint: 6100 ns, Cleanup: 9800 ns, At safepoint: 2800 ns, Total: 18700 ns
[1253.088s][info ][safepoint      ] Safepoint "Cleanup", Time since last: 1000113030 ns, Reaching safepoint: 6300 ns, Cleanup: 9800 ns, At safepoint: 2400 ns, Total: 18500 ns
[1257.088s][info ][safepoint      ] Safepoint "Cleanup", Time since last: 4000314219 ns, Reaching safepoint: 5500 ns, Cleanup: 7900 ns, At safepoint: 16301 ns, Total: 29701 ns
[1257.815s][info ][gc,start       ] GC(64) Pause Young (Allocation Failure)
[1257.835s][debug][gc,phases      ] GC(64) Scavenge 20.253ms
[1257.835s][debug][gc,ref         ] GC(64) ReferenceProcessor::execute queues: 1, RefProcThreadModel::Single, marks_oops_alive: false
[1257.835s][debug][gc,ref         ] GC(64) Skipped KeepAliveFinalRefsPhase of Reference Processing: no references
[1257.835s][debug][gc,ref         ] GC(64) ReferenceProcessor::execute queues: 1, RefProcThreadModel::Single, marks_oops_alive: false
[1257.835s][debug][gc,phases      ] GC(64) Reference Processing 0.096ms
[1257.835s][debug][gc,phases      ] GC(64)   VM Weak                        Min:  0.0, Avg:  0.0, Max:  0.0, Diff:  0.0, Sum:  0.0, Workers: 4
[1257.835s][debug][gc,phases      ] GC(64)     Dead                           Min: 0, Avg:  0.0, Max: 0, Diff: 0, Sum: 0, Workers: 4
[1257.835s][debug][gc,phases      ] GC(64)     Total                          Min: 0, Avg: 258.5, Max: 714, Diff: 714, Sum: 1034, Workers: 4
[1257.835s][debug][gc,phases      ] GC(64)   ObjectSynchronizer Weak        Min:  0.0, Avg:  0.0, Max:  0.0, Diff:  0.0, Sum:  0.0, Workers: 4
[1257.835s][debug][gc,phases      ] GC(64)     Dead                           Min: 0, Avg:  0.0, Max: 0, Diff: 0, Sum: 0, Workers: 4
[1257.835s][debug][gc,phases      ] GC(64)     Total                          Min: 0, Avg:  2.0, Max: 8, Diff: 8, Sum: 8, Workers: 4
[1257.835s][debug][gc,phases      ] GC(64)   JVMTI Tag Weak OopStorage      Min:  0.0, Avg:  0.0, Max:  0.0, Diff:  0.0, Sum:  0.0, Workers: 4
[1257.835s][debug][gc,phases      ] GC(64)     Dead                           Min: 0, Avg:  0.0, Max: 0, Diff: 0, Sum: 0, Workers: 4
[1257.835s][debug][gc,phases      ] GC(64)     Total                          Min: 0, Avg:  0.0, Max: 0, Diff: 0, Sum: 0, Workers: 4
[1257.835s][debug][gc,phases      ] GC(64)   StringTable Weak               Min:  0.0, Avg:  0.1, Max:  0.1, Diff:  0.1, Sum:  0.4, Workers: 4
[1257.835s][debug][gc,phases      ] GC(64)     Dead                           Min: 0, Avg:  0.2, Max: 1, Diff: 1, Sum: 1, Workers: 4
[1257.835s][debug][gc,phases      ] GC(64)     Total                          Min: 0, Avg: 11721.2, Max: 19967, Diff: 19967, Sum: 46885, Workers: 4
[1257.835s][debug][gc,phases      ] GC(64)   ResolvedMethodTable Weak       Min:  0.0, Avg:  0.0, Max:  0.0, Diff:  0.0, Sum:  0.1, Workers: 4
[1257.835s][debug][gc,phases      ] GC(64)     Dead                           Min: 0, Avg:  4.2, Max: 17, Diff: 17, Sum: 17, Workers: 4
[1257.835s][debug][gc,phases      ] GC(64)     Total                          Min: 0, Avg: 3921.5, Max: 6683, Diff: 6683, Sum: 15686, Workers: 4
[1257.835s][debug][gc,phases      ] GC(64)   JNI Weak                       Min:  0.0, Avg:  0.0, Max:  0.0, Diff:  0.0, Sum:  0.0, Workers: 4
[1257.835s][debug][gc,phases      ] GC(64)     Dead                           Min: 0, Avg:  0.0, Max: 0, Diff: 0, Sum: 0, Workers: 4
[1257.835s][debug][gc,phases      ] GC(64)     Total                          Min: 0, Avg: 13.0, Max: 52, Diff: 52, Sum: 52, Workers: 4
[1257.835s][debug][gc,phases      ] GC(64)   StringDedup Table Weak         Min:  0.0, Avg:  0.0, Max:  0.0, Diff:  0.0, Sum:  0.0, Workers: 4
[1257.835s][debug][gc,phases      ] GC(64)     Dead                           Min: 0, Avg:  0.0, Max: 0, Diff: 0, Sum: 0, Workers: 4
[1257.835s][debug][gc,phases      ] GC(64)     Total                          Min: 0, Avg:  0.0, Max: 0, Diff: 0, Sum: 0, Workers: 4
[1257.835s][debug][gc,phases      ] GC(64)   StringDedup Requests0 Weak     Min:  0.0, Avg:  0.0, Max:  0.0, Diff:  0.0, Sum:  0.0, Workers: 4
[1257.835s][debug][gc,phases      ] GC(64)     Dead                           Min: 0, Avg:  0.0, Max: 0, Diff: 0, Sum: 0, Workers: 4
[1257.835s][debug][gc,phases      ] GC(64)     Total                          Min: 0, Avg:  0.0, Max: 0, Diff: 0, Sum: 0, Workers: 4
[1257.835s][debug][gc,phases      ] GC(64)   StringDedup Requests1 Weak     Min:  0.0, Avg:  0.0, Max:  0.0, Diff:  0.0, Sum:  0.0, Workers: 4
[1257.835s][debug][gc,phases      ] GC(64)     Dead                           Min: 0, Avg:  0.0, Max: 0, Diff: 0, Sum: 0, Workers: 4
[1257.835s][debug][gc,phases      ] GC(64)     Total                          Min: 0, Avg:  0.0, Max: 0, Diff: 0, Sum: 0, Workers: 4
[1257.835s][debug][gc,phases      ] GC(64)   Weak JFR Old Object Samples    Min:  0.0, Avg:  0.0, Max:  0.0, Diff:  0.0, Sum:  0.0, Workers: 4
[1257.835s][debug][gc,phases      ] GC(64)     Dead                           Min: 0, Avg:  0.0, Max: 0, Diff: 0, Sum: 0, Workers: 4
[1257.835s][debug][gc,phases      ] GC(64)     Total                          Min: 0, Avg:  0.0, Max: 0, Diff: 0, Sum: 0, Workers: 4
[1257.835s][debug][gc,phases      ] GC(64) Weak Processing 0.341ms
[1257.835s][debug][gc,age         ] GC(64) Desired survivor size 61865984 bytes, new threshold 1 (max threshold 15)
[1257.835s][info ][gc,heap        ] GC(64) PSYoungGen: 1997600K(2035712K)->11728K(2032128K) Eden: 1970688K(1970688K)->0K(1970688K) From: 26912K(65024K)->11728K(61440K)
[1257.835s][info ][gc,heap        ] GC(64) ParOldGen: 951439K(951808K)->975329K(975360K)
[1257.835s][info ][gc,metaspace   ] GC(64) Metaspace: 107965K(109312K)->107965K(109312K) NonClass: 91730K(92480K)->91730K(92480K) Class: 16235K(16832K)->16235K(16832K)
[1257.835s][info ][gc             ] GC(64) Pause Young (Allocation Failure) 2879M->963M(2937M) 20.806ms
[1257.835s][info ][gc,cpu         ] GC(64) User=0.06s Sys=0.01s Real=0.02s
[1257.836s][info ][safepoint      ] Safepoint "ParallelGCFailedAllocation", Time since last: 726691472 ns, Reaching safepoint: 5700 ns, Cleanup: 3100 ns, At safepoint: 20869634 ns, Total: 20878434 ns
[1258.836s][info ][safepoint      ] Safepoint "Cleanup", Time since last: 1000090130 ns, Reaching safepoint: 79500 ns, Cleanup: 9200 ns, At safepoint: 13001 ns, Total: 101701 ns
[1261.566s][info ][safepoint      ] Safepoint "Cleanup", Time since last: 2729875839 ns, Reaching safepoint: 6900 ns, Cleanup: 11900 ns, At safepoint: 2600 ns, Total: 21400 ns
[1263.566s][info ][safepoint      ] Safepoint "Cleanup", Time since last: 2000198446 ns, Reaching safepoint: 6500 ns, Cleanup: 10700 ns, At safepoint: 2200 ns, Total: 19400 ns
[1266.566s][info ][safepoint      ] Safepoint "Cleanup", Time since last: 3000280168 ns, Reaching safepoint: 78300 ns, Cleanup: 22201 ns, At safepoint: 9000 ns, Total: 109501 ns
[1268.566s][info ][safepoint      ] Safepoint "Cleanup", Time since last: 2000165764 ns, Reaching safepoint: 7300 ns, Cleanup: 29200 ns, At safepoint: 3700 ns, Total: 40200 ns
[1269.567s][info ][safepoint      ] Safepoint "Cleanup", Time since last: 1000122651 ns, Reaching safepoint: 6800 ns, Cleanup: 12800 ns, At safepoint: 2900 ns, Total: 22500 ns
[1270.493s][info ][gc,start       ] GC(65) Pause Young (Allocation Failure)
[1270.512s][debug][gc,phases      ] GC(65) Scavenge 19.120ms
[1270.512s][debug][gc,ref         ] GC(65) ReferenceProcessor::execute queues: 1, RefProcThreadModel::Single, marks_oops_alive: false
[1270.512s][debug][gc,ref         ] GC(65) Skipped KeepAliveFinalRefsPhase of Reference Processing: no references
[1270.512s][debug][gc,ref         ] GC(65) ReferenceProcessor::execute queues: 1, RefProcThreadModel::Single, marks_oops_alive: false
[1270.512s][debug][gc,phases      ] GC(65) Reference Processing 0.100ms
[1270.512s][debug][gc,phases      ] GC(65)   VM Weak                        Min:  0.0, Avg:  0.0, Max:  0.0, Diff:  0.0, Sum:  0.0, Workers: 4
[1270.512s][debug][gc,phases      ] GC(65)     Dead                           Min: 0, Avg:  0.0, Max: 0, Diff: 0, Sum: 0, Workers: 4
[1270.512s][debug][gc,phases      ] GC(65)     Total                          Min: 0, Avg: 258.5, Max: 768, Diff: 768, Sum: 1034, Workers: 4
[1270.512s][debug][gc,phases      ] GC(65)   ObjectSynchronizer Weak        Min:  0.0, Avg:  0.0, Max:  0.0, Diff:  0.0, Sum:  0.0, Workers: 4
[1270.512s][debug][gc,phases      ] GC(65)     Dead                           Min: 0, Avg:  0.0, Max: 0, Diff: 0, Sum: 0, Workers: 4
[1270.512s][debug][gc,phases      ] GC(65)     Total                          Min: 0, Avg:  1.5, Max: 6, Diff: 6, Sum: 6, Workers: 4
[1270.512s][debug][gc,phases      ] GC(65)   JVMTI Tag Weak OopStorage      Min:  0.0, Avg:  0.0, Max:  0.0, Diff:  0.0, Sum:  0.0, Workers: 4
[1270.512s][debug][gc,phases      ] GC(65)     Dead                           Min: 0, Avg:  0.0, Max: 0, Diff: 0, Sum: 0, Workers: 4
[1270.512s][debug][gc,phases      ] GC(65)     Total                          Min: 0, Avg:  0.0, Max: 0, Diff: 0, Sum: 0, Workers: 4
[1270.512s][debug][gc,phases      ] GC(65)   StringTable Weak               Min:  0.0, Avg:  0.1, Max:  0.1, Diff:  0.1, Sum:  0.4, Workers: 4
[1270.512s][debug][gc,phases      ] GC(65)     Dead                           Min: 0, Avg:  0.2, Max: 1, Diff: 1, Sum: 1, Workers: 4
[1270.512s][debug][gc,phases      ] GC(65)     Total                          Min: 0, Avg: 11746.5, Max: 20544, Diff: 20544, Sum: 46986, Workers: 4
[1270.512s][debug][gc,phases      ] GC(65)   ResolvedMethodTable Weak       Min:  0.0, Avg:  0.0, Max:  0.0, Diff:  0.0, Sum:  0.1, Workers: 4
[1270.512s][debug][gc,phases      ] GC(65)     Dead                           Min: 0, Avg:  4.8, Max: 16, Diff: 16, Sum: 19, Workers: 4
[1270.512s][debug][gc,phases      ] GC(65)     Total                          Min: 0, Avg: 3924.0, Max: 6667, Diff: 6667, Sum: 15696, Workers: 4
[1270.512s][debug][gc,phases      ] GC(65)   JNI Weak                       Min:  0.0, Avg:  0.0, Max:  0.0, Diff:  0.0, Sum:  0.0, Workers: 4
[1270.512s][debug][gc,phases      ] GC(65)     Dead                           Min: 0, Avg:  0.0, Max: 0, Diff: 0, Sum: 0, Workers: 4
[1270.512s][debug][gc,phases      ] GC(65)     Total                          Min: 0, Avg: 13.0, Max: 52, Diff: 52, Sum: 52, Workers: 4
[1270.512s][debug][gc,phases      ] GC(65)   StringDedup Table Weak         Min:  0.0, Avg:  0.0, Max:  0.0, Diff:  0.0, Sum:  0.0, Workers: 4
[1270.512s][debug][gc,phases      ] GC(65)     Dead                           Min: 0, Avg:  0.0, Max: 0, Diff: 0, Sum: 0, Workers: 4
[1270.512s][debug][gc,phases      ] GC(65)     Total                          Min: 0, Avg:  0.0, Max: 0, Diff: 0, Sum: 0, Workers: 4
[1270.512s][debug][gc,phases      ] GC(65)   StringDedup Requests0 Weak     Min:  0.0, Avg:  0.0, Max:  0.0, Diff:  0.0, Sum:  0.0, Workers: 4
[1270.512s][debug][gc,phases      ] GC(65)     Dead                           Min: 0, Avg:  0.0, Max: 0, Diff: 0, Sum: 0, Workers: 4
[1270.512s][debug][gc,phases      ] GC(65)     Total                          Min: 0, Avg:  0.0, Max: 0, Diff: 0, Sum: 0, Workers: 4
[1270.512s][debug][gc,phases      ] GC(65)   StringDedup Requests1 Weak     Min:  0.0, Avg:  0.0, Max:  0.0, Diff:  0.0, Sum:  0.0, Workers: 4
[1270.512s][debug][gc,phases      ] GC(65)     Dead                           Min: 0, Avg:  0.0, Max: 0, Diff: 0, Sum: 0, Workers: 4
[1270.512s][debug][gc,phases      ] GC(65)     Total                          Min: 0, Avg:  0.0, Max: 0, Diff: 0, Sum: 0, Workers: 4
[1270.512s][debug][gc,phases      ] GC(65)   Weak JFR Old Object Samples    Min:  0.0, Avg:  0.0, Max:  0.0, Diff:  0.0, Sum:  0.0, Workers: 4
[1270.512s][debug][gc,phases      ] GC(65)     Dead                           Min: 0, Avg:  0.0, Max: 0, Diff: 0, Sum: 0, Workers: 4
[1270.512s][debug][gc,phases      ] GC(65)     Total                          Min: 0, Avg:  0.0, Max: 0, Diff: 0, Sum: 0, Workers: 4
[1270.512s][debug][gc,phases      ] GC(65) Weak Processing 0.394ms
[1270.512s][debug][gc,age         ] GC(65) Desired survivor size 61865984 bytes, new threshold 1 (max threshold 15)
[1270.512s][info ][gc,heap        ] GC(65) PSYoungGen: 1982416K(2032128K)->35200K(2036736K) Eden: 1970688K(1970688K)->0K(1976320K) From: 11728K(61440K)->35200K(60416K)
[1270.512s][info ][gc,heap        ] GC(65) ParOldGen: 975329K(975360K)->984112K(984576K)
[1270.512s][info ][gc,metaspace   ] GC(65) Metaspace: 108111K(109440K)->108111K(109440K) NonClass: 91861K(92608K)->91861K(92608K) Class: 16249K(16832K)->16249K(16832K)
[1270.512s][info ][gc             ] GC(65) Pause Young (Allocation Failure) 2888M->995M(2950M) 19.727ms
[1270.512s][info ][gc,cpu         ] GC(65) User=0.07s Sys=0.01s Real=0.02s
[1270.513s][info ][safepoint      ] Safepoint "ParallelGCFailedAllocation", Time since last: 926122073 ns, Reaching safepoint: 6000 ns, Cleanup: 11601 ns, At safepoint: 19800127 ns, Total: 19817728 ns
[1271.513s][info ][safepoint      ] Safepoint "Cleanup", Time since last: 1000080951 ns, Reaching safepoint: 76000 ns, Cleanup: 16100 ns, At safepoint: 4600 ns, Total: 96700 ns
[1272.513s][info ][safepoint      ] Safepoint "Cleanup", Time since last: 1000092351 ns, Reaching safepoint: 76100 ns, Cleanup: 12500 ns, At safepoint: 5400 ns, Total: 94000 ns
[1273.513s][info ][safepoint      ] Safepoint "Cleanup", Time since last: 1000095651 ns, Reaching safepoint: 79501 ns, Cleanup: 6000 ns, At safepoint: 16000 ns, Total: 101501 ns
[1274.513s][info ][safepoint      ] Safepoint "Cleanup", Time since last: 1000111750 ns, Reaching safepoint: 80601 ns, Cleanup: 19100 ns, At safepoint: 9100 ns, Total: 108801 ns
[1275.517s][info ][safepoint      ] Safepoint "Cleanup", Time since last: 1003573773 ns, Reaching safepoint: 86401 ns, Cleanup: 15000 ns, At safepoint: 20400 ns, Total: 121801 ns
[1276.517s][info ][safepoint      ] Safepoint "Cleanup", Time since last: 1000109569 ns, Reaching safepoint: 5300 ns, Cleanup: 12700 ns, At safepoint: 2500 ns, Total: 20500 ns
[1278.342s][info ][gc,start       ] GC(66) Pause Young (Allocation Failure)
[1278.372s][debug][gc,phases      ] GC(66) Scavenge 30.428ms
[1278.372s][debug][gc,ref         ] GC(66) ReferenceProcessor::execute queues: 1, RefProcThreadModel::Single, marks_oops_alive: false
[1278.372s][debug][gc,ref         ] GC(66) Skipped KeepAliveFinalRefsPhase of Reference Processing: no references
[1278.372s][debug][gc,ref         ] GC(66) ReferenceProcessor::execute queues: 1, RefProcThreadModel::Single, marks_oops_alive: false
[1278.372s][debug][gc,phases      ] GC(66) Reference Processing 0.093ms
[1278.373s][debug][gc,phases      ] GC(66)   VM Weak                        Min:  0.0, Avg:  0.0, Max:  0.0, Diff:  0.0, Sum:  0.0, Workers: 4
[1278.373s][debug][gc,phases      ] GC(66)     Dead                           Min: 0, Avg:  0.0, Max: 0, Diff: 0, Sum: 0, Workers: 4
[1278.373s][debug][gc,phases      ] GC(66)     Total                          Min: 0, Avg: 258.5, Max: 448, Diff: 448, Sum: 1034, Workers: 4
[1278.373s][debug][gc,phases      ] GC(66)   ObjectSynchronizer Weak        Min:  0.0, Avg:  0.0, Max:  0.0, Diff:  0.0, Sum:  0.0, Workers: 4
[1278.373s][debug][gc,phases      ] GC(66)     Dead                           Min: 0, Avg:  0.0, Max: 0, Diff: 0, Sum: 0, Workers: 4
[1278.373s][debug][gc,phases      ] GC(66)     Total                          Min: 0, Avg:  1.5, Max: 6, Diff: 6, Sum: 6, Workers: 4
[1278.373s][debug][gc,phases      ] GC(66)   JVMTI Tag Weak OopStorage      Min:  0.0, Avg:  0.0, Max:  0.0, Diff:  0.0, Sum:  0.0, Workers: 4
[1278.373s][debug][gc,phases      ] GC(66)     Dead                           Min: 0, Avg:  0.0, Max: 0, Diff: 0, Sum: 0, Workers: 4
[1278.373s][debug][gc,phases      ] GC(66)     Total                          Min: 0, Avg:  0.0, Max: 0, Diff: 0, Sum: 0, Workers: 4
[1278.373s][debug][gc,phases      ] GC(66)   StringTable Weak               Min:  0.0, Avg:  0.1, Max:  0.1, Diff:  0.1, Sum:  0.4, Workers: 4
[1278.373s][debug][gc,phases      ] GC(66)     Dead                           Min: 0, Avg:  0.0, Max: 0, Diff: 0, Sum: 0, Workers: 4
[1278.373s][debug][gc,phases      ] GC(66)     Total                          Min: 0, Avg: 11750.2, Max: 19840, Diff: 19840, Sum: 47001, Workers: 4
[1278.373s][debug][gc,phases      ] GC(66)   ResolvedMethodTable Weak       Min:  0.0, Avg:  0.0, Max:  0.0, Diff:  0.0, Sum:  0.1, Workers: 4
[1278.373s][debug][gc,phases      ] GC(66)     Dead                           Min: 0, Avg:  0.5, Max: 2, Diff: 2, Sum: 2, Workers: 4
[1278.373s][debug][gc,phases      ] GC(66)     Total                          Min: 0, Avg: 3925.2, Max: 6699, Diff: 6699, Sum: 15701, Workers: 4
[1278.373s][debug][gc,phases      ] GC(66)   JNI Weak                       Min:  0.0, Avg:  0.0, Max:  0.0, Diff:  0.0, Sum:  0.0, Workers: 4
[1278.373s][debug][gc,phases      ] GC(66)     Dead                           Min: 0, Avg:  0.0, Max: 0, Diff: 0, Sum: 0, Workers: 4
[1278.373s][debug][gc,phases      ] GC(66)     Total                          Min: 0, Avg: 13.0, Max: 52, Diff: 52, Sum: 52, Workers: 4
[1278.373s][debug][gc,phases      ] GC(66)   StringDedup Table Weak         Min:  0.0, Avg:  0.0, Max:  0.0, Diff:  0.0, Sum:  0.0, Workers: 4
[1278.373s][debug][gc,phases      ] GC(66)     Dead                           Min: 0, Avg:  0.0, Max: 0, Diff: 0, Sum: 0, Workers: 4
[1278.373s][debug][gc,phases      ] GC(66)     Total                          Min: 0, Avg:  0.0, Max: 0, Diff: 0, Sum: 0, Workers: 4
[1278.373s][debug][gc,phases      ] GC(66)   StringDedup Requests0 Weak     Min:  0.0, Avg:  0.0, Max:  0.0, Diff:  0.0, Sum:  0.0, Workers: 4
[1278.373s][debug][gc,phases      ] GC(66)     Dead                           Min: 0, Avg:  0.0, Max: 0, Diff: 0, Sum: 0, Workers: 4
[1278.373s][debug][gc,phases      ] GC(66)     Total                          Min: 0, Avg:  0.0, Max: 0, Diff: 0, Sum: 0, Workers: 4
[1278.373s][debug][gc,phases      ] GC(66)   StringDedup Requests1 Weak     Min:  0.0, Avg:  0.0, Max:  0.0, Diff:  0.0, Sum:  0.0, Workers: 4
[1278.373s][debug][gc,phases      ] GC(66)     Dead                           Min: 0, Avg:  0.0, Max: 0, Diff: 0, Sum: 0, Workers: 4
[1278.373s][debug][gc,phases      ] GC(66)     Total                          Min: 0, Avg:  0.0, Max: 0, Diff: 0, Sum: 0, Workers: 4
[1278.373s][debug][gc,phases      ] GC(66)   Weak JFR Old Object Samples    Min:  0.0, Avg:  0.0, Max:  0.0, Diff:  0.0, Sum:  0.0, Workers: 4
[1278.373s][debug][gc,phases      ] GC(66)     Dead                           Min: 0, Avg:  0.0, Max: 0, Diff: 0, Sum: 0, Workers: 4
[1278.373s][debug][gc,phases      ] GC(66)     Total                          Min: 0, Avg:  0.0, Max: 0, Diff: 0, Sum: 0, Workers: 4
[1278.373s][debug][gc,phases      ] GC(66) Weak Processing 0.356ms
[1278.373s][debug][gc,age         ] GC(66) Desired survivor size 61865984 bytes, new threshold 1 (max threshold 15)
[1278.373s][info ][gc,heap        ] GC(66) PSYoungGen: 2011520K(2036736K)->34528K(2036736K) Eden: 1976320K(1976320K)->0K(1976320K) From: 35200K(60416K)->34528K(60416K)
[1278.373s][info ][gc,heap        ] GC(66) ParOldGen: 984112K(984576K)->1016096K(1016320K)
[1278.373s][info ][gc,metaspace   ] GC(66) Metaspace: 108161K(109504K)->108161K(109504K) NonClass: 91910K(92672K)->91910K(92672K) Class: 16250K(16832K)->16250K(16832K)
[1278.373s][info ][gc             ] GC(66) Pause Young (Allocation Failure) 2925M->1026M(2981M) 31.023ms
[1278.373s][info ][gc,cpu         ] GC(66) User=0.10s Sys=0.01s Real=0.03s
[1278.373s][info ][safepoint      ] Safepoint "ParallelGCFailedAllocation", Time since last: 1824671723 ns, Reaching safepoint: 5100 ns, Cleanup: 7800 ns, At safepoint: 31106402 ns, Total: 31119302 ns
[1279.373s][info ][safepoint      ] Safepoint "Cleanup", Time since last: 1000083980 ns, Reaching safepoint: 5400 ns, Cleanup: 10900 ns, At safepoint: 1900 ns, Total: 18200 ns
[1280.373s][info ][safepoint      ] Safepoint "Cleanup", Time since last: 1000098080 ns, Reaching safepoint: 6201 ns, Cleanup: 6700 ns, At safepoint: 2700 ns, Total: 15601 ns
[1282.375s][info ][safepoint      ] Safepoint "Cleanup", Time since last: 2001506369 ns, Reaching safepoint: 5900 ns, Cleanup: 9400 ns, At safepoint: 2700 ns, Total: 18000 ns
[1283.376s][info ][safepoint      ] Safepoint "Cleanup", Time since last: 1001275688 ns, Reaching safepoint: 84500 ns, Cleanup: 24200 ns, At safepoint: 14401 ns, Total: 123101 ns
[1284.378s][info ][safepoint      ] Safepoint "Cleanup", Time since last: 1002254272 ns, Reaching safepoint: 81800 ns, Cleanup: 8200 ns, At safepoint: 17301 ns, Total: 107301 ns
[1284.677s][info ][gc,start       ] GC(67) Pause Young (Allocation Failure)
[1284.706s][debug][gc,phases      ] GC(67) Scavenge 28.967ms
[1284.706s][debug][gc,ref         ] GC(67) ReferenceProcessor::execute queues: 1, RefProcThreadModel::Single, marks_oops_alive: false
[1284.706s][debug][gc,ref         ] GC(67) Skipped KeepAliveFinalRefsPhase of Reference Processing: no references
[1284.706s][debug][gc,ref         ] GC(67) ReferenceProcessor::execute queues: 1, RefProcThreadModel::Single, marks_oops_alive: false
[1284.706s][debug][gc,phases      ] GC(67) Reference Processing 0.095ms
[1284.706s][debug][gc,phases      ] GC(67)   VM Weak                        Min:  0.0, Avg:  0.0, Max:  0.0, Diff:  0.0, Sum:  0.0, Workers: 4
[1284.706s][debug][gc,phases      ] GC(67)     Dead                           Min: 0, Avg:  0.0, Max: 0, Diff: 0, Sum: 0, Workers: 4
[1284.706s][debug][gc,phases      ] GC(67)     Total                          Min: 0, Avg: 258.5, Max: 522, Diff: 522, Sum: 1034, Workers: 4
[1284.706s][debug][gc,phases      ] GC(67)   ObjectSynchronizer Weak        Min:  0.0, Avg:  0.0, Max:  0.0, Diff:  0.0, Sum:  0.0, Workers: 4
[1284.706s][debug][gc,phases      ] GC(67)     Dead                           Min: 0, Avg:  0.0, Max: 0, Diff: 0, Sum: 0, Workers: 4
[1284.706s][debug][gc,phases      ] GC(67)     Total                          Min: 0, Avg:  1.5, Max: 6, Diff: 6, Sum: 6, Workers: 4
[1284.706s][debug][gc,phases      ] GC(67)   JVMTI Tag Weak OopStorage      Min:  0.0, Avg:  0.0, Max:  0.0, Diff:  0.0, Sum:  0.0, Workers: 4
[1284.706s][debug][gc,phases      ] GC(67)     Dead                           Min: 0, Avg:  0.0, Max: 0, Diff: 0, Sum: 0, Workers: 4
[1284.706s][debug][gc,phases      ] GC(67)     Total                          Min: 0, Avg:  0.0, Max: 0, Diff: 0, Sum: 0, Workers: 4
[1284.706s][debug][gc,phases      ] GC(67)   StringTable Weak               Min:  0.0, Avg:  0.1, Max:  0.1, Diff:  0.1, Sum:  0.4, Workers: 4
[1284.706s][debug][gc,phases      ] GC(67)     Dead                           Min: 0, Avg:  0.0, Max: 0, Diff: 0, Sum: 0, Workers: 4
[1284.706s][debug][gc,phases      ] GC(67)     Total                          Min: 0, Avg: 11751.0, Max: 20544, Diff: 20544, Sum: 47004, Workers: 4
[1284.706s][debug][gc,phases      ] GC(67)   ResolvedMethodTable Weak       Min:  0.0, Avg:  0.0, Max:  0.0, Diff:  0.0, Sum:  0.1, Workers: 4
[1284.706s][debug][gc,phases      ] GC(67)     Dead                           Min: 0, Avg:  0.2, Max: 1, Diff: 1, Sum: 1, Workers: 4
[1284.706s][debug][gc,phases      ] GC(67)     Total                          Min: 0, Avg: 3925.8, Max: 6376, Diff: 6376, Sum: 15703, Workers: 4
[1284.706s][debug][gc,phases      ] GC(67)   JNI Weak                       Min:  0.0, Avg:  0.0, Max:  0.0, Diff:  0.0, Sum:  0.0, Workers: 4
[1284.706s][debug][gc,phases      ] GC(67)     Dead                           Min: 0, Avg:  0.0, Max: 0, Diff: 0, Sum: 0, Workers: 4
[1284.706s][debug][gc,phases      ] GC(67)     Total                          Min: 0, Avg: 13.0, Max: 52, Diff: 52, Sum: 52, Workers: 4
[1284.706s][debug][gc,phases      ] GC(67)   StringDedup Table Weak         Min:  0.0, Avg:  0.0, Max:  0.0, Diff:  0.0, Sum:  0.0, Workers: 4
[1284.706s][debug][gc,phases      ] GC(67)     Dead                           Min: 0, Avg:  0.0, Max: 0, Diff: 0, Sum: 0, Workers: 4
[1284.706s][debug][gc,phases      ] GC(67)     Total                          Min: 0, Avg:  0.0, Max: 0, Diff: 0, Sum: 0, Workers: 4
[1284.706s][debug][gc,phases      ] GC(67)   StringDedup Requests0 Weak     Min:  0.0, Avg:  0.0, Max:  0.0, Diff:  0.0, Sum:  0.0, Workers: 4
[1284.706s][debug][gc,phases      ] GC(67)     Dead                           Min: 0, Avg:  0.0, Max: 0, Diff: 0, Sum: 0, Workers: 4
[1284.706s][debug][gc,phases      ] GC(67)     Total                          Min: 0, Avg:  0.0, Max: 0, Diff: 0, Sum: 0, Workers: 4
[1284.706s][debug][gc,phases      ] GC(67)   StringDedup Requests1 Weak     Min:  0.0, Avg:  0.0, Max:  0.0, Diff:  0.0, Sum:  0.0, Workers: 4
[1284.706s][debug][gc,phases      ] GC(67)     Dead                           Min: 0, Avg:  0.0, Max: 0, Diff: 0, Sum: 0, Workers: 4
[1284.706s][debug][gc,phases      ] GC(67)     Total                          Min: 0, Avg:  0.0, Max: 0, Diff: 0, Sum: 0, Workers: 4
[1284.706s][debug][gc,phases      ] GC(67)   Weak JFR Old Object Samples    Min:  0.0, Avg:  0.0, Max:  0.0, Diff:  0.0, Sum:  0.0, Workers: 4
[1284.706s][debug][gc,phases      ] GC(67)     Dead                           Min: 0, Avg:  0.0, Max: 0, Diff: 0, Sum: 0, Workers: 4
[1284.707s][debug][gc,phases      ] GC(67)     Total                          Min: 0, Avg:  0.0, Max: 0, Diff: 0, Sum: 0, Workers: 4
[1284.707s][debug][gc,phases      ] GC(67) Weak Processing 0.342ms
[1284.707s][debug][gc,age         ] GC(67) Desired survivor size 62390272 bytes, new threshold 1 (max threshold 15)
[1284.707s][info ][gc,heap        ] GC(67) PSYoungGen: 2010848K(2036736K)->37712K(2035712K) Eden: 1976320K(1976320K)->0K(1975296K) From: 34528K(60416K)->37712K(60416K)
[1284.707s][info ][gc,heap        ] GC(67) ParOldGen: 1016096K(1016320K)->1047464K(1047552K)
[1284.707s][info ][gc,metaspace   ] GC(67) Metaspace: 108178K(109504K)->108178K(109504K) NonClass: 91926K(92672K)->91926K(92672K) Class: 16251K(16832K)->16251K(16832K)
[1284.707s][info ][gc             ] GC(67) Pause Young (Allocation Failure) 2956M->1059M(3011M) 29.524ms
[1284.707s][info ][gc,cpu         ] GC(67) User=0.09s Sys=0.02s Real=0.03s
[1284.707s][info ][safepoint      ] Safepoint "ParallelGCFailedAllocation", Time since last: 298494984 ns, Reaching safepoint: 81600 ns, Cleanup: 10200 ns, At safepoint: 29597097 ns, Total: 29688897 ns
[1285.707s][info ][safepoint      ] Safepoint "Cleanup", Time since last: 1000089748 ns, Reaching safepoint: 6400 ns, Cleanup: 11401 ns, At safepoint: 2900 ns, Total: 20701 ns
[1286.707s][info ][safepoint      ] Safepoint "Cleanup", Time since last: 1000102448 ns, Reaching safepoint: 80000 ns, Cleanup: 102001 ns, At safepoint: 7800 ns, Total: 189801 ns
[1287.709s][info ][safepoint      ] Safepoint "Cleanup", Time since last: 1001534158 ns, Reaching safepoint: 101101 ns, Cleanup: 95600 ns, At safepoint: 13000 ns, Total: 209701 ns
[1288.709s][info ][safepoint      ] Safepoint "Cleanup", Time since last: 1000111449 ns, Reaching safepoint: 78500 ns, Cleanup: 40700 ns, At safepoint: 10400 ns, Total: 129600 ns
[1289.709s][info ][safepoint      ] Safepoint "Cleanup", Time since last: 1000103349 ns, Reaching safepoint: 5500 ns, Cleanup: 45700 ns, At safepoint: 2600 ns, Total: 53800 ns
[1290.012s][info ][gc,start       ] GC(68) Pause Young (Allocation Failure)
[1290.043s][debug][gc,phases      ] GC(68) Scavenge 30.526ms
[1290.043s][debug][gc,ref         ] GC(68) ReferenceProcessor::execute queues: 1, RefProcThreadModel::Single, marks_oops_alive: false
[1290.043s][debug][gc,ref         ] GC(68) Skipped KeepAliveFinalRefsPhase of Reference Processing: no references
[1290.043s][debug][gc,ref         ] GC(68) ReferenceProcessor::execute queues: 1, RefProcThreadModel::Single, marks_oops_alive: false
[1290.043s][debug][gc,phases      ] GC(68) Reference Processing 0.129ms
[1290.043s][debug][gc,phases      ] GC(68)   VM Weak                        Min:  0.0, Avg:  0.0, Max:  0.0, Diff:  0.0, Sum:  0.0, Workers: 4
[1290.043s][debug][gc,phases      ] GC(68)     Dead                           Min: 0, Avg:  0.0, Max: 0, Diff: 0, Sum: 0, Workers: 4
[1290.043s][debug][gc,phases      ] GC(68)     Total                          Min: 0, Avg: 267.0, Max: 876, Diff: 876, Sum: 1068, Workers: 4
[1290.043s][debug][gc,phases      ] GC(68)   ObjectSynchronizer Weak        Min:  0.0, Avg:  0.0, Max:  0.0, Diff:  0.0, Sum:  0.0, Workers: 4
[1290.043s][debug][gc,phases      ] GC(68)     Dead                           Min: 0, Avg:  0.0, Max: 0, Diff: 0, Sum: 0, Workers: 4
[1290.043s][debug][gc,phases      ] GC(68)     Total                          Min: 0, Avg:  1.5, Max: 6, Diff: 6, Sum: 6, Workers: 4
[1290.043s][debug][gc,phases      ] GC(68)   JVMTI Tag Weak OopStorage      Min:  0.0, Avg:  0.0, Max:  0.0, Diff:  0.0, Sum:  0.0, Workers: 4
[1290.043s][debug][gc,phases      ] GC(68)     Dead                           Min: 0, Avg:  0.0, Max: 0, Diff: 0, Sum: 0, Workers: 4
[1290.043s][debug][gc,phases      ] GC(68)     Total                          Min: 0, Avg:  0.0, Max: 0, Diff: 0, Sum: 0, Workers: 4
[1290.043s][debug][gc,phases      ] GC(68)   StringTable Weak               Min:  0.0, Avg:  0.1, Max:  0.1, Diff:  0.1, Sum:  0.4, Workers: 4
[1290.043s][debug][gc,phases      ] GC(68)     Dead                           Min: 0, Avg:  0.8, Max: 3, Diff: 3, Sum: 3, Workers: 4
[1290.043s][debug][gc,phases      ] GC(68)     Total                          Min: 0, Avg: 11769.0, Max: 19876, Diff: 19876, Sum: 47076, Workers: 4
[1290.043s][debug][gc,phases      ] GC(68)   ResolvedMethodTable Weak       Min:  0.0, Avg:  0.0, Max:  0.0, Diff:  0.0, Sum:  0.1, Workers: 4
[1290.043s][debug][gc,phases      ] GC(68)     Dead                           Min: 0, Avg:  3.2, Max: 7, Diff: 7, Sum: 13, Workers: 4
[1290.043s][debug][gc,phases      ] GC(68)     Total                          Min: 0, Avg: 3972.5, Max: 6565, Diff: 6565, Sum: 15890, Workers: 4
[1290.043s][debug][gc,phases      ] GC(68)   JNI Weak                       Min:  0.0, Avg:  0.0, Max:  0.0, Diff:  0.0, Sum:  0.0, Workers: 4
[1290.043s][debug][gc,phases      ] GC(68)     Dead                           Min: 0, Avg:  0.0, Max: 0, Diff: 0, Sum: 0, Workers: 4
[1290.043s][debug][gc,phases      ] GC(68)     Total                          Min: 0, Avg: 13.0, Max: 52, Diff: 52, Sum: 52, Workers: 4
[1290.043s][debug][gc,phases      ] GC(68)   StringDedup Table Weak         Min:  0.0, Avg:  0.0, Max:  0.0, Diff:  0.0, Sum:  0.0, Workers: 4
[1290.043s][debug][gc,phases      ] GC(68)     Dead                           Min: 0, Avg:  0.0, Max: 0, Diff: 0, Sum: 0, Workers: 4
[1290.043s][debug][gc,phases      ] GC(68)     Total                          Min: 0, Avg:  0.0, Max: 0, Diff: 0, Sum: 0, Workers: 4
[1290.043s][debug][gc,phases      ] GC(68)   StringDedup Requests0 Weak     Min:  0.0, Avg:  0.0, Max:  0.0, Diff:  0.0, Sum:  0.0, Workers: 4
[1290.043s][debug][gc,phases      ] GC(68)     Dead                           Min: 0, Avg:  0.0, Max: 0, Diff: 0, Sum: 0, Workers: 4
[1290.043s][debug][gc,phases      ] GC(68)     Total                          Min: 0, Avg:  0.0, Max: 0, Diff: 0, Sum: 0, Workers: 4
[1290.043s][debug][gc,phases      ] GC(68)   StringDedup Requests1 Weak     Min:  0.0, Avg:  0.0, Max:  0.0, Diff:  0.0, Sum:  0.0, Workers: 4
[1290.043s][debug][gc,phases      ] GC(68)     Dead                           Min: 0, Avg:  0.0, Max: 0, Diff: 0, Sum: 0, Workers: 4
[1290.043s][debug][gc,phases      ] GC(68)     Total                          Min: 0, Avg:  0.0, Max: 0, Diff: 0, Sum: 0, Workers: 4
[1290.043s][debug][gc,phases      ] GC(68)   Weak JFR Old Object Samples    Min:  0.0, Avg:  0.0, Max:  0.0, Diff:  0.0, Sum:  0.0, Workers: 4
[1290.043s][debug][gc,phases      ] GC(68)     Dead                           Min: 0, Avg:  0.0, Max: 0, Diff: 0, Sum: 0, Workers: 4
[1290.043s][debug][gc,phases      ] GC(68)     Total                          Min: 0, Avg:  0.0, Max: 0, Diff: 0, Sum: 0, Workers: 4
[1290.043s][debug][gc,phases      ] GC(68) Weak Processing 0.343ms
[1290.043s][debug][gc,age         ] GC(68) Desired survivor size 61865984 bytes, new threshold 1 (max threshold 15)
[1290.043s][info ][gc,heap        ] GC(68) PSYoungGen: 2013008K(2035712K)->35536K(2036224K) Eden: 1975296K(1975296K)->0K(1975296K) From: 37712K(60416K)->35536K(60928K)
[1290.043s][info ][gc,heap        ] GC(68) ParOldGen: 1047464K(1047552K)->1080021K(1080320K)
[1290.043s][info ][gc,metaspace   ] GC(68) Metaspace: 108470K(109888K)->108470K(109888K) NonClass: 92162K(92992K)->92162K(92992K) Class: 16307K(16896K)->16307K(16896K)
[1290.043s][info ][gc             ] GC(68) Pause Young (Allocation Failure) 2988M->1089M(3043M) 31.106ms
[1290.043s][info ][gc,cpu         ] GC(68) User=0.09s Sys=0.02s Real=0.03s
[1290.044s][info ][safepoint      ] Safepoint "ParallelGCFailedAllocation", Time since last: 302976114 ns, Reaching safepoint: 83401 ns, Cleanup: 7300 ns, At safepoint: 31664810 ns, Total: 31755511 ns
[1291.044s][info ][safepoint      ] Safepoint "Cleanup", Time since last: 1000096449 ns, Reaching safepoint: 5400 ns, Cleanup: 37800 ns, At safepoint: 3000 ns, Total: 46200 ns
[1292.044s][info ][safepoint      ] Safepoint "Cleanup", Time since last: 1000098781 ns, Reaching safepoint: 78801 ns, Cleanup: 29300 ns, At safepoint: 6800 ns, Total: 114901 ns
[1293.044s][info ][safepoint      ] Safepoint "Cleanup", Time since last: 1000103436 ns, Reaching safepoint: 5500 ns, Cleanup: 17100 ns, At safepoint: 2600 ns, Total: 25200 ns
[1294.046s][info ][safepoint      ] Safepoint "Cleanup", Time since last: 1001507446 ns, Reaching safepoint: 86301 ns, Cleanup: 10700 ns, At safepoint: 16800 ns, Total: 113801 ns
[1295.047s][info ][safepoint      ] Safepoint "Cleanup", Time since last: 1000886042 ns, Reaching safepoint: 87600 ns, Cleanup: 43701 ns, At safepoint: 14700 ns, Total: 146001 ns
[1295.947s][info ][gc,start       ] GC(69) Pause Young (Allocation Failure)
[1295.977s][debug][gc,phases      ] GC(69) Scavenge 30.196ms
[1295.977s][debug][gc,ref         ] GC(69) ReferenceProcessor::execute queues: 1, RefProcThreadModel::Single, marks_oops_alive: false
[1295.977s][debug][gc,ref         ] GC(69) Skipped KeepAliveFinalRefsPhase of Reference Processing: no references
[1295.977s][debug][gc,ref         ] GC(69) ReferenceProcessor::execute queues: 1, RefProcThreadModel::Single, marks_oops_alive: false
[1295.977s][debug][gc,phases      ] GC(69) Reference Processing 0.112ms
[1295.978s][debug][gc,phases      ] GC(69)   VM Weak                        Min:  0.0, Avg:  0.0, Max:  0.0, Diff:  0.0, Sum:  0.0, Workers: 4
[1295.978s][debug][gc,phases      ] GC(69)     Dead                           Min: 0, Avg:  0.0, Max: 0, Diff: 0, Sum: 0, Workers: 4
[1295.978s][debug][gc,phases      ] GC(69)     Total                          Min: 0, Avg: 269.0, Max: 768, Diff: 768, Sum: 1076, Workers: 4
[1295.978s][debug][gc,phases      ] GC(69)   ObjectSynchronizer Weak        Min:  0.0, Avg:  0.0, Max:  0.0, Diff:  0.0, Sum:  0.0, Workers: 4
[1295.978s][debug][gc,phases      ] GC(69)     Dead                           Min: 0, Avg:  0.0, Max: 0, Diff: 0, Sum: 0, Workers: 4
[1295.978s][debug][gc,phases      ] GC(69)     Total                          Min: 0, Avg:  1.5, Max: 6, Diff: 6, Sum: 6, Workers: 4
[1295.978s][debug][gc,phases      ] GC(69)   JVMTI Tag Weak OopStorage      Min:  0.0, Avg:  0.0, Max:  0.0, Diff:  0.0, Sum:  0.0, Workers: 4
[1295.978s][debug][gc,phases      ] GC(69)     Dead                           Min: 0, Avg:  0.0, Max: 0, Diff: 0, Sum: 0, Workers: 4
[1295.978s][debug][gc,phases      ] GC(69)     Total                          Min: 0, Avg:  0.0, Max: 0, Diff: 0, Sum: 0, Workers: 4
[1295.978s][debug][gc,phases      ] GC(69)   StringTable Weak               Min:  0.1, Avg:  0.1, Max:  0.1, Diff:  0.0, Sum:  0.5, Workers: 4
[1295.978s][debug][gc,phases      ] GC(69)     Dead                           Min: 0, Avg:  0.2, Max: 1, Diff: 1, Sum: 1, Workers: 4
[1295.978s][debug][gc,phases      ] GC(69)     Total                          Min: 11392, Avg: 11774.2, Max: 12026, Diff: 634, Sum: 47097, Workers: 4
[1295.978s][debug][gc,phases      ] GC(69)   ResolvedMethodTable Weak       Min:  0.0, Avg:  0.0, Max:  0.0, Diff:  0.0, Sum:  0.2, Workers: 4
[1295.978s][debug][gc,phases      ] GC(69)     Dead                           Min: 0, Avg:  5.2, Max: 12, Diff: 12, Sum: 21, Workers: 4
[1295.978s][debug][gc,phases      ] GC(69)     Total                          Min: 3702, Avg: 3984.8, Max: 4238, Diff: 536, Sum: 15939, Workers: 4
[1295.978s][debug][gc,phases      ] GC(69)   JNI Weak                       Min:  0.0, Avg:  0.0, Max:  0.0, Diff:  0.0, Sum:  0.0, Workers: 4
[1295.978s][debug][gc,phases      ] GC(69)     Dead                           Min: 0, Avg:  0.0, Max: 0, Diff: 0, Sum: 0, Workers: 4
[1295.978s][debug][gc,phases      ] GC(69)     Total                          Min: 0, Avg: 13.0, Max: 52, Diff: 52, Sum: 52, Workers: 4
[1295.978s][debug][gc,phases      ] GC(69)   StringDedup Table Weak         Min:  0.0, Avg:  0.0, Max:  0.0, Diff:  0.0, Sum:  0.0, Workers: 4
[1295.978s][debug][gc,phases      ] GC(69)     Dead                           Min: 0, Avg:  0.0, Max: 0, Diff: 0, Sum: 0, Workers: 4
[1295.978s][debug][gc,phases      ] GC(69)     Total                          Min: 0, Avg:  0.0, Max: 0, Diff: 0, Sum: 0, Workers: 4
[1295.978s][debug][gc,phases      ] GC(69)   StringDedup Requests0 Weak     Min:  0.0, Avg:  0.0, Max:  0.0, Diff:  0.0, Sum:  0.0, Workers: 4
[1295.978s][debug][gc,phases      ] GC(69)     Dead                           Min: 0, Avg:  0.0, Max: 0, Diff: 0, Sum: 0, Workers: 4
[1295.978s][debug][gc,phases      ] GC(69)     Total                          Min: 0, Avg:  0.0, Max: 0, Diff: 0, Sum: 0, Workers: 4
[1295.978s][debug][gc,phases      ] GC(69)   StringDedup Requests1 Weak     Min:  0.0, Avg:  0.0, Max:  0.0, Diff:  0.0, Sum:  0.0, Workers: 4
[1295.978s][debug][gc,phases      ] GC(69)     Dead                           Min: 0, Avg:  0.0, Max: 0, Diff: 0, Sum: 0, Workers: 4
[1295.978s][debug][gc,phases      ] GC(69)     Total                          Min: 0, Avg:  0.0, Max: 0, Diff: 0, Sum: 0, Workers: 4
[1295.978s][debug][gc,phases      ] GC(69)   Weak JFR Old Object Samples    Min:  0.0, Avg:  0.0, Max:  0.0, Diff:  0.0, Sum:  0.0, Workers: 4
[1295.978s][debug][gc,phases      ] GC(69)     Dead                           Min: 0, Avg:  0.0, Max: 0, Diff: 0, Sum: 0, Workers: 4
[1295.978s][debug][gc,phases      ] GC(69)     Total                          Min: 0, Avg:  0.0, Max: 0, Diff: 0, Sum: 0, Workers: 4
[1295.978s][debug][gc,phases      ] GC(69) Weak Processing 0.326ms
[1295.978s][debug][gc,age         ] GC(69) Desired survivor size 60293120 bytes, new threshold 1 (max threshold 15)
[1295.978s][info ][gc,heap        ] GC(69) PSYoungGen: 2010832K(2036224K)->34240K(2038272K) Eden: 1975296K(1975296K)->0K(1977856K) From: 35536K(60928K)->34240K(60416K)
[1295.978s][info ][gc,heap        ] GC(69) ParOldGen: 1080021K(1080320K)->1112149K(1112576K)
[1295.978s][info ][gc,metaspace   ] GC(69) Metaspace: 108633K(110016K)->108633K(110016K) NonClass: 92310K(93120K)->92310K(93120K) Class: 16322K(16896K)->16322K(16896K)
[1295.978s][info ][gc             ] GC(69) Pause Young (Allocation Failure) 3018M->1119M(3077M) 30.753ms
[1295.978s][info ][gc,cpu         ] GC(69) User=0.09s Sys=0.02s Real=0.03s
[1295.978s][info ][safepoint      ] Safepoint "ParallelGCFailedAllocation", Time since last: 899898641 ns, Reaching safepoint: 4900 ns, Cleanup: 29300 ns, At safepoint: 30824514 ns, Total: 30858714 ns
[1296.979s][info ][safepoint      ] Safepoint "Cleanup", Time since last: 1000805141 ns, Reaching safepoint: 84701 ns, Cleanup: 7700 ns, At safepoint: 17300 ns, Total: 109701 ns
[1297.979s][info ][safepoint      ] Safepoint "Cleanup", Time since last: 1000443239 ns, Reaching safepoint: 82500 ns, Cleanup: 14000 ns, At safepoint: 16400 ns, Total: 112900 ns
[1298.979s][info ][safepoint      ] Safepoint "Cleanup", Time since last: 1000116337 ns, Reaching safepoint: 5900 ns, Cleanup: 21100 ns, At safepoint: 3200 ns, Total: 30200 ns
[1299.980s][info ][safepoint      ] Safepoint "Cleanup", Time since last: 1000110305 ns, Reaching safepoint: 76807 ns, Cleanup: 18102 ns, At safepoint: 5300 ns, Total: 100209 ns
[1300.980s][info ][safepoint      ] Safepoint "Cleanup", Time since last: 1000096938 ns, Reaching safepoint: 5700 ns, Cleanup: 10100 ns, At safepoint: 2400 ns, Total: 18200 ns
[1301.980s][info ][safepoint      ] Safepoint "Cleanup", Time since last: 1000097650 ns, Reaching safepoint: 6100 ns, Cleanup: 12800 ns, At safepoint: 2500 ns, Total: 21400 ns
[1302.980s][info ][safepoint      ] Safepoint "Cleanup", Time since last: 1000123750 ns, Reaching safepoint: 6400 ns, Cleanup: 10300 ns, At safepoint: 3000 ns, Total: 19700 ns
[1303.980s][info ][safepoint      ] Safepoint "Cleanup", Time since last: 1000111450 ns, Reaching safepoint: 6200 ns, Cleanup: 13800 ns, At safepoint: 2200 ns, Total: 22200 ns
[1304.168s][info ][gc,start       ] GC(70) Pause Young (Allocation Failure)
[1304.195s][debug][gc,phases      ] GC(70) Scavenge 27.071ms
[1304.195s][debug][gc,ref         ] GC(70) ReferenceProcessor::execute queues: 1, RefProcThreadModel::Single, marks_oops_alive: false
[1304.195s][debug][gc,ref         ] GC(70) Skipped KeepAliveFinalRefsPhase of Reference Processing: no references
[1304.195s][debug][gc,ref         ] GC(70) ReferenceProcessor::execute queues: 1, RefProcThreadModel::Single, marks_oops_alive: false
[1304.195s][debug][gc,phases      ] GC(70) Reference Processing 0.090ms
[1304.196s][debug][gc,phases      ] GC(70)   VM Weak                        Min:  0.0, Avg:  0.0, Max:  0.0, Diff:  0.0, Sum:  0.0, Workers: 4
[1304.196s][debug][gc,phases      ] GC(70)     Dead                           Min: 0, Avg:  0.0, Max: 0, Diff: 0, Sum: 0, Workers: 4
[1304.196s][debug][gc,phases      ] GC(70)     Total                          Min: 0, Avg: 269.0, Max: 576, Diff: 576, Sum: 1076, Workers: 4
[1304.196s][debug][gc,phases      ] GC(70)   ObjectSynchronizer Weak        Min:  0.0, Avg:  0.0, Max:  0.0, Diff:  0.0, Sum:  0.0, Workers: 4
[1304.196s][debug][gc,phases      ] GC(70)     Dead                           Min: 0, Avg:  0.0, Max: 0, Diff: 0, Sum: 0, Workers: 4
[1304.196s][debug][gc,phases      ] GC(70)     Total                          Min: 0, Avg:  1.8, Max: 7, Diff: 7, Sum: 7, Workers: 4
[1304.196s][debug][gc,phases      ] GC(70)   JVMTI Tag Weak OopStorage      Min:  0.0, Avg:  0.0, Max:  0.0, Diff:  0.0, Sum:  0.0, Workers: 4
[1304.196s][debug][gc,phases      ] GC(70)     Dead                           Min: 0, Avg:  0.0, Max: 0, Diff: 0, Sum: 0, Workers: 4
[1304.196s][debug][gc,phases      ] GC(70)     Total                          Min: 0, Avg:  0.0, Max: 0, Diff: 0, Sum: 0, Workers: 4
[1304.196s][debug][gc,phases      ] GC(70)   StringTable Weak               Min:  0.0, Avg:  0.1, Max:  0.1, Diff:  0.1, Sum:  0.4, Workers: 4
[1304.196s][debug][gc,phases      ] GC(70)     Dead                           Min: 0, Avg:  0.8, Max: 3, Diff: 3, Sum: 3, Workers: 4
[1304.196s][debug][gc,phases      ] GC(70)     Total                          Min: 0, Avg: 11775.8, Max: 20031, Diff: 20031, Sum: 47103, Workers: 4
[1304.196s][debug][gc,phases      ] GC(70)   ResolvedMethodTable Weak       Min:  0.0, Avg:  0.0, Max:  0.1, Diff:  0.1, Sum:  0.2, Workers: 4
[1304.196s][debug][gc,phases      ] GC(70)     Dead                           Min: 0, Avg:  4.2, Max: 17, Diff: 17, Sum: 17, Workers: 4
[1304.196s][debug][gc,phases      ] GC(70)     Total                          Min: 0, Avg: 3988.0, Max: 6722, Diff: 6722, Sum: 15952, Workers: 4
[1304.196s][debug][gc,phases      ] GC(70)   JNI Weak                       Min:  0.0, Avg:  0.0, Max:  0.0, Diff:  0.0, Sum:  0.0, Workers: 4
[1304.196s][debug][gc,phases      ] GC(70)     Dead                           Min: 0, Avg:  0.0, Max: 0, Diff: 0, Sum: 0, Workers: 4
[1304.196s][debug][gc,phases      ] GC(70)     Total                          Min: 0, Avg: 13.0, Max: 52, Diff: 52, Sum: 52, Workers: 4
[1304.196s][debug][gc,phases      ] GC(70)   StringDedup Table Weak         Min:  0.0, Avg:  0.0, Max:  0.0, Diff:  0.0, Sum:  0.0, Workers: 4
[1304.196s][debug][gc,phases      ] GC(70)     Dead                           Min: 0, Avg:  0.0, Max: 0, Diff: 0, Sum: 0, Workers: 4
[1304.196s][debug][gc,phases      ] GC(70)     Total                          Min: 0, Avg:  0.0, Max: 0, Diff: 0, Sum: 0, Workers: 4
[1304.196s][debug][gc,phases      ] GC(70)   StringDedup Requests0 Weak     Min:  0.0, Avg:  0.0, Max:  0.0, Diff:  0.0, Sum:  0.0, Workers: 4
[1304.196s][debug][gc,phases      ] GC(70)     Dead                           Min: 0, Avg:  0.0, Max: 0, Diff: 0, Sum: 0, Workers: 4
[1304.196s][debug][gc,phases      ] GC(70)     Total                          Min: 0, Avg:  0.0, Max: 0, Diff: 0, Sum: 0, Workers: 4
[1304.196s][debug][gc,phases      ] GC(70)   StringDedup Requests1 Weak     Min:  0.0, Avg:  0.0, Max:  0.0, Diff:  0.0, Sum:  0.0, Workers: 4
[1304.196s][debug][gc,phases      ] GC(70)     Dead                           Min: 0, Avg:  0.0, Max: 0, Diff: 0, Sum: 0, Workers: 4
[1304.196s][debug][gc,phases      ] GC(70)     Total                          Min: 0, Avg:  0.0, Max: 0, Diff: 0, Sum: 0, Workers: 4
[1304.196s][debug][gc,phases      ] GC(70)   Weak JFR Old Object Samples    Min:  0.0, Avg:  0.0, Max:  0.0, Diff:  0.0, Sum:  0.0, Workers: 4
[1304.196s][debug][gc,phases      ] GC(70)     Dead                           Min: 0, Avg:  0.0, Max: 0, Diff: 0, Sum: 0, Workers: 4
[1304.196s][debug][gc,phases      ] GC(70)     Total                          Min: 0, Avg:  0.0, Max: 0, Diff: 0, Sum: 0, Workers: 4
[1304.196s][debug][gc,phases      ] GC(70) Weak Processing 0.361ms
[1304.196s][debug][gc,age         ] GC(70) Desired survivor size 57671680 bytes, new threshold 1 (max threshold 15)
[1304.196s][info ][gc,heap        ] GC(70) PSYoungGen: 2012096K(2038272K)->27440K(2036736K) Eden: 1977856K(1977856K)->0K(1977856K) From: 34240K(60416K)->27440K(58880K)
[1304.196s][info ][gc,heap        ] GC(70) ParOldGen: 1112149K(1112576K)->1143082K(1143296K)
[1304.196s][info ][gc,metaspace   ] GC(70) Metaspace: 108690K(110080K)->108690K(110080K) NonClass: 92366K(93184K)->92366K(93184K) Class: 16324K(16896K)->16324K(16896K)
[1304.196s][info ][gc             ] GC(70) Pause Young (Allocation Failure) 3051M->1143M(3105M) 27.664ms
[1304.196s][info ][gc,cpu         ] GC(70) User=0.08s Sys=0.02s Real=0.03s
[1304.196s][info ][safepoint      ] Safepoint "ParallelGCFailedAllocation", Time since last: 188051732 ns, Reaching safepoint: 5900 ns, Cleanup: 3700 ns, At safepoint: 27740482 ns, Total: 27750082 ns
[1305.196s][info ][safepoint      ] Safepoint "Cleanup", Time since last: 1000081749 ns, Reaching safepoint: 5400 ns, Cleanup: 14100 ns, At safepoint: 2300 ns, Total: 21800 ns
[1306.196s][info ][safepoint      ] Safepoint "Cleanup", Time since last: 1000099850 ns, Reaching safepoint: 5900 ns, Cleanup: 9200 ns, At safepoint: 2700 ns, Total: 17800 ns
[1307.196s][info ][safepoint      ] Safepoint "Cleanup", Time since last: 1000106150 ns, Reaching safepoint: 6400 ns, Cleanup: 12400 ns, At safepoint: 2700 ns, Total: 21500 ns
[1308.196s][info ][safepoint      ] Safepoint "Cleanup", Time since last: 1000110396 ns, Reaching safepoint: 80102 ns, Cleanup: 20200 ns, At safepoint: 11900 ns, Total: 112202 ns
[1309.197s][info ][safepoint      ] Safepoint "Cleanup", Time since last: 1000114600 ns, Reaching safepoint: 80202 ns, Cleanup: 22100 ns, At safepoint: 8900 ns, Total: 111202 ns
[1310.197s][info ][safepoint      ] Safepoint "Cleanup", Time since last: 1000107974 ns, Reaching safepoint: 6900 ns, Cleanup: 14200 ns, At safepoint: 2900 ns, Total: 24000 ns
[1311.197s][info ][safepoint      ] Safepoint "Cleanup", Time since last: 1000121961 ns, Reaching safepoint: 5500 ns, Cleanup: 6801 ns, At safepoint: 2200 ns, Total: 14501 ns
[1312.197s][info ][safepoint      ] Safepoint "Cleanup", Time since last: 1000094661 ns, Reaching safepoint: 5600 ns, Cleanup: 7100 ns, At safepoint: 2700 ns, Total: 15400 ns
[1313.197s][info ][safepoint      ] Safepoint "Cleanup", Time since last: 1000102262 ns, Reaching safepoint: 80100 ns, Cleanup: 17000 ns, At safepoint: 12001 ns, Total: 109101 ns
[1314.130s][info ][gc,start       ] GC(71) Pause Young (Allocation Failure)
[1314.153s][debug][gc,phases      ] GC(71) Scavenge 22.914ms
[1314.153s][debug][gc,ref         ] GC(71) ReferenceProcessor::execute queues: 1, RefProcThreadModel::Single, marks_oops_alive: false
[1314.153s][debug][gc,ref         ] GC(71) Skipped KeepAliveFinalRefsPhase of Reference Processing: no references
[1314.153s][debug][gc,ref         ] GC(71) ReferenceProcessor::execute queues: 1, RefProcThreadModel::Single, marks_oops_alive: false
[1314.153s][debug][gc,phases      ] GC(71) Reference Processing 0.098ms
[1314.153s][debug][gc,phases      ] GC(71)   VM Weak                        Min:  0.0, Avg:  0.0, Max:  0.0, Diff:  0.0, Sum:  0.0, Workers: 4
[1314.153s][debug][gc,phases      ] GC(71)     Dead                           Min: 0, Avg:  0.0, Max: 0, Diff: 0, Sum: 0, Workers: 4
[1314.153s][debug][gc,phases      ] GC(71)     Total                          Min: 0, Avg: 269.2, Max: 821, Diff: 821, Sum: 1077, Workers: 4
[1314.153s][debug][gc,phases      ] GC(71)   ObjectSynchronizer Weak        Min:  0.0, Avg:  0.0, Max:  0.0, Diff:  0.0, Sum:  0.0, Workers: 4
[1314.153s][debug][gc,phases      ] GC(71)     Dead                           Min: 0, Avg:  0.0, Max: 0, Diff: 0, Sum: 0, Workers: 4
[1314.153s][debug][gc,phases      ] GC(71)     Total                          Min: 0, Avg:  1.8, Max: 7, Diff: 7, Sum: 7, Workers: 4
[1314.153s][debug][gc,phases      ] GC(71)   JVMTI Tag Weak OopStorage      Min:  0.0, Avg:  0.0, Max:  0.0, Diff:  0.0, Sum:  0.0, Workers: 4
[1314.153s][debug][gc,phases      ] GC(71)     Dead                           Min: 0, Avg:  0.0, Max: 0, Diff: 0, Sum: 0, Workers: 4
[1314.153s][debug][gc,phases      ] GC(71)     Total                          Min: 0, Avg:  0.0, Max: 0, Diff: 0, Sum: 0, Workers: 4
[1314.153s][debug][gc,phases      ] GC(71)   StringTable Weak               Min:  0.0, Avg:  0.1, Max:  0.1, Diff:  0.1, Sum:  0.4, Workers: 4
[1314.153s][debug][gc,phases      ] GC(71)     Dead                           Min: 0, Avg:  0.2, Max: 1, Diff: 1, Sum: 1, Workers: 4
[1314.153s][debug][gc,phases      ] GC(71)     Total                          Min: 0, Avg: 11780.5, Max: 20352, Diff: 20352, Sum: 47122, Workers: 4
[1314.153s][debug][gc,phases      ] GC(71)   ResolvedMethodTable Weak       Min:  0.0, Avg:  0.0, Max:  0.0, Diff:  0.0, Sum:  0.1, Workers: 4
[1314.153s][debug][gc,phases      ] GC(71)     Dead                           Min: 0, Avg:  1.0, Max: 4, Diff: 4, Sum: 4, Workers: 4
[1314.153s][debug][gc,phases      ] GC(71)     Total                          Min: 0, Avg: 3996.0, Max: 6700, Diff: 6700, Sum: 15984, Workers: 4
[1314.153s][debug][gc,phases      ] GC(71)   JNI Weak                       Min:  0.0, Avg:  0.0, Max:  0.0, Diff:  0.0, Sum:  0.0, Workers: 4
[1314.153s][debug][gc,phases      ] GC(71)     Dead                           Min: 0, Avg:  0.0, Max: 0, Diff: 0, Sum: 0, Workers: 4
[1314.153s][debug][gc,phases      ] GC(71)     Total                          Min: 0, Avg: 13.0, Max: 52, Diff: 52, Sum: 52, Workers: 4
[1314.153s][debug][gc,phases      ] GC(71)   StringDedup Table Weak         Min:  0.0, Avg:  0.0, Max:  0.0, Diff:  0.0, Sum:  0.0, Workers: 4
[1314.153s][debug][gc,phases      ] GC(71)     Dead                           Min: 0, Avg:  0.0, Max: 0, Diff: 0, Sum: 0, Workers: 4
[1314.153s][debug][gc,phases      ] GC(71)     Total                          Min: 0, Avg:  0.0, Max: 0, Diff: 0, Sum: 0, Workers: 4
[1314.153s][debug][gc,phases      ] GC(71)   StringDedup Requests0 Weak     Min:  0.0, Avg:  0.0, Max:  0.0, Diff:  0.0, Sum:  0.0, Workers: 4
[1314.153s][debug][gc,phases      ] GC(71)     Dead                           Min: 0, Avg:  0.0, Max: 0, Diff: 0, Sum: 0, Workers: 4
[1314.153s][debug][gc,phases      ] GC(71)     Total                          Min: 0, Avg:  0.0, Max: 0, Diff: 0, Sum: 0, Workers: 4
[1314.153s][debug][gc,phases      ] GC(71)   StringDedup Requests1 Weak     Min:  0.0, Avg:  0.0, Max:  0.0, Diff:  0.0, Sum:  0.0, Workers: 4
[1314.153s][debug][gc,phases      ] GC(71)     Dead                           Min: 0, Avg:  0.0, Max: 0, Diff: 0, Sum: 0, Workers: 4
[1314.153s][debug][gc,phases      ] GC(71)     Total                          Min: 0, Avg:  0.0, Max: 0, Diff: 0, Sum: 0, Workers: 4
[1314.153s][debug][gc,phases      ] GC(71)   Weak JFR Old Object Samples    Min:  0.0, Avg:  0.0, Max:  0.0, Diff:  0.0, Sum:  0.0, Workers: 4
[1314.153s][debug][gc,phases      ] GC(71)     Dead                           Min: 0, Avg:  0.0, Max: 0, Diff: 0, Sum: 0, Workers: 4
[1314.153s][debug][gc,phases      ] GC(71)     Total                          Min: 0, Avg:  0.0, Max: 0, Diff: 0, Sum: 0, Workers: 4
[1314.153s][debug][gc,phases      ] GC(71) Weak Processing 0.355ms
[1314.153s][debug][gc,age         ] GC(71) Desired survivor size 55574528 bytes, new threshold 1 (max threshold 15)
[1314.153s][info ][gc,heap        ] GC(71) PSYoungGen: 2005296K(2036736K)->26890K(2042880K) Eden: 1977856K(1977856K)->0K(1986560K) From: 27440K(58880K)->26890K(56320K)
[1314.153s][info ][gc,heap        ] GC(71) ParOldGen: 1143082K(1143296K)->1167062K(1167360K)
[1314.153s][info ][gc,metaspace   ] GC(71) Metaspace: 108786K(110272K)->108786K(110272K) NonClass: 92451K(93312K)->92451K(93312K) Class: 16335K(16960K)->16335K(16960K)
[1314.153s][info ][gc             ] GC(71) Pause Young (Allocation Failure) 3074M->1165M(3135M) 23.483ms
[1314.153s][info ][gc,cpu         ] GC(71) User=0.07s Sys=0.02s Real=0.02s
[1314.154s][info ][safepoint      ] Safepoint "ParallelGCFailedAllocation", Time since last: 932539616 ns, Reaching safepoint: 89801 ns, Cleanup: 10800 ns, At safepoint: 23568690 ns, Total: 23669291 ns
[1315.154s][info ][safepoint      ] Safepoint "Cleanup", Time since last: 1000088862 ns, Reaching safepoint: 5900 ns, Cleanup: 18100 ns, At safepoint: 3200 ns, Total: 27200 ns
[1316.154s][info ][safepoint      ] Safepoint "Cleanup", Time since last: 1000097768 ns, Reaching safepoint: 5401 ns, Cleanup: 8600 ns, At safepoint: 2000 ns, Total: 16001 ns
[1317.154s][info ][safepoint      ] Safepoint "Cleanup", Time since last: 1000097462 ns, Reaching safepoint: 78500 ns, Cleanup: 31801 ns, At safepoint: 6000 ns, Total: 116301 ns
[1318.154s][info ][safepoint      ] Safepoint "Cleanup", Time since last: 1000131262 ns, Reaching safepoint: 5800 ns, Cleanup: 46001 ns, At safepoint: 18700 ns, Total: 70501 ns
[1318.832s][info ][gc,start       ] GC(72) Pause Young (CodeCache GC Threshold)
[1318.852s][debug][gc,phases      ] GC(72) Scavenge 20.386ms
[1318.852s][debug][gc,ref         ] GC(72) ReferenceProcessor::execute queues: 1, RefProcThreadModel::Single, marks_oops_alive: false
[1318.852s][debug][gc,ref         ] GC(72) Skipped KeepAliveFinalRefsPhase of Reference Processing: no references
[1318.852s][debug][gc,ref         ] GC(72) ReferenceProcessor::execute queues: 1, RefProcThreadModel::Single, marks_oops_alive: false
[1318.852s][debug][gc,phases      ] GC(72) Reference Processing 0.098ms
[1318.853s][debug][gc,phases      ] GC(72)   VM Weak                        Min:  0.0, Avg:  0.0, Max:  0.0, Diff:  0.0, Sum:  0.0, Workers: 4
[1318.853s][debug][gc,phases      ] GC(72)     Dead                           Min: 0, Avg:  0.0, Max: 0, Diff: 0, Sum: 0, Workers: 4
[1318.853s][debug][gc,phases      ] GC(72)     Total                          Min: 0, Avg: 269.5, Max: 576, Diff: 576, Sum: 1078, Workers: 4
[1318.853s][debug][gc,phases      ] GC(72)   ObjectSynchronizer Weak        Min:  0.0, Avg:  0.0, Max:  0.0, Diff:  0.0, Sum:  0.0, Workers: 4
[1318.853s][debug][gc,phases      ] GC(72)     Dead                           Min: 0, Avg:  0.0, Max: 0, Diff: 0, Sum: 0, Workers: 4
[1318.853s][debug][gc,phases      ] GC(72)     Total                          Min: 0, Avg:  1.8, Max: 7, Diff: 7, Sum: 7, Workers: 4
[1318.853s][debug][gc,phases      ] GC(72)   JVMTI Tag Weak OopStorage      Min:  0.0, Avg:  0.0, Max:  0.0, Diff:  0.0, Sum:  0.0, Workers: 4
[1318.853s][debug][gc,phases      ] GC(72)     Dead                           Min: 0, Avg:  0.0, Max: 0, Diff: 0, Sum: 0, Workers: 4
[1318.853s][debug][gc,phases      ] GC(72)     Total                          Min: 0, Avg:  0.0, Max: 0, Diff: 0, Sum: 0, Workers: 4
[1318.853s][debug][gc,phases      ] GC(72)   StringTable Weak               Min:  0.0, Avg:  0.1, Max:  0.1, Diff:  0.1, Sum:  0.4, Workers: 4
[1318.853s][debug][gc,phases      ] GC(72)     Dead                           Min: 0, Avg:  0.5, Max: 2, Diff: 2, Sum: 2, Workers: 4
[1318.853s][debug][gc,phases      ] GC(72)     Total                          Min: 0, Avg: 11782.0, Max: 20031, Diff: 20031, Sum: 47128, Workers: 4
[1318.853s][debug][gc,phases      ] GC(72)   ResolvedMethodTable Weak       Min:  0.0, Avg:  0.0, Max:  0.1, Diff:  0.1, Sum:  0.2, Workers: 4
[1318.853s][debug][gc,phases      ] GC(72)     Dead                           Min: 0, Avg:  0.5, Max: 2, Diff: 2, Sum: 2, Workers: 4
[1318.853s][debug][gc,phases      ] GC(72)     Total                          Min: 0, Avg: 3998.5, Max: 6689, Diff: 6689, Sum: 15994, Workers: 4
[1318.853s][debug][gc,phases      ] GC(72)   JNI Weak                       Min:  0.0, Avg:  0.0, Max:  0.0, Diff:  0.0, Sum:  0.0, Workers: 4
[1318.853s][debug][gc,phases      ] GC(72)     Dead                           Min: 0, Avg:  0.0, Max: 0, Diff: 0, Sum: 0, Workers: 4
[1318.853s][debug][gc,phases      ] GC(72)     Total                          Min: 0, Avg: 13.0, Max: 52, Diff: 52, Sum: 52, Workers: 4
[1318.853s][debug][gc,phases      ] GC(72)   StringDedup Table Weak         Min:  0.0, Avg:  0.0, Max:  0.0, Diff:  0.0, Sum:  0.0, Workers: 4
[1318.853s][debug][gc,phases      ] GC(72)     Dead                           Min: 0, Avg:  0.0, Max: 0, Diff: 0, Sum: 0, Workers: 4
[1318.853s][debug][gc,phases      ] GC(72)     Total                          Min: 0, Avg:  0.0, Max: 0, Diff: 0, Sum: 0, Workers: 4
[1318.853s][debug][gc,phases      ] GC(72)   StringDedup Requests0 Weak     Min:  0.0, Avg:  0.0, Max:  0.0, Diff:  0.0, Sum:  0.0, Workers: 4
[1318.853s][debug][gc,phases      ] GC(72)     Dead                           Min: 0, Avg:  0.0, Max: 0, Diff: 0, Sum: 0, Workers: 4
[1318.853s][debug][gc,phases      ] GC(72)     Total                          Min: 0, Avg:  0.0, Max: 0, Diff: 0, Sum: 0, Workers: 4
[1318.853s][debug][gc,phases      ] GC(72)   StringDedup Requests1 Weak     Min:  0.0, Avg:  0.0, Max:  0.0, Diff:  0.0, Sum:  0.0, Workers: 4
[1318.853s][debug][gc,phases      ] GC(72)     Dead                           Min: 0, Avg:  0.0, Max: 0, Diff: 0, Sum: 0, Workers: 4
[1318.853s][debug][gc,phases      ] GC(72)     Total                          Min: 0, Avg:  0.0, Max: 0, Diff: 0, Sum: 0, Workers: 4
[1318.853s][debug][gc,phases      ] GC(72)   Weak JFR Old Object Samples    Min:  0.0, Avg:  0.0, Max:  0.0, Diff:  0.0, Sum:  0.0, Workers: 4
[1318.853s][debug][gc,phases      ] GC(72)     Dead                           Min: 0, Avg:  0.0, Max: 0, Diff: 0, Sum: 0, Workers: 4
[1318.853s][debug][gc,phases      ] GC(72)     Total                          Min: 0, Avg:  0.0, Max: 0, Diff: 0, Sum: 0, Workers: 4
[1318.853s][debug][gc,phases      ] GC(72) Weak Processing 0.365ms
[1318.853s][debug][gc,age         ] GC(72) Desired survivor size 54525952 bytes, new threshold 1 (max threshold 15)
[1318.853s][info ][gc,heap        ] GC(72) PSYoungGen: 1121053K(2042880K)->20336K(2040832K) Eden: 1094163K(1986560K)->0K(1986560K) From: 26890K(56320K)->20336K(54272K)
[1318.853s][info ][gc,heap        ] GC(72) ParOldGen: 1167062K(1167360K)->1190420K(1190912K)
[1318.853s][info ][gc,metaspace   ] GC(72) Metaspace: 108824K(110272K)->108824K(110272K) NonClass: 92484K(93312K)->92484K(93312K) Class: 16339K(16960K)->16339K(16960K)
[1318.853s][info ][gc             ] GC(72) Pause Young (CodeCache GC Threshold) 2234M->1182M(3156M) 20.980ms
[1318.853s][info ][gc,cpu         ] GC(72) User=0.06s Sys=0.01s Real=0.02s
[1318.853s][debug][gc,phases      ] GC(73) Pre Compact 0.008ms
[1318.853s][info ][gc,start       ] GC(73) Pause Full (CodeCache GC Threshold)
[1318.853s][info ][gc,phases,start] GC(73) Marking Phase
[1318.991s][debug][gc,phases      ] GC(73) Par Mark 138.567ms
[1318.992s][debug][gc,ref         ] GC(73) ReferenceProcessor::execute queues: 4, RefProcThreadModel::Multi, marks_oops_alive: false
[1318.992s][debug][gc,ref         ] GC(73) Skipped KeepAliveFinalRefsPhase of Reference Processing: no references
[1318.992s][debug][gc,ref         ] GC(73) ReferenceProcessor::execute queues: 1, RefProcThreadModel::Single, marks_oops_alive: false
[1318.992s][debug][gc,phases      ] GC(73) Reference Processing 0.879ms
[1318.993s][debug][gc,phases      ] GC(73)   VM Weak                        Min:  0.0, Avg:  0.0, Max:  0.0, Diff:  0.0, Sum:  0.0, Workers: 4
[1318.993s][debug][gc,phases      ] GC(73)     Dead                           Min: 0, Avg:  0.0, Max: 0, Diff: 0, Sum: 0, Workers: 4
[1318.993s][debug][gc,phases      ] GC(73)     Total                          Min: 128, Avg: 269.5, Max: 384, Diff: 256, Sum: 1078, Workers: 4
[1318.993s][debug][gc,phases      ] GC(73)   ObjectSynchronizer Weak        Min:  0.0, Avg:  0.0, Max:  0.0, Diff:  0.0, Sum:  0.0, Workers: 4
[1318.993s][debug][gc,phases      ] GC(73)     Dead                           Min: 0, Avg:  0.0, Max: 0, Diff: 0, Sum: 0, Workers: 4
[1318.993s][debug][gc,phases      ] GC(73)     Total                          Min: 0, Avg:  1.8, Max: 7, Diff: 7, Sum: 7, Workers: 4
[1318.993s][debug][gc,phases      ] GC(73)   JVMTI Tag Weak OopStorage      Min:  0.0, Avg:  0.0, Max:  0.0, Diff:  0.0, Sum:  0.0, Workers: 4
[1318.993s][debug][gc,phases      ] GC(73)     Dead                           Min: 0, Avg:  0.0, Max: 0, Diff: 0, Sum: 0, Workers: 4
[1318.993s][debug][gc,phases      ] GC(73)     Total                          Min: 0, Avg:  0.0, Max: 0, Diff: 0, Sum: 0, Workers: 4
[1318.993s][debug][gc,phases      ] GC(73)   StringTable Weak               Min:  0.2, Avg:  0.2, Max:  0.2, Diff:  0.0, Sum:  0.7, Workers: 4
[1318.993s][debug][gc,phases      ] GC(73)     Dead                           Min: 0, Avg:  0.0, Max: 0, Diff: 0, Sum: 0, Workers: 4
[1318.993s][debug][gc,phases      ] GC(73)     Total                          Min: 11264, Avg: 11782.0, Max: 12057, Diff: 793, Sum: 47128, Workers: 4
[1318.993s][debug][gc,phases      ] GC(73)   ResolvedMethodTable Weak       Min:  0.1, Avg:  0.1, Max:  0.1, Diff:  0.0, Sum:  0.2, Workers: 4
[1318.993s][debug][gc,phases      ] GC(73)     Dead                           Min: 0, Avg:  0.0, Max: 0, Diff: 0, Sum: 0, Workers: 4
[1318.993s][debug][gc,phases      ] GC(73)     Total                          Min: 3791, Avg: 3998.5, Max: 4129, Diff: 338, Sum: 15994, Workers: 4
[1318.993s][debug][gc,phases      ] GC(73)   JNI Weak                       Min:  0.0, Avg:  0.0, Max:  0.0, Diff:  0.0, Sum:  0.0, Workers: 4
[1318.993s][debug][gc,phases      ] GC(73)     Dead                           Min: 0, Avg:  0.0, Max: 0, Diff: 0, Sum: 0, Workers: 4
[1318.993s][debug][gc,phases      ] GC(73)     Total                          Min: 0, Avg: 13.0, Max: 52, Diff: 52, Sum: 52, Workers: 4
[1318.993s][debug][gc,phases      ] GC(73)   StringDedup Table Weak         Min:  0.0, Avg:  0.0, Max:  0.0, Diff:  0.0, Sum:  0.0, Workers: 4
[1318.993s][debug][gc,phases      ] GC(73)     Dead                           Min: 0, Avg:  0.0, Max: 0, Diff: 0, Sum: 0, Workers: 4
[1318.993s][debug][gc,phases      ] GC(73)     Total                          Min: 0, Avg:  0.0, Max: 0, Diff: 0, Sum: 0, Workers: 4
[1318.993s][debug][gc,phases      ] GC(73)   StringDedup Requests0 Weak     Min:  0.0, Avg:  0.0, Max:  0.0, Diff:  0.0, Sum:  0.0, Workers: 4
[1318.993s][debug][gc,phases      ] GC(73)     Dead                           Min: 0, Avg:  0.0, Max: 0, Diff: 0, Sum: 0, Workers: 4
[1318.993s][debug][gc,phases      ] GC(73)     Total                          Min: 0, Avg:  0.0, Max: 0, Diff: 0, Sum: 0, Workers: 4
[1318.993s][debug][gc,phases      ] GC(73)   StringDedup Requests1 Weak     Min:  0.0, Avg:  0.0, Max:  0.0, Diff:  0.0, Sum:  0.0, Workers: 4
[1318.993s][debug][gc,phases      ] GC(73)     Dead                           Min: 0, Avg:  0.0, Max: 0, Diff: 0, Sum: 0, Workers: 4
[1318.993s][debug][gc,phases      ] GC(73)     Total                          Min: 0, Avg:  0.0, Max: 0, Diff: 0, Sum: 0, Workers: 4
[1318.993s][debug][gc,phases      ] GC(73)   Weak JFR Old Object Samples    Min:  0.0, Avg:  0.0, Max:  0.0, Diff:  0.0, Sum:  0.0, Workers: 4
[1318.993s][debug][gc,phases      ] GC(73)     Dead                           Min: 0, Avg:  0.0, Max: 0, Diff: 0, Sum: 0, Workers: 4
[1318.993s][debug][gc,phases      ] GC(73)     Total                          Min: 0, Avg:  0.0, Max: 0, Diff: 0, Sum: 0, Workers: 4
[1318.993s][debug][gc,phases      ] GC(73) Weak Processing 0.401ms
[1318.993s][debug][gc,phases      ] GC(73) ClassLoaderData 0.146ms
[1318.993s][debug][gc,phases      ] GC(73) Trigger cleanups 0.000ms
[1319.053s][debug][gc,phases      ] GC(73) Purge Unlinked NMethods 2.300ms
[1319.053s][debug][gc,phases      ] GC(73) Unregister NMethods 0.001ms
[1319.053s][debug][gc,phases      ] GC(73) Free Code Blobs 0.316ms
[1319.053s][debug][gc,phases      ] GC(73) Class Unloading 60.536ms
[1319.053s][debug][gc,phases      ] GC(73) Report Object Count 0.001ms
[1319.053s][info ][gc,phases      ] GC(73) Marking Phase 200.435ms
[1319.053s][info ][gc,phases,start] GC(73) Summary Phase
[1319.053s][info ][gc,phases      ] GC(73) Summary Phase 0.030ms
[1319.053s][info ][gc,phases,start] GC(73) Adjust Roots
[1319.073s][info ][gc,phases      ] GC(73) Adjust Roots 19.763ms
[1319.073s][info ][gc,phases,start] GC(73) Compaction Phase
[1319.247s][info ][gc,phases      ] GC(73) Compaction Phase 174.164ms
[1319.247s][info ][gc,phases,start] GC(73) Post Compact
[1319.252s][debug][gc,phases      ] GC(73) Purge Class Loader Data 0.855ms
[1319.252s][info ][gc,phases      ] GC(73) Post Compact 4.413ms
[1319.252s][info ][gc,heap        ] GC(73) PSYoungGen: 20336K(2040832K)->0K(2040832K) Eden: 0K(1986560K)->0K(1986560K) From: 20336K(54272K)->0K(54272K)
[1319.252s][info ][gc,heap        ] GC(73) ParOldGen: 1190420K(1190912K)->418344K(1190912K)
[1319.252s][info ][gc,metaspace   ] GC(73) Metaspace: 108824K(110272K)->108824K(110272K) NonClass: 92484K(93312K)->92484K(93312K) Class: 16339K(16960K)->16339K(16960K)
[1319.252s][info ][gc             ] GC(73) Pause Full (CodeCache GC Threshold) 1182M->408M(3156M) 398.911ms
[1319.252s][info ][gc,cpu         ] GC(73) User=1.25s Sys=0.04s Real=0.40s
[1319.252s][info ][safepoint      ] Safepoint "ParallelGCSystemGC", Time since last: 677561607 ns, Reaching safepoint: 75101 ns, Cleanup: 8300 ns, At safepoint: 420041548 ns, Total: 420124949 ns
[1320.252s][info ][safepoint      ] Safepoint "Cleanup", Time since last: 1000102062 ns, Reaching safepoint: 5800 ns, Cleanup: 90501 ns, At safepoint: 2900 ns, Total: 99201 ns
[1321.607s][info ][safepoint      ] Safepoint "Cleanup", Time since last: 1355396017 ns, Reaching safepoint: 5200 ns, Cleanup: 14100 ns, At safepoint: 2601 ns, Total: 21901 ns
[1323.608s][info ][safepoint      ] Safepoint "Cleanup", Time since last: 2000164502 ns, Reaching safepoint: 5700 ns, Cleanup: 7500 ns, At safepoint: 2300 ns, Total: 15500 ns
[1325.608s][info ][safepoint      ] Safepoint "Cleanup", Time since last: 2000170805 ns, Reaching safepoint: 6200 ns, Cleanup: 9500 ns, At safepoint: 2700 ns, Total: 18400 ns
[1326.608s][info ][safepoint      ] Safepoint "Cleanup", Time since last: 1000124985 ns, Reaching safepoint: 5300 ns, Cleanup: 7000 ns, At safepoint: 2100 ns, Total: 14400 ns
[1327.608s][info ][safepoint      ] Safepoint "Cleanup", Time since last: 1000104986 ns, Reaching safepoint: 6500 ns, Cleanup: 18000 ns, At safepoint: 2800 ns, Total: 27300 ns
[1328.608s][info ][safepoint      ] Safepoint "Cleanup", Time since last: 1000111685 ns, Reaching safepoint: 5000 ns, Cleanup: 8300 ns, At safepoint: 2300 ns, Total: 15600 ns
[1329.608s][info ][safepoint      ] Safepoint "Cleanup", Time since last: 1000100386 ns, Reaching safepoint: 5700 ns, Cleanup: 14400 ns, At safepoint: 2100 ns, Total: 22200 ns
[1331.609s][info ][safepoint      ] Safepoint "Cleanup", Time since last: 2000174870 ns, Reaching safepoint: 5600 ns, Cleanup: 17600 ns, At safepoint: 2200 ns, Total: 25400 ns
[1332.609s][info ][safepoint      ] Safepoint "Cleanup", Time since last: 1000098034 ns, Reaching safepoint: 5300 ns, Cleanup: 8900 ns, At safepoint: 2300 ns, Total: 16500 ns
[1334.609s][info ][safepoint      ] Safepoint "Cleanup", Time since last: 2000201050 ns, Reaching safepoint: 6900 ns, Cleanup: 9800 ns, At safepoint: 2900 ns, Total: 19600 ns
[1335.609s][info ][safepoint      ] Safepoint "Cleanup", Time since last: 1000114225 ns, Reaching safepoint: 4600 ns, Cleanup: 7900 ns, At safepoint: 2200 ns, Total: 14700 ns
[1336.609s][info ][safepoint      ] Safepoint "Cleanup", Time since last: 1000090424 ns, Reaching safepoint: 5200 ns, Cleanup: 11900 ns, At safepoint: 2200 ns, Total: 19300 ns
[1337.609s][info ][safepoint      ] Safepoint "Cleanup", Time since last: 1000104225 ns, Reaching safepoint: 77001 ns, Cleanup: 9100 ns, At safepoint: 5100 ns, Total: 91201 ns
[1339.610s][info ][safepoint      ] Safepoint "Cleanup", Time since last: 2000194749 ns, Reaching safepoint: 76701 ns, Cleanup: 9400 ns, At safepoint: 5000 ns, Total: 91101 ns
[1340.212s][info ][gc,start       ] GC(74) Pause Young (Allocation Failure)
[1340.219s][debug][gc,phases      ] GC(74) Scavenge 6.983ms
[1340.219s][debug][gc,ref         ] GC(74) ReferenceProcessor::execute queues: 1, RefProcThreadModel::Single, marks_oops_alive: false
[1340.219s][debug][gc,ref         ] GC(74) Skipped KeepAliveFinalRefsPhase of Reference Processing: no references
[1340.219s][debug][gc,ref         ] GC(74) Skipped PhantomRefsPhase of Reference Processing: no references
[1340.219s][debug][gc,phases      ] GC(74) Reference Processing 0.105ms
[1340.220s][debug][gc,phases      ] GC(74)   VM Weak                        Min:  0.0, Avg:  0.0, Max:  0.0, Diff:  0.0, Sum:  0.0, Workers: 4
[1340.220s][debug][gc,phases      ] GC(74)     Dead                           Min: 0, Avg:  0.0, Max: 0, Diff: 0, Sum: 0, Workers: 4
[1340.220s][debug][gc,phases      ] GC(74)     Total                          Min: 0, Avg: 269.5, Max: 566, Diff: 566, Sum: 1078, Workers: 4
[1340.220s][debug][gc,phases      ] GC(74)   ObjectSynchronizer Weak        Min:  0.0, Avg:  0.0, Max:  0.0, Diff:  0.0, Sum:  0.0, Workers: 4
[1340.220s][debug][gc,phases      ] GC(74)     Dead                           Min: 0, Avg:  0.0, Max: 0, Diff: 0, Sum: 0, Workers: 4
[1340.220s][debug][gc,phases      ] GC(74)     Total                          Min: 0, Avg:  1.0, Max: 4, Diff: 4, Sum: 4, Workers: 4
[1340.220s][debug][gc,phases      ] GC(74)   JVMTI Tag Weak OopStorage      Min:  0.0, Avg:  0.0, Max:  0.0, Diff:  0.0, Sum:  0.0, Workers: 4
[1340.220s][debug][gc,phases      ] GC(74)     Dead                           Min: 0, Avg:  0.0, Max: 0, Diff: 0, Sum: 0, Workers: 4
[1340.220s][debug][gc,phases      ] GC(74)     Total                          Min: 0, Avg:  0.0, Max: 0, Diff: 0, Sum: 0, Workers: 4
[1340.220s][debug][gc,phases      ] GC(74)   StringTable Weak               Min:  0.0, Avg:  0.1, Max:  0.1, Diff:  0.1, Sum:  0.4, Workers: 4
[1340.220s][debug][gc,phases      ] GC(74)     Dead                           Min: 0, Avg:  0.0, Max: 0, Diff: 0, Sum: 0, Workers: 4
[1340.220s][debug][gc,phases      ] GC(74)     Total                          Min: 0, Avg: 11783.0, Max: 16000, Diff: 16000, Sum: 47132, Workers: 4
[1340.220s][debug][gc,phases      ] GC(74)   ResolvedMethodTable Weak       Min:  0.0, Avg:  0.0, Max:  0.1, Diff:  0.1, Sum:  0.2, Workers: 4
[1340.220s][debug][gc,phases      ] GC(74)     Dead                           Min: 0, Avg:  4.0, Max: 13, Diff: 13, Sum: 16, Workers: 4
[1340.220s][debug][gc,phases      ] GC(74)     Total                          Min: 0, Avg: 3998.5, Max: 5466, Diff: 5466, Sum: 15994, Workers: 4
[1340.220s][debug][gc,phases      ] GC(74)   JNI Weak                       Min:  0.0, Avg:  0.0, Max:  0.0, Diff:  0.0, Sum:  0.0, Workers: 4
[1340.220s][debug][gc,phases      ] GC(74)     Dead                           Min: 0, Avg:  0.0, Max: 0, Diff: 0, Sum: 0, Workers: 4
[1340.220s][debug][gc,phases      ] GC(74)     Total                          Min: 0, Avg: 13.0, Max: 52, Diff: 52, Sum: 52, Workers: 4
[1340.220s][debug][gc,phases      ] GC(74)   StringDedup Table Weak         Min:  0.0, Avg:  0.0, Max:  0.0, Diff:  0.0, Sum:  0.0, Workers: 4
[1340.220s][debug][gc,phases      ] GC(74)     Dead                           Min: 0, Avg:  0.0, Max: 0, Diff: 0, Sum: 0, Workers: 4
[1340.220s][debug][gc,phases      ] GC(74)     Total                          Min: 0, Avg:  0.0, Max: 0, Diff: 0, Sum: 0, Workers: 4
[1340.220s][debug][gc,phases      ] GC(74)   StringDedup Requests0 Weak     Min:  0.0, Avg:  0.0, Max:  0.0, Diff:  0.0, Sum:  0.0, Workers: 4
[1340.220s][debug][gc,phases      ] GC(74)     Dead                           Min: 0, Avg:  0.0, Max: 0, Diff: 0, Sum: 0, Workers: 4
[1340.220s][debug][gc,phases      ] GC(74)     Total                          Min: 0, Avg:  0.0, Max: 0, Diff: 0, Sum: 0, Workers: 4
[1340.220s][debug][gc,phases      ] GC(74)   StringDedup Requests1 Weak     Min:  0.0, Avg:  0.0, Max:  0.0, Diff:  0.0, Sum:  0.0, Workers: 4
[1340.220s][debug][gc,phases      ] GC(74)     Dead                           Min: 0, Avg:  0.0, Max: 0, Diff: 0, Sum: 0, Workers: 4
[1340.220s][debug][gc,phases      ] GC(74)     Total                          Min: 0, Avg:  0.0, Max: 0, Diff: 0, Sum: 0, Workers: 4
[1340.220s][debug][gc,phases      ] GC(74)   Weak JFR Old Object Samples    Min:  0.0, Avg:  0.0, Max:  0.0, Diff:  0.0, Sum:  0.0, Workers: 4
[1340.220s][debug][gc,phases      ] GC(74)     Dead                           Min: 0, Avg:  0.0, Max: 0, Diff: 0, Sum: 0, Workers: 4
[1340.220s][debug][gc,phases      ] GC(74)     Total                          Min: 0, Avg:  0.0, Max: 0, Diff: 0, Sum: 0, Workers: 4
[1340.220s][debug][gc,phases      ] GC(74) Weak Processing 0.403ms
[1340.220s][debug][gc,age         ] GC(74) Desired survivor size 55574528 bytes, new threshold 1 (max threshold 15)
[1340.220s][info ][gc,heap        ] GC(74) PSYoungGen: 1986560K(2040832K)->8336K(2041856K) Eden: 1986560K(1986560K)->0K(1988608K) From: 0K(54272K)->8336K(53248K)
[1340.220s][info ][gc,heap        ] GC(74) ParOldGen: 418344K(1190912K)->418344K(1190912K)
[1340.220s][info ][gc,metaspace   ] GC(74) Metaspace: 108867K(110272K)->108867K(110272K) NonClass: 92528K(93312K)->92528K(93312K) Class: 16339K(16960K)->16339K(16960K)
[1340.220s][info ][gc             ] GC(74) Pause Young (Allocation Failure) 2348M->416M(3157M) 7.602ms
[1340.220s][info ][gc,cpu         ] GC(74) User=0.03s Sys=0.01s Real=0.01s
[1340.220s][info ][safepoint      ] Safepoint "ParallelGCFailedAllocation", Time since last: 602610870 ns, Reaching safepoint: 79301 ns, Cleanup: 3600 ns, At safepoint: 7668661 ns, Total: 7751562 ns
[1341.220s][info ][safepoint      ] Safepoint "Cleanup", Time since last: 1000091629 ns, Reaching safepoint: 16301 ns, Cleanup: 18500 ns, At safepoint: 3000 ns, Total: 37801 ns
[1343.220s][info ][safepoint      ] Safepoint "Cleanup", Time since last: 2000175559 ns, Reaching safepoint: 5100 ns, Cleanup: 10400 ns, At safepoint: 2200 ns, Total: 17700 ns
[1344.220s][info ][safepoint      ] Safepoint "Cleanup", Time since last: 1000100430 ns, Reaching safepoint: 5700 ns, Cleanup: 8300 ns, At safepoint: 2300 ns, Total: 16300 ns
[1346.221s][info ][safepoint      ] Safepoint "Cleanup", Time since last: 2000177559 ns, Reaching safepoint: 6400 ns, Cleanup: 14900 ns, At safepoint: 2700 ns, Total: 24000 ns
[1347.221s][info ][safepoint      ] Safepoint "Cleanup", Time since last: 1000110630 ns, Reaching safepoint: 80900 ns, Cleanup: 14000 ns, At safepoint: 6701 ns, Total: 101601 ns
[1348.222s][info ][safepoint      ] Safepoint "Cleanup", Time since last: 1001046066 ns, Reaching safepoint: 85701 ns, Cleanup: 20400 ns, At safepoint: 17000 ns, Total: 123101 ns
[1349.222s][info ][safepoint      ] Safepoint "Cleanup", Time since last: 1000099662 ns, Reaching safepoint: 5300 ns, Cleanup: 30000 ns, At safepoint: 2500 ns, Total: 37800 ns
[1350.222s][info ][safepoint      ] Safepoint "Cleanup", Time since last: 1000105462 ns, Reaching safepoint: 5100 ns, Cleanup: 9200 ns, At safepoint: 2100 ns, Total: 16400 ns
[1352.222s][info ][safepoint      ] Safepoint "Cleanup", Time since last: 2000172423 ns, Reaching safepoint: 5700 ns, Cleanup: 17001 ns, At safepoint: 2900 ns, Total: 25601 ns
[1354.012s][info ][gc,start       ] GC(75) Pause Young (Allocation Failure)
[1354.026s][debug][gc,phases      ] GC(75) Scavenge 13.954ms
[1354.026s][debug][gc,ref         ] GC(75) ReferenceProcessor::execute queues: 1, RefProcThreadModel::Single, marks_oops_alive: false
[1354.026s][debug][gc,ref         ] GC(75) Skipped KeepAliveFinalRefsPhase of Reference Processing: no references
[1354.026s][debug][gc,ref         ] GC(75) ReferenceProcessor::execute queues: 1, RefProcThreadModel::Single, marks_oops_alive: false
[1354.026s][debug][gc,phases      ] GC(75) Reference Processing 0.096ms
[1354.026s][debug][gc,phases      ] GC(75)   VM Weak                        Min:  0.0, Avg:  0.0, Max:  0.0, Diff:  0.0, Sum:  0.0, Workers: 4
[1354.026s][debug][gc,phases      ] GC(75)     Dead                           Min: 0, Avg:  0.0, Max: 0, Diff: 0, Sum: 0, Workers: 4
[1354.026s][debug][gc,phases      ] GC(75)     Total                          Min: 0, Avg: 269.5, Max: 960, Diff: 960, Sum: 1078, Workers: 4
[1354.026s][debug][gc,phases      ] GC(75)   ObjectSynchronizer Weak        Min:  0.0, Avg:  0.0, Max:  0.0, Diff:  0.0, Sum:  0.0, Workers: 4
[1354.026s][debug][gc,phases      ] GC(75)     Dead                           Min: 0, Avg:  0.0, Max: 0, Diff: 0, Sum: 0, Workers: 4
[1354.026s][debug][gc,phases      ] GC(75)     Total                          Min: 0, Avg:  1.5, Max: 6, Diff: 6, Sum: 6, Workers: 4
[1354.026s][debug][gc,phases      ] GC(75)   JVMTI Tag Weak OopStorage      Min:  0.0, Avg:  0.0, Max:  0.0, Diff:  0.0, Sum:  0.0, Workers: 4
[1354.026s][debug][gc,phases      ] GC(75)     Dead                           Min: 0, Avg:  0.0, Max: 0, Diff: 0, Sum: 0, Workers: 4
[1354.026s][debug][gc,phases      ] GC(75)     Total                          Min: 0, Avg:  0.0, Max: 0, Diff: 0, Sum: 0, Workers: 4
[1354.026s][debug][gc,phases      ] GC(75)   StringTable Weak               Min:  0.0, Avg:  0.1, Max:  0.1, Diff:  0.1, Sum:  0.4, Workers: 4
[1354.026s][debug][gc,phases      ] GC(75)     Dead                           Min: 0, Avg:  0.2, Max: 1, Diff: 1, Sum: 1, Workers: 4
[1354.026s][debug][gc,phases      ] GC(75)     Total                          Min: 0, Avg: 11785.8, Max: 19775, Diff: 19775, Sum: 47143, Workers: 4
[1354.026s][debug][gc,phases      ] GC(75)   ResolvedMethodTable Weak       Min:  0.0, Avg:  0.0, Max:  0.0, Diff:  0.0, Sum:  0.1, Workers: 4
[1354.026s][debug][gc,phases      ] GC(75)     Dead                           Min: 0, Avg:  4.2, Max: 17, Diff: 17, Sum: 17, Workers: 4
[1354.026s][debug][gc,phases      ] GC(75)     Total                          Min: 0, Avg: 3999.2, Max: 6843, Diff: 6843, Sum: 15997, Workers: 4
[1354.026s][debug][gc,phases      ] GC(75)   JNI Weak                       Min:  0.0, Avg:  0.0, Max:  0.0, Diff:  0.0, Sum:  0.0, Workers: 4
[1354.026s][debug][gc,phases      ] GC(75)     Dead                           Min: 0, Avg:  0.0, Max: 0, Diff: 0, Sum: 0, Workers: 4
[1354.026s][debug][gc,phases      ] GC(75)     Total                          Min: 0, Avg: 13.0, Max: 52, Diff: 52, Sum: 52, Workers: 4
[1354.026s][debug][gc,phases      ] GC(75)   StringDedup Table Weak         Min:  0.0, Avg:  0.0, Max:  0.0, Diff:  0.0, Sum:  0.0, Workers: 4
[1354.026s][debug][gc,phases      ] GC(75)     Dead                           Min: 0, Avg:  0.0, Max: 0, Diff: 0, Sum: 0, Workers: 4
[1354.026s][debug][gc,phases      ] GC(75)     Total                          Min: 0, Avg:  0.0, Max: 0, Diff: 0, Sum: 0, Workers: 4
[1354.026s][debug][gc,phases      ] GC(75)   StringDedup Requests0 Weak     Min:  0.0, Avg:  0.0, Max:  0.0, Diff:  0.0, Sum:  0.0, Workers: 4
[1354.026s][debug][gc,phases      ] GC(75)     Dead                           Min: 0, Avg:  0.0, Max: 0, Diff: 0, Sum: 0, Workers: 4
[1354.026s][debug][gc,phases      ] GC(75)     Total                          Min: 0, Avg:  0.0, Max: 0, Diff: 0, Sum: 0, Workers: 4
[1354.026s][debug][gc,phases      ] GC(75)   StringDedup Requests1 Weak     Min:  0.0, Avg:  0.0, Max:  0.0, Diff:  0.0, Sum:  0.0, Workers: 4
[1354.026s][debug][gc,phases      ] GC(75)     Dead                           Min: 0, Avg:  0.0, Max: 0, Diff: 0, Sum: 0, Workers: 4
[1354.026s][debug][gc,phases      ] GC(75)     Total                          Min: 0, Avg:  0.0, Max: 0, Diff: 0, Sum: 0, Workers: 4
[1354.026s][debug][gc,phases      ] GC(75)   Weak JFR Old Object Samples    Min:  0.0, Avg:  0.0, Max:  0.0, Diff:  0.0, Sum:  0.0, Workers: 4
[1354.026s][debug][gc,phases      ] GC(75)     Dead                           Min: 0, Avg:  0.0, Max: 0, Diff: 0, Sum: 0, Workers: 4
[1354.026s][debug][gc,phases      ] GC(75)     Total                          Min: 0, Avg:  0.0, Max: 0, Diff: 0, Sum: 0, Workers: 4
[1354.026s][debug][gc,phases      ] GC(75) Weak Processing 0.373ms
[1354.026s][debug][gc,age         ] GC(75) Desired survivor size 52953088 bytes, new threshold 1 (max threshold 15)
[1354.026s][info ][gc,heap        ] GC(75) PSYoungGen: 1996944K(2041856K)->23456K(2042880K) Eden: 1988608K(1988608K)->0K(1988608K) From: 8336K(53248K)->23456K(54272K)
[1354.026s][info ][gc,heap        ] GC(75) ParOldGen: 418344K(1190912K)->422010K(1190912K)
[1354.026s][info ][gc,metaspace   ] GC(75) Metaspace: 108886K(110336K)->108886K(110336K) NonClass: 92546K(93376K)->92546K(93376K) Class: 16340K(16960K)->16340K(16960K)
[1354.026s][info ][gc             ] GC(75) Pause Young (Allocation Failure) 2358M->435M(3158M) 14.540ms
[1354.026s][info ][gc,cpu         ] GC(75) User=0.05s Sys=0.00s Real=0.01s
[1354.026s][info ][safepoint      ] Safepoint "ParallelGCFailedAllocation", Time since last: 1788994621 ns, Reaching safepoint: 79800 ns, Cleanup: 13000 ns, At safepoint: 14611718 ns, Total: 14704518 ns
[1357.026s][info ][safepoint      ] Safepoint "Cleanup", Time since last: 3000255055 ns, Reaching safepoint: 5700 ns, Cleanup: 19500 ns, At safepoint: 2300 ns, Total: 27500 ns
[1358.027s][info ][safepoint      ] Safepoint "Cleanup", Time since last: 1000103230 ns, Reaching safepoint: 5400 ns, Cleanup: 14900 ns, At safepoint: 2300 ns, Total: 22600 ns
[1359.027s][info ][safepoint      ] Safepoint "Cleanup", Time since last: 1000112830 ns, Reaching safepoint: 6200 ns, Cleanup: 13101 ns, At safepoint: 2800 ns, Total: 22101 ns
[1360.027s][info ][safepoint      ] Safepoint "Cleanup", Time since last: 1000122330 ns, Reaching safepoint: 5600 ns, Cleanup: 53100 ns, At safepoint: 2500 ns, Total: 61200 ns
[1361.027s][info ][safepoint      ] Safepoint "Cleanup", Time since last: 1000098130 ns, Reaching safepoint: 5800 ns, Cleanup: 14800 ns, At safepoint: 2500 ns, Total: 23100 ns
[1362.027s][info ][safepoint      ] Safepoint "Cleanup", Time since last: 1000099130 ns, Reaching safepoint: 6000 ns, Cleanup: 29001 ns, At safepoint: 2100 ns, Total: 37101 ns
[1363.027s][info ][safepoint      ] Safepoint "Cleanup", Time since last: 1000103530 ns, Reaching safepoint: 6500 ns, Cleanup: 12400 ns, At safepoint: 2800 ns, Total: 21700 ns
[1364.027s][info ][safepoint      ] Safepoint "Cleanup", Time since last: 1000100830 ns, Reaching safepoint: 5800 ns, Cleanup: 10900 ns, At safepoint: 2700 ns, Total: 19400 ns
[1365.027s][info ][safepoint      ] Safepoint "Cleanup", Time since last: 1000106475 ns, Reaching safepoint: 6000 ns, Cleanup: 9800 ns, At safepoint: 3000 ns, Total: 18800 ns
[1366.028s][info ][safepoint      ] Safepoint "Cleanup", Time since last: 1000114073 ns, Reaching safepoint: 5900 ns, Cleanup: 33901 ns, At safepoint: 2900 ns, Total: 42701 ns
[1367.028s][info ][safepoint      ] Safepoint "Cleanup", Time since last: 1000114673 ns, Reaching safepoint: 6000 ns, Cleanup: 10400 ns, At safepoint: 2300 ns, Total: 18700 ns
[1368.028s][info ][safepoint      ] Safepoint "Cleanup", Time since last: 1000101274 ns, Reaching safepoint: 5500 ns, Cleanup: 7200 ns, At safepoint: 2100 ns, Total: 14800 ns
[1369.028s][info ][safepoint      ] Safepoint "Cleanup", Time since last: 1000111174 ns, Reaching safepoint: 6700 ns, Cleanup: 10000 ns, At safepoint: 2400 ns, Total: 19100 ns
[1370.028s][info ][safepoint      ] Safepoint "Cleanup", Time since last: 1000112073 ns, Reaching safepoint: 5800 ns, Cleanup: 17000 ns, At safepoint: 3100 ns, Total: 25900 ns
[1372.028s][info ][safepoint      ] Safepoint "Cleanup", Time since last: 2000183447 ns, Reaching safepoint: 5800 ns, Cleanup: 8300 ns, At safepoint: 2400 ns, Total: 16500 ns
[1373.028s][info ][safepoint      ] Safepoint "Cleanup", Time since last: 1000103997 ns, Reaching safepoint: 6000 ns, Cleanup: 11000 ns, At safepoint: 2600 ns, Total: 19600 ns
[1376.029s][info ][safepoint      ] Safepoint "Cleanup", Time since last: 3000231993 ns, Reaching safepoint: 5900 ns, Cleanup: 7600 ns, At safepoint: 2100 ns, Total: 15600 ns
[1378.029s][info ][safepoint      ] Safepoint "Cleanup", Time since last: 2000197596 ns, Reaching safepoint: 6500 ns, Cleanup: 9800 ns, At safepoint: 2900 ns, Total: 19200 ns
[1378.462s][info ][gc,start       ] GC(76) Pause Young (Allocation Failure)
[1378.474s][debug][gc,phases      ] GC(76) Scavenge 12.907ms
[1378.475s][debug][gc,ref         ] GC(76) ReferenceProcessor::execute queues: 1, RefProcThreadModel::Single, marks_oops_alive: false
[1378.475s][debug][gc,ref         ] GC(76) Skipped KeepAliveFinalRefsPhase of Reference Processing: no references
[1378.475s][debug][gc,ref         ] GC(76) ReferenceProcessor::execute queues: 1, RefProcThreadModel::Single, marks_oops_alive: false
[1378.475s][debug][gc,phases      ] GC(76) Reference Processing 0.097ms
[1378.475s][debug][gc,phases      ] GC(76)   VM Weak                        Min:  0.0, Avg:  0.0, Max:  0.0, Diff:  0.0, Sum:  0.0, Workers: 4
[1378.475s][debug][gc,phases      ] GC(76)     Dead                           Min: 0, Avg:  0.0, Max: 0, Diff: 0, Sum: 0, Workers: 4
[1378.475s][debug][gc,phases      ] GC(76)     Total                          Min: 0, Avg: 269.8, Max: 448, Diff: 448, Sum: 1079, Workers: 4
[1378.475s][debug][gc,phases      ] GC(76)   ObjectSynchronizer Weak        Min:  0.0, Avg:  0.0, Max:  0.0, Diff:  0.0, Sum:  0.0, Workers: 4
[1378.475s][debug][gc,phases      ] GC(76)     Dead                           Min: 0, Avg:  0.0, Max: 0, Diff: 0, Sum: 0, Workers: 4
[1378.475s][debug][gc,phases      ] GC(76)     Total                          Min: 0, Avg:  1.5, Max: 6, Diff: 6, Sum: 6, Workers: 4
[1378.475s][debug][gc,phases      ] GC(76)   JVMTI Tag Weak OopStorage      Min:  0.0, Avg:  0.0, Max:  0.0, Diff:  0.0, Sum:  0.0, Workers: 4
[1378.475s][debug][gc,phases      ] GC(76)     Dead                           Min: 0, Avg:  0.0, Max: 0, Diff: 0, Sum: 0, Workers: 4
[1378.475s][debug][gc,phases      ] GC(76)     Total                          Min: 0, Avg:  0.0, Max: 0, Diff: 0, Sum: 0, Workers: 4
[1378.475s][debug][gc,phases      ] GC(76)   StringTable Weak               Min:  0.0, Avg:  0.1, Max:  0.2, Diff:  0.2, Sum:  0.5, Workers: 4
[1378.475s][debug][gc,phases      ] GC(76)     Dead                           Min: 0, Avg:  0.5, Max: 2, Diff: 2, Sum: 2, Workers: 4
[1378.475s][debug][gc,phases      ] GC(76)     Total                          Min: 0, Avg: 11793.2, Max: 15877, Diff: 15877, Sum: 47173, Workers: 4
[1378.475s][debug][gc,phases      ] GC(76)   ResolvedMethodTable Weak       Min:  0.0, Avg:  0.1, Max:  0.1, Diff:  0.1, Sum:  0.2, Workers: 4
[1378.475s][debug][gc,phases      ] GC(76)     Dead                           Min: 0, Avg:  6.0, Max: 13, Diff: 13, Sum: 24, Workers: 4
[1378.475s][debug][gc,phases      ] GC(76)     Total                          Min: 0, Avg: 4008.0, Max: 5381, Diff: 5381, Sum: 16032, Workers: 4
[1378.475s][debug][gc,phases      ] GC(76)   JNI Weak                       Min:  0.0, Avg:  0.0, Max:  0.0, Diff:  0.0, Sum:  0.0, Workers: 4
[1378.475s][debug][gc,phases      ] GC(76)     Dead                           Min: 0, Avg:  0.0, Max: 0, Diff: 0, Sum: 0, Workers: 4
[1378.475s][debug][gc,phases      ] GC(76)     Total                          Min: 0, Avg: 13.0, Max: 52, Diff: 52, Sum: 52, Workers: 4
[1378.475s][debug][gc,phases      ] GC(76)   StringDedup Table Weak         Min:  0.0, Avg:  0.0, Max:  0.0, Diff:  0.0, Sum:  0.0, Workers: 4
[1378.475s][debug][gc,phases      ] GC(76)     Dead                           Min: 0, Avg:  0.0, Max: 0, Diff: 0, Sum: 0, Workers: 4
[1378.475s][debug][gc,phases      ] GC(76)     Total                          Min: 0, Avg:  0.0, Max: 0, Diff: 0, Sum: 0, Workers: 4
[1378.475s][debug][gc,phases      ] GC(76)   StringDedup Requests0 Weak     Min:  0.0, Avg:  0.0, Max:  0.0, Diff:  0.0, Sum:  0.0, Workers: 4
[1378.475s][debug][gc,phases      ] GC(76)     Dead                           Min: 0, Avg:  0.0, Max: 0, Diff: 0, Sum: 0, Workers: 4
[1378.475s][debug][gc,phases      ] GC(76)     Total                          Min: 0, Avg:  0.0, Max: 0, Diff: 0, Sum: 0, Workers: 4
[1378.475s][debug][gc,phases      ] GC(76)   StringDedup Requests1 Weak     Min:  0.0, Avg:  0.0, Max:  0.0, Diff:  0.0, Sum:  0.0, Workers: 4
[1378.475s][debug][gc,phases      ] GC(76)     Dead                           Min: 0, Avg:  0.0, Max: 0, Diff: 0, Sum: 0, Workers: 4
[1378.475s][debug][gc,phases      ] GC(76)     Total                          Min: 0, Avg:  0.0, Max: 0, Diff: 0, Sum: 0, Workers: 4
[1378.475s][debug][gc,phases      ] GC(76)   Weak JFR Old Object Samples    Min:  0.0, Avg:  0.0, Max:  0.0, Diff:  0.0, Sum:  0.0, Workers: 4
[1378.475s][debug][gc,phases      ] GC(76)     Dead                           Min: 0, Avg:  0.0, Max: 0, Diff: 0, Sum: 0, Workers: 4
[1378.475s][debug][gc,phases      ] GC(76)     Total                          Min: 0, Avg:  0.0, Max: 0, Diff: 0, Sum: 0, Workers: 4
[1378.475s][debug][gc,phases      ] GC(76) Weak Processing 0.399ms
[1378.475s][debug][gc,age         ] GC(76) Desired survivor size 52428800 bytes, new threshold 1 (max threshold 15)
[1378.475s][info ][gc,heap        ] GC(76) PSYoungGen: 2012064K(2042880K)->13808K(2045952K) Eden: 1988608K(1988608K)->0K(1994240K) From: 23456K(54272K)->13808K(51712K)
[1378.475s][info ][gc,heap        ] GC(76) ParOldGen: 422010K(1190912K)->442948K(1190912K)
[1378.475s][info ][gc,metaspace   ] GC(76) Metaspace: 109001K(110400K)->109001K(110400K) NonClass: 92645K(93440K)->92645K(93440K) Class: 16355K(16960K)->16355K(16960K)
[1378.475s][info ][gc             ] GC(76) Pause Young (Allocation Failure) 2377M->446M(3161M) 13.518ms
[1378.475s][info ][gc,cpu         ] GC(76) User=0.05s Sys=0.00s Real=0.01s
[1378.475s][info ][safepoint      ] Safepoint "ParallelGCFailedAllocation", Time since last: 432456802 ns, Reaching safepoint: 80801 ns, Cleanup: 8800 ns, At safepoint: 13597810 ns, Total: 13687411 ns
[1383.637s][info ][safepoint      ] Safepoint "Cleanup", Time since last: 5161409510 ns, Reaching safepoint: 6000 ns, Cleanup: 9600 ns, At safepoint: 2600 ns, Total: 18200 ns
[1384.637s][info ][safepoint      ] Safepoint "Cleanup", Time since last: 1000105543 ns, Reaching safepoint: 7700 ns, Cleanup: 9300 ns, At safepoint: 3100 ns, Total: 20100 ns
[1391.637s][info ][safepoint      ] Safepoint "Cleanup", Time since last: 7000519569 ns, Reaching safepoint: 5400 ns, Cleanup: 8000 ns, At safepoint: 2200 ns, Total: 15600 ns
[1392.637s][info ][safepoint      ] Safepoint "Cleanup", Time since last: 1000101816 ns, Reaching safepoint: 7401 ns, Cleanup: 24700 ns, At safepoint: 2800 ns, Total: 34901 ns
[1393.637s][info ][safepoint      ] Safepoint "Cleanup", Time since last: 1000115516 ns, Reaching safepoint: 6500 ns, Cleanup: 6500 ns, At safepoint: 2500 ns, Total: 15500 ns
[1396.638s][info ][safepoint      ] Safepoint "Cleanup", Time since last: 3000257982 ns, Reaching safepoint: 5900 ns, Cleanup: 8000 ns, At safepoint: 2301 ns, Total: 16201 ns
[1397.638s][info ][safepoint      ] Safepoint "Cleanup", Time since last: 1000100728 ns, Reaching safepoint: 19400 ns, Cleanup: 9600 ns, At safepoint: 2500 ns, Total: 31500 ns
[1398.638s][info ][safepoint      ] Safepoint "Cleanup", Time since last: 1000110729 ns, Reaching safepoint: 80101 ns, Cleanup: 14900 ns, At safepoint: 10100 ns, Total: 105101 ns
[1399.638s][info ][safepoint      ] Safepoint "Cleanup", Time since last: 1000115029 ns, Reaching safepoint: 5800 ns, Cleanup: 13900 ns, At safepoint: 2500 ns, Total: 22200 ns
[1400.638s][info ][safepoint      ] Safepoint "Cleanup", Time since last: 1000112729 ns, Reaching safepoint: 5100 ns, Cleanup: 17700 ns, At safepoint: 2300 ns, Total: 25100 ns
[1401.638s][info ][safepoint      ] Safepoint "Cleanup", Time since last: 1000102329 ns, Reaching safepoint: 5400 ns, Cleanup: 7300 ns, At safepoint: 2600 ns, Total: 15300 ns
[1402.639s][info ][safepoint      ] Safepoint "Cleanup", Time since last: 1000107929 ns, Reaching safepoint: 6300 ns, Cleanup: 11000 ns, At safepoint: 2600 ns, Total: 19900 ns
[1404.639s][info ][safepoint      ] Safepoint "Cleanup", Time since last: 2000173747 ns, Reaching safepoint: 5800 ns, Cleanup: 9100 ns, At safepoint: 2500 ns, Total: 17400 ns
[1405.639s][info ][safepoint      ] Safepoint "Cleanup", Time since last: 1000111674 ns, Reaching safepoint: 5700 ns, Cleanup: 13200 ns, At safepoint: 2600 ns, Total: 21500 ns
[1406.639s][info ][safepoint      ] Safepoint "Cleanup", Time since last: 1000107674 ns, Reaching safepoint: 6500 ns, Cleanup: 10700 ns, At safepoint: 2500 ns, Total: 19700 ns
[1407.639s][info ][safepoint      ] Safepoint "Cleanup", Time since last: 1000109873 ns, Reaching safepoint: 6400 ns, Cleanup: 13001 ns, At safepoint: 2600 ns, Total: 22001 ns
[1408.639s][info ][safepoint      ] Safepoint "Cleanup", Time since last: 1000072473 ns, Reaching safepoint: 23200 ns, Cleanup: 14800 ns, At safepoint: 3200 ns, Total: 41200 ns
[1410.640s][info ][safepoint      ] Safepoint "Cleanup", Time since last: 2000183747 ns, Reaching safepoint: 6200 ns, Cleanup: 11601 ns, At safepoint: 2500 ns, Total: 20301 ns
[1411.314s][info ][gc,start       ] GC(77) Pause Young (Allocation Failure)
[1411.324s][debug][gc,phases      ] GC(77) Scavenge 10.153ms
[1411.324s][debug][gc,ref         ] GC(77) ReferenceProcessor::execute queues: 1, RefProcThreadModel::Single, marks_oops_alive: false
[1411.324s][debug][gc,ref         ] GC(77) Skipped KeepAliveFinalRefsPhase of Reference Processing: no references
[1411.324s][debug][gc,ref         ] GC(77) ReferenceProcessor::execute queues: 1, RefProcThreadModel::Single, marks_oops_alive: false
[1411.324s][debug][gc,phases      ] GC(77) Reference Processing 0.098ms
[1411.324s][debug][gc,phases      ] GC(77)   VM Weak                        Min:  0.0, Avg:  0.0, Max:  0.0, Diff:  0.0, Sum:  0.0, Workers: 4
[1411.324s][debug][gc,phases      ] GC(77)     Dead                           Min: 0, Avg:  0.0, Max: 0, Diff: 0, Sum: 0, Workers: 4
[1411.324s][debug][gc,phases      ] GC(77)     Total                          Min: 0, Avg: 269.8, Max: 567, Diff: 567, Sum: 1079, Workers: 4
[1411.324s][debug][gc,phases      ] GC(77)   ObjectSynchronizer Weak        Min:  0.0, Avg:  0.0, Max:  0.0, Diff:  0.0, Sum:  0.0, Workers: 4
[1411.324s][debug][gc,phases      ] GC(77)     Dead                           Min: 0, Avg:  0.0, Max: 0, Diff: 0, Sum: 0, Workers: 4
[1411.324s][debug][gc,phases      ] GC(77)     Total                          Min: 0, Avg:  1.5, Max: 6, Diff: 6, Sum: 6, Workers: 4
[1411.324s][debug][gc,phases      ] GC(77)   JVMTI Tag Weak OopStorage      Min:  0.0, Avg:  0.0, Max:  0.0, Diff:  0.0, Sum:  0.0, Workers: 4
[1411.324s][debug][gc,phases      ] GC(77)     Dead                           Min: 0, Avg:  0.0, Max: 0, Diff: 0, Sum: 0, Workers: 4
[1411.324s][debug][gc,phases      ] GC(77)     Total                          Min: 0, Avg:  0.0, Max: 0, Diff: 0, Sum: 0, Workers: 4
[1411.324s][debug][gc,phases      ] GC(77)   StringTable Weak               Min:  0.0, Avg:  0.1, Max:  0.1, Diff:  0.1, Sum:  0.4, Workers: 4
[1411.324s][debug][gc,phases      ] GC(77)     Dead                           Min: 0, Avg:  0.0, Max: 0, Diff: 0, Sum: 0, Workers: 4
[1411.324s][debug][gc,phases      ] GC(77)     Total                          Min: 0, Avg: 11793.8, Max: 20679, Diff: 20679, Sum: 47175, Workers: 4
[1411.324s][debug][gc,phases      ] GC(77)   ResolvedMethodTable Weak       Min:  0.0, Avg:  0.0, Max:  0.0, Diff:  0.0, Sum:  0.1, Workers: 4
[1411.324s][debug][gc,phases      ] GC(77)     Dead                           Min: 0, Avg:  4.2, Max: 17, Diff: 17, Sum: 17, Workers: 4
[1411.324s][debug][gc,phases      ] GC(77)     Total                          Min: 0, Avg: 4008.8, Max: 6764, Diff: 6764, Sum: 16035, Workers: 4
[1411.324s][debug][gc,phases      ] GC(77)   JNI Weak                       Min:  0.0, Avg:  0.0, Max:  0.0, Diff:  0.0, Sum:  0.0, Workers: 4
[1411.324s][debug][gc,phases      ] GC(77)     Dead                           Min: 0, Avg:  0.0, Max: 0, Diff: 0, Sum: 0, Workers: 4
[1411.324s][debug][gc,phases      ] GC(77)     Total                          Min: 0, Avg: 13.0, Max: 52, Diff: 52, Sum: 52, Workers: 4
[1411.324s][debug][gc,phases      ] GC(77)   StringDedup Table Weak         Min:  0.0, Avg:  0.0, Max:  0.0, Diff:  0.0, Sum:  0.0, Workers: 4
[1411.324s][debug][gc,phases      ] GC(77)     Dead                           Min: 0, Avg:  0.0, Max: 0, Diff: 0, Sum: 0, Workers: 4
[1411.324s][debug][gc,phases      ] GC(77)     Total                          Min: 0, Avg:  0.0, Max: 0, Diff: 0, Sum: 0, Workers: 4
[1411.324s][debug][gc,phases      ] GC(77)   StringDedup Requests0 Weak     Min:  0.0, Avg:  0.0, Max:  0.0, Diff:  0.0, Sum:  0.0, Workers: 4
[1411.324s][debug][gc,phases      ] GC(77)     Dead                           Min: 0, Avg:  0.0, Max: 0, Diff: 0, Sum: 0, Workers: 4
[1411.324s][debug][gc,phases      ] GC(77)     Total                          Min: 0, Avg:  0.0, Max: 0, Diff: 0, Sum: 0, Workers: 4
[1411.324s][debug][gc,phases      ] GC(77)   StringDedup Requests1 Weak     Min:  0.0, Avg:  0.0, Max:  0.0, Diff:  0.0, Sum:  0.0, Workers: 4
[1411.324s][debug][gc,phases      ] GC(77)     Dead                           Min: 0, Avg:  0.0, Max: 0, Diff: 0, Sum: 0, Workers: 4
[1411.324s][debug][gc,phases      ] GC(77)     Total                          Min: 0, Avg:  0.0, Max: 0, Diff: 0, Sum: 0, Workers: 4
[1411.324s][debug][gc,phases      ] GC(77)   Weak JFR Old Object Samples    Min:  0.0, Avg:  0.0, Max:  0.0, Diff:  0.0, Sum:  0.0, Workers: 4
[1411.324s][debug][gc,phases      ] GC(77)     Dead                           Min: 0, Avg:  0.0, Max: 0, Diff: 0, Sum: 0, Workers: 4
[1411.324s][debug][gc,phases      ] GC(77)     Total                          Min: 0, Avg:  0.0, Max: 0, Diff: 0, Sum: 0, Workers: 4
[1411.324s][debug][gc,phases      ] GC(77) Weak Processing 0.362ms
[1411.324s][debug][gc,age         ] GC(77) Desired survivor size 52428800 bytes, new threshold 1 (max threshold 15)
[1411.325s][info ][gc,heap        ] GC(77) PSYoungGen: 2008048K(2045952K)->10976K(2045440K) Eden: 1994240K(1994240K)->0K(1994240K) From: 13808K(51712K)->10976K(51200K)
[1411.325s][info ][gc,heap        ] GC(77) ParOldGen: 442948K(1190912K)->453732K(1190912K)
[1411.325s][info ][gc,metaspace   ] GC(77) Metaspace: 109027K(110464K)->109027K(110464K) NonClass: 92671K(93504K)->92671K(93504K) Class: 16356K(16960K)->16356K(16960K)
[1411.325s][info ][gc             ] GC(77) Pause Young (Allocation Failure) 2393M->453M(3160M) 10.750ms
[1411.325s][info ][gc,cpu         ] GC(77) User=0.03s Sys=0.01s Real=0.01s
[1411.325s][info ][safepoint      ] Safepoint "ParallelGCFailedAllocation", Time since last: 674147272 ns, Reaching safepoint: 78501 ns, Cleanup: 8300 ns, At safepoint: 10826083 ns, Total: 10912884 ns
[1412.325s][info ][safepoint      ] Safepoint "Cleanup", Time since last: 1000092098 ns, Reaching safepoint: 6800 ns, Cleanup: 11700 ns, At safepoint: 2800 ns, Total: 21300 ns
[1413.325s][info ][safepoint      ] Safepoint "Cleanup", Time since last: 1000106755 ns, Reaching safepoint: 5600 ns, Cleanup: 9000 ns, At safepoint: 2500 ns, Total: 17100 ns
[1415.325s][info ][safepoint      ] Safepoint "Cleanup", Time since last: 2000175110 ns, Reaching safepoint: 5800 ns, Cleanup: 23100 ns, At safepoint: 2400 ns, Total: 31300 ns
[1416.325s][info ][safepoint      ] Safepoint "Cleanup", Time since last: 1000102500 ns, Reaching safepoint: 6200 ns, Cleanup: 9900 ns, At safepoint: 3100 ns, Total: 19200 ns
[1419.325s][info ][safepoint      ] Safepoint "Cleanup", Time since last: 3000229609 ns, Reaching safepoint: 5700 ns, Cleanup: 8800 ns, At safepoint: 2300 ns, Total: 16800 ns
[1421.326s][info ][safepoint      ] Safepoint "Cleanup", Time since last: 2000170843 ns, Reaching safepoint: 5300 ns, Cleanup: 8400 ns, At safepoint: 2100 ns, Total: 15800 ns
[1422.326s][info ][safepoint      ] Safepoint "Cleanup", Time since last: 1000099551 ns, Reaching safepoint: 5900 ns, Cleanup: 17100 ns, At safepoint: 2600 ns, Total: 25600 ns
[1423.326s][info ][safepoint      ] Safepoint "Cleanup", Time since last: 1000098352 ns, Reaching safepoint: 5800 ns, Cleanup: 7900 ns, At safepoint: 2400 ns, Total: 16100 ns
[1427.326s][info ][safepoint      ] Safepoint "Cleanup", Time since last: 4000316005 ns, Reaching safepoint: 6500 ns, Cleanup: 9600 ns, At safepoint: 3200 ns, Total: 19300 ns
[1428.326s][info ][safepoint      ] Safepoint "Cleanup", Time since last: 1000110570 ns, Reaching safepoint: 5900 ns, Cleanup: 11600 ns, At safepoint: 2700 ns, Total: 20200 ns
[1433.213s][info ][safepoint      ] Safepoint "Cleanup", Time since last: 4887135945 ns, Reaching safepoint: 3700 ns, Cleanup: 10300 ns, At safepoint: 2500 ns, Total: 16500 ns
[1434.214s][info ][safepoint      ] Safepoint "Cleanup", Time since last: 1000106569 ns, Reaching safepoint: 79400 ns, Cleanup: 15901 ns, At safepoint: 6000 ns, Total: 101301 ns
[1435.214s][info ][safepoint      ] Safepoint "Cleanup", Time since last: 1000102168 ns, Reaching safepoint: 76101 ns, Cleanup: 6700 ns, At safepoint: 5700 ns, Total: 88501 ns
[1437.214s][info ][safepoint      ] Safepoint "Cleanup", Time since last: 2000179691 ns, Reaching safepoint: 5700 ns, Cleanup: 9100 ns, At safepoint: 2500 ns, Total: 17300 ns
[1442.653s][info ][safepoint      ] Safepoint "Cleanup", Time since last: 5439342619 ns, Reaching safepoint: 83601 ns, Cleanup: 8100 ns, At safepoint: 5700 ns, Total: 97401 ns
[1443.654s][info ][safepoint      ] Safepoint "Cleanup", Time since last: 1000110636 ns, Reaching safepoint: 6000 ns, Cleanup: 10101 ns, At safepoint: 2300 ns, Total: 18401 ns
[1445.654s][info ][safepoint      ] Safepoint "Cleanup", Time since last: 2000174501 ns, Reaching safepoint: 5101 ns, Cleanup: 9100 ns, At safepoint: 2100 ns, Total: 16301 ns
[1446.654s][info ][safepoint      ] Safepoint "Cleanup", Time since last: 1000106735 ns, Reaching safepoint: 5900 ns, Cleanup: 13700 ns, At safepoint: 21400 ns, Total: 41000 ns
[1450.654s][info ][safepoint      ] Safepoint "Cleanup", Time since last: 4000305040 ns, Reaching safepoint: 5900 ns, Cleanup: 11100 ns, At safepoint: 2300 ns, Total: 19300 ns
[1452.654s][info ][safepoint      ] Safepoint "Cleanup", Time since last: 2000194030 ns, Reaching safepoint: 5600 ns, Cleanup: 11000 ns, At safepoint: 2300 ns, Total: 18900 ns
[1456.214s][info ][gc,start       ] GC(78) Pause Young (Allocation Failure)
[1456.225s][debug][gc,phases      ] GC(78) Scavenge 10.199ms
[1456.225s][debug][gc,ref         ] GC(78) ReferenceProcessor::execute queues: 1, RefProcThreadModel::Single, marks_oops_alive: false
[1456.225s][debug][gc,ref         ] GC(78) Skipped KeepAliveFinalRefsPhase of Reference Processing: no references
[1456.225s][debug][gc,ref         ] GC(78) ReferenceProcessor::execute queues: 1, RefProcThreadModel::Single, marks_oops_alive: false
[1456.225s][debug][gc,phases      ] GC(78) Reference Processing 0.097ms
[1456.225s][debug][gc,phases      ] GC(78)   VM Weak                        Min:  0.0, Avg:  0.0, Max:  0.0, Diff:  0.0, Sum:  0.0, Workers: 4
[1456.225s][debug][gc,phases      ] GC(78)     Dead                           Min: 0, Avg:  0.0, Max: 0, Diff: 0, Sum: 0, Workers: 4
[1456.225s][debug][gc,phases      ] GC(78)     Total                          Min: 0, Avg: 272.5, Max: 898, Diff: 898, Sum: 1090, Workers: 4
[1456.225s][debug][gc,phases      ] GC(78)   ObjectSynchronizer Weak        Min:  0.0, Avg:  0.0, Max:  0.0, Diff:  0.0, Sum:  0.0, Workers: 4
[1456.225s][debug][gc,phases      ] GC(78)     Dead                           Min: 0, Avg:  0.0, Max: 0, Diff: 0, Sum: 0, Workers: 4
[1456.225s][debug][gc,phases      ] GC(78)     Total                          Min: 0, Avg:  1.2, Max: 5, Diff: 5, Sum: 5, Workers: 4
[1456.225s][debug][gc,phases      ] GC(78)   JVMTI Tag Weak OopStorage      Min:  0.0, Avg:  0.0, Max:  0.0, Diff:  0.0, Sum:  0.0, Workers: 4
[1456.225s][debug][gc,phases      ] GC(78)     Dead                           Min: 0, Avg:  0.0, Max: 0, Diff: 0, Sum: 0, Workers: 4
[1456.225s][debug][gc,phases      ] GC(78)     Total                          Min: 0, Avg:  0.0, Max: 0, Diff: 0, Sum: 0, Workers: 4
[1456.225s][debug][gc,phases      ] GC(78)   StringTable Weak               Min:  0.0, Avg:  0.1, Max:  0.1, Diff:  0.1, Sum:  0.4, Workers: 4
[1456.225s][debug][gc,phases      ] GC(78)     Dead                           Min: 0, Avg:  0.5, Max: 2, Diff: 2, Sum: 2, Workers: 4
[1456.225s][debug][gc,phases      ] GC(78)     Total                          Min: 0, Avg: 11801.8, Max: 20009, Diff: 20009, Sum: 47207, Workers: 4
[1456.225s][debug][gc,phases      ] GC(78)   ResolvedMethodTable Weak       Min:  0.0, Avg:  0.0, Max:  0.0, Diff:  0.0, Sum:  0.1, Workers: 4
[1456.225s][debug][gc,phases      ] GC(78)     Dead                           Min: 0, Avg:  5.0, Max: 11, Diff: 11, Sum: 20, Workers: 4
[1456.225s][debug][gc,phases      ] GC(78)     Total                          Min: 0, Avg: 4023.0, Max: 6844, Diff: 6844, Sum: 16092, Workers: 4
[1456.225s][debug][gc,phases      ] GC(78)   JNI Weak                       Min:  0.0, Avg:  0.0, Max:  0.0, Diff:  0.0, Sum:  0.0, Workers: 4
[1456.225s][debug][gc,phases      ] GC(78)     Dead                           Min: 0, Avg:  0.0, Max: 0, Diff: 0, Sum: 0, Workers: 4
[1456.225s][debug][gc,phases      ] GC(78)     Total                          Min: 0, Avg: 13.0, Max: 52, Diff: 52, Sum: 52, Workers: 4
[1456.225s][debug][gc,phases      ] GC(78)   StringDedup Table Weak         Min:  0.0, Avg:  0.0, Max:  0.0, Diff:  0.0, Sum:  0.0, Workers: 4
[1456.225s][debug][gc,phases      ] GC(78)     Dead                           Min: 0, Avg:  0.0, Max: 0, Diff: 0, Sum: 0, Workers: 4
[1456.225s][debug][gc,phases      ] GC(78)     Total                          Min: 0, Avg:  0.0, Max: 0, Diff: 0, Sum: 0, Workers: 4
[1456.225s][debug][gc,phases      ] GC(78)   StringDedup Requests0 Weak     Min:  0.0, Avg:  0.0, Max:  0.0, Diff:  0.0, Sum:  0.0, Workers: 4
[1456.225s][debug][gc,phases      ] GC(78)     Dead                           Min: 0, Avg:  0.0, Max: 0, Diff: 0, Sum: 0, Workers: 4
[1456.225s][debug][gc,phases      ] GC(78)     Total                          Min: 0, Avg:  0.0, Max: 0, Diff: 0, Sum: 0, Workers: 4
[1456.225s][debug][gc,phases      ] GC(78)   StringDedup Requests1 Weak     Min:  0.0, Avg:  0.0, Max:  0.0, Diff:  0.0, Sum:  0.0, Workers: 4
[1456.225s][debug][gc,phases      ] GC(78)     Dead                           Min: 0, Avg:  0.0, Max: 0, Diff: 0, Sum: 0, Workers: 4
[1456.225s][debug][gc,phases      ] GC(78)     Total                          Min: 0, Avg:  0.0, Max: 0, Diff: 0, Sum: 0, Workers: 4
[1456.225s][debug][gc,phases      ] GC(78)   Weak JFR Old Object Samples    Min:  0.0, Avg:  0.0, Max:  0.0, Diff:  0.0, Sum:  0.0, Workers: 4
[1456.225s][debug][gc,phases      ] GC(78)     Dead                           Min: 0, Avg:  0.0, Max: 0, Diff: 0, Sum: 0, Workers: 4
[1456.225s][debug][gc,phases      ] GC(78)     Total                          Min: 0, Avg:  0.0, Max: 0, Diff: 0, Sum: 0, Workers: 4
[1456.225s][debug][gc,phases      ] GC(78) Weak Processing 0.371ms
[1456.225s][debug][gc,age         ] GC(78) Desired survivor size 51380224 bytes, new threshold 1 (max threshold 15)
[1456.225s][info ][gc,heap        ] GC(78) PSYoungGen: 2005216K(2045440K)->13617K(2046976K) Eden: 1994240K(1994240K)->0K(1995776K) From: 10976K(51200K)->13617K(51200K)
[1456.225s][info ][gc,heap        ] GC(78) ParOldGen: 453732K(1190912K)->461427K(1190912K)
[1456.225s][info ][gc,metaspace   ] GC(78) Metaspace: 109132K(110528K)->109132K(110528K) NonClass: 92756K(93568K)->92756K(93568K) Class: 16376K(16960K)->16376K(16960K)
[1456.225s][info ][gc             ] GC(78) Pause Young (Allocation Failure) 2401M->463M(3162M) 10.779ms
[1456.225s][info ][gc,cpu         ] GC(78) User=0.03s Sys=0.00s Real=0.01s
[1456.225s][info ][safepoint      ] Safepoint "ParallelGCFailedAllocation", Time since last: 3559834867 ns, Reaching safepoint: 85001 ns, Cleanup: 9700 ns, At safepoint: 10850083 ns, Total: 10944784 ns
[1457.225s][info ][safepoint      ] Safepoint "Cleanup", Time since last: 1000082632 ns, Reaching safepoint: 5300 ns, Cleanup: 8500 ns, At safepoint: 2400 ns, Total: 16200 ns
[1458.225s][info ][safepoint      ] Safepoint "Cleanup", Time since last: 1000102032 ns, Reaching safepoint: 5500 ns, Cleanup: 10500 ns, At safepoint: 2200 ns, Total: 18200 ns
[1464.226s][info ][safepoint      ] Safepoint "Cleanup", Time since last: 6000450202 ns, Reaching safepoint: 6100 ns, Cleanup: 15601 ns, At safepoint: 2100 ns, Total: 23801 ns
[1465.226s][info ][safepoint      ] Safepoint "Cleanup", Time since last: 1000107708 ns, Reaching safepoint: 78400 ns, Cleanup: 10400 ns, At safepoint: 6200 ns, Total: 95000 ns
[1466.226s][info ][safepoint      ] Safepoint "Cleanup", Time since last: 1000105808 ns, Reaching safepoint: 6701 ns, Cleanup: 11500 ns, At safepoint: 2700 ns, Total: 20901 ns
[1469.227s][info ][safepoint      ] Safepoint "Cleanup", Time since last: 3000255077 ns, Reaching safepoint: 6200 ns, Cleanup: 9600 ns, At safepoint: 2700 ns, Total: 18500 ns
[1470.227s][info ][safepoint      ] Safepoint "Cleanup", Time since last: 1000113812 ns, Reaching safepoint: 6800 ns, Cleanup: 20300 ns, At safepoint: 2900 ns, Total: 30000 ns
[1472.227s][info ][safepoint      ] Safepoint "Cleanup", Time since last: 2000177224 ns, Reaching safepoint: 5800 ns, Cleanup: 8800 ns, At safepoint: 2200 ns, Total: 16800 ns
[1473.227s][info ][safepoint      ] Safepoint "Cleanup", Time since last: 1000105111 ns, Reaching safepoint: 6700 ns, Cleanup: 9700 ns, At safepoint: 2600 ns, Total: 19000 ns
[1478.227s][info ][safepoint      ] Safepoint "Cleanup", Time since last: 5000382258 ns, Reaching safepoint: 6800 ns, Cleanup: 19600 ns, At safepoint: 3000 ns, Total: 29400 ns
[1480.228s][info ][safepoint      ] Safepoint "Cleanup", Time since last: 2000185418 ns, Reaching safepoint: 6800 ns, Cleanup: 10400 ns, At safepoint: 3001 ns, Total: 20201 ns
[1483.228s][info ][safepoint      ] Safepoint "Cleanup", Time since last: 3000245027 ns, Reaching safepoint: 5700 ns, Cleanup: 19900 ns, At safepoint: 2900 ns, Total: 28500 ns
[1484.228s][info ][safepoint      ] Safepoint "Cleanup", Time since last: 1000104519 ns, Reaching safepoint: 6800 ns, Cleanup: 13600 ns, At safepoint: 2600 ns, Total: 23000 ns
[1489.228s][info ][safepoint      ] Safepoint "Cleanup", Time since last: 5000409500 ns, Reaching safepoint: 6700 ns, Cleanup: 10500 ns, At safepoint: 3200 ns, Total: 20400 ns
[1492.229s][info ][safepoint      ] Safepoint "Cleanup", Time since last: 3000259637 ns, Reaching safepoint: 6400 ns, Cleanup: 9200 ns, At safepoint: 2500 ns, Total: 18100 ns
[1493.908s][info ][gc,start       ] GC(79) Pause Young (Allocation Failure)
[1493.920s][debug][gc,phases      ] GC(79) Scavenge 12.243ms
[1493.920s][debug][gc,ref         ] GC(79) ReferenceProcessor::execute queues: 1, RefProcThreadModel::Single, marks_oops_alive: false
[1493.920s][debug][gc,ref         ] GC(79) Skipped KeepAliveFinalRefsPhase of Reference Processing: no references
[1493.920s][debug][gc,ref         ] GC(79) ReferenceProcessor::execute queues: 1, RefProcThreadModel::Single, marks_oops_alive: false
[1493.920s][debug][gc,phases      ] GC(79) Reference Processing 0.139ms
[1493.921s][debug][gc,phases      ] GC(79)   VM Weak                        Min:  0.0, Avg:  0.0, Max:  0.0, Diff:  0.0, Sum:  0.0, Workers: 4
[1493.921s][debug][gc,phases      ] GC(79)     Dead                           Min: 0, Avg:  0.0, Max: 0, Diff: 0, Sum: 0, Workers: 4
[1493.921s][debug][gc,phases      ] GC(79)     Total                          Min: 0, Avg: 272.5, Max: 704, Diff: 704, Sum: 1090, Workers: 4
[1493.921s][debug][gc,phases      ] GC(79)   ObjectSynchronizer Weak        Min:  0.0, Avg:  0.0, Max:  0.0, Diff:  0.0, Sum:  0.0, Workers: 4
[1493.921s][debug][gc,phases      ] GC(79)     Dead                           Min: 0, Avg:  0.0, Max: 0, Diff: 0, Sum: 0, Workers: 4
[1493.921s][debug][gc,phases      ] GC(79)     Total                          Min: 0, Avg:  1.5, Max: 6, Diff: 6, Sum: 6, Workers: 4
[1493.921s][debug][gc,phases      ] GC(79)   JVMTI Tag Weak OopStorage      Min:  0.0, Avg:  0.0, Max:  0.0, Diff:  0.0, Sum:  0.0, Workers: 4
[1493.921s][debug][gc,phases      ] GC(79)     Dead                           Min: 0, Avg:  0.0, Max: 0, Diff: 0, Sum: 0, Workers: 4
[1493.921s][debug][gc,phases      ] GC(79)     Total                          Min: 0, Avg:  0.0, Max: 0, Diff: 0, Sum: 0, Workers: 4
[1493.921s][debug][gc,phases      ] GC(79)   StringTable Weak               Min:  0.0, Avg:  0.1, Max:  0.2, Diff:  0.2, Sum:  0.5, Workers: 4
[1493.921s][debug][gc,phases      ] GC(79)     Dead                           Min: 0, Avg:  0.0, Max: 0, Diff: 0, Sum: 0, Workers: 4
[1493.921s][debug][gc,phases      ] GC(79)     Total                          Min: 0, Avg: 11802.0, Max: 15850, Diff: 15850, Sum: 47208, Workers: 4
[1493.921s][debug][gc,phases      ] GC(79)   ResolvedMethodTable Weak       Min:  0.0, Avg:  0.0, Max:  0.1, Diff:  0.1, Sum:  0.2, Workers: 4
[1493.921s][debug][gc,phases      ] GC(79)     Dead                           Min: 0, Avg:  4.0, Max: 14, Diff: 14, Sum: 16, Workers: 4
[1493.921s][debug][gc,phases      ] GC(79)     Total                          Min: 0, Avg: 4023.0, Max: 5592, Diff: 5592, Sum: 16092, Workers: 4
[1493.921s][debug][gc,phases      ] GC(79)   JNI Weak                       Min:  0.0, Avg:  0.0, Max:  0.0, Diff:  0.0, Sum:  0.0, Workers: 4
[1493.921s][debug][gc,phases      ] GC(79)     Dead                           Min: 0, Avg:  0.0, Max: 0, Diff: 0, Sum: 0, Workers: 4
[1493.921s][debug][gc,phases      ] GC(79)     Total                          Min: 0, Avg: 13.0, Max: 52, Diff: 52, Sum: 52, Workers: 4
[1493.921s][debug][gc,phases      ] GC(79)   StringDedup Table Weak         Min:  0.0, Avg:  0.0, Max:  0.0, Diff:  0.0, Sum:  0.0, Workers: 4
[1493.921s][debug][gc,phases      ] GC(79)     Dead                           Min: 0, Avg:  0.0, Max: 0, Diff: 0, Sum: 0, Workers: 4
[1493.921s][debug][gc,phases      ] GC(79)     Total                          Min: 0, Avg:  0.0, Max: 0, Diff: 0, Sum: 0, Workers: 4
[1493.921s][debug][gc,phases      ] GC(79)   StringDedup Requests0 Weak     Min:  0.0, Avg:  0.0, Max:  0.0, Diff:  0.0, Sum:  0.0, Workers: 4
[1493.921s][debug][gc,phases      ] GC(79)     Dead                           Min: 0, Avg:  0.0, Max: 0, Diff: 0, Sum: 0, Workers: 4
[1493.921s][debug][gc,phases      ] GC(79)     Total                          Min: 0, Avg:  0.0, Max: 0, Diff: 0, Sum: 0, Workers: 4
[1493.921s][debug][gc,phases      ] GC(79)   StringDedup Requests1 Weak     Min:  0.0, Avg:  0.0, Max:  0.0, Diff:  0.0, Sum:  0.0, Workers: 4
[1493.921s][debug][gc,phases      ] GC(79)     Dead                           Min: 0, Avg:  0.0, Max: 0, Diff: 0, Sum: 0, Workers: 4
[1493.921s][debug][gc,phases      ] GC(79)     Total                          Min: 0, Avg:  0.0, Max: 0, Diff: 0, Sum: 0, Workers: 4
[1493.921s][debug][gc,phases      ] GC(79)   Weak JFR Old Object Samples    Min:  0.0, Avg:  0.0, Max:  0.0, Diff:  0.0, Sum:  0.0, Workers: 4
[1493.921s][debug][gc,phases      ] GC(79)     Dead                           Min: 0, Avg:  0.0, Max: 0, Diff: 0, Sum: 0, Workers: 4
[1493.921s][debug][gc,phases      ] GC(79)     Total                          Min: 0, Avg:  0.0, Max: 0, Diff: 0, Sum: 0, Workers: 4
[1493.921s][debug][gc,phases      ] GC(79) Weak Processing 0.536ms
[1493.921s][debug][gc,age         ] GC(79) Desired survivor size 49283072 bytes, new threshold 1 (max threshold 15)
[1493.921s][info ][gc,heap        ] GC(79) PSYoungGen: 2009393K(2046976K)->17738K(2045952K) Eden: 1995776K(1995776K)->0K(1995776K) From: 13617K(51200K)->17738K(50176K)
[1493.921s][info ][gc,heap        ] GC(79) ParOldGen: 461427K(1190912K)->471724K(1190912K)
[1493.921s][info ][gc,metaspace   ] GC(79) Metaspace: 109154K(110528K)->109154K(110528K) NonClass: 92777K(93568K)->92777K(93568K) Class: 16376K(16960K)->16376K(16960K)
[1493.921s][info ][gc             ] GC(79) Pause Young (Allocation Failure) 2412M->477M(3161M) 13.068ms
[1493.921s][info ][gc,cpu         ] GC(79) User=0.04s Sys=0.00s Real=0.02s
[1493.921s][info ][safepoint      ] Safepoint "ParallelGCFailedAllocation", Time since last: 1679173191 ns, Reaching safepoint: 81401 ns, Cleanup: 3900 ns, At safepoint: 13236301 ns, Total: 13321602 ns
[1496.921s][info ][safepoint      ] Safepoint "Cleanup", Time since last: 3000234455 ns, Reaching safepoint: 5500 ns, Cleanup: 18900 ns, At safepoint: 2300 ns, Total: 26700 ns
[1497.922s][info ][safepoint      ] Safepoint "Cleanup", Time since last: 1000101419 ns, Reaching safepoint: 6100 ns, Cleanup: 14000 ns, At safepoint: 2500 ns, Total: 22600 ns
[1501.676s][info ][safepoint      ] Safepoint "Cleanup", Time since last: 3754003505 ns, Reaching safepoint: 79900 ns, Cleanup: 9400 ns, At safepoint: 13900 ns, Total: 103200 ns
[1502.676s][info ][safepoint      ] Safepoint "Cleanup", Time since last: 1000116889 ns, Reaching safepoint: 7300 ns, Cleanup: 27300 ns, At safepoint: 3900 ns, Total: 38500 ns
[1504.676s][info ][safepoint      ] Safepoint "Cleanup", Time since last: 2000163277 ns, Reaching safepoint: 5900 ns, Cleanup: 9300 ns, At safepoint: 2400 ns, Total: 17600 ns
[1510.677s][info ][safepoint      ] Safepoint "Cleanup", Time since last: 6000450227 ns, Reaching safepoint: 6200 ns, Cleanup: 9500 ns, At safepoint: 2101 ns, Total: 17801 ns
[1511.677s][info ][safepoint      ] Safepoint "Cleanup", Time since last: 1000108925 ns, Reaching safepoint: 6500 ns, Cleanup: 24700 ns, At safepoint: 2700 ns, Total: 33900 ns
[1520.677s][info ][safepoint      ] Safepoint "Cleanup", Time since last: 9000671049 ns, Reaching safepoint: 6300 ns, Cleanup: 10500 ns, At safepoint: 3000 ns, Total: 19800 ns
[1522.678s][info ][safepoint      ] Safepoint "Cleanup", Time since last: 2000184295 ns, Reaching safepoint: 6400 ns, Cleanup: 9600 ns, At safepoint: 2500 ns, Total: 18500 ns
[1523.678s][info ][safepoint      ] Safepoint "Cleanup", Time since last: 1000114298 ns, Reaching safepoint: 6300 ns, Cleanup: 15900 ns, At safepoint: 2500 ns, Total: 24700 ns
[1524.678s][info ][safepoint      ] Safepoint "Cleanup", Time since last: 1000112412 ns, Reaching safepoint: 6600 ns, Cleanup: 11600 ns, At safepoint: 2800 ns, Total: 21000 ns
[1526.350s][info ][gc,start       ] GC(80) Pause Young (Allocation Failure)
[1526.361s][debug][gc,phases      ] GC(80) Scavenge 11.498ms
[1526.361s][debug][gc,ref         ] GC(80) ReferenceProcessor::execute queues: 1, RefProcThreadModel::Single, marks_oops_alive: false
[1526.361s][debug][gc,ref         ] GC(80) Skipped KeepAliveFinalRefsPhase of Reference Processing: no references
[1526.361s][debug][gc,ref         ] GC(80) ReferenceProcessor::execute queues: 1, RefProcThreadModel::Single, marks_oops_alive: false
[1526.361s][debug][gc,phases      ] GC(80) Reference Processing 0.097ms
[1526.362s][debug][gc,phases      ] GC(80)   VM Weak                        Min:  0.0, Avg:  0.0, Max:  0.0, Diff:  0.0, Sum:  0.0, Workers: 4
[1526.362s][debug][gc,phases      ] GC(80)     Dead                           Min: 0, Avg:  0.0, Max: 0, Diff: 0, Sum: 0, Workers: 4
[1526.362s][debug][gc,phases      ] GC(80)     Total                          Min: 0, Avg: 273.5, Max: 576, Diff: 576, Sum: 1094, Workers: 4
[1526.362s][debug][gc,phases      ] GC(80)   ObjectSynchronizer Weak        Min:  0.0, Avg:  0.0, Max:  0.0, Diff:  0.0, Sum:  0.0, Workers: 4
[1526.362s][debug][gc,phases      ] GC(80)     Dead                           Min: 0, Avg:  0.0, Max: 0, Diff: 0, Sum: 0, Workers: 4
[1526.362s][debug][gc,phases      ] GC(80)     Total                          Min: 0, Avg:  1.5, Max: 6, Diff: 6, Sum: 6, Workers: 4
[1526.362s][debug][gc,phases      ] GC(80)   JVMTI Tag Weak OopStorage      Min:  0.0, Avg:  0.0, Max:  0.0, Diff:  0.0, Sum:  0.0, Workers: 4
[1526.362s][debug][gc,phases      ] GC(80)     Dead                           Min: 0, Avg:  0.0, Max: 0, Diff: 0, Sum: 0, Workers: 4
[1526.362s][debug][gc,phases      ] GC(80)     Total                          Min: 0, Avg:  0.0, Max: 0, Diff: 0, Sum: 0, Workers: 4
[1526.362s][debug][gc,phases      ] GC(80)   StringTable Weak               Min:  0.0, Avg:  0.1, Max:  0.1, Diff:  0.1, Sum:  0.4, Workers: 4
[1526.362s][debug][gc,phases      ] GC(80)     Dead                           Min: 0, Avg:  0.2, Max: 1, Diff: 1, Sum: 1, Workers: 4
[1526.362s][debug][gc,phases      ] GC(80)     Total                          Min: 0, Avg: 11803.2, Max: 19949, Diff: 19949, Sum: 47213, Workers: 4
[1526.362s][debug][gc,phases      ] GC(80)   ResolvedMethodTable Weak       Min:  0.0, Avg:  0.0, Max:  0.0, Diff:  0.0, Sum:  0.1, Workers: 4
[1526.362s][debug][gc,phases      ] GC(80)     Dead                           Min: 0, Avg:  4.0, Max: 12, Diff: 12, Sum: 16, Workers: 4
[1526.362s][debug][gc,phases      ] GC(80)     Total                          Min: 0, Avg: 4026.2, Max: 6752, Diff: 6752, Sum: 16105, Workers: 4
[1526.362s][debug][gc,phases      ] GC(80)   JNI Weak                       Min:  0.0, Avg:  0.0, Max:  0.0, Diff:  0.0, Sum:  0.0, Workers: 4
[1526.362s][debug][gc,phases      ] GC(80)     Dead                           Min: 0, Avg:  0.0, Max: 0, Diff: 0, Sum: 0, Workers: 4
[1526.362s][debug][gc,phases      ] GC(80)     Total                          Min: 0, Avg: 13.0, Max: 52, Diff: 52, Sum: 52, Workers: 4
[1526.362s][debug][gc,phases      ] GC(80)   StringDedup Table Weak         Min:  0.0, Avg:  0.0, Max:  0.0, Diff:  0.0, Sum:  0.0, Workers: 4
[1526.362s][debug][gc,phases      ] GC(80)     Dead                           Min: 0, Avg:  0.0, Max: 0, Diff: 0, Sum: 0, Workers: 4
[1526.362s][debug][gc,phases      ] GC(80)     Total                          Min: 0, Avg:  0.0, Max: 0, Diff: 0, Sum: 0, Workers: 4
[1526.362s][debug][gc,phases      ] GC(80)   StringDedup Requests0 Weak     Min:  0.0, Avg:  0.0, Max:  0.0, Diff:  0.0, Sum:  0.0, Workers: 4
[1526.362s][debug][gc,phases      ] GC(80)     Dead                           Min: 0, Avg:  0.0, Max: 0, Diff: 0, Sum: 0, Workers: 4
[1526.362s][debug][gc,phases      ] GC(80)     Total                          Min: 0, Avg:  0.0, Max: 0, Diff: 0, Sum: 0, Workers: 4
[1526.362s][debug][gc,phases      ] GC(80)   StringDedup Requests1 Weak     Min:  0.0, Avg:  0.0, Max:  0.0, Diff:  0.0, Sum:  0.0, Workers: 4
[1526.362s][debug][gc,phases      ] GC(80)     Dead                           Min: 0, Avg:  0.0, Max: 0, Diff: 0, Sum: 0, Workers: 4
[1526.362s][debug][gc,phases      ] GC(80)     Total                          Min: 0, Avg:  0.0, Max: 0, Diff: 0, Sum: 0, Workers: 4
[1526.362s][debug][gc,phases      ] GC(80)   Weak JFR Old Object Samples    Min:  0.0, Avg:  0.0, Max:  0.0, Diff:  0.0, Sum:  0.0, Workers: 4
[1526.362s][debug][gc,phases      ] GC(80)     Dead                           Min: 0, Avg:  0.0, Max: 0, Diff: 0, Sum: 0, Workers: 4
[1526.362s][debug][gc,phases      ] GC(80)     Total                          Min: 0, Avg:  0.0, Max: 0, Diff: 0, Sum: 0, Workers: 4
[1526.362s][debug][gc,phases      ] GC(80) Weak Processing 0.348ms
[1526.362s][debug][gc,age         ] GC(80) Desired survivor size 47185920 bytes, new threshold 1 (max threshold 15)
[1526.362s][info ][gc,heap        ] GC(80) PSYoungGen: 2013514K(2045952K)->17008K(2051072K) Eden: 1995776K(1995776K)->0K(2002944K) From: 17738K(50176K)->17008K(48128K)
[1526.362s][info ][gc,heap        ] GC(80) ParOldGen: 471724K(1190912K)->485308K(1190912K)
[1526.362s][info ][gc,metaspace   ] GC(80) Metaspace: 109177K(110592K)->109177K(110592K) NonClass: 92796K(93632K)->92796K(93632K) Class: 16380K(16960K)->16380K(16960K)
[1526.362s][info ][gc             ] GC(80) Pause Young (Allocation Failure) 2426M->490M(3166M) 12.074ms
[1526.362s][info ][gc,cpu         ] GC(80) User=0.05s Sys=0.00s Real=0.02s
[1526.362s][info ][safepoint      ] Safepoint "ParallelGCFailedAllocation", Time since last: 1671789584 ns, Reaching safepoint: 5600 ns, Cleanup: 9800 ns, At safepoint: 12151085 ns, Total: 12166485 ns
[1528.362s][info ][safepoint      ] Safepoint "Cleanup", Time since last: 2000190679 ns, Reaching safepoint: 7700 ns, Cleanup: 10000 ns, At safepoint: 11300 ns, Total: 29000 ns
[1530.362s][info ][safepoint      ] Safepoint "Cleanup", Time since last: 2000217879 ns, Reaching safepoint: 80901 ns, Cleanup: 10700 ns, At safepoint: 10300 ns, Total: 101901 ns
[1531.363s][info ][safepoint      ] Safepoint "Cleanup", Time since last: 1000110390 ns, Reaching safepoint: 77000 ns, Cleanup: 8900 ns, At safepoint: 5600 ns, Total: 91500 ns
[1533.363s][info ][safepoint      ] Safepoint "Cleanup", Time since last: 2000178592 ns, Reaching safepoint: 78300 ns, Cleanup: 8100 ns, At safepoint: 7801 ns, Total: 94201 ns
[1534.363s][info ][safepoint      ] Safepoint "Cleanup", Time since last: 1000076354 ns, Reaching safepoint: 76701 ns, Cleanup: 9500 ns, At safepoint: 5700 ns, Total: 91901 ns
[1539.363s][info ][safepoint      ] Safepoint "Cleanup", Time since last: 5000382774 ns, Reaching safepoint: 76500 ns, Cleanup: 8700 ns, At safepoint: 5500 ns, Total: 90700 ns
[1542.364s][info ][safepoint      ] Safepoint "Cleanup", Time since last: 3000244264 ns, Reaching safepoint: 79401 ns, Cleanup: 10500 ns, At safepoint: 8700 ns, Total: 98601 ns
[1543.365s][info ][safepoint      ] Safepoint "Cleanup", Time since last: 1001400665 ns, Reaching safepoint: 86100 ns, Cleanup: 15500 ns, At safepoint: 16601 ns, Total: 118201 ns
[1544.365s][info ][safepoint      ] Safepoint "Cleanup", Time since last: 1000104054 ns, Reaching safepoint: 5300 ns, Cleanup: 8701 ns, At safepoint: 2300 ns, Total: 16301 ns
[1546.343s][info ][gc,start       ] GC(81) Pause Young (Allocation Failure)
[1546.358s][debug][gc,phases      ] GC(81) Scavenge 14.588ms
[1546.358s][debug][gc,ref         ] GC(81) ReferenceProcessor::execute queues: 1, RefProcThreadModel::Single, marks_oops_alive: false
[1546.358s][debug][gc,ref         ] GC(81) Skipped KeepAliveFinalRefsPhase of Reference Processing: no references
[1546.358s][debug][gc,ref         ] GC(81) ReferenceProcessor::execute queues: 1, RefProcThreadModel::Single, marks_oops_alive: false
[1546.358s][debug][gc,phases      ] GC(81) Reference Processing 0.093ms
[1546.358s][debug][gc,phases      ] GC(81)   VM Weak                        Min:  0.0, Avg:  0.0, Max:  0.0, Diff:  0.0, Sum:  0.0, Workers: 4
[1546.358s][debug][gc,phases      ] GC(81)     Dead                           Min: 0, Avg:  0.0, Max: 0, Diff: 0, Sum: 0, Workers: 4
[1546.358s][debug][gc,phases      ] GC(81)     Total                          Min: 0, Avg: 273.5, Max: 768, Diff: 768, Sum: 1094, Workers: 4
[1546.358s][debug][gc,phases      ] GC(81)   ObjectSynchronizer Weak        Min:  0.0, Avg:  0.0, Max:  0.0, Diff:  0.0, Sum:  0.0, Workers: 4
[1546.358s][debug][gc,phases      ] GC(81)     Dead                           Min: 0, Avg:  0.0, Max: 0, Diff: 0, Sum: 0, Workers: 4
[1546.359s][debug][gc,phases      ] GC(81)     Total                          Min: 0, Avg:  1.5, Max: 6, Diff: 6, Sum: 6, Workers: 4
[1546.359s][debug][gc,phases      ] GC(81)   JVMTI Tag Weak OopStorage      Min:  0.0, Avg:  0.0, Max:  0.0, Diff:  0.0, Sum:  0.0, Workers: 4
[1546.359s][debug][gc,phases      ] GC(81)     Dead                           Min: 0, Avg:  0.0, Max: 0, Diff: 0, Sum: 0, Workers: 4
[1546.359s][debug][gc,phases      ] GC(81)     Total                          Min: 0, Avg:  0.0, Max: 0, Diff: 0, Sum: 0, Workers: 4
[1546.359s][debug][gc,phases      ] GC(81)   StringTable Weak               Min:  0.0, Avg:  0.1, Max:  0.1, Diff:  0.1, Sum:  0.4, Workers: 4
[1546.359s][debug][gc,phases      ] GC(81)     Dead                           Min: 0, Avg:  0.0, Max: 0, Diff: 0, Sum: 0, Workers: 4
[1546.359s][debug][gc,phases      ] GC(81)     Total                          Min: 0, Avg: 11803.2, Max: 20527, Diff: 20527, Sum: 47213, Workers: 4
[1546.359s][debug][gc,phases      ] GC(81)   ResolvedMethodTable Weak       Min:  0.0, Avg:  0.0, Max:  0.0, Diff:  0.0, Sum:  0.1, Workers: 4
[1546.359s][debug][gc,phases      ] GC(81)     Dead                           Min: 0, Avg:  4.0, Max: 11, Diff: 11, Sum: 16, Workers: 4
[1546.359s][debug][gc,phases      ] GC(81)     Total                          Min: 0, Avg: 4026.2, Max: 6971, Diff: 6971, Sum: 16105, Workers: 4
[1546.359s][debug][gc,phases      ] GC(81)   JNI Weak                       Min:  0.0, Avg:  0.0, Max:  0.0, Diff:  0.0, Sum:  0.0, Workers: 4
[1546.359s][debug][gc,phases      ] GC(81)     Dead                           Min: 0, Avg:  0.0, Max: 0, Diff: 0, Sum: 0, Workers: 4
[1546.359s][debug][gc,phases      ] GC(81)     Total                          Min: 0, Avg: 13.0, Max: 52, Diff: 52, Sum: 52, Workers: 4
[1546.359s][debug][gc,phases      ] GC(81)   StringDedup Table Weak         Min:  0.0, Avg:  0.0, Max:  0.0, Diff:  0.0, Sum:  0.0, Workers: 4
[1546.359s][debug][gc,phases      ] GC(81)     Dead                           Min: 0, Avg:  0.0, Max: 0, Diff: 0, Sum: 0, Workers: 4
[1546.359s][debug][gc,phases      ] GC(81)     Total                          Min: 0, Avg:  0.0, Max: 0, Diff: 0, Sum: 0, Workers: 4
[1546.359s][debug][gc,phases      ] GC(81)   StringDedup Requests0 Weak     Min:  0.0, Avg:  0.0, Max:  0.0, Diff:  0.0, Sum:  0.0, Workers: 4
[1546.359s][debug][gc,phases      ] GC(81)     Dead                           Min: 0, Avg:  0.0, Max: 0, Diff: 0, Sum: 0, Workers: 4
[1546.359s][debug][gc,phases      ] GC(81)     Total                          Min: 0, Avg:  0.0, Max: 0, Diff: 0, Sum: 0, Workers: 4
[1546.359s][debug][gc,phases      ] GC(81)   StringDedup Requests1 Weak     Min:  0.0, Avg:  0.0, Max:  0.0, Diff:  0.0, Sum:  0.0, Workers: 4
[1546.359s][debug][gc,phases      ] GC(81)     Dead                           Min: 0, Avg:  0.0, Max: 0, Diff: 0, Sum: 0, Workers: 4
[1546.359s][debug][gc,phases      ] GC(81)     Total                          Min: 0, Avg:  0.0, Max: 0, Diff: 0, Sum: 0, Workers: 4
[1546.359s][debug][gc,phases      ] GC(81)   Weak JFR Old Object Samples    Min:  0.0, Avg:  0.0, Max:  0.0, Diff:  0.0, Sum:  0.0, Workers: 4
[1546.359s][debug][gc,phases      ] GC(81)     Dead                           Min: 0, Avg:  0.0, Max: 0, Diff: 0, Sum: 0, Workers: 4
[1546.359s][debug][gc,phases      ] GC(81)     Total                          Min: 0, Avg:  0.0, Max: 0, Diff: 0, Sum: 0, Workers: 4
[1546.359s][debug][gc,phases      ] GC(81) Weak Processing 0.352ms
[1546.359s][debug][gc,age         ] GC(81) Desired survivor size 46137344 bytes, new threshold 1 (max threshold 15)
[1546.359s][info ][gc,heap        ] GC(81) PSYoungGen: 2019952K(2051072K)->24928K(2049024K) Eden: 2002944K(2002944K)->0K(2002944K) From: 17008K(48128K)->24928K(46080K)
[1546.359s][info ][gc,heap        ] GC(81) ParOldGen: 485308K(1190912K)->499977K(1190912K)
[1546.359s][info ][gc,metaspace   ] GC(81) Metaspace: 109185K(110592K)->109185K(110592K) NonClass: 92805K(93632K)->92805K(93632K) Class: 16380K(16960K)->16380K(16960K)
[1546.359s][info ][gc             ] GC(81) Pause Young (Allocation Failure) 2446M->512M(3164M) 15.142ms
[1546.359s][info ][gc,cpu         ] GC(81) User=0.06s Sys=0.00s Real=0.01s
[1546.359s][info ][safepoint      ] Safepoint "ParallelGCFailedAllocation", Time since last: 1978030746 ns, Reaching safepoint: 4600 ns, Cleanup: 8700 ns, At safepoint: 15208312 ns, Total: 15221612 ns
[1549.359s][info ][safepoint      ] Safepoint "Cleanup", Time since last: 3000225711 ns, Reaching safepoint: 7000 ns, Cleanup: 13400 ns, At safepoint: 2800 ns, Total: 23200 ns
[1550.359s][info ][safepoint      ] Safepoint "Cleanup", Time since last: 1000110817 ns, Reaching safepoint: 5300 ns, Cleanup: 11200 ns, At safepoint: 2300 ns, Total: 18800 ns
[1552.359s][info ][safepoint      ] Safepoint "Cleanup", Time since last: 2000190633 ns, Reaching safepoint: 6700 ns, Cleanup: 11200 ns, At safepoint: 3500 ns, Total: 21400 ns
[1556.360s][info ][safepoint      ] Safepoint "Cleanup", Time since last: 4000351360 ns, Reaching safepoint: 78801 ns, Cleanup: 12800 ns, At safepoint: 6400 ns, Total: 98001 ns
[1557.360s][info ][safepoint      ] Safepoint "Cleanup", Time since last: 1000116057 ns, Reaching safepoint: 77201 ns, Cleanup: 11700 ns, At safepoint: 5300 ns, Total: 94201 ns
[1558.360s][info ][safepoint      ] Safepoint "Cleanup", Time since last: 1000101757 ns, Reaching safepoint: 79500 ns, Cleanup: 8901 ns, At safepoint: 7100 ns, Total: 95501 ns
[1561.698s][info ][safepoint      ] Safepoint "Cleanup", Time since last: 3337912487 ns, Reaching safepoint: 6000 ns, Cleanup: 10000 ns, At safepoint: 2500 ns, Total: 18500 ns
[1562.698s][info ][safepoint      ] Safepoint "Cleanup", Time since last: 1000110357 ns, Reaching safepoint: 6900 ns, Cleanup: 9000 ns, At safepoint: 2500 ns, Total: 18400 ns
[1563.698s][info ][safepoint      ] Safepoint "Cleanup", Time since last: 1000110557 ns, Reaching safepoint: 6000 ns, Cleanup: 14000 ns, At safepoint: 2700 ns, Total: 22700 ns
[1564.698s][info ][safepoint      ] Safepoint "Cleanup", Time since last: 1000110097 ns, Reaching safepoint: 6300 ns, Cleanup: 9300 ns, At safepoint: 2300 ns, Total: 17900 ns
[1566.699s][info ][safepoint      ] Safepoint "Cleanup", Time since last: 2000179621 ns, Reaching safepoint: 6700 ns, Cleanup: 12000 ns, At safepoint: 3100 ns, Total: 21800 ns
[1571.699s][info ][safepoint      ] Safepoint "Cleanup", Time since last: 5000384405 ns, Reaching safepoint: 5900 ns, Cleanup: 10200 ns, At safepoint: 2200 ns, Total: 18300 ns
[1572.699s][info ][safepoint      ] Safepoint "Cleanup", Time since last: 1000100353 ns, Reaching safepoint: 6000 ns, Cleanup: 11800 ns, At safepoint: 2600 ns, Total: 20400 ns
[1577.700s][info ][safepoint      ] Safepoint "Cleanup", Time since last: 5000387863 ns, Reaching safepoint: 6400 ns, Cleanup: 7200 ns, At safepoint: 2200 ns, Total: 15800 ns
[1578.700s][info ][safepoint      ] Safepoint "Cleanup", Time since last: 1000111993 ns, Reaching safepoint: 6100 ns, Cleanup: 8100 ns, At safepoint: 2600 ns, Total: 16800 ns
[1580.700s][info ][safepoint      ] Safepoint "Cleanup", Time since last: 2000178715 ns, Reaching safepoint: 7400 ns, Cleanup: 11000 ns, At safepoint: 2700 ns, Total: 21100 ns
[1584.700s][info ][safepoint      ] Safepoint "Cleanup", Time since last: 4000327582 ns, Reaching safepoint: 5700 ns, Cleanup: 11000 ns, At safepoint: 2200 ns, Total: 18900 ns
[1587.701s][info ][safepoint      ] Safepoint "Cleanup", Time since last: 3000267562 ns, Reaching safepoint: 7700 ns, Cleanup: 12600 ns, At safepoint: 2700 ns, Total: 23000 ns
[1596.701s][info ][safepoint      ] Safepoint "Cleanup", Time since last: 9000648143 ns, Reaching safepoint: 7000 ns, Cleanup: 8200 ns, At safepoint: 2800 ns, Total: 18000 ns
[1598.514s][info ][gc,start       ] GC(82) Pause Young (Allocation Failure)
[1598.538s][debug][gc,phases      ] GC(82) Scavenge 23.518ms
[1598.538s][debug][gc,ref         ] GC(82) ReferenceProcessor::execute queues: 1, RefProcThreadModel::Single, marks_oops_alive: false
[1598.538s][debug][gc,ref         ] GC(82) Skipped KeepAliveFinalRefsPhase of Reference Processing: no references
[1598.538s][debug][gc,ref         ] GC(82) ReferenceProcessor::execute queues: 1, RefProcThreadModel::Single, marks_oops_alive: false
[1598.538s][debug][gc,phases      ] GC(82) Reference Processing 0.114ms
[1598.539s][debug][gc,phases      ] GC(82)   VM Weak                        Min:  0.0, Avg:  0.0, Max:  0.0, Diff:  0.0, Sum:  0.0, Workers: 4
[1598.539s][debug][gc,phases      ] GC(82)     Dead                           Min: 0, Avg:  0.0, Max: 0, Diff: 0, Sum: 0, Workers: 4
[1598.539s][debug][gc,phases      ] GC(82)     Total                          Min: 0, Avg: 273.5, Max: 1094, Diff: 1094, Sum: 1094, Workers: 4
[1598.539s][debug][gc,phases      ] GC(82)   ObjectSynchronizer Weak        Min:  0.0, Avg:  0.0, Max:  0.0, Diff:  0.0, Sum:  0.0, Workers: 4
[1598.539s][debug][gc,phases      ] GC(82)     Dead                           Min: 0, Avg:  0.0, Max: 0, Diff: 0, Sum: 0, Workers: 4
[1598.539s][debug][gc,phases      ] GC(82)     Total                          Min: 0, Avg:  2.0, Max: 8, Diff: 8, Sum: 8, Workers: 4
[1598.539s][debug][gc,phases      ] GC(82)   JVMTI Tag Weak OopStorage      Min:  0.0, Avg:  0.0, Max:  0.0, Diff:  0.0, Sum:  0.0, Workers: 4
[1598.539s][debug][gc,phases      ] GC(82)     Dead                           Min: 0, Avg:  0.0, Max: 0, Diff: 0, Sum: 0, Workers: 4
[1598.539s][debug][gc,phases      ] GC(82)     Total                          Min: 0, Avg:  0.0, Max: 0, Diff: 0, Sum: 0, Workers: 4
[1598.539s][debug][gc,phases      ] GC(82)   StringTable Weak               Min:  0.0, Avg:  0.1, Max:  0.2, Diff:  0.2, Sum:  0.4, Workers: 4
[1598.539s][debug][gc,phases      ] GC(82)     Dead                           Min: 0, Avg:  0.0, Max: 0, Diff: 0, Sum: 0, Workers: 4
[1598.539s][debug][gc,phases      ] GC(82)     Total                          Min: 0, Avg: 11804.2, Max: 23998, Diff: 23998, Sum: 47217, Workers: 4
[1598.539s][debug][gc,phases      ] GC(82)   ResolvedMethodTable Weak       Min:  0.0, Avg:  0.0, Max:  0.1, Diff:  0.1, Sum:  0.1, Workers: 4
[1598.539s][debug][gc,phases      ] GC(82)     Dead                           Min: 0, Avg:  4.0, Max: 16, Diff: 16, Sum: 16, Workers: 4
[1598.539s][debug][gc,phases      ] GC(82)     Total                          Min: 0, Avg: 4026.8, Max: 8364, Diff: 8364, Sum: 16107, Workers: 4
[1598.539s][debug][gc,phases      ] GC(82)   JNI Weak                       Min:  0.0, Avg:  0.0, Max:  0.0, Diff:  0.0, Sum:  0.0, Workers: 4
[1598.539s][debug][gc,phases      ] GC(82)     Dead                           Min: 0, Avg:  0.0, Max: 0, Diff: 0, Sum: 0, Workers: 4
[1598.539s][debug][gc,phases      ] GC(82)     Total                          Min: 0, Avg: 13.0, Max: 52, Diff: 52, Sum: 52, Workers: 4
[1598.539s][debug][gc,phases      ] GC(82)   StringDedup Table Weak         Min:  0.0, Avg:  0.0, Max:  0.0, Diff:  0.0, Sum:  0.0, Workers: 4
[1598.539s][debug][gc,phases      ] GC(82)     Dead                           Min: 0, Avg:  0.0, Max: 0, Diff: 0, Sum: 0, Workers: 4
[1598.539s][debug][gc,phases      ] GC(82)     Total                          Min: 0, Avg:  0.0, Max: 0, Diff: 0, Sum: 0, Workers: 4
[1598.539s][debug][gc,phases      ] GC(82)   StringDedup Requests0 Weak     Min:  0.0, Avg:  0.0, Max:  0.0, Diff:  0.0, Sum:  0.0, Workers: 4
[1598.539s][debug][gc,phases      ] GC(82)     Dead                           Min: 0, Avg:  0.0, Max: 0, Diff: 0, Sum: 0, Workers: 4
[1598.539s][debug][gc,phases      ] GC(82)     Total                          Min: 0, Avg:  0.0, Max: 0, Diff: 0, Sum: 0, Workers: 4
[1598.539s][debug][gc,phases      ] GC(82)   StringDedup Requests1 Weak     Min:  0.0, Avg:  0.0, Max:  0.0, Diff:  0.0, Sum:  0.0, Workers: 4
[1598.539s][debug][gc,phases      ] GC(82)     Dead                           Min: 0, Avg:  0.0, Max: 0, Diff: 0, Sum: 0, Workers: 4
[1598.539s][debug][gc,phases      ] GC(82)     Total                          Min: 0, Avg:  0.0, Max: 0, Diff: 0, Sum: 0, Workers: 4
[1598.539s][debug][gc,phases      ] GC(82)   Weak JFR Old Object Samples    Min:  0.0, Avg:  0.0, Max:  0.0, Diff:  0.0, Sum:  0.0, Workers: 4
[1598.539s][debug][gc,phases      ] GC(82)     Dead                           Min: 0, Avg:  0.0, Max: 0, Diff: 0, Sum: 0, Workers: 4
[1598.539s][debug][gc,phases      ] GC(82)     Total                          Min: 0, Avg:  0.0, Max: 0, Diff: 0, Sum: 0, Workers: 4
[1598.539s][debug][gc,phases      ] GC(82) Weak Processing 0.522ms
[1598.539s][debug][gc,age         ] GC(82) Desired survivor size 46137344 bytes, new threshold 1 (max threshold 15)
[1598.539s][info ][gc,heap        ] GC(82) PSYoungGen: 2027872K(2049024K)->9393K(2052096K) Eden: 2002944K(2002944K)->0K(2007040K) From: 24928K(46080K)->9393K(45056K)
[1598.539s][info ][gc,heap        ] GC(82) ParOldGen: 499977K(1190912K)->521552K(1190912K)
[1598.539s][info ][gc,metaspace   ] GC(82) Metaspace: 109224K(110592K)->109224K(110592K) NonClass: 92842K(93632K)->92842K(93632K) Class: 16382K(16960K)->16382K(16960K)
[1598.539s][info ][gc             ] GC(82) Pause Young (Allocation Failure) 2468M->518M(3167M) 24.339ms
[1598.539s][info ][gc,cpu         ] GC(82) User=0.05s Sys=0.00s Real=0.02s
[1598.539s][info ][safepoint      ] Safepoint "ParallelGCFailedAllocation", Time since last: 1813023637 ns, Reaching safepoint: 152101 ns, Cleanup: 4000 ns, At safepoint: 24650773 ns, Total: 24806874 ns
[1599.539s][info ][safepoint      ] Safepoint "Cleanup", Time since last: 1000188526 ns, Reaching safepoint: 78701 ns, Cleanup: 9700 ns, At safepoint: 10400 ns, Total: 98801 ns
[1601.540s][info ][safepoint      ] Safepoint "Cleanup", Time since last: 2000175151 ns, Reaching safepoint: 6700 ns, Cleanup: 10200 ns, At safepoint: 2700 ns, Total: 19600 ns
[1604.540s][info ][safepoint      ] Safepoint "Cleanup", Time since last: 3000258995 ns, Reaching safepoint: 5800 ns, Cleanup: 10400 ns, At safepoint: 2500 ns, Total: 18700 ns
[1607.540s][info ][safepoint      ] Safepoint "Cleanup", Time since last: 3000270962 ns, Reaching safepoint: 5700 ns, Cleanup: 10500 ns, At safepoint: 1900 ns, Total: 18100 ns
[1608.540s][info ][safepoint      ] Safepoint "Cleanup", Time since last: 1000105654 ns, Reaching safepoint: 5600 ns, Cleanup: 9500 ns, At safepoint: 2600 ns, Total: 17700 ns
[1615.541s][info ][safepoint      ] Safepoint "Cleanup", Time since last: 7000522865 ns, Reaching safepoint: 6200 ns, Cleanup: 14000 ns, At safepoint: 2600 ns, Total: 22800 ns
[1618.541s][info ][safepoint      ] Safepoint "Cleanup", Time since last: 3000257171 ns, Reaching safepoint: 6300 ns, Cleanup: 13601 ns, At safepoint: 3000 ns, Total: 22901 ns
[1627.721s][info ][safepoint      ] Safepoint "Cleanup", Time since last: 9180260076 ns, Reaching safepoint: 5900 ns, Cleanup: 9700 ns, At safepoint: 2600 ns, Total: 18200 ns
[1629.721s][info ][safepoint      ] Safepoint "Cleanup", Time since last: 2000172360 ns, Reaching safepoint: 5400 ns, Cleanup: 8800 ns, At safepoint: 2200 ns, Total: 16400 ns
[1630.722s][info ][safepoint      ] Safepoint "Cleanup", Time since last: 1000104896 ns, Reaching safepoint: 6700 ns, Cleanup: 10200 ns, At safepoint: 2300 ns, Total: 19200 ns
[1632.722s][info ][safepoint      ] Safepoint "Cleanup", Time since last: 2000179493 ns, Reaching safepoint: 6000 ns, Cleanup: 11200 ns, At safepoint: 2300 ns, Total: 19500 ns
[1638.722s][info ][safepoint      ] Safepoint "Cleanup", Time since last: 6000480705 ns, Reaching safepoint: 6500 ns, Cleanup: 10500 ns, At safepoint: 2700 ns, Total: 19700 ns
[1650.711s][info ][gc,start       ] GC(83) Pause Young (Allocation Failure)
[1650.721s][debug][gc,phases      ] GC(83) Scavenge 10.069ms
[1650.721s][debug][gc,ref         ] GC(83) ReferenceProcessor::execute queues: 1, RefProcThreadModel::Single, marks_oops_alive: false
[1650.721s][debug][gc,ref         ] GC(83) Skipped KeepAliveFinalRefsPhase of Reference Processing: no references
[1650.721s][debug][gc,ref         ] GC(83) ReferenceProcessor::execute queues: 1, RefProcThreadModel::Single, marks_oops_alive: false
[1650.721s][debug][gc,phases      ] GC(83) Reference Processing 0.110ms
[1650.721s][debug][gc,phases      ] GC(83)   VM Weak                        Min:  0.0, Avg:  0.0, Max:  0.0, Diff:  0.0, Sum:  0.0, Workers: 4
[1650.721s][debug][gc,phases      ] GC(83)     Dead                           Min: 0, Avg:  0.0, Max: 0, Diff: 0, Sum: 0, Workers: 4
[1650.721s][debug][gc,phases      ] GC(83)     Total                          Min: 0, Avg: 273.5, Max: 768, Diff: 768, Sum: 1094, Workers: 4
[1650.721s][debug][gc,phases      ] GC(83)   ObjectSynchronizer Weak        Min:  0.0, Avg:  0.0, Max:  0.0, Diff:  0.0, Sum:  0.0, Workers: 4
[1650.721s][debug][gc,phases      ] GC(83)     Dead                           Min: 0, Avg:  0.0, Max: 0, Diff: 0, Sum: 0, Workers: 4
[1650.721s][debug][gc,phases      ] GC(83)     Total                          Min: 0, Avg:  0.8, Max: 3, Diff: 3, Sum: 3, Workers: 4
[1650.721s][debug][gc,phases      ] GC(83)   JVMTI Tag Weak OopStorage      Min:  0.0, Avg:  0.0, Max:  0.0, Diff:  0.0, Sum:  0.0, Workers: 4
[1650.721s][debug][gc,phases      ] GC(83)     Dead                           Min: 0, Avg:  0.0, Max: 0, Diff: 0, Sum: 0, Workers: 4
[1650.721s][debug][gc,phases      ] GC(83)     Total                          Min: 0, Avg:  0.0, Max: 0, Diff: 0, Sum: 0, Workers: 4
[1650.721s][debug][gc,phases      ] GC(83)   StringTable Weak               Min:  0.0, Avg:  0.1, Max:  0.2, Diff:  0.2, Sum:  0.5, Workers: 4
[1650.721s][debug][gc,phases      ] GC(83)     Dead                           Min: 0, Avg:  0.0, Max: 0, Diff: 0, Sum: 0, Workers: 4
[1650.721s][debug][gc,phases      ] GC(83)     Total                          Min: 0, Avg: 11805.0, Max: 16054, Diff: 16054, Sum: 47220, Workers: 4
[1650.721s][debug][gc,phases      ] GC(83)   ResolvedMethodTable Weak       Min:  0.0, Avg:  0.0, Max:  0.1, Diff:  0.1, Sum:  0.2, Workers: 4
[1650.721s][debug][gc,phases      ] GC(83)     Dead                           Min: 0, Avg:  4.2, Max: 14, Diff: 14, Sum: 17, Workers: 4
[1650.721s][debug][gc,phases      ] GC(83)     Total                          Min: 0, Avg: 4028.2, Max: 5625, Diff: 5625, Sum: 16113, Workers: 4
[1650.721s][debug][gc,phases      ] GC(83)   JNI Weak                       Min:  0.0, Avg:  0.0, Max:  0.0, Diff:  0.0, Sum:  0.0, Workers: 4
[1650.721s][debug][gc,phases      ] GC(83)     Dead                           Min: 0, Avg:  0.0, Max: 0, Diff: 0, Sum: 0, Workers: 4
[1650.721s][debug][gc,phases      ] GC(83)     Total                          Min: 0, Avg: 13.0, Max: 52, Diff: 52, Sum: 52, Workers: 4
[1650.721s][debug][gc,phases      ] GC(83)   StringDedup Table Weak         Min:  0.0, Avg:  0.0, Max:  0.0, Diff:  0.0, Sum:  0.0, Workers: 4
[1650.721s][debug][gc,phases      ] GC(83)     Dead                           Min: 0, Avg:  0.0, Max: 0, Diff: 0, Sum: 0, Workers: 4
[1650.722s][debug][gc,phases      ] GC(83)     Total                          Min: 0, Avg:  0.0, Max: 0, Diff: 0, Sum: 0, Workers: 4
[1650.722s][debug][gc,phases      ] GC(83)   StringDedup Requests0 Weak     Min:  0.0, Avg:  0.0, Max:  0.0, Diff:  0.0, Sum:  0.0, Workers: 4
[1650.722s][debug][gc,phases      ] GC(83)     Dead                           Min: 0, Avg:  0.0, Max: 0, Diff: 0, Sum: 0, Workers: 4
[1650.722s][debug][gc,phases      ] GC(83)     Total                          Min: 0, Avg:  0.0, Max: 0, Diff: 0, Sum: 0, Workers: 4
[1650.722s][debug][gc,phases      ] GC(83)   StringDedup Requests1 Weak     Min:  0.0, Avg:  0.0, Max:  0.0, Diff:  0.0, Sum:  0.0, Workers: 4
[1650.722s][debug][gc,phases      ] GC(83)     Dead                           Min: 0, Avg:  0.0, Max: 0, Diff: 0, Sum: 0, Workers: 4
[1650.722s][debug][gc,phases      ] GC(83)     Total                          Min: 0, Avg:  0.0, Max: 0, Diff: 0, Sum: 0, Workers: 4
[1650.722s][debug][gc,phases      ] GC(83)   Weak JFR Old Object Samples    Min:  0.0, Avg:  0.0, Max:  0.0, Diff:  0.0, Sum:  0.0, Workers: 4
[1650.722s][debug][gc,phases      ] GC(83)     Dead                           Min: 0, Avg:  0.0, Max: 0, Diff: 0, Sum: 0, Workers: 4
[1650.722s][debug][gc,phases      ] GC(83)     Total                          Min: 0, Avg:  0.0, Max: 0, Diff: 0, Sum: 0, Workers: 4
[1650.722s][debug][gc,phases      ] GC(83) Weak Processing 0.383ms
[1650.722s][debug][gc,age         ] GC(83) Desired survivor size 45088768 bytes, new threshold 1 (max threshold 15)
[1650.722s][info ][gc,heap        ] GC(83) PSYoungGen: 2016433K(2052096K)->12548K(2052096K) Eden: 2007040K(2007040K)->0K(2007040K) From: 9393K(45056K)->12548K(45056K)
[1650.722s][info ][gc,heap        ] GC(83) ParOldGen: 521552K(1190912K)->527827K(1190912K)
[1650.722s][info ][gc,metaspace   ] GC(83) Metaspace: 109247K(110656K)->109247K(110656K) NonClass: 92863K(93696K)->92863K(93696K) Class: 16384K(16960K)->16384K(16960K)
[1650.722s][info ][gc             ] GC(83) Pause Young (Allocation Failure) 2478M->527M(3167M) 10.679ms
[1650.722s][info ][gc,cpu         ] GC(83) User=0.03s Sys=0.00s Real=0.01s
[1650.722s][info ][safepoint      ] Safepoint "ParallelGCFailedAllocation", Time since last: 11988465081 ns, Reaching safepoint: 80100 ns, Cleanup: 8700 ns, At safepoint: 10748776 ns, Total: 10837576 ns
[1653.722s][info ][safepoint      ] Safepoint "Cleanup", Time since last: 3000237771 ns, Reaching safepoint: 6800 ns, Cleanup: 7000 ns, At safepoint: 2500 ns, Total: 16300 ns
[1658.722s][info ][safepoint      ] Safepoint "Cleanup", Time since last: 5000388268 ns, Reaching safepoint: 6601 ns, Cleanup: 11300 ns, At safepoint: 2300 ns, Total: 20201 ns
[1661.723s][info ][safepoint      ] Safepoint "Cleanup", Time since last: 3000245929 ns, Reaching safepoint: 5800 ns, Cleanup: 16900 ns, At safepoint: 21700 ns, Total: 44400 ns
[1662.723s][info ][safepoint      ] Safepoint "Cleanup", Time since last: 1000096856 ns, Reaching safepoint: 5600 ns, Cleanup: 16200 ns, At safepoint: 2400 ns, Total: 24200 ns
[1663.723s][info ][safepoint      ] Safepoint "Cleanup", Time since last: 1000107556 ns, Reaching safepoint: 5300 ns, Cleanup: 11500 ns, At safepoint: 2600 ns, Total: 19400 ns
[1664.723s][info ][safepoint      ] Safepoint "Cleanup", Time since last: 1000120757 ns, Reaching safepoint: 5200 ns, Cleanup: 13100 ns, At safepoint: 2700 ns, Total: 21000 ns
[1665.723s][info ][safepoint      ] Safepoint "Cleanup", Time since last: 1000099756 ns, Reaching safepoint: 4900 ns, Cleanup: 12800 ns, At safepoint: 2100 ns, Total: 19800 ns
[1666.723s][info ][safepoint      ] Safepoint "Cleanup", Time since last: 1000106756 ns, Reaching safepoint: 6300 ns, Cleanup: 8400 ns, At safepoint: 2600 ns, Total: 17300 ns
[1667.723s][info ][safepoint      ] Safepoint "Cleanup", Time since last: 1000111456 ns, Reaching safepoint: 5800 ns, Cleanup: 10001 ns, At safepoint: 2800 ns, Total: 18601 ns
[1670.724s][info ][safepoint      ] Safepoint "Cleanup", Time since last: 3000246174 ns, Reaching safepoint: 5700 ns, Cleanup: 8600 ns, At safepoint: 2200 ns, Total: 16500 ns
[1671.724s][info ][safepoint      ] Safepoint "Cleanup", Time since last: 1000113344 ns, Reaching safepoint: 4900 ns, Cleanup: 11300 ns, At safepoint: 2200 ns, Total: 18400 ns
[1672.724s][info ][safepoint      ] Safepoint "Cleanup", Time since last: 1000104345 ns, Reaching safepoint: 22700 ns, Cleanup: 11500 ns, At safepoint: 2800 ns, Total: 37000 ns
[1675.724s][info ][safepoint      ] Safepoint "Cleanup", Time since last: 3000260034 ns, Reaching safepoint: 6000 ns, Cleanup: 10000 ns, At safepoint: 2800 ns, Total: 18800 ns
[1676.724s][info ][safepoint      ] Safepoint "Cleanup", Time since last: 1000110330 ns, Reaching safepoint: 6600 ns, Cleanup: 11100 ns, At safepoint: 2700 ns, Total: 20400 ns
[1677.724s][info ][safepoint      ] Safepoint "Cleanup", Time since last: 1000108712 ns, Reaching safepoint: 74200 ns, Cleanup: 10901 ns, At safepoint: 5600 ns, Total: 90701 ns
[1680.725s][info ][safepoint      ] Safepoint "Cleanup", Time since last: 3000245734 ns, Reaching safepoint: 5400 ns, Cleanup: 10400 ns, At safepoint: 2500 ns, Total: 18300 ns
[1685.738s][info ][safepoint      ] Safepoint "Cleanup", Time since last: 5013318921 ns, Reaching safepoint: 5200 ns, Cleanup: 8800 ns, At safepoint: 2700 ns, Total: 16700 ns
[1686.738s][info ][safepoint      ] Safepoint "Cleanup", Time since last: 1000107661 ns, Reaching safepoint: 4800 ns, Cleanup: 10700 ns, At safepoint: 2200 ns, Total: 17700 ns
[1687.738s][info ][safepoint      ] Safepoint "Cleanup", Time since last: 1000100360 ns, Reaching safepoint: 5200 ns, Cleanup: 9201 ns, At safepoint: 2500 ns, Total: 16901 ns
[1688.739s][info ][safepoint      ] Safepoint "Cleanup", Time since last: 1000095647 ns, Reaching safepoint: 81801 ns, Cleanup: 7000 ns, At safepoint: 12100 ns, Total: 100901 ns
[1690.739s][info ][safepoint      ] Safepoint "Cleanup", Time since last: 2000180229 ns, Reaching safepoint: 5600 ns, Cleanup: 31301 ns, At safepoint: 2400 ns, Total: 39301 ns
[1692.739s][info ][safepoint      ] Safepoint "Cleanup", Time since last: 2000202643 ns, Reaching safepoint: 5500 ns, Cleanup: 10100 ns, At safepoint: 2600 ns, Total: 18200 ns
[1693.408s][info ][gc,start       ] GC(84) Pause Young (Allocation Failure)
[1693.418s][debug][gc,phases      ] GC(84) Scavenge 10.100ms
[1693.418s][debug][gc,ref         ] GC(84) ReferenceProcessor::execute queues: 1, RefProcThreadModel::Single, marks_oops_alive: false
[1693.418s][debug][gc,ref         ] GC(84) Skipped KeepAliveFinalRefsPhase of Reference Processing: no references
[1693.418s][debug][gc,ref         ] GC(84) ReferenceProcessor::execute queues: 1, RefProcThreadModel::Single, marks_oops_alive: false
[1693.418s][debug][gc,phases      ] GC(84) Reference Processing 0.120ms
[1693.418s][debug][gc,phases      ] GC(84)   VM Weak                        Min:  0.0, Avg:  0.0, Max:  0.0, Diff:  0.0, Sum:  0.0, Workers: 4
[1693.418s][debug][gc,phases      ] GC(84)     Dead                           Min: 0, Avg:  0.0, Max: 0, Diff: 0, Sum: 0, Workers: 4
[1693.418s][debug][gc,phases      ] GC(84)     Total                          Min: 0, Avg: 273.5, Max: 454, Diff: 454, Sum: 1094, Workers: 4
[1693.418s][debug][gc,phases      ] GC(84)   ObjectSynchronizer Weak        Min:  0.0, Avg:  0.0, Max:  0.0, Diff:  0.0, Sum:  0.0, Workers: 4
[1693.418s][debug][gc,phases      ] GC(84)     Dead                           Min: 0, Avg:  0.0, Max: 0, Diff: 0, Sum: 0, Workers: 4
[1693.418s][debug][gc,phases      ] GC(84)     Total                          Min: 0, Avg:  1.5, Max: 6, Diff: 6, Sum: 6, Workers: 4
[1693.418s][debug][gc,phases      ] GC(84)   JVMTI Tag Weak OopStorage      Min:  0.0, Avg:  0.0, Max:  0.0, Diff:  0.0, Sum:  0.0, Workers: 4
[1693.418s][debug][gc,phases      ] GC(84)     Dead                           Min: 0, Avg:  0.0, Max: 0, Diff: 0, Sum: 0, Workers: 4
[1693.418s][debug][gc,phases      ] GC(84)     Total                          Min: 0, Avg:  0.0, Max: 0, Diff: 0, Sum: 0, Workers: 4
[1693.418s][debug][gc,phases      ] GC(84)   StringTable Weak               Min:  0.0, Avg:  0.1, Max:  0.1, Diff:  0.1, Sum:  0.4, Workers: 4
[1693.418s][debug][gc,phases      ] GC(84)     Dead                           Min: 0, Avg:  0.2, Max: 1, Diff: 1, Sum: 1, Workers: 4
[1693.418s][debug][gc,phases      ] GC(84)     Total                          Min: 0, Avg: 11807.0, Max: 16062, Diff: 16062, Sum: 47228, Workers: 4
[1693.418s][debug][gc,phases      ] GC(84)   ResolvedMethodTable Weak       Min:  0.0, Avg:  0.0, Max:  0.1, Diff:  0.1, Sum:  0.2, Workers: 4
[1693.418s][debug][gc,phases      ] GC(84)     Dead                           Min: 0, Avg:  5.0, Max: 20, Diff: 20, Sum: 20, Workers: 4
[1693.418s][debug][gc,phases      ] GC(84)     Total                          Min: 0, Avg: 4030.0, Max: 5830, Diff: 5830, Sum: 16120, Workers: 4
[1693.418s][debug][gc,phases      ] GC(84)   JNI Weak                       Min:  0.0, Avg:  0.0, Max:  0.0, Diff:  0.0, Sum:  0.0, Workers: 4
[1693.418s][debug][gc,phases      ] GC(84)     Dead                           Min: 0, Avg:  0.0, Max: 0, Diff: 0, Sum: 0, Workers: 4
[1693.418s][debug][gc,phases      ] GC(84)     Total                          Min: 0, Avg: 13.0, Max: 52, Diff: 52, Sum: 52, Workers: 4
[1693.418s][debug][gc,phases      ] GC(84)   StringDedup Table Weak         Min:  0.0, Avg:  0.0, Max:  0.0, Diff:  0.0, Sum:  0.0, Workers: 4
[1693.418s][debug][gc,phases      ] GC(84)     Dead                           Min: 0, Avg:  0.0, Max: 0, Diff: 0, Sum: 0, Workers: 4
[1693.418s][debug][gc,phases      ] GC(84)     Total                          Min: 0, Avg:  0.0, Max: 0, Diff: 0, Sum: 0, Workers: 4
[1693.418s][debug][gc,phases      ] GC(84)   StringDedup Requests0 Weak     Min:  0.0, Avg:  0.0, Max:  0.0, Diff:  0.0, Sum:  0.0, Workers: 4
[1693.418s][debug][gc,phases      ] GC(84)     Dead                           Min: 0, Avg:  0.0, Max: 0, Diff: 0, Sum: 0, Workers: 4
[1693.418s][debug][gc,phases      ] GC(84)     Total                          Min: 0, Avg:  0.0, Max: 0, Diff: 0, Sum: 0, Workers: 4
[1693.418s][debug][gc,phases      ] GC(84)   StringDedup Requests1 Weak     Min:  0.0, Avg:  0.0, Max:  0.0, Diff:  0.0, Sum:  0.0, Workers: 4
[1693.418s][debug][gc,phases      ] GC(84)     Dead                           Min: 0, Avg:  0.0, Max: 0, Diff: 0, Sum: 0, Workers: 4
[1693.418s][debug][gc,phases      ] GC(84)     Total                          Min: 0, Avg:  0.0, Max: 0, Diff: 0, Sum: 0, Workers: 4
[1693.418s][debug][gc,phases      ] GC(84)   Weak JFR Old Object Samples    Min:  0.0, Avg:  0.0, Max:  0.0, Diff:  0.0, Sum:  0.0, Workers: 4
[1693.418s][debug][gc,phases      ] GC(84)     Dead                           Min: 0, Avg:  0.0, Max: 0, Diff: 0, Sum: 0, Workers: 4
[1693.418s][debug][gc,phases      ] GC(84)     Total                          Min: 0, Avg:  0.0, Max: 0, Diff: 0, Sum: 0, Workers: 4
[1693.418s][debug][gc,phases      ] GC(84) Weak Processing 0.374ms
[1693.418s][debug][gc,age         ] GC(84) Desired survivor size 44040192 bytes, new threshold 1 (max threshold 15)
[1693.418s][info ][gc,heap        ] GC(84) PSYoungGen: 2019588K(2052096K)->12224K(2054144K) Eden: 2007040K(2007040K)->0K(2010112K) From: 12548K(45056K)->12224K(44032K)
[1693.418s][info ][gc,heap        ] GC(84) ParOldGen: 527827K(1190912K)->537085K(1190912K)
[1693.418s][info ][gc,metaspace   ] GC(84) Metaspace: 109309K(110720K)->109309K(110720K) NonClass: 92922K(93760K)->92922K(93760K) Class: 16386K(16960K)->16386K(16960K)
[1693.418s][info ][gc             ] GC(84) Pause Young (Allocation Failure) 2487M->536M(3169M) 10.700ms
[1693.418s][info ][gc,cpu         ] GC(84) User=0.03s Sys=0.00s Real=0.01s
[1693.418s][info ][safepoint      ] Safepoint "ParallelGCFailedAllocation", Time since last: 668588120 ns, Reaching safepoint: 5900 ns, Cleanup: 4000 ns, At safepoint: 10775075 ns, Total: 10784975 ns
[1698.419s][info ][safepoint      ] Safepoint "Cleanup", Time since last: 5000357550 ns, Reaching safepoint: 5700 ns, Cleanup: 11800 ns, At safepoint: 2400 ns, Total: 19900 ns
[1699.419s][info ][safepoint      ] Safepoint "Cleanup", Time since last: 1000098310 ns, Reaching safepoint: 5800 ns, Cleanup: 9100 ns, At safepoint: 2500 ns, Total: 17400 ns
[1701.419s][info ][safepoint      ] Safepoint "Cleanup", Time since last: 2000181384 ns, Reaching safepoint: 5300 ns, Cleanup: 7900 ns, At safepoint: 2100 ns, Total: 15300 ns
[1702.419s][info ][safepoint      ] Safepoint "Cleanup", Time since last: 1000100774 ns, Reaching safepoint: 5800 ns, Cleanup: 19000 ns, At safepoint: 2800 ns, Total: 27600 ns
[1705.419s][info ][safepoint      ] Safepoint "Cleanup", Time since last: 3000251219 ns, Reaching safepoint: 5000 ns, Cleanup: 12900 ns, At safepoint: 2200 ns, Total: 20100 ns
[1706.425s][info ][safepoint      ] Safepoint "Cleanup", Time since last: 1005442510 ns, Reaching safepoint: 82101 ns, Cleanup: 11800 ns, At safepoint: 16300 ns, Total: 110201 ns
[1706.631s][info ][gc,start       ] GC(85) Pause Young (Allocation Failure)
[1706.648s][debug][gc,phases      ] GC(85) Scavenge 16.783ms
[1706.648s][debug][gc,ref         ] GC(85) Skipped SoftWeakFinalRefsPhase of Reference Processing: no references
[1706.648s][debug][gc,ref         ] GC(85) Skipped KeepAliveFinalRefsPhase of Reference Processing: no references
[1706.648s][debug][gc,ref         ] GC(85) ReferenceProcessor::execute queues: 1, RefProcThreadModel::Single, marks_oops_alive: false
[1706.648s][debug][gc,phases      ] GC(85) Reference Processing 0.095ms
[1706.648s][debug][gc,phases      ] GC(85)   VM Weak                        Min:  0.0, Avg:  0.0, Max:  0.0, Diff:  0.0, Sum:  0.0, Workers: 4
[1706.648s][debug][gc,phases      ] GC(85)     Dead                           Min: 0, Avg:  0.0, Max: 0, Diff: 0, Sum: 0, Workers: 4
[1706.648s][debug][gc,phases      ] GC(85)     Total                          Min: 0, Avg: 273.5, Max: 896, Diff: 896, Sum: 1094, Workers: 4
[1706.648s][debug][gc,phases      ] GC(85)   ObjectSynchronizer Weak        Min:  0.0, Avg:  0.0, Max:  0.0, Diff:  0.0, Sum:  0.0, Workers: 4
[1706.648s][debug][gc,phases      ] GC(85)     Dead                           Min: 0, Avg:  0.0, Max: 0, Diff: 0, Sum: 0, Workers: 4
[1706.648s][debug][gc,phases      ] GC(85)     Total                          Min: 0, Avg:  1.5, Max: 6, Diff: 6, Sum: 6, Workers: 4
[1706.648s][debug][gc,phases      ] GC(85)   JVMTI Tag Weak OopStorage      Min:  0.0, Avg:  0.0, Max:  0.0, Diff:  0.0, Sum:  0.0, Workers: 4
[1706.648s][debug][gc,phases      ] GC(85)     Dead                           Min: 0, Avg:  0.0, Max: 0, Diff: 0, Sum: 0, Workers: 4
[1706.648s][debug][gc,phases      ] GC(85)     Total                          Min: 0, Avg:  0.0, Max: 0, Diff: 0, Sum: 0, Workers: 4
[1706.648s][debug][gc,phases      ] GC(85)   StringTable Weak               Min:  0.0, Avg:  0.1, Max:  0.1, Diff:  0.1, Sum:  0.4, Workers: 4
[1706.648s][debug][gc,phases      ] GC(85)     Dead                           Min: 0, Avg:  0.0, Max: 0, Diff: 0, Sum: 0, Workers: 4
[1706.648s][debug][gc,phases      ] GC(85)     Total                          Min: 0, Avg: 11807.0, Max: 20604, Diff: 20604, Sum: 47228, Workers: 4
[1706.648s][debug][gc,phases      ] GC(85)   ResolvedMethodTable Weak       Min:  0.0, Avg:  0.0, Max:  0.0, Diff:  0.0, Sum:  0.1, Workers: 4
[1706.648s][debug][gc,phases      ] GC(85)     Dead                           Min: 0, Avg:  4.0, Max: 15, Diff: 15, Sum: 16, Workers: 4
[1706.648s][debug][gc,phases      ] GC(85)     Total                          Min: 0, Avg: 4030.0, Max: 6837, Diff: 6837, Sum: 16120, Workers: 4
[1706.648s][debug][gc,phases      ] GC(85)   JNI Weak                       Min:  0.0, Avg:  0.0, Max:  0.0, Diff:  0.0, Sum:  0.0, Workers: 4
[1706.648s][debug][gc,phases      ] GC(85)     Dead                           Min: 0, Avg:  0.0, Max: 0, Diff: 0, Sum: 0, Workers: 4
[1706.648s][debug][gc,phases      ] GC(85)     Total                          Min: 0, Avg: 13.0, Max: 52, Diff: 52, Sum: 52, Workers: 4
[1706.648s][debug][gc,phases      ] GC(85)   StringDedup Table Weak         Min:  0.0, Avg:  0.0, Max:  0.0, Diff:  0.0, Sum:  0.0, Workers: 4
[1706.648s][debug][gc,phases      ] GC(85)     Dead                           Min: 0, Avg:  0.0, Max: 0, Diff: 0, Sum: 0, Workers: 4
[1706.648s][debug][gc,phases      ] GC(85)     Total                          Min: 0, Avg:  0.0, Max: 0, Diff: 0, Sum: 0, Workers: 4
[1706.648s][debug][gc,phases      ] GC(85)   StringDedup Requests0 Weak     Min:  0.0, Avg:  0.0, Max:  0.0, Diff:  0.0, Sum:  0.0, Workers: 4
[1706.648s][debug][gc,phases      ] GC(85)     Dead                           Min: 0, Avg:  0.0, Max: 0, Diff: 0, Sum: 0, Workers: 4
[1706.648s][debug][gc,phases      ] GC(85)     Total                          Min: 0, Avg:  0.0, Max: 0, Diff: 0, Sum: 0, Workers: 4
[1706.648s][debug][gc,phases      ] GC(85)   StringDedup Requests1 Weak     Min:  0.0, Avg:  0.0, Max:  0.0, Diff:  0.0, Sum:  0.0, Workers: 4
[1706.648s][debug][gc,phases      ] GC(85)     Dead                           Min: 0, Avg:  0.0, Max: 0, Diff: 0, Sum: 0, Workers: 4
[1706.648s][debug][gc,phases      ] GC(85)     Total                          Min: 0, Avg:  0.0, Max: 0, Diff: 0, Sum: 0, Workers: 4
[1706.648s][debug][gc,phases      ] GC(85)   Weak JFR Old Object Samples    Min:  0.0, Avg:  0.0, Max:  0.0, Diff:  0.0, Sum:  0.0, Workers: 4
[1706.648s][debug][gc,phases      ] GC(85)     Dead                           Min: 0, Avg:  0.0, Max: 0, Diff: 0, Sum: 0, Workers: 4
[1706.648s][debug][gc,phases      ] GC(85)     Total                          Min: 0, Avg:  0.0, Max: 0, Diff: 0, Sum: 0, Workers: 4
[1706.648s][debug][gc,phases      ] GC(85) Weak Processing 0.352ms
[1706.648s][debug][gc,age         ] GC(85) Desired survivor size 49283072 bytes, new threshold 1 (max threshold 15)
[1706.648s][info ][gc,heap        ] GC(85) PSYoungGen: 2022336K(2054144K)->39296K(2049536K) Eden: 2010112K(2010112K)->0K(2010112K) From: 12224K(44032K)->39296K(39424K)
[1706.648s][info ][gc,heap        ] GC(85) ParOldGen: 537085K(1190912K)->545562K(1190912K)
[1706.648s][info ][gc,metaspace   ] GC(85) Metaspace: 109310K(110720K)->109310K(110720K) NonClass: 92924K(93760K)->92924K(93760K) Class: 16386K(16960K)->16386K(16960K)
[1706.648s][info ][gc             ] GC(85) Pause Young (Allocation Failure) 2499M->571M(3164M) 17.354ms
[1706.648s][info ][gc,cpu         ] GC(85) User=0.07s Sys=0.00s Real=0.01s
[1706.648s][info ][safepoint      ] Safepoint "ParallelGCFailedAllocation", Time since last: 206032916 ns, Reaching safepoint: 5000 ns, Cleanup: 3600 ns, At safepoint: 17413520 ns, Total: 17422120 ns
[1708.649s][info ][safepoint      ] Safepoint "Cleanup", Time since last: 2000154420 ns, Reaching safepoint: 6200 ns, Cleanup: 14500 ns, At safepoint: 2800 ns, Total: 23500 ns
[1713.649s][info ][safepoint      ] Safepoint "Cleanup", Time since last: 5000390936 ns, Reaching safepoint: 6000 ns, Cleanup: 10100 ns, At safepoint: 2600 ns, Total: 18700 ns
[1714.190s][info ][gc,start       ] GC(86) Pause Young (Allocation Failure)
[1714.214s][debug][gc,phases      ] GC(86) Scavenge 23.997ms
[1714.214s][debug][gc,ref         ] GC(86) ReferenceProcessor::execute queues: 1, RefProcThreadModel::Single, marks_oops_alive: false
[1714.214s][debug][gc,ref         ] GC(86) Skipped KeepAliveFinalRefsPhase of Reference Processing: no references
[1714.214s][debug][gc,ref         ] GC(86) ReferenceProcessor::execute queues: 1, RefProcThreadModel::Single, marks_oops_alive: false
[1714.214s][debug][gc,phases      ] GC(86) Reference Processing 0.095ms
[1714.214s][debug][gc,phases      ] GC(86)   VM Weak                        Min:  0.0, Avg:  0.0, Max:  0.0, Diff:  0.0, Sum:  0.0, Workers: 4
[1714.214s][debug][gc,phases      ] GC(86)     Dead                           Min: 0, Avg:  0.0, Max: 0, Diff: 0, Sum: 0, Workers: 4
[1714.214s][debug][gc,phases      ] GC(86)     Total                          Min: 0, Avg: 273.5, Max: 512, Diff: 512, Sum: 1094, Workers: 4
[1714.214s][debug][gc,phases      ] GC(86)   ObjectSynchronizer Weak        Min:  0.0, Avg:  0.0, Max:  0.0, Diff:  0.0, Sum:  0.0, Workers: 4
[1714.214s][debug][gc,phases      ] GC(86)     Dead                           Min: 0, Avg:  0.0, Max: 0, Diff: 0, Sum: 0, Workers: 4
[1714.214s][debug][gc,phases      ] GC(86)     Total                          Min: 0, Avg:  1.5, Max: 6, Diff: 6, Sum: 6, Workers: 4
[1714.214s][debug][gc,phases      ] GC(86)   JVMTI Tag Weak OopStorage      Min:  0.0, Avg:  0.0, Max:  0.0, Diff:  0.0, Sum:  0.0, Workers: 4
[1714.214s][debug][gc,phases      ] GC(86)     Dead                           Min: 0, Avg:  0.0, Max: 0, Diff: 0, Sum: 0, Workers: 4
[1714.214s][debug][gc,phases      ] GC(86)     Total                          Min: 0, Avg:  0.0, Max: 0, Diff: 0, Sum: 0, Workers: 4
[1714.214s][debug][gc,phases      ] GC(86)   StringTable Weak               Min:  0.0, Avg:  0.1, Max:  0.1, Diff:  0.1, Sum:  0.4, Workers: 4
[1714.214s][debug][gc,phases      ] GC(86)     Dead                           Min: 0, Avg:  0.0, Max: 0, Diff: 0, Sum: 0, Workers: 4
[1714.214s][debug][gc,phases      ] GC(86)     Total                          Min: 0, Avg: 11807.0, Max: 19520, Diff: 19520, Sum: 47228, Workers: 4
[1714.214s][debug][gc,phases      ] GC(86)   ResolvedMethodTable Weak       Min:  0.0, Avg:  0.0, Max:  0.0, Diff:  0.0, Sum:  0.1, Workers: 4
[1714.214s][debug][gc,phases      ] GC(86)     Dead                           Min: 0, Avg:  0.0, Max: 0, Diff: 0, Sum: 0, Workers: 4
[1714.214s][debug][gc,phases      ] GC(86)     Total                          Min: 0, Avg: 4030.0, Max: 6665, Diff: 6665, Sum: 16120, Workers: 4
[1714.214s][debug][gc,phases      ] GC(86)   JNI Weak                       Min:  0.0, Avg:  0.0, Max:  0.0, Diff:  0.0, Sum:  0.0, Workers: 4
[1714.214s][debug][gc,phases      ] GC(86)     Dead                           Min: 0, Avg:  0.0, Max: 0, Diff: 0, Sum: 0, Workers: 4
[1714.214s][debug][gc,phases      ] GC(86)     Total                          Min: 0, Avg: 13.0, Max: 52, Diff: 52, Sum: 52, Workers: 4
[1714.214s][debug][gc,phases      ] GC(86)   StringDedup Table Weak         Min:  0.0, Avg:  0.0, Max:  0.0, Diff:  0.0, Sum:  0.0, Workers: 4
[1714.214s][debug][gc,phases      ] GC(86)     Dead                           Min: 0, Avg:  0.0, Max: 0, Diff: 0, Sum: 0, Workers: 4
[1714.214s][debug][gc,phases      ] GC(86)     Total                          Min: 0, Avg:  0.0, Max: 0, Diff: 0, Sum: 0, Workers: 4
[1714.214s][debug][gc,phases      ] GC(86)   StringDedup Requests0 Weak     Min:  0.0, Avg:  0.0, Max:  0.0, Diff:  0.0, Sum:  0.0, Workers: 4
[1714.214s][debug][gc,phases      ] GC(86)     Dead                           Min: 0, Avg:  0.0, Max: 0, Diff: 0, Sum: 0, Workers: 4
[1714.214s][debug][gc,phases      ] GC(86)     Total                          Min: 0, Avg:  0.0, Max: 0, Diff: 0, Sum: 0, Workers: 4
[1714.214s][debug][gc,phases      ] GC(86)   StringDedup Requests1 Weak     Min:  0.0, Avg:  0.0, Max:  0.0, Diff:  0.0, Sum:  0.0, Workers: 4
[1714.214s][debug][gc,phases      ] GC(86)     Dead                           Min: 0, Avg:  0.0, Max: 0, Diff: 0, Sum: 0, Workers: 4
[1714.214s][debug][gc,phases      ] GC(86)     Total                          Min: 0, Avg:  0.0, Max: 0, Diff: 0, Sum: 0, Workers: 4
[1714.214s][debug][gc,phases      ] GC(86)   Weak JFR Old Object Samples    Min:  0.0, Avg:  0.0, Max:  0.0, Diff:  0.0, Sum:  0.0, Workers: 4
[1714.214s][debug][gc,phases      ] GC(86)     Dead                           Min: 0, Avg:  0.0, Max: 0, Diff: 0, Sum: 0, Workers: 4
[1714.214s][debug][gc,phases      ] GC(86)     Total                          Min: 0, Avg:  0.0, Max: 0, Diff: 0, Sum: 0, Workers: 4
[1714.214s][debug][gc,phases      ] GC(86) Weak Processing 0.375ms
[1714.214s][debug][gc,age         ] GC(86) Desired survivor size 53477376 bytes, new threshold 1 (max threshold 15)
[1714.214s][info ][gc,heap        ] GC(86) PSYoungGen: 2049408K(2049536K)->40352K(2040320K) Eden: 2010112K(2010112K)->0K(1992704K) From: 39296K(39424K)->40352K(47616K)
[1714.214s][info ][gc,heap        ] GC(86) ParOldGen: 545562K(1190912K)->581093K(1190912K)
[1714.214s][info ][gc,metaspace   ] GC(86) Metaspace: 109316K(110720K)->109316K(110720K) NonClass: 92929K(93760K)->92929K(93760K) Class: 16386K(16960K)->16386K(16960K)
[1714.214s][info ][gc             ] GC(86) Pause Young (Allocation Failure) 2534M->606M(3155M) 24.582ms
[1714.214s][info ][gc,cpu         ] GC(86) User=0.10s Sys=0.00s Real=0.03s
[1714.214s][info ][safepoint      ] Safepoint "ParallelGCFailedAllocation", Time since last: 540488247 ns, Reaching safepoint: 4800 ns, Cleanup: 3200 ns, At safepoint: 24695367 ns, Total: 24703367 ns
[1716.214s][info ][safepoint      ] Safepoint "Cleanup", Time since last: 2000152394 ns, Reaching safepoint: 5300 ns, Cleanup: 13700 ns, At safepoint: 2200 ns, Total: 21200 ns
[1717.215s][info ][safepoint      ] Safepoint "Cleanup", Time since last: 1000496830 ns, Reaching safepoint: 82701 ns, Cleanup: 13200 ns, At safepoint: 17100 ns, Total: 113001 ns
[1718.215s][info ][safepoint      ] Safepoint "Cleanup", Time since last: 1000109351 ns, Reaching safepoint: 5400 ns, Cleanup: 13201 ns, At safepoint: 2200 ns, Total: 20801 ns
[1721.215s][info ][safepoint      ] Safepoint "Cleanup", Time since last: 3000241454 ns, Reaching safepoint: 6500 ns, Cleanup: 12300 ns, At safepoint: 2200 ns, Total: 21000 ns
[1723.216s][info ][safepoint      ] Safepoint "Cleanup", Time since last: 2000167503 ns, Reaching safepoint: 6000 ns, Cleanup: 9100 ns, At safepoint: 2400 ns, Total: 17500 ns
[1725.216s][info ][safepoint      ] Safepoint "Cleanup", Time since last: 2000181959 ns, Reaching safepoint: 6600 ns, Cleanup: 10800 ns, At safepoint: 2700 ns, Total: 20100 ns
[1727.216s][info ][safepoint      ] Safepoint "Cleanup", Time since last: 2000191625 ns, Reaching safepoint: 7700 ns, Cleanup: 10200 ns, At safepoint: 2700 ns, Total: 20600 ns
[1729.216s][info ][safepoint      ] Safepoint "Cleanup", Time since last: 2000201926 ns, Reaching safepoint: 5900 ns, Cleanup: 12200 ns, At safepoint: 2500 ns, Total: 20600 ns
[1729.562s][info ][gc,start       ] GC(87) Pause Young (Allocation Failure)
[1729.584s][debug][gc,phases      ] GC(87) Scavenge 21.868ms
[1729.584s][debug][gc,ref         ] GC(87) Skipped SoftWeakFinalRefsPhase of Reference Processing: no references
[1729.584s][debug][gc,ref         ] GC(87) Skipped KeepAliveFinalRefsPhase of Reference Processing: no references
[1729.584s][debug][gc,ref         ] GC(87) ReferenceProcessor::execute queues: 1, RefProcThreadModel::Single, marks_oops_alive: false
[1729.584s][debug][gc,phases      ] GC(87) Reference Processing 0.090ms
[1729.584s][debug][gc,phases      ] GC(87)   VM Weak                        Min:  0.0, Avg:  0.0, Max:  0.0, Diff:  0.0, Sum:  0.0, Workers: 4
[1729.584s][debug][gc,phases      ] GC(87)     Dead                           Min: 0, Avg:  0.0, Max: 0, Diff: 0, Sum: 0, Workers: 4
[1729.584s][debug][gc,phases      ] GC(87)     Total                          Min: 0, Avg: 273.5, Max: 576, Diff: 576, Sum: 1094, Workers: 4
[1729.584s][debug][gc,phases      ] GC(87)   ObjectSynchronizer Weak        Min:  0.0, Avg:  0.0, Max:  0.0, Diff:  0.0, Sum:  0.0, Workers: 4
[1729.584s][debug][gc,phases      ] GC(87)     Dead                           Min: 0, Avg:  0.0, Max: 0, Diff: 0, Sum: 0, Workers: 4
[1729.584s][debug][gc,phases      ] GC(87)     Total                          Min: 0, Avg:  1.5, Max: 6, Diff: 6, Sum: 6, Workers: 4
[1729.584s][debug][gc,phases      ] GC(87)   JVMTI Tag Weak OopStorage      Min:  0.0, Avg:  0.0, Max:  0.0, Diff:  0.0, Sum:  0.0, Workers: 4
[1729.584s][debug][gc,phases      ] GC(87)     Dead                           Min: 0, Avg:  0.0, Max: 0, Diff: 0, Sum: 0, Workers: 4
[1729.584s][debug][gc,phases      ] GC(87)     Total                          Min: 0, Avg:  0.0, Max: 0, Diff: 0, Sum: 0, Workers: 4
[1729.584s][debug][gc,phases      ] GC(87)   StringTable Weak               Min:  0.1, Avg:  0.1, Max:  0.1, Diff:  0.0, Sum:  0.5, Workers: 4
[1729.584s][debug][gc,phases      ] GC(87)     Dead                           Min: 0, Avg:  0.0, Max: 0, Diff: 0, Sum: 0, Workers: 4
[1729.584s][debug][gc,phases      ] GC(87)     Total                          Min: 9599, Avg: 11807.2, Max: 12672, Diff: 3073, Sum: 47229, Workers: 4
[1729.584s][debug][gc,phases      ] GC(87)   ResolvedMethodTable Weak       Min:  0.0, Avg:  0.0, Max:  0.0, Diff:  0.0, Sum:  0.2, Workers: 4
[1729.584s][debug][gc,phases      ] GC(87)     Dead                           Min: 0, Avg:  4.0, Max: 16, Diff: 16, Sum: 16, Workers: 4
[1729.584s][debug][gc,phases      ] GC(87)     Total                          Min: 3861, Avg: 4030.0, Max: 4141, Diff: 280, Sum: 16120, Workers: 4
[1729.584s][debug][gc,phases      ] GC(87)   JNI Weak                       Min:  0.0, Avg:  0.0, Max:  0.0, Diff:  0.0, Sum:  0.0, Workers: 4
[1729.584s][debug][gc,phases      ] GC(87)     Dead                           Min: 0, Avg:  0.0, Max: 0, Diff: 0, Sum: 0, Workers: 4
[1729.584s][debug][gc,phases      ] GC(87)     Total                          Min: 0, Avg: 13.0, Max: 52, Diff: 52, Sum: 52, Workers: 4
[1729.584s][debug][gc,phases      ] GC(87)   StringDedup Table Weak         Min:  0.0, Avg:  0.0, Max:  0.0, Diff:  0.0, Sum:  0.0, Workers: 4
[1729.584s][debug][gc,phases      ] GC(87)     Dead                           Min: 0, Avg:  0.0, Max: 0, Diff: 0, Sum: 0, Workers: 4
[1729.584s][debug][gc,phases      ] GC(87)     Total                          Min: 0, Avg:  0.0, Max: 0, Diff: 0, Sum: 0, Workers: 4
[1729.584s][debug][gc,phases      ] GC(87)   StringDedup Requests0 Weak     Min:  0.0, Avg:  0.0, Max:  0.0, Diff:  0.0, Sum:  0.0, Workers: 4
[1729.584s][debug][gc,phases      ] GC(87)     Dead                           Min: 0, Avg:  0.0, Max: 0, Diff: 0, Sum: 0, Workers: 4
[1729.584s][debug][gc,phases      ] GC(87)     Total                          Min: 0, Avg:  0.0, Max: 0, Diff: 0, Sum: 0, Workers: 4
[1729.584s][debug][gc,phases      ] GC(87)   StringDedup Requests1 Weak     Min:  0.0, Avg:  0.0, Max:  0.0, Diff:  0.0, Sum:  0.0, Workers: 4
[1729.584s][debug][gc,phases      ] GC(87)     Dead                           Min: 0, Avg:  0.0, Max: 0, Diff: 0, Sum: 0, Workers: 4
[1729.584s][debug][gc,phases      ] GC(87)     Total                          Min: 0, Avg:  0.0, Max: 0, Diff: 0, Sum: 0, Workers: 4
[1729.584s][debug][gc,phases      ] GC(87)   Weak JFR Old Object Samples    Min:  0.0, Avg:  0.0, Max:  0.0, Diff:  0.0, Sum:  0.0, Workers: 4
[1729.584s][debug][gc,phases      ] GC(87)     Dead                           Min: 0, Avg:  0.0, Max: 0, Diff: 0, Sum: 0, Workers: 4
[1729.584s][debug][gc,phases      ] GC(87)     Total                          Min: 0, Avg:  0.0, Max: 0, Diff: 0, Sum: 0, Workers: 4
[1729.584s][debug][gc,phases      ] GC(87) Weak Processing 0.359ms
[1729.584s][debug][gc,age         ] GC(87) Desired survivor size 52953088 bytes, new threshold 1 (max threshold 15)
[1729.584s][info ][gc,heap        ] GC(87) PSYoungGen: 2033056K(2040320K)->29312K(2044928K) Eden: 1992704K(1992704K)->0K(1992704K) From: 40352K(47616K)->29312K(52224K)
[1729.584s][info ][gc,heap        ] GC(87) ParOldGen: 581093K(1190912K)->617424K(1190912K)
[1729.584s][info ][gc,metaspace   ] GC(87) Metaspace: 109328K(110720K)->109328K(110720K) NonClass: 92941K(93760K)->92941K(93760K) Class: 16386K(16960K)->16386K(16960K)
[1729.584s][info ][gc             ] GC(87) Pause Young (Allocation Failure) 2552M->631M(3160M) 22.425ms
[1729.584s][info ][gc,cpu         ] GC(87) User=0.08s Sys=0.00s Real=0.02s
[1729.584s][info ][safepoint      ] Safepoint "ParallelGCFailedAllocation", Time since last: 345445463 ns, Reaching safepoint: 76300 ns, Cleanup: 3600 ns, At safepoint: 22490341 ns, Total: 22570241 ns
[1740.585s][info ][safepoint      ] Safepoint "Cleanup", Time since last: 11000776889 ns, Reaching safepoint: 6100 ns, Cleanup: 7800 ns, At safepoint: 2600 ns, Total: 16500 ns
[1742.757s][info ][safepoint      ] Safepoint "Cleanup", Time since last: 2171582030 ns, Reaching safepoint: 6700 ns, Cleanup: 8900 ns, At safepoint: 2700 ns, Total: 18300 ns
[1743.757s][info ][safepoint      ] Safepoint "Cleanup", Time since last: 1000116185 ns, Reaching safepoint: 5700 ns, Cleanup: 10000 ns, At safepoint: 2500 ns, Total: 18200 ns
[1744.757s][info ][safepoint      ] Safepoint "Cleanup", Time since last: 1000109684 ns, Reaching safepoint: 6800 ns, Cleanup: 10000 ns, At safepoint: 2800 ns, Total: 19600 ns
[1745.757s][info ][safepoint      ] Safepoint "Cleanup", Time since last: 1000107784 ns, Reaching safepoint: 5100 ns, Cleanup: 7800 ns, At safepoint: 2100 ns, Total: 15000 ns
[1749.757s][info ][safepoint      ] Safepoint "Cleanup", Time since last: 4000318389 ns, Reaching safepoint: 6100 ns, Cleanup: 15001 ns, At safepoint: 2400 ns, Total: 23501 ns
[1756.758s][info ][safepoint      ] Safepoint "Cleanup", Time since last: 7000554632 ns, Reaching safepoint: 6100 ns, Cleanup: 10000 ns, At safepoint: 2600 ns, Total: 18700 ns
[1758.364s][info ][gc,start       ] GC(88) Pause Young (Allocation Failure)
[1758.381s][debug][gc,phases      ] GC(88) Scavenge 17.526ms
[1758.381s][debug][gc,ref         ] GC(88) ReferenceProcessor::execute queues: 1, RefProcThreadModel::Single, marks_oops_alive: false
[1758.381s][debug][gc,ref         ] GC(88) Skipped KeepAliveFinalRefsPhase of Reference Processing: no references
[1758.381s][debug][gc,ref         ] GC(88) Skipped PhantomRefsPhase of Reference Processing: no references
[1758.381s][debug][gc,phases      ] GC(88) Reference Processing 0.100ms
[1758.382s][debug][gc,phases      ] GC(88)   VM Weak                        Min:  0.0, Avg:  0.0, Max:  0.0, Diff:  0.0, Sum:  0.0, Workers: 4
[1758.382s][debug][gc,phases      ] GC(88)     Dead                           Min: 0, Avg:  0.0, Max: 0, Diff: 0, Sum: 0, Workers: 4
[1758.382s][debug][gc,phases      ] GC(88)     Total                          Min: 0, Avg: 273.5, Max: 512, Diff: 512, Sum: 1094, Workers: 4
[1758.382s][debug][gc,phases      ] GC(88)   ObjectSynchronizer Weak        Min:  0.0, Avg:  0.0, Max:  0.0, Diff:  0.0, Sum:  0.0, Workers: 4
[1758.382s][debug][gc,phases      ] GC(88)     Dead                           Min: 0, Avg:  0.0, Max: 0, Diff: 0, Sum: 0, Workers: 4
[1758.382s][debug][gc,phases      ] GC(88)     Total                          Min: 0, Avg:  1.5, Max: 6, Diff: 6, Sum: 6, Workers: 4
[1758.382s][debug][gc,phases      ] GC(88)   JVMTI Tag Weak OopStorage      Min:  0.0, Avg:  0.0, Max:  0.0, Diff:  0.0, Sum:  0.0, Workers: 4
[1758.382s][debug][gc,phases      ] GC(88)     Dead                           Min: 0, Avg:  0.0, Max: 0, Diff: 0, Sum: 0, Workers: 4
[1758.382s][debug][gc,phases      ] GC(88)     Total                          Min: 0, Avg:  0.0, Max: 0, Diff: 0, Sum: 0, Workers: 4
[1758.382s][debug][gc,phases      ] GC(88)   StringTable Weak               Min:  0.0, Avg:  0.1, Max:  0.1, Diff:  0.1, Sum:  0.4, Workers: 4
[1758.382s][debug][gc,phases      ] GC(88)     Dead                           Min: 0, Avg:  0.0, Max: 0, Diff: 0, Sum: 0, Workers: 4
[1758.382s][debug][gc,phases      ] GC(88)     Total                          Min: 0, Avg: 11807.2, Max: 19904, Diff: 19904, Sum: 47229, Workers: 4
[1758.382s][debug][gc,phases      ] GC(88)   ResolvedMethodTable Weak       Min:  0.0, Avg:  0.0, Max:  0.0, Diff:  0.0, Sum:  0.1, Workers: 4
[1758.382s][debug][gc,phases      ] GC(88)     Dead                           Min: 0, Avg:  4.0, Max: 16, Diff: 16, Sum: 16, Workers: 4
[1758.382s][debug][gc,phases      ] GC(88)     Total                          Min: 0, Avg: 4030.0, Max: 6857, Diff: 6857, Sum: 16120, Workers: 4
[1758.382s][debug][gc,phases      ] GC(88)   JNI Weak                       Min:  0.0, Avg:  0.0, Max:  0.0, Diff:  0.0, Sum:  0.0, Workers: 4
[1758.382s][debug][gc,phases      ] GC(88)     Dead                           Min: 0, Avg:  0.0, Max: 0, Diff: 0, Sum: 0, Workers: 4
[1758.382s][debug][gc,phases      ] GC(88)     Total                          Min: 0, Avg: 13.0, Max: 52, Diff: 52, Sum: 52, Workers: 4
[1758.382s][debug][gc,phases      ] GC(88)   StringDedup Table Weak         Min:  0.0, Avg:  0.0, Max:  0.0, Diff:  0.0, Sum:  0.0, Workers: 4
[1758.382s][debug][gc,phases      ] GC(88)     Dead                           Min: 0, Avg:  0.0, Max: 0, Diff: 0, Sum: 0, Workers: 4
[1758.382s][debug][gc,phases      ] GC(88)     Total                          Min: 0, Avg:  0.0, Max: 0, Diff: 0, Sum: 0, Workers: 4
[1758.382s][debug][gc,phases      ] GC(88)   StringDedup Requests0 Weak     Min:  0.0, Avg:  0.0, Max:  0.0, Diff:  0.0, Sum:  0.0, Workers: 4
[1758.382s][debug][gc,phases      ] GC(88)     Dead                           Min: 0, Avg:  0.0, Max: 0, Diff: 0, Sum: 0, Workers: 4
[1758.382s][debug][gc,phases      ] GC(88)     Total                          Min: 0, Avg:  0.0, Max: 0, Diff: 0, Sum: 0, Workers: 4
[1758.382s][debug][gc,phases      ] GC(88)   StringDedup Requests1 Weak     Min:  0.0, Avg:  0.0, Max:  0.0, Diff:  0.0, Sum:  0.0, Workers: 4
[1758.382s][debug][gc,phases      ] GC(88)     Dead                           Min: 0, Avg:  0.0, Max: 0, Diff: 0, Sum: 0, Workers: 4
[1758.382s][debug][gc,phases      ] GC(88)     Total                          Min: 0, Avg:  0.0, Max: 0, Diff: 0, Sum: 0, Workers: 4
[1758.382s][debug][gc,phases      ] GC(88)   Weak JFR Old Object Samples    Min:  0.0, Avg:  0.0, Max:  0.0, Diff:  0.0, Sum:  0.0, Workers: 4
[1758.382s][debug][gc,phases      ] GC(88)     Dead                           Min: 0, Avg:  0.0, Max: 0, Diff: 0, Sum: 0, Workers: 4
[1758.382s][debug][gc,phases      ] GC(88)     Total                          Min: 0, Avg:  0.0, Max: 0, Diff: 0, Sum: 0, Workers: 4
[1758.382s][debug][gc,phases      ] GC(88) Weak Processing 0.374ms
[1758.382s][debug][gc,age         ] GC(88) Desired survivor size 50855936 bytes, new threshold 1 (max threshold 15)
[1758.382s][info ][gc,heap        ] GC(88) PSYoungGen: 2022016K(2044928K)->20992K(2047488K) Eden: 1992704K(1992704K)->0K(1995776K) From: 29312K(52224K)->20992K(51712K)
[1758.382s][info ][gc,heap        ] GC(88) ParOldGen: 617424K(1190912K)->640493K(1190912K)
[1758.382s][info ][gc,metaspace   ] GC(88) Metaspace: 109339K(110720K)->109339K(110720K) NonClass: 92952K(93760K)->92952K(93760K) Class: 16386K(16960K)->16386K(16960K)
[1758.382s][info ][gc             ] GC(88) Pause Young (Allocation Failure) 2577M->645M(3162M) 18.120ms
[1758.382s][info ][gc,cpu         ] GC(88) User=0.06s Sys=0.00s Real=0.02s
[1758.382s][info ][safepoint      ] Safepoint "ParallelGCFailedAllocation", Time since last: 1605659613 ns, Reaching safepoint: 81700 ns, Cleanup: 8700 ns, At safepoint: 18347702 ns, Total: 18438102 ns
[1759.382s][info ][safepoint      ] Safepoint "Cleanup", Time since last: 1000100251 ns, Reaching safepoint: 6100 ns, Cleanup: 11300 ns, At safepoint: 2800 ns, Total: 20200 ns
[1763.382s][info ][safepoint      ] Safepoint "Cleanup", Time since last: 4000326699 ns, Reaching safepoint: 5800 ns, Cleanup: 10400 ns, At safepoint: 2400 ns, Total: 18600 ns
[1783.384s][info ][safepoint      ] Safepoint "Cleanup", Time since last: 20001384055 ns, Reaching safepoint: 5300 ns, Cleanup: 8200 ns, At safepoint: 2500 ns, Total: 16000 ns
[1790.384s][info ][safepoint      ] Safepoint "Cleanup", Time since last: 7000513592 ns, Reaching safepoint: 4800 ns, Cleanup: 6000 ns, At safepoint: 2100 ns, Total: 12900 ns
[1792.385s][info ][safepoint      ] Safepoint "Cleanup", Time since last: 2000158418 ns, Reaching safepoint: 4900 ns, Cleanup: 8500 ns, At safepoint: 2200 ns, Total: 15600 ns
[1792.416s][info ][gc,start       ] GC(89) Pause Young (Allocation Failure)
[1792.430s][debug][gc,phases      ] GC(89) Scavenge 13.638ms
[1792.430s][debug][gc,ref         ] GC(89) ReferenceProcessor::execute queues: 1, RefProcThreadModel::Single, marks_oops_alive: false
[1792.430s][debug][gc,ref         ] GC(89) Skipped KeepAliveFinalRefsPhase of Reference Processing: no references
[1792.430s][debug][gc,ref         ] GC(89) ReferenceProcessor::execute queues: 1, RefProcThreadModel::Single, marks_oops_alive: false
[1792.430s][debug][gc,phases      ] GC(89) Reference Processing 0.100ms
[1792.430s][debug][gc,phases      ] GC(89)   VM Weak                        Min:  0.0, Avg:  0.0, Max:  0.0, Diff:  0.0, Sum:  0.0, Workers: 4
[1792.430s][debug][gc,phases      ] GC(89)     Dead                           Min: 0, Avg:  0.0, Max: 0, Diff: 0, Sum: 0, Workers: 4
[1792.430s][debug][gc,phases      ] GC(89)     Total                          Min: 0, Avg: 273.5, Max: 832, Diff: 832, Sum: 1094, Workers: 4
[1792.430s][debug][gc,phases      ] GC(89)   ObjectSynchronizer Weak        Min:  0.0, Avg:  0.0, Max:  0.0, Diff:  0.0, Sum:  0.0, Workers: 4
[1792.430s][debug][gc,phases      ] GC(89)     Dead                           Min: 0, Avg:  0.0, Max: 0, Diff: 0, Sum: 0, Workers: 4
[1792.430s][debug][gc,phases      ] GC(89)     Total                          Min: 0, Avg:  1.5, Max: 6, Diff: 6, Sum: 6, Workers: 4
[1792.430s][debug][gc,phases      ] GC(89)   JVMTI Tag Weak OopStorage      Min:  0.0, Avg:  0.0, Max:  0.0, Diff:  0.0, Sum:  0.0, Workers: 4
[1792.430s][debug][gc,phases      ] GC(89)     Dead                           Min: 0, Avg:  0.0, Max: 0, Diff: 0, Sum: 0, Workers: 4
[1792.430s][debug][gc,phases      ] GC(89)     Total                          Min: 0, Avg:  0.0, Max: 0, Diff: 0, Sum: 0, Workers: 4
[1792.430s][debug][gc,phases      ] GC(89)   StringTable Weak               Min:  0.0, Avg:  0.1, Max:  0.2, Diff:  0.2, Sum:  0.5, Workers: 4
[1792.430s][debug][gc,phases      ] GC(89)     Dead                           Min: 0, Avg:  0.0, Max: 0, Diff: 0, Sum: 0, Workers: 4
[1792.430s][debug][gc,phases      ] GC(89)     Total                          Min: 0, Avg: 11807.2, Max: 16766, Diff: 16766, Sum: 47229, Workers: 4
[1792.430s][debug][gc,phases      ] GC(89)   ResolvedMethodTable Weak       Min:  0.0, Avg:  0.0, Max:  0.0, Diff:  0.0, Sum:  0.1, Workers: 4
[1792.430s][debug][gc,phases      ] GC(89)     Dead                           Min: 0, Avg:  4.0, Max: 16, Diff: 16, Sum: 16, Workers: 4
[1792.430s][debug][gc,phases      ] GC(89)     Total                          Min: 0, Avg: 4030.0, Max: 6978, Diff: 6978, Sum: 16120, Workers: 4
[1792.430s][debug][gc,phases      ] GC(89)   JNI Weak                       Min:  0.0, Avg:  0.0, Max:  0.0, Diff:  0.0, Sum:  0.0, Workers: 4
[1792.430s][debug][gc,phases      ] GC(89)     Dead                           Min: 0, Avg:  0.0, Max: 0, Diff: 0, Sum: 0, Workers: 4
[1792.430s][debug][gc,phases      ] GC(89)     Total                          Min: 0, Avg: 13.0, Max: 52, Diff: 52, Sum: 52, Workers: 4
[1792.430s][debug][gc,phases      ] GC(89)   StringDedup Table Weak         Min:  0.0, Avg:  0.0, Max:  0.0, Diff:  0.0, Sum:  0.0, Workers: 4
[1792.430s][debug][gc,phases      ] GC(89)     Dead                           Min: 0, Avg:  0.0, Max: 0, Diff: 0, Sum: 0, Workers: 4
[1792.430s][debug][gc,phases      ] GC(89)     Total                          Min: 0, Avg:  0.0, Max: 0, Diff: 0, Sum: 0, Workers: 4
[1792.430s][debug][gc,phases      ] GC(89)   StringDedup Requests0 Weak     Min:  0.0, Avg:  0.0, Max:  0.0, Diff:  0.0, Sum:  0.0, Workers: 4
[1792.430s][debug][gc,phases      ] GC(89)     Dead                           Min: 0, Avg:  0.0, Max: 0, Diff: 0, Sum: 0, Workers: 4
[1792.430s][debug][gc,phases      ] GC(89)     Total                          Min: 0, Avg:  0.0, Max: 0, Diff: 0, Sum: 0, Workers: 4
[1792.430s][debug][gc,phases      ] GC(89)   StringDedup Requests1 Weak     Min:  0.0, Avg:  0.0, Max:  0.0, Diff:  0.0, Sum:  0.0, Workers: 4
[1792.430s][debug][gc,phases      ] GC(89)     Dead                           Min: 0, Avg:  0.0, Max: 0, Diff: 0, Sum: 0, Workers: 4
[1792.430s][debug][gc,phases      ] GC(89)     Total                          Min: 0, Avg:  0.0, Max: 0, Diff: 0, Sum: 0, Workers: 4
[1792.430s][debug][gc,phases      ] GC(89)   Weak JFR Old Object Samples    Min:  0.0, Avg:  0.0, Max:  0.0, Diff:  0.0, Sum:  0.0, Workers: 4
[1792.430s][debug][gc,phases      ] GC(89)     Dead                           Min: 0, Avg:  0.0, Max: 0, Diff: 0, Sum: 0, Workers: 4
[1792.430s][debug][gc,phases      ] GC(89)     Total                          Min: 0, Avg:  0.0, Max: 0, Diff: 0, Sum: 0, Workers: 4
[1792.430s][debug][gc,phases      ] GC(89) Weak Processing 0.416ms
[1792.430s][debug][gc,age         ] GC(89) Desired survivor size 48234496 bytes, new threshold 1 (max threshold 15)
[1792.430s][info ][gc,heap        ] GC(89) PSYoungGen: 2016768K(2047488K)->21536K(2045440K) Eden: 1995776K(1995776K)->0K(1995776K) From: 20992K(51712K)->21536K(49664K)
[1792.430s][info ][gc,heap        ] GC(89) ParOldGen: 640493K(1190912K)->656757K(1190912K)
[1792.430s][info ][gc,metaspace   ] GC(89) Metaspace: 109347K(110720K)->109347K(110720K) NonClass: 92961K(93760K)->92961K(93760K) Class: 16386K(16960K)->16386K(16960K)
[1792.430s][info ][gc             ] GC(89) Pause Young (Allocation Failure) 2594M->662M(3160M) 14.264ms
[1792.430s][info ][gc,cpu         ] GC(89) User=0.05s Sys=0.00s Real=0.02s
[1792.430s][info ][safepoint      ] Safepoint "ParallelGCFailedAllocation", Time since last: 31157706 ns, Reaching safepoint: 80400 ns, Cleanup: 2500 ns, At safepoint: 14350395 ns, Total: 14433295 ns
[1800.431s][info ][safepoint      ] Safepoint "Cleanup", Time since last: 8000587454 ns, Reaching safepoint: 4700 ns, Cleanup: 25700 ns, At safepoint: 2100 ns, Total: 32500 ns
[1801.777s][info ][safepoint      ] Safepoint "Cleanup", Time since last: 1346351430 ns, Reaching safepoint: 6800 ns, Cleanup: 14900 ns, At safepoint: 2500 ns, Total: 24200 ns
[1805.778s][info ][safepoint      ] Safepoint "Cleanup", Time since last: 4001071062 ns, Reaching safepoint: 6600 ns, Cleanup: 17800 ns, At safepoint: 2500 ns, Total: 26900 ns
[1808.779s][info ][safepoint      ] Safepoint "Cleanup", Time since last: 3000230599 ns, Reaching safepoint: 7400 ns, Cleanup: 18400 ns, At safepoint: 2400 ns, Total: 28200 ns
[1810.779s][info ][safepoint      ] Safepoint "Cleanup", Time since last: 2000176632 ns, Reaching safepoint: 6800 ns, Cleanup: 21900 ns, At safepoint: 2900 ns, Total: 31600 ns
[1811.779s][info ][safepoint      ] Safepoint "Cleanup", Time since last: 1000518269 ns, Reaching safepoint: 6600 ns, Cleanup: 13000 ns, At safepoint: 3600 ns, Total: 23200 ns
[1813.780s][info ][safepoint      ] Safepoint "Cleanup", Time since last: 2000231880 ns, Reaching safepoint: 5800 ns, Cleanup: 10000 ns, At safepoint: 2600 ns, Total: 18400 ns
[1814.577s][info ][gc,start       ] GC(90) Pause Young (Allocation Failure)
[1814.594s][debug][gc,phases      ] GC(90) Scavenge 17.552ms
[1814.594s][debug][gc,ref         ] GC(90) ReferenceProcessor::execute queues: 1, RefProcThreadModel::Single, marks_oops_alive: false
[1814.594s][debug][gc,ref         ] GC(90) Skipped KeepAliveFinalRefsPhase of Reference Processing: no references
[1814.594s][debug][gc,ref         ] GC(90) ReferenceProcessor::execute queues: 1, RefProcThreadModel::Single, marks_oops_alive: false
[1814.594s][debug][gc,phases      ] GC(90) Reference Processing 0.096ms
[1814.595s][debug][gc,phases      ] GC(90)   VM Weak                        Min:  0.0, Avg:  0.0, Max:  0.0, Diff:  0.0, Sum:  0.0, Workers: 4
[1814.595s][debug][gc,phases      ] GC(90)     Dead                           Min: 0, Avg:  0.0, Max: 0, Diff: 0, Sum: 0, Workers: 4
[1814.595s][debug][gc,phases      ] GC(90)     Total                          Min: 0, Avg: 273.5, Max: 576, Diff: 576, Sum: 1094, Workers: 4
[1814.595s][debug][gc,phases      ] GC(90)   ObjectSynchronizer Weak        Min:  0.0, Avg:  0.0, Max:  0.0, Diff:  0.0, Sum:  0.0, Workers: 4
[1814.595s][debug][gc,phases      ] GC(90)     Dead                           Min: 0, Avg:  0.0, Max: 0, Diff: 0, Sum: 0, Workers: 4
[1814.595s][debug][gc,phases      ] GC(90)     Total                          Min: 0, Avg:  1.0, Max: 4, Diff: 4, Sum: 4, Workers: 4
[1814.595s][debug][gc,phases      ] GC(90)   JVMTI Tag Weak OopStorage      Min:  0.0, Avg:  0.0, Max:  0.0, Diff:  0.0, Sum:  0.0, Workers: 4
[1814.595s][debug][gc,phases      ] GC(90)     Dead                           Min: 0, Avg:  0.0, Max: 0, Diff: 0, Sum: 0, Workers: 4
[1814.595s][debug][gc,phases      ] GC(90)     Total                          Min: 0, Avg:  0.0, Max: 0, Diff: 0, Sum: 0, Workers: 4
[1814.595s][debug][gc,phases      ] GC(90)   StringTable Weak               Min:  0.0, Avg:  0.1, Max:  0.1, Diff:  0.1, Sum:  0.4, Workers: 4
[1814.595s][debug][gc,phases      ] GC(90)     Dead                           Min: 0, Avg:  0.5, Max: 2, Diff: 2, Sum: 2, Workers: 4
[1814.595s][debug][gc,phases      ] GC(90)     Total                          Min: 0, Avg: 11815.5, Max: 20224, Diff: 20224, Sum: 47262, Workers: 4
[1814.595s][debug][gc,phases      ] GC(90)   ResolvedMethodTable Weak       Min:  0.0, Avg:  0.0, Max:  0.0, Diff:  0.0, Sum:  0.1, Workers: 4
[1814.595s][debug][gc,phases      ] GC(90)     Dead                           Min: 0, Avg:  9.0, Max: 26, Diff: 26, Sum: 36, Workers: 4
[1814.595s][debug][gc,phases      ] GC(90)     Total                          Min: 0, Avg: 4042.5, Max: 6856, Diff: 6856, Sum: 16170, Workers: 4
[1814.595s][debug][gc,phases      ] GC(90)   JNI Weak                       Min:  0.0, Avg:  0.0, Max:  0.0, Diff:  0.0, Sum:  0.0, Workers: 4
[1814.595s][debug][gc,phases      ] GC(90)     Dead                           Min: 0, Avg:  0.0, Max: 0, Diff: 0, Sum: 0, Workers: 4
[1814.595s][debug][gc,phases      ] GC(90)     Total                          Min: 0, Avg: 13.0, Max: 52, Diff: 52, Sum: 52, Workers: 4
[1814.595s][debug][gc,phases      ] GC(90)   StringDedup Table Weak         Min:  0.0, Avg:  0.0, Max:  0.0, Diff:  0.0, Sum:  0.0, Workers: 4
[1814.595s][debug][gc,phases      ] GC(90)     Dead                           Min: 0, Avg:  0.0, Max: 0, Diff: 0, Sum: 0, Workers: 4
[1814.595s][debug][gc,phases      ] GC(90)     Total                          Min: 0, Avg:  0.0, Max: 0, Diff: 0, Sum: 0, Workers: 4
[1814.595s][debug][gc,phases      ] GC(90)   StringDedup Requests0 Weak     Min:  0.0, Avg:  0.0, Max:  0.0, Diff:  0.0, Sum:  0.0, Workers: 4
[1814.595s][debug][gc,phases      ] GC(90)     Dead                           Min: 0, Avg:  0.0, Max: 0, Diff: 0, Sum: 0, Workers: 4
[1814.595s][debug][gc,phases      ] GC(90)     Total                          Min: 0, Avg:  0.0, Max: 0, Diff: 0, Sum: 0, Workers: 4
[1814.595s][debug][gc,phases      ] GC(90)   StringDedup Requests1 Weak     Min:  0.0, Avg:  0.0, Max:  0.0, Diff:  0.0, Sum:  0.0, Workers: 4
[1814.595s][debug][gc,phases      ] GC(90)     Dead                           Min: 0, Avg:  0.0, Max: 0, Diff: 0, Sum: 0, Workers: 4
[1814.595s][debug][gc,phases      ] GC(90)     Total                          Min: 0, Avg:  0.0, Max: 0, Diff: 0, Sum: 0, Workers: 4
[1814.595s][debug][gc,phases      ] GC(90)   Weak JFR Old Object Samples    Min:  0.0, Avg:  0.0, Max:  0.0, Diff:  0.0, Sum:  0.0, Workers: 4
[1814.595s][debug][gc,phases      ] GC(90)     Dead                           Min: 0, Avg:  0.0, Max: 0, Diff: 0, Sum: 0, Workers: 4
[1814.595s][debug][gc,phases      ] GC(90)     Total                          Min: 0, Avg:  0.0, Max: 0, Diff: 0, Sum: 0, Workers: 4
[1814.595s][debug][gc,phases      ] GC(90) Weak Processing 0.383ms
[1814.595s][debug][gc,age         ] GC(90) Desired survivor size 50855936 bytes, new threshold 1 (max threshold 15)
[1814.595s][info ][gc,heap        ] GC(90) PSYoungGen: 2017312K(2045440K)->36642K(2044928K) Eden: 1995776K(1995776K)->0K(1997824K) From: 21536K(49664K)->36642K(47104K)
[1814.595s][info ][gc,heap        ] GC(90) ParOldGen: 656757K(1190912K)->675309K(1190912K)
[1814.595s][info ][gc,metaspace   ] GC(90) Metaspace: 109432K(110848K)->109432K(110848K) NonClass: 93029K(93824K)->93029K(93824K) Class: 16403K(17024K)->16403K(17024K)
[1814.595s][info ][gc             ] GC(90) Pause Young (Allocation Failure) 2611M->695M(3160M) 18.138ms
[1814.595s][info ][gc,cpu         ] GC(90) User=0.06s Sys=0.00s Real=0.02s
[1814.595s][info ][safepoint      ] Safepoint "ParallelGCFailedAllocation", Time since last: 797152165 ns, Reaching safepoint: 77600 ns, Cleanup: 3900 ns, At safepoint: 18202920 ns, Total: 18284420 ns
[1815.595s][info ][safepoint      ] Safepoint "Cleanup", Time since last: 1000081105 ns, Reaching safepoint: 5700 ns, Cleanup: 8900 ns, At safepoint: 2200 ns, Total: 16800 ns
[1819.595s][info ][safepoint      ] Safepoint "Cleanup", Time since last: 4000315119 ns, Reaching safepoint: 6900 ns, Cleanup: 10300 ns, At safepoint: 3100 ns, Total: 20300 ns
[1820.596s][info ][safepoint      ] Safepoint "Cleanup", Time since last: 1000132205 ns, Reaching safepoint: 5700 ns, Cleanup: 11700 ns, At safepoint: 2400 ns, Total: 19800 ns
[1821.596s][info ][safepoint      ] Safepoint "Cleanup", Time since last: 1000099598 ns, Reaching safepoint: 4300 ns, Cleanup: 8100 ns, At safepoint: 2800 ns, Total: 15200 ns
[1823.596s][info ][safepoint      ] Safepoint "Cleanup", Time since last: 2000159395 ns, Reaching safepoint: 5400 ns, Cleanup: 8000 ns, At safepoint: 2400 ns, Total: 15800 ns
[1828.596s][info ][safepoint      ] Safepoint "Cleanup", Time since last: 5000406687 ns, Reaching safepoint: 5900 ns, Cleanup: 8700 ns, At safepoint: 2500 ns, Total: 17100 ns
[1830.596s][info ][safepoint      ] Safepoint "Cleanup", Time since last: 2000177127 ns, Reaching safepoint: 6100 ns, Cleanup: 11700 ns, At safepoint: 2800 ns, Total: 20600 ns
[1835.267s][info ][safepoint      ] Safepoint "ParallelGCFailedAllocation", Time since last: 4670972387 ns, Reaching safepoint: 5900 ns, Cleanup: 3400 ns, At safepoint: 11600 ns, Total: 20900 ns
[1835.268s][info ][gc,start       ] GC(91) Pause Young (GCLocker Initiated GC)
[1835.290s][debug][gc,phases      ] GC(91) Scavenge 21.326ms
[1835.290s][debug][gc,ref         ] GC(91) ReferenceProcessor::execute queues: 1, RefProcThreadModel::Single, marks_oops_alive: false
[1835.290s][debug][gc,ref         ] GC(91) Skipped KeepAliveFinalRefsPhase of Reference Processing: no references
[1835.290s][debug][gc,ref         ] GC(91) ReferenceProcessor::execute queues: 1, RefProcThreadModel::Single, marks_oops_alive: false
[1835.290s][debug][gc,phases      ] GC(91) Reference Processing 0.122ms
[1835.290s][debug][gc,phases      ] GC(91)   VM Weak                        Min:  0.0, Avg:  0.0, Max:  0.0, Diff:  0.0, Sum:  0.0, Workers: 4
[1835.290s][debug][gc,phases      ] GC(91)     Dead                           Min: 0, Avg:  0.0, Max: 0, Diff: 0, Sum: 0, Workers: 4
[1835.290s][debug][gc,phases      ] GC(91)     Total                          Min: 0, Avg: 273.5, Max: 576, Diff: 576, Sum: 1094, Workers: 4
[1835.290s][debug][gc,phases      ] GC(91)   ObjectSynchronizer Weak        Min:  0.0, Avg:  0.0, Max:  0.0, Diff:  0.0, Sum:  0.0, Workers: 4
[1835.290s][debug][gc,phases      ] GC(91)     Dead                           Min: 0, Avg:  0.0, Max: 0, Diff: 0, Sum: 0, Workers: 4
[1835.290s][debug][gc,phases      ] GC(91)     Total                          Min: 0, Avg:  1.0, Max: 4, Diff: 4, Sum: 4, Workers: 4
[1835.290s][debug][gc,phases      ] GC(91)   JVMTI Tag Weak OopStorage      Min:  0.0, Avg:  0.0, Max:  0.0, Diff:  0.0, Sum:  0.0, Workers: 4
[1835.290s][debug][gc,phases      ] GC(91)     Dead                           Min: 0, Avg:  0.0, Max: 0, Diff: 0, Sum: 0, Workers: 4
[1835.290s][debug][gc,phases      ] GC(91)     Total                          Min: 0, Avg:  0.0, Max: 0, Diff: 0, Sum: 0, Workers: 4
[1835.290s][debug][gc,phases      ] GC(91)   StringTable Weak               Min:  0.0, Avg:  0.1, Max:  0.1, Diff:  0.1, Sum:  0.4, Workers: 4
[1835.290s][debug][gc,phases      ] GC(91)     Dead                           Min: 0, Avg:  0.0, Max: 0, Diff: 0, Sum: 0, Workers: 4
[1835.290s][debug][gc,phases      ] GC(91)     Total                          Min: 0, Avg: 11816.8, Max: 20608, Diff: 20608, Sum: 47267, Workers: 4
[1835.290s][debug][gc,phases      ] GC(91)   ResolvedMethodTable Weak       Min:  0.0, Avg:  0.0, Max:  0.0, Diff:  0.0, Sum:  0.1, Workers: 4
[1835.290s][debug][gc,phases      ] GC(91)     Dead                           Min: 0, Avg:  4.0, Max: 16, Diff: 16, Sum: 16, Workers: 4
[1835.290s][debug][gc,phases      ] GC(91)     Total                          Min: 0, Avg: 4042.5, Max: 7013, Diff: 7013, Sum: 16170, Workers: 4
[1835.290s][debug][gc,phases      ] GC(91)   JNI Weak                       Min:  0.0, Avg:  0.0, Max:  0.0, Diff:  0.0, Sum:  0.0, Workers: 4
[1835.290s][debug][gc,phases      ] GC(91)     Dead                           Min: 0, Avg:  0.0, Max: 0, Diff: 0, Sum: 0, Workers: 4
[1835.290s][debug][gc,phases      ] GC(91)     Total                          Min: 0, Avg: 13.0, Max: 52, Diff: 52, Sum: 52, Workers: 4
[1835.290s][debug][gc,phases      ] GC(91)   StringDedup Table Weak         Min:  0.0, Avg:  0.0, Max:  0.0, Diff:  0.0, Sum:  0.0, Workers: 4
[1835.290s][debug][gc,phases      ] GC(91)     Dead                           Min: 0, Avg:  0.0, Max: 0, Diff: 0, Sum: 0, Workers: 4
[1835.290s][debug][gc,phases      ] GC(91)     Total                          Min: 0, Avg:  0.0, Max: 0, Diff: 0, Sum: 0, Workers: 4
[1835.290s][debug][gc,phases      ] GC(91)   StringDedup Requests0 Weak     Min:  0.0, Avg:  0.0, Max:  0.0, Diff:  0.0, Sum:  0.0, Workers: 4
[1835.290s][debug][gc,phases      ] GC(91)     Dead                           Min: 0, Avg:  0.0, Max: 0, Diff: 0, Sum: 0, Workers: 4
[1835.290s][debug][gc,phases      ] GC(91)     Total                          Min: 0, Avg:  0.0, Max: 0, Diff: 0, Sum: 0, Workers: 4
[1835.290s][debug][gc,phases      ] GC(91)   StringDedup Requests1 Weak     Min:  0.0, Avg:  0.0, Max:  0.0, Diff:  0.0, Sum:  0.0, Workers: 4
[1835.290s][debug][gc,phases      ] GC(91)     Dead                           Min: 0, Avg:  0.0, Max: 0, Diff: 0, Sum: 0, Workers: 4
[1835.290s][debug][gc,phases      ] GC(91)     Total                          Min: 0, Avg:  0.0, Max: 0, Diff: 0, Sum: 0, Workers: 4
[1835.290s][debug][gc,phases      ] GC(91)   Weak JFR Old Object Samples    Min:  0.0, Avg:  0.0, Max:  0.0, Diff:  0.0, Sum:  0.0, Workers: 4
[1835.290s][debug][gc,phases      ] GC(91)     Dead                           Min: 0, Avg:  0.0, Max: 0, Diff: 0, Sum: 0, Workers: 4
[1835.290s][debug][gc,phases      ] GC(91)     Total                          Min: 0, Avg:  0.0, Max: 0, Diff: 0, Sum: 0, Workers: 4
[1835.290s][debug][gc,phases      ] GC(91) Weak Processing 0.377ms
[1835.290s][debug][gc,age         ] GC(91) Desired survivor size 52953088 bytes, new threshold 1 (max threshold 15)
[1835.290s][info ][gc,heap        ] GC(91) PSYoungGen: 2034466K(2044928K)->35800K(2033664K) Eden: 1997824K(1997824K)->0K(1997824K) From: 36642K(47104K)->35800K(35840K)
[1835.290s][info ][gc,heap        ] GC(91) ParOldGen: 676077K(1190912K)->709679K(1190912K)
[1835.290s][info ][gc,metaspace   ] GC(91) Metaspace: 109436K(110848K)->109436K(110848K) NonClass: 93033K(93824K)->93033K(93824K) Class: 16403K(17024K)->16403K(17024K)
[1835.290s][info ][gc             ] GC(91) Pause Young (GCLocker Initiated GC) 2647M->728M(3149M) 21.952ms
[1835.290s][info ][gc,cpu         ] GC(91) User=0.08s Sys=0.00s Real=0.03s
[1835.290s][info ][safepoint      ] Safepoint "ParallelGCSystemGC", Time since last: 906706 ns, Reaching safepoint: 2100 ns, Cleanup: 1300 ns, At safepoint: 22025442 ns, Total: 22028842 ns
[1841.291s][info ][safepoint      ] Safepoint "Cleanup", Time since last: 6000423110 ns, Reaching safepoint: 6600 ns, Cleanup: 11400 ns, At safepoint: 2800 ns, Total: 20800 ns
[1842.291s][info ][safepoint      ] Safepoint "Cleanup", Time since last: 1000114577 ns, Reaching safepoint: 5100 ns, Cleanup: 8000 ns, At safepoint: 2600 ns, Total: 15700 ns
[1844.291s][info ][safepoint      ] Safepoint "Cleanup", Time since last: 2000164553 ns, Reaching safepoint: 5800 ns, Cleanup: 15900 ns, At safepoint: 2600 ns, Total: 24300 ns
[1846.291s][info ][safepoint      ] Safepoint "Cleanup", Time since last: 2000169057 ns, Reaching safepoint: 5000 ns, Cleanup: 12800 ns, At safepoint: 2400 ns, Total: 20200 ns
[1851.292s][info ][safepoint      ] Safepoint "Cleanup", Time since last: 5000367593 ns, Reaching safepoint: 5900 ns, Cleanup: 22600 ns, At safepoint: 3200 ns, Total: 31700 ns
[1852.292s][info ][safepoint      ] Safepoint "Cleanup", Time since last: 1000116579 ns, Reaching safepoint: 5500 ns, Cleanup: 14300 ns, At safepoint: 2300 ns, Total: 22100 ns
[1853.292s][info ][safepoint      ] Safepoint "Cleanup", Time since last: 1000097603 ns, Reaching safepoint: 5500 ns, Cleanup: 14200 ns, At safepoint: 2200 ns, Total: 21900 ns
[1854.292s][info ][safepoint      ] Safepoint "Cleanup", Time since last: 1000093015 ns, Reaching safepoint: 5601 ns, Cleanup: 8100 ns, At safepoint: 2300 ns, Total: 16001 ns
[1860.293s][info ][safepoint      ] Safepoint "Cleanup", Time since last: 6000435490 ns, Reaching safepoint: 6300 ns, Cleanup: 13800 ns, At safepoint: 2600 ns, Total: 22700 ns
[1862.795s][info ][safepoint      ] Safepoint "Cleanup", Time since last: 2502557693 ns, Reaching safepoint: 5600 ns, Cleanup: 9200 ns, At safepoint: 2500 ns, Total: 17300 ns
[1867.796s][info ][safepoint      ] Safepoint "Cleanup", Time since last: 5000389838 ns, Reaching safepoint: 6000 ns, Cleanup: 12600 ns, At safepoint: 2700 ns, Total: 21300 ns
[1870.796s][info ][safepoint      ] Safepoint "Cleanup", Time since last: 3000249738 ns, Reaching safepoint: 6700 ns, Cleanup: 12200 ns, At safepoint: 3100 ns, Total: 22000 ns
[1871.796s][info ][safepoint      ] Safepoint "Cleanup", Time since last: 1000132676 ns, Reaching safepoint: 6200 ns, Cleanup: 10000 ns, At safepoint: 18100 ns, Total: 34300 ns
[1874.796s][info ][safepoint      ] Safepoint "Cleanup", Time since last: 3000247228 ns, Reaching safepoint: 6001 ns, Cleanup: 24700 ns, At safepoint: 3100 ns, Total: 33801 ns
[1878.797s][info ][safepoint      ] Safepoint "Cleanup", Time since last: 4000314756 ns, Reaching safepoint: 6000 ns, Cleanup: 14200 ns, At safepoint: 2800 ns, Total: 23000 ns
[1879.797s][info ][safepoint      ] Safepoint "Cleanup", Time since last: 1000115200 ns, Reaching safepoint: 6200 ns, Cleanup: 10400 ns, At safepoint: 3200 ns, Total: 19800 ns
[1881.797s][info ][safepoint      ] Safepoint "Cleanup", Time since last: 2000185201 ns, Reaching safepoint: 5700 ns, Cleanup: 11800 ns, At safepoint: 2600 ns, Total: 20100 ns
[1885.762s][info ][gc,start       ] GC(92) Pause Young (Allocation Failure)
[1885.779s][debug][gc,phases      ] GC(92) Scavenge 17.241ms
[1885.779s][debug][gc,ref         ] GC(92) ReferenceProcessor::execute queues: 1, RefProcThreadModel::Single, marks_oops_alive: false
[1885.779s][debug][gc,ref         ] GC(92) Skipped KeepAliveFinalRefsPhase of Reference Processing: no references
[1885.779s][debug][gc,ref         ] GC(92) ReferenceProcessor::execute queues: 1, RefProcThreadModel::Single, marks_oops_alive: false
[1885.779s][debug][gc,phases      ] GC(92) Reference Processing 0.108ms
[1885.779s][debug][gc,phases      ] GC(92)   VM Weak                        Min:  0.0, Avg:  0.0, Max:  0.0, Diff:  0.0, Sum:  0.0, Workers: 4
[1885.779s][debug][gc,phases      ] GC(92)     Dead                           Min: 0, Avg:  0.0, Max: 0, Diff: 0, Sum: 0, Workers: 4
[1885.779s][debug][gc,phases      ] GC(92)     Total                          Min: 0, Avg: 273.5, Max: 640, Diff: 640, Sum: 1094, Workers: 4
[1885.779s][debug][gc,phases      ] GC(92)   ObjectSynchronizer Weak        Min:  0.0, Avg:  0.0, Max:  0.0, Diff:  0.0, Sum:  0.0, Workers: 4
[1885.779s][debug][gc,phases      ] GC(92)     Dead                           Min: 0, Avg:  0.0, Max: 0, Diff: 0, Sum: 0, Workers: 4
[1885.779s][debug][gc,phases      ] GC(92)     Total                          Min: 0, Avg:  1.2, Max: 5, Diff: 5, Sum: 5, Workers: 4
[1885.779s][debug][gc,phases      ] GC(92)   JVMTI Tag Weak OopStorage      Min:  0.0, Avg:  0.0, Max:  0.0, Diff:  0.0, Sum:  0.0, Workers: 4
[1885.779s][debug][gc,phases      ] GC(92)     Dead                           Min: 0, Avg:  0.0, Max: 0, Diff: 0, Sum: 0, Workers: 4
[1885.779s][debug][gc,phases      ] GC(92)     Total                          Min: 0, Avg:  0.0, Max: 0, Diff: 0, Sum: 0, Workers: 4
[1885.779s][debug][gc,phases      ] GC(92)   StringTable Weak               Min:  0.0, Avg:  0.1, Max:  0.1, Diff:  0.1, Sum:  0.4, Workers: 4
[1885.779s][debug][gc,phases      ] GC(92)     Dead                           Min: 0, Avg:  0.0, Max: 0, Diff: 0, Sum: 0, Workers: 4
[1885.779s][debug][gc,phases      ] GC(92)     Total                          Min: 0, Avg: 11816.8, Max: 20352, Diff: 20352, Sum: 47267, Workers: 4
[1885.780s][debug][gc,phases      ] GC(92)   ResolvedMethodTable Weak       Min:  0.0, Avg:  0.0, Max:  0.0, Diff:  0.0, Sum:  0.1, Workers: 4
[1885.780s][debug][gc,phases      ] GC(92)     Dead                           Min: 0, Avg:  4.0, Max: 8, Diff: 8, Sum: 16, Workers: 4
[1885.780s][debug][gc,phases      ] GC(92)     Total                          Min: 0, Avg: 4042.5, Max: 6808, Diff: 6808, Sum: 16170, Workers: 4
[1885.780s][debug][gc,phases      ] GC(92)   JNI Weak                       Min:  0.0, Avg:  0.0, Max:  0.0, Diff:  0.0, Sum:  0.0, Workers: 4
[1885.780s][debug][gc,phases      ] GC(92)     Dead                           Min: 0, Avg:  0.0, Max: 0, Diff: 0, Sum: 0, Workers: 4
[1885.780s][debug][gc,phases      ] GC(92)     Total                          Min: 0, Avg: 13.0, Max: 52, Diff: 52, Sum: 52, Workers: 4
[1885.780s][debug][gc,phases      ] GC(92)   StringDedup Table Weak         Min:  0.0, Avg:  0.0, Max:  0.0, Diff:  0.0, Sum:  0.0, Workers: 4
[1885.780s][debug][gc,phases      ] GC(92)     Dead                           Min: 0, Avg:  0.0, Max: 0, Diff: 0, Sum: 0, Workers: 4
[1885.780s][debug][gc,phases      ] GC(92)     Total                          Min: 0, Avg:  0.0, Max: 0, Diff: 0, Sum: 0, Workers: 4
[1885.780s][debug][gc,phases      ] GC(92)   StringDedup Requests0 Weak     Min:  0.0, Avg:  0.0, Max:  0.0, Diff:  0.0, Sum:  0.0, Workers: 4
[1885.780s][debug][gc,phases      ] GC(92)     Dead                           Min: 0, Avg:  0.0, Max: 0, Diff: 0, Sum: 0, Workers: 4
[1885.780s][debug][gc,phases      ] GC(92)     Total                          Min: 0, Avg:  0.0, Max: 0, Diff: 0, Sum: 0, Workers: 4
[1885.780s][debug][gc,phases      ] GC(92)   StringDedup Requests1 Weak     Min:  0.0, Avg:  0.0, Max:  0.0, Diff:  0.0, Sum:  0.0, Workers: 4
[1885.780s][debug][gc,phases      ] GC(92)     Dead                           Min: 0, Avg:  0.0, Max: 0, Diff: 0, Sum: 0, Workers: 4
[1885.780s][debug][gc,phases      ] GC(92)     Total                          Min: 0, Avg:  0.0, Max: 0, Diff: 0, Sum: 0, Workers: 4
[1885.780s][debug][gc,phases      ] GC(92)   Weak JFR Old Object Samples    Min:  0.0, Avg:  0.0, Max:  0.0, Diff:  0.0, Sum:  0.0, Workers: 4
[1885.780s][debug][gc,phases      ] GC(92)     Dead                           Min: 0, Avg:  0.0, Max: 0, Diff: 0, Sum: 0, Workers: 4
[1885.780s][debug][gc,phases      ] GC(92)     Total                          Min: 0, Avg:  0.0, Max: 0, Diff: 0, Sum: 0, Workers: 4
[1885.780s][debug][gc,phases      ] GC(92) Weak Processing 0.353ms
[1885.780s][debug][gc,age         ] GC(92) Desired survivor size 51380224 bytes, new threshold 1 (max threshold 15)
[1885.780s][info ][gc,heap        ] GC(92) PSYoungGen: 2033624K(2033664K)->19264K(2046976K) Eden: 1997824K(1997824K)->0K(1995264K) From: 35800K(35840K)->19264K(51712K)
[1885.780s][info ][gc,heap        ] GC(92) ParOldGen: 709681K(1190912K)->744021K(1190912K)
[1885.780s][info ][gc,metaspace   ] GC(92) Metaspace: 109450K(110848K)->109450K(110848K) NonClass: 93047K(93824K)->93047K(93824K) Class: 16403K(17024K)->16403K(17024K)
[1885.780s][info ][gc             ] GC(92) Pause Young (Allocation Failure) 2679M->745M(3162M) 17.821ms
[1885.780s][info ][gc,cpu         ] GC(92) User=0.06s Sys=0.00s Real=0.01s
[1885.780s][info ][safepoint      ] Safepoint "ParallelGCFailedAllocation", Time since last: 3964796024 ns, Reaching safepoint: 5800 ns, Cleanup: 7300 ns, At safepoint: 17886017 ns, Total: 17899117 ns
[1887.780s][info ][safepoint      ] Safepoint "Cleanup", Time since last: 2000156423 ns, Reaching safepoint: 6400 ns, Cleanup: 11800 ns, At safepoint: 2800 ns, Total: 21000 ns
[1891.780s][info ][safepoint      ] Safepoint "Cleanup", Time since last: 4000331546 ns, Reaching safepoint: 6500 ns, Cleanup: 10800 ns, At safepoint: 3701 ns, Total: 21001 ns
[1901.781s][info ][safepoint      ] Safepoint "Cleanup", Time since last: 10000763543 ns, Reaching safepoint: 23800 ns, Cleanup: 9000 ns, At safepoint: 4600 ns, Total: 37400 ns
[1902.781s][info ][safepoint      ] Safepoint "Cleanup", Time since last: 1000108146 ns, Reaching safepoint: 5800 ns, Cleanup: 9901 ns, At safepoint: 2600 ns, Total: 18301 ns
[1904.781s][info ][safepoint      ] Safepoint "Cleanup", Time since last: 2000180392 ns, Reaching safepoint: 5700 ns, Cleanup: 9500 ns, At safepoint: 2900 ns, Total: 18100 ns
[1910.782s][info ][safepoint      ] Safepoint "Cleanup", Time since last: 6000462775 ns, Reaching safepoint: 5700 ns, Cleanup: 8700 ns, At safepoint: 2600 ns, Total: 17000 ns
[1911.782s][info ][safepoint      ] Safepoint "Cleanup", Time since last: 1000102712 ns, Reaching safepoint: 5700 ns, Cleanup: 10800 ns, At safepoint: 2400 ns, Total: 18900 ns
[1912.782s][info ][safepoint      ] Safepoint "Cleanup", Time since last: 1000129812 ns, Reaching safepoint: 7000 ns, Cleanup: 10500 ns, At safepoint: 2500 ns, Total: 20000 ns
[1915.466s][info ][gc,start       ] GC(93) Pause Young (Allocation Failure)
[1915.481s][debug][gc,phases      ] GC(93) Scavenge 14.656ms
[1915.481s][debug][gc,ref         ] GC(93) ReferenceProcessor::execute queues: 1, RefProcThreadModel::Single, marks_oops_alive: false
[1915.481s][debug][gc,ref         ] GC(93) Skipped KeepAliveFinalRefsPhase of Reference Processing: no references
[1915.481s][debug][gc,ref         ] GC(93) ReferenceProcessor::execute queues: 1, RefProcThreadModel::Single, marks_oops_alive: false
[1915.481s][debug][gc,phases      ] GC(93) Reference Processing 0.105ms
[1915.481s][debug][gc,phases      ] GC(93)   VM Weak                        Min:  0.0, Avg:  0.0, Max:  0.0, Diff:  0.0, Sum:  0.0, Workers: 4
[1915.481s][debug][gc,phases      ] GC(93)     Dead                           Min: 0, Avg:  0.0, Max: 0, Diff: 0, Sum: 0, Workers: 4
[1915.481s][debug][gc,phases      ] GC(93)     Total                          Min: 0, Avg: 273.5, Max: 896, Diff: 896, Sum: 1094, Workers: 4
[1915.481s][debug][gc,phases      ] GC(93)   ObjectSynchronizer Weak        Min:  0.0, Avg:  0.0, Max:  0.0, Diff:  0.0, Sum:  0.0, Workers: 4
[1915.481s][debug][gc,phases      ] GC(93)     Dead                           Min: 0, Avg:  0.0, Max: 0, Diff: 0, Sum: 0, Workers: 4
[1915.481s][debug][gc,phases      ] GC(93)     Total                          Min: 0, Avg:  1.5, Max: 6, Diff: 6, Sum: 6, Workers: 4
[1915.481s][debug][gc,phases      ] GC(93)   JVMTI Tag Weak OopStorage      Min:  0.0, Avg:  0.0, Max:  0.0, Diff:  0.0, Sum:  0.0, Workers: 4
[1915.481s][debug][gc,phases      ] GC(93)     Dead                           Min: 0, Avg:  0.0, Max: 0, Diff: 0, Sum: 0, Workers: 4
[1915.481s][debug][gc,phases      ] GC(93)     Total                          Min: 0, Avg:  0.0, Max: 0, Diff: 0, Sum: 0, Workers: 4
[1915.481s][debug][gc,phases      ] GC(93)   StringTable Weak               Min:  0.0, Avg:  0.1, Max:  0.1, Diff:  0.1, Sum:  0.4, Workers: 4
[1915.481s][debug][gc,phases      ] GC(93)     Dead                           Min: 0, Avg:  0.0, Max: 0, Diff: 0, Sum: 0, Workers: 4
[1915.481s][debug][gc,phases      ] GC(93)     Total                          Min: 0, Avg: 11817.2, Max: 20133, Diff: 20133, Sum: 47269, Workers: 4
[1915.481s][debug][gc,phases      ] GC(93)   ResolvedMethodTable Weak       Min:  0.0, Avg:  0.0, Max:  0.0, Diff:  0.0, Sum:  0.1, Workers: 4
[1915.481s][debug][gc,phases      ] GC(93)     Dead                           Min: 0, Avg:  4.0, Max: 11, Diff: 11, Sum: 16, Workers: 4
[1915.481s][debug][gc,phases      ] GC(93)     Total                          Min: 0, Avg: 4042.5, Max: 6874, Diff: 6874, Sum: 16170, Workers: 4
[1915.481s][debug][gc,phases      ] GC(93)   JNI Weak                       Min:  0.0, Avg:  0.0, Max:  0.0, Diff:  0.0, Sum:  0.0, Workers: 4
[1915.481s][debug][gc,phases      ] GC(93)     Dead                           Min: 0, Avg:  0.0, Max: 0, Diff: 0, Sum: 0, Workers: 4
[1915.481s][debug][gc,phases      ] GC(93)     Total                          Min: 0, Avg: 13.0, Max: 52, Diff: 52, Sum: 52, Workers: 4
[1915.481s][debug][gc,phases      ] GC(93)   StringDedup Table Weak         Min:  0.0, Avg:  0.0, Max:  0.0, Diff:  0.0, Sum:  0.0, Workers: 4
[1915.481s][debug][gc,phases      ] GC(93)     Dead                           Min: 0, Avg:  0.0, Max: 0, Diff: 0, Sum: 0, Workers: 4
[1915.481s][debug][gc,phases      ] GC(93)     Total                          Min: 0, Avg:  0.0, Max: 0, Diff: 0, Sum: 0, Workers: 4
[1915.481s][debug][gc,phases      ] GC(93)   StringDedup Requests0 Weak     Min:  0.0, Avg:  0.0, Max:  0.0, Diff:  0.0, Sum:  0.0, Workers: 4
[1915.481s][debug][gc,phases      ] GC(93)     Dead                           Min: 0, Avg:  0.0, Max: 0, Diff: 0, Sum: 0, Workers: 4
[1915.481s][debug][gc,phases      ] GC(93)     Total                          Min: 0, Avg:  0.0, Max: 0, Diff: 0, Sum: 0, Workers: 4
[1915.481s][debug][gc,phases      ] GC(93)   StringDedup Requests1 Weak     Min:  0.0, Avg:  0.0, Max:  0.0, Diff:  0.0, Sum:  0.0, Workers: 4
[1915.481s][debug][gc,phases      ] GC(93)     Dead                           Min: 0, Avg:  0.0, Max: 0, Diff: 0, Sum: 0, Workers: 4
[1915.481s][debug][gc,phases      ] GC(93)     Total                          Min: 0, Avg:  0.0, Max: 0, Diff: 0, Sum: 0, Workers: 4
[1915.481s][debug][gc,phases      ] GC(93)   Weak JFR Old Object Samples    Min:  0.0, Avg:  0.0, Max:  0.0, Diff:  0.0, Sum:  0.0, Workers: 4
[1915.481s][debug][gc,phases      ] GC(93)     Dead                           Min: 0, Avg:  0.0, Max: 0, Diff: 0, Sum: 0, Workers: 4
[1915.481s][debug][gc,phases      ] GC(93)     Total                          Min: 0, Avg:  0.0, Max: 0, Diff: 0, Sum: 0, Workers: 4
[1915.481s][debug][gc,phases      ] GC(93) Weak Processing 0.370ms
[1915.481s][debug][gc,age         ] GC(93) Desired survivor size 49283072 bytes, new threshold 1 (max threshold 15)
[1915.481s][info ][gc,heap        ] GC(93) PSYoungGen: 2014528K(2046976K)->26720K(2045440K) Eden: 1995264K(1995264K)->0K(1995264K) From: 19264K(51712K)->26720K(50176K)
[1915.481s][info ][gc,heap        ] GC(93) ParOldGen: 744021K(1190912K)->761247K(1190912K)
[1915.481s][info ][gc,metaspace   ] GC(93) Metaspace: 109459K(110848K)->109459K(110848K) NonClass: 93056K(93824K)->93056K(93824K) Class: 16403K(17024K)->16403K(17024K)
[1915.481s][info ][gc             ] GC(93) Pause Young (Allocation Failure) 2693M->769M(3160M) 15.247ms
[1915.482s][info ][gc,cpu         ] GC(93) User=0.06s Sys=0.00s Real=0.02s
[1915.482s][info ][safepoint      ] Safepoint "ParallelGCFailedAllocation", Time since last: 2684160924 ns, Reaching safepoint: 5600 ns, Cleanup: 3000 ns, At safepoint: 15313500 ns, Total: 15322100 ns
[1918.482s][info ][safepoint      ] Safepoint "Cleanup", Time since last: 3000228147 ns, Reaching safepoint: 6000 ns, Cleanup: 12100 ns, At safepoint: 2400 ns, Total: 20500 ns
[1922.813s][info ][safepoint      ] Safepoint "Cleanup", Time since last: 4331262261 ns, Reaching safepoint: 79001 ns, Cleanup: 14200 ns, At safepoint: 6300 ns, Total: 99501 ns
[1923.813s][info ][safepoint      ] Safepoint "Cleanup", Time since last: 1000110495 ns, Reaching safepoint: 79900 ns, Cleanup: 11200 ns, At safepoint: 8700 ns, Total: 99800 ns
[1925.814s][info ][safepoint      ] Safepoint "Cleanup", Time since last: 2000198745 ns, Reaching safepoint: 5000 ns, Cleanup: 8600 ns, At safepoint: 1900 ns, Total: 15500 ns
[1928.814s][info ][safepoint      ] Safepoint "Cleanup", Time since last: 3000235162 ns, Reaching safepoint: 5901 ns, Cleanup: 14000 ns, At safepoint: 2200 ns, Total: 22101 ns
[1930.814s][info ][safepoint      ] Safepoint "Cleanup", Time since last: 2000192808 ns, Reaching safepoint: 76101 ns, Cleanup: 11600 ns, At safepoint: 5600 ns, Total: 93301 ns
[1932.814s][info ][safepoint      ] Safepoint "Cleanup", Time since last: 2000171508 ns, Reaching safepoint: 5501 ns, Cleanup: 7200 ns, At safepoint: 2000 ns, Total: 14701 ns
[1933.814s][info ][safepoint      ] Safepoint "Cleanup", Time since last: 1000103756 ns, Reaching safepoint: 5500 ns, Cleanup: 8500 ns, At safepoint: 1900 ns, Total: 15900 ns
[1936.815s][info ][safepoint      ] Safepoint "Cleanup", Time since last: 3000229670 ns, Reaching safepoint: 4900 ns, Cleanup: 8900 ns, At safepoint: 2200 ns, Total: 16000 ns
[1939.815s][info ][safepoint      ] Safepoint "Cleanup", Time since last: 3000239070 ns, Reaching safepoint: 4900 ns, Cleanup: 7100 ns, At safepoint: 1900 ns, Total: 13900 ns
[1942.109s][info ][gc,start       ] GC(94) Pause Young (Allocation Failure)
[1942.127s][debug][gc,phases      ] GC(94) Scavenge 17.862ms
[1942.127s][debug][gc,ref         ] GC(94) ReferenceProcessor::execute queues: 1, RefProcThreadModel::Single, marks_oops_alive: false
[1942.127s][debug][gc,ref         ] GC(94) Skipped KeepAliveFinalRefsPhase of Reference Processing: no references
[1942.127s][debug][gc,ref         ] GC(94) Skipped PhantomRefsPhase of Reference Processing: no references
[1942.127s][debug][gc,phases      ] GC(94) Reference Processing 0.098ms
[1942.128s][debug][gc,phases      ] GC(94)   VM Weak                        Min:  0.0, Avg:  0.0, Max:  0.0, Diff:  0.0, Sum:  0.0, Workers: 4
[1942.128s][debug][gc,phases      ] GC(94)     Dead                           Min: 0, Avg:  0.0, Max: 0, Diff: 0, Sum: 0, Workers: 4
[1942.128s][debug][gc,phases      ] GC(94)     Total                          Min: 0, Avg: 273.5, Max: 896, Diff: 896, Sum: 1094, Workers: 4
[1942.128s][debug][gc,phases      ] GC(94)   ObjectSynchronizer Weak        Min:  0.0, Avg:  0.0, Max:  0.0, Diff:  0.0, Sum:  0.0, Workers: 4
[1942.128s][debug][gc,phases      ] GC(94)     Dead                           Min: 0, Avg:  0.0, Max: 0, Diff: 0, Sum: 0, Workers: 4
[1942.128s][debug][gc,phases      ] GC(94)     Total                          Min: 0, Avg:  1.0, Max: 4, Diff: 4, Sum: 4, Workers: 4
[1942.128s][debug][gc,phases      ] GC(94)   JVMTI Tag Weak OopStorage      Min:  0.0, Avg:  0.0, Max:  0.0, Diff:  0.0, Sum:  0.0, Workers: 4
[1942.128s][debug][gc,phases      ] GC(94)     Dead                           Min: 0, Avg:  0.0, Max: 0, Diff: 0, Sum: 0, Workers: 4
[1942.128s][debug][gc,phases      ] GC(94)     Total                          Min: 0, Avg:  0.0, Max: 0, Diff: 0, Sum: 0, Workers: 4
[1942.128s][debug][gc,phases      ] GC(94)   StringTable Weak               Min:  0.0, Avg:  0.1, Max:  0.1, Diff:  0.1, Sum:  0.4, Workers: 4
[1942.128s][debug][gc,phases      ] GC(94)     Dead                           Min: 0, Avg:  0.0, Max: 0, Diff: 0, Sum: 0, Workers: 4
[1942.128s][debug][gc,phases      ] GC(94)     Total                          Min: 0, Avg: 11817.8, Max: 20775, Diff: 20775, Sum: 47271, Workers: 4
[1942.128s][debug][gc,phases      ] GC(94)   ResolvedMethodTable Weak       Min:  0.0, Avg:  0.0, Max:  0.0, Diff:  0.0, Sum:  0.1, Workers: 4
[1942.128s][debug][gc,phases      ] GC(94)     Dead                           Min: 0, Avg:  4.0, Max: 9, Diff: 9, Sum: 16, Workers: 4
[1942.128s][debug][gc,phases      ] GC(94)     Total                          Min: 0, Avg: 4042.5, Max: 6988, Diff: 6988, Sum: 16170, Workers: 4
[1942.128s][debug][gc,phases      ] GC(94)   JNI Weak                       Min:  0.0, Avg:  0.0, Max:  0.0, Diff:  0.0, Sum:  0.0, Workers: 4
[1942.128s][debug][gc,phases      ] GC(94)     Dead                           Min: 0, Avg:  0.0, Max: 0, Diff: 0, Sum: 0, Workers: 4
[1942.128s][debug][gc,phases      ] GC(94)     Total                          Min: 0, Avg: 13.0, Max: 52, Diff: 52, Sum: 52, Workers: 4
[1942.128s][debug][gc,phases      ] GC(94)   StringDedup Table Weak         Min:  0.0, Avg:  0.0, Max:  0.0, Diff:  0.0, Sum:  0.0, Workers: 4
[1942.128s][debug][gc,phases      ] GC(94)     Dead                           Min: 0, Avg:  0.0, Max: 0, Diff: 0, Sum: 0, Workers: 4
[1942.128s][debug][gc,phases      ] GC(94)     Total                          Min: 0, Avg:  0.0, Max: 0, Diff: 0, Sum: 0, Workers: 4
[1942.128s][debug][gc,phases      ] GC(94)   StringDedup Requests0 Weak     Min:  0.0, Avg:  0.0, Max:  0.0, Diff:  0.0, Sum:  0.0, Workers: 4
[1942.128s][debug][gc,phases      ] GC(94)     Dead                           Min: 0, Avg:  0.0, Max: 0, Diff: 0, Sum: 0, Workers: 4
[1942.128s][debug][gc,phases      ] GC(94)     Total                          Min: 0, Avg:  0.0, Max: 0, Diff: 0, Sum: 0, Workers: 4
[1942.128s][debug][gc,phases      ] GC(94)   StringDedup Requests1 Weak     Min:  0.0, Avg:  0.0, Max:  0.0, Diff:  0.0, Sum:  0.0, Workers: 4
[1942.128s][debug][gc,phases      ] GC(94)     Dead                           Min: 0, Avg:  0.0, Max: 0, Diff: 0, Sum: 0, Workers: 4
[1942.128s][debug][gc,phases      ] GC(94)     Total                          Min: 0, Avg:  0.0, Max: 0, Diff: 0, Sum: 0, Workers: 4
[1942.128s][debug][gc,phases      ] GC(94)   Weak JFR Old Object Samples    Min:  0.0, Avg:  0.0, Max:  0.0, Diff:  0.0, Sum:  0.0, Workers: 4
[1942.128s][debug][gc,phases      ] GC(94)     Dead                           Min: 0, Avg:  0.0, Max: 0, Diff: 0, Sum: 0, Workers: 4
[1942.128s][debug][gc,phases      ] GC(94)     Total                          Min: 0, Avg:  0.0, Max: 0, Diff: 0, Sum: 0, Workers: 4
[1942.128s][debug][gc,phases      ] GC(94) Weak Processing 0.400ms
[1942.128s][debug][gc,age         ] GC(94) Desired survivor size 47710208 bytes, new threshold 1 (max threshold 15)
[1942.128s][info ][gc,heap        ] GC(94) PSYoungGen: 2021984K(2045440K)->27392K(2050560K) Eden: 1995264K(1995264K)->0K(2002432K) From: 26720K(50176K)->27392K(48128K)
[1942.128s][info ][gc,heap        ] GC(94) ParOldGen: 761247K(1190912K)->784771K(1190912K)
[1942.128s][info ][gc,metaspace   ] GC(94) Metaspace: 109478K(110912K)->109478K(110912K) NonClass: 93075K(93888K)->93075K(93888K) Class: 16403K(17024K)->16403K(17024K)
[1942.128s][info ][gc             ] GC(94) Pause Young (Allocation Failure) 2717M->793M(3165M) 18.475ms
[1942.128s][info ][gc,cpu         ] GC(94) User=0.06s Sys=0.00s Real=0.02s
[1942.128s][info ][safepoint      ] Safepoint "ParallelGCFailedAllocation", Time since last: 2294393137 ns, Reaching safepoint: 86400 ns, Cleanup: 3701 ns, At safepoint: 18551221 ns, Total: 18641322 ns
[1943.128s][info ][safepoint      ] Safepoint "Cleanup", Time since last: 1000087853 ns, Reaching safepoint: 5500 ns, Cleanup: 8400 ns, At safepoint: 2400 ns, Total: 16300 ns
[1945.128s][info ][safepoint      ] Safepoint "Cleanup", Time since last: 2000178006 ns, Reaching safepoint: 5100 ns, Cleanup: 7400 ns, At safepoint: 2100 ns, Total: 14600 ns
[1947.128s][info ][safepoint      ] Safepoint "Cleanup", Time since last: 2000172306 ns, Reaching safepoint: 5801 ns, Cleanup: 10800 ns, At safepoint: 2400 ns, Total: 19001 ns
[1957.129s][info ][safepoint      ] Safepoint "Cleanup", Time since last: 10000731265 ns, Reaching safepoint: 5101 ns, Cleanup: 10000 ns, At safepoint: 2200 ns, Total: 17301 ns
[1964.781s][info ][gc,start       ] GC(95) Pause Young (Allocation Failure)
[1964.797s][debug][gc,phases      ] GC(95) Scavenge 16.179ms
[1964.797s][debug][gc,ref         ] GC(95) ReferenceProcessor::execute queues: 1, RefProcThreadModel::Single, marks_oops_alive: false
[1964.797s][debug][gc,ref         ] GC(95) Skipped KeepAliveFinalRefsPhase of Reference Processing: no references
[1964.797s][debug][gc,ref         ] GC(95) Skipped PhantomRefsPhase of Reference Processing: no references
[1964.797s][debug][gc,phases      ] GC(95) Reference Processing 0.093ms
[1964.798s][debug][gc,phases      ] GC(95)   VM Weak                        Min:  0.0, Avg:  0.0, Max:  0.0, Diff:  0.0, Sum:  0.0, Workers: 4
[1964.798s][debug][gc,phases      ] GC(95)     Dead                           Min: 0, Avg:  0.0, Max: 0, Diff: 0, Sum: 0, Workers: 4
[1964.798s][debug][gc,phases      ] GC(95)     Total                          Min: 0, Avg: 273.5, Max: 960, Diff: 960, Sum: 1094, Workers: 4
[1964.798s][debug][gc,phases      ] GC(95)   ObjectSynchronizer Weak        Min:  0.0, Avg:  0.0, Max:  0.0, Diff:  0.0, Sum:  0.0, Workers: 4
[1964.798s][debug][gc,phases      ] GC(95)     Dead                           Min: 0, Avg:  0.0, Max: 0, Diff: 0, Sum: 0, Workers: 4
[1964.798s][debug][gc,phases      ] GC(95)     Total                          Min: 0, Avg:  1.0, Max: 4, Diff: 4, Sum: 4, Workers: 4
[1964.798s][debug][gc,phases      ] GC(95)   JVMTI Tag Weak OopStorage      Min:  0.0, Avg:  0.0, Max:  0.0, Diff:  0.0, Sum:  0.0, Workers: 4
[1964.798s][debug][gc,phases      ] GC(95)     Dead                           Min: 0, Avg:  0.0, Max: 0, Diff: 0, Sum: 0, Workers: 4
[1964.798s][debug][gc,phases      ] GC(95)     Total                          Min: 0, Avg:  0.0, Max: 0, Diff: 0, Sum: 0, Workers: 4
[1964.798s][debug][gc,phases      ] GC(95)   StringTable Weak               Min:  0.0, Avg:  0.1, Max:  0.1, Diff:  0.1, Sum:  0.4, Workers: 4
[1964.798s][debug][gc,phases      ] GC(95)     Dead                           Min: 0, Avg:  0.0, Max: 0, Diff: 0, Sum: 0, Workers: 4
[1964.798s][debug][gc,phases      ] GC(95)     Total                          Min: 0, Avg: 11818.0, Max: 20416, Diff: 20416, Sum: 47272, Workers: 4
[1964.798s][debug][gc,phases      ] GC(95)   ResolvedMethodTable Weak       Min:  0.0, Avg:  0.0, Max:  0.0, Diff:  0.0, Sum:  0.1, Workers: 4
[1964.798s][debug][gc,phases      ] GC(95)     Dead                           Min: 0, Avg:  4.0, Max: 12, Diff: 12, Sum: 16, Workers: 4
[1964.798s][debug][gc,phases      ] GC(95)     Total                          Min: 0, Avg: 4042.5, Max: 6941, Diff: 6941, Sum: 16170, Workers: 4
[1964.798s][debug][gc,phases      ] GC(95)   JNI Weak                       Min:  0.0, Avg:  0.0, Max:  0.0, Diff:  0.0, Sum:  0.0, Workers: 4
[1964.798s][debug][gc,phases      ] GC(95)     Dead                           Min: 0, Avg:  0.0, Max: 0, Diff: 0, Sum: 0, Workers: 4
[1964.798s][debug][gc,phases      ] GC(95)     Total                          Min: 0, Avg: 13.0, Max: 52, Diff: 52, Sum: 52, Workers: 4
[1964.798s][debug][gc,phases      ] GC(95)   StringDedup Table Weak         Min:  0.0, Avg:  0.0, Max:  0.0, Diff:  0.0, Sum:  0.0, Workers: 4
[1964.798s][debug][gc,phases      ] GC(95)     Dead                           Min: 0, Avg:  0.0, Max: 0, Diff: 0, Sum: 0, Workers: 4
[1964.798s][debug][gc,phases      ] GC(95)     Total                          Min: 0, Avg:  0.0, Max: 0, Diff: 0, Sum: 0, Workers: 4
[1964.798s][debug][gc,phases      ] GC(95)   StringDedup Requests0 Weak     Min:  0.0, Avg:  0.0, Max:  0.0, Diff:  0.0, Sum:  0.0, Workers: 4
[1964.798s][debug][gc,phases      ] GC(95)     Dead                           Min: 0, Avg:  0.0, Max: 0, Diff: 0, Sum: 0, Workers: 4
[1964.798s][debug][gc,phases      ] GC(95)     Total                          Min: 0, Avg:  0.0, Max: 0, Diff: 0, Sum: 0, Workers: 4
[1964.798s][debug][gc,phases      ] GC(95)   StringDedup Requests1 Weak     Min:  0.0, Avg:  0.0, Max:  0.0, Diff:  0.0, Sum:  0.0, Workers: 4
[1964.798s][debug][gc,phases      ] GC(95)     Dead                           Min: 0, Avg:  0.0, Max: 0, Diff: 0, Sum: 0, Workers: 4
[1964.798s][debug][gc,phases      ] GC(95)     Total                          Min: 0, Avg:  0.0, Max: 0, Diff: 0, Sum: 0, Workers: 4
[1964.798s][debug][gc,phases      ] GC(95)   Weak JFR Old Object Samples    Min:  0.0, Avg:  0.0, Max:  0.0, Diff:  0.0, Sum:  0.0, Workers: 4
[1964.798s][debug][gc,phases      ] GC(95)     Dead                           Min: 0, Avg:  0.0, Max: 0, Diff: 0, Sum: 0, Workers: 4
[1964.798s][debug][gc,phases      ] GC(95)     Total                          Min: 0, Avg:  0.0, Max: 0, Diff: 0, Sum: 0, Workers: 4
[1964.798s][debug][gc,phases      ] GC(95) Weak Processing 0.362ms
[1964.798s][debug][gc,age         ] GC(95) Desired survivor size 47185920 bytes, new threshold 1 (max threshold 15)
[1964.798s][info ][gc,heap        ] GC(95) PSYoungGen: 2029824K(2050560K)->28775K(2049024K) Eden: 2002432K(2002432K)->0K(2002432K) From: 27392K(48128K)->28775K(46592K)
[1964.798s][info ][gc,heap        ] GC(95) ParOldGen: 784771K(1190912K)->807854K(1190912K)
[1964.798s][info ][gc,metaspace   ] GC(95) Metaspace: 109482K(110912K)->109482K(110912K) NonClass: 93079K(93888K)->93079K(93888K) Class: 16403K(17024K)->16403K(17024K)
[1964.798s][info ][gc             ] GC(95) Pause Young (Allocation Failure) 2748M->817M(3164M) 16.756ms
[1964.798s][info ][gc,cpu         ] GC(95) User=0.06s Sys=0.00s Real=0.01s
[1964.798s][info ][safepoint      ] Safepoint "ParallelGCFailedAllocation", Time since last: 7651832779 ns, Reaching safepoint: 5400 ns, Cleanup: 3501 ns, At safepoint: 16852708 ns, Total: 16861609 ns
[1969.798s][info ][safepoint      ] Safepoint "Cleanup", Time since last: 5000352861 ns, Reaching safepoint: 5400 ns, Cleanup: 8400 ns, At safepoint: 2100 ns, Total: 15900 ns
[1983.833s][info ][safepoint      ] Safepoint "Cleanup", Time since last: 14034615898 ns, Reaching safepoint: 6200 ns, Cleanup: 9700 ns, At safepoint: 2900 ns, Total: 18800 ns
[1984.833s][info ][safepoint      ] Safepoint "Cleanup", Time since last: 1000104226 ns, Reaching safepoint: 5900 ns, Cleanup: 8500 ns, At safepoint: 2500 ns, Total: 16900 ns
[1986.833s][info ][safepoint      ] Safepoint "Cleanup", Time since last: 2000168052 ns, Reaching safepoint: 5600 ns, Cleanup: 13300 ns, At safepoint: 2600 ns, Total: 21500 ns
[1987.833s][info ][safepoint      ] Safepoint "Cleanup", Time since last: 1000105826 ns, Reaching safepoint: 6300 ns, Cleanup: 11600 ns, At safepoint: 2500 ns, Total: 20400 ns
[1988.833s][info ][safepoint      ] Safepoint "Cleanup", Time since last: 1000104621 ns, Reaching safepoint: 5100 ns, Cleanup: 13600 ns, At safepoint: 2500 ns, Total: 21200 ns
[1989.834s][info ][safepoint      ] Safepoint "Cleanup", Time since last: 1000098032 ns, Reaching safepoint: 5900 ns, Cleanup: 8400 ns, At safepoint: 2100 ns, Total: 16400 ns
[1993.834s][info ][safepoint      ] Safepoint "Cleanup", Time since last: 4000335829 ns, Reaching safepoint: 5400 ns, Cleanup: 19500 ns, At safepoint: 34000 ns, Total: 58900 ns
[1994.834s][info ][safepoint      ] Safepoint "Cleanup", Time since last: 1000100233 ns, Reaching safepoint: 5200 ns, Cleanup: 8400 ns, At safepoint: 2100 ns, Total: 15700 ns
[1996.834s][info ][safepoint      ] Safepoint "Cleanup", Time since last: 2000164267 ns, Reaching safepoint: 6000 ns, Cleanup: 24000 ns, At safepoint: 2800 ns, Total: 32800 ns
[1997.834s][info ][safepoint      ] Safepoint "Cleanup", Time since last: 1000106800 ns, Reaching safepoint: 6801 ns, Cleanup: 10700 ns, At safepoint: 3100 ns, Total: 20601 ns
[1998.835s][info ][safepoint      ] Safepoint "Cleanup", Time since last: 1000099800 ns, Reaching safepoint: 6500 ns, Cleanup: 15200 ns, At safepoint: 2700 ns, Total: 24400 ns
[2000.835s][info ][safepoint      ] Safepoint "Cleanup", Time since last: 2000143900 ns, Reaching safepoint: 5300 ns, Cleanup: 9700 ns, At safepoint: 2500 ns, Total: 17500 ns
[2001.835s][info ][safepoint      ] Safepoint "Cleanup", Time since last: 1000120800 ns, Reaching safepoint: 6200 ns, Cleanup: 10800 ns, At safepoint: 2800 ns, Total: 19800 ns
[2005.314s][info ][gc,start       ] GC(96) Pause Young (Allocation Failure)
[2005.331s][debug][gc,phases      ] GC(96) Scavenge 16.898ms
[2005.331s][debug][gc,ref         ] GC(96) ReferenceProcessor::execute queues: 1, RefProcThreadModel::Single, marks_oops_alive: false
[2005.331s][debug][gc,ref         ] GC(96) Skipped KeepAliveFinalRefsPhase of Reference Processing: no references
[2005.331s][debug][gc,ref         ] GC(96) Skipped PhantomRefsPhase of Reference Processing: no references
[2005.331s][debug][gc,phases      ] GC(96) Reference Processing 0.107ms
[2005.331s][debug][gc,phases      ] GC(96)   VM Weak                        Min:  0.0, Avg:  0.0, Max:  0.0, Diff:  0.0, Sum:  0.0, Workers: 4
[2005.331s][debug][gc,phases      ] GC(96)     Dead                           Min: 0, Avg:  0.0, Max: 0, Diff: 0, Sum: 0, Workers: 4
[2005.331s][debug][gc,phases      ] GC(96)     Total                          Min: 0, Avg: 273.5, Max: 896, Diff: 896, Sum: 1094, Workers: 4
[2005.331s][debug][gc,phases      ] GC(96)   ObjectSynchronizer Weak        Min:  0.0, Avg:  0.0, Max:  0.0, Diff:  0.0, Sum:  0.0, Workers: 4
[2005.331s][debug][gc,phases      ] GC(96)     Dead                           Min: 0, Avg:  0.0, Max: 0, Diff: 0, Sum: 0, Workers: 4
[2005.331s][debug][gc,phases      ] GC(96)     Total                          Min: 0, Avg:  1.0, Max: 4, Diff: 4, Sum: 4, Workers: 4
[2005.331s][debug][gc,phases      ] GC(96)   JVMTI Tag Weak OopStorage      Min:  0.0, Avg:  0.0, Max:  0.0, Diff:  0.0, Sum:  0.0, Workers: 4
[2005.331s][debug][gc,phases      ] GC(96)     Dead                           Min: 0, Avg:  0.0, Max: 0, Diff: 0, Sum: 0, Workers: 4
[2005.331s][debug][gc,phases      ] GC(96)     Total                          Min: 0, Avg:  0.0, Max: 0, Diff: 0, Sum: 0, Workers: 4
[2005.331s][debug][gc,phases      ] GC(96)   StringTable Weak               Min:  0.0, Avg:  0.1, Max:  0.2, Diff:  0.2, Sum:  0.5, Workers: 4
[2005.331s][debug][gc,phases      ] GC(96)     Dead                           Min: 0, Avg:  0.0, Max: 0, Diff: 0, Sum: 0, Workers: 4
[2005.331s][debug][gc,phases      ] GC(96)     Total                          Min: 424, Avg: 11818.0, Max: 19328, Diff: 18904, Sum: 47272, Workers: 4
[2005.331s][debug][gc,phases      ] GC(96)   ResolvedMethodTable Weak       Min:  0.0, Avg:  0.0, Max:  0.0, Diff:  0.0, Sum:  0.2, Workers: 4
[2005.331s][debug][gc,phases      ] GC(96)     Dead                           Min: 0, Avg:  4.0, Max: 16, Diff: 16, Sum: 16, Workers: 4
[2005.331s][debug][gc,phases      ] GC(96)     Total                          Min: 3850, Avg: 4042.5, Max: 4380, Diff: 530, Sum: 16170, Workers: 4
[2005.331s][debug][gc,phases      ] GC(96)   JNI Weak                       Min:  0.0, Avg:  0.0, Max:  0.0, Diff:  0.0, Sum:  0.0, Workers: 4
[2005.331s][debug][gc,phases      ] GC(96)     Dead                           Min: 0, Avg:  0.0, Max: 0, Diff: 0, Sum: 0, Workers: 4
[2005.331s][debug][gc,phases      ] GC(96)     Total                          Min: 0, Avg: 13.0, Max: 52, Diff: 52, Sum: 52, Workers: 4
[2005.331s][debug][gc,phases      ] GC(96)   StringDedup Table Weak         Min:  0.0, Avg:  0.0, Max:  0.0, Diff:  0.0, Sum:  0.0, Workers: 4
[2005.331s][debug][gc,phases      ] GC(96)     Dead                           Min: 0, Avg:  0.0, Max: 0, Diff: 0, Sum: 0, Workers: 4
[2005.331s][debug][gc,phases      ] GC(96)     Total                          Min: 0, Avg:  0.0, Max: 0, Diff: 0, Sum: 0, Workers: 4
[2005.331s][debug][gc,phases      ] GC(96)   StringDedup Requests0 Weak     Min:  0.0, Avg:  0.0, Max:  0.0, Diff:  0.0, Sum:  0.0, Workers: 4
[2005.331s][debug][gc,phases      ] GC(96)     Dead                           Min: 0, Avg:  0.0, Max: 0, Diff: 0, Sum: 0, Workers: 4
[2005.331s][debug][gc,phases      ] GC(96)     Total                          Min: 0, Avg:  0.0, Max: 0, Diff: 0, Sum: 0, Workers: 4
[2005.331s][debug][gc,phases      ] GC(96)   StringDedup Requests1 Weak     Min:  0.0, Avg:  0.0, Max:  0.0, Diff:  0.0, Sum:  0.0, Workers: 4
[2005.331s][debug][gc,phases      ] GC(96)     Dead                           Min: 0, Avg:  0.0, Max: 0, Diff: 0, Sum: 0, Workers: 4
[2005.331s][debug][gc,phases      ] GC(96)     Total                          Min: 0, Avg:  0.0, Max: 0, Diff: 0, Sum: 0, Workers: 4
[2005.331s][debug][gc,phases      ] GC(96)   Weak JFR Old Object Samples    Min:  0.0, Avg:  0.0, Max:  0.0, Diff:  0.0, Sum:  0.0, Workers: 4
[2005.331s][debug][gc,phases      ] GC(96)     Dead                           Min: 0, Avg:  0.0, Max: 0, Diff: 0, Sum: 0, Workers: 4
[2005.331s][debug][gc,phases      ] GC(96)     Total                          Min: 0, Avg:  0.0, Max: 0, Diff: 0, Sum: 0, Workers: 4
[2005.331s][debug][gc,phases      ] GC(96) Weak Processing 0.412ms
[2005.331s][debug][gc,age         ] GC(96) Desired survivor size 45613056 bytes, new threshold 1 (max threshold 15)
[2005.331s][info ][gc,heap        ] GC(96) PSYoungGen: 2031207K(2049024K)->21472K(2052608K) Eden: 2002432K(2002432K)->0K(2006528K) From: 28775K(46592K)->21472K(46080K)
[2005.331s][info ][gc,heap        ] GC(96) ParOldGen: 807854K(1190912K)->834162K(1190912K)
[2005.331s][info ][gc,metaspace   ] GC(96) Metaspace: 109491K(110912K)->109491K(110912K) NonClass: 93088K(93888K)->93088K(93888K) Class: 16403K(17024K)->16403K(17024K)
[2005.331s][info ][gc             ] GC(96) Pause Young (Allocation Failure) 2772M->835M(3167M) 17.546ms
[2005.331s][info ][gc,cpu         ] GC(96) User=0.06s Sys=0.00s Real=0.02s
[2005.331s][info ][safepoint      ] Safepoint "ParallelGCFailedAllocation", Time since last: 3478647013 ns, Reaching safepoint: 77800 ns, Cleanup: 3900 ns, At safepoint: 17614598 ns, Total: 17696298 ns
[2016.332s][info ][safepoint      ] Safepoint "Cleanup", Time since last: 11000774476 ns, Reaching safepoint: 5700 ns, Cleanup: 9800 ns, At safepoint: 2100 ns, Total: 17600 ns
[2017.332s][info ][safepoint      ] Safepoint "Cleanup", Time since last: 1000104001 ns, Reaching safepoint: 6200 ns, Cleanup: 9300 ns, At safepoint: 2600 ns, Total: 18100 ns
[2018.332s][info ][safepoint      ] Safepoint "Cleanup", Time since last: 1000108001 ns, Reaching safepoint: 5100 ns, Cleanup: 8300 ns, At safepoint: 2300 ns, Total: 15700 ns
[2032.333s][info ][safepoint      ] Safepoint "Cleanup", Time since last: 14000972995 ns, Reaching safepoint: 6500 ns, Cleanup: 11400 ns, At safepoint: 21601 ns, Total: 39501 ns
[2034.333s][info ][safepoint      ] Safepoint "Cleanup", Time since last: 2000180370 ns, Reaching safepoint: 5100 ns, Cleanup: 9200 ns, At safepoint: 2400 ns, Total: 16700 ns
[2056.850s][info ][safepoint      ] Safepoint "Cleanup", Time since last: 22517043682 ns, Reaching safepoint: 5200 ns, Cleanup: 9300 ns, At safepoint: 2200 ns, Total: 16700 ns
[2063.851s][info ][safepoint      ] Safepoint "Cleanup", Time since last: 7000572598 ns, Reaching safepoint: 5500 ns, Cleanup: 7301 ns, At safepoint: 2700 ns, Total: 15501 ns
[2064.851s][info ][safepoint      ] Safepoint "Cleanup", Time since last: 1000102516 ns, Reaching safepoint: 5200 ns, Cleanup: 12200 ns, At safepoint: 2400 ns, Total: 19800 ns
[2071.852s][info ][safepoint      ] Safepoint "Cleanup", Time since last: 7000545223 ns, Reaching safepoint: 4600 ns, Cleanup: 7600 ns, At safepoint: 1900 ns, Total: 14100 ns
[2074.311s][info ][gc,start       ] GC(97) Pause Young (Allocation Failure)
[2074.319s][debug][gc,phases      ] GC(97) Scavenge 8.545ms
[2074.319s][debug][gc,ref         ] GC(97) ReferenceProcessor::execute queues: 1, RefProcThreadModel::Single, marks_oops_alive: false
[2074.319s][debug][gc,ref         ] GC(97) Skipped KeepAliveFinalRefsPhase of Reference Processing: no references
[2074.319s][debug][gc,ref         ] GC(97) ReferenceProcessor::execute queues: 1, RefProcThreadModel::Single, marks_oops_alive: false
[2074.319s][debug][gc,phases      ] GC(97) Reference Processing 0.136ms
[2074.320s][debug][gc,phases      ] GC(97)   VM Weak                        Min:  0.0, Avg:  0.0, Max:  0.0, Diff:  0.0, Sum:  0.0, Workers: 4
[2074.320s][debug][gc,phases      ] GC(97)     Dead                           Min: 0, Avg:  0.0, Max: 0, Diff: 0, Sum: 0, Workers: 4
[2074.320s][debug][gc,phases      ] GC(97)     Total                          Min: 0, Avg: 273.5, Max: 704, Diff: 704, Sum: 1094, Workers: 4
[2074.320s][debug][gc,phases      ] GC(97)   ObjectSynchronizer Weak        Min:  0.0, Avg:  0.0, Max:  0.0, Diff:  0.0, Sum:  0.0, Workers: 4
[2074.320s][debug][gc,phases      ] GC(97)     Dead                           Min: 0, Avg:  0.0, Max: 0, Diff: 0, Sum: 0, Workers: 4
[2074.320s][debug][gc,phases      ] GC(97)     Total                          Min: 0, Avg:  0.8, Max: 3, Diff: 3, Sum: 3, Workers: 4
[2074.320s][debug][gc,phases      ] GC(97)   JVMTI Tag Weak OopStorage      Min:  0.0, Avg:  0.0, Max:  0.0, Diff:  0.0, Sum:  0.0, Workers: 4
[2074.320s][debug][gc,phases      ] GC(97)     Dead                           Min: 0, Avg:  0.0, Max: 0, Diff: 0, Sum: 0, Workers: 4
[2074.320s][debug][gc,phases      ] GC(97)     Total                          Min: 0, Avg:  0.0, Max: 0, Diff: 0, Sum: 0, Workers: 4
[2074.320s][debug][gc,phases      ] GC(97)   StringTable Weak               Min:  0.0, Avg:  0.1, Max:  0.1, Diff:  0.1, Sum:  0.4, Workers: 4
[2074.320s][debug][gc,phases      ] GC(97)     Dead                           Min: 0, Avg:  0.2, Max: 1, Diff: 1, Sum: 1, Workers: 4
[2074.320s][debug][gc,phases      ] GC(97)     Total                          Min: 0, Avg: 11818.5, Max: 16000, Diff: 16000, Sum: 47274, Workers: 4
[2074.320s][debug][gc,phases      ] GC(97)   ResolvedMethodTable Weak       Min:  0.0, Avg:  0.0, Max:  0.1, Diff:  0.1, Sum:  0.2, Workers: 4
[2074.320s][debug][gc,phases      ] GC(97)     Dead                           Min: 0, Avg:  4.0, Max: 13, Diff: 13, Sum: 16, Workers: 4
[2074.320s][debug][gc,phases      ] GC(97)     Total                          Min: 0, Avg: 4043.0, Max: 5739, Diff: 5739, Sum: 16172, Workers: 4
[2074.320s][debug][gc,phases      ] GC(97)   JNI Weak                       Min:  0.0, Avg:  0.0, Max:  0.0, Diff:  0.0, Sum:  0.0, Workers: 4
[2074.320s][debug][gc,phases      ] GC(97)     Dead                           Min: 0, Avg:  0.0, Max: 0, Diff: 0, Sum: 0, Workers: 4
[2074.320s][debug][gc,phases      ] GC(97)     Total                          Min: 0, Avg: 13.0, Max: 52, Diff: 52, Sum: 52, Workers: 4
[2074.320s][debug][gc,phases      ] GC(97)   StringDedup Table Weak         Min:  0.0, Avg:  0.0, Max:  0.0, Diff:  0.0, Sum:  0.0, Workers: 4
[2074.320s][debug][gc,phases      ] GC(97)     Dead                           Min: 0, Avg:  0.0, Max: 0, Diff: 0, Sum: 0, Workers: 4
[2074.320s][debug][gc,phases      ] GC(97)     Total                          Min: 0, Avg:  0.0, Max: 0, Diff: 0, Sum: 0, Workers: 4
[2074.320s][debug][gc,phases      ] GC(97)   StringDedup Requests0 Weak     Min:  0.0, Avg:  0.0, Max:  0.0, Diff:  0.0, Sum:  0.0, Workers: 4
[2074.320s][debug][gc,phases      ] GC(97)     Dead                           Min: 0, Avg:  0.0, Max: 0, Diff: 0, Sum: 0, Workers: 4
[2074.320s][debug][gc,phases      ] GC(97)     Total                          Min: 0, Avg:  0.0, Max: 0, Diff: 0, Sum: 0, Workers: 4
[2074.320s][debug][gc,phases      ] GC(97)   StringDedup Requests1 Weak     Min:  0.0, Avg:  0.0, Max:  0.0, Diff:  0.0, Sum:  0.0, Workers: 4
[2074.320s][debug][gc,phases      ] GC(97)     Dead                           Min: 0, Avg:  0.0, Max: 0, Diff: 0, Sum: 0, Workers: 4
[2074.320s][debug][gc,phases      ] GC(97)     Total                          Min: 0, Avg:  0.0, Max: 0, Diff: 0, Sum: 0, Workers: 4
[2074.320s][debug][gc,phases      ] GC(97)   Weak JFR Old Object Samples    Min:  0.0, Avg:  0.0, Max:  0.0, Diff:  0.0, Sum:  0.0, Workers: 4
[2074.320s][debug][gc,phases      ] GC(97)     Dead                           Min: 0, Avg:  0.0, Max: 0, Diff: 0, Sum: 0, Workers: 4
[2074.320s][debug][gc,phases      ] GC(97)     Total                          Min: 0, Avg:  0.0, Max: 0, Diff: 0, Sum: 0, Workers: 4
[2074.320s][debug][gc,phases      ] GC(97) Weak Processing 0.491ms
[2074.320s][debug][gc,age         ] GC(97) Desired survivor size 47710208 bytes, new threshold 1 (max threshold 15)
[2074.320s][info ][gc,heap        ] GC(97) PSYoungGen: 2028000K(2052608K)->2848K(2009600K) Eden: 2006528K(2006528K)->0K(2006528K) From: 21472K(46080K)->2848K(3072K)
[2074.320s][info ][gc,heap        ] GC(97) ParOldGen: 834162K(1190912K)->854425K(1190912K)
[2074.320s][info ][gc,metaspace   ] GC(97) Metaspace: 109498K(110912K)->109498K(110912K) NonClass: 93094K(93888K)->93094K(93888K) Class: 16403K(17024K)->16403K(17024K)
[2074.320s][info ][gc             ] GC(97) Pause Young (Allocation Failure) 2795M->837M(3125M) 9.330ms
[2074.320s][info ][gc,cpu         ] GC(97) User=0.03s Sys=0.00s Real=0.01s
[2074.320s][info ][safepoint      ] Safepoint "ParallelGCFailedAllocation", Time since last: 2458855565 ns, Reaching safepoint: 79201 ns, Cleanup: 3700 ns, At safepoint: 9410760 ns, Total: 9493661 ns
[2081.321s][info ][safepoint      ] Safepoint "Cleanup", Time since last: 7000524425 ns, Reaching safepoint: 5000 ns, Cleanup: 16900 ns, At safepoint: 2300 ns, Total: 24200 ns
[2086.321s][info ][safepoint      ] Safepoint "Cleanup", Time since last: 5000401293 ns, Reaching safepoint: 4800 ns, Cleanup: 10701 ns, At safepoint: 18200 ns, Total: 33701 ns
[2088.321s][info ][safepoint      ] Safepoint "Cleanup", Time since last: 2000168055 ns, Reaching safepoint: 5500 ns, Cleanup: 11500 ns, At safepoint: 2700 ns, Total: 19700 ns
[2092.322s][info ][safepoint      ] Safepoint "Cleanup", Time since last: 4000317411 ns, Reaching safepoint: 5500 ns, Cleanup: 11100 ns, At safepoint: 2500 ns, Total: 19100 ns
[2096.322s][info ][safepoint      ] Safepoint "Cleanup", Time since last: 4000318783 ns, Reaching safepoint: 5100 ns, Cleanup: 10400 ns, At safepoint: 2400 ns, Total: 17900 ns
[2103.868s][info ][safepoint      ] Safepoint "Cleanup", Time since last: 7545833442 ns, Reaching safepoint: 6300 ns, Cleanup: 11900 ns, At safepoint: 3000 ns, Total: 21200 ns
[2104.868s][info ][safepoint      ] Safepoint "Cleanup", Time since last: 1000131832 ns, Reaching safepoint: 6400 ns, Cleanup: 13700 ns, At safepoint: 3000 ns, Total: 23100 ns
[2106.868s][info ][safepoint      ] Safepoint "Cleanup", Time since last: 2000170364 ns, Reaching safepoint: 6300 ns, Cleanup: 9600 ns, At safepoint: 2400 ns, Total: 18300 ns
[2110.869s][info ][safepoint      ] Safepoint "Cleanup", Time since last: 4000316248 ns, Reaching safepoint: 529003 ns, Cleanup: 24401 ns, At safepoint: 21300 ns, Total: 574704 ns
[2111.154s][info ][gc,start       ] GC(98) Pause Young (Allocation Failure)
[2111.164s][debug][gc,phases      ] GC(98) Scavenge 9.086ms
[2111.164s][debug][gc,ref         ] GC(98) ReferenceProcessor::execute queues: 1, RefProcThreadModel::Single, marks_oops_alive: false
[2111.164s][debug][gc,ref         ] GC(98) Skipped KeepAliveFinalRefsPhase of Reference Processing: no references
[2111.164s][debug][gc,ref         ] GC(98) ReferenceProcessor::execute queues: 1, RefProcThreadModel::Single, marks_oops_alive: false
[2111.164s][debug][gc,phases      ] GC(98) Reference Processing 0.100ms
[2111.164s][debug][gc,phases      ] GC(98)   VM Weak                        Min:  0.0, Avg:  0.0, Max:  0.0, Diff:  0.0, Sum:  0.0, Workers: 4
[2111.164s][debug][gc,phases      ] GC(98)     Dead                           Min: 0, Avg:  0.0, Max: 0, Diff: 0, Sum: 0, Workers: 4
[2111.164s][debug][gc,phases      ] GC(98)     Total                          Min: 0, Avg: 273.5, Max: 838, Diff: 838, Sum: 1094, Workers: 4
[2111.164s][debug][gc,phases      ] GC(98)   ObjectSynchronizer Weak        Min:  0.0, Avg:  0.0, Max:  0.0, Diff:  0.0, Sum:  0.0, Workers: 4
[2111.164s][debug][gc,phases      ] GC(98)     Dead                           Min: 0, Avg:  0.0, Max: 0, Diff: 0, Sum: 0, Workers: 4
[2111.164s][debug][gc,phases      ] GC(98)     Total                          Min: 0, Avg:  1.0, Max: 4, Diff: 4, Sum: 4, Workers: 4
[2111.164s][debug][gc,phases      ] GC(98)   JVMTI Tag Weak OopStorage      Min:  0.0, Avg:  0.0, Max:  0.0, Diff:  0.0, Sum:  0.0, Workers: 4
[2111.164s][debug][gc,phases      ] GC(98)     Dead                           Min: 0, Avg:  0.0, Max: 0, Diff: 0, Sum: 0, Workers: 4
[2111.164s][debug][gc,phases      ] GC(98)     Total                          Min: 0, Avg:  0.0, Max: 0, Diff: 0, Sum: 0, Workers: 4
[2111.164s][debug][gc,phases      ] GC(98)   StringTable Weak               Min:  0.0, Avg:  0.1, Max:  0.1, Diff:  0.1, Sum:  0.4, Workers: 4
[2111.164s][debug][gc,phases      ] GC(98)     Dead                           Min: 0, Avg:  0.0, Max: 0, Diff: 0, Sum: 0, Workers: 4
[2111.164s][debug][gc,phases      ] GC(98)     Total                          Min: 4160, Avg: 11819.0, Max: 16640, Diff: 12480, Sum: 47276, Workers: 4
[2111.164s][debug][gc,phases      ] GC(98)   ResolvedMethodTable Weak       Min:  0.0, Avg:  0.0, Max:  0.0, Diff:  0.0, Sum:  0.2, Workers: 4
[2111.164s][debug][gc,phases      ] GC(98)     Dead                           Min: 0, Avg:  7.0, Max: 22, Diff: 22, Sum: 28, Workers: 4
[2111.164s][debug][gc,phases      ] GC(98)     Total                          Min: 3821, Avg: 4044.0, Max: 4188, Diff: 367, Sum: 16176, Workers: 4
[2111.164s][debug][gc,phases      ] GC(98)   JNI Weak                       Min:  0.0, Avg:  0.0, Max:  0.0, Diff:  0.0, Sum:  0.0, Workers: 4
[2111.164s][debug][gc,phases      ] GC(98)     Dead                           Min: 0, Avg:  0.0, Max: 0, Diff: 0, Sum: 0, Workers: 4
[2111.164s][debug][gc,phases      ] GC(98)     Total                          Min: 0, Avg: 13.0, Max: 52, Diff: 52, Sum: 52, Workers: 4
[2111.164s][debug][gc,phases      ] GC(98)   StringDedup Table Weak         Min:  0.0, Avg:  0.0, Max:  0.0, Diff:  0.0, Sum:  0.0, Workers: 4
[2111.164s][debug][gc,phases      ] GC(98)     Dead                           Min: 0, Avg:  0.0, Max: 0, Diff: 0, Sum: 0, Workers: 4
[2111.164s][debug][gc,phases      ] GC(98)     Total                          Min: 0, Avg:  0.0, Max: 0, Diff: 0, Sum: 0, Workers: 4
[2111.164s][debug][gc,phases      ] GC(98)   StringDedup Requests0 Weak     Min:  0.0, Avg:  0.0, Max:  0.0, Diff:  0.0, Sum:  0.0, Workers: 4
[2111.164s][debug][gc,phases      ] GC(98)     Dead                           Min: 0, Avg:  0.0, Max: 0, Diff: 0, Sum: 0, Workers: 4
[2111.164s][debug][gc,phases      ] GC(98)     Total                          Min: 0, Avg:  0.0, Max: 0, Diff: 0, Sum: 0, Workers: 4
[2111.164s][debug][gc,phases      ] GC(98)   StringDedup Requests1 Weak     Min:  0.0, Avg:  0.0, Max:  0.0, Diff:  0.0, Sum:  0.0, Workers: 4
[2111.164s][debug][gc,phases      ] GC(98)     Dead                           Min: 0, Avg:  0.0, Max: 0, Diff: 0, Sum: 0, Workers: 4
[2111.164s][debug][gc,phases      ] GC(98)     Total                          Min: 0, Avg:  0.0, Max: 0, Diff: 0, Sum: 0, Workers: 4
[2111.164s][debug][gc,phases      ] GC(98)   Weak JFR Old Object Samples    Min:  0.0, Avg:  0.0, Max:  0.0, Diff:  0.0, Sum:  0.0, Workers: 4
[2111.164s][debug][gc,phases      ] GC(98)     Dead                           Min: 0, Avg:  0.0, Max: 0, Diff: 0, Sum: 0, Workers: 4
[2111.164s][debug][gc,phases      ] GC(98)     Total                          Min: 0, Avg:  0.0, Max: 0, Diff: 0, Sum: 0, Workers: 4
[2111.164s][debug][gc,phases      ] GC(98) Weak Processing 0.367ms
[2111.164s][debug][gc,age         ] GC(98) Desired survivor size 45088768 bytes, new threshold 1 (max threshold 15)
[2111.164s][info ][gc,heap        ] GC(98) PSYoungGen: 2009376K(2009600K)->23024K(2053120K) Eden: 2006528K(2006528K)->0K(2006528K) From: 2848K(3072K)->23024K(46592K)
[2111.164s][info ][gc,heap        ] GC(98) ParOldGen: 854425K(1190912K)->854922K(1190912K)
[2111.164s][info ][gc,metaspace   ] GC(98) Metaspace: 109514K(110976K)->109514K(110976K) NonClass: 93111K(93952K)->93111K(93952K) Class: 16403K(17024K)->16403K(17024K)
[2111.164s][info ][gc             ] GC(98) Pause Young (Allocation Failure) 2796M->857M(3168M) 9.677ms
[2111.164s][info ][gc,cpu         ] GC(98) User=0.04s Sys=0.00s Real=0.01s
[2111.164s][info ][safepoint      ] Safepoint "ParallelGCFailedAllocation", Time since last: 285387894 ns, Reaching safepoint: 5700 ns, Cleanup: 4000 ns, At safepoint: 9744161 ns, Total: 9753861 ns
[2112.164s][info ][safepoint      ] Safepoint "Cleanup", Time since last: 1000097789 ns, Reaching safepoint: 6200 ns, Cleanup: 14000 ns, At safepoint: 2800 ns, Total: 23000 ns
[2116.165s][info ][safepoint      ] Safepoint "Cleanup", Time since last: 4000329853 ns, Reaching safepoint: 6200 ns, Cleanup: 8700 ns, At safepoint: 2100 ns, Total: 17000 ns
[2121.165s][info ][safepoint      ] Safepoint "Cleanup", Time since last: 5000386488 ns, Reaching safepoint: 6000 ns, Cleanup: 10800 ns, At safepoint: 2300 ns, Total: 19100 ns
[2129.166s][info ][safepoint      ] Safepoint "Cleanup", Time since last: 8000553849 ns, Reaching safepoint: 6400 ns, Cleanup: 12700 ns, At safepoint: 3200 ns, Total: 22300 ns
[2131.166s][info ][safepoint      ] Safepoint "Cleanup", Time since last: 2000184572 ns, Reaching safepoint: 7200 ns, Cleanup: 9000 ns, At safepoint: 2700 ns, Total: 18900 ns
[2133.166s][info ][safepoint      ] Safepoint "Cleanup", Time since last: 2000184162 ns, Reaching safepoint: 5800 ns, Cleanup: 13000 ns, At safepoint: 2300 ns, Total: 21100 ns
[2135.166s][info ][safepoint      ] Safepoint "Cleanup", Time since last: 2000171880 ns, Reaching safepoint: 5900 ns, Cleanup: 11800 ns, At safepoint: 2500 ns, Total: 20200 ns
[2138.166s][info ][safepoint      ] Safepoint "Cleanup", Time since last: 3000249620 ns, Reaching safepoint: 5600 ns, Cleanup: 9900 ns, At safepoint: 2300 ns, Total: 17800 ns
[2140.516s][info ][gc,start       ] GC(99) Pause Young (Allocation Failure)
[2140.532s][debug][gc,phases      ] GC(99) Scavenge 15.913ms
[2140.533s][debug][gc,ref         ] GC(99) ReferenceProcessor::execute queues: 1, RefProcThreadModel::Single, marks_oops_alive: false
[2140.533s][debug][gc,ref         ] GC(99) Skipped KeepAliveFinalRefsPhase of Reference Processing: no references
[2140.533s][debug][gc,ref         ] GC(99) ReferenceProcessor::execute queues: 1, RefProcThreadModel::Single, marks_oops_alive: false
[2140.533s][debug][gc,phases      ] GC(99) Reference Processing 0.102ms
[2140.533s][debug][gc,phases      ] GC(99)   VM Weak                        Min:  0.0, Avg:  0.0, Max:  0.0, Diff:  0.0, Sum:  0.0, Workers: 4
[2140.533s][debug][gc,phases      ] GC(99)     Dead                           Min: 0, Avg:  0.0, Max: 0, Diff: 0, Sum: 0, Workers: 4
[2140.533s][debug][gc,phases      ] GC(99)     Total                          Min: 0, Avg: 273.5, Max: 960, Diff: 960, Sum: 1094, Workers: 4
[2140.533s][debug][gc,phases      ] GC(99)   ObjectSynchronizer Weak        Min:  0.0, Avg:  0.0, Max:  0.0, Diff:  0.0, Sum:  0.0, Workers: 4
[2140.533s][debug][gc,phases      ] GC(99)     Dead                           Min: 0, Avg:  0.0, Max: 0, Diff: 0, Sum: 0, Workers: 4
[2140.533s][debug][gc,phases      ] GC(99)     Total                          Min: 0, Avg:  1.0, Max: 4, Diff: 4, Sum: 4, Workers: 4
[2140.533s][debug][gc,phases      ] GC(99)   JVMTI Tag Weak OopStorage      Min:  0.0, Avg:  0.0, Max:  0.0, Diff:  0.0, Sum:  0.0, Workers: 4
[2140.533s][debug][gc,phases      ] GC(99)     Dead                           Min: 0, Avg:  0.0, Max: 0, Diff: 0, Sum: 0, Workers: 4
[2140.533s][debug][gc,phases      ] GC(99)     Total                          Min: 0, Avg:  0.0, Max: 0, Diff: 0, Sum: 0, Workers: 4
[2140.533s][debug][gc,phases      ] GC(99)   StringTable Weak               Min:  0.0, Avg:  0.1, Max:  0.1, Diff:  0.1, Sum:  0.4, Workers: 4
[2140.533s][debug][gc,phases      ] GC(99)     Dead                           Min: 0, Avg:  0.0, Max: 0, Diff: 0, Sum: 0, Workers: 4
[2140.533s][debug][gc,phases      ] GC(99)     Total                          Min: 0, Avg: 11819.0, Max: 20588, Diff: 20588, Sum: 47276, Workers: 4
[2140.533s][debug][gc,phases      ] GC(99)   ResolvedMethodTable Weak       Min:  0.0, Avg:  0.0, Max:  0.0, Diff:  0.0, Sum:  0.1, Workers: 4
[2140.533s][debug][gc,phases      ] GC(99)     Dead                           Min: 0, Avg:  4.0, Max: 13, Diff: 13, Sum: 16, Workers: 4
[2140.533s][debug][gc,phases      ] GC(99)     Total                          Min: 0, Avg: 4044.0, Max: 6758, Diff: 6758, Sum: 16176, Workers: 4
[2140.533s][debug][gc,phases      ] GC(99)   JNI Weak                       Min:  0.0, Avg:  0.0, Max:  0.0, Diff:  0.0, Sum:  0.0, Workers: 4
[2140.533s][debug][gc,phases      ] GC(99)     Dead                           Min: 0, Avg:  0.0, Max: 0, Diff: 0, Sum: 0, Workers: 4
[2140.533s][debug][gc,phases      ] GC(99)     Total                          Min: 0, Avg: 13.0, Max: 52, Diff: 52, Sum: 52, Workers: 4
[2140.533s][debug][gc,phases      ] GC(99)   StringDedup Table Weak         Min:  0.0, Avg:  0.0, Max:  0.0, Diff:  0.0, Sum:  0.0, Workers: 4
[2140.533s][debug][gc,phases      ] GC(99)     Dead                           Min: 0, Avg:  0.0, Max: 0, Diff: 0, Sum: 0, Workers: 4
[2140.533s][debug][gc,phases      ] GC(99)     Total                          Min: 0, Avg:  0.0, Max: 0, Diff: 0, Sum: 0, Workers: 4
[2140.533s][debug][gc,phases      ] GC(99)   StringDedup Requests0 Weak     Min:  0.0, Avg:  0.0, Max:  0.0, Diff:  0.0, Sum:  0.0, Workers: 4
[2140.533s][debug][gc,phases      ] GC(99)     Dead                           Min: 0, Avg:  0.0, Max: 0, Diff: 0, Sum: 0, Workers: 4
[2140.533s][debug][gc,phases      ] GC(99)     Total                          Min: 0, Avg:  0.0, Max: 0, Diff: 0, Sum: 0, Workers: 4
[2140.533s][debug][gc,phases      ] GC(99)   StringDedup Requests1 Weak     Min:  0.0, Avg:  0.0, Max:  0.0, Diff:  0.0, Sum:  0.0, Workers: 4
[2140.533s][debug][gc,phases      ] GC(99)     Dead                           Min: 0, Avg:  0.0, Max: 0, Diff: 0, Sum: 0, Workers: 4
[2140.533s][debug][gc,phases      ] GC(99)     Total                          Min: 0, Avg:  0.0, Max: 0, Diff: 0, Sum: 0, Workers: 4
[2140.533s][debug][gc,phases      ] GC(99)   Weak JFR Old Object Samples    Min:  0.0, Avg:  0.0, Max:  0.0, Diff:  0.0, Sum:  0.0, Workers: 4
[2140.533s][debug][gc,phases      ] GC(99)     Dead                           Min: 0, Avg:  0.0, Max: 0, Diff: 0, Sum: 0, Workers: 4
[2140.533s][debug][gc,phases      ] GC(99)     Total                          Min: 0, Avg:  0.0, Max: 0, Diff: 0, Sum: 0, Workers: 4
[2140.533s][debug][gc,phases      ] GC(99) Weak Processing 0.399ms
[2140.533s][debug][gc,age         ] GC(99) Desired survivor size 45613056 bytes, new threshold 1 (max threshold 15)
[2140.533s][info ][gc,heap        ] GC(99) PSYoungGen: 2029552K(2053120K)->29120K(2050560K) Eden: 2006528K(2006528K)->0K(2006528K) From: 23024K(46592K)->29120K(44032K)
[2140.533s][info ][gc,heap        ] GC(99) ParOldGen: 854922K(1190912K)->875483K(1190912K)
[2140.533s][info ][gc,metaspace   ] GC(99) Metaspace: 109520K(110976K)->109520K(110976K) NonClass: 93116K(93952K)->93116K(93952K) Class: 16403K(17024K)->16403K(17024K)
[2140.533s][info ][gc             ] GC(99) Pause Young (Allocation Failure) 2816M->883M(3165M) 16.532ms
[2140.533s][info ][gc,cpu         ] GC(99) User=0.06s Sys=0.00s Real=0.02s
[2140.533s][info ][safepoint      ] Safepoint "ParallelGCFailedAllocation", Time since last: 2349911597 ns, Reaching safepoint: 5100 ns, Cleanup: 3500 ns, At safepoint: 16605306 ns, Total: 16613906 ns
[2142.533s][info ][safepoint      ] Safepoint "Cleanup", Time since last: 2000154407 ns, Reaching safepoint: 5700 ns, Cleanup: 25400 ns, At safepoint: 2200 ns, Total: 33300 ns
[2143.533s][info ][safepoint      ] Safepoint "Cleanup", Time since last: 1000102194 ns, Reaching safepoint: 5800 ns, Cleanup: 8000 ns, At safepoint: 2400 ns, Total: 16200 ns
[2149.534s][info ][safepoint      ] Safepoint "Cleanup", Time since last: 6000445142 ns, Reaching safepoint: 6200 ns, Cleanup: 10100 ns, At safepoint: 2800 ns, Total: 19100 ns
[2154.534s][info ][safepoint      ] Safepoint "Cleanup", Time since last: 5000389407 ns, Reaching safepoint: 5900 ns, Cleanup: 9300 ns, At safepoint: 2700 ns, Total: 17900 ns
[2156.534s][info ][safepoint      ] Safepoint "Cleanup", Time since last: 2000197964 ns, Reaching safepoint: 5800 ns, Cleanup: 10500 ns, At safepoint: 2800 ns, Total: 19100 ns
[2163.885s][info ][safepoint      ] Safepoint "Cleanup", Time since last: 7350422725 ns, Reaching safepoint: 6600 ns, Cleanup: 25100 ns, At safepoint: 3100 ns, Total: 34800 ns
[2164.885s][info ][safepoint      ] Safepoint "Cleanup", Time since last: 1000113632 ns, Reaching safepoint: 5800 ns, Cleanup: 11900 ns, At safepoint: 2600 ns, Total: 20300 ns
[2165.885s][info ][safepoint      ] Safepoint "Cleanup", Time since last: 1000111864 ns, Reaching safepoint: 5700 ns, Cleanup: 8700 ns, At safepoint: 2700 ns, Total: 17100 ns
[2166.885s][info ][safepoint      ] Safepoint "Cleanup", Time since last: 1000110956 ns, Reaching safepoint: 5200 ns, Cleanup: 8900 ns, At safepoint: 2200 ns, Total: 16300 ns
[2171.886s][info ][safepoint      ] Safepoint "Cleanup", Time since last: 5000367180 ns, Reaching safepoint: 4800 ns, Cleanup: 11000 ns, At safepoint: 2200 ns, Total: 18000 ns
[2172.886s][info ][safepoint      ] Safepoint "Cleanup", Time since last: 1000103656 ns, Reaching safepoint: 80100 ns, Cleanup: 59901 ns, At safepoint: 11300 ns, Total: 151301 ns
[2172.930s][info ][safepoint      ] Safepoint "ParallelGCFailedAllocation", Time since last: 44411178 ns, Reaching safepoint: 81000 ns, Cleanup: 7300 ns, At safepoint: 12500 ns, Total: 100800 ns
[2172.931s][info ][gc,start       ] GC(100) Pause Young (GCLocker Initiated GC)
[2172.952s][debug][gc,phases      ] GC(100) Scavenge 20.905ms
[2172.952s][debug][gc,ref         ] GC(100) ReferenceProcessor::execute queues: 1, RefProcThreadModel::Single, marks_oops_alive: false
[2172.952s][debug][gc,ref         ] GC(100) Skipped KeepAliveFinalRefsPhase of Reference Processing: no references
[2172.952s][debug][gc,ref         ] GC(100) ReferenceProcessor::execute queues: 1, RefProcThreadModel::Single, marks_oops_alive: false
[2172.952s][debug][gc,phases      ] GC(100) Reference Processing 0.100ms
[2172.952s][debug][gc,phases      ] GC(100)   VM Weak                        Min:  0.0, Avg:  0.0, Max:  0.0, Diff:  0.0, Sum:  0.0, Workers: 4
[2172.952s][debug][gc,phases      ] GC(100)     Dead                           Min: 0, Avg:  0.0, Max: 0, Diff: 0, Sum: 0, Workers: 4
[2172.952s][debug][gc,phases      ] GC(100)     Total                          Min: 0, Avg: 273.5, Max: 448, Diff: 448, Sum: 1094, Workers: 4
[2172.952s][debug][gc,phases      ] GC(100)   ObjectSynchronizer Weak        Min:  0.0, Avg:  0.0, Max:  0.0, Diff:  0.0, Sum:  0.0, Workers: 4
[2172.952s][debug][gc,phases      ] GC(100)     Dead                           Min: 0, Avg:  0.8, Max: 3, Diff: 3, Sum: 3, Workers: 4
[2172.952s][debug][gc,phases      ] GC(100)     Total                          Min: 0, Avg:  2.2, Max: 9, Diff: 9, Sum: 9, Workers: 4
[2172.952s][debug][gc,phases      ] GC(100)   JVMTI Tag Weak OopStorage      Min:  0.0, Avg:  0.0, Max:  0.0, Diff:  0.0, Sum:  0.0, Workers: 4
[2172.952s][debug][gc,phases      ] GC(100)     Dead                           Min: 0, Avg:  0.0, Max: 0, Diff: 0, Sum: 0, Workers: 4
[2172.952s][debug][gc,phases      ] GC(100)     Total                          Min: 0, Avg:  0.0, Max: 0, Diff: 0, Sum: 0, Workers: 4
[2172.952s][debug][gc,phases      ] GC(100)   StringTable Weak               Min:  0.1, Avg:  0.1, Max:  0.1, Diff:  0.0, Sum:  0.5, Workers: 4
[2172.952s][debug][gc,phases      ] GC(100)     Dead                           Min: 0, Avg:  0.2, Max: 1, Diff: 1, Sum: 1, Workers: 4
[2172.952s][debug][gc,phases      ] GC(100)     Total                          Min: 11392, Avg: 11822.8, Max: 12032, Diff: 640, Sum: 47291, Workers: 4
[2172.952s][debug][gc,phases      ] GC(100)   ResolvedMethodTable Weak       Min:  0.0, Avg:  0.0, Max:  0.0, Diff:  0.0, Sum:  0.2, Workers: 4
[2172.952s][debug][gc,phases      ] GC(100)     Dead                           Min: 1, Avg:  8.0, Max: 16, Diff: 15, Sum: 32, Workers: 4
[2172.952s][debug][gc,phases      ] GC(100)     Total                          Min: 3987, Avg: 4049.2, Max: 4147, Diff: 160, Sum: 16197, Workers: 4
[2172.952s][debug][gc,phases      ] GC(100)   JNI Weak                       Min:  0.0, Avg:  0.0, Max:  0.0, Diff:  0.0, Sum:  0.0, Workers: 4
[2172.952s][debug][gc,phases      ] GC(100)     Dead                           Min: 0, Avg:  0.0, Max: 0, Diff: 0, Sum: 0, Workers: 4
[2172.952s][debug][gc,phases      ] GC(100)     Total                          Min: 0, Avg: 13.0, Max: 52, Diff: 52, Sum: 52, Workers: 4
[2172.953s][debug][gc,phases      ] GC(100)   StringDedup Table Weak         Min:  0.0, Avg:  0.0, Max:  0.0, Diff:  0.0, Sum:  0.0, Workers: 4
[2172.953s][debug][gc,phases      ] GC(100)     Dead                           Min: 0, Avg:  0.0, Max: 0, Diff: 0, Sum: 0, Workers: 4
[2172.953s][debug][gc,phases      ] GC(100)     Total                          Min: 0, Avg:  0.0, Max: 0, Diff: 0, Sum: 0, Workers: 4
[2172.953s][debug][gc,phases      ] GC(100)   StringDedup Requests0 Weak     Min:  0.0, Avg:  0.0, Max:  0.0, Diff:  0.0, Sum:  0.0, Workers: 4
[2172.953s][debug][gc,phases      ] GC(100)     Dead                           Min: 0, Avg:  0.0, Max: 0, Diff: 0, Sum: 0, Workers: 4
[2172.953s][debug][gc,phases      ] GC(100)     Total                          Min: 0, Avg:  0.0, Max: 0, Diff: 0, Sum: 0, Workers: 4
[2172.953s][debug][gc,phases      ] GC(100)   StringDedup Requests1 Weak     Min:  0.0, Avg:  0.0, Max:  0.0, Diff:  0.0, Sum:  0.0, Workers: 4
[2172.953s][debug][gc,phases      ] GC(100)     Dead                           Min: 0, Avg:  0.0, Max: 0, Diff: 0, Sum: 0, Workers: 4
[2172.953s][debug][gc,phases      ] GC(100)     Total                          Min: 0, Avg:  0.0, Max: 0, Diff: 0, Sum: 0, Workers: 4
[2172.953s][debug][gc,phases      ] GC(100)   Weak JFR Old Object Samples    Min:  0.0, Avg:  0.0, Max:  0.0, Diff:  0.0, Sum:  0.0, Workers: 4
[2172.953s][debug][gc,phases      ] GC(100)     Dead                           Min: 0, Avg:  0.0, Max: 0, Diff: 0, Sum: 0, Workers: 4
[2172.953s][debug][gc,phases      ] GC(100)     Total                          Min: 0, Avg:  0.0, Max: 0, Diff: 0, Sum: 0, Workers: 4
[2172.953s][debug][gc,phases      ] GC(100) Weak Processing 0.330ms
[2172.953s][debug][gc,age         ] GC(100) Desired survivor size 49807360 bytes, new threshold 1 (max threshold 15)
[2172.953s][info ][gc,heap        ] GC(100) PSYoungGen: 2035648K(2050560K)->40105K(2044416K) Eden: 2006528K(2006528K)->0K(1999872K) From: 29120K(44032K)->40105K(44544K)
[2172.953s][info ][gc,heap        ] GC(100) ParOldGen: 876012K(1190912K)->903341K(1190912K)
[2172.953s][info ][gc,metaspace   ] GC(100) Metaspace: 109584K(111040K)->109584K(111040K) NonClass: 93173K(94016K)->93173K(94016K) Class: 16411K(17024K)->16411K(17024K)
[2172.953s][info ][gc             ] GC(100) Pause Young (GCLocker Initiated GC) 2843M->921M(3159M) 21.433ms
[2172.953s][info ][gc,cpu         ] GC(100) User=0.08s Sys=0.00s Real=0.02s
[2172.953s][info ][safepoint      ] Safepoint "ParallelGCSystemGC", Time since last: 642904 ns, Reaching safepoint: 73201 ns, Cleanup: 1600 ns, At safepoint: 21496634 ns, Total: 21571435 ns
[2173.953s][info ][safepoint      ] Safepoint "Cleanup", Time since last: 1000083255 ns, Reaching safepoint: 4700 ns, Cleanup: 22200 ns, At safepoint: 2200 ns, Total: 29100 ns
[2174.953s][info ][safepoint      ] Safepoint "Cleanup", Time since last: 1000097859 ns, Reaching safepoint: 5200 ns, Cleanup: 25000 ns, At safepoint: 3000 ns, Total: 33200 ns
[2175.953s][info ][safepoint      ] Safepoint "Cleanup", Time since last: 1000101659 ns, Reaching safepoint: 6100 ns, Cleanup: 20100 ns, At safepoint: 2700 ns, Total: 28900 ns
[2176.953s][info ][safepoint      ] Safepoint "Cleanup", Time since last: 1000103859 ns, Reaching safepoint: 5600 ns, Cleanup: 8700 ns, At safepoint: 2500 ns, Total: 16800 ns
[2177.953s][info ][safepoint      ] Safepoint "Cleanup", Time since last: 1000100659 ns, Reaching safepoint: 5800 ns, Cleanup: 8000 ns, At safepoint: 2600 ns, Total: 16400 ns
[2178.953s][info ][safepoint      ] Safepoint "Cleanup", Time since last: 1000102959 ns, Reaching safepoint: 5500 ns, Cleanup: 9300 ns, At safepoint: 19700 ns, Total: 34500 ns
[2179.953s][info ][safepoint      ] Safepoint "Cleanup", Time since last: 1000100859 ns, Reaching safepoint: 6300 ns, Cleanup: 9700 ns, At safepoint: 2600 ns, Total: 18600 ns
[2180.954s][info ][safepoint      ] Safepoint "Cleanup", Time since last: 1000096559 ns, Reaching safepoint: 5300 ns, Cleanup: 8300 ns, At safepoint: 2000 ns, Total: 15600 ns
[2185.954s][info ][safepoint      ] Safepoint "Cleanup", Time since last: 5000400483 ns, Reaching safepoint: 5500 ns, Cleanup: 13500 ns, At safepoint: 2100 ns, Total: 21100 ns
[2187.954s][info ][safepoint      ] Safepoint "Cleanup", Time since last: 2000162393 ns, Reaching safepoint: 5100 ns, Cleanup: 13100 ns, At safepoint: 2100 ns, Total: 20300 ns
[2191.955s][info ][safepoint      ] Safepoint "Cleanup", Time since last: 4000318253 ns, Reaching safepoint: 6001 ns, Cleanup: 8700 ns, At safepoint: 2400 ns, Total: 17101 ns
[2194.955s][info ][safepoint      ] Safepoint "Cleanup", Time since last: 3000251057 ns, Reaching safepoint: 5800 ns, Cleanup: 7400 ns, At safepoint: 2500 ns, Total: 15700 ns
[2197.361s][info ][gc,start       ] GC(101) Pause Young (Allocation Failure)
[2197.382s][debug][gc,phases      ] GC(101) Scavenge 20.802ms
[2197.382s][debug][gc,ref         ] GC(101) ReferenceProcessor::execute queues: 1, RefProcThreadModel::Single, marks_oops_alive: false
[2197.382s][debug][gc,ref         ] GC(101) Skipped KeepAliveFinalRefsPhase of Reference Processing: no references
[2197.382s][debug][gc,ref         ] GC(101) ReferenceProcessor::execute queues: 1, RefProcThreadModel::Single, marks_oops_alive: false
[2197.382s][debug][gc,phases      ] GC(101) Reference Processing 0.099ms
[2197.382s][debug][gc,phases      ] GC(101)   VM Weak                        Min:  0.0, Avg:  0.0, Max:  0.0, Diff:  0.0, Sum:  0.0, Workers: 4
[2197.382s][debug][gc,phases      ] GC(101)     Dead                           Min: 0, Avg:  0.0, Max: 0, Diff: 0, Sum: 0, Workers: 4
[2197.382s][debug][gc,phases      ] GC(101)     Total                          Min: 0, Avg: 273.5, Max: 454, Diff: 454, Sum: 1094, Workers: 4
[2197.382s][debug][gc,phases      ] GC(101)   ObjectSynchronizer Weak        Min:  0.0, Avg:  0.0, Max:  0.0, Diff:  0.0, Sum:  0.0, Workers: 4
[2197.382s][debug][gc,phases      ] GC(101)     Dead                           Min: 0, Avg:  0.0, Max: 0, Diff: 0, Sum: 0, Workers: 4
[2197.382s][debug][gc,phases      ] GC(101)     Total                          Min: 0, Avg:  2.2, Max: 9, Diff: 9, Sum: 9, Workers: 4
[2197.382s][debug][gc,phases      ] GC(101)   JVMTI Tag Weak OopStorage      Min:  0.0, Avg:  0.0, Max:  0.0, Diff:  0.0, Sum:  0.0, Workers: 4
[2197.382s][debug][gc,phases      ] GC(101)     Dead                           Min: 0, Avg:  0.0, Max: 0, Diff: 0, Sum: 0, Workers: 4
[2197.382s][debug][gc,phases      ] GC(101)     Total                          Min: 0, Avg:  0.0, Max: 0, Diff: 0, Sum: 0, Workers: 4
[2197.382s][debug][gc,phases      ] GC(101)   StringTable Weak               Min:  0.1, Avg:  0.1, Max:  0.1, Diff:  0.0, Sum:  0.5, Workers: 4
[2197.382s][debug][gc,phases      ] GC(101)     Dead                           Min: 0, Avg:  0.0, Max: 0, Diff: 0, Sum: 0, Workers: 4
[2197.382s][debug][gc,phases      ] GC(101)     Total                          Min: 11392, Avg: 11823.0, Max: 12032, Diff: 640, Sum: 47292, Workers: 4
[2197.382s][debug][gc,phases      ] GC(101)   ResolvedMethodTable Weak       Min:  0.0, Avg:  0.0, Max:  0.0, Diff:  0.0, Sum:  0.2, Workers: 4
[2197.382s][debug][gc,phases      ] GC(101)     Dead                           Min: 1, Avg:  4.0, Max: 9, Diff: 8, Sum: 16, Workers: 4
[2197.382s][debug][gc,phases      ] GC(101)     Total                          Min: 4002, Avg: 4049.2, Max: 4146, Diff: 144, Sum: 16197, Workers: 4
[2197.382s][debug][gc,phases      ] GC(101)   JNI Weak                       Min:  0.0, Avg:  0.0, Max:  0.0, Diff:  0.0, Sum:  0.0, Workers: 4
[2197.382s][debug][gc,phases      ] GC(101)     Dead                           Min: 0, Avg:  0.0, Max: 0, Diff: 0, Sum: 0, Workers: 4
[2197.382s][debug][gc,phases      ] GC(101)     Total                          Min: 0, Avg: 13.0, Max: 52, Diff: 52, Sum: 52, Workers: 4
[2197.382s][debug][gc,phases      ] GC(101)   StringDedup Table Weak         Min:  0.0, Avg:  0.0, Max:  0.0, Diff:  0.0, Sum:  0.0, Workers: 4
[2197.382s][debug][gc,phases      ] GC(101)     Dead                           Min: 0, Avg:  0.0, Max: 0, Diff: 0, Sum: 0, Workers: 4
[2197.382s][debug][gc,phases      ] GC(101)     Total                          Min: 0, Avg:  0.0, Max: 0, Diff: 0, Sum: 0, Workers: 4
[2197.382s][debug][gc,phases      ] GC(101)   StringDedup Requests0 Weak     Min:  0.0, Avg:  0.0, Max:  0.0, Diff:  0.0, Sum:  0.0, Workers: 4
[2197.382s][debug][gc,phases      ] GC(101)     Dead                           Min: 0, Avg:  0.0, Max: 0, Diff: 0, Sum: 0, Workers: 4
[2197.382s][debug][gc,phases      ] GC(101)     Total                          Min: 0, Avg:  0.0, Max: 0, Diff: 0, Sum: 0, Workers: 4
[2197.382s][debug][gc,phases      ] GC(101)   StringDedup Requests1 Weak     Min:  0.0, Avg:  0.0, Max:  0.0, Diff:  0.0, Sum:  0.0, Workers: 4
[2197.382s][debug][gc,phases      ] GC(101)     Dead                           Min: 0, Avg:  0.0, Max: 0, Diff: 0, Sum: 0, Workers: 4
[2197.382s][debug][gc,phases      ] GC(101)     Total                          Min: 0, Avg:  0.0, Max: 0, Diff: 0, Sum: 0, Workers: 4
[2197.382s][debug][gc,phases      ] GC(101)   Weak JFR Old Object Samples    Min:  0.0, Avg:  0.0, Max:  0.0, Diff:  0.0, Sum:  0.0, Workers: 4
[2197.382s][debug][gc,phases      ] GC(101)     Dead                           Min: 0, Avg:  0.0, Max: 0, Diff: 0, Sum: 0, Workers: 4
[2197.382s][debug][gc,phases      ] GC(101)     Total                          Min: 0, Avg:  0.0, Max: 0, Diff: 0, Sum: 0, Workers: 4
[2197.382s][debug][gc,phases      ] GC(101) Weak Processing 0.353ms
[2197.382s][debug][gc,age         ] GC(101) Desired survivor size 47185920 bytes, new threshold 1 (max threshold 15)
[2197.382s][info ][gc,heap        ] GC(101) PSYoungGen: 2039977K(2044416K)->25680K(2048512K) Eden: 1999872K(1999872K)->0K(1999872K) From: 40105K(44544K)->25680K(48640K)
[2197.382s][info ][gc,heap        ] GC(101) ParOldGen: 903343K(1190912K)->941164K(1190912K)
[2197.382s][info ][gc,metaspace   ] GC(101) Metaspace: 109595K(111040K)->109595K(111040K) NonClass: 93184K(94016K)->93184K(94016K) Class: 16411K(17024K)->16411K(17024K)
[2197.382s][info ][gc             ] GC(101) Pause Young (Allocation Failure) 2874M->944M(3163M) 21.374ms
[2197.382s][info ][gc,cpu         ] GC(101) User=0.07s Sys=0.00s Real=0.02s
[2197.383s][info ][safepoint      ] Safepoint "ParallelGCFailedAllocation", Time since last: 2406167017 ns, Reaching safepoint: 78800 ns, Cleanup: 8700 ns, At safepoint: 21445635 ns, Total: 21533135 ns
[2201.383s][info ][safepoint      ] Safepoint "Cleanup", Time since last: 4000304266 ns, Reaching safepoint: 5600 ns, Cleanup: 11600 ns, At safepoint: 2900 ns, Total: 20100 ns
[2202.383s][info ][safepoint      ] Safepoint "Cleanup", Time since last: 1000126867 ns, Reaching safepoint: 5900 ns, Cleanup: 9000 ns, At safepoint: 2600 ns, Total: 17500 ns
[2204.383s][info ][safepoint      ] Safepoint "Cleanup", Time since last: 2000165434 ns, Reaching safepoint: 5200 ns, Cleanup: 7800 ns, At safepoint: 2500 ns, Total: 15500 ns
[2205.383s][info ][safepoint      ] Safepoint "Cleanup", Time since last: 1000103936 ns, Reaching safepoint: 5700 ns, Cleanup: 9700 ns, At safepoint: 3100 ns, Total: 18500 ns
[2208.384s][info ][safepoint      ] Safepoint "Cleanup", Time since last: 3000246138 ns, Reaching safepoint: 6000 ns, Cleanup: 10700 ns, At safepoint: 3200 ns, Total: 19900 ns
[2209.384s][info ][safepoint      ] Safepoint "Cleanup", Time since last: 1000100380 ns, Reaching safepoint: 4900 ns, Cleanup: 8600 ns, At safepoint: 2200 ns, Total: 15700 ns
[2210.384s][info ][safepoint      ] Safepoint "Cleanup", Time since last: 1000107879 ns, Reaching safepoint: 6300 ns, Cleanup: 15301 ns, At safepoint: 2600 ns, Total: 24201 ns
[2212.384s][info ][safepoint      ] Safepoint "Cleanup", Time since last: 2000171058 ns, Reaching safepoint: 5900 ns, Cleanup: 12500 ns, At safepoint: 2800 ns, Total: 21200 ns
[2213.384s][info ][safepoint      ] Safepoint "Cleanup", Time since last: 1000104806 ns, Reaching safepoint: 6000 ns, Cleanup: 19901 ns, At safepoint: 2800 ns, Total: 28701 ns
[2214.384s][info ][safepoint      ] Safepoint "Cleanup", Time since last: 1000106456 ns, Reaching safepoint: 4700 ns, Cleanup: 26301 ns, At safepoint: 2400 ns, Total: 33401 ns
[2215.384s][info ][safepoint      ] Safepoint "Cleanup", Time since last: 1000105856 ns, Reaching safepoint: 5700 ns, Cleanup: 9100 ns, At safepoint: 2800 ns, Total: 17600 ns
[2216.385s][info ][safepoint      ] Safepoint "Cleanup", Time since last: 1000101357 ns, Reaching safepoint: 5300 ns, Cleanup: 14700 ns, At safepoint: 2300 ns, Total: 22300 ns
[2228.902s][info ][safepoint      ] Safepoint "Cleanup", Time since last: 12517776419 ns, Reaching safepoint: 6000 ns, Cleanup: 24700 ns, At safepoint: 2200 ns, Total: 32900 ns
[2231.903s][info ][safepoint      ] Safepoint "Cleanup", Time since last: 3000248885 ns, Reaching safepoint: 6700 ns, Cleanup: 10900 ns, At safepoint: 2200 ns, Total: 19800 ns
[2232.903s][info ][safepoint      ] Safepoint "Cleanup", Time since last: 1000114062 ns, Reaching safepoint: 5800 ns, Cleanup: 9300 ns, At safepoint: 2800 ns, Total: 17900 ns
[2234.903s][info ][safepoint      ] Safepoint "Cleanup", Time since last: 2000180724 ns, Reaching safepoint: 6100 ns, Cleanup: 9500 ns, At safepoint: 2700 ns, Total: 18300 ns
[2241.903s][info ][safepoint      ] Safepoint "Cleanup", Time since last: 7000527534 ns, Reaching safepoint: 6200 ns, Cleanup: 10200 ns, At safepoint: 2700 ns, Total: 19100 ns
[2243.663s][info ][safepoint      ] Safepoint "ParallelGCFailedAllocation", Time since last: 1759549100 ns, Reaching safepoint: 4400 ns, Cleanup: 3300 ns, At safepoint: 6600 ns, Total: 14300 ns
[2243.663s][info ][gc,start       ] GC(102) Pause Young (GCLocker Initiated GC)
[2243.676s][debug][gc,phases      ] GC(102) Scavenge 12.767ms
[2243.676s][debug][gc,ref         ] GC(102) ReferenceProcessor::execute queues: 1, RefProcThreadModel::Single, marks_oops_alive: false
[2243.676s][debug][gc,ref         ] GC(102) Skipped KeepAliveFinalRefsPhase of Reference Processing: no references
[2243.676s][debug][gc,ref         ] GC(102) Skipped PhantomRefsPhase of Reference Processing: no references
[2243.676s][debug][gc,phases      ] GC(102) Reference Processing 0.100ms
[2243.676s][debug][gc,phases      ] GC(102)   VM Weak                        Min:  0.0, Avg:  0.0, Max:  0.0, Diff:  0.0, Sum:  0.0, Workers: 4
[2243.676s][debug][gc,phases      ] GC(102)     Dead                           Min: 0, Avg:  0.0, Max: 0, Diff: 0, Sum: 0, Workers: 4
[2243.676s][debug][gc,phases      ] GC(102)     Total                          Min: 0, Avg: 273.5, Max: 646, Diff: 646, Sum: 1094, Workers: 4
[2243.676s][debug][gc,phases      ] GC(102)   ObjectSynchronizer Weak        Min:  0.0, Avg:  0.0, Max:  0.0, Diff:  0.0, Sum:  0.0, Workers: 4
[2243.676s][debug][gc,phases      ] GC(102)     Dead                           Min: 0, Avg:  0.0, Max: 0, Diff: 0, Sum: 0, Workers: 4
[2243.676s][debug][gc,phases      ] GC(102)     Total                          Min: 0, Avg:  1.0, Max: 4, Diff: 4, Sum: 4, Workers: 4
[2243.676s][debug][gc,phases      ] GC(102)   JVMTI Tag Weak OopStorage      Min:  0.0, Avg:  0.0, Max:  0.0, Diff:  0.0, Sum:  0.0, Workers: 4
[2243.676s][debug][gc,phases      ] GC(102)     Dead                           Min: 0, Avg:  0.0, Max: 0, Diff: 0, Sum: 0, Workers: 4
[2243.676s][debug][gc,phases      ] GC(102)     Total                          Min: 0, Avg:  0.0, Max: 0, Diff: 0, Sum: 0, Workers: 4
[2243.676s][debug][gc,phases      ] GC(102)   StringTable Weak               Min:  0.0, Avg:  0.1, Max:  0.1, Diff:  0.1, Sum:  0.4, Workers: 4
[2243.676s][debug][gc,phases      ] GC(102)     Dead                           Min: 0, Avg:  0.0, Max: 0, Diff: 0, Sum: 0, Workers: 4
[2243.676s][debug][gc,phases      ] GC(102)     Total                          Min: 0, Avg: 11823.0, Max: 20668, Diff: 20668, Sum: 47292, Workers: 4
[2243.676s][debug][gc,phases      ] GC(102)   ResolvedMethodTable Weak       Min:  0.0, Avg:  0.0, Max:  0.0, Diff:  0.0, Sum:  0.1, Workers: 4
[2243.676s][debug][gc,phases      ] GC(102)     Dead                           Min: 0, Avg:  4.0, Max: 13, Diff: 13, Sum: 16, Workers: 4
[2243.676s][debug][gc,phases      ] GC(102)     Total                          Min: 0, Avg: 4049.2, Max: 6845, Diff: 6845, Sum: 16197, Workers: 4
[2243.676s][debug][gc,phases      ] GC(102)   JNI Weak                       Min:  0.0, Avg:  0.0, Max:  0.0, Diff:  0.0, Sum:  0.0, Workers: 4
[2243.676s][debug][gc,phases      ] GC(102)     Dead                           Min: 0, Avg:  0.0, Max: 0, Diff: 0, Sum: 0, Workers: 4
[2243.676s][debug][gc,phases      ] GC(102)     Total                          Min: 0, Avg: 13.0, Max: 52, Diff: 52, Sum: 52, Workers: 4
[2243.676s][debug][gc,phases      ] GC(102)   StringDedup Table Weak         Min:  0.0, Avg:  0.0, Max:  0.0, Diff:  0.0, Sum:  0.0, Workers: 4
[2243.676s][debug][gc,phases      ] GC(102)     Dead                           Min: 0, Avg:  0.0, Max: 0, Diff: 0, Sum: 0, Workers: 4
[2243.676s][debug][gc,phases      ] GC(102)     Total                          Min: 0, Avg:  0.0, Max: 0, Diff: 0, Sum: 0, Workers: 4
[2243.676s][debug][gc,phases      ] GC(102)   StringDedup Requests0 Weak     Min:  0.0, Avg:  0.0, Max:  0.0, Diff:  0.0, Sum:  0.0, Workers: 4
[2243.676s][debug][gc,phases      ] GC(102)     Dead                           Min: 0, Avg:  0.0, Max: 0, Diff: 0, Sum: 0, Workers: 4
[2243.676s][debug][gc,phases      ] GC(102)     Total                          Min: 0, Avg:  0.0, Max: 0, Diff: 0, Sum: 0, Workers: 4
[2243.676s][debug][gc,phases      ] GC(102)   StringDedup Requests1 Weak     Min:  0.0, Avg:  0.0, Max:  0.0, Diff:  0.0, Sum:  0.0, Workers: 4
[2243.676s][debug][gc,phases      ] GC(102)     Dead                           Min: 0, Avg:  0.0, Max: 0, Diff: 0, Sum: 0, Workers: 4
[2243.676s][debug][gc,phases      ] GC(102)     Total                          Min: 0, Avg:  0.0, Max: 0, Diff: 0, Sum: 0, Workers: 4
[2243.676s][debug][gc,phases      ] GC(102)   Weak JFR Old Object Samples    Min:  0.0, Avg:  0.0, Max:  0.0, Diff:  0.0, Sum:  0.0, Workers: 4
[2243.676s][debug][gc,phases      ] GC(102)     Dead                           Min: 0, Avg:  0.0, Max: 0, Diff: 0, Sum: 0, Workers: 4
[2243.676s][debug][gc,phases      ] GC(102)     Total                          Min: 0, Avg:  0.0, Max: 0, Diff: 0, Sum: 0, Workers: 4
[2243.676s][debug][gc,phases      ] GC(102) Weak Processing 0.386ms
[2243.676s][debug][gc,age         ] GC(102) Desired survivor size 48234496 bytes, new threshold 1 (max threshold 15)
[2243.676s][info ][gc,heap        ] GC(102) PSYoungGen: 2025552K(2048512K)->8192K(2049024K) Eden: 1999872K(1999872K)->0K(2002944K) From: 25680K(48640K)->8192K(46080K)
[2243.676s][info ][gc,heap        ] GC(102) ParOldGen: 941164K(1190912K)->966072K(1190912K)
[2243.676s][info ][gc,metaspace   ] GC(102) Metaspace: 109633K(111104K)->109633K(111104K) NonClass: 93221K(94080K)->93221K(94080K) Class: 16411K(17024K)->16411K(17024K)
[2243.676s][info ][gc             ] GC(102) Pause Young (GCLocker Initiated GC) 2897M->951M(3164M) 13.352ms
[2243.676s][info ][gc,cpu         ] GC(102) User=0.05s Sys=0.00s Real=0.01s
[2243.677s][info ][safepoint      ] Safepoint "ParallelGCSystemGC", Time since last: 69400 ns, Reaching safepoint: 1100 ns, Cleanup: 500 ns, At safepoint: 13406685 ns, Total: 13408285 ns
[2245.677s][info ][safepoint      ] Safepoint "Cleanup", Time since last: 2000157164 ns, Reaching safepoint: 4700 ns, Cleanup: 24400 ns, At safepoint: 3100 ns, Total: 32200 ns
[2246.677s][info ][safepoint      ] Safepoint "Cleanup", Time since last: 1000102752 ns, Reaching safepoint: 5300 ns, Cleanup: 9600 ns, At safepoint: 2500 ns, Total: 17400 ns
[2247.677s][info ][safepoint      ] Safepoint "Cleanup", Time since last: 1000108752 ns, Reaching safepoint: 5500 ns, Cleanup: 8500 ns, At safepoint: 2200 ns, Total: 16200 ns
[2250.677s][info ][safepoint      ] Safepoint "Cleanup", Time since last: 3000245356 ns, Reaching safepoint: 6100 ns, Cleanup: 9000 ns, At safepoint: 2900 ns, Total: 18000 ns
[2266.678s][info ][safepoint      ] Safepoint "Cleanup", Time since last: 16001190918 ns, Reaching safepoint: 6100 ns, Cleanup: 10000 ns, At safepoint: 2700 ns, Total: 18800 ns
[2268.679s][info ][safepoint      ] Safepoint "Cleanup", Time since last: 2000173854 ns, Reaching safepoint: 5600 ns, Cleanup: 8300 ns, At safepoint: 2200 ns, Total: 16100 ns
[2270.679s][info ][safepoint      ] Safepoint "Cleanup", Time since last: 2000177665 ns, Reaching safepoint: 5500 ns, Cleanup: 10200 ns, At safepoint: 2200 ns, Total: 17900 ns
[2272.679s][info ][safepoint      ] Safepoint "Cleanup", Time since last: 2000178868 ns, Reaching safepoint: 5900 ns, Cleanup: 9200 ns, At safepoint: 2400 ns, Total: 17500 ns
[2282.919s][info ][safepoint      ] Safepoint "Cleanup", Time since last: 10239930205 ns, Reaching safepoint: 5000 ns, Cleanup: 8100 ns, At safepoint: 2400 ns, Total: 15500 ns
[2284.919s][info ][safepoint      ] Safepoint "Cleanup", Time since last: 2000162156 ns, Reaching safepoint: 5300 ns, Cleanup: 12900 ns, At safepoint: 2200 ns, Total: 20400 ns
[2288.919s][info ][safepoint      ] Safepoint "Cleanup", Time since last: 4000316838 ns, Reaching safepoint: 4900 ns, Cleanup: 8800 ns, At safepoint: 2600 ns, Total: 16300 ns
[2292.654s][info ][gc,start       ] GC(103) Pause Young (Allocation Failure)
[2292.665s][debug][gc,phases      ] GC(103) Scavenge 10.688ms
[2292.665s][debug][gc,ref         ] GC(103) ReferenceProcessor::execute queues: 1, RefProcThreadModel::Single, marks_oops_alive: false
[2292.665s][debug][gc,ref         ] GC(103) Skipped KeepAliveFinalRefsPhase of Reference Processing: no references
[2292.665s][debug][gc,ref         ] GC(103) ReferenceProcessor::execute queues: 1, RefProcThreadModel::Single, marks_oops_alive: false
[2292.665s][debug][gc,phases      ] GC(103) Reference Processing 0.102ms
[2292.665s][debug][gc,phases      ] GC(103)   VM Weak                        Min:  0.0, Avg:  0.0, Max:  0.0, Diff:  0.0, Sum:  0.0, Workers: 4
[2292.665s][debug][gc,phases      ] GC(103)     Dead                           Min: 0, Avg:  0.0, Max: 0, Diff: 0, Sum: 0, Workers: 4
[2292.665s][debug][gc,phases      ] GC(103)     Total                          Min: 0, Avg: 273.5, Max: 704, Diff: 704, Sum: 1094, Workers: 4
[2292.665s][debug][gc,phases      ] GC(103)   ObjectSynchronizer Weak        Min:  0.0, Avg:  0.0, Max:  0.0, Diff:  0.0, Sum:  0.0, Workers: 4
[2292.665s][debug][gc,phases      ] GC(103)     Dead                           Min: 0, Avg:  0.0, Max: 0, Diff: 0, Sum: 0, Workers: 4
[2292.665s][debug][gc,phases      ] GC(103)     Total                          Min: 0, Avg:  1.0, Max: 4, Diff: 4, Sum: 4, Workers: 4
[2292.665s][debug][gc,phases      ] GC(103)   JVMTI Tag Weak OopStorage      Min:  0.0, Avg:  0.0, Max:  0.0, Diff:  0.0, Sum:  0.0, Workers: 4
[2292.665s][debug][gc,phases      ] GC(103)     Dead                           Min: 0, Avg:  0.0, Max: 0, Diff: 0, Sum: 0, Workers: 4
[2292.665s][debug][gc,phases      ] GC(103)     Total                          Min: 0, Avg:  0.0, Max: 0, Diff: 0, Sum: 0, Workers: 4
[2292.665s][debug][gc,phases      ] GC(103)   StringTable Weak               Min:  0.0, Avg:  0.1, Max:  0.2, Diff:  0.2, Sum:  0.5, Workers: 4
[2292.665s][debug][gc,phases      ] GC(103)     Dead                           Min: 0, Avg:  0.2, Max: 1, Diff: 1, Sum: 1, Workers: 4
[2292.665s][debug][gc,phases      ] GC(103)     Total                          Min: 0, Avg: 11830.0, Max: 15872, Diff: 15872, Sum: 47320, Workers: 4
[2292.665s][debug][gc,phases      ] GC(103)   ResolvedMethodTable Weak       Min:  0.0, Avg:  0.0, Max:  0.1, Diff:  0.1, Sum:  0.2, Workers: 4
[2292.665s][debug][gc,phases      ] GC(103)     Dead                           Min: 0, Avg:  6.8, Max: 19, Diff: 19, Sum: 27, Workers: 4
[2292.665s][debug][gc,phases      ] GC(103)     Total                          Min: 0, Avg: 4056.2, Max: 5900, Diff: 5900, Sum: 16225, Workers: 4
[2292.665s][debug][gc,phases      ] GC(103)   JNI Weak                       Min:  0.0, Avg:  0.0, Max:  0.0, Diff:  0.0, Sum:  0.0, Workers: 4
[2292.665s][debug][gc,phases      ] GC(103)     Dead                           Min: 0, Avg:  0.0, Max: 0, Diff: 0, Sum: 0, Workers: 4
[2292.665s][debug][gc,phases      ] GC(103)     Total                          Min: 0, Avg: 13.0, Max: 52, Diff: 52, Sum: 52, Workers: 4
[2292.665s][debug][gc,phases      ] GC(103)   StringDedup Table Weak         Min:  0.0, Avg:  0.0, Max:  0.0, Diff:  0.0, Sum:  0.0, Workers: 4
[2292.665s][debug][gc,phases      ] GC(103)     Dead                           Min: 0, Avg:  0.0, Max: 0, Diff: 0, Sum: 0, Workers: 4
[2292.665s][debug][gc,phases      ] GC(103)     Total                          Min: 0, Avg:  0.0, Max: 0, Diff: 0, Sum: 0, Workers: 4
[2292.665s][debug][gc,phases      ] GC(103)   StringDedup Requests0 Weak     Min:  0.0, Avg:  0.0, Max:  0.0, Diff:  0.0, Sum:  0.0, Workers: 4
[2292.665s][debug][gc,phases      ] GC(103)     Dead                           Min: 0, Avg:  0.0, Max: 0, Diff: 0, Sum: 0, Workers: 4
[2292.665s][debug][gc,phases      ] GC(103)     Total                          Min: 0, Avg:  0.0, Max: 0, Diff: 0, Sum: 0, Workers: 4
[2292.665s][debug][gc,phases      ] GC(103)   StringDedup Requests1 Weak     Min:  0.0, Avg:  0.0, Max:  0.0, Diff:  0.0, Sum:  0.0, Workers: 4
[2292.665s][debug][gc,phases      ] GC(103)     Dead                           Min: 0, Avg:  0.0, Max: 0, Diff: 0, Sum: 0, Workers: 4
[2292.665s][debug][gc,phases      ] GC(103)     Total                          Min: 0, Avg:  0.0, Max: 0, Diff: 0, Sum: 0, Workers: 4
[2292.665s][debug][gc,phases      ] GC(103)   Weak JFR Old Object Samples    Min:  0.0, Avg:  0.0, Max:  0.0, Diff:  0.0, Sum:  0.0, Workers: 4
[2292.665s][debug][gc,phases      ] GC(103)     Dead                           Min: 0, Avg:  0.0, Max: 0, Diff: 0, Sum: 0, Workers: 4
[2292.665s][debug][gc,phases      ] GC(103)     Total                          Min: 0, Avg:  0.0, Max: 0, Diff: 0, Sum: 0, Workers: 4
[2292.665s][debug][gc,phases      ] GC(103) Weak Processing 0.425ms
[2292.665s][debug][gc,age         ] GC(103) Desired survivor size 47710208 bytes, new threshold 1 (max threshold 15)
[2292.665s][info ][gc,heap        ] GC(103) PSYoungGen: 2011136K(2049024K)->12096K(2050048K) Eden: 2002944K(2002944K)->0K(2002944K) From: 8192K(46080K)->12096K(47104K)
[2292.665s][info ][gc,heap        ] GC(103) ParOldGen: 968474K(1190912K)->974154K(1190912K)
[2292.665s][info ][gc,metaspace   ] GC(103) Metaspace: 109723K(111168K)->109723K(111168K) NonClass: 93300K(94144K)->93300K(94144K) Class: 16422K(17024K)->16422K(17024K)
[2292.665s][info ][gc             ] GC(103) Pause Young (Allocation Failure) 2909M->963M(3165M) 11.334ms
[2292.665s][info ][gc,cpu         ] GC(103) User=0.05s Sys=0.00s Real=0.01s
[2292.665s][info ][safepoint      ] Safepoint "ParallelGCFailedAllocation", Time since last: 3734356568 ns, Reaching safepoint: 80000 ns, Cleanup: 6100 ns, At safepoint: 11410372 ns, Total: 11496472 ns
[2294.666s][info ][safepoint      ] Safepoint "Cleanup", Time since last: 2000163772 ns, Reaching safepoint: 82800 ns, Cleanup: 12100 ns, At safepoint: 7100 ns, Total: 102000 ns
[2299.666s][info ][safepoint      ] Safepoint "Cleanup", Time since last: 5000367631 ns, Reaching safepoint: 4100 ns, Cleanup: 9000 ns, At safepoint: 2300 ns, Total: 15400 ns
[2301.666s][info ][safepoint      ] Safepoint "Cleanup", Time since last: 2000178680 ns, Reaching safepoint: 86301 ns, Cleanup: 8800 ns, At safepoint: 25400 ns, Total: 120501 ns
[2305.667s][info ][safepoint      ] Safepoint "Cleanup", Time since last: 4000336607 ns, Reaching safepoint: 7100 ns, Cleanup: 13800 ns, At safepoint: 3000 ns, Total: 23900 ns
[2307.667s][info ][safepoint      ] Safepoint "Cleanup", Time since last: 2000188304 ns, Reaching safepoint: 6400 ns, Cleanup: 8900 ns, At safepoint: 2200 ns, Total: 17500 ns
[2308.671s][info ][safepoint      ] Safepoint "Cleanup", Time since last: 1004518830 ns, Reaching safepoint: 82800 ns, Cleanup: 7000 ns, At safepoint: 26500 ns, Total: 116300 ns
[2309.672s][info ][safepoint      ] Safepoint "Cleanup", Time since last: 1000103511 ns, Reaching safepoint: 5500 ns, Cleanup: 13700 ns, At safepoint: 2200 ns, Total: 21400 ns
[2310.162s][info ][gc,start       ] GC(104) Pause Young (Allocation Failure)
[2310.187s][debug][gc,phases      ] GC(104) Scavenge 24.818ms
[2310.187s][debug][gc,ref         ] GC(104) Skipped SoftWeakFinalRefsPhase of Reference Processing: no references
[2310.187s][debug][gc,ref         ] GC(104) Skipped KeepAliveFinalRefsPhase of Reference Processing: no references
[2310.187s][debug][gc,ref         ] GC(104) ReferenceProcessor::execute queues: 1, RefProcThreadModel::Single, marks_oops_alive: false
[2310.187s][debug][gc,phases      ] GC(104) Reference Processing 0.107ms
[2310.187s][debug][gc,phases      ] GC(104)   VM Weak                        Min:  0.0, Avg:  0.0, Max:  0.0, Diff:  0.0, Sum:  0.0, Workers: 4
[2310.187s][debug][gc,phases      ] GC(104)     Dead                           Min: 0, Avg:  0.0, Max: 0, Diff: 0, Sum: 0, Workers: 4
[2310.187s][debug][gc,phases      ] GC(104)     Total                          Min: 0, Avg: 273.5, Max: 512, Diff: 512, Sum: 1094, Workers: 4
[2310.187s][debug][gc,phases      ] GC(104)   ObjectSynchronizer Weak        Min:  0.0, Avg:  0.0, Max:  0.0, Diff:  0.0, Sum:  0.0, Workers: 4
[2310.187s][debug][gc,phases      ] GC(104)     Dead                           Min: 0, Avg:  0.0, Max: 0, Diff: 0, Sum: 0, Workers: 4
[2310.187s][debug][gc,phases      ] GC(104)     Total                          Min: 0, Avg:  1.0, Max: 4, Diff: 4, Sum: 4, Workers: 4
[2310.187s][debug][gc,phases      ] GC(104)   JVMTI Tag Weak OopStorage      Min:  0.0, Avg:  0.0, Max:  0.0, Diff:  0.0, Sum:  0.0, Workers: 4
[2310.187s][debug][gc,phases      ] GC(104)     Dead                           Min: 0, Avg:  0.0, Max: 0, Diff: 0, Sum: 0, Workers: 4
[2310.187s][debug][gc,phases      ] GC(104)     Total                          Min: 0, Avg:  0.0, Max: 0, Diff: 0, Sum: 0, Workers: 4
[2310.187s][debug][gc,phases      ] GC(104)   StringTable Weak               Min:  0.0, Avg:  0.1, Max:  0.1, Diff:  0.1, Sum:  0.4, Workers: 4
[2310.187s][debug][gc,phases      ] GC(104)     Dead                           Min: 0, Avg:  0.0, Max: 0, Diff: 0, Sum: 0, Workers: 4
[2310.187s][debug][gc,phases      ] GC(104)     Total                          Min: 0, Avg: 11830.0, Max: 19968, Diff: 19968, Sum: 47320, Workers: 4
[2310.187s][debug][gc,phases      ] GC(104)   ResolvedMethodTable Weak       Min:  0.0, Avg:  0.0, Max:  0.0, Diff:  0.0, Sum:  0.1, Workers: 4
[2310.187s][debug][gc,phases      ] GC(104)     Dead                           Min: 0, Avg:  4.0, Max: 16, Diff: 16, Sum: 16, Workers: 4
[2310.187s][debug][gc,phases      ] GC(104)     Total                          Min: 0, Avg: 4056.2, Max: 6705, Diff: 6705, Sum: 16225, Workers: 4
[2310.187s][debug][gc,phases      ] GC(104)   JNI Weak                       Min:  0.0, Avg:  0.0, Max:  0.0, Diff:  0.0, Sum:  0.0, Workers: 4
[2310.187s][debug][gc,phases      ] GC(104)     Dead                           Min: 0, Avg:  0.0, Max: 0, Diff: 0, Sum: 0, Workers: 4
[2310.187s][debug][gc,phases      ] GC(104)     Total                          Min: 0, Avg: 13.0, Max: 52, Diff: 52, Sum: 52, Workers: 4
[2310.187s][debug][gc,phases      ] GC(104)   StringDedup Table Weak         Min:  0.0, Avg:  0.0, Max:  0.0, Diff:  0.0, Sum:  0.0, Workers: 4
[2310.187s][debug][gc,phases      ] GC(104)     Dead                           Min: 0, Avg:  0.0, Max: 0, Diff: 0, Sum: 0, Workers: 4
[2310.187s][debug][gc,phases      ] GC(104)     Total                          Min: 0, Avg:  0.0, Max: 0, Diff: 0, Sum: 0, Workers: 4
[2310.187s][debug][gc,phases      ] GC(104)   StringDedup Requests0 Weak     Min:  0.0, Avg:  0.0, Max:  0.0, Diff:  0.0, Sum:  0.0, Workers: 4
[2310.187s][debug][gc,phases      ] GC(104)     Dead                           Min: 0, Avg:  0.0, Max: 0, Diff: 0, Sum: 0, Workers: 4
[2310.187s][debug][gc,phases      ] GC(104)     Total                          Min: 0, Avg:  0.0, Max: 0, Diff: 0, Sum: 0, Workers: 4
[2310.187s][debug][gc,phases      ] GC(104)   StringDedup Requests1 Weak     Min:  0.0, Avg:  0.0, Max:  0.0, Diff:  0.0, Sum:  0.0, Workers: 4
[2310.187s][debug][gc,phases      ] GC(104)     Dead                           Min: 0, Avg:  0.0, Max: 0, Diff: 0, Sum: 0, Workers: 4
[2310.187s][debug][gc,phases      ] GC(104)     Total                          Min: 0, Avg:  0.0, Max: 0, Diff: 0, Sum: 0, Workers: 4
[2310.187s][debug][gc,phases      ] GC(104)   Weak JFR Old Object Samples    Min:  0.0, Avg:  0.0, Max:  0.0, Diff:  0.0, Sum:  0.0, Workers: 4
[2310.187s][debug][gc,phases      ] GC(104)     Dead                           Min: 0, Avg:  0.0, Max: 0, Diff: 0, Sum: 0, Workers: 4
[2310.187s][debug][gc,phases      ] GC(104)     Total                          Min: 0, Avg:  0.0, Max: 0, Diff: 0, Sum: 0, Workers: 4
[2310.187s][debug][gc,phases      ] GC(104) Weak Processing 0.369ms
[2310.187s][debug][gc,age         ] GC(104) Desired survivor size 61865984 bytes, new threshold 1 (max threshold 15)
[2310.187s][info ][gc,heap        ] GC(104) PSYoungGen: 2015040K(2050048K)->46576K(2022912K) Eden: 2002944K(2002944K)->0K(1976320K) From: 12096K(47104K)->46576K(46592K)
[2310.187s][info ][gc,heap        ] GC(104) ParOldGen: 974154K(1190912K)->993799K(1190912K)
[2310.187s][info ][gc,metaspace   ] GC(104) Metaspace: 109730K(111168K)->109730K(111168K) NonClass: 93308K(94144K)->93308K(94144K) Class: 16422K(17024K)->16422K(17024K)
[2310.187s][info ][gc             ] GC(104) Pause Young (Allocation Failure) 2919M->1015M(3138M) 25.407ms
[2310.187s][info ][gc,cpu         ] GC(104) User=0.09s Sys=0.00s Real=0.02s
[2310.187s][info ][safepoint      ] Safepoint "ParallelGCFailedAllocation", Time since last: 490091891 ns, Reaching safepoint: 76800 ns, Cleanup: 3400 ns, At safepoint: 25473066 ns, Total: 25553266 ns
[2314.188s][info ][safepoint      ] Safepoint "Cleanup", Time since last: 4000288045 ns, Reaching safepoint: 5600 ns, Cleanup: 8700 ns, At safepoint: 2300 ns, Total: 16600 ns
[2316.189s][info ][safepoint      ] Safepoint "Cleanup", Time since last: 2001326730 ns, Reaching safepoint: 82101 ns, Cleanup: 7400 ns, At safepoint: 11400 ns, Total: 100901 ns
[2320.189s][info ][safepoint      ] Safepoint "Cleanup", Time since last: 4000313276 ns, Reaching safepoint: 5200 ns, Cleanup: 28401 ns, At safepoint: 2200 ns, Total: 35801 ns
[2321.189s][info ][safepoint      ] Safepoint "Cleanup", Time since last: 1000101856 ns, Reaching safepoint: 5800 ns, Cleanup: 21700 ns, At safepoint: 6500 ns, Total: 34000 ns
[2325.463s][info ][gc,start       ] GC(105) Pause Young (Allocation Failure)
[2325.486s][debug][gc,phases      ] GC(105) Scavenge 23.097ms
[2325.486s][debug][gc,ref         ] GC(105) ReferenceProcessor::execute queues: 1, RefProcThreadModel::Single, marks_oops_alive: false
[2325.486s][debug][gc,ref         ] GC(105) Skipped KeepAliveFinalRefsPhase of Reference Processing: no references
[2325.486s][debug][gc,ref         ] GC(105) ReferenceProcessor::execute queues: 1, RefProcThreadModel::Single, marks_oops_alive: false
[2325.486s][debug][gc,phases      ] GC(105) Reference Processing 0.103ms
[2325.486s][debug][gc,phases      ] GC(105)   VM Weak                        Min:  0.0, Avg:  0.0, Max:  0.0, Diff:  0.0, Sum:  0.0, Workers: 4
[2325.486s][debug][gc,phases      ] GC(105)     Dead                           Min: 0, Avg:  0.0, Max: 0, Diff: 0, Sum: 0, Workers: 4
[2325.486s][debug][gc,phases      ] GC(105)     Total                          Min: 0, Avg: 273.5, Max: 640, Diff: 640, Sum: 1094, Workers: 4
[2325.486s][debug][gc,phases      ] GC(105)   ObjectSynchronizer Weak        Min:  0.0, Avg:  0.0, Max:  0.0, Diff:  0.0, Sum:  0.0, Workers: 4
[2325.486s][debug][gc,phases      ] GC(105)     Dead                           Min: 0, Avg:  0.0, Max: 0, Diff: 0, Sum: 0, Workers: 4
[2325.486s][debug][gc,phases      ] GC(105)     Total                          Min: 0, Avg:  1.5, Max: 6, Diff: 6, Sum: 6, Workers: 4
[2325.486s][debug][gc,phases      ] GC(105)   JVMTI Tag Weak OopStorage      Min:  0.0, Avg:  0.0, Max:  0.0, Diff:  0.0, Sum:  0.0, Workers: 4
[2325.486s][debug][gc,phases      ] GC(105)     Dead                           Min: 0, Avg:  0.0, Max: 0, Diff: 0, Sum: 0, Workers: 4
[2325.486s][debug][gc,phases      ] GC(105)     Total                          Min: 0, Avg:  0.0, Max: 0, Diff: 0, Sum: 0, Workers: 4
[2325.486s][debug][gc,phases      ] GC(105)   StringTable Weak               Min:  0.0, Avg:  0.1, Max:  0.1, Diff:  0.1, Sum:  0.4, Workers: 4
[2325.486s][debug][gc,phases      ] GC(105)     Dead                           Min: 0, Avg:  0.0, Max: 0, Diff: 0, Sum: 0, Workers: 4
[2325.486s][debug][gc,phases      ] GC(105)     Total                          Min: 0, Avg: 11830.2, Max: 19456, Diff: 19456, Sum: 47321, Workers: 4
[2325.486s][debug][gc,phases      ] GC(105)   ResolvedMethodTable Weak       Min:  0.0, Avg:  0.0, Max:  0.0, Diff:  0.0, Sum:  0.1, Workers: 4
[2325.486s][debug][gc,phases      ] GC(105)     Dead                           Min: 0, Avg:  4.0, Max: 13, Diff: 13, Sum: 16, Workers: 4
[2325.486s][debug][gc,phases      ] GC(105)     Total                          Min: 0, Avg: 4056.2, Max: 6869, Diff: 6869, Sum: 16225, Workers: 4
[2325.486s][debug][gc,phases      ] GC(105)   JNI Weak                       Min:  0.0, Avg:  0.0, Max:  0.0, Diff:  0.0, Sum:  0.0, Workers: 4
[2325.486s][debug][gc,phases      ] GC(105)     Dead                           Min: 0, Avg:  0.0, Max: 0, Diff: 0, Sum: 0, Workers: 4
[2325.486s][debug][gc,phases      ] GC(105)     Total                          Min: 0, Avg: 13.0, Max: 52, Diff: 52, Sum: 52, Workers: 4
[2325.486s][debug][gc,phases      ] GC(105)   StringDedup Table Weak         Min:  0.0, Avg:  0.0, Max:  0.0, Diff:  0.0, Sum:  0.0, Workers: 4
[2325.486s][debug][gc,phases      ] GC(105)     Dead                           Min: 0, Avg:  0.0, Max: 0, Diff: 0, Sum: 0, Workers: 4
[2325.486s][debug][gc,phases      ] GC(105)     Total                          Min: 0, Avg:  0.0, Max: 0, Diff: 0, Sum: 0, Workers: 4
[2325.486s][debug][gc,phases      ] GC(105)   StringDedup Requests0 Weak     Min:  0.0, Avg:  0.0, Max:  0.0, Diff:  0.0, Sum:  0.0, Workers: 4
[2325.486s][debug][gc,phases      ] GC(105)     Dead                           Min: 0, Avg:  0.0, Max: 0, Diff: 0, Sum: 0, Workers: 4
[2325.486s][debug][gc,phases      ] GC(105)     Total                          Min: 0, Avg:  0.0, Max: 0, Diff: 0, Sum: 0, Workers: 4
[2325.486s][debug][gc,phases      ] GC(105)   StringDedup Requests1 Weak     Min:  0.0, Avg:  0.0, Max:  0.0, Diff:  0.0, Sum:  0.0, Workers: 4
[2325.486s][debug][gc,phases      ] GC(105)     Dead                           Min: 0, Avg:  0.0, Max: 0, Diff: 0, Sum: 0, Workers: 4
[2325.487s][debug][gc,phases      ] GC(105)     Total                          Min: 0, Avg:  0.0, Max: 0, Diff: 0, Sum: 0, Workers: 4
[2325.487s][debug][gc,phases      ] GC(105)   Weak JFR Old Object Samples    Min:  0.0, Avg:  0.0, Max:  0.0, Diff:  0.0, Sum:  0.0, Workers: 4
[2325.487s][debug][gc,phases      ] GC(105)     Dead                           Min: 0, Avg:  0.0, Max: 0, Diff: 0, Sum: 0, Workers: 4
[2325.487s][debug][gc,phases      ] GC(105)     Total                          Min: 0, Avg:  0.0, Max: 0, Diff: 0, Sum: 0, Workers: 4
[2325.487s][debug][gc,phases      ] GC(105) Weak Processing 0.386ms
[2325.487s][debug][gc,age         ] GC(105) Desired survivor size 60817408 bytes, new threshold 1 (max threshold 15)
[2325.487s][info ][gc,heap        ] GC(105) PSYoungGen: 2022896K(2022912K)->32288K(2036736K) Eden: 1976320K(1976320K)->0K(1976320K) From: 46576K(46592K)->32288K(60416K)
[2325.487s][info ][gc,heap        ] GC(105) ParOldGen: 993799K(1190912K)->1029029K(1190912K)
[2325.487s][info ][gc,metaspace   ] GC(105) Metaspace: 109733K(111168K)->109733K(111168K) NonClass: 93310K(94144K)->93310K(94144K) Class: 16422K(17024K)->16422K(17024K)
[2325.487s][info ][gc             ] GC(105) Pause Young (Allocation Failure) 2945M->1036M(3152M) 23.704ms
[2325.487s][info ][gc,cpu         ] GC(105) User=0.08s Sys=0.00s Real=0.02s
[2325.487s][info ][safepoint      ] Safepoint "ParallelGCFailedAllocation", Time since last: 4273356790 ns, Reaching safepoint: 5500 ns, Cleanup: 3401 ns, At safepoint: 23777593 ns, Total: 23786494 ns
[2327.487s][info ][safepoint      ] Safepoint "Cleanup", Time since last: 2000162748 ns, Reaching safepoint: 78900 ns, Cleanup: 21401 ns, At safepoint: 12200 ns, Total: 112501 ns
[2328.487s][info ][safepoint      ] Safepoint "Cleanup", Time since last: 1000112528 ns, Reaching safepoint: 5700 ns, Cleanup: 8900 ns, At safepoint: 2200 ns, Total: 16800 ns
[2330.488s][info ][safepoint      ] Safepoint "Cleanup", Time since last: 2000778360 ns, Reaching safepoint: 5600 ns, Cleanup: 9001 ns, At safepoint: 2000 ns, Total: 16601 ns
[2333.488s][info ][safepoint      ] Safepoint "Cleanup", Time since last: 3000259710 ns, Reaching safepoint: 5400 ns, Cleanup: 8200 ns, At safepoint: 2200 ns, Total: 15800 ns
[2341.941s][info ][safepoint      ] Safepoint "Cleanup", Time since last: 8453104461 ns, Reaching safepoint: 6100 ns, Cleanup: 8200 ns, At safepoint: 2100 ns, Total: 16400 ns
[2348.861s][info ][gc,start       ] GC(106) Pause Young (Allocation Failure)
[2348.882s][debug][gc,phases      ] GC(106) Scavenge 21.165ms
[2348.882s][debug][gc,ref         ] GC(106) ReferenceProcessor::execute queues: 1, RefProcThreadModel::Single, marks_oops_alive: false
[2348.882s][debug][gc,ref         ] GC(106) Skipped KeepAliveFinalRefsPhase of Reference Processing: no references
[2348.882s][debug][gc,ref         ] GC(106) ReferenceProcessor::execute queues: 1, RefProcThreadModel::Single, marks_oops_alive: false
[2348.882s][debug][gc,phases      ] GC(106) Reference Processing 0.103ms
[2348.882s][debug][gc,phases      ] GC(106)   VM Weak                        Min:  0.0, Avg:  0.0, Max:  0.0, Diff:  0.0, Sum:  0.0, Workers: 4
[2348.882s][debug][gc,phases      ] GC(106)     Dead                           Min: 0, Avg:  0.0, Max: 0, Diff: 0, Sum: 0, Workers: 4
[2348.882s][debug][gc,phases      ] GC(106)     Total                          Min: 0, Avg: 273.5, Max: 710, Diff: 710, Sum: 1094, Workers: 4
[2348.882s][debug][gc,phases      ] GC(106)   ObjectSynchronizer Weak        Min:  0.0, Avg:  0.0, Max:  0.0, Diff:  0.0, Sum:  0.0, Workers: 4
[2348.882s][debug][gc,phases      ] GC(106)     Dead                           Min: 0, Avg:  0.0, Max: 0, Diff: 0, Sum: 0, Workers: 4
[2348.882s][debug][gc,phases      ] GC(106)     Total                          Min: 0, Avg:  0.8, Max: 3, Diff: 3, Sum: 3, Workers: 4
[2348.882s][debug][gc,phases      ] GC(106)   JVMTI Tag Weak OopStorage      Min:  0.0, Avg:  0.0, Max:  0.0, Diff:  0.0, Sum:  0.0, Workers: 4
[2348.882s][debug][gc,phases      ] GC(106)     Dead                           Min: 0, Avg:  0.0, Max: 0, Diff: 0, Sum: 0, Workers: 4
[2348.882s][debug][gc,phases      ] GC(106)     Total                          Min: 0, Avg:  0.0, Max: 0, Diff: 0, Sum: 0, Workers: 4
[2348.882s][debug][gc,phases      ] GC(106)   StringTable Weak               Min:  0.1, Avg:  0.1, Max:  0.1, Diff:  0.0, Sum:  0.5, Workers: 4
[2348.882s][debug][gc,phases      ] GC(106)     Dead                           Min: 0, Avg:  0.0, Max: 0, Diff: 0, Sum: 0, Workers: 4
[2348.882s][debug][gc,phases      ] GC(106)     Total                          Min: 11648, Avg: 11830.2, Max: 11968, Diff: 320, Sum: 47321, Workers: 4
[2348.883s][debug][gc,phases      ] GC(106)   ResolvedMethodTable Weak       Min:  0.0, Avg:  0.0, Max:  0.0, Diff:  0.0, Sum:  0.2, Workers: 4
[2348.883s][debug][gc,phases      ] GC(106)     Dead                           Min: 2, Avg:  4.0, Max: 9, Diff: 7, Sum: 16, Workers: 4
[2348.883s][debug][gc,phases      ] GC(106)     Total                          Min: 3946, Avg: 4056.2, Max: 4238, Diff: 292, Sum: 16225, Workers: 4
[2348.883s][debug][gc,phases      ] GC(106)   JNI Weak                       Min:  0.0, Avg:  0.0, Max:  0.0, Diff:  0.0, Sum:  0.0, Workers: 4
[2348.883s][debug][gc,phases      ] GC(106)     Dead                           Min: 0, Avg:  0.0, Max: 0, Diff: 0, Sum: 0, Workers: 4
[2348.883s][debug][gc,phases      ] GC(106)     Total                          Min: 0, Avg: 13.0, Max: 52, Diff: 52, Sum: 52, Workers: 4
[2348.883s][debug][gc,phases      ] GC(106)   StringDedup Table Weak         Min:  0.0, Avg:  0.0, Max:  0.0, Diff:  0.0, Sum:  0.0, Workers: 4
[2348.883s][debug][gc,phases      ] GC(106)     Dead                           Min: 0, Avg:  0.0, Max: 0, Diff: 0, Sum: 0, Workers: 4
[2348.883s][debug][gc,phases      ] GC(106)     Total                          Min: 0, Avg:  0.0, Max: 0, Diff: 0, Sum: 0, Workers: 4
[2348.883s][debug][gc,phases      ] GC(106)   StringDedup Requests0 Weak     Min:  0.0, Avg:  0.0, Max:  0.0, Diff:  0.0, Sum:  0.0, Workers: 4
[2348.883s][debug][gc,phases      ] GC(106)     Dead                           Min: 0, Avg:  0.0, Max: 0, Diff: 0, Sum: 0, Workers: 4
[2348.883s][debug][gc,phases      ] GC(106)     Total                          Min: 0, Avg:  0.0, Max: 0, Diff: 0, Sum: 0, Workers: 4
[2348.883s][debug][gc,phases      ] GC(106)   StringDedup Requests1 Weak     Min:  0.0, Avg:  0.0, Max:  0.0, Diff:  0.0, Sum:  0.0, Workers: 4
[2348.883s][debug][gc,phases      ] GC(106)     Dead                           Min: 0, Avg:  0.0, Max: 0, Diff: 0, Sum: 0, Workers: 4
[2348.883s][debug][gc,phases      ] GC(106)     Total                          Min: 0, Avg:  0.0, Max: 0, Diff: 0, Sum: 0, Workers: 4
[2348.883s][debug][gc,phases      ] GC(106)   Weak JFR Old Object Samples    Min:  0.0, Avg:  0.0, Max:  0.0, Diff:  0.0, Sum:  0.0, Workers: 4
[2348.883s][debug][gc,phases      ] GC(106)     Dead                           Min: 0, Avg:  0.0, Max: 0, Diff: 0, Sum: 0, Workers: 4
[2348.883s][debug][gc,phases      ] GC(106)     Total                          Min: 0, Avg:  0.0, Max: 0, Diff: 0, Sum: 0, Workers: 4
[2348.883s][debug][gc,phases      ] GC(106) Weak Processing 0.359ms
[2348.883s][debug][gc,age         ] GC(106) Desired survivor size 58195968 bytes, new threshold 1 (max threshold 15)
[2348.883s][info ][gc,heap        ] GC(106) PSYoungGen: 2008608K(2036736K)->29408K(2040320K) Eden: 1976320K(1976320K)->0K(1980928K) From: 32288K(60416K)->29408K(59392K)
[2348.883s][info ][gc,heap        ] GC(106) ParOldGen: 1029029K(1190912K)->1057673K(1190912K)
[2348.883s][info ][gc,metaspace   ] GC(106) Metaspace: 109740K(111168K)->109740K(111168K) NonClass: 93318K(94144K)->93318K(94144K) Class: 16422K(17024K)->16422K(17024K)
[2348.883s][info ][gc             ] GC(106) Pause Young (Allocation Failure) 2966M->1061M(3155M) 21.749ms
[2348.883s][info ][gc,cpu         ] GC(106) User=0.07s Sys=0.01s Real=0.02s
[2348.883s][info ][safepoint      ] Safepoint "ParallelGCFailedAllocation", Time since last: 6919555986 ns, Reaching safepoint: 87701 ns, Cleanup: 4600 ns, At safepoint: 21835827 ns, Total: 21928128 ns
[2355.883s][info ][safepoint      ] Safepoint "Cleanup", Time since last: 7000519771 ns, Reaching safepoint: 6200 ns, Cleanup: 12801 ns, At safepoint: 2500 ns, Total: 21501 ns
[2358.883s][info ][safepoint      ] Safepoint "Cleanup", Time since last: 3000245324 ns, Reaching safepoint: 6600 ns, Cleanup: 29701 ns, At safepoint: 3000 ns, Total: 39301 ns
[2362.884s][info ][safepoint      ] Safepoint "Cleanup", Time since last: 4000315137 ns, Reaching safepoint: 79601 ns, Cleanup: 9300 ns, At safepoint: 9000 ns, Total: 97901 ns
[2366.884s][info ][safepoint      ] Safepoint "Cleanup", Time since last: 4000302756 ns, Reaching safepoint: 6300 ns, Cleanup: 18700 ns, At safepoint: 2400 ns, Total: 27400 ns
[2367.884s][info ][safepoint      ] Safepoint "Cleanup", Time since last: 1000112110 ns, Reaching safepoint: 6500 ns, Cleanup: 17301 ns, At safepoint: 3000 ns, Total: 26801 ns
[2368.884s][info ][safepoint      ] Safepoint "Cleanup", Time since last: 1000105810 ns, Reaching safepoint: 6900 ns, Cleanup: 8600 ns, At safepoint: 2400 ns, Total: 17900 ns
[2369.614s][info ][gc,start       ] GC(107) Pause Young (Allocation Failure)
[2369.637s][debug][gc,phases      ] GC(107) Scavenge 22.618ms
[2369.637s][debug][gc,ref         ] GC(107) ReferenceProcessor::execute queues: 1, RefProcThreadModel::Single, marks_oops_alive: false
[2369.637s][debug][gc,ref         ] GC(107) Skipped KeepAliveFinalRefsPhase of Reference Processing: no references
[2369.637s][debug][gc,ref         ] GC(107) ReferenceProcessor::execute queues: 1, RefProcThreadModel::Single, marks_oops_alive: false
[2369.637s][debug][gc,phases      ] GC(107) Reference Processing 0.099ms
[2369.637s][debug][gc,phases      ] GC(107)   VM Weak                        Min:  0.0, Avg:  0.0, Max:  0.0, Diff:  0.0, Sum:  0.0, Workers: 4
[2369.637s][debug][gc,phases      ] GC(107)     Dead                           Min: 0, Avg:  0.0, Max: 0, Diff: 0, Sum: 0, Workers: 4
[2369.637s][debug][gc,phases      ] GC(107)     Total                          Min: 0, Avg: 273.5, Max: 832, Diff: 832, Sum: 1094, Workers: 4
[2369.637s][debug][gc,phases      ] GC(107)   ObjectSynchronizer Weak        Min:  0.0, Avg:  0.0, Max:  0.0, Diff:  0.0, Sum:  0.0, Workers: 4
[2369.637s][debug][gc,phases      ] GC(107)     Dead                           Min: 0, Avg:  0.0, Max: 0, Diff: 0, Sum: 0, Workers: 4
[2369.637s][debug][gc,phases      ] GC(107)     Total                          Min: 0, Avg:  1.2, Max: 5, Diff: 5, Sum: 5, Workers: 4
[2369.637s][debug][gc,phases      ] GC(107)   JVMTI Tag Weak OopStorage      Min:  0.0, Avg:  0.0, Max:  0.0, Diff:  0.0, Sum:  0.0, Workers: 4
[2369.637s][debug][gc,phases      ] GC(107)     Dead                           Min: 0, Avg:  0.0, Max: 0, Diff: 0, Sum: 0, Workers: 4
[2369.637s][debug][gc,phases      ] GC(107)     Total                          Min: 0, Avg:  0.0, Max: 0, Diff: 0, Sum: 0, Workers: 4
[2369.637s][debug][gc,phases      ] GC(107)   StringTable Weak               Min:  0.0, Avg:  0.1, Max:  0.1, Diff:  0.1, Sum:  0.4, Workers: 4
[2369.637s][debug][gc,phases      ] GC(107)     Dead                           Min: 0, Avg:  0.0, Max: 0, Diff: 0, Sum: 0, Workers: 4
[2369.637s][debug][gc,phases      ] GC(107)     Total                          Min: 0, Avg: 11830.5, Max: 19994, Diff: 19994, Sum: 47322, Workers: 4
[2369.637s][debug][gc,phases      ] GC(107)   ResolvedMethodTable Weak       Min:  0.0, Avg:  0.0, Max:  0.0, Diff:  0.0, Sum:  0.1, Workers: 4
[2369.637s][debug][gc,phases      ] GC(107)     Dead                           Min: 0, Avg:  0.0, Max: 0, Diff: 0, Sum: 0, Workers: 4
[2369.637s][debug][gc,phases      ] GC(107)     Total                          Min: 0, Avg: 4056.8, Max: 6931, Diff: 6931, Sum: 16227, Workers: 4
[2369.637s][debug][gc,phases      ] GC(107)   JNI Weak                       Min:  0.0, Avg:  0.0, Max:  0.0, Diff:  0.0, Sum:  0.0, Workers: 4
[2369.637s][debug][gc,phases      ] GC(107)     Dead                           Min: 0, Avg:  0.0, Max: 0, Diff: 0, Sum: 0, Workers: 4
[2369.637s][debug][gc,phases      ] GC(107)     Total                          Min: 0, Avg: 13.0, Max: 52, Diff: 52, Sum: 52, Workers: 4
[2369.637s][debug][gc,phases      ] GC(107)   StringDedup Table Weak         Min:  0.0, Avg:  0.0, Max:  0.0, Diff:  0.0, Sum:  0.0, Workers: 4
[2369.637s][debug][gc,phases      ] GC(107)     Dead                           Min: 0, Avg:  0.0, Max: 0, Diff: 0, Sum: 0, Workers: 4
[2369.637s][debug][gc,phases      ] GC(107)     Total                          Min: 0, Avg:  0.0, Max: 0, Diff: 0, Sum: 0, Workers: 4
[2369.637s][debug][gc,phases      ] GC(107)   StringDedup Requests0 Weak     Min:  0.0, Avg:  0.0, Max:  0.0, Diff:  0.0, Sum:  0.0, Workers: 4
[2369.637s][debug][gc,phases      ] GC(107)     Dead                           Min: 0, Avg:  0.0, Max: 0, Diff: 0, Sum: 0, Workers: 4
[2369.637s][debug][gc,phases      ] GC(107)     Total                          Min: 0, Avg:  0.0, Max: 0, Diff: 0, Sum: 0, Workers: 4
[2369.637s][debug][gc,phases      ] GC(107)   StringDedup Requests1 Weak     Min:  0.0, Avg:  0.0, Max:  0.0, Diff:  0.0, Sum:  0.0, Workers: 4
[2369.637s][debug][gc,phases      ] GC(107)     Dead                           Min: 0, Avg:  0.0, Max: 0, Diff: 0, Sum: 0, Workers: 4
[2369.637s][debug][gc,phases      ] GC(107)     Total                          Min: 0, Avg:  0.0, Max: 0, Diff: 0, Sum: 0, Workers: 4
[2369.637s][debug][gc,phases      ] GC(107)   Weak JFR Old Object Samples    Min:  0.0, Avg:  0.0, Max:  0.0, Diff:  0.0, Sum:  0.0, Workers: 4
[2369.637s][debug][gc,phases      ] GC(107)     Dead                           Min: 0, Avg:  0.0, Max: 0, Diff: 0, Sum: 0, Workers: 4
[2369.637s][debug][gc,phases      ] GC(107)     Total                          Min: 0, Avg:  0.0, Max: 0, Diff: 0, Sum: 0, Workers: 4
[2369.637s][debug][gc,phases      ] GC(107) Weak Processing 0.364ms
[2369.637s][debug][gc,age         ] GC(107) Desired survivor size 58195968 bytes, new threshold 1 (max threshold 15)
[2369.637s][info ][gc,heap        ] GC(107) PSYoungGen: 2010336K(2040320K)->34880K(2037760K) Eden: 1980928K(1980928K)->0K(1980928K) From: 29408K(59392K)->34880K(56832K)
[2369.637s][info ][gc,heap        ] GC(107) ParOldGen: 1057673K(1190912K)->1083401K(1190912K)
[2369.637s][info ][gc,metaspace   ] GC(107) Metaspace: 109754K(111168K)->109754K(111168K) NonClass: 93331K(94144K)->93331K(94144K) Class: 16423K(17024K)->16423K(17024K)
[2369.637s][info ][gc             ] GC(107) Pause Young (Allocation Failure) 2996M->1092M(3153M) 23.198ms
[2369.637s][info ][gc,cpu         ] GC(107) User=0.08s Sys=0.00s Real=0.02s
[2369.637s][info ][safepoint      ] Safepoint "ParallelGCFailedAllocation", Time since last: 729598930 ns, Reaching safepoint: 82901 ns, Cleanup: 4100 ns, At safepoint: 23275130 ns, Total: 23362131 ns
[2370.638s][info ][safepoint      ] Safepoint "Cleanup", Time since last: 1000090710 ns, Reaching safepoint: 5700 ns, Cleanup: 8300 ns, At safepoint: 2400 ns, Total: 16400 ns
[2371.638s][info ][safepoint      ] Safepoint "Cleanup", Time since last: 1000107911 ns, Reaching safepoint: 6900 ns, Cleanup: 9900 ns, At safepoint: 2500 ns, Total: 19300 ns
[2377.773s][info ][safepoint      ] Safepoint "Cleanup", Time since last: 6134901619 ns, Reaching safepoint: 77800 ns, Cleanup: 6500 ns, At safepoint: 9600 ns, Total: 93900 ns
[2378.780s][info ][safepoint      ] Safepoint "Cleanup", Time since last: 1007479090 ns, Reaching safepoint: 5600 ns, Cleanup: 16600 ns, At safepoint: 2600 ns, Total: 24800 ns
[2379.780s][info ][safepoint      ] Safepoint "Cleanup", Time since last: 1000106116 ns, Reaching safepoint: 6600 ns, Cleanup: 9600 ns, At safepoint: 2500 ns, Total: 18700 ns
[2383.781s][info ][safepoint      ] Safepoint "Cleanup", Time since last: 4000306880 ns, Reaching safepoint: 6401 ns, Cleanup: 18000 ns, At safepoint: 2600 ns, Total: 27001 ns
[2384.781s][info ][safepoint      ] Safepoint "Cleanup", Time since last: 1000082643 ns, Reaching safepoint: 5500 ns, Cleanup: 10201 ns, At safepoint: 2300 ns, Total: 18001 ns
[2385.781s][info ][safepoint      ] Safepoint "Cleanup", Time since last: 1000102444 ns, Reaching safepoint: 6200 ns, Cleanup: 9700 ns, At safepoint: 2100 ns, Total: 18000 ns
[2389.781s][info ][safepoint      ] Safepoint "Cleanup", Time since last: 4000327866 ns, Reaching safepoint: 6800 ns, Cleanup: 10201 ns, At safepoint: 2600 ns, Total: 19601 ns
[2390.781s][info ][safepoint      ] Safepoint "Cleanup", Time since last: 1000116550 ns, Reaching safepoint: 6700 ns, Cleanup: 10800 ns, At safepoint: 2600 ns, Total: 20100 ns
[2392.782s][info ][safepoint      ] Safepoint "Cleanup", Time since last: 2000180000 ns, Reaching safepoint: 5701 ns, Cleanup: 9300 ns, At safepoint: 2300 ns, Total: 17301 ns
[2394.510s][info ][gc,start       ] GC(108) Pause Young (Allocation Failure)
[2394.531s][debug][gc,phases      ] GC(108) Scavenge 20.293ms
[2394.531s][debug][gc,ref         ] GC(108) ReferenceProcessor::execute queues: 1, RefProcThreadModel::Single, marks_oops_alive: false
[2394.531s][debug][gc,ref         ] GC(108) Skipped KeepAliveFinalRefsPhase of Reference Processing: no references
[2394.531s][debug][gc,ref         ] GC(108) ReferenceProcessor::execute queues: 1, RefProcThreadModel::Single, marks_oops_alive: false
[2394.531s][debug][gc,phases      ] GC(108) Reference Processing 0.107ms
[2394.531s][debug][gc,phases      ] GC(108)   VM Weak                        Min:  0.0, Avg:  0.0, Max:  0.0, Diff:  0.0, Sum:  0.0, Workers: 4
[2394.531s][debug][gc,phases      ] GC(108)     Dead                           Min: 0, Avg:  0.0, Max: 0, Diff: 0, Sum: 0, Workers: 4
[2394.531s][debug][gc,phases      ] GC(108)     Total                          Min: 0, Avg: 273.5, Max: 640, Diff: 640, Sum: 1094, Workers: 4
[2394.531s][debug][gc,phases      ] GC(108)   ObjectSynchronizer Weak        Min:  0.0, Avg:  0.0, Max:  0.0, Diff:  0.0, Sum:  0.0, Workers: 4
[2394.531s][debug][gc,phases      ] GC(108)     Dead                           Min: 0, Avg:  0.0, Max: 0, Diff: 0, Sum: 0, Workers: 4
[2394.531s][debug][gc,phases      ] GC(108)     Total                          Min: 0, Avg:  1.5, Max: 6, Diff: 6, Sum: 6, Workers: 4
[2394.531s][debug][gc,phases      ] GC(108)   JVMTI Tag Weak OopStorage      Min:  0.0, Avg:  0.0, Max:  0.0, Diff:  0.0, Sum:  0.0, Workers: 4
[2394.531s][debug][gc,phases      ] GC(108)     Dead                           Min: 0, Avg:  0.0, Max: 0, Diff: 0, Sum: 0, Workers: 4
[2394.531s][debug][gc,phases      ] GC(108)     Total                          Min: 0, Avg:  0.0, Max: 0, Diff: 0, Sum: 0, Workers: 4
[2394.531s][debug][gc,phases      ] GC(108)   StringTable Weak               Min:  0.1, Avg:  0.1, Max:  0.1, Diff:  0.0, Sum:  0.5, Workers: 4
[2394.531s][debug][gc,phases      ] GC(108)     Dead                           Min: 0, Avg:  0.2, Max: 1, Diff: 1, Sum: 1, Workers: 4
[2394.531s][debug][gc,phases      ] GC(108)     Total                          Min: 11200, Avg: 11842.2, Max: 12160, Diff: 960, Sum: 47369, Workers: 4
[2394.531s][debug][gc,phases      ] GC(108)   ResolvedMethodTable Weak       Min:  0.0, Avg:  0.0, Max:  0.0, Diff:  0.0, Sum:  0.2, Workers: 4
[2394.531s][debug][gc,phases      ] GC(108)     Dead                           Min: 7, Avg:  9.2, Max: 14, Diff: 7, Sum: 37, Workers: 4
[2394.531s][debug][gc,phases      ] GC(108)     Total                          Min: 3829, Avg: 4070.2, Max: 4258, Diff: 429, Sum: 16281, Workers: 4
[2394.531s][debug][gc,phases      ] GC(108)   JNI Weak                       Min:  0.0, Avg:  0.0, Max:  0.0, Diff:  0.0, Sum:  0.0, Workers: 4
[2394.531s][debug][gc,phases      ] GC(108)     Dead                           Min: 0, Avg:  0.0, Max: 0, Diff: 0, Sum: 0, Workers: 4
[2394.531s][debug][gc,phases      ] GC(108)     Total                          Min: 0, Avg: 13.0, Max: 52, Diff: 52, Sum: 52, Workers: 4
[2394.531s][debug][gc,phases      ] GC(108)   StringDedup Table Weak         Min:  0.0, Avg:  0.0, Max:  0.0, Diff:  0.0, Sum:  0.0, Workers: 4
[2394.531s][debug][gc,phases      ] GC(108)     Dead                           Min: 0, Avg:  0.0, Max: 0, Diff: 0, Sum: 0, Workers: 4
[2394.531s][debug][gc,phases      ] GC(108)     Total                          Min: 0, Avg:  0.0, Max: 0, Diff: 0, Sum: 0, Workers: 4
[2394.531s][debug][gc,phases      ] GC(108)   StringDedup Requests0 Weak     Min:  0.0, Avg:  0.0, Max:  0.0, Diff:  0.0, Sum:  0.0, Workers: 4
[2394.531s][debug][gc,phases      ] GC(108)     Dead                           Min: 0, Avg:  0.0, Max: 0, Diff: 0, Sum: 0, Workers: 4
[2394.531s][debug][gc,phases      ] GC(108)     Total                          Min: 0, Avg:  0.0, Max: 0, Diff: 0, Sum: 0, Workers: 4
[2394.531s][debug][gc,phases      ] GC(108)   StringDedup Requests1 Weak     Min:  0.0, Avg:  0.0, Max:  0.0, Diff:  0.0, Sum:  0.0, Workers: 4
[2394.531s][debug][gc,phases      ] GC(108)     Dead                           Min: 0, Avg:  0.0, Max: 0, Diff: 0, Sum: 0, Workers: 4
[2394.531s][debug][gc,phases      ] GC(108)     Total                          Min: 0, Avg:  0.0, Max: 0, Diff: 0, Sum: 0, Workers: 4
[2394.531s][debug][gc,phases      ] GC(108)   Weak JFR Old Object Samples    Min:  0.0, Avg:  0.0, Max:  0.0, Diff:  0.0, Sum:  0.0, Workers: 4
[2394.531s][debug][gc,phases      ] GC(108)     Dead                           Min: 0, Avg:  0.0, Max: 0, Diff: 0, Sum: 0, Workers: 4
[2394.531s][debug][gc,phases      ] GC(108)     Total                          Min: 0, Avg:  0.0, Max: 0, Diff: 0, Sum: 0, Workers: 4
[2394.531s][debug][gc,phases      ] GC(108) Weak Processing 0.352ms
[2394.531s][debug][gc,age         ] GC(108) Desired survivor size 56098816 bytes, new threshold 1 (max threshold 15)
[2394.531s][info ][gc,heap        ] GC(108) PSYoungGen: 2015808K(2037760K)->21840K(2042368K) Eden: 1980928K(1980928K)->0K(1985536K) From: 34880K(56832K)->21840K(56832K)
[2394.531s][info ][gc,heap        ] GC(108) ParOldGen: 1083401K(1190912K)->1114992K(1190912K)
[2394.531s][info ][gc,metaspace   ] GC(108) Metaspace: 109903K(111296K)->109903K(111296K) NonClass: 93454K(94272K)->93454K(94272K) Class: 16449K(17024K)->16449K(17024K)
[2394.531s][info ][gc             ] GC(108) Pause Young (Allocation Failure) 3026M->1110M(3157M) 20.873ms
[2394.531s][info ][gc,cpu         ] GC(108) User=0.07s Sys=0.00s Real=0.02s
[2394.531s][info ][safepoint      ] Safepoint "ParallelGCFailedAllocation", Time since last: 1728732335 ns, Reaching safepoint: 5700 ns, Cleanup: 3400 ns, At safepoint: 20948398 ns, Total: 20957498 ns
[2405.960s][info ][safepoint      ] Safepoint "Cleanup", Time since last: 11428688790 ns, Reaching safepoint: 78699 ns, Cleanup: 8400 ns, At safepoint: 5700 ns, Total: 92799 ns
[2408.960s][info ][safepoint      ] Safepoint "Cleanup", Time since last: 3000246458 ns, Reaching safepoint: 78001 ns, Cleanup: 8600 ns, At safepoint: 6500 ns, Total: 93101 ns
[2409.961s][info ][safepoint      ] Safepoint "Cleanup", Time since last: 1000108350 ns, Reaching safepoint: 78801 ns, Cleanup: 8800 ns, At safepoint: 8700 ns, Total: 96301 ns
[2410.961s][info ][safepoint      ] Safepoint "Cleanup", Time since last: 1000114750 ns, Reaching safepoint: 78801 ns, Cleanup: 16900 ns, At safepoint: 9500 ns, Total: 105201 ns
[2412.963s][info ][safepoint      ] Safepoint "Cleanup", Time since last: 2002131918 ns, Reaching safepoint: 5300 ns, Cleanup: 10201 ns, At safepoint: 2000 ns, Total: 17501 ns
[2413.903s][info ][gc,start       ] GC(109) Pause Young (Allocation Failure)
[2413.920s][debug][gc,phases      ] GC(109) Scavenge 17.691ms
[2413.921s][debug][gc,ref         ] GC(109) ReferenceProcessor::execute queues: 1, RefProcThreadModel::Single, marks_oops_alive: false
[2413.921s][debug][gc,ref         ] GC(109) Skipped KeepAliveFinalRefsPhase of Reference Processing: no references
[2413.921s][debug][gc,ref         ] GC(109) ReferenceProcessor::execute queues: 1, RefProcThreadModel::Single, marks_oops_alive: false
[2413.921s][debug][gc,phases      ] GC(109) Reference Processing 0.134ms
[2413.921s][debug][gc,phases      ] GC(109)   VM Weak                        Min:  0.0, Avg:  0.0, Max:  0.0, Diff:  0.0, Sum:  0.0, Workers: 4
[2413.921s][debug][gc,phases      ] GC(109)     Dead                           Min: 0, Avg:  0.0, Max: 0, Diff: 0, Sum: 0, Workers: 4
[2413.921s][debug][gc,phases      ] GC(109)     Total                          Min: 0, Avg: 273.5, Max: 768, Diff: 768, Sum: 1094, Workers: 4
[2413.921s][debug][gc,phases      ] GC(109)   ObjectSynchronizer Weak        Min:  0.0, Avg:  0.0, Max:  0.0, Diff:  0.0, Sum:  0.0, Workers: 4
[2413.921s][debug][gc,phases      ] GC(109)     Dead                           Min: 0, Avg:  0.2, Max: 1, Diff: 1, Sum: 1, Workers: 4
[2413.921s][debug][gc,phases      ] GC(109)     Total                          Min: 0, Avg:  1.5, Max: 6, Diff: 6, Sum: 6, Workers: 4
[2413.921s][debug][gc,phases      ] GC(109)   JVMTI Tag Weak OopStorage      Min:  0.0, Avg:  0.0, Max:  0.0, Diff:  0.0, Sum:  0.0, Workers: 4
[2413.921s][debug][gc,phases      ] GC(109)     Dead                           Min: 0, Avg:  0.0, Max: 0, Diff: 0, Sum: 0, Workers: 4
[2413.921s][debug][gc,phases      ] GC(109)     Total                          Min: 0, Avg:  0.0, Max: 0, Diff: 0, Sum: 0, Workers: 4
[2413.921s][debug][gc,phases      ] GC(109)   StringTable Weak               Min:  0.0, Avg:  0.1, Max:  0.2, Diff:  0.2, Sum:  0.5, Workers: 4
[2413.921s][debug][gc,phases      ] GC(109)     Dead                           Min: 0, Avg:  0.0, Max: 0, Diff: 0, Sum: 0, Workers: 4
[2413.921s][debug][gc,phases      ] GC(109)     Total                          Min: 0, Avg: 11842.8, Max: 16192, Diff: 16192, Sum: 47371, Workers: 4
[2413.921s][debug][gc,phases      ] GC(109)   ResolvedMethodTable Weak       Min:  0.0, Avg:  0.0, Max:  0.1, Diff:  0.1, Sum:  0.2, Workers: 4
[2413.921s][debug][gc,phases      ] GC(109)     Dead                           Min: 0, Avg:  4.0, Max: 10, Diff: 10, Sum: 16, Workers: 4
[2413.921s][debug][gc,phases      ] GC(109)     Total                          Min: 0, Avg: 4070.2, Max: 5719, Diff: 5719, Sum: 16281, Workers: 4
[2413.921s][debug][gc,phases      ] GC(109)   JNI Weak                       Min:  0.0, Avg:  0.0, Max:  0.0, Diff:  0.0, Sum:  0.0, Workers: 4
[2413.921s][debug][gc,phases      ] GC(109)     Dead                           Min: 0, Avg:  0.0, Max: 0, Diff: 0, Sum: 0, Workers: 4
[2413.921s][debug][gc,phases      ] GC(109)     Total                          Min: 0, Avg: 13.0, Max: 52, Diff: 52, Sum: 52, Workers: 4
[2413.921s][debug][gc,phases      ] GC(109)   StringDedup Table Weak         Min:  0.0, Avg:  0.0, Max:  0.0, Diff:  0.0, Sum:  0.0, Workers: 4
[2413.921s][debug][gc,phases      ] GC(109)     Dead                           Min: 0, Avg:  0.0, Max: 0, Diff: 0, Sum: 0, Workers: 4
[2413.921s][debug][gc,phases      ] GC(109)     Total                          Min: 0, Avg:  0.0, Max: 0, Diff: 0, Sum: 0, Workers: 4
[2413.921s][debug][gc,phases      ] GC(109)   StringDedup Requests0 Weak     Min:  0.0, Avg:  0.0, Max:  0.0, Diff:  0.0, Sum:  0.0, Workers: 4
[2413.921s][debug][gc,phases      ] GC(109)     Dead                           Min: 0, Avg:  0.0, Max: 0, Diff: 0, Sum: 0, Workers: 4
[2413.921s][debug][gc,phases      ] GC(109)     Total                          Min: 0, Avg:  0.0, Max: 0, Diff: 0, Sum: 0, Workers: 4
[2413.921s][debug][gc,phases      ] GC(109)   StringDedup Requests1 Weak     Min:  0.0, Avg:  0.0, Max:  0.0, Diff:  0.0, Sum:  0.0, Workers: 4
[2413.921s][debug][gc,phases      ] GC(109)     Dead                           Min: 0, Avg:  0.0, Max: 0, Diff: 0, Sum: 0, Workers: 4
[2413.921s][debug][gc,phases      ] GC(109)     Total                          Min: 0, Avg:  0.0, Max: 0, Diff: 0, Sum: 0, Workers: 4
[2413.921s][debug][gc,phases      ] GC(109)   Weak JFR Old Object Samples    Min:  0.0, Avg:  0.0, Max:  0.0, Diff:  0.0, Sum:  0.0, Workers: 4
[2413.921s][debug][gc,phases      ] GC(109)     Dead                           Min: 0, Avg:  0.0, Max: 0, Diff: 0, Sum: 0, Workers: 4
[2413.921s][debug][gc,phases      ] GC(109)     Total                          Min: 0, Avg:  0.0, Max: 0, Diff: 0, Sum: 0, Workers: 4
[2413.921s][debug][gc,phases      ] GC(109) Weak Processing 0.519ms
[2413.921s][debug][gc,age         ] GC(109) Desired survivor size 53477376 bytes, new threshold 1 (max threshold 15)
[2413.921s][info ][gc,heap        ] GC(109) PSYoungGen: 2007376K(2042368K)->26480K(2040320K) Eden: 1985536K(1985536K)->0K(1985536K) From: 21840K(56832K)->26480K(54784K)
[2413.921s][info ][gc,heap        ] GC(109) ParOldGen: 1114992K(1190912K)->1134206K(1190912K)
[2413.921s][info ][gc,metaspace   ] GC(109) Metaspace: 109917K(111296K)->109917K(111296K) NonClass: 93468K(94272K)->93468K(94272K) Class: 16449K(17024K)->16449K(17024K)
[2413.921s][info ][gc             ] GC(109) Pause Young (Allocation Failure) 3049M->1133M(3155M) 18.490ms
[2413.921s][info ][gc,cpu         ] GC(109) User=0.06s Sys=0.00s Real=0.02s
[2413.921s][info ][safepoint      ] Safepoint "ParallelGCFailedAllocation", Time since last: 939697945 ns, Reaching safepoint: 80701 ns, Cleanup: 4100 ns, At safepoint: 18573433 ns, Total: 18658234 ns
[2419.925s][info ][safepoint      ] Safepoint "Cleanup", Time since last: 6003737620 ns, Reaching safepoint: 80101 ns, Cleanup: 8800 ns, At safepoint: 12800 ns, Total: 101701 ns
[2421.925s][info ][safepoint      ] Safepoint "Cleanup", Time since last: 2000194111 ns, Reaching safepoint: 6500 ns, Cleanup: 13400 ns, At safepoint: 2700 ns, Total: 22600 ns
[2423.926s][info ][safepoint      ] Safepoint "Cleanup", Time since last: 2000183503 ns, Reaching safepoint: 76301 ns, Cleanup: 9800 ns, At safepoint: 5900 ns, Total: 92001 ns
[2423.998s][info ][gc,start       ] GC(110) Pause Young (Allocation Failure)
[2424.021s][debug][gc,phases      ] GC(110) Scavenge 22.412ms
[2424.021s][debug][gc,ref         ] GC(110) Skipped SoftWeakFinalRefsPhase of Reference Processing: no references
[2424.021s][debug][gc,ref         ] GC(110) Skipped KeepAliveFinalRefsPhase of Reference Processing: no references
[2424.021s][debug][gc,ref         ] GC(110) ReferenceProcessor::execute queues: 1, RefProcThreadModel::Single, marks_oops_alive: false
[2424.021s][debug][gc,phases      ] GC(110) Reference Processing 0.096ms
[2424.021s][debug][gc,phases      ] GC(110)   VM Weak                        Min:  0.0, Avg:  0.0, Max:  0.0, Diff:  0.0, Sum:  0.0, Workers: 4
[2424.021s][debug][gc,phases      ] GC(110)     Dead                           Min: 0, Avg:  0.0, Max: 0, Diff: 0, Sum: 0, Workers: 4
[2424.021s][debug][gc,phases      ] GC(110)     Total                          Min: 0, Avg: 273.5, Max: 576, Diff: 576, Sum: 1094, Workers: 4
[2424.021s][debug][gc,phases      ] GC(110)   ObjectSynchronizer Weak        Min:  0.0, Avg:  0.0, Max:  0.0, Diff:  0.0, Sum:  0.0, Workers: 4
[2424.021s][debug][gc,phases      ] GC(110)     Dead                           Min: 0, Avg:  0.0, Max: 0, Diff: 0, Sum: 0, Workers: 4
[2424.021s][debug][gc,phases      ] GC(110)     Total                          Min: 0, Avg:  1.5, Max: 6, Diff: 6, Sum: 6, Workers: 4
[2424.021s][debug][gc,phases      ] GC(110)   JVMTI Tag Weak OopStorage      Min:  0.0, Avg:  0.0, Max:  0.0, Diff:  0.0, Sum:  0.0, Workers: 4
[2424.021s][debug][gc,phases      ] GC(110)     Dead                           Min: 0, Avg:  0.0, Max: 0, Diff: 0, Sum: 0, Workers: 4
[2424.021s][debug][gc,phases      ] GC(110)     Total                          Min: 0, Avg:  0.0, Max: 0, Diff: 0, Sum: 0, Workers: 4
[2424.021s][debug][gc,phases      ] GC(110)   StringTable Weak               Min:  0.0, Avg:  0.1, Max:  0.2, Diff:  0.2, Sum:  0.5, Workers: 4
[2424.021s][debug][gc,phases      ] GC(110)     Dead                           Min: 0, Avg:  0.0, Max: 0, Diff: 0, Sum: 0, Workers: 4
[2424.021s][debug][gc,phases      ] GC(110)     Total                          Min: 0, Avg: 11842.8, Max: 17088, Diff: 17088, Sum: 47371, Workers: 4
[2424.021s][debug][gc,phases      ] GC(110)   ResolvedMethodTable Weak       Min:  0.0, Avg:  0.0, Max:  0.1, Diff:  0.1, Sum:  0.2, Workers: 4
[2424.021s][debug][gc,phases      ] GC(110)     Dead                           Min: 0, Avg:  4.0, Max: 13, Diff: 13, Sum: 16, Workers: 4
[2424.021s][debug][gc,phases      ] GC(110)     Total                          Min: 0, Avg: 4070.2, Max: 6112, Diff: 6112, Sum: 16281, Workers: 4
[2424.021s][debug][gc,phases      ] GC(110)   JNI Weak                       Min:  0.0, Avg:  0.0, Max:  0.0, Diff:  0.0, Sum:  0.0, Workers: 4
[2424.021s][debug][gc,phases      ] GC(110)     Dead                           Min: 0, Avg:  0.0, Max: 0, Diff: 0, Sum: 0, Workers: 4
[2424.021s][debug][gc,phases      ] GC(110)     Total                          Min: 0, Avg: 13.0, Max: 52, Diff: 52, Sum: 52, Workers: 4
[2424.021s][debug][gc,phases      ] GC(110)   StringDedup Table Weak         Min:  0.0, Avg:  0.0, Max:  0.0, Diff:  0.0, Sum:  0.0, Workers: 4
[2424.021s][debug][gc,phases      ] GC(110)     Dead                           Min: 0, Avg:  0.0, Max: 0, Diff: 0, Sum: 0, Workers: 4
[2424.021s][debug][gc,phases      ] GC(110)     Total                          Min: 0, Avg:  0.0, Max: 0, Diff: 0, Sum: 0, Workers: 4
[2424.021s][debug][gc,phases      ] GC(110)   StringDedup Requests0 Weak     Min:  0.0, Avg:  0.0, Max:  0.0, Diff:  0.0, Sum:  0.0, Workers: 4
[2424.021s][debug][gc,phases      ] GC(110)     Dead                           Min: 0, Avg:  0.0, Max: 0, Diff: 0, Sum: 0, Workers: 4
[2424.021s][debug][gc,phases      ] GC(110)     Total                          Min: 0, Avg:  0.0, Max: 0, Diff: 0, Sum: 0, Workers: 4
[2424.021s][debug][gc,phases      ] GC(110)   StringDedup Requests1 Weak     Min:  0.0, Avg:  0.0, Max:  0.0, Diff:  0.0, Sum:  0.0, Workers: 4
[2424.021s][debug][gc,phases      ] GC(110)     Dead                           Min: 0, Avg:  0.0, Max: 0, Diff: 0, Sum: 0, Workers: 4
[2424.021s][debug][gc,phases      ] GC(110)     Total                          Min: 0, Avg:  0.0, Max: 0, Diff: 0, Sum: 0, Workers: 4
[2424.021s][debug][gc,phases      ] GC(110)   Weak JFR Old Object Samples    Min:  0.0, Avg:  0.0, Max:  0.0, Diff:  0.0, Sum:  0.0, Workers: 4
[2424.021s][debug][gc,phases      ] GC(110)     Dead                           Min: 0, Avg:  0.0, Max: 0, Diff: 0, Sum: 0, Workers: 4
[2424.021s][debug][gc,phases      ] GC(110)     Total                          Min: 0, Avg:  0.0, Max: 0, Diff: 0, Sum: 0, Workers: 4
[2424.021s][debug][gc,phases      ] GC(110) Weak Processing 0.397ms
[2424.021s][debug][gc,age         ] GC(110) Desired survivor size 54001664 bytes, new threshold 1 (max threshold 15)
[2424.021s][info ][gc,heap        ] GC(110) PSYoungGen: 2012016K(2040320K)->35576K(2043904K) Eden: 1985536K(1985536K)->0K(1991680K) From: 26480K(54784K)->35576K(52224K)
[2424.021s][info ][gc,heap        ] GC(110) ParOldGen: 1134206K(1190912K)->1156297K(1190912K)
[2424.021s][info ][gc,metaspace   ] GC(110) Metaspace: 109922K(111296K)->109922K(111296K) NonClass: 93473K(94272K)->93473K(94272K) Class: 16449K(17024K)->16449K(17024K)
[2424.021s][info ][gc             ] GC(110) Pause Young (Allocation Failure) 3072M->1163M(3159M) 23.036ms
[2424.021s][info ][gc,cpu         ] GC(110) User=0.08s Sys=0.00s Real=0.03s
[2424.021s][info ][safepoint      ] Safepoint "ParallelGCFailedAllocation", Time since last: 72314736 ns, Reaching safepoint: 78901 ns, Cleanup: 3300 ns, At safepoint: 23253905 ns, Total: 23336106 ns
[2425.021s][info ][safepoint      ] Safepoint "Cleanup", Time since last: 1000099001 ns, Reaching safepoint: 6200 ns, Cleanup: 16601 ns, At safepoint: 2900 ns, Total: 25701 ns
[2426.023s][info ][safepoint      ] Safepoint "Cleanup", Time since last: 1001457613 ns, Reaching safepoint: 91701 ns, Cleanup: 10000 ns, At safepoint: 12100 ns, Total: 113801 ns
[2427.023s][info ][safepoint      ] Safepoint "Cleanup", Time since last: 1000111502 ns, Reaching safepoint: 6800 ns, Cleanup: 11300 ns, At safepoint: 2500 ns, Total: 20600 ns
[2429.024s][info ][safepoint      ] Safepoint "Cleanup", Time since last: 2000461906 ns, Reaching safepoint: 81700 ns, Cleanup: 10800 ns, At safepoint: 9700 ns, Total: 102200 ns
[2431.027s][info ][safepoint      ] Safepoint "Cleanup", Time since last: 2003187183 ns, Reaching safepoint: 88000 ns, Cleanup: 10900 ns, At safepoint: 19201 ns, Total: 118101 ns
[2431.065s][info ][gc,start       ] GC(111) Pause Young (Allocation Failure)
[2431.091s][debug][gc,phases      ] GC(111) Scavenge 25.915ms
[2431.091s][debug][gc,ref         ] GC(111) Skipped SoftWeakFinalRefsPhase of Reference Processing: no references
[2431.091s][debug][gc,ref         ] GC(111) Skipped KeepAliveFinalRefsPhase of Reference Processing: no references
[2431.091s][debug][gc,ref         ] GC(111) Skipped PhantomRefsPhase of Reference Processing: no references
[2431.091s][debug][gc,phases      ] GC(111) Reference Processing 0.019ms
[2431.091s][debug][gc,phases      ] GC(111)   VM Weak                        Min:  0.0, Avg:  0.0, Max:  0.0, Diff:  0.0, Sum:  0.0, Workers: 4
[2431.091s][debug][gc,phases      ] GC(111)     Dead                           Min: 0, Avg:  0.0, Max: 0, Diff: 0, Sum: 0, Workers: 4
[2431.091s][debug][gc,phases      ] GC(111)     Total                          Min: 0, Avg: 273.5, Max: 640, Diff: 640, Sum: 1094, Workers: 4
[2431.091s][debug][gc,phases      ] GC(111)   ObjectSynchronizer Weak        Min:  0.0, Avg:  0.0, Max:  0.0, Diff:  0.0, Sum:  0.0, Workers: 4
[2431.091s][debug][gc,phases      ] GC(111)     Dead                           Min: 0, Avg:  0.0, Max: 0, Diff: 0, Sum: 0, Workers: 4
[2431.091s][debug][gc,phases      ] GC(111)     Total                          Min: 0, Avg:  1.8, Max: 7, Diff: 7, Sum: 7, Workers: 4
[2431.091s][debug][gc,phases      ] GC(111)   JVMTI Tag Weak OopStorage      Min:  0.0, Avg:  0.0, Max:  0.0, Diff:  0.0, Sum:  0.0, Workers: 4
[2431.091s][debug][gc,phases      ] GC(111)     Dead                           Min: 0, Avg:  0.0, Max: 0, Diff: 0, Sum: 0, Workers: 4
[2431.091s][debug][gc,phases      ] GC(111)     Total                          Min: 0, Avg:  0.0, Max: 0, Diff: 0, Sum: 0, Workers: 4
[2431.092s][debug][gc,phases      ] GC(111)   StringTable Weak               Min:  0.0, Avg:  0.1, Max:  0.1, Diff:  0.1, Sum:  0.4, Workers: 4
[2431.092s][debug][gc,phases      ] GC(111)     Dead                           Min: 0, Avg:  0.0, Max: 0, Diff: 0, Sum: 0, Workers: 4
[2431.092s][debug][gc,phases      ] GC(111)     Total                          Min: 0, Avg: 11842.8, Max: 20160, Diff: 20160, Sum: 47371, Workers: 4
[2431.092s][debug][gc,phases      ] GC(111)   ResolvedMethodTable Weak       Min:  0.0, Avg:  0.0, Max:  0.0, Diff:  0.0, Sum:  0.1, Workers: 4
[2431.092s][debug][gc,phases      ] GC(111)     Dead                           Min: 0, Avg:  0.0, Max: 0, Diff: 0, Sum: 0, Workers: 4
[2431.092s][debug][gc,phases      ] GC(111)     Total                          Min: 0, Avg: 4070.2, Max: 6868, Diff: 6868, Sum: 16281, Workers: 4
[2431.092s][debug][gc,phases      ] GC(111)   JNI Weak                       Min:  0.0, Avg:  0.0, Max:  0.0, Diff:  0.0, Sum:  0.0, Workers: 4
[2431.092s][debug][gc,phases      ] GC(111)     Dead                           Min: 0, Avg:  0.0, Max: 0, Diff: 0, Sum: 0, Workers: 4
[2431.092s][debug][gc,phases      ] GC(111)     Total                          Min: 0, Avg: 13.0, Max: 52, Diff: 52, Sum: 52, Workers: 4
[2431.092s][debug][gc,phases      ] GC(111)   StringDedup Table Weak         Min:  0.0, Avg:  0.0, Max:  0.0, Diff:  0.0, Sum:  0.0, Workers: 4
[2431.092s][debug][gc,phases      ] GC(111)     Dead                           Min: 0, Avg:  0.0, Max: 0, Diff: 0, Sum: 0, Workers: 4
[2431.092s][debug][gc,phases      ] GC(111)     Total                          Min: 0, Avg:  0.0, Max: 0, Diff: 0, Sum: 0, Workers: 4
[2431.092s][debug][gc,phases      ] GC(111)   StringDedup Requests0 Weak     Min:  0.0, Avg:  0.0, Max:  0.0, Diff:  0.0, Sum:  0.0, Workers: 4
[2431.092s][debug][gc,phases      ] GC(111)     Dead                           Min: 0, Avg:  0.0, Max: 0, Diff: 0, Sum: 0, Workers: 4
[2431.092s][debug][gc,phases      ] GC(111)     Total                          Min: 0, Avg:  0.0, Max: 0, Diff: 0, Sum: 0, Workers: 4
[2431.092s][debug][gc,phases      ] GC(111)   StringDedup Requests1 Weak     Min:  0.0, Avg:  0.0, Max:  0.0, Diff:  0.0, Sum:  0.0, Workers: 4
[2431.092s][debug][gc,phases      ] GC(111)     Dead                           Min: 0, Avg:  0.0, Max: 0, Diff: 0, Sum: 0, Workers: 4
[2431.092s][debug][gc,phases      ] GC(111)     Total                          Min: 0, Avg:  0.0, Max: 0, Diff: 0, Sum: 0, Workers: 4
[2431.092s][debug][gc,phases      ] GC(111)   Weak JFR Old Object Samples    Min:  0.0, Avg:  0.0, Max:  0.0, Diff:  0.0, Sum:  0.0, Workers: 4
[2431.092s][debug][gc,phases      ] GC(111)     Dead                           Min: 0, Avg:  0.0, Max: 0, Diff: 0, Sum: 0, Workers: 4
[2431.092s][debug][gc,phases      ] GC(111)     Total                          Min: 0, Avg:  0.0, Max: 0, Diff: 0, Sum: 0, Workers: 4
[2431.092s][debug][gc,phases      ] GC(111) Weak Processing 0.362ms
[2431.092s][debug][gc,age         ] GC(111) Desired survivor size 55050240 bytes, new threshold 1 (max threshold 15)
[2431.092s][info ][gc,heap        ] GC(111) PSYoungGen: 2027256K(2043904K)->36560K(2028544K) Eden: 1991680K(1991680K)->0K(1991680K) From: 35576K(52224K)->36560K(36864K)
[2431.092s][info ][gc,heap        ] GC(111) ParOldGen: 1156297K(1190912K)->1188845K(1190912K)
[2431.092s][info ][gc,metaspace   ] GC(111) Metaspace: 109933K(111360K)->109933K(111360K) NonClass: 93484K(94336K)->93484K(94336K) Class: 16449K(17024K)->16449K(17024K)
[2431.092s][info ][gc             ] GC(111) Pause Young (Allocation Failure) 3108M->1196M(3144M) 26.406ms
[2431.092s][info ][gc,cpu         ] GC(111) User=0.10s Sys=0.00s Real=0.03s
[2431.092s][info ][safepoint      ] Safepoint "ParallelGCFailedAllocation", Time since last: 38132623 ns, Reaching safepoint: 79601 ns, Cleanup: 2700 ns, At safepoint: 26477824 ns, Total: 26560125 ns
[2435.092s][info ][safepoint      ] Safepoint "Cleanup", Time since last: 4000286938 ns, Reaching safepoint: 5200 ns, Cleanup: 10301 ns, At safepoint: 2200 ns, Total: 17701 ns
[2440.092s][info ][safepoint      ] Safepoint "Cleanup", Time since last: 5000374028 ns, Reaching safepoint: 77100 ns, Cleanup: 36201 ns, At safepoint: 7400 ns, Total: 120701 ns
[2441.093s][info ][safepoint      ] Safepoint "Cleanup", Time since last: 1000113995 ns, Reaching safepoint: 5100 ns, Cleanup: 20000 ns, At safepoint: 3000 ns, Total: 28100 ns
[2442.093s][info ][safepoint      ] Safepoint "Cleanup", Time since last: 1000101195 ns, Reaching safepoint: 6400 ns, Cleanup: 17200 ns, At safepoint: 2100 ns, Total: 25700 ns
[2443.093s][info ][safepoint      ] Safepoint "Cleanup", Time since last: 1000512498 ns, Reaching safepoint: 80101 ns, Cleanup: 13800 ns, At safepoint: 11900 ns, Total: 105801 ns
[2444.094s][info ][safepoint      ] Safepoint "Cleanup", Time since last: 1000112595 ns, Reaching safepoint: 79201 ns, Cleanup: 9900 ns, At safepoint: 6300 ns, Total: 95401 ns
[2445.094s][info ][safepoint      ] Safepoint "Cleanup", Time since last: 1000102695 ns, Reaching safepoint: 6200 ns, Cleanup: 17000 ns, At safepoint: 2400 ns, Total: 25600 ns
[2446.094s][info ][safepoint      ] Safepoint "Cleanup", Time since last: 1000097769 ns, Reaching safepoint: 5800 ns, Cleanup: 13200 ns, At safepoint: 2400 ns, Total: 21400 ns
[2447.094s][info ][safepoint      ] Safepoint "Cleanup", Time since last: 1000125192 ns, Reaching safepoint: 7400 ns, Cleanup: 25700 ns, At safepoint: 2600 ns, Total: 35700 ns
[2447.838s][info ][gc,start       ] GC(112) Pause Young (Allocation Failure)
[2447.867s][debug][gc,phases      ] GC(112) Scavenge 28.876ms
[2447.867s][debug][gc,ref         ] GC(112) ReferenceProcessor::execute queues: 1, RefProcThreadModel::Single, marks_oops_alive: false
[2447.867s][debug][gc,ref         ] GC(112) Skipped KeepAliveFinalRefsPhase of Reference Processing: no references
[2447.867s][debug][gc,ref         ] GC(112) ReferenceProcessor::execute queues: 1, RefProcThreadModel::Single, marks_oops_alive: false
[2447.867s][debug][gc,phases      ] GC(112) Reference Processing 0.127ms
[2447.867s][debug][gc,phases      ] GC(112)   VM Weak                        Min:  0.0, Avg:  0.0, Max:  0.0, Diff:  0.0, Sum:  0.0, Workers: 4
[2447.867s][debug][gc,phases      ] GC(112)     Dead                           Min: 0, Avg:  0.0, Max: 0, Diff: 0, Sum: 0, Workers: 4
[2447.867s][debug][gc,phases      ] GC(112)     Total                          Min: 0, Avg: 273.5, Max: 512, Diff: 512, Sum: 1094, Workers: 4
[2447.867s][debug][gc,phases      ] GC(112)   ObjectSynchronizer Weak        Min:  0.0, Avg:  0.0, Max:  0.0, Diff:  0.0, Sum:  0.0, Workers: 4
[2447.867s][debug][gc,phases      ] GC(112)     Dead                           Min: 0, Avg:  0.0, Max: 0, Diff: 0, Sum: 0, Workers: 4
[2447.867s][debug][gc,phases      ] GC(112)     Total                          Min: 0, Avg:  1.8, Max: 7, Diff: 7, Sum: 7, Workers: 4
[2447.867s][debug][gc,phases      ] GC(112)   JVMTI Tag Weak OopStorage      Min:  0.0, Avg:  0.0, Max:  0.0, Diff:  0.0, Sum:  0.0, Workers: 4
[2447.867s][debug][gc,phases      ] GC(112)     Dead                           Min: 0, Avg:  0.0, Max: 0, Diff: 0, Sum: 0, Workers: 4
[2447.867s][debug][gc,phases      ] GC(112)     Total                          Min: 0, Avg:  0.0, Max: 0, Diff: 0, Sum: 0, Workers: 4
[2447.867s][debug][gc,phases      ] GC(112)   StringTable Weak               Min:  0.0, Avg:  0.1, Max:  0.1, Diff:  0.1, Sum:  0.4, Workers: 4
[2447.867s][debug][gc,phases      ] GC(112)     Dead                           Min: 0, Avg:  0.5, Max: 2, Diff: 2, Sum: 2, Workers: 4
[2447.867s][debug][gc,phases      ] GC(112)     Total                          Min: 0, Avg: 11846.5, Max: 16284, Diff: 16284, Sum: 47386, Workers: 4
[2447.867s][debug][gc,phases      ] GC(112)   ResolvedMethodTable Weak       Min:  0.0, Avg:  0.0, Max:  0.1, Diff:  0.1, Sum:  0.2, Workers: 4
[2447.867s][debug][gc,phases      ] GC(112)     Dead                           Min: 0, Avg:  4.8, Max: 8, Diff: 8, Sum: 19, Workers: 4
[2447.867s][debug][gc,phases      ] GC(112)     Total                          Min: 0, Avg: 4074.2, Max: 5584, Diff: 5584, Sum: 16297, Workers: 4
[2447.867s][debug][gc,phases      ] GC(112)   JNI Weak                       Min:  0.0, Avg:  0.0, Max:  0.0, Diff:  0.0, Sum:  0.0, Workers: 4
[2447.867s][debug][gc,phases      ] GC(112)     Dead                           Min: 0, Avg:  0.0, Max: 0, Diff: 0, Sum: 0, Workers: 4
[2447.867s][debug][gc,phases      ] GC(112)     Total                          Min: 0, Avg: 13.0, Max: 52, Diff: 52, Sum: 52, Workers: 4
[2447.867s][debug][gc,phases      ] GC(112)   StringDedup Table Weak         Min:  0.0, Avg:  0.0, Max:  0.0, Diff:  0.0, Sum:  0.0, Workers: 4
[2447.867s][debug][gc,phases      ] GC(112)     Dead                           Min: 0, Avg:  0.0, Max: 0, Diff: 0, Sum: 0, Workers: 4
[2447.867s][debug][gc,phases      ] GC(112)     Total                          Min: 0, Avg:  0.0, Max: 0, Diff: 0, Sum: 0, Workers: 4
[2447.867s][debug][gc,phases      ] GC(112)   StringDedup Requests0 Weak     Min:  0.0, Avg:  0.0, Max:  0.0, Diff:  0.0, Sum:  0.0, Workers: 4
[2447.867s][debug][gc,phases      ] GC(112)     Dead                           Min: 0, Avg:  0.0, Max: 0, Diff: 0, Sum: 0, Workers: 4
[2447.867s][debug][gc,phases      ] GC(112)     Total                          Min: 0, Avg:  0.0, Max: 0, Diff: 0, Sum: 0, Workers: 4
[2447.867s][debug][gc,phases      ] GC(112)   StringDedup Requests1 Weak     Min:  0.0, Avg:  0.0, Max:  0.0, Diff:  0.0, Sum:  0.0, Workers: 4
[2447.867s][debug][gc,phases      ] GC(112)     Dead                           Min: 0, Avg:  0.0, Max: 0, Diff: 0, Sum: 0, Workers: 4
[2447.867s][debug][gc,phases      ] GC(112)     Total                          Min: 0, Avg:  0.0, Max: 0, Diff: 0, Sum: 0, Workers: 4
[2447.867s][debug][gc,phases      ] GC(112)   Weak JFR Old Object Samples    Min:  0.0, Avg:  0.0, Max:  0.0, Diff:  0.0, Sum:  0.0, Workers: 4
[2447.867s][debug][gc,phases      ] GC(112)     Dead                           Min: 0, Avg:  0.0, Max: 0, Diff: 0, Sum: 0, Workers: 4
[2447.867s][debug][gc,phases      ] GC(112)     Total                          Min: 0, Avg:  0.0, Max: 0, Diff: 0, Sum: 0, Workers: 4
[2447.867s][debug][gc,phases      ] GC(112) Weak Processing 0.379ms
[2447.867s][debug][gc,age         ] GC(112) Desired survivor size 52953088 bytes, new threshold 1 (max threshold 15)
[2447.867s][info ][gc,heap        ] GC(112) PSYoungGen: 2028240K(2028544K)->24736K(2045440K) Eden: 1991680K(1991680K)->0K(1991680K) From: 36560K(36864K)->24736K(53760K)
[2447.867s][info ][gc,heap        ] GC(112) ParOldGen: 1188845K(1190912K)->1221436K(1221632K)
[2447.867s][info ][gc,metaspace   ] GC(112) Metaspace: 109999K(111360K)->109999K(111360K) NonClass: 93543K(94336K)->93543K(94336K) Class: 16455K(17024K)->16455K(17024K)
[2447.867s][info ][gc             ] GC(112) Pause Young (Allocation Failure) 3141M->1216M(3190M) 29.515ms
[2447.867s][info ][gc,cpu         ] GC(112) User=0.08s Sys=0.02s Real=0.03s
[2447.868s][info ][safepoint      ] Safepoint "ParallelGCFailedAllocation", Time since last: 743783487 ns, Reaching safepoint: 7000 ns, Cleanup: 15300 ns, At safepoint: 29739568 ns, Total: 29761868 ns
[2448.868s][info ][safepoint      ] Safepoint "Cleanup", Time since last: 1000086791 ns, Reaching safepoint: 5400 ns, Cleanup: 14200 ns, At safepoint: 2000 ns, Total: 21600 ns
[2450.868s][info ][safepoint      ] Safepoint "Cleanup", Time since last: 2000206382 ns, Reaching safepoint: 92101 ns, Cleanup: 9500 ns, At safepoint: 6100 ns, Total: 107701 ns
[2451.868s][info ][safepoint      ] Safepoint "Cleanup", Time since last: 1000111392 ns, Reaching safepoint: 6400 ns, Cleanup: 8400 ns, At safepoint: 2500 ns, Total: 17300 ns
[2452.868s][info ][safepoint      ] Safepoint "Cleanup", Time since last: 1000106091 ns, Reaching safepoint: 78001 ns, Cleanup: 13400 ns, At safepoint: 5400 ns, Total: 96801 ns
[2453.868s][info ][safepoint      ] Safepoint "Cleanup", Time since last: 1000104564 ns, Reaching safepoint: 5300 ns, Cleanup: 12200 ns, At safepoint: 2200 ns, Total: 19700 ns
[2455.869s][info ][safepoint      ] Safepoint "Cleanup", Time since last: 2000175554 ns, Reaching safepoint: 5800 ns, Cleanup: 8600 ns, At safepoint: 2300 ns, Total: 16700 ns
[2456.869s][info ][safepoint      ] Safepoint "Cleanup", Time since last: 1000104127 ns, Reaching safepoint: 5300 ns, Cleanup: 8000 ns, At safepoint: 2800 ns, Total: 16100 ns
[2458.869s][info ][safepoint      ] Safepoint "Cleanup", Time since last: 2000160253 ns, Reaching safepoint: 78001 ns, Cleanup: 21400 ns, At safepoint: 5200 ns, Total: 104601 ns
[2459.157s][info ][gc,start       ] GC(113) Pause Young (Allocation Failure)
[2459.180s][debug][gc,phases      ] GC(113) Scavenge 23.065ms
[2459.180s][debug][gc,ref         ] GC(113) Skipped SoftWeakFinalRefsPhase of Reference Processing: no references
[2459.180s][debug][gc,ref         ] GC(113) Skipped KeepAliveFinalRefsPhase of Reference Processing: no references
[2459.180s][debug][gc,ref         ] GC(113) ReferenceProcessor::execute queues: 1, RefProcThreadModel::Single, marks_oops_alive: false
[2459.180s][debug][gc,phases      ] GC(113) Reference Processing 0.091ms
[2459.180s][debug][gc,phases      ] GC(113)   VM Weak                        Min:  0.0, Avg:  0.0, Max:  0.0, Diff:  0.0, Sum:  0.0, Workers: 4
[2459.180s][debug][gc,phases      ] GC(113)     Dead                           Min: 0, Avg:  0.0, Max: 0, Diff: 0, Sum: 0, Workers: 4
[2459.180s][debug][gc,phases      ] GC(113)     Total                          Min: 0, Avg: 273.5, Max: 838, Diff: 838, Sum: 1094, Workers: 4
[2459.180s][debug][gc,phases      ] GC(113)   ObjectSynchronizer Weak        Min:  0.0, Avg:  0.0, Max:  0.0, Diff:  0.0, Sum:  0.0, Workers: 4
[2459.180s][debug][gc,phases      ] GC(113)     Dead                           Min: 0, Avg:  0.0, Max: 0, Diff: 0, Sum: 0, Workers: 4
[2459.180s][debug][gc,phases      ] GC(113)     Total                          Min: 0, Avg:  1.8, Max: 7, Diff: 7, Sum: 7, Workers: 4
[2459.180s][debug][gc,phases      ] GC(113)   JVMTI Tag Weak OopStorage      Min:  0.0, Avg:  0.0, Max:  0.0, Diff:  0.0, Sum:  0.0, Workers: 4
[2459.180s][debug][gc,phases      ] GC(113)     Dead                           Min: 0, Avg:  0.0, Max: 0, Diff: 0, Sum: 0, Workers: 4
[2459.180s][debug][gc,phases      ] GC(113)     Total                          Min: 0, Avg:  0.0, Max: 0, Diff: 0, Sum: 0, Workers: 4
[2459.180s][debug][gc,phases      ] GC(113)   StringTable Weak               Min:  0.0, Avg:  0.1, Max:  0.1, Diff:  0.1, Sum:  0.4, Workers: 4
[2459.180s][debug][gc,phases      ] GC(113)     Dead                           Min: 0, Avg:  0.0, Max: 0, Diff: 0, Sum: 0, Workers: 4
[2459.180s][debug][gc,phases      ] GC(113)     Total                          Min: 4189, Avg: 11846.8, Max: 14720, Diff: 10531, Sum: 47387, Workers: 4
[2459.180s][debug][gc,phases      ] GC(113)   ResolvedMethodTable Weak       Min:  0.0, Avg:  0.0, Max:  0.0, Diff:  0.0, Sum:  0.2, Workers: 4
[2459.180s][debug][gc,phases      ] GC(113)     Dead                           Min: 0, Avg:  0.0, Max: 0, Diff: 0, Sum: 0, Workers: 4
[2459.180s][debug][gc,phases      ] GC(113)     Total                          Min: 3883, Avg: 4074.2, Max: 4156, Diff: 273, Sum: 16297, Workers: 4
[2459.180s][debug][gc,phases      ] GC(113)   JNI Weak                       Min:  0.0, Avg:  0.0, Max:  0.0, Diff:  0.0, Sum:  0.0, Workers: 4
[2459.180s][debug][gc,phases      ] GC(113)     Dead                           Min: 0, Avg:  0.0, Max: 0, Diff: 0, Sum: 0, Workers: 4
[2459.180s][debug][gc,phases      ] GC(113)     Total                          Min: 0, Avg: 13.0, Max: 52, Diff: 52, Sum: 52, Workers: 4
[2459.180s][debug][gc,phases      ] GC(113)   StringDedup Table Weak         Min:  0.0, Avg:  0.0, Max:  0.0, Diff:  0.0, Sum:  0.0, Workers: 4
[2459.180s][debug][gc,phases      ] GC(113)     Dead                           Min: 0, Avg:  0.0, Max: 0, Diff: 0, Sum: 0, Workers: 4
[2459.180s][debug][gc,phases      ] GC(113)     Total                          Min: 0, Avg:  0.0, Max: 0, Diff: 0, Sum: 0, Workers: 4
[2459.180s][debug][gc,phases      ] GC(113)   StringDedup Requests0 Weak     Min:  0.0, Avg:  0.0, Max:  0.0, Diff:  0.0, Sum:  0.0, Workers: 4
[2459.180s][debug][gc,phases      ] GC(113)     Dead                           Min: 0, Avg:  0.0, Max: 0, Diff: 0, Sum: 0, Workers: 4
[2459.180s][debug][gc,phases      ] GC(113)     Total                          Min: 0, Avg:  0.0, Max: 0, Diff: 0, Sum: 0, Workers: 4
[2459.180s][debug][gc,phases      ] GC(113)   StringDedup Requests1 Weak     Min:  0.0, Avg:  0.0, Max:  0.0, Diff:  0.0, Sum:  0.0, Workers: 4
[2459.180s][debug][gc,phases      ] GC(113)     Dead                           Min: 0, Avg:  0.0, Max: 0, Diff: 0, Sum: 0, Workers: 4
[2459.180s][debug][gc,phases      ] GC(113)     Total                          Min: 0, Avg:  0.0, Max: 0, Diff: 0, Sum: 0, Workers: 4
[2459.180s][debug][gc,phases      ] GC(113)   Weak JFR Old Object Samples    Min:  0.0, Avg:  0.0, Max:  0.0, Diff:  0.0, Sum:  0.0, Workers: 4
[2459.180s][debug][gc,phases      ] GC(113)     Dead                           Min: 0, Avg:  0.0, Max: 0, Diff: 0, Sum: 0, Workers: 4
[2459.180s][debug][gc,phases      ] GC(113)     Total                          Min: 0, Avg:  0.0, Max: 0, Diff: 0, Sum: 0, Workers: 4
[2459.180s][debug][gc,phases      ] GC(113) Weak Processing 0.346ms
[2459.180s][debug][gc,age         ] GC(113) Desired survivor size 51380224 bytes, new threshold 1 (max threshold 15)
[2459.180s][info ][gc,heap        ] GC(113) PSYoungGen: 2016416K(2045440K)->26032K(2043392K) Eden: 1991680K(1991680K)->0K(1991680K) From: 24736K(53760K)->26032K(51712K)
[2459.180s][info ][gc,heap        ] GC(113) ParOldGen: 1221436K(1221632K)->1243046K(1243136K)
[2459.180s][info ][gc,metaspace   ] GC(113) Metaspace: 110018K(111424K)->110018K(111424K) NonClass: 93562K(94400K)->93562K(94400K) Class: 16455K(17024K)->16455K(17024K)
[2459.180s][info ][gc             ] GC(113) Pause Young (Allocation Failure) 3161M->1239M(3209M) 23.617ms
[2459.181s][info ][gc,cpu         ] GC(113) User=0.07s Sys=0.01s Real=0.03s
[2459.181s][info ][safepoint      ] Safepoint "ParallelGCFailedAllocation", Time since last: 287846527 ns, Reaching safepoint: 5200 ns, Cleanup: 10200 ns, At safepoint: 23700817 ns, Total: 23716217 ns
[2460.181s][info ][safepoint      ] Safepoint "Cleanup", Time since last: 1000093326 ns, Reaching safepoint: 6000 ns, Cleanup: 31501 ns, At safepoint: 2500 ns, Total: 40001 ns
[2461.998s][info ][safepoint      ] Safepoint "Cleanup", Time since last: 1817150009 ns, Reaching safepoint: 5900 ns, Cleanup: 11500 ns, At safepoint: 16700 ns, Total: 34100 ns
[2463.998s][info ][safepoint      ] Safepoint "Cleanup", Time since last: 2000171710 ns, Reaching safepoint: 6600 ns, Cleanup: 12600 ns, At safepoint: 2800 ns, Total: 22000 ns
[2464.998s][info ][safepoint      ] Safepoint "Cleanup", Time since last: 1000099806 ns, Reaching safepoint: 6300 ns, Cleanup: 7900 ns, At safepoint: 2600 ns, Total: 16800 ns
[2465.998s][info ][safepoint      ] Safepoint "Cleanup", Time since last: 1000099205 ns, Reaching safepoint: 5700 ns, Cleanup: 12200 ns, At safepoint: 2300 ns, Total: 20200 ns
[2467.998s][info ][safepoint      ] Safepoint "Cleanup", Time since last: 2000170210 ns, Reaching safepoint: 6300 ns, Cleanup: 10901 ns, At safepoint: 2600 ns, Total: 19801 ns
[2469.999s][info ][safepoint      ] Safepoint "Cleanup", Time since last: 2000171519 ns, Reaching safepoint: 6000 ns, Cleanup: 7400 ns, At safepoint: 2501 ns, Total: 15901 ns
[2471.999s][info ][safepoint      ] Safepoint "Cleanup", Time since last: 2000194079 ns, Reaching safepoint: 7300 ns, Cleanup: 12200 ns, At safepoint: 2800 ns, Total: 22300 ns
[2472.999s][info ][safepoint      ] Safepoint "Cleanup", Time since last: 1000109340 ns, Reaching safepoint: 6200 ns, Cleanup: 19200 ns, At safepoint: 2900 ns, Total: 28300 ns
[2473.999s][info ][safepoint      ] Safepoint "Cleanup", Time since last: 1000101040 ns, Reaching safepoint: 6400 ns, Cleanup: 12300 ns, At safepoint: 2800 ns, Total: 21500 ns
[2474.999s][info ][safepoint      ] Safepoint "Cleanup", Time since last: 1000107740 ns, Reaching safepoint: 6000 ns, Cleanup: 10800 ns, At safepoint: 2700 ns, Total: 19500 ns
[2475.999s][info ][safepoint      ] Safepoint "Cleanup", Time since last: 1000096640 ns, Reaching safepoint: 5500 ns, Cleanup: 13300 ns, At safepoint: 2500 ns, Total: 21300 ns
[2476.999s][info ][safepoint      ] Safepoint "Cleanup", Time since last: 1000095940 ns, Reaching safepoint: 5600 ns, Cleanup: 9200 ns, At safepoint: 2500 ns, Total: 17300 ns
[2480.000s][info ][safepoint      ] Safepoint "Cleanup", Time since last: 3000242148 ns, Reaching safepoint: 6200 ns, Cleanup: 12800 ns, At safepoint: 2400 ns, Total: 21400 ns
[2480.563s][info ][gc,start       ] GC(114) Pause Young (Allocation Failure)
[2480.584s][debug][gc,phases      ] GC(114) Scavenge 21.372ms
[2480.584s][debug][gc,ref         ] GC(114) ReferenceProcessor::execute queues: 1, RefProcThreadModel::Single, marks_oops_alive: false
[2480.584s][debug][gc,ref         ] GC(114) Skipped KeepAliveFinalRefsPhase of Reference Processing: no references
[2480.584s][debug][gc,ref         ] GC(114) Skipped PhantomRefsPhase of Reference Processing: no references
[2480.584s][debug][gc,phases      ] GC(114) Reference Processing 0.093ms
[2480.585s][debug][gc,phases      ] GC(114)   VM Weak                        Min:  0.0, Avg:  0.0, Max:  0.0, Diff:  0.0, Sum:  0.0, Workers: 4
[2480.585s][debug][gc,phases      ] GC(114)     Dead                           Min: 0, Avg:  0.0, Max: 0, Diff: 0, Sum: 0, Workers: 4
[2480.585s][debug][gc,phases      ] GC(114)     Total                          Min: 0, Avg: 273.5, Max: 576, Diff: 576, Sum: 1094, Workers: 4
[2480.585s][debug][gc,phases      ] GC(114)   ObjectSynchronizer Weak        Min:  0.0, Avg:  0.0, Max:  0.0, Diff:  0.0, Sum:  0.0, Workers: 4
[2480.585s][debug][gc,phases      ] GC(114)     Dead                           Min: 0, Avg:  0.0, Max: 0, Diff: 0, Sum: 0, Workers: 4
[2480.585s][debug][gc,phases      ] GC(114)     Total                          Min: 0, Avg:  1.2, Max: 5, Diff: 5, Sum: 5, Workers: 4
[2480.585s][debug][gc,phases      ] GC(114)   JVMTI Tag Weak OopStorage      Min:  0.0, Avg:  0.0, Max:  0.0, Diff:  0.0, Sum:  0.0, Workers: 4
[2480.585s][debug][gc,phases      ] GC(114)     Dead                           Min: 0, Avg:  0.0, Max: 0, Diff: 0, Sum: 0, Workers: 4
[2480.585s][debug][gc,phases      ] GC(114)     Total                          Min: 0, Avg:  0.0, Max: 0, Diff: 0, Sum: 0, Workers: 4
[2480.585s][debug][gc,phases      ] GC(114)   StringTable Weak               Min:  0.0, Avg:  0.1, Max:  0.1, Diff:  0.1, Sum:  0.4, Workers: 4
[2480.585s][debug][gc,phases      ] GC(114)     Dead                           Min: 0, Avg:  0.0, Max: 0, Diff: 0, Sum: 0, Workers: 4
[2480.585s][debug][gc,phases      ] GC(114)     Total                          Min: 0, Avg: 11847.0, Max: 20638, Diff: 20638, Sum: 47388, Workers: 4
[2480.585s][debug][gc,phases      ] GC(114)   ResolvedMethodTable Weak       Min:  0.0, Avg:  0.0, Max:  0.0, Diff:  0.0, Sum:  0.1, Workers: 4
[2480.585s][debug][gc,phases      ] GC(114)     Dead                           Min: 0, Avg:  4.0, Max: 13, Diff: 13, Sum: 16, Workers: 4
[2480.585s][debug][gc,phases      ] GC(114)     Total                          Min: 0, Avg: 4074.2, Max: 6932, Diff: 6932, Sum: 16297, Workers: 4
[2480.585s][debug][gc,phases      ] GC(114)   JNI Weak                       Min:  0.0, Avg:  0.0, Max:  0.0, Diff:  0.0, Sum:  0.0, Workers: 4
[2480.585s][debug][gc,phases      ] GC(114)     Dead                           Min: 0, Avg:  0.0, Max: 0, Diff: 0, Sum: 0, Workers: 4
[2480.585s][debug][gc,phases      ] GC(114)     Total                          Min: 0, Avg: 13.0, Max: 52, Diff: 52, Sum: 52, Workers: 4
[2480.585s][debug][gc,phases      ] GC(114)   StringDedup Table Weak         Min:  0.0, Avg:  0.0, Max:  0.0, Diff:  0.0, Sum:  0.0, Workers: 4
[2480.585s][debug][gc,phases      ] GC(114)     Dead                           Min: 0, Avg:  0.0, Max: 0, Diff: 0, Sum: 0, Workers: 4
[2480.585s][debug][gc,phases      ] GC(114)     Total                          Min: 0, Avg:  0.0, Max: 0, Diff: 0, Sum: 0, Workers: 4
[2480.585s][debug][gc,phases      ] GC(114)   StringDedup Requests0 Weak     Min:  0.0, Avg:  0.0, Max:  0.0, Diff:  0.0, Sum:  0.0, Workers: 4
[2480.585s][debug][gc,phases      ] GC(114)     Dead                           Min: 0, Avg:  0.0, Max: 0, Diff: 0, Sum: 0, Workers: 4
[2480.585s][debug][gc,phases      ] GC(114)     Total                          Min: 0, Avg:  0.0, Max: 0, Diff: 0, Sum: 0, Workers: 4
[2480.585s][debug][gc,phases      ] GC(114)   StringDedup Requests1 Weak     Min:  0.0, Avg:  0.0, Max:  0.0, Diff:  0.0, Sum:  0.0, Workers: 4
[2480.585s][debug][gc,phases      ] GC(114)     Dead                           Min: 0, Avg:  0.0, Max: 0, Diff: 0, Sum: 0, Workers: 4
[2480.585s][debug][gc,phases      ] GC(114)     Total                          Min: 0, Avg:  0.0, Max: 0, Diff: 0, Sum: 0, Workers: 4
[2480.585s][debug][gc,phases      ] GC(114)   Weak JFR Old Object Samples    Min:  0.0, Avg:  0.0, Max:  0.0, Diff:  0.0, Sum:  0.0, Workers: 4
[2480.585s][debug][gc,phases      ] GC(114)     Dead                           Min: 0, Avg:  0.0, Max: 0, Diff: 0, Sum: 0, Workers: 4
[2480.585s][debug][gc,phases      ] GC(114)     Total                          Min: 0, Avg:  0.0, Max: 0, Diff: 0, Sum: 0, Workers: 4
[2480.585s][debug][gc,phases      ] GC(114) Weak Processing 0.339ms
[2480.585s][debug][gc,age         ] GC(114) Desired survivor size 50331648 bytes, new threshold 1 (max threshold 15)
[2480.585s][info ][gc,heap        ] GC(114) PSYoungGen: 2017712K(2043392K)->19856K(2048000K) Eden: 1991680K(1991680K)->0K(1997824K) From: 26032K(51712K)->19856K(50176K)
[2480.585s][info ][gc,heap        ] GC(114) ParOldGen: 1243046K(1243136K)->1266246K(1266688K)
[2480.585s][info ][gc,metaspace   ] GC(114) Metaspace: 110037K(111424K)->110037K(111424K) NonClass: 93581K(94400K)->93581K(94400K) Class: 16455K(17024K)->16455K(17024K)
[2480.585s][info ][gc             ] GC(114) Pause Young (Allocation Failure) 3184M->1255M(3237M) 21.947ms
[2480.585s][info ][gc,cpu         ] GC(114) User=0.07s Sys=0.01s Real=0.02s
[2480.585s][info ][safepoint      ] Safepoint "ParallelGCFailedAllocation", Time since last: 562931470 ns, Reaching safepoint: 81901 ns, Cleanup: 4200 ns, At safepoint: 22026190 ns, Total: 22112291 ns
[2482.585s][info ][safepoint      ] Safepoint "Cleanup", Time since last: 2000147904 ns, Reaching safepoint: 5700 ns, Cleanup: 10000 ns, At safepoint: 2600 ns, Total: 18300 ns
[2483.585s][info ][safepoint      ] Safepoint "Cleanup", Time since last: 1000099152 ns, Reaching safepoint: 5901 ns, Cleanup: 17800 ns, At safepoint: 3000 ns, Total: 26701 ns
[2485.585s][info ][safepoint      ] Safepoint "Cleanup", Time since last: 2000181538 ns, Reaching safepoint: 6800 ns, Cleanup: 8900 ns, At safepoint: 22800 ns, Total: 38500 ns
[2486.585s][info ][safepoint      ] Safepoint "Cleanup", Time since last: 1000100683 ns, Reaching safepoint: 6100 ns, Cleanup: 9500 ns, At safepoint: 2300 ns, Total: 17900 ns
[2487.586s][info ][safepoint      ] Safepoint "Cleanup", Time since last: 1000104383 ns, Reaching safepoint: 6200 ns, Cleanup: 7200 ns, At safepoint: 2800 ns, Total: 16200 ns
[2488.586s][info ][safepoint      ] Safepoint "Cleanup", Time since last: 1000105383 ns, Reaching safepoint: 7100 ns, Cleanup: 12300 ns, At safepoint: 2800 ns, Total: 22200 ns
[2489.586s][info ][safepoint      ] Safepoint "Cleanup", Time since last: 1000114728 ns, Reaching safepoint: 5900 ns, Cleanup: 14200 ns, At safepoint: 2700 ns, Total: 22800 ns
[2492.586s][info ][safepoint      ] Safepoint "Cleanup", Time since last: 3000254258 ns, Reaching safepoint: 5700 ns, Cleanup: 7500 ns, At safepoint: 2700 ns, Total: 15900 ns
[2493.586s][info ][safepoint      ] Safepoint "Cleanup", Time since last: 1000103380 ns, Reaching safepoint: 6200 ns, Cleanup: 9400 ns, At safepoint: 2900 ns, Total: 18500 ns
[2495.586s][info ][safepoint      ] Safepoint "Cleanup", Time since last: 2000174831 ns, Reaching safepoint: 6200 ns, Cleanup: 16800 ns, At safepoint: 3000 ns, Total: 26000 ns
[2496.587s][info ][safepoint      ] Safepoint "Cleanup", Time since last: 1000105866 ns, Reaching safepoint: 5700 ns, Cleanup: 9200 ns, At safepoint: 2900 ns, Total: 17800 ns
[2498.587s][info ][safepoint      ] Safepoint "Cleanup", Time since last: 2000186632 ns, Reaching safepoint: 6100 ns, Cleanup: 10100 ns, At safepoint: 2900 ns, Total: 19100 ns
[2499.587s][info ][safepoint      ] Safepoint "Cleanup", Time since last: 1000116066 ns, Reaching safepoint: 5900 ns, Cleanup: 8700 ns, At safepoint: 2900 ns, Total: 17500 ns
[2504.587s][info ][safepoint      ] Safepoint "Cleanup", Time since last: 5000390345 ns, Reaching safepoint: 5500 ns, Cleanup: 8000 ns, At safepoint: 2600 ns, Total: 16100 ns
[2506.587s][info ][safepoint      ] Safepoint "Cleanup", Time since last: 2000172917 ns, Reaching safepoint: 6600 ns, Cleanup: 12501 ns, At safepoint: 2600 ns, Total: 21701 ns
[2509.588s][info ][safepoint      ] Safepoint "Cleanup", Time since last: 3000280290 ns, Reaching safepoint: 6300 ns, Cleanup: 9900 ns, At safepoint: 3100 ns, Total: 19300 ns
[2510.588s][info ][safepoint      ] Safepoint "Cleanup", Time since last: 1000101719 ns, Reaching safepoint: 5600 ns, Cleanup: 10300 ns, At safepoint: 2600 ns, Total: 18500 ns
[2511.588s][info ][safepoint      ] Safepoint "Cleanup", Time since last: 1000092719 ns, Reaching safepoint: 5600 ns, Cleanup: 12800 ns, At safepoint: 2600 ns, Total: 21000 ns
[2512.566s][info ][gc,start       ] GC(115) Pause Young (Allocation Failure)
[2512.580s][debug][gc,phases      ] GC(115) Scavenge 14.066ms
[2512.580s][debug][gc,ref         ] GC(115) ReferenceProcessor::execute queues: 1, RefProcThreadModel::Single, marks_oops_alive: false
[2512.580s][debug][gc,ref         ] GC(115) Skipped KeepAliveFinalRefsPhase of Reference Processing: no references
[2512.580s][debug][gc,ref         ] GC(115) Skipped PhantomRefsPhase of Reference Processing: no references
[2512.580s][debug][gc,phases      ] GC(115) Reference Processing 0.093ms
[2512.581s][debug][gc,phases      ] GC(115)   VM Weak                        Min:  0.0, Avg:  0.0, Max:  0.0, Diff:  0.0, Sum:  0.0, Workers: 4
[2512.581s][debug][gc,phases      ] GC(115)     Dead                           Min: 0, Avg:  0.0, Max: 0, Diff: 0, Sum: 0, Workers: 4
[2512.581s][debug][gc,phases      ] GC(115)     Total                          Min: 0, Avg: 273.5, Max: 704, Diff: 704, Sum: 1094, Workers: 4
[2512.581s][debug][gc,phases      ] GC(115)   ObjectSynchronizer Weak        Min:  0.0, Avg:  0.0, Max:  0.0, Diff:  0.0, Sum:  0.0, Workers: 4
[2512.581s][debug][gc,phases      ] GC(115)     Dead                           Min: 0, Avg:  0.0, Max: 0, Diff: 0, Sum: 0, Workers: 4
[2512.581s][debug][gc,phases      ] GC(115)     Total                          Min: 0, Avg:  1.5, Max: 6, Diff: 6, Sum: 6, Workers: 4
[2512.581s][debug][gc,phases      ] GC(115)   JVMTI Tag Weak OopStorage      Min:  0.0, Avg:  0.0, Max:  0.0, Diff:  0.0, Sum:  0.0, Workers: 4
[2512.581s][debug][gc,phases      ] GC(115)     Dead                           Min: 0, Avg:  0.0, Max: 0, Diff: 0, Sum: 0, Workers: 4
[2512.581s][debug][gc,phases      ] GC(115)     Total                          Min: 0, Avg:  0.0, Max: 0, Diff: 0, Sum: 0, Workers: 4
[2512.581s][debug][gc,phases      ] GC(115)   StringTable Weak               Min:  0.0, Avg:  0.1, Max:  0.1, Diff:  0.1, Sum:  0.4, Workers: 4
[2512.581s][debug][gc,phases      ] GC(115)     Dead                           Min: 0, Avg:  0.0, Max: 0, Diff: 0, Sum: 0, Workers: 4
[2512.581s][debug][gc,phases      ] GC(115)     Total                          Min: 0, Avg: 11847.2, Max: 20446, Diff: 20446, Sum: 47389, Workers: 4
[2512.581s][debug][gc,phases      ] GC(115)   ResolvedMethodTable Weak       Min:  0.0, Avg:  0.0, Max:  0.0, Diff:  0.0, Sum:  0.1, Workers: 4
[2512.581s][debug][gc,phases      ] GC(115)     Dead                           Min: 0, Avg:  4.0, Max: 12, Diff: 12, Sum: 16, Workers: 4
[2512.581s][debug][gc,phases      ] GC(115)     Total                          Min: 0, Avg: 4074.2, Max: 6815, Diff: 6815, Sum: 16297, Workers: 4
[2512.581s][debug][gc,phases      ] GC(115)   JNI Weak                       Min:  0.0, Avg:  0.0, Max:  0.0, Diff:  0.0, Sum:  0.0, Workers: 4
[2512.581s][debug][gc,phases      ] GC(115)     Dead                           Min: 0, Avg:  0.0, Max: 0, Diff: 0, Sum: 0, Workers: 4
[2512.581s][debug][gc,phases      ] GC(115)     Total                          Min: 0, Avg: 13.0, Max: 52, Diff: 52, Sum: 52, Workers: 4
[2512.581s][debug][gc,phases      ] GC(115)   StringDedup Table Weak         Min:  0.0, Avg:  0.0, Max:  0.0, Diff:  0.0, Sum:  0.0, Workers: 4
[2512.581s][debug][gc,phases      ] GC(115)     Dead                           Min: 0, Avg:  0.0, Max: 0, Diff: 0, Sum: 0, Workers: 4
[2512.581s][debug][gc,phases      ] GC(115)     Total                          Min: 0, Avg:  0.0, Max: 0, Diff: 0, Sum: 0, Workers: 4
[2512.581s][debug][gc,phases      ] GC(115)   StringDedup Requests0 Weak     Min:  0.0, Avg:  0.0, Max:  0.0, Diff:  0.0, Sum:  0.0, Workers: 4
[2512.581s][debug][gc,phases      ] GC(115)     Dead                           Min: 0, Avg:  0.0, Max: 0, Diff: 0, Sum: 0, Workers: 4
[2512.581s][debug][gc,phases      ] GC(115)     Total                          Min: 0, Avg:  0.0, Max: 0, Diff: 0, Sum: 0, Workers: 4
[2512.581s][debug][gc,phases      ] GC(115)   StringDedup Requests1 Weak     Min:  0.0, Avg:  0.0, Max:  0.0, Diff:  0.0, Sum:  0.0, Workers: 4
[2512.581s][debug][gc,phases      ] GC(115)     Dead                           Min: 0, Avg:  0.0, Max: 0, Diff: 0, Sum: 0, Workers: 4
[2512.581s][debug][gc,phases      ] GC(115)     Total                          Min: 0, Avg:  0.0, Max: 0, Diff: 0, Sum: 0, Workers: 4
[2512.581s][debug][gc,phases      ] GC(115)   Weak JFR Old Object Samples    Min:  0.0, Avg:  0.0, Max:  0.0, Diff:  0.0, Sum:  0.0, Workers: 4
[2512.581s][debug][gc,phases      ] GC(115)     Dead                           Min: 0, Avg:  0.0, Max: 0, Diff: 0, Sum: 0, Workers: 4
[2512.581s][debug][gc,phases      ] GC(115)     Total                          Min: 0, Avg:  0.0, Max: 0, Diff: 0, Sum: 0, Workers: 4
[2512.581s][debug][gc,phases      ] GC(115) Weak Processing 0.346ms
[2512.581s][debug][gc,age         ] GC(115) Desired survivor size 51904512 bytes, new threshold 1 (max threshold 15)
[2512.581s][info ][gc,heap        ] GC(115) PSYoungGen: 2017680K(2048000K)->8496K(2006528K) Eden: 1997824K(1997824K)->0K(1997824K) From: 19856K(50176K)->8496K(8704K)
[2512.581s][info ][gc,heap        ] GC(115) ParOldGen: 1266246K(1266688K)->1281859K(1282048K)
[2512.581s][info ][gc,metaspace   ] GC(115) Metaspace: 110050K(111424K)->110050K(111424K) NonClass: 93594K(94400K)->93594K(94400K) Class: 16456K(17024K)->16456K(17024K)
[2512.581s][info ][gc             ] GC(115) Pause Young (Allocation Failure) 3206M->1260M(3211M) 14.646ms
[2512.581s][info ][gc,cpu         ] GC(115) User=0.04s Sys=0.01s Real=0.02s
[2512.581s][info ][safepoint      ] Safepoint "ParallelGCFailedAllocation", Time since last: 978170839 ns, Reaching safepoint: 5500 ns, Cleanup: 3800 ns, At safepoint: 14717321 ns, Total: 14726621 ns
[2515.581s][info ][safepoint      ] Safepoint "Cleanup", Time since last: 3000232757 ns, Reaching safepoint: 79900 ns, Cleanup: 8500 ns, At safepoint: 7100 ns, Total: 95500 ns
[2516.581s][info ][safepoint      ] Safepoint "Cleanup", Time since last: 1000106819 ns, Reaching safepoint: 78301 ns, Cleanup: 21800 ns, At safepoint: 6800 ns, Total: 106901 ns
[2524.021s][info ][safepoint      ] Safepoint "Cleanup", Time since last: 7439478047 ns, Reaching safepoint: 6800 ns, Cleanup: 15000 ns, At safepoint: 2600 ns, Total: 24400 ns
[2527.021s][info ][safepoint      ] Safepoint "Cleanup", Time since last: 3000247396 ns, Reaching safepoint: 6400 ns, Cleanup: 9900 ns, At safepoint: 2300 ns, Total: 18600 ns
[2533.022s][info ][safepoint      ] Safepoint "Cleanup", Time since last: 6000458815 ns, Reaching safepoint: 81101 ns, Cleanup: 9900 ns, At safepoint: 7000 ns, Total: 98001 ns
[2537.612s][info ][gc,start       ] GC(116) Pause Young (Allocation Failure)
[2537.625s][debug][gc,phases      ] GC(116) Scavenge 12.550ms
[2537.625s][debug][gc,ref         ] GC(116) ReferenceProcessor::execute queues: 1, RefProcThreadModel::Single, marks_oops_alive: false
[2537.625s][debug][gc,ref         ] GC(116) Skipped KeepAliveFinalRefsPhase of Reference Processing: no references
[2537.625s][debug][gc,ref         ] GC(116) Skipped PhantomRefsPhase of Reference Processing: no references
[2537.625s][debug][gc,phases      ] GC(116) Reference Processing 0.088ms
[2537.625s][debug][gc,phases      ] GC(116)   VM Weak                        Min:  0.0, Avg:  0.0, Max:  0.0, Diff:  0.0, Sum:  0.0, Workers: 4
[2537.625s][debug][gc,phases      ] GC(116)     Dead                           Min: 0, Avg:  0.0, Max: 0, Diff: 0, Sum: 0, Workers: 4
[2537.625s][debug][gc,phases      ] GC(116)     Total                          Min: 0, Avg: 273.5, Max: 768, Diff: 768, Sum: 1094, Workers: 4
[2537.625s][debug][gc,phases      ] GC(116)   ObjectSynchronizer Weak        Min:  0.0, Avg:  0.0, Max:  0.0, Diff:  0.0, Sum:  0.0, Workers: 4
[2537.625s][debug][gc,phases      ] GC(116)     Dead                           Min: 0, Avg:  0.0, Max: 0, Diff: 0, Sum: 0, Workers: 4
[2537.625s][debug][gc,phases      ] GC(116)     Total                          Min: 0, Avg:  1.5, Max: 6, Diff: 6, Sum: 6, Workers: 4
[2537.625s][debug][gc,phases      ] GC(116)   JVMTI Tag Weak OopStorage      Min:  0.0, Avg:  0.0, Max:  0.0, Diff:  0.0, Sum:  0.0, Workers: 4
[2537.625s][debug][gc,phases      ] GC(116)     Dead                           Min: 0, Avg:  0.0, Max: 0, Diff: 0, Sum: 0, Workers: 4
[2537.625s][debug][gc,phases      ] GC(116)     Total                          Min: 0, Avg:  0.0, Max: 0, Diff: 0, Sum: 0, Workers: 4
[2537.625s][debug][gc,phases      ] GC(116)   StringTable Weak               Min:  0.0, Avg:  0.1, Max:  0.1, Diff:  0.1, Sum:  0.4, Workers: 4
[2537.625s][debug][gc,phases      ] GC(116)     Dead                           Min: 0, Avg:  0.0, Max: 0, Diff: 0, Sum: 0, Workers: 4
[2537.625s][debug][gc,phases      ] GC(116)     Total                          Min: 0, Avg: 11847.5, Max: 20672, Diff: 20672, Sum: 47390, Workers: 4
[2537.625s][debug][gc,phases      ] GC(116)   ResolvedMethodTable Weak       Min:  0.0, Avg:  0.0, Max:  0.0, Diff:  0.0, Sum:  0.1, Workers: 4
[2537.625s][debug][gc,phases      ] GC(116)     Dead                           Min: 0, Avg:  4.0, Max: 10, Diff: 10, Sum: 16, Workers: 4
[2537.625s][debug][gc,phases      ] GC(116)     Total                          Min: 0, Avg: 4074.2, Max: 6991, Diff: 6991, Sum: 16297, Workers: 4
[2537.625s][debug][gc,phases      ] GC(116)   JNI Weak                       Min:  0.0, Avg:  0.0, Max:  0.0, Diff:  0.0, Sum:  0.0, Workers: 4
[2537.625s][debug][gc,phases      ] GC(116)     Dead                           Min: 0, Avg:  0.0, Max: 0, Diff: 0, Sum: 0, Workers: 4
[2537.625s][debug][gc,phases      ] GC(116)     Total                          Min: 0, Avg: 13.0, Max: 52, Diff: 52, Sum: 52, Workers: 4
[2537.625s][debug][gc,phases      ] GC(116)   StringDedup Table Weak         Min:  0.0, Avg:  0.0, Max:  0.0, Diff:  0.0, Sum:  0.0, Workers: 4
[2537.625s][debug][gc,phases      ] GC(116)     Dead                           Min: 0, Avg:  0.0, Max: 0, Diff: 0, Sum: 0, Workers: 4
[2537.625s][debug][gc,phases      ] GC(116)     Total                          Min: 0, Avg:  0.0, Max: 0, Diff: 0, Sum: 0, Workers: 4
[2537.625s][debug][gc,phases      ] GC(116)   StringDedup Requests0 Weak     Min:  0.0, Avg:  0.0, Max:  0.0, Diff:  0.0, Sum:  0.0, Workers: 4
[2537.625s][debug][gc,phases      ] GC(116)     Dead                           Min: 0, Avg:  0.0, Max: 0, Diff: 0, Sum: 0, Workers: 4
[2537.625s][debug][gc,phases      ] GC(116)     Total                          Min: 0, Avg:  0.0, Max: 0, Diff: 0, Sum: 0, Workers: 4
[2537.625s][debug][gc,phases      ] GC(116)   StringDedup Requests1 Weak     Min:  0.0, Avg:  0.0, Max:  0.0, Diff:  0.0, Sum:  0.0, Workers: 4
[2537.625s][debug][gc,phases      ] GC(116)     Dead                           Min: 0, Avg:  0.0, Max: 0, Diff: 0, Sum: 0, Workers: 4
[2537.625s][debug][gc,phases      ] GC(116)     Total                          Min: 0, Avg:  0.0, Max: 0, Diff: 0, Sum: 0, Workers: 4
[2537.625s][debug][gc,phases      ] GC(116)   Weak JFR Old Object Samples    Min:  0.0, Avg:  0.0, Max:  0.0, Diff:  0.0, Sum:  0.0, Workers: 4
[2537.625s][debug][gc,phases      ] GC(116)     Dead                           Min: 0, Avg:  0.0, Max: 0, Diff: 0, Sum: 0, Workers: 4
[2537.625s][debug][gc,phases      ] GC(116)     Total                          Min: 0, Avg:  0.0, Max: 0, Diff: 0, Sum: 0, Workers: 4
[2537.625s][debug][gc,phases      ] GC(116) Weak Processing 0.347ms
[2537.626s][debug][gc,age         ] GC(116) Desired survivor size 51380224 bytes, new threshold 1 (max threshold 15)
[2537.626s][info ][gc,heap        ] GC(116) PSYoungGen: 2006320K(2006528K)->13344K(2046976K) Eden: 1997824K(1997824K)->0K(1996288K) From: 8496K(8704K)->13344K(50688K)
[2537.626s][info ][gc,heap        ] GC(116) ParOldGen: 1281859K(1282048K)->1286730K(1287168K)
[2537.626s][info ][gc,metaspace   ] GC(116) Metaspace: 110059K(111424K)->110059K(111424K) NonClass: 93603K(94400K)->93603K(94400K) Class: 16456K(17024K)->16456K(17024K)
[2537.626s][info ][gc             ] GC(116) Pause Young (Allocation Failure) 3211M->1269M(3256M) 13.095ms
[2537.626s][info ][gc,cpu         ] GC(116) User=0.04s Sys=0.00s Real=0.01s
[2537.626s][info ][safepoint      ] Safepoint "ParallelGCFailedAllocation", Time since last: 4590431076 ns, Reaching safepoint: 201902 ns, Cleanup: 3700 ns, At safepoint: 13364809 ns, Total: 13570411 ns
[2540.626s][info ][safepoint      ] Safepoint "Cleanup", Time since last: 3000202541 ns, Reaching safepoint: 5300 ns, Cleanup: 6100 ns, At safepoint: 2000 ns, Total: 13400 ns
[2549.627s][info ][safepoint      ] Safepoint "Cleanup", Time since last: 9000641459 ns, Reaching safepoint: 6200 ns, Cleanup: 9400 ns, At safepoint: 2800 ns, Total: 18400 ns
[2550.627s][info ][safepoint      ] Safepoint "Cleanup", Time since last: 1000104716 ns, Reaching safepoint: 5900 ns, Cleanup: 8700 ns, At safepoint: 2600 ns, Total: 17200 ns
[2552.627s][info ][safepoint      ] Safepoint "Cleanup", Time since last: 2000174432 ns, Reaching safepoint: 6200 ns, Cleanup: 13700 ns, At safepoint: 2800 ns, Total: 22700 ns
[2564.628s][info ][safepoint      ] Safepoint "Cleanup", Time since last: 12000897737 ns, Reaching safepoint: 6300 ns, Cleanup: 10900 ns, At safepoint: 2600 ns, Total: 19800 ns
[2567.628s][info ][safepoint      ] Safepoint "Cleanup", Time since last: 3000251180 ns, Reaching safepoint: 6300 ns, Cleanup: 11400 ns, At safepoint: 2800 ns, Total: 20500 ns
[2573.629s][info ][safepoint      ] Safepoint "Cleanup", Time since last: 6000446119 ns, Reaching safepoint: 78601 ns, Cleanup: 7400 ns, At safepoint: 7600 ns, Total: 93601 ns
[2574.363s][info ][gc,start       ] GC(117) Pause Young (Allocation Failure)
[2574.378s][debug][gc,phases      ] GC(117) Scavenge 15.436ms
[2574.378s][debug][gc,ref         ] GC(117) ReferenceProcessor::execute queues: 1, RefProcThreadModel::Single, marks_oops_alive: false
[2574.378s][debug][gc,ref         ] GC(117) Skipped KeepAliveFinalRefsPhase of Reference Processing: no references
[2574.378s][debug][gc,ref         ] GC(117) ReferenceProcessor::execute queues: 1, RefProcThreadModel::Single, marks_oops_alive: false
[2574.378s][debug][gc,phases      ] GC(117) Reference Processing 0.100ms
[2574.378s][debug][gc,phases      ] GC(117)   VM Weak                        Min:  0.0, Avg:  0.0, Max:  0.0, Diff:  0.0, Sum:  0.0, Workers: 4
[2574.378s][debug][gc,phases      ] GC(117)     Dead                           Min: 0, Avg:  0.0, Max: 0, Diff: 0, Sum: 0, Workers: 4
[2574.378s][debug][gc,phases      ] GC(117)     Total                          Min: 0, Avg: 273.5, Max: 646, Diff: 646, Sum: 1094, Workers: 4
[2574.378s][debug][gc,phases      ] GC(117)   ObjectSynchronizer Weak        Min:  0.0, Avg:  0.0, Max:  0.0, Diff:  0.0, Sum:  0.0, Workers: 4
[2574.378s][debug][gc,phases      ] GC(117)     Dead                           Min: 0, Avg:  0.0, Max: 0, Diff: 0, Sum: 0, Workers: 4
[2574.378s][debug][gc,phases      ] GC(117)     Total                          Min: 0, Avg:  1.5, Max: 6, Diff: 6, Sum: 6, Workers: 4
[2574.378s][debug][gc,phases      ] GC(117)   JVMTI Tag Weak OopStorage      Min:  0.0, Avg:  0.0, Max:  0.0, Diff:  0.0, Sum:  0.0, Workers: 4
[2574.378s][debug][gc,phases      ] GC(117)     Dead                           Min: 0, Avg:  0.0, Max: 0, Diff: 0, Sum: 0, Workers: 4
[2574.378s][debug][gc,phases      ] GC(117)     Total                          Min: 0, Avg:  0.0, Max: 0, Diff: 0, Sum: 0, Workers: 4
[2574.378s][debug][gc,phases      ] GC(117)   StringTable Weak               Min:  0.0, Avg:  0.1, Max:  0.1, Diff:  0.1, Sum:  0.4, Workers: 4
[2574.378s][debug][gc,phases      ] GC(117)     Dead                           Min: 0, Avg:  0.0, Max: 0, Diff: 0, Sum: 0, Workers: 4
[2574.378s][debug][gc,phases      ] GC(117)     Total                          Min: 0, Avg: 11847.5, Max: 20064, Diff: 20064, Sum: 47390, Workers: 4
[2574.379s][debug][gc,phases      ] GC(117)   ResolvedMethodTable Weak       Min:  0.0, Avg:  0.0, Max:  0.0, Diff:  0.0, Sum:  0.1, Workers: 4
[2574.379s][debug][gc,phases      ] GC(117)     Dead                           Min: 0, Avg:  4.0, Max: 15, Diff: 15, Sum: 16, Workers: 4
[2574.379s][debug][gc,phases      ] GC(117)     Total                          Min: 0, Avg: 4074.2, Max: 6796, Diff: 6796, Sum: 16297, Workers: 4
[2574.379s][debug][gc,phases      ] GC(117)   JNI Weak                       Min:  0.0, Avg:  0.0, Max:  0.0, Diff:  0.0, Sum:  0.0, Workers: 4
[2574.379s][debug][gc,phases      ] GC(117)     Dead                           Min: 0, Avg:  0.0, Max: 0, Diff: 0, Sum: 0, Workers: 4
[2574.379s][debug][gc,phases      ] GC(117)     Total                          Min: 0, Avg: 13.0, Max: 52, Diff: 52, Sum: 52, Workers: 4
[2574.379s][debug][gc,phases      ] GC(117)   StringDedup Table Weak         Min:  0.0, Avg:  0.0, Max:  0.0, Diff:  0.0, Sum:  0.0, Workers: 4
[2574.379s][debug][gc,phases      ] GC(117)     Dead                           Min: 0, Avg:  0.0, Max: 0, Diff: 0, Sum: 0, Workers: 4
[2574.379s][debug][gc,phases      ] GC(117)     Total                          Min: 0, Avg:  0.0, Max: 0, Diff: 0, Sum: 0, Workers: 4
[2574.379s][debug][gc,phases      ] GC(117)   StringDedup Requests0 Weak     Min:  0.0, Avg:  0.0, Max:  0.0, Diff:  0.0, Sum:  0.0, Workers: 4
[2574.379s][debug][gc,phases      ] GC(117)     Dead                           Min: 0, Avg:  0.0, Max: 0, Diff: 0, Sum: 0, Workers: 4
[2574.379s][debug][gc,phases      ] GC(117)     Total                          Min: 0, Avg:  0.0, Max: 0, Diff: 0, Sum: 0, Workers: 4
[2574.379s][debug][gc,phases      ] GC(117)   StringDedup Requests1 Weak     Min:  0.0, Avg:  0.0, Max:  0.0, Diff:  0.0, Sum:  0.0, Workers: 4
[2574.379s][debug][gc,phases      ] GC(117)     Dead                           Min: 0, Avg:  0.0, Max: 0, Diff: 0, Sum: 0, Workers: 4
[2574.379s][debug][gc,phases      ] GC(117)     Total                          Min: 0, Avg:  0.0, Max: 0, Diff: 0, Sum: 0, Workers: 4
[2574.379s][debug][gc,phases      ] GC(117)   Weak JFR Old Object Samples    Min:  0.0, Avg:  0.0, Max:  0.0, Diff:  0.0, Sum:  0.0, Workers: 4
[2574.379s][debug][gc,phases      ] GC(117)     Dead                           Min: 0, Avg:  0.0, Max: 0, Diff: 0, Sum: 0, Workers: 4
[2574.379s][debug][gc,phases      ] GC(117)     Total                          Min: 0, Avg:  0.0, Max: 0, Diff: 0, Sum: 0, Workers: 4
[2574.379s][debug][gc,phases      ] GC(117) Weak Processing 0.368ms
[2574.379s][debug][gc,age         ] GC(117) Desired survivor size 50331648 bytes, new threshold 1 (max threshold 15)
[2574.379s][info ][gc,heap        ] GC(117) PSYoungGen: 2009632K(2046976K)->15217K(2046464K) Eden: 1996288K(1996288K)->0K(1996288K) From: 13344K(50688K)->15217K(50176K)
[2574.379s][info ][gc,heap        ] GC(117) ParOldGen: 1286730K(1287168K)->1296149K(1296384K)
[2574.379s][info ][gc,metaspace   ] GC(117) Metaspace: 110075K(111424K)->110075K(111424K) NonClass: 93618K(94400K)->93618K(94400K) Class: 16456K(17024K)->16456K(17024K)
[2574.379s][info ][gc             ] GC(117) Pause Young (Allocation Failure) 3219M->1280M(3264M) 16.018ms
[2574.379s][info ][gc,cpu         ] GC(117) User=0.05s Sys=0.00s Real=0.01s
[2574.379s][info ][safepoint      ] Safepoint "ParallelGCFailedAllocation", Time since last: 733772400 ns, Reaching safepoint: 81100 ns, Cleanup: 3500 ns, At safepoint: 16099012 ns, Total: 16183612 ns
[2577.379s][info ][safepoint      ] Safepoint "Cleanup", Time since last: 3000221453 ns, Reaching safepoint: 6100 ns, Cleanup: 9900 ns, At safepoint: 2200 ns, Total: 18200 ns
[2582.040s][info ][safepoint      ] Safepoint "Cleanup", Time since last: 4661347848 ns, Reaching safepoint: 6300 ns, Cleanup: 9100 ns, At safepoint: 2100 ns, Total: 17500 ns
[2585.041s][info ][safepoint      ] Safepoint "Cleanup", Time since last: 3000253455 ns, Reaching safepoint: 6100 ns, Cleanup: 10900 ns, At safepoint: 3000 ns, Total: 20000 ns
[2587.041s][info ][safepoint      ] Safepoint "Cleanup", Time since last: 2000181337 ns, Reaching safepoint: 5900 ns, Cleanup: 10000 ns, At safepoint: 2800 ns, Total: 18700 ns
[2591.041s][info ][safepoint      ] Safepoint "Cleanup", Time since last: 4000322968 ns, Reaching safepoint: 5400 ns, Cleanup: 14500 ns, At safepoint: 2500 ns, Total: 22400 ns
[2593.041s][info ][safepoint      ] Safepoint "Cleanup", Time since last: 2000169530 ns, Reaching safepoint: 5500 ns, Cleanup: 7400 ns, At safepoint: 2000 ns, Total: 14900 ns
[2595.041s][info ][safepoint      ] Safepoint "Cleanup", Time since last: 2000166629 ns, Reaching safepoint: 5300 ns, Cleanup: 19100 ns, At safepoint: 2200 ns, Total: 26600 ns
[2596.042s][info ][safepoint      ] Safepoint "Cleanup", Time since last: 1000095815 ns, Reaching safepoint: 6100 ns, Cleanup: 11200 ns, At safepoint: 2500 ns, Total: 19800 ns
[2597.042s][info ][safepoint      ] Safepoint "Cleanup", Time since last: 1000105115 ns, Reaching safepoint: 5600 ns, Cleanup: 19400 ns, At safepoint: 3300 ns, Total: 28300 ns
[2599.042s][info ][safepoint      ] Safepoint "Cleanup", Time since last: 2000174034 ns, Reaching safepoint: 5000 ns, Cleanup: 14200 ns, At safepoint: 2200 ns, Total: 21400 ns
[2600.042s][info ][safepoint      ] Safepoint "Cleanup", Time since last: 1000103318 ns, Reaching safepoint: 6100 ns, Cleanup: 11000 ns, At safepoint: 2300 ns, Total: 19400 ns
[2601.042s][info ][safepoint      ] Safepoint "Cleanup", Time since last: 1000106417 ns, Reaching safepoint: 5600 ns, Cleanup: 12700 ns, At safepoint: 2300 ns, Total: 20600 ns
[2602.042s][info ][safepoint      ] Safepoint "Cleanup", Time since last: 1000113518 ns, Reaching safepoint: 7600 ns, Cleanup: 9700 ns, At safepoint: 3900 ns, Total: 21200 ns
[2605.043s][info ][safepoint      ] Safepoint "Cleanup", Time since last: 3000252152 ns, Reaching safepoint: 5600 ns, Cleanup: 9200 ns, At safepoint: 2600 ns, Total: 17400 ns
[2610.712s][info ][gc,start       ] GC(118) Pause Young (Allocation Failure)
[2610.728s][debug][gc,phases      ] GC(118) Scavenge 15.852ms
[2610.728s][debug][gc,ref         ] GC(118) ReferenceProcessor::execute queues: 1, RefProcThreadModel::Single, marks_oops_alive: false
[2610.728s][debug][gc,ref         ] GC(118) Skipped KeepAliveFinalRefsPhase of Reference Processing: no references
[2610.728s][debug][gc,ref         ] GC(118) ReferenceProcessor::execute queues: 1, RefProcThreadModel::Single, marks_oops_alive: false
[2610.728s][debug][gc,phases      ] GC(118) Reference Processing 0.098ms
[2610.728s][debug][gc,phases      ] GC(118)   VM Weak                        Min:  0.0, Avg:  0.0, Max:  0.0, Diff:  0.0, Sum:  0.0, Workers: 4
[2610.728s][debug][gc,phases      ] GC(118)     Dead                           Min: 0, Avg:  0.0, Max: 0, Diff: 0, Sum: 0, Workers: 4
[2610.728s][debug][gc,phases      ] GC(118)     Total                          Min: 0, Avg: 275.8, Max: 975, Diff: 975, Sum: 1103, Workers: 4
[2610.728s][debug][gc,phases      ] GC(118)   ObjectSynchronizer Weak        Min:  0.0, Avg:  0.0, Max:  0.0, Diff:  0.0, Sum:  0.0, Workers: 4
[2610.728s][debug][gc,phases      ] GC(118)     Dead                           Min: 0, Avg:  0.0, Max: 0, Diff: 0, Sum: 0, Workers: 4
[2610.728s][debug][gc,phases      ] GC(118)     Total                          Min: 0, Avg:  1.8, Max: 7, Diff: 7, Sum: 7, Workers: 4
[2610.728s][debug][gc,phases      ] GC(118)   JVMTI Tag Weak OopStorage      Min:  0.0, Avg:  0.0, Max:  0.0, Diff:  0.0, Sum:  0.0, Workers: 4
[2610.728s][debug][gc,phases      ] GC(118)     Dead                           Min: 0, Avg:  0.0, Max: 0, Diff: 0, Sum: 0, Workers: 4
[2610.728s][debug][gc,phases      ] GC(118)     Total                          Min: 0, Avg:  0.0, Max: 0, Diff: 0, Sum: 0, Workers: 4
[2610.728s][debug][gc,phases      ] GC(118)   StringTable Weak               Min:  0.0, Avg:  0.1, Max:  0.1, Diff:  0.1, Sum:  0.4, Workers: 4
[2610.728s][debug][gc,phases      ] GC(118)     Dead                           Min: 0, Avg:  0.2, Max: 1, Diff: 1, Sum: 1, Workers: 4
[2610.728s][debug][gc,phases      ] GC(118)     Total                          Min: 0, Avg: 11852.0, Max: 20608, Diff: 20608, Sum: 47408, Workers: 4
[2610.728s][debug][gc,phases      ] GC(118)   ResolvedMethodTable Weak       Min:  0.0, Avg:  0.0, Max:  0.0, Diff:  0.0, Sum:  0.1, Workers: 4
[2610.728s][debug][gc,phases      ] GC(118)     Dead                           Min: 0, Avg:  6.0, Max: 16, Diff: 16, Sum: 24, Workers: 4
[2610.728s][debug][gc,phases      ] GC(118)     Total                          Min: 0, Avg: 4086.0, Max: 7057, Diff: 7057, Sum: 16344, Workers: 4
[2610.729s][debug][gc,phases      ] GC(118)   JNI Weak                       Min:  0.0, Avg:  0.0, Max:  0.0, Diff:  0.0, Sum:  0.0, Workers: 4
[2610.729s][debug][gc,phases      ] GC(118)     Dead                           Min: 0, Avg:  0.0, Max: 0, Diff: 0, Sum: 0, Workers: 4
[2610.729s][debug][gc,phases      ] GC(118)     Total                          Min: 0, Avg: 13.0, Max: 52, Diff: 52, Sum: 52, Workers: 4
[2610.729s][debug][gc,phases      ] GC(118)   StringDedup Table Weak         Min:  0.0, Avg:  0.0, Max:  0.0, Diff:  0.0, Sum:  0.0, Workers: 4
[2610.729s][debug][gc,phases      ] GC(118)     Dead                           Min: 0, Avg:  0.0, Max: 0, Diff: 0, Sum: 0, Workers: 4
[2610.729s][debug][gc,phases      ] GC(118)     Total                          Min: 0, Avg:  0.0, Max: 0, Diff: 0, Sum: 0, Workers: 4
[2610.729s][debug][gc,phases      ] GC(118)   StringDedup Requests0 Weak     Min:  0.0, Avg:  0.0, Max:  0.0, Diff:  0.0, Sum:  0.0, Workers: 4
[2610.729s][debug][gc,phases      ] GC(118)     Dead                           Min: 0, Avg:  0.0, Max: 0, Diff: 0, Sum: 0, Workers: 4
[2610.729s][debug][gc,phases      ] GC(118)     Total                          Min: 0, Avg:  0.0, Max: 0, Diff: 0, Sum: 0, Workers: 4
[2610.729s][debug][gc,phases      ] GC(118)   StringDedup Requests1 Weak     Min:  0.0, Avg:  0.0, Max:  0.0, Diff:  0.0, Sum:  0.0, Workers: 4
[2610.729s][debug][gc,phases      ] GC(118)     Dead                           Min: 0, Avg:  0.0, Max: 0, Diff: 0, Sum: 0, Workers: 4
[2610.729s][debug][gc,phases      ] GC(118)     Total                          Min: 0, Avg:  0.0, Max: 0, Diff: 0, Sum: 0, Workers: 4
[2610.729s][debug][gc,phases      ] GC(118)   Weak JFR Old Object Samples    Min:  0.0, Avg:  0.0, Max:  0.0, Diff:  0.0, Sum:  0.0, Workers: 4
[2610.729s][debug][gc,phases      ] GC(118)     Dead                           Min: 0, Avg:  0.0, Max: 0, Diff: 0, Sum: 0, Workers: 4
[2610.729s][debug][gc,phases      ] GC(118)     Total                          Min: 0, Avg:  0.0, Max: 0, Diff: 0, Sum: 0, Workers: 4
[2610.729s][debug][gc,phases      ] GC(118) Weak Processing 0.366ms
[2610.729s][debug][gc,age         ] GC(118) Desired survivor size 49807360 bytes, new threshold 1 (max threshold 15)
[2610.729s][info ][gc,heap        ] GC(118) PSYoungGen: 2011505K(2046464K)->12689K(2048512K) Eden: 1996288K(1996288K)->0K(1999360K) From: 15217K(50176K)->12689K(49152K)
[2610.729s][info ][gc,heap        ] GC(118) ParOldGen: 1296149K(1296384K)->1306544K(1306624K)
[2610.729s][info ][gc,metaspace   ] GC(118) Metaspace: 110134K(111552K)->110134K(111552K) NonClass: 93660K(94464K)->93660K(94464K) Class: 16473K(17088K)->16473K(17088K)
[2610.729s][info ][gc             ] GC(118) Pause Young (Allocation Failure) 3230M->1288M(3276M) 16.426ms
[2610.729s][info ][gc,cpu         ] GC(118) User=0.04s Sys=0.01s Real=0.01s
[2610.729s][info ][safepoint      ] Safepoint "ParallelGCFailedAllocation", Time since last: 5669573569 ns, Reaching safepoint: 5100 ns, Cleanup: 3300 ns, At safepoint: 16485417 ns, Total: 16493817 ns
[2612.729s][info ][safepoint      ] Safepoint "Cleanup", Time since last: 2000169959 ns, Reaching safepoint: 5700 ns, Cleanup: 14800 ns, At safepoint: 2800 ns, Total: 23300 ns
[2617.729s][info ][safepoint      ] Safepoint "Cleanup", Time since last: 5000392772 ns, Reaching safepoint: 5400 ns, Cleanup: 15501 ns, At safepoint: 2700 ns, Total: 23601 ns
[2618.729s][info ][safepoint      ] Safepoint "Cleanup", Time since last: 1000097850 ns, Reaching safepoint: 6000 ns, Cleanup: 9800 ns, At safepoint: 2600 ns, Total: 18400 ns
[2620.730s][info ][safepoint      ] Safepoint "Cleanup", Time since last: 2000175101 ns, Reaching safepoint: 5900 ns, Cleanup: 12800 ns, At safepoint: 2500 ns, Total: 21200 ns
[2622.730s][info ][safepoint      ] Safepoint "Cleanup", Time since last: 2000192177 ns, Reaching safepoint: 5800 ns, Cleanup: 13300 ns, At safepoint: 2600 ns, Total: 21700 ns
[2623.730s][info ][safepoint      ] Safepoint "Cleanup", Time since last: 1000097230 ns, Reaching safepoint: 6001 ns, Cleanup: 9500 ns, At safepoint: 2700 ns, Total: 18201 ns
[2625.730s][info ][safepoint      ] Safepoint "Cleanup", Time since last: 2000149060 ns, Reaching safepoint: 5101 ns, Cleanup: 8300 ns, At safepoint: 2200 ns, Total: 15601 ns
[2640.731s][info ][safepoint      ] Safepoint "Cleanup", Time since last: 15001088947 ns, Reaching safepoint: 5300 ns, Cleanup: 8400 ns, At safepoint: 2200 ns, Total: 15900 ns
[2642.058s][info ][safepoint      ] Safepoint "Cleanup", Time since last: 1326835261 ns, Reaching safepoint: 5300 ns, Cleanup: 7900 ns, At safepoint: 2100 ns, Total: 15300 ns
[2644.058s][info ][safepoint      ] Safepoint "Cleanup", Time since last: 2000165511 ns, Reaching safepoint: 5300 ns, Cleanup: 7600 ns, At safepoint: 2100 ns, Total: 15000 ns
[2645.058s][info ][safepoint      ] Safepoint "Cleanup", Time since last: 1000098970 ns, Reaching safepoint: 5700 ns, Cleanup: 13600 ns, At safepoint: 2500 ns, Total: 21800 ns
[2648.059s][info ][safepoint      ] Safepoint "Cleanup", Time since last: 3000226224 ns, Reaching safepoint: 5400 ns, Cleanup: 14301 ns, At safepoint: 2600 ns, Total: 22301 ns
[2649.059s][info ][safepoint      ] Safepoint "Cleanup", Time since last: 1000098476 ns, Reaching safepoint: 5900 ns, Cleanup: 9000 ns, At safepoint: 2100 ns, Total: 17000 ns
[2654.362s][info ][gc,start       ] GC(119) Pause Young (Allocation Failure)
[2654.374s][debug][gc,phases      ] GC(119) Scavenge 12.322ms
[2654.374s][debug][gc,ref         ] GC(119) ReferenceProcessor::execute queues: 1, RefProcThreadModel::Single, marks_oops_alive: false
[2654.374s][debug][gc,ref         ] GC(119) Skipped KeepAliveFinalRefsPhase of Reference Processing: no references
[2654.374s][debug][gc,ref         ] GC(119) ReferenceProcessor::execute queues: 1, RefProcThreadModel::Single, marks_oops_alive: false
[2654.374s][debug][gc,phases      ] GC(119) Reference Processing 0.096ms
[2654.375s][debug][gc,phases      ] GC(119)   VM Weak                        Min:  0.0, Avg:  0.0, Max:  0.0, Diff:  0.0, Sum:  0.0, Workers: 4
[2654.375s][debug][gc,phases      ] GC(119)     Dead                           Min: 0, Avg:  0.0, Max: 0, Diff: 0, Sum: 0, Workers: 4
[2654.375s][debug][gc,phases      ] GC(119)     Total                          Min: 0, Avg: 275.8, Max: 960, Diff: 960, Sum: 1103, Workers: 4
[2654.375s][debug][gc,phases      ] GC(119)   ObjectSynchronizer Weak        Min:  0.0, Avg:  0.0, Max:  0.0, Diff:  0.0, Sum:  0.0, Workers: 4
[2654.375s][debug][gc,phases      ] GC(119)     Dead                           Min: 0, Avg:  0.0, Max: 0, Diff: 0, Sum: 0, Workers: 4
[2654.375s][debug][gc,phases      ] GC(119)     Total                          Min: 0, Avg:  1.5, Max: 6, Diff: 6, Sum: 6, Workers: 4
[2654.375s][debug][gc,phases      ] GC(119)   JVMTI Tag Weak OopStorage      Min:  0.0, Avg:  0.0, Max:  0.0, Diff:  0.0, Sum:  0.0, Workers: 4
[2654.375s][debug][gc,phases      ] GC(119)     Dead                           Min: 0, Avg:  0.0, Max: 0, Diff: 0, Sum: 0, Workers: 4
[2654.375s][debug][gc,phases      ] GC(119)     Total                          Min: 0, Avg:  0.0, Max: 0, Diff: 0, Sum: 0, Workers: 4
[2654.375s][debug][gc,phases      ] GC(119)   StringTable Weak               Min:  0.0, Avg:  0.1, Max:  0.1, Diff:  0.1, Sum:  0.4, Workers: 4
[2654.375s][debug][gc,phases      ] GC(119)     Dead                           Min: 0, Avg:  0.2, Max: 1, Diff: 1, Sum: 1, Workers: 4
[2654.375s][debug][gc,phases      ] GC(119)     Total                          Min: 0, Avg: 11854.5, Max: 22782, Diff: 22782, Sum: 47418, Workers: 4
[2654.375s][debug][gc,phases      ] GC(119)   ResolvedMethodTable Weak       Min:  0.0, Avg:  0.0, Max:  0.0, Diff:  0.0, Sum:  0.1, Workers: 4
[2654.375s][debug][gc,phases      ] GC(119)     Dead                           Min: 0, Avg:  4.5, Max: 10, Diff: 10, Sum: 18, Workers: 4
[2654.375s][debug][gc,phases      ] GC(119)     Total                          Min: 0, Avg: 4087.5, Max: 7039, Diff: 7039, Sum: 16350, Workers: 4
[2654.375s][debug][gc,phases      ] GC(119)   JNI Weak                       Min:  0.0, Avg:  0.0, Max:  0.0, Diff:  0.0, Sum:  0.0, Workers: 4
[2654.375s][debug][gc,phases      ] GC(119)     Dead                           Min: 0, Avg:  0.0, Max: 0, Diff: 0, Sum: 0, Workers: 4
[2654.375s][debug][gc,phases      ] GC(119)     Total                          Min: 0, Avg: 13.0, Max: 52, Diff: 52, Sum: 52, Workers: 4
[2654.375s][debug][gc,phases      ] GC(119)   StringDedup Table Weak         Min:  0.0, Avg:  0.0, Max:  0.0, Diff:  0.0, Sum:  0.0, Workers: 4
[2654.375s][debug][gc,phases      ] GC(119)     Dead                           Min: 0, Avg:  0.0, Max: 0, Diff: 0, Sum: 0, Workers: 4
[2654.375s][debug][gc,phases      ] GC(119)     Total                          Min: 0, Avg:  0.0, Max: 0, Diff: 0, Sum: 0, Workers: 4
[2654.375s][debug][gc,phases      ] GC(119)   StringDedup Requests0 Weak     Min:  0.0, Avg:  0.0, Max:  0.0, Diff:  0.0, Sum:  0.0, Workers: 4
[2654.375s][debug][gc,phases      ] GC(119)     Dead                           Min: 0, Avg:  0.0, Max: 0, Diff: 0, Sum: 0, Workers: 4
[2654.375s][debug][gc,phases      ] GC(119)     Total                          Min: 0, Avg:  0.0, Max: 0, Diff: 0, Sum: 0, Workers: 4
[2654.375s][debug][gc,phases      ] GC(119)   StringDedup Requests1 Weak     Min:  0.0, Avg:  0.0, Max:  0.0, Diff:  0.0, Sum:  0.0, Workers: 4
[2654.375s][debug][gc,phases      ] GC(119)     Dead                           Min: 0, Avg:  0.0, Max: 0, Diff: 0, Sum: 0, Workers: 4
[2654.375s][debug][gc,phases      ] GC(119)     Total                          Min: 0, Avg:  0.0, Max: 0, Diff: 0, Sum: 0, Workers: 4
[2654.375s][debug][gc,phases      ] GC(119)   Weak JFR Old Object Samples    Min:  0.0, Avg:  0.0, Max:  0.0, Diff:  0.0, Sum:  0.0, Workers: 4
[2654.375s][debug][gc,phases      ] GC(119)     Dead                           Min: 0, Avg:  0.0, Max: 0, Diff: 0, Sum: 0, Workers: 4
[2654.375s][debug][gc,phases      ] GC(119)     Total                          Min: 0, Avg:  0.0, Max: 0, Diff: 0, Sum: 0, Workers: 4
[2654.375s][debug][gc,phases      ] GC(119) Weak Processing 0.379ms
[2654.375s][debug][gc,age         ] GC(119) Desired survivor size 49807360 bytes, new threshold 1 (max threshold 15)
[2654.375s][info ][gc,heap        ] GC(119) PSYoungGen: 2012049K(2048512K)->7441K(2048000K) Eden: 1999360K(1999360K)->0K(1999360K) From: 12689K(49152K)->7441K(48640K)
[2654.375s][info ][gc,heap        ] GC(119) ParOldGen: 1306544K(1306624K)->1312558K(1312768K)
[2654.375s][info ][gc,metaspace   ] GC(119) Metaspace: 110147K(111552K)->110147K(111552K) NonClass: 93672K(94464K)->93672K(94464K) Class: 16474K(17088K)->16474K(17088K)
[2654.375s][info ][gc             ] GC(119) Pause Young (Allocation Failure) 3240M->1289M(3282M) 12.912ms
[2654.375s][info ][gc,cpu         ] GC(119) User=0.03s Sys=0.01s Real=0.01s
[2654.375s][info ][safepoint      ] Safepoint "ParallelGCFailedAllocation", Time since last: 5303091873 ns, Reaching safepoint: 77701 ns, Cleanup: 3100 ns, At safepoint: 12990292 ns, Total: 13071093 ns
[2655.375s][info ][safepoint      ] Safepoint "Cleanup", Time since last: 1000088061 ns, Reaching safepoint: 6100 ns, Cleanup: 8400 ns, At safepoint: 2500 ns, Total: 17000 ns
[2656.375s][info ][safepoint      ] Safepoint "Cleanup", Time since last: 1000107961 ns, Reaching safepoint: 6200 ns, Cleanup: 13000 ns, At safepoint: 2900 ns, Total: 22100 ns
[2658.375s][info ][safepoint      ] Safepoint "Cleanup", Time since last: 2000191622 ns, Reaching safepoint: 5800 ns, Cleanup: 15500 ns, At safepoint: 2700 ns, Total: 24000 ns
[2659.375s][info ][safepoint      ] Safepoint "Cleanup", Time since last: 1000110461 ns, Reaching safepoint: 5900 ns, Cleanup: 9500 ns, At safepoint: 2900 ns, Total: 18300 ns
[2660.376s][info ][safepoint      ] Safepoint "Cleanup", Time since last: 1000111761 ns, Reaching safepoint: 5300 ns, Cleanup: 17400 ns, At safepoint: 2900 ns, Total: 25600 ns
[2662.376s][info ][safepoint      ] Safepoint "Cleanup", Time since last: 2000185575 ns, Reaching safepoint: 5600 ns, Cleanup: 15101 ns, At safepoint: 2900 ns, Total: 23601 ns
[2665.376s][info ][safepoint      ] Safepoint "Cleanup", Time since last: 3000261435 ns, Reaching safepoint: 5800 ns, Cleanup: 11600 ns, At safepoint: 2700 ns, Total: 20100 ns
[2667.376s][info ][safepoint      ] Safepoint "Cleanup", Time since last: 2000172857 ns, Reaching safepoint: 5600 ns, Cleanup: 11500 ns, At safepoint: 2500 ns, Total: 19600 ns
[2673.377s][info ][safepoint      ] Safepoint "Cleanup", Time since last: 6000460806 ns, Reaching safepoint: 6100 ns, Cleanup: 8700 ns, At safepoint: 2400 ns, Total: 17200 ns
[2674.377s][info ][safepoint      ] Safepoint "Cleanup", Time since last: 1000103735 ns, Reaching safepoint: 5800 ns, Cleanup: 11600 ns, At safepoint: 2801 ns, Total: 20201 ns
[2677.377s][info ][safepoint      ] Safepoint "Cleanup", Time since last: 3000256905 ns, Reaching safepoint: 6300 ns, Cleanup: 9300 ns, At safepoint: 3000 ns, Total: 18600 ns
[2679.377s][info ][safepoint      ] Safepoint "Cleanup", Time since last: 2000186840 ns, Reaching safepoint: 5800 ns, Cleanup: 18600 ns, At safepoint: 2600 ns, Total: 27000 ns
[2680.378s][info ][safepoint      ] Safepoint "Cleanup", Time since last: 1000120574 ns, Reaching safepoint: 81301 ns, Cleanup: 10200 ns, At safepoint: 6600 ns, Total: 98101 ns
[2682.378s][info ][safepoint      ] Safepoint "Cleanup", Time since last: 2000188648 ns, Reaching safepoint: 5900 ns, Cleanup: 10301 ns, At safepoint: 2500 ns, Total: 18701 ns
[2691.378s][info ][safepoint      ] Safepoint "Cleanup", Time since last: 9000696110 ns, Reaching safepoint: 5700 ns, Cleanup: 11701 ns, At safepoint: 2800 ns, Total: 20201 ns
[2692.379s][info ][safepoint      ] Safepoint "Cleanup", Time since last: 1000104366 ns, Reaching safepoint: 6200 ns, Cleanup: 10500 ns, At safepoint: 2500 ns, Total: 19200 ns
[2693.379s][info ][safepoint      ] Safepoint "Cleanup", Time since last: 1000099642 ns, Reaching safepoint: 5200 ns, Cleanup: 10600 ns, At safepoint: 2200 ns, Total: 18000 ns
[2695.379s][info ][safepoint      ] Safepoint "Cleanup", Time since last: 2000170191 ns, Reaching safepoint: 6500 ns, Cleanup: 14900 ns, At safepoint: 2700 ns, Total: 24100 ns
[2697.379s][info ][safepoint      ] Safepoint "Cleanup", Time since last: 2000185690 ns, Reaching safepoint: 5900 ns, Cleanup: 10700 ns, At safepoint: 2700 ns, Total: 19300 ns
[2697.803s][info ][gc,start       ] GC(120) Pause Young (Allocation Failure)
[2697.815s][debug][gc,phases      ] GC(120) Scavenge 11.947ms
[2697.815s][debug][gc,ref         ] GC(120) ReferenceProcessor::execute queues: 1, RefProcThreadModel::Single, marks_oops_alive: false
[2697.815s][debug][gc,ref         ] GC(120) Skipped KeepAliveFinalRefsPhase of Reference Processing: no references
[2697.815s][debug][gc,ref         ] GC(120) Skipped PhantomRefsPhase of Reference Processing: no references
[2697.815s][debug][gc,phases      ] GC(120) Reference Processing 0.028ms
[2697.816s][debug][gc,phases      ] GC(120)   VM Weak                        Min:  0.0, Avg:  0.0, Max:  0.0, Diff:  0.0, Sum:  0.0, Workers: 4
[2697.816s][debug][gc,phases      ] GC(120)     Dead                           Min: 0, Avg:  0.0, Max: 0, Diff: 0, Sum: 0, Workers: 4
[2697.816s][debug][gc,phases      ] GC(120)     Total                          Min: 0, Avg: 275.8, Max: 448, Diff: 448, Sum: 1103, Workers: 4
[2697.816s][debug][gc,phases      ] GC(120)   ObjectSynchronizer Weak        Min:  0.0, Avg:  0.0, Max:  0.0, Diff:  0.0, Sum:  0.0, Workers: 4
[2697.816s][debug][gc,phases      ] GC(120)     Dead                           Min: 0, Avg:  0.0, Max: 0, Diff: 0, Sum: 0, Workers: 4
[2697.816s][debug][gc,phases      ] GC(120)     Total                          Min: 0, Avg:  1.5, Max: 6, Diff: 6, Sum: 6, Workers: 4
[2697.816s][debug][gc,phases      ] GC(120)   JVMTI Tag Weak OopStorage      Min:  0.0, Avg:  0.0, Max:  0.0, Diff:  0.0, Sum:  0.0, Workers: 4
[2697.816s][debug][gc,phases      ] GC(120)     Dead                           Min: 0, Avg:  0.0, Max: 0, Diff: 0, Sum: 0, Workers: 4
[2697.816s][debug][gc,phases      ] GC(120)     Total                          Min: 0, Avg:  0.0, Max: 0, Diff: 0, Sum: 0, Workers: 4
[2697.816s][debug][gc,phases      ] GC(120)   StringTable Weak               Min:  0.0, Avg:  0.1, Max:  0.2, Diff:  0.2, Sum:  0.5, Workers: 4
[2697.816s][debug][gc,phases      ] GC(120)     Dead                           Min: 0, Avg:  0.0, Max: 0, Diff: 0, Sum: 0, Workers: 4
[2697.816s][debug][gc,phases      ] GC(120)     Total                          Min: 0, Avg: 11855.0, Max: 16192, Diff: 16192, Sum: 47420, Workers: 4
[2697.816s][debug][gc,phases      ] GC(120)   ResolvedMethodTable Weak       Min:  0.0, Avg:  0.0, Max:  0.1, Diff:  0.1, Sum:  0.2, Workers: 4
[2697.816s][debug][gc,phases      ] GC(120)     Dead                           Min: 0, Avg:  4.0, Max: 16, Diff: 16, Sum: 16, Workers: 4
[2697.816s][debug][gc,phases      ] GC(120)     Total                          Min: 0, Avg: 4087.5, Max: 5607, Diff: 5607, Sum: 16350, Workers: 4
[2697.816s][debug][gc,phases      ] GC(120)   JNI Weak                       Min:  0.0, Avg:  0.0, Max:  0.0, Diff:  0.0, Sum:  0.0, Workers: 4
[2697.816s][debug][gc,phases      ] GC(120)     Dead                           Min: 0, Avg:  0.0, Max: 0, Diff: 0, Sum: 0, Workers: 4
[2697.816s][debug][gc,phases      ] GC(120)     Total                          Min: 0, Avg: 13.0, Max: 52, Diff: 52, Sum: 52, Workers: 4
[2697.816s][debug][gc,phases      ] GC(120)   StringDedup Table Weak         Min:  0.0, Avg:  0.0, Max:  0.0, Diff:  0.0, Sum:  0.0, Workers: 4
[2697.816s][debug][gc,phases      ] GC(120)     Dead                           Min: 0, Avg:  0.0, Max: 0, Diff: 0, Sum: 0, Workers: 4
[2697.816s][debug][gc,phases      ] GC(120)     Total                          Min: 0, Avg:  0.0, Max: 0, Diff: 0, Sum: 0, Workers: 4
[2697.816s][debug][gc,phases      ] GC(120)   StringDedup Requests0 Weak     Min:  0.0, Avg:  0.0, Max:  0.0, Diff:  0.0, Sum:  0.0, Workers: 4
[2697.816s][debug][gc,phases      ] GC(120)     Dead                           Min: 0, Avg:  0.0, Max: 0, Diff: 0, Sum: 0, Workers: 4
[2697.816s][debug][gc,phases      ] GC(120)     Total                          Min: 0, Avg:  0.0, Max: 0, Diff: 0, Sum: 0, Workers: 4
[2697.816s][debug][gc,phases      ] GC(120)   StringDedup Requests1 Weak     Min:  0.0, Avg:  0.0, Max:  0.0, Diff:  0.0, Sum:  0.0, Workers: 4
[2697.816s][debug][gc,phases      ] GC(120)     Dead                           Min: 0, Avg:  0.0, Max: 0, Diff: 0, Sum: 0, Workers: 4
[2697.816s][debug][gc,phases      ] GC(120)     Total                          Min: 0, Avg:  0.0, Max: 0, Diff: 0, Sum: 0, Workers: 4
[2697.816s][debug][gc,phases      ] GC(120)   Weak JFR Old Object Samples    Min:  0.0, Avg:  0.0, Max:  0.0, Diff:  0.0, Sum:  0.0, Workers: 4
[2697.816s][debug][gc,phases      ] GC(120)     Dead                           Min: 0, Avg:  0.0, Max: 0, Diff: 0, Sum: 0, Workers: 4
[2697.816s][debug][gc,phases      ] GC(120)     Total                          Min: 0, Avg:  0.0, Max: 0, Diff: 0, Sum: 0, Workers: 4
[2697.816s][debug][gc,phases      ] GC(120) Weak Processing 0.400ms
[2697.816s][debug][gc,age         ] GC(120) Desired survivor size 47185920 bytes, new threshold 1 (max threshold 15)
[2697.816s][info ][gc,heap        ] GC(120) PSYoungGen: 2006801K(2048000K)->17293K(2051072K) Eden: 1999360K(1999360K)->0K(2002432K) From: 7441K(48640K)->17293K(48640K)
[2697.816s][info ][gc,heap        ] GC(120) ParOldGen: 1312558K(1312768K)->1316872K(1317376K)
[2697.816s][info ][gc,metaspace   ] GC(120) Metaspace: 110164K(111616K)->110164K(111616K) NonClass: 93689K(94528K)->93689K(94528K) Class: 16474K(17088K)->16474K(17088K)
[2697.816s][info ][gc             ] GC(120) Pause Young (Allocation Failure) 3241M->1302M(3289M) 12.487ms
[2697.816s][info ][gc,cpu         ] GC(120) User=0.04s Sys=0.00s Real=0.01s
[2697.816s][info ][safepoint      ] Safepoint "ParallelGCFailedAllocation", Time since last: 424098515 ns, Reaching safepoint: 83401 ns, Cleanup: 8800 ns, At safepoint: 12578692 ns, Total: 12670893 ns
[2705.077s][info ][safepoint      ] Safepoint "Cleanup", Time since last: 7261389015 ns, Reaching safepoint: 5900 ns, Cleanup: 7100 ns, At safepoint: 2700 ns, Total: 15700 ns
[2711.078s][info ][safepoint      ] Safepoint "Cleanup", Time since last: 6000475400 ns, Reaching safepoint: 6400 ns, Cleanup: 30700 ns, At safepoint: 2701 ns, Total: 39801 ns
[2714.078s][info ][safepoint      ] Safepoint "Cleanup", Time since last: 3000239314 ns, Reaching safepoint: 5400 ns, Cleanup: 7200 ns, At safepoint: 2200 ns, Total: 14800 ns
[2715.078s][info ][safepoint      ] Safepoint "Cleanup", Time since last: 1000100972 ns, Reaching safepoint: 5600 ns, Cleanup: 8800 ns, At safepoint: 4400 ns, Total: 18800 ns
[2716.078s][info ][safepoint      ] Safepoint "Cleanup", Time since last: 1000108271 ns, Reaching safepoint: 6500 ns, Cleanup: 9100 ns, At safepoint: 2800 ns, Total: 18400 ns
[2717.550s][info ][gc,start       ] GC(121) Pause Young (Allocation Failure)
[2717.574s][debug][gc,phases      ] GC(121) Scavenge 24.200ms
[2717.574s][debug][gc,ref         ] GC(121) ReferenceProcessor::execute queues: 1, RefProcThreadModel::Single, marks_oops_alive: false
[2717.574s][debug][gc,ref         ] GC(121) Skipped KeepAliveFinalRefsPhase of Reference Processing: no references
[2717.574s][debug][gc,ref         ] GC(121) ReferenceProcessor::execute queues: 1, RefProcThreadModel::Single, marks_oops_alive: false
[2717.574s][debug][gc,phases      ] GC(121) Reference Processing 0.108ms
[2717.575s][debug][gc,phases      ] GC(121)   VM Weak                        Min:  0.0, Avg:  0.0, Max:  0.0, Diff:  0.0, Sum:  0.0, Workers: 4
[2717.575s][debug][gc,phases      ] GC(121)     Dead                           Min: 0, Avg:  0.0, Max: 0, Diff: 0, Sum: 0, Workers: 4
[2717.575s][debug][gc,phases      ] GC(121)     Total                          Min: 0, Avg: 275.8, Max: 832, Diff: 832, Sum: 1103, Workers: 4
[2717.575s][debug][gc,phases      ] GC(121)   ObjectSynchronizer Weak        Min:  0.0, Avg:  0.0, Max:  0.0, Diff:  0.0, Sum:  0.0, Workers: 4
[2717.575s][debug][gc,phases      ] GC(121)     Dead                           Min: 0, Avg:  0.2, Max: 1, Diff: 1, Sum: 1, Workers: 4
[2717.575s][debug][gc,phases      ] GC(121)     Total                          Min: 0, Avg:  1.8, Max: 7, Diff: 7, Sum: 7, Workers: 4
[2717.575s][debug][gc,phases      ] GC(121)   JVMTI Tag Weak OopStorage      Min:  0.0, Avg:  0.0, Max:  0.0, Diff:  0.0, Sum:  0.0, Workers: 4
[2717.575s][debug][gc,phases      ] GC(121)     Dead                           Min: 0, Avg:  0.0, Max: 0, Diff: 0, Sum: 0, Workers: 4
[2717.575s][debug][gc,phases      ] GC(121)     Total                          Min: 0, Avg:  0.0, Max: 0, Diff: 0, Sum: 0, Workers: 4
[2717.575s][debug][gc,phases      ] GC(121)   StringTable Weak               Min:  0.0, Avg:  0.1, Max:  0.2, Diff:  0.2, Sum:  0.5, Workers: 4
[2717.575s][debug][gc,phases      ] GC(121)     Dead                           Min: 0, Avg:  0.0, Max: 0, Diff: 0, Sum: 0, Workers: 4
[2717.575s][debug][gc,phases      ] GC(121)     Total                          Min: 0, Avg: 11855.0, Max: 15935, Diff: 15935, Sum: 47420, Workers: 4
[2717.575s][debug][gc,phases      ] GC(121)   ResolvedMethodTable Weak       Min:  0.0, Avg:  0.0, Max:  0.1, Diff:  0.1, Sum:  0.2, Workers: 4
[2717.575s][debug][gc,phases      ] GC(121)     Dead                           Min: 0, Avg:  0.0, Max: 0, Diff: 0, Sum: 0, Workers: 4
[2717.575s][debug][gc,phases      ] GC(121)     Total                          Min: 0, Avg: 4087.5, Max: 5550, Diff: 5550, Sum: 16350, Workers: 4
[2717.575s][debug][gc,phases      ] GC(121)   JNI Weak                       Min:  0.0, Avg:  0.0, Max:  0.0, Diff:  0.0, Sum:  0.0, Workers: 4
[2717.575s][debug][gc,phases      ] GC(121)     Dead                           Min: 0, Avg:  0.0, Max: 0, Diff: 0, Sum: 0, Workers: 4
[2717.575s][debug][gc,phases      ] GC(121)     Total                          Min: 0, Avg: 13.0, Max: 52, Diff: 52, Sum: 52, Workers: 4
[2717.575s][debug][gc,phases      ] GC(121)   StringDedup Table Weak         Min:  0.0, Avg:  0.0, Max:  0.0, Diff:  0.0, Sum:  0.0, Workers: 4
[2717.575s][debug][gc,phases      ] GC(121)     Dead                           Min: 0, Avg:  0.0, Max: 0, Diff: 0, Sum: 0, Workers: 4
[2717.575s][debug][gc,phases      ] GC(121)     Total                          Min: 0, Avg:  0.0, Max: 0, Diff: 0, Sum: 0, Workers: 4
[2717.575s][debug][gc,phases      ] GC(121)   StringDedup Requests0 Weak     Min:  0.0, Avg:  0.0, Max:  0.0, Diff:  0.0, Sum:  0.0, Workers: 4
[2717.575s][debug][gc,phases      ] GC(121)     Dead                           Min: 0, Avg:  0.0, Max: 0, Diff: 0, Sum: 0, Workers: 4
[2717.575s][debug][gc,phases      ] GC(121)     Total                          Min: 0, Avg:  0.0, Max: 0, Diff: 0, Sum: 0, Workers: 4
[2717.575s][debug][gc,phases      ] GC(121)   StringDedup Requests1 Weak     Min:  0.0, Avg:  0.0, Max:  0.0, Diff:  0.0, Sum:  0.0, Workers: 4
[2717.575s][debug][gc,phases      ] GC(121)     Dead                           Min: 0, Avg:  0.0, Max: 0, Diff: 0, Sum: 0, Workers: 4
[2717.575s][debug][gc,phases      ] GC(121)     Total                          Min: 0, Avg:  0.0, Max: 0, Diff: 0, Sum: 0, Workers: 4
[2717.575s][debug][gc,phases      ] GC(121)   Weak JFR Old Object Samples    Min:  0.0, Avg:  0.0, Max:  0.0, Diff:  0.0, Sum:  0.0, Workers: 4
[2717.575s][debug][gc,phases      ] GC(121)     Dead                           Min: 0, Avg:  0.0, Max: 0, Diff: 0, Sum: 0, Workers: 4
[2717.575s][debug][gc,phases      ] GC(121)     Total                          Min: 0, Avg:  0.0, Max: 0, Diff: 0, Sum: 0, Workers: 4
[2717.575s][debug][gc,phases      ] GC(121) Weak Processing 0.495ms
[2717.575s][debug][gc,age         ] GC(121) Desired survivor size 47710208 bytes, new threshold 1 (max threshold 15)
[2717.575s][info ][gc,heap        ] GC(121) PSYoungGen: 2019725K(2051072K)->27508K(2048512K) Eden: 2002432K(2002432K)->0K(2002432K) From: 17293K(48640K)->27508K(46080K)
[2717.575s][info ][gc,heap        ] GC(121) ParOldGen: 1316872K(1317376K)->1327067K(1327104K)
[2717.575s][info ][gc,metaspace   ] GC(121) Metaspace: 110168K(111616K)->110168K(111616K) NonClass: 93693K(94528K)->93693K(94528K) Class: 16474K(17088K)->16474K(17088K)
[2717.575s][info ][gc             ] GC(121) Pause Young (Allocation Failure) 3258M->1322M(3296M) 24.940ms
[2717.575s][info ][gc,cpu         ] GC(121) User=0.07s Sys=0.00s Real=0.02s
[2717.575s][info ][safepoint      ] Safepoint "ParallelGCFailedAllocation", Time since last: 1471648253 ns, Reaching safepoint: 5700 ns, Cleanup: 3200 ns, At safepoint: 25029780 ns, Total: 25038680 ns
[2718.575s][info ][safepoint      ] Safepoint "Cleanup", Time since last: 1000096737 ns, Reaching safepoint: 6500 ns, Cleanup: 9900 ns, At safepoint: 2700 ns, Total: 19100 ns
[2719.576s][info ][safepoint      ] Safepoint "Cleanup", Time since last: 1000794539 ns, Reaching safepoint: 79701 ns, Cleanup: 12100 ns, At safepoint: 12400 ns, Total: 104201 ns
[2722.576s][info ][safepoint      ] Safepoint "Cleanup", Time since last: 3000254702 ns, Reaching safepoint: 6101 ns, Cleanup: 14200 ns, At safepoint: 2600 ns, Total: 22901 ns
[2725.577s][info ][safepoint      ] Safepoint "Cleanup", Time since last: 3000241702 ns, Reaching safepoint: 76401 ns, Cleanup: 9500 ns, At safepoint: 5400 ns, Total: 91301 ns
[2726.002s][info ][gc,start       ] GC(122) Pause Young (Allocation Failure)
[2726.028s][debug][gc,phases      ] GC(122) Scavenge 25.925ms
[2726.028s][debug][gc,ref         ] GC(122) Skipped SoftWeakFinalRefsPhase of Reference Processing: no references
[2726.028s][debug][gc,ref         ] GC(122) Skipped KeepAliveFinalRefsPhase of Reference Processing: no references
[2726.028s][debug][gc,ref         ] GC(122) ReferenceProcessor::execute queues: 1, RefProcThreadModel::Single, marks_oops_alive: false
[2726.028s][debug][gc,phases      ] GC(122) Reference Processing 0.086ms
[2726.029s][debug][gc,phases      ] GC(122)   VM Weak                        Min:  0.0, Avg:  0.0, Max:  0.0, Diff:  0.0, Sum:  0.0, Workers: 4
[2726.029s][debug][gc,phases      ] GC(122)     Dead                           Min: 0, Avg:  0.0, Max: 0, Diff: 0, Sum: 0, Workers: 4
[2726.029s][debug][gc,phases      ] GC(122)     Total                          Min: 0, Avg: 275.8, Max: 975, Diff: 975, Sum: 1103, Workers: 4
[2726.029s][debug][gc,phases      ] GC(122)   ObjectSynchronizer Weak        Min:  0.0, Avg:  0.0, Max:  0.0, Diff:  0.0, Sum:  0.0, Workers: 4
[2726.029s][debug][gc,phases      ] GC(122)     Dead                           Min: 0, Avg:  0.0, Max: 0, Diff: 0, Sum: 0, Workers: 4
[2726.029s][debug][gc,phases      ] GC(122)     Total                          Min: 0, Avg:  1.8, Max: 7, Diff: 7, Sum: 7, Workers: 4
[2726.029s][debug][gc,phases      ] GC(122)   JVMTI Tag Weak OopStorage      Min:  0.0, Avg:  0.0, Max:  0.0, Diff:  0.0, Sum:  0.0, Workers: 4
[2726.029s][debug][gc,phases      ] GC(122)     Dead                           Min: 0, Avg:  0.0, Max: 0, Diff: 0, Sum: 0, Workers: 4
[2726.029s][debug][gc,phases      ] GC(122)     Total                          Min: 0, Avg:  0.0, Max: 0, Diff: 0, Sum: 0, Workers: 4
[2726.029s][debug][gc,phases      ] GC(122)   StringTable Weak               Min:  0.1, Avg:  0.1, Max:  0.1, Diff:  0.0, Sum:  0.5, Workers: 4
[2726.029s][debug][gc,phases      ] GC(122)     Dead                           Min: 0, Avg:  0.0, Max: 0, Diff: 0, Sum: 0, Workers: 4
[2726.029s][debug][gc,phases      ] GC(122)     Total                          Min: 11583, Avg: 11855.0, Max: 12032, Diff: 449, Sum: 47420, Workers: 4
[2726.029s][debug][gc,phases      ] GC(122)   ResolvedMethodTable Weak       Min:  0.0, Avg:  0.0, Max:  0.0, Diff:  0.0, Sum:  0.2, Workers: 4
[2726.029s][debug][gc,phases      ] GC(122)     Dead                           Min: 0, Avg:  4.0, Max: 11, Diff: 11, Sum: 16, Workers: 4
[2726.029s][debug][gc,phases      ] GC(122)     Total                          Min: 3982, Avg: 4087.5, Max: 4201, Diff: 219, Sum: 16350, Workers: 4
[2726.029s][debug][gc,phases      ] GC(122)   JNI Weak                       Min:  0.0, Avg:  0.0, Max:  0.0, Diff:  0.0, Sum:  0.0, Workers: 4
[2726.029s][debug][gc,phases      ] GC(122)     Dead                           Min: 0, Avg:  0.0, Max: 0, Diff: 0, Sum: 0, Workers: 4
[2726.029s][debug][gc,phases      ] GC(122)     Total                          Min: 0, Avg: 13.0, Max: 52, Diff: 52, Sum: 52, Workers: 4
[2726.029s][debug][gc,phases      ] GC(122)   StringDedup Table Weak         Min:  0.0, Avg:  0.0, Max:  0.0, Diff:  0.0, Sum:  0.0, Workers: 4
[2726.029s][debug][gc,phases      ] GC(122)     Dead                           Min: 0, Avg:  0.0, Max: 0, Diff: 0, Sum: 0, Workers: 4
[2726.029s][debug][gc,phases      ] GC(122)     Total                          Min: 0, Avg:  0.0, Max: 0, Diff: 0, Sum: 0, Workers: 4
[2726.029s][debug][gc,phases      ] GC(122)   StringDedup Requests0 Weak     Min:  0.0, Avg:  0.0, Max:  0.0, Diff:  0.0, Sum:  0.0, Workers: 4
[2726.029s][debug][gc,phases      ] GC(122)     Dead                           Min: 0, Avg:  0.0, Max: 0, Diff: 0, Sum: 0, Workers: 4
[2726.029s][debug][gc,phases      ] GC(122)     Total                          Min: 0, Avg:  0.0, Max: 0, Diff: 0, Sum: 0, Workers: 4
[2726.029s][debug][gc,phases      ] GC(122)   StringDedup Requests1 Weak     Min:  0.0, Avg:  0.0, Max:  0.0, Diff:  0.0, Sum:  0.0, Workers: 4
[2726.029s][debug][gc,phases      ] GC(122)     Dead                           Min: 0, Avg:  0.0, Max: 0, Diff: 0, Sum: 0, Workers: 4
[2726.029s][debug][gc,phases      ] GC(122)     Total                          Min: 0, Avg:  0.0, Max: 0, Diff: 0, Sum: 0, Workers: 4
[2726.029s][debug][gc,phases      ] GC(122)   Weak JFR Old Object Samples    Min:  0.0, Avg:  0.0, Max:  0.0, Diff:  0.0, Sum:  0.0, Workers: 4
[2726.029s][debug][gc,phases      ] GC(122)     Dead                           Min: 0, Avg:  0.0, Max: 0, Diff: 0, Sum: 0, Workers: 4
[2726.029s][debug][gc,phases      ] GC(122)     Total                          Min: 0, Avg:  0.0, Max: 0, Diff: 0, Sum: 0, Workers: 4
[2726.029s][debug][gc,phases      ] GC(122) Weak Processing 0.349ms
[2726.029s][debug][gc,age         ] GC(122) Desired survivor size 47185920 bytes, new threshold 1 (max threshold 15)
[2726.029s][info ][gc,heap        ] GC(122) PSYoungGen: 2029940K(2048512K)->27296K(2051072K) Eden: 2002432K(2002432K)->0K(2004480K) From: 27508K(46080K)->27296K(46592K)
[2726.029s][info ][gc,heap        ] GC(122) ParOldGen: 1327067K(1327104K)->1350767K(1351168K)
[2726.029s][info ][gc,metaspace   ] GC(122) Metaspace: 110169K(111616K)->110169K(111616K) NonClass: 93694K(94528K)->93694K(94528K) Class: 16474K(17088K)->16474K(17088K)
[2726.029s][info ][gc             ] GC(122) Pause Young (Allocation Failure) 3278M->1345M(3322M) 26.474ms
[2726.029s][info ][gc,cpu         ] GC(122) User=0.08s Sys=0.01s Real=0.02s
[2726.029s][info ][safepoint      ] Safepoint "ParallelGCFailedAllocation", Time since last: 425583569 ns, Reaching safepoint: 75701 ns, Cleanup: 3300 ns, At safepoint: 26739985 ns, Total: 26818986 ns
[2731.029s][info ][safepoint      ] Safepoint "Cleanup", Time since last: 5000385107 ns, Reaching safepoint: 78000 ns, Cleanup: 8500 ns, At safepoint: 6800 ns, Total: 93300 ns
[2734.535s][info ][gc,start       ] GC(123) Pause Young (Allocation Failure)
[2734.560s][debug][gc,phases      ] GC(123) Scavenge 24.623ms
[2734.560s][debug][gc,ref         ] GC(123) ReferenceProcessor::execute queues: 1, RefProcThreadModel::Single, marks_oops_alive: false
[2734.560s][debug][gc,ref         ] GC(123) Skipped KeepAliveFinalRefsPhase of Reference Processing: no references
[2734.560s][debug][gc,ref         ] GC(123) ReferenceProcessor::execute queues: 1, RefProcThreadModel::Single, marks_oops_alive: false
[2734.560s][debug][gc,phases      ] GC(123) Reference Processing 0.096ms
[2734.560s][debug][gc,phases      ] GC(123)   VM Weak                        Min:  0.0, Avg:  0.0, Max:  0.0, Diff:  0.0, Sum:  0.0, Workers: 4
[2734.560s][debug][gc,phases      ] GC(123)     Dead                           Min: 0, Avg:  0.0, Max: 0, Diff: 0, Sum: 0, Workers: 4
[2734.560s][debug][gc,phases      ] GC(123)     Total                          Min: 0, Avg: 275.8, Max: 591, Diff: 591, Sum: 1103, Workers: 4
[2734.560s][debug][gc,phases      ] GC(123)   ObjectSynchronizer Weak        Min:  0.0, Avg:  0.0, Max:  0.0, Diff:  0.0, Sum:  0.0, Workers: 4
[2734.560s][debug][gc,phases      ] GC(123)     Dead                           Min: 0, Avg:  0.0, Max: 0, Diff: 0, Sum: 0, Workers: 4
[2734.560s][debug][gc,phases      ] GC(123)     Total                          Min: 0, Avg:  1.8, Max: 7, Diff: 7, Sum: 7, Workers: 4
[2734.560s][debug][gc,phases      ] GC(123)   JVMTI Tag Weak OopStorage      Min:  0.0, Avg:  0.0, Max:  0.0, Diff:  0.0, Sum:  0.0, Workers: 4
[2734.560s][debug][gc,phases      ] GC(123)     Dead                           Min: 0, Avg:  0.0, Max: 0, Diff: 0, Sum: 0, Workers: 4
[2734.560s][debug][gc,phases      ] GC(123)     Total                          Min: 0, Avg:  0.0, Max: 0, Diff: 0, Sum: 0, Workers: 4
[2734.560s][debug][gc,phases      ] GC(123)   StringTable Weak               Min:  0.1, Avg:  0.1, Max:  0.1, Diff:  0.0, Sum:  0.5, Workers: 4
[2734.560s][debug][gc,phases      ] GC(123)     Dead                           Min: 0, Avg:  0.0, Max: 0, Diff: 0, Sum: 0, Workers: 4
[2734.560s][debug][gc,phases      ] GC(123)     Total                          Min: 11519, Avg: 11855.0, Max: 12094, Diff: 575, Sum: 47420, Workers: 4
[2734.560s][debug][gc,phases      ] GC(123)   ResolvedMethodTable Weak       Min:  0.0, Avg:  0.0, Max:  0.0, Diff:  0.0, Sum:  0.2, Workers: 4
[2734.560s][debug][gc,phases      ] GC(123)     Dead                           Min: 0, Avg:  0.0, Max: 0, Diff: 0, Sum: 0, Workers: 4
[2734.560s][debug][gc,phases      ] GC(123)     Total                          Min: 3963, Avg: 4087.5, Max: 4166, Diff: 203, Sum: 16350, Workers: 4
[2734.560s][debug][gc,phases      ] GC(123)   JNI Weak                       Min:  0.0, Avg:  0.0, Max:  0.0, Diff:  0.0, Sum:  0.0, Workers: 4
[2734.560s][debug][gc,phases      ] GC(123)     Dead                           Min: 0, Avg:  0.0, Max: 0, Diff: 0, Sum: 0, Workers: 4
[2734.560s][debug][gc,phases      ] GC(123)     Total                          Min: 0, Avg: 13.0, Max: 52, Diff: 52, Sum: 52, Workers: 4
[2734.560s][debug][gc,phases      ] GC(123)   StringDedup Table Weak         Min:  0.0, Avg:  0.0, Max:  0.0, Diff:  0.0, Sum:  0.0, Workers: 4
[2734.560s][debug][gc,phases      ] GC(123)     Dead                           Min: 0, Avg:  0.0, Max: 0, Diff: 0, Sum: 0, Workers: 4
[2734.561s][debug][gc,phases      ] GC(123)     Total                          Min: 0, Avg:  0.0, Max: 0, Diff: 0, Sum: 0, Workers: 4
[2734.561s][debug][gc,phases      ] GC(123)   StringDedup Requests0 Weak     Min:  0.0, Avg:  0.0, Max:  0.0, Diff:  0.0, Sum:  0.0, Workers: 4
[2734.561s][debug][gc,phases      ] GC(123)     Dead                           Min: 0, Avg:  0.0, Max: 0, Diff: 0, Sum: 0, Workers: 4
[2734.561s][debug][gc,phases      ] GC(123)     Total                          Min: 0, Avg:  0.0, Max: 0, Diff: 0, Sum: 0, Workers: 4
[2734.561s][debug][gc,phases      ] GC(123)   StringDedup Requests1 Weak     Min:  0.0, Avg:  0.0, Max:  0.0, Diff:  0.0, Sum:  0.0, Workers: 4
[2734.561s][debug][gc,phases      ] GC(123)     Dead                           Min: 0, Avg:  0.0, Max: 0, Diff: 0, Sum: 0, Workers: 4
[2734.561s][debug][gc,phases      ] GC(123)     Total                          Min: 0, Avg:  0.0, Max: 0, Diff: 0, Sum: 0, Workers: 4
[2734.561s][debug][gc,phases      ] GC(123)   Weak JFR Old Object Samples    Min:  0.0, Avg:  0.0, Max:  0.0, Diff:  0.0, Sum:  0.0, Workers: 4
[2734.561s][debug][gc,phases      ] GC(123)     Dead                           Min: 0, Avg:  0.0, Max: 0, Diff: 0, Sum: 0, Workers: 4
[2734.561s][debug][gc,phases      ] GC(123)     Total                          Min: 0, Avg:  0.0, Max: 0, Diff: 0, Sum: 0, Workers: 4
[2734.561s][debug][gc,phases      ] GC(123) Weak Processing 0.333ms
[2734.561s][debug][gc,age         ] GC(123) Desired survivor size 48234496 bytes, new threshold 1 (max threshold 15)
[2734.561s][info ][gc,heap        ] GC(123) PSYoungGen: 2031776K(2051072K)->31654K(2036224K) Eden: 2004480K(2004480K)->0K(2004480K) From: 27296K(46592K)->31654K(31744K)
[2734.561s][info ][gc,heap        ] GC(123) ParOldGen: 1350767K(1351168K)->1374954K(1375232K)
[2734.561s][info ][gc,metaspace   ] GC(123) Metaspace: 110170K(111616K)->110170K(111616K) NonClass: 93695K(94528K)->93695K(94528K) Class: 16474K(17088K)->16474K(17088K)
[2734.561s][info ][gc             ] GC(123) Pause Young (Allocation Failure) 3303M->1373M(3331M) 25.170ms
[2734.561s][info ][gc,cpu         ] GC(123) User=0.08s Sys=0.02s Real=0.03s
[2734.561s][info ][safepoint      ] Safepoint "ParallelGCFailedAllocation", Time since last: 3505874514 ns, Reaching safepoint: 5900 ns, Cleanup: 11900 ns, At safepoint: 25372784 ns, Total: 25390584 ns
[2738.561s][info ][safepoint      ] Safepoint "Cleanup", Time since last: 4000269183 ns, Reaching safepoint: 78101 ns, Cleanup: 7400 ns, At safepoint: 5900 ns, Total: 91401 ns
[2741.561s][info ][safepoint      ] Safepoint "Cleanup", Time since last: 3000238163 ns, Reaching safepoint: 80901 ns, Cleanup: 11100 ns, At safepoint: 8000 ns, Total: 100001 ns
[2746.562s][info ][safepoint      ] Safepoint "Cleanup", Time since last: 5000415038 ns, Reaching safepoint: 77300 ns, Cleanup: 21200 ns, At safepoint: 5200 ns, Total: 103700 ns
[2748.562s][info ][safepoint      ] Safepoint "Cleanup", Time since last: 2000173937 ns, Reaching safepoint: 76601 ns, Cleanup: 9400 ns, At safepoint: 6700 ns, Total: 92701 ns
[2752.564s][info ][safepoint      ] Safepoint "Cleanup", Time since last: 4001203057 ns, Reaching safepoint: 79500 ns, Cleanup: 8700 ns, At safepoint: 6900 ns, Total: 95100 ns
[2755.312s][info ][gc,start       ] GC(124) Pause Young (Allocation Failure)
[2755.336s][debug][gc,phases      ] GC(124) Scavenge 23.645ms
[2755.336s][debug][gc,ref         ] GC(124) ReferenceProcessor::execute queues: 1, RefProcThreadModel::Single, marks_oops_alive: false
[2755.336s][debug][gc,ref         ] GC(124) Skipped KeepAliveFinalRefsPhase of Reference Processing: no references
[2755.336s][debug][gc,ref         ] GC(124) ReferenceProcessor::execute queues: 1, RefProcThreadModel::Single, marks_oops_alive: false
[2755.336s][debug][gc,phases      ] GC(124) Reference Processing 0.109ms
[2755.336s][debug][gc,phases      ] GC(124)   VM Weak                        Min:  0.0, Avg:  0.0, Max:  0.0, Diff:  0.0, Sum:  0.0, Workers: 4
[2755.336s][debug][gc,phases      ] GC(124)     Dead                           Min: 0, Avg:  0.0, Max: 0, Diff: 0, Sum: 0, Workers: 4
[2755.336s][debug][gc,phases      ] GC(124)     Total                          Min: 0, Avg: 275.8, Max: 640, Diff: 640, Sum: 1103, Workers: 4
[2755.336s][debug][gc,phases      ] GC(124)   ObjectSynchronizer Weak        Min:  0.0, Avg:  0.0, Max:  0.0, Diff:  0.0, Sum:  0.0, Workers: 4
[2755.336s][debug][gc,phases      ] GC(124)     Dead                           Min: 0, Avg:  0.0, Max: 0, Diff: 0, Sum: 0, Workers: 4
[2755.336s][debug][gc,phases      ] GC(124)     Total                          Min: 0, Avg:  1.8, Max: 7, Diff: 7, Sum: 7, Workers: 4
[2755.336s][debug][gc,phases      ] GC(124)   JVMTI Tag Weak OopStorage      Min:  0.0, Avg:  0.0, Max:  0.0, Diff:  0.0, Sum:  0.0, Workers: 4
[2755.336s][debug][gc,phases      ] GC(124)     Dead                           Min: 0, Avg:  0.0, Max: 0, Diff: 0, Sum: 0, Workers: 4
[2755.336s][debug][gc,phases      ] GC(124)     Total                          Min: 0, Avg:  0.0, Max: 0, Diff: 0, Sum: 0, Workers: 4
[2755.336s][debug][gc,phases      ] GC(124)   StringTable Weak               Min:  0.0, Avg:  0.1, Max:  0.1, Diff:  0.1, Sum:  0.5, Workers: 4
[2755.336s][debug][gc,phases      ] GC(124)     Dead                           Min: 0, Avg:  0.2, Max: 1, Diff: 1, Sum: 1, Workers: 4
[2755.336s][debug][gc,phases      ] GC(124)     Total                          Min: 4927, Avg: 11855.5, Max: 16703, Diff: 11776, Sum: 47422, Workers: 4
[2755.336s][debug][gc,phases      ] GC(124)   ResolvedMethodTable Weak       Min:  0.0, Avg:  0.0, Max:  0.0, Diff:  0.0, Sum:  0.2, Workers: 4
[2755.336s][debug][gc,phases      ] GC(124)     Dead                           Min: 0, Avg:  4.2, Max: 15, Diff: 15, Sum: 17, Workers: 4
[2755.336s][debug][gc,phases      ] GC(124)     Total                          Min: 3898, Avg: 4088.5, Max: 4208, Diff: 310, Sum: 16354, Workers: 4
[2755.336s][debug][gc,phases      ] GC(124)   JNI Weak                       Min:  0.0, Avg:  0.0, Max:  0.0, Diff:  0.0, Sum:  0.0, Workers: 4
[2755.336s][debug][gc,phases      ] GC(124)     Dead                           Min: 0, Avg:  0.0, Max: 0, Diff: 0, Sum: 0, Workers: 4
[2755.336s][debug][gc,phases      ] GC(124)     Total                          Min: 0, Avg: 13.0, Max: 52, Diff: 52, Sum: 52, Workers: 4
[2755.336s][debug][gc,phases      ] GC(124)   StringDedup Table Weak         Min:  0.0, Avg:  0.0, Max:  0.0, Diff:  0.0, Sum:  0.0, Workers: 4
[2755.336s][debug][gc,phases      ] GC(124)     Dead                           Min: 0, Avg:  0.0, Max: 0, Diff: 0, Sum: 0, Workers: 4
[2755.336s][debug][gc,phases      ] GC(124)     Total                          Min: 0, Avg:  0.0, Max: 0, Diff: 0, Sum: 0, Workers: 4
[2755.336s][debug][gc,phases      ] GC(124)   StringDedup Requests0 Weak     Min:  0.0, Avg:  0.0, Max:  0.0, Diff:  0.0, Sum:  0.0, Workers: 4
[2755.336s][debug][gc,phases      ] GC(124)     Dead                           Min: 0, Avg:  0.0, Max: 0, Diff: 0, Sum: 0, Workers: 4
[2755.336s][debug][gc,phases      ] GC(124)     Total                          Min: 0, Avg:  0.0, Max: 0, Diff: 0, Sum: 0, Workers: 4
[2755.336s][debug][gc,phases      ] GC(124)   StringDedup Requests1 Weak     Min:  0.0, Avg:  0.0, Max:  0.0, Diff:  0.0, Sum:  0.0, Workers: 4
[2755.336s][debug][gc,phases      ] GC(124)     Dead                           Min: 0, Avg:  0.0, Max: 0, Diff: 0, Sum: 0, Workers: 4
[2755.336s][debug][gc,phases      ] GC(124)     Total                          Min: 0, Avg:  0.0, Max: 0, Diff: 0, Sum: 0, Workers: 4
[2755.336s][debug][gc,phases      ] GC(124)   Weak JFR Old Object Samples    Min:  0.0, Avg:  0.0, Max:  0.0, Diff:  0.0, Sum:  0.0, Workers: 4
[2755.336s][debug][gc,phases      ] GC(124)     Dead                           Min: 0, Avg:  0.0, Max: 0, Diff: 0, Sum: 0, Workers: 4
[2755.336s][debug][gc,phases      ] GC(124)     Total                          Min: 0, Avg:  0.0, Max: 0, Diff: 0, Sum: 0, Workers: 4
[2755.336s][debug][gc,phases      ] GC(124) Weak Processing 0.352ms
[2755.336s][debug][gc,age         ] GC(124) Desired survivor size 47710208 bytes, new threshold 1 (max threshold 15)
[2755.336s][info ][gc,heap        ] GC(124) PSYoungGen: 2036134K(2036224K)->12208K(2050560K) Eden: 2004480K(2004480K)->0K(2003456K) From: 31654K(31744K)->12208K(47104K)
[2755.336s][info ][gc,heap        ] GC(124) ParOldGen: 1374954K(1375232K)->1400587K(1400832K)
[2755.336s][info ][gc,metaspace   ] GC(124) Metaspace: 110181K(111616K)->110181K(111616K) NonClass: 93704K(94528K)->93704K(94528K) Class: 16476K(17088K)->16476K(17088K)
[2755.336s][info ][gc             ] GC(124) Pause Young (Allocation Failure) 3331M->1379M(3370M) 24.230ms
[2755.336s][info ][gc,cpu         ] GC(124) User=0.07s Sys=0.01s Real=0.02s
[2755.336s][info ][safepoint      ] Safepoint "ParallelGCFailedAllocation", Time since last: 2748260367 ns, Reaching safepoint: 69100 ns, Cleanup: 4000 ns, At safepoint: 24304876 ns, Total: 24377976 ns
[2765.101s][info ][safepoint      ] Safepoint "Cleanup", Time since last: 9765047251 ns, Reaching safepoint: 78001 ns, Cleanup: 6800 ns, At safepoint: 6200 ns, Total: 91001 ns
[2767.101s][info ][safepoint      ] Safepoint "Cleanup", Time since last: 2000170025 ns, Reaching safepoint: 6000 ns, Cleanup: 9200 ns, At safepoint: 2700 ns, Total: 17900 ns
[2773.102s][info ][safepoint      ] Safepoint "Cleanup", Time since last: 6000454637 ns, Reaching safepoint: 6400 ns, Cleanup: 11300 ns, At safepoint: 3000 ns, Total: 20700 ns
[2774.176s][info ][gc,start       ] GC(125) Pause Young (Allocation Failure)
[2774.193s][debug][gc,phases      ] GC(125) Scavenge 16.408ms
[2774.193s][debug][gc,ref         ] GC(125) ReferenceProcessor::execute queues: 1, RefProcThreadModel::Single, marks_oops_alive: false
[2774.193s][debug][gc,ref         ] GC(125) Skipped KeepAliveFinalRefsPhase of Reference Processing: no references
[2774.193s][debug][gc,ref         ] GC(125) ReferenceProcessor::execute queues: 1, RefProcThreadModel::Single, marks_oops_alive: false
[2774.193s][debug][gc,phases      ] GC(125) Reference Processing 0.095ms
[2774.193s][debug][gc,phases      ] GC(125)   VM Weak                        Min:  0.0, Avg:  0.0, Max:  0.0, Diff:  0.0, Sum:  0.0, Workers: 4
[2774.193s][debug][gc,phases      ] GC(125)     Dead                           Min: 0, Avg:  0.0, Max: 0, Diff: 0, Sum: 0, Workers: 4
[2774.193s][debug][gc,phases      ] GC(125)     Total                          Min: 0, Avg: 275.8, Max: 591, Diff: 591, Sum: 1103, Workers: 4
[2774.193s][debug][gc,phases      ] GC(125)   ObjectSynchronizer Weak        Min:  0.0, Avg:  0.0, Max:  0.0, Diff:  0.0, Sum:  0.0, Workers: 4
[2774.193s][debug][gc,phases      ] GC(125)     Dead                           Min: 0, Avg:  0.0, Max: 0, Diff: 0, Sum: 0, Workers: 4
[2774.193s][debug][gc,phases      ] GC(125)     Total                          Min: 0, Avg:  1.5, Max: 6, Diff: 6, Sum: 6, Workers: 4
[2774.193s][debug][gc,phases      ] GC(125)   JVMTI Tag Weak OopStorage      Min:  0.0, Avg:  0.0, Max:  0.0, Diff:  0.0, Sum:  0.0, Workers: 4
[2774.193s][debug][gc,phases      ] GC(125)     Dead                           Min: 0, Avg:  0.0, Max: 0, Diff: 0, Sum: 0, Workers: 4
[2774.193s][debug][gc,phases      ] GC(125)     Total                          Min: 0, Avg:  0.0, Max: 0, Diff: 0, Sum: 0, Workers: 4
[2774.193s][debug][gc,phases      ] GC(125)   StringTable Weak               Min:  0.0, Avg:  0.1, Max:  0.1, Diff:  0.1, Sum:  0.4, Workers: 4
[2774.193s][debug][gc,phases      ] GC(125)     Dead                           Min: 0, Avg:  0.2, Max: 1, Diff: 1, Sum: 1, Workers: 4
[2774.193s][debug][gc,phases      ] GC(125)     Total                          Min: 0, Avg: 11856.0, Max: 20160, Diff: 20160, Sum: 47424, Workers: 4
[2774.193s][debug][gc,phases      ] GC(125)   ResolvedMethodTable Weak       Min:  0.0, Avg:  0.0, Max:  0.0, Diff:  0.0, Sum:  0.1, Workers: 4
[2774.193s][debug][gc,phases      ] GC(125)     Dead                           Min: 0, Avg:  4.0, Max: 13, Diff: 13, Sum: 16, Workers: 4
[2774.193s][debug][gc,phases      ] GC(125)     Total                          Min: 0, Avg: 4088.8, Max: 6899, Diff: 6899, Sum: 16355, Workers: 4
[2774.193s][debug][gc,phases      ] GC(125)   JNI Weak                       Min:  0.0, Avg:  0.0, Max:  0.0, Diff:  0.0, Sum:  0.0, Workers: 4
[2774.193s][debug][gc,phases      ] GC(125)     Dead                           Min: 0, Avg:  0.0, Max: 0, Diff: 0, Sum: 0, Workers: 4
[2774.193s][debug][gc,phases      ] GC(125)     Total                          Min: 0, Avg: 13.0, Max: 52, Diff: 52, Sum: 52, Workers: 4
[2774.193s][debug][gc,phases      ] GC(125)   StringDedup Table Weak         Min:  0.0, Avg:  0.0, Max:  0.0, Diff:  0.0, Sum:  0.0, Workers: 4
[2774.193s][debug][gc,phases      ] GC(125)     Dead                           Min: 0, Avg:  0.0, Max: 0, Diff: 0, Sum: 0, Workers: 4
[2774.193s][debug][gc,phases      ] GC(125)     Total                          Min: 0, Avg:  0.0, Max: 0, Diff: 0, Sum: 0, Workers: 4
[2774.193s][debug][gc,phases      ] GC(125)   StringDedup Requests0 Weak     Min:  0.0, Avg:  0.0, Max:  0.0, Diff:  0.0, Sum:  0.0, Workers: 4
[2774.193s][debug][gc,phases      ] GC(125)     Dead                           Min: 0, Avg:  0.0, Max: 0, Diff: 0, Sum: 0, Workers: 4
[2774.193s][debug][gc,phases      ] GC(125)     Total                          Min: 0, Avg:  0.0, Max: 0, Diff: 0, Sum: 0, Workers: 4
[2774.193s][debug][gc,phases      ] GC(125)   StringDedup Requests1 Weak     Min:  0.0, Avg:  0.0, Max:  0.0, Diff:  0.0, Sum:  0.0, Workers: 4
[2774.193s][debug][gc,phases      ] GC(125)     Dead                           Min: 0, Avg:  0.0, Max: 0, Diff: 0, Sum: 0, Workers: 4
[2774.193s][debug][gc,phases      ] GC(125)     Total                          Min: 0, Avg:  0.0, Max: 0, Diff: 0, Sum: 0, Workers: 4
[2774.193s][debug][gc,phases      ] GC(125)   Weak JFR Old Object Samples    Min:  0.0, Avg:  0.0, Max:  0.0, Diff:  0.0, Sum:  0.0, Workers: 4
[2774.193s][debug][gc,phases      ] GC(125)     Dead                           Min: 0, Avg:  0.0, Max: 0, Diff: 0, Sum: 0, Workers: 4
[2774.193s][debug][gc,phases      ] GC(125)     Total                          Min: 0, Avg:  0.0, Max: 0, Diff: 0, Sum: 0, Workers: 4
[2774.193s][debug][gc,phases      ] GC(125) Weak Processing 0.345ms
[2774.193s][debug][gc,age         ] GC(125) Desired survivor size 45613056 bytes, new threshold 1 (max threshold 15)
[2774.193s][info ][gc,heap        ] GC(125) PSYoungGen: 2015664K(2050560K)->22816K(2050048K) Eden: 2003456K(2003456K)->0K(2003456K) From: 12208K(47104K)->22816K(46592K)
[2774.193s][info ][gc,heap        ] GC(125) ParOldGen: 1400587K(1400832K)->1409035K(1409536K)
[2774.193s][info ][gc,metaspace   ] GC(125) Metaspace: 110189K(111616K)->110189K(111616K) NonClass: 93712K(94528K)->93712K(94528K) Class: 16476K(17088K)->16476K(17088K)
[2774.193s][info ][gc             ] GC(125) Pause Young (Allocation Failure) 3336M->1398M(3378M) 16.975ms
[2774.193s][info ][gc,cpu         ] GC(125) User=0.06s Sys=0.00s Real=0.02s
[2774.193s][info ][safepoint      ] Safepoint "ParallelGCFailedAllocation", Time since last: 1074385016 ns, Reaching safepoint: 5000 ns, Cleanup: 4400 ns, At safepoint: 17037423 ns, Total: 17046823 ns
[2784.195s][info ][safepoint      ] Safepoint "Cleanup", Time since last: 10001644329 ns, Reaching safepoint: 83300 ns, Cleanup: 15800 ns, At safepoint: 12400 ns, Total: 111500 ns
[2791.313s][info ][gc,start       ] GC(126) Pause Young (Allocation Failure)
[2791.336s][debug][gc,phases      ] GC(126) Scavenge 22.763ms
[2791.336s][debug][gc,ref         ] GC(126) ReferenceProcessor::execute queues: 1, RefProcThreadModel::Single, marks_oops_alive: false
[2791.336s][debug][gc,ref         ] GC(126) Skipped KeepAliveFinalRefsPhase of Reference Processing: no references
[2791.336s][debug][gc,ref         ] GC(126) ReferenceProcessor::execute queues: 1, RefProcThreadModel::Single, marks_oops_alive: false
[2791.336s][debug][gc,phases      ] GC(126) Reference Processing 0.131ms
[2791.336s][debug][gc,phases      ] GC(126)   VM Weak                        Min:  0.0, Avg:  0.0, Max:  0.0, Diff:  0.0, Sum:  0.0, Workers: 4
[2791.336s][debug][gc,phases      ] GC(126)     Dead                           Min: 0, Avg:  0.0, Max: 0, Diff: 0, Sum: 0, Workers: 4
[2791.336s][debug][gc,phases      ] GC(126)     Total                          Min: 0, Avg: 275.8, Max: 655, Diff: 655, Sum: 1103, Workers: 4
[2791.336s][debug][gc,phases      ] GC(126)   ObjectSynchronizer Weak        Min:  0.0, Avg:  0.0, Max:  0.0, Diff:  0.0, Sum:  0.0, Workers: 4
[2791.336s][debug][gc,phases      ] GC(126)     Dead                           Min: 0, Avg:  0.0, Max: 0, Diff: 0, Sum: 0, Workers: 4
[2791.336s][debug][gc,phases      ] GC(126)     Total                          Min: 0, Avg:  1.5, Max: 6, Diff: 6, Sum: 6, Workers: 4
[2791.336s][debug][gc,phases      ] GC(126)   JVMTI Tag Weak OopStorage      Min:  0.0, Avg:  0.0, Max:  0.0, Diff:  0.0, Sum:  0.0, Workers: 4
[2791.336s][debug][gc,phases      ] GC(126)     Dead                           Min: 0, Avg:  0.0, Max: 0, Diff: 0, Sum: 0, Workers: 4
[2791.336s][debug][gc,phases      ] GC(126)     Total                          Min: 0, Avg:  0.0, Max: 0, Diff: 0, Sum: 0, Workers: 4
[2791.336s][debug][gc,phases      ] GC(126)   StringTable Weak               Min:  0.0, Avg:  0.1, Max:  0.1, Diff:  0.1, Sum:  0.4, Workers: 4
[2791.336s][debug][gc,phases      ] GC(126)     Dead                           Min: 0, Avg:  0.0, Max: 0, Diff: 0, Sum: 0, Workers: 4
[2791.336s][debug][gc,phases      ] GC(126)     Total                          Min: 0, Avg: 11856.0, Max: 20736, Diff: 20736, Sum: 47424, Workers: 4
[2791.336s][debug][gc,phases      ] GC(126)   ResolvedMethodTable Weak       Min:  0.0, Avg:  0.0, Max:  0.0, Diff:  0.0, Sum:  0.1, Workers: 4
[2791.336s][debug][gc,phases      ] GC(126)     Dead                           Min: 0, Avg:  0.0, Max: 0, Diff: 0, Sum: 0, Workers: 4
[2791.336s][debug][gc,phases      ] GC(126)     Total                          Min: 0, Avg: 4088.8, Max: 6895, Diff: 6895, Sum: 16355, Workers: 4
[2791.336s][debug][gc,phases      ] GC(126)   JNI Weak                       Min:  0.0, Avg:  0.0, Max:  0.0, Diff:  0.0, Sum:  0.0, Workers: 4
[2791.336s][debug][gc,phases      ] GC(126)     Dead                           Min: 0, Avg:  0.0, Max: 0, Diff: 0, Sum: 0, Workers: 4
[2791.336s][debug][gc,phases      ] GC(126)     Total                          Min: 0, Avg: 13.0, Max: 52, Diff: 52, Sum: 52, Workers: 4
[2791.336s][debug][gc,phases      ] GC(126)   StringDedup Table Weak         Min:  0.0, Avg:  0.0, Max:  0.0, Diff:  0.0, Sum:  0.0, Workers: 4
[2791.336s][debug][gc,phases      ] GC(126)     Dead                           Min: 0, Avg:  0.0, Max: 0, Diff: 0, Sum: 0, Workers: 4
[2791.336s][debug][gc,phases      ] GC(126)     Total                          Min: 0, Avg:  0.0, Max: 0, Diff: 0, Sum: 0, Workers: 4
[2791.336s][debug][gc,phases      ] GC(126)   StringDedup Requests0 Weak     Min:  0.0, Avg:  0.0, Max:  0.0, Diff:  0.0, Sum:  0.0, Workers: 4
[2791.336s][debug][gc,phases      ] GC(126)     Dead                           Min: 0, Avg:  0.0, Max: 0, Diff: 0, Sum: 0, Workers: 4
[2791.336s][debug][gc,phases      ] GC(126)     Total                          Min: 0, Avg:  0.0, Max: 0, Diff: 0, Sum: 0, Workers: 4
[2791.336s][debug][gc,phases      ] GC(126)   StringDedup Requests1 Weak     Min:  0.0, Avg:  0.0, Max:  0.0, Diff:  0.0, Sum:  0.0, Workers: 4
[2791.336s][debug][gc,phases      ] GC(126)     Dead                           Min: 0, Avg:  0.0, Max: 0, Diff: 0, Sum: 0, Workers: 4
[2791.336s][debug][gc,phases      ] GC(126)     Total                          Min: 0, Avg:  0.0, Max: 0, Diff: 0, Sum: 0, Workers: 4
[2791.336s][debug][gc,phases      ] GC(126)   Weak JFR Old Object Samples    Min:  0.0, Avg:  0.0, Max:  0.0, Diff:  0.0, Sum:  0.0, Workers: 4
[2791.336s][debug][gc,phases      ] GC(126)     Dead                           Min: 0, Avg:  0.0, Max: 0, Diff: 0, Sum: 0, Workers: 4
[2791.336s][debug][gc,phases      ] GC(126)     Total                          Min: 0, Avg:  0.0, Max: 0, Diff: 0, Sum: 0, Workers: 4
[2791.336s][debug][gc,phases      ] GC(126) Weak Processing 0.340ms
[2791.336s][debug][gc,age         ] GC(126) Desired survivor size 44564480 bytes, new threshold 1 (max threshold 15)
[2791.336s][info ][gc,heap        ] GC(126) PSYoungGen: 2026272K(2050048K)->24416K(2053632K) Eden: 2003456K(2003456K)->0K(2009088K) From: 22816K(46592K)->24416K(44544K)
[2791.336s][info ][gc,heap        ] GC(126) ParOldGen: 1409035K(1409536K)->1427948K(1427968K)
[2791.336s][info ][gc,metaspace   ] GC(126) Metaspace: 110190K(111616K)->110190K(111616K) NonClass: 93713K(94528K)->93713K(94528K) Class: 16476K(17088K)->16476K(17088K)
[2791.336s][info ][gc             ] GC(126) Pause Young (Allocation Failure) 3354M->1418M(3400M) 23.352ms
[2791.336s][info ][gc,cpu         ] GC(126) User=0.07s Sys=0.02s Real=0.02s
[2791.336s][info ][safepoint      ] Safepoint "ParallelGCFailedAllocation", Time since last: 7117700426 ns, Reaching safepoint: 7000 ns, Cleanup: 3600 ns, At safepoint: 23421766 ns, Total: 23432366 ns
[2798.337s][info ][safepoint      ] Safepoint "Cleanup", Time since last: 7000501237 ns, Reaching safepoint: 6700 ns, Cleanup: 8700 ns, At safepoint: 2900 ns, Total: 18300 ns
[2801.337s][info ][safepoint      ] Safepoint "Cleanup", Time since last: 3000263880 ns, Reaching safepoint: 5900 ns, Cleanup: 9400 ns, At safepoint: 2400 ns, Total: 17700 ns
[2805.337s][info ][safepoint      ] Safepoint "Cleanup", Time since last: 4000306540 ns, Reaching safepoint: 6000 ns, Cleanup: 8000 ns, At safepoint: 2300 ns, Total: 16300 ns
[2810.338s][info ][safepoint      ] Safepoint "Cleanup", Time since last: 5000392082 ns, Reaching safepoint: 6400 ns, Cleanup: 10000 ns, At safepoint: 2500 ns, Total: 18900 ns
[2811.338s][info ][safepoint      ] Safepoint "Cleanup", Time since last: 1000123389 ns, Reaching safepoint: 5600 ns, Cleanup: 9400 ns, At safepoint: 2300 ns, Total: 17300 ns
[2816.338s][info ][safepoint      ] Safepoint "Cleanup", Time since last: 5000407046 ns, Reaching safepoint: 6900 ns, Cleanup: 11500 ns, At safepoint: 2700 ns, Total: 21100 ns
[2823.121s][info ][safepoint      ] Safepoint "Cleanup", Time since last: 6782130324 ns, Reaching safepoint: 6300 ns, Cleanup: 10200 ns, At safepoint: 2600 ns, Total: 19100 ns
[2834.194s][info ][gc,start       ] GC(127) Pause Young (Allocation Failure)
[2834.209s][debug][gc,phases      ] GC(127) Scavenge 15.367ms
[2834.209s][debug][gc,ref         ] GC(127) ReferenceProcessor::execute queues: 1, RefProcThreadModel::Single, marks_oops_alive: false
[2834.209s][debug][gc,ref         ] GC(127) Skipped KeepAliveFinalRefsPhase of Reference Processing: no references
[2834.209s][debug][gc,ref         ] GC(127) Skipped PhantomRefsPhase of Reference Processing: no references
[2834.209s][debug][gc,phases      ] GC(127) Reference Processing 0.094ms
[2834.209s][debug][gc,phases      ] GC(127)   VM Weak                        Min:  0.0, Avg:  0.0, Max:  0.0, Diff:  0.0, Sum:  0.0, Workers: 4
[2834.209s][debug][gc,phases      ] GC(127)     Dead                           Min: 0, Avg:  0.0, Max: 0, Diff: 0, Sum: 0, Workers: 4
[2834.209s][debug][gc,phases      ] GC(127)     Total                          Min: 0, Avg: 275.8, Max: 640, Diff: 640, Sum: 1103, Workers: 4
[2834.209s][debug][gc,phases      ] GC(127)   ObjectSynchronizer Weak        Min:  0.0, Avg:  0.0, Max:  0.0, Diff:  0.0, Sum:  0.0, Workers: 4
[2834.209s][debug][gc,phases      ] GC(127)     Dead                           Min: 0, Avg:  0.0, Max: 0, Diff: 0, Sum: 0, Workers: 4
[2834.210s][debug][gc,phases      ] GC(127)     Total                          Min: 0, Avg:  1.2, Max: 5, Diff: 5, Sum: 5, Workers: 4
[2834.210s][debug][gc,phases      ] GC(127)   JVMTI Tag Weak OopStorage      Min:  0.0, Avg:  0.0, Max:  0.0, Diff:  0.0, Sum:  0.0, Workers: 4
[2834.210s][debug][gc,phases      ] GC(127)     Dead                           Min: 0, Avg:  0.0, Max: 0, Diff: 0, Sum: 0, Workers: 4
[2834.210s][debug][gc,phases      ] GC(127)     Total                          Min: 0, Avg:  0.0, Max: 0, Diff: 0, Sum: 0, Workers: 4
[2834.210s][debug][gc,phases      ] GC(127)   StringTable Weak               Min:  0.0, Avg:  0.1, Max:  0.1, Diff:  0.1, Sum:  0.4, Workers: 4
[2834.210s][debug][gc,phases      ] GC(127)     Dead                           Min: 0, Avg:  0.0, Max: 0, Diff: 0, Sum: 0, Workers: 4
[2834.210s][debug][gc,phases      ] GC(127)     Total                          Min: 0, Avg: 11856.0, Max: 20160, Diff: 20160, Sum: 47424, Workers: 4
[2834.210s][debug][gc,phases      ] GC(127)   ResolvedMethodTable Weak       Min:  0.0, Avg:  0.0, Max:  0.0, Diff:  0.0, Sum:  0.1, Workers: 4
[2834.210s][debug][gc,phases      ] GC(127)     Dead                           Min: 0, Avg:  4.0, Max: 16, Diff: 16, Sum: 16, Workers: 4
[2834.210s][debug][gc,phases      ] GC(127)     Total                          Min: 0, Avg: 4088.8, Max: 6992, Diff: 6992, Sum: 16355, Workers: 4
[2834.210s][debug][gc,phases      ] GC(127)   JNI Weak                       Min:  0.0, Avg:  0.0, Max:  0.0, Diff:  0.0, Sum:  0.0, Workers: 4
[2834.210s][debug][gc,phases      ] GC(127)     Dead                           Min: 0, Avg:  0.0, Max: 0, Diff: 0, Sum: 0, Workers: 4
[2834.210s][debug][gc,phases      ] GC(127)     Total                          Min: 0, Avg: 13.0, Max: 52, Diff: 52, Sum: 52, Workers: 4
[2834.210s][debug][gc,phases      ] GC(127)   StringDedup Table Weak         Min:  0.0, Avg:  0.0, Max:  0.0, Diff:  0.0, Sum:  0.0, Workers: 4
[2834.210s][debug][gc,phases      ] GC(127)     Dead                           Min: 0, Avg:  0.0, Max: 0, Diff: 0, Sum: 0, Workers: 4
[2834.210s][debug][gc,phases      ] GC(127)     Total                          Min: 0, Avg:  0.0, Max: 0, Diff: 0, Sum: 0, Workers: 4
[2834.210s][debug][gc,phases      ] GC(127)   StringDedup Requests0 Weak     Min:  0.0, Avg:  0.0, Max:  0.0, Diff:  0.0, Sum:  0.0, Workers: 4
[2834.210s][debug][gc,phases      ] GC(127)     Dead                           Min: 0, Avg:  0.0, Max: 0, Diff: 0, Sum: 0, Workers: 4
[2834.210s][debug][gc,phases      ] GC(127)     Total                          Min: 0, Avg:  0.0, Max: 0, Diff: 0, Sum: 0, Workers: 4
[2834.210s][debug][gc,phases      ] GC(127)   StringDedup Requests1 Weak     Min:  0.0, Avg:  0.0, Max:  0.0, Diff:  0.0, Sum:  0.0, Workers: 4
[2834.210s][debug][gc,phases      ] GC(127)     Dead                           Min: 0, Avg:  0.0, Max: 0, Diff: 0, Sum: 0, Workers: 4
[2834.210s][debug][gc,phases      ] GC(127)     Total                          Min: 0, Avg:  0.0, Max: 0, Diff: 0, Sum: 0, Workers: 4
[2834.210s][debug][gc,phases      ] GC(127)   Weak JFR Old Object Samples    Min:  0.0, Avg:  0.0, Max:  0.0, Diff:  0.0, Sum:  0.0, Workers: 4
[2834.210s][debug][gc,phases      ] GC(127)     Dead                           Min: 0, Avg:  0.0, Max: 0, Diff: 0, Sum: 0, Workers: 4
[2834.210s][debug][gc,phases      ] GC(127)     Total                          Min: 0, Avg:  0.0, Max: 0, Diff: 0, Sum: 0, Workers: 4
[2834.210s][debug][gc,phases      ] GC(127) Weak Processing 0.366ms
[2834.210s][debug][gc,age         ] GC(127) Desired survivor size 45088768 bytes, new threshold 1 (max threshold 15)
[2834.210s][info ][gc,heap        ] GC(127) PSYoungGen: 2033504K(2053632K)->7024K(2052608K) Eden: 2009088K(2009088K)->0K(2009088K) From: 24416K(44544K)->7024K(43520K)
[2834.210s][info ][gc,heap        ] GC(127) ParOldGen: 1427948K(1427968K)->1447298K(1447424K)
[2834.210s][info ][gc,metaspace   ] GC(127) Metaspace: 110208K(111616K)->110208K(111616K) NonClass: 93731K(94528K)->93731K(94528K) Class: 16476K(17088K)->16476K(17088K)
[2834.210s][info ][gc             ] GC(127) Pause Young (Allocation Failure) 3380M->1420M(3418M) 15.942ms
[2834.210s][info ][gc,cpu         ] GC(127) User=0.05s Sys=0.01s Real=0.01s
[2834.210s][info ][safepoint      ] Safepoint "ParallelGCFailedAllocation", Time since last: 11073108100 ns, Reaching safepoint: 6800 ns, Cleanup: 3800 ns, At safepoint: 16020827 ns, Total: 16031427 ns
[2838.210s][info ][safepoint      ] Safepoint "Cleanup", Time since last: 4000320515 ns, Reaching safepoint: 82600 ns, Cleanup: 9700 ns, At safepoint: 7600 ns, Total: 99900 ns
[2840.210s][info ][safepoint      ] Safepoint "Cleanup", Time since last: 2000229649 ns, Reaching safepoint: 107301 ns, Cleanup: 9500 ns, At safepoint: 9200 ns, Total: 126001 ns
[2842.211s][info ][safepoint      ] Safepoint "Cleanup", Time since last: 2000194649 ns, Reaching safepoint: 81501 ns, Cleanup: 9400 ns, At safepoint: 13400 ns, Total: 104301 ns
[2848.212s][info ][safepoint      ] Safepoint "Cleanup", Time since last: 6001011483 ns, Reaching safepoint: 84000 ns, Cleanup: 13100 ns, At safepoint: 23000 ns, Total: 120100 ns
[2848.300s][info ][gc,start       ] GC(128) Pause Young (Allocation Failure)
[2848.325s][debug][gc,phases      ] GC(128) Scavenge 25.719ms
[2848.326s][debug][gc,ref         ] GC(128) ReferenceProcessor::execute queues: 1, RefProcThreadModel::Single, marks_oops_alive: false
[2848.326s][debug][gc,ref         ] GC(128) Skipped KeepAliveFinalRefsPhase of Reference Processing: no references
[2848.326s][debug][gc,ref         ] GC(128) ReferenceProcessor::execute queues: 1, RefProcThreadModel::Single, marks_oops_alive: false
[2848.326s][debug][gc,phases      ] GC(128) Reference Processing 0.086ms
[2848.326s][debug][gc,phases      ] GC(128)   VM Weak                        Min:  0.0, Avg:  0.0, Max:  0.0, Diff:  0.0, Sum:  0.0, Workers: 4
[2848.326s][debug][gc,phases      ] GC(128)     Dead                           Min: 0, Avg:  0.0, Max: 0, Diff: 0, Sum: 0, Workers: 4
[2848.326s][debug][gc,phases      ] GC(128)     Total                          Min: 0, Avg: 275.8, Max: 448, Diff: 448, Sum: 1103, Workers: 4
[2848.326s][debug][gc,phases      ] GC(128)   ObjectSynchronizer Weak        Min:  0.0, Avg:  0.0, Max:  0.0, Diff:  0.0, Sum:  0.0, Workers: 4
[2848.326s][debug][gc,phases      ] GC(128)     Dead                           Min: 0, Avg:  0.0, Max: 0, Diff: 0, Sum: 0, Workers: 4
[2848.326s][debug][gc,phases      ] GC(128)     Total                          Min: 0, Avg:  1.5, Max: 6, Diff: 6, Sum: 6, Workers: 4
[2848.326s][debug][gc,phases      ] GC(128)   JVMTI Tag Weak OopStorage      Min:  0.0, Avg:  0.0, Max:  0.0, Diff:  0.0, Sum:  0.0, Workers: 4
[2848.326s][debug][gc,phases      ] GC(128)     Dead                           Min: 0, Avg:  0.0, Max: 0, Diff: 0, Sum: 0, Workers: 4
[2848.326s][debug][gc,phases      ] GC(128)     Total                          Min: 0, Avg:  0.0, Max: 0, Diff: 0, Sum: 0, Workers: 4
[2848.326s][debug][gc,phases      ] GC(128)   StringTable Weak               Min:  0.0, Avg:  0.1, Max:  0.2, Diff:  0.2, Sum:  0.5, Workers: 4
[2848.326s][debug][gc,phases      ] GC(128)     Dead                           Min: 0, Avg:  0.2, Max: 1, Diff: 1, Sum: 1, Workers: 4
[2848.326s][debug][gc,phases      ] GC(128)     Total                          Min: 0, Avg: 11856.2, Max: 16255, Diff: 16255, Sum: 47425, Workers: 4
[2848.326s][debug][gc,phases      ] GC(128)   ResolvedMethodTable Weak       Min:  0.0, Avg:  0.0, Max:  0.1, Diff:  0.1, Sum:  0.2, Workers: 4
[2848.326s][debug][gc,phases      ] GC(128)     Dead                           Min: 0, Avg:  4.0, Max: 14, Diff: 14, Sum: 16, Workers: 4
[2848.326s][debug][gc,phases      ] GC(128)     Total                          Min: 0, Avg: 4089.2, Max: 5760, Diff: 5760, Sum: 16357, Workers: 4
[2848.326s][debug][gc,phases      ] GC(128)   JNI Weak                       Min:  0.0, Avg:  0.0, Max:  0.0, Diff:  0.0, Sum:  0.0, Workers: 4
[2848.326s][debug][gc,phases      ] GC(128)     Dead                           Min: 0, Avg:  0.0, Max: 0, Diff: 0, Sum: 0, Workers: 4
[2848.326s][debug][gc,phases      ] GC(128)     Total                          Min: 0, Avg: 13.0, Max: 52, Diff: 52, Sum: 52, Workers: 4
[2848.326s][debug][gc,phases      ] GC(128)   StringDedup Table Weak         Min:  0.0, Avg:  0.0, Max:  0.0, Diff:  0.0, Sum:  0.0, Workers: 4
[2848.326s][debug][gc,phases      ] GC(128)     Dead                           Min: 0, Avg:  0.0, Max: 0, Diff: 0, Sum: 0, Workers: 4
[2848.326s][debug][gc,phases      ] GC(128)     Total                          Min: 0, Avg:  0.0, Max: 0, Diff: 0, Sum: 0, Workers: 4
[2848.326s][debug][gc,phases      ] GC(128)   StringDedup Requests0 Weak     Min:  0.0, Avg:  0.0, Max:  0.0, Diff:  0.0, Sum:  0.0, Workers: 4
[2848.326s][debug][gc,phases      ] GC(128)     Dead                           Min: 0, Avg:  0.0, Max: 0, Diff: 0, Sum: 0, Workers: 4
[2848.326s][debug][gc,phases      ] GC(128)     Total                          Min: 0, Avg:  0.0, Max: 0, Diff: 0, Sum: 0, Workers: 4
[2848.326s][debug][gc,phases      ] GC(128)   StringDedup Requests1 Weak     Min:  0.0, Avg:  0.0, Max:  0.0, Diff:  0.0, Sum:  0.0, Workers: 4
[2848.326s][debug][gc,phases      ] GC(128)     Dead                           Min: 0, Avg:  0.0, Max: 0, Diff: 0, Sum: 0, Workers: 4
[2848.326s][debug][gc,phases      ] GC(128)     Total                          Min: 0, Avg:  0.0, Max: 0, Diff: 0, Sum: 0, Workers: 4
[2848.326s][debug][gc,phases      ] GC(128)   Weak JFR Old Object Samples    Min:  0.0, Avg:  0.0, Max:  0.0, Diff:  0.0, Sum:  0.0, Workers: 4
[2848.326s][debug][gc,phases      ] GC(128)     Dead                           Min: 0, Avg:  0.0, Max: 0, Diff: 0, Sum: 0, Workers: 4
[2848.326s][debug][gc,phases      ] GC(128)     Total                          Min: 0, Avg:  0.0, Max: 0, Diff: 0, Sum: 0, Workers: 4
[2848.326s][debug][gc,phases      ] GC(128) Weak Processing 0.401ms
[2848.326s][debug][gc,age         ] GC(128) Desired survivor size 48758784 bytes, new threshold 1 (max threshold 15)
[2848.326s][info ][gc,heap        ] GC(128) PSYoungGen: 2016112K(2052608K)->36656K(2045952K) Eden: 2009088K(2009088K)->0K(2001920K) From: 7024K(43520K)->36656K(44032K)
[2848.326s][info ][gc,heap        ] GC(128) ParOldGen: 1447298K(1447424K)->1450530K(1451008K)
[2848.326s][info ][gc,metaspace   ] GC(128) Metaspace: 110215K(111616K)->110215K(111616K) NonClass: 93738K(94528K)->93738K(94528K) Class: 16477K(17088K)->16477K(17088K)
[2848.326s][info ][gc             ] GC(128) Pause Young (Allocation Failure) 3382M->1452M(3415M) 26.319ms
[2848.326s][info ][gc,cpu         ] GC(128) User=0.08s Sys=0.00s Real=0.03s
[2848.329s][info ][safepoint      ] Safepoint "ParallelGCFailedAllocation", Time since last: 87670971 ns, Reaching safepoint: 82600 ns, Cleanup: 4000 ns, At safepoint: 29226491 ns, Total: 29313091 ns
[2849.329s][info ][safepoint      ] Safepoint "Cleanup", Time since last: 1000095207 ns, Reaching safepoint: 6200 ns, Cleanup: 18400 ns, At safepoint: 2800 ns, Total: 27400 ns
[2850.329s][info ][safepoint      ] Safepoint "Cleanup", Time since last: 1000104308 ns, Reaching safepoint: 6800 ns, Cleanup: 9700 ns, At safepoint: 2700 ns, Total: 19200 ns
[2852.329s][info ][safepoint      ] Safepoint "Cleanup", Time since last: 2000182115 ns, Reaching safepoint: 79101 ns, Cleanup: 9800 ns, At safepoint: 6400 ns, Total: 95301 ns
[2853.330s][info ][safepoint      ] Safepoint "Cleanup", Time since last: 1000097408 ns, Reaching safepoint: 82100 ns, Cleanup: 8400 ns, At safepoint: 10700 ns, Total: 101200 ns
[2855.330s][info ][safepoint      ] Safepoint "Cleanup", Time since last: 2000180142 ns, Reaching safepoint: 16901 ns, Cleanup: 19000 ns, At safepoint: 5600 ns, Total: 41501 ns
[2857.333s][info ][safepoint      ] Safepoint "Cleanup", Time since last: 2003042547 ns, Reaching safepoint: 83701 ns, Cleanup: 8200 ns, At safepoint: 11500 ns, Total: 103401 ns
[2857.818s][info ][gc,start       ] GC(129) Pause Young (Allocation Failure)
[2857.849s][debug][gc,phases      ] GC(129) Scavenge 30.880ms
[2857.849s][debug][gc,ref         ] GC(129) ReferenceProcessor::execute queues: 1, RefProcThreadModel::Single, marks_oops_alive: false
[2857.849s][debug][gc,ref         ] GC(129) Skipped KeepAliveFinalRefsPhase of Reference Processing: no references
[2857.849s][debug][gc,ref         ] GC(129) ReferenceProcessor::execute queues: 1, RefProcThreadModel::Single, marks_oops_alive: false
[2857.849s][debug][gc,phases      ] GC(129) Reference Processing 0.097ms
[2857.850s][debug][gc,phases      ] GC(129)   VM Weak                        Min:  0.0, Avg:  0.0, Max:  0.0, Diff:  0.0, Sum:  0.0, Workers: 4
[2857.850s][debug][gc,phases      ] GC(129)     Dead                           Min: 0, Avg:  0.0, Max: 0, Diff: 0, Sum: 0, Workers: 4
[2857.850s][debug][gc,phases      ] GC(129)     Total                          Min: 0, Avg: 275.8, Max: 640, Diff: 640, Sum: 1103, Workers: 4
[2857.850s][debug][gc,phases      ] GC(129)   ObjectSynchronizer Weak        Min:  0.0, Avg:  0.0, Max:  0.0, Diff:  0.0, Sum:  0.0, Workers: 4
[2857.850s][debug][gc,phases      ] GC(129)     Dead                           Min: 0, Avg:  0.0, Max: 0, Diff: 0, Sum: 0, Workers: 4
[2857.850s][debug][gc,phases      ] GC(129)     Total                          Min: 0, Avg:  1.5, Max: 6, Diff: 6, Sum: 6, Workers: 4
[2857.850s][debug][gc,phases      ] GC(129)   JVMTI Tag Weak OopStorage      Min:  0.0, Avg:  0.0, Max:  0.0, Diff:  0.0, Sum:  0.0, Workers: 4
[2857.850s][debug][gc,phases      ] GC(129)     Dead                           Min: 0, Avg:  0.0, Max: 0, Diff: 0, Sum: 0, Workers: 4
[2857.850s][debug][gc,phases      ] GC(129)     Total                          Min: 0, Avg:  0.0, Max: 0, Diff: 0, Sum: 0, Workers: 4
[2857.850s][debug][gc,phases      ] GC(129)   StringTable Weak               Min:  0.1, Avg:  0.1, Max:  0.1, Diff:  0.0, Sum:  0.5, Workers: 4
[2857.850s][debug][gc,phases      ] GC(129)     Dead                           Min: 0, Avg:  0.2, Max: 1, Diff: 1, Sum: 1, Workers: 4
[2857.850s][debug][gc,phases      ] GC(129)     Total                          Min: 8639, Avg: 11857.0, Max: 13509, Diff: 4870, Sum: 47428, Workers: 4
[2857.850s][debug][gc,phases      ] GC(129)   ResolvedMethodTable Weak       Min:  0.0, Avg:  0.0, Max:  0.0, Diff:  0.0, Sum:  0.2, Workers: 4
[2857.850s][debug][gc,phases      ] GC(129)     Dead                           Min: 0, Avg:  0.2, Max: 1, Diff: 1, Sum: 1, Workers: 4
[2857.850s][debug][gc,phases      ] GC(129)     Total                          Min: 4003, Avg: 4090.0, Max: 4241, Diff: 238, Sum: 16360, Workers: 4
[2857.850s][debug][gc,phases      ] GC(129)   JNI Weak                       Min:  0.0, Avg:  0.0, Max:  0.0, Diff:  0.0, Sum:  0.0, Workers: 4
[2857.850s][debug][gc,phases      ] GC(129)     Dead                           Min: 0, Avg:  0.0, Max: 0, Diff: 0, Sum: 0, Workers: 4
[2857.850s][debug][gc,phases      ] GC(129)     Total                          Min: 0, Avg: 13.0, Max: 52, Diff: 52, Sum: 52, Workers: 4
[2857.850s][debug][gc,phases      ] GC(129)   StringDedup Table Weak         Min:  0.0, Avg:  0.0, Max:  0.0, Diff:  0.0, Sum:  0.0, Workers: 4
[2857.850s][debug][gc,phases      ] GC(129)     Dead                           Min: 0, Avg:  0.0, Max: 0, Diff: 0, Sum: 0, Workers: 4
[2857.850s][debug][gc,phases      ] GC(129)     Total                          Min: 0, Avg:  0.0, Max: 0, Diff: 0, Sum: 0, Workers: 4
[2857.850s][debug][gc,phases      ] GC(129)   StringDedup Requests0 Weak     Min:  0.0, Avg:  0.0, Max:  0.0, Diff:  0.0, Sum:  0.0, Workers: 4
[2857.850s][debug][gc,phases      ] GC(129)     Dead                           Min: 0, Avg:  0.0, Max: 0, Diff: 0, Sum: 0, Workers: 4
[2857.850s][debug][gc,phases      ] GC(129)     Total                          Min: 0, Avg:  0.0, Max: 0, Diff: 0, Sum: 0, Workers: 4
[2857.850s][debug][gc,phases      ] GC(129)   StringDedup Requests1 Weak     Min:  0.0, Avg:  0.0, Max:  0.0, Diff:  0.0, Sum:  0.0, Workers: 4
[2857.850s][debug][gc,phases      ] GC(129)     Dead                           Min: 0, Avg:  0.0, Max: 0, Diff: 0, Sum: 0, Workers: 4
[2857.850s][debug][gc,phases      ] GC(129)     Total                          Min: 0, Avg:  0.0, Max: 0, Diff: 0, Sum: 0, Workers: 4
[2857.850s][debug][gc,phases      ] GC(129)   Weak JFR Old Object Samples    Min:  0.0, Avg:  0.0, Max:  0.0, Diff:  0.0, Sum:  0.0, Workers: 4
[2857.850s][debug][gc,phases      ] GC(129)     Dead                           Min: 0, Avg:  0.0, Max: 0, Diff: 0, Sum: 0, Workers: 4
[2857.850s][debug][gc,phases      ] GC(129)     Total                          Min: 0, Avg:  0.0, Max: 0, Diff: 0, Sum: 0, Workers: 4
[2857.850s][debug][gc,phases      ] GC(129) Weak Processing 0.343ms
[2857.850s][debug][gc,age         ] GC(129) Desired survivor size 51380224 bytes, new threshold 1 (max threshold 15)
[2857.850s][info ][gc,heap        ] GC(129) PSYoungGen: 2038576K(2045952K)->37088K(2039296K) Eden: 2001920K(2001920K)->0K(2001920K) From: 36656K(44032K)->37088K(37376K)
[2857.850s][info ][gc,heap        ] GC(129) ParOldGen: 1450530K(1451008K)->1482633K(1482752K)
[2857.850s][info ][gc,metaspace   ] GC(129) Metaspace: 110270K(111680K)->110270K(111680K) NonClass: 93791K(94592K)->93791K(94592K) Class: 16478K(17088K)->16478K(17088K)
[2857.850s][info ][gc             ] GC(129) Pause Young (Allocation Failure) 3407M->1484M(3439M) 31.439ms
[2857.850s][info ][gc,cpu         ] GC(129) User=0.10s Sys=0.03s Real=0.03s
[2857.850s][info ][safepoint      ] Safepoint "ParallelGCFailedAllocation", Time since last: 485168045 ns, Reaching safepoint: 78600 ns, Cleanup: 9400 ns, At safepoint: 31507937 ns, Total: 31595937 ns
[2858.850s][info ][safepoint      ] Safepoint "Cleanup", Time since last: 1000082913 ns, Reaching safepoint: 6500 ns, Cleanup: 10300 ns, At safepoint: 2300 ns, Total: 19100 ns
[2860.850s][info ][safepoint      ] Safepoint "Cleanup", Time since last: 2000190926 ns, Reaching safepoint: 6400 ns, Cleanup: 10200 ns, At safepoint: 3000 ns, Total: 19600 ns
[2862.850s][info ][safepoint      ] Safepoint "Cleanup", Time since last: 2000187464 ns, Reaching safepoint: 5200 ns, Cleanup: 8100 ns, At safepoint: 2600 ns, Total: 15900 ns
[2863.851s][info ][safepoint      ] Safepoint "Cleanup", Time since last: 1000636260 ns, Reaching safepoint: 81401 ns, Cleanup: 11600 ns, At safepoint: 11600 ns, Total: 104601 ns
[2864.851s][info ][safepoint      ] Safepoint "Cleanup", Time since last: 1000115657 ns, Reaching safepoint: 7100 ns, Cleanup: 9700 ns, At safepoint: 3000 ns, Total: 19800 ns
[2865.851s][info ][safepoint      ] Safepoint "Cleanup", Time since last: 1000107856 ns, Reaching safepoint: 6500 ns, Cleanup: 11500 ns, At safepoint: 3000 ns, Total: 21000 ns
[2866.663s][info ][gc,start       ] GC(130) Pause Young (Allocation Failure)
[2866.691s][debug][gc,phases      ] GC(130) Scavenge 28.269ms
[2866.691s][debug][gc,ref         ] GC(130) ReferenceProcessor::execute queues: 1, RefProcThreadModel::Single, marks_oops_alive: false
[2866.691s][debug][gc,ref         ] GC(130) Skipped KeepAliveFinalRefsPhase of Reference Processing: no references
[2866.691s][debug][gc,ref         ] GC(130) Skipped PhantomRefsPhase of Reference Processing: no references
[2866.691s][debug][gc,phases      ] GC(130) Reference Processing 0.102ms
[2866.692s][debug][gc,phases      ] GC(130)   VM Weak                        Min:  0.0, Avg:  0.0, Max:  0.0, Diff:  0.0, Sum:  0.0, Workers: 4
[2866.692s][debug][gc,phases      ] GC(130)     Dead                           Min: 0, Avg:  0.0, Max: 0, Diff: 0, Sum: 0, Workers: 4
[2866.692s][debug][gc,phases      ] GC(130)     Total                          Min: 0, Avg: 275.8, Max: 576, Diff: 576, Sum: 1103, Workers: 4
[2866.692s][debug][gc,phases      ] GC(130)   ObjectSynchronizer Weak        Min:  0.0, Avg:  0.0, Max:  0.0, Diff:  0.0, Sum:  0.0, Workers: 4
[2866.692s][debug][gc,phases      ] GC(130)     Dead                           Min: 0, Avg:  0.0, Max: 0, Diff: 0, Sum: 0, Workers: 4
[2866.692s][debug][gc,phases      ] GC(130)     Total                          Min: 0, Avg:  1.5, Max: 6, Diff: 6, Sum: 6, Workers: 4
[2866.692s][debug][gc,phases      ] GC(130)   JVMTI Tag Weak OopStorage      Min:  0.0, Avg:  0.0, Max:  0.0, Diff:  0.0, Sum:  0.0, Workers: 4
[2866.692s][debug][gc,phases      ] GC(130)     Dead                           Min: 0, Avg:  0.0, Max: 0, Diff: 0, Sum: 0, Workers: 4
[2866.692s][debug][gc,phases      ] GC(130)     Total                          Min: 0, Avg:  0.0, Max: 0, Diff: 0, Sum: 0, Workers: 4
[2866.692s][debug][gc,phases      ] GC(130)   StringTable Weak               Min:  0.0, Avg:  0.1, Max:  0.1, Diff:  0.1, Sum:  0.4, Workers: 4
[2866.692s][debug][gc,phases      ] GC(130)     Dead                           Min: 0, Avg:  0.0, Max: 0, Diff: 0, Sum: 0, Workers: 4
[2866.692s][debug][gc,phases      ] GC(130)     Total                          Min: 0, Avg: 11857.2, Max: 20421, Diff: 20421, Sum: 47429, Workers: 4
[2866.692s][debug][gc,phases      ] GC(130)   ResolvedMethodTable Weak       Min:  0.0, Avg:  0.0, Max:  0.0, Diff:  0.0, Sum:  0.1, Workers: 4
[2866.692s][debug][gc,phases      ] GC(130)     Dead                           Min: 0, Avg:  0.0, Max: 0, Diff: 0, Sum: 0, Workers: 4
[2866.692s][debug][gc,phases      ] GC(130)     Total                          Min: 0, Avg: 4090.0, Max: 6838, Diff: 6838, Sum: 16360, Workers: 4
[2866.692s][debug][gc,phases      ] GC(130)   JNI Weak                       Min:  0.0, Avg:  0.0, Max:  0.0, Diff:  0.0, Sum:  0.0, Workers: 4
[2866.692s][debug][gc,phases      ] GC(130)     Dead                           Min: 0, Avg:  0.0, Max: 0, Diff: 0, Sum: 0, Workers: 4
[2866.692s][debug][gc,phases      ] GC(130)     Total                          Min: 0, Avg: 13.0, Max: 52, Diff: 52, Sum: 52, Workers: 4
[2866.692s][debug][gc,phases      ] GC(130)   StringDedup Table Weak         Min:  0.0, Avg:  0.0, Max:  0.0, Diff:  0.0, Sum:  0.0, Workers: 4
[2866.692s][debug][gc,phases      ] GC(130)     Dead                           Min: 0, Avg:  0.0, Max: 0, Diff: 0, Sum: 0, Workers: 4
[2866.692s][debug][gc,phases      ] GC(130)     Total                          Min: 0, Avg:  0.0, Max: 0, Diff: 0, Sum: 0, Workers: 4
[2866.692s][debug][gc,phases      ] GC(130)   StringDedup Requests0 Weak     Min:  0.0, Avg:  0.0, Max:  0.0, Diff:  0.0, Sum:  0.0, Workers: 4
[2866.692s][debug][gc,phases      ] GC(130)     Dead                           Min: 0, Avg:  0.0, Max: 0, Diff: 0, Sum: 0, Workers: 4
[2866.692s][debug][gc,phases      ] GC(130)     Total                          Min: 0, Avg:  0.0, Max: 0, Diff: 0, Sum: 0, Workers: 4
[2866.692s][debug][gc,phases      ] GC(130)   StringDedup Requests1 Weak     Min:  0.0, Avg:  0.0, Max:  0.0, Diff:  0.0, Sum:  0.0, Workers: 4
[2866.692s][debug][gc,phases      ] GC(130)     Dead                           Min: 0, Avg:  0.0, Max: 0, Diff: 0, Sum: 0, Workers: 4
[2866.692s][debug][gc,phases      ] GC(130)     Total                          Min: 0, Avg:  0.0, Max: 0, Diff: 0, Sum: 0, Workers: 4
[2866.692s][debug][gc,phases      ] GC(130)   Weak JFR Old Object Samples    Min:  0.0, Avg:  0.0, Max:  0.0, Diff:  0.0, Sum:  0.0, Workers: 4
[2866.692s][debug][gc,phases      ] GC(130)     Dead                           Min: 0, Avg:  0.0, Max: 0, Diff: 0, Sum: 0, Workers: 4
[2866.692s][debug][gc,phases      ] GC(130)     Total                          Min: 0, Avg:  0.0, Max: 0, Diff: 0, Sum: 0, Workers: 4
[2866.692s][debug][gc,phases      ] GC(130) Weak Processing 0.364ms
[2866.692s][debug][gc,age         ] GC(130) Desired survivor size 50855936 bytes, new threshold 1 (max threshold 15)
[2866.692s][info ][gc,heap        ] GC(130) PSYoungGen: 2039008K(2039296K)->28704K(2047488K) Eden: 2001920K(2001920K)->0K(1997312K) From: 37088K(37376K)->28704K(50176K)
[2866.692s][info ][gc,heap        ] GC(130) ParOldGen: 1482633K(1482752K)->1513819K(1513984K)
[2866.692s][info ][gc,metaspace   ] GC(130) Metaspace: 110274K(111680K)->110274K(111680K) NonClass: 93795K(94592K)->93795K(94592K) Class: 16478K(17088K)->16478K(17088K)
[2866.692s][info ][gc             ] GC(130) Pause Young (Allocation Failure) 3439M->1506M(3478M) 28.879ms
[2866.692s][info ][gc,cpu         ] GC(130) User=0.09s Sys=0.02s Real=0.03s
[2866.692s][info ][safepoint      ] Safepoint "ParallelGCFailedAllocation", Time since last: 811470288 ns, Reaching safepoint: 82001 ns, Cleanup: 4000 ns, At safepoint: 28956510 ns, Total: 29042511 ns
[2867.692s][info ][safepoint      ] Safepoint "Cleanup", Time since last: 1000107756 ns, Reaching safepoint: 6400 ns, Cleanup: 20400 ns, At safepoint: 2700 ns, Total: 29500 ns
[2868.692s][info ][safepoint      ] Safepoint "Cleanup", Time since last: 1000119857 ns, Reaching safepoint: 6500 ns, Cleanup: 10100 ns, At safepoint: 2900 ns, Total: 19500 ns
[2869.692s][info ][safepoint      ] Safepoint "Cleanup", Time since last: 1000105456 ns, Reaching safepoint: 78801 ns, Cleanup: 20800 ns, At safepoint: 6400 ns, Total: 106001 ns
[2870.692s][info ][safepoint      ] Safepoint "Cleanup", Time since last: 1000119161 ns, Reaching safepoint: 6100 ns, Cleanup: 16700 ns, At safepoint: 3600 ns, Total: 26400 ns
[2871.693s][info ][safepoint      ] Safepoint "Cleanup", Time since last: 1000104361 ns, Reaching safepoint: 6500 ns, Cleanup: 19001 ns, At safepoint: 3000 ns, Total: 28501 ns
[2873.695s][info ][safepoint      ] Safepoint "Cleanup", Time since last: 2002401838 ns, Reaching safepoint: 6500 ns, Cleanup: 8900 ns, At safepoint: 2500 ns, Total: 17900 ns
[2875.696s][info ][safepoint      ] Safepoint "Cleanup", Time since last: 2000924028 ns, Reaching safepoint: 80001 ns, Cleanup: 11000 ns, At safepoint: 12200 ns, Total: 103201 ns
[2876.074s][info ][gc,start       ] GC(131) Pause Young (Allocation Failure)
[2876.099s][debug][gc,phases      ] GC(131) Scavenge 25.175ms
[2876.099s][debug][gc,ref         ] GC(131) ReferenceProcessor::execute queues: 1, RefProcThreadModel::Single, marks_oops_alive: false
[2876.099s][debug][gc,ref         ] GC(131) Skipped KeepAliveFinalRefsPhase of Reference Processing: no references
[2876.099s][debug][gc,ref         ] GC(131) ReferenceProcessor::execute queues: 1, RefProcThreadModel::Single, marks_oops_alive: false
[2876.099s][debug][gc,phases      ] GC(131) Reference Processing 0.097ms
[2876.099s][debug][gc,phases      ] GC(131)   VM Weak                        Min:  0.0, Avg:  0.0, Max:  0.0, Diff:  0.0, Sum:  0.0, Workers: 4
[2876.099s][debug][gc,phases      ] GC(131)     Dead                           Min: 0, Avg:  0.0, Max: 0, Diff: 0, Sum: 0, Workers: 4
[2876.099s][debug][gc,phases      ] GC(131)     Total                          Min: 0, Avg: 275.8, Max: 1039, Diff: 1039, Sum: 1103, Workers: 4
[2876.099s][debug][gc,phases      ] GC(131)   ObjectSynchronizer Weak        Min:  0.0, Avg:  0.0, Max:  0.0, Diff:  0.0, Sum:  0.0, Workers: 4
[2876.099s][debug][gc,phases      ] GC(131)     Dead                           Min: 0, Avg:  0.0, Max: 0, Diff: 0, Sum: 0, Workers: 4
[2876.099s][debug][gc,phases      ] GC(131)     Total                          Min: 0, Avg:  1.5, Max: 6, Diff: 6, Sum: 6, Workers: 4
[2876.099s][debug][gc,phases      ] GC(131)   JVMTI Tag Weak OopStorage      Min:  0.0, Avg:  0.0, Max:  0.0, Diff:  0.0, Sum:  0.0, Workers: 4
[2876.099s][debug][gc,phases      ] GC(131)     Dead                           Min: 0, Avg:  0.0, Max: 0, Diff: 0, Sum: 0, Workers: 4
[2876.099s][debug][gc,phases      ] GC(131)     Total                          Min: 0, Avg:  0.0, Max: 0, Diff: 0, Sum: 0, Workers: 4
[2876.099s][debug][gc,phases      ] GC(131)   StringTable Weak               Min:  0.1, Avg:  0.1, Max:  0.1, Diff:  0.0, Sum:  0.5, Workers: 4
[2876.099s][debug][gc,phases      ] GC(131)     Dead                           Min: 0, Avg:  0.0, Max: 0, Diff: 0, Sum: 0, Workers: 4
[2876.099s][debug][gc,phases      ] GC(131)     Total                          Min: 11583, Avg: 11857.2, Max: 12038, Diff: 455, Sum: 47429, Workers: 4
[2876.099s][debug][gc,phases      ] GC(131)   ResolvedMethodTable Weak       Min:  0.0, Avg:  0.0, Max:  0.0, Diff:  0.0, Sum:  0.2, Workers: 4
[2876.099s][debug][gc,phases      ] GC(131)     Dead                           Min: 0, Avg:  4.0, Max: 16, Diff: 16, Sum: 16, Workers: 4
[2876.099s][debug][gc,phases      ] GC(131)     Total                          Min: 3976, Avg: 4090.0, Max: 4280, Diff: 304, Sum: 16360, Workers: 4
[2876.099s][debug][gc,phases      ] GC(131)   JNI Weak                       Min:  0.0, Avg:  0.0, Max:  0.0, Diff:  0.0, Sum:  0.0, Workers: 4
[2876.099s][debug][gc,phases      ] GC(131)     Dead                           Min: 0, Avg:  0.0, Max: 0, Diff: 0, Sum: 0, Workers: 4
[2876.099s][debug][gc,phases      ] GC(131)     Total                          Min: 0, Avg: 13.0, Max: 52, Diff: 52, Sum: 52, Workers: 4
[2876.099s][debug][gc,phases      ] GC(131)   StringDedup Table Weak         Min:  0.0, Avg:  0.0, Max:  0.0, Diff:  0.0, Sum:  0.0, Workers: 4
[2876.099s][debug][gc,phases      ] GC(131)     Dead                           Min: 0, Avg:  0.0, Max: 0, Diff: 0, Sum: 0, Workers: 4
[2876.099s][debug][gc,phases      ] GC(131)     Total                          Min: 0, Avg:  0.0, Max: 0, Diff: 0, Sum: 0, Workers: 4
[2876.099s][debug][gc,phases      ] GC(131)   StringDedup Requests0 Weak     Min:  0.0, Avg:  0.0, Max:  0.0, Diff:  0.0, Sum:  0.0, Workers: 4
[2876.099s][debug][gc,phases      ] GC(131)     Dead                           Min: 0, Avg:  0.0, Max: 0, Diff: 0, Sum: 0, Workers: 4
[2876.099s][debug][gc,phases      ] GC(131)     Total                          Min: 0, Avg:  0.0, Max: 0, Diff: 0, Sum: 0, Workers: 4
[2876.099s][debug][gc,phases      ] GC(131)   StringDedup Requests1 Weak     Min:  0.0, Avg:  0.0, Max:  0.0, Diff:  0.0, Sum:  0.0, Workers: 4
[2876.099s][debug][gc,phases      ] GC(131)     Dead                           Min: 0, Avg:  0.0, Max: 0, Diff: 0, Sum: 0, Workers: 4
[2876.099s][debug][gc,phases      ] GC(131)     Total                          Min: 0, Avg:  0.0, Max: 0, Diff: 0, Sum: 0, Workers: 4
[2876.099s][debug][gc,phases      ] GC(131)   Weak JFR Old Object Samples    Min:  0.0, Avg:  0.0, Max:  0.0, Diff:  0.0, Sum:  0.0, Workers: 4
[2876.099s][debug][gc,phases      ] GC(131)     Dead                           Min: 0, Avg:  0.0, Max: 0, Diff: 0, Sum: 0, Workers: 4
[2876.099s][debug][gc,phases      ] GC(131)     Total                          Min: 0, Avg:  0.0, Max: 0, Diff: 0, Sum: 0, Workers: 4
[2876.099s][debug][gc,phases      ] GC(131) Weak Processing 0.324ms
[2876.099s][debug][gc,age         ] GC(131) Desired survivor size 51904512 bytes, new threshold 1 (max threshold 15)
[2876.099s][info ][gc,heap        ] GC(131) PSYoungGen: 2026016K(2047488K)->33792K(2031616K) Eden: 1997312K(1997312K)->0K(1997312K) From: 28704K(50176K)->33792K(34304K)
[2876.099s][info ][gc,heap        ] GC(131) ParOldGen: 1513819K(1513984K)->1539463K(1539584K)
[2876.099s][info ][gc,metaspace   ] GC(131) Metaspace: 110279K(111680K)->110279K(111680K) NonClass: 93800K(94592K)->93800K(94592K) Class: 16478K(17088K)->16478K(17088K)
[2876.099s][info ][gc             ] GC(131) Pause Young (Allocation Failure) 3456M->1536M(3487M) 25.705ms
[2876.099s][info ][gc,cpu         ] GC(131) User=0.09s Sys=0.01s Real=0.02s
[2876.099s][info ][safepoint      ] Safepoint "ParallelGCFailedAllocation", Time since last: 377616241 ns, Reaching safepoint: 83201 ns, Cleanup: 9200 ns, At safepoint: 25782087 ns, Total: 25874488 ns
[2882.149s][info ][safepoint      ] Safepoint "Cleanup", Time since last: 6049721326 ns, Reaching safepoint: 82000 ns, Cleanup: 8500 ns, At safepoint: 6400 ns, Total: 96900 ns
[2883.149s][info ][safepoint      ] Safepoint "Cleanup", Time since last: 1000102832 ns, Reaching safepoint: 79000 ns, Cleanup: 9300 ns, At safepoint: 6400 ns, Total: 94700 ns
[2884.150s][info ][safepoint      ] Safepoint "Cleanup", Time since last: 1000114732 ns, Reaching safepoint: 6900 ns, Cleanup: 9500 ns, At safepoint: 2400 ns, Total: 18800 ns
[2885.964s][info ][gc,start       ] GC(132) Pause Young (Allocation Failure)
[2885.992s][debug][gc,phases      ] GC(132) Scavenge 28.489ms
[2885.993s][debug][gc,ref         ] GC(132) ReferenceProcessor::execute queues: 1, RefProcThreadModel::Single, marks_oops_alive: false
[2885.993s][debug][gc,ref         ] GC(132) Skipped KeepAliveFinalRefsPhase of Reference Processing: no references
[2885.993s][debug][gc,ref         ] GC(132) ReferenceProcessor::execute queues: 1, RefProcThreadModel::Single, marks_oops_alive: false
[2885.993s][debug][gc,phases      ] GC(132) Reference Processing 0.121ms
[2885.993s][debug][gc,phases      ] GC(132)   VM Weak                        Min:  0.0, Avg:  0.0, Max:  0.0, Diff:  0.0, Sum:  0.0, Workers: 4
[2885.993s][debug][gc,phases      ] GC(132)     Dead                           Min: 0, Avg:  0.0, Max: 0, Diff: 0, Sum: 0, Workers: 4
[2885.993s][debug][gc,phases      ] GC(132)     Total                          Min: 0, Avg: 275.8, Max: 576, Diff: 576, Sum: 1103, Workers: 4
[2885.993s][debug][gc,phases      ] GC(132)   ObjectSynchronizer Weak        Min:  0.0, Avg:  0.0, Max:  0.0, Diff:  0.0, Sum:  0.0, Workers: 4
[2885.993s][debug][gc,phases      ] GC(132)     Dead                           Min: 0, Avg:  0.0, Max: 0, Diff: 0, Sum: 0, Workers: 4
[2885.993s][debug][gc,phases      ] GC(132)     Total                          Min: 0, Avg:  1.0, Max: 4, Diff: 4, Sum: 4, Workers: 4
[2885.993s][debug][gc,phases      ] GC(132)   JVMTI Tag Weak OopStorage      Min:  0.0, Avg:  0.0, Max:  0.0, Diff:  0.0, Sum:  0.0, Workers: 4
[2885.993s][debug][gc,phases      ] GC(132)     Dead                           Min: 0, Avg:  0.0, Max: 0, Diff: 0, Sum: 0, Workers: 4
[2885.993s][debug][gc,phases      ] GC(132)     Total                          Min: 0, Avg:  0.0, Max: 0, Diff: 0, Sum: 0, Workers: 4
[2885.993s][debug][gc,phases      ] GC(132)   StringTable Weak               Min:  0.0, Avg:  0.1, Max:  0.1, Diff:  0.1, Sum:  0.4, Workers: 4
[2885.993s][debug][gc,phases      ] GC(132)     Dead                           Min: 0, Avg:  0.0, Max: 0, Diff: 0, Sum: 0, Workers: 4
[2885.993s][debug][gc,phases      ] GC(132)     Total                          Min: 0, Avg: 11857.2, Max: 19398, Diff: 19398, Sum: 47429, Workers: 4
[2885.993s][debug][gc,phases      ] GC(132)   ResolvedMethodTable Weak       Min:  0.0, Avg:  0.0, Max:  0.0, Diff:  0.0, Sum:  0.1, Workers: 4
[2885.993s][debug][gc,phases      ] GC(132)     Dead                           Min: 0, Avg:  0.0, Max: 0, Diff: 0, Sum: 0, Workers: 4
[2885.993s][debug][gc,phases      ] GC(132)     Total                          Min: 0, Avg: 4090.0, Max: 6991, Diff: 6991, Sum: 16360, Workers: 4
[2885.993s][debug][gc,phases      ] GC(132)   JNI Weak                       Min:  0.0, Avg:  0.0, Max:  0.0, Diff:  0.0, Sum:  0.0, Workers: 4
[2885.993s][debug][gc,phases      ] GC(132)     Dead                           Min: 0, Avg:  0.0, Max: 0, Diff: 0, Sum: 0, Workers: 4
[2885.993s][debug][gc,phases      ] GC(132)     Total                          Min: 0, Avg: 13.0, Max: 52, Diff: 52, Sum: 52, Workers: 4
[2885.993s][debug][gc,phases      ] GC(132)   StringDedup Table Weak         Min:  0.0, Avg:  0.0, Max:  0.0, Diff:  0.0, Sum:  0.0, Workers: 4
[2885.993s][debug][gc,phases      ] GC(132)     Dead                           Min: 0, Avg:  0.0, Max: 0, Diff: 0, Sum: 0, Workers: 4
[2885.993s][debug][gc,phases      ] GC(132)     Total                          Min: 0, Avg:  0.0, Max: 0, Diff: 0, Sum: 0, Workers: 4
[2885.993s][debug][gc,phases      ] GC(132)   StringDedup Requests0 Weak     Min:  0.0, Avg:  0.0, Max:  0.0, Diff:  0.0, Sum:  0.0, Workers: 4
[2885.993s][debug][gc,phases      ] GC(132)     Dead                           Min: 0, Avg:  0.0, Max: 0, Diff: 0, Sum: 0, Workers: 4
[2885.993s][debug][gc,phases      ] GC(132)     Total                          Min: 0, Avg:  0.0, Max: 0, Diff: 0, Sum: 0, Workers: 4
[2885.993s][debug][gc,phases      ] GC(132)   StringDedup Requests1 Weak     Min:  0.0, Avg:  0.0, Max:  0.0, Diff:  0.0, Sum:  0.0, Workers: 4
[2885.993s][debug][gc,phases      ] GC(132)     Dead                           Min: 0, Avg:  0.0, Max: 0, Diff: 0, Sum: 0, Workers: 4
[2885.993s][debug][gc,phases      ] GC(132)     Total                          Min: 0, Avg:  0.0, Max: 0, Diff: 0, Sum: 0, Workers: 4
[2885.993s][debug][gc,phases      ] GC(132)   Weak JFR Old Object Samples    Min:  0.0, Avg:  0.0, Max:  0.0, Diff:  0.0, Sum:  0.0, Workers: 4
[2885.993s][debug][gc,phases      ] GC(132)     Dead                           Min: 0, Avg:  0.0, Max: 0, Diff: 0, Sum: 0, Workers: 4
[2885.993s][debug][gc,phases      ] GC(132)     Total                          Min: 0, Avg:  0.0, Max: 0, Diff: 0, Sum: 0, Workers: 4
[2885.993s][debug][gc,phases      ] GC(132) Weak Processing 0.397ms
[2885.993s][debug][gc,age         ] GC(132) Desired survivor size 50855936 bytes, new threshold 1 (max threshold 15)
[2885.993s][info ][gc,heap        ] GC(132) PSYoungGen: 2031104K(2031616K)->29504K(2047488K) Eden: 1997312K(1997312K)->0K(1996800K) From: 33792K(34304K)->29504K(50688K)
[2885.993s][info ][gc,heap        ] GC(132) ParOldGen: 1539463K(1539584K)->1570338K(1570816K)
[2885.993s][info ][gc,metaspace   ] GC(132) Metaspace: 110280K(111680K)->110280K(111680K) NonClass: 93801K(94592K)->93801K(94592K) Class: 16478K(17088K)->16478K(17088K)
[2885.993s][info ][gc             ] GC(132) Pause Young (Allocation Failure) 3486M->1562M(3533M) 29.137ms
[2885.993s][info ][gc,cpu         ] GC(132) User=0.09s Sys=0.01s Real=0.03s
[2885.993s][info ][safepoint      ] Safepoint "ParallelGCFailedAllocation", Time since last: 1814248372 ns, Reaching safepoint: 6100 ns, Cleanup: 9700 ns, At safepoint: 29205506 ns, Total: 29221306 ns
[2888.993s][info ][safepoint      ] Safepoint "Cleanup", Time since last: 3000227490 ns, Reaching safepoint: 6800 ns, Cleanup: 9300 ns, At safepoint: 2500 ns, Total: 18600 ns
[2893.994s][info ][safepoint      ] Safepoint "Cleanup", Time since last: 5000386331 ns, Reaching safepoint: 6600 ns, Cleanup: 11000 ns, At safepoint: 2500 ns, Total: 20100 ns
[2897.994s][info ][safepoint      ] Safepoint "Cleanup", Time since last: 4000336312 ns, Reaching safepoint: 78501 ns, Cleanup: 40900 ns, At safepoint: 6300 ns, Total: 125701 ns
[2898.994s][info ][safepoint      ] Safepoint "Cleanup", Time since last: 1000127679 ns, Reaching safepoint: 6900 ns, Cleanup: 16900 ns, At safepoint: 2900 ns, Total: 26700 ns
[2899.995s][info ][safepoint      ] Safepoint "Cleanup", Time since last: 1000147478 ns, Reaching safepoint: 6500 ns, Cleanup: 10400 ns, At safepoint: 2700 ns, Total: 19600 ns
[2901.995s][info ][safepoint      ] Safepoint "Cleanup", Time since last: 2000770667 ns, Reaching safepoint: 6101 ns, Cleanup: 15600 ns, At safepoint: 2500 ns, Total: 24201 ns
[2903.765s][info ][gc,start       ] GC(133) Pause Young (Allocation Failure)
[2903.789s][debug][gc,phases      ] GC(133) Scavenge 24.443ms
[2903.789s][debug][gc,ref         ] GC(133) ReferenceProcessor::execute queues: 1, RefProcThreadModel::Single, marks_oops_alive: false
[2903.789s][debug][gc,ref         ] GC(133) Skipped KeepAliveFinalRefsPhase of Reference Processing: no references
[2903.789s][debug][gc,ref         ] GC(133) Skipped PhantomRefsPhase of Reference Processing: no references
[2903.789s][debug][gc,phases      ] GC(133) Reference Processing 0.101ms
[2903.790s][debug][gc,phases      ] GC(133)   VM Weak                        Min:  0.0, Avg:  0.0, Max:  0.0, Diff:  0.0, Sum:  0.0, Workers: 4
[2903.790s][debug][gc,phases      ] GC(133)     Dead                           Min: 0, Avg:  0.0, Max: 0, Diff: 0, Sum: 0, Workers: 4
[2903.790s][debug][gc,phases      ] GC(133)     Total                          Min: 0, Avg: 275.8, Max: 527, Diff: 527, Sum: 1103, Workers: 4
[2903.790s][debug][gc,phases      ] GC(133)   ObjectSynchronizer Weak        Min:  0.0, Avg:  0.0, Max:  0.0, Diff:  0.0, Sum:  0.0, Workers: 4
[2903.790s][debug][gc,phases      ] GC(133)     Dead                           Min: 0, Avg:  0.0, Max: 0, Diff: 0, Sum: 0, Workers: 4
[2903.790s][debug][gc,phases      ] GC(133)     Total                          Min: 0, Avg:  1.0, Max: 4, Diff: 4, Sum: 4, Workers: 4
[2903.790s][debug][gc,phases      ] GC(133)   JVMTI Tag Weak OopStorage      Min:  0.0, Avg:  0.0, Max:  0.0, Diff:  0.0, Sum:  0.0, Workers: 4
[2903.790s][debug][gc,phases      ] GC(133)     Dead                           Min: 0, Avg:  0.0, Max: 0, Diff: 0, Sum: 0, Workers: 4
[2903.790s][debug][gc,phases      ] GC(133)     Total                          Min: 0, Avg:  0.0, Max: 0, Diff: 0, Sum: 0, Workers: 4
[2903.790s][debug][gc,phases      ] GC(133)   StringTable Weak               Min:  0.1, Avg:  0.1, Max:  0.1, Diff:  0.0, Sum:  0.5, Workers: 4
[2903.790s][debug][gc,phases      ] GC(133)     Dead                           Min: 0, Avg:  0.0, Max: 0, Diff: 0, Sum: 0, Workers: 4
[2903.790s][debug][gc,phases      ] GC(133)     Total                          Min: 11199, Avg: 11857.2, Max: 12224, Diff: 1025, Sum: 47429, Workers: 4
[2903.790s][debug][gc,phases      ] GC(133)   ResolvedMethodTable Weak       Min:  0.0, Avg:  0.0, Max:  0.0, Diff:  0.0, Sum:  0.2, Workers: 4
[2903.790s][debug][gc,phases      ] GC(133)     Dead                           Min: 0, Avg:  4.0, Max: 16, Diff: 16, Sum: 16, Workers: 4
[2903.790s][debug][gc,phases      ] GC(133)     Total                          Min: 3981, Avg: 4090.0, Max: 4227, Diff: 246, Sum: 16360, Workers: 4
[2903.790s][debug][gc,phases      ] GC(133)   JNI Weak                       Min:  0.0, Avg:  0.0, Max:  0.0, Diff:  0.0, Sum:  0.0, Workers: 4
[2903.790s][debug][gc,phases      ] GC(133)     Dead                           Min: 0, Avg:  0.0, Max: 0, Diff: 0, Sum: 0, Workers: 4
[2903.790s][debug][gc,phases      ] GC(133)     Total                          Min: 0, Avg: 13.0, Max: 52, Diff: 52, Sum: 52, Workers: 4
[2903.790s][debug][gc,phases      ] GC(133)   StringDedup Table Weak         Min:  0.0, Avg:  0.0, Max:  0.0, Diff:  0.0, Sum:  0.0, Workers: 4
[2903.790s][debug][gc,phases      ] GC(133)     Dead                           Min: 0, Avg:  0.0, Max: 0, Diff: 0, Sum: 0, Workers: 4
[2903.790s][debug][gc,phases      ] GC(133)     Total                          Min: 0, Avg:  0.0, Max: 0, Diff: 0, Sum: 0, Workers: 4
[2903.790s][debug][gc,phases      ] GC(133)   StringDedup Requests0 Weak     Min:  0.0, Avg:  0.0, Max:  0.0, Diff:  0.0, Sum:  0.0, Workers: 4
[2903.790s][debug][gc,phases      ] GC(133)     Dead                           Min: 0, Avg:  0.0, Max: 0, Diff: 0, Sum: 0, Workers: 4
[2903.790s][debug][gc,phases      ] GC(133)     Total                          Min: 0, Avg:  0.0, Max: 0, Diff: 0, Sum: 0, Workers: 4
[2903.790s][debug][gc,phases      ] GC(133)   StringDedup Requests1 Weak     Min:  0.0, Avg:  0.0, Max:  0.0, Diff:  0.0, Sum:  0.0, Workers: 4
[2903.790s][debug][gc,phases      ] GC(133)     Dead                           Min: 0, Avg:  0.0, Max: 0, Diff: 0, Sum: 0, Workers: 4
[2903.790s][debug][gc,phases      ] GC(133)     Total                          Min: 0, Avg:  0.0, Max: 0, Diff: 0, Sum: 0, Workers: 4
[2903.790s][debug][gc,phases      ] GC(133)   Weak JFR Old Object Samples    Min:  0.0, Avg:  0.0, Max:  0.0, Diff:  0.0, Sum:  0.0, Workers: 4
[2903.790s][debug][gc,phases      ] GC(133)     Dead                           Min: 0, Avg:  0.0, Max: 0, Diff: 0, Sum: 0, Workers: 4
[2903.790s][debug][gc,phases      ] GC(133)     Total                          Min: 0, Avg:  0.0, Max: 0, Diff: 0, Sum: 0, Workers: 4
[2903.790s][debug][gc,phases      ] GC(133) Weak Processing 0.349ms
[2903.790s][debug][gc,age         ] GC(133) Desired survivor size 48758784 bytes, new threshold 1 (max threshold 15)
[2903.790s][info ][gc,heap        ] GC(133) PSYoungGen: 2026304K(2047488K)->23616K(2046464K) Eden: 1996800K(1996800K)->0K(1996800K) From: 29504K(50688K)->23616K(49664K)
[2903.790s][info ][gc,heap        ] GC(133) ParOldGen: 1570338K(1570816K)->1595605K(1595904K)
[2903.790s][info ][gc,metaspace   ] GC(133) Metaspace: 110300K(111680K)->110300K(111680K) NonClass: 93821K(94592K)->93821K(94592K) Class: 16478K(17088K)->16478K(17088K)
[2903.790s][info ][gc             ] GC(133) Pause Young (Allocation Failure) 3512M->1581M(3557M) 25.004ms
[2903.790s][info ][gc,cpu         ] GC(133) User=0.07s Sys=0.01s Real=0.02s
[2903.790s][info ][safepoint      ] Safepoint "ParallelGCFailedAllocation", Time since last: 1769277602 ns, Reaching safepoint: 48700 ns, Cleanup: 3900 ns, At safepoint: 25080582 ns, Total: 25133182 ns
[2904.790s][info ][safepoint      ] Safepoint "Cleanup", Time since last: 1000092236 ns, Reaching safepoint: 80601 ns, Cleanup: 36400 ns, At safepoint: 10800 ns, Total: 127801 ns
[2907.217s][info ][safepoint      ] Safepoint "Cleanup", Time since last: 2427298263 ns, Reaching safepoint: 6800 ns, Cleanup: 10500 ns, At safepoint: 2900 ns, Total: 20200 ns
[2909.218s][info ][safepoint      ] Safepoint "Cleanup", Time since last: 2000254074 ns, Reaching safepoint: 80200 ns, Cleanup: 9600 ns, At safepoint: 8300 ns, Total: 98100 ns
[2910.218s][info ][safepoint      ] Safepoint "Cleanup", Time since last: 1000114103 ns, Reaching safepoint: 76600 ns, Cleanup: 7801 ns, At safepoint: 5100 ns, Total: 89501 ns
[2911.218s][info ][safepoint      ] Safepoint "Cleanup", Time since last: 1000115923 ns, Reaching safepoint: 79101 ns, Cleanup: 8900 ns, At safepoint: 6200 ns, Total: 94201 ns
[2912.167s][info ][gc,start       ] GC(134) Pause Young (Allocation Failure)
[2912.193s][debug][gc,phases      ] GC(134) Scavenge 26.301ms
[2912.193s][debug][gc,ref         ] GC(134) ReferenceProcessor::execute queues: 1, RefProcThreadModel::Single, marks_oops_alive: false
[2912.193s][debug][gc,ref         ] GC(134) Skipped KeepAliveFinalRefsPhase of Reference Processing: no references
[2912.193s][debug][gc,ref         ] GC(134) ReferenceProcessor::execute queues: 1, RefProcThreadModel::Single, marks_oops_alive: false
[2912.193s][debug][gc,phases      ] GC(134) Reference Processing 0.094ms
[2912.194s][debug][gc,phases      ] GC(134)   VM Weak                        Min:  0.0, Avg:  0.0, Max:  0.0, Diff:  0.0, Sum:  0.0, Workers: 4
[2912.194s][debug][gc,phases      ] GC(134)     Dead                           Min: 0, Avg:  0.0, Max: 0, Diff: 0, Sum: 0, Workers: 4
[2912.194s][debug][gc,phases      ] GC(134)     Total                          Min: 0, Avg: 275.8, Max: 975, Diff: 975, Sum: 1103, Workers: 4
[2912.194s][debug][gc,phases      ] GC(134)   ObjectSynchronizer Weak        Min:  0.0, Avg:  0.0, Max:  0.0, Diff:  0.0, Sum:  0.0, Workers: 4
[2912.194s][debug][gc,phases      ] GC(134)     Dead                           Min: 0, Avg:  0.0, Max: 0, Diff: 0, Sum: 0, Workers: 4
[2912.194s][debug][gc,phases      ] GC(134)     Total                          Min: 0, Avg:  1.0, Max: 4, Diff: 4, Sum: 4, Workers: 4
[2912.194s][debug][gc,phases      ] GC(134)   JVMTI Tag Weak OopStorage      Min:  0.0, Avg:  0.0, Max:  0.0, Diff:  0.0, Sum:  0.0, Workers: 4
[2912.194s][debug][gc,phases      ] GC(134)     Dead                           Min: 0, Avg:  0.0, Max: 0, Diff: 0, Sum: 0, Workers: 4
[2912.194s][debug][gc,phases      ] GC(134)     Total                          Min: 0, Avg:  0.0, Max: 0, Diff: 0, Sum: 0, Workers: 4
[2912.194s][debug][gc,phases      ] GC(134)   StringTable Weak               Min:  0.0, Avg:  0.1, Max:  0.1, Diff:  0.1, Sum:  0.4, Workers: 4
[2912.194s][debug][gc,phases      ] GC(134)     Dead                           Min: 0, Avg:  0.0, Max: 0, Diff: 0, Sum: 0, Workers: 4
[2912.194s][debug][gc,phases      ] GC(134)     Total                          Min: 0, Avg: 11858.5, Max: 20811, Diff: 20811, Sum: 47434, Workers: 4
[2912.194s][debug][gc,phases      ] GC(134)   ResolvedMethodTable Weak       Min:  0.0, Avg:  0.0, Max:  0.0, Diff:  0.0, Sum:  0.1, Workers: 4
[2912.194s][debug][gc,phases      ] GC(134)     Dead                           Min: 0, Avg:  0.2, Max: 1, Diff: 1, Sum: 1, Workers: 4
[2912.194s][debug][gc,phases      ] GC(134)     Total                          Min: 0, Avg: 4092.0, Max: 6957, Diff: 6957, Sum: 16368, Workers: 4
[2912.194s][debug][gc,phases      ] GC(134)   JNI Weak                       Min:  0.0, Avg:  0.0, Max:  0.0, Diff:  0.0, Sum:  0.0, Workers: 4
[2912.194s][debug][gc,phases      ] GC(134)     Dead                           Min: 0, Avg:  0.0, Max: 0, Diff: 0, Sum: 0, Workers: 4
[2912.194s][debug][gc,phases      ] GC(134)     Total                          Min: 0, Avg: 13.0, Max: 52, Diff: 52, Sum: 52, Workers: 4
[2912.194s][debug][gc,phases      ] GC(134)   StringDedup Table Weak         Min:  0.0, Avg:  0.0, Max:  0.0, Diff:  0.0, Sum:  0.0, Workers: 4
[2912.194s][debug][gc,phases      ] GC(134)     Dead                           Min: 0, Avg:  0.0, Max: 0, Diff: 0, Sum: 0, Workers: 4
[2912.194s][debug][gc,phases      ] GC(134)     Total                          Min: 0, Avg:  0.0, Max: 0, Diff: 0, Sum: 0, Workers: 4
[2912.194s][debug][gc,phases      ] GC(134)   StringDedup Requests0 Weak     Min:  0.0, Avg:  0.0, Max:  0.0, Diff:  0.0, Sum:  0.0, Workers: 4
[2912.194s][debug][gc,phases      ] GC(134)     Dead                           Min: 0, Avg:  0.0, Max: 0, Diff: 0, Sum: 0, Workers: 4
[2912.194s][debug][gc,phases      ] GC(134)     Total                          Min: 0, Avg:  0.0, Max: 0, Diff: 0, Sum: 0, Workers: 4
[2912.194s][debug][gc,phases      ] GC(134)   StringDedup Requests1 Weak     Min:  0.0, Avg:  0.0, Max:  0.0, Diff:  0.0, Sum:  0.0, Workers: 4
[2912.194s][debug][gc,phases      ] GC(134)     Dead                           Min: 0, Avg:  0.0, Max: 0, Diff: 0, Sum: 0, Workers: 4
[2912.194s][debug][gc,phases      ] GC(134)     Total                          Min: 0, Avg:  0.0, Max: 0, Diff: 0, Sum: 0, Workers: 4
[2912.194s][debug][gc,phases      ] GC(134)   Weak JFR Old Object Samples    Min:  0.0, Avg:  0.0, Max:  0.0, Diff:  0.0, Sum:  0.0, Workers: 4
[2912.194s][debug][gc,phases      ] GC(134)     Dead                           Min: 0, Avg:  0.0, Max: 0, Diff: 0, Sum: 0, Workers: 4
[2912.194s][debug][gc,phases      ] GC(134)     Total                          Min: 0, Avg:  0.0, Max: 0, Diff: 0, Sum: 0, Workers: 4
[2912.194s][debug][gc,phases      ] GC(134) Weak Processing 0.352ms
[2912.194s][debug][gc,age         ] GC(134) Desired survivor size 49807360 bytes, new threshold 1 (max threshold 15)
[2912.194s][info ][gc,heap        ] GC(134) PSYoungGen: 2020416K(2046464K)->33952K(2047488K) Eden: 1996800K(1996800K)->0K(1999872K) From: 23616K(49664K)->33952K(47616K)
[2912.194s][info ][gc,heap        ] GC(134) ParOldGen: 1595605K(1595904K)->1616552K(1616896K)
[2912.194s][info ][gc,metaspace   ] GC(134) Metaspace: 110317K(111744K)->110317K(111744K) NonClass: 93835K(94656K)->93835K(94656K) Class: 16481K(17088K)->16481K(17088K)
[2912.194s][info ][gc             ] GC(134) Pause Young (Allocation Failure) 3531M->1611M(3578M) 26.891ms
[2912.194s][info ][gc,cpu         ] GC(134) User=0.08s Sys=0.01s Real=0.03s
[2912.194s][info ][safepoint      ] Safepoint "ParallelGCFailedAllocation", Time since last: 948830774 ns, Reaching safepoint: 84901 ns, Cleanup: 15600 ns, At safepoint: 26975384 ns, Total: 27075885 ns
[2913.194s][info ][safepoint      ] Safepoint "Cleanup", Time since last: 1000092424 ns, Reaching safepoint: 6600 ns, Cleanup: 9200 ns, At safepoint: 2500 ns, Total: 18300 ns
[2914.194s][info ][safepoint      ] Safepoint "Cleanup", Time since last: 1000116724 ns, Reaching safepoint: 6900 ns, Cleanup: 9300 ns, At safepoint: 2800 ns, Total: 19000 ns
[2916.194s][info ][safepoint      ] Safepoint "Cleanup", Time since last: 2000178847 ns, Reaching safepoint: 6700 ns, Cleanup: 11201 ns, At safepoint: 2700 ns, Total: 20601 ns
[2917.195s][info ][safepoint      ] Safepoint "Cleanup", Time since last: 1000106323 ns, Reaching safepoint: 6200 ns, Cleanup: 8000 ns, At safepoint: 2901 ns, Total: 17101 ns
[2918.195s][info ][safepoint      ] Safepoint "Cleanup", Time since last: 1000096425 ns, Reaching safepoint: 5000 ns, Cleanup: 7900 ns, At safepoint: 2200 ns, Total: 15100 ns
[2919.195s][info ][safepoint      ] Safepoint "Cleanup", Time since last: 1000097870 ns, Reaching safepoint: 7000 ns, Cleanup: 9500 ns, At safepoint: 2900 ns, Total: 19400 ns
[2921.195s][info ][safepoint      ] Safepoint "Cleanup", Time since last: 2000173740 ns, Reaching safepoint: 6900 ns, Cleanup: 12000 ns, At safepoint: 3000 ns, Total: 21900 ns
[2922.195s][info ][safepoint      ] Safepoint "Cleanup", Time since last: 1000122870 ns, Reaching safepoint: 6100 ns, Cleanup: 8400 ns, At safepoint: 2400 ns, Total: 16900 ns
[2923.195s][info ][safepoint      ] Safepoint "Cleanup", Time since last: 1000106770 ns, Reaching safepoint: 7000 ns, Cleanup: 11201 ns, At safepoint: 2500 ns, Total: 20701 ns
[2924.195s][info ][safepoint      ] Safepoint "Cleanup", Time since last: 1000116870 ns, Reaching safepoint: 6700 ns, Cleanup: 16200 ns, At safepoint: 2900 ns, Total: 25800 ns
[2926.196s][info ][safepoint      ] Safepoint "Cleanup", Time since last: 2000174849 ns, Reaching safepoint: 5700 ns, Cleanup: 10600 ns, At safepoint: 2900 ns, Total: 19200 ns
[2928.196s][info ][safepoint      ] Safepoint "Cleanup", Time since last: 2000185492 ns, Reaching safepoint: 5500 ns, Cleanup: 8900 ns, At safepoint: 2600 ns, Total: 17000 ns
[2933.481s][info ][gc,start       ] GC(135) Pause Young (Allocation Failure)
[2933.504s][debug][gc,phases      ] GC(135) Scavenge 22.672ms
[2933.504s][debug][gc,ref         ] GC(135) ReferenceProcessor::execute queues: 1, RefProcThreadModel::Single, marks_oops_alive: false
[2933.504s][debug][gc,ref         ] GC(135) Skipped KeepAliveFinalRefsPhase of Reference Processing: no references
[2933.504s][debug][gc,ref         ] GC(135) Skipped PhantomRefsPhase of Reference Processing: no references
[2933.504s][debug][gc,phases      ] GC(135) Reference Processing 0.105ms
[2933.504s][debug][gc,phases      ] GC(135)   VM Weak                        Min:  0.0, Avg:  0.0, Max:  0.0, Diff:  0.0, Sum:  0.0, Workers: 4
[2933.504s][debug][gc,phases      ] GC(135)     Dead                           Min: 0, Avg:  0.0, Max: 0, Diff: 0, Sum: 0, Workers: 4
[2933.504s][debug][gc,phases      ] GC(135)     Total                          Min: 0, Avg: 275.8, Max: 1039, Diff: 1039, Sum: 1103, Workers: 4
[2933.504s][debug][gc,phases      ] GC(135)   ObjectSynchronizer Weak        Min:  0.0, Avg:  0.0, Max:  0.0, Diff:  0.0, Sum:  0.0, Workers: 4
[2933.504s][debug][gc,phases      ] GC(135)     Dead                           Min: 0, Avg:  0.0, Max: 0, Diff: 0, Sum: 0, Workers: 4
[2933.504s][debug][gc,phases      ] GC(135)     Total                          Min: 0, Avg:  1.5, Max: 6, Diff: 6, Sum: 6, Workers: 4
[2933.504s][debug][gc,phases      ] GC(135)   JVMTI Tag Weak OopStorage      Min:  0.0, Avg:  0.0, Max:  0.0, Diff:  0.0, Sum:  0.0, Workers: 4
[2933.504s][debug][gc,phases      ] GC(135)     Dead                           Min: 0, Avg:  0.0, Max: 0, Diff: 0, Sum: 0, Workers: 4
[2933.504s][debug][gc,phases      ] GC(135)     Total                          Min: 0, Avg:  0.0, Max: 0, Diff: 0, Sum: 0, Workers: 4
[2933.504s][debug][gc,phases      ] GC(135)   StringTable Weak               Min:  0.0, Avg:  0.1, Max:  0.1, Diff:  0.1, Sum:  0.4, Workers: 4
[2933.504s][debug][gc,phases      ] GC(135)     Dead                           Min: 0, Avg:  0.0, Max: 0, Diff: 0, Sum: 0, Workers: 4
[2933.504s][debug][gc,phases      ] GC(135)     Total                          Min: 0, Avg: 11858.5, Max: 20735, Diff: 20735, Sum: 47434, Workers: 4
[2933.504s][debug][gc,phases      ] GC(135)   ResolvedMethodTable Weak       Min:  0.0, Avg:  0.0, Max:  0.0, Diff:  0.0, Sum:  0.1, Workers: 4
[2933.504s][debug][gc,phases      ] GC(135)     Dead                           Min: 0, Avg:  4.0, Max: 16, Diff: 16, Sum: 16, Workers: 4
[2933.504s][debug][gc,phases      ] GC(135)     Total                          Min: 0, Avg: 4092.0, Max: 7047, Diff: 7047, Sum: 16368, Workers: 4
[2933.504s][debug][gc,phases      ] GC(135)   JNI Weak                       Min:  0.0, Avg:  0.0, Max:  0.0, Diff:  0.0, Sum:  0.0, Workers: 4
[2933.504s][debug][gc,phases      ] GC(135)     Dead                           Min: 0, Avg:  0.0, Max: 0, Diff: 0, Sum: 0, Workers: 4
[2933.504s][debug][gc,phases      ] GC(135)     Total                          Min: 0, Avg: 13.0, Max: 52, Diff: 52, Sum: 52, Workers: 4
[2933.504s][debug][gc,phases      ] GC(135)   StringDedup Table Weak         Min:  0.0, Avg:  0.0, Max:  0.0, Diff:  0.0, Sum:  0.0, Workers: 4
[2933.504s][debug][gc,phases      ] GC(135)     Dead                           Min: 0, Avg:  0.0, Max: 0, Diff: 0, Sum: 0, Workers: 4
[2933.504s][debug][gc,phases      ] GC(135)     Total                          Min: 0, Avg:  0.0, Max: 0, Diff: 0, Sum: 0, Workers: 4
[2933.504s][debug][gc,phases      ] GC(135)   StringDedup Requests0 Weak     Min:  0.0, Avg:  0.0, Max:  0.0, Diff:  0.0, Sum:  0.0, Workers: 4
[2933.504s][debug][gc,phases      ] GC(135)     Dead                           Min: 0, Avg:  0.0, Max: 0, Diff: 0, Sum: 0, Workers: 4
[2933.504s][debug][gc,phases      ] GC(135)     Total                          Min: 0, Avg:  0.0, Max: 0, Diff: 0, Sum: 0, Workers: 4
[2933.504s][debug][gc,phases      ] GC(135)   StringDedup Requests1 Weak     Min:  0.0, Avg:  0.0, Max:  0.0, Diff:  0.0, Sum:  0.0, Workers: 4
[2933.504s][debug][gc,phases      ] GC(135)     Dead                           Min: 0, Avg:  0.0, Max: 0, Diff: 0, Sum: 0, Workers: 4
[2933.504s][debug][gc,phases      ] GC(135)     Total                          Min: 0, Avg:  0.0, Max: 0, Diff: 0, Sum: 0, Workers: 4
[2933.504s][debug][gc,phases      ] GC(135)   Weak JFR Old Object Samples    Min:  0.0, Avg:  0.0, Max:  0.0, Diff:  0.0, Sum:  0.0, Workers: 4
[2933.504s][debug][gc,phases      ] GC(135)     Dead                           Min: 0, Avg:  0.0, Max: 0, Diff: 0, Sum: 0, Workers: 4
[2933.504s][debug][gc,phases      ] GC(135)     Total                          Min: 0, Avg:  0.0, Max: 0, Diff: 0, Sum: 0, Workers: 4
[2933.504s][debug][gc,phases      ] GC(135) Weak Processing 0.340ms
[2933.504s][debug][gc,age         ] GC(135) Desired survivor size 49283072 bytes, new threshold 1 (max threshold 15)
[2933.504s][info ][gc,heap        ] GC(135) PSYoungGen: 2033824K(2047488K)->15202K(2048512K) Eden: 1999872K(1999872K)->0K(1999872K) From: 33952K(47616K)->15202K(48640K)
[2933.504s][info ][gc,heap        ] GC(135) ParOldGen: 1616552K(1616896K)->1644716K(1645056K)
[2933.504s][info ][gc,metaspace   ] GC(135) Metaspace: 110346K(111744K)->110346K(111744K) NonClass: 93864K(94656K)->93864K(94656K) Class: 16481K(17088K)->16481K(17088K)
[2933.504s][info ][gc             ] GC(135) Pause Young (Allocation Failure) 3564M->1621M(3607M) 23.240ms
[2933.504s][info ][gc,cpu         ] GC(135) User=0.07s Sys=0.02s Real=0.02s
[2933.504s][info ][safepoint      ] Safepoint "ParallelGCFailedAllocation", Time since last: 5285413539 ns, Reaching safepoint: 5300 ns, Cleanup: 3600 ns, At safepoint: 23309367 ns, Total: 23318267 ns
[2941.184s][info ][safepoint      ] Safepoint "Cleanup", Time since last: 7679515279 ns, Reaching safepoint: 78901 ns, Cleanup: 8500 ns, At safepoint: 13000 ns, Total: 100401 ns
[2945.185s][info ][safepoint      ] Safepoint "Cleanup", Time since last: 4000337932 ns, Reaching safepoint: 77100 ns, Cleanup: 8500 ns, At safepoint: 5400 ns, Total: 91000 ns
[2946.732s][info ][gc,start       ] GC(136) Pause Young (Allocation Failure)
[2946.751s][debug][gc,phases      ] GC(136) Scavenge 19.195ms
[2946.752s][debug][gc,ref         ] GC(136) ReferenceProcessor::execute queues: 1, RefProcThreadModel::Single, marks_oops_alive: false
[2946.752s][debug][gc,ref         ] GC(136) Skipped KeepAliveFinalRefsPhase of Reference Processing: no references
[2946.752s][debug][gc,ref         ] GC(136) ReferenceProcessor::execute queues: 1, RefProcThreadModel::Single, marks_oops_alive: false
[2946.752s][debug][gc,phases      ] GC(136) Reference Processing 0.096ms
[2946.752s][debug][gc,phases      ] GC(136)   VM Weak                        Min:  0.0, Avg:  0.0, Max:  0.0, Diff:  0.0, Sum:  0.0, Workers: 4
[2946.752s][debug][gc,phases      ] GC(136)     Dead                           Min: 0, Avg:  0.0, Max: 0, Diff: 0, Sum: 0, Workers: 4
[2946.752s][debug][gc,phases      ] GC(136)     Total                          Min: 15, Avg: 275.8, Max: 640, Diff: 625, Sum: 1103, Workers: 4
[2946.752s][debug][gc,phases      ] GC(136)   ObjectSynchronizer Weak        Min:  0.0, Avg:  0.0, Max:  0.0, Diff:  0.0, Sum:  0.0, Workers: 4
[2946.752s][debug][gc,phases      ] GC(136)     Dead                           Min: 0, Avg:  0.0, Max: 0, Diff: 0, Sum: 0, Workers: 4
[2946.752s][debug][gc,phases      ] GC(136)     Total                          Min: 0, Avg:  1.0, Max: 4, Diff: 4, Sum: 4, Workers: 4
[2946.752s][debug][gc,phases      ] GC(136)   JVMTI Tag Weak OopStorage      Min:  0.0, Avg:  0.0, Max:  0.0, Diff:  0.0, Sum:  0.0, Workers: 4
[2946.752s][debug][gc,phases      ] GC(136)     Dead                           Min: 0, Avg:  0.0, Max: 0, Diff: 0, Sum: 0, Workers: 4
[2946.752s][debug][gc,phases      ] GC(136)     Total                          Min: 0, Avg:  0.0, Max: 0, Diff: 0, Sum: 0, Workers: 4
[2946.752s][debug][gc,phases      ] GC(136)   StringTable Weak               Min:  0.1, Avg:  0.1, Max:  0.1, Diff:  0.0, Sum:  0.5, Workers: 4
[2946.752s][debug][gc,phases      ] GC(136)     Dead                           Min: 0, Avg:  0.5, Max: 2, Diff: 2, Sum: 2, Workers: 4
[2946.752s][debug][gc,phases      ] GC(136)     Total                          Min: 11391, Avg: 11860.0, Max: 12223, Diff: 832, Sum: 47440, Workers: 4
[2946.752s][debug][gc,phases      ] GC(136)   ResolvedMethodTable Weak       Min:  0.0, Avg:  0.0, Max:  0.0, Diff:  0.0, Sum:  0.2, Workers: 4
[2946.752s][debug][gc,phases      ] GC(136)     Dead                           Min: 0, Avg:  4.8, Max: 17, Diff: 17, Sum: 19, Workers: 4
[2946.752s][debug][gc,phases      ] GC(136)     Total                          Min: 3918, Avg: 4094.5, Max: 4177, Diff: 259, Sum: 16378, Workers: 4
[2946.752s][debug][gc,phases      ] GC(136)   JNI Weak                       Min:  0.0, Avg:  0.0, Max:  0.0, Diff:  0.0, Sum:  0.0, Workers: 4
[2946.752s][debug][gc,phases      ] GC(136)     Dead                           Min: 0, Avg:  0.0, Max: 0, Diff: 0, Sum: 0, Workers: 4
[2946.752s][debug][gc,phases      ] GC(136)     Total                          Min: 0, Avg: 13.0, Max: 52, Diff: 52, Sum: 52, Workers: 4
[2946.752s][debug][gc,phases      ] GC(136)   StringDedup Table Weak         Min:  0.0, Avg:  0.0, Max:  0.0, Diff:  0.0, Sum:  0.0, Workers: 4
[2946.752s][debug][gc,phases      ] GC(136)     Dead                           Min: 0, Avg:  0.0, Max: 0, Diff: 0, Sum: 0, Workers: 4
[2946.752s][debug][gc,phases      ] GC(136)     Total                          Min: 0, Avg:  0.0, Max: 0, Diff: 0, Sum: 0, Workers: 4
[2946.752s][debug][gc,phases      ] GC(136)   StringDedup Requests0 Weak     Min:  0.0, Avg:  0.0, Max:  0.0, Diff:  0.0, Sum:  0.0, Workers: 4
[2946.752s][debug][gc,phases      ] GC(136)     Dead                           Min: 0, Avg:  0.0, Max: 0, Diff: 0, Sum: 0, Workers: 4
[2946.752s][debug][gc,phases      ] GC(136)     Total                          Min: 0, Avg:  0.0, Max: 0, Diff: 0, Sum: 0, Workers: 4
[2946.752s][debug][gc,phases      ] GC(136)   StringDedup Requests1 Weak     Min:  0.0, Avg:  0.0, Max:  0.0, Diff:  0.0, Sum:  0.0, Workers: 4
[2946.752s][debug][gc,phases      ] GC(136)     Dead                           Min: 0, Avg:  0.0, Max: 0, Diff: 0, Sum: 0, Workers: 4
[2946.752s][debug][gc,phases      ] GC(136)     Total                          Min: 0, Avg:  0.0, Max: 0, Diff: 0, Sum: 0, Workers: 4
[2946.752s][debug][gc,phases      ] GC(136)   Weak JFR Old Object Samples    Min:  0.0, Avg:  0.0, Max:  0.0, Diff:  0.0, Sum:  0.0, Workers: 4
[2946.752s][debug][gc,phases      ] GC(136)     Dead                           Min: 0, Avg:  0.0, Max: 0, Diff: 0, Sum: 0, Workers: 4
[2946.752s][debug][gc,phases      ] GC(136)     Total                          Min: 0, Avg:  0.0, Max: 0, Diff: 0, Sum: 0, Workers: 4
[2946.752s][debug][gc,phases      ] GC(136) Weak Processing 0.365ms
[2946.752s][debug][gc,age         ] GC(136) Desired survivor size 48234496 bytes, new threshold 1 (max threshold 15)
[2946.752s][info ][gc,heap        ] GC(136) PSYoungGen: 2015074K(2048512K)->28096K(2050048K) Eden: 1999872K(1999872K)->0K(2001920K) From: 15202K(48640K)->28096K(48128K)
[2946.752s][info ][gc,heap        ] GC(136) ParOldGen: 1644716K(1645056K)->1656647K(1656832K)
[2946.752s][info ][gc,metaspace   ] GC(136) Metaspace: 110359K(111744K)->110359K(111744K) NonClass: 93873K(94656K)->93873K(94656K) Class: 16485K(17088K)->16485K(17088K)
[2946.752s][info ][gc             ] GC(136) Pause Young (Allocation Failure) 3574M->1645M(3620M) 19.764ms
[2946.752s][info ][gc,cpu         ] GC(136) User=0.07s Sys=0.00s Real=0.02s
[2946.752s][info ][safepoint      ] Safepoint "ParallelGCFailedAllocation", Time since last: 1547634477 ns, Reaching safepoint: 5500 ns, Cleanup: 13800 ns, At safepoint: 19830842 ns, Total: 19850142 ns
[2949.752s][info ][safepoint      ] Safepoint "Cleanup", Time since last: 3000225772 ns, Reaching safepoint: 6000 ns, Cleanup: 9400 ns, At safepoint: 2900 ns, Total: 18300 ns
[2950.752s][info ][safepoint      ] Safepoint "Cleanup", Time since last: 1000106284 ns, Reaching safepoint: 79900 ns, Cleanup: 9400 ns, At safepoint: 6600 ns, Total: 95900 ns
[2955.754s][info ][safepoint      ] Safepoint "Cleanup", Time since last: 5000372030 ns, Reaching safepoint: 869607 ns, Cleanup: 8700 ns, At safepoint: 15700 ns, Total: 894007 ns
[2959.314s][info ][gc,start       ] GC(137) Pause Young (Allocation Failure)
[2959.342s][debug][gc,phases      ] GC(137) Scavenge 28.090ms
[2959.342s][debug][gc,ref         ] GC(137) ReferenceProcessor::execute queues: 1, RefProcThreadModel::Single, marks_oops_alive: false
[2959.342s][debug][gc,ref         ] GC(137) Skipped KeepAliveFinalRefsPhase of Reference Processing: no references
[2959.342s][debug][gc,ref         ] GC(137) ReferenceProcessor::execute queues: 1, RefProcThreadModel::Single, marks_oops_alive: false
[2959.342s][debug][gc,phases      ] GC(137) Reference Processing 0.106ms
[2959.343s][debug][gc,phases      ] GC(137)   VM Weak                        Min:  0.0, Avg:  0.0, Max:  0.0, Diff:  0.0, Sum:  0.0, Workers: 4
[2959.343s][debug][gc,phases      ] GC(137)     Dead                           Min: 0, Avg:  0.0, Max: 0, Diff: 0, Sum: 0, Workers: 4
[2959.343s][debug][gc,phases      ] GC(137)     Total                          Min: 0, Avg: 275.8, Max: 832, Diff: 832, Sum: 1103, Workers: 4
[2959.343s][debug][gc,phases      ] GC(137)   ObjectSynchronizer Weak        Min:  0.0, Avg:  0.0, Max:  0.0, Diff:  0.0, Sum:  0.0, Workers: 4
[2959.343s][debug][gc,phases      ] GC(137)     Dead                           Min: 0, Avg:  0.0, Max: 0, Diff: 0, Sum: 0, Workers: 4
[2959.343s][debug][gc,phases      ] GC(137)     Total                          Min: 0, Avg:  1.2, Max: 5, Diff: 5, Sum: 5, Workers: 4
[2959.343s][debug][gc,phases      ] GC(137)   JVMTI Tag Weak OopStorage      Min:  0.0, Avg:  0.0, Max:  0.0, Diff:  0.0, Sum:  0.0, Workers: 4
[2959.343s][debug][gc,phases      ] GC(137)     Dead                           Min: 0, Avg:  0.0, Max: 0, Diff: 0, Sum: 0, Workers: 4
[2959.343s][debug][gc,phases      ] GC(137)     Total                          Min: 0, Avg:  0.0, Max: 0, Diff: 0, Sum: 0, Workers: 4
[2959.343s][debug][gc,phases      ] GC(137)   StringTable Weak               Min:  0.0, Avg:  0.1, Max:  0.1, Diff:  0.1, Sum:  0.4, Workers: 4
[2959.343s][debug][gc,phases      ] GC(137)     Dead                           Min: 0, Avg:  0.0, Max: 0, Diff: 0, Sum: 0, Workers: 4
[2959.343s][debug][gc,phases      ] GC(137)     Total                          Min: 0, Avg: 11860.2, Max: 20434, Diff: 20434, Sum: 47441, Workers: 4
[2959.343s][debug][gc,phases      ] GC(137)   ResolvedMethodTable Weak       Min:  0.0, Avg:  0.0, Max:  0.0, Diff:  0.0, Sum:  0.1, Workers: 4
[2959.343s][debug][gc,phases      ] GC(137)     Dead                           Min: 0, Avg:  0.0, Max: 0, Diff: 0, Sum: 0, Workers: 4
[2959.343s][debug][gc,phases      ] GC(137)     Total                          Min: 0, Avg: 4095.0, Max: 7143, Diff: 7143, Sum: 16380, Workers: 4
[2959.343s][debug][gc,phases      ] GC(137)   JNI Weak                       Min:  0.0, Avg:  0.0, Max:  0.0, Diff:  0.0, Sum:  0.0, Workers: 4
[2959.343s][debug][gc,phases      ] GC(137)     Dead                           Min: 0, Avg:  0.0, Max: 0, Diff: 0, Sum: 0, Workers: 4
[2959.343s][debug][gc,phases      ] GC(137)     Total                          Min: 0, Avg: 13.0, Max: 52, Diff: 52, Sum: 52, Workers: 4
[2959.343s][debug][gc,phases      ] GC(137)   StringDedup Table Weak         Min:  0.0, Avg:  0.0, Max:  0.0, Diff:  0.0, Sum:  0.0, Workers: 4
[2959.343s][debug][gc,phases      ] GC(137)     Dead                           Min: 0, Avg:  0.0, Max: 0, Diff: 0, Sum: 0, Workers: 4
[2959.343s][debug][gc,phases      ] GC(137)     Total                          Min: 0, Avg:  0.0, Max: 0, Diff: 0, Sum: 0, Workers: 4
[2959.343s][debug][gc,phases      ] GC(137)   StringDedup Requests0 Weak     Min:  0.0, Avg:  0.0, Max:  0.0, Diff:  0.0, Sum:  0.0, Workers: 4
[2959.343s][debug][gc,phases      ] GC(137)     Dead                           Min: 0, Avg:  0.0, Max: 0, Diff: 0, Sum: 0, Workers: 4
[2959.343s][debug][gc,phases      ] GC(137)     Total                          Min: 0, Avg:  0.0, Max: 0, Diff: 0, Sum: 0, Workers: 4
[2959.343s][debug][gc,phases      ] GC(137)   StringDedup Requests1 Weak     Min:  0.0, Avg:  0.0, Max:  0.0, Diff:  0.0, Sum:  0.0, Workers: 4
[2959.343s][debug][gc,phases      ] GC(137)     Dead                           Min: 0, Avg:  0.0, Max: 0, Diff: 0, Sum: 0, Workers: 4
[2959.343s][debug][gc,phases      ] GC(137)     Total                          Min: 0, Avg:  0.0, Max: 0, Diff: 0, Sum: 0, Workers: 4
[2959.343s][debug][gc,phases      ] GC(137)   Weak JFR Old Object Samples    Min:  0.0, Avg:  0.0, Max:  0.0, Diff:  0.0, Sum:  0.0, Workers: 4
[2959.343s][debug][gc,phases      ] GC(137)     Dead                           Min: 0, Avg:  0.0, Max: 0, Diff: 0, Sum: 0, Workers: 4
[2959.343s][debug][gc,phases      ] GC(137)     Total                          Min: 0, Avg:  0.0, Max: 0, Diff: 0, Sum: 0, Workers: 4
[2959.343s][debug][gc,phases      ] GC(137) Weak Processing 0.344ms
[2959.343s][debug][gc,age         ] GC(137) Desired survivor size 47710208 bytes, new threshold 1 (max threshold 15)
[2959.343s][info ][gc,heap        ] GC(137) PSYoungGen: 2030016K(2050048K)->29904K(2049024K) Eden: 2001920K(2001920K)->0K(2001920K) From: 28096K(48128K)->29904K(47104K)
[2959.343s][info ][gc,heap        ] GC(137) ParOldGen: 1656647K(1656832K)->1682006K(1682432K)
[2959.343s][info ][gc,metaspace   ] GC(137) Metaspace: 110364K(111744K)->110364K(111744K) NonClass: 93877K(94656K)->93877K(94656K) Class: 16486K(17088K)->16486K(17088K)
[2959.343s][info ][gc             ] GC(137) Pause Young (Allocation Failure) 3600M->1671M(3644M) 28.665ms
[2959.343s][info ][gc,cpu         ] GC(137) User=0.09s Sys=0.01s Real=0.03s
[2959.343s][info ][safepoint      ] Safepoint "ParallelGCFailedAllocation", Time since last: 3560320177 ns, Reaching safepoint: 81501 ns, Cleanup: 4000 ns, At safepoint: 28755384 ns, Total: 28840885 ns
[2960.343s][info ][safepoint      ] Safepoint "Cleanup", Time since last: 1000091021 ns, Reaching safepoint: 5500 ns, Cleanup: 10700 ns, At safepoint: 2300 ns, Total: 18500 ns
[2966.344s][info ][safepoint      ] Safepoint "Cleanup", Time since last: 6000909471 ns, Reaching safepoint: 83601 ns, Cleanup: 11400 ns, At safepoint: 11100 ns, Total: 106101 ns
[2968.344s][info ][safepoint      ] Safepoint "Cleanup", Time since last: 2000188184 ns, Reaching safepoint: 5600 ns, Cleanup: 8400 ns, At safepoint: 2500 ns, Total: 16500 ns
[2968.663s][info ][gc,start       ] GC(138) Pause Young (Allocation Failure)
[2968.691s][debug][gc,phases      ] GC(138) Scavenge 27.431ms
[2968.691s][debug][gc,ref         ] GC(138) ReferenceProcessor::execute queues: 1, RefProcThreadModel::Single, marks_oops_alive: false
[2968.691s][debug][gc,ref         ] GC(138) Skipped KeepAliveFinalRefsPhase of Reference Processing: no references
[2968.691s][debug][gc,ref         ] GC(138) Skipped PhantomRefsPhase of Reference Processing: no references
[2968.691s][debug][gc,phases      ] GC(138) Reference Processing 0.099ms
[2968.691s][debug][gc,phases      ] GC(138)   VM Weak                        Min:  0.0, Avg:  0.0, Max:  0.0, Diff:  0.0, Sum:  0.0, Workers: 4
[2968.691s][debug][gc,phases      ] GC(138)     Dead                           Min: 0, Avg:  0.0, Max: 0, Diff: 0, Sum: 0, Workers: 4
[2968.691s][debug][gc,phases      ] GC(138)     Total                          Min: 0, Avg: 275.8, Max: 847, Diff: 847, Sum: 1103, Workers: 4
[2968.691s][debug][gc,phases      ] GC(138)   ObjectSynchronizer Weak        Min:  0.0, Avg:  0.0, Max:  0.0, Diff:  0.0, Sum:  0.0, Workers: 4
[2968.691s][debug][gc,phases      ] GC(138)     Dead                           Min: 0, Avg:  0.0, Max: 0, Diff: 0, Sum: 0, Workers: 4
[2968.691s][debug][gc,phases      ] GC(138)     Total                          Min: 0, Avg:  1.2, Max: 5, Diff: 5, Sum: 5, Workers: 4
[2968.691s][debug][gc,phases      ] GC(138)   JVMTI Tag Weak OopStorage      Min:  0.0, Avg:  0.0, Max:  0.0, Diff:  0.0, Sum:  0.0, Workers: 4
[2968.691s][debug][gc,phases      ] GC(138)     Dead                           Min: 0, Avg:  0.0, Max: 0, Diff: 0, Sum: 0, Workers: 4
[2968.691s][debug][gc,phases      ] GC(138)     Total                          Min: 0, Avg:  0.0, Max: 0, Diff: 0, Sum: 0, Workers: 4
[2968.691s][debug][gc,phases      ] GC(138)   StringTable Weak               Min:  0.0, Avg:  0.1, Max:  0.1, Diff:  0.1, Sum:  0.4, Workers: 4
[2968.691s][debug][gc,phases      ] GC(138)     Dead                           Min: 0, Avg:  0.0, Max: 0, Diff: 0, Sum: 0, Workers: 4
[2968.691s][debug][gc,phases      ] GC(138)     Total                          Min: 0, Avg: 11860.5, Max: 20096, Diff: 20096, Sum: 47442, Workers: 4
[2968.691s][debug][gc,phases      ] GC(138)   ResolvedMethodTable Weak       Min:  0.0, Avg:  0.0, Max:  0.0, Diff:  0.0, Sum:  0.1, Workers: 4
[2968.691s][debug][gc,phases      ] GC(138)     Dead                           Min: 0, Avg:  0.0, Max: 0, Diff: 0, Sum: 0, Workers: 4
[2968.691s][debug][gc,phases      ] GC(138)     Total                          Min: 0, Avg: 4095.0, Max: 7140, Diff: 7140, Sum: 16380, Workers: 4
[2968.691s][debug][gc,phases      ] GC(138)   JNI Weak                       Min:  0.0, Avg:  0.0, Max:  0.0, Diff:  0.0, Sum:  0.0, Workers: 4
[2968.691s][debug][gc,phases      ] GC(138)     Dead                           Min: 0, Avg:  0.0, Max: 0, Diff: 0, Sum: 0, Workers: 4
[2968.691s][debug][gc,phases      ] GC(138)     Total                          Min: 0, Avg: 13.0, Max: 52, Diff: 52, Sum: 52, Workers: 4
[2968.691s][debug][gc,phases      ] GC(138)   StringDedup Table Weak         Min:  0.0, Avg:  0.0, Max:  0.0, Diff:  0.0, Sum:  0.0, Workers: 4
[2968.691s][debug][gc,phases      ] GC(138)     Dead                           Min: 0, Avg:  0.0, Max: 0, Diff: 0, Sum: 0, Workers: 4
[2968.691s][debug][gc,phases      ] GC(138)     Total                          Min: 0, Avg:  0.0, Max: 0, Diff: 0, Sum: 0, Workers: 4
[2968.691s][debug][gc,phases      ] GC(138)   StringDedup Requests0 Weak     Min:  0.0, Avg:  0.0, Max:  0.0, Diff:  0.0, Sum:  0.0, Workers: 4
[2968.691s][debug][gc,phases      ] GC(138)     Dead                           Min: 0, Avg:  0.0, Max: 0, Diff: 0, Sum: 0, Workers: 4
[2968.691s][debug][gc,phases      ] GC(138)     Total                          Min: 0, Avg:  0.0, Max: 0, Diff: 0, Sum: 0, Workers: 4
[2968.691s][debug][gc,phases      ] GC(138)   StringDedup Requests1 Weak     Min:  0.0, Avg:  0.0, Max:  0.0, Diff:  0.0, Sum:  0.0, Workers: 4
[2968.691s][debug][gc,phases      ] GC(138)     Dead                           Min: 0, Avg:  0.0, Max: 0, Diff: 0, Sum: 0, Workers: 4
[2968.691s][debug][gc,phases      ] GC(138)     Total                          Min: 0, Avg:  0.0, Max: 0, Diff: 0, Sum: 0, Workers: 4
[2968.691s][debug][gc,phases      ] GC(138)   Weak JFR Old Object Samples    Min:  0.0, Avg:  0.0, Max:  0.0, Diff:  0.0, Sum:  0.0, Workers: 4
[2968.691s][debug][gc,phases      ] GC(138)     Dead                           Min: 0, Avg:  0.0, Max: 0, Diff: 0, Sum: 0, Workers: 4
[2968.691s][debug][gc,phases      ] GC(138)     Total                          Min: 0, Avg:  0.0, Max: 0, Diff: 0, Sum: 0, Workers: 4
[2968.691s][debug][gc,phases      ] GC(138) Weak Processing 0.347ms
[2968.691s][debug][gc,age         ] GC(138) Desired survivor size 48234496 bytes, new threshold 1 (max threshold 15)
[2968.691s][info ][gc,heap        ] GC(138) PSYoungGen: 2031824K(2049024K)->32448K(2049536K) Eden: 2001920K(2001920K)->0K(2002944K) From: 29904K(47104K)->32448K(46592K)
[2968.691s][info ][gc,heap        ] GC(138) ParOldGen: 1682006K(1682432K)->1708276K(1708544K)
[2968.691s][info ][gc,metaspace   ] GC(138) Metaspace: 110365K(111744K)->110365K(111744K) NonClass: 93878K(94656K)->93878K(94656K) Class: 16486K(17088K)->16486K(17088K)
[2968.691s][info ][gc             ] GC(138) Pause Young (Allocation Failure) 3626M->1699M(3670M) 28.005ms
[2968.691s][info ][gc,cpu         ] GC(138) User=0.09s Sys=0.02s Real=0.03s
[2968.691s][info ][safepoint      ] Safepoint "ParallelGCFailedAllocation", Time since last: 319027951 ns, Reaching safepoint: 76401 ns, Cleanup: 3500 ns, At safepoint: 28080589 ns, Total: 28160490 ns
[2969.692s][info ][safepoint      ] Safepoint "Cleanup", Time since last: 1000200943 ns, Reaching safepoint: 80300 ns, Cleanup: 7301 ns, At safepoint: 11400 ns, Total: 99001 ns
[2975.693s][info ][safepoint      ] Safepoint "Cleanup", Time since last: 6001376324 ns, Reaching safepoint: 6300 ns, Cleanup: 12000 ns, At safepoint: 2300 ns, Total: 20600 ns
[2980.615s][info ][gc,start       ] GC(139) Pause Young (Allocation Failure)
[2980.642s][debug][gc,phases      ] GC(139) Scavenge 27.021ms
[2980.642s][debug][gc,ref         ] GC(139) ReferenceProcessor::execute queues: 1, RefProcThreadModel::Single, marks_oops_alive: false
[2980.642s][debug][gc,ref         ] GC(139) Skipped KeepAliveFinalRefsPhase of Reference Processing: no references
[2980.642s][debug][gc,ref         ] GC(139) ReferenceProcessor::execute queues: 1, RefProcThreadModel::Single, marks_oops_alive: false
[2980.642s][debug][gc,phases      ] GC(139) Reference Processing 0.100ms
[2980.642s][debug][gc,phases      ] GC(139)   VM Weak                        Min:  0.0, Avg:  0.0, Max:  0.0, Diff:  0.0, Sum:  0.0, Workers: 4
[2980.642s][debug][gc,phases      ] GC(139)     Dead                           Min: 0, Avg:  0.0, Max: 0, Diff: 0, Sum: 0, Workers: 4
[2980.642s][debug][gc,phases      ] GC(139)     Total                          Min: 0, Avg: 275.8, Max: 704, Diff: 704, Sum: 1103, Workers: 4
[2980.642s][debug][gc,phases      ] GC(139)   ObjectSynchronizer Weak        Min:  0.0, Avg:  0.0, Max:  0.0, Diff:  0.0, Sum:  0.0, Workers: 4
[2980.642s][debug][gc,phases      ] GC(139)     Dead                           Min: 0, Avg:  0.0, Max: 0, Diff: 0, Sum: 0, Workers: 4
[2980.642s][debug][gc,phases      ] GC(139)     Total                          Min: 0, Avg:  1.5, Max: 6, Diff: 6, Sum: 6, Workers: 4
[2980.642s][debug][gc,phases      ] GC(139)   JVMTI Tag Weak OopStorage      Min:  0.0, Avg:  0.0, Max:  0.0, Diff:  0.0, Sum:  0.0, Workers: 4
[2980.642s][debug][gc,phases      ] GC(139)     Dead                           Min: 0, Avg:  0.0, Max: 0, Diff: 0, Sum: 0, Workers: 4
[2980.642s][debug][gc,phases      ] GC(139)     Total                          Min: 0, Avg:  0.0, Max: 0, Diff: 0, Sum: 0, Workers: 4
[2980.642s][debug][gc,phases      ] GC(139)   StringTable Weak               Min:  0.1, Avg:  0.1, Max:  0.1, Diff:  0.1, Sum:  0.5, Workers: 4
[2980.642s][debug][gc,phases      ] GC(139)     Dead                           Min: 0, Avg:  0.0, Max: 0, Diff: 0, Sum: 0, Workers: 4
[2980.642s][debug][gc,phases      ] GC(139)     Total                          Min: 8468, Avg: 11860.5, Max: 13440, Diff: 4972, Sum: 47442, Workers: 4
[2980.642s][debug][gc,phases      ] GC(139)   ResolvedMethodTable Weak       Min:  0.0, Avg:  0.0, Max:  0.0, Diff:  0.0, Sum:  0.2, Workers: 4
[2980.642s][debug][gc,phases      ] GC(139)     Dead                           Min: 0, Avg:  4.0, Max: 16, Diff: 16, Sum: 16, Workers: 4
[2980.642s][debug][gc,phases      ] GC(139)     Total                          Min: 3920, Avg: 4095.0, Max: 4353, Diff: 433, Sum: 16380, Workers: 4
[2980.642s][debug][gc,phases      ] GC(139)   JNI Weak                       Min:  0.0, Avg:  0.0, Max:  0.0, Diff:  0.0, Sum:  0.0, Workers: 4
[2980.642s][debug][gc,phases      ] GC(139)     Dead                           Min: 0, Avg:  0.0, Max: 0, Diff: 0, Sum: 0, Workers: 4
[2980.642s][debug][gc,phases      ] GC(139)     Total                          Min: 0, Avg: 13.0, Max: 52, Diff: 52, Sum: 52, Workers: 4
[2980.642s][debug][gc,phases      ] GC(139)   StringDedup Table Weak         Min:  0.0, Avg:  0.0, Max:  0.0, Diff:  0.0, Sum:  0.0, Workers: 4
[2980.642s][debug][gc,phases      ] GC(139)     Dead                           Min: 0, Avg:  0.0, Max: 0, Diff: 0, Sum: 0, Workers: 4
[2980.642s][debug][gc,phases      ] GC(139)     Total                          Min: 0, Avg:  0.0, Max: 0, Diff: 0, Sum: 0, Workers: 4
[2980.642s][debug][gc,phases      ] GC(139)   StringDedup Requests0 Weak     Min:  0.0, Avg:  0.0, Max:  0.0, Diff:  0.0, Sum:  0.0, Workers: 4
[2980.642s][debug][gc,phases      ] GC(139)     Dead                           Min: 0, Avg:  0.0, Max: 0, Diff: 0, Sum: 0, Workers: 4
[2980.642s][debug][gc,phases      ] GC(139)     Total                          Min: 0, Avg:  0.0, Max: 0, Diff: 0, Sum: 0, Workers: 4
[2980.642s][debug][gc,phases      ] GC(139)   StringDedup Requests1 Weak     Min:  0.0, Avg:  0.0, Max:  0.0, Diff:  0.0, Sum:  0.0, Workers: 4
[2980.642s][debug][gc,phases      ] GC(139)     Dead                           Min: 0, Avg:  0.0, Max: 0, Diff: 0, Sum: 0, Workers: 4
[2980.642s][debug][gc,phases      ] GC(139)     Total                          Min: 0, Avg:  0.0, Max: 0, Diff: 0, Sum: 0, Workers: 4
[2980.642s][debug][gc,phases      ] GC(139)   Weak JFR Old Object Samples    Min:  0.0, Avg:  0.0, Max:  0.0, Diff:  0.0, Sum:  0.0, Workers: 4
[2980.642s][debug][gc,phases      ] GC(139)     Dead                           Min: 0, Avg:  0.0, Max: 0, Diff: 0, Sum: 0, Workers: 4
[2980.642s][debug][gc,phases      ] GC(139)     Total                          Min: 0, Avg:  0.0, Max: 0, Diff: 0, Sum: 0, Workers: 4
[2980.642s][debug][gc,phases      ] GC(139) Weak Processing 0.356ms
[2980.642s][debug][gc,age         ] GC(139) Desired survivor size 49283072 bytes, new threshold 1 (max threshold 15)
[2980.642s][info ][gc,heap        ] GC(139) PSYoungGen: 2035392K(2049536K)->34640K(2037760K) Eden: 2002944K(2002944K)->0K(2002944K) From: 32448K(46592K)->34640K(34816K)
[2980.642s][info ][gc,heap        ] GC(139) ParOldGen: 1708276K(1708544K)->1738019K(1738240K)
[2980.642s][info ][gc,metaspace   ] GC(139) Metaspace: 110369K(111744K)->110369K(111744K) NonClass: 93883K(94656K)->93883K(94656K) Class: 16486K(17088K)->16486K(17088K)
[2980.642s][info ][gc             ] GC(139) Pause Young (Allocation Failure) 3655M->1731M(3687M) 27.595ms
[2980.642s][info ][gc,cpu         ] GC(139) User=0.09s Sys=0.02s Real=0.03s
[2980.642s][info ][safepoint      ] Safepoint "ParallelGCFailedAllocation", Time since last: 4921364814 ns, Reaching safepoint: 81401 ns, Cleanup: 4200 ns, At safepoint: 27673994 ns, Total: 27759595 ns
[2981.642s][info ][safepoint      ] Safepoint "Cleanup", Time since last: 1000086313 ns, Reaching safepoint: 5800 ns, Cleanup: 8701 ns, At safepoint: 2700 ns, Total: 17201 ns
[2990.643s][info ][safepoint      ] Safepoint "Cleanup", Time since last: 9000686468 ns, Reaching safepoint: 78701 ns, Cleanup: 8200 ns, At safepoint: 12000 ns, Total: 98901 ns
[2991.643s][info ][safepoint      ] Safepoint "Cleanup", Time since last: 1000112777 ns, Reaching safepoint: 6800 ns, Cleanup: 8500 ns, At safepoint: 2700 ns, Total: 18000 ns
[2993.643s][info ][safepoint      ] Safepoint "Cleanup", Time since last: 2000172453 ns, Reaching safepoint: 5500 ns, Cleanup: 9500 ns, At safepoint: 2000 ns, Total: 17000 ns
[2996.644s][info ][safepoint      ] Safepoint "Cleanup", Time since last: 3000245429 ns, Reaching safepoint: 80601 ns, Cleanup: 9000 ns, At safepoint: 10300 ns, Total: 99901 ns
[2997.644s][info ][safepoint      ] Safepoint "Cleanup", Time since last: 1000113776 ns, Reaching safepoint: 5201 ns, Cleanup: 10500 ns, At safepoint: 2400 ns, Total: 18101 ns
[2999.644s][info ][safepoint      ] Safepoint "Cleanup", Time since last: 2000173352 ns, Reaching safepoint: 6800 ns, Cleanup: 11500 ns, At safepoint: 2900 ns, Total: 21200 ns
[2999.964s][info ][gc,start       ] GC(140) Pause Young (Allocation Failure)
[2999.988s][debug][gc,phases      ] GC(140) Scavenge 24.034ms
[2999.988s][debug][gc,ref         ] GC(140) Skipped SoftWeakFinalRefsPhase of Reference Processing: no references
[2999.988s][debug][gc,ref         ] GC(140) Skipped KeepAliveFinalRefsPhase of Reference Processing: no references
[2999.988s][debug][gc,ref         ] GC(140) Skipped PhantomRefsPhase of Reference Processing: no references
[2999.988s][debug][gc,phases      ] GC(140) Reference Processing 0.022ms
[2999.988s][debug][gc,phases      ] GC(140)   VM Weak                        Min:  0.0, Avg:  0.0, Max:  0.0, Diff:  0.0, Sum:  0.0, Workers: 4
[2999.988s][debug][gc,phases      ] GC(140)     Dead                           Min: 0, Avg:  0.0, Max: 0, Diff: 0, Sum: 0, Workers: 4
[2999.988s][debug][gc,phases      ] GC(140)     Total                          Min: 0, Avg: 275.8, Max: 576, Diff: 576, Sum: 1103, Workers: 4
[2999.988s][debug][gc,phases      ] GC(140)   ObjectSynchronizer Weak        Min:  0.0, Avg:  0.0, Max:  0.0, Diff:  0.0, Sum:  0.0, Workers: 4
[2999.988s][debug][gc,phases      ] GC(140)     Dead                           Min: 0, Avg:  0.0, Max: 0, Diff: 0, Sum: 0, Workers: 4
[2999.988s][debug][gc,phases      ] GC(140)     Total                          Min: 0, Avg:  1.5, Max: 6, Diff: 6, Sum: 6, Workers: 4
[2999.988s][debug][gc,phases      ] GC(140)   JVMTI Tag Weak OopStorage      Min:  0.0, Avg:  0.0, Max:  0.0, Diff:  0.0, Sum:  0.0, Workers: 4
[2999.988s][debug][gc,phases      ] GC(140)     Dead                           Min: 0, Avg:  0.0, Max: 0, Diff: 0, Sum: 0, Workers: 4
[2999.988s][debug][gc,phases      ] GC(140)     Total                          Min: 0, Avg:  0.0, Max: 0, Diff: 0, Sum: 0, Workers: 4
[2999.988s][debug][gc,phases      ] GC(140)   StringTable Weak               Min:  0.0, Avg:  0.1, Max:  0.1, Diff:  0.1, Sum:  0.4, Workers: 4
[2999.988s][debug][gc,phases      ] GC(140)     Dead                           Min: 0, Avg:  0.0, Max: 0, Diff: 0, Sum: 0, Workers: 4
[2999.988s][debug][gc,phases      ] GC(140)     Total                          Min: 0, Avg: 11860.5, Max: 20500, Diff: 20500, Sum: 47442, Workers: 4
[2999.988s][debug][gc,phases      ] GC(140)   ResolvedMethodTable Weak       Min:  0.0, Avg:  0.0, Max:  0.1, Diff:  0.1, Sum:  0.2, Workers: 4
[2999.988s][debug][gc,phases      ] GC(140)     Dead                           Min: 0, Avg:  4.0, Max: 16, Diff: 16, Sum: 16, Workers: 4
[2999.988s][debug][gc,phases      ] GC(140)     Total                          Min: 421, Avg: 4095.0, Max: 6189, Diff: 5768, Sum: 16380, Workers: 4
[2999.988s][debug][gc,phases      ] GC(140)   JNI Weak                       Min:  0.0, Avg:  0.0, Max:  0.0, Diff:  0.0, Sum:  0.0, Workers: 4
[2999.988s][debug][gc,phases      ] GC(140)     Dead                           Min: 0, Avg:  0.0, Max: 0, Diff: 0, Sum: 0, Workers: 4
[2999.988s][debug][gc,phases      ] GC(140)     Total                          Min: 0, Avg: 13.0, Max: 52, Diff: 52, Sum: 52, Workers: 4
[2999.988s][debug][gc,phases      ] GC(140)   StringDedup Table Weak         Min:  0.0, Avg:  0.0, Max:  0.0, Diff:  0.0, Sum:  0.0, Workers: 4
[2999.988s][debug][gc,phases      ] GC(140)     Dead                           Min: 0, Avg:  0.0, Max: 0, Diff: 0, Sum: 0, Workers: 4
[2999.988s][debug][gc,phases      ] GC(140)     Total                          Min: 0, Avg:  0.0, Max: 0, Diff: 0, Sum: 0, Workers: 4
[2999.988s][debug][gc,phases      ] GC(140)   StringDedup Requests0 Weak     Min:  0.0, Avg:  0.0, Max:  0.0, Diff:  0.0, Sum:  0.0, Workers: 4
[2999.988s][debug][gc,phases      ] GC(140)     Dead                           Min: 0, Avg:  0.0, Max: 0, Diff: 0, Sum: 0, Workers: 4
[2999.988s][debug][gc,phases      ] GC(140)     Total                          Min: 0, Avg:  0.0, Max: 0, Diff: 0, Sum: 0, Workers: 4
[2999.988s][debug][gc,phases      ] GC(140)   StringDedup Requests1 Weak     Min:  0.0, Avg:  0.0, Max:  0.0, Diff:  0.0, Sum:  0.0, Workers: 4
[2999.988s][debug][gc,phases      ] GC(140)     Dead                           Min: 0, Avg:  0.0, Max: 0, Diff: 0, Sum: 0, Workers: 4
[2999.988s][debug][gc,phases      ] GC(140)     Total                          Min: 0, Avg:  0.0, Max: 0, Diff: 0, Sum: 0, Workers: 4
[2999.988s][debug][gc,phases      ] GC(140)   Weak JFR Old Object Samples    Min:  0.0, Avg:  0.0, Max:  0.0, Diff:  0.0, Sum:  0.0, Workers: 4
[2999.988s][debug][gc,phases      ] GC(140)     Dead                           Min: 0, Avg:  0.0, Max: 0, Diff: 0, Sum: 0, Workers: 4
[2999.988s][debug][gc,phases      ] GC(140)     Total                          Min: 0, Avg:  0.0, Max: 0, Diff: 0, Sum: 0, Workers: 4
[2999.988s][debug][gc,phases      ] GC(140) Weak Processing 0.370ms
[2999.988s][debug][gc,age         ] GC(140) Desired survivor size 48234496 bytes, new threshold 1 (max threshold 15)
[2999.988s][info ][gc,heap        ] GC(140) PSYoungGen: 2037584K(2037760K)->19808K(2050048K) Eden: 2002944K(2002944K)->0K(2001920K) From: 34640K(34816K)->19808K(48128K)
[2999.988s][info ][gc,heap        ] GC(140) ParOldGen: 1738019K(1738240K)->1769763K(1769984K)
[2999.988s][info ][gc,metaspace   ] GC(140) Metaspace: 110373K(111744K)->110373K(111744K) NonClass: 93886K(94656K)->93886K(94656K) Class: 16486K(17088K)->16486K(17088K)
[2999.988s][info ][gc             ] GC(140) Pause Young (Allocation Failure) 3687M->1747M(3730M) 24.540ms
[2999.988s][info ][gc,cpu         ] GC(140) User=0.07s Sys=0.02s Real=0.02s
[2999.988s][info ][safepoint      ] Safepoint "ParallelGCFailedAllocation", Time since last: 319303344 ns, Reaching safepoint: 86200 ns, Cleanup: 3700 ns, At safepoint: 24618666 ns, Total: 24708566 ns
[3000.988s][info ][safepoint      ] Safepoint "Cleanup", Time since last: 1000089114 ns, Reaching safepoint: 6501 ns, Cleanup: 9900 ns, At safepoint: 2600 ns, Total: 19001 ns
[3002.207s][info ][safepoint      ] Safepoint "Cleanup", Time since last: 1219020284 ns, Reaching safepoint: 5800 ns, Cleanup: 9000 ns, At safepoint: 2101 ns, Total: 16901 ns
[3003.207s][info ][safepoint      ] Safepoint "Cleanup", Time since last: 1000099214 ns, Reaching safepoint: 5800 ns, Cleanup: 9601 ns, At safepoint: 2400 ns, Total: 17801 ns
[3005.208s][info ][safepoint      ] Safepoint "Cleanup", Time since last: 2000184329 ns, Reaching safepoint: 6000 ns, Cleanup: 9900 ns, At safepoint: 3100 ns, Total: 19000 ns
[3010.208s][info ][safepoint      ] Safepoint "Cleanup", Time since last: 5000407981 ns, Reaching safepoint: 5700 ns, Cleanup: 9900 ns, At safepoint: 2600 ns, Total: 18200 ns
[3011.208s][info ][safepoint      ] Safepoint "Cleanup", Time since last: 1000111812 ns, Reaching safepoint: 6400 ns, Cleanup: 20800 ns, At safepoint: 2700 ns, Total: 29900 ns
[3012.208s][info ][safepoint      ] Safepoint "Cleanup", Time since last: 1000103012 ns, Reaching safepoint: 5700 ns, Cleanup: 6900 ns, At safepoint: 2200 ns, Total: 14800 ns
[3016.209s][info ][safepoint      ] Safepoint "Cleanup", Time since last: 4000293886 ns, Reaching safepoint: 6300 ns, Cleanup: 9000 ns, At safepoint: 2200 ns, Total: 17500 ns
[3039.711s][info ][gc,start       ] GC(141) Pause Young (Allocation Failure)
[3039.728s][debug][gc,phases      ] GC(141) Scavenge 16.063ms
[3039.728s][debug][gc,ref         ] GC(141) ReferenceProcessor::execute queues: 1, RefProcThreadModel::Single, marks_oops_alive: false
[3039.728s][debug][gc,ref         ] GC(141) Skipped KeepAliveFinalRefsPhase of Reference Processing: no references
[3039.728s][debug][gc,ref         ] GC(141) ReferenceProcessor::execute queues: 1, RefProcThreadModel::Single, marks_oops_alive: false
[3039.728s][debug][gc,phases      ] GC(141) Reference Processing 0.098ms
[3039.728s][debug][gc,phases      ] GC(141)   VM Weak                        Min:  0.0, Avg:  0.0, Max:  0.0, Diff:  0.0, Sum:  0.0, Workers: 4
[3039.728s][debug][gc,phases      ] GC(141)     Dead                           Min: 0, Avg:  0.0, Max: 0, Diff: 0, Sum: 0, Workers: 4
[3039.728s][debug][gc,phases      ] GC(141)     Total                          Min: 0, Avg: 275.8, Max: 640, Diff: 640, Sum: 1103, Workers: 4
[3039.728s][debug][gc,phases      ] GC(141)   ObjectSynchronizer Weak        Min:  0.0, Avg:  0.0, Max:  0.0, Diff:  0.0, Sum:  0.0, Workers: 4
[3039.728s][debug][gc,phases      ] GC(141)     Dead                           Min: 0, Avg:  0.0, Max: 0, Diff: 0, Sum: 0, Workers: 4
[3039.728s][debug][gc,phases      ] GC(141)     Total                          Min: 0, Avg:  0.8, Max: 3, Diff: 3, Sum: 3, Workers: 4
[3039.728s][debug][gc,phases      ] GC(141)   JVMTI Tag Weak OopStorage      Min:  0.0, Avg:  0.0, Max:  0.0, Diff:  0.0, Sum:  0.0, Workers: 4
[3039.728s][debug][gc,phases      ] GC(141)     Dead                           Min: 0, Avg:  0.0, Max: 0, Diff: 0, Sum: 0, Workers: 4
[3039.728s][debug][gc,phases      ] GC(141)     Total                          Min: 0, Avg:  0.0, Max: 0, Diff: 0, Sum: 0, Workers: 4
[3039.728s][debug][gc,phases      ] GC(141)   StringTable Weak               Min:  0.0, Avg:  0.1, Max:  0.1, Diff:  0.1, Sum:  0.4, Workers: 4
[3039.728s][debug][gc,phases      ] GC(141)     Dead                           Min: 0, Avg:  0.0, Max: 0, Diff: 0, Sum: 0, Workers: 4
[3039.728s][debug][gc,phases      ] GC(141)     Total                          Min: 0, Avg: 11860.8, Max: 19989, Diff: 19989, Sum: 47443, Workers: 4
[3039.728s][debug][gc,phases      ] GC(141)   ResolvedMethodTable Weak       Min:  0.0, Avg:  0.0, Max:  0.1, Diff:  0.0, Sum:  0.2, Workers: 4
[3039.728s][debug][gc,phases      ] GC(141)     Dead                           Min: 0, Avg:  4.2, Max: 17, Diff: 17, Sum: 17, Workers: 4
[3039.728s][debug][gc,phases      ] GC(141)     Total                          Min: 1730, Avg: 4095.2, Max: 5699, Diff: 3969, Sum: 16381, Workers: 4
[3039.728s][debug][gc,phases      ] GC(141)   JNI Weak                       Min:  0.0, Avg:  0.0, Max:  0.0, Diff:  0.0, Sum:  0.0, Workers: 4
[3039.728s][debug][gc,phases      ] GC(141)     Dead                           Min: 0, Avg:  0.0, Max: 0, Diff: 0, Sum: 0, Workers: 4
[3039.728s][debug][gc,phases      ] GC(141)     Total                          Min: 0, Avg: 13.0, Max: 52, Diff: 52, Sum: 52, Workers: 4
[3039.728s][debug][gc,phases      ] GC(141)   StringDedup Table Weak         Min:  0.0, Avg:  0.0, Max:  0.0, Diff:  0.0, Sum:  0.0, Workers: 4
[3039.728s][debug][gc,phases      ] GC(141)     Dead                           Min: 0, Avg:  0.0, Max: 0, Diff: 0, Sum: 0, Workers: 4
[3039.728s][debug][gc,phases      ] GC(141)     Total                          Min: 0, Avg:  0.0, Max: 0, Diff: 0, Sum: 0, Workers: 4
[3039.728s][debug][gc,phases      ] GC(141)   StringDedup Requests0 Weak     Min:  0.0, Avg:  0.0, Max:  0.0, Diff:  0.0, Sum:  0.0, Workers: 4
[3039.728s][debug][gc,phases      ] GC(141)     Dead                           Min: 0, Avg:  0.0, Max: 0, Diff: 0, Sum: 0, Workers: 4
[3039.728s][debug][gc,phases      ] GC(141)     Total                          Min: 0, Avg:  0.0, Max: 0, Diff: 0, Sum: 0, Workers: 4
[3039.728s][debug][gc,phases      ] GC(141)   StringDedup Requests1 Weak     Min:  0.0, Avg:  0.0, Max:  0.0, Diff:  0.0, Sum:  0.0, Workers: 4
[3039.728s][debug][gc,phases      ] GC(141)     Dead                           Min: 0, Avg:  0.0, Max: 0, Diff: 0, Sum: 0, Workers: 4
[3039.728s][debug][gc,phases      ] GC(141)     Total                          Min: 0, Avg:  0.0, Max: 0, Diff: 0, Sum: 0, Workers: 4
[3039.728s][debug][gc,phases      ] GC(141)   Weak JFR Old Object Samples    Min:  0.0, Avg:  0.0, Max:  0.0, Diff:  0.0, Sum:  0.0, Workers: 4
[3039.728s][debug][gc,phases      ] GC(141)     Dead                           Min: 0, Avg:  0.0, Max: 0, Diff: 0, Sum: 0, Workers: 4
[3039.728s][debug][gc,phases      ] GC(141)     Total                          Min: 0, Avg:  0.0, Max: 0, Diff: 0, Sum: 0, Workers: 4
[3039.728s][debug][gc,phases      ] GC(141) Weak Processing 0.380ms
[3039.728s][debug][gc,age         ] GC(141) Desired survivor size 49283072 bytes, new threshold 1 (max threshold 15)
[3039.728s][info ][gc,heap        ] GC(141) PSYoungGen: 2021728K(2050048K)->9601K(2049024K) Eden: 2001920K(2001920K)->0K(2001920K) From: 19808K(48128K)->9601K(47104K)
[3039.728s][info ][gc,heap        ] GC(141) ParOldGen: 1769763K(1769984K)->1786662K(1786880K)
[3039.728s][info ][gc,metaspace   ] GC(141) Metaspace: 110412K(111808K)->110412K(111808K) NonClass: 93925K(94720K)->93925K(94720K) Class: 16487K(17088K)->16487K(17088K)
[3039.728s][info ][gc             ] GC(141) Pause Young (Allocation Failure) 3702M->1754M(3746M) 16.658ms
[3039.728s][info ][gc,cpu         ] GC(141) User=0.05s Sys=0.01s Real=0.01s
[3039.728s][info ][safepoint      ] Safepoint "ParallelGCFailedAllocation", Time since last: 23502744873 ns, Reaching safepoint: 78101 ns, Cleanup: 4000 ns, At safepoint: 16728713 ns, Total: 16810814 ns
[3090.732s][info ][safepoint      ] Safepoint "Cleanup", Time since last: 51003461863 ns, Reaching safepoint: 5800 ns, Cleanup: 9500 ns, At safepoint: 2700 ns, Total: 18000 ns
[3092.661s][info ][gc,start       ] GC(142) Pause Young (Allocation Failure)
[3092.671s][debug][gc,phases      ] GC(142) Scavenge 9.427ms
[3092.671s][debug][gc,ref         ] GC(142) ReferenceProcessor::execute queues: 1, RefProcThreadModel::Single, marks_oops_alive: false
[3092.671s][debug][gc,ref         ] GC(142) Skipped KeepAliveFinalRefsPhase of Reference Processing: no references
[3092.671s][debug][gc,ref         ] GC(142) Skipped PhantomRefsPhase of Reference Processing: no references
[3092.671s][debug][gc,phases      ] GC(142) Reference Processing 0.097ms
[3092.671s][debug][gc,phases      ] GC(142)   VM Weak                        Min:  0.0, Avg:  0.0, Max:  0.0, Diff:  0.0, Sum:  0.0, Workers: 4
[3092.671s][debug][gc,phases      ] GC(142)     Dead                           Min: 0, Avg:  0.0, Max: 0, Diff: 0, Sum: 0, Workers: 4
[3092.671s][debug][gc,phases      ] GC(142)     Total                          Min: 0, Avg: 275.8, Max: 640, Diff: 640, Sum: 1103, Workers: 4
[3092.671s][debug][gc,phases      ] GC(142)   ObjectSynchronizer Weak        Min:  0.0, Avg:  0.0, Max:  0.0, Diff:  0.0, Sum:  0.0, Workers: 4
[3092.671s][debug][gc,phases      ] GC(142)     Dead                           Min: 0, Avg:  0.0, Max: 0, Diff: 0, Sum: 0, Workers: 4
[3092.671s][debug][gc,phases      ] GC(142)     Total                          Min: 0, Avg:  0.8, Max: 3, Diff: 3, Sum: 3, Workers: 4
[3092.671s][debug][gc,phases      ] GC(142)   JVMTI Tag Weak OopStorage      Min:  0.0, Avg:  0.0, Max:  0.0, Diff:  0.0, Sum:  0.0, Workers: 4
[3092.671s][debug][gc,phases      ] GC(142)     Dead                           Min: 0, Avg:  0.0, Max: 0, Diff: 0, Sum: 0, Workers: 4
[3092.671s][debug][gc,phases      ] GC(142)     Total                          Min: 0, Avg:  0.0, Max: 0, Diff: 0, Sum: 0, Workers: 4
[3092.671s][debug][gc,phases      ] GC(142)   StringTable Weak               Min:  0.0, Avg:  0.1, Max:  0.1, Diff:  0.1, Sum:  0.4, Workers: 4
[3092.671s][debug][gc,phases      ] GC(142)     Dead                           Min: 0, Avg:  0.0, Max: 0, Diff: 0, Sum: 0, Workers: 4
[3092.671s][debug][gc,phases      ] GC(142)     Total                          Min: 0, Avg: 11860.8, Max: 20181, Diff: 20181, Sum: 47443, Workers: 4
[3092.671s][debug][gc,phases      ] GC(142)   ResolvedMethodTable Weak       Min:  0.0, Avg:  0.0, Max:  0.0, Diff:  0.0, Sum:  0.1, Workers: 4
[3092.671s][debug][gc,phases      ] GC(142)     Dead                           Min: 0, Avg:  4.0, Max: 16, Diff: 16, Sum: 16, Workers: 4
[3092.671s][debug][gc,phases      ] GC(142)     Total                          Min: 0, Avg: 4095.2, Max: 7101, Diff: 7101, Sum: 16381, Workers: 4
[3092.671s][debug][gc,phases      ] GC(142)   JNI Weak                       Min:  0.0, Avg:  0.0, Max:  0.0, Diff:  0.0, Sum:  0.0, Workers: 4
[3092.671s][debug][gc,phases      ] GC(142)     Dead                           Min: 0, Avg:  0.0, Max: 0, Diff: 0, Sum: 0, Workers: 4
[3092.671s][debug][gc,phases      ] GC(142)     Total                          Min: 0, Avg: 13.0, Max: 52, Diff: 52, Sum: 52, Workers: 4
[3092.671s][debug][gc,phases      ] GC(142)   StringDedup Table Weak         Min:  0.0, Avg:  0.0, Max:  0.0, Diff:  0.0, Sum:  0.0, Workers: 4
[3092.671s][debug][gc,phases      ] GC(142)     Dead                           Min: 0, Avg:  0.0, Max: 0, Diff: 0, Sum: 0, Workers: 4
[3092.671s][debug][gc,phases      ] GC(142)     Total                          Min: 0, Avg:  0.0, Max: 0, Diff: 0, Sum: 0, Workers: 4
[3092.671s][debug][gc,phases      ] GC(142)   StringDedup Requests0 Weak     Min:  0.0, Avg:  0.0, Max:  0.0, Diff:  0.0, Sum:  0.0, Workers: 4
[3092.671s][debug][gc,phases      ] GC(142)     Dead                           Min: 0, Avg:  0.0, Max: 0, Diff: 0, Sum: 0, Workers: 4
[3092.671s][debug][gc,phases      ] GC(142)     Total                          Min: 0, Avg:  0.0, Max: 0, Diff: 0, Sum: 0, Workers: 4
[3092.671s][debug][gc,phases      ] GC(142)   StringDedup Requests1 Weak     Min:  0.0, Avg:  0.0, Max:  0.0, Diff:  0.0, Sum:  0.0, Workers: 4
[3092.671s][debug][gc,phases      ] GC(142)     Dead                           Min: 0, Avg:  0.0, Max: 0, Diff: 0, Sum: 0, Workers: 4
[3092.671s][debug][gc,phases      ] GC(142)     Total                          Min: 0, Avg:  0.0, Max: 0, Diff: 0, Sum: 0, Workers: 4
[3092.671s][debug][gc,phases      ] GC(142)   Weak JFR Old Object Samples    Min:  0.0, Avg:  0.0, Max:  0.0, Diff:  0.0, Sum:  0.0, Workers: 4
[3092.671s][debug][gc,phases      ] GC(142)     Dead                           Min: 0, Avg:  0.0, Max: 0, Diff: 0, Sum: 0, Workers: 4
[3092.671s][debug][gc,phases      ] GC(142)     Total                          Min: 0, Avg:  0.0, Max: 0, Diff: 0, Sum: 0, Workers: 4
[3092.671s][debug][gc,phases      ] GC(142) Weak Processing 0.344ms
[3092.671s][debug][gc,age         ] GC(142) Desired survivor size 50331648 bytes, new threshold 1 (max threshold 15)
[3092.671s][info ][gc,heap        ] GC(142) PSYoungGen: 2011521K(2049024K)->4436K(2046976K) Eden: 2001920K(2001920K)->0K(1998848K) From: 9601K(47104K)->4436K(48128K)
[3092.671s][info ][gc,heap        ] GC(142) ParOldGen: 1786662K(1786880K)->1793273K(1793536K)
[3092.671s][info ][gc,metaspace   ] GC(142) Metaspace: 110419K(111808K)->110419K(111808K) NonClass: 93932K(94720K)->93932K(94720K) Class: 16487K(17088K)->16487K(17088K)
[3092.671s][info ][gc             ] GC(142) Pause Young (Allocation Failure) 3709M->1755M(3750M) 9.995ms
[3092.671s][info ][gc,cpu         ] GC(142) User=0.03s Sys=0.00s Real=0.01s
[3092.671s][info ][safepoint      ] Safepoint "ParallelGCFailedAllocation", Time since last: 1929737355 ns, Reaching safepoint: 77500 ns, Cleanup: 3800 ns, At safepoint: 10064168 ns, Total: 10145468 ns
[3096.672s][info ][safepoint      ] Safepoint "Cleanup", Time since last: 4000308256 ns, Reaching safepoint: 7200 ns, Cleanup: 7500 ns, At safepoint: 2800 ns, Total: 17500 ns
[3102.672s][info ][safepoint      ] Safepoint "Cleanup", Time since last: 6000459886 ns, Reaching safepoint: 6100 ns, Cleanup: 9700 ns, At safepoint: 3000 ns, Total: 18800 ns
[3104.672s][info ][safepoint      ] Safepoint "Cleanup", Time since last: 2000184272 ns, Reaching safepoint: 6301 ns, Cleanup: 11200 ns, At safepoint: 3000 ns, Total: 20501 ns
[3152.261s][info ][gc,start       ] GC(143) Pause Young (Allocation Failure)
[3152.268s][debug][gc,phases      ] GC(143) Scavenge 6.890ms
[3152.268s][debug][gc,ref         ] GC(143) ReferenceProcessor::execute queues: 1, RefProcThreadModel::Single, marks_oops_alive: false
[3152.268s][debug][gc,ref         ] GC(143) Skipped KeepAliveFinalRefsPhase of Reference Processing: no references
[3152.268s][debug][gc,ref         ] GC(143) Skipped PhantomRefsPhase of Reference Processing: no references
[3152.268s][debug][gc,phases      ] GC(143) Reference Processing 0.096ms
[3152.268s][debug][gc,phases      ] GC(143)   VM Weak                        Min:  0.0, Avg:  0.0, Max:  0.0, Diff:  0.0, Sum:  0.0, Workers: 4
[3152.268s][debug][gc,phases      ] GC(143)     Dead                           Min: 0, Avg:  0.0, Max: 0, Diff: 0, Sum: 0, Workers: 4
[3152.268s][debug][gc,phases      ] GC(143)     Total                          Min: 0, Avg: 275.8, Max: 975, Diff: 975, Sum: 1103, Workers: 4
[3152.268s][debug][gc,phases      ] GC(143)   ObjectSynchronizer Weak        Min:  0.0, Avg:  0.0, Max:  0.0, Diff:  0.0, Sum:  0.0, Workers: 4
[3152.268s][debug][gc,phases      ] GC(143)     Dead                           Min: 0, Avg:  0.0, Max: 0, Diff: 0, Sum: 0, Workers: 4
[3152.268s][debug][gc,phases      ] GC(143)     Total                          Min: 0, Avg:  0.8, Max: 3, Diff: 3, Sum: 3, Workers: 4
[3152.268s][debug][gc,phases      ] GC(143)   JVMTI Tag Weak OopStorage      Min:  0.0, Avg:  0.0, Max:  0.0, Diff:  0.0, Sum:  0.0, Workers: 4
[3152.268s][debug][gc,phases      ] GC(143)     Dead                           Min: 0, Avg:  0.0, Max: 0, Diff: 0, Sum: 0, Workers: 4
[3152.269s][debug][gc,phases      ] GC(143)     Total                          Min: 0, Avg:  0.0, Max: 0, Diff: 0, Sum: 0, Workers: 4
[3152.269s][debug][gc,phases      ] GC(143)   StringTable Weak               Min:  0.0, Avg:  0.1, Max:  0.2, Diff:  0.2, Sum:  0.5, Workers: 4
[3152.269s][debug][gc,phases      ] GC(143)     Dead                           Min: 0, Avg:  0.0, Max: 0, Diff: 0, Sum: 0, Workers: 4
[3152.269s][debug][gc,phases      ] GC(143)     Total                          Min: 0, Avg: 11860.8, Max: 15998, Diff: 15998, Sum: 47443, Workers: 4
[3152.269s][debug][gc,phases      ] GC(143)   ResolvedMethodTable Weak       Min:  0.0, Avg:  0.0, Max:  0.1, Diff:  0.1, Sum:  0.2, Workers: 4
[3152.269s][debug][gc,phases      ] GC(143)     Dead                           Min: 0, Avg:  4.0, Max: 16, Diff: 16, Sum: 16, Workers: 4
[3152.269s][debug][gc,phases      ] GC(143)     Total                          Min: 0, Avg: 4095.2, Max: 5728, Diff: 5728, Sum: 16381, Workers: 4
[3152.269s][debug][gc,phases      ] GC(143)   JNI Weak                       Min:  0.0, Avg:  0.0, Max:  0.0, Diff:  0.0, Sum:  0.0, Workers: 4
[3152.269s][debug][gc,phases      ] GC(143)     Dead                           Min: 0, Avg:  0.0, Max: 0, Diff: 0, Sum: 0, Workers: 4
[3152.269s][debug][gc,phases      ] GC(143)     Total                          Min: 0, Avg: 13.0, Max: 52, Diff: 52, Sum: 52, Workers: 4
[3152.269s][debug][gc,phases      ] GC(143)   StringDedup Table Weak         Min:  0.0, Avg:  0.0, Max:  0.0, Diff:  0.0, Sum:  0.0, Workers: 4
[3152.269s][debug][gc,phases      ] GC(143)     Dead                           Min: 0, Avg:  0.0, Max: 0, Diff: 0, Sum: 0, Workers: 4
[3152.269s][debug][gc,phases      ] GC(143)     Total                          Min: 0, Avg:  0.0, Max: 0, Diff: 0, Sum: 0, Workers: 4
[3152.269s][debug][gc,phases      ] GC(143)   StringDedup Requests0 Weak     Min:  0.0, Avg:  0.0, Max:  0.0, Diff:  0.0, Sum:  0.0, Workers: 4
[3152.269s][debug][gc,phases      ] GC(143)     Dead                           Min: 0, Avg:  0.0, Max: 0, Diff: 0, Sum: 0, Workers: 4
[3152.269s][debug][gc,phases      ] GC(143)     Total                          Min: 0, Avg:  0.0, Max: 0, Diff: 0, Sum: 0, Workers: 4
[3152.269s][debug][gc,phases      ] GC(143)   StringDedup Requests1 Weak     Min:  0.0, Avg:  0.0, Max:  0.0, Diff:  0.0, Sum:  0.0, Workers: 4
[3152.269s][debug][gc,phases      ] GC(143)     Dead                           Min: 0, Avg:  0.0, Max: 0, Diff: 0, Sum: 0, Workers: 4
[3152.269s][debug][gc,phases      ] GC(143)     Total                          Min: 0, Avg:  0.0, Max: 0, Diff: 0, Sum: 0, Workers: 4
[3152.269s][debug][gc,phases      ] GC(143)   Weak JFR Old Object Samples    Min:  0.0, Avg:  0.0, Max:  0.0, Diff:  0.0, Sum:  0.0, Workers: 4
[3152.269s][debug][gc,phases      ] GC(143)     Dead                           Min: 0, Avg:  0.0, Max: 0, Diff: 0, Sum: 0, Workers: 4
[3152.269s][debug][gc,phases      ] GC(143)     Total                          Min: 0, Avg:  0.0, Max: 0, Diff: 0, Sum: 0, Workers: 4
[3152.269s][debug][gc,phases      ] GC(143) Weak Processing 0.404ms
[3152.269s][debug][gc,age         ] GC(143) Desired survivor size 50855936 bytes, new threshold 1 (max threshold 15)
[3152.269s][info ][gc,heap        ] GC(143) PSYoungGen: 2003284K(2046976K)->3894K(2002944K) Eden: 1998848K(1998848K)->0K(1998848K) From: 4436K(48128K)->3894K(4096K)
[3152.269s][info ][gc,heap        ] GC(143) ParOldGen: 1793273K(1793536K)->1795604K(1796096K)
[3152.269s][info ][gc,metaspace   ] GC(143) Metaspace: 110430K(111808K)->110430K(111808K) NonClass: 93943K(94720K)->93943K(94720K) Class: 16487K(17088K)->16487K(17088K)
[3152.269s][info ][gc             ] GC(143) Pause Young (Allocation Failure) 3707M->1757M(3710M) 7.511ms
[3152.269s][info ][gc,cpu         ] GC(143) User=0.02s Sys=0.01s Real=0.00s
[3152.269s][info ][safepoint      ] Safepoint "ParallelGCFailedAllocation", Time since last: 47588507524 ns, Reaching safepoint: 80701 ns, Cleanup: 3900 ns, At safepoint: 7578549 ns, Total: 7663150 ns
[3171.270s][info ][safepoint      ] Safepoint "Cleanup", Time since last: 19001345858 ns, Reaching safepoint: 6000 ns, Cleanup: 9000 ns, At safepoint: 2800 ns, Total: 17800 ns
[3173.270s][info ][safepoint      ] Safepoint "Cleanup", Time since last: 2000178490 ns, Reaching safepoint: 4800 ns, Cleanup: 9200 ns, At safepoint: 1900 ns, Total: 15900 ns
[3181.271s][info ][safepoint      ] Safepoint "Cleanup", Time since last: 8000591923 ns, Reaching safepoint: 5500 ns, Cleanup: 9900 ns, At safepoint: 2800 ns, Total: 18200 ns
[3182.271s][info ][safepoint      ] Safepoint "Cleanup", Time since last: 1000126738 ns, Reaching safepoint: 5800 ns, Cleanup: 9500 ns, At safepoint: 2500 ns, Total: 17800 ns
[3185.271s][info ][safepoint      ] Safepoint "Cleanup", Time since last: 3000273621 ns, Reaching safepoint: 5800 ns, Cleanup: 10100 ns, At safepoint: 2500 ns, Total: 18400 ns
[3209.212s][info ][gc,start       ] GC(144) Pause Young (Allocation Failure)
[3209.218s][debug][gc,phases      ] GC(144) Scavenge 6.527ms
[3209.218s][debug][gc,ref         ] GC(144) ReferenceProcessor::execute queues: 1, RefProcThreadModel::Single, marks_oops_alive: false
[3209.218s][debug][gc,ref         ] GC(144) Skipped KeepAliveFinalRefsPhase of Reference Processing: no references
[3209.218s][debug][gc,ref         ] GC(144) Skipped PhantomRefsPhase of Reference Processing: no references
[3209.218s][debug][gc,phases      ] GC(144) Reference Processing 0.089ms
[3209.219s][debug][gc,phases      ] GC(144)   VM Weak                        Min:  0.0, Avg:  0.0, Max:  0.0, Diff:  0.0, Sum:  0.0, Workers: 4
[3209.219s][debug][gc,phases      ] GC(144)     Dead                           Min: 0, Avg:  0.0, Max: 0, Diff: 0, Sum: 0, Workers: 4
[3209.219s][debug][gc,phases      ] GC(144)     Total                          Min: 0, Avg: 275.8, Max: 591, Diff: 591, Sum: 1103, Workers: 4
[3209.219s][debug][gc,phases      ] GC(144)   ObjectSynchronizer Weak        Min:  0.0, Avg:  0.0, Max:  0.0, Diff:  0.0, Sum:  0.0, Workers: 4
[3209.219s][debug][gc,phases      ] GC(144)     Dead                           Min: 0, Avg:  0.0, Max: 0, Diff: 0, Sum: 0, Workers: 4
[3209.219s][debug][gc,phases      ] GC(144)     Total                          Min: 0, Avg:  0.8, Max: 3, Diff: 3, Sum: 3, Workers: 4
[3209.219s][debug][gc,phases      ] GC(144)   JVMTI Tag Weak OopStorage      Min:  0.0, Avg:  0.0, Max:  0.0, Diff:  0.0, Sum:  0.0, Workers: 4
[3209.219s][debug][gc,phases      ] GC(144)     Dead                           Min: 0, Avg:  0.0, Max: 0, Diff: 0, Sum: 0, Workers: 4
[3209.219s][debug][gc,phases      ] GC(144)     Total                          Min: 0, Avg:  0.0, Max: 0, Diff: 0, Sum: 0, Workers: 4
[3209.219s][debug][gc,phases      ] GC(144)   StringTable Weak               Min:  0.0, Avg:  0.1, Max:  0.2, Diff:  0.1, Sum:  0.4, Workers: 4
[3209.219s][debug][gc,phases      ] GC(144)     Dead                           Min: 0, Avg:  0.0, Max: 0, Diff: 0, Sum: 0, Workers: 4
[3209.219s][debug][gc,phases      ] GC(144)     Total                          Min: 0, Avg: 11860.8, Max: 16341, Diff: 16341, Sum: 47443, Workers: 4
[3209.219s][debug][gc,phases      ] GC(144)   ResolvedMethodTable Weak       Min:  0.0, Avg:  0.0, Max:  0.1, Diff:  0.1, Sum:  0.2, Workers: 4
[3209.219s][debug][gc,phases      ] GC(144)     Dead                           Min: 0, Avg:  4.0, Max: 16, Diff: 16, Sum: 16, Workers: 4
[3209.219s][debug][gc,phases      ] GC(144)     Total                          Min: 0, Avg: 4095.2, Max: 5701, Diff: 5701, Sum: 16381, Workers: 4
[3209.219s][debug][gc,phases      ] GC(144)   JNI Weak                       Min:  0.0, Avg:  0.0, Max:  0.0, Diff:  0.0, Sum:  0.0, Workers: 4
[3209.219s][debug][gc,phases      ] GC(144)     Dead                           Min: 0, Avg:  0.0, Max: 0, Diff: 0, Sum: 0, Workers: 4
[3209.219s][debug][gc,phases      ] GC(144)     Total                          Min: 0, Avg: 13.0, Max: 52, Diff: 52, Sum: 52, Workers: 4
[3209.219s][debug][gc,phases      ] GC(144)   StringDedup Table Weak         Min:  0.0, Avg:  0.0, Max:  0.0, Diff:  0.0, Sum:  0.0, Workers: 4
[3209.219s][debug][gc,phases      ] GC(144)     Dead                           Min: 0, Avg:  0.0, Max: 0, Diff: 0, Sum: 0, Workers: 4
[3209.219s][debug][gc,phases      ] GC(144)     Total                          Min: 0, Avg:  0.0, Max: 0, Diff: 0, Sum: 0, Workers: 4
[3209.219s][debug][gc,phases      ] GC(144)   StringDedup Requests0 Weak     Min:  0.0, Avg:  0.0, Max:  0.0, Diff:  0.0, Sum:  0.0, Workers: 4
[3209.219s][debug][gc,phases      ] GC(144)     Dead                           Min: 0, Avg:  0.0, Max: 0, Diff: 0, Sum: 0, Workers: 4
[3209.219s][debug][gc,phases      ] GC(144)     Total                          Min: 0, Avg:  0.0, Max: 0, Diff: 0, Sum: 0, Workers: 4
[3209.219s][debug][gc,phases      ] GC(144)   StringDedup Requests1 Weak     Min:  0.0, Avg:  0.0, Max:  0.0, Diff:  0.0, Sum:  0.0, Workers: 4
[3209.219s][debug][gc,phases      ] GC(144)     Dead                           Min: 0, Avg:  0.0, Max: 0, Diff: 0, Sum: 0, Workers: 4
[3209.219s][debug][gc,phases      ] GC(144)     Total                          Min: 0, Avg:  0.0, Max: 0, Diff: 0, Sum: 0, Workers: 4
[3209.219s][debug][gc,phases      ] GC(144)   Weak JFR Old Object Samples    Min:  0.0, Avg:  0.0, Max:  0.0, Diff:  0.0, Sum:  0.0, Workers: 4
[3209.219s][debug][gc,phases      ] GC(144)     Dead                           Min: 0, Avg:  0.0, Max: 0, Diff: 0, Sum: 0, Workers: 4
[3209.219s][debug][gc,phases      ] GC(144)     Total                          Min: 0, Avg:  0.0, Max: 0, Diff: 0, Sum: 0, Workers: 4
[3209.219s][debug][gc,phases      ] GC(144) Weak Processing 0.378ms
[3209.219s][debug][gc,age         ] GC(144) Desired survivor size 50855936 bytes, new threshold 1 (max threshold 15)
[3209.219s][info ][gc,heap        ] GC(144) PSYoungGen: 2002742K(2002944K)->4158K(2047488K) Eden: 1998848K(1998848K)->0K(1997824K) From: 3894K(4096K)->4158K(49664K)
[3209.219s][info ][gc,heap        ] GC(144) ParOldGen: 1795604K(1796096K)->1797389K(1797632K)
[3209.219s][info ][gc,metaspace   ] GC(144) Metaspace: 110436K(111808K)->110436K(111808K) NonClass: 93948K(94720K)->93948K(94720K) Class: 16487K(17088K)->16487K(17088K)
[3209.219s][info ][gc             ] GC(144) Pause Young (Allocation Failure) 3709M->1759M(3755M) 7.097ms
[3209.219s][info ][gc,cpu         ] GC(144) User=0.02s Sys=0.00s Real=0.00s
[3209.219s][info ][safepoint      ] Safepoint "ParallelGCFailedAllocation", Time since last: 23940309787 ns, Reaching safepoint: 77201 ns, Cleanup: 3800 ns, At safepoint: 7162746 ns, Total: 7243747 ns
[3218.219s][info ][safepoint      ] Safepoint "Cleanup", Time since last: 9000633970 ns, Reaching safepoint: 6000 ns, Cleanup: 9100 ns, At safepoint: 2200 ns, Total: 17300 ns
[3221.220s][info ][safepoint      ] Safepoint "Cleanup", Time since last: 3000251125 ns, Reaching safepoint: 5200 ns, Cleanup: 9400 ns, At safepoint: 2500 ns, Total: 17100 ns
[3224.220s][info ][safepoint      ] Safepoint "Cleanup", Time since last: 3000248670 ns, Reaching safepoint: 4700 ns, Cleanup: 7900 ns, At safepoint: 2100 ns, Total: 14700 ns
[3270.166s][info ][gc,start       ] GC(145) Pause Young (Allocation Failure)
[3270.173s][debug][gc,phases      ] GC(145) Scavenge 6.940ms
[3270.173s][debug][gc,ref         ] GC(145) ReferenceProcessor::execute queues: 1, RefProcThreadModel::Single, marks_oops_alive: false
[3270.173s][debug][gc,ref         ] GC(145) Skipped KeepAliveFinalRefsPhase of Reference Processing: no references
[3270.173s][debug][gc,ref         ] GC(145) ReferenceProcessor::execute queues: 1, RefProcThreadModel::Single, marks_oops_alive: false
[3270.173s][debug][gc,phases      ] GC(145) Reference Processing 0.090ms
[3270.174s][debug][gc,phases      ] GC(145)   VM Weak                        Min:  0.0, Avg:  0.0, Max:  0.0, Diff:  0.0, Sum:  0.0, Workers: 4
[3270.174s][debug][gc,phases      ] GC(145)     Dead                           Min: 0, Avg:  0.0, Max: 0, Diff: 0, Sum: 0, Workers: 4
[3270.174s][debug][gc,phases      ] GC(145)     Total                          Min: 0, Avg: 275.8, Max: 591, Diff: 591, Sum: 1103, Workers: 4
[3270.174s][debug][gc,phases      ] GC(145)   ObjectSynchronizer Weak        Min:  0.0, Avg:  0.0, Max:  0.0, Diff:  0.0, Sum:  0.0, Workers: 4
[3270.174s][debug][gc,phases      ] GC(145)     Dead                           Min: 0, Avg:  0.0, Max: 0, Diff: 0, Sum: 0, Workers: 4
[3270.174s][debug][gc,phases      ] GC(145)     Total                          Min: 0, Avg:  0.8, Max: 3, Diff: 3, Sum: 3, Workers: 4
[3270.174s][debug][gc,phases      ] GC(145)   JVMTI Tag Weak OopStorage      Min:  0.0, Avg:  0.0, Max:  0.0, Diff:  0.0, Sum:  0.0, Workers: 4
[3270.174s][debug][gc,phases      ] GC(145)     Dead                           Min: 0, Avg:  0.0, Max: 0, Diff: 0, Sum: 0, Workers: 4
[3270.174s][debug][gc,phases      ] GC(145)     Total                          Min: 0, Avg:  0.0, Max: 0, Diff: 0, Sum: 0, Workers: 4
[3270.174s][debug][gc,phases      ] GC(145)   StringTable Weak               Min:  0.0, Avg:  0.1, Max:  0.1, Diff:  0.1, Sum:  0.4, Workers: 4
[3270.174s][debug][gc,phases      ] GC(145)     Dead                           Min: 0, Avg:  0.0, Max: 0, Diff: 0, Sum: 0, Workers: 4
[3270.174s][debug][gc,phases      ] GC(145)     Total                          Min: 0, Avg: 11860.8, Max: 20478, Diff: 20478, Sum: 47443, Workers: 4
[3270.174s][debug][gc,phases      ] GC(145)   ResolvedMethodTable Weak       Min:  0.0, Avg:  0.0, Max:  0.0, Diff:  0.0, Sum:  0.1, Workers: 4
[3270.174s][debug][gc,phases      ] GC(145)     Dead                           Min: 0, Avg:  4.0, Max: 16, Diff: 16, Sum: 16, Workers: 4
[3270.174s][debug][gc,phases      ] GC(145)     Total                          Min: 0, Avg: 4095.2, Max: 6914, Diff: 6914, Sum: 16381, Workers: 4
[3270.174s][debug][gc,phases      ] GC(145)   JNI Weak                       Min:  0.0, Avg:  0.0, Max:  0.0, Diff:  0.0, Sum:  0.0, Workers: 4
[3270.174s][debug][gc,phases      ] GC(145)     Dead                           Min: 0, Avg:  0.0, Max: 0, Diff: 0, Sum: 0, Workers: 4
[3270.174s][debug][gc,phases      ] GC(145)     Total                          Min: 0, Avg: 13.0, Max: 52, Diff: 52, Sum: 52, Workers: 4
[3270.174s][debug][gc,phases      ] GC(145)   StringDedup Table Weak         Min:  0.0, Avg:  0.0, Max:  0.0, Diff:  0.0, Sum:  0.0, Workers: 4
[3270.174s][debug][gc,phases      ] GC(145)     Dead                           Min: 0, Avg:  0.0, Max: 0, Diff: 0, Sum: 0, Workers: 4
[3270.174s][debug][gc,phases      ] GC(145)     Total                          Min: 0, Avg:  0.0, Max: 0, Diff: 0, Sum: 0, Workers: 4
[3270.174s][debug][gc,phases      ] GC(145)   StringDedup Requests0 Weak     Min:  0.0, Avg:  0.0, Max:  0.0, Diff:  0.0, Sum:  0.0, Workers: 4
[3270.174s][debug][gc,phases      ] GC(145)     Dead                           Min: 0, Avg:  0.0, Max: 0, Diff: 0, Sum: 0, Workers: 4
[3270.174s][debug][gc,phases      ] GC(145)     Total                          Min: 0, Avg:  0.0, Max: 0, Diff: 0, Sum: 0, Workers: 4
[3270.174s][debug][gc,phases      ] GC(145)   StringDedup Requests1 Weak     Min:  0.0, Avg:  0.0, Max:  0.0, Diff:  0.0, Sum:  0.0, Workers: 4
[3270.174s][debug][gc,phases      ] GC(145)     Dead                           Min: 0, Avg:  0.0, Max: 0, Diff: 0, Sum: 0, Workers: 4
[3270.174s][debug][gc,phases      ] GC(145)     Total                          Min: 0, Avg:  0.0, Max: 0, Diff: 0, Sum: 0, Workers: 4
[3270.174s][debug][gc,phases      ] GC(145)   Weak JFR Old Object Samples    Min:  0.0, Avg:  0.0, Max:  0.0, Diff:  0.0, Sum:  0.0, Workers: 4
[3270.174s][debug][gc,phases      ] GC(145)     Dead                           Min: 0, Avg:  0.0, Max: 0, Diff: 0, Sum: 0, Workers: 4
[3270.174s][debug][gc,phases      ] GC(145)     Total                          Min: 0, Avg:  0.0, Max: 0, Diff: 0, Sum: 0, Workers: 4
[3270.174s][debug][gc,phases      ] GC(145) Weak Processing 0.363ms
[3270.174s][debug][gc,age         ] GC(145) Desired survivor size 50331648 bytes, new threshold 1 (max threshold 15)
[3270.174s][info ][gc,heap        ] GC(145) PSYoungGen: 2001785K(2047488K)->5157K(2047488K) Eden: 1997627K(1997824K)->0K(1997824K) From: 4158K(49664K)->5157K(49664K)
[3270.174s][info ][gc,heap        ] GC(145) ParOldGen: 1797389K(1797632K)->1798987K(1799168K)
[3270.174s][info ][gc,metaspace   ] GC(145) Metaspace: 110440K(111808K)->110440K(111808K) NonClass: 93953K(94720K)->93953K(94720K) Class: 16487K(17088K)->16487K(17088K)
[3270.174s][info ][gc             ] GC(145) Pause Young (Allocation Failure) 3710M->1761M(3756M) 7.488ms
[3270.174s][info ][gc,cpu         ] GC(145) User=0.02s Sys=0.00s Real=0.01s
[3270.174s][info ][safepoint      ] Safepoint "ParallelGCFailedAllocation", Time since last: 45946141071 ns, Reaching safepoint: 4800 ns, Cleanup: 3800 ns, At safepoint: 7542749 ns, Total: 7551349 ns
[3290.175s][info ][safepoint      ] Safepoint "Cleanup", Time since last: 20001446702 ns, Reaching safepoint: 6000 ns, Cleanup: 8300 ns, At safepoint: 22700 ns, Total: 37000 ns
[3294.175s][info ][safepoint      ] Safepoint "Cleanup", Time since last: 4000301990 ns, Reaching safepoint: 6100 ns, Cleanup: 8800 ns, At safepoint: 2300 ns, Total: 17200 ns
[3297.176s][info ][safepoint      ] Safepoint "Cleanup", Time since last: 3000249173 ns, Reaching safepoint: 5900 ns, Cleanup: 13600 ns, At safepoint: 3100 ns, Total: 22600 ns
[3311.177s][info ][safepoint      ] Safepoint "Cleanup", Time since last: 14001026214 ns, Reaching safepoint: 6400 ns, Cleanup: 18400 ns, At safepoint: 2800 ns, Total: 27600 ns
[3321.178s][info ][safepoint      ] Safepoint "Cleanup", Time since last: 10000761719 ns, Reaching safepoint: 6100 ns, Cleanup: 10100 ns, At safepoint: 19500 ns, Total: 35700 ns
[3329.178s][info ][safepoint      ] Safepoint "Cleanup", Time since last: 8000574357 ns, Reaching safepoint: 5900 ns, Cleanup: 10200 ns, At safepoint: 3400 ns, Total: 19500 ns
[3332.661s][info ][gc,start       ] GC(146) Pause Young (Allocation Failure)
[3332.668s][debug][gc,phases      ] GC(146) Scavenge 7.009ms
[3332.668s][debug][gc,ref         ] GC(146) ReferenceProcessor::execute queues: 1, RefProcThreadModel::Single, marks_oops_alive: false
[3332.668s][debug][gc,ref         ] GC(146) Skipped KeepAliveFinalRefsPhase of Reference Processing: no references
[3332.668s][debug][gc,ref         ] GC(146) ReferenceProcessor::execute queues: 1, RefProcThreadModel::Single, marks_oops_alive: false
[3332.668s][debug][gc,phases      ] GC(146) Reference Processing 0.132ms
[3332.669s][debug][gc,phases      ] GC(146)   VM Weak                        Min:  0.0, Avg:  0.0, Max:  0.0, Diff:  0.0, Sum:  0.0, Workers: 4
[3332.669s][debug][gc,phases      ] GC(146)     Dead                           Min: 0, Avg:  0.0, Max: 0, Diff: 0, Sum: 0, Workers: 4
[3332.669s][debug][gc,phases      ] GC(146)     Total                          Min: 0, Avg: 275.8, Max: 911, Diff: 911, Sum: 1103, Workers: 4
[3332.669s][debug][gc,phases      ] GC(146)   ObjectSynchronizer Weak        Min:  0.0, Avg:  0.0, Max:  0.0, Diff:  0.0, Sum:  0.0, Workers: 4
[3332.669s][debug][gc,phases      ] GC(146)     Dead                           Min: 0, Avg:  0.0, Max: 0, Diff: 0, Sum: 0, Workers: 4
[3332.669s][debug][gc,phases      ] GC(146)     Total                          Min: 0, Avg:  0.8, Max: 3, Diff: 3, Sum: 3, Workers: 4
[3332.669s][debug][gc,phases      ] GC(146)   JVMTI Tag Weak OopStorage      Min:  0.0, Avg:  0.0, Max:  0.0, Diff:  0.0, Sum:  0.0, Workers: 4
[3332.669s][debug][gc,phases      ] GC(146)     Dead                           Min: 0, Avg:  0.0, Max: 0, Diff: 0, Sum: 0, Workers: 4
[3332.669s][debug][gc,phases      ] GC(146)     Total                          Min: 0, Avg:  0.0, Max: 0, Diff: 0, Sum: 0, Workers: 4
[3332.669s][debug][gc,phases      ] GC(146)   StringTable Weak               Min:  0.0, Avg:  0.1, Max:  0.2, Diff:  0.2, Sum:  0.4, Workers: 4
[3332.669s][debug][gc,phases      ] GC(146)     Dead                           Min: 0, Avg:  0.0, Max: 0, Diff: 0, Sum: 0, Workers: 4
[3332.669s][debug][gc,phases      ] GC(146)     Total                          Min: 0, Avg: 11860.8, Max: 24020, Diff: 24020, Sum: 47443, Workers: 4
[3332.669s][debug][gc,phases      ] GC(146)   ResolvedMethodTable Weak       Min:  0.0, Avg:  0.0, Max:  0.1, Diff:  0.1, Sum:  0.2, Workers: 4
[3332.669s][debug][gc,phases      ] GC(146)     Dead                           Min: 0, Avg:  4.0, Max: 16, Diff: 16, Sum: 16, Workers: 4
[3332.669s][debug][gc,phases      ] GC(146)     Total                          Min: 0, Avg: 4095.2, Max: 8495, Diff: 8495, Sum: 16381, Workers: 4
[3332.669s][debug][gc,phases      ] GC(146)   JNI Weak                       Min:  0.0, Avg:  0.0, Max:  0.0, Diff:  0.0, Sum:  0.0, Workers: 4
[3332.669s][debug][gc,phases      ] GC(146)     Dead                           Min: 0, Avg:  0.0, Max: 0, Diff: 0, Sum: 0, Workers: 4
[3332.669s][debug][gc,phases      ] GC(146)     Total                          Min: 0, Avg: 13.0, Max: 52, Diff: 52, Sum: 52, Workers: 4
[3332.669s][debug][gc,phases      ] GC(146)   StringDedup Table Weak         Min:  0.0, Avg:  0.0, Max:  0.0, Diff:  0.0, Sum:  0.0, Workers: 4
[3332.669s][debug][gc,phases      ] GC(146)     Dead                           Min: 0, Avg:  0.0, Max: 0, Diff: 0, Sum: 0, Workers: 4
[3332.669s][debug][gc,phases      ] GC(146)     Total                          Min: 0, Avg:  0.0, Max: 0, Diff: 0, Sum: 0, Workers: 4
[3332.669s][debug][gc,phases      ] GC(146)   StringDedup Requests0 Weak     Min:  0.0, Avg:  0.0, Max:  0.0, Diff:  0.0, Sum:  0.0, Workers: 4
[3332.669s][debug][gc,phases      ] GC(146)     Dead                           Min: 0, Avg:  0.0, Max: 0, Diff: 0, Sum: 0, Workers: 4
[3332.669s][debug][gc,phases      ] GC(146)     Total                          Min: 0, Avg:  0.0, Max: 0, Diff: 0, Sum: 0, Workers: 4
[3332.669s][debug][gc,phases      ] GC(146)   StringDedup Requests1 Weak     Min:  0.0, Avg:  0.0, Max:  0.0, Diff:  0.0, Sum:  0.0, Workers: 4
[3332.669s][debug][gc,phases      ] GC(146)     Dead                           Min: 0, Avg:  0.0, Max: 0, Diff: 0, Sum: 0, Workers: 4
[3332.669s][debug][gc,phases      ] GC(146)     Total                          Min: 0, Avg:  0.0, Max: 0, Diff: 0, Sum: 0, Workers: 4
[3332.669s][debug][gc,phases      ] GC(146)   Weak JFR Old Object Samples    Min:  0.0, Avg:  0.0, Max:  0.0, Diff:  0.0, Sum:  0.0, Workers: 4
[3332.669s][debug][gc,phases      ] GC(146)     Dead                           Min: 0, Avg:  0.0, Max: 0, Diff: 0, Sum: 0, Workers: 4
[3332.669s][debug][gc,phases      ] GC(146)     Total                          Min: 0, Avg:  0.0, Max: 0, Diff: 0, Sum: 0, Workers: 4
[3332.669s][debug][gc,phases      ] GC(146) Weak Processing 0.626ms
[3332.669s][debug][gc,age         ] GC(146) Desired survivor size 49807360 bytes, new threshold 1 (max threshold 15)
[3332.669s][info ][gc,heap        ] GC(146) PSYoungGen: 2002981K(2047488K)->4085K(2048512K) Eden: 1997824K(1997824K)->0K(1999360K) From: 5157K(49664K)->4085K(49152K)
[3332.669s][info ][gc,heap        ] GC(146) ParOldGen: 1798987K(1799168K)->1801628K(1801728K)
[3332.669s][info ][gc,metaspace   ] GC(146) Metaspace: 110463K(111872K)->110463K(111872K) NonClass: 93976K(94784K)->93976K(94784K) Class: 16487K(17088K)->16487K(17088K)
[3332.669s][info ][gc             ] GC(146) Pause Young (Allocation Failure) 3712M->1763M(3760M) 7.896ms
[3332.669s][info ][gc,cpu         ] GC(146) User=0.03s Sys=0.00s Real=0.00s
[3332.669s][info ][safepoint      ] Safepoint "ParallelGCFailedAllocation", Time since last: 3482813268 ns, Reaching safepoint: 78401 ns, Cleanup: 3600 ns, At safepoint: 7981151 ns, Total: 8063152 ns
[3338.670s][info ][safepoint      ] Safepoint "Cleanup", Time since last: 6000451179 ns, Reaching safepoint: 6700 ns, Cleanup: 9700 ns, At safepoint: 2700 ns, Total: 19100 ns
[3347.670s][info ][safepoint      ] Safepoint "Cleanup", Time since last: 9000658957 ns, Reaching safepoint: 6200 ns, Cleanup: 9500 ns, At safepoint: 2600 ns, Total: 18300 ns
[3348.670s][info ][safepoint      ] Safepoint "Cleanup", Time since last: 1000105302 ns, Reaching safepoint: 5500 ns, Cleanup: 6900 ns, At safepoint: 2000 ns, Total: 14400 ns
[3351.671s][info ][safepoint      ] Safepoint "Cleanup", Time since last: 3000235249 ns, Reaching safepoint: 5500 ns, Cleanup: 9000 ns, At safepoint: 2500 ns, Total: 17000 ns
[3359.671s][info ][safepoint      ] Safepoint "Cleanup", Time since last: 8000605102 ns, Reaching safepoint: 5900 ns, Cleanup: 8700 ns, At safepoint: 2200 ns, Total: 16800 ns
[3364.672s][info ][safepoint      ] Safepoint "Cleanup", Time since last: 5000410601 ns, Reaching safepoint: 6200 ns, Cleanup: 11100 ns, At safepoint: 3500 ns, Total: 20800 ns
[3386.673s][info ][safepoint      ] Safepoint "Cleanup", Time since last: 22001611157 ns, Reaching safepoint: 5100 ns, Cleanup: 8000 ns, At safepoint: 2400 ns, Total: 15500 ns
[3390.675s][info ][safepoint      ] Safepoint "Cleanup", Time since last: 4001804120 ns, Reaching safepoint: 5600 ns, Cleanup: 11400 ns, At safepoint: 2500 ns, Total: 19500 ns
[3397.825s][info ][gc,start       ] GC(147) Pause Young (Allocation Failure)
[3397.831s][debug][gc,phases      ] GC(147) Scavenge 6.100ms
[3397.832s][debug][gc,ref         ] GC(147) ReferenceProcessor::execute queues: 1, RefProcThreadModel::Single, marks_oops_alive: false
[3397.832s][debug][gc,ref         ] GC(147) Skipped KeepAliveFinalRefsPhase of Reference Processing: no references
[3397.832s][debug][gc,ref         ] GC(147) ReferenceProcessor::execute queues: 1, RefProcThreadModel::Single, marks_oops_alive: false
[3397.832s][debug][gc,phases      ] GC(147) Reference Processing 0.102ms
[3397.832s][debug][gc,phases      ] GC(147)   VM Weak                        Min:  0.0, Avg:  0.0, Max:  0.0, Diff:  0.0, Sum:  0.0, Workers: 4
[3397.832s][debug][gc,phases      ] GC(147)     Dead                           Min: 0, Avg:  0.0, Max: 0, Diff: 0, Sum: 0, Workers: 4
[3397.832s][debug][gc,phases      ] GC(147)     Total                          Min: 0, Avg: 275.8, Max: 847, Diff: 847, Sum: 1103, Workers: 4
[3397.832s][debug][gc,phases      ] GC(147)   ObjectSynchronizer Weak        Min:  0.0, Avg:  0.0, Max:  0.0, Diff:  0.0, Sum:  0.0, Workers: 4
[3397.832s][debug][gc,phases      ] GC(147)     Dead                           Min: 0, Avg:  0.0, Max: 0, Diff: 0, Sum: 0, Workers: 4
[3397.832s][debug][gc,phases      ] GC(147)     Total                          Min: 0, Avg:  1.2, Max: 5, Diff: 5, Sum: 5, Workers: 4
[3397.832s][debug][gc,phases      ] GC(147)   JVMTI Tag Weak OopStorage      Min:  0.0, Avg:  0.0, Max:  0.0, Diff:  0.0, Sum:  0.0, Workers: 4
[3397.832s][debug][gc,phases      ] GC(147)     Dead                           Min: 0, Avg:  0.0, Max: 0, Diff: 0, Sum: 0, Workers: 4
[3397.832s][debug][gc,phases      ] GC(147)     Total                          Min: 0, Avg:  0.0, Max: 0, Diff: 0, Sum: 0, Workers: 4
[3397.832s][debug][gc,phases      ] GC(147)   StringTable Weak               Min:  0.0, Avg:  0.1, Max:  0.1, Diff:  0.1, Sum:  0.4, Workers: 4
[3397.832s][debug][gc,phases      ] GC(147)     Dead                           Min: 0, Avg:  0.2, Max: 1, Diff: 1, Sum: 1, Workers: 4
[3397.832s][debug][gc,phases      ] GC(147)     Total                          Min: 0, Avg: 11863.5, Max: 20702, Diff: 20702, Sum: 47454, Workers: 4
[3397.832s][debug][gc,phases      ] GC(147)   ResolvedMethodTable Weak       Min:  0.0, Avg:  0.0, Max:  0.0, Diff:  0.0, Sum:  0.1, Workers: 4
[3397.832s][debug][gc,phases      ] GC(147)     Dead                           Min: 0, Avg:  9.5, Max: 33, Diff: 33, Sum: 38, Workers: 4
[3397.832s][debug][gc,phases      ] GC(147)     Total                          Min: 0, Avg: 4100.0, Max: 6722, Diff: 6722, Sum: 16400, Workers: 4
[3397.832s][debug][gc,phases      ] GC(147)   JNI Weak                       Min:  0.0, Avg:  0.0, Max:  0.0, Diff:  0.0, Sum:  0.0, Workers: 4
[3397.832s][debug][gc,phases      ] GC(147)     Dead                           Min: 0, Avg:  0.0, Max: 0, Diff: 0, Sum: 0, Workers: 4
[3397.832s][debug][gc,phases      ] GC(147)     Total                          Min: 0, Avg: 13.0, Max: 52, Diff: 52, Sum: 52, Workers: 4
[3397.832s][debug][gc,phases      ] GC(147)   StringDedup Table Weak         Min:  0.0, Avg:  0.0, Max:  0.0, Diff:  0.0, Sum:  0.0, Workers: 4
[3397.832s][debug][gc,phases      ] GC(147)     Dead                           Min: 0, Avg:  0.0, Max: 0, Diff: 0, Sum: 0, Workers: 4
[3397.832s][debug][gc,phases      ] GC(147)     Total                          Min: 0, Avg:  0.0, Max: 0, Diff: 0, Sum: 0, Workers: 4
[3397.832s][debug][gc,phases      ] GC(147)   StringDedup Requests0 Weak     Min:  0.0, Avg:  0.0, Max:  0.0, Diff:  0.0, Sum:  0.0, Workers: 4
[3397.832s][debug][gc,phases      ] GC(147)     Dead                           Min: 0, Avg:  0.0, Max: 0, Diff: 0, Sum: 0, Workers: 4
[3397.832s][debug][gc,phases      ] GC(147)     Total                          Min: 0, Avg:  0.0, Max: 0, Diff: 0, Sum: 0, Workers: 4
[3397.832s][debug][gc,phases      ] GC(147)   StringDedup Requests1 Weak     Min:  0.0, Avg:  0.0, Max:  0.0, Diff:  0.0, Sum:  0.0, Workers: 4
[3397.832s][debug][gc,phases      ] GC(147)     Dead                           Min: 0, Avg:  0.0, Max: 0, Diff: 0, Sum: 0, Workers: 4
[3397.832s][debug][gc,phases      ] GC(147)     Total                          Min: 0, Avg:  0.0, Max: 0, Diff: 0, Sum: 0, Workers: 4
[3397.832s][debug][gc,phases      ] GC(147)   Weak JFR Old Object Samples    Min:  0.0, Avg:  0.0, Max:  0.0, Diff:  0.0, Sum:  0.0, Workers: 4
[3397.832s][debug][gc,phases      ] GC(147)     Dead                           Min: 0, Avg:  0.0, Max: 0, Diff: 0, Sum: 0, Workers: 4
[3397.832s][debug][gc,phases      ] GC(147)     Total                          Min: 0, Avg:  0.0, Max: 0, Diff: 0, Sum: 0, Workers: 4
[3397.832s][debug][gc,phases      ] GC(147) Weak Processing 0.443ms
[3397.832s][debug][gc,age         ] GC(147) Desired survivor size 48234496 bytes, new threshold 1 (max threshold 15)
[3397.832s][info ][gc,heap        ] GC(147) PSYoungGen: 2003445K(2048512K)->5281K(2048000K) Eden: 1999360K(1999360K)->0K(1999360K) From: 4085K(49152K)->5281K(48640K)
[3397.832s][info ][gc,heap        ] GC(147) ParOldGen: 1801628K(1801728K)->1803262K(1803264K)
[3397.832s][info ][gc,metaspace   ] GC(147) Metaspace: 110490K(111872K)->110490K(111872K) NonClass: 93998K(94784K)->93998K(94784K) Class: 16492K(17088K)->16492K(17088K)
[3397.832s][info ][gc             ] GC(147) Pause Young (Allocation Failure) 3715M->1766M(3761M) 6.766ms
[3397.832s][info ][gc,cpu         ] GC(147) User=0.02s Sys=0.00s Real=0.01s
[3397.832s][info ][safepoint      ] Safepoint "ParallelGCFailedAllocation", Time since last: 7150152056 ns, Reaching safepoint: 4800 ns, Cleanup: 3600 ns, At safepoint: 6851963 ns, Total: 6860363 ns
[3398.832s][info ][safepoint      ] Safepoint "Cleanup", Time since last: 1000086310 ns, Reaching safepoint: 5001 ns, Cleanup: 9500 ns, At safepoint: 2400 ns, Total: 16901 ns
[3435.331s][info ][safepoint      ] Safepoint "Cleanup", Time since last: 36499015138 ns, Reaching safepoint: 7300 ns, Cleanup: 10200 ns, At safepoint: 2800 ns, Total: 20300 ns
[3473.011s][info ][gc,start       ] GC(148) Pause Young (Allocation Failure)
[3473.018s][debug][gc,phases      ] GC(148) Scavenge 7.220ms
[3473.018s][debug][gc,ref         ] GC(148) ReferenceProcessor::execute queues: 1, RefProcThreadModel::Single, marks_oops_alive: false
[3473.018s][debug][gc,ref         ] GC(148) Skipped KeepAliveFinalRefsPhase of Reference Processing: no references
[3473.018s][debug][gc,ref         ] GC(148) Skipped PhantomRefsPhase of Reference Processing: no references
[3473.018s][debug][gc,phases      ] GC(148) Reference Processing 0.096ms
[3473.019s][debug][gc,phases      ] GC(148)   VM Weak                        Min:  0.0, Avg:  0.0, Max:  0.0, Diff:  0.0, Sum:  0.0, Workers: 4
[3473.019s][debug][gc,phases      ] GC(148)     Dead                           Min: 0, Avg:  0.0, Max: 0, Diff: 0, Sum: 0, Workers: 4
[3473.019s][debug][gc,phases      ] GC(148)     Total                          Min: 0, Avg: 275.8, Max: 975, Diff: 975, Sum: 1103, Workers: 4
[3473.019s][debug][gc,phases      ] GC(148)   ObjectSynchronizer Weak        Min:  0.0, Avg:  0.0, Max:  0.0, Diff:  0.0, Sum:  0.0, Workers: 4
[3473.019s][debug][gc,phases      ] GC(148)     Dead                           Min: 0, Avg:  0.0, Max: 0, Diff: 0, Sum: 0, Workers: 4
[3473.019s][debug][gc,phases      ] GC(148)     Total                          Min: 0, Avg:  0.8, Max: 3, Diff: 3, Sum: 3, Workers: 4
[3473.019s][debug][gc,phases      ] GC(148)   JVMTI Tag Weak OopStorage      Min:  0.0, Avg:  0.0, Max:  0.0, Diff:  0.0, Sum:  0.0, Workers: 4
[3473.019s][debug][gc,phases      ] GC(148)     Dead                           Min: 0, Avg:  0.0, Max: 0, Diff: 0, Sum: 0, Workers: 4
[3473.019s][debug][gc,phases      ] GC(148)     Total                          Min: 0, Avg:  0.0, Max: 0, Diff: 0, Sum: 0, Workers: 4
[3473.019s][debug][gc,phases      ] GC(148)   StringTable Weak               Min:  0.0, Avg:  0.1, Max:  0.2, Diff:  0.2, Sum:  0.3, Workers: 4
[3473.019s][debug][gc,phases      ] GC(148)     Dead                           Min: 0, Avg:  0.0, Max: 0, Diff: 0, Sum: 0, Workers: 4
[3473.019s][debug][gc,phases      ] GC(148)     Total                          Min: 0, Avg: 11863.5, Max: 28959, Diff: 28959, Sum: 47454, Workers: 4
[3473.019s][debug][gc,phases      ] GC(148)   ResolvedMethodTable Weak       Min:  0.0, Avg:  0.0, Max:  0.1, Diff:  0.1, Sum:  0.1, Workers: 4
[3473.019s][debug][gc,phases      ] GC(148)     Dead                           Min: 0, Avg:  4.0, Max: 16, Diff: 16, Sum: 16, Workers: 4
[3473.019s][debug][gc,phases      ] GC(148)     Total                          Min: 0, Avg: 3967.8, Max: 9694, Diff: 9694, Sum: 15871, Workers: 4
[3473.019s][debug][gc,phases      ] GC(148)   JNI Weak                       Min:  0.0, Avg:  0.0, Max:  0.0, Diff:  0.0, Sum:  0.0, Workers: 4
[3473.019s][debug][gc,phases      ] GC(148)     Dead                           Min: 0, Avg:  0.0, Max: 0, Diff: 0, Sum: 0, Workers: 4
[3473.019s][debug][gc,phases      ] GC(148)     Total                          Min: 0, Avg: 13.0, Max: 52, Diff: 52, Sum: 52, Workers: 4
[3473.019s][debug][gc,phases      ] GC(148)   StringDedup Table Weak         Min:  0.0, Avg:  0.0, Max:  0.0, Diff:  0.0, Sum:  0.0, Workers: 4
[3473.019s][debug][gc,phases      ] GC(148)     Dead                           Min: 0, Avg:  0.0, Max: 0, Diff: 0, Sum: 0, Workers: 4
[3473.019s][debug][gc,phases      ] GC(148)     Total                          Min: 0, Avg:  0.0, Max: 0, Diff: 0, Sum: 0, Workers: 4
[3473.019s][debug][gc,phases      ] GC(148)   StringDedup Requests0 Weak     Min:  0.0, Avg:  0.0, Max:  0.0, Diff:  0.0, Sum:  0.0, Workers: 4
[3473.019s][debug][gc,phases      ] GC(148)     Dead                           Min: 0, Avg:  0.0, Max: 0, Diff: 0, Sum: 0, Workers: 4
[3473.019s][debug][gc,phases      ] GC(148)     Total                          Min: 0, Avg:  0.0, Max: 0, Diff: 0, Sum: 0, Workers: 4
[3473.019s][debug][gc,phases      ] GC(148)   StringDedup Requests1 Weak     Min:  0.0, Avg:  0.0, Max:  0.0, Diff:  0.0, Sum:  0.0, Workers: 4
[3473.019s][debug][gc,phases      ] GC(148)     Dead                           Min: 0, Avg:  0.0, Max: 0, Diff: 0, Sum: 0, Workers: 4
[3473.019s][debug][gc,phases      ] GC(148)     Total                          Min: 0, Avg:  0.0, Max: 0, Diff: 0, Sum: 0, Workers: 4
[3473.019s][debug][gc,phases      ] GC(148)   Weak JFR Old Object Samples    Min:  0.0, Avg:  0.0, Max:  0.0, Diff:  0.0, Sum:  0.0, Workers: 4
[3473.019s][debug][gc,phases      ] GC(148)     Dead                           Min: 0, Avg:  0.0, Max: 0, Diff: 0, Sum: 0, Workers: 4
[3473.019s][debug][gc,phases      ] GC(148)     Total                          Min: 0, Avg:  0.0, Max: 0, Diff: 0, Sum: 0, Workers: 4
[3473.019s][debug][gc,phases      ] GC(148) Weak Processing 0.428ms
[3473.019s][debug][gc,age         ] GC(148) Desired survivor size 47185920 bytes, new threshold 1 (max threshold 15)
[3473.019s][info ][gc,heap        ] GC(148) PSYoungGen: 2004641K(2048000K)->3554K(2051072K) Eden: 1999360K(1999360K)->0K(2003968K) From: 5281K(48640K)->3554K(47104K)
[3473.019s][info ][gc,heap        ] GC(148) ParOldGen: 1803262K(1803264K)->1806359K(1806848K)
[3473.019s][info ][gc,metaspace   ] GC(148) Metaspace: 110492K(111872K)->110492K(111872K) NonClass: 94000K(94784K)->94000K(94784K) Class: 16492K(17088K)->16492K(17088K)
[3473.019s][info ][gc             ] GC(148) Pause Young (Allocation Failure) 3718M->1767M(3767M) 7.878ms
[3473.019s][info ][gc,cpu         ] GC(148) User=0.02s Sys=0.01s Real=0.00s
[3473.019s][info ][safepoint      ] Safepoint "ParallelGCFailedAllocation", Time since last: 37679426851 ns, Reaching safepoint: 79701 ns, Cleanup: 4200 ns, At safepoint: 7945165 ns, Total: 8029066 ns
[3496.020s][info ][safepoint      ] Safepoint "Cleanup", Time since last: 23001681175 ns, Reaching safepoint: 5600 ns, Cleanup: 8800 ns, At safepoint: 2700 ns, Total: 17100 ns
[3518.022s][info ][safepoint      ] Safepoint "Cleanup", Time since last: 22001596227 ns, Reaching safepoint: 5500 ns, Cleanup: 10901 ns, At safepoint: 2000 ns, Total: 18401 ns
[3530.023s][info ][safepoint      ] Safepoint "Cleanup", Time since last: 12000899681 ns, Reaching safepoint: 6000 ns, Cleanup: 12200 ns, At safepoint: 21300 ns, Total: 39500 ns
[3546.024s][info ][safepoint      ] Safepoint "Cleanup", Time since last: 16001161940 ns, Reaching safepoint: 6600 ns, Cleanup: 9800 ns, At safepoint: 2700 ns, Total: 19100 ns
[3550.856s][info ][gc,start       ] GC(149) Pause Young (Allocation Failure)
[3550.861s][debug][gc,phases      ] GC(149) Scavenge 5.557ms
[3550.861s][debug][gc,ref         ] GC(149) ReferenceProcessor::execute queues: 1, RefProcThreadModel::Single, marks_oops_alive: false
[3550.861s][debug][gc,ref         ] GC(149) Skipped KeepAliveFinalRefsPhase of Reference Processing: no references
[3550.861s][debug][gc,ref         ] GC(149) ReferenceProcessor::execute queues: 1, RefProcThreadModel::Single, marks_oops_alive: false
[3550.861s][debug][gc,phases      ] GC(149) Reference Processing 0.093ms
[3550.862s][debug][gc,phases      ] GC(149)   VM Weak                        Min:  0.0, Avg:  0.0, Max:  0.0, Diff:  0.0, Sum:  0.0, Workers: 4
[3550.862s][debug][gc,phases      ] GC(149)     Dead                           Min: 0, Avg:  0.0, Max: 0, Diff: 0, Sum: 0, Workers: 4
[3550.862s][debug][gc,phases      ] GC(149)     Total                          Min: 0, Avg: 275.8, Max: 576, Diff: 576, Sum: 1103, Workers: 4
[3550.862s][debug][gc,phases      ] GC(149)   ObjectSynchronizer Weak        Min:  0.0, Avg:  0.0, Max:  0.0, Diff:  0.0, Sum:  0.0, Workers: 4
[3550.862s][debug][gc,phases      ] GC(149)     Dead                           Min: 0, Avg:  0.0, Max: 0, Diff: 0, Sum: 0, Workers: 4
[3550.862s][debug][gc,phases      ] GC(149)     Total                          Min: 0, Avg:  0.8, Max: 3, Diff: 3, Sum: 3, Workers: 4
[3550.862s][debug][gc,phases      ] GC(149)   JVMTI Tag Weak OopStorage      Min:  0.0, Avg:  0.0, Max:  0.0, Diff:  0.0, Sum:  0.0, Workers: 4
[3550.862s][debug][gc,phases      ] GC(149)     Dead                           Min: 0, Avg:  0.0, Max: 0, Diff: 0, Sum: 0, Workers: 4
[3550.862s][debug][gc,phases      ] GC(149)     Total                          Min: 0, Avg:  0.0, Max: 0, Diff: 0, Sum: 0, Workers: 4
[3550.862s][debug][gc,phases      ] GC(149)   StringTable Weak               Min:  0.0, Avg:  0.1, Max:  0.1, Diff:  0.1, Sum:  0.4, Workers: 4
[3550.862s][debug][gc,phases      ] GC(149)     Dead                           Min: 0, Avg:  0.0, Max: 0, Diff: 0, Sum: 0, Workers: 4
[3550.862s][debug][gc,phases      ] GC(149)     Total                          Min: 0, Avg: 11863.5, Max: 20222, Diff: 20222, Sum: 47454, Workers: 4
[3550.862s][debug][gc,phases      ] GC(149)   ResolvedMethodTable Weak       Min:  0.0, Avg:  0.0, Max:  0.0, Diff:  0.0, Sum:  0.1, Workers: 4
[3550.862s][debug][gc,phases      ] GC(149)     Dead                           Min: 0, Avg:  4.0, Max: 16, Diff: 16, Sum: 16, Workers: 4
[3550.862s][debug][gc,phases      ] GC(149)     Total                          Min: 0, Avg: 3967.8, Max: 6871, Diff: 6871, Sum: 15871, Workers: 4
[3550.862s][debug][gc,phases      ] GC(149)   JNI Weak                       Min:  0.0, Avg:  0.0, Max:  0.0, Diff:  0.0, Sum:  0.0, Workers: 4
[3550.862s][debug][gc,phases      ] GC(149)     Dead                           Min: 0, Avg:  0.0, Max: 0, Diff: 0, Sum: 0, Workers: 4
[3550.862s][debug][gc,phases      ] GC(149)     Total                          Min: 0, Avg: 13.0, Max: 52, Diff: 52, Sum: 52, Workers: 4
[3550.862s][debug][gc,phases      ] GC(149)   StringDedup Table Weak         Min:  0.0, Avg:  0.0, Max:  0.0, Diff:  0.0, Sum:  0.0, Workers: 4
[3550.862s][debug][gc,phases      ] GC(149)     Dead                           Min: 0, Avg:  0.0, Max: 0, Diff: 0, Sum: 0, Workers: 4
[3550.862s][debug][gc,phases      ] GC(149)     Total                          Min: 0, Avg:  0.0, Max: 0, Diff: 0, Sum: 0, Workers: 4
[3550.862s][debug][gc,phases      ] GC(149)   StringDedup Requests0 Weak     Min:  0.0, Avg:  0.0, Max:  0.0, Diff:  0.0, Sum:  0.0, Workers: 4
[3550.862s][debug][gc,phases      ] GC(149)     Dead                           Min: 0, Avg:  0.0, Max: 0, Diff: 0, Sum: 0, Workers: 4
[3550.862s][debug][gc,phases      ] GC(149)     Total                          Min: 0, Avg:  0.0, Max: 0, Diff: 0, Sum: 0, Workers: 4
[3550.862s][debug][gc,phases      ] GC(149)   StringDedup Requests1 Weak     Min:  0.0, Avg:  0.0, Max:  0.0, Diff:  0.0, Sum:  0.0, Workers: 4
[3550.862s][debug][gc,phases      ] GC(149)     Dead                           Min: 0, Avg:  0.0, Max: 0, Diff: 0, Sum: 0, Workers: 4
[3550.862s][debug][gc,phases      ] GC(149)     Total                          Min: 0, Avg:  0.0, Max: 0, Diff: 0, Sum: 0, Workers: 4
[3550.862s][debug][gc,phases      ] GC(149)   Weak JFR Old Object Samples    Min:  0.0, Avg:  0.0, Max:  0.0, Diff:  0.0, Sum:  0.0, Workers: 4
[3550.862s][debug][gc,phases      ] GC(149)     Dead                           Min: 0, Avg:  0.0, Max: 0, Diff: 0, Sum: 0, Workers: 4
[3550.862s][debug][gc,phases      ] GC(149)     Total                          Min: 0, Avg:  0.0, Max: 0, Diff: 0, Sum: 0, Workers: 4
[3550.862s][debug][gc,phases      ] GC(149) Weak Processing 0.363ms
[3550.862s][debug][gc,age         ] GC(149) Desired survivor size 45613056 bytes, new threshold 1 (max threshold 15)
[3550.862s][info ][gc,heap        ] GC(149) PSYoungGen: 2007522K(2051072K)->3168K(2050048K) Eden: 2003968K(2003968K)->0K(2003968K) From: 3554K(47104K)->3168K(46080K)
[3550.862s][info ][gc,heap        ] GC(149) ParOldGen: 1806359K(1806848K)->1807866K(1807872K)
[3550.862s][info ][gc,metaspace   ] GC(149) Metaspace: 110493K(111872K)->110493K(111872K) NonClass: 94001K(94784K)->94001K(94784K) Class: 16492K(17088K)->16492K(17088K)
[3550.862s][info ][gc             ] GC(149) Pause Young (Allocation Failure) 3724M->1768M(3767M) 6.157ms
[3550.862s][info ][gc,cpu         ] GC(149) User=0.02s Sys=0.00s Real=0.01s
[3550.862s][info ][safepoint      ] Safepoint "ParallelGCFailedAllocation", Time since last: 4831519003 ns, Reaching safepoint: 5800 ns, Cleanup: 4000 ns, At safepoint: 6223057 ns, Total: 6232857 ns
[3561.863s][info ][safepoint      ] Safepoint "Cleanup", Time since last: 11000821391 ns, Reaching safepoint: 82101 ns, Cleanup: 9500 ns, At safepoint: 6900 ns, Total: 98501 ns
[3563.863s][info ][safepoint      ] Safepoint "Cleanup", Time since last: 2000224964 ns, Reaching safepoint: 82401 ns, Cleanup: 8000 ns, At safepoint: 7600 ns, Total: 98001 ns
[3577.864s][info ][safepoint      ] Safepoint "Cleanup", Time since last: 14000958514 ns, Reaching safepoint: 4700 ns, Cleanup: 9300 ns, At safepoint: 1900 ns, Total: 15900 ns
[3583.865s][info ][safepoint      ] Safepoint "Cleanup", Time since last: 6000468188 ns, Reaching safepoint: 81501 ns, Cleanup: 9800 ns, At safepoint: 7500 ns, Total: 98801 ns
[3587.865s][info ][safepoint      ] Safepoint "Cleanup", Time since last: 4000315560 ns, Reaching safepoint: 75901 ns, Cleanup: 12300 ns, At safepoint: 4900 ns, Total: 93101 ns
[3590.872s][info ][safepoint      ] Safepoint "Cleanup", Time since last: 3005774199 ns, Reaching safepoint: 87601 ns, Cleanup: 20600 ns, At safepoint: 739105 ns, Total: 847306 ns
[3591.872s][info ][safepoint      ] Safepoint "Cleanup", Time since last: 1000131712 ns, Reaching safepoint: 5200 ns, Cleanup: 8300 ns, At safepoint: 2900 ns, Total: 16400 ns
[3600.501s][info ][gc,start       ] GC(150) Pause Young (Allocation Failure)
[3600.513s][debug][gc,phases      ] GC(150) Scavenge 12.432ms
[3600.513s][debug][gc,ref         ] GC(150) ReferenceProcessor::execute queues: 1, RefProcThreadModel::Single, marks_oops_alive: false
[3600.513s][debug][gc,ref         ] GC(150) Skipped KeepAliveFinalRefsPhase of Reference Processing: no references
[3600.513s][debug][gc,ref         ] GC(150) ReferenceProcessor::execute queues: 1, RefProcThreadModel::Single, marks_oops_alive: false
[3600.513s][debug][gc,phases      ] GC(150) Reference Processing 0.102ms
[3600.514s][debug][gc,phases      ] GC(150)   VM Weak                        Min:  0.0, Avg:  0.0, Max:  0.0, Diff:  0.0, Sum:  0.0, Workers: 4
[3600.514s][debug][gc,phases      ] GC(150)     Dead                           Min: 0, Avg:  0.0, Max: 0, Diff: 0, Sum: 0, Workers: 4
[3600.514s][debug][gc,phases      ] GC(150)     Total                          Min: 0, Avg: 275.8, Max: 911, Diff: 911, Sum: 1103, Workers: 4
[3600.514s][debug][gc,phases      ] GC(150)   ObjectSynchronizer Weak        Min:  0.0, Avg:  0.0, Max:  0.0, Diff:  0.0, Sum:  0.0, Workers: 4
[3600.514s][debug][gc,phases      ] GC(150)     Dead                           Min: 0, Avg:  0.0, Max: 0, Diff: 0, Sum: 0, Workers: 4
[3600.514s][debug][gc,phases      ] GC(150)     Total                          Min: 0, Avg:  1.5, Max: 6, Diff: 6, Sum: 6, Workers: 4
[3600.514s][debug][gc,phases      ] GC(150)   JVMTI Tag Weak OopStorage      Min:  0.0, Avg:  0.0, Max:  0.0, Diff:  0.0, Sum:  0.0, Workers: 4
[3600.514s][debug][gc,phases      ] GC(150)     Dead                           Min: 0, Avg:  0.0, Max: 0, Diff: 0, Sum: 0, Workers: 4
[3600.514s][debug][gc,phases      ] GC(150)     Total                          Min: 0, Avg:  0.0, Max: 0, Diff: 0, Sum: 0, Workers: 4
[3600.514s][debug][gc,phases      ] GC(150)   StringTable Weak               Min:  0.0, Avg:  0.1, Max:  0.1, Diff:  0.1, Sum:  0.4, Workers: 4
[3600.514s][debug][gc,phases      ] GC(150)     Dead                           Min: 0, Avg:  0.2, Max: 1, Diff: 1, Sum: 1, Workers: 4
[3600.514s][debug][gc,phases      ] GC(150)     Total                          Min: 0, Avg: 11864.2, Max: 20799, Diff: 20799, Sum: 47457, Workers: 4
[3600.514s][debug][gc,phases      ] GC(150)   ResolvedMethodTable Weak       Min:  0.0, Avg:  0.0, Max:  0.0, Diff:  0.0, Sum:  0.1, Workers: 4
[3600.514s][debug][gc,phases      ] GC(150)     Dead                           Min: 0, Avg:  4.0, Max: 16, Diff: 16, Sum: 16, Workers: 4
[3600.514s][debug][gc,phases      ] GC(150)     Total                          Min: 0, Avg: 3968.2, Max: 6795, Diff: 6795, Sum: 15873, Workers: 4
[3600.514s][debug][gc,phases      ] GC(150)   JNI Weak                       Min:  0.0, Avg:  0.0, Max:  0.0, Diff:  0.0, Sum:  0.0, Workers: 4
[3600.514s][debug][gc,phases      ] GC(150)     Dead                           Min: 0, Avg:  0.0, Max: 0, Diff: 0, Sum: 0, Workers: 4
[3600.514s][debug][gc,phases      ] GC(150)     Total                          Min: 0, Avg: 13.0, Max: 52, Diff: 52, Sum: 52, Workers: 4
[3600.514s][debug][gc,phases      ] GC(150)   StringDedup Table Weak         Min:  0.0, Avg:  0.0, Max:  0.0, Diff:  0.0, Sum:  0.0, Workers: 4
[3600.514s][debug][gc,phases      ] GC(150)     Dead                           Min: 0, Avg:  0.0, Max: 0, Diff: 0, Sum: 0, Workers: 4
[3600.514s][debug][gc,phases      ] GC(150)     Total                          Min: 0, Avg:  0.0, Max: 0, Diff: 0, Sum: 0, Workers: 4
[3600.514s][debug][gc,phases      ] GC(150)   StringDedup Requests0 Weak     Min:  0.0, Avg:  0.0, Max:  0.0, Diff:  0.0, Sum:  0.0, Workers: 4
[3600.514s][debug][gc,phases      ] GC(150)     Dead                           Min: 0, Avg:  0.0, Max: 0, Diff: 0, Sum: 0, Workers: 4
[3600.514s][debug][gc,phases      ] GC(150)     Total                          Min: 0, Avg:  0.0, Max: 0, Diff: 0, Sum: 0, Workers: 4
[3600.514s][debug][gc,phases      ] GC(150)   StringDedup Requests1 Weak     Min:  0.0, Avg:  0.0, Max:  0.0, Diff:  0.0, Sum:  0.0, Workers: 4
[3600.514s][debug][gc,phases      ] GC(150)     Dead                           Min: 0, Avg:  0.0, Max: 0, Diff: 0, Sum: 0, Workers: 4
[3600.514s][debug][gc,phases      ] GC(150)     Total                          Min: 0, Avg:  0.0, Max: 0, Diff: 0, Sum: 0, Workers: 4
[3600.514s][debug][gc,phases      ] GC(150)   Weak JFR Old Object Samples    Min:  0.0, Avg:  0.0, Max:  0.0, Diff:  0.0, Sum:  0.0, Workers: 4
[3600.514s][debug][gc,phases      ] GC(150)     Dead                           Min: 0, Avg:  0.0, Max: 0, Diff: 0, Sum: 0, Workers: 4
[3600.514s][debug][gc,phases      ] GC(150)     Total                          Min: 0, Avg:  0.0, Max: 0, Diff: 0, Sum: 0, Workers: 4
[3600.514s][debug][gc,phases      ] GC(150) Weak Processing 0.398ms
[3600.514s][debug][gc,age         ] GC(150) Desired survivor size 42991616 bytes, new threshold 1 (max threshold 15)
[3600.514s][info ][gc,heap        ] GC(150) PSYoungGen: 2007136K(2050048K)->13493K(2055168K) Eden: 2003968K(2003968K)->0K(2010624K) From: 3168K(46080K)->13493K(44544K)
[3600.514s][info ][gc,heap        ] GC(150) ParOldGen: 1807866K(1807872K)->1809186K(1809408K)
[3600.514s][info ][gc,metaspace   ] GC(150) Metaspace: 110523K(111936K)->110523K(111936K) NonClass: 94030K(94848K)->94030K(94848K) Class: 16493K(17088K)->16493K(17088K)
[3600.514s][info ][gc             ] GC(150) Pause Young (Allocation Failure) 3725M->1779M(3774M) 13.053ms
[3600.514s][info ][gc,cpu         ] GC(150) User=0.05s Sys=0.01s Real=0.01s
[3600.514s][info ][safepoint      ] Safepoint "ParallelGCFailedAllocation", Time since last: 8628654119 ns, Reaching safepoint: 83101 ns, Cleanup: 15100 ns, At safepoint: 13138202 ns, Total: 13236403 ns
[3602.384s][info ][safepoint      ] Safepoint "Cleanup", Time since last: 1870562907 ns, Reaching safepoint: 6200 ns, Cleanup: 9900 ns, At safepoint: 2800 ns, Total: 18900 ns
[3606.385s][info ][safepoint      ] Safepoint "Cleanup", Time since last: 4000309236 ns, Reaching safepoint: 5600 ns, Cleanup: 10601 ns, At safepoint: 2200 ns, Total: 18401 ns
[3607.385s][info ][safepoint      ] Safepoint "Cleanup", Time since last: 1000109883 ns, Reaching safepoint: 6500 ns, Cleanup: 10000 ns, At safepoint: 2800 ns, Total: 19300 ns
[3608.385s][info ][safepoint      ] Safepoint "Cleanup", Time since last: 1000075716 ns, Reaching safepoint: 79200 ns, Cleanup: 11500 ns, At safepoint: 6000 ns, Total: 96700 ns
[3611.385s][info ][safepoint      ] Safepoint "Cleanup", Time since last: 3000245847 ns, Reaching safepoint: 6300 ns, Cleanup: 12300 ns, At safepoint: 3000 ns, Total: 21600 ns
[3613.385s][info ][safepoint      ] Safepoint "Cleanup", Time since last: 2000183931 ns, Reaching safepoint: 6300 ns, Cleanup: 9100 ns, At safepoint: 3000 ns, Total: 18400 ns
[3614.386s][info ][safepoint      ] Safepoint "Cleanup", Time since last: 1000103116 ns, Reaching safepoint: 5300 ns, Cleanup: 9400 ns, At safepoint: 2800 ns, Total: 17500 ns
[3615.386s][info ][safepoint      ] Safepoint "Cleanup", Time since last: 1000176592 ns, Reaching safepoint: 7300 ns, Cleanup: 20400 ns, At safepoint: 3100 ns, Total: 30800 ns
[3617.388s][info ][safepoint      ] Safepoint "Cleanup", Time since last: 2002684763 ns, Reaching safepoint: 6800 ns, Cleanup: 9500 ns, At safepoint: 2900 ns, Total: 19200 ns
[3621.393s][info ][safepoint      ] Safepoint "Cleanup", Time since last: 4000309589 ns, Reaching safepoint: 4278031 ns, Cleanup: 14600 ns, At safepoint: 12701 ns, Total: 4305332 ns
[3622.393s][info ][safepoint      ] Safepoint "Cleanup", Time since last: 1000099722 ns, Reaching safepoint: 6500 ns, Cleanup: 12300 ns, At safepoint: 3000 ns, Total: 21800 ns
[3624.393s][info ][safepoint      ] Safepoint "Cleanup", Time since last: 2000169872 ns, Reaching safepoint: 7000 ns, Cleanup: 10000 ns, At safepoint: 2800 ns, Total: 19800 ns
[3626.966s][info ][gc,start       ] GC(151) Pause Young (Allocation Failure)
[3626.989s][debug][gc,phases      ] GC(151) Scavenge 22.371ms
[3626.989s][debug][gc,ref         ] GC(151) ReferenceProcessor::execute queues: 1, RefProcThreadModel::Single, marks_oops_alive: false
[3626.989s][debug][gc,ref         ] GC(151) Skipped KeepAliveFinalRefsPhase of Reference Processing: no references
[3626.989s][debug][gc,ref         ] GC(151) ReferenceProcessor::execute queues: 1, RefProcThreadModel::Single, marks_oops_alive: false
[3626.989s][debug][gc,phases      ] GC(151) Reference Processing 0.104ms
[3626.989s][debug][gc,phases      ] GC(151)   VM Weak                        Min:  0.0, Avg:  0.0, Max:  0.0, Diff:  0.0, Sum:  0.0, Workers: 4
[3626.989s][debug][gc,phases      ] GC(151)     Dead                           Min: 0, Avg:  0.0, Max: 0, Diff: 0, Sum: 0, Workers: 4
[3626.989s][debug][gc,phases      ] GC(151)     Total                          Min: 0, Avg: 275.8, Max: 768, Diff: 768, Sum: 1103, Workers: 4
[3626.989s][debug][gc,phases      ] GC(151)   ObjectSynchronizer Weak        Min:  0.0, Avg:  0.0, Max:  0.0, Diff:  0.0, Sum:  0.0, Workers: 4
[3626.989s][debug][gc,phases      ] GC(151)     Dead                           Min: 0, Avg:  0.0, Max: 0, Diff: 0, Sum: 0, Workers: 4
[3626.989s][debug][gc,phases      ] GC(151)     Total                          Min: 0, Avg:  1.5, Max: 6, Diff: 6, Sum: 6, Workers: 4
[3626.989s][debug][gc,phases      ] GC(151)   JVMTI Tag Weak OopStorage      Min:  0.0, Avg:  0.0, Max:  0.0, Diff:  0.0, Sum:  0.0, Workers: 4
[3626.989s][debug][gc,phases      ] GC(151)     Dead                           Min: 0, Avg:  0.0, Max: 0, Diff: 0, Sum: 0, Workers: 4
[3626.989s][debug][gc,phases      ] GC(151)     Total                          Min: 0, Avg:  0.0, Max: 0, Diff: 0, Sum: 0, Workers: 4
[3626.989s][debug][gc,phases      ] GC(151)   StringTable Weak               Min:  0.0, Avg:  0.1, Max:  0.2, Diff:  0.2, Sum:  0.5, Workers: 4
[3626.989s][debug][gc,phases      ] GC(151)     Dead                           Min: 0, Avg:  0.0, Max: 0, Diff: 0, Sum: 0, Workers: 4
[3626.989s][debug][gc,phases      ] GC(151)     Total                          Min: 0, Avg: 11865.0, Max: 16638, Diff: 16638, Sum: 47460, Workers: 4
[3626.989s][debug][gc,phases      ] GC(151)   ResolvedMethodTable Weak       Min:  0.0, Avg:  0.0, Max:  0.1, Diff:  0.1, Sum:  0.2, Workers: 4
[3626.989s][debug][gc,phases      ] GC(151)     Dead                           Min: 0, Avg:  6.0, Max: 24, Diff: 24, Sum: 24, Workers: 4
[3626.989s][debug][gc,phases      ] GC(151)     Total                          Min: 0, Avg: 3970.2, Max: 5421, Diff: 5421, Sum: 15881, Workers: 4
[3626.989s][debug][gc,phases      ] GC(151)   JNI Weak                       Min:  0.0, Avg:  0.0, Max:  0.0, Diff:  0.0, Sum:  0.0, Workers: 4
[3626.989s][debug][gc,phases      ] GC(151)     Dead                           Min: 0, Avg:  0.0, Max: 0, Diff: 0, Sum: 0, Workers: 4
[3626.989s][debug][gc,phases      ] GC(151)     Total                          Min: 0, Avg: 13.0, Max: 52, Diff: 52, Sum: 52, Workers: 4
[3626.989s][debug][gc,phases      ] GC(151)   StringDedup Table Weak         Min:  0.0, Avg:  0.0, Max:  0.0, Diff:  0.0, Sum:  0.0, Workers: 4
[3626.989s][debug][gc,phases      ] GC(151)     Dead                           Min: 0, Avg:  0.0, Max: 0, Diff: 0, Sum: 0, Workers: 4
[3626.989s][debug][gc,phases      ] GC(151)     Total                          Min: 0, Avg:  0.0, Max: 0, Diff: 0, Sum: 0, Workers: 4
[3626.989s][debug][gc,phases      ] GC(151)   StringDedup Requests0 Weak     Min:  0.0, Avg:  0.0, Max:  0.0, Diff:  0.0, Sum:  0.0, Workers: 4
[3626.989s][debug][gc,phases      ] GC(151)     Dead                           Min: 0, Avg:  0.0, Max: 0, Diff: 0, Sum: 0, Workers: 4
[3626.989s][debug][gc,phases      ] GC(151)     Total                          Min: 0, Avg:  0.0, Max: 0, Diff: 0, Sum: 0, Workers: 4
[3626.989s][debug][gc,phases      ] GC(151)   StringDedup Requests1 Weak     Min:  0.0, Avg:  0.0, Max:  0.0, Diff:  0.0, Sum:  0.0, Workers: 4
[3626.989s][debug][gc,phases      ] GC(151)     Dead                           Min: 0, Avg:  0.0, Max: 0, Diff: 0, Sum: 0, Workers: 4
[3626.989s][debug][gc,phases      ] GC(151)     Total                          Min: 0, Avg:  0.0, Max: 0, Diff: 0, Sum: 0, Workers: 4
[3626.989s][debug][gc,phases      ] GC(151)   Weak JFR Old Object Samples    Min:  0.0, Avg:  0.0, Max:  0.0, Diff:  0.0, Sum:  0.0, Workers: 4
[3626.989s][debug][gc,phases      ] GC(151)     Dead                           Min: 0, Avg:  0.0, Max: 0, Diff: 0, Sum: 0, Workers: 4
[3626.989s][debug][gc,phases      ] GC(151)     Total                          Min: 0, Avg:  0.0, Max: 0, Diff: 0, Sum: 0, Workers: 4
[3626.989s][debug][gc,phases      ] GC(151) Weak Processing 0.434ms
[3626.989s][debug][gc,age         ] GC(151) Desired survivor size 45088768 bytes, new threshold 1 (max threshold 15)
[3626.989s][info ][gc,heap        ] GC(151) PSYoungGen: 2024117K(2055168K)->27175K(2052608K) Eden: 2010624K(2010624K)->0K(2010624K) From: 13493K(44544K)->27175K(41984K)
[3626.989s][info ][gc,heap        ] GC(151) ParOldGen: 1809186K(1809408K)->1817761K(1818112K)
[3626.989s][info ][gc,metaspace   ] GC(151) Metaspace: 110541K(111936K)->110541K(111936K) NonClass: 94047K(94848K)->94047K(94848K) Class: 16493K(17088K)->16493K(17088K)
[3626.989s][info ][gc             ] GC(151) Pause Young (Allocation Failure) 3743M->1801M(3780M) 23.031ms
[3626.989s][info ][gc,cpu         ] GC(151) User=0.06s Sys=0.01s Real=0.02s
[3626.990s][info ][safepoint      ] Safepoint "ParallelGCFailedAllocation", Time since last: 2572591349 ns, Reaching safepoint: 81000 ns, Cleanup: 3800 ns, At safepoint: 24130683 ns, Total: 24215483 ns
[3631.991s][info ][safepoint      ] Safepoint "Cleanup", Time since last: 5000539156 ns, Reaching safepoint: 5600 ns, Cleanup: 10000 ns, At safepoint: 2400 ns, Total: 18000 ns
[3646.992s][info ][safepoint      ] Safepoint "Cleanup", Time since last: 15001125056 ns, Reaching safepoint: 6100 ns, Cleanup: 9600 ns, At safepoint: 2700 ns, Total: 18400 ns
[3648.992s][info ][safepoint      ] Safepoint "Cleanup", Time since last: 2000166879 ns, Reaching safepoint: 5500 ns, Cleanup: 8200 ns, At safepoint: 2600 ns, Total: 16300 ns
[3652.992s][info ][safepoint      ] Safepoint "Cleanup", Time since last: 4000305877 ns, Reaching safepoint: 5900 ns, Cleanup: 9200 ns, At safepoint: 17900 ns, Total: 33000 ns
[3655.993s][info ][safepoint      ] Safepoint "Cleanup", Time since last: 3000229356 ns, Reaching safepoint: 5100 ns, Cleanup: 8800 ns, At safepoint: 2600 ns, Total: 16500 ns
[3656.993s][info ][safepoint      ] Safepoint "Cleanup", Time since last: 1000100187 ns, Reaching safepoint: 6101 ns, Cleanup: 12900 ns, At safepoint: 2700 ns, Total: 21701 ns
[3659.993s][info ][safepoint      ] Safepoint "Cleanup", Time since last: 3000244662 ns, Reaching safepoint: 5900 ns, Cleanup: 11800 ns, At safepoint: 2900 ns, Total: 20600 ns
[3668.405s][info ][safepoint      ] Safepoint "Cleanup", Time since last: 8412391564 ns, Reaching safepoint: 5800 ns, Cleanup: 8300 ns, At safepoint: 2300 ns, Total: 16400 ns
[3669.406s][info ][safepoint      ] Safepoint "Cleanup", Time since last: 1000099689 ns, Reaching safepoint: 5300 ns, Cleanup: 10800 ns, At safepoint: 2200 ns, Total: 18300 ns
[3670.406s][info ][safepoint      ] Safepoint "Cleanup", Time since last: 1000096388 ns, Reaching safepoint: 6600 ns, Cleanup: 11701 ns, At safepoint: 2800 ns, Total: 21101 ns
[3672.560s][info ][gc,start       ] GC(152) Pause Young (Allocation Failure)
[3672.577s][debug][gc,phases      ] GC(152) Scavenge 16.172ms
[3672.577s][debug][gc,ref         ] GC(152) ReferenceProcessor::execute queues: 1, RefProcThreadModel::Single, marks_oops_alive: false
[3672.577s][debug][gc,ref         ] GC(152) Skipped KeepAliveFinalRefsPhase of Reference Processing: no references
[3672.577s][debug][gc,ref         ] GC(152) ReferenceProcessor::execute queues: 1, RefProcThreadModel::Single, marks_oops_alive: false
[3672.577s][debug][gc,phases      ] GC(152) Reference Processing 0.098ms
[3672.577s][debug][gc,phases      ] GC(152)   VM Weak                        Min:  0.0, Avg:  0.0, Max:  0.0, Diff:  0.0, Sum:  0.0, Workers: 4
[3672.577s][debug][gc,phases      ] GC(152)     Dead                           Min: 0, Avg:  0.0, Max: 0, Diff: 0, Sum: 0, Workers: 4
[3672.577s][debug][gc,phases      ] GC(152)     Total                          Min: 0, Avg: 276.8, Max: 704, Diff: 704, Sum: 1107, Workers: 4
[3672.577s][debug][gc,phases      ] GC(152)   ObjectSynchronizer Weak        Min:  0.0, Avg:  0.0, Max:  0.0, Diff:  0.0, Sum:  0.0, Workers: 4
[3672.577s][debug][gc,phases      ] GC(152)     Dead                           Min: 0, Avg:  0.0, Max: 0, Diff: 0, Sum: 0, Workers: 4
[3672.577s][debug][gc,phases      ] GC(152)     Total                          Min: 0, Avg:  1.5, Max: 6, Diff: 6, Sum: 6, Workers: 4
[3672.577s][debug][gc,phases      ] GC(152)   JVMTI Tag Weak OopStorage      Min:  0.0, Avg:  0.0, Max:  0.0, Diff:  0.0, Sum:  0.0, Workers: 4
[3672.577s][debug][gc,phases      ] GC(152)     Dead                           Min: 0, Avg:  0.0, Max: 0, Diff: 0, Sum: 0, Workers: 4
[3672.577s][debug][gc,phases      ] GC(152)     Total                          Min: 0, Avg:  0.0, Max: 0, Diff: 0, Sum: 0, Workers: 4
[3672.577s][debug][gc,phases      ] GC(152)   StringTable Weak               Min:  0.0, Avg:  0.1, Max:  0.1, Diff:  0.1, Sum:  0.4, Workers: 4
[3672.577s][debug][gc,phases      ] GC(152)     Dead                           Min: 0, Avg:  0.2, Max: 1, Diff: 1, Sum: 1, Workers: 4
[3672.577s][debug][gc,phases      ] GC(152)     Total                          Min: 0, Avg: 11865.5, Max: 19944, Diff: 19944, Sum: 47462, Workers: 4
[3672.577s][debug][gc,phases      ] GC(152)   ResolvedMethodTable Weak       Min:  0.0, Avg:  0.0, Max:  0.0, Diff:  0.0, Sum:  0.1, Workers: 4
[3672.577s][debug][gc,phases      ] GC(152)     Dead                           Min: 0, Avg:  4.2, Max: 10, Diff: 10, Sum: 17, Workers: 4
[3672.577s][debug][gc,phases      ] GC(152)     Total                          Min: 0, Avg: 3973.2, Max: 6577, Diff: 6577, Sum: 15893, Workers: 4
[3672.577s][debug][gc,phases      ] GC(152)   JNI Weak                       Min:  0.0, Avg:  0.0, Max:  0.0, Diff:  0.0, Sum:  0.0, Workers: 4
[3672.577s][debug][gc,phases      ] GC(152)     Dead                           Min: 0, Avg:  0.0, Max: 0, Diff: 0, Sum: 0, Workers: 4
[3672.577s][debug][gc,phases      ] GC(152)     Total                          Min: 0, Avg: 13.0, Max: 52, Diff: 52, Sum: 52, Workers: 4
[3672.577s][debug][gc,phases      ] GC(152)   StringDedup Table Weak         Min:  0.0, Avg:  0.0, Max:  0.0, Diff:  0.0, Sum:  0.0, Workers: 4
[3672.577s][debug][gc,phases      ] GC(152)     Dead                           Min: 0, Avg:  0.0, Max: 0, Diff: 0, Sum: 0, Workers: 4
[3672.577s][debug][gc,phases      ] GC(152)     Total                          Min: 0, Avg:  0.0, Max: 0, Diff: 0, Sum: 0, Workers: 4
[3672.577s][debug][gc,phases      ] GC(152)   StringDedup Requests0 Weak     Min:  0.0, Avg:  0.0, Max:  0.0, Diff:  0.0, Sum:  0.0, Workers: 4
[3672.577s][debug][gc,phases      ] GC(152)     Dead                           Min: 0, Avg:  0.0, Max: 0, Diff: 0, Sum: 0, Workers: 4
[3672.577s][debug][gc,phases      ] GC(152)     Total                          Min: 0, Avg:  0.0, Max: 0, Diff: 0, Sum: 0, Workers: 4
[3672.577s][debug][gc,phases      ] GC(152)   StringDedup Requests1 Weak     Min:  0.0, Avg:  0.0, Max:  0.0, Diff:  0.0, Sum:  0.0, Workers: 4
[3672.577s][debug][gc,phases      ] GC(152)     Dead                           Min: 0, Avg:  0.0, Max: 0, Diff: 0, Sum: 0, Workers: 4
[3672.577s][debug][gc,phases      ] GC(152)     Total                          Min: 0, Avg:  0.0, Max: 0, Diff: 0, Sum: 0, Workers: 4
[3672.577s][debug][gc,phases      ] GC(152)   Weak JFR Old Object Samples    Min:  0.0, Avg:  0.0, Max:  0.0, Diff:  0.0, Sum:  0.0, Workers: 4
[3672.577s][debug][gc,phases      ] GC(152)     Dead                           Min: 0, Avg:  0.0, Max: 0, Diff: 0, Sum: 0, Workers: 4
[3672.577s][debug][gc,phases      ] GC(152)     Total                          Min: 0, Avg:  0.0, Max: 0, Diff: 0, Sum: 0, Workers: 4
[3672.577s][debug][gc,phases      ] GC(152) Weak Processing 0.371ms
[3672.577s][debug][gc,age         ] GC(152) Desired survivor size 43515904 bytes, new threshold 1 (max threshold 15)
[3672.577s][info ][gc,heap        ] GC(152) PSYoungGen: 2037799K(2052608K)->6567K(2054656K) Eden: 2010624K(2010624K)->0K(2010624K) From: 27175K(41984K)->6567K(44032K)
[3672.577s][info ][gc,heap        ] GC(152) ParOldGen: 1817761K(1818112K)->1834126K(1834496K)
[3672.577s][info ][gc,metaspace   ] GC(152) Metaspace: 110563K(111936K)->110563K(111936K) NonClass: 94066K(94848K)->94066K(94848K) Class: 16496K(17088K)->16496K(17088K)
[3672.577s][info ][gc             ] GC(152) Pause Young (Allocation Failure) 3765M->1797M(3798M) 16.761ms
[3672.577s][info ][gc,cpu         ] GC(152) User=0.04s Sys=0.01s Real=0.01s
[3672.577s][info ][safepoint      ] Safepoint "ParallelGCFailedAllocation", Time since last: 2154658961 ns, Reaching safepoint: 5800 ns, Cleanup: 4200 ns, At safepoint: 16834805 ns, Total: 16844805 ns
[3689.578s][info ][safepoint      ] Safepoint "Cleanup", Time since last: 17001221521 ns, Reaching safepoint: 5900 ns, Cleanup: 10100 ns, At safepoint: 2700 ns, Total: 18700 ns
[3691.579s][info ][safepoint      ] Safepoint "Cleanup", Time since last: 2000173250 ns, Reaching safepoint: 5600 ns, Cleanup: 8700 ns, At safepoint: 2900 ns, Total: 17200 ns
[3692.579s][info ][safepoint      ] Safepoint "Cleanup", Time since last: 1000110626 ns, Reaching safepoint: 5800 ns, Cleanup: 9800 ns, At safepoint: 3000 ns, Total: 18600 ns
[3696.579s][info ][safepoint      ] Safepoint "Cleanup", Time since last: 4000312987 ns, Reaching safepoint: 5801 ns, Cleanup: 9100 ns, At safepoint: 2200 ns, Total: 17101 ns
[3705.580s][info ][safepoint      ] Safepoint "Cleanup", Time since last: 9000683769 ns, Reaching safepoint: 6100 ns, Cleanup: 10200 ns, At safepoint: 2900 ns, Total: 19200 ns
[3708.011s][info ][gc,start       ] GC(153) Pause Young (Allocation Failure)
[3708.026s][debug][gc,phases      ] GC(153) Scavenge 15.147ms
[3708.026s][debug][gc,ref         ] GC(153) ReferenceProcessor::execute queues: 1, RefProcThreadModel::Single, marks_oops_alive: false
[3708.026s][debug][gc,ref         ] GC(153) Skipped KeepAliveFinalRefsPhase of Reference Processing: no references
[3708.026s][debug][gc,ref         ] GC(153) ReferenceProcessor::execute queues: 1, RefProcThreadModel::Single, marks_oops_alive: false
[3708.026s][debug][gc,phases      ] GC(153) Reference Processing 0.094ms
[3708.027s][debug][gc,phases      ] GC(153)   VM Weak                        Min:  0.0, Avg:  0.0, Max:  0.0, Diff:  0.0, Sum:  0.0, Workers: 4
[3708.027s][debug][gc,phases      ] GC(153)     Dead                           Min: 0, Avg:  0.0, Max: 0, Diff: 0, Sum: 0, Workers: 4
[3708.027s][debug][gc,phases      ] GC(153)     Total                          Min: 0, Avg: 276.8, Max: 576, Diff: 576, Sum: 1107, Workers: 4
[3708.027s][debug][gc,phases      ] GC(153)   ObjectSynchronizer Weak        Min:  0.0, Avg:  0.0, Max:  0.0, Diff:  0.0, Sum:  0.0, Workers: 4
[3708.027s][debug][gc,phases      ] GC(153)     Dead                           Min: 0, Avg:  0.0, Max: 0, Diff: 0, Sum: 0, Workers: 4
[3708.027s][debug][gc,phases      ] GC(153)     Total                          Min: 0, Avg:  1.5, Max: 6, Diff: 6, Sum: 6, Workers: 4
[3708.027s][debug][gc,phases      ] GC(153)   JVMTI Tag Weak OopStorage      Min:  0.0, Avg:  0.0, Max:  0.0, Diff:  0.0, Sum:  0.0, Workers: 4
[3708.027s][debug][gc,phases      ] GC(153)     Dead                           Min: 0, Avg:  0.0, Max: 0, Diff: 0, Sum: 0, Workers: 4
[3708.027s][debug][gc,phases      ] GC(153)     Total                          Min: 0, Avg:  0.0, Max: 0, Diff: 0, Sum: 0, Workers: 4
[3708.027s][debug][gc,phases      ] GC(153)   StringTable Weak               Min:  0.0, Avg:  0.1, Max:  0.1, Diff:  0.1, Sum:  0.4, Workers: 4
[3708.027s][debug][gc,phases      ] GC(153)     Dead                           Min: 0, Avg:  0.0, Max: 0, Diff: 0, Sum: 0, Workers: 4
[3708.027s][debug][gc,phases      ] GC(153)     Total                          Min: 0, Avg: 11865.8, Max: 20351, Diff: 20351, Sum: 47463, Workers: 4
[3708.027s][debug][gc,phases      ] GC(153)   ResolvedMethodTable Weak       Min:  0.0, Avg:  0.0, Max:  0.0, Diff:  0.0, Sum:  0.1, Workers: 4
[3708.027s][debug][gc,phases      ] GC(153)     Dead                           Min: 0, Avg:  4.0, Max: 13, Diff: 13, Sum: 16, Workers: 4
[3708.027s][debug][gc,phases      ] GC(153)     Total                          Min: 0, Avg: 3973.8, Max: 6881, Diff: 6881, Sum: 15895, Workers: 4
[3708.027s][debug][gc,phases      ] GC(153)   JNI Weak                       Min:  0.0, Avg:  0.0, Max:  0.0, Diff:  0.0, Sum:  0.0, Workers: 4
[3708.027s][debug][gc,phases      ] GC(153)     Dead                           Min: 0, Avg:  0.0, Max: 0, Diff: 0, Sum: 0, Workers: 4
[3708.027s][debug][gc,phases      ] GC(153)     Total                          Min: 0, Avg: 13.0, Max: 52, Diff: 52, Sum: 52, Workers: 4
[3708.027s][debug][gc,phases      ] GC(153)   StringDedup Table Weak         Min:  0.0, Avg:  0.0, Max:  0.0, Diff:  0.0, Sum:  0.0, Workers: 4
[3708.027s][debug][gc,phases      ] GC(153)     Dead                           Min: 0, Avg:  0.0, Max: 0, Diff: 0, Sum: 0, Workers: 4
[3708.027s][debug][gc,phases      ] GC(153)     Total                          Min: 0, Avg:  0.0, Max: 0, Diff: 0, Sum: 0, Workers: 4
[3708.027s][debug][gc,phases      ] GC(153)   StringDedup Requests0 Weak     Min:  0.0, Avg:  0.0, Max:  0.0, Diff:  0.0, Sum:  0.0, Workers: 4
[3708.027s][debug][gc,phases      ] GC(153)     Dead                           Min: 0, Avg:  0.0, Max: 0, Diff: 0, Sum: 0, Workers: 4
[3708.027s][debug][gc,phases      ] GC(153)     Total                          Min: 0, Avg:  0.0, Max: 0, Diff: 0, Sum: 0, Workers: 4
[3708.027s][debug][gc,phases      ] GC(153)   StringDedup Requests1 Weak     Min:  0.0, Avg:  0.0, Max:  0.0, Diff:  0.0, Sum:  0.0, Workers: 4
[3708.027s][debug][gc,phases      ] GC(153)     Dead                           Min: 0, Avg:  0.0, Max: 0, Diff: 0, Sum: 0, Workers: 4
[3708.027s][debug][gc,phases      ] GC(153)     Total                          Min: 0, Avg:  0.0, Max: 0, Diff: 0, Sum: 0, Workers: 4
[3708.027s][debug][gc,phases      ] GC(153)   Weak JFR Old Object Samples    Min:  0.0, Avg:  0.0, Max:  0.0, Diff:  0.0, Sum:  0.0, Workers: 4
[3708.027s][debug][gc,phases      ] GC(153)     Dead                           Min: 0, Avg:  0.0, Max: 0, Diff: 0, Sum: 0, Workers: 4
[3708.027s][debug][gc,phases      ] GC(153)     Total                          Min: 0, Avg:  0.0, Max: 0, Diff: 0, Sum: 0, Workers: 4
[3708.027s][debug][gc,phases      ] GC(153) Weak Processing 0.346ms
[3708.027s][debug][gc,age         ] GC(153) Desired survivor size 40894464 bytes, new threshold 1 (max threshold 15)
[3708.027s][info ][gc,heap        ] GC(153) PSYoungGen: 2017191K(2054656K)->15004K(2053120K) Eden: 2010624K(2010624K)->0K(2010624K) From: 6567K(44032K)->15004K(42496K)
[3708.027s][info ][gc,heap        ] GC(153) ParOldGen: 1834126K(1834496K)->1836270K(1836544K)
[3708.027s][info ][gc,metaspace   ] GC(153) Metaspace: 110574K(111936K)->110574K(111936K) NonClass: 94077K(94848K)->94077K(94848K) Class: 16497K(17088K)->16497K(17088K)
[3708.027s][info ][gc             ] GC(153) Pause Young (Allocation Failure) 3761M->1807M(3798M) 15.700ms
[3708.027s][info ][gc,cpu         ] GC(153) User=0.05s Sys=0.01s Real=0.01s
[3708.027s][info ][safepoint      ] Safepoint "ParallelGCFailedAllocation", Time since last: 2431114713 ns, Reaching safepoint: 84701 ns, Cleanup: 4600 ns, At safepoint: 15772209 ns, Total: 15861510 ns
[3712.027s][info ][safepoint      ] Safepoint "Cleanup", Time since last: 4000307059 ns, Reaching safepoint: 5700 ns, Cleanup: 8900 ns, At safepoint: 3301 ns, Total: 17901 ns
[3723.427s][info ][safepoint      ] Safepoint "Cleanup", Time since last: 11400202802 ns, Reaching safepoint: 7100 ns, Cleanup: 10600 ns, At safepoint: 2700 ns, Total: 20400 ns
[3729.428s][info ][safepoint      ] Safepoint "Cleanup", Time since last: 6000475762 ns, Reaching safepoint: 5700 ns, Cleanup: 9600 ns, At safepoint: 2900 ns, Total: 18200 ns
[3733.428s][info ][safepoint      ] Safepoint "Cleanup", Time since last: 4000329964 ns, Reaching safepoint: 5800 ns, Cleanup: 9200 ns, At safepoint: 2400 ns, Total: 17400 ns
[3745.716s][info ][gc,start       ] GC(154) Pause Young (Allocation Failure)
[3745.733s][debug][gc,phases      ] GC(154) Scavenge 17.563ms
[3745.733s][debug][gc,ref         ] GC(154) ReferenceProcessor::execute queues: 1, RefProcThreadModel::Single, marks_oops_alive: false
[3745.733s][debug][gc,ref         ] GC(154) Skipped KeepAliveFinalRefsPhase of Reference Processing: no references
[3745.733s][debug][gc,ref         ] GC(154) ReferenceProcessor::execute queues: 1, RefProcThreadModel::Single, marks_oops_alive: false
[3745.733s][debug][gc,phases      ] GC(154) Reference Processing 0.099ms
[3745.734s][debug][gc,phases      ] GC(154)   VM Weak                        Min:  0.0, Avg:  0.0, Max:  0.0, Diff:  0.0, Sum:  0.0, Workers: 4
[3745.734s][debug][gc,phases      ] GC(154)     Dead                           Min: 0, Avg:  0.0, Max: 0, Diff: 0, Sum: 0, Workers: 4
[3745.734s][debug][gc,phases      ] GC(154)     Total                          Min: 0, Avg: 276.8, Max: 659, Diff: 659, Sum: 1107, Workers: 4
[3745.734s][debug][gc,phases      ] GC(154)   ObjectSynchronizer Weak        Min:  0.0, Avg:  0.0, Max:  0.0, Diff:  0.0, Sum:  0.0, Workers: 4
[3745.734s][debug][gc,phases      ] GC(154)     Dead                           Min: 0, Avg:  0.0, Max: 0, Diff: 0, Sum: 0, Workers: 4
[3745.734s][debug][gc,phases      ] GC(154)     Total                          Min: 0, Avg:  1.5, Max: 6, Diff: 6, Sum: 6, Workers: 4
[3745.734s][debug][gc,phases      ] GC(154)   JVMTI Tag Weak OopStorage      Min:  0.0, Avg:  0.0, Max:  0.0, Diff:  0.0, Sum:  0.0, Workers: 4
[3745.734s][debug][gc,phases      ] GC(154)     Dead                           Min: 0, Avg:  0.0, Max: 0, Diff: 0, Sum: 0, Workers: 4
[3745.734s][debug][gc,phases      ] GC(154)     Total                          Min: 0, Avg:  0.0, Max: 0, Diff: 0, Sum: 0, Workers: 4
[3745.734s][debug][gc,phases      ] GC(154)   StringTable Weak               Min:  0.0, Avg:  0.1, Max:  0.1, Diff:  0.1, Sum:  0.4, Workers: 4
[3745.734s][debug][gc,phases      ] GC(154)     Dead                           Min: 0, Avg:  0.0, Max: 0, Diff: 0, Sum: 0, Workers: 4
[3745.734s][debug][gc,phases      ] GC(154)     Total                          Min: 0, Avg: 11865.8, Max: 20200, Diff: 20200, Sum: 47463, Workers: 4
[3745.734s][debug][gc,phases      ] GC(154)   ResolvedMethodTable Weak       Min:  0.0, Avg:  0.0, Max:  0.0, Diff:  0.0, Sum:  0.1, Workers: 4
[3745.734s][debug][gc,phases      ] GC(154)     Dead                           Min: 0, Avg:  4.0, Max: 9, Diff: 9, Sum: 16, Workers: 4
[3745.734s][debug][gc,phases      ] GC(154)     Total                          Min: 0, Avg: 3973.8, Max: 6652, Diff: 6652, Sum: 15895, Workers: 4
[3745.734s][debug][gc,phases      ] GC(154)   JNI Weak                       Min:  0.0, Avg:  0.0, Max:  0.0, Diff:  0.0, Sum:  0.0, Workers: 4
[3745.734s][debug][gc,phases      ] GC(154)     Dead                           Min: 0, Avg:  0.0, Max: 0, Diff: 0, Sum: 0, Workers: 4
[3745.734s][debug][gc,phases      ] GC(154)     Total                          Min: 0, Avg: 13.0, Max: 52, Diff: 52, Sum: 52, Workers: 4
[3745.734s][debug][gc,phases      ] GC(154)   StringDedup Table Weak         Min:  0.0, Avg:  0.0, Max:  0.0, Diff:  0.0, Sum:  0.0, Workers: 4
[3745.734s][debug][gc,phases      ] GC(154)     Dead                           Min: 0, Avg:  0.0, Max: 0, Diff: 0, Sum: 0, Workers: 4
[3745.734s][debug][gc,phases      ] GC(154)     Total                          Min: 0, Avg:  0.0, Max: 0, Diff: 0, Sum: 0, Workers: 4
[3745.734s][debug][gc,phases      ] GC(154)   StringDedup Requests0 Weak     Min:  0.0, Avg:  0.0, Max:  0.0, Diff:  0.0, Sum:  0.0, Workers: 4
[3745.734s][debug][gc,phases      ] GC(154)     Dead                           Min: 0, Avg:  0.0, Max: 0, Diff: 0, Sum: 0, Workers: 4
[3745.734s][debug][gc,phases      ] GC(154)     Total                          Min: 0, Avg:  0.0, Max: 0, Diff: 0, Sum: 0, Workers: 4
[3745.734s][debug][gc,phases      ] GC(154)   StringDedup Requests1 Weak     Min:  0.0, Avg:  0.0, Max:  0.0, Diff:  0.0, Sum:  0.0, Workers: 4
[3745.734s][debug][gc,phases      ] GC(154)     Dead                           Min: 0, Avg:  0.0, Max: 0, Diff: 0, Sum: 0, Workers: 4
[3745.734s][debug][gc,phases      ] GC(154)     Total                          Min: 0, Avg:  0.0, Max: 0, Diff: 0, Sum: 0, Workers: 4
[3745.734s][debug][gc,phases      ] GC(154)   Weak JFR Old Object Samples    Min:  0.0, Avg:  0.0, Max:  0.0, Diff:  0.0, Sum:  0.0, Workers: 4
[3745.734s][debug][gc,phases      ] GC(154)     Dead                           Min: 0, Avg:  0.0, Max: 0, Diff: 0, Sum: 0, Workers: 4
[3745.734s][debug][gc,phases      ] GC(154)     Total                          Min: 0, Avg:  0.0, Max: 0, Diff: 0, Sum: 0, Workers: 4
[3745.734s][debug][gc,phases      ] GC(154) Weak Processing 0.353ms
[3745.734s][debug][gc,age         ] GC(154) Desired survivor size 39321600 bytes, new threshold 1 (max threshold 15)
[3745.734s][info ][gc,heap        ] GC(154) PSYoungGen: 2025628K(2053120K)->16254K(2058752K) Eden: 2010624K(2010624K)->0K(2018816K) From: 15004K(42496K)->16254K(39936K)
[3745.734s][info ][gc,heap        ] GC(154) ParOldGen: 1836270K(1836544K)->1847230K(1847296K)
[3745.734s][info ][gc,metaspace   ] GC(154) Metaspace: 110579K(111936K)->110579K(111936K) NonClass: 94082K(94848K)->94082K(94848K) Class: 16497K(17088K)->16497K(17088K)
[3745.734s][info ][gc             ] GC(154) Pause Young (Allocation Failure) 3771M->1819M(3814M) 18.126ms
[3745.734s][info ][gc,cpu         ] GC(154) User=0.05s Sys=0.01s Real=0.02s
[3745.734s][info ][safepoint      ] Safepoint "ParallelGCFailedAllocation", Time since last: 12287420676 ns, Reaching safepoint: 5800 ns, Cleanup: 3800 ns, At safepoint: 18210030 ns, Total: 18219630 ns
[3754.734s][info ][safepoint      ] Safepoint "Cleanup", Time since last: 9000661501 ns, Reaching safepoint: 6700 ns, Cleanup: 10200 ns, At safepoint: 2400 ns, Total: 19300 ns
[3776.736s][info ][safepoint      ] Safepoint "Cleanup", Time since last: 22001586041 ns, Reaching safepoint: 6000 ns, Cleanup: 9100 ns, At safepoint: 25900 ns, Total: 41000 ns
[3778.736s][info ][safepoint      ] Safepoint "Cleanup", Time since last: 2000165214 ns, Reaching safepoint: 5400 ns, Cleanup: 10700 ns, At safepoint: 2200 ns, Total: 18300 ns
[3788.167s][info ][gc,start       ] GC(155) Pause Young (Allocation Failure)
[3788.183s][debug][gc,phases      ] GC(155) Scavenge 16.746ms
[3788.184s][debug][gc,ref         ] GC(155) ReferenceProcessor::execute queues: 1, RefProcThreadModel::Single, marks_oops_alive: false
[3788.184s][debug][gc,ref         ] GC(155) Skipped KeepAliveFinalRefsPhase of Reference Processing: no references
[3788.184s][debug][gc,ref         ] GC(155) Skipped PhantomRefsPhase of Reference Processing: no references
[3788.184s][debug][gc,phases      ] GC(155) Reference Processing 0.091ms
[3788.184s][debug][gc,phases      ] GC(155)   VM Weak                        Min:  0.0, Avg:  0.0, Max:  0.0, Diff:  0.0, Sum:  0.0, Workers: 4
[3788.184s][debug][gc,phases      ] GC(155)     Dead                           Min: 0, Avg:  0.0, Max: 0, Diff: 0, Sum: 0, Workers: 4
[3788.184s][debug][gc,phases      ] GC(155)     Total                          Min: 0, Avg: 276.8, Max: 531, Diff: 531, Sum: 1107, Workers: 4
[3788.184s][debug][gc,phases      ] GC(155)   ObjectSynchronizer Weak        Min:  0.0, Avg:  0.0, Max:  0.0, Diff:  0.0, Sum:  0.0, Workers: 4
[3788.184s][debug][gc,phases      ] GC(155)     Dead                           Min: 0, Avg:  0.0, Max: 0, Diff: 0, Sum: 0, Workers: 4
[3788.184s][debug][gc,phases      ] GC(155)     Total                          Min: 0, Avg:  1.0, Max: 4, Diff: 4, Sum: 4, Workers: 4
[3788.184s][debug][gc,phases      ] GC(155)   JVMTI Tag Weak OopStorage      Min:  0.0, Avg:  0.0, Max:  0.0, Diff:  0.0, Sum:  0.0, Workers: 4
[3788.184s][debug][gc,phases      ] GC(155)     Dead                           Min: 0, Avg:  0.0, Max: 0, Diff: 0, Sum: 0, Workers: 4
[3788.184s][debug][gc,phases      ] GC(155)     Total                          Min: 0, Avg:  0.0, Max: 0, Diff: 0, Sum: 0, Workers: 4
[3788.184s][debug][gc,phases      ] GC(155)   StringTable Weak               Min:  0.0, Avg:  0.1, Max:  0.1, Diff:  0.1, Sum:  0.4, Workers: 4
[3788.184s][debug][gc,phases      ] GC(155)     Dead                           Min: 0, Avg:  0.0, Max: 0, Diff: 0, Sum: 0, Workers: 4
[3788.184s][debug][gc,phases      ] GC(155)     Total                          Min: 0, Avg: 11865.8, Max: 20713, Diff: 20713, Sum: 47463, Workers: 4
[3788.184s][debug][gc,phases      ] GC(155)   ResolvedMethodTable Weak       Min:  0.0, Avg:  0.0, Max:  0.0, Diff:  0.0, Sum:  0.1, Workers: 4
[3788.184s][debug][gc,phases      ] GC(155)     Dead                           Min: 0, Avg:  4.0, Max: 16, Diff: 16, Sum: 16, Workers: 4
[3788.184s][debug][gc,phases      ] GC(155)     Total                          Min: 0, Avg: 3973.8, Max: 6804, Diff: 6804, Sum: 15895, Workers: 4
[3788.184s][debug][gc,phases      ] GC(155)   JNI Weak                       Min:  0.0, Avg:  0.0, Max:  0.0, Diff:  0.0, Sum:  0.0, Workers: 4
[3788.184s][debug][gc,phases      ] GC(155)     Dead                           Min: 0, Avg:  0.0, Max: 0, Diff: 0, Sum: 0, Workers: 4
[3788.184s][debug][gc,phases      ] GC(155)     Total                          Min: 0, Avg: 13.0, Max: 52, Diff: 52, Sum: 52, Workers: 4
[3788.184s][debug][gc,phases      ] GC(155)   StringDedup Table Weak         Min:  0.0, Avg:  0.0, Max:  0.0, Diff:  0.0, Sum:  0.0, Workers: 4
[3788.184s][debug][gc,phases      ] GC(155)     Dead                           Min: 0, Avg:  0.0, Max: 0, Diff: 0, Sum: 0, Workers: 4
[3788.184s][debug][gc,phases      ] GC(155)     Total                          Min: 0, Avg:  0.0, Max: 0, Diff: 0, Sum: 0, Workers: 4
[3788.184s][debug][gc,phases      ] GC(155)   StringDedup Requests0 Weak     Min:  0.0, Avg:  0.0, Max:  0.0, Diff:  0.0, Sum:  0.0, Workers: 4
[3788.184s][debug][gc,phases      ] GC(155)     Dead                           Min: 0, Avg:  0.0, Max: 0, Diff: 0, Sum: 0, Workers: 4
[3788.184s][debug][gc,phases      ] GC(155)     Total                          Min: 0, Avg:  0.0, Max: 0, Diff: 0, Sum: 0, Workers: 4
[3788.184s][debug][gc,phases      ] GC(155)   StringDedup Requests1 Weak     Min:  0.0, Avg:  0.0, Max:  0.0, Diff:  0.0, Sum:  0.0, Workers: 4
[3788.184s][debug][gc,phases      ] GC(155)     Dead                           Min: 0, Avg:  0.0, Max: 0, Diff: 0, Sum: 0, Workers: 4
[3788.184s][debug][gc,phases      ] GC(155)     Total                          Min: 0, Avg:  0.0, Max: 0, Diff: 0, Sum: 0, Workers: 4
[3788.184s][debug][gc,phases      ] GC(155)   Weak JFR Old Object Samples    Min:  0.0, Avg:  0.0, Max:  0.0, Diff:  0.0, Sum:  0.0, Workers: 4
[3788.184s][debug][gc,phases      ] GC(155)     Dead                           Min: 0, Avg:  0.0, Max: 0, Diff: 0, Sum: 0, Workers: 4
[3788.184s][debug][gc,phases      ] GC(155)     Total                          Min: 0, Avg:  0.0, Max: 0, Diff: 0, Sum: 0, Workers: 4
[3788.184s][debug][gc,phases      ] GC(155) Weak Processing 0.393ms
[3788.184s][debug][gc,age         ] GC(155) Desired survivor size 37748736 bytes, new threshold 1 (max threshold 15)
[3788.184s][info ][gc,heap        ] GC(155) PSYoungGen: 2035070K(2058752K)->15736K(2057216K) Eden: 2018816K(2018816K)->0K(2018816K) From: 16254K(39936K)->15736K(38400K)
[3788.184s][info ][gc,heap        ] GC(155) ParOldGen: 1847230K(1847296K)->1859154K(1859584K)
[3788.184s][info ][gc,metaspace   ] GC(155) Metaspace: 110583K(111936K)->110583K(111936K) NonClass: 94086K(94848K)->94086K(94848K) Class: 16497K(17088K)->16497K(17088K)
[3788.184s][info ][gc             ] GC(155) Pause Young (Allocation Failure) 3791M->1830M(3825M) 17.344ms
[3788.184s][info ][gc,cpu         ] GC(155) User=0.05s Sys=0.01s Real=0.02s
[3788.184s][info ][safepoint      ] Safepoint "ParallelGCFailedAllocation", Time since last: 9430238737 ns, Reaching safepoint: 84201 ns, Cleanup: 4200 ns, At safepoint: 17425920 ns, Total: 17514321 ns
[3803.954s][info ][gc,start       ] GC(156) Pause Young (Allocation Failure)
[3803.980s][debug][gc,phases      ] GC(156) Scavenge 26.080ms
[3803.980s][debug][gc,ref         ] GC(156) Skipped SoftWeakFinalRefsPhase of Reference Processing: no references
[3803.980s][debug][gc,ref         ] GC(156) Skipped KeepAliveFinalRefsPhase of Reference Processing: no references
[3803.980s][debug][gc,ref         ] GC(156) ReferenceProcessor::execute queues: 1, RefProcThreadModel::Single, marks_oops_alive: false
[3803.980s][debug][gc,phases      ] GC(156) Reference Processing 0.090ms
[3803.980s][debug][gc,phases      ] GC(156)   VM Weak                        Min:  0.0, Avg:  0.0, Max:  0.0, Diff:  0.0, Sum:  0.0, Workers: 4
[3803.980s][debug][gc,phases      ] GC(156)     Dead                           Min: 0, Avg:  0.0, Max: 0, Diff: 0, Sum: 0, Workers: 4
[3803.980s][debug][gc,phases      ] GC(156)     Total                          Min: 0, Avg: 276.8, Max: 768, Diff: 768, Sum: 1107, Workers: 4
[3803.980s][debug][gc,phases      ] GC(156)   ObjectSynchronizer Weak        Min:  0.0, Avg:  0.0, Max:  0.0, Diff:  0.0, Sum:  0.0, Workers: 4
[3803.980s][debug][gc,phases      ] GC(156)     Dead                           Min: 0, Avg:  0.0, Max: 0, Diff: 0, Sum: 0, Workers: 4
[3803.980s][debug][gc,phases      ] GC(156)     Total                          Min: 0, Avg:  1.5, Max: 6, Diff: 6, Sum: 6, Workers: 4
[3803.980s][debug][gc,phases      ] GC(156)   JVMTI Tag Weak OopStorage      Min:  0.0, Avg:  0.0, Max:  0.0, Diff:  0.0, Sum:  0.0, Workers: 4
[3803.980s][debug][gc,phases      ] GC(156)     Dead                           Min: 0, Avg:  0.0, Max: 0, Diff: 0, Sum: 0, Workers: 4
[3803.980s][debug][gc,phases      ] GC(156)     Total                          Min: 0, Avg:  0.0, Max: 0, Diff: 0, Sum: 0, Workers: 4
[3803.980s][debug][gc,phases      ] GC(156)   StringTable Weak               Min:  0.1, Avg:  0.1, Max:  0.1, Diff:  0.0, Sum:  0.5, Workers: 4
[3803.980s][debug][gc,phases      ] GC(156)     Dead                           Min: 0, Avg:  0.0, Max: 0, Diff: 0, Sum: 0, Workers: 4
[3803.980s][debug][gc,phases      ] GC(156)     Total                          Min: 11688, Avg: 11865.8, Max: 12031, Diff: 343, Sum: 47463, Workers: 4
[3803.980s][debug][gc,phases      ] GC(156)   ResolvedMethodTable Weak       Min:  0.0, Avg:  0.0, Max:  0.0, Diff:  0.0, Sum:  0.2, Workers: 4
[3803.980s][debug][gc,phases      ] GC(156)     Dead                           Min: 0, Avg:  4.0, Max: 16, Diff: 16, Sum: 16, Workers: 4
[3803.980s][debug][gc,phases      ] GC(156)     Total                          Min: 3898, Avg: 3973.8, Max: 4138, Diff: 240, Sum: 15895, Workers: 4
[3803.980s][debug][gc,phases      ] GC(156)   JNI Weak                       Min:  0.0, Avg:  0.0, Max:  0.0, Diff:  0.0, Sum:  0.0, Workers: 4
[3803.980s][debug][gc,phases      ] GC(156)     Dead                           Min: 0, Avg:  0.0, Max: 0, Diff: 0, Sum: 0, Workers: 4
[3803.980s][debug][gc,phases      ] GC(156)     Total                          Min: 0, Avg: 13.0, Max: 52, Diff: 52, Sum: 52, Workers: 4
[3803.980s][debug][gc,phases      ] GC(156)   StringDedup Table Weak         Min:  0.0, Avg:  0.0, Max:  0.0, Diff:  0.0, Sum:  0.0, Workers: 4
[3803.980s][debug][gc,phases      ] GC(156)     Dead                           Min: 0, Avg:  0.0, Max: 0, Diff: 0, Sum: 0, Workers: 4
[3803.980s][debug][gc,phases      ] GC(156)     Total                          Min: 0, Avg:  0.0, Max: 0, Diff: 0, Sum: 0, Workers: 4
[3803.980s][debug][gc,phases      ] GC(156)   StringDedup Requests0 Weak     Min:  0.0, Avg:  0.0, Max:  0.0, Diff:  0.0, Sum:  0.0, Workers: 4
[3803.980s][debug][gc,phases      ] GC(156)     Dead                           Min: 0, Avg:  0.0, Max: 0, Diff: 0, Sum: 0, Workers: 4
[3803.980s][debug][gc,phases      ] GC(156)     Total                          Min: 0, Avg:  0.0, Max: 0, Diff: 0, Sum: 0, Workers: 4
[3803.980s][debug][gc,phases      ] GC(156)   StringDedup Requests1 Weak     Min:  0.0, Avg:  0.0, Max:  0.0, Diff:  0.0, Sum:  0.0, Workers: 4
[3803.980s][debug][gc,phases      ] GC(156)     Dead                           Min: 0, Avg:  0.0, Max: 0, Diff: 0, Sum: 0, Workers: 4
[3803.980s][debug][gc,phases      ] GC(156)     Total                          Min: 0, Avg:  0.0, Max: 0, Diff: 0, Sum: 0, Workers: 4
[3803.980s][debug][gc,phases      ] GC(156)   Weak JFR Old Object Samples    Min:  0.0, Avg:  0.0, Max:  0.0, Diff:  0.0, Sum:  0.0, Workers: 4
[3803.980s][debug][gc,phases      ] GC(156)     Dead                           Min: 0, Avg:  0.0, Max: 0, Diff: 0, Sum: 0, Workers: 4
[3803.980s][debug][gc,phases      ] GC(156)     Total                          Min: 0, Avg:  0.0, Max: 0, Diff: 0, Sum: 0, Workers: 4
[3803.980s][debug][gc,phases      ] GC(156) Weak Processing 0.329ms
[3803.980s][debug][gc,age         ] GC(156) Desired survivor size 48758784 bytes, new threshold 1 (max threshold 15)
[3803.980s][info ][gc,heap        ] GC(156) PSYoungGen: 2034552K(2057216K)->36832K(2038784K) Eden: 2018816K(2018816K)->0K(2001920K) From: 15736K(38400K)->36832K(36864K)
[3803.980s][info ][gc,heap        ] GC(156) ParOldGen: 1859154K(1859584K)->1872348K(1872384K)
[3803.980s][info ][gc,metaspace   ] GC(156) Metaspace: 110594K(112000K)->110594K(112000K) NonClass: 94097K(94912K)->94097K(94912K) Class: 16497K(17088K)->16497K(17088K)
[3803.980s][info ][gc             ] GC(156) Pause Young (Allocation Failure) 3802M->1864M(3819M) 26.611ms
[3803.980s][info ][gc,cpu         ] GC(156) User=0.08s Sys=0.02s Real=0.03s
[3803.981s][info ][safepoint      ] Safepoint "ParallelGCFailedAllocation", Time since last: 15769675658 ns, Reaching safepoint: 82000 ns, Cleanup: 3500 ns, At safepoint: 27055087 ns, Total: 27140587 ns
[3807.983s][info ][safepoint      ] Safepoint "Cleanup", Time since last: 4002135231 ns, Reaching safepoint: 78801 ns, Cleanup: 13500 ns, At safepoint: 6900 ns, Total: 99201 ns
[3808.983s][info ][safepoint      ] Safepoint "Cleanup", Time since last: 1000121282 ns, Reaching safepoint: 78400 ns, Cleanup: 8100 ns, At safepoint: 11000 ns, Total: 97500 ns
[3809.984s][info ][safepoint      ] Safepoint "Cleanup", Time since last: 1000107182 ns, Reaching safepoint: 81900 ns, Cleanup: 10200 ns, At safepoint: 11000 ns, Total: 103100 ns
[3810.595s][info ][gc,start       ] GC(157) Pause Young (Allocation Failure)
[3810.621s][debug][gc,phases      ] GC(157) Scavenge 25.989ms
[3810.621s][debug][gc,ref         ] GC(157) Skipped SoftWeakFinalRefsPhase of Reference Processing: no references
[3810.621s][debug][gc,ref         ] GC(157) Skipped KeepAliveFinalRefsPhase of Reference Processing: no references
[3810.621s][debug][gc,ref         ] GC(157) ReferenceProcessor::execute queues: 1, RefProcThreadModel::Single, marks_oops_alive: false
[3810.621s][debug][gc,phases      ] GC(157) Reference Processing 0.083ms
[3810.621s][debug][gc,phases      ] GC(157)   VM Weak                        Min:  0.0, Avg:  0.0, Max:  0.0, Diff:  0.0, Sum:  0.0, Workers: 4
[3810.621s][debug][gc,phases      ] GC(157)     Dead                           Min: 0, Avg:  0.0, Max: 0, Diff: 0, Sum: 0, Workers: 4
[3810.621s][debug][gc,phases      ] GC(157)     Total                          Min: 0, Avg: 276.8, Max: 576, Diff: 576, Sum: 1107, Workers: 4
[3810.621s][debug][gc,phases      ] GC(157)   ObjectSynchronizer Weak        Min:  0.0, Avg:  0.0, Max:  0.0, Diff:  0.0, Sum:  0.0, Workers: 4
[3810.621s][debug][gc,phases      ] GC(157)     Dead                           Min: 0, Avg:  0.0, Max: 0, Diff: 0, Sum: 0, Workers: 4
[3810.621s][debug][gc,phases      ] GC(157)     Total                          Min: 0, Avg:  1.5, Max: 6, Diff: 6, Sum: 6, Workers: 4
[3810.621s][debug][gc,phases      ] GC(157)   JVMTI Tag Weak OopStorage      Min:  0.0, Avg:  0.0, Max:  0.0, Diff:  0.0, Sum:  0.0, Workers: 4
[3810.621s][debug][gc,phases      ] GC(157)     Dead                           Min: 0, Avg:  0.0, Max: 0, Diff: 0, Sum: 0, Workers: 4
[3810.621s][debug][gc,phases      ] GC(157)     Total                          Min: 0, Avg:  0.0, Max: 0, Diff: 0, Sum: 0, Workers: 4
[3810.621s][debug][gc,phases      ] GC(157)   StringTable Weak               Min:  0.0, Avg:  0.1, Max:  0.2, Diff:  0.2, Sum:  0.5, Workers: 4
[3810.621s][debug][gc,phases      ] GC(157)     Dead                           Min: 0, Avg:  0.0, Max: 0, Diff: 0, Sum: 0, Workers: 4
[3810.621s][debug][gc,phases      ] GC(157)     Total                          Min: 0, Avg: 11865.8, Max: 16191, Diff: 16191, Sum: 47463, Workers: 4
[3810.621s][debug][gc,phases      ] GC(157)   ResolvedMethodTable Weak       Min:  0.0, Avg:  0.0, Max:  0.1, Diff:  0.1, Sum:  0.2, Workers: 4
[3810.621s][debug][gc,phases      ] GC(157)     Dead                           Min: 0, Avg:  0.0, Max: 0, Diff: 0, Sum: 0, Workers: 4
[3810.621s][debug][gc,phases      ] GC(157)     Total                          Min: 0, Avg: 3973.8, Max: 5879, Diff: 5879, Sum: 15895, Workers: 4
[3810.621s][debug][gc,phases      ] GC(157)   JNI Weak                       Min:  0.0, Avg:  0.0, Max:  0.0, Diff:  0.0, Sum:  0.0, Workers: 4
[3810.621s][debug][gc,phases      ] GC(157)     Dead                           Min: 0, Avg:  0.0, Max: 0, Diff: 0, Sum: 0, Workers: 4
[3810.621s][debug][gc,phases      ] GC(157)     Total                          Min: 0, Avg: 13.0, Max: 52, Diff: 52, Sum: 52, Workers: 4
[3810.621s][debug][gc,phases      ] GC(157)   StringDedup Table Weak         Min:  0.0, Avg:  0.0, Max:  0.0, Diff:  0.0, Sum:  0.0, Workers: 4
[3810.621s][debug][gc,phases      ] GC(157)     Dead                           Min: 0, Avg:  0.0, Max: 0, Diff: 0, Sum: 0, Workers: 4
[3810.621s][debug][gc,phases      ] GC(157)     Total                          Min: 0, Avg:  0.0, Max: 0, Diff: 0, Sum: 0, Workers: 4
[3810.621s][debug][gc,phases      ] GC(157)   StringDedup Requests0 Weak     Min:  0.0, Avg:  0.0, Max:  0.0, Diff:  0.0, Sum:  0.0, Workers: 4
[3810.621s][debug][gc,phases      ] GC(157)     Dead                           Min: 0, Avg:  0.0, Max: 0, Diff: 0, Sum: 0, Workers: 4
[3810.621s][debug][gc,phases      ] GC(157)     Total                          Min: 0, Avg:  0.0, Max: 0, Diff: 0, Sum: 0, Workers: 4
[3810.621s][debug][gc,phases      ] GC(157)   StringDedup Requests1 Weak     Min:  0.0, Avg:  0.0, Max:  0.0, Diff:  0.0, Sum:  0.0, Workers: 4
[3810.621s][debug][gc,phases      ] GC(157)     Dead                           Min: 0, Avg:  0.0, Max: 0, Diff: 0, Sum: 0, Workers: 4
[3810.621s][debug][gc,phases      ] GC(157)     Total                          Min: 0, Avg:  0.0, Max: 0, Diff: 0, Sum: 0, Workers: 4
[3810.621s][debug][gc,phases      ] GC(157)   Weak JFR Old Object Samples    Min:  0.0, Avg:  0.0, Max:  0.0, Diff:  0.0, Sum:  0.0, Workers: 4
[3810.621s][debug][gc,phases      ] GC(157)     Dead                           Min: 0, Avg:  0.0, Max: 0, Diff: 0, Sum: 0, Workers: 4
[3810.621s][debug][gc,phases      ] GC(157)     Total                          Min: 0, Avg:  0.0, Max: 0, Diff: 0, Sum: 0, Workers: 4
[3810.621s][debug][gc,phases      ] GC(157) Weak Processing 0.400ms
[3810.621s][debug][gc,age         ] GC(157) Desired survivor size 49283072 bytes, new threshold 1 (max threshold 15)
[3810.621s][info ][gc,heap        ] GC(157) PSYoungGen: 2038752K(2038784K)->27121K(2029056K) Eden: 2001920K(2001920K)->0K(2001920K) From: 36832K(36864K)->27121K(27136K)
[3810.621s][info ][gc,heap        ] GC(157) ParOldGen: 1872348K(1872384K)->1900224K(1900544K)
[3810.621s][info ][gc,metaspace   ] GC(157) Metaspace: 110601K(112000K)->110601K(112000K) NonClass: 94104K(94912K)->94104K(94912K) Class: 16497K(17088K)->16497K(17088K)
[3810.621s][info ][gc             ] GC(157) Pause Young (Allocation Failure) 3819M->1882M(3837M) 26.589ms
[3810.621s][info ][gc,cpu         ] GC(157) User=0.09s Sys=0.01s Real=0.03s
[3810.621s][info ][safepoint      ] Safepoint "ParallelGCFailedAllocation", Time since last: 610985896 ns, Reaching safepoint: 5000 ns, Cleanup: 3000 ns, At safepoint: 26668386 ns, Total: 26676386 ns
[3811.621s][info ][safepoint      ] Safepoint "Cleanup", Time since last: 1000086267 ns, Reaching safepoint: 5500 ns, Cleanup: 9100 ns, At safepoint: 2000 ns, Total: 16600 ns
[3816.622s][info ][safepoint      ] Safepoint "Cleanup", Time since last: 5000904484 ns, Reaching safepoint: 77000 ns, Cleanup: 6700 ns, At safepoint: 5400 ns, Total: 89100 ns
[3817.622s][info ][safepoint      ] Safepoint "Cleanup", Time since last: 1000098551 ns, Reaching safepoint: 5800 ns, Cleanup: 9100 ns, At safepoint: 2600 ns, Total: 17500 ns
[3820.367s][info ][safepoint      ] Safepoint "ParallelGCFailedAllocation", Time since last: 2744177022 ns, Reaching safepoint: 82801 ns, Cleanup: 3600 ns, At safepoint: 13000 ns, Total: 99401 ns
[3820.367s][info ][gc,start       ] GC(158) Pause Young (Allocation Failure)
[3820.393s][debug][gc,phases      ] GC(158) Scavenge 26.426ms
[3820.394s][debug][gc,ref         ] GC(158) ReferenceProcessor::execute queues: 1, RefProcThreadModel::Single, marks_oops_alive: false
[3820.394s][debug][gc,ref         ] GC(158) Skipped KeepAliveFinalRefsPhase of Reference Processing: no references
[3820.394s][debug][gc,ref         ] GC(158) ReferenceProcessor::execute queues: 1, RefProcThreadModel::Single, marks_oops_alive: false
[3820.394s][debug][gc,phases      ] GC(158) Reference Processing 0.094ms
[3820.394s][debug][gc,phases      ] GC(158)   VM Weak                        Min:  0.0, Avg:  0.0, Max:  0.0, Diff:  0.0, Sum:  0.0, Workers: 4
[3820.394s][debug][gc,phases      ] GC(158)     Dead                           Min: 0, Avg:  0.0, Max: 0, Diff: 0, Sum: 0, Workers: 4
[3820.394s][debug][gc,phases      ] GC(158)     Total                          Min: 0, Avg: 276.8, Max: 659, Diff: 659, Sum: 1107, Workers: 4
[3820.394s][debug][gc,phases      ] GC(158)   ObjectSynchronizer Weak        Min:  0.0, Avg:  0.0, Max:  0.0, Diff:  0.0, Sum:  0.0, Workers: 4
[3820.394s][debug][gc,phases      ] GC(158)     Dead                           Min: 0, Avg:  0.0, Max: 0, Diff: 0, Sum: 0, Workers: 4
[3820.394s][debug][gc,phases      ] GC(158)     Total                          Min: 0, Avg:  1.5, Max: 6, Diff: 6, Sum: 6, Workers: 4
[3820.394s][debug][gc,phases      ] GC(158)   JVMTI Tag Weak OopStorage      Min:  0.0, Avg:  0.0, Max:  0.0, Diff:  0.0, Sum:  0.0, Workers: 4
[3820.394s][debug][gc,phases      ] GC(158)     Dead                           Min: 0, Avg:  0.0, Max: 0, Diff: 0, Sum: 0, Workers: 4
[3820.394s][debug][gc,phases      ] GC(158)     Total                          Min: 0, Avg:  0.0, Max: 0, Diff: 0, Sum: 0, Workers: 4
[3820.394s][debug][gc,phases      ] GC(158)   StringTable Weak               Min:  0.0, Avg:  0.1, Max:  0.1, Diff:  0.1, Sum:  0.4, Workers: 4
[3820.394s][debug][gc,phases      ] GC(158)     Dead                           Min: 0, Avg:  0.0, Max: 0, Diff: 0, Sum: 0, Workers: 4
[3820.394s][debug][gc,phases      ] GC(158)     Total                          Min: 0, Avg: 11865.8, Max: 19688, Diff: 19688, Sum: 47463, Workers: 4
[3820.394s][debug][gc,phases      ] GC(158)   ResolvedMethodTable Weak       Min:  0.0, Avg:  0.0, Max:  0.0, Diff:  0.0, Sum:  0.1, Workers: 4
[3820.394s][debug][gc,phases      ] GC(158)     Dead                           Min: 0, Avg:  0.0, Max: 0, Diff: 0, Sum: 0, Workers: 4
[3820.394s][debug][gc,phases      ] GC(158)     Total                          Min: 0, Avg: 3973.8, Max: 6585, Diff: 6585, Sum: 15895, Workers: 4
[3820.394s][debug][gc,phases      ] GC(158)   JNI Weak                       Min:  0.0, Avg:  0.0, Max:  0.0, Diff:  0.0, Sum:  0.0, Workers: 4
[3820.394s][debug][gc,phases      ] GC(158)     Dead                           Min: 0, Avg:  0.0, Max: 0, Diff: 0, Sum: 0, Workers: 4
[3820.394s][debug][gc,phases      ] GC(158)     Total                          Min: 0, Avg: 13.0, Max: 52, Diff: 52, Sum: 52, Workers: 4
[3820.394s][debug][gc,phases      ] GC(158)   StringDedup Table Weak         Min:  0.0, Avg:  0.0, Max:  0.0, Diff:  0.0, Sum:  0.0, Workers: 4
[3820.394s][debug][gc,phases      ] GC(158)     Dead                           Min: 0, Avg:  0.0, Max: 0, Diff: 0, Sum: 0, Workers: 4
[3820.394s][debug][gc,phases      ] GC(158)     Total                          Min: 0, Avg:  0.0, Max: 0, Diff: 0, Sum: 0, Workers: 4
[3820.394s][debug][gc,phases      ] GC(158)   StringDedup Requests0 Weak     Min:  0.0, Avg:  0.0, Max:  0.0, Diff:  0.0, Sum:  0.0, Workers: 4
[3820.394s][debug][gc,phases      ] GC(158)     Dead                           Min: 0, Avg:  0.0, Max: 0, Diff: 0, Sum: 0, Workers: 4
[3820.394s][debug][gc,phases      ] GC(158)     Total                          Min: 0, Avg:  0.0, Max: 0, Diff: 0, Sum: 0, Workers: 4
[3820.394s][debug][gc,phases      ] GC(158)   StringDedup Requests1 Weak     Min:  0.0, Avg:  0.0, Max:  0.0, Diff:  0.0, Sum:  0.0, Workers: 4
[3820.394s][debug][gc,phases      ] GC(158)     Dead                           Min: 0, Avg:  0.0, Max: 0, Diff: 0, Sum: 0, Workers: 4
[3820.394s][debug][gc,phases      ] GC(158)     Total                          Min: 0, Avg:  0.0, Max: 0, Diff: 0, Sum: 0, Workers: 4
[3820.394s][debug][gc,phases      ] GC(158)   Weak JFR Old Object Samples    Min:  0.0, Avg:  0.0, Max:  0.0, Diff:  0.0, Sum:  0.0, Workers: 4
[3820.394s][debug][gc,phases      ] GC(158)     Dead                           Min: 0, Avg:  0.0, Max: 0, Diff: 0, Sum: 0, Workers: 4
[3820.394s][debug][gc,phases      ] GC(158)     Total                          Min: 0, Avg:  0.0, Max: 0, Diff: 0, Sum: 0, Workers: 4
[3820.394s][debug][gc,phases      ] GC(158) Weak Processing 0.370ms
[3820.394s][debug][gc,age         ] GC(158) Desired survivor size 52428800 bytes, new threshold 1 (max threshold 15)
[3820.394s][info ][gc,heap        ] GC(158) PSYoungGen: 2029041K(2029056K)->34608K(2042880K) Eden: 2001920K(2001920K)->0K(1994752K) From: 27121K(27136K)->34608K(48128K)
[3820.394s][info ][gc,heap        ] GC(158) ParOldGen: 1900289K(1900544K)->1923912K(1924096K)
[3820.394s][info ][gc,metaspace   ] GC(158) Metaspace: 110603K(112000K)->110603K(112000K) NonClass: 94106K(94912K)->94106K(94912K) Class: 16497K(17088K)->16497K(17088K)
[3820.394s][info ][gc             ] GC(158) Pause Young (Allocation Failure) 3837M->1912M(3874M) 26.993ms
[3820.394s][info ][gc,cpu         ] GC(158) User=0.08s Sys=0.01s Real=0.03s
[3820.394s][info ][safepoint      ] Safepoint "ParallelGCFailedAllocation", Time since last: 148801 ns, Reaching safepoint: 93801 ns, Cleanup: 1000 ns, At safepoint: 27217183 ns, Total: 27311984 ns
[3821.394s][info ][safepoint      ] Safepoint "Cleanup", Time since last: 1000110851 ns, Reaching safepoint: 5800 ns, Cleanup: 9000 ns, At safepoint: 2600 ns, Total: 17400 ns
[3823.394s][info ][safepoint      ] Safepoint "Cleanup", Time since last: 2000175663 ns, Reaching safepoint: 5700 ns, Cleanup: 8600 ns, At safepoint: 3100 ns, Total: 17400 ns
[3825.395s][info ][safepoint      ] Safepoint "Cleanup", Time since last: 2000164209 ns, Reaching safepoint: 79400 ns, Cleanup: 22901 ns, At safepoint: 8700 ns, Total: 111001 ns
[3826.395s][info ][safepoint      ] Safepoint "Cleanup", Time since last: 1000122804 ns, Reaching safepoint: 6600 ns, Cleanup: 42001 ns, At safepoint: 4300 ns, Total: 52901 ns
[3827.395s][info ][safepoint      ] Safepoint "Cleanup", Time since last: 1000118905 ns, Reaching safepoint: 78700 ns, Cleanup: 11200 ns, At safepoint: 10900 ns, Total: 100800 ns
[3828.137s][info ][gc,start       ] GC(159) Pause Young (Allocation Failure)
[3828.172s][debug][gc,phases      ] GC(159) Scavenge 35.321ms
[3828.172s][debug][gc,ref         ] GC(159) ReferenceProcessor::execute queues: 1, RefProcThreadModel::Single, marks_oops_alive: false
[3828.172s][debug][gc,ref         ] GC(159) Skipped KeepAliveFinalRefsPhase of Reference Processing: no references
[3828.172s][debug][gc,ref         ] GC(159) ReferenceProcessor::execute queues: 1, RefProcThreadModel::Single, marks_oops_alive: false
[3828.172s][debug][gc,phases      ] GC(159) Reference Processing 0.097ms
[3828.173s][debug][gc,phases      ] GC(159)   VM Weak                        Min:  0.0, Avg:  0.0, Max:  0.0, Diff:  0.0, Sum:  0.0, Workers: 4
[3828.173s][debug][gc,phases      ] GC(159)     Dead                           Min: 0, Avg:  0.0, Max: 0, Diff: 0, Sum: 0, Workers: 4
[3828.173s][debug][gc,phases      ] GC(159)     Total                          Min: 0, Avg: 276.8, Max: 1043, Diff: 1043, Sum: 1107, Workers: 4
[3828.173s][debug][gc,phases      ] GC(159)   ObjectSynchronizer Weak        Min:  0.0, Avg:  0.0, Max:  0.0, Diff:  0.0, Sum:  0.0, Workers: 4
[3828.173s][debug][gc,phases      ] GC(159)     Dead                           Min: 0, Avg:  0.0, Max: 0, Diff: 0, Sum: 0, Workers: 4
[3828.173s][debug][gc,phases      ] GC(159)     Total                          Min: 0, Avg:  1.5, Max: 6, Diff: 6, Sum: 6, Workers: 4
[3828.173s][debug][gc,phases      ] GC(159)   JVMTI Tag Weak OopStorage      Min:  0.0, Avg:  0.0, Max:  0.0, Diff:  0.0, Sum:  0.0, Workers: 4
[3828.173s][debug][gc,phases      ] GC(159)     Dead                           Min: 0, Avg:  0.0, Max: 0, Diff: 0, Sum: 0, Workers: 4
[3828.173s][debug][gc,phases      ] GC(159)     Total                          Min: 0, Avg:  0.0, Max: 0, Diff: 0, Sum: 0, Workers: 4
[3828.173s][debug][gc,phases      ] GC(159)   StringTable Weak               Min:  0.1, Avg:  0.1, Max:  0.1, Diff:  0.0, Sum:  0.5, Workers: 4
[3828.173s][debug][gc,phases      ] GC(159)     Dead                           Min: 0, Avg:  0.2, Max: 1, Diff: 1, Sum: 1, Workers: 4
[3828.173s][debug][gc,phases      ] GC(159)     Total                          Min: 10816, Avg: 11872.5, Max: 12416, Diff: 1600, Sum: 47490, Workers: 4
[3828.173s][debug][gc,phases      ] GC(159)   ResolvedMethodTable Weak       Min:  0.0, Avg:  0.0, Max:  0.0, Diff:  0.0, Sum:  0.2, Workers: 4
[3828.173s][debug][gc,phases      ] GC(159)     Dead                           Min: 0, Avg:  7.5, Max: 23, Diff: 23, Sum: 30, Workers: 4
[3828.173s][debug][gc,phases      ] GC(159)     Total                          Min: 3872, Avg: 3983.0, Max: 4155, Diff: 283, Sum: 15932, Workers: 4
[3828.173s][debug][gc,phases      ] GC(159)   JNI Weak                       Min:  0.0, Avg:  0.0, Max:  0.0, Diff:  0.0, Sum:  0.0, Workers: 4
[3828.173s][debug][gc,phases      ] GC(159)     Dead                           Min: 0, Avg:  0.0, Max: 0, Diff: 0, Sum: 0, Workers: 4
[3828.173s][debug][gc,phases      ] GC(159)     Total                          Min: 0, Avg: 14.0, Max: 56, Diff: 56, Sum: 56, Workers: 4
[3828.173s][debug][gc,phases      ] GC(159)   StringDedup Table Weak         Min:  0.0, Avg:  0.0, Max:  0.0, Diff:  0.0, Sum:  0.0, Workers: 4
[3828.173s][debug][gc,phases      ] GC(159)     Dead                           Min: 0, Avg:  0.0, Max: 0, Diff: 0, Sum: 0, Workers: 4
[3828.173s][debug][gc,phases      ] GC(159)     Total                          Min: 0, Avg:  0.0, Max: 0, Diff: 0, Sum: 0, Workers: 4
[3828.173s][debug][gc,phases      ] GC(159)   StringDedup Requests0 Weak     Min:  0.0, Avg:  0.0, Max:  0.0, Diff:  0.0, Sum:  0.0, Workers: 4
[3828.173s][debug][gc,phases      ] GC(159)     Dead                           Min: 0, Avg:  0.0, Max: 0, Diff: 0, Sum: 0, Workers: 4
[3828.173s][debug][gc,phases      ] GC(159)     Total                          Min: 0, Avg:  0.0, Max: 0, Diff: 0, Sum: 0, Workers: 4
[3828.173s][debug][gc,phases      ] GC(159)   StringDedup Requests1 Weak     Min:  0.0, Avg:  0.0, Max:  0.0, Diff:  0.0, Sum:  0.0, Workers: 4
[3828.173s][debug][gc,phases      ] GC(159)     Dead                           Min: 0, Avg:  0.0, Max: 0, Diff: 0, Sum: 0, Workers: 4
[3828.173s][debug][gc,phases      ] GC(159)     Total                          Min: 0, Avg:  0.0, Max: 0, Diff: 0, Sum: 0, Workers: 4
[3828.173s][debug][gc,phases      ] GC(159)   Weak JFR Old Object Samples    Min:  0.0, Avg:  0.0, Max:  0.0, Diff:  0.0, Sum:  0.0, Workers: 4
[3828.173s][debug][gc,phases      ] GC(159)     Dead                           Min: 0, Avg:  0.0, Max: 0, Diff: 0, Sum: 0, Workers: 4
[3828.173s][debug][gc,phases      ] GC(159)     Total                          Min: 0, Avg:  0.0, Max: 0, Diff: 0, Sum: 0, Workers: 4
[3828.173s][debug][gc,phases      ] GC(159) Weak Processing 0.393ms
[3828.173s][debug][gc,age         ] GC(159) Desired survivor size 55574528 bytes, new threshold 1 (max threshold 15)
[3828.173s][info ][gc,heap        ] GC(159) PSYoungGen: 2029360K(2042880K)->37776K(2032640K) Eden: 1994752K(1994752K)->0K(1994752K) From: 34608K(48128K)->37776K(37888K)
[3828.173s][info ][gc,heap        ] GC(159) ParOldGen: 1923912K(1924096K)->1955582K(1955840K)
[3828.173s][info ][gc,metaspace   ] GC(159) Metaspace: 110731K(112064K)->110731K(112064K) NonClass: 94221K(94976K)->94221K(94976K) Class: 16510K(17088K)->16510K(17088K)
[3828.173s][info ][gc             ] GC(159) Pause Young (Allocation Failure) 3860M->1946M(3895M) 35.963ms
[3828.173s][info ][gc,cpu         ] GC(159) User=0.11s Sys=0.02s Real=0.04s
[3828.173s][info ][safepoint      ] Safepoint "ParallelGCFailedAllocation", Time since last: 741251518 ns, Reaching safepoint: 370302 ns, Cleanup: 31601 ns, At safepoint: 36084349 ns, Total: 36486252 ns
[3829.173s][info ][safepoint      ] Safepoint "Cleanup", Time since last: 1000098005 ns, Reaching safepoint: 80300 ns, Cleanup: 14900 ns, At safepoint: 12700 ns, Total: 107900 ns
[3830.173s][info ][safepoint      ] Safepoint "Cleanup", Time since last: 1000107105 ns, Reaching safepoint: 5300 ns, Cleanup: 28000 ns, At safepoint: 2300 ns, Total: 35600 ns
[3832.173s][info ][safepoint      ] Safepoint "Cleanup", Time since last: 2000166534 ns, Reaching safepoint: 5300 ns, Cleanup: 14400 ns, At safepoint: 2700 ns, Total: 22400 ns
[3833.174s][info ][safepoint      ] Safepoint "Cleanup", Time since last: 1000099626 ns, Reaching safepoint: 6400 ns, Cleanup: 11700 ns, At safepoint: 2400 ns, Total: 20500 ns
[3836.175s][info ][safepoint      ] Safepoint "Cleanup", Time since last: 3001456985 ns, Reaching safepoint: 76601 ns, Cleanup: 14000 ns, At safepoint: 5400 ns, Total: 96001 ns
[3837.241s][info ][gc,start       ] GC(160) Pause Young (Allocation Failure)
[3837.275s][debug][gc,phases      ] GC(160) Scavenge 33.393ms
[3837.275s][debug][gc,ref         ] GC(160) ReferenceProcessor::execute queues: 1, RefProcThreadModel::Single, marks_oops_alive: false
[3837.275s][debug][gc,ref         ] GC(160) Skipped KeepAliveFinalRefsPhase of Reference Processing: no references
[3837.275s][debug][gc,ref         ] GC(160) ReferenceProcessor::execute queues: 1, RefProcThreadModel::Single, marks_oops_alive: false
[3837.275s][debug][gc,phases      ] GC(160) Reference Processing 0.106ms
[3837.275s][debug][gc,phases      ] GC(160)   VM Weak                        Min:  0.0, Avg:  0.0, Max:  0.0, Diff:  0.0, Sum:  0.0, Workers: 4
[3837.275s][debug][gc,phases      ] GC(160)     Dead                           Min: 0, Avg:  0.0, Max: 0, Diff: 0, Sum: 0, Workers: 4
[3837.275s][debug][gc,phases      ] GC(160)     Total                          Min: 0, Avg: 276.8, Max: 576, Diff: 576, Sum: 1107, Workers: 4
[3837.275s][debug][gc,phases      ] GC(160)   ObjectSynchronizer Weak        Min:  0.0, Avg:  0.0, Max:  0.0, Diff:  0.0, Sum:  0.0, Workers: 4
[3837.275s][debug][gc,phases      ] GC(160)     Dead                           Min: 0, Avg:  0.0, Max: 0, Diff: 0, Sum: 0, Workers: 4
[3837.275s][debug][gc,phases      ] GC(160)     Total                          Min: 0, Avg:  1.5, Max: 6, Diff: 6, Sum: 6, Workers: 4
[3837.275s][debug][gc,phases      ] GC(160)   JVMTI Tag Weak OopStorage      Min:  0.0, Avg:  0.0, Max:  0.0, Diff:  0.0, Sum:  0.0, Workers: 4
[3837.275s][debug][gc,phases      ] GC(160)     Dead                           Min: 0, Avg:  0.0, Max: 0, Diff: 0, Sum: 0, Workers: 4
[3837.275s][debug][gc,phases      ] GC(160)     Total                          Min: 0, Avg:  0.0, Max: 0, Diff: 0, Sum: 0, Workers: 4
[3837.275s][debug][gc,phases      ] GC(160)   StringTable Weak               Min:  0.1, Avg:  0.1, Max:  0.1, Diff:  0.0, Sum:  0.5, Workers: 4
[3837.275s][debug][gc,phases      ] GC(160)     Dead                           Min: 0, Avg:  0.2, Max: 1, Diff: 1, Sum: 1, Workers: 4
[3837.275s][debug][gc,phases      ] GC(160)     Total                          Min: 10752, Avg: 11882.5, Max: 12523, Diff: 1771, Sum: 47530, Workers: 4
[3837.275s][debug][gc,phases      ] GC(160)   ResolvedMethodTable Weak       Min:  0.0, Avg:  0.0, Max:  0.0, Diff:  0.0, Sum:  0.2, Workers: 4
[3837.275s][debug][gc,phases      ] GC(160)     Dead                           Min: 0, Avg:  6.2, Max: 12, Diff: 12, Sum: 25, Workers: 4
[3837.275s][debug][gc,phases      ] GC(160)     Total                          Min: 3878, Avg: 3995.8, Max: 4061, Diff: 183, Sum: 15983, Workers: 4
[3837.275s][debug][gc,phases      ] GC(160)   JNI Weak                       Min:  0.0, Avg:  0.0, Max:  0.0, Diff:  0.0, Sum:  0.0, Workers: 4
[3837.275s][debug][gc,phases      ] GC(160)     Dead                           Min: 0, Avg:  0.0, Max: 0, Diff: 0, Sum: 0, Workers: 4
[3837.275s][debug][gc,phases      ] GC(160)     Total                          Min: 0, Avg: 13.0, Max: 52, Diff: 52, Sum: 52, Workers: 4
[3837.275s][debug][gc,phases      ] GC(160)   StringDedup Table Weak         Min:  0.0, Avg:  0.0, Max:  0.0, Diff:  0.0, Sum:  0.0, Workers: 4
[3837.275s][debug][gc,phases      ] GC(160)     Dead                           Min: 0, Avg:  0.0, Max: 0, Diff: 0, Sum: 0, Workers: 4
[3837.275s][debug][gc,phases      ] GC(160)     Total                          Min: 0, Avg:  0.0, Max: 0, Diff: 0, Sum: 0, Workers: 4
[3837.275s][debug][gc,phases      ] GC(160)   StringDedup Requests0 Weak     Min:  0.0, Avg:  0.0, Max:  0.0, Diff:  0.0, Sum:  0.0, Workers: 4
[3837.275s][debug][gc,phases      ] GC(160)     Dead                           Min: 0, Avg:  0.0, Max: 0, Diff: 0, Sum: 0, Workers: 4
[3837.275s][debug][gc,phases      ] GC(160)     Total                          Min: 0, Avg:  0.0, Max: 0, Diff: 0, Sum: 0, Workers: 4
[3837.275s][debug][gc,phases      ] GC(160)   StringDedup Requests1 Weak     Min:  0.0, Avg:  0.0, Max:  0.0, Diff:  0.0, Sum:  0.0, Workers: 4
[3837.275s][debug][gc,phases      ] GC(160)     Dead                           Min: 0, Avg:  0.0, Max: 0, Diff: 0, Sum: 0, Workers: 4
[3837.275s][debug][gc,phases      ] GC(160)     Total                          Min: 0, Avg:  0.0, Max: 0, Diff: 0, Sum: 0, Workers: 4
[3837.275s][debug][gc,phases      ] GC(160)   Weak JFR Old Object Samples    Min:  0.0, Avg:  0.0, Max:  0.0, Diff:  0.0, Sum:  0.0, Workers: 4
[3837.275s][debug][gc,phases      ] GC(160)     Dead                           Min: 0, Avg:  0.0, Max: 0, Diff: 0, Sum: 0, Workers: 4
[3837.275s][debug][gc,phases      ] GC(160)     Total                          Min: 0, Avg:  0.0, Max: 0, Diff: 0, Sum: 0, Workers: 4
[3837.275s][debug][gc,phases      ] GC(160) Weak Processing 0.344ms
[3837.275s][debug][gc,age         ] GC(160) Desired survivor size 58195968 bytes, new threshold 1 (max threshold 15)
[3837.275s][info ][gc,heap        ] GC(160) PSYoungGen: 2032528K(2032640K)->36769K(2037760K) Eden: 1994752K(1994752K)->0K(1983488K) From: 37776K(37888K)->36769K(54272K)
[3837.275s][info ][gc,heap        ] GC(160) ParOldGen: 1955582K(1955840K)->1990224K(1990656K)
[3837.275s][info ][gc,metaspace   ] GC(160) Metaspace: 110854K(112256K)->110854K(112256K) NonClass: 94323K(95104K)->94323K(95104K) Class: 16530K(17152K)->16530K(17152K)
[3837.275s][info ][gc             ] GC(160) Pause Young (Allocation Failure) 3894M->1979M(3934M) 33.952ms
[3837.275s][info ][gc,cpu         ] GC(160) User=0.11s Sys=0.01s Real=0.03s
[3837.275s][info ][safepoint      ] Safepoint "ParallelGCFailedAllocation", Time since last: 1066029082 ns, Reaching safepoint: 76701 ns, Cleanup: 3300 ns, At safepoint: 34157937 ns, Total: 34237938 ns
[3840.276s][info ][safepoint      ] Safepoint "Cleanup", Time since last: 3000229561 ns, Reaching safepoint: 5300 ns, Cleanup: 10700 ns, At safepoint: 2300 ns, Total: 18300 ns
[3841.276s][info ][safepoint      ] Safepoint "Cleanup", Time since last: 1000098114 ns, Reaching safepoint: 77100 ns, Cleanup: 16000 ns, At safepoint: 5200 ns, Total: 98300 ns
[3842.486s][info ][safepoint      ] Safepoint "Cleanup", Time since last: 1210377067 ns, Reaching safepoint: 79901 ns, Cleanup: 10600 ns, At safepoint: 10900 ns, Total: 101401 ns
[3844.487s][info ][safepoint      ] Safepoint "Cleanup", Time since last: 2000180427 ns, Reaching safepoint: 79501 ns, Cleanup: 9400 ns, At safepoint: 9200 ns, Total: 98101 ns
[3844.644s][info ][gc,start       ] GC(161) Pause Young (Allocation Failure)
[3844.675s][debug][gc,phases      ] GC(161) Scavenge 31.449ms
[3844.675s][debug][gc,ref         ] GC(161) ReferenceProcessor::execute queues: 1, RefProcThreadModel::Single, marks_oops_alive: false
[3844.675s][debug][gc,ref         ] GC(161) Skipped KeepAliveFinalRefsPhase of Reference Processing: no references
[3844.675s][debug][gc,ref         ] GC(161) ReferenceProcessor::execute queues: 1, RefProcThreadModel::Single, marks_oops_alive: false
[3844.675s][debug][gc,phases      ] GC(161) Reference Processing 0.099ms
[3844.676s][debug][gc,phases      ] GC(161)   VM Weak                        Min:  0.0, Avg:  0.0, Max:  0.0, Diff:  0.0, Sum:  0.0, Workers: 4
[3844.676s][debug][gc,phases      ] GC(161)     Dead                           Min: 0, Avg:  0.0, Max: 0, Diff: 0, Sum: 0, Workers: 4
[3844.676s][debug][gc,phases      ] GC(161)     Total                          Min: 0, Avg: 276.8, Max: 979, Diff: 979, Sum: 1107, Workers: 4
[3844.676s][debug][gc,phases      ] GC(161)   ObjectSynchronizer Weak        Min:  0.0, Avg:  0.0, Max:  0.0, Diff:  0.0, Sum:  0.0, Workers: 4
[3844.676s][debug][gc,phases      ] GC(161)     Dead                           Min: 0, Avg:  0.0, Max: 0, Diff: 0, Sum: 0, Workers: 4
[3844.676s][debug][gc,phases      ] GC(161)     Total                          Min: 0, Avg:  1.0, Max: 4, Diff: 4, Sum: 4, Workers: 4
[3844.676s][debug][gc,phases      ] GC(161)   JVMTI Tag Weak OopStorage      Min:  0.0, Avg:  0.0, Max:  0.0, Diff:  0.0, Sum:  0.0, Workers: 4
[3844.676s][debug][gc,phases      ] GC(161)     Dead                           Min: 0, Avg:  0.0, Max: 0, Diff: 0, Sum: 0, Workers: 4
[3844.676s][debug][gc,phases      ] GC(161)     Total                          Min: 0, Avg:  0.0, Max: 0, Diff: 0, Sum: 0, Workers: 4
[3844.676s][debug][gc,phases      ] GC(161)   StringTable Weak               Min:  0.0, Avg:  0.1, Max:  0.1, Diff:  0.1, Sum:  0.4, Workers: 4
[3844.676s][debug][gc,phases      ] GC(161)     Dead                           Min: 0, Avg:  0.0, Max: 0, Diff: 0, Sum: 0, Workers: 4
[3844.676s][debug][gc,phases      ] GC(161)     Total                          Min: 0, Avg: 11883.8, Max: 20736, Diff: 20736, Sum: 47535, Workers: 4
[3844.676s][debug][gc,phases      ] GC(161)   ResolvedMethodTable Weak       Min:  0.0, Avg:  0.0, Max:  0.0, Diff:  0.0, Sum:  0.1, Workers: 4
[3844.676s][debug][gc,phases      ] GC(161)     Dead                           Min: 0, Avg:  0.5, Max: 2, Diff: 2, Sum: 2, Workers: 4
[3844.676s][debug][gc,phases      ] GC(161)     Total                          Min: 0, Avg: 3997.2, Max: 6677, Diff: 6677, Sum: 15989, Workers: 4
[3844.676s][debug][gc,phases      ] GC(161)   JNI Weak                       Min:  0.0, Avg:  0.0, Max:  0.0, Diff:  0.0, Sum:  0.0, Workers: 4
[3844.676s][debug][gc,phases      ] GC(161)     Dead                           Min: 0, Avg:  0.0, Max: 0, Diff: 0, Sum: 0, Workers: 4
[3844.676s][debug][gc,phases      ] GC(161)     Total                          Min: 0, Avg: 13.0, Max: 52, Diff: 52, Sum: 52, Workers: 4
[3844.676s][debug][gc,phases      ] GC(161)   StringDedup Table Weak         Min:  0.0, Avg:  0.0, Max:  0.0, Diff:  0.0, Sum:  0.0, Workers: 4
[3844.676s][debug][gc,phases      ] GC(161)     Dead                           Min: 0, Avg:  0.0, Max: 0, Diff: 0, Sum: 0, Workers: 4
[3844.676s][debug][gc,phases      ] GC(161)     Total                          Min: 0, Avg:  0.0, Max: 0, Diff: 0, Sum: 0, Workers: 4
[3844.676s][debug][gc,phases      ] GC(161)   StringDedup Requests0 Weak     Min:  0.0, Avg:  0.0, Max:  0.0, Diff:  0.0, Sum:  0.0, Workers: 4
[3844.676s][debug][gc,phases      ] GC(161)     Dead                           Min: 0, Avg:  0.0, Max: 0, Diff: 0, Sum: 0, Workers: 4
[3844.676s][debug][gc,phases      ] GC(161)     Total                          Min: 0, Avg:  0.0, Max: 0, Diff: 0, Sum: 0, Workers: 4
[3844.676s][debug][gc,phases      ] GC(161)   StringDedup Requests1 Weak     Min:  0.0, Avg:  0.0, Max:  0.0, Diff:  0.0, Sum:  0.0, Workers: 4
[3844.676s][debug][gc,phases      ] GC(161)     Dead                           Min: 0, Avg:  0.0, Max: 0, Diff: 0, Sum: 0, Workers: 4
[3844.676s][debug][gc,phases      ] GC(161)     Total                          Min: 0, Avg:  0.0, Max: 0, Diff: 0, Sum: 0, Workers: 4
[3844.676s][debug][gc,phases      ] GC(161)   Weak JFR Old Object Samples    Min:  0.0, Avg:  0.0, Max:  0.0, Diff:  0.0, Sum:  0.0, Workers: 4
[3844.676s][debug][gc,phases      ] GC(161)     Dead                           Min: 0, Avg:  0.0, Max: 0, Diff: 0, Sum: 0, Workers: 4
[3844.676s][debug][gc,phases      ] GC(161)     Total                          Min: 0, Avg:  0.0, Max: 0, Diff: 0, Sum: 0, Workers: 4
[3844.676s][debug][gc,phases      ] GC(161) Weak Processing 0.364ms
[3844.676s][debug][gc,age         ] GC(161) Desired survivor size 59768832 bytes, new threshold 1 (max threshold 15)
[3844.676s][info ][gc,heap        ] GC(161) PSYoungGen: 2020257K(2037760K)->36322K(2019840K) Eden: 1983488K(1983488K)->0K(1983488K) From: 36769K(54272K)->36322K(36352K)
[3844.676s][info ][gc,heap        ] GC(161) ParOldGen: 1990224K(1990656K)->2022357K(2022400K)
[3844.676s][info ][gc,metaspace   ] GC(161) Metaspace: 110875K(112256K)->110875K(112256K) NonClass: 94342K(95104K)->94342K(95104K) Class: 16533K(17152K)->16533K(17152K)
[3844.676s][info ][gc             ] GC(161) Pause Young (Allocation Failure) 3916M->2010M(3947M) 32.031ms
[3844.676s][info ][gc,cpu         ] GC(161) User=0.10s Sys=0.03s Real=0.03s
[3844.676s][info ][safepoint      ] Safepoint "ParallelGCFailedAllocation", Time since last: 157105786 ns, Reaching safepoint: 79000 ns, Cleanup: 9900 ns, At safepoint: 32318924 ns, Total: 32407824 ns
[3845.676s][info ][safepoint      ] Safepoint "Cleanup", Time since last: 1000092213 ns, Reaching safepoint: 5600 ns, Cleanup: 14600 ns, At safepoint: 2200 ns, Total: 22400 ns
[3847.676s][info ][safepoint      ] Safepoint "Cleanup", Time since last: 2000175754 ns, Reaching safepoint: 6000 ns, Cleanup: 14800 ns, At safepoint: 2400 ns, Total: 23200 ns
[3848.677s][info ][safepoint      ] Safepoint "Cleanup", Time since last: 1000122655 ns, Reaching safepoint: 77400 ns, Cleanup: 8600 ns, At safepoint: 5200 ns, Total: 91200 ns
[3849.677s][info ][safepoint      ] Safepoint "Cleanup", Time since last: 1000108755 ns, Reaching safepoint: 79000 ns, Cleanup: 18201 ns, At safepoint: 6400 ns, Total: 103601 ns
[3850.677s][info ][safepoint      ] Safepoint "Cleanup", Time since last: 1000122554 ns, Reaching safepoint: 78401 ns, Cleanup: 15300 ns, At safepoint: 12300 ns, Total: 106001 ns
[3850.961s][info ][gc,start       ] GC(162) Pause Young (Allocation Failure)
[3850.993s][debug][gc,phases      ] GC(162) Scavenge 31.613ms
[3850.993s][debug][gc,ref         ] GC(162) Skipped SoftWeakFinalRefsPhase of Reference Processing: no references
[3850.993s][debug][gc,ref         ] GC(162) Skipped KeepAliveFinalRefsPhase of Reference Processing: no references
[3850.993s][debug][gc,ref         ] GC(162) ReferenceProcessor::execute queues: 1, RefProcThreadModel::Single, marks_oops_alive: false
[3850.993s][debug][gc,phases      ] GC(162) Reference Processing 0.090ms
[3850.993s][debug][gc,phases      ] GC(162)   VM Weak                        Min:  0.0, Avg:  0.0, Max:  0.0, Diff:  0.0, Sum:  0.0, Workers: 4
[3850.993s][debug][gc,phases      ] GC(162)     Dead                           Min: 0, Avg:  0.0, Max: 0, Diff: 0, Sum: 0, Workers: 4
[3850.993s][debug][gc,phases      ] GC(162)     Total                          Min: 0, Avg: 276.8, Max: 595, Diff: 595, Sum: 1107, Workers: 4
[3850.993s][debug][gc,phases      ] GC(162)   ObjectSynchronizer Weak        Min:  0.0, Avg:  0.0, Max:  0.0, Diff:  0.0, Sum:  0.0, Workers: 4
[3850.993s][debug][gc,phases      ] GC(162)     Dead                           Min: 0, Avg:  0.0, Max: 0, Diff: 0, Sum: 0, Workers: 4
[3850.993s][debug][gc,phases      ] GC(162)     Total                          Min: 0, Avg:  1.5, Max: 6, Diff: 6, Sum: 6, Workers: 4
[3850.993s][debug][gc,phases      ] GC(162)   JVMTI Tag Weak OopStorage      Min:  0.0, Avg:  0.0, Max:  0.0, Diff:  0.0, Sum:  0.0, Workers: 4
[3850.993s][debug][gc,phases      ] GC(162)     Dead                           Min: 0, Avg:  0.0, Max: 0, Diff: 0, Sum: 0, Workers: 4
[3850.993s][debug][gc,phases      ] GC(162)     Total                          Min: 0, Avg:  0.0, Max: 0, Diff: 0, Sum: 0, Workers: 4
[3850.993s][debug][gc,phases      ] GC(162)   StringTable Weak               Min:  0.1, Avg:  0.1, Max:  0.1, Diff:  0.0, Sum:  0.5, Workers: 4
[3850.993s][debug][gc,phases      ] GC(162)     Dead                           Min: 0, Avg:  0.0, Max: 0, Diff: 0, Sum: 0, Workers: 4
[3850.993s][debug][gc,phases      ] GC(162)     Total                          Min: 11632, Avg: 11883.8, Max: 12160, Diff: 528, Sum: 47535, Workers: 4
[3850.993s][debug][gc,phases      ] GC(162)   ResolvedMethodTable Weak       Min:  0.0, Avg:  0.0, Max:  0.0, Diff:  0.0, Sum:  0.2, Workers: 4
[3850.993s][debug][gc,phases      ] GC(162)     Dead                           Min: 0, Avg:  4.0, Max: 12, Diff: 12, Sum: 16, Workers: 4
[3850.993s][debug][gc,phases      ] GC(162)     Total                          Min: 3723, Avg: 3997.2, Max: 4393, Diff: 670, Sum: 15989, Workers: 4
[3850.993s][debug][gc,phases      ] GC(162)   JNI Weak                       Min:  0.0, Avg:  0.0, Max:  0.0, Diff:  0.0, Sum:  0.0, Workers: 4
[3850.993s][debug][gc,phases      ] GC(162)     Dead                           Min: 0, Avg:  0.0, Max: 0, Diff: 0, Sum: 0, Workers: 4
[3850.993s][debug][gc,phases      ] GC(162)     Total                          Min: 0, Avg: 13.0, Max: 52, Diff: 52, Sum: 52, Workers: 4
[3850.993s][debug][gc,phases      ] GC(162)   StringDedup Table Weak         Min:  0.0, Avg:  0.0, Max:  0.0, Diff:  0.0, Sum:  0.0, Workers: 4
[3850.993s][debug][gc,phases      ] GC(162)     Dead                           Min: 0, Avg:  0.0, Max: 0, Diff: 0, Sum: 0, Workers: 4
[3850.993s][debug][gc,phases      ] GC(162)     Total                          Min: 0, Avg:  0.0, Max: 0, Diff: 0, Sum: 0, Workers: 4
[3850.993s][debug][gc,phases      ] GC(162)   StringDedup Requests0 Weak     Min:  0.0, Avg:  0.0, Max:  0.0, Diff:  0.0, Sum:  0.0, Workers: 4
[3850.993s][debug][gc,phases      ] GC(162)     Dead                           Min: 0, Avg:  0.0, Max: 0, Diff: 0, Sum: 0, Workers: 4
[3850.993s][debug][gc,phases      ] GC(162)     Total                          Min: 0, Avg:  0.0, Max: 0, Diff: 0, Sum: 0, Workers: 4
[3850.993s][debug][gc,phases      ] GC(162)   StringDedup Requests1 Weak     Min:  0.0, Avg:  0.0, Max:  0.0, Diff:  0.0, Sum:  0.0, Workers: 4
[3850.993s][debug][gc,phases      ] GC(162)     Dead                           Min: 0, Avg:  0.0, Max: 0, Diff: 0, Sum: 0, Workers: 4
[3850.993s][debug][gc,phases      ] GC(162)     Total                          Min: 0, Avg:  0.0, Max: 0, Diff: 0, Sum: 0, Workers: 4
[3850.993s][debug][gc,phases      ] GC(162)   Weak JFR Old Object Samples    Min:  0.0, Avg:  0.0, Max:  0.0, Diff:  0.0, Sum:  0.0, Workers: 4
[3850.993s][debug][gc,phases      ] GC(162)     Dead                           Min: 0, Avg:  0.0, Max: 0, Diff: 0, Sum: 0, Workers: 4
[3850.993s][debug][gc,phases      ] GC(162)     Total                          Min: 0, Avg:  0.0, Max: 0, Diff: 0, Sum: 0, Workers: 4
[3850.993s][debug][gc,phases      ] GC(162) Weak Processing 0.351ms
[3850.993s][debug][gc,age         ] GC(162) Desired survivor size 58720256 bytes, new threshold 1 (max threshold 15)
[3850.993s][info ][gc,heap        ] GC(162) PSYoungGen: 2019810K(2019840K)->31696K(2039808K) Eden: 1983488K(1983488K)->0K(1981440K) From: 36322K(36352K)->31696K(58368K)
[3850.993s][info ][gc,heap        ] GC(162) ParOldGen: 2022357K(2022400K)->2055365K(2055680K)
[3850.993s][info ][gc,metaspace   ] GC(162) Metaspace: 110888K(112256K)->110888K(112256K) NonClass: 94354K(95104K)->94354K(95104K) Class: 16533K(17152K)->16533K(17152K)
[3850.993s][info ][gc             ] GC(162) Pause Young (Allocation Failure) 3947M->2038M(3999M) 32.177ms
[3850.993s][info ][gc,cpu         ] GC(162) User=0.08s Sys=0.03s Real=0.03s
[3850.993s][info ][safepoint      ] Safepoint "ParallelGCFailedAllocation", Time since last: 283893574 ns, Reaching safepoint: 77301 ns, Cleanup: 10400 ns, At safepoint: 32251724 ns, Total: 32339425 ns
[3852.994s][info ][safepoint      ] Safepoint "Cleanup", Time since last: 2000163509 ns, Reaching safepoint: 80801 ns, Cleanup: 7700 ns, At safepoint: 7600 ns, Total: 96101 ns
[3853.994s][info ][safepoint      ] Safepoint "Cleanup", Time since last: 1000115054 ns, Reaching safepoint: 5700 ns, Cleanup: 17300 ns, At safepoint: 2600 ns, Total: 25600 ns
[3855.807s][info ][gc,start       ] GC(163) Pause Young (Allocation Failure)
[3855.836s][debug][gc,phases      ] GC(163) Scavenge 29.595ms
[3855.836s][debug][gc,ref         ] GC(163) ReferenceProcessor::execute queues: 1, RefProcThreadModel::Single, marks_oops_alive: false
[3855.836s][debug][gc,ref         ] GC(163) Skipped KeepAliveFinalRefsPhase of Reference Processing: no references
[3855.836s][debug][gc,ref         ] GC(163) ReferenceProcessor::execute queues: 1, RefProcThreadModel::Single, marks_oops_alive: false
[3855.836s][debug][gc,phases      ] GC(163) Reference Processing 0.097ms
[3855.837s][debug][gc,phases      ] GC(163)   VM Weak                        Min:  0.0, Avg:  0.0, Max:  0.0, Diff:  0.0, Sum:  0.0, Workers: 4
[3855.837s][debug][gc,phases      ] GC(163)     Dead                           Min: 0, Avg:  0.0, Max: 0, Diff: 0, Sum: 0, Workers: 4
[3855.837s][debug][gc,phases      ] GC(163)     Total                          Min: 0, Avg: 276.8, Max: 896, Diff: 896, Sum: 1107, Workers: 4
[3855.837s][debug][gc,phases      ] GC(163)   ObjectSynchronizer Weak        Min:  0.0, Avg:  0.0, Max:  0.0, Diff:  0.0, Sum:  0.0, Workers: 4
[3855.837s][debug][gc,phases      ] GC(163)     Dead                           Min: 0, Avg:  0.0, Max: 0, Diff: 0, Sum: 0, Workers: 4
[3855.837s][debug][gc,phases      ] GC(163)     Total                          Min: 0, Avg:  1.5, Max: 6, Diff: 6, Sum: 6, Workers: 4
[3855.837s][debug][gc,phases      ] GC(163)   JVMTI Tag Weak OopStorage      Min:  0.0, Avg:  0.0, Max:  0.0, Diff:  0.0, Sum:  0.0, Workers: 4
[3855.837s][debug][gc,phases      ] GC(163)     Dead                           Min: 0, Avg:  0.0, Max: 0, Diff: 0, Sum: 0, Workers: 4
[3855.837s][debug][gc,phases      ] GC(163)     Total                          Min: 0, Avg:  0.0, Max: 0, Diff: 0, Sum: 0, Workers: 4
[3855.837s][debug][gc,phases      ] GC(163)   StringTable Weak               Min:  0.0, Avg:  0.1, Max:  0.1, Diff:  0.1, Sum:  0.4, Workers: 4
[3855.837s][debug][gc,phases      ] GC(163)     Dead                           Min: 0, Avg:  0.8, Max: 3, Diff: 3, Sum: 3, Workers: 4
[3855.837s][debug][gc,phases      ] GC(163)     Total                          Min: 0, Avg: 11888.2, Max: 20608, Diff: 20608, Sum: 47553, Workers: 4
[3855.837s][debug][gc,phases      ] GC(163)   ResolvedMethodTable Weak       Min:  0.0, Avg:  0.0, Max:  0.1, Diff:  0.1, Sum:  0.2, Workers: 4
[3855.837s][debug][gc,phases      ] GC(163)     Dead                           Min: 0, Avg:  2.8, Max: 7, Diff: 7, Sum: 11, Workers: 4
[3855.837s][debug][gc,phases      ] GC(163)     Total                          Min: 0, Avg: 4003.2, Max: 6801, Diff: 6801, Sum: 16013, Workers: 4
[3855.837s][debug][gc,phases      ] GC(163)   JNI Weak                       Min:  0.0, Avg:  0.0, Max:  0.0, Diff:  0.0, Sum:  0.0, Workers: 4
[3855.837s][debug][gc,phases      ] GC(163)     Dead                           Min: 0, Avg:  0.0, Max: 0, Diff: 0, Sum: 0, Workers: 4
[3855.837s][debug][gc,phases      ] GC(163)     Total                          Min: 0, Avg: 13.0, Max: 52, Diff: 52, Sum: 52, Workers: 4
[3855.837s][debug][gc,phases      ] GC(163)   StringDedup Table Weak         Min:  0.0, Avg:  0.0, Max:  0.0, Diff:  0.0, Sum:  0.0, Workers: 4
[3855.837s][debug][gc,phases      ] GC(163)     Dead                           Min: 0, Avg:  0.0, Max: 0, Diff: 0, Sum: 0, Workers: 4
[3855.837s][debug][gc,phases      ] GC(163)     Total                          Min: 0, Avg:  0.0, Max: 0, Diff: 0, Sum: 0, Workers: 4
[3855.837s][debug][gc,phases      ] GC(163)   StringDedup Requests0 Weak     Min:  0.0, Avg:  0.0, Max:  0.0, Diff:  0.0, Sum:  0.0, Workers: 4
[3855.837s][debug][gc,phases      ] GC(163)     Dead                           Min: 0, Avg:  0.0, Max: 0, Diff: 0, Sum: 0, Workers: 4
[3855.837s][debug][gc,phases      ] GC(163)     Total                          Min: 0, Avg:  0.0, Max: 0, Diff: 0, Sum: 0, Workers: 4
[3855.837s][debug][gc,phases      ] GC(163)   StringDedup Requests1 Weak     Min:  0.0, Avg:  0.0, Max:  0.0, Diff:  0.0, Sum:  0.0, Workers: 4
[3855.837s][debug][gc,phases      ] GC(163)     Dead                           Min: 0, Avg:  0.0, Max: 0, Diff: 0, Sum: 0, Workers: 4
[3855.837s][debug][gc,phases      ] GC(163)     Total                          Min: 0, Avg:  0.0, Max: 0, Diff: 0, Sum: 0, Workers: 4
[3855.837s][debug][gc,phases      ] GC(163)   Weak JFR Old Object Samples    Min:  0.0, Avg:  0.0, Max:  0.0, Diff:  0.0, Sum:  0.0, Workers: 4
[3855.837s][debug][gc,phases      ] GC(163)     Dead                           Min: 0, Avg:  0.0, Max: 0, Diff: 0, Sum: 0, Workers: 4
[3855.837s][debug][gc,phases      ] GC(163)     Total                          Min: 0, Avg:  0.0, Max: 0, Diff: 0, Sum: 0, Workers: 4
[3855.837s][debug][gc,phases      ] GC(163) Weak Processing 0.348ms
[3855.837s][debug][gc,age         ] GC(163) Desired survivor size 58720256 bytes, new threshold 1 (max threshold 15)
[3855.837s][info ][gc,heap        ] GC(163) PSYoungGen: 2013136K(2039808K)->34416K(2038784K) Eden: 1981440K(1981440K)->0K(1981440K) From: 31696K(58368K)->34416K(57344K)
[3855.837s][info ][gc,heap        ] GC(163) ParOldGen: 2055365K(2055680K)->2083964K(2084352K)
[3855.837s][info ][gc,metaspace   ] GC(163) Metaspace: 110949K(112320K)->110949K(112320K) NonClass: 94407K(95168K)->94407K(95168K) Class: 16541K(17152K)->16541K(17152K)
[3855.837s][info ][gc             ] GC(163) Pause Young (Allocation Failure) 3973M->2068M(4026M) 30.151ms
[3855.837s][info ][gc,cpu         ] GC(163) User=0.09s Sys=0.02s Real=0.03s
[3855.837s][info ][safepoint      ] Safepoint "ParallelGCFailedAllocation", Time since last: 1812755079 ns, Reaching safepoint: 77501 ns, Cleanup: 14300 ns, At safepoint: 30482127 ns, Total: 30573928 ns
[3856.837s][info ][safepoint      ] Safepoint "Cleanup", Time since last: 1000104541 ns, Reaching safepoint: 79500 ns, Cleanup: 10601 ns, At safepoint: 10500 ns, Total: 100601 ns
[3857.837s][info ][safepoint      ] Safepoint "Cleanup", Time since last: 1000120541 ns, Reaching safepoint: 78900 ns, Cleanup: 14401 ns, At safepoint: 11000 ns, Total: 104301 ns
[3861.262s][info ][gc,start       ] GC(164) Pause Young (Allocation Failure)
[3861.291s][debug][gc,phases      ] GC(164) Scavenge 29.316ms
[3861.291s][debug][gc,ref         ] GC(164) Skipped SoftWeakFinalRefsPhase of Reference Processing: no references
[3861.291s][debug][gc,ref         ] GC(164) Skipped KeepAliveFinalRefsPhase of Reference Processing: no references
[3861.291s][debug][gc,ref         ] GC(164) ReferenceProcessor::execute queues: 1, RefProcThreadModel::Single, marks_oops_alive: false
[3861.291s][debug][gc,phases      ] GC(164) Reference Processing 0.093ms
[3861.291s][debug][gc,phases      ] GC(164)   VM Weak                        Min:  0.0, Avg:  0.0, Max:  0.0, Diff:  0.0, Sum:  0.0, Workers: 4
[3861.292s][debug][gc,phases      ] GC(164)     Dead                           Min: 0, Avg:  0.0, Max: 0, Diff: 0, Sum: 0, Workers: 4
[3861.292s][debug][gc,phases      ] GC(164)     Total                          Min: 0, Avg: 276.8, Max: 595, Diff: 595, Sum: 1107, Workers: 4
[3861.292s][debug][gc,phases      ] GC(164)   ObjectSynchronizer Weak        Min:  0.0, Avg:  0.0, Max:  0.0, Diff:  0.0, Sum:  0.0, Workers: 4
[3861.292s][debug][gc,phases      ] GC(164)     Dead                           Min: 0, Avg:  0.0, Max: 0, Diff: 0, Sum: 0, Workers: 4
[3861.292s][debug][gc,phases      ] GC(164)     Total                          Min: 0, Avg:  1.5, Max: 6, Diff: 6, Sum: 6, Workers: 4
[3861.292s][debug][gc,phases      ] GC(164)   JVMTI Tag Weak OopStorage      Min:  0.0, Avg:  0.0, Max:  0.0, Diff:  0.0, Sum:  0.0, Workers: 4
[3861.292s][debug][gc,phases      ] GC(164)     Dead                           Min: 0, Avg:  0.0, Max: 0, Diff: 0, Sum: 0, Workers: 4
[3861.292s][debug][gc,phases      ] GC(164)     Total                          Min: 0, Avg:  0.0, Max: 0, Diff: 0, Sum: 0, Workers: 4
[3861.292s][debug][gc,phases      ] GC(164)   StringTable Weak               Min:  0.0, Avg:  0.1, Max:  0.1, Diff:  0.1, Sum:  0.4, Workers: 4
[3861.292s][debug][gc,phases      ] GC(164)     Dead                           Min: 0, Avg:  0.0, Max: 0, Diff: 0, Sum: 0, Workers: 4
[3861.292s][debug][gc,phases      ] GC(164)     Total                          Min: 0, Avg: 11888.2, Max: 20097, Diff: 20097, Sum: 47553, Workers: 4
[3861.292s][debug][gc,phases      ] GC(164)   ResolvedMethodTable Weak       Min:  0.0, Avg:  0.0, Max:  0.0, Diff:  0.0, Sum:  0.1, Workers: 4
[3861.292s][debug][gc,phases      ] GC(164)     Dead                           Min: 0, Avg:  0.0, Max: 0, Diff: 0, Sum: 0, Workers: 4
[3861.292s][debug][gc,phases      ] GC(164)     Total                          Min: 0, Avg: 4003.2, Max: 6762, Diff: 6762, Sum: 16013, Workers: 4
[3861.292s][debug][gc,phases      ] GC(164)   JNI Weak                       Min:  0.0, Avg:  0.0, Max:  0.0, Diff:  0.0, Sum:  0.0, Workers: 4
[3861.292s][debug][gc,phases      ] GC(164)     Dead                           Min: 0, Avg:  0.0, Max: 0, Diff: 0, Sum: 0, Workers: 4
[3861.292s][debug][gc,phases      ] GC(164)     Total                          Min: 0, Avg: 13.0, Max: 52, Diff: 52, Sum: 52, Workers: 4
[3861.292s][debug][gc,phases      ] GC(164)   StringDedup Table Weak         Min:  0.0, Avg:  0.0, Max:  0.0, Diff:  0.0, Sum:  0.0, Workers: 4
[3861.292s][debug][gc,phases      ] GC(164)     Dead                           Min: 0, Avg:  0.0, Max: 0, Diff: 0, Sum: 0, Workers: 4
[3861.292s][debug][gc,phases      ] GC(164)     Total                          Min: 0, Avg:  0.0, Max: 0, Diff: 0, Sum: 0, Workers: 4
[3861.292s][debug][gc,phases      ] GC(164)   StringDedup Requests0 Weak     Min:  0.0, Avg:  0.0, Max:  0.0, Diff:  0.0, Sum:  0.0, Workers: 4
[3861.292s][debug][gc,phases      ] GC(164)     Dead                           Min: 0, Avg:  0.0, Max: 0, Diff: 0, Sum: 0, Workers: 4
[3861.292s][debug][gc,phases      ] GC(164)     Total                          Min: 0, Avg:  0.0, Max: 0, Diff: 0, Sum: 0, Workers: 4
[3861.292s][debug][gc,phases      ] GC(164)   StringDedup Requests1 Weak     Min:  0.0, Avg:  0.0, Max:  0.0, Diff:  0.0, Sum:  0.0, Workers: 4
[3861.292s][debug][gc,phases      ] GC(164)     Dead                           Min: 0, Avg:  0.0, Max: 0, Diff: 0, Sum: 0, Workers: 4
[3861.292s][debug][gc,phases      ] GC(164)     Total                          Min: 0, Avg:  0.0, Max: 0, Diff: 0, Sum: 0, Workers: 4
[3861.292s][debug][gc,phases      ] GC(164)   Weak JFR Old Object Samples    Min:  0.0, Avg:  0.0, Max:  0.0, Diff:  0.0, Sum:  0.0, Workers: 4
[3861.292s][debug][gc,phases      ] GC(164)     Dead                           Min: 0, Avg:  0.0, Max: 0, Diff: 0, Sum: 0, Workers: 4
[3861.292s][debug][gc,phases      ] GC(164)     Total                          Min: 0, Avg:  0.0, Max: 0, Diff: 0, Sum: 0, Workers: 4
[3861.292s][debug][gc,phases      ] GC(164) Weak Processing 0.342ms
[3861.292s][debug][gc,age         ] GC(164) Desired survivor size 57671680 bytes, new threshold 1 (max threshold 15)
[3861.292s][info ][gc,heap        ] GC(164) PSYoungGen: 2015856K(2038784K)->31040K(2040832K) Eden: 1981440K(1981440K)->0K(1983488K) From: 34416K(57344K)->31040K(57344K)
[3861.292s][info ][gc,heap        ] GC(164) ParOldGen: 2083964K(2084352K)->2115585K(2116096K)
[3861.292s][info ][gc,metaspace   ] GC(164) Metaspace: 110953K(112320K)->110953K(112320K) NonClass: 94411K(95168K)->94411K(95168K) Class: 16541K(17152K)->16541K(17152K)
[3861.292s][info ][gc             ] GC(164) Pause Young (Allocation Failure) 4003M->2096M(4059M) 29.861ms
[3861.292s][info ][gc,cpu         ] GC(164) User=0.08s Sys=0.03s Real=0.03s
[3861.292s][info ][safepoint      ] Safepoint "ParallelGCFailedAllocation", Time since last: 3424252777 ns, Reaching safepoint: 78901 ns, Cleanup: 3800 ns, At safepoint: 29930223 ns, Total: 30012924 ns
[3865.292s][info ][safepoint      ] Safepoint "Cleanup", Time since last: 4000252129 ns, Reaching safepoint: 6300 ns, Cleanup: 11300 ns, At safepoint: 2600 ns, Total: 20200 ns
[3867.292s][info ][safepoint      ] Safepoint "Cleanup", Time since last: 2000166969 ns, Reaching safepoint: 6100 ns, Cleanup: 8800 ns, At safepoint: 2700 ns, Total: 17600 ns
[3877.071s][info ][gc,start       ] GC(165) Pause Young (Allocation Failure)
[3877.095s][debug][gc,phases      ] GC(165) Scavenge 24.222ms
[3877.095s][debug][gc,ref         ] GC(165) ReferenceProcessor::execute queues: 1, RefProcThreadModel::Single, marks_oops_alive: false
[3877.095s][debug][gc,ref         ] GC(165) Skipped KeepAliveFinalRefsPhase of Reference Processing: no references
[3877.095s][debug][gc,ref         ] GC(165) ReferenceProcessor::execute queues: 1, RefProcThreadModel::Single, marks_oops_alive: false
[3877.095s][debug][gc,phases      ] GC(165) Reference Processing 0.101ms
[3877.096s][debug][gc,phases      ] GC(165)   VM Weak                        Min:  0.0, Avg:  0.0, Max:  0.0, Diff:  0.0, Sum:  0.0, Workers: 4
[3877.096s][debug][gc,phases      ] GC(165)     Dead                           Min: 0, Avg:  0.0, Max: 0, Diff: 0, Sum: 0, Workers: 4
[3877.096s][debug][gc,phases      ] GC(165)     Total                          Min: 0, Avg: 276.8, Max: 467, Diff: 467, Sum: 1107, Workers: 4
[3877.096s][debug][gc,phases      ] GC(165)   ObjectSynchronizer Weak        Min:  0.0, Avg:  0.0, Max:  0.0, Diff:  0.0, Sum:  0.0, Workers: 4
[3877.096s][debug][gc,phases      ] GC(165)     Dead                           Min: 0, Avg:  0.0, Max: 0, Diff: 0, Sum: 0, Workers: 4
[3877.096s][debug][gc,phases      ] GC(165)     Total                          Min: 0, Avg:  1.5, Max: 6, Diff: 6, Sum: 6, Workers: 4
[3877.096s][debug][gc,phases      ] GC(165)   JVMTI Tag Weak OopStorage      Min:  0.0, Avg:  0.0, Max:  0.0, Diff:  0.0, Sum:  0.0, Workers: 4
[3877.096s][debug][gc,phases      ] GC(165)     Dead                           Min: 0, Avg:  0.0, Max: 0, Diff: 0, Sum: 0, Workers: 4
[3877.096s][debug][gc,phases      ] GC(165)     Total                          Min: 0, Avg:  0.0, Max: 0, Diff: 0, Sum: 0, Workers: 4
[3877.096s][debug][gc,phases      ] GC(165)   StringTable Weak               Min:  0.0, Avg:  0.1, Max:  0.1, Diff:  0.1, Sum:  0.4, Workers: 4
[3877.096s][debug][gc,phases      ] GC(165)     Dead                           Min: 0, Avg:  0.0, Max: 0, Diff: 0, Sum: 0, Workers: 4
[3877.096s][debug][gc,phases      ] GC(165)     Total                          Min: 0, Avg: 11888.2, Max: 20481, Diff: 20481, Sum: 47553, Workers: 4
[3877.096s][debug][gc,phases      ] GC(165)   ResolvedMethodTable Weak       Min:  0.0, Avg:  0.0, Max:  0.0, Diff:  0.0, Sum:  0.1, Workers: 4
[3877.096s][debug][gc,phases      ] GC(165)     Dead                           Min: 0, Avg:  4.0, Max: 8, Diff: 8, Sum: 16, Workers: 4
[3877.096s][debug][gc,phases      ] GC(165)     Total                          Min: 0, Avg: 4003.2, Max: 6917, Diff: 6917, Sum: 16013, Workers: 4
[3877.096s][debug][gc,phases      ] GC(165)   JNI Weak                       Min:  0.0, Avg:  0.0, Max:  0.0, Diff:  0.0, Sum:  0.0, Workers: 4
[3877.096s][debug][gc,phases      ] GC(165)     Dead                           Min: 0, Avg:  0.0, Max: 0, Diff: 0, Sum: 0, Workers: 4
[3877.096s][debug][gc,phases      ] GC(165)     Total                          Min: 0, Avg: 13.0, Max: 52, Diff: 52, Sum: 52, Workers: 4
[3877.096s][debug][gc,phases      ] GC(165)   StringDedup Table Weak         Min:  0.0, Avg:  0.0, Max:  0.0, Diff:  0.0, Sum:  0.0, Workers: 4
[3877.096s][debug][gc,phases      ] GC(165)     Dead                           Min: 0, Avg:  0.0, Max: 0, Diff: 0, Sum: 0, Workers: 4
[3877.096s][debug][gc,phases      ] GC(165)     Total                          Min: 0, Avg:  0.0, Max: 0, Diff: 0, Sum: 0, Workers: 4
[3877.096s][debug][gc,phases      ] GC(165)   StringDedup Requests0 Weak     Min:  0.0, Avg:  0.0, Max:  0.0, Diff:  0.0, Sum:  0.0, Workers: 4
[3877.096s][debug][gc,phases      ] GC(165)     Dead                           Min: 0, Avg:  0.0, Max: 0, Diff: 0, Sum: 0, Workers: 4
[3877.096s][debug][gc,phases      ] GC(165)     Total                          Min: 0, Avg:  0.0, Max: 0, Diff: 0, Sum: 0, Workers: 4
[3877.096s][debug][gc,phases      ] GC(165)   StringDedup Requests1 Weak     Min:  0.0, Avg:  0.0, Max:  0.0, Diff:  0.0, Sum:  0.0, Workers: 4
[3877.096s][debug][gc,phases      ] GC(165)     Dead                           Min: 0, Avg:  0.0, Max: 0, Diff: 0, Sum: 0, Workers: 4
[3877.096s][debug][gc,phases      ] GC(165)     Total                          Min: 0, Avg:  0.0, Max: 0, Diff: 0, Sum: 0, Workers: 4
[3877.096s][debug][gc,phases      ] GC(165)   Weak JFR Old Object Samples    Min:  0.0, Avg:  0.0, Max:  0.0, Diff:  0.0, Sum:  0.0, Workers: 4
[3877.096s][debug][gc,phases      ] GC(165)     Dead                           Min: 0, Avg:  0.0, Max: 0, Diff: 0, Sum: 0, Workers: 4
[3877.096s][debug][gc,phases      ] GC(165)     Total                          Min: 0, Avg:  0.0, Max: 0, Diff: 0, Sum: 0, Workers: 4
[3877.096s][debug][gc,phases      ] GC(165) Weak Processing 0.361ms
[3877.096s][debug][gc,age         ] GC(165) Desired survivor size 54525952 bytes, new threshold 1 (max threshold 15)
[3877.096s][info ][gc,heap        ] GC(165) PSYoungGen: 2014528K(2040832K)->25408K(2039808K) Eden: 1983488K(1983488K)->0K(1983488K) From: 31040K(57344K)->25408K(56320K)
[3877.096s][info ][gc,heap        ] GC(165) ParOldGen: 2115585K(2116096K)->2142739K(2143232K)
[3877.096s][info ][gc,metaspace   ] GC(165) Metaspace: 110961K(112320K)->110961K(112320K) NonClass: 94419K(95168K)->94419K(95168K) Class: 16541K(17152K)->16541K(17152K)
[3877.096s][info ][gc             ] GC(165) Pause Young (Allocation Failure) 4033M->2117M(4085M) 24.801ms
[3877.096s][info ][gc,cpu         ] GC(165) User=0.08s Sys=0.02s Real=0.02s
[3877.096s][info ][safepoint      ] Safepoint "ParallelGCFailedAllocation", Time since last: 9778783515 ns, Reaching safepoint: 5900 ns, Cleanup: 7400 ns, At safepoint: 24869281 ns, Total: 24882581 ns
[3878.096s][info ][safepoint      ] Safepoint "Cleanup", Time since last: 1000091095 ns, Reaching safepoint: 76701 ns, Cleanup: 14400 ns, At safepoint: 5300 ns, Total: 96401 ns
[3880.096s][info ][safepoint      ] Safepoint "Cleanup", Time since last: 2000164765 ns, Reaching safepoint: 5200 ns, Cleanup: 9100 ns, At safepoint: 2700 ns, Total: 17000 ns
[3883.096s][info ][safepoint      ] Safepoint "Cleanup", Time since last: 3000226768 ns, Reaching safepoint: 5600 ns, Cleanup: 8700 ns, At safepoint: 2200 ns, Total: 16500 ns
[3885.097s][info ][safepoint      ] Safepoint "Cleanup", Time since last: 2000169795 ns, Reaching safepoint: 6100 ns, Cleanup: 7100 ns, At safepoint: 2300 ns, Total: 15500 ns
[3886.097s][info ][safepoint      ] Safepoint "Cleanup", Time since last: 1000101423 ns, Reaching safepoint: 6700 ns, Cleanup: 10500 ns, At safepoint: 2900 ns, Total: 20100 ns
[3887.097s][info ][safepoint      ] Safepoint "Cleanup", Time since last: 1000129920 ns, Reaching safepoint: 5700 ns, Cleanup: 8900 ns, At safepoint: 2300 ns, Total: 16900 ns
[3890.097s][info ][safepoint      ] Safepoint "Cleanup", Time since last: 3000239678 ns, Reaching safepoint: 5700 ns, Cleanup: 10100 ns, At safepoint: 2900 ns, Total: 18700 ns
[3892.097s][info ][safepoint      ] Safepoint "Cleanup", Time since last: 2000204086 ns, Reaching safepoint: 5900 ns, Cleanup: 13600 ns, At safepoint: 2900 ns, Total: 22400 ns
[3894.606s][info ][gc,start       ] GC(166) Pause Young (Allocation Failure)
[3894.630s][debug][gc,phases      ] GC(166) Scavenge 23.420ms
[3894.630s][debug][gc,ref         ] GC(166) Skipped SoftWeakFinalRefsPhase of Reference Processing: no references
[3894.630s][debug][gc,ref         ] GC(166) Skipped KeepAliveFinalRefsPhase of Reference Processing: no references
[3894.630s][debug][gc,ref         ] GC(166) Skipped PhantomRefsPhase of Reference Processing: no references
[3894.630s][debug][gc,phases      ] GC(166) Reference Processing 0.019ms
[3894.630s][debug][gc,phases      ] GC(166)   VM Weak                        Min:  0.0, Avg:  0.0, Max:  0.0, Diff:  0.0, Sum:  0.0, Workers: 4
[3894.630s][debug][gc,phases      ] GC(166)     Dead                           Min: 0, Avg:  0.0, Max: 0, Diff: 0, Sum: 0, Workers: 4
[3894.630s][debug][gc,phases      ] GC(166)     Total                          Min: 0, Avg: 276.8, Max: 512, Diff: 512, Sum: 1107, Workers: 4
[3894.630s][debug][gc,phases      ] GC(166)   ObjectSynchronizer Weak        Min:  0.0, Avg:  0.0, Max:  0.0, Diff:  0.0, Sum:  0.0, Workers: 4
[3894.630s][debug][gc,phases      ] GC(166)     Dead                           Min: 0, Avg:  0.0, Max: 0, Diff: 0, Sum: 0, Workers: 4
[3894.630s][debug][gc,phases      ] GC(166)     Total                          Min: 0, Avg:  1.5, Max: 6, Diff: 6, Sum: 6, Workers: 4
[3894.630s][debug][gc,phases      ] GC(166)   JVMTI Tag Weak OopStorage      Min:  0.0, Avg:  0.0, Max:  0.0, Diff:  0.0, Sum:  0.0, Workers: 4
[3894.630s][debug][gc,phases      ] GC(166)     Dead                           Min: 0, Avg:  0.0, Max: 0, Diff: 0, Sum: 0, Workers: 4
[3894.630s][debug][gc,phases      ] GC(166)     Total                          Min: 0, Avg:  0.0, Max: 0, Diff: 0, Sum: 0, Workers: 4
[3894.630s][debug][gc,phases      ] GC(166)   StringTable Weak               Min:  0.0, Avg:  0.1, Max:  0.1, Diff:  0.1, Sum:  0.4, Workers: 4
[3894.630s][debug][gc,phases      ] GC(166)     Dead                           Min: 0, Avg:  0.0, Max: 0, Diff: 0, Sum: 0, Workers: 4
[3894.630s][debug][gc,phases      ] GC(166)     Total                          Min: 0, Avg: 11889.5, Max: 20736, Diff: 20736, Sum: 47558, Workers: 4
[3894.630s][debug][gc,phases      ] GC(166)   ResolvedMethodTable Weak       Min:  0.0, Avg:  0.0, Max:  0.0, Diff:  0.0, Sum:  0.1, Workers: 4
[3894.630s][debug][gc,phases      ] GC(166)     Dead                           Min: 0, Avg:  0.0, Max: 0, Diff: 0, Sum: 0, Workers: 4
[3894.630s][debug][gc,phases      ] GC(166)     Total                          Min: 0, Avg: 4003.2, Max: 6793, Diff: 6793, Sum: 16013, Workers: 4
[3894.630s][debug][gc,phases      ] GC(166)   JNI Weak                       Min:  0.0, Avg:  0.0, Max:  0.0, Diff:  0.0, Sum:  0.0, Workers: 4
[3894.630s][debug][gc,phases      ] GC(166)     Dead                           Min: 0, Avg:  0.0, Max: 0, Diff: 0, Sum: 0, Workers: 4
[3894.630s][debug][gc,phases      ] GC(166)     Total                          Min: 0, Avg: 13.0, Max: 52, Diff: 52, Sum: 52, Workers: 4
[3894.630s][debug][gc,phases      ] GC(166)   StringDedup Table Weak         Min:  0.0, Avg:  0.0, Max:  0.0, Diff:  0.0, Sum:  0.0, Workers: 4
[3894.630s][debug][gc,phases      ] GC(166)     Dead                           Min: 0, Avg:  0.0, Max: 0, Diff: 0, Sum: 0, Workers: 4
[3894.630s][debug][gc,phases      ] GC(166)     Total                          Min: 0, Avg:  0.0, Max: 0, Diff: 0, Sum: 0, Workers: 4
[3894.630s][debug][gc,phases      ] GC(166)   StringDedup Requests0 Weak     Min:  0.0, Avg:  0.0, Max:  0.0, Diff:  0.0, Sum:  0.0, Workers: 4
[3894.630s][debug][gc,phases      ] GC(166)     Dead                           Min: 0, Avg:  0.0, Max: 0, Diff: 0, Sum: 0, Workers: 4
[3894.630s][debug][gc,phases      ] GC(166)     Total                          Min: 0, Avg:  0.0, Max: 0, Diff: 0, Sum: 0, Workers: 4
[3894.630s][debug][gc,phases      ] GC(166)   StringDedup Requests1 Weak     Min:  0.0, Avg:  0.0, Max:  0.0, Diff:  0.0, Sum:  0.0, Workers: 4
[3894.630s][debug][gc,phases      ] GC(166)     Dead                           Min: 0, Avg:  0.0, Max: 0, Diff: 0, Sum: 0, Workers: 4
[3894.630s][debug][gc,phases      ] GC(166)     Total                          Min: 0, Avg:  0.0, Max: 0, Diff: 0, Sum: 0, Workers: 4
[3894.630s][debug][gc,phases      ] GC(166)   Weak JFR Old Object Samples    Min:  0.0, Avg:  0.0, Max:  0.0, Diff:  0.0, Sum:  0.0, Workers: 4
[3894.630s][debug][gc,phases      ] GC(166)     Dead                           Min: 0, Avg:  0.0, Max: 0, Diff: 0, Sum: 0, Workers: 4
[3894.630s][debug][gc,phases      ] GC(166)     Total                          Min: 0, Avg:  0.0, Max: 0, Diff: 0, Sum: 0, Workers: 4
[3894.630s][debug][gc,phases      ] GC(166) Weak Processing 0.365ms
[3894.630s][debug][gc,age         ] GC(166) Desired survivor size 52428800 bytes, new threshold 1 (max threshold 15)
[3894.630s][info ][gc,heap        ] GC(166) PSYoungGen: 2008896K(2039808K)->25120K(2045952K) Eden: 1983488K(1983488K)->0K(1992704K) From: 25408K(56320K)->25120K(53248K)
[3894.630s][info ][gc,heap        ] GC(166) ParOldGen: 2142739K(2143232K)->2161529K(2161664K)
[3894.630s][info ][gc,metaspace   ] GC(166) Metaspace: 110968K(112384K)->110968K(112384K) NonClass: 94426K(95232K)->94426K(95232K) Class: 16541K(17152K)->16541K(17152K)
[3894.630s][info ][gc             ] GC(166) Pause Young (Allocation Failure) 4054M->2135M(4109M) 23.914ms
[3894.630s][info ][gc,cpu         ] GC(166) User=0.08s Sys=0.01s Real=0.03s
[3894.630s][info ][safepoint      ] Safepoint "ParallelGCFailedAllocation", Time since last: 2508925843 ns, Reaching safepoint: 80901 ns, Cleanup: 29900 ns, At safepoint: 24069868 ns, Total: 24180669 ns
[3895.631s][info ][safepoint      ] Safepoint "Cleanup", Time since last: 1000090188 ns, Reaching safepoint: 5600 ns, Cleanup: 10000 ns, At safepoint: 2700 ns, Total: 18300 ns
[3896.631s][info ][safepoint      ] Safepoint "Cleanup", Time since last: 1000100487 ns, Reaching safepoint: 6300 ns, Cleanup: 9400 ns, At safepoint: 2500 ns, Total: 18200 ns
[3904.519s][info ][safepoint      ] Safepoint "Cleanup", Time since last: 7887897851 ns, Reaching safepoint: 5600 ns, Cleanup: 10900 ns, At safepoint: 2200 ns, Total: 18700 ns
[3905.519s][info ][safepoint      ] Safepoint "Cleanup", Time since last: 1000096130 ns, Reaching safepoint: 84100 ns, Cleanup: 10500 ns, At safepoint: 12200 ns, Total: 106800 ns
[3908.519s][info ][safepoint      ] Safepoint "Cleanup", Time since last: 3000265088 ns, Reaching safepoint: 5800 ns, Cleanup: 11600 ns, At safepoint: 2700 ns, Total: 20100 ns
[3911.519s][info ][safepoint      ] Safepoint "Cleanup", Time since last: 3000240219 ns, Reaching safepoint: 5400 ns, Cleanup: 11800 ns, At safepoint: 2300 ns, Total: 19500 ns
[3913.760s][info ][gc,start       ] GC(167) Pause Young (Allocation Failure)
[3913.782s][debug][gc,phases      ] GC(167) Scavenge 22.666ms
[3913.782s][debug][gc,ref         ] GC(167) ReferenceProcessor::execute queues: 1, RefProcThreadModel::Single, marks_oops_alive: false
[3913.782s][debug][gc,ref         ] GC(167) Skipped KeepAliveFinalRefsPhase of Reference Processing: no references
[3913.782s][debug][gc,ref         ] GC(167) Skipped PhantomRefsPhase of Reference Processing: no references
[3913.783s][debug][gc,phases      ] GC(167) Reference Processing 0.093ms
[3913.783s][debug][gc,phases      ] GC(167)   VM Weak                        Min:  0.0, Avg:  0.0, Max:  0.0, Diff:  0.0, Sum:  0.0, Workers: 4
[3913.783s][debug][gc,phases      ] GC(167)     Dead                           Min: 0, Avg:  0.0, Max: 0, Diff: 0, Sum: 0, Workers: 4
[3913.783s][debug][gc,phases      ] GC(167)     Total                          Min: 0, Avg: 276.8, Max: 640, Diff: 640, Sum: 1107, Workers: 4
[3913.783s][debug][gc,phases      ] GC(167)   ObjectSynchronizer Weak        Min:  0.0, Avg:  0.0, Max:  0.0, Diff:  0.0, Sum:  0.0, Workers: 4
[3913.783s][debug][gc,phases      ] GC(167)     Dead                           Min: 0, Avg:  0.0, Max: 0, Diff: 0, Sum: 0, Workers: 4
[3913.783s][debug][gc,phases      ] GC(167)     Total                          Min: 0, Avg:  1.2, Max: 5, Diff: 5, Sum: 5, Workers: 4
[3913.783s][debug][gc,phases      ] GC(167)   JVMTI Tag Weak OopStorage      Min:  0.0, Avg:  0.0, Max:  0.0, Diff:  0.0, Sum:  0.0, Workers: 4
[3913.783s][debug][gc,phases      ] GC(167)     Dead                           Min: 0, Avg:  0.0, Max: 0, Diff: 0, Sum: 0, Workers: 4
[3913.783s][debug][gc,phases      ] GC(167)     Total                          Min: 0, Avg:  0.0, Max: 0, Diff: 0, Sum: 0, Workers: 4
[3913.783s][debug][gc,phases      ] GC(167)   StringTable Weak               Min:  0.0, Avg:  0.1, Max:  0.1, Diff:  0.1, Sum:  0.4, Workers: 4
[3913.783s][debug][gc,phases      ] GC(167)     Dead                           Min: 0, Avg:  0.0, Max: 0, Diff: 0, Sum: 0, Workers: 4
[3913.783s][debug][gc,phases      ] GC(167)     Total                          Min: 0, Avg: 11889.5, Max: 20806, Diff: 20806, Sum: 47558, Workers: 4
[3913.783s][debug][gc,phases      ] GC(167)   ResolvedMethodTable Weak       Min:  0.0, Avg:  0.0, Max:  0.0, Diff:  0.0, Sum:  0.1, Workers: 4
[3913.783s][debug][gc,phases      ] GC(167)     Dead                           Min: 0, Avg:  4.0, Max: 14, Diff: 14, Sum: 16, Workers: 4
[3913.783s][debug][gc,phases      ] GC(167)     Total                          Min: 0, Avg: 4003.2, Max: 6910, Diff: 6910, Sum: 16013, Workers: 4
[3913.783s][debug][gc,phases      ] GC(167)   JNI Weak                       Min:  0.0, Avg:  0.0, Max:  0.0, Diff:  0.0, Sum:  0.0, Workers: 4
[3913.783s][debug][gc,phases      ] GC(167)     Dead                           Min: 0, Avg:  0.0, Max: 0, Diff: 0, Sum: 0, Workers: 4
[3913.783s][debug][gc,phases      ] GC(167)     Total                          Min: 0, Avg: 13.0, Max: 52, Diff: 52, Sum: 52, Workers: 4
[3913.783s][debug][gc,phases      ] GC(167)   StringDedup Table Weak         Min:  0.0, Avg:  0.0, Max:  0.0, Diff:  0.0, Sum:  0.0, Workers: 4
[3913.783s][debug][gc,phases      ] GC(167)     Dead                           Min: 0, Avg:  0.0, Max: 0, Diff: 0, Sum: 0, Workers: 4
[3913.783s][debug][gc,phases      ] GC(167)     Total                          Min: 0, Avg:  0.0, Max: 0, Diff: 0, Sum: 0, Workers: 4
[3913.783s][debug][gc,phases      ] GC(167)   StringDedup Requests0 Weak     Min:  0.0, Avg:  0.0, Max:  0.0, Diff:  0.0, Sum:  0.0, Workers: 4
[3913.783s][debug][gc,phases      ] GC(167)     Dead                           Min: 0, Avg:  0.0, Max: 0, Diff: 0, Sum: 0, Workers: 4
[3913.783s][debug][gc,phases      ] GC(167)     Total                          Min: 0, Avg:  0.0, Max: 0, Diff: 0, Sum: 0, Workers: 4
[3913.783s][debug][gc,phases      ] GC(167)   StringDedup Requests1 Weak     Min:  0.0, Avg:  0.0, Max:  0.0, Diff:  0.0, Sum:  0.0, Workers: 4
[3913.783s][debug][gc,phases      ] GC(167)     Dead                           Min: 0, Avg:  0.0, Max: 0, Diff: 0, Sum: 0, Workers: 4
[3913.783s][debug][gc,phases      ] GC(167)     Total                          Min: 0, Avg:  0.0, Max: 0, Diff: 0, Sum: 0, Workers: 4
[3913.783s][debug][gc,phases      ] GC(167)   Weak JFR Old Object Samples    Min:  0.0, Avg:  0.0, Max:  0.0, Diff:  0.0, Sum:  0.0, Workers: 4
[3913.783s][debug][gc,phases      ] GC(167)     Dead                           Min: 0, Avg:  0.0, Max: 0, Diff: 0, Sum: 0, Workers: 4
[3913.783s][debug][gc,phases      ] GC(167)     Total                          Min: 0, Avg:  0.0, Max: 0, Diff: 0, Sum: 0, Workers: 4
[3913.783s][debug][gc,phases      ] GC(167) Weak Processing 0.365ms
[3913.783s][debug][gc,age         ] GC(167) Desired survivor size 50855936 bytes, new threshold 1 (max threshold 15)
[3913.783s][info ][gc,heap        ] GC(167) PSYoungGen: 2017824K(2045952K)->22080K(2043904K) Eden: 1992704K(1992704K)->0K(1992704K) From: 25120K(53248K)->22080K(51200K)
[3913.783s][info ][gc,heap        ] GC(167) ParOldGen: 2161529K(2161664K)->2183618K(2183680K)
[3913.783s][info ][gc,metaspace   ] GC(167) Metaspace: 110979K(112448K)->110979K(112448K) NonClass: 94437K(95296K)->94437K(95296K) Class: 16541K(17152K)->16541K(17152K)
[3913.783s][info ][gc             ] GC(167) Pause Young (Allocation Failure) 4081M->2154M(4128M) 23.240ms
[3913.783s][info ][gc,cpu         ] GC(167) User=0.07s Sys=0.01s Real=0.03s
[3913.783s][info ][safepoint      ] Safepoint "ParallelGCFailedAllocation", Time since last: 2240264498 ns, Reaching safepoint: 5301 ns, Cleanup: 3700 ns, At safepoint: 23307564 ns, Total: 23316565 ns
[3919.783s][info ][safepoint      ] Safepoint "Cleanup", Time since last: 6000443986 ns, Reaching safepoint: 6000 ns, Cleanup: 7200 ns, At safepoint: 2500 ns, Total: 15700 ns
[3920.784s][info ][safepoint      ] Safepoint "Cleanup", Time since last: 1000116612 ns, Reaching safepoint: 79601 ns, Cleanup: 9600 ns, At safepoint: 12800 ns, Total: 102001 ns
[3929.784s][info ][safepoint      ] Safepoint "Cleanup", Time since last: 9000670439 ns, Reaching safepoint: 6000 ns, Cleanup: 17300 ns, At safepoint: 2700 ns, Total: 26000 ns
[3930.784s][info ][safepoint      ] Safepoint "Cleanup", Time since last: 1000112285 ns, Reaching safepoint: 6400 ns, Cleanup: 33701 ns, At safepoint: 2800 ns, Total: 42901 ns
[3931.371s][info ][gc,start       ] GC(168) Pause Young (Allocation Failure)
[3931.393s][debug][gc,phases      ] GC(168) Scavenge 21.084ms
[3931.393s][debug][gc,ref         ] GC(168) Skipped SoftWeakFinalRefsPhase of Reference Processing: no references
[3931.393s][debug][gc,ref         ] GC(168) Skipped KeepAliveFinalRefsPhase of Reference Processing: no references
[3931.393s][debug][gc,ref         ] GC(168) Skipped PhantomRefsPhase of Reference Processing: no references
[3931.393s][debug][gc,phases      ] GC(168) Reference Processing 0.019ms
[3931.393s][debug][gc,phases      ] GC(168)   VM Weak                        Min:  0.0, Avg:  0.0, Max:  0.0, Diff:  0.0, Sum:  0.0, Workers: 4
[3931.393s][debug][gc,phases      ] GC(168)     Dead                           Min: 0, Avg:  0.0, Max: 0, Diff: 0, Sum: 0, Workers: 4
[3931.393s][debug][gc,phases      ] GC(168)     Total                          Min: 0, Avg: 276.8, Max: 832, Diff: 832, Sum: 1107, Workers: 4
[3931.393s][debug][gc,phases      ] GC(168)   ObjectSynchronizer Weak        Min:  0.0, Avg:  0.0, Max:  0.0, Diff:  0.0, Sum:  0.0, Workers: 4
[3931.393s][debug][gc,phases      ] GC(168)     Dead                           Min: 0, Avg:  0.0, Max: 0, Diff: 0, Sum: 0, Workers: 4
[3931.393s][debug][gc,phases      ] GC(168)     Total                          Min: 0, Avg:  1.5, Max: 6, Diff: 6, Sum: 6, Workers: 4
[3931.393s][debug][gc,phases      ] GC(168)   JVMTI Tag Weak OopStorage      Min:  0.0, Avg:  0.0, Max:  0.0, Diff:  0.0, Sum:  0.0, Workers: 4
[3931.393s][debug][gc,phases      ] GC(168)     Dead                           Min: 0, Avg:  0.0, Max: 0, Diff: 0, Sum: 0, Workers: 4
[3931.393s][debug][gc,phases      ] GC(168)     Total                          Min: 0, Avg:  0.0, Max: 0, Diff: 0, Sum: 0, Workers: 4
[3931.393s][debug][gc,phases      ] GC(168)   StringTable Weak               Min:  0.0, Avg:  0.1, Max:  0.1, Diff:  0.1, Sum:  0.4, Workers: 4
[3931.393s][debug][gc,phases      ] GC(168)     Dead                           Min: 0, Avg:  0.0, Max: 0, Diff: 0, Sum: 0, Workers: 4
[3931.393s][debug][gc,phases      ] GC(168)     Total                          Min: 0, Avg: 11889.8, Max: 20736, Diff: 20736, Sum: 47559, Workers: 4
[3931.393s][debug][gc,phases      ] GC(168)   ResolvedMethodTable Weak       Min:  0.0, Avg:  0.0, Max:  0.1, Diff:  0.1, Sum:  0.2, Workers: 4
[3931.393s][debug][gc,phases      ] GC(168)     Dead                           Min: 0, Avg:  0.0, Max: 0, Diff: 0, Sum: 0, Workers: 4
[3931.393s][debug][gc,phases      ] GC(168)     Total                          Min: 0, Avg: 4003.2, Max: 6187, Diff: 6187, Sum: 16013, Workers: 4
[3931.393s][debug][gc,phases      ] GC(168)   JNI Weak                       Min:  0.0, Avg:  0.0, Max:  0.0, Diff:  0.0, Sum:  0.0, Workers: 4
[3931.393s][debug][gc,phases      ] GC(168)     Dead                           Min: 0, Avg:  0.0, Max: 0, Diff: 0, Sum: 0, Workers: 4
[3931.393s][debug][gc,phases      ] GC(168)     Total                          Min: 0, Avg: 13.0, Max: 52, Diff: 52, Sum: 52, Workers: 4
[3931.393s][debug][gc,phases      ] GC(168)   StringDedup Table Weak         Min:  0.0, Avg:  0.0, Max:  0.0, Diff:  0.0, Sum:  0.0, Workers: 4
[3931.393s][debug][gc,phases      ] GC(168)     Dead                           Min: 0, Avg:  0.0, Max: 0, Diff: 0, Sum: 0, Workers: 4
[3931.393s][debug][gc,phases      ] GC(168)     Total                          Min: 0, Avg:  0.0, Max: 0, Diff: 0, Sum: 0, Workers: 4
[3931.393s][debug][gc,phases      ] GC(168)   StringDedup Requests0 Weak     Min:  0.0, Avg:  0.0, Max:  0.0, Diff:  0.0, Sum:  0.0, Workers: 4
[3931.393s][debug][gc,phases      ] GC(168)     Dead                           Min: 0, Avg:  0.0, Max: 0, Diff: 0, Sum: 0, Workers: 4
[3931.393s][debug][gc,phases      ] GC(168)     Total                          Min: 0, Avg:  0.0, Max: 0, Diff: 0, Sum: 0, Workers: 4
[3931.393s][debug][gc,phases      ] GC(168)   StringDedup Requests1 Weak     Min:  0.0, Avg:  0.0, Max:  0.0, Diff:  0.0, Sum:  0.0, Workers: 4
[3931.393s][debug][gc,phases      ] GC(168)     Dead                           Min: 0, Avg:  0.0, Max: 0, Diff: 0, Sum: 0, Workers: 4
[3931.393s][debug][gc,phases      ] GC(168)     Total                          Min: 0, Avg:  0.0, Max: 0, Diff: 0, Sum: 0, Workers: 4
[3931.393s][debug][gc,phases      ] GC(168)   Weak JFR Old Object Samples    Min:  0.0, Avg:  0.0, Max:  0.0, Diff:  0.0, Sum:  0.0, Workers: 4
[3931.393s][debug][gc,phases      ] GC(168)     Dead                           Min: 0, Avg:  0.0, Max: 0, Diff: 0, Sum: 0, Workers: 4
[3931.393s][debug][gc,phases      ] GC(168)     Total                          Min: 0, Avg:  0.0, Max: 0, Diff: 0, Sum: 0, Workers: 4
[3931.393s][debug][gc,phases      ] GC(168) Weak Processing 0.371ms
[3931.393s][debug][gc,age         ] GC(168) Desired survivor size 48234496 bytes, new threshold 1 (max threshold 15)
[3931.393s][info ][gc,heap        ] GC(168) PSYoungGen: 2014784K(2043904K)->25472K(2050048K) Eden: 1992704K(1992704K)->0K(2000384K) From: 22080K(51200K)->25472K(49664K)
[3931.393s][info ][gc,heap        ] GC(168) ParOldGen: 2183618K(2183680K)->2203186K(2203648K)
[3931.393s][info ][gc,metaspace   ] GC(168) Metaspace: 110981K(112448K)->110981K(112448K) NonClass: 94440K(95296K)->94440K(95296K) Class: 16541K(17152K)->16541K(17152K)
[3931.393s][info ][gc             ] GC(168) Pause Young (Allocation Failure) 4100M->2176M(4154M) 21.591ms
[3931.393s][info ][gc,cpu         ] GC(168) User=0.07s Sys=0.01s Real=0.02s
[3931.393s][info ][safepoint      ] Safepoint "ParallelGCFailedAllocation", Time since last: 586942599 ns, Reaching safepoint: 5600 ns, Cleanup: 9100 ns, At safepoint: 21659352 ns, Total: 21674052 ns
[3932.393s][info ][safepoint      ] Safepoint "Cleanup", Time since last: 1000086185 ns, Reaching safepoint: 5900 ns, Cleanup: 32300 ns, At safepoint: 2200 ns, Total: 40400 ns
[3933.395s][info ][safepoint      ] Safepoint "Cleanup", Time since last: 1001673396 ns, Reaching safepoint: 80101 ns, Cleanup: 21500 ns, At safepoint: 14100 ns, Total: 115701 ns
[3937.395s][info ][safepoint      ] Safepoint "Cleanup", Time since last: 4000306300 ns, Reaching safepoint: 5700 ns, Cleanup: 11800 ns, At safepoint: 2200 ns, Total: 19700 ns
[3939.396s][info ][safepoint      ] Safepoint "Cleanup", Time since last: 2000170899 ns, Reaching safepoint: 5700 ns, Cleanup: 50101 ns, At safepoint: 2900 ns, Total: 58701 ns
[3940.396s][info ][safepoint      ] Safepoint "Cleanup", Time since last: 1000100999 ns, Reaching safepoint: 4901 ns, Cleanup: 59700 ns, At safepoint: 2500 ns, Total: 67101 ns
[3948.396s][info ][safepoint      ] Safepoint "Cleanup", Time since last: 8000615233 ns, Reaching safepoint: 5500 ns, Cleanup: 12800 ns, At safepoint: 2600 ns, Total: 20900 ns
[3950.397s][info ][safepoint      ] Safepoint "Cleanup", Time since last: 2000180012 ns, Reaching safepoint: 5900 ns, Cleanup: 8800 ns, At safepoint: 2500 ns, Total: 17200 ns
[3955.397s][info ][safepoint      ] Safepoint "Cleanup", Time since last: 5000410873 ns, Reaching safepoint: 5800 ns, Cleanup: 6901 ns, At safepoint: 2500 ns, Total: 15201 ns
[3959.397s][info ][safepoint      ] Safepoint "Cleanup", Time since last: 4000321034 ns, Reaching safepoint: 5800 ns, Cleanup: 9100 ns, At safepoint: 2800 ns, Total: 17700 ns
[3960.397s][info ][safepoint      ] Safepoint "Cleanup", Time since last: 1000108538 ns, Reaching safepoint: 6100 ns, Cleanup: 31500 ns, At safepoint: 3100 ns, Total: 40700 ns
[3961.398s][info ][safepoint      ] Safepoint "Cleanup", Time since last: 1000116837 ns, Reaching safepoint: 6001 ns, Cleanup: 11000 ns, At safepoint: 2400 ns, Total: 19401 ns
[3967.765s][info ][gc,start       ] GC(169) Pause Young (Allocation Failure)
[3967.787s][debug][gc,phases      ] GC(169) Scavenge 21.933ms
[3967.787s][debug][gc,ref         ] GC(169) ReferenceProcessor::execute queues: 1, RefProcThreadModel::Single, marks_oops_alive: false
[3967.787s][debug][gc,ref         ] GC(169) Skipped KeepAliveFinalRefsPhase of Reference Processing: no references
[3967.787s][debug][gc,ref         ] GC(169) ReferenceProcessor::execute queues: 1, RefProcThreadModel::Single, marks_oops_alive: false
[3967.787s][debug][gc,phases      ] GC(169) Reference Processing 0.099ms
[3967.787s][debug][gc,phases      ] GC(169)   VM Weak                        Min:  0.0, Avg:  0.0, Max:  0.0, Diff:  0.0, Sum:  0.0, Workers: 4
[3967.787s][debug][gc,phases      ] GC(169)     Dead                           Min: 0, Avg:  0.0, Max: 0, Diff: 0, Sum: 0, Workers: 4
[3967.787s][debug][gc,phases      ] GC(169)     Total                          Min: 0, Avg: 276.8, Max: 531, Diff: 531, Sum: 1107, Workers: 4
[3967.787s][debug][gc,phases      ] GC(169)   ObjectSynchronizer Weak        Min:  0.0, Avg:  0.0, Max:  0.0, Diff:  0.0, Sum:  0.0, Workers: 4
[3967.787s][debug][gc,phases      ] GC(169)     Dead                           Min: 0, Avg:  0.0, Max: 0, Diff: 0, Sum: 0, Workers: 4
[3967.787s][debug][gc,phases      ] GC(169)     Total                          Min: 0, Avg:  1.2, Max: 5, Diff: 5, Sum: 5, Workers: 4
[3967.787s][debug][gc,phases      ] GC(169)   JVMTI Tag Weak OopStorage      Min:  0.0, Avg:  0.0, Max:  0.0, Diff:  0.0, Sum:  0.0, Workers: 4
[3967.787s][debug][gc,phases      ] GC(169)     Dead                           Min: 0, Avg:  0.0, Max: 0, Diff: 0, Sum: 0, Workers: 4
[3967.787s][debug][gc,phases      ] GC(169)     Total                          Min: 0, Avg:  0.0, Max: 0, Diff: 0, Sum: 0, Workers: 4
[3967.787s][debug][gc,phases      ] GC(169)   StringTable Weak               Min:  0.0, Avg:  0.1, Max:  0.1, Diff:  0.1, Sum:  0.4, Workers: 4
[3967.787s][debug][gc,phases      ] GC(169)     Dead                           Min: 0, Avg:  0.2, Max: 1, Diff: 1, Sum: 1, Workers: 4
[3967.787s][debug][gc,phases      ] GC(169)     Total                          Min: 0, Avg: 11890.8, Max: 20288, Diff: 20288, Sum: 47563, Workers: 4
[3967.787s][debug][gc,phases      ] GC(169)   ResolvedMethodTable Weak       Min:  0.0, Avg:  0.0, Max:  0.0, Diff:  0.0, Sum:  0.1, Workers: 4
[3967.787s][debug][gc,phases      ] GC(169)     Dead                           Min: 0, Avg:  4.0, Max: 11, Diff: 11, Sum: 16, Workers: 4
[3967.787s][debug][gc,phases      ] GC(169)     Total                          Min: 0, Avg: 4005.2, Max: 6917, Diff: 6917, Sum: 16021, Workers: 4
[3967.787s][debug][gc,phases      ] GC(169)   JNI Weak                       Min:  0.0, Avg:  0.0, Max:  0.0, Diff:  0.0, Sum:  0.0, Workers: 4
[3967.787s][debug][gc,phases      ] GC(169)     Dead                           Min: 0, Avg:  0.0, Max: 0, Diff: 0, Sum: 0, Workers: 4
[3967.787s][debug][gc,phases      ] GC(169)     Total                          Min: 0, Avg: 13.0, Max: 52, Diff: 52, Sum: 52, Workers: 4
[3967.787s][debug][gc,phases      ] GC(169)   StringDedup Table Weak         Min:  0.0, Avg:  0.0, Max:  0.0, Diff:  0.0, Sum:  0.0, Workers: 4
[3967.787s][debug][gc,phases      ] GC(169)     Dead                           Min: 0, Avg:  0.0, Max: 0, Diff: 0, Sum: 0, Workers: 4
[3967.787s][debug][gc,phases      ] GC(169)     Total                          Min: 0, Avg:  0.0, Max: 0, Diff: 0, Sum: 0, Workers: 4
[3967.787s][debug][gc,phases      ] GC(169)   StringDedup Requests0 Weak     Min:  0.0, Avg:  0.0, Max:  0.0, Diff:  0.0, Sum:  0.0, Workers: 4
[3967.787s][debug][gc,phases      ] GC(169)     Dead                           Min: 0, Avg:  0.0, Max: 0, Diff: 0, Sum: 0, Workers: 4
[3967.787s][debug][gc,phases      ] GC(169)     Total                          Min: 0, Avg:  0.0, Max: 0, Diff: 0, Sum: 0, Workers: 4
[3967.787s][debug][gc,phases      ] GC(169)   StringDedup Requests1 Weak     Min:  0.0, Avg:  0.0, Max:  0.0, Diff:  0.0, Sum:  0.0, Workers: 4
[3967.787s][debug][gc,phases      ] GC(169)     Dead                           Min: 0, Avg:  0.0, Max: 0, Diff: 0, Sum: 0, Workers: 4
[3967.787s][debug][gc,phases      ] GC(169)     Total                          Min: 0, Avg:  0.0, Max: 0, Diff: 0, Sum: 0, Workers: 4
[3967.787s][debug][gc,phases      ] GC(169)   Weak JFR Old Object Samples    Min:  0.0, Avg:  0.0, Max:  0.0, Diff:  0.0, Sum:  0.0, Workers: 4
[3967.787s][debug][gc,phases      ] GC(169)     Dead                           Min: 0, Avg:  0.0, Max: 0, Diff: 0, Sum: 0, Workers: 4
[3967.787s][debug][gc,phases      ] GC(169)     Total                          Min: 0, Avg:  0.0, Max: 0, Diff: 0, Sum: 0, Workers: 4
[3967.787s][debug][gc,phases      ] GC(169) Weak Processing 0.383ms
[3967.787s][debug][gc,age         ] GC(169) Desired survivor size 48234496 bytes, new threshold 1 (max threshold 15)
[3967.787s][info ][gc,heap        ] GC(169) PSYoungGen: 2025856K(2050048K)->15616K(2047488K) Eden: 2000384K(2000384K)->0K(2000384K) From: 25472K(49664K)->15616K(47104K)
[3967.787s][info ][gc,heap        ] GC(169) ParOldGen: 2203186K(2203648K)->2226300K(2226688K)
[3967.787s][info ][gc,metaspace   ] GC(169) Metaspace: 110994K(112448K)->110994K(112448K) NonClass: 94450K(95296K)->94450K(95296K) Class: 16543K(17152K)->16543K(17152K)
[3967.787s][info ][gc             ] GC(169) Pause Young (Allocation Failure) 4129M->2189M(4174M) 22.542ms
[3967.787s][info ][gc,cpu         ] GC(169) User=0.07s Sys=0.01s Real=0.02s
[3967.787s][info ][safepoint      ] Safepoint "ParallelGCFailedAllocation", Time since last: 6366925765 ns, Reaching safepoint: 84701 ns, Cleanup: 4000 ns, At safepoint: 22629446 ns, Total: 22718147 ns
[3972.788s][info ][safepoint      ] Safepoint "Cleanup", Time since last: 5000367592 ns, Reaching safepoint: 6100 ns, Cleanup: 9300 ns, At safepoint: 2700 ns, Total: 18100 ns
[3977.788s][info ][safepoint      ] Safepoint "Cleanup", Time since last: 5000392407 ns, Reaching safepoint: 5800 ns, Cleanup: 9200 ns, At safepoint: 2700 ns, Total: 17700 ns
[3979.788s][info ][safepoint      ] Safepoint "Cleanup", Time since last: 2000176797 ns, Reaching safepoint: 5400 ns, Cleanup: 9800 ns, At safepoint: 2700 ns, Total: 17900 ns
[3983.789s][info ][safepoint      ] Safepoint "Cleanup", Time since last: 4000310284 ns, Reaching safepoint: 6900 ns, Cleanup: 9800 ns, At safepoint: 2800 ns, Total: 19500 ns
[3987.789s][info ][safepoint      ] Safepoint "Cleanup", Time since last: 4000323127 ns, Reaching safepoint: 5600 ns, Cleanup: 8700 ns, At safepoint: 2400 ns, Total: 16700 ns
[3994.789s][info ][safepoint      ] Safepoint "Cleanup", Time since last: 7000512746 ns, Reaching safepoint: 5500 ns, Cleanup: 9400 ns, At safepoint: 3100 ns, Total: 18000 ns
[3999.790s][info ][safepoint      ] Safepoint "Cleanup", Time since last: 5000383801 ns, Reaching safepoint: 23400 ns, Cleanup: 9100 ns, At safepoint: 3000 ns, Total: 35500 ns
[4000.790s][info ][safepoint      ] Safepoint "Cleanup", Time since last: 1000118622 ns, Reaching safepoint: 5300 ns, Cleanup: 8400 ns, At safepoint: 2600 ns, Total: 16300 ns
[4001.565s][info ][gc,start       ] GC(170) Pause Young (Allocation Failure)
[4001.582s][debug][gc,phases      ] GC(170) Scavenge 16.708ms
[4001.582s][debug][gc,ref         ] GC(170) ReferenceProcessor::execute queues: 1, RefProcThreadModel::Single, marks_oops_alive: false
[4001.582s][debug][gc,ref         ] GC(170) Skipped KeepAliveFinalRefsPhase of Reference Processing: no references
[4001.582s][debug][gc,ref         ] GC(170) ReferenceProcessor::execute queues: 1, RefProcThreadModel::Single, marks_oops_alive: false
[4001.582s][debug][gc,phases      ] GC(170) Reference Processing 0.093ms
[4001.582s][debug][gc,phases      ] GC(170)   VM Weak                        Min:  0.0, Avg:  0.0, Max:  0.0, Diff:  0.0, Sum:  0.0, Workers: 4
[4001.582s][debug][gc,phases      ] GC(170)     Dead                           Min: 0, Avg:  0.0, Max: 0, Diff: 0, Sum: 0, Workers: 4
[4001.582s][debug][gc,phases      ] GC(170)     Total                          Min: 0, Avg: 276.8, Max: 704, Diff: 704, Sum: 1107, Workers: 4
[4001.582s][debug][gc,phases      ] GC(170)   ObjectSynchronizer Weak        Min:  0.0, Avg:  0.0, Max:  0.0, Diff:  0.0, Sum:  0.0, Workers: 4
[4001.582s][debug][gc,phases      ] GC(170)     Dead                           Min: 0, Avg:  0.0, Max: 0, Diff: 0, Sum: 0, Workers: 4
[4001.582s][debug][gc,phases      ] GC(170)     Total                          Min: 0, Avg:  1.5, Max: 6, Diff: 6, Sum: 6, Workers: 4
[4001.582s][debug][gc,phases      ] GC(170)   JVMTI Tag Weak OopStorage      Min:  0.0, Avg:  0.0, Max:  0.0, Diff:  0.0, Sum:  0.0, Workers: 4
[4001.582s][debug][gc,phases      ] GC(170)     Dead                           Min: 0, Avg:  0.0, Max: 0, Diff: 0, Sum: 0, Workers: 4
[4001.582s][debug][gc,phases      ] GC(170)     Total                          Min: 0, Avg:  0.0, Max: 0, Diff: 0, Sum: 0, Workers: 4
[4001.582s][debug][gc,phases      ] GC(170)   StringTable Weak               Min:  0.0, Avg:  0.1, Max:  0.1, Diff:  0.1, Sum:  0.4, Workers: 4
[4001.582s][debug][gc,phases      ] GC(170)     Dead                           Min: 0, Avg:  0.0, Max: 0, Diff: 0, Sum: 0, Workers: 4
[4001.582s][debug][gc,phases      ] GC(170)     Total                          Min: 0, Avg: 11890.8, Max: 20428, Diff: 20428, Sum: 47563, Workers: 4
[4001.582s][debug][gc,phases      ] GC(170)   ResolvedMethodTable Weak       Min:  0.0, Avg:  0.0, Max:  0.0, Diff:  0.0, Sum:  0.1, Workers: 4
[4001.582s][debug][gc,phases      ] GC(170)     Dead                           Min: 0, Avg:  4.0, Max: 14, Diff: 14, Sum: 16, Workers: 4
[4001.582s][debug][gc,phases      ] GC(170)     Total                          Min: 0, Avg: 4005.2, Max: 7167, Diff: 7167, Sum: 16021, Workers: 4
[4001.582s][debug][gc,phases      ] GC(170)   JNI Weak                       Min:  0.0, Avg:  0.0, Max:  0.0, Diff:  0.0, Sum:  0.0, Workers: 4
[4001.582s][debug][gc,phases      ] GC(170)     Dead                           Min: 0, Avg:  0.0, Max: 0, Diff: 0, Sum: 0, Workers: 4
[4001.582s][debug][gc,phases      ] GC(170)     Total                          Min: 0, Avg: 13.0, Max: 52, Diff: 52, Sum: 52, Workers: 4
[4001.582s][debug][gc,phases      ] GC(170)   StringDedup Table Weak         Min:  0.0, Avg:  0.0, Max:  0.0, Diff:  0.0, Sum:  0.0, Workers: 4
[4001.582s][debug][gc,phases      ] GC(170)     Dead                           Min: 0, Avg:  0.0, Max: 0, Diff: 0, Sum: 0, Workers: 4
[4001.582s][debug][gc,phases      ] GC(170)     Total                          Min: 0, Avg:  0.0, Max: 0, Diff: 0, Sum: 0, Workers: 4
[4001.582s][debug][gc,phases      ] GC(170)   StringDedup Requests0 Weak     Min:  0.0, Avg:  0.0, Max:  0.0, Diff:  0.0, Sum:  0.0, Workers: 4
[4001.582s][debug][gc,phases      ] GC(170)     Dead                           Min: 0, Avg:  0.0, Max: 0, Diff: 0, Sum: 0, Workers: 4
[4001.582s][debug][gc,phases      ] GC(170)     Total                          Min: 0, Avg:  0.0, Max: 0, Diff: 0, Sum: 0, Workers: 4
[4001.582s][debug][gc,phases      ] GC(170)   StringDedup Requests1 Weak     Min:  0.0, Avg:  0.0, Max:  0.0, Diff:  0.0, Sum:  0.0, Workers: 4
[4001.582s][debug][gc,phases      ] GC(170)     Dead                           Min: 0, Avg:  0.0, Max: 0, Diff: 0, Sum: 0, Workers: 4
[4001.582s][debug][gc,phases      ] GC(170)     Total                          Min: 0, Avg:  0.0, Max: 0, Diff: 0, Sum: 0, Workers: 4
[4001.582s][debug][gc,phases      ] GC(170)   Weak JFR Old Object Samples    Min:  0.0, Avg:  0.0, Max:  0.0, Diff:  0.0, Sum:  0.0, Workers: 4
[4001.582s][debug][gc,phases      ] GC(170)     Dead                           Min: 0, Avg:  0.0, Max: 0, Diff: 0, Sum: 0, Workers: 4
[4001.582s][debug][gc,phases      ] GC(170)     Total                          Min: 0, Avg:  0.0, Max: 0, Diff: 0, Sum: 0, Workers: 4
[4001.582s][debug][gc,phases      ] GC(170) Weak Processing 0.345ms
[4001.582s][debug][gc,age         ] GC(170) Desired survivor size 47185920 bytes, new threshold 1 (max threshold 15)
[4001.582s][info ][gc,heap        ] GC(170) PSYoungGen: 2016000K(2047488K)->17105K(2051072K) Eden: 2000384K(2000384K)->0K(2003968K) From: 15616K(47104K)->17105K(47104K)
[4001.582s][info ][gc,heap        ] GC(170) ParOldGen: 2226300K(2226688K)->2235123K(2235392K)
[4001.582s][info ][gc,metaspace   ] GC(170) Metaspace: 110997K(112448K)->110997K(112448K) NonClass: 94453K(95296K)->94453K(95296K) Class: 16543K(17152K)->16543K(17152K)
[4001.582s][info ][gc             ] GC(170) Pause Young (Allocation Failure) 4142M->2199M(4186M) 17.258ms
[4001.582s][info ][gc,cpu         ] GC(170) User=0.06s Sys=0.01s Real=0.02s
[4001.583s][info ][safepoint      ] Safepoint "ParallelGCFailedAllocation", Time since last: 775159365 ns, Reaching safepoint: 12700 ns, Cleanup: 3300 ns, At safepoint: 17326920 ns, Total: 17342920 ns
[4006.583s][info ][safepoint      ] Safepoint "Cleanup", Time since last: 5000362409 ns, Reaching safepoint: 79100 ns, Cleanup: 10300 ns, At safepoint: 11600 ns, Total: 101000 ns
[4007.583s][info ][safepoint      ] Safepoint "Cleanup", Time since last: 1000112923 ns, Reaching safepoint: 6300 ns, Cleanup: 11700 ns, At safepoint: 2600 ns, Total: 20600 ns
[4008.583s][info ][safepoint      ] Safepoint "Cleanup", Time since last: 1000114839 ns, Reaching safepoint: 5900 ns, Cleanup: 8600 ns, At safepoint: 3000 ns, Total: 17500 ns
[4017.584s][info ][safepoint      ] Safepoint "Cleanup", Time since last: 9000701908 ns, Reaching safepoint: 7300 ns, Cleanup: 9700 ns, At safepoint: 2500 ns, Total: 19500 ns
[4018.584s][info ][safepoint      ] Safepoint "Cleanup", Time since last: 1000114122 ns, Reaching safepoint: 6500 ns, Cleanup: 9400 ns, At safepoint: 2600 ns, Total: 18500 ns
[4020.641s][info ][gc,start       ] GC(171) Pause Young (Allocation Failure)
[4020.661s][debug][gc,phases      ] GC(171) Scavenge 19.820ms
[4020.661s][debug][gc,ref         ] GC(171) Skipped SoftWeakFinalRefsPhase of Reference Processing: no references
[4020.661s][debug][gc,ref         ] GC(171) Skipped KeepAliveFinalRefsPhase of Reference Processing: no references
[4020.661s][debug][gc,ref         ] GC(171) ReferenceProcessor::execute queues: 1, RefProcThreadModel::Single, marks_oops_alive: false
[4020.661s][debug][gc,phases      ] GC(171) Reference Processing 0.092ms
[4020.661s][debug][gc,phases      ] GC(171)   VM Weak                        Min:  0.0, Avg:  0.0, Max:  0.0, Diff:  0.0, Sum:  0.0, Workers: 4
[4020.661s][debug][gc,phases      ] GC(171)     Dead                           Min: 0, Avg:  0.0, Max: 0, Diff: 0, Sum: 0, Workers: 4
[4020.661s][debug][gc,phases      ] GC(171)     Total                          Min: 0, Avg: 276.8, Max: 659, Diff: 659, Sum: 1107, Workers: 4
[4020.661s][debug][gc,phases      ] GC(171)   ObjectSynchronizer Weak        Min:  0.0, Avg:  0.0, Max:  0.0, Diff:  0.0, Sum:  0.0, Workers: 4
[4020.661s][debug][gc,phases      ] GC(171)     Dead                           Min: 0, Avg:  0.0, Max: 0, Diff: 0, Sum: 0, Workers: 4
[4020.661s][debug][gc,phases      ] GC(171)     Total                          Min: 0, Avg:  1.5, Max: 6, Diff: 6, Sum: 6, Workers: 4
[4020.661s][debug][gc,phases      ] GC(171)   JVMTI Tag Weak OopStorage      Min:  0.0, Avg:  0.0, Max:  0.0, Diff:  0.0, Sum:  0.0, Workers: 4
[4020.661s][debug][gc,phases      ] GC(171)     Dead                           Min: 0, Avg:  0.0, Max: 0, Diff: 0, Sum: 0, Workers: 4
[4020.661s][debug][gc,phases      ] GC(171)     Total                          Min: 0, Avg:  0.0, Max: 0, Diff: 0, Sum: 0, Workers: 4
[4020.661s][debug][gc,phases      ] GC(171)   StringTable Weak               Min:  0.0, Avg:  0.1, Max:  0.1, Diff:  0.1, Sum:  0.4, Workers: 4
[4020.661s][debug][gc,phases      ] GC(171)     Dead                           Min: 0, Avg:  0.0, Max: 0, Diff: 0, Sum: 0, Workers: 4
[4020.661s][debug][gc,phases      ] GC(171)     Total                          Min: 0, Avg: 11890.8, Max: 20428, Diff: 20428, Sum: 47563, Workers: 4
[4020.661s][debug][gc,phases      ] GC(171)   ResolvedMethodTable Weak       Min:  0.0, Avg:  0.0, Max:  0.0, Diff:  0.0, Sum:  0.1, Workers: 4
[4020.661s][debug][gc,phases      ] GC(171)     Dead                           Min: 0, Avg:  4.0, Max: 10, Diff: 10, Sum: 16, Workers: 4
[4020.661s][debug][gc,phases      ] GC(171)     Total                          Min: 0, Avg: 4005.2, Max: 6626, Diff: 6626, Sum: 16021, Workers: 4
[4020.661s][debug][gc,phases      ] GC(171)   JNI Weak                       Min:  0.0, Avg:  0.0, Max:  0.0, Diff:  0.0, Sum:  0.0, Workers: 4
[4020.661s][debug][gc,phases      ] GC(171)     Dead                           Min: 0, Avg:  0.0, Max: 0, Diff: 0, Sum: 0, Workers: 4
[4020.661s][debug][gc,phases      ] GC(171)     Total                          Min: 0, Avg: 13.0, Max: 52, Diff: 52, Sum: 52, Workers: 4
[4020.661s][debug][gc,phases      ] GC(171)   StringDedup Table Weak         Min:  0.0, Avg:  0.0, Max:  0.0, Diff:  0.0, Sum:  0.0, Workers: 4
[4020.661s][debug][gc,phases      ] GC(171)     Dead                           Min: 0, Avg:  0.0, Max: 0, Diff: 0, Sum: 0, Workers: 4
[4020.661s][debug][gc,phases      ] GC(171)     Total                          Min: 0, Avg:  0.0, Max: 0, Diff: 0, Sum: 0, Workers: 4
[4020.661s][debug][gc,phases      ] GC(171)   StringDedup Requests0 Weak     Min:  0.0, Avg:  0.0, Max:  0.0, Diff:  0.0, Sum:  0.0, Workers: 4
[4020.661s][debug][gc,phases      ] GC(171)     Dead                           Min: 0, Avg:  0.0, Max: 0, Diff: 0, Sum: 0, Workers: 4
[4020.662s][debug][gc,phases      ] GC(171)     Total                          Min: 0, Avg:  0.0, Max: 0, Diff: 0, Sum: 0, Workers: 4
[4020.662s][debug][gc,phases      ] GC(171)   StringDedup Requests1 Weak     Min:  0.0, Avg:  0.0, Max:  0.0, Diff:  0.0, Sum:  0.0, Workers: 4
[4020.662s][debug][gc,phases      ] GC(171)     Dead                           Min: 0, Avg:  0.0, Max: 0, Diff: 0, Sum: 0, Workers: 4
[4020.662s][debug][gc,phases      ] GC(171)     Total                          Min: 0, Avg:  0.0, Max: 0, Diff: 0, Sum: 0, Workers: 4
[4020.662s][debug][gc,phases      ] GC(171)   Weak JFR Old Object Samples    Min:  0.0, Avg:  0.0, Max:  0.0, Diff:  0.0, Sum:  0.0, Workers: 4
[4020.662s][debug][gc,phases      ] GC(171)     Dead                           Min: 0, Avg:  0.0, Max: 0, Diff: 0, Sum: 0, Workers: 4
[4020.662s][debug][gc,phases      ] GC(171)     Total                          Min: 0, Avg:  0.0, Max: 0, Diff: 0, Sum: 0, Workers: 4
[4020.662s][debug][gc,phases      ] GC(171) Weak Processing 0.367ms
[4020.662s][debug][gc,age         ] GC(171) Desired survivor size 45613056 bytes, new threshold 1 (max threshold 15)
[4020.662s][info ][gc,heap        ] GC(171) PSYoungGen: 2021073K(2051072K)->25297K(2050048K) Eden: 2003968K(2003968K)->0K(2003968K) From: 17105K(47104K)->25297K(46080K)
[4020.662s][info ][gc,heap        ] GC(171) ParOldGen: 2235123K(2235392K)->2247725K(2248192K)
[4020.662s][info ][gc,metaspace   ] GC(171) Metaspace: 110998K(112448K)->110998K(112448K) NonClass: 94454K(95296K)->94454K(95296K) Class: 16543K(17152K)->16543K(17152K)
[4020.662s][info ][gc             ] GC(171) Pause Young (Allocation Failure) 4156M->2219M(4197M) 20.398ms
[4020.662s][info ][gc,cpu         ] GC(171) User=0.07s Sys=0.01s Real=0.02s
[4020.662s][info ][safepoint      ] Safepoint "ParallelGCFailedAllocation", Time since last: 2056971536 ns, Reaching safepoint: 80601 ns, Cleanup: 3200 ns, At safepoint: 20479941 ns, Total: 20563742 ns
[4024.556s][info ][safepoint      ] Safepoint "Cleanup", Time since last: 3893936717 ns, Reaching safepoint: 6900 ns, Cleanup: 12400 ns, At safepoint: 2900 ns, Total: 22200 ns
[4029.556s][info ][safepoint      ] Safepoint "Cleanup", Time since last: 5000464582 ns, Reaching safepoint: 6700 ns, Cleanup: 9100 ns, At safepoint: 2700 ns, Total: 18500 ns
[4031.556s][info ][safepoint      ] Safepoint "Cleanup", Time since last: 2000172414 ns, Reaching safepoint: 6300 ns, Cleanup: 9600 ns, At safepoint: 2500 ns, Total: 18400 ns
[4043.557s][info ][safepoint      ] Safepoint "Cleanup", Time since last: 12000871526 ns, Reaching safepoint: 5700 ns, Cleanup: 10000 ns, At safepoint: 3100 ns, Total: 18800 ns
[4056.269s][info ][safepoint      ] Safepoint "ParallelGCFailedAllocation", Time since last: 12711601905 ns, Reaching safepoint: 107000 ns, Cleanup: 3800 ns, At safepoint: 32601 ns, Total: 143401 ns
[4056.270s][info ][gc,start       ] GC(172) Pause Young (GCLocker Initiated GC)
[4056.289s][debug][gc,phases      ] GC(172) Scavenge 19.793ms
[4056.290s][debug][gc,ref         ] GC(172) ReferenceProcessor::execute queues: 1, RefProcThreadModel::Single, marks_oops_alive: false
[4056.290s][debug][gc,ref         ] GC(172) Skipped KeepAliveFinalRefsPhase of Reference Processing: no references
[4056.290s][debug][gc,ref         ] GC(172) ReferenceProcessor::execute queues: 1, RefProcThreadModel::Single, marks_oops_alive: false
[4056.290s][debug][gc,phases      ] GC(172) Reference Processing 0.085ms
[4056.290s][debug][gc,phases      ] GC(172)   VM Weak                        Min:  0.0, Avg:  0.0, Max:  0.0, Diff:  0.0, Sum:  0.0, Workers: 4
[4056.290s][debug][gc,phases      ] GC(172)     Dead                           Min: 0, Avg:  0.0, Max: 0, Diff: 0, Sum: 0, Workers: 4
[4056.290s][debug][gc,phases      ] GC(172)     Total                          Min: 0, Avg: 276.8, Max: 512, Diff: 512, Sum: 1107, Workers: 4
[4056.290s][debug][gc,phases      ] GC(172)   ObjectSynchronizer Weak        Min:  0.0, Avg:  0.0, Max:  0.0, Diff:  0.0, Sum:  0.0, Workers: 4
[4056.290s][debug][gc,phases      ] GC(172)     Dead                           Min: 0, Avg:  0.0, Max: 0, Diff: 0, Sum: 0, Workers: 4
[4056.290s][debug][gc,phases      ] GC(172)     Total                          Min: 0, Avg:  1.5, Max: 6, Diff: 6, Sum: 6, Workers: 4
[4056.290s][debug][gc,phases      ] GC(172)   JVMTI Tag Weak OopStorage      Min:  0.0, Avg:  0.0, Max:  0.0, Diff:  0.0, Sum:  0.0, Workers: 4
[4056.290s][debug][gc,phases      ] GC(172)     Dead                           Min: 0, Avg:  0.0, Max: 0, Diff: 0, Sum: 0, Workers: 4
[4056.290s][debug][gc,phases      ] GC(172)     Total                          Min: 0, Avg:  0.0, Max: 0, Diff: 0, Sum: 0, Workers: 4
[4056.290s][debug][gc,phases      ] GC(172)   StringTable Weak               Min:  0.1, Avg:  0.1, Max:  0.1, Diff:  0.0, Sum:  0.5, Workers: 4
[4056.290s][debug][gc,phases      ] GC(172)     Dead                           Min: 0, Avg:  0.0, Max: 0, Diff: 0, Sum: 0, Workers: 4
[4056.290s][debug][gc,phases      ] GC(172)     Total                          Min: 11711, Avg: 11890.8, Max: 11980, Diff: 269, Sum: 47563, Workers: 4
[4056.290s][debug][gc,phases      ] GC(172)   ResolvedMethodTable Weak       Min:  0.0, Avg:  0.0, Max:  0.0, Diff:  0.0, Sum:  0.2, Workers: 4
[4056.290s][debug][gc,phases      ] GC(172)     Dead                           Min: 0, Avg:  4.0, Max: 12, Diff: 12, Sum: 16, Workers: 4
[4056.290s][debug][gc,phases      ] GC(172)     Total                          Min: 3855, Avg: 4005.2, Max: 4156, Diff: 301, Sum: 16021, Workers: 4
[4056.290s][debug][gc,phases      ] GC(172)   JNI Weak                       Min:  0.0, Avg:  0.0, Max:  0.0, Diff:  0.0, Sum:  0.0, Workers: 4
[4056.290s][debug][gc,phases      ] GC(172)     Dead                           Min: 0, Avg:  0.0, Max: 0, Diff: 0, Sum: 0, Workers: 4
[4056.290s][debug][gc,phases      ] GC(172)     Total                          Min: 0, Avg: 13.0, Max: 52, Diff: 52, Sum: 52, Workers: 4
[4056.290s][debug][gc,phases      ] GC(172)   StringDedup Table Weak         Min:  0.0, Avg:  0.0, Max:  0.0, Diff:  0.0, Sum:  0.0, Workers: 4
[4056.290s][debug][gc,phases      ] GC(172)     Dead                           Min: 0, Avg:  0.0, Max: 0, Diff: 0, Sum: 0, Workers: 4
[4056.290s][debug][gc,phases      ] GC(172)     Total                          Min: 0, Avg:  0.0, Max: 0, Diff: 0, Sum: 0, Workers: 4
[4056.290s][debug][gc,phases      ] GC(172)   StringDedup Requests0 Weak     Min:  0.0, Avg:  0.0, Max:  0.0, Diff:  0.0, Sum:  0.0, Workers: 4
[4056.290s][debug][gc,phases      ] GC(172)     Dead                           Min: 0, Avg:  0.0, Max: 0, Diff: 0, Sum: 0, Workers: 4
[4056.290s][debug][gc,phases      ] GC(172)     Total                          Min: 0, Avg:  0.0, Max: 0, Diff: 0, Sum: 0, Workers: 4
[4056.290s][debug][gc,phases      ] GC(172)   StringDedup Requests1 Weak     Min:  0.0, Avg:  0.0, Max:  0.0, Diff:  0.0, Sum:  0.0, Workers: 4
[4056.290s][debug][gc,phases      ] GC(172)     Dead                           Min: 0, Avg:  0.0, Max: 0, Diff: 0, Sum: 0, Workers: 4
[4056.290s][debug][gc,phases      ] GC(172)     Total                          Min: 0, Avg:  0.0, Max: 0, Diff: 0, Sum: 0, Workers: 4
[4056.290s][debug][gc,phases      ] GC(172)   Weak JFR Old Object Samples    Min:  0.0, Avg:  0.0, Max:  0.0, Diff:  0.0, Sum:  0.0, Workers: 4
[4056.290s][debug][gc,phases      ] GC(172)     Dead                           Min: 0, Avg:  0.0, Max: 0, Diff: 0, Sum: 0, Workers: 4
[4056.290s][debug][gc,phases      ] GC(172)     Total                          Min: 0, Avg:  0.0, Max: 0, Diff: 0, Sum: 0, Workers: 4
[4056.290s][debug][gc,phases      ] GC(172) Weak Processing 0.370ms
[4056.290s][debug][gc,age         ] GC(172) Desired survivor size 45613056 bytes, new threshold 1 (max threshold 15)
[4056.290s][info ][gc,heap        ] GC(172) PSYoungGen: 2029265K(2050048K)->12414K(2052608K) Eden: 2003968K(2003968K)->0K(2008064K) From: 25297K(46080K)->12414K(44544K)
[4056.290s][info ][gc,heap        ] GC(172) ParOldGen: 2247733K(2248192K)->2267592K(2267648K)
[4056.290s][info ][gc,metaspace   ] GC(172) Metaspace: 111001K(112448K)->111001K(112448K) NonClass: 94457K(95296K)->94457K(95296K) Class: 16543K(17152K)->16543K(17152K)
[4056.290s][info ][gc             ] GC(172) Pause Young (GCLocker Initiated GC) 4176M->2226M(4219M) 20.342ms
[4056.290s][info ][gc,cpu         ] GC(172) User=0.07s Sys=0.01s Real=0.03s
[4056.290s][info ][safepoint      ] Safepoint "ParallelGCSystemGC", Time since last: 608404 ns, Reaching safepoint: 77800 ns, Cleanup: 1500 ns, At safepoint: 20414539 ns, Total: 20493839 ns
[4064.291s][info ][safepoint      ] Safepoint "Cleanup", Time since last: 8001015192 ns, Reaching safepoint: 5400 ns, Cleanup: 9700 ns, At safepoint: 2900 ns, Total: 18000 ns
[4068.725s][info ][safepoint      ] Safepoint "ParallelGCFailedAllocation", Time since last: 4433670972 ns, Reaching safepoint: 5500 ns, Cleanup: 7700 ns, At safepoint: 9400 ns, Total: 22600 ns
[4068.725s][info ][gc,start       ] GC(173) Pause Young (GCLocker Initiated GC)
[4068.748s][debug][gc,phases      ] GC(173) Scavenge 22.791ms
[4068.748s][debug][gc,ref         ] GC(173) Skipped SoftWeakFinalRefsPhase of Reference Processing: no references
[4068.748s][debug][gc,ref         ] GC(173) Skipped KeepAliveFinalRefsPhase of Reference Processing: no references
[4068.748s][debug][gc,ref         ] GC(173) Skipped PhantomRefsPhase of Reference Processing: no references
[4068.748s][debug][gc,phases      ] GC(173) Reference Processing 0.028ms
[4068.748s][debug][gc,phases      ] GC(173)   VM Weak                        Min:  0.0, Avg:  0.0, Max:  0.0, Diff:  0.0, Sum:  0.0, Workers: 4
[4068.748s][debug][gc,phases      ] GC(173)     Dead                           Min: 0, Avg:  0.0, Max: 0, Diff: 0, Sum: 0, Workers: 4
[4068.748s][debug][gc,phases      ] GC(173)     Total                          Min: 0, Avg: 276.8, Max: 1107, Diff: 1107, Sum: 1107, Workers: 4
[4068.748s][debug][gc,phases      ] GC(173)   ObjectSynchronizer Weak        Min:  0.0, Avg:  0.0, Max:  0.0, Diff:  0.0, Sum:  0.0, Workers: 4
[4068.748s][debug][gc,phases      ] GC(173)     Dead                           Min: 0, Avg:  0.0, Max: 0, Diff: 0, Sum: 0, Workers: 4
[4068.748s][debug][gc,phases      ] GC(173)     Total                          Min: 0, Avg:  1.5, Max: 6, Diff: 6, Sum: 6, Workers: 4
[4068.748s][debug][gc,phases      ] GC(173)   JVMTI Tag Weak OopStorage      Min:  0.0, Avg:  0.0, Max:  0.0, Diff:  0.0, Sum:  0.0, Workers: 4
[4068.748s][debug][gc,phases      ] GC(173)     Dead                           Min: 0, Avg:  0.0, Max: 0, Diff: 0, Sum: 0, Workers: 4
[4068.748s][debug][gc,phases      ] GC(173)     Total                          Min: 0, Avg:  0.0, Max: 0, Diff: 0, Sum: 0, Workers: 4
[4068.748s][debug][gc,phases      ] GC(173)   StringTable Weak               Min:  0.0, Avg:  0.1, Max:  0.1, Diff:  0.1, Sum:  0.4, Workers: 4
[4068.748s][debug][gc,phases      ] GC(173)     Dead                           Min: 0, Avg:  0.0, Max: 0, Diff: 0, Sum: 0, Workers: 4
[4068.748s][debug][gc,phases      ] GC(173)     Total                          Min: 0, Avg: 11890.8, Max: 20799, Diff: 20799, Sum: 47563, Workers: 4
[4068.748s][debug][gc,phases      ] GC(173)   ResolvedMethodTable Weak       Min:  0.0, Avg:  0.0, Max:  0.0, Diff:  0.0, Sum:  0.1, Workers: 4
[4068.748s][debug][gc,phases      ] GC(173)     Dead                           Min: 0, Avg:  0.0, Max: 0, Diff: 0, Sum: 0, Workers: 4
[4068.748s][debug][gc,phases      ] GC(173)     Total                          Min: 0, Avg: 4005.2, Max: 6900, Diff: 6900, Sum: 16021, Workers: 4
[4068.748s][debug][gc,phases      ] GC(173)   JNI Weak                       Min:  0.0, Avg:  0.0, Max:  0.0, Diff:  0.0, Sum:  0.0, Workers: 4
[4068.748s][debug][gc,phases      ] GC(173)     Dead                           Min: 0, Avg:  0.0, Max: 0, Diff: 0, Sum: 0, Workers: 4
[4068.748s][debug][gc,phases      ] GC(173)     Total                          Min: 0, Avg: 13.0, Max: 52, Diff: 52, Sum: 52, Workers: 4
[4068.748s][debug][gc,phases      ] GC(173)   StringDedup Table Weak         Min:  0.0, Avg:  0.0, Max:  0.0, Diff:  0.0, Sum:  0.0, Workers: 4
[4068.748s][debug][gc,phases      ] GC(173)     Dead                           Min: 0, Avg:  0.0, Max: 0, Diff: 0, Sum: 0, Workers: 4
[4068.748s][debug][gc,phases      ] GC(173)     Total                          Min: 0, Avg:  0.0, Max: 0, Diff: 0, Sum: 0, Workers: 4
[4068.748s][debug][gc,phases      ] GC(173)   StringDedup Requests0 Weak     Min:  0.0, Avg:  0.0, Max:  0.0, Diff:  0.0, Sum:  0.0, Workers: 4
[4068.748s][debug][gc,phases      ] GC(173)     Dead                           Min: 0, Avg:  0.0, Max: 0, Diff: 0, Sum: 0, Workers: 4
[4068.748s][debug][gc,phases      ] GC(173)     Total                          Min: 0, Avg:  0.0, Max: 0, Diff: 0, Sum: 0, Workers: 4
[4068.748s][debug][gc,phases      ] GC(173)   StringDedup Requests1 Weak     Min:  0.0, Avg:  0.0, Max:  0.0, Diff:  0.0, Sum:  0.0, Workers: 4
[4068.748s][debug][gc,phases      ] GC(173)     Dead                           Min: 0, Avg:  0.0, Max: 0, Diff: 0, Sum: 0, Workers: 4
[4068.748s][debug][gc,phases      ] GC(173)     Total                          Min: 0, Avg:  0.0, Max: 0, Diff: 0, Sum: 0, Workers: 4
[4068.748s][debug][gc,phases      ] GC(173)   Weak JFR Old Object Samples    Min:  0.0, Avg:  0.0, Max:  0.0, Diff:  0.0, Sum:  0.0, Workers: 4
[4068.748s][debug][gc,phases      ] GC(173)     Dead                           Min: 0, Avg:  0.0, Max: 0, Diff: 0, Sum: 0, Workers: 4
[4068.749s][debug][gc,phases      ] GC(173)     Total                          Min: 0, Avg:  0.0, Max: 0, Diff: 0, Sum: 0, Workers: 4
[4068.749s][debug][gc,phases      ] GC(173) Weak Processing 0.347ms
[4068.749s][debug][gc,age         ] GC(173) Desired survivor size 48758784 bytes, new threshold 1 (max threshold 15)
[4068.749s][info ][gc,heap        ] GC(173) PSYoungGen: 2020478K(2052608K)->37207K(2045440K) Eden: 2008064K(2008064K)->0K(2008064K) From: 12414K(44544K)->37207K(37376K)
[4068.749s][info ][gc,heap        ] GC(173) ParOldGen: 2267827K(2268160K)->2276057K(2276352K)
[4068.749s][info ][gc,metaspace   ] GC(173) Metaspace: 111002K(112448K)->111002K(112448K) NonClass: 94459K(95296K)->94459K(95296K) Class: 16543K(17152K)->16543K(17152K)
[4068.749s][info ][gc             ] GC(173) Pause Young (GCLocker Initiated GC) 4187M->2259M(4220M) 23.263ms
[4068.749s][info ][gc,cpu         ] GC(173) User=0.08s Sys=0.01s Real=0.02s
[4068.749s][info ][safepoint      ] Safepoint "ParallelGCSystemGC", Time since last: 531903 ns, Reaching safepoint: 1800 ns, Cleanup: 1300 ns, At safepoint: 23320951 ns, Total: 23324051 ns
[4076.275s][info ][gc,start       ] GC(174) Pause Young (Allocation Failure)
[4076.302s][debug][gc,phases      ] GC(174) Scavenge 27.371ms
[4076.302s][debug][gc,ref         ] GC(174) Skipped SoftWeakFinalRefsPhase of Reference Processing: no references
[4076.302s][debug][gc,ref         ] GC(174) Skipped KeepAliveFinalRefsPhase of Reference Processing: no references
[4076.302s][debug][gc,ref         ] GC(174) ReferenceProcessor::execute queues: 1, RefProcThreadModel::Single, marks_oops_alive: false
[4076.302s][debug][gc,phases      ] GC(174) Reference Processing 0.095ms
[4076.302s][debug][gc,phases      ] GC(174)   VM Weak                        Min:  0.0, Avg:  0.0, Max:  0.0, Diff:  0.0, Sum:  0.0, Workers: 4
[4076.302s][debug][gc,phases      ] GC(174)     Dead                           Min: 0, Avg:  0.0, Max: 0, Diff: 0, Sum: 0, Workers: 4
[4076.302s][debug][gc,phases      ] GC(174)     Total                          Min: 0, Avg: 276.8, Max: 448, Diff: 448, Sum: 1107, Workers: 4
[4076.302s][debug][gc,phases      ] GC(174)   ObjectSynchronizer Weak        Min:  0.0, Avg:  0.0, Max:  0.0, Diff:  0.0, Sum:  0.0, Workers: 4
[4076.303s][debug][gc,phases      ] GC(174)     Dead                           Min: 0, Avg:  0.0, Max: 0, Diff: 0, Sum: 0, Workers: 4
[4076.303s][debug][gc,phases      ] GC(174)     Total                          Min: 0, Avg:  1.5, Max: 6, Diff: 6, Sum: 6, Workers: 4
[4076.303s][debug][gc,phases      ] GC(174)   JVMTI Tag Weak OopStorage      Min:  0.0, Avg:  0.0, Max:  0.0, Diff:  0.0, Sum:  0.0, Workers: 4
[4076.303s][debug][gc,phases      ] GC(174)     Dead                           Min: 0, Avg:  0.0, Max: 0, Diff: 0, Sum: 0, Workers: 4
[4076.303s][debug][gc,phases      ] GC(174)     Total                          Min: 0, Avg:  0.0, Max: 0, Diff: 0, Sum: 0, Workers: 4
[4076.303s][debug][gc,phases      ] GC(174)   StringTable Weak               Min:  0.1, Avg:  0.1, Max:  0.1, Diff:  0.0, Sum:  0.5, Workers: 4
[4076.303s][debug][gc,phases      ] GC(174)     Dead                           Min: 0, Avg:  0.0, Max: 0, Diff: 0, Sum: 0, Workers: 4
[4076.303s][debug][gc,phases      ] GC(174)     Total                          Min: 11328, Avg: 11890.8, Max: 12171, Diff: 843, Sum: 47563, Workers: 4
[4076.303s][debug][gc,phases      ] GC(174)   ResolvedMethodTable Weak       Min:  0.0, Avg:  0.0, Max:  0.0, Diff:  0.0, Sum:  0.2, Workers: 4
[4076.303s][debug][gc,phases      ] GC(174)     Dead                           Min: 0, Avg:  4.0, Max: 10, Diff: 10, Sum: 16, Workers: 4
[4076.303s][debug][gc,phases      ] GC(174)     Total                          Min: 3885, Avg: 4005.2, Max: 4125, Diff: 240, Sum: 16021, Workers: 4
[4076.303s][debug][gc,phases      ] GC(174)   JNI Weak                       Min:  0.0, Avg:  0.0, Max:  0.0, Diff:  0.0, Sum:  0.0, Workers: 4
[4076.303s][debug][gc,phases      ] GC(174)     Dead                           Min: 0, Avg:  0.0, Max: 0, Diff: 0, Sum: 0, Workers: 4
[4076.303s][debug][gc,phases      ] GC(174)     Total                          Min: 0, Avg: 13.0, Max: 52, Diff: 52, Sum: 52, Workers: 4
[4076.303s][debug][gc,phases      ] GC(174)   StringDedup Table Weak         Min:  0.0, Avg:  0.0, Max:  0.0, Diff:  0.0, Sum:  0.0, Workers: 4
[4076.303s][debug][gc,phases      ] GC(174)     Dead                           Min: 0, Avg:  0.0, Max: 0, Diff: 0, Sum: 0, Workers: 4
[4076.303s][debug][gc,phases      ] GC(174)     Total                          Min: 0, Avg:  0.0, Max: 0, Diff: 0, Sum: 0, Workers: 4
[4076.303s][debug][gc,phases      ] GC(174)   StringDedup Requests0 Weak     Min:  0.0, Avg:  0.0, Max:  0.0, Diff:  0.0, Sum:  0.0, Workers: 4
[4076.303s][debug][gc,phases      ] GC(174)     Dead                           Min: 0, Avg:  0.0, Max: 0, Diff: 0, Sum: 0, Workers: 4
[4076.303s][debug][gc,phases      ] GC(174)     Total                          Min: 0, Avg:  0.0, Max: 0, Diff: 0, Sum: 0, Workers: 4
[4076.303s][debug][gc,phases      ] GC(174)   StringDedup Requests1 Weak     Min:  0.0, Avg:  0.0, Max:  0.0, Diff:  0.0, Sum:  0.0, Workers: 4
[4076.303s][debug][gc,phases      ] GC(174)     Dead                           Min: 0, Avg:  0.0, Max: 0, Diff: 0, Sum: 0, Workers: 4
[4076.303s][debug][gc,phases      ] GC(174)     Total                          Min: 0, Avg:  0.0, Max: 0, Diff: 0, Sum: 0, Workers: 4
[4076.303s][debug][gc,phases      ] GC(174)   Weak JFR Old Object Samples    Min:  0.0, Avg:  0.0, Max:  0.0, Diff:  0.0, Sum:  0.0, Workers: 4
[4076.303s][debug][gc,phases      ] GC(174)     Dead                           Min: 0, Avg:  0.0, Max: 0, Diff: 0, Sum: 0, Workers: 4
[4076.303s][debug][gc,phases      ] GC(174)     Total                          Min: 0, Avg:  0.0, Max: 0, Diff: 0, Sum: 0, Workers: 4
[4076.303s][debug][gc,phases      ] GC(174) Weak Processing 0.330ms
[4076.303s][debug][gc,age         ] GC(174) Desired survivor size 50331648 bytes, new threshold 1 (max threshold 15)
[4076.303s][info ][gc,heap        ] GC(174) PSYoungGen: 2045271K(2045440K)->34544K(2046464K) Eden: 2008064K(2008064K)->0K(1998848K) From: 37207K(37376K)->34544K(47616K)
[4076.303s][info ][gc,heap        ] GC(174) ParOldGen: 2276059K(2276352K)->2304079K(2304512K)
[4076.303s][info ][gc,metaspace   ] GC(174) Metaspace: 111003K(112448K)->111003K(112448K) NonClass: 94460K(95296K)->94460K(95296K) Class: 16543K(17152K)->16543K(17152K)
[4076.303s][info ][gc             ] GC(174) Pause Young (Allocation Failure) 4220M->2283M(4249M) 27.915ms
[4076.303s][info ][gc,cpu         ] GC(174) User=0.08s Sys=0.03s Real=0.03s
[4076.303s][info ][safepoint      ] Safepoint "ParallelGCFailedAllocation", Time since last: 7526026917 ns, Reaching safepoint: 80700 ns, Cleanup: 10900 ns, At safepoint: 27986090 ns, Total: 28077690 ns
[4078.303s][info ][safepoint      ] Safepoint "Cleanup", Time since last: 2000172588 ns, Reaching safepoint: 79000 ns, Cleanup: 7901 ns, At safepoint: 10000 ns, Total: 96901 ns
[4083.290s][info ][gc,start       ] GC(175) Pause Young (Allocation Failure)
[4083.321s][debug][gc,phases      ] GC(175) Scavenge 30.671ms
[4083.321s][debug][gc,ref         ] GC(175) ReferenceProcessor::execute queues: 1, RefProcThreadModel::Single, marks_oops_alive: false
[4083.321s][debug][gc,ref         ] GC(175) Skipped KeepAliveFinalRefsPhase of Reference Processing: no references
[4083.321s][debug][gc,ref         ] GC(175) ReferenceProcessor::execute queues: 1, RefProcThreadModel::Single, marks_oops_alive: false
[4083.321s][debug][gc,phases      ] GC(175) Reference Processing 0.094ms
[4083.322s][debug][gc,phases      ] GC(175)   VM Weak                        Min:  0.0, Avg:  0.0, Max:  0.0, Diff:  0.0, Sum:  0.0, Workers: 4
[4083.322s][debug][gc,phases      ] GC(175)     Dead                           Min: 0, Avg:  0.0, Max: 0, Diff: 0, Sum: 0, Workers: 4
[4083.322s][debug][gc,phases      ] GC(175)     Total                          Min: 0, Avg: 276.8, Max: 1107, Diff: 1107, Sum: 1107, Workers: 4
[4083.322s][debug][gc,phases      ] GC(175)   ObjectSynchronizer Weak        Min:  0.0, Avg:  0.0, Max:  0.0, Diff:  0.0, Sum:  0.0, Workers: 4
[4083.322s][debug][gc,phases      ] GC(175)     Dead                           Min: 0, Avg:  0.0, Max: 0, Diff: 0, Sum: 0, Workers: 4
[4083.322s][debug][gc,phases      ] GC(175)     Total                          Min: 0, Avg:  1.0, Max: 4, Diff: 4, Sum: 4, Workers: 4
[4083.322s][debug][gc,phases      ] GC(175)   JVMTI Tag Weak OopStorage      Min:  0.0, Avg:  0.0, Max:  0.0, Diff:  0.0, Sum:  0.0, Workers: 4
[4083.322s][debug][gc,phases      ] GC(175)     Dead                           Min: 0, Avg:  0.0, Max: 0, Diff: 0, Sum: 0, Workers: 4
[4083.322s][debug][gc,phases      ] GC(175)     Total                          Min: 0, Avg:  0.0, Max: 0, Diff: 0, Sum: 0, Workers: 4
[4083.322s][debug][gc,phases      ] GC(175)   StringTable Weak               Min:  0.0, Avg:  0.1, Max:  0.3, Diff:  0.3, Sum:  0.3, Workers: 4
[4083.322s][debug][gc,phases      ] GC(175)     Dead                           Min: 0, Avg:  0.0, Max: 0, Diff: 0, Sum: 0, Workers: 4
[4083.322s][debug][gc,phases      ] GC(175)     Total                          Min: 0, Avg: 11890.8, Max: 47563, Diff: 47563, Sum: 47563, Workers: 4
[4083.322s][debug][gc,phases      ] GC(175)   ResolvedMethodTable Weak       Min:  0.0, Avg:  0.0, Max:  0.1, Diff:  0.1, Sum:  0.1, Workers: 4
[4083.322s][debug][gc,phases      ] GC(175)     Dead                           Min: 0, Avg:  0.0, Max: 0, Diff: 0, Sum: 0, Workers: 4
[4083.322s][debug][gc,phases      ] GC(175)     Total                          Min: 0, Avg: 4005.2, Max: 16021, Diff: 16021, Sum: 16021, Workers: 4
[4083.322s][debug][gc,phases      ] GC(175)   JNI Weak                       Min:  0.0, Avg:  0.0, Max:  0.0, Diff:  0.0, Sum:  0.0, Workers: 4
[4083.322s][debug][gc,phases      ] GC(175)     Dead                           Min: 0, Avg:  0.0, Max: 0, Diff: 0, Sum: 0, Workers: 4
[4083.322s][debug][gc,phases      ] GC(175)     Total                          Min: 0, Avg: 13.0, Max: 52, Diff: 52, Sum: 52, Workers: 4
[4083.322s][debug][gc,phases      ] GC(175)   StringDedup Table Weak         Min:  0.0, Avg:  0.0, Max:  0.0, Diff:  0.0, Sum:  0.0, Workers: 4
[4083.322s][debug][gc,phases      ] GC(175)     Dead                           Min: 0, Avg:  0.0, Max: 0, Diff: 0, Sum: 0, Workers: 4
[4083.322s][debug][gc,phases      ] GC(175)     Total                          Min: 0, Avg:  0.0, Max: 0, Diff: 0, Sum: 0, Workers: 4
[4083.322s][debug][gc,phases      ] GC(175)   StringDedup Requests0 Weak     Min:  0.0, Avg:  0.0, Max:  0.0, Diff:  0.0, Sum:  0.0, Workers: 4
[4083.322s][debug][gc,phases      ] GC(175)     Dead                           Min: 0, Avg:  0.0, Max: 0, Diff: 0, Sum: 0, Workers: 4
[4083.322s][debug][gc,phases      ] GC(175)     Total                          Min: 0, Avg:  0.0, Max: 0, Diff: 0, Sum: 0, Workers: 4
[4083.322s][debug][gc,phases      ] GC(175)   StringDedup Requests1 Weak     Min:  0.0, Avg:  0.0, Max:  0.0, Diff:  0.0, Sum:  0.0, Workers: 4
[4083.322s][debug][gc,phases      ] GC(175)     Dead                           Min: 0, Avg:  0.0, Max: 0, Diff: 0, Sum: 0, Workers: 4
[4083.322s][debug][gc,phases      ] GC(175)     Total                          Min: 0, Avg:  0.0, Max: 0, Diff: 0, Sum: 0, Workers: 4
[4083.322s][debug][gc,phases      ] GC(175)   Weak JFR Old Object Samples    Min:  0.0, Avg:  0.0, Max:  0.0, Diff:  0.0, Sum:  0.0, Workers: 4
[4083.322s][debug][gc,phases      ] GC(175)     Dead                           Min: 0, Avg:  0.0, Max: 0, Diff: 0, Sum: 0, Workers: 4
[4083.322s][debug][gc,phases      ] GC(175)     Total                          Min: 0, Avg:  0.0, Max: 0, Diff: 0, Sum: 0, Workers: 4
[4083.322s][debug][gc,phases      ] GC(175) Weak Processing 0.576ms
[4083.322s][debug][gc,age         ] GC(175) Desired survivor size 52428800 bytes, new threshold 1 (max threshold 15)
[4083.322s][info ][gc,heap        ] GC(175) PSYoungGen: 2033392K(2046464K)->37584K(2036736K) Eden: 1998848K(1998848K)->0K(1998848K) From: 34544K(47616K)->37584K(37888K)
[4083.322s][info ][gc,heap        ] GC(175) ParOldGen: 2304079K(2304512K)->2335044K(2335232K)
[4083.322s][info ][gc,metaspace   ] GC(175) Metaspace: 111004K(112448K)->111004K(112448K) NonClass: 94461K(95296K)->94461K(95296K) Class: 16543K(17152K)->16543K(17152K)
[4083.322s][info ][gc             ] GC(175) Pause Young (Allocation Failure) 4235M->2317M(4269M) 31.459ms
[4083.322s][info ][gc,cpu         ] GC(175) User=0.10s Sys=0.01s Real=0.03s
[4083.322s][info ][safepoint      ] Safepoint "ParallelGCFailedAllocation", Time since last: 4987223464 ns, Reaching safepoint: 78800 ns, Cleanup: 3900 ns, At safepoint: 31556903 ns, Total: 31639603 ns
[4084.322s][info ][safepoint      ] Safepoint "Cleanup", Time since last: 1000093812 ns, Reaching safepoint: 11700 ns, Cleanup: 12700 ns, At safepoint: 3500 ns, Total: 27900 ns
[4086.322s][info ][safepoint      ] Safepoint "Cleanup", Time since last: 2000173924 ns, Reaching safepoint: 79100 ns, Cleanup: 11300 ns, At safepoint: 6500 ns, Total: 96900 ns
[4088.322s][info ][safepoint      ] Safepoint "Cleanup", Time since last: 2000169188 ns, Reaching safepoint: 81601 ns, Cleanup: 8700 ns, At safepoint: 12800 ns, Total: 103101 ns
[4089.323s][info ][safepoint      ] Safepoint "Cleanup", Time since last: 1000110378 ns, Reaching safepoint: 5600 ns, Cleanup: 9800 ns, At safepoint: 2500 ns, Total: 17900 ns
[4090.288s][info ][gc,start       ] GC(176) Pause Young (Allocation Failure)
[4090.318s][debug][gc,phases      ] GC(176) Scavenge 30.353ms
[4090.318s][debug][gc,ref         ] GC(176) ReferenceProcessor::execute queues: 1, RefProcThreadModel::Single, marks_oops_alive: false
[4090.318s][debug][gc,ref         ] GC(176) Skipped KeepAliveFinalRefsPhase of Reference Processing: no references
[4090.318s][debug][gc,ref         ] GC(176) ReferenceProcessor::execute queues: 1, RefProcThreadModel::Single, marks_oops_alive: false
[4090.319s][debug][gc,phases      ] GC(176) Reference Processing 0.136ms
[4090.319s][debug][gc,phases      ] GC(176)   VM Weak                        Min:  0.0, Avg:  0.0, Max:  0.0, Diff:  0.0, Sum:  0.0, Workers: 4
[4090.319s][debug][gc,phases      ] GC(176)     Dead                           Min: 0, Avg:  0.0, Max: 0, Diff: 0, Sum: 0, Workers: 4
[4090.319s][debug][gc,phases      ] GC(176)     Total                          Min: 0, Avg: 276.8, Max: 787, Diff: 787, Sum: 1107, Workers: 4
[4090.319s][debug][gc,phases      ] GC(176)   ObjectSynchronizer Weak        Min:  0.0, Avg:  0.0, Max:  0.0, Diff:  0.0, Sum:  0.0, Workers: 4
[4090.319s][debug][gc,phases      ] GC(176)     Dead                           Min: 0, Avg:  0.0, Max: 0, Diff: 0, Sum: 0, Workers: 4
[4090.319s][debug][gc,phases      ] GC(176)     Total                          Min: 0, Avg:  1.2, Max: 5, Diff: 5, Sum: 5, Workers: 4
[4090.319s][debug][gc,phases      ] GC(176)   JVMTI Tag Weak OopStorage      Min:  0.0, Avg:  0.0, Max:  0.0, Diff:  0.0, Sum:  0.0, Workers: 4
[4090.319s][debug][gc,phases      ] GC(176)     Dead                           Min: 0, Avg:  0.0, Max: 0, Diff: 0, Sum: 0, Workers: 4
[4090.319s][debug][gc,phases      ] GC(176)     Total                          Min: 0, Avg:  0.0, Max: 0, Diff: 0, Sum: 0, Workers: 4
[4090.319s][debug][gc,phases      ] GC(176)   StringTable Weak               Min:  0.0, Avg:  0.1, Max:  0.2, Diff:  0.2, Sum:  0.5, Workers: 4
[4090.319s][debug][gc,phases      ] GC(176)     Dead                           Min: 0, Avg:  0.2, Max: 1, Diff: 1, Sum: 1, Workers: 4
[4090.319s][debug][gc,phases      ] GC(176)     Total                          Min: 0, Avg: 11891.5, Max: 23950, Diff: 23950, Sum: 47566, Workers: 4
[4090.319s][debug][gc,phases      ] GC(176)   ResolvedMethodTable Weak       Min:  0.0, Avg:  0.0, Max:  0.1, Diff:  0.1, Sum:  0.2, Workers: 4
[4090.319s][debug][gc,phases      ] GC(176)     Dead                           Min: 0, Avg:  0.5, Max: 2, Diff: 2, Sum: 2, Workers: 4
[4090.319s][debug][gc,phases      ] GC(176)     Total                          Min: 0, Avg: 4006.2, Max: 8179, Diff: 8179, Sum: 16025, Workers: 4
[4090.319s][debug][gc,phases      ] GC(176)   JNI Weak                       Min:  0.0, Avg:  0.0, Max:  0.0, Diff:  0.0, Sum:  0.0, Workers: 4
[4090.319s][debug][gc,phases      ] GC(176)     Dead                           Min: 0, Avg:  0.0, Max: 0, Diff: 0, Sum: 0, Workers: 4
[4090.319s][debug][gc,phases      ] GC(176)     Total                          Min: 0, Avg: 13.0, Max: 52, Diff: 52, Sum: 52, Workers: 4
[4090.319s][debug][gc,phases      ] GC(176)   StringDedup Table Weak         Min:  0.0, Avg:  0.0, Max:  0.0, Diff:  0.0, Sum:  0.0, Workers: 4
[4090.319s][debug][gc,phases      ] GC(176)     Dead                           Min: 0, Avg:  0.0, Max: 0, Diff: 0, Sum: 0, Workers: 4
[4090.319s][debug][gc,phases      ] GC(176)     Total                          Min: 0, Avg:  0.0, Max: 0, Diff: 0, Sum: 0, Workers: 4
[4090.319s][debug][gc,phases      ] GC(176)   StringDedup Requests0 Weak     Min:  0.0, Avg:  0.0, Max:  0.0, Diff:  0.0, Sum:  0.0, Workers: 4
[4090.319s][debug][gc,phases      ] GC(176)     Dead                           Min: 0, Avg:  0.0, Max: 0, Diff: 0, Sum: 0, Workers: 4
[4090.319s][debug][gc,phases      ] GC(176)     Total                          Min: 0, Avg:  0.0, Max: 0, Diff: 0, Sum: 0, Workers: 4
[4090.319s][debug][gc,phases      ] GC(176)   StringDedup Requests1 Weak     Min:  0.0, Avg:  0.0, Max:  0.0, Diff:  0.0, Sum:  0.0, Workers: 4
[4090.319s][debug][gc,phases      ] GC(176)     Dead                           Min: 0, Avg:  0.0, Max: 0, Diff: 0, Sum: 0, Workers: 4
[4090.319s][debug][gc,phases      ] GC(176)     Total                          Min: 0, Avg:  0.0, Max: 0, Diff: 0, Sum: 0, Workers: 4
[4090.319s][debug][gc,phases      ] GC(176)   Weak JFR Old Object Samples    Min:  0.0, Avg:  0.0, Max:  0.0, Diff:  0.0, Sum:  0.0, Workers: 4
[4090.319s][debug][gc,phases      ] GC(176)     Dead                           Min: 0, Avg:  0.0, Max: 0, Diff: 0, Sum: 0, Workers: 4
[4090.319s][debug][gc,phases      ] GC(176)     Total                          Min: 0, Avg:  0.0, Max: 0, Diff: 0, Sum: 0, Workers: 4
[4090.319s][debug][gc,phases      ] GC(176) Weak Processing 0.623ms
[4090.319s][debug][gc,age         ] GC(176) Desired survivor size 51904512 bytes, new threshold 1 (max threshold 15)
[4090.319s][info ][gc,heap        ] GC(176) PSYoungGen: 2036432K(2036736K)->32320K(2046464K) Eden: 1998848K(1998848K)->0K(1995264K) From: 37584K(37888K)->32320K(51200K)
[4090.319s][info ][gc,heap        ] GC(176) ParOldGen: 2335044K(2335232K)->2369128K(2369536K)
[4090.319s][info ][gc,metaspace   ] GC(176) Metaspace: 111016K(112448K)->111016K(112448K) NonClass: 94471K(95296K)->94471K(95296K) Class: 16545K(17152K)->16545K(17152K)
[4090.319s][info ][gc             ] GC(176) Pause Young (Allocation Failure) 4269M->2345M(4312M) 31.267ms
[4090.319s][info ][gc,cpu         ] GC(176) User=0.09s Sys=0.02s Real=0.03s
[4090.319s][info ][safepoint      ] Safepoint "ParallelGCFailedAllocation", Time since last: 965256548 ns, Reaching safepoint: 6401 ns, Cleanup: 19300 ns, At safepoint: 31360106 ns, Total: 31385807 ns
[4091.764s][info ][safepoint      ] Safepoint "Cleanup", Time since last: 1444736802 ns, Reaching safepoint: 80801 ns, Cleanup: 14200 ns, At safepoint: 7100 ns, Total: 102101 ns
[4093.835s][info ][safepoint      ] Safepoint "Cleanup", Time since last: 2071019821 ns, Reaching safepoint: 6500 ns, Cleanup: 14800 ns, At safepoint: 21500 ns, Total: 42800 ns
[4094.836s][info ][safepoint      ] Safepoint "Cleanup", Time since last: 1000719082 ns, Reaching safepoint: 79201 ns, Cleanup: 10800 ns, At safepoint: 12100 ns, Total: 102101 ns
[4095.836s][info ][safepoint      ] Safepoint "Cleanup", Time since last: 1000104036 ns, Reaching safepoint: 5900 ns, Cleanup: 10600 ns, At safepoint: 2400 ns, Total: 18900 ns
[4096.114s][info ][safepoint      ] Safepoint "ParallelGCFailedAllocation", Time since last: 277657359 ns, Reaching safepoint: 5600 ns, Cleanup: 3400 ns, At safepoint: 48001 ns, Total: 57001 ns
[4096.114s][info ][gc,start       ] GC(177) Pause Young (GCLocker Initiated GC)
[4096.153s][debug][gc,phases      ] GC(177) Scavenge 38.599ms
[4096.153s][debug][gc,ref         ] GC(177) ReferenceProcessor::execute queues: 1, RefProcThreadModel::Single, marks_oops_alive: false
[4096.153s][debug][gc,ref         ] GC(177) Skipped KeepAliveFinalRefsPhase of Reference Processing: no references
[4096.153s][debug][gc,ref         ] GC(177) ReferenceProcessor::execute queues: 1, RefProcThreadModel::Single, marks_oops_alive: false
[4096.153s][debug][gc,phases      ] GC(177) Reference Processing 0.098ms
[4096.153s][debug][gc,phases      ] GC(177)   VM Weak                        Min:  0.0, Avg:  0.0, Max:  0.0, Diff:  0.0, Sum:  0.0, Workers: 4
[4096.153s][debug][gc,phases      ] GC(177)     Dead                           Min: 0, Avg:  0.0, Max: 0, Diff: 0, Sum: 0, Workers: 4
[4096.153s][debug][gc,phases      ] GC(177)     Total                          Min: 0, Avg: 276.8, Max: 576, Diff: 576, Sum: 1107, Workers: 4
[4096.153s][debug][gc,phases      ] GC(177)   ObjectSynchronizer Weak        Min:  0.0, Avg:  0.0, Max:  0.0, Diff:  0.0, Sum:  0.0, Workers: 4
[4096.153s][debug][gc,phases      ] GC(177)     Dead                           Min: 0, Avg:  0.0, Max: 0, Diff: 0, Sum: 0, Workers: 4
[4096.153s][debug][gc,phases      ] GC(177)     Total                          Min: 0, Avg:  1.2, Max: 5, Diff: 5, Sum: 5, Workers: 4
[4096.153s][debug][gc,phases      ] GC(177)   JVMTI Tag Weak OopStorage      Min:  0.0, Avg:  0.0, Max:  0.0, Diff:  0.0, Sum:  0.0, Workers: 4
[4096.153s][debug][gc,phases      ] GC(177)     Dead                           Min: 0, Avg:  0.0, Max: 0, Diff: 0, Sum: 0, Workers: 4
[4096.153s][debug][gc,phases      ] GC(177)     Total                          Min: 0, Avg:  0.0, Max: 0, Diff: 0, Sum: 0, Workers: 4
[4096.153s][debug][gc,phases      ] GC(177)   StringTable Weak               Min:  0.0, Avg:  0.1, Max:  0.1, Diff:  0.1, Sum:  0.4, Workers: 4
[4096.153s][debug][gc,phases      ] GC(177)     Dead                           Min: 0, Avg:  0.2, Max: 1, Diff: 1, Sum: 1, Workers: 4
[4096.153s][debug][gc,phases      ] GC(177)     Total                          Min: 0, Avg: 11896.0, Max: 20449, Diff: 20449, Sum: 47584, Workers: 4
[4096.153s][debug][gc,phases      ] GC(177)   ResolvedMethodTable Weak       Min:  0.0, Avg:  0.0, Max:  0.0, Diff:  0.0, Sum:  0.1, Workers: 4
[4096.153s][debug][gc,phases      ] GC(177)     Dead                           Min: 0, Avg:  6.0, Max: 14, Diff: 14, Sum: 24, Workers: 4
[4096.153s][debug][gc,phases      ] GC(177)     Total                          Min: 0, Avg: 4010.8, Max: 6690, Diff: 6690, Sum: 16043, Workers: 4
[4096.153s][debug][gc,phases      ] GC(177)   JNI Weak                       Min:  0.0, Avg:  0.0, Max:  0.0, Diff:  0.0, Sum:  0.0, Workers: 4
[4096.153s][debug][gc,phases      ] GC(177)     Dead                           Min: 0, Avg:  0.0, Max: 0, Diff: 0, Sum: 0, Workers: 4
[4096.153s][debug][gc,phases      ] GC(177)     Total                          Min: 0, Avg: 13.0, Max: 52, Diff: 52, Sum: 52, Workers: 4
[4096.153s][debug][gc,phases      ] GC(177)   StringDedup Table Weak         Min:  0.0, Avg:  0.0, Max:  0.0, Diff:  0.0, Sum:  0.0, Workers: 4
[4096.153s][debug][gc,phases      ] GC(177)     Dead                           Min: 0, Avg:  0.0, Max: 0, Diff: 0, Sum: 0, Workers: 4
[4096.153s][debug][gc,phases      ] GC(177)     Total                          Min: 0, Avg:  0.0, Max: 0, Diff: 0, Sum: 0, Workers: 4
[4096.153s][debug][gc,phases      ] GC(177)   StringDedup Requests0 Weak     Min:  0.0, Avg:  0.0, Max:  0.0, Diff:  0.0, Sum:  0.0, Workers: 4
[4096.153s][debug][gc,phases      ] GC(177)     Dead                           Min: 0, Avg:  0.0, Max: 0, Diff: 0, Sum: 0, Workers: 4
[4096.153s][debug][gc,phases      ] GC(177)     Total                          Min: 0, Avg:  0.0, Max: 0, Diff: 0, Sum: 0, Workers: 4
[4096.153s][debug][gc,phases      ] GC(177)   StringDedup Requests1 Weak     Min:  0.0, Avg:  0.0, Max:  0.0, Diff:  0.0, Sum:  0.0, Workers: 4
[4096.153s][debug][gc,phases      ] GC(177)     Dead                           Min: 0, Avg:  0.0, Max: 0, Diff: 0, Sum: 0, Workers: 4
[4096.153s][debug][gc,phases      ] GC(177)     Total                          Min: 0, Avg:  0.0, Max: 0, Diff: 0, Sum: 0, Workers: 4
[4096.153s][debug][gc,phases      ] GC(177)   Weak JFR Old Object Samples    Min:  0.0, Avg:  0.0, Max:  0.0, Diff:  0.0, Sum:  0.0, Workers: 4
[4096.153s][debug][gc,phases      ] GC(177)     Dead                           Min: 0, Avg:  0.0, Max: 0, Diff: 0, Sum: 0, Workers: 4
[4096.153s][debug][gc,phases      ] GC(177)     Total                          Min: 0, Avg:  0.0, Max: 0, Diff: 0, Sum: 0, Workers: 4
[4096.153s][debug][gc,phases      ] GC(177) Weak Processing 0.347ms
[4096.153s][debug][gc,age         ] GC(177) Desired survivor size 52428800 bytes, new threshold 1 (max threshold 15)
[4096.153s][info ][gc,heap        ] GC(177) PSYoungGen: 2027584K(2046464K)->35328K(2045952K) Eden: 1995264K(1995264K)->0K(1995264K) From: 32320K(51200K)->35328K(50688K)
[4096.153s][info ][gc,heap        ] GC(177) ParOldGen: 2369640K(2370560K)->2399271K(2399744K)
[4096.153s][info ][gc,metaspace   ] GC(177) Metaspace: 111063K(112512K)->111063K(112512K) NonClass: 94508K(95360K)->94508K(95360K) Class: 16554K(17152K)->16554K(17152K)
[4096.153s][info ][gc             ] GC(177) Pause Young (GCLocker Initiated GC) 4294M->2377M(4341M) 39.165ms
[4096.153s][info ][gc,cpu         ] GC(177) User=0.10s Sys=0.01s Real=0.04s
[4096.153s][info ][safepoint      ] Safepoint "ParallelGCSystemGC", Time since last: 83500 ns, Reaching safepoint: 289902 ns, Cleanup: 1200 ns, At safepoint: 39232263 ns, Total: 39523365 ns
[4097.154s][info ][safepoint      ] Safepoint "Cleanup", Time since last: 1000459299 ns, Reaching safepoint: 80400 ns, Cleanup: 15300 ns, At safepoint: 12700 ns, Total: 108400 ns
[4099.154s][info ][safepoint      ] Safepoint "Cleanup", Time since last: 2000181693 ns, Reaching safepoint: 6000 ns, Cleanup: 10300 ns, At safepoint: 2400 ns, Total: 18700 ns
[4103.372s][info ][safepoint      ] Safepoint "ParallelGCFailedAllocation", Time since last: 4217425638 ns, Reaching safepoint: 81601 ns, Cleanup: 3400 ns, At safepoint: 11800 ns, Total: 96801 ns
[4103.372s][info ][gc,start       ] GC(178) Pause Young (GCLocker Initiated GC)
[4103.401s][debug][gc,phases      ] GC(178) Scavenge 28.891ms
[4103.402s][debug][gc,ref         ] GC(178) ReferenceProcessor::execute queues: 1, RefProcThreadModel::Single, marks_oops_alive: false
[4103.402s][debug][gc,ref         ] GC(178) Skipped KeepAliveFinalRefsPhase of Reference Processing: no references
[4103.402s][debug][gc,ref         ] GC(178) ReferenceProcessor::execute queues: 1, RefProcThreadModel::Single, marks_oops_alive: false
[4103.402s][debug][gc,phases      ] GC(178) Reference Processing 0.095ms
[4103.402s][debug][gc,phases      ] GC(178)   VM Weak                        Min:  0.0, Avg:  0.0, Max:  0.0, Diff:  0.0, Sum:  0.0, Workers: 4
[4103.402s][debug][gc,phases      ] GC(178)     Dead                           Min: 0, Avg:  0.0, Max: 0, Diff: 0, Sum: 0, Workers: 4
[4103.402s][debug][gc,phases      ] GC(178)     Total                          Min: 0, Avg: 276.8, Max: 576, Diff: 576, Sum: 1107, Workers: 4
[4103.402s][debug][gc,phases      ] GC(178)   ObjectSynchronizer Weak        Min:  0.0, Avg:  0.0, Max:  0.0, Diff:  0.0, Sum:  0.0, Workers: 4
[4103.402s][debug][gc,phases      ] GC(178)     Dead                           Min: 0, Avg:  0.0, Max: 0, Diff: 0, Sum: 0, Workers: 4
[4103.402s][debug][gc,phases      ] GC(178)     Total                          Min: 0, Avg:  1.5, Max: 6, Diff: 6, Sum: 6, Workers: 4
[4103.402s][debug][gc,phases      ] GC(178)   JVMTI Tag Weak OopStorage      Min:  0.0, Avg:  0.0, Max:  0.0, Diff:  0.0, Sum:  0.0, Workers: 4
[4103.402s][debug][gc,phases      ] GC(178)     Dead                           Min: 0, Avg:  0.0, Max: 0, Diff: 0, Sum: 0, Workers: 4
[4103.402s][debug][gc,phases      ] GC(178)     Total                          Min: 0, Avg:  0.0, Max: 0, Diff: 0, Sum: 0, Workers: 4
[4103.402s][debug][gc,phases      ] GC(178)   StringTable Weak               Min:  0.0, Avg:  0.1, Max:  0.1, Diff:  0.1, Sum:  0.4, Workers: 4
[4103.402s][debug][gc,phases      ] GC(178)     Dead                           Min: 0, Avg:  0.0, Max: 0, Diff: 0, Sum: 0, Workers: 4
[4103.402s][debug][gc,phases      ] GC(178)     Total                          Min: 0, Avg: 11897.2, Max: 20864, Diff: 20864, Sum: 47589, Workers: 4
[4103.402s][debug][gc,phases      ] GC(178)   ResolvedMethodTable Weak       Min:  0.0, Avg:  0.0, Max:  0.0, Diff:  0.0, Sum:  0.1, Workers: 4
[4103.402s][debug][gc,phases      ] GC(178)     Dead                           Min: 0, Avg:  0.5, Max: 2, Diff: 2, Sum: 2, Workers: 4
[4103.402s][debug][gc,phases      ] GC(178)     Total                          Min: 0, Avg: 4012.2, Max: 6931, Diff: 6931, Sum: 16049, Workers: 4
[4103.402s][debug][gc,phases      ] GC(178)   JNI Weak                       Min:  0.0, Avg:  0.0, Max:  0.0, Diff:  0.0, Sum:  0.0, Workers: 4
[4103.402s][debug][gc,phases      ] GC(178)     Dead                           Min: 0, Avg:  0.0, Max: 0, Diff: 0, Sum: 0, Workers: 4
[4103.402s][debug][gc,phases      ] GC(178)     Total                          Min: 0, Avg: 13.0, Max: 52, Diff: 52, Sum: 52, Workers: 4
[4103.402s][debug][gc,phases      ] GC(178)   StringDedup Table Weak         Min:  0.0, Avg:  0.0, Max:  0.0, Diff:  0.0, Sum:  0.0, Workers: 4
[4103.402s][debug][gc,phases      ] GC(178)     Dead                           Min: 0, Avg:  0.0, Max: 0, Diff: 0, Sum: 0, Workers: 4
[4103.402s][debug][gc,phases      ] GC(178)     Total                          Min: 0, Avg:  0.0, Max: 0, Diff: 0, Sum: 0, Workers: 4
[4103.402s][debug][gc,phases      ] GC(178)   StringDedup Requests0 Weak     Min:  0.0, Avg:  0.0, Max:  0.0, Diff:  0.0, Sum:  0.0, Workers: 4
[4103.402s][debug][gc,phases      ] GC(178)     Dead                           Min: 0, Avg:  0.0, Max: 0, Diff: 0, Sum: 0, Workers: 4
[4103.402s][debug][gc,phases      ] GC(178)     Total                          Min: 0, Avg:  0.0, Max: 0, Diff: 0, Sum: 0, Workers: 4
[4103.402s][debug][gc,phases      ] GC(178)   StringDedup Requests1 Weak     Min:  0.0, Avg:  0.0, Max:  0.0, Diff:  0.0, Sum:  0.0, Workers: 4
[4103.402s][debug][gc,phases      ] GC(178)     Dead                           Min: 0, Avg:  0.0, Max: 0, Diff: 0, Sum: 0, Workers: 4
[4103.402s][debug][gc,phases      ] GC(178)     Total                          Min: 0, Avg:  0.0, Max: 0, Diff: 0, Sum: 0, Workers: 4
[4103.402s][debug][gc,phases      ] GC(178)   Weak JFR Old Object Samples    Min:  0.0, Avg:  0.0, Max:  0.0, Diff:  0.0, Sum:  0.0, Workers: 4
[4103.402s][debug][gc,phases      ] GC(178)     Dead                           Min: 0, Avg:  0.0, Max: 0, Diff: 0, Sum: 0, Workers: 4
[4103.402s][debug][gc,phases      ] GC(178)     Total                          Min: 0, Avg:  0.0, Max: 0, Diff: 0, Sum: 0, Workers: 4
[4103.402s][debug][gc,phases      ] GC(178) Weak Processing 0.377ms
[4103.402s][debug][gc,age         ] GC(178) Desired survivor size 52953088 bytes, new threshold 1 (max threshold 15)
[4103.402s][info ][gc,heap        ] GC(178) PSYoungGen: 2030592K(2045952K)->35895K(2044928K) Eden: 1995264K(1995264K)->0K(1993728K) From: 35328K(50688K)->35895K(51200K)
[4103.402s][info ][gc,heap        ] GC(178) ParOldGen: 2399380K(2399744K)->2431715K(2432000K)
[4103.402s][info ][gc,metaspace   ] GC(178) Metaspace: 111076K(112512K)->111076K(112512K) NonClass: 94519K(95360K)->94519K(95360K) Class: 16556K(17152K)->16556K(17152K)
[4103.402s][info ][gc             ] GC(178) Pause Young (GCLocker Initiated GC) 4326M->2409M(4372M) 29.464ms
[4103.402s][info ][gc,cpu         ] GC(178) User=0.10s Sys=0.01s Real=0.03s
[4103.402s][info ][safepoint      ] Safepoint "ParallelGCSystemGC", Time since last: 664204 ns, Reaching safepoint: 77301 ns, Cleanup: 1700 ns, At safepoint: 29698499 ns, Total: 29777500 ns
[4104.402s][info ][safepoint      ] Safepoint "Cleanup", Time since last: 1000094795 ns, Reaching safepoint: 7400 ns, Cleanup: 13500 ns, At safepoint: 2700 ns, Total: 23600 ns
[4107.403s][info ][safepoint      ] Safepoint "Cleanup", Time since last: 3000243986 ns, Reaching safepoint: 78000 ns, Cleanup: 9501 ns, At safepoint: 12400 ns, Total: 99901 ns
[4108.404s][info ][safepoint      ] Safepoint "Cleanup", Time since last: 1001252503 ns, Reaching safepoint: 81700 ns, Cleanup: 11200 ns, At safepoint: 13100 ns, Total: 106000 ns
[4110.105s][info ][gc,start       ] GC(179) Pause Young (Allocation Failure)
[4110.138s][debug][gc,phases      ] GC(179) Scavenge 32.809ms
[4110.138s][debug][gc,ref         ] GC(179) ReferenceProcessor::execute queues: 1, RefProcThreadModel::Single, marks_oops_alive: false
[4110.138s][debug][gc,ref         ] GC(179) Skipped KeepAliveFinalRefsPhase of Reference Processing: no references
[4110.138s][debug][gc,ref         ] GC(179) ReferenceProcessor::execute queues: 1, RefProcThreadModel::Single, marks_oops_alive: false
[4110.138s][debug][gc,phases      ] GC(179) Reference Processing 0.097ms
[4110.138s][debug][gc,phases      ] GC(179)   VM Weak                        Min:  0.0, Avg:  0.0, Max:  0.0, Diff:  0.0, Sum:  0.0, Workers: 4
[4110.138s][debug][gc,phases      ] GC(179)     Dead                           Min: 0, Avg:  0.0, Max: 0, Diff: 0, Sum: 0, Workers: 4
[4110.138s][debug][gc,phases      ] GC(179)     Total                          Min: 0, Avg: 276.8, Max: 960, Diff: 960, Sum: 1107, Workers: 4
[4110.138s][debug][gc,phases      ] GC(179)   ObjectSynchronizer Weak        Min:  0.0, Avg:  0.0, Max:  0.0, Diff:  0.0, Sum:  0.0, Workers: 4
[4110.138s][debug][gc,phases      ] GC(179)     Dead                           Min: 0, Avg:  0.0, Max: 0, Diff: 0, Sum: 0, Workers: 4
[4110.138s][debug][gc,phases      ] GC(179)     Total                          Min: 0, Avg:  1.5, Max: 6, Diff: 6, Sum: 6, Workers: 4
[4110.138s][debug][gc,phases      ] GC(179)   JVMTI Tag Weak OopStorage      Min:  0.0, Avg:  0.0, Max:  0.0, Diff:  0.0, Sum:  0.0, Workers: 4
[4110.138s][debug][gc,phases      ] GC(179)     Dead                           Min: 0, Avg:  0.0, Max: 0, Diff: 0, Sum: 0, Workers: 4
[4110.138s][debug][gc,phases      ] GC(179)     Total                          Min: 0, Avg:  0.0, Max: 0, Diff: 0, Sum: 0, Workers: 4
[4110.138s][debug][gc,phases      ] GC(179)   StringTable Weak               Min:  0.0, Avg:  0.1, Max:  0.1, Diff:  0.1, Sum:  0.4, Workers: 4
[4110.138s][debug][gc,phases      ] GC(179)     Dead                           Min: 0, Avg:  0.0, Max: 0, Diff: 0, Sum: 0, Workers: 4
[4110.138s][debug][gc,phases      ] GC(179)     Total                          Min: 0, Avg: 11897.5, Max: 20646, Diff: 20646, Sum: 47590, Workers: 4
[4110.138s][debug][gc,phases      ] GC(179)   ResolvedMethodTable Weak       Min:  0.0, Avg:  0.0, Max:  0.0, Diff:  0.0, Sum:  0.1, Workers: 4
[4110.138s][debug][gc,phases      ] GC(179)     Dead                           Min: 0, Avg:  0.0, Max: 0, Diff: 0, Sum: 0, Workers: 4
[4110.138s][debug][gc,phases      ] GC(179)     Total                          Min: 0, Avg: 4012.8, Max: 6942, Diff: 6942, Sum: 16051, Workers: 4
[4110.138s][debug][gc,phases      ] GC(179)   JNI Weak                       Min:  0.0, Avg:  0.0, Max:  0.0, Diff:  0.0, Sum:  0.0, Workers: 4
[4110.138s][debug][gc,phases      ] GC(179)     Dead                           Min: 0, Avg:  0.0, Max: 0, Diff: 0, Sum: 0, Workers: 4
[4110.138s][debug][gc,phases      ] GC(179)     Total                          Min: 0, Avg: 13.0, Max: 52, Diff: 52, Sum: 52, Workers: 4
[4110.138s][debug][gc,phases      ] GC(179)   StringDedup Table Weak         Min:  0.0, Avg:  0.0, Max:  0.0, Diff:  0.0, Sum:  0.0, Workers: 4
[4110.138s][debug][gc,phases      ] GC(179)     Dead                           Min: 0, Avg:  0.0, Max: 0, Diff: 0, Sum: 0, Workers: 4
[4110.138s][debug][gc,phases      ] GC(179)     Total                          Min: 0, Avg:  0.0, Max: 0, Diff: 0, Sum: 0, Workers: 4
[4110.138s][debug][gc,phases      ] GC(179)   StringDedup Requests0 Weak     Min:  0.0, Avg:  0.0, Max:  0.0, Diff:  0.0, Sum:  0.0, Workers: 4
[4110.138s][debug][gc,phases      ] GC(179)     Dead                           Min: 0, Avg:  0.0, Max: 0, Diff: 0, Sum: 0, Workers: 4
[4110.138s][debug][gc,phases      ] GC(179)     Total                          Min: 0, Avg:  0.0, Max: 0, Diff: 0, Sum: 0, Workers: 4
[4110.138s][debug][gc,phases      ] GC(179)   StringDedup Requests1 Weak     Min:  0.0, Avg:  0.0, Max:  0.0, Diff:  0.0, Sum:  0.0, Workers: 4
[4110.138s][debug][gc,phases      ] GC(179)     Dead                           Min: 0, Avg:  0.0, Max: 0, Diff: 0, Sum: 0, Workers: 4
[4110.138s][debug][gc,phases      ] GC(179)     Total                          Min: 0, Avg:  0.0, Max: 0, Diff: 0, Sum: 0, Workers: 4
[4110.138s][debug][gc,phases      ] GC(179)   Weak JFR Old Object Samples    Min:  0.0, Avg:  0.0, Max:  0.0, Diff:  0.0, Sum:  0.0, Workers: 4
[4110.138s][debug][gc,phases      ] GC(179)     Dead                           Min: 0, Avg:  0.0, Max: 0, Diff: 0, Sum: 0, Workers: 4
[4110.138s][debug][gc,phases      ] GC(179)     Total                          Min: 0, Avg:  0.0, Max: 0, Diff: 0, Sum: 0, Workers: 4
[4110.138s][debug][gc,phases      ] GC(179) Weak Processing 0.350ms
[4110.138s][debug][gc,age         ] GC(179) Desired survivor size 53477376 bytes, new threshold 1 (max threshold 15)
[4110.138s][info ][gc,heap        ] GC(179) PSYoungGen: 2029623K(2044928K)->35504K(2029568K) Eden: 1993728K(1993728K)->0K(1993728K) From: 35895K(51200K)->35504K(35840K)
[4110.138s][info ][gc,heap        ] GC(179) ParOldGen: 2431716K(2432000K)->2462214K(2462720K)
[4110.138s][info ][gc,metaspace   ] GC(179) Metaspace: 111080K(112512K)->111080K(112512K) NonClass: 94523K(95360K)->94523K(95360K) Class: 16557K(17152K)->16557K(17152K)
[4110.138s][info ][gc             ] GC(179) Pause Young (Allocation Failure) 4356M->2439M(4387M) 33.366ms
[4110.138s][info ][gc,cpu         ] GC(179) User=0.09s Sys=0.02s Real=0.03s
[4110.139s][info ][safepoint      ] Safepoint "ParallelGCFailedAllocation", Time since last: 1701033988 ns, Reaching safepoint: 5701 ns, Cleanup: 3100 ns, At safepoint: 33591724 ns, Total: 33600525 ns
[4114.140s][info ][safepoint      ] Safepoint "Cleanup", Time since last: 4001278791 ns, Reaching safepoint: 81701 ns, Cleanup: 9300 ns, At safepoint: 17200 ns, Total: 108201 ns
[4115.140s][info ][safepoint      ] Safepoint "Cleanup", Time since last: 1000102697 ns, Reaching safepoint: 6400 ns, Cleanup: 8700 ns, At safepoint: 2800 ns, Total: 17900 ns
[4116.906s][info ][gc,start       ] GC(180) Pause Young (Allocation Failure)
[4116.937s][debug][gc,phases      ] GC(180) Scavenge 31.203ms
[4116.937s][debug][gc,ref         ] GC(180) ReferenceProcessor::execute queues: 1, RefProcThreadModel::Single, marks_oops_alive: false
[4116.937s][debug][gc,ref         ] GC(180) Skipped KeepAliveFinalRefsPhase of Reference Processing: no references
[4116.937s][debug][gc,ref         ] GC(180) Skipped PhantomRefsPhase of Reference Processing: no references
[4116.937s][debug][gc,phases      ] GC(180) Reference Processing 0.106ms
[4116.938s][debug][gc,phases      ] GC(180)   VM Weak                        Min:  0.0, Avg:  0.0, Max:  0.0, Diff:  0.0, Sum:  0.0, Workers: 4
[4116.938s][debug][gc,phases      ] GC(180)     Dead                           Min: 0, Avg:  0.0, Max: 0, Diff: 0, Sum: 0, Workers: 4
[4116.938s][debug][gc,phases      ] GC(180)     Total                          Min: 0, Avg: 276.8, Max: 851, Diff: 851, Sum: 1107, Workers: 4
[4116.938s][debug][gc,phases      ] GC(180)   ObjectSynchronizer Weak        Min:  0.0, Avg:  0.0, Max:  0.0, Diff:  0.0, Sum:  0.0, Workers: 4
[4116.938s][debug][gc,phases      ] GC(180)     Dead                           Min: 0, Avg:  0.0, Max: 0, Diff: 0, Sum: 0, Workers: 4
[4116.938s][debug][gc,phases      ] GC(180)     Total                          Min: 0, Avg:  1.5, Max: 6, Diff: 6, Sum: 6, Workers: 4
[4116.938s][debug][gc,phases      ] GC(180)   JVMTI Tag Weak OopStorage      Min:  0.0, Avg:  0.0, Max:  0.0, Diff:  0.0, Sum:  0.0, Workers: 4
[4116.938s][debug][gc,phases      ] GC(180)     Dead                           Min: 0, Avg:  0.0, Max: 0, Diff: 0, Sum: 0, Workers: 4
[4116.938s][debug][gc,phases      ] GC(180)     Total                          Min: 0, Avg:  0.0, Max: 0, Diff: 0, Sum: 0, Workers: 4
[4116.938s][debug][gc,phases      ] GC(180)   StringTable Weak               Min:  0.0, Avg:  0.1, Max:  0.1, Diff:  0.1, Sum:  0.4, Workers: 4
[4116.938s][debug][gc,phases      ] GC(180)     Dead                           Min: 0, Avg:  0.0, Max: 0, Diff: 0, Sum: 0, Workers: 4
[4116.938s][debug][gc,phases      ] GC(180)     Total                          Min: 0, Avg: 11897.5, Max: 20199, Diff: 20199, Sum: 47590, Workers: 4
[4116.938s][debug][gc,phases      ] GC(180)   ResolvedMethodTable Weak       Min:  0.0, Avg:  0.0, Max:  0.0, Diff:  0.0, Sum:  0.1, Workers: 4
[4116.938s][debug][gc,phases      ] GC(180)     Dead                           Min: 0, Avg:  0.0, Max: 0, Diff: 0, Sum: 0, Workers: 4
[4116.938s][debug][gc,phases      ] GC(180)     Total                          Min: 0, Avg: 4012.8, Max: 6687, Diff: 6687, Sum: 16051, Workers: 4
[4116.938s][debug][gc,phases      ] GC(180)   JNI Weak                       Min:  0.0, Avg:  0.0, Max:  0.0, Diff:  0.0, Sum:  0.0, Workers: 4
[4116.938s][debug][gc,phases      ] GC(180)     Dead                           Min: 0, Avg:  0.0, Max: 0, Diff: 0, Sum: 0, Workers: 4
[4116.938s][debug][gc,phases      ] GC(180)     Total                          Min: 0, Avg: 13.0, Max: 52, Diff: 52, Sum: 52, Workers: 4
[4116.938s][debug][gc,phases      ] GC(180)   StringDedup Table Weak         Min:  0.0, Avg:  0.0, Max:  0.0, Diff:  0.0, Sum:  0.0, Workers: 4
[4116.938s][debug][gc,phases      ] GC(180)     Dead                           Min: 0, Avg:  0.0, Max: 0, Diff: 0, Sum: 0, Workers: 4
[4116.938s][debug][gc,phases      ] GC(180)     Total                          Min: 0, Avg:  0.0, Max: 0, Diff: 0, Sum: 0, Workers: 4
[4116.938s][debug][gc,phases      ] GC(180)   StringDedup Requests0 Weak     Min:  0.0, Avg:  0.0, Max:  0.0, Diff:  0.0, Sum:  0.0, Workers: 4
[4116.938s][debug][gc,phases      ] GC(180)     Dead                           Min: 0, Avg:  0.0, Max: 0, Diff: 0, Sum: 0, Workers: 4
[4116.938s][debug][gc,phases      ] GC(180)     Total                          Min: 0, Avg:  0.0, Max: 0, Diff: 0, Sum: 0, Workers: 4
[4116.938s][debug][gc,phases      ] GC(180)   StringDedup Requests1 Weak     Min:  0.0, Avg:  0.0, Max:  0.0, Diff:  0.0, Sum:  0.0, Workers: 4
[4116.938s][debug][gc,phases      ] GC(180)     Dead                           Min: 0, Avg:  0.0, Max: 0, Diff: 0, Sum: 0, Workers: 4
[4116.938s][debug][gc,phases      ] GC(180)     Total                          Min: 0, Avg:  0.0, Max: 0, Diff: 0, Sum: 0, Workers: 4
[4116.938s][debug][gc,phases      ] GC(180)   Weak JFR Old Object Samples    Min:  0.0, Avg:  0.0, Max:  0.0, Diff:  0.0, Sum:  0.0, Workers: 4
[4116.938s][debug][gc,phases      ] GC(180)     Dead                           Min: 0, Avg:  0.0, Max: 0, Diff: 0, Sum: 0, Workers: 4
[4116.938s][debug][gc,phases      ] GC(180)     Total                          Min: 0, Avg:  0.0, Max: 0, Diff: 0, Sum: 0, Workers: 4
[4116.938s][debug][gc,phases      ] GC(180) Weak Processing 0.343ms
[4116.938s][debug][gc,age         ] GC(180) Desired survivor size 54001664 bytes, new threshold 1 (max threshold 15)
[4116.938s][info ][gc,heap        ] GC(180) PSYoungGen: 2029232K(2029568K)->36728K(2043904K) Eden: 1993728K(1993728K)->0K(1991680K) From: 35504K(35840K)->36728K(52224K)
[4116.938s][info ][gc,heap        ] GC(180) ParOldGen: 2462214K(2462720K)->2494603K(2494976K)
[4116.938s][info ][gc,metaspace   ] GC(180) Metaspace: 111089K(112512K)->111089K(112512K) NonClass: 94532K(95360K)->94532K(95360K) Class: 16557K(17152K)->16557K(17152K)
[4116.938s][info ][gc             ] GC(180) Pause Young (Allocation Failure) 4386M->2472M(4432M) 31.768ms
[4116.938s][info ][gc,cpu         ] GC(180) User=0.10s Sys=0.01s Real=0.03s
[4116.938s][info ][safepoint      ] Safepoint "ParallelGCFailedAllocation", Time since last: 1765742523 ns, Reaching safepoint: 79201 ns, Cleanup: 3800 ns, At safepoint: 31849813 ns, Total: 31932814 ns
[4123.807s][info ][gc,start       ] GC(181) Pause Young (Allocation Failure)
[4123.841s][debug][gc,phases      ] GC(181) Scavenge 33.706ms
[4123.841s][debug][gc,ref         ] GC(181) Skipped SoftWeakFinalRefsPhase of Reference Processing: no references
[4123.841s][debug][gc,ref         ] GC(181) Skipped KeepAliveFinalRefsPhase of Reference Processing: no references
[4123.841s][debug][gc,ref         ] GC(181) Skipped PhantomRefsPhase of Reference Processing: no references
[4123.841s][debug][gc,phases      ] GC(181) Reference Processing 0.031ms
[4123.841s][debug][gc,phases      ] GC(181)   VM Weak                        Min:  0.0, Avg:  0.0, Max:  0.0, Diff:  0.0, Sum:  0.0, Workers: 4
[4123.841s][debug][gc,phases      ] GC(181)     Dead                           Min: 0, Avg:  0.0, Max: 0, Diff: 0, Sum: 0, Workers: 4
[4123.841s][debug][gc,phases      ] GC(181)     Total                          Min: 0, Avg: 276.8, Max: 595, Diff: 595, Sum: 1107, Workers: 4
[4123.841s][debug][gc,phases      ] GC(181)   ObjectSynchronizer Weak        Min:  0.0, Avg:  0.0, Max:  0.0, Diff:  0.0, Sum:  0.0, Workers: 4
[4123.841s][debug][gc,phases      ] GC(181)     Dead                           Min: 0, Avg:  0.0, Max: 0, Diff: 0, Sum: 0, Workers: 4
[4123.841s][debug][gc,phases      ] GC(181)     Total                          Min: 0, Avg:  1.5, Max: 6, Diff: 6, Sum: 6, Workers: 4
[4123.841s][debug][gc,phases      ] GC(181)   JVMTI Tag Weak OopStorage      Min:  0.0, Avg:  0.0, Max:  0.0, Diff:  0.0, Sum:  0.0, Workers: 4
[4123.841s][debug][gc,phases      ] GC(181)     Dead                           Min: 0, Avg:  0.0, Max: 0, Diff: 0, Sum: 0, Workers: 4
[4123.841s][debug][gc,phases      ] GC(181)     Total                          Min: 0, Avg:  0.0, Max: 0, Diff: 0, Sum: 0, Workers: 4
[4123.841s][debug][gc,phases      ] GC(181)   StringTable Weak               Min:  0.0, Avg:  0.1, Max:  0.1, Diff:  0.1, Sum:  0.4, Workers: 4
[4123.841s][debug][gc,phases      ] GC(181)     Dead                           Min: 0, Avg:  0.0, Max: 0, Diff: 0, Sum: 0, Workers: 4
[4123.841s][debug][gc,phases      ] GC(181)     Total                          Min: 0, Avg: 11897.5, Max: 20607, Diff: 20607, Sum: 47590, Workers: 4
[4123.841s][debug][gc,phases      ] GC(181)   ResolvedMethodTable Weak       Min:  0.0, Avg:  0.0, Max:  0.1, Diff:  0.1, Sum:  0.2, Workers: 4
[4123.841s][debug][gc,phases      ] GC(181)     Dead                           Min: 0, Avg:  4.0, Max: 10, Diff: 10, Sum: 16, Workers: 4
[4123.841s][debug][gc,phases      ] GC(181)     Total                          Min: 443, Avg: 4012.8, Max: 6302, Diff: 5859, Sum: 16051, Workers: 4
[4123.841s][debug][gc,phases      ] GC(181)   JNI Weak                       Min:  0.0, Avg:  0.0, Max:  0.0, Diff:  0.0, Sum:  0.0, Workers: 4
[4123.841s][debug][gc,phases      ] GC(181)     Dead                           Min: 0, Avg:  0.0, Max: 0, Diff: 0, Sum: 0, Workers: 4
[4123.841s][debug][gc,phases      ] GC(181)     Total                          Min: 0, Avg: 13.0, Max: 52, Diff: 52, Sum: 52, Workers: 4
[4123.841s][debug][gc,phases      ] GC(181)   StringDedup Table Weak         Min:  0.0, Avg:  0.0, Max:  0.0, Diff:  0.0, Sum:  0.0, Workers: 4
[4123.841s][debug][gc,phases      ] GC(181)     Dead                           Min: 0, Avg:  0.0, Max: 0, Diff: 0, Sum: 0, Workers: 4
[4123.841s][debug][gc,phases      ] GC(181)     Total                          Min: 0, Avg:  0.0, Max: 0, Diff: 0, Sum: 0, Workers: 4
[4123.841s][debug][gc,phases      ] GC(181)   StringDedup Requests0 Weak     Min:  0.0, Avg:  0.0, Max:  0.0, Diff:  0.0, Sum:  0.0, Workers: 4
[4123.841s][debug][gc,phases      ] GC(181)     Dead                           Min: 0, Avg:  0.0, Max: 0, Diff: 0, Sum: 0, Workers: 4
[4123.841s][debug][gc,phases      ] GC(181)     Total                          Min: 0, Avg:  0.0, Max: 0, Diff: 0, Sum: 0, Workers: 4
[4123.841s][debug][gc,phases      ] GC(181)   StringDedup Requests1 Weak     Min:  0.0, Avg:  0.0, Max:  0.0, Diff:  0.0, Sum:  0.0, Workers: 4
[4123.841s][debug][gc,phases      ] GC(181)     Dead                           Min: 0, Avg:  0.0, Max: 0, Diff: 0, Sum: 0, Workers: 4
[4123.841s][debug][gc,phases      ] GC(181)     Total                          Min: 0, Avg:  0.0, Max: 0, Diff: 0, Sum: 0, Workers: 4
[4123.841s][debug][gc,phases      ] GC(181)   Weak JFR Old Object Samples    Min:  0.0, Avg:  0.0, Max:  0.0, Diff:  0.0, Sum:  0.0, Workers: 4
[4123.841s][debug][gc,phases      ] GC(181)     Dead                           Min: 0, Avg:  0.0, Max: 0, Diff: 0, Sum: 0, Workers: 4
[4123.841s][debug][gc,phases      ] GC(181)     Total                          Min: 0, Avg:  0.0, Max: 0, Diff: 0, Sum: 0, Workers: 4
[4123.841s][debug][gc,phases      ] GC(181) Weak Processing 0.362ms
[4123.841s][debug][gc,age         ] GC(181) Desired survivor size 55050240 bytes, new threshold 1 (max threshold 15)
[4123.841s][info ][gc,heap        ] GC(181) PSYoungGen: 2028408K(2043904K)->39456K(2031616K) Eden: 1991680K(1991680K)->0K(1991680K) From: 36728K(52224K)->39456K(39936K)
[4123.841s][info ][gc,heap        ] GC(181) ParOldGen: 2494603K(2494976K)->2528122K(2528256K)
[4123.841s][info ][gc,metaspace   ] GC(181) Metaspace: 111098K(112512K)->111098K(112512K) NonClass: 94541K(95360K)->94541K(95360K) Class: 16557K(17152K)->16557K(17152K)
[4123.841s][info ][gc             ] GC(181) Pause Young (Allocation Failure) 4417M->2507M(4453M) 34.230ms
[4123.841s][info ][gc,cpu         ] GC(181) User=0.10s Sys=0.02s Real=0.04s
[4123.841s][info ][safepoint      ] Safepoint "ParallelGCFailedAllocation", Time since last: 6868904370 ns, Reaching safepoint: 87901 ns, Cleanup: 6600 ns, At safepoint: 34312930 ns, Total: 34407431 ns
[4125.841s][info ][safepoint      ] Safepoint "Cleanup", Time since last: 2000157682 ns, Reaching safepoint: 84100 ns, Cleanup: 9000 ns, At safepoint: 11400 ns, Total: 104500 ns
[4126.842s][info ][safepoint      ] Safepoint "Cleanup", Time since last: 1000117392 ns, Reaching safepoint: 81100 ns, Cleanup: 8400 ns, At safepoint: 10300 ns, Total: 99800 ns
[4127.842s][info ][safepoint      ] Safepoint "Cleanup", Time since last: 1000115253 ns, Reaching safepoint: 6300 ns, Cleanup: 9600 ns, At safepoint: 2700 ns, Total: 18600 ns
[4129.762s][info ][gc,start       ] GC(182) Pause Young (Allocation Failure)
[4129.796s][debug][gc,phases      ] GC(182) Scavenge 33.430ms
[4129.796s][debug][gc,ref         ] GC(182) Skipped SoftWeakFinalRefsPhase of Reference Processing: no references
[4129.796s][debug][gc,ref         ] GC(182) Skipped KeepAliveFinalRefsPhase of Reference Processing: no references
[4129.796s][debug][gc,ref         ] GC(182) ReferenceProcessor::execute queues: 1, RefProcThreadModel::Single, marks_oops_alive: false
[4129.796s][debug][gc,phases      ] GC(182) Reference Processing 0.094ms
[4129.796s][debug][gc,phases      ] GC(182)   VM Weak                        Min:  0.0, Avg:  0.0, Max:  0.0, Diff:  0.0, Sum:  0.0, Workers: 4
[4129.796s][debug][gc,phases      ] GC(182)     Dead                           Min: 0, Avg:  0.0, Max: 0, Diff: 0, Sum: 0, Workers: 4
[4129.796s][debug][gc,phases      ] GC(182)     Total                          Min: 0, Avg: 276.8, Max: 640, Diff: 640, Sum: 1107, Workers: 4
[4129.796s][debug][gc,phases      ] GC(182)   ObjectSynchronizer Weak        Min:  0.0, Avg:  0.0, Max:  0.0, Diff:  0.0, Sum:  0.0, Workers: 4
[4129.796s][debug][gc,phases      ] GC(182)     Dead                           Min: 0, Avg:  0.0, Max: 0, Diff: 0, Sum: 0, Workers: 4
[4129.796s][debug][gc,phases      ] GC(182)     Total                          Min: 0, Avg:  1.5, Max: 6, Diff: 6, Sum: 6, Workers: 4
[4129.796s][debug][gc,phases      ] GC(182)   JVMTI Tag Weak OopStorage      Min:  0.0, Avg:  0.0, Max:  0.0, Diff:  0.0, Sum:  0.0, Workers: 4
[4129.796s][debug][gc,phases      ] GC(182)     Dead                           Min: 0, Avg:  0.0, Max: 0, Diff: 0, Sum: 0, Workers: 4
[4129.796s][debug][gc,phases      ] GC(182)     Total                          Min: 0, Avg:  0.0, Max: 0, Diff: 0, Sum: 0, Workers: 4
[4129.796s][debug][gc,phases      ] GC(182)   StringTable Weak               Min:  0.0, Avg:  0.1, Max:  0.2, Diff:  0.2, Sum:  0.4, Workers: 4
[4129.796s][debug][gc,phases      ] GC(182)     Dead                           Min: 0, Avg:  0.0, Max: 0, Diff: 0, Sum: 0, Workers: 4
[4129.796s][debug][gc,phases      ] GC(182)     Total                          Min: 0, Avg: 11897.5, Max: 20671, Diff: 20671, Sum: 47590, Workers: 4
[4129.796s][debug][gc,phases      ] GC(182)   ResolvedMethodTable Weak       Min:  0.0, Avg:  0.0, Max:  0.0, Diff:  0.0, Sum:  0.1, Workers: 4
[4129.796s][debug][gc,phases      ] GC(182)     Dead                           Min: 0, Avg:  0.0, Max: 0, Diff: 0, Sum: 0, Workers: 4
[4129.796s][debug][gc,phases      ] GC(182)     Total                          Min: 0, Avg: 4012.8, Max: 6858, Diff: 6858, Sum: 16051, Workers: 4
[4129.796s][debug][gc,phases      ] GC(182)   JNI Weak                       Min:  0.0, Avg:  0.0, Max:  0.0, Diff:  0.0, Sum:  0.0, Workers: 4
[4129.796s][debug][gc,phases      ] GC(182)     Dead                           Min: 0, Avg:  0.0, Max: 0, Diff: 0, Sum: 0, Workers: 4
[4129.796s][debug][gc,phases      ] GC(182)     Total                          Min: 0, Avg: 13.0, Max: 52, Diff: 52, Sum: 52, Workers: 4
[4129.796s][debug][gc,phases      ] GC(182)   StringDedup Table Weak         Min:  0.0, Avg:  0.0, Max:  0.0, Diff:  0.0, Sum:  0.0, Workers: 4
[4129.796s][debug][gc,phases      ] GC(182)     Dead                           Min: 0, Avg:  0.0, Max: 0, Diff: 0, Sum: 0, Workers: 4
[4129.796s][debug][gc,phases      ] GC(182)     Total                          Min: 0, Avg:  0.0, Max: 0, Diff: 0, Sum: 0, Workers: 4
[4129.796s][debug][gc,phases      ] GC(182)   StringDedup Requests0 Weak     Min:  0.0, Avg:  0.0, Max:  0.0, Diff:  0.0, Sum:  0.0, Workers: 4
[4129.796s][debug][gc,phases      ] GC(182)     Dead                           Min: 0, Avg:  0.0, Max: 0, Diff: 0, Sum: 0, Workers: 4
[4129.796s][debug][gc,phases      ] GC(182)     Total                          Min: 0, Avg:  0.0, Max: 0, Diff: 0, Sum: 0, Workers: 4
[4129.796s][debug][gc,phases      ] GC(182)   StringDedup Requests1 Weak     Min:  0.0, Avg:  0.0, Max:  0.0, Diff:  0.0, Sum:  0.0, Workers: 4
[4129.796s][debug][gc,phases      ] GC(182)     Dead                           Min: 0, Avg:  0.0, Max: 0, Diff: 0, Sum: 0, Workers: 4
[4129.796s][debug][gc,phases      ] GC(182)     Total                          Min: 0, Avg:  0.0, Max: 0, Diff: 0, Sum: 0, Workers: 4
[4129.796s][debug][gc,phases      ] GC(182)   Weak JFR Old Object Samples    Min:  0.0, Avg:  0.0, Max:  0.0, Diff:  0.0, Sum:  0.0, Workers: 4
[4129.796s][debug][gc,phases      ] GC(182)     Dead                           Min: 0, Avg:  0.0, Max: 0, Diff: 0, Sum: 0, Workers: 4
[4129.796s][debug][gc,phases      ] GC(182)     Total                          Min: 0, Avg:  0.0, Max: 0, Diff: 0, Sum: 0, Workers: 4
[4129.796s][debug][gc,phases      ] GC(182) Weak Processing 0.366ms
[4129.796s][debug][gc,age         ] GC(182) Desired survivor size 55050240 bytes, new threshold 1 (max threshold 15)
[4129.796s][info ][gc,heap        ] GC(182) PSYoungGen: 2031136K(2031616K)->36576K(2043392K) Eden: 1991680K(1991680K)->0K(1989632K) From: 39456K(39936K)->36576K(53760K)
[4129.796s][info ][gc,heap        ] GC(182) ParOldGen: 2528122K(2528256K)->2563939K(2564096K)
[4129.796s][info ][gc,metaspace   ] GC(182) Metaspace: 111103K(112512K)->111103K(112512K) NonClass: 94546K(95360K)->94546K(95360K) Class: 16557K(17152K)->16557K(17152K)
[4129.796s][info ][gc             ] GC(182) Pause Young (Allocation Failure) 4452M->2539M(4499M) 34.012ms
[4129.796s][info ][gc,cpu         ] GC(182) User=0.10s Sys=0.02s Real=0.03s
[4129.796s][info ][safepoint      ] Safepoint "ParallelGCFailedAllocation", Time since last: 1920263081 ns, Reaching safepoint: 82001 ns, Cleanup: 4000 ns, At safepoint: 34095825 ns, Total: 34181826 ns
[4132.799s][info ][safepoint      ] Safepoint "Cleanup", Time since last: 3002986531 ns, Reaching safepoint: 5800 ns, Cleanup: 15301 ns, At safepoint: 2100 ns, Total: 23201 ns
[4137.062s][info ][gc,start       ] GC(183) Pause Young (Allocation Failure)
[4137.094s][debug][gc,phases      ] GC(183) Scavenge 32.064ms
[4137.094s][debug][gc,ref         ] GC(183) Skipped SoftWeakFinalRefsPhase of Reference Processing: no references
[4137.094s][debug][gc,ref         ] GC(183) Skipped KeepAliveFinalRefsPhase of Reference Processing: no references
[4137.094s][debug][gc,ref         ] GC(183) ReferenceProcessor::execute queues: 1, RefProcThreadModel::Single, marks_oops_alive: false
[4137.094s][debug][gc,phases      ] GC(183) Reference Processing 0.109ms
[4137.094s][debug][gc,phases      ] GC(183)   VM Weak                        Min:  0.0, Avg:  0.0, Max:  0.0, Diff:  0.0, Sum:  0.0, Workers: 4
[4137.094s][debug][gc,phases      ] GC(183)     Dead                           Min: 0, Avg:  0.0, Max: 0, Diff: 0, Sum: 0, Workers: 4
[4137.094s][debug][gc,phases      ] GC(183)     Total                          Min: 0, Avg: 276.8, Max: 832, Diff: 832, Sum: 1107, Workers: 4
[4137.094s][debug][gc,phases      ] GC(183)   ObjectSynchronizer Weak        Min:  0.0, Avg:  0.0, Max:  0.0, Diff:  0.0, Sum:  0.0, Workers: 4
[4137.094s][debug][gc,phases      ] GC(183)     Dead                           Min: 0, Avg:  0.0, Max: 0, Diff: 0, Sum: 0, Workers: 4
[4137.094s][debug][gc,phases      ] GC(183)     Total                          Min: 0, Avg:  1.5, Max: 6, Diff: 6, Sum: 6, Workers: 4
[4137.094s][debug][gc,phases      ] GC(183)   JVMTI Tag Weak OopStorage      Min:  0.0, Avg:  0.0, Max:  0.0, Diff:  0.0, Sum:  0.0, Workers: 4
[4137.094s][debug][gc,phases      ] GC(183)     Dead                           Min: 0, Avg:  0.0, Max: 0, Diff: 0, Sum: 0, Workers: 4
[4137.094s][debug][gc,phases      ] GC(183)     Total                          Min: 0, Avg:  0.0, Max: 0, Diff: 0, Sum: 0, Workers: 4
[4137.094s][debug][gc,phases      ] GC(183)   StringTable Weak               Min:  0.0, Avg:  0.1, Max:  0.1, Diff:  0.1, Sum:  0.4, Workers: 4
[4137.094s][debug][gc,phases      ] GC(183)     Dead                           Min: 0, Avg:  0.0, Max: 0, Diff: 0, Sum: 0, Workers: 4
[4137.094s][debug][gc,phases      ] GC(183)     Total                          Min: 0, Avg: 11897.5, Max: 20799, Diff: 20799, Sum: 47590, Workers: 4
[4137.094s][debug][gc,phases      ] GC(183)   ResolvedMethodTable Weak       Min:  0.0, Avg:  0.0, Max:  0.0, Diff:  0.0, Sum:  0.1, Workers: 4
[4137.094s][debug][gc,phases      ] GC(183)     Dead                           Min: 0, Avg:  0.0, Max: 0, Diff: 0, Sum: 0, Workers: 4
[4137.094s][debug][gc,phases      ] GC(183)     Total                          Min: 0, Avg: 4012.8, Max: 6629, Diff: 6629, Sum: 16051, Workers: 4
[4137.094s][debug][gc,phases      ] GC(183)   JNI Weak                       Min:  0.0, Avg:  0.0, Max:  0.0, Diff:  0.0, Sum:  0.0, Workers: 4
[4137.094s][debug][gc,phases      ] GC(183)     Dead                           Min: 0, Avg:  0.0, Max: 0, Diff: 0, Sum: 0, Workers: 4
[4137.094s][debug][gc,phases      ] GC(183)     Total                          Min: 0, Avg: 13.0, Max: 52, Diff: 52, Sum: 52, Workers: 4
[4137.094s][debug][gc,phases      ] GC(183)   StringDedup Table Weak         Min:  0.0, Avg:  0.0, Max:  0.0, Diff:  0.0, Sum:  0.0, Workers: 4
[4137.094s][debug][gc,phases      ] GC(183)     Dead                           Min: 0, Avg:  0.0, Max: 0, Diff: 0, Sum: 0, Workers: 4
[4137.094s][debug][gc,phases      ] GC(183)     Total                          Min: 0, Avg:  0.0, Max: 0, Diff: 0, Sum: 0, Workers: 4
[4137.094s][debug][gc,phases      ] GC(183)   StringDedup Requests0 Weak     Min:  0.0, Avg:  0.0, Max:  0.0, Diff:  0.0, Sum:  0.0, Workers: 4
[4137.094s][debug][gc,phases      ] GC(183)     Dead                           Min: 0, Avg:  0.0, Max: 0, Diff: 0, Sum: 0, Workers: 4
[4137.094s][debug][gc,phases      ] GC(183)     Total                          Min: 0, Avg:  0.0, Max: 0, Diff: 0, Sum: 0, Workers: 4
[4137.094s][debug][gc,phases      ] GC(183)   StringDedup Requests1 Weak     Min:  0.0, Avg:  0.0, Max:  0.0, Diff:  0.0, Sum:  0.0, Workers: 4
[4137.094s][debug][gc,phases      ] GC(183)     Dead                           Min: 0, Avg:  0.0, Max: 0, Diff: 0, Sum: 0, Workers: 4
[4137.094s][debug][gc,phases      ] GC(183)     Total                          Min: 0, Avg:  0.0, Max: 0, Diff: 0, Sum: 0, Workers: 4
[4137.094s][debug][gc,phases      ] GC(183)   Weak JFR Old Object Samples    Min:  0.0, Avg:  0.0, Max:  0.0, Diff:  0.0, Sum:  0.0, Workers: 4
[4137.094s][debug][gc,phases      ] GC(183)     Dead                           Min: 0, Avg:  0.0, Max: 0, Diff: 0, Sum: 0, Workers: 4
[4137.094s][debug][gc,phases      ] GC(183)     Total                          Min: 0, Avg:  0.0, Max: 0, Diff: 0, Sum: 0, Workers: 4
[4137.094s][debug][gc,phases      ] GC(183) Weak Processing 0.360ms
[4137.094s][debug][gc,age         ] GC(183) Desired survivor size 53477376 bytes, new threshold 1 (max threshold 15)
[4137.094s][info ][gc,heap        ] GC(183) PSYoungGen: 2026208K(2043392K)->33440K(2043392K) Eden: 1989632K(1989632K)->0K(1989632K) From: 36576K(53760K)->33440K(53760K)
[4137.094s][info ][gc,heap        ] GC(183) ParOldGen: 2563939K(2564096K)->2597565K(2597888K)
[4137.094s][info ][gc,metaspace   ] GC(183) Metaspace: 111111K(112576K)->111111K(112576K) NonClass: 94554K(95424K)->94554K(95424K) Class: 16557K(17152K)->16557K(17152K)
[4137.094s][info ][gc             ] GC(183) Pause Young (Allocation Failure) 4482M->2569M(4532M) 32.653ms
[4137.094s][info ][gc,cpu         ] GC(183) User=0.10s Sys=0.02s Real=0.03s
[4137.094s][info ][safepoint      ] Safepoint "ParallelGCFailedAllocation", Time since last: 4262493085 ns, Reaching safepoint: 79800 ns, Cleanup: 3800 ns, At safepoint: 32735619 ns, Total: 32819219 ns
[4139.095s][info ][safepoint      ] Safepoint "Cleanup", Time since last: 2000164573 ns, Reaching safepoint: 6300 ns, Cleanup: 9700 ns, At safepoint: 2800 ns, Total: 18800 ns
[4140.095s][info ][safepoint      ] Safepoint "Cleanup", Time since last: 1000107387 ns, Reaching safepoint: 86800 ns, Cleanup: 9200 ns, At safepoint: 13600 ns, Total: 109600 ns
[4141.095s][info ][safepoint      ] Safepoint "Cleanup", Time since last: 1000103387 ns, Reaching safepoint: 79600 ns, Cleanup: 11701 ns, At safepoint: 11100 ns, Total: 102401 ns
[4142.639s][info ][safepoint      ] Safepoint "Cleanup", Time since last: 1543548220 ns, Reaching safepoint: 78500 ns, Cleanup: 32200 ns, At safepoint: 6500 ns, Total: 117200 ns
[4144.233s][info ][gc,start       ] GC(184) Pause Young (Allocation Failure)
[4144.271s][debug][gc,phases      ] GC(184) Scavenge 37.280ms
[4144.271s][debug][gc,ref         ] GC(184) ReferenceProcessor::execute queues: 1, RefProcThreadModel::Single, marks_oops_alive: false
[4144.271s][debug][gc,ref         ] GC(184) Skipped KeepAliveFinalRefsPhase of Reference Processing: no references
[4144.271s][debug][gc,ref         ] GC(184) ReferenceProcessor::execute queues: 1, RefProcThreadModel::Single, marks_oops_alive: false
[4144.271s][debug][gc,phases      ] GC(184) Reference Processing 0.099ms
[4144.271s][debug][gc,phases      ] GC(184)   VM Weak                        Min:  0.0, Avg:  0.0, Max:  0.0, Diff:  0.0, Sum:  0.0, Workers: 4
[4144.271s][debug][gc,phases      ] GC(184)     Dead                           Min: 0, Avg:  0.0, Max: 0, Diff: 0, Sum: 0, Workers: 4
[4144.271s][debug][gc,phases      ] GC(184)     Total                          Min: 0, Avg: 276.8, Max: 787, Diff: 787, Sum: 1107, Workers: 4
[4144.271s][debug][gc,phases      ] GC(184)   ObjectSynchronizer Weak        Min:  0.0, Avg:  0.0, Max:  0.0, Diff:  0.0, Sum:  0.0, Workers: 4
[4144.271s][debug][gc,phases      ] GC(184)     Dead                           Min: 0, Avg:  0.0, Max: 0, Diff: 0, Sum: 0, Workers: 4
[4144.271s][debug][gc,phases      ] GC(184)     Total                          Min: 0, Avg:  1.5, Max: 6, Diff: 6, Sum: 6, Workers: 4
[4144.271s][debug][gc,phases      ] GC(184)   JVMTI Tag Weak OopStorage      Min:  0.0, Avg:  0.0, Max:  0.0, Diff:  0.0, Sum:  0.0, Workers: 4
[4144.271s][debug][gc,phases      ] GC(184)     Dead                           Min: 0, Avg:  0.0, Max: 0, Diff: 0, Sum: 0, Workers: 4
[4144.271s][debug][gc,phases      ] GC(184)     Total                          Min: 0, Avg:  0.0, Max: 0, Diff: 0, Sum: 0, Workers: 4
[4144.271s][debug][gc,phases      ] GC(184)   StringTable Weak               Min:  0.0, Avg:  0.1, Max:  0.2, Diff:  0.2, Sum:  0.5, Workers: 4
[4144.271s][debug][gc,phases      ] GC(184)     Dead                           Min: 0, Avg:  0.0, Max: 0, Diff: 0, Sum: 0, Workers: 4
[4144.271s][debug][gc,phases      ] GC(184)     Total                          Min: 0, Avg: 11897.5, Max: 18239, Diff: 18239, Sum: 47590, Workers: 4
[4144.271s][debug][gc,phases      ] GC(184)   ResolvedMethodTable Weak       Min:  0.0, Avg:  0.0, Max:  0.1, Diff:  0.1, Sum:  0.2, Workers: 4
[4144.271s][debug][gc,phases      ] GC(184)     Dead                           Min: 0, Avg:  0.0, Max: 0, Diff: 0, Sum: 0, Workers: 4
[4144.271s][debug][gc,phases      ] GC(184)     Total                          Min: 0, Avg: 4012.8, Max: 5546, Diff: 5546, Sum: 16051, Workers: 4
[4144.271s][debug][gc,phases      ] GC(184)   JNI Weak                       Min:  0.0, Avg:  0.0, Max:  0.0, Diff:  0.0, Sum:  0.0, Workers: 4
[4144.271s][debug][gc,phases      ] GC(184)     Dead                           Min: 0, Avg:  0.0, Max: 0, Diff: 0, Sum: 0, Workers: 4
[4144.271s][debug][gc,phases      ] GC(184)     Total                          Min: 0, Avg: 13.0, Max: 52, Diff: 52, Sum: 52, Workers: 4
[4144.271s][debug][gc,phases      ] GC(184)   StringDedup Table Weak         Min:  0.0, Avg:  0.0, Max:  0.0, Diff:  0.0, Sum:  0.0, Workers: 4
[4144.271s][debug][gc,phases      ] GC(184)     Dead                           Min: 0, Avg:  0.0, Max: 0, Diff: 0, Sum: 0, Workers: 4
[4144.271s][debug][gc,phases      ] GC(184)     Total                          Min: 0, Avg:  0.0, Max: 0, Diff: 0, Sum: 0, Workers: 4
[4144.271s][debug][gc,phases      ] GC(184)   StringDedup Requests0 Weak     Min:  0.0, Avg:  0.0, Max:  0.0, Diff:  0.0, Sum:  0.0, Workers: 4
[4144.271s][debug][gc,phases      ] GC(184)     Dead                           Min: 0, Avg:  0.0, Max: 0, Diff: 0, Sum: 0, Workers: 4
[4144.271s][debug][gc,phases      ] GC(184)     Total                          Min: 0, Avg:  0.0, Max: 0, Diff: 0, Sum: 0, Workers: 4
[4144.271s][debug][gc,phases      ] GC(184)   StringDedup Requests1 Weak     Min:  0.0, Avg:  0.0, Max:  0.0, Diff:  0.0, Sum:  0.0, Workers: 4
[4144.271s][debug][gc,phases      ] GC(184)     Dead                           Min: 0, Avg:  0.0, Max: 0, Diff: 0, Sum: 0, Workers: 4
[4144.271s][debug][gc,phases      ] GC(184)     Total                          Min: 0, Avg:  0.0, Max: 0, Diff: 0, Sum: 0, Workers: 4
[4144.271s][debug][gc,phases      ] GC(184)   Weak JFR Old Object Samples    Min:  0.0, Avg:  0.0, Max:  0.0, Diff:  0.0, Sum:  0.0, Workers: 4
[4144.271s][debug][gc,phases      ] GC(184)     Dead                           Min: 0, Avg:  0.0, Max: 0, Diff: 0, Sum: 0, Workers: 4
[4144.271s][debug][gc,phases      ] GC(184)     Total                          Min: 0, Avg:  0.0, Max: 0, Diff: 0, Sum: 0, Workers: 4
[4144.271s][debug][gc,phases      ] GC(184) Weak Processing 0.468ms
[4144.271s][debug][gc,age         ] GC(184) Desired survivor size 54001664 bytes, new threshold 1 (max threshold 15)
[4144.271s][info ][gc,heap        ] GC(184) PSYoungGen: 2023072K(2043392K)->39264K(2043904K) Eden: 1989632K(1989632K)->0K(1991680K) From: 33440K(53760K)->39264K(52224K)
[4144.271s][info ][gc,heap        ] GC(184) ParOldGen: 2597565K(2597888K)->2627982K(2628096K)
[4144.271s][info ][gc,metaspace   ] GC(184) Metaspace: 111113K(112576K)->111113K(112576K) NonClass: 94555K(95424K)->94555K(95424K) Class: 16557K(17152K)->16557K(17152K)
[4144.271s][info ][gc             ] GC(184) Pause Young (Allocation Failure) 4512M->2604M(4562M) 38.041ms
[4144.271s][info ][gc,cpu         ] GC(184) User=0.10s Sys=0.02s Real=0.04s
[4144.271s][info ][safepoint      ] Safepoint "ParallelGCFailedAllocation", Time since last: 1594348032 ns, Reaching safepoint: 87100 ns, Cleanup: 4500 ns, At safepoint: 38145354 ns, Total: 38236954 ns
[4152.760s][info ][gc,start       ] GC(185) Pause Young (Allocation Failure)
[4152.793s][debug][gc,phases      ] GC(185) Scavenge 33.117ms
[4152.793s][debug][gc,ref         ] GC(185) Skipped SoftWeakFinalRefsPhase of Reference Processing: no references
[4152.793s][debug][gc,ref         ] GC(185) Skipped KeepAliveFinalRefsPhase of Reference Processing: no references
[4152.794s][debug][gc,ref         ] GC(185) ReferenceProcessor::execute queues: 1, RefProcThreadModel::Single, marks_oops_alive: false
[4152.794s][debug][gc,phases      ] GC(185) Reference Processing 0.102ms
[4152.794s][debug][gc,phases      ] GC(185)   VM Weak                        Min:  0.0, Avg:  0.0, Max:  0.0, Diff:  0.0, Sum:  0.0, Workers: 4
[4152.794s][debug][gc,phases      ] GC(185)     Dead                           Min: 0, Avg:  0.0, Max: 0, Diff: 0, Sum: 0, Workers: 4
[4152.794s][debug][gc,phases      ] GC(185)     Total                          Min: 64, Avg: 276.8, Max: 531, Diff: 467, Sum: 1107, Workers: 4
[4152.794s][debug][gc,phases      ] GC(185)   ObjectSynchronizer Weak        Min:  0.0, Avg:  0.0, Max:  0.0, Diff:  0.0, Sum:  0.0, Workers: 4
[4152.794s][debug][gc,phases      ] GC(185)     Dead                           Min: 0, Avg:  0.0, Max: 0, Diff: 0, Sum: 0, Workers: 4
[4152.794s][debug][gc,phases      ] GC(185)     Total                          Min: 0, Avg:  1.8, Max: 7, Diff: 7, Sum: 7, Workers: 4
[4152.794s][debug][gc,phases      ] GC(185)   JVMTI Tag Weak OopStorage      Min:  0.0, Avg:  0.0, Max:  0.0, Diff:  0.0, Sum:  0.0, Workers: 4
[4152.794s][debug][gc,phases      ] GC(185)     Dead                           Min: 0, Avg:  0.0, Max: 0, Diff: 0, Sum: 0, Workers: 4
[4152.794s][debug][gc,phases      ] GC(185)     Total                          Min: 0, Avg:  0.0, Max: 0, Diff: 0, Sum: 0, Workers: 4
[4152.794s][debug][gc,phases      ] GC(185)   StringTable Weak               Min:  0.1, Avg:  0.1, Max:  0.1, Diff:  0.0, Sum:  0.5, Workers: 4
[4152.794s][debug][gc,phases      ] GC(185)     Dead                           Min: 0, Avg:  0.0, Max: 0, Diff: 0, Sum: 0, Workers: 4
[4152.794s][debug][gc,phases      ] GC(185)     Total                          Min: 11711, Avg: 11897.5, Max: 12007, Diff: 296, Sum: 47590, Workers: 4
[4152.794s][debug][gc,phases      ] GC(185)   ResolvedMethodTable Weak       Min:  0.0, Avg:  0.0, Max:  0.0, Diff:  0.0, Sum:  0.2, Workers: 4
[4152.794s][debug][gc,phases      ] GC(185)     Dead                           Min: 0, Avg:  4.0, Max: 10, Diff: 10, Sum: 16, Workers: 4
[4152.794s][debug][gc,phases      ] GC(185)     Total                          Min: 3879, Avg: 4012.8, Max: 4097, Diff: 218, Sum: 16051, Workers: 4
[4152.794s][debug][gc,phases      ] GC(185)   JNI Weak                       Min:  0.0, Avg:  0.0, Max:  0.0, Diff:  0.0, Sum:  0.0, Workers: 4
[4152.794s][debug][gc,phases      ] GC(185)     Dead                           Min: 0, Avg:  0.0, Max: 0, Diff: 0, Sum: 0, Workers: 4
[4152.794s][debug][gc,phases      ] GC(185)     Total                          Min: 0, Avg: 13.0, Max: 52, Diff: 52, Sum: 52, Workers: 4
[4152.794s][debug][gc,phases      ] GC(185)   StringDedup Table Weak         Min:  0.0, Avg:  0.0, Max:  0.0, Diff:  0.0, Sum:  0.0, Workers: 4
[4152.794s][debug][gc,phases      ] GC(185)     Dead                           Min: 0, Avg:  0.0, Max: 0, Diff: 0, Sum: 0, Workers: 4
[4152.794s][debug][gc,phases      ] GC(185)     Total                          Min: 0, Avg:  0.0, Max: 0, Diff: 0, Sum: 0, Workers: 4
[4152.794s][debug][gc,phases      ] GC(185)   StringDedup Requests0 Weak     Min:  0.0, Avg:  0.0, Max:  0.0, Diff:  0.0, Sum:  0.0, Workers: 4
[4152.794s][debug][gc,phases      ] GC(185)     Dead                           Min: 0, Avg:  0.0, Max: 0, Diff: 0, Sum: 0, Workers: 4
[4152.794s][debug][gc,phases      ] GC(185)     Total                          Min: 0, Avg:  0.0, Max: 0, Diff: 0, Sum: 0, Workers: 4
[4152.794s][debug][gc,phases      ] GC(185)   StringDedup Requests1 Weak     Min:  0.0, Avg:  0.0, Max:  0.0, Diff:  0.0, Sum:  0.0, Workers: 4
[4152.794s][debug][gc,phases      ] GC(185)     Dead                           Min: 0, Avg:  0.0, Max: 0, Diff: 0, Sum: 0, Workers: 4
[4152.794s][debug][gc,phases      ] GC(185)     Total                          Min: 0, Avg:  0.0, Max: 0, Diff: 0, Sum: 0, Workers: 4
[4152.794s][debug][gc,phases      ] GC(185)   Weak JFR Old Object Samples    Min:  0.0, Avg:  0.0, Max:  0.0, Diff:  0.0, Sum:  0.0, Workers: 4
[4152.794s][debug][gc,phases      ] GC(185)     Dead                           Min: 0, Avg:  0.0, Max: 0, Diff: 0, Sum: 0, Workers: 4
[4152.794s][debug][gc,phases      ] GC(185)     Total                          Min: 0, Avg:  0.0, Max: 0, Diff: 0, Sum: 0, Workers: 4
[4152.794s][debug][gc,phases      ] GC(185) Weak Processing 0.343ms
[4152.794s][debug][gc,age         ] GC(185) Desired survivor size 52428800 bytes, new threshold 1 (max threshold 15)
[4152.794s][info ][gc,heap        ] GC(185) PSYoungGen: 2030944K(2043904K)->33624K(2044416K) Eden: 1991680K(1991680K)->0K(1991680K) From: 39264K(52224K)->33624K(52736K)
[4152.794s][info ][gc,heap        ] GC(185) ParOldGen: 2627982K(2628096K)->2664349K(2664448K)
[4152.794s][info ][gc,metaspace   ] GC(185) Metaspace: 111118K(112576K)->111118K(112576K) NonClass: 94561K(95424K)->94561K(95424K) Class: 16557K(17152K)->16557K(17152K)
[4152.794s][info ][gc             ] GC(185) Pause Young (Allocation Failure) 4549M->2634M(4598M) 33.680ms
[4152.794s][info ][gc,cpu         ] GC(185) User=0.09s Sys=0.03s Real=0.03s
[4152.794s][info ][safepoint      ] Safepoint "ParallelGCFailedAllocation", Time since last: 8488785282 ns, Reaching safepoint: 82200 ns, Cleanup: 9100 ns, At safepoint: 33966019 ns, Total: 34057319 ns
[4154.794s][info ][safepoint      ] Safepoint "Cleanup", Time since last: 2000168285 ns, Reaching safepoint: 77901 ns, Cleanup: 6100 ns, At safepoint: 4800 ns, Total: 88801 ns
[4161.773s][info ][gc,start       ] GC(186) Pause Young (Allocation Failure)
[4161.801s][debug][gc,phases      ] GC(186) Scavenge 27.932ms
[4161.801s][debug][gc,ref         ] GC(186) Skipped SoftWeakFinalRefsPhase of Reference Processing: no references
[4161.801s][debug][gc,ref         ] GC(186) Skipped KeepAliveFinalRefsPhase of Reference Processing: no references
[4161.801s][debug][gc,ref         ] GC(186) ReferenceProcessor::execute queues: 1, RefProcThreadModel::Single, marks_oops_alive: false
[4161.801s][debug][gc,phases      ] GC(186) Reference Processing 0.119ms
[4161.801s][debug][gc,phases      ] GC(186)   VM Weak                        Min:  0.0, Avg:  0.0, Max:  0.0, Diff:  0.0, Sum:  0.0, Workers: 4
[4161.801s][debug][gc,phases      ] GC(186)     Dead                           Min: 0, Avg:  0.0, Max: 0, Diff: 0, Sum: 0, Workers: 4
[4161.801s][debug][gc,phases      ] GC(186)     Total                          Min: 0, Avg: 276.8, Max: 851, Diff: 851, Sum: 1107, Workers: 4
[4161.801s][debug][gc,phases      ] GC(186)   ObjectSynchronizer Weak        Min:  0.0, Avg:  0.0, Max:  0.0, Diff:  0.0, Sum:  0.0, Workers: 4
[4161.801s][debug][gc,phases      ] GC(186)     Dead                           Min: 0, Avg:  0.0, Max: 0, Diff: 0, Sum: 0, Workers: 4
[4161.801s][debug][gc,phases      ] GC(186)     Total                          Min: 0, Avg:  1.8, Max: 7, Diff: 7, Sum: 7, Workers: 4
[4161.801s][debug][gc,phases      ] GC(186)   JVMTI Tag Weak OopStorage      Min:  0.0, Avg:  0.0, Max:  0.0, Diff:  0.0, Sum:  0.0, Workers: 4
[4161.801s][debug][gc,phases      ] GC(186)     Dead                           Min: 0, Avg:  0.0, Max: 0, Diff: 0, Sum: 0, Workers: 4
[4161.801s][debug][gc,phases      ] GC(186)     Total                          Min: 0, Avg:  0.0, Max: 0, Diff: 0, Sum: 0, Workers: 4
[4161.801s][debug][gc,phases      ] GC(186)   StringTable Weak               Min:  0.0, Avg:  0.1, Max:  0.1, Diff:  0.1, Sum:  0.4, Workers: 4
[4161.801s][debug][gc,phases      ] GC(186)     Dead                           Min: 0, Avg:  0.0, Max: 0, Diff: 0, Sum: 0, Workers: 4
[4161.801s][debug][gc,phases      ] GC(186)     Total                          Min: 0, Avg: 11897.5, Max: 20415, Diff: 20415, Sum: 47590, Workers: 4
[4161.801s][debug][gc,phases      ] GC(186)   ResolvedMethodTable Weak       Min:  0.0, Avg:  0.0, Max:  0.0, Diff:  0.0, Sum:  0.1, Workers: 4
[4161.801s][debug][gc,phases      ] GC(186)     Dead                           Min: 0, Avg:  0.0, Max: 0, Diff: 0, Sum: 0, Workers: 4
[4161.801s][debug][gc,phases      ] GC(186)     Total                          Min: 0, Avg: 4012.8, Max: 6772, Diff: 6772, Sum: 16051, Workers: 4
[4161.801s][debug][gc,phases      ] GC(186)   JNI Weak                       Min:  0.0, Avg:  0.0, Max:  0.0, Diff:  0.0, Sum:  0.0, Workers: 4
[4161.801s][debug][gc,phases      ] GC(186)     Dead                           Min: 0, Avg:  0.0, Max: 0, Diff: 0, Sum: 0, Workers: 4
[4161.801s][debug][gc,phases      ] GC(186)     Total                          Min: 0, Avg: 13.0, Max: 52, Diff: 52, Sum: 52, Workers: 4
[4161.801s][debug][gc,phases      ] GC(186)   StringDedup Table Weak         Min:  0.0, Avg:  0.0, Max:  0.0, Diff:  0.0, Sum:  0.0, Workers: 4
[4161.801s][debug][gc,phases      ] GC(186)     Dead                           Min: 0, Avg:  0.0, Max: 0, Diff: 0, Sum: 0, Workers: 4
[4161.801s][debug][gc,phases      ] GC(186)     Total                          Min: 0, Avg:  0.0, Max: 0, Diff: 0, Sum: 0, Workers: 4
[4161.801s][debug][gc,phases      ] GC(186)   StringDedup Requests0 Weak     Min:  0.0, Avg:  0.0, Max:  0.0, Diff:  0.0, Sum:  0.0, Workers: 4
[4161.801s][debug][gc,phases      ] GC(186)     Dead                           Min: 0, Avg:  0.0, Max: 0, Diff: 0, Sum: 0, Workers: 4
[4161.801s][debug][gc,phases      ] GC(186)     Total                          Min: 0, Avg:  0.0, Max: 0, Diff: 0, Sum: 0, Workers: 4
[4161.801s][debug][gc,phases      ] GC(186)   StringDedup Requests1 Weak     Min:  0.0, Avg:  0.0, Max:  0.0, Diff:  0.0, Sum:  0.0, Workers: 4
[4161.801s][debug][gc,phases      ] GC(186)     Dead                           Min: 0, Avg:  0.0, Max: 0, Diff: 0, Sum: 0, Workers: 4
[4161.801s][debug][gc,phases      ] GC(186)     Total                          Min: 0, Avg:  0.0, Max: 0, Diff: 0, Sum: 0, Workers: 4
[4161.801s][debug][gc,phases      ] GC(186)   Weak JFR Old Object Samples    Min:  0.0, Avg:  0.0, Max:  0.0, Diff:  0.0, Sum:  0.0, Workers: 4
[4161.801s][debug][gc,phases      ] GC(186)     Dead                           Min: 0, Avg:  0.0, Max: 0, Diff: 0, Sum: 0, Workers: 4
[4161.801s][debug][gc,phases      ] GC(186)     Total                          Min: 0, Avg:  0.0, Max: 0, Diff: 0, Sum: 0, Workers: 4
[4161.801s][debug][gc,phases      ] GC(186) Weak Processing 0.388ms
[4161.801s][debug][gc,age         ] GC(186) Desired survivor size 50855936 bytes, new threshold 1 (max threshold 15)
[4161.801s][info ][gc,heap        ] GC(186) PSYoungGen: 2025304K(2044416K)->34128K(2047488K) Eden: 1991680K(1991680K)->0K(1996288K) From: 33624K(52736K)->34128K(51200K)
[4161.801s][info ][gc,heap        ] GC(186) ParOldGen: 2664349K(2664448K)->2693685K(2694144K)
[4161.801s][info ][gc,metaspace   ] GC(186) Metaspace: 111120K(112576K)->111120K(112576K) NonClass: 94563K(95424K)->94563K(95424K) Class: 16557K(17152K)->16557K(17152K)
[4161.801s][info ][gc             ] GC(186) Pause Young (Allocation Failure) 4579M->2663M(4630M) 28.570ms
[4161.801s][info ][gc,cpu         ] GC(186) User=0.10s Sys=0.01s Real=0.03s
[4161.801s][info ][safepoint      ] Safepoint "ParallelGCFailedAllocation", Time since last: 6978298792 ns, Reaching safepoint: 5900 ns, Cleanup: 3900 ns, At safepoint: 28643589 ns, Total: 28653389 ns
[4162.801s][info ][safepoint      ] Safepoint "Cleanup", Time since last: 1000052988 ns, Reaching safepoint: 7000 ns, Cleanup: 14800 ns, At safepoint: 2500 ns, Total: 24300 ns
[4167.803s][info ][safepoint      ] Safepoint "Cleanup", Time since last: 5001032120 ns, Reaching safepoint: 77500 ns, Cleanup: 8700 ns, At safepoint: 6900 ns, Total: 93100 ns
[4170.456s][info ][gc,start       ] GC(187) Pause Young (Allocation Failure)
[4170.487s][debug][gc,phases      ] GC(187) Scavenge 31.613ms
[4170.487s][debug][gc,ref         ] GC(187) Skipped SoftWeakFinalRefsPhase of Reference Processing: no references
[4170.487s][debug][gc,ref         ] GC(187) Skipped KeepAliveFinalRefsPhase of Reference Processing: no references
[4170.487s][debug][gc,ref         ] GC(187) Skipped PhantomRefsPhase of Reference Processing: no references
[4170.487s][debug][gc,phases      ] GC(187) Reference Processing 0.020ms
[4170.488s][debug][gc,phases      ] GC(187)   VM Weak                        Min:  0.0, Avg:  0.0, Max:  0.0, Diff:  0.0, Sum:  0.0, Workers: 4
[4170.488s][debug][gc,phases      ] GC(187)     Dead                           Min: 0, Avg:  0.0, Max: 0, Diff: 0, Sum: 0, Workers: 4
[4170.488s][debug][gc,phases      ] GC(187)     Total                          Min: 0, Avg: 276.8, Max: 531, Diff: 531, Sum: 1107, Workers: 4
[4170.488s][debug][gc,phases      ] GC(187)   ObjectSynchronizer Weak        Min:  0.0, Avg:  0.0, Max:  0.0, Diff:  0.0, Sum:  0.0, Workers: 4
[4170.488s][debug][gc,phases      ] GC(187)     Dead                           Min: 0, Avg:  0.0, Max: 0, Diff: 0, Sum: 0, Workers: 4
[4170.488s][debug][gc,phases      ] GC(187)     Total                          Min: 0, Avg:  1.8, Max: 7, Diff: 7, Sum: 7, Workers: 4
[4170.488s][debug][gc,phases      ] GC(187)   JVMTI Tag Weak OopStorage      Min:  0.0, Avg:  0.0, Max:  0.0, Diff:  0.0, Sum:  0.0, Workers: 4
[4170.488s][debug][gc,phases      ] GC(187)     Dead                           Min: 0, Avg:  0.0, Max: 0, Diff: 0, Sum: 0, Workers: 4
[4170.488s][debug][gc,phases      ] GC(187)     Total                          Min: 0, Avg:  0.0, Max: 0, Diff: 0, Sum: 0, Workers: 4
[4170.488s][debug][gc,phases      ] GC(187)   StringTable Weak               Min:  0.0, Avg:  0.1, Max:  0.1, Diff:  0.1, Sum:  0.4, Workers: 4
[4170.488s][debug][gc,phases      ] GC(187)     Dead                           Min: 0, Avg:  0.0, Max: 0, Diff: 0, Sum: 0, Workers: 4
[4170.488s][debug][gc,phases      ] GC(187)     Total                          Min: 0, Avg: 11897.5, Max: 20287, Diff: 20287, Sum: 47590, Workers: 4
[4170.488s][debug][gc,phases      ] GC(187)   ResolvedMethodTable Weak       Min:  0.0, Avg:  0.0, Max:  0.0, Diff:  0.0, Sum:  0.1, Workers: 4
[4170.488s][debug][gc,phases      ] GC(187)     Dead                           Min: 0, Avg:  0.0, Max: 0, Diff: 0, Sum: 0, Workers: 4
[4170.488s][debug][gc,phases      ] GC(187)     Total                          Min: 0, Avg: 4012.8, Max: 6997, Diff: 6997, Sum: 16051, Workers: 4
[4170.488s][debug][gc,phases      ] GC(187)   JNI Weak                       Min:  0.0, Avg:  0.0, Max:  0.0, Diff:  0.0, Sum:  0.0, Workers: 4
[4170.488s][debug][gc,phases      ] GC(187)     Dead                           Min: 0, Avg:  0.0, Max: 0, Diff: 0, Sum: 0, Workers: 4
[4170.488s][debug][gc,phases      ] GC(187)     Total                          Min: 0, Avg: 13.0, Max: 52, Diff: 52, Sum: 52, Workers: 4
[4170.488s][debug][gc,phases      ] GC(187)   StringDedup Table Weak         Min:  0.0, Avg:  0.0, Max:  0.0, Diff:  0.0, Sum:  0.0, Workers: 4
[4170.488s][debug][gc,phases      ] GC(187)     Dead                           Min: 0, Avg:  0.0, Max: 0, Diff: 0, Sum: 0, Workers: 4
[4170.488s][debug][gc,phases      ] GC(187)     Total                          Min: 0, Avg:  0.0, Max: 0, Diff: 0, Sum: 0, Workers: 4
[4170.488s][debug][gc,phases      ] GC(187)   StringDedup Requests0 Weak     Min:  0.0, Avg:  0.0, Max:  0.0, Diff:  0.0, Sum:  0.0, Workers: 4
[4170.488s][debug][gc,phases      ] GC(187)     Dead                           Min: 0, Avg:  0.0, Max: 0, Diff: 0, Sum: 0, Workers: 4
[4170.488s][debug][gc,phases      ] GC(187)     Total                          Min: 0, Avg:  0.0, Max: 0, Diff: 0, Sum: 0, Workers: 4
[4170.488s][debug][gc,phases      ] GC(187)   StringDedup Requests1 Weak     Min:  0.0, Avg:  0.0, Max:  0.0, Diff:  0.0, Sum:  0.0, Workers: 4
[4170.488s][debug][gc,phases      ] GC(187)     Dead                           Min: 0, Avg:  0.0, Max: 0, Diff: 0, Sum: 0, Workers: 4
[4170.488s][debug][gc,phases      ] GC(187)     Total                          Min: 0, Avg:  0.0, Max: 0, Diff: 0, Sum: 0, Workers: 4
[4170.488s][debug][gc,phases      ] GC(187)   Weak JFR Old Object Samples    Min:  0.0, Avg:  0.0, Max:  0.0, Diff:  0.0, Sum:  0.0, Workers: 4
[4170.488s][debug][gc,phases      ] GC(187)     Dead                           Min: 0, Avg:  0.0, Max: 0, Diff: 0, Sum: 0, Workers: 4
[4170.488s][debug][gc,phases      ] GC(187)     Total                          Min: 0, Avg:  0.0, Max: 0, Diff: 0, Sum: 0, Workers: 4
[4170.488s][debug][gc,phases      ] GC(187) Weak Processing 0.353ms
[4170.488s][debug][gc,age         ] GC(187) Desired survivor size 50331648 bytes, new threshold 1 (max threshold 15)
[4170.488s][info ][gc,heap        ] GC(187) PSYoungGen: 2030416K(2047488K)->35309K(2045952K) Eden: 1996288K(1996288K)->0K(1996288K) From: 34128K(51200K)->35309K(49664K)
[4170.488s][info ][gc,heap        ] GC(187) ParOldGen: 2693685K(2694144K)->2724504K(2724864K)
[4170.488s][info ][gc,metaspace   ] GC(187) Metaspace: 111121K(112576K)->111121K(112576K) NonClass: 94564K(95424K)->94564K(95424K) Class: 16557K(17152K)->16557K(17152K)
[4170.488s][info ][gc             ] GC(187) Pause Young (Allocation Failure) 4613M->2695M(4659M) 32.105ms
[4170.488s][info ][gc,cpu         ] GC(187) User=0.09s Sys=0.02s Real=0.03s
[4170.488s][info ][safepoint      ] Safepoint "ParallelGCFailedAllocation", Time since last: 2652987265 ns, Reaching safepoint: 6000 ns, Cleanup: 3400 ns, At safepoint: 32176791 ns, Total: 32186191 ns
[4171.488s][info ][safepoint      ] Safepoint "Cleanup", Time since last: 1000092643 ns, Reaching safepoint: 6000 ns, Cleanup: 9900 ns, At safepoint: 2201 ns, Total: 18101 ns
[4173.488s][info ][safepoint      ] Safepoint "Cleanup", Time since last: 2000174392 ns, Reaching safepoint: 6200 ns, Cleanup: 10100 ns, At safepoint: 2300 ns, Total: 18600 ns
[4175.488s][info ][safepoint      ] Safepoint "Cleanup", Time since last: 2000165572 ns, Reaching safepoint: 5600 ns, Cleanup: 9900 ns, At safepoint: 2100 ns, Total: 17600 ns
[4178.489s][info ][safepoint      ] Safepoint "Cleanup", Time since last: 3000310696 ns, Reaching safepoint: 6300 ns, Cleanup: 8400 ns, At safepoint: 2100 ns, Total: 16800 ns
[4179.489s][info ][safepoint      ] Safepoint "Cleanup", Time since last: 1000103566 ns, Reaching safepoint: 6200 ns, Cleanup: 9200 ns, At safepoint: 2700 ns, Total: 18100 ns
[4179.529s][info ][gc,start       ] GC(188) Pause Young (Allocation Failure)
[4179.562s][debug][gc,phases      ] GC(188) Scavenge 33.368ms
[4179.562s][debug][gc,ref         ] GC(188) ReferenceProcessor::execute queues: 1, RefProcThreadModel::Single, marks_oops_alive: false
[4179.562s][debug][gc,ref         ] GC(188) Skipped KeepAliveFinalRefsPhase of Reference Processing: no references
[4179.562s][debug][gc,ref         ] GC(188) ReferenceProcessor::execute queues: 1, RefProcThreadModel::Single, marks_oops_alive: false
[4179.562s][debug][gc,phases      ] GC(188) Reference Processing 0.092ms
[4179.562s][debug][gc,phases      ] GC(188)   VM Weak                        Min:  0.0, Avg:  0.0, Max:  0.0, Diff:  0.0, Sum:  0.0, Workers: 4
[4179.562s][debug][gc,phases      ] GC(188)     Dead                           Min: 0, Avg:  0.0, Max: 0, Diff: 0, Sum: 0, Workers: 4
[4179.562s][debug][gc,phases      ] GC(188)     Total                          Min: 0, Avg: 276.8, Max: 704, Diff: 704, Sum: 1107, Workers: 4
[4179.562s][debug][gc,phases      ] GC(188)   ObjectSynchronizer Weak        Min:  0.0, Avg:  0.0, Max:  0.0, Diff:  0.0, Sum:  0.0, Workers: 4
[4179.562s][debug][gc,phases      ] GC(188)     Dead                           Min: 0, Avg:  0.0, Max: 0, Diff: 0, Sum: 0, Workers: 4
[4179.562s][debug][gc,phases      ] GC(188)     Total                          Min: 0, Avg:  1.8, Max: 7, Diff: 7, Sum: 7, Workers: 4
[4179.562s][debug][gc,phases      ] GC(188)   JVMTI Tag Weak OopStorage      Min:  0.0, Avg:  0.0, Max:  0.0, Diff:  0.0, Sum:  0.0, Workers: 4
[4179.562s][debug][gc,phases      ] GC(188)     Dead                           Min: 0, Avg:  0.0, Max: 0, Diff: 0, Sum: 0, Workers: 4
[4179.562s][debug][gc,phases      ] GC(188)     Total                          Min: 0, Avg:  0.0, Max: 0, Diff: 0, Sum: 0, Workers: 4
[4179.562s][debug][gc,phases      ] GC(188)   StringTable Weak               Min:  0.0, Avg:  0.1, Max:  0.2, Diff:  0.2, Sum:  0.5, Workers: 4
[4179.562s][debug][gc,phases      ] GC(188)     Dead                           Min: 0, Avg:  0.0, Max: 0, Diff: 0, Sum: 0, Workers: 4
[4179.562s][debug][gc,phases      ] GC(188)     Total                          Min: 0, Avg: 11897.5, Max: 15999, Diff: 15999, Sum: 47590, Workers: 4
[4179.562s][debug][gc,phases      ] GC(188)   ResolvedMethodTable Weak       Min:  0.0, Avg:  0.0, Max:  0.1, Diff:  0.1, Sum:  0.2, Workers: 4
[4179.562s][debug][gc,phases      ] GC(188)     Dead                           Min: 0, Avg:  4.0, Max: 16, Diff: 16, Sum: 16, Workers: 4
[4179.563s][debug][gc,phases      ] GC(188)     Total                          Min: 0, Avg: 4012.8, Max: 5658, Diff: 5658, Sum: 16051, Workers: 4
[4179.563s][debug][gc,phases      ] GC(188)   JNI Weak                       Min:  0.0, Avg:  0.0, Max:  0.0, Diff:  0.0, Sum:  0.0, Workers: 4
[4179.563s][debug][gc,phases      ] GC(188)     Dead                           Min: 0, Avg:  0.0, Max: 0, Diff: 0, Sum: 0, Workers: 4
[4179.563s][debug][gc,phases      ] GC(188)     Total                          Min: 0, Avg: 13.0, Max: 52, Diff: 52, Sum: 52, Workers: 4
[4179.563s][debug][gc,phases      ] GC(188)   StringDedup Table Weak         Min:  0.0, Avg:  0.0, Max:  0.0, Diff:  0.0, Sum:  0.0, Workers: 4
[4179.563s][debug][gc,phases      ] GC(188)     Dead                           Min: 0, Avg:  0.0, Max: 0, Diff: 0, Sum: 0, Workers: 4
[4179.563s][debug][gc,phases      ] GC(188)     Total                          Min: 0, Avg:  0.0, Max: 0, Diff: 0, Sum: 0, Workers: 4
[4179.563s][debug][gc,phases      ] GC(188)   StringDedup Requests0 Weak     Min:  0.0, Avg:  0.0, Max:  0.0, Diff:  0.0, Sum:  0.0, Workers: 4
[4179.563s][debug][gc,phases      ] GC(188)     Dead                           Min: 0, Avg:  0.0, Max: 0, Diff: 0, Sum: 0, Workers: 4
[4179.563s][debug][gc,phases      ] GC(188)     Total                          Min: 0, Avg:  0.0, Max: 0, Diff: 0, Sum: 0, Workers: 4
[4179.563s][debug][gc,phases      ] GC(188)   StringDedup Requests1 Weak     Min:  0.0, Avg:  0.0, Max:  0.0, Diff:  0.0, Sum:  0.0, Workers: 4
[4179.563s][debug][gc,phases      ] GC(188)     Dead                           Min: 0, Avg:  0.0, Max: 0, Diff: 0, Sum: 0, Workers: 4
[4179.563s][debug][gc,phases      ] GC(188)     Total                          Min: 0, Avg:  0.0, Max: 0, Diff: 0, Sum: 0, Workers: 4
[4179.563s][debug][gc,phases      ] GC(188)   Weak JFR Old Object Samples    Min:  0.0, Avg:  0.0, Max:  0.0, Diff:  0.0, Sum:  0.0, Workers: 4
[4179.563s][debug][gc,phases      ] GC(188)     Dead                           Min: 0, Avg:  0.0, Max: 0, Diff: 0, Sum: 0, Workers: 4
[4179.563s][debug][gc,phases      ] GC(188)     Total                          Min: 0, Avg:  0.0, Max: 0, Diff: 0, Sum: 0, Workers: 4
[4179.563s][debug][gc,phases      ] GC(188) Weak Processing 0.444ms
[4179.563s][debug][gc,age         ] GC(188) Desired survivor size 49283072 bytes, new threshold 1 (max threshold 15)
[4179.563s][info ][gc,heap        ] GC(188) PSYoungGen: 2031597K(2045952K)->35104K(2049024K) Eden: 1996288K(1996288K)->0K(1999872K) From: 35309K(49664K)->35104K(49152K)
[4179.563s][info ][gc,heap        ] GC(188) ParOldGen: 2724504K(2724864K)->2756214K(2756608K)
[4179.563s][info ][gc,metaspace   ] GC(188) Metaspace: 111129K(112576K)->111129K(112576K) NonClass: 94572K(95424K)->94572K(95424K) Class: 16557K(17152K)->16557K(17152K)
[4179.563s][info ][gc             ] GC(188) Pause Young (Allocation Failure) 4644M->2725M(4693M) 34.028ms
[4179.563s][info ][gc,cpu         ] GC(188) User=0.10s Sys=0.02s Real=0.04s
[4179.563s][info ][safepoint      ] Safepoint "ParallelGCFailedAllocation", Time since last: 39805057 ns, Reaching safepoint: 76801 ns, Cleanup: 2800 ns, At safepoint: 34105120 ns, Total: 34184721 ns
[4184.565s][info ][safepoint      ] Safepoint "Cleanup", Time since last: 5002455798 ns, Reaching safepoint: 84100 ns, Cleanup: 8100 ns, At safepoint: 12600 ns, Total: 104800 ns
[4187.366s][info ][gc,start       ] GC(189) Pause Young (Allocation Failure)
[4187.399s][debug][gc,phases      ] GC(189) Scavenge 32.809ms
[4187.399s][debug][gc,ref         ] GC(189) Skipped SoftWeakFinalRefsPhase of Reference Processing: no references
[4187.399s][debug][gc,ref         ] GC(189) Skipped KeepAliveFinalRefsPhase of Reference Processing: no references
[4187.399s][debug][gc,ref         ] GC(189) Skipped PhantomRefsPhase of Reference Processing: no references
[4187.399s][debug][gc,phases      ] GC(189) Reference Processing 0.019ms
[4187.400s][debug][gc,phases      ] GC(189)   VM Weak                        Min:  0.0, Avg:  0.0, Max:  0.0, Diff:  0.0, Sum:  0.0, Workers: 4
[4187.400s][debug][gc,phases      ] GC(189)     Dead                           Min: 0, Avg:  0.0, Max: 0, Diff: 0, Sum: 0, Workers: 4
[4187.400s][debug][gc,phases      ] GC(189)     Total                          Min: 0, Avg: 276.8, Max: 640, Diff: 640, Sum: 1107, Workers: 4
[4187.400s][debug][gc,phases      ] GC(189)   ObjectSynchronizer Weak        Min:  0.0, Avg:  0.0, Max:  0.0, Diff:  0.0, Sum:  0.0, Workers: 4
[4187.400s][debug][gc,phases      ] GC(189)     Dead                           Min: 0, Avg:  0.0, Max: 0, Diff: 0, Sum: 0, Workers: 4
[4187.400s][debug][gc,phases      ] GC(189)     Total                          Min: 0, Avg:  1.8, Max: 7, Diff: 7, Sum: 7, Workers: 4
[4187.400s][debug][gc,phases      ] GC(189)   JVMTI Tag Weak OopStorage      Min:  0.0, Avg:  0.0, Max:  0.0, Diff:  0.0, Sum:  0.0, Workers: 4
[4187.400s][debug][gc,phases      ] GC(189)     Dead                           Min: 0, Avg:  0.0, Max: 0, Diff: 0, Sum: 0, Workers: 4
[4187.400s][debug][gc,phases      ] GC(189)     Total                          Min: 0, Avg:  0.0, Max: 0, Diff: 0, Sum: 0, Workers: 4
[4187.400s][debug][gc,phases      ] GC(189)   StringTable Weak               Min:  0.0, Avg:  0.1, Max:  0.1, Diff:  0.1, Sum:  0.4, Workers: 4
[4187.400s][debug][gc,phases      ] GC(189)     Dead                           Min: 0, Avg:  0.0, Max: 0, Diff: 0, Sum: 0, Workers: 4
[4187.400s][debug][gc,phases      ] GC(189)     Total                          Min: 0, Avg: 11897.5, Max: 20352, Diff: 20352, Sum: 47590, Workers: 4
[4187.400s][debug][gc,phases      ] GC(189)   ResolvedMethodTable Weak       Min:  0.0, Avg:  0.0, Max:  0.0, Diff:  0.0, Sum:  0.1, Workers: 4
[4187.400s][debug][gc,phases      ] GC(189)     Dead                           Min: 0, Avg:  0.0, Max: 0, Diff: 0, Sum: 0, Workers: 4
[4187.400s][debug][gc,phases      ] GC(189)     Total                          Min: 0, Avg: 4012.8, Max: 6942, Diff: 6942, Sum: 16051, Workers: 4
[4187.400s][debug][gc,phases      ] GC(189)   JNI Weak                       Min:  0.0, Avg:  0.0, Max:  0.0, Diff:  0.0, Sum:  0.0, Workers: 4
[4187.400s][debug][gc,phases      ] GC(189)     Dead                           Min: 0, Avg:  0.0, Max: 0, Diff: 0, Sum: 0, Workers: 4
[4187.400s][debug][gc,phases      ] GC(189)     Total                          Min: 0, Avg: 13.0, Max: 52, Diff: 52, Sum: 52, Workers: 4
[4187.400s][debug][gc,phases      ] GC(189)   StringDedup Table Weak         Min:  0.0, Avg:  0.0, Max:  0.0, Diff:  0.0, Sum:  0.0, Workers: 4
[4187.400s][debug][gc,phases      ] GC(189)     Dead                           Min: 0, Avg:  0.0, Max: 0, Diff: 0, Sum: 0, Workers: 4
[4187.400s][debug][gc,phases      ] GC(189)     Total                          Min: 0, Avg:  0.0, Max: 0, Diff: 0, Sum: 0, Workers: 4
[4187.400s][debug][gc,phases      ] GC(189)   StringDedup Requests0 Weak     Min:  0.0, Avg:  0.0, Max:  0.0, Diff:  0.0, Sum:  0.0, Workers: 4
[4187.400s][debug][gc,phases      ] GC(189)     Dead                           Min: 0, Avg:  0.0, Max: 0, Diff: 0, Sum: 0, Workers: 4
[4187.400s][debug][gc,phases      ] GC(189)     Total                          Min: 0, Avg:  0.0, Max: 0, Diff: 0, Sum: 0, Workers: 4
[4187.400s][debug][gc,phases      ] GC(189)   StringDedup Requests1 Weak     Min:  0.0, Avg:  0.0, Max:  0.0, Diff:  0.0, Sum:  0.0, Workers: 4
[4187.400s][debug][gc,phases      ] GC(189)     Dead                           Min: 0, Avg:  0.0, Max: 0, Diff: 0, Sum: 0, Workers: 4
[4187.400s][debug][gc,phases      ] GC(189)     Total                          Min: 0, Avg:  0.0, Max: 0, Diff: 0, Sum: 0, Workers: 4
[4187.400s][debug][gc,phases      ] GC(189)   Weak JFR Old Object Samples    Min:  0.0, Avg:  0.0, Max:  0.0, Diff:  0.0, Sum:  0.0, Workers: 4
[4187.400s][debug][gc,phases      ] GC(189)     Dead                           Min: 0, Avg:  0.0, Max: 0, Diff: 0, Sum: 0, Workers: 4
[4187.400s][debug][gc,phases      ] GC(189)     Total                          Min: 0, Avg:  0.0, Max: 0, Diff: 0, Sum: 0, Workers: 4
[4187.400s][debug][gc,phases      ] GC(189) Weak Processing 0.353ms
[4187.400s][debug][gc,age         ] GC(189) Desired survivor size 49807360 bytes, new threshold 1 (max threshold 15)
[4187.400s][info ][gc,heap        ] GC(189) PSYoungGen: 2034976K(2049024K)->38240K(2048000K) Eden: 1999872K(1999872K)->0K(1999872K) From: 35104K(49152K)->38240K(48128K)
[4187.400s][info ][gc,heap        ] GC(189) ParOldGen: 2756214K(2756608K)->2787522K(2787840K)
[4187.400s][info ][gc,metaspace   ] GC(189) Metaspace: 111130K(112576K)->111130K(112576K) NonClass: 94573K(95424K)->94573K(95424K) Class: 16557K(17152K)->16557K(17152K)
[4187.400s][info ][gc             ] GC(189) Pause Young (Allocation Failure) 4678M->2759M(4722M) 33.299ms
[4187.400s][info ][gc,cpu         ] GC(189) User=0.11s Sys=0.01s Real=0.03s
[4187.400s][info ][safepoint      ] Safepoint "ParallelGCFailedAllocation", Time since last: 2801133041 ns, Reaching safepoint: 6300 ns, Cleanup: 3700 ns, At safepoint: 33391912 ns, Total: 33401912 ns
[4188.400s][info ][safepoint      ] Safepoint "Cleanup", Time since last: 1000093334 ns, Reaching safepoint: 7100 ns, Cleanup: 10300 ns, At safepoint: 2700 ns, Total: 20100 ns
[4189.400s][info ][safepoint      ] Safepoint "Cleanup", Time since last: 1000102934 ns, Reaching safepoint: 82000 ns, Cleanup: 9200 ns, At safepoint: 6700 ns, Total: 97900 ns
[4191.400s][info ][safepoint      ] Safepoint "Cleanup", Time since last: 2000189369 ns, Reaching safepoint: 5400 ns, Cleanup: 9900 ns, At safepoint: 2000 ns, Total: 17300 ns
[4195.212s][info ][gc,start       ] GC(190) Pause Young (Allocation Failure)
[4195.245s][debug][gc,phases      ] GC(190) Scavenge 32.471ms
[4195.245s][debug][gc,ref         ] GC(190) Skipped SoftWeakFinalRefsPhase of Reference Processing: no references
[4195.245s][debug][gc,ref         ] GC(190) Skipped KeepAliveFinalRefsPhase of Reference Processing: no references
[4195.245s][debug][gc,ref         ] GC(190) Skipped PhantomRefsPhase of Reference Processing: no references
[4195.245s][debug][gc,phases      ] GC(190) Reference Processing 0.022ms
[4195.245s][debug][gc,phases      ] GC(190)   VM Weak                        Min:  0.0, Avg:  0.0, Max:  0.0, Diff:  0.0, Sum:  0.0, Workers: 4
[4195.245s][debug][gc,phases      ] GC(190)     Dead                           Min: 0, Avg:  0.0, Max: 0, Diff: 0, Sum: 0, Workers: 4
[4195.245s][debug][gc,phases      ] GC(190)     Total                          Min: 0, Avg: 276.8, Max: 403, Diff: 403, Sum: 1107, Workers: 4
[4195.245s][debug][gc,phases      ] GC(190)   ObjectSynchronizer Weak        Min:  0.0, Avg:  0.0, Max:  0.0, Diff:  0.0, Sum:  0.0, Workers: 4
[4195.245s][debug][gc,phases      ] GC(190)     Dead                           Min: 0, Avg:  0.0, Max: 0, Diff: 0, Sum: 0, Workers: 4
[4195.245s][debug][gc,phases      ] GC(190)     Total                          Min: 0, Avg:  2.0, Max: 8, Diff: 8, Sum: 8, Workers: 4
[4195.245s][debug][gc,phases      ] GC(190)   JVMTI Tag Weak OopStorage      Min:  0.0, Avg:  0.0, Max:  0.0, Diff:  0.0, Sum:  0.0, Workers: 4
[4195.245s][debug][gc,phases      ] GC(190)     Dead                           Min: 0, Avg:  0.0, Max: 0, Diff: 0, Sum: 0, Workers: 4
[4195.245s][debug][gc,phases      ] GC(190)     Total                          Min: 0, Avg:  0.0, Max: 0, Diff: 0, Sum: 0, Workers: 4
[4195.245s][debug][gc,phases      ] GC(190)   StringTable Weak               Min:  0.1, Avg:  0.1, Max:  0.1, Diff:  0.0, Sum:  0.5, Workers: 4
[4195.245s][debug][gc,phases      ] GC(190)     Dead                           Min: 0, Avg:  0.0, Max: 0, Diff: 0, Sum: 0, Workers: 4
[4195.245s][debug][gc,phases      ] GC(190)     Total                          Min: 11711, Avg: 11897.5, Max: 12032, Diff: 321, Sum: 47590, Workers: 4
[4195.245s][debug][gc,phases      ] GC(190)   ResolvedMethodTable Weak       Min:  0.0, Avg:  0.0, Max:  0.0, Diff:  0.0, Sum:  0.2, Workers: 4
[4195.245s][debug][gc,phases      ] GC(190)     Dead                           Min: 0, Avg:  0.0, Max: 0, Diff: 0, Sum: 0, Workers: 4
[4195.245s][debug][gc,phases      ] GC(190)     Total                          Min: 3777, Avg: 4012.8, Max: 4262, Diff: 485, Sum: 16051, Workers: 4
[4195.245s][debug][gc,phases      ] GC(190)   JNI Weak                       Min:  0.0, Avg:  0.0, Max:  0.0, Diff:  0.0, Sum:  0.0, Workers: 4
[4195.245s][debug][gc,phases      ] GC(190)     Dead                           Min: 0, Avg:  0.0, Max: 0, Diff: 0, Sum: 0, Workers: 4
[4195.245s][debug][gc,phases      ] GC(190)     Total                          Min: 0, Avg: 13.0, Max: 52, Diff: 52, Sum: 52, Workers: 4
[4195.245s][debug][gc,phases      ] GC(190)   StringDedup Table Weak         Min:  0.0, Avg:  0.0, Max:  0.0, Diff:  0.0, Sum:  0.0, Workers: 4
[4195.245s][debug][gc,phases      ] GC(190)     Dead                           Min: 0, Avg:  0.0, Max: 0, Diff: 0, Sum: 0, Workers: 4
[4195.245s][debug][gc,phases      ] GC(190)     Total                          Min: 0, Avg:  0.0, Max: 0, Diff: 0, Sum: 0, Workers: 4
[4195.245s][debug][gc,phases      ] GC(190)   StringDedup Requests0 Weak     Min:  0.0, Avg:  0.0, Max:  0.0, Diff:  0.0, Sum:  0.0, Workers: 4
[4195.245s][debug][gc,phases      ] GC(190)     Dead                           Min: 0, Avg:  0.0, Max: 0, Diff: 0, Sum: 0, Workers: 4
[4195.245s][debug][gc,phases      ] GC(190)     Total                          Min: 0, Avg:  0.0, Max: 0, Diff: 0, Sum: 0, Workers: 4
[4195.245s][debug][gc,phases      ] GC(190)   StringDedup Requests1 Weak     Min:  0.0, Avg:  0.0, Max:  0.0, Diff:  0.0, Sum:  0.0, Workers: 4
[4195.245s][debug][gc,phases      ] GC(190)     Dead                           Min: 0, Avg:  0.0, Max: 0, Diff: 0, Sum: 0, Workers: 4
[4195.245s][debug][gc,phases      ] GC(190)     Total                          Min: 0, Avg:  0.0, Max: 0, Diff: 0, Sum: 0, Workers: 4
[4195.245s][debug][gc,phases      ] GC(190)   Weak JFR Old Object Samples    Min:  0.0, Avg:  0.0, Max:  0.0, Diff:  0.0, Sum:  0.0, Workers: 4
[4195.245s][debug][gc,phases      ] GC(190)     Dead                           Min: 0, Avg:  0.0, Max: 0, Diff: 0, Sum: 0, Workers: 4
[4195.245s][debug][gc,phases      ] GC(190)     Total                          Min: 0, Avg:  0.0, Max: 0, Diff: 0, Sum: 0, Workers: 4
[4195.245s][debug][gc,phases      ] GC(190) Weak Processing 0.347ms
[4195.245s][debug][gc,age         ] GC(190) Desired survivor size 49283072 bytes, new threshold 1 (max threshold 15)
[4195.245s][info ][gc,heap        ] GC(190) PSYoungGen: 2038112K(2048000K)->36656K(2049024K) Eden: 1999872K(1999872K)->0K(2000384K) From: 38240K(48128K)->36656K(48640K)
[4195.245s][info ][gc,heap        ] GC(190) ParOldGen: 2787522K(2787840K)->2819463K(2819584K)
[4195.245s][info ][gc,metaspace   ] GC(190) Metaspace: 111132K(112576K)->111132K(112576K) NonClass: 94575K(95424K)->94575K(95424K) Class: 16557K(17152K)->16557K(17152K)
[4195.245s][info ][gc             ] GC(190) Pause Young (Allocation Failure) 4712M->2789M(4754M) 32.960ms
[4195.245s][info ][gc,cpu         ] GC(190) User=0.10s Sys=0.01s Real=0.03s
[4195.245s][info ][safepoint      ] Safepoint "ParallelGCFailedAllocation", Time since last: 3811698656 ns, Reaching safepoint: 82300 ns, Cleanup: 3800 ns, At safepoint: 33042014 ns, Total: 33128114 ns
[4196.275s][info ][safepoint      ] Safepoint "Cleanup", Time since last: 1030054466 ns, Reaching safepoint: 5901 ns, Cleanup: 8700 ns, At safepoint: 2600 ns, Total: 17201 ns
[4198.275s][info ][safepoint      ] Safepoint "Cleanup", Time since last: 2000172544 ns, Reaching safepoint: 6101 ns, Cleanup: 8700 ns, At safepoint: 2500 ns, Total: 17301 ns
[4199.276s][info ][safepoint      ] Safepoint "Cleanup", Time since last: 1000101272 ns, Reaching safepoint: 6200 ns, Cleanup: 15600 ns, At safepoint: 2700 ns, Total: 24500 ns
[4206.686s][info ][safepoint      ] Safepoint "Cleanup", Time since last: 7410776577 ns, Reaching safepoint: 79300 ns, Cleanup: 6901 ns, At safepoint: 5900 ns, Total: 92101 ns
[4207.082s][info ][gc,start       ] GC(191) Pause Young (Allocation Failure)
[4207.110s][debug][gc,phases      ] GC(191) Scavenge 27.956ms
[4207.110s][debug][gc,ref         ] GC(191) ReferenceProcessor::execute queues: 1, RefProcThreadModel::Single, marks_oops_alive: false
[4207.110s][debug][gc,ref         ] GC(191) Skipped KeepAliveFinalRefsPhase of Reference Processing: no references
[4207.110s][debug][gc,ref         ] GC(191) ReferenceProcessor::execute queues: 1, RefProcThreadModel::Single, marks_oops_alive: false
[4207.110s][debug][gc,phases      ] GC(191) Reference Processing 0.106ms
[4207.111s][debug][gc,phases      ] GC(191)   VM Weak                        Min:  0.0, Avg:  0.0, Max:  0.0, Diff:  0.0, Sum:  0.0, Workers: 4
[4207.111s][debug][gc,phases      ] GC(191)     Dead                           Min: 0, Avg:  0.0, Max: 0, Diff: 0, Sum: 0, Workers: 4
[4207.111s][debug][gc,phases      ] GC(191)     Total                          Min: 0, Avg: 276.8, Max: 595, Diff: 595, Sum: 1107, Workers: 4
[4207.111s][debug][gc,phases      ] GC(191)   ObjectSynchronizer Weak        Min:  0.0, Avg:  0.0, Max:  0.0, Diff:  0.0, Sum:  0.0, Workers: 4
[4207.111s][debug][gc,phases      ] GC(191)     Dead                           Min: 0, Avg:  0.0, Max: 0, Diff: 0, Sum: 0, Workers: 4
[4207.111s][debug][gc,phases      ] GC(191)     Total                          Min: 0, Avg:  1.0, Max: 4, Diff: 4, Sum: 4, Workers: 4
[4207.111s][debug][gc,phases      ] GC(191)   JVMTI Tag Weak OopStorage      Min:  0.0, Avg:  0.0, Max:  0.0, Diff:  0.0, Sum:  0.0, Workers: 4
[4207.111s][debug][gc,phases      ] GC(191)     Dead                           Min: 0, Avg:  0.0, Max: 0, Diff: 0, Sum: 0, Workers: 4
[4207.111s][debug][gc,phases      ] GC(191)     Total                          Min: 0, Avg:  0.0, Max: 0, Diff: 0, Sum: 0, Workers: 4
[4207.111s][debug][gc,phases      ] GC(191)   StringTable Weak               Min:  0.0, Avg:  0.1, Max:  0.1, Diff:  0.1, Sum:  0.4, Workers: 4
[4207.111s][debug][gc,phases      ] GC(191)     Dead                           Min: 0, Avg:  0.2, Max: 1, Diff: 1, Sum: 1, Workers: 4
[4207.111s][debug][gc,phases      ] GC(191)     Total                          Min: 0, Avg: 11900.0, Max: 20671, Diff: 20671, Sum: 47600, Workers: 4
[4207.111s][debug][gc,phases      ] GC(191)   ResolvedMethodTable Weak       Min:  0.0, Avg:  0.0, Max:  0.0, Diff:  0.0, Sum:  0.1, Workers: 4
[4207.111s][debug][gc,phases      ] GC(191)     Dead                           Min: 0, Avg:  4.8, Max: 8, Diff: 8, Sum: 19, Workers: 4
[4207.111s][debug][gc,phases      ] GC(191)     Total                          Min: 0, Avg: 4015.0, Max: 6843, Diff: 6843, Sum: 16060, Workers: 4
[4207.111s][debug][gc,phases      ] GC(191)   JNI Weak                       Min:  0.0, Avg:  0.0, Max:  0.0, Diff:  0.0, Sum:  0.0, Workers: 4
[4207.111s][debug][gc,phases      ] GC(191)     Dead                           Min: 0, Avg:  0.0, Max: 0, Diff: 0, Sum: 0, Workers: 4
[4207.111s][debug][gc,phases      ] GC(191)     Total                          Min: 0, Avg: 13.0, Max: 52, Diff: 52, Sum: 52, Workers: 4
[4207.111s][debug][gc,phases      ] GC(191)   StringDedup Table Weak         Min:  0.0, Avg:  0.0, Max:  0.0, Diff:  0.0, Sum:  0.0, Workers: 4
[4207.111s][debug][gc,phases      ] GC(191)     Dead                           Min: 0, Avg:  0.0, Max: 0, Diff: 0, Sum: 0, Workers: 4
[4207.111s][debug][gc,phases      ] GC(191)     Total                          Min: 0, Avg:  0.0, Max: 0, Diff: 0, Sum: 0, Workers: 4
[4207.111s][debug][gc,phases      ] GC(191)   StringDedup Requests0 Weak     Min:  0.0, Avg:  0.0, Max:  0.0, Diff:  0.0, Sum:  0.0, Workers: 4
[4207.111s][debug][gc,phases      ] GC(191)     Dead                           Min: 0, Avg:  0.0, Max: 0, Diff: 0, Sum: 0, Workers: 4
[4207.111s][debug][gc,phases      ] GC(191)     Total                          Min: 0, Avg:  0.0, Max: 0, Diff: 0, Sum: 0, Workers: 4
[4207.111s][debug][gc,phases      ] GC(191)   StringDedup Requests1 Weak     Min:  0.0, Avg:  0.0, Max:  0.0, Diff:  0.0, Sum:  0.0, Workers: 4
[4207.111s][debug][gc,phases      ] GC(191)     Dead                           Min: 0, Avg:  0.0, Max: 0, Diff: 0, Sum: 0, Workers: 4
[4207.111s][debug][gc,phases      ] GC(191)     Total                          Min: 0, Avg:  0.0, Max: 0, Diff: 0, Sum: 0, Workers: 4
[4207.111s][debug][gc,phases      ] GC(191)   Weak JFR Old Object Samples    Min:  0.0, Avg:  0.0, Max:  0.0, Diff:  0.0, Sum:  0.0, Workers: 4
[4207.111s][debug][gc,phases      ] GC(191)     Dead                           Min: 0, Avg:  0.0, Max: 0, Diff: 0, Sum: 0, Workers: 4
[4207.111s][debug][gc,phases      ] GC(191)     Total                          Min: 0, Avg:  0.0, Max: 0, Diff: 0, Sum: 0, Workers: 4
[4207.111s][debug][gc,phases      ] GC(191) Weak Processing 0.342ms
[4207.111s][debug][gc,age         ] GC(191) Desired survivor size 48758784 bytes, new threshold 1 (max threshold 15)
[4207.111s][info ][gc,heap        ] GC(191) PSYoungGen: 2037040K(2049024K)->28032K(2048512K) Eden: 2000384K(2000384K)->0K(2000384K) From: 36656K(48640K)->28032K(48128K)
[4207.111s][info ][gc,heap        ] GC(191) ParOldGen: 2819463K(2819584K)->2853046K(2853376K)
[4207.111s][info ][gc,metaspace   ] GC(191) Metaspace: 111171K(112576K)->111171K(112576K) NonClass: 94607K(95424K)->94607K(95424K) Class: 16563K(17152K)->16563K(17152K)
[4207.111s][info ][gc             ] GC(191) Pause Young (Allocation Failure) 4742M->2813M(4787M) 28.520ms
[4207.111s][info ][gc,cpu         ] GC(191) User=0.09s Sys=0.02s Real=0.03s
[4207.111s][info ][safepoint      ] Safepoint "ParallelGCFailedAllocation", Time since last: 395752967 ns, Reaching safepoint: 79701 ns, Cleanup: 3800 ns, At safepoint: 28593485 ns, Total: 28676986 ns
[4211.111s][info ][safepoint      ] Safepoint "Cleanup", Time since last: 4000295977 ns, Reaching safepoint: 77001 ns, Cleanup: 11500 ns, At safepoint: 5600 ns, Total: 94101 ns
[4214.112s][info ][safepoint      ] Safepoint "Cleanup", Time since last: 3000241268 ns, Reaching safepoint: 80101 ns, Cleanup: 7100 ns, At safepoint: 7900 ns, Total: 95101 ns
[4222.963s][info ][gc,start       ] GC(192) Pause Young (Allocation Failure)
[4222.992s][debug][gc,phases      ] GC(192) Scavenge 29.059ms
[4222.992s][debug][gc,ref         ] GC(192) Skipped SoftWeakFinalRefsPhase of Reference Processing: no references
[4222.992s][debug][gc,ref         ] GC(192) Skipped KeepAliveFinalRefsPhase of Reference Processing: no references
[4222.992s][debug][gc,ref         ] GC(192) ReferenceProcessor::execute queues: 1, RefProcThreadModel::Single, marks_oops_alive: false
[4222.992s][debug][gc,phases      ] GC(192) Reference Processing 0.091ms
[4222.993s][debug][gc,phases      ] GC(192)   VM Weak                        Min:  0.0, Avg:  0.0, Max:  0.0, Diff:  0.0, Sum:  0.0, Workers: 4
[4222.993s][debug][gc,phases      ] GC(192)     Dead                           Min: 0, Avg:  0.0, Max: 0, Diff: 0, Sum: 0, Workers: 4
[4222.993s][debug][gc,phases      ] GC(192)     Total                          Min: 0, Avg: 276.8, Max: 768, Diff: 768, Sum: 1107, Workers: 4
[4222.993s][debug][gc,phases      ] GC(192)   ObjectSynchronizer Weak        Min:  0.0, Avg:  0.0, Max:  0.0, Diff:  0.0, Sum:  0.0, Workers: 4
[4222.993s][debug][gc,phases      ] GC(192)     Dead                           Min: 0, Avg:  0.0, Max: 0, Diff: 0, Sum: 0, Workers: 4
[4222.993s][debug][gc,phases      ] GC(192)     Total                          Min: 0, Avg:  1.5, Max: 6, Diff: 6, Sum: 6, Workers: 4
[4222.993s][debug][gc,phases      ] GC(192)   JVMTI Tag Weak OopStorage      Min:  0.0, Avg:  0.0, Max:  0.0, Diff:  0.0, Sum:  0.0, Workers: 4
[4222.993s][debug][gc,phases      ] GC(192)     Dead                           Min: 0, Avg:  0.0, Max: 0, Diff: 0, Sum: 0, Workers: 4
[4222.993s][debug][gc,phases      ] GC(192)     Total                          Min: 0, Avg:  0.0, Max: 0, Diff: 0, Sum: 0, Workers: 4
[4222.993s][debug][gc,phases      ] GC(192)   StringTable Weak               Min:  0.0, Avg:  0.1, Max:  0.2, Diff:  0.2, Sum:  0.5, Workers: 4
[4222.993s][debug][gc,phases      ] GC(192)     Dead                           Min: 0, Avg:  0.0, Max: 0, Diff: 0, Sum: 0, Workers: 4
[4222.993s][debug][gc,phases      ] GC(192)     Total                          Min: 0, Avg: 11900.0, Max: 16049, Diff: 16049, Sum: 47600, Workers: 4
[4222.993s][debug][gc,phases      ] GC(192)   ResolvedMethodTable Weak       Min:  0.0, Avg:  0.0, Max:  0.1, Diff:  0.1, Sum:  0.2, Workers: 4
[4222.993s][debug][gc,phases      ] GC(192)     Dead                           Min: 0, Avg:  4.0, Max: 7, Diff: 7, Sum: 16, Workers: 4
[4222.993s][debug][gc,phases      ] GC(192)     Total                          Min: 0, Avg: 4015.0, Max: 5774, Diff: 5774, Sum: 16060, Workers: 4
[4222.993s][debug][gc,phases      ] GC(192)   JNI Weak                       Min:  0.0, Avg:  0.0, Max:  0.0, Diff:  0.0, Sum:  0.0, Workers: 4
[4222.993s][debug][gc,phases      ] GC(192)     Dead                           Min: 0, Avg:  0.0, Max: 0, Diff: 0, Sum: 0, Workers: 4
[4222.993s][debug][gc,phases      ] GC(192)     Total                          Min: 0, Avg: 13.0, Max: 52, Diff: 52, Sum: 52, Workers: 4
[4222.993s][debug][gc,phases      ] GC(192)   StringDedup Table Weak         Min:  0.0, Avg:  0.0, Max:  0.0, Diff:  0.0, Sum:  0.0, Workers: 4
[4222.993s][debug][gc,phases      ] GC(192)     Dead                           Min: 0, Avg:  0.0, Max: 0, Diff: 0, Sum: 0, Workers: 4
[4222.993s][debug][gc,phases      ] GC(192)     Total                          Min: 0, Avg:  0.0, Max: 0, Diff: 0, Sum: 0, Workers: 4
[4222.993s][debug][gc,phases      ] GC(192)   StringDedup Requests0 Weak     Min:  0.0, Avg:  0.0, Max:  0.0, Diff:  0.0, Sum:  0.0, Workers: 4
[4222.993s][debug][gc,phases      ] GC(192)     Dead                           Min: 0, Avg:  0.0, Max: 0, Diff: 0, Sum: 0, Workers: 4
[4222.993s][debug][gc,phases      ] GC(192)     Total                          Min: 0, Avg:  0.0, Max: 0, Diff: 0, Sum: 0, Workers: 4
[4222.993s][debug][gc,phases      ] GC(192)   StringDedup Requests1 Weak     Min:  0.0, Avg:  0.0, Max:  0.0, Diff:  0.0, Sum:  0.0, Workers: 4
[4222.993s][debug][gc,phases      ] GC(192)     Dead                           Min: 0, Avg:  0.0, Max: 0, Diff: 0, Sum: 0, Workers: 4
[4222.993s][debug][gc,phases      ] GC(192)     Total                          Min: 0, Avg:  0.0, Max: 0, Diff: 0, Sum: 0, Workers: 4
[4222.993s][debug][gc,phases      ] GC(192)   Weak JFR Old Object Samples    Min:  0.0, Avg:  0.0, Max:  0.0, Diff:  0.0, Sum:  0.0, Workers: 4
[4222.993s][debug][gc,phases      ] GC(192)     Dead                           Min: 0, Avg:  0.0, Max: 0, Diff: 0, Sum: 0, Workers: 4
[4222.993s][debug][gc,phases      ] GC(192)     Total                          Min: 0, Avg:  0.0, Max: 0, Diff: 0, Sum: 0, Workers: 4
[4222.993s][debug][gc,phases      ] GC(192) Weak Processing 0.398ms
[4222.993s][debug][gc,age         ] GC(192) Desired survivor size 49807360 bytes, new threshold 1 (max threshold 15)
[4222.993s][info ][gc,heap        ] GC(192) PSYoungGen: 2028416K(2048512K)->21920K(2047488K) Eden: 2000384K(2000384K)->0K(1999872K) From: 28032K(48128K)->21920K(47616K)
[4222.993s][info ][gc,heap        ] GC(192) ParOldGen: 2853046K(2853376K)->2877926K(2877952K)
[4222.993s][info ][gc,metaspace   ] GC(192) Metaspace: 111180K(112576K)->111180K(112576K) NonClass: 94617K(95424K)->94617K(95424K) Class: 16563K(17152K)->16563K(17152K)
[4222.993s][info ][gc             ] GC(192) Pause Young (Allocation Failure) 4767M->2831M(4810M) 29.665ms
[4222.993s][info ][gc,cpu         ] GC(192) User=0.08s Sys=0.01s Real=0.03s
[4222.993s][info ][safepoint      ] Safepoint "ParallelGCFailedAllocation", Time since last: 8851568267 ns, Reaching safepoint: 81901 ns, Cleanup: 3800 ns, At safepoint: 29755893 ns, Total: 29841594 ns
[4226.993s][info ][safepoint      ] Safepoint "Cleanup", Time since last: 4000323299 ns, Reaching safepoint: 80500 ns, Cleanup: 8400 ns, At safepoint: 5400 ns, Total: 94300 ns
[4231.994s][info ][safepoint      ] Safepoint "Cleanup", Time since last: 5000386169 ns, Reaching safepoint: 82701 ns, Cleanup: 10000 ns, At safepoint: 12500 ns, Total: 105201 ns
[4232.853s][info ][gc,start       ] GC(193) Pause Young (Allocation Failure)
[4232.882s][debug][gc,phases      ] GC(193) Scavenge 29.040ms
[4232.882s][debug][gc,ref         ] GC(193) ReferenceProcessor::execute queues: 1, RefProcThreadModel::Single, marks_oops_alive: false
[4232.882s][debug][gc,ref         ] GC(193) Skipped KeepAliveFinalRefsPhase of Reference Processing: no references
[4232.882s][debug][gc,ref         ] GC(193) ReferenceProcessor::execute queues: 1, RefProcThreadModel::Single, marks_oops_alive: false
[4232.882s][debug][gc,phases      ] GC(193) Reference Processing 0.133ms
[4232.882s][debug][gc,phases      ] GC(193)   VM Weak                        Min:  0.0, Avg:  0.0, Max:  0.0, Diff:  0.0, Sum:  0.0, Workers: 4
[4232.882s][debug][gc,phases      ] GC(193)     Dead                           Min: 0, Avg:  0.0, Max: 0, Diff: 0, Sum: 0, Workers: 4
[4232.882s][debug][gc,phases      ] GC(193)     Total                          Min: 0, Avg: 276.8, Max: 704, Diff: 704, Sum: 1107, Workers: 4
[4232.882s][debug][gc,phases      ] GC(193)   ObjectSynchronizer Weak        Min:  0.0, Avg:  0.0, Max:  0.0, Diff:  0.0, Sum:  0.0, Workers: 4
[4232.882s][debug][gc,phases      ] GC(193)     Dead                           Min: 0, Avg:  0.0, Max: 0, Diff: 0, Sum: 0, Workers: 4
[4232.882s][debug][gc,phases      ] GC(193)     Total                          Min: 0, Avg:  1.5, Max: 6, Diff: 6, Sum: 6, Workers: 4
[4232.882s][debug][gc,phases      ] GC(193)   JVMTI Tag Weak OopStorage      Min:  0.0, Avg:  0.0, Max:  0.0, Diff:  0.0, Sum:  0.0, Workers: 4
[4232.882s][debug][gc,phases      ] GC(193)     Dead                           Min: 0, Avg:  0.0, Max: 0, Diff: 0, Sum: 0, Workers: 4
[4232.882s][debug][gc,phases      ] GC(193)     Total                          Min: 0, Avg:  0.0, Max: 0, Diff: 0, Sum: 0, Workers: 4
[4232.882s][debug][gc,phases      ] GC(193)   StringTable Weak               Min:  0.0, Avg:  0.1, Max:  0.1, Diff:  0.1, Sum:  0.4, Workers: 4
[4232.882s][debug][gc,phases      ] GC(193)     Dead                           Min: 0, Avg:  0.0, Max: 0, Diff: 0, Sum: 0, Workers: 4
[4232.882s][debug][gc,phases      ] GC(193)     Total                          Min: 0, Avg: 11900.0, Max: 20480, Diff: 20480, Sum: 47600, Workers: 4
[4232.882s][debug][gc,phases      ] GC(193)   ResolvedMethodTable Weak       Min:  0.0, Avg:  0.0, Max:  0.0, Diff:  0.0, Sum:  0.1, Workers: 4
[4232.882s][debug][gc,phases      ] GC(193)     Dead                           Min: 0, Avg:  0.0, Max: 0, Diff: 0, Sum: 0, Workers: 4
[4232.882s][debug][gc,phases      ] GC(193)     Total                          Min: 0, Avg: 4015.0, Max: 6850, Diff: 6850, Sum: 16060, Workers: 4
[4232.882s][debug][gc,phases      ] GC(193)   JNI Weak                       Min:  0.0, Avg:  0.0, Max:  0.0, Diff:  0.0, Sum:  0.0, Workers: 4
[4232.882s][debug][gc,phases      ] GC(193)     Dead                           Min: 0, Avg:  0.0, Max: 0, Diff: 0, Sum: 0, Workers: 4
[4232.882s][debug][gc,phases      ] GC(193)     Total                          Min: 0, Avg: 13.0, Max: 52, Diff: 52, Sum: 52, Workers: 4
[4232.882s][debug][gc,phases      ] GC(193)   StringDedup Table Weak         Min:  0.0, Avg:  0.0, Max:  0.0, Diff:  0.0, Sum:  0.0, Workers: 4
[4232.882s][debug][gc,phases      ] GC(193)     Dead                           Min: 0, Avg:  0.0, Max: 0, Diff: 0, Sum: 0, Workers: 4
[4232.882s][debug][gc,phases      ] GC(193)     Total                          Min: 0, Avg:  0.0, Max: 0, Diff: 0, Sum: 0, Workers: 4
[4232.882s][debug][gc,phases      ] GC(193)   StringDedup Requests0 Weak     Min:  0.0, Avg:  0.0, Max:  0.0, Diff:  0.0, Sum:  0.0, Workers: 4
[4232.882s][debug][gc,phases      ] GC(193)     Dead                           Min: 0, Avg:  0.0, Max: 0, Diff: 0, Sum: 0, Workers: 4
[4232.882s][debug][gc,phases      ] GC(193)     Total                          Min: 0, Avg:  0.0, Max: 0, Diff: 0, Sum: 0, Workers: 4
[4232.882s][debug][gc,phases      ] GC(193)   StringDedup Requests1 Weak     Min:  0.0, Avg:  0.0, Max:  0.0, Diff:  0.0, Sum:  0.0, Workers: 4
[4232.882s][debug][gc,phases      ] GC(193)     Dead                           Min: 0, Avg:  0.0, Max: 0, Diff: 0, Sum: 0, Workers: 4
[4232.882s][debug][gc,phases      ] GC(193)     Total                          Min: 0, Avg:  0.0, Max: 0, Diff: 0, Sum: 0, Workers: 4
[4232.882s][debug][gc,phases      ] GC(193)   Weak JFR Old Object Samples    Min:  0.0, Avg:  0.0, Max:  0.0, Diff:  0.0, Sum:  0.0, Workers: 4
[4232.882s][debug][gc,phases      ] GC(193)     Dead                           Min: 0, Avg:  0.0, Max: 0, Diff: 0, Sum: 0, Workers: 4
[4232.882s][debug][gc,phases      ] GC(193)     Total                          Min: 0, Avg:  0.0, Max: 0, Diff: 0, Sum: 0, Workers: 4
[4232.882s][debug][gc,phases      ] GC(193) Weak Processing 0.346ms
[4232.882s][debug][gc,age         ] GC(193) Desired survivor size 50855936 bytes, new threshold 1 (max threshold 15)
[4232.882s][info ][gc,heap        ] GC(193) PSYoungGen: 2021792K(2047488K)->40192K(2040320K) Eden: 1999872K(1999872K)->0K(1999872K) From: 21920K(47616K)->40192K(40448K)
[4232.882s][info ][gc,heap        ] GC(193) ParOldGen: 2877926K(2877952K)->2895352K(2895360K)
[4232.882s][info ][gc,metaspace   ] GC(193) Metaspace: 111185K(112576K)->111185K(112576K) NonClass: 94622K(95424K)->94622K(95424K) Class: 16563K(17152K)->16563K(17152K)
[4232.882s][info ][gc             ] GC(193) Pause Young (Allocation Failure) 4784M->2866M(4820M) 29.646ms
[4232.882s][info ][gc,cpu         ] GC(193) User=0.09s Sys=0.01s Real=0.03s
[4232.883s][info ][safepoint      ] Safepoint "ParallelGCFailedAllocation", Time since last: 858674539 ns, Reaching safepoint: 87900 ns, Cleanup: 10300 ns, At safepoint: 29866493 ns, Total: 29964693 ns
[4233.883s][info ][safepoint      ] Safepoint "Cleanup", Time since last: 1000088851 ns, Reaching safepoint: 5500 ns, Cleanup: 8200 ns, At safepoint: 2000 ns, Total: 15700 ns
[4239.971s][info ][safepoint      ] Safepoint "ParallelGCFailedAllocation", Time since last: 6088658988 ns, Reaching safepoint: 84200 ns, Cleanup: 3400 ns, At safepoint: 15100 ns, Total: 102700 ns
[4239.972s][info ][gc,start       ] GC(194) Pause Young (GCLocker Initiated GC)
[4240.006s][debug][gc,phases      ] GC(194) Scavenge 33.671ms
[4240.006s][debug][gc,ref         ] GC(194) Skipped SoftWeakFinalRefsPhase of Reference Processing: no references
[4240.006s][debug][gc,ref         ] GC(194) Skipped KeepAliveFinalRefsPhase of Reference Processing: no references
[4240.006s][debug][gc,ref         ] GC(194) ReferenceProcessor::execute queues: 1, RefProcThreadModel::Single, marks_oops_alive: false
[4240.006s][debug][gc,phases      ] GC(194) Reference Processing 0.091ms
[4240.006s][debug][gc,phases      ] GC(194)   VM Weak                        Min:  0.0, Avg:  0.0, Max:  0.0, Diff:  0.0, Sum:  0.0, Workers: 4
[4240.006s][debug][gc,phases      ] GC(194)     Dead                           Min: 0, Avg:  0.0, Max: 0, Diff: 0, Sum: 0, Workers: 4
[4240.006s][debug][gc,phases      ] GC(194)     Total                          Min: 0, Avg: 276.8, Max: 915, Diff: 915, Sum: 1107, Workers: 4
[4240.006s][debug][gc,phases      ] GC(194)   ObjectSynchronizer Weak        Min:  0.0, Avg:  0.0, Max:  0.0, Diff:  0.0, Sum:  0.0, Workers: 4
[4240.006s][debug][gc,phases      ] GC(194)     Dead                           Min: 0, Avg:  0.0, Max: 0, Diff: 0, Sum: 0, Workers: 4
[4240.006s][debug][gc,phases      ] GC(194)     Total                          Min: 0, Avg:  1.5, Max: 6, Diff: 6, Sum: 6, Workers: 4
[4240.006s][debug][gc,phases      ] GC(194)   JVMTI Tag Weak OopStorage      Min:  0.0, Avg:  0.0, Max:  0.0, Diff:  0.0, Sum:  0.0, Workers: 4
[4240.006s][debug][gc,phases      ] GC(194)     Dead                           Min: 0, Avg:  0.0, Max: 0, Diff: 0, Sum: 0, Workers: 4
[4240.006s][debug][gc,phases      ] GC(194)     Total                          Min: 0, Avg:  0.0, Max: 0, Diff: 0, Sum: 0, Workers: 4
[4240.006s][debug][gc,phases      ] GC(194)   StringTable Weak               Min:  0.0, Avg:  0.1, Max:  0.1, Diff:  0.1, Sum:  0.4, Workers: 4
[4240.006s][debug][gc,phases      ] GC(194)     Dead                           Min: 0, Avg:  0.0, Max: 0, Diff: 0, Sum: 0, Workers: 4
[4240.006s][debug][gc,phases      ] GC(194)     Total                          Min: 0, Avg: 11900.0, Max: 20273, Diff: 20273, Sum: 47600, Workers: 4
[4240.006s][debug][gc,phases      ] GC(194)   ResolvedMethodTable Weak       Min:  0.0, Avg:  0.0, Max:  0.0, Diff:  0.0, Sum:  0.1, Workers: 4
[4240.006s][debug][gc,phases      ] GC(194)     Dead                           Min: 0, Avg:  0.0, Max: 0, Diff: 0, Sum: 0, Workers: 4
[4240.006s][debug][gc,phases      ] GC(194)     Total                          Min: 0, Avg: 4015.0, Max: 6932, Diff: 6932, Sum: 16060, Workers: 4
[4240.006s][debug][gc,phases      ] GC(194)   JNI Weak                       Min:  0.0, Avg:  0.0, Max:  0.0, Diff:  0.0, Sum:  0.0, Workers: 4
[4240.006s][debug][gc,phases      ] GC(194)     Dead                           Min: 0, Avg:  0.0, Max: 0, Diff: 0, Sum: 0, Workers: 4
[4240.006s][debug][gc,phases      ] GC(194)     Total                          Min: 0, Avg: 13.0, Max: 52, Diff: 52, Sum: 52, Workers: 4
[4240.006s][debug][gc,phases      ] GC(194)   StringDedup Table Weak         Min:  0.0, Avg:  0.0, Max:  0.0, Diff:  0.0, Sum:  0.0, Workers: 4
[4240.006s][debug][gc,phases      ] GC(194)     Dead                           Min: 0, Avg:  0.0, Max: 0, Diff: 0, Sum: 0, Workers: 4
[4240.006s][debug][gc,phases      ] GC(194)     Total                          Min: 0, Avg:  0.0, Max: 0, Diff: 0, Sum: 0, Workers: 4
[4240.006s][debug][gc,phases      ] GC(194)   StringDedup Requests0 Weak     Min:  0.0, Avg:  0.0, Max:  0.0, Diff:  0.0, Sum:  0.0, Workers: 4
[4240.006s][debug][gc,phases      ] GC(194)     Dead                           Min: 0, Avg:  0.0, Max: 0, Diff: 0, Sum: 0, Workers: 4
[4240.006s][debug][gc,phases      ] GC(194)     Total                          Min: 0, Avg:  0.0, Max: 0, Diff: 0, Sum: 0, Workers: 4
[4240.006s][debug][gc,phases      ] GC(194)   StringDedup Requests1 Weak     Min:  0.0, Avg:  0.0, Max:  0.0, Diff:  0.0, Sum:  0.0, Workers: 4
[4240.006s][debug][gc,phases      ] GC(194)     Dead                           Min: 0, Avg:  0.0, Max: 0, Diff: 0, Sum: 0, Workers: 4
[4240.006s][debug][gc,phases      ] GC(194)     Total                          Min: 0, Avg:  0.0, Max: 0, Diff: 0, Sum: 0, Workers: 4
[4240.006s][debug][gc,phases      ] GC(194)   Weak JFR Old Object Samples    Min:  0.0, Avg:  0.0, Max:  0.0, Diff:  0.0, Sum:  0.0, Workers: 4
[4240.006s][debug][gc,phases      ] GC(194)     Dead                           Min: 0, Avg:  0.0, Max: 0, Diff: 0, Sum: 0, Workers: 4
[4240.006s][debug][gc,phases      ] GC(194)     Total                          Min: 0, Avg:  0.0, Max: 0, Diff: 0, Sum: 0, Workers: 4
[4240.006s][debug][gc,phases      ] GC(194) Weak Processing 0.363ms
[4240.006s][debug][gc,age         ] GC(194) Desired survivor size 51904512 bytes, new threshold 1 (max threshold 15)
[4240.006s][info ][gc,heap        ] GC(194) PSYoungGen: 2040064K(2040320K)->39659K(2045440K) Eden: 1999872K(1999872K)->0K(1995776K) From: 40192K(40448K)->39659K(49664K)
[4240.006s][info ][gc,heap        ] GC(194) ParOldGen: 2895431K(2895872K)->2930868K(2931200K)
[4240.006s][info ][gc,metaspace   ] GC(194) Metaspace: 111192K(112640K)->111192K(112640K) NonClass: 94629K(95488K)->94629K(95488K) Class: 16563K(17152K)->16563K(17152K)
[4240.006s][info ][gc             ] GC(194) Pause Young (GCLocker Initiated GC) 4819M->2900M(4860M) 34.227ms
[4240.006s][info ][gc,cpu         ] GC(194) User=0.10s Sys=0.02s Real=0.03s
[4240.006s][info ][safepoint      ] Safepoint "ParallelGCSystemGC", Time since last: 507404 ns, Reaching safepoint: 77200 ns, Cleanup: 1700 ns, At safepoint: 34300223 ns, Total: 34379123 ns
[4241.006s][info ][safepoint      ] Safepoint "Cleanup", Time since last: 1000090685 ns, Reaching safepoint: 5201 ns, Cleanup: 9900 ns, At safepoint: 2100 ns, Total: 17201 ns
[4242.007s][info ][safepoint      ] Safepoint "Cleanup", Time since last: 1000089185 ns, Reaching safepoint: 78301 ns, Cleanup: 8300 ns, At safepoint: 5800 ns, Total: 92401 ns
[4246.038s][info ][gc,start       ] GC(195) Pause Young (Allocation Failure)
[4246.077s][debug][gc,phases      ] GC(195) Scavenge 38.952ms
[4246.077s][debug][gc,ref         ] GC(195) ReferenceProcessor::execute queues: 1, RefProcThreadModel::Single, marks_oops_alive: false
[4246.077s][debug][gc,ref         ] GC(195) Skipped KeepAliveFinalRefsPhase of Reference Processing: no references
[4246.077s][debug][gc,ref         ] GC(195) ReferenceProcessor::execute queues: 1, RefProcThreadModel::Single, marks_oops_alive: false
[4246.077s][debug][gc,phases      ] GC(195) Reference Processing 0.104ms
[4246.077s][debug][gc,phases      ] GC(195)   VM Weak                        Min:  0.0, Avg:  0.0, Max:  0.0, Diff:  0.0, Sum:  0.0, Workers: 4
[4246.077s][debug][gc,phases      ] GC(195)     Dead                           Min: 0, Avg:  0.0, Max: 0, Diff: 0, Sum: 0, Workers: 4
[4246.077s][debug][gc,phases      ] GC(195)     Total                          Min: 0, Avg: 276.8, Max: 595, Diff: 595, Sum: 1107, Workers: 4
[4246.077s][debug][gc,phases      ] GC(195)   ObjectSynchronizer Weak        Min:  0.0, Avg:  0.0, Max:  0.0, Diff:  0.0, Sum:  0.0, Workers: 4
[4246.077s][debug][gc,phases      ] GC(195)     Dead                           Min: 0, Avg:  0.0, Max: 0, Diff: 0, Sum: 0, Workers: 4
[4246.077s][debug][gc,phases      ] GC(195)     Total                          Min: 0, Avg:  1.5, Max: 6, Diff: 6, Sum: 6, Workers: 4
[4246.077s][debug][gc,phases      ] GC(195)   JVMTI Tag Weak OopStorage      Min:  0.0, Avg:  0.0, Max:  0.0, Diff:  0.0, Sum:  0.0, Workers: 4
[4246.077s][debug][gc,phases      ] GC(195)     Dead                           Min: 0, Avg:  0.0, Max: 0, Diff: 0, Sum: 0, Workers: 4
[4246.077s][debug][gc,phases      ] GC(195)     Total                          Min: 0, Avg:  0.0, Max: 0, Diff: 0, Sum: 0, Workers: 4
[4246.077s][debug][gc,phases      ] GC(195)   StringTable Weak               Min:  0.0, Avg:  0.1, Max:  0.1, Diff:  0.1, Sum:  0.4, Workers: 4
[4246.077s][debug][gc,phases      ] GC(195)     Dead                           Min: 0, Avg:  0.2, Max: 1, Diff: 1, Sum: 1, Workers: 4
[4246.077s][debug][gc,phases      ] GC(195)     Total                          Min: 0, Avg: 11902.5, Max: 20863, Diff: 20863, Sum: 47610, Workers: 4
[4246.077s][debug][gc,phases      ] GC(195)   ResolvedMethodTable Weak       Min:  0.0, Avg:  0.0, Max:  0.0, Diff:  0.0, Sum:  0.1, Workers: 4
[4246.077s][debug][gc,phases      ] GC(195)     Dead                           Min: 0, Avg:  5.5, Max: 11, Diff: 11, Sum: 22, Workers: 4
[4246.077s][debug][gc,phases      ] GC(195)     Total                          Min: 0, Avg: 4017.5, Max: 6940, Diff: 6940, Sum: 16070, Workers: 4
[4246.077s][debug][gc,phases      ] GC(195)   JNI Weak                       Min:  0.0, Avg:  0.0, Max:  0.0, Diff:  0.0, Sum:  0.0, Workers: 4
[4246.077s][debug][gc,phases      ] GC(195)     Dead                           Min: 0, Avg:  0.0, Max: 0, Diff: 0, Sum: 0, Workers: 4
[4246.077s][debug][gc,phases      ] GC(195)     Total                          Min: 0, Avg: 13.0, Max: 52, Diff: 52, Sum: 52, Workers: 4
[4246.077s][debug][gc,phases      ] GC(195)   StringDedup Table Weak         Min:  0.0, Avg:  0.0, Max:  0.0, Diff:  0.0, Sum:  0.0, Workers: 4
[4246.077s][debug][gc,phases      ] GC(195)     Dead                           Min: 0, Avg:  0.0, Max: 0, Diff: 0, Sum: 0, Workers: 4
[4246.077s][debug][gc,phases      ] GC(195)     Total                          Min: 0, Avg:  0.0, Max: 0, Diff: 0, Sum: 0, Workers: 4
[4246.077s][debug][gc,phases      ] GC(195)   StringDedup Requests0 Weak     Min:  0.0, Avg:  0.0, Max:  0.0, Diff:  0.0, Sum:  0.0, Workers: 4
[4246.078s][debug][gc,phases      ] GC(195)     Dead                           Min: 0, Avg:  0.0, Max: 0, Diff: 0, Sum: 0, Workers: 4
[4246.078s][debug][gc,phases      ] GC(195)     Total                          Min: 0, Avg:  0.0, Max: 0, Diff: 0, Sum: 0, Workers: 4
[4246.078s][debug][gc,phases      ] GC(195)   StringDedup Requests1 Weak     Min:  0.0, Avg:  0.0, Max:  0.0, Diff:  0.0, Sum:  0.0, Workers: 4
[4246.078s][debug][gc,phases      ] GC(195)     Dead                           Min: 0, Avg:  0.0, Max: 0, Diff: 0, Sum: 0, Workers: 4
[4246.078s][debug][gc,phases      ] GC(195)     Total                          Min: 0, Avg:  0.0, Max: 0, Diff: 0, Sum: 0, Workers: 4
[4246.078s][debug][gc,phases      ] GC(195)   Weak JFR Old Object Samples    Min:  0.0, Avg:  0.0, Max:  0.0, Diff:  0.0, Sum:  0.0, Workers: 4
[4246.078s][debug][gc,phases      ] GC(195)     Dead                           Min: 0, Avg:  0.0, Max: 0, Diff: 0, Sum: 0, Workers: 4
[4246.078s][debug][gc,phases      ] GC(195)     Total                          Min: 0, Avg:  0.0, Max: 0, Diff: 0, Sum: 0, Workers: 4
[4246.078s][debug][gc,phases      ] GC(195) Weak Processing 0.344ms
[4246.078s][debug][gc,age         ] GC(195) Desired survivor size 51904512 bytes, new threshold 1 (max threshold 15)
[4246.078s][info ][gc,heap        ] GC(195) PSYoungGen: 2035435K(2045440K)->38096K(2046464K) Eden: 1995776K(1995776K)->0K(1995776K) From: 39659K(49664K)->38096K(50688K)
[4246.078s][info ][gc,heap        ] GC(195) ParOldGen: 2930870K(2931200K)->2966142K(2966528K)
[4246.078s][info ][gc,metaspace   ] GC(195) Metaspace: 111224K(112640K)->111224K(112640K) NonClass: 94655K(95488K)->94655K(95488K) Class: 16568K(17152K)->16568K(17152K)
[4246.078s][info ][gc             ] GC(195) Pause Young (Allocation Failure) 4849M->2933M(4895M) 39.512ms
[4246.078s][info ][gc,cpu         ] GC(195) User=0.10s Sys=0.03s Real=0.04s
[4246.078s][info ][safepoint      ] Safepoint "ParallelGCFailedAllocation", Time since last: 4031400044 ns, Reaching safepoint: 81701 ns, Cleanup: 3200 ns, At safepoint: 39596257 ns, Total: 39681158 ns
[4247.078s][info ][safepoint      ] Safepoint "Cleanup", Time since last: 1000108585 ns, Reaching safepoint: 81801 ns, Cleanup: 9100 ns, At safepoint: 43100 ns, Total: 134001 ns
[4251.082s][info ][safepoint      ] Safepoint "Cleanup", Time since last: 4004425122 ns, Reaching safepoint: 83201 ns, Cleanup: 22700 ns, At safepoint: 13300 ns, Total: 119201 ns
[4251.981s][info ][gc,start       ] GC(196) Pause Young (Allocation Failure)
[4252.017s][debug][gc,phases      ] GC(196) Scavenge 36.625ms
[4252.017s][debug][gc,ref         ] GC(196) ReferenceProcessor::execute queues: 1, RefProcThreadModel::Single, marks_oops_alive: false
[4252.017s][debug][gc,ref         ] GC(196) Skipped KeepAliveFinalRefsPhase of Reference Processing: no references
[4252.017s][debug][gc,ref         ] GC(196) ReferenceProcessor::execute queues: 1, RefProcThreadModel::Single, marks_oops_alive: false
[4252.017s][debug][gc,phases      ] GC(196) Reference Processing 0.094ms
[4252.018s][debug][gc,phases      ] GC(196)   VM Weak                        Min:  0.0, Avg:  0.0, Max:  0.0, Diff:  0.0, Sum:  0.0, Workers: 4
[4252.018s][debug][gc,phases      ] GC(196)     Dead                           Min: 0, Avg:  0.0, Max: 0, Diff: 0, Sum: 0, Workers: 4
[4252.018s][debug][gc,phases      ] GC(196)     Total                          Min: 0, Avg: 277.0, Max: 768, Diff: 768, Sum: 1108, Workers: 4
[4252.018s][debug][gc,phases      ] GC(196)   ObjectSynchronizer Weak        Min:  0.0, Avg:  0.0, Max:  0.0, Diff:  0.0, Sum:  0.0, Workers: 4
[4252.018s][debug][gc,phases      ] GC(196)     Dead                           Min: 0, Avg:  0.0, Max: 0, Diff: 0, Sum: 0, Workers: 4
[4252.018s][debug][gc,phases      ] GC(196)     Total                          Min: 0, Avg:  1.8, Max: 7, Diff: 7, Sum: 7, Workers: 4
[4252.018s][debug][gc,phases      ] GC(196)   JVMTI Tag Weak OopStorage      Min:  0.0, Avg:  0.0, Max:  0.0, Diff:  0.0, Sum:  0.0, Workers: 4
[4252.018s][debug][gc,phases      ] GC(196)     Dead                           Min: 0, Avg:  0.0, Max: 0, Diff: 0, Sum: 0, Workers: 4
[4252.018s][debug][gc,phases      ] GC(196)     Total                          Min: 0, Avg:  0.0, Max: 0, Diff: 0, Sum: 0, Workers: 4
[4252.018s][debug][gc,phases      ] GC(196)   StringTable Weak               Min:  0.0, Avg:  0.1, Max:  0.2, Diff:  0.2, Sum:  0.5, Workers: 4
[4252.018s][debug][gc,phases      ] GC(196)     Dead                           Min: 0, Avg:  0.0, Max: 0, Diff: 0, Sum: 0, Workers: 4
[4252.018s][debug][gc,phases      ] GC(196)     Total                          Min: 0, Avg: 11903.2, Max: 23997, Diff: 23997, Sum: 47613, Workers: 4
[4252.018s][debug][gc,phases      ] GC(196)   ResolvedMethodTable Weak       Min:  0.0, Avg:  0.0, Max:  0.1, Diff:  0.1, Sum:  0.2, Workers: 4
[4252.018s][debug][gc,phases      ] GC(196)     Dead                           Min: 0, Avg:  0.0, Max: 0, Diff: 0, Sum: 0, Workers: 4
[4252.018s][debug][gc,phases      ] GC(196)     Total                          Min: 0, Avg: 4018.5, Max: 8435, Diff: 8435, Sum: 16074, Workers: 4
[4252.018s][debug][gc,phases      ] GC(196)   JNI Weak                       Min:  0.0, Avg:  0.0, Max:  0.0, Diff:  0.0, Sum:  0.0, Workers: 4
[4252.018s][debug][gc,phases      ] GC(196)     Dead                           Min: 0, Avg:  0.0, Max: 0, Diff: 0, Sum: 0, Workers: 4
[4252.018s][debug][gc,phases      ] GC(196)     Total                          Min: 0, Avg: 13.0, Max: 52, Diff: 52, Sum: 52, Workers: 4
[4252.018s][debug][gc,phases      ] GC(196)   StringDedup Table Weak         Min:  0.0, Avg:  0.0, Max:  0.0, Diff:  0.0, Sum:  0.0, Workers: 4
[4252.018s][debug][gc,phases      ] GC(196)     Dead                           Min: 0, Avg:  0.0, Max: 0, Diff: 0, Sum: 0, Workers: 4
[4252.018s][debug][gc,phases      ] GC(196)     Total                          Min: 0, Avg:  0.0, Max: 0, Diff: 0, Sum: 0, Workers: 4
[4252.018s][debug][gc,phases      ] GC(196)   StringDedup Requests0 Weak     Min:  0.0, Avg:  0.0, Max:  0.0, Diff:  0.0, Sum:  0.0, Workers: 4
[4252.018s][debug][gc,phases      ] GC(196)     Dead                           Min: 0, Avg:  0.0, Max: 0, Diff: 0, Sum: 0, Workers: 4
[4252.018s][debug][gc,phases      ] GC(196)     Total                          Min: 0, Avg:  0.0, Max: 0, Diff: 0, Sum: 0, Workers: 4
[4252.018s][debug][gc,phases      ] GC(196)   StringDedup Requests1 Weak     Min:  0.0, Avg:  0.0, Max:  0.0, Diff:  0.0, Sum:  0.0, Workers: 4
[4252.018s][debug][gc,phases      ] GC(196)     Dead                           Min: 0, Avg:  0.0, Max: 0, Diff: 0, Sum: 0, Workers: 4
[4252.018s][debug][gc,phases      ] GC(196)     Total                          Min: 0, Avg:  0.0, Max: 0, Diff: 0, Sum: 0, Workers: 4
[4252.018s][debug][gc,phases      ] GC(196)   Weak JFR Old Object Samples    Min:  0.0, Avg:  0.0, Max:  0.0, Diff:  0.0, Sum:  0.0, Workers: 4
[4252.018s][debug][gc,phases      ] GC(196)     Dead                           Min: 0, Avg:  0.0, Max: 0, Diff: 0, Sum: 0, Workers: 4
[4252.018s][debug][gc,phases      ] GC(196)     Total                          Min: 0, Avg:  0.0, Max: 0, Diff: 0, Sum: 0, Workers: 4
[4252.018s][debug][gc,phases      ] GC(196) Weak Processing 0.496ms
[4252.018s][debug][gc,age         ] GC(196) Desired survivor size 52953088 bytes, new threshold 1 (max threshold 15)
[4252.018s][info ][gc,heap        ] GC(196) PSYoungGen: 2033872K(2046464K)->41456K(2044416K) Eden: 1995776K(1995776K)->0K(1993728K) From: 38096K(50688K)->41456K(50688K)
[4252.018s][info ][gc,heap        ] GC(196) ParOldGen: 2966142K(2966528K)->3000924K(3001344K)
[4252.018s][info ][gc,metaspace   ] GC(196) Metaspace: 111233K(112704K)->111233K(112704K) NonClass: 94663K(95488K)->94663K(95488K) Class: 16569K(17216K)->16569K(17216K)
[4252.018s][info ][gc             ] GC(196) Pause Young (Allocation Failure) 4882M->2971M(4927M) 37.337ms
[4252.018s][info ][gc,cpu         ] GC(196) User=0.10s Sys=0.03s Real=0.03s
[4252.021s][info ][safepoint      ] Safepoint "ParallelGCFailedAllocation", Time since last: 898060738 ns, Reaching safepoint: 77600 ns, Cleanup: 3500 ns, At safepoint: 40053761 ns, Total: 40134861 ns
[4253.021s][info ][safepoint      ] Safepoint "Cleanup", Time since last: 1000105401 ns, Reaching safepoint: 78200 ns, Cleanup: 17800 ns, At safepoint: 5600 ns, Total: 101600 ns
[4254.021s][info ][safepoint      ] Safepoint "Cleanup", Time since last: 1000107201 ns, Reaching safepoint: 76701 ns, Cleanup: 20700 ns, At safepoint: 5300 ns, Total: 102701 ns
[4255.021s][info ][safepoint      ] Safepoint "Cleanup", Time since last: 1000101701 ns, Reaching safepoint: 178001 ns, Cleanup: 11700 ns, At safepoint: 25300 ns, Total: 215001 ns
[4256.023s][info ][safepoint      ] Safepoint "Cleanup", Time since last: 1001814858 ns, Reaching safepoint: 85401 ns, Cleanup: 9400 ns, At safepoint: 19000 ns, Total: 113801 ns
[4257.026s][info ][safepoint      ] Safepoint "Cleanup", Time since last: 1001703144 ns, Reaching safepoint: 89700 ns, Cleanup: 8901 ns, At safepoint: 1399709 ns, Total: 1498310 ns
[4257.596s][info ][gc,start       ] GC(197) Pause Young (Allocation Failure)
[4257.631s][debug][gc,phases      ] GC(197) Scavenge 34.784ms
[4257.631s][debug][gc,ref         ] GC(197) Skipped SoftWeakFinalRefsPhase of Reference Processing: no references
[4257.631s][debug][gc,ref         ] GC(197) Skipped KeepAliveFinalRefsPhase of Reference Processing: no references
[4257.631s][debug][gc,ref         ] GC(197) Skipped PhantomRefsPhase of Reference Processing: no references
[4257.631s][debug][gc,phases      ] GC(197) Reference Processing 0.018ms
[4257.631s][debug][gc,phases      ] GC(197)   VM Weak                        Min:  0.0, Avg:  0.0, Max:  0.0, Diff:  0.0, Sum:  0.0, Workers: 4
[4257.631s][debug][gc,phases      ] GC(197)     Dead                           Min: 0, Avg:  0.0, Max: 0, Diff: 0, Sum: 0, Workers: 4
[4257.631s][debug][gc,phases      ] GC(197)     Total                          Min: 0, Avg: 277.0, Max: 576, Diff: 576, Sum: 1108, Workers: 4
[4257.631s][debug][gc,phases      ] GC(197)   ObjectSynchronizer Weak        Min:  0.0, Avg:  0.0, Max:  0.0, Diff:  0.0, Sum:  0.0, Workers: 4
[4257.631s][debug][gc,phases      ] GC(197)     Dead                           Min: 0, Avg:  0.0, Max: 0, Diff: 0, Sum: 0, Workers: 4
[4257.631s][debug][gc,phases      ] GC(197)     Total                          Min: 0, Avg:  1.8, Max: 7, Diff: 7, Sum: 7, Workers: 4
[4257.631s][debug][gc,phases      ] GC(197)   JVMTI Tag Weak OopStorage      Min:  0.0, Avg:  0.0, Max:  0.0, Diff:  0.0, Sum:  0.0, Workers: 4
[4257.631s][debug][gc,phases      ] GC(197)     Dead                           Min: 0, Avg:  0.0, Max: 0, Diff: 0, Sum: 0, Workers: 4
[4257.631s][debug][gc,phases      ] GC(197)     Total                          Min: 0, Avg:  0.0, Max: 0, Diff: 0, Sum: 0, Workers: 4
[4257.631s][debug][gc,phases      ] GC(197)   StringTable Weak               Min:  0.0, Avg:  0.1, Max:  0.1, Diff:  0.1, Sum:  0.4, Workers: 4
[4257.631s][debug][gc,phases      ] GC(197)     Dead                           Min: 0, Avg:  0.0, Max: 0, Diff: 0, Sum: 0, Workers: 4
[4257.631s][debug][gc,phases      ] GC(197)     Total                          Min: 0, Avg: 11903.2, Max: 20542, Diff: 20542, Sum: 47613, Workers: 4
[4257.631s][debug][gc,phases      ] GC(197)   ResolvedMethodTable Weak       Min:  0.0, Avg:  0.0, Max:  0.0, Diff:  0.0, Sum:  0.1, Workers: 4
[4257.631s][debug][gc,phases      ] GC(197)     Dead                           Min: 0, Avg:  0.0, Max: 0, Diff: 0, Sum: 0, Workers: 4
[4257.631s][debug][gc,phases      ] GC(197)     Total                          Min: 0, Avg: 4018.5, Max: 6907, Diff: 6907, Sum: 16074, Workers: 4
[4257.631s][debug][gc,phases      ] GC(197)   JNI Weak                       Min:  0.0, Avg:  0.0, Max:  0.0, Diff:  0.0, Sum:  0.0, Workers: 4
[4257.631s][debug][gc,phases      ] GC(197)     Dead                           Min: 0, Avg:  0.0, Max: 0, Diff: 0, Sum: 0, Workers: 4
[4257.631s][debug][gc,phases      ] GC(197)     Total                          Min: 0, Avg: 13.0, Max: 52, Diff: 52, Sum: 52, Workers: 4
[4257.631s][debug][gc,phases      ] GC(197)   StringDedup Table Weak         Min:  0.0, Avg:  0.0, Max:  0.0, Diff:  0.0, Sum:  0.0, Workers: 4
[4257.631s][debug][gc,phases      ] GC(197)     Dead                           Min: 0, Avg:  0.0, Max: 0, Diff: 0, Sum: 0, Workers: 4
[4257.631s][debug][gc,phases      ] GC(197)     Total                          Min: 0, Avg:  0.0, Max: 0, Diff: 0, Sum: 0, Workers: 4
[4257.631s][debug][gc,phases      ] GC(197)   StringDedup Requests0 Weak     Min:  0.0, Avg:  0.0, Max:  0.0, Diff:  0.0, Sum:  0.0, Workers: 4
[4257.631s][debug][gc,phases      ] GC(197)     Dead                           Min: 0, Avg:  0.0, Max: 0, Diff: 0, Sum: 0, Workers: 4
[4257.631s][debug][gc,phases      ] GC(197)     Total                          Min: 0, Avg:  0.0, Max: 0, Diff: 0, Sum: 0, Workers: 4
[4257.631s][debug][gc,phases      ] GC(197)   StringDedup Requests1 Weak     Min:  0.0, Avg:  0.0, Max:  0.0, Diff:  0.0, Sum:  0.0, Workers: 4
[4257.631s][debug][gc,phases      ] GC(197)     Dead                           Min: 0, Avg:  0.0, Max: 0, Diff: 0, Sum: 0, Workers: 4
[4257.631s][debug][gc,phases      ] GC(197)     Total                          Min: 0, Avg:  0.0, Max: 0, Diff: 0, Sum: 0, Workers: 4
[4257.631s][debug][gc,phases      ] GC(197)   Weak JFR Old Object Samples    Min:  0.0, Avg:  0.0, Max:  0.0, Diff:  0.0, Sum:  0.0, Workers: 4
[4257.631s][debug][gc,phases      ] GC(197)     Dead                           Min: 0, Avg:  0.0, Max: 0, Diff: 0, Sum: 0, Workers: 4
[4257.631s][debug][gc,phases      ] GC(197)     Total                          Min: 0, Avg:  0.0, Max: 0, Diff: 0, Sum: 0, Workers: 4
[4257.631s][debug][gc,phases      ] GC(197) Weak Processing 0.353ms
[4257.631s][debug][gc,age         ] GC(197) Desired survivor size 51904512 bytes, new threshold 1 (max threshold 15)
[4257.631s][info ][gc,heap        ] GC(197) PSYoungGen: 2035184K(2044416K)->36960K(2045440K) Eden: 1993728K(1993728K)->0K(1993728K) From: 41456K(50688K)->36960K(51712K)
[4257.631s][info ][gc,heap        ] GC(197) ParOldGen: 3000924K(3001344K)->3037797K(3038208K)
[4257.631s][info ][gc,metaspace   ] GC(197) Metaspace: 111238K(112704K)->111238K(112704K) NonClass: 94668K(95488K)->94668K(95488K) Class: 16569K(17216K)->16569K(17216K)
[4257.631s][info ][gc             ] GC(197) Pause Young (Allocation Failure) 4918M->3002M(4964M) 35.267ms
[4257.631s][info ][gc,cpu         ] GC(197) User=0.12s Sys=0.02s Real=0.04s
[4257.631s][info ][safepoint      ] Safepoint "ParallelGCFailedAllocation", Time since last: 569670392 ns, Reaching safepoint: 5600 ns, Cleanup: 3600 ns, At safepoint: 35342642 ns, Total: 35351842 ns
[4258.632s][info ][safepoint      ] Safepoint "Cleanup", Time since last: 1000094332 ns, Reaching safepoint: 77701 ns, Cleanup: 16400 ns, At safepoint: 6500 ns, Total: 100601 ns
[4261.632s][info ][safepoint      ] Safepoint "Cleanup", Time since last: 3000241598 ns, Reaching safepoint: 6000 ns, Cleanup: 14000 ns, At safepoint: 2600 ns, Total: 22600 ns
[4263.349s][info ][gc,start       ] GC(198) Pause Young (Allocation Failure)
[4263.385s][debug][gc,phases      ] GC(198) Scavenge 36.048ms
[4263.385s][debug][gc,ref         ] GC(198) ReferenceProcessor::execute queues: 1, RefProcThreadModel::Single, marks_oops_alive: false
[4263.385s][debug][gc,ref         ] GC(198) Skipped KeepAliveFinalRefsPhase of Reference Processing: no references
[4263.385s][debug][gc,ref         ] GC(198) Skipped PhantomRefsPhase of Reference Processing: no references
[4263.385s][debug][gc,phases      ] GC(198) Reference Processing 0.119ms
[4263.385s][debug][gc,phases      ] GC(198)   VM Weak                        Min:  0.0, Avg:  0.0, Max:  0.0, Diff:  0.0, Sum:  0.0, Workers: 4
[4263.385s][debug][gc,phases      ] GC(198)     Dead                           Min: 0, Avg:  0.0, Max: 0, Diff: 0, Sum: 0, Workers: 4
[4263.385s][debug][gc,phases      ] GC(198)     Total                          Min: 0, Avg: 277.0, Max: 576, Diff: 576, Sum: 1108, Workers: 4
[4263.385s][debug][gc,phases      ] GC(198)   ObjectSynchronizer Weak        Min:  0.0, Avg:  0.0, Max:  0.0, Diff:  0.0, Sum:  0.0, Workers: 4
[4263.385s][debug][gc,phases      ] GC(198)     Dead                           Min: 0, Avg:  0.0, Max: 0, Diff: 0, Sum: 0, Workers: 4
[4263.385s][debug][gc,phases      ] GC(198)     Total                          Min: 0, Avg:  1.0, Max: 4, Diff: 4, Sum: 4, Workers: 4
[4263.385s][debug][gc,phases      ] GC(198)   JVMTI Tag Weak OopStorage      Min:  0.0, Avg:  0.0, Max:  0.0, Diff:  0.0, Sum:  0.0, Workers: 4
[4263.385s][debug][gc,phases      ] GC(198)     Dead                           Min: 0, Avg:  0.0, Max: 0, Diff: 0, Sum: 0, Workers: 4
[4263.385s][debug][gc,phases      ] GC(198)     Total                          Min: 0, Avg:  0.0, Max: 0, Diff: 0, Sum: 0, Workers: 4
[4263.385s][debug][gc,phases      ] GC(198)   StringTable Weak               Min:  0.0, Avg:  0.1, Max:  0.1, Diff:  0.1, Sum:  0.4, Workers: 4
[4263.385s][debug][gc,phases      ] GC(198)     Dead                           Min: 0, Avg:  0.0, Max: 0, Diff: 0, Sum: 0, Workers: 4
[4263.385s][debug][gc,phases      ] GC(198)     Total                          Min: 0, Avg: 11903.2, Max: 20733, Diff: 20733, Sum: 47613, Workers: 4
[4263.385s][debug][gc,phases      ] GC(198)   ResolvedMethodTable Weak       Min:  0.0, Avg:  0.0, Max:  0.0, Diff:  0.0, Sum:  0.1, Workers: 4
[4263.385s][debug][gc,phases      ] GC(198)     Dead                           Min: 0, Avg:  0.0, Max: 0, Diff: 0, Sum: 0, Workers: 4
[4263.385s][debug][gc,phases      ] GC(198)     Total                          Min: 0, Avg: 4018.5, Max: 6765, Diff: 6765, Sum: 16074, Workers: 4
[4263.385s][debug][gc,phases      ] GC(198)   JNI Weak                       Min:  0.0, Avg:  0.0, Max:  0.0, Diff:  0.0, Sum:  0.0, Workers: 4
[4263.385s][debug][gc,phases      ] GC(198)     Dead                           Min: 0, Avg:  0.0, Max: 0, Diff: 0, Sum: 0, Workers: 4
[4263.385s][debug][gc,phases      ] GC(198)     Total                          Min: 0, Avg: 13.0, Max: 52, Diff: 52, Sum: 52, Workers: 4
[4263.385s][debug][gc,phases      ] GC(198)   StringDedup Table Weak         Min:  0.0, Avg:  0.0, Max:  0.0, Diff:  0.0, Sum:  0.0, Workers: 4
[4263.385s][debug][gc,phases      ] GC(198)     Dead                           Min: 0, Avg:  0.0, Max: 0, Diff: 0, Sum: 0, Workers: 4
[4263.385s][debug][gc,phases      ] GC(198)     Total                          Min: 0, Avg:  0.0, Max: 0, Diff: 0, Sum: 0, Workers: 4
[4263.385s][debug][gc,phases      ] GC(198)   StringDedup Requests0 Weak     Min:  0.0, Avg:  0.0, Max:  0.0, Diff:  0.0, Sum:  0.0, Workers: 4
[4263.385s][debug][gc,phases      ] GC(198)     Dead                           Min: 0, Avg:  0.0, Max: 0, Diff: 0, Sum: 0, Workers: 4
[4263.385s][debug][gc,phases      ] GC(198)     Total                          Min: 0, Avg:  0.0, Max: 0, Diff: 0, Sum: 0, Workers: 4
[4263.385s][debug][gc,phases      ] GC(198)   StringDedup Requests1 Weak     Min:  0.0, Avg:  0.0, Max:  0.0, Diff:  0.0, Sum:  0.0, Workers: 4
[4263.385s][debug][gc,phases      ] GC(198)     Dead                           Min: 0, Avg:  0.0, Max: 0, Diff: 0, Sum: 0, Workers: 4
[4263.385s][debug][gc,phases      ] GC(198)     Total                          Min: 0, Avg:  0.0, Max: 0, Diff: 0, Sum: 0, Workers: 4
[4263.385s][debug][gc,phases      ] GC(198)   Weak JFR Old Object Samples    Min:  0.0, Avg:  0.0, Max:  0.0, Diff:  0.0, Sum:  0.0, Workers: 4
[4263.385s][debug][gc,phases      ] GC(198)     Dead                           Min: 0, Avg:  0.0, Max: 0, Diff: 0, Sum: 0, Workers: 4
[4263.385s][debug][gc,phases      ] GC(198)     Total                          Min: 0, Avg:  0.0, Max: 0, Diff: 0, Sum: 0, Workers: 4
[4263.385s][debug][gc,phases      ] GC(198) Weak Processing 0.364ms
[4263.385s][debug][gc,age         ] GC(198) Desired survivor size 50331648 bytes, new threshold 1 (max threshold 15)
[4263.385s][info ][gc,heap        ] GC(198) PSYoungGen: 2030688K(2045440K)->35264K(2048000K) Eden: 1993728K(1993728K)->0K(1997312K) From: 36960K(51712K)->35264K(50688K)
[4263.385s][info ][gc,heap        ] GC(198) ParOldGen: 3037797K(3038208K)->3071877K(3072000K)
[4263.385s][info ][gc,metaspace   ] GC(198) Metaspace: 111248K(112704K)->111248K(112704K) NonClass: 94678K(95488K)->94678K(95488K) Class: 16569K(17216K)->16569K(17216K)
[4263.385s][info ][gc             ] GC(198) Pause Young (Allocation Failure) 4949M->3034M(5000M) 36.654ms
[4263.385s][info ][gc,cpu         ] GC(198) User=0.10s Sys=0.02s Real=0.04s
[4263.386s][info ][safepoint      ] Safepoint "ParallelGCFailedAllocation", Time since last: 1716606112 ns, Reaching safepoint: 85200 ns, Cleanup: 7900 ns, At safepoint: 36984141 ns, Total: 37077241 ns
[4264.386s][info ][safepoint      ] Safepoint "Cleanup", Time since last: 1000097012 ns, Reaching safepoint: 79800 ns, Cleanup: 8600 ns, At safepoint: 7500 ns, Total: 95900 ns
[4265.386s][info ][safepoint      ] Safepoint "Cleanup", Time since last: 1000109411 ns, Reaching safepoint: 75900 ns, Cleanup: 10900 ns, At safepoint: 7100 ns, Total: 93900 ns
[4268.386s][info ][safepoint      ] Safepoint "Cleanup", Time since last: 3000248332 ns, Reaching safepoint: 81700 ns, Cleanup: 12000 ns, At safepoint: 9000 ns, Total: 102700 ns
[4270.387s][info ][safepoint      ] Safepoint "Cleanup", Time since last: 2000178421 ns, Reaching safepoint: 80101 ns, Cleanup: 6500 ns, At safepoint: 11600 ns, Total: 98201 ns
[4271.482s][info ][safepoint      ] Safepoint "Cleanup", Time since last: 1095112129 ns, Reaching safepoint: 5400 ns, Cleanup: 18800 ns, At safepoint: 2800 ns, Total: 27000 ns
[4272.660s][info ][gc,start       ] GC(199) Pause Young (Allocation Failure)
[4272.695s][debug][gc,phases      ] GC(199) Scavenge 35.094ms
[4272.695s][debug][gc,ref         ] GC(199) Skipped SoftWeakFinalRefsPhase of Reference Processing: no references
[4272.695s][debug][gc,ref         ] GC(199) Skipped KeepAliveFinalRefsPhase of Reference Processing: no references
[4272.695s][debug][gc,ref         ] GC(199) ReferenceProcessor::execute queues: 1, RefProcThreadModel::Single, marks_oops_alive: false
[4272.695s][debug][gc,phases      ] GC(199) Reference Processing 0.089ms
[4272.696s][debug][gc,phases      ] GC(199)   VM Weak                        Min:  0.0, Avg:  0.0, Max:  0.0, Diff:  0.0, Sum:  0.0, Workers: 4
[4272.696s][debug][gc,phases      ] GC(199)     Dead                           Min: 0, Avg:  0.0, Max: 0, Diff: 0, Sum: 0, Workers: 4
[4272.696s][debug][gc,phases      ] GC(199)     Total                          Min: 0, Avg: 277.0, Max: 660, Diff: 660, Sum: 1108, Workers: 4
[4272.696s][debug][gc,phases      ] GC(199)   ObjectSynchronizer Weak        Min:  0.0, Avg:  0.0, Max:  0.0, Diff:  0.0, Sum:  0.0, Workers: 4
[4272.696s][debug][gc,phases      ] GC(199)     Dead                           Min: 0, Avg:  0.2, Max: 1, Diff: 1, Sum: 1, Workers: 4
[4272.696s][debug][gc,phases      ] GC(199)     Total                          Min: 0, Avg:  2.0, Max: 8, Diff: 8, Sum: 8, Workers: 4
[4272.696s][debug][gc,phases      ] GC(199)   JVMTI Tag Weak OopStorage      Min:  0.0, Avg:  0.0, Max:  0.0, Diff:  0.0, Sum:  0.0, Workers: 4
[4272.696s][debug][gc,phases      ] GC(199)     Dead                           Min: 0, Avg:  0.0, Max: 0, Diff: 0, Sum: 0, Workers: 4
[4272.696s][debug][gc,phases      ] GC(199)     Total                          Min: 0, Avg:  0.0, Max: 0, Diff: 0, Sum: 0, Workers: 4
[4272.696s][debug][gc,phases      ] GC(199)   StringTable Weak               Min:  0.0, Avg:  0.1, Max:  0.1, Diff:  0.1, Sum:  0.4, Workers: 4
[4272.696s][debug][gc,phases      ] GC(199)     Dead                           Min: 0, Avg:  0.0, Max: 0, Diff: 0, Sum: 0, Workers: 4
[4272.696s][debug][gc,phases      ] GC(199)     Total                          Min: 0, Avg: 11907.5, Max: 20480, Diff: 20480, Sum: 47630, Workers: 4
[4272.696s][debug][gc,phases      ] GC(199)   ResolvedMethodTable Weak       Min:  0.0, Avg:  0.0, Max:  0.0, Diff:  0.0, Sum:  0.1, Workers: 4
[4272.696s][debug][gc,phases      ] GC(199)     Dead                           Min: 0, Avg:  4.0, Max: 13, Diff: 13, Sum: 16, Workers: 4
[4272.696s][debug][gc,phases      ] GC(199)     Total                          Min: 0, Avg: 4018.5, Max: 6865, Diff: 6865, Sum: 16074, Workers: 4
[4272.696s][debug][gc,phases      ] GC(199)   JNI Weak                       Min:  0.0, Avg:  0.0, Max:  0.0, Diff:  0.0, Sum:  0.0, Workers: 4
[4272.696s][debug][gc,phases      ] GC(199)     Dead                           Min: 0, Avg:  0.0, Max: 0, Diff: 0, Sum: 0, Workers: 4
[4272.696s][debug][gc,phases      ] GC(199)     Total                          Min: 0, Avg: 13.5, Max: 54, Diff: 54, Sum: 54, Workers: 4
[4272.696s][debug][gc,phases      ] GC(199)   StringDedup Table Weak         Min:  0.0, Avg:  0.0, Max:  0.0, Diff:  0.0, Sum:  0.0, Workers: 4
[4272.696s][debug][gc,phases      ] GC(199)     Dead                           Min: 0, Avg:  0.0, Max: 0, Diff: 0, Sum: 0, Workers: 4
[4272.696s][debug][gc,phases      ] GC(199)     Total                          Min: 0, Avg:  0.0, Max: 0, Diff: 0, Sum: 0, Workers: 4
[4272.696s][debug][gc,phases      ] GC(199)   StringDedup Requests0 Weak     Min:  0.0, Avg:  0.0, Max:  0.0, Diff:  0.0, Sum:  0.0, Workers: 4
[4272.696s][debug][gc,phases      ] GC(199)     Dead                           Min: 0, Avg:  0.0, Max: 0, Diff: 0, Sum: 0, Workers: 4
[4272.696s][debug][gc,phases      ] GC(199)     Total                          Min: 0, Avg:  0.0, Max: 0, Diff: 0, Sum: 0, Workers: 4
[4272.696s][debug][gc,phases      ] GC(199)   StringDedup Requests1 Weak     Min:  0.0, Avg:  0.0, Max:  0.0, Diff:  0.0, Sum:  0.0, Workers: 4
[4272.696s][debug][gc,phases      ] GC(199)     Dead                           Min: 0, Avg:  0.0, Max: 0, Diff: 0, Sum: 0, Workers: 4
[4272.696s][debug][gc,phases      ] GC(199)     Total                          Min: 0, Avg:  0.0, Max: 0, Diff: 0, Sum: 0, Workers: 4
[4272.696s][debug][gc,phases      ] GC(199)   Weak JFR Old Object Samples    Min:  0.0, Avg:  0.0, Max:  0.0, Diff:  0.0, Sum:  0.0, Workers: 4
[4272.696s][debug][gc,phases      ] GC(199)     Dead                           Min: 0, Avg:  0.0, Max: 0, Diff: 0, Sum: 0, Workers: 4
[4272.696s][debug][gc,phases      ] GC(199)     Total                          Min: 0, Avg:  0.0, Max: 0, Diff: 0, Sum: 0, Workers: 4
[4272.696s][debug][gc,phases      ] GC(199) Weak Processing 0.344ms
[4272.696s][debug][gc,age         ] GC(199) Desired survivor size 49283072 bytes, new threshold 1 (max threshold 15)
[4272.696s][info ][gc,heap        ] GC(199) PSYoungGen: 2032576K(2048000K)->32096K(2046464K) Eden: 1997312K(1997312K)->0K(1997312K) From: 35264K(50688K)->32096K(49152K)
[4272.696s][info ][gc,heap        ] GC(199) ParOldGen: 3071877K(3072000K)->3103772K(3104256K)
[4272.696s][info ][gc,metaspace   ] GC(199) Metaspace: 111281K(112768K)->111281K(112768K) NonClass: 94707K(95552K)->94707K(95552K) Class: 16573K(17216K)->16573K(17216K)
[4272.696s][info ][gc             ] GC(199) Pause Young (Allocation Failure) 4984M->3062M(5030M) 35.645ms
[4272.696s][info ][gc,cpu         ] GC(199) User=0.10s Sys=0.02s Real=0.03s
[4272.698s][info ][safepoint      ] Safepoint "ParallelGCFailedAllocation", Time since last: 1178121974 ns, Reaching safepoint: 80801 ns, Cleanup: 6100 ns, At safepoint: 38389950 ns, Total: 38476851 ns
[4273.699s][info ][safepoint      ] Safepoint "Cleanup", Time since last: 1000106315 ns, Reaching safepoint: 79401 ns, Cleanup: 8600 ns, At safepoint: 6600 ns, Total: 94601 ns
[4276.699s][info ][safepoint      ] Safepoint "Cleanup", Time since last: 3000250945 ns, Reaching safepoint: 6100 ns, Cleanup: 10800 ns, At safepoint: 3000 ns, Total: 19900 ns
[4277.699s][info ][safepoint      ] Safepoint "Cleanup", Time since last: 1000101616 ns, Reaching safepoint: 79000 ns, Cleanup: 10100 ns, At safepoint: 9600 ns, Total: 98700 ns
[4278.699s][info ][safepoint      ] Safepoint "Cleanup", Time since last: 1000105016 ns, Reaching safepoint: 5900 ns, Cleanup: 9500 ns, At safepoint: 2500 ns, Total: 17900 ns
[4279.699s][info ][safepoint      ] Safepoint "Cleanup", Time since last: 1000108712 ns, Reaching safepoint: 79601 ns, Cleanup: 7200 ns, At safepoint: 5600 ns, Total: 92401 ns
[4279.843s][debug][gc,phases      ] GC(200) Pre Compact 0.022ms
[4279.843s][info ][gc,start       ] GC(200) Pause Full (Ergonomics)
[4279.843s][info ][gc,phases,start] GC(200) Marking Phase
[4279.998s][debug][gc,phases      ] GC(200) Par Mark 155.644ms
[4279.999s][debug][gc,ref         ] GC(200) ReferenceProcessor::execute queues: 2, RefProcThreadModel::Multi, marks_oops_alive: false
[4279.999s][debug][gc,ref         ] GC(200) ReferenceProcessor::execute queues: 4, RefProcThreadModel::Multi, marks_oops_alive: true
[4279.999s][debug][gc,ref         ] GC(200) ReferenceProcessor::execute queues: 1, RefProcThreadModel::Single, marks_oops_alive: false
[4279.999s][debug][gc,phases      ] GC(200) Reference Processing 0.354ms
[4279.999s][debug][gc,phases      ] GC(200)   VM Weak                        Min:  0.0, Avg:  0.0, Max:  0.0, Diff:  0.0, Sum:  0.0, Workers: 4
[4279.999s][debug][gc,phases      ] GC(200)     Dead                           Min: 0, Avg:  0.0, Max: 0, Diff: 0, Sum: 0, Workers: 4
[4279.999s][debug][gc,phases      ] GC(200)     Total                          Min: 128, Avg: 277.0, Max: 448, Diff: 320, Sum: 1108, Workers: 4
[4279.999s][debug][gc,phases      ] GC(200)   ObjectSynchronizer Weak        Min:  0.0, Avg:  0.0, Max:  0.0, Diff:  0.0, Sum:  0.0, Workers: 4
[4279.999s][debug][gc,phases      ] GC(200)     Dead                           Min: 0, Avg:  0.0, Max: 0, Diff: 0, Sum: 0, Workers: 4
[4279.999s][debug][gc,phases      ] GC(200)     Total                          Min: 0, Avg:  2.0, Max: 8, Diff: 8, Sum: 8, Workers: 4
[4279.999s][debug][gc,phases      ] GC(200)   JVMTI Tag Weak OopStorage      Min:  0.0, Avg:  0.0, Max:  0.0, Diff:  0.0, Sum:  0.0, Workers: 4
[4279.999s][debug][gc,phases      ] GC(200)     Dead                           Min: 0, Avg:  0.0, Max: 0, Diff: 0, Sum: 0, Workers: 4
[4279.999s][debug][gc,phases      ] GC(200)     Total                          Min: 0, Avg:  0.0, Max: 0, Diff: 0, Sum: 0, Workers: 4
[4279.999s][debug][gc,phases      ] GC(200)   StringTable Weak               Min:  0.2, Avg:  0.2, Max:  0.2, Diff:  0.0, Sum:  0.8, Workers: 4
[4279.999s][debug][gc,phases      ] GC(200)     Dead                           Min: 0, Avg:  0.0, Max: 0, Diff: 0, Sum: 0, Workers: 4
[4279.999s][debug][gc,phases      ] GC(200)     Total                          Min: 11648, Avg: 11907.5, Max: 12046, Diff: 398, Sum: 47630, Workers: 4
[4279.999s][debug][gc,phases      ] GC(200)   ResolvedMethodTable Weak       Min:  0.1, Avg:  0.1, Max:  0.1, Diff:  0.0, Sum:  0.2, Workers: 4
[4279.999s][debug][gc,phases      ] GC(200)     Dead                           Min: 0, Avg:  0.0, Max: 0, Diff: 0, Sum: 0, Workers: 4
[4279.999s][debug][gc,phases      ] GC(200)     Total                          Min: 3849, Avg: 4018.5, Max: 4148, Diff: 299, Sum: 16074, Workers: 4
[4279.999s][debug][gc,phases      ] GC(200)   JNI Weak                       Min:  0.0, Avg:  0.0, Max:  0.0, Diff:  0.0, Sum:  0.0, Workers: 4
[4279.999s][debug][gc,phases      ] GC(200)     Dead                           Min: 0, Avg:  0.0, Max: 0, Diff: 0, Sum: 0, Workers: 4
[4279.999s][debug][gc,phases      ] GC(200)     Total                          Min: 0, Avg: 13.0, Max: 52, Diff: 52, Sum: 52, Workers: 4
[4279.999s][debug][gc,phases      ] GC(200)   StringDedup Table Weak         Min:  0.0, Avg:  0.0, Max:  0.0, Diff:  0.0, Sum:  0.0, Workers: 4
[4279.999s][debug][gc,phases      ] GC(200)     Dead                           Min: 0, Avg:  0.0, Max: 0, Diff: 0, Sum: 0, Workers: 4
[4279.999s][debug][gc,phases      ] GC(200)     Total                          Min: 0, Avg:  0.0, Max: 0, Diff: 0, Sum: 0, Workers: 4
[4279.999s][debug][gc,phases      ] GC(200)   StringDedup Requests0 Weak     Min:  0.0, Avg:  0.0, Max:  0.0, Diff:  0.0, Sum:  0.0, Workers: 4
[4279.999s][debug][gc,phases      ] GC(200)     Dead                           Min: 0, Avg:  0.0, Max: 0, Diff: 0, Sum: 0, Workers: 4
[4279.999s][debug][gc,phases      ] GC(200)     Total                          Min: 0, Avg:  0.0, Max: 0, Diff: 0, Sum: 0, Workers: 4
[4279.999s][debug][gc,phases      ] GC(200)   StringDedup Requests1 Weak     Min:  0.0, Avg:  0.0, Max:  0.0, Diff:  0.0, Sum:  0.0, Workers: 4
[4279.999s][debug][gc,phases      ] GC(200)     Dead                           Min: 0, Avg:  0.0, Max: 0, Diff: 0, Sum: 0, Workers: 4
[4279.999s][debug][gc,phases      ] GC(200)     Total                          Min: 0, Avg:  0.0, Max: 0, Diff: 0, Sum: 0, Workers: 4
[4279.999s][debug][gc,phases      ] GC(200)   Weak JFR Old Object Samples    Min:  0.0, Avg:  0.0, Max:  0.0, Diff:  0.0, Sum:  0.0, Workers: 4
[4279.999s][debug][gc,phases      ] GC(200)     Dead                           Min: 0, Avg:  0.0, Max: 0, Diff: 0, Sum: 0, Workers: 4
[4279.999s][debug][gc,phases      ] GC(200)     Total                          Min: 0, Avg:  0.0, Max: 0, Diff: 0, Sum: 0, Workers: 4
[4279.999s][debug][gc,phases      ] GC(200) Weak Processing 0.448ms
[4279.999s][debug][gc,phases      ] GC(200) ClassLoaderData 0.130ms
[4279.999s][debug][gc,phases      ] GC(200) Trigger cleanups 0.000ms
[4280.058s][debug][gc,phases      ] GC(200) Purge Unlinked NMethods 1.825ms
[4280.058s][debug][gc,phases      ] GC(200) Unregister NMethods 0.001ms
[4280.059s][debug][gc,phases      ] GC(200) Free Code Blobs 0.378ms
[4280.059s][debug][gc,phases      ] GC(200) Class Unloading 59.566ms
[4280.059s][debug][gc,phases      ] GC(200) Report Object Count 0.001ms
[4280.059s][info ][gc,phases      ] GC(200) Marking Phase 216.074ms
[4280.059s][info ][gc,phases,start] GC(200) Summary Phase
[4280.059s][info ][gc,phases      ] GC(200) Summary Phase 0.094ms
[4280.059s][info ][gc,phases,start] GC(200) Adjust Roots
[4280.080s][info ][gc,phases      ] GC(200) Adjust Roots 21.353ms
[4280.080s][info ][gc,phases,start] GC(200) Compaction Phase
[4280.248s][info ][gc,phases      ] GC(200) Compaction Phase 167.876ms
[4280.248s][info ][gc,phases,start] GC(200) Post Compact
[4280.304s][debug][gc,phases      ] GC(200) Purge Class Loader Data 0.871ms
[4280.304s][info ][gc,phases      ] GC(200) Post Compact 56.265ms
[4280.415s][info ][gc,heap        ] GC(200) PSYoungGen: 2029408K(2046464K)->0K(2049024K) Eden: 1997312K(1997312K)->0K(2000896K) From: 32096K(49152K)->0K(48128K)
[4280.415s][info ][gc,heap        ] GC(200) ParOldGen: 3103772K(3104256K)->426402K(478208K)
[4280.415s][info ][gc,metaspace   ] GC(200) Metaspace: 111287K(112768K)->111287K(112768K) NonClass: 94714K(95552K)->94714K(95552K) Class: 16573K(17216K)->16573K(17216K)
[4280.415s][info ][gc             ] GC(200) Pause Full (Ergonomics) 5012M->416M(2468M) 572.020ms
[4280.415s][info ][gc,cpu         ] GC(200) User=1.24s Sys=0.24s Real=0.57s
[4280.418s][info ][safepoint      ] Safepoint "ParallelGCFailedAllocation", Time since last: 143170628 ns, Reaching safepoint: 79700 ns, Cleanup: 3500 ns, At safepoint: 575203029 ns, Total: 575286229 ns
[4281.418s][info ][safepoint      ] Safepoint "Cleanup", Time since last: 1000110882 ns, Reaching safepoint: 80101 ns, Cleanup: 73100 ns, At safepoint: 9300 ns, Total: 162501 ns
[4284.418s][info ][safepoint      ] Safepoint "Cleanup", Time since last: 3000251947 ns, Reaching safepoint: 5900 ns, Cleanup: 13300 ns, At safepoint: 2200 ns, Total: 21400 ns
[4285.422s][info ][safepoint      ] Safepoint "Cleanup", Time since last: 1000099482 ns, Reaching safepoint: 211702 ns, Cleanup: 17600 ns, At safepoint: 3120120 ns, Total: 3349422 ns
[4287.422s][info ][safepoint      ] Safepoint "Cleanup", Time since last: 2000173565 ns, Reaching safepoint: 79200 ns, Cleanup: 10400 ns, At safepoint: 10100 ns, Total: 99700 ns
[4287.461s][info ][gc,start       ] GC(201) Pause Young (Allocation Failure)
[4287.478s][debug][gc,phases      ] GC(201) Scavenge 16.507ms
[4287.478s][debug][gc,ref         ] GC(201) Skipped SoftWeakFinalRefsPhase of Reference Processing: no references
[4287.478s][debug][gc,ref         ] GC(201) Skipped KeepAliveFinalRefsPhase of Reference Processing: no references
[4287.478s][debug][gc,ref         ] GC(201) ReferenceProcessor::execute queues: 1, RefProcThreadModel::Single, marks_oops_alive: false
[4287.478s][debug][gc,phases      ] GC(201) Reference Processing 0.091ms
[4287.478s][debug][gc,phases      ] GC(201)   VM Weak                        Min:  0.0, Avg:  0.0, Max:  0.0, Diff:  0.0, Sum:  0.0, Workers: 4
[4287.478s][debug][gc,phases      ] GC(201)     Dead                           Min: 0, Avg:  0.0, Max: 0, Diff: 0, Sum: 0, Workers: 4
[4287.478s][debug][gc,phases      ] GC(201)     Total                          Min: 0, Avg: 277.0, Max: 576, Diff: 576, Sum: 1108, Workers: 4
[4287.478s][debug][gc,phases      ] GC(201)   ObjectSynchronizer Weak        Min:  0.0, Avg:  0.0, Max:  0.0, Diff:  0.0, Sum:  0.0, Workers: 4
[4287.478s][debug][gc,phases      ] GC(201)     Dead                           Min: 0, Avg:  0.0, Max: 0, Diff: 0, Sum: 0, Workers: 4
[4287.478s][debug][gc,phases      ] GC(201)     Total                          Min: 0, Avg:  2.0, Max: 8, Diff: 8, Sum: 8, Workers: 4
[4287.478s][debug][gc,phases      ] GC(201)   JVMTI Tag Weak OopStorage      Min:  0.0, Avg:  0.0, Max:  0.0, Diff:  0.0, Sum:  0.0, Workers: 4
[4287.478s][debug][gc,phases      ] GC(201)     Dead                           Min: 0, Avg:  0.0, Max: 0, Diff: 0, Sum: 0, Workers: 4
[4287.478s][debug][gc,phases      ] GC(201)     Total                          Min: 0, Avg:  0.0, Max: 0, Diff: 0, Sum: 0, Workers: 4
[4287.478s][debug][gc,phases      ] GC(201)   StringTable Weak               Min:  0.0, Avg:  0.1, Max:  0.1, Diff:  0.1, Sum:  0.4, Workers: 4
[4287.478s][debug][gc,phases      ] GC(201)     Dead                           Min: 0, Avg:  0.0, Max: 0, Diff: 0, Sum: 0, Workers: 4
[4287.478s][debug][gc,phases      ] GC(201)     Total                          Min: 0, Avg: 11907.5, Max: 20800, Diff: 20800, Sum: 47630, Workers: 4
[4287.478s][debug][gc,phases      ] GC(201)   ResolvedMethodTable Weak       Min:  0.0, Avg:  0.0, Max:  0.0, Diff:  0.0, Sum:  0.1, Workers: 4
[4287.478s][debug][gc,phases      ] GC(201)     Dead                           Min: 0, Avg:  0.0, Max: 0, Diff: 0, Sum: 0, Workers: 4
[4287.478s][debug][gc,phases      ] GC(201)     Total                          Min: 0, Avg: 4018.5, Max: 6732, Diff: 6732, Sum: 16074, Workers: 4
[4287.478s][debug][gc,phases      ] GC(201)   JNI Weak                       Min:  0.0, Avg:  0.0, Max:  0.0, Diff:  0.0, Sum:  0.0, Workers: 4
[4287.478s][debug][gc,phases      ] GC(201)     Dead                           Min: 0, Avg:  0.0, Max: 0, Diff: 0, Sum: 0, Workers: 4
[4287.478s][debug][gc,phases      ] GC(201)     Total                          Min: 0, Avg: 13.0, Max: 52, Diff: 52, Sum: 52, Workers: 4
[4287.478s][debug][gc,phases      ] GC(201)   StringDedup Table Weak         Min:  0.0, Avg:  0.0, Max:  0.0, Diff:  0.0, Sum:  0.0, Workers: 4
[4287.478s][debug][gc,phases      ] GC(201)     Dead                           Min: 0, Avg:  0.0, Max: 0, Diff: 0, Sum: 0, Workers: 4
[4287.478s][debug][gc,phases      ] GC(201)     Total                          Min: 0, Avg:  0.0, Max: 0, Diff: 0, Sum: 0, Workers: 4
[4287.478s][debug][gc,phases      ] GC(201)   StringDedup Requests0 Weak     Min:  0.0, Avg:  0.0, Max:  0.0, Diff:  0.0, Sum:  0.0, Workers: 4
[4287.478s][debug][gc,phases      ] GC(201)     Dead                           Min: 0, Avg:  0.0, Max: 0, Diff: 0, Sum: 0, Workers: 4
[4287.478s][debug][gc,phases      ] GC(201)     Total                          Min: 0, Avg:  0.0, Max: 0, Diff: 0, Sum: 0, Workers: 4
[4287.478s][debug][gc,phases      ] GC(201)   StringDedup Requests1 Weak     Min:  0.0, Avg:  0.0, Max:  0.0, Diff:  0.0, Sum:  0.0, Workers: 4
[4287.478s][debug][gc,phases      ] GC(201)     Dead                           Min: 0, Avg:  0.0, Max: 0, Diff: 0, Sum: 0, Workers: 4
[4287.478s][debug][gc,phases      ] GC(201)     Total                          Min: 0, Avg:  0.0, Max: 0, Diff: 0, Sum: 0, Workers: 4
[4287.478s][debug][gc,phases      ] GC(201)   Weak JFR Old Object Samples    Min:  0.0, Avg:  0.0, Max:  0.0, Diff:  0.0, Sum:  0.0, Workers: 4
[4287.478s][debug][gc,phases      ] GC(201)     Dead                           Min: 0, Avg:  0.0, Max: 0, Diff: 0, Sum: 0, Workers: 4
[4287.478s][debug][gc,phases      ] GC(201)     Total                          Min: 0, Avg:  0.0, Max: 0, Diff: 0, Sum: 0, Workers: 4
[4287.478s][debug][gc,phases      ] GC(201) Weak Processing 0.371ms
[4287.478s][debug][gc,age         ] GC(201) Desired survivor size 50855936 bytes, new threshold 1 (max threshold 15)
[4287.478s][info ][gc,heap        ] GC(201) PSYoungGen: 2000896K(2049024K)->42320K(2043392K) Eden: 2000896K(2000896K)->0K(2000896K) From: 0K(48128K)->42320K(42496K)
[4287.478s][info ][gc,heap        ] GC(201) ParOldGen: 426402K(478208K)->426402K(478208K)
[4287.478s][info ][gc,metaspace   ] GC(201) Metaspace: 111295K(112768K)->111295K(112768K) NonClass: 94721K(95552K)->94721K(95552K) Class: 16573K(17216K)->16573K(17216K)
[4287.478s][info ][gc             ] GC(201) Pause Young (Allocation Failure) 2370M->457M(2462M) 17.080ms
[4287.478s][info ][gc,cpu         ] GC(201) User=0.05s Sys=0.00s Real=0.01s
[4287.478s][info ][safepoint      ] Safepoint "ParallelGCFailedAllocation", Time since last: 38871052 ns, Reaching safepoint: 81101 ns, Cleanup: 3300 ns, At safepoint: 17169711 ns, Total: 17254112 ns
[4288.478s][info ][safepoint      ] Safepoint "Cleanup", Time since last: 1000093711 ns, Reaching safepoint: 6301 ns, Cleanup: 10800 ns, At safepoint: 3200 ns, Total: 20301 ns
[4291.479s][info ][safepoint      ] Safepoint "Cleanup", Time since last: 3000261789 ns, Reaching safepoint: 7000 ns, Cleanup: 19400 ns, At safepoint: 3100 ns, Total: 29500 ns
[4293.479s][info ][safepoint      ] Safepoint "Cleanup", Time since last: 2000178526 ns, Reaching safepoint: 25800 ns, Cleanup: 11901 ns, At safepoint: 3200 ns, Total: 40901 ns
[4294.479s][info ][safepoint      ] Safepoint "Cleanup", Time since last: 1000367065 ns, Reaching safepoint: 82800 ns, Cleanup: 12000 ns, At safepoint: 11900 ns, Total: 106700 ns
[4296.480s][info ][safepoint      ] Safepoint "Cleanup", Time since last: 2000201288 ns, Reaching safepoint: 6701 ns, Cleanup: 12700 ns, At safepoint: 3000 ns, Total: 22401 ns
[4297.480s][info ][safepoint      ] Safepoint "Cleanup", Time since last: 1000117786 ns, Reaching safepoint: 78901 ns, Cleanup: 11300 ns, At safepoint: 12800 ns, Total: 103001 ns
[4297.764s][info ][gc,start       ] GC(202) Pause Young (Allocation Failure)
[4297.789s][debug][gc,phases      ] GC(202) Scavenge 24.947ms
[4297.789s][debug][gc,ref         ] GC(202) ReferenceProcessor::execute queues: 1, RefProcThreadModel::Single, marks_oops_alive: false
[4297.789s][debug][gc,ref         ] GC(202) Skipped KeepAliveFinalRefsPhase of Reference Processing: no references
[4297.789s][debug][gc,ref         ] GC(202) ReferenceProcessor::execute queues: 1, RefProcThreadModel::Single, marks_oops_alive: false
[4297.789s][debug][gc,phases      ] GC(202) Reference Processing 0.106ms
[4297.789s][debug][gc,phases      ] GC(202)   VM Weak                        Min:  0.0, Avg:  0.0, Max:  0.0, Diff:  0.0, Sum:  0.0, Workers: 4
[4297.789s][debug][gc,phases      ] GC(202)     Dead                           Min: 0, Avg:  0.0, Max: 0, Diff: 0, Sum: 0, Workers: 4
[4297.789s][debug][gc,phases      ] GC(202)     Total                          Min: 0, Avg: 277.0, Max: 576, Diff: 576, Sum: 1108, Workers: 4
[4297.789s][debug][gc,phases      ] GC(202)   ObjectSynchronizer Weak        Min:  0.0, Avg:  0.0, Max:  0.0, Diff:  0.0, Sum:  0.0, Workers: 4
[4297.789s][debug][gc,phases      ] GC(202)     Dead                           Min: 0, Avg:  0.0, Max: 0, Diff: 0, Sum: 0, Workers: 4
[4297.789s][debug][gc,phases      ] GC(202)     Total                          Min: 0, Avg:  2.0, Max: 8, Diff: 8, Sum: 8, Workers: 4
[4297.789s][debug][gc,phases      ] GC(202)   JVMTI Tag Weak OopStorage      Min:  0.0, Avg:  0.0, Max:  0.0, Diff:  0.0, Sum:  0.0, Workers: 4
[4297.789s][debug][gc,phases      ] GC(202)     Dead                           Min: 0, Avg:  0.0, Max: 0, Diff: 0, Sum: 0, Workers: 4
[4297.789s][debug][gc,phases      ] GC(202)     Total                          Min: 0, Avg:  0.0, Max: 0, Diff: 0, Sum: 0, Workers: 4
[4297.789s][debug][gc,phases      ] GC(202)   StringTable Weak               Min:  0.1, Avg:  0.1, Max:  0.1, Diff:  0.0, Sum:  0.5, Workers: 4
[4297.789s][debug][gc,phases      ] GC(202)     Dead                           Min: 0, Avg:  0.0, Max: 0, Diff: 0, Sum: 0, Workers: 4
[4297.789s][debug][gc,phases      ] GC(202)     Total                          Min: 11520, Avg: 11907.8, Max: 12096, Diff: 576, Sum: 47631, Workers: 4
[4297.789s][debug][gc,phases      ] GC(202)   ResolvedMethodTable Weak       Min:  0.0, Avg:  0.0, Max:  0.0, Diff:  0.0, Sum:  0.2, Workers: 4
[4297.789s][debug][gc,phases      ] GC(202)     Dead                           Min: 0, Avg:  4.0, Max: 13, Diff: 13, Sum: 16, Workers: 4
[4297.789s][debug][gc,phases      ] GC(202)     Total                          Min: 3837, Avg: 4019.0, Max: 4142, Diff: 305, Sum: 16076, Workers: 4
[4297.789s][debug][gc,phases      ] GC(202)   JNI Weak                       Min:  0.0, Avg:  0.0, Max:  0.0, Diff:  0.0, Sum:  0.0, Workers: 4
[4297.789s][debug][gc,phases      ] GC(202)     Dead                           Min: 0, Avg:  0.0, Max: 0, Diff: 0, Sum: 0, Workers: 4
[4297.789s][debug][gc,phases      ] GC(202)     Total                          Min: 0, Avg: 13.0, Max: 52, Diff: 52, Sum: 52, Workers: 4
[4297.789s][debug][gc,phases      ] GC(202)   StringDedup Table Weak         Min:  0.0, Avg:  0.0, Max:  0.0, Diff:  0.0, Sum:  0.0, Workers: 4
[4297.789s][debug][gc,phases      ] GC(202)     Dead                           Min: 0, Avg:  0.0, Max: 0, Diff: 0, Sum: 0, Workers: 4
[4297.789s][debug][gc,phases      ] GC(202)     Total                          Min: 0, Avg:  0.0, Max: 0, Diff: 0, Sum: 0, Workers: 4
[4297.789s][debug][gc,phases      ] GC(202)   StringDedup Requests0 Weak     Min:  0.0, Avg:  0.0, Max:  0.0, Diff:  0.0, Sum:  0.0, Workers: 4
[4297.789s][debug][gc,phases      ] GC(202)     Dead                           Min: 0, Avg:  0.0, Max: 0, Diff: 0, Sum: 0, Workers: 4
[4297.789s][debug][gc,phases      ] GC(202)     Total                          Min: 0, Avg:  0.0, Max: 0, Diff: 0, Sum: 0, Workers: 4
[4297.789s][debug][gc,phases      ] GC(202)   StringDedup Requests1 Weak     Min:  0.0, Avg:  0.0, Max:  0.0, Diff:  0.0, Sum:  0.0, Workers: 4
[4297.789s][debug][gc,phases      ] GC(202)     Dead                           Min: 0, Avg:  0.0, Max: 0, Diff: 0, Sum: 0, Workers: 4
[4297.789s][debug][gc,phases      ] GC(202)     Total                          Min: 0, Avg:  0.0, Max: 0, Diff: 0, Sum: 0, Workers: 4
[4297.789s][debug][gc,phases      ] GC(202)   Weak JFR Old Object Samples    Min:  0.0, Avg:  0.0, Max:  0.0, Diff:  0.0, Sum:  0.0, Workers: 4
[4297.789s][debug][gc,phases      ] GC(202)     Dead                           Min: 0, Avg:  0.0, Max: 0, Diff: 0, Sum: 0, Workers: 4
[4297.789s][debug][gc,phases      ] GC(202)     Total                          Min: 0, Avg:  0.0, Max: 0, Diff: 0, Sum: 0, Workers: 4
[4297.789s][debug][gc,phases      ] GC(202) Weak Processing 0.357ms
[4297.789s][debug][gc,age         ] GC(202) Desired survivor size 50855936 bytes, new threshold 1 (max threshold 15)
[4297.789s][info ][gc,heap        ] GC(202) PSYoungGen: 2043216K(2043392K)->39352K(2047488K) Eden: 2000896K(2000896K)->0K(1997824K) From: 42320K(42496K)->39352K(49664K)
[4297.789s][info ][gc,heap        ] GC(202) ParOldGen: 426402K(478208K)->465503K(478208K)
[4297.789s][info ][gc,metaspace   ] GC(202) Metaspace: 111304K(112768K)->111304K(112768K) NonClass: 94730K(95552K)->94730K(95552K) Class: 16574K(17216K)->16574K(17216K)
[4297.790s][info ][gc             ] GC(202) Pause Young (Allocation Failure) 2411M->493M(2466M) 25.526ms
[4297.790s][info ][gc,cpu         ] GC(202) User=0.10s Sys=0.00s Real=0.02s
[4297.790s][info ][safepoint      ] Safepoint "ParallelGCFailedAllocation", Time since last: 284073042 ns, Reaching safepoint: 83701 ns, Cleanup: 8300 ns, At safepoint: 25755167 ns, Total: 25847168 ns
[4299.790s][info ][safepoint      ] Safepoint "Cleanup", Time since last: 2000164772 ns, Reaching safepoint: 78901 ns, Cleanup: 8500 ns, At safepoint: 7800 ns, Total: 95201 ns
[4301.791s][info ][safepoint      ] Safepoint "Cleanup", Time since last: 2000469774 ns, Reaching safepoint: 81601 ns, Cleanup: 9100 ns, At safepoint: 20100 ns, Total: 110801 ns
[4314.792s][info ][safepoint      ] Safepoint "Cleanup", Time since last: 13000937195 ns, Reaching safepoint: 6300 ns, Cleanup: 10500 ns, At safepoint: 2701 ns, Total: 19501 ns
[4315.372s][info ][safepoint      ] Safepoint "ParallelGCFailedAllocation", Time since last: 580205048 ns, Reaching safepoint: 81801 ns, Cleanup: 4300 ns, At safepoint: 10000 ns, Total: 96101 ns
[4315.372s][info ][gc,start       ] GC(203) Pause Young (GCLocker Initiated GC)
[4315.397s][debug][gc,phases      ] GC(203) Scavenge 24.282ms
[4315.397s][debug][gc,ref         ] GC(203) Skipped SoftWeakFinalRefsPhase of Reference Processing: no references
[4315.397s][debug][gc,ref         ] GC(203) Skipped KeepAliveFinalRefsPhase of Reference Processing: no references
[4315.397s][debug][gc,ref         ] GC(203) Skipped PhantomRefsPhase of Reference Processing: no references
[4315.397s][debug][gc,phases      ] GC(203) Reference Processing 0.019ms
[4315.397s][debug][gc,phases      ] GC(203)   VM Weak                        Min:  0.0, Avg:  0.0, Max:  0.0, Diff:  0.0, Sum:  0.0, Workers: 4
[4315.397s][debug][gc,phases      ] GC(203)     Dead                           Min: 0, Avg:  0.0, Max: 0, Diff: 0, Sum: 0, Workers: 4
[4315.397s][debug][gc,phases      ] GC(203)     Total                          Min: 0, Avg: 277.0, Max: 660, Diff: 660, Sum: 1108, Workers: 4
[4315.397s][debug][gc,phases      ] GC(203)   ObjectSynchronizer Weak        Min:  0.0, Avg:  0.0, Max:  0.0, Diff:  0.0, Sum:  0.0, Workers: 4
[4315.397s][debug][gc,phases      ] GC(203)     Dead                           Min: 0, Avg:  0.0, Max: 0, Diff: 0, Sum: 0, Workers: 4
[4315.397s][debug][gc,phases      ] GC(203)     Total                          Min: 0, Avg:  2.0, Max: 8, Diff: 8, Sum: 8, Workers: 4
[4315.397s][debug][gc,phases      ] GC(203)   JVMTI Tag Weak OopStorage      Min:  0.0, Avg:  0.0, Max:  0.0, Diff:  0.0, Sum:  0.0, Workers: 4
[4315.397s][debug][gc,phases      ] GC(203)     Dead                           Min: 0, Avg:  0.0, Max: 0, Diff: 0, Sum: 0, Workers: 4
[4315.397s][debug][gc,phases      ] GC(203)     Total                          Min: 0, Avg:  0.0, Max: 0, Diff: 0, Sum: 0, Workers: 4
[4315.397s][debug][gc,phases      ] GC(203)   StringTable Weak               Min:  0.0, Avg:  0.1, Max:  0.1, Diff:  0.1, Sum:  0.4, Workers: 4
[4315.397s][debug][gc,phases      ] GC(203)     Dead                           Min: 0, Avg:  0.0, Max: 0, Diff: 0, Sum: 0, Workers: 4
[4315.397s][debug][gc,phases      ] GC(203)     Total                          Min: 0, Avg: 11909.5, Max: 19478, Diff: 19478, Sum: 47638, Workers: 4
[4315.397s][debug][gc,phases      ] GC(203)   ResolvedMethodTable Weak       Min:  0.0, Avg:  0.0, Max:  0.0, Diff:  0.0, Sum:  0.1, Workers: 4
[4315.397s][debug][gc,phases      ] GC(203)     Dead                           Min: 0, Avg:  0.0, Max: 0, Diff: 0, Sum: 0, Workers: 4
[4315.397s][debug][gc,phases      ] GC(203)     Total                          Min: 0, Avg: 4019.0, Max: 6863, Diff: 6863, Sum: 16076, Workers: 4
[4315.397s][debug][gc,phases      ] GC(203)   JNI Weak                       Min:  0.0, Avg:  0.0, Max:  0.0, Diff:  0.0, Sum:  0.0, Workers: 4
[4315.397s][debug][gc,phases      ] GC(203)     Dead                           Min: 0, Avg:  0.0, Max: 0, Diff: 0, Sum: 0, Workers: 4
[4315.397s][debug][gc,phases      ] GC(203)     Total                          Min: 0, Avg: 13.0, Max: 52, Diff: 52, Sum: 52, Workers: 4
[4315.397s][debug][gc,phases      ] GC(203)   StringDedup Table Weak         Min:  0.0, Avg:  0.0, Max:  0.0, Diff:  0.0, Sum:  0.0, Workers: 4
[4315.397s][debug][gc,phases      ] GC(203)     Dead                           Min: 0, Avg:  0.0, Max: 0, Diff: 0, Sum: 0, Workers: 4
[4315.397s][debug][gc,phases      ] GC(203)     Total                          Min: 0, Avg:  0.0, Max: 0, Diff: 0, Sum: 0, Workers: 4
[4315.397s][debug][gc,phases      ] GC(203)   StringDedup Requests0 Weak     Min:  0.0, Avg:  0.0, Max:  0.0, Diff:  0.0, Sum:  0.0, Workers: 4
[4315.397s][debug][gc,phases      ] GC(203)     Dead                           Min: 0, Avg:  0.0, Max: 0, Diff: 0, Sum: 0, Workers: 4
[4315.397s][debug][gc,phases      ] GC(203)     Total                          Min: 0, Avg:  0.0, Max: 0, Diff: 0, Sum: 0, Workers: 4
[4315.397s][debug][gc,phases      ] GC(203)   StringDedup Requests1 Weak     Min:  0.0, Avg:  0.0, Max:  0.0, Diff:  0.0, Sum:  0.0, Workers: 4
[4315.397s][debug][gc,phases      ] GC(203)     Dead                           Min: 0, Avg:  0.0, Max: 0, Diff: 0, Sum: 0, Workers: 4
[4315.397s][debug][gc,phases      ] GC(203)     Total                          Min: 0, Avg:  0.0, Max: 0, Diff: 0, Sum: 0, Workers: 4
[4315.397s][debug][gc,phases      ] GC(203)   Weak JFR Old Object Samples    Min:  0.0, Avg:  0.0, Max:  0.0, Diff:  0.0, Sum:  0.0, Workers: 4
[4315.397s][debug][gc,phases      ] GC(203)     Dead                           Min: 0, Avg:  0.0, Max: 0, Diff: 0, Sum: 0, Workers: 4
[4315.397s][debug][gc,phases      ] GC(203)     Total                          Min: 0, Avg:  0.0, Max: 0, Diff: 0, Sum: 0, Workers: 4
[4315.397s][debug][gc,phases      ] GC(203) Weak Processing 0.371ms
[4315.397s][debug][gc,age         ] GC(203) Desired survivor size 49807360 bytes, new threshold 1 (max threshold 15)
[4315.397s][info ][gc,heap        ] GC(203) PSYoungGen: 2037176K(2047488K)->33508K(2047488K) Eden: 1997824K(1997824K)->0K(1997824K) From: 39352K(49664K)->33508K(49664K)
[4315.397s][info ][gc,heap        ] GC(203) ParOldGen: 466271K(478208K)->501150K(501248K)
[4315.397s][info ][gc,metaspace   ] GC(203) Metaspace: 111306K(112768K)->111306K(112768K) NonClass: 94732K(95552K)->94732K(95552K) Class: 16574K(17216K)->16574K(17216K)
[4315.397s][info ][gc             ] GC(203) Pause Young (GCLocker Initiated GC) 2444M->522M(2489M) 24.779ms
[4315.397s][info ][gc,cpu         ] GC(203) User=0.08s Sys=0.01s Real=0.02s
[4315.397s][info ][safepoint      ] Safepoint "ParallelGCSystemGC", Time since last: 515603 ns, Reaching safepoint: 77401 ns, Cleanup: 2000 ns, At safepoint: 24854859 ns, Total: 24934260 ns
[4322.759s][info ][safepoint      ] Safepoint "Cleanup", Time since last: 7361500329 ns, Reaching safepoint: 5800 ns, Cleanup: 10800 ns, At safepoint: 2300 ns, Total: 18900 ns
[4323.759s][info ][safepoint      ] Safepoint "Cleanup", Time since last: 1000109532 ns, Reaching safepoint: 7200 ns, Cleanup: 10600 ns, At safepoint: 2600 ns, Total: 20400 ns
[4326.759s][info ][safepoint      ] Safepoint "Cleanup", Time since last: 3000239593 ns, Reaching safepoint: 6900 ns, Cleanup: 9501 ns, At safepoint: 2900 ns, Total: 19301 ns
[4332.760s][info ][safepoint      ] Safepoint "Cleanup", Time since last: 6000493791 ns, Reaching safepoint: 83100 ns, Cleanup: 13500 ns, At safepoint: 7800 ns, Total: 104400 ns
[4338.760s][info ][safepoint      ] Safepoint "Cleanup", Time since last: 6000468987 ns, Reaching safepoint: 76401 ns, Cleanup: 8400 ns, At safepoint: 5400 ns, Total: 90201 ns
[4341.761s][info ][safepoint      ] Safepoint "Cleanup", Time since last: 3000412429 ns, Reaching safepoint: 76800 ns, Cleanup: 9201 ns, At safepoint: 6600 ns, Total: 92601 ns
[4342.665s][info ][gc,start       ] GC(204) Pause Young (Allocation Failure)
[4342.686s][debug][gc,phases      ] GC(204) Scavenge 21.639ms
[4342.687s][debug][gc,ref         ] GC(204) ReferenceProcessor::execute queues: 1, RefProcThreadModel::Single, marks_oops_alive: false
[4342.687s][debug][gc,ref         ] GC(204) Skipped KeepAliveFinalRefsPhase of Reference Processing: no references
[4342.687s][debug][gc,ref         ] GC(204) ReferenceProcessor::execute queues: 1, RefProcThreadModel::Single, marks_oops_alive: false
[4342.687s][debug][gc,phases      ] GC(204) Reference Processing 0.100ms
[4342.687s][debug][gc,phases      ] GC(204)   VM Weak                        Min:  0.0, Avg:  0.0, Max:  0.0, Diff:  0.0, Sum:  0.0, Workers: 4
[4342.687s][debug][gc,phases      ] GC(204)     Dead                           Min: 0, Avg:  0.0, Max: 0, Diff: 0, Sum: 0, Workers: 4
[4342.687s][debug][gc,phases      ] GC(204)     Total                          Min: 0, Avg: 277.0, Max: 832, Diff: 832, Sum: 1108, Workers: 4
[4342.687s][debug][gc,phases      ] GC(204)   ObjectSynchronizer Weak        Min:  0.0, Avg:  0.0, Max:  0.0, Diff:  0.0, Sum:  0.0, Workers: 4
[4342.687s][debug][gc,phases      ] GC(204)     Dead                           Min: 0, Avg:  0.0, Max: 0, Diff: 0, Sum: 0, Workers: 4
[4342.687s][debug][gc,phases      ] GC(204)     Total                          Min: 0, Avg:  1.0, Max: 4, Diff: 4, Sum: 4, Workers: 4
[4342.687s][debug][gc,phases      ] GC(204)   JVMTI Tag Weak OopStorage      Min:  0.0, Avg:  0.0, Max:  0.0, Diff:  0.0, Sum:  0.0, Workers: 4
[4342.687s][debug][gc,phases      ] GC(204)     Dead                           Min: 0, Avg:  0.0, Max: 0, Diff: 0, Sum: 0, Workers: 4
[4342.687s][debug][gc,phases      ] GC(204)     Total                          Min: 0, Avg:  0.0, Max: 0, Diff: 0, Sum: 0, Workers: 4
[4342.687s][debug][gc,phases      ] GC(204)   StringTable Weak               Min:  0.0, Avg:  0.1, Max:  0.1, Diff:  0.1, Sum:  0.4, Workers: 4
[4342.687s][debug][gc,phases      ] GC(204)     Dead                           Min: 0, Avg:  0.2, Max: 1, Diff: 1, Sum: 1, Workers: 4
[4342.687s][debug][gc,phases      ] GC(204)     Total                          Min: 0, Avg: 11910.2, Max: 20416, Diff: 20416, Sum: 47641, Workers: 4
[4342.687s][debug][gc,phases      ] GC(204)   ResolvedMethodTable Weak       Min:  0.0, Avg:  0.0, Max:  0.0, Diff:  0.0, Sum:  0.1, Workers: 4
[4342.687s][debug][gc,phases      ] GC(204)     Dead                           Min: 0, Avg:  4.2, Max: 17, Diff: 17, Sum: 17, Workers: 4
[4342.687s][debug][gc,phases      ] GC(204)     Total                          Min: 0, Avg: 4019.5, Max: 6936, Diff: 6936, Sum: 16078, Workers: 4
[4342.687s][debug][gc,phases      ] GC(204)   JNI Weak                       Min:  0.0, Avg:  0.0, Max:  0.0, Diff:  0.0, Sum:  0.0, Workers: 4
[4342.687s][debug][gc,phases      ] GC(204)     Dead                           Min: 0, Avg:  0.0, Max: 0, Diff: 0, Sum: 0, Workers: 4
[4342.687s][debug][gc,phases      ] GC(204)     Total                          Min: 0, Avg: 13.0, Max: 52, Diff: 52, Sum: 52, Workers: 4
[4342.687s][debug][gc,phases      ] GC(204)   StringDedup Table Weak         Min:  0.0, Avg:  0.0, Max:  0.0, Diff:  0.0, Sum:  0.0, Workers: 4
[4342.687s][debug][gc,phases      ] GC(204)     Dead                           Min: 0, Avg:  0.0, Max: 0, Diff: 0, Sum: 0, Workers: 4
[4342.687s][debug][gc,phases      ] GC(204)     Total                          Min: 0, Avg:  0.0, Max: 0, Diff: 0, Sum: 0, Workers: 4
[4342.687s][debug][gc,phases      ] GC(204)   StringDedup Requests0 Weak     Min:  0.0, Avg:  0.0, Max:  0.0, Diff:  0.0, Sum:  0.0, Workers: 4
[4342.687s][debug][gc,phases      ] GC(204)     Dead                           Min: 0, Avg:  0.0, Max: 0, Diff: 0, Sum: 0, Workers: 4
[4342.687s][debug][gc,phases      ] GC(204)     Total                          Min: 0, Avg:  0.0, Max: 0, Diff: 0, Sum: 0, Workers: 4
[4342.687s][debug][gc,phases      ] GC(204)   StringDedup Requests1 Weak     Min:  0.0, Avg:  0.0, Max:  0.0, Diff:  0.0, Sum:  0.0, Workers: 4
[4342.687s][debug][gc,phases      ] GC(204)     Dead                           Min: 0, Avg:  0.0, Max: 0, Diff: 0, Sum: 0, Workers: 4
[4342.687s][debug][gc,phases      ] GC(204)     Total                          Min: 0, Avg:  0.0, Max: 0, Diff: 0, Sum: 0, Workers: 4
[4342.687s][debug][gc,phases      ] GC(204)   Weak JFR Old Object Samples    Min:  0.0, Avg:  0.0, Max:  0.0, Diff:  0.0, Sum:  0.0, Workers: 4
[4342.687s][debug][gc,phases      ] GC(204)     Dead                           Min: 0, Avg:  0.0, Max: 0, Diff: 0, Sum: 0, Workers: 4
[4342.687s][debug][gc,phases      ] GC(204)     Total                          Min: 0, Avg:  0.0, Max: 0, Diff: 0, Sum: 0, Workers: 4
[4342.687s][debug][gc,phases      ] GC(204) Weak Processing 0.388ms
[4342.687s][debug][gc,age         ] GC(204) Desired survivor size 51380224 bytes, new threshold 1 (max threshold 15)
[4342.687s][info ][gc,heap        ] GC(204) PSYoungGen: 2031332K(2047488K)->19184K(2045440K) Eden: 1997824K(1997824K)->0K(1996800K) From: 33508K(49664K)->19184K(48640K)
[4342.687s][info ][gc,heap        ] GC(204) ParOldGen: 501152K(501248K)->530193K(530432K)
[4342.687s][info ][gc,metaspace   ] GC(204) Metaspace: 111312K(112768K)->111312K(112768K) NonClass: 94737K(95552K)->94737K(95552K) Class: 16574K(17216K)->16574K(17216K)
[4342.687s][info ][gc             ] GC(204) Pause Young (Allocation Failure) 2473M->536M(2515M) 22.250ms
[4342.687s][info ][gc,cpu         ] GC(204) User=0.06s Sys=0.02s Real=0.02s
[4342.687s][info ][safepoint      ] Safepoint "ParallelGCFailedAllocation", Time since last: 903901894 ns, Reaching safepoint: 5700 ns, Cleanup: 3800 ns, At safepoint: 22318143 ns, Total: 22327643 ns
[4345.687s][info ][safepoint      ] Safepoint "Cleanup", Time since last: 3000225441 ns, Reaching safepoint: 5800 ns, Cleanup: 9300 ns, At safepoint: 2700 ns, Total: 17800 ns
[4351.688s][info ][safepoint      ] Safepoint "Cleanup", Time since last: 6000446518 ns, Reaching safepoint: 78401 ns, Cleanup: 7700 ns, At safepoint: 18700 ns, Total: 104801 ns
[4353.688s][info ][safepoint      ] Safepoint "Cleanup", Time since last: 2000175895 ns, Reaching safepoint: 5500 ns, Cleanup: 8200 ns, At safepoint: 2500 ns, Total: 16200 ns
[4355.688s][info ][safepoint      ] Safepoint "Cleanup", Time since last: 2000173657 ns, Reaching safepoint: 5701 ns, Cleanup: 9200 ns, At safepoint: 2700 ns, Total: 17601 ns
[4357.688s][info ][safepoint      ] Safepoint "Cleanup", Time since last: 2000163267 ns, Reaching safepoint: 6800 ns, Cleanup: 9000 ns, At safepoint: 3100 ns, Total: 18900 ns
[4361.775s][info ][safepoint      ] Safepoint "ParallelGCFailedAllocation", Time since last: 4086632541 ns, Reaching safepoint: 81401 ns, Cleanup: 3800 ns, At safepoint: 18901 ns, Total: 104102 ns
[4361.775s][info ][gc,start       ] GC(205) Pause Young (Allocation Failure)
[4361.794s][debug][gc,phases      ] GC(205) Scavenge 18.352ms
[4361.794s][debug][gc,ref         ] GC(205) ReferenceProcessor::execute queues: 1, RefProcThreadModel::Single, marks_oops_alive: false
[4361.794s][debug][gc,ref         ] GC(205) Skipped KeepAliveFinalRefsPhase of Reference Processing: no references
[4361.794s][debug][gc,ref         ] GC(205) ReferenceProcessor::execute queues: 1, RefProcThreadModel::Single, marks_oops_alive: false
[4361.794s][debug][gc,phases      ] GC(205) Reference Processing 0.125ms
[4361.794s][debug][gc,phases      ] GC(205)   VM Weak                        Min:  0.0, Avg:  0.0, Max:  0.0, Diff:  0.0, Sum:  0.0, Workers: 4
[4361.794s][debug][gc,phases      ] GC(205)     Dead                           Min: 0, Avg:  0.0, Max: 0, Diff: 0, Sum: 0, Workers: 4
[4361.794s][debug][gc,phases      ] GC(205)     Total                          Min: 0, Avg: 277.0, Max: 640, Diff: 640, Sum: 1108, Workers: 4
[4361.794s][debug][gc,phases      ] GC(205)   ObjectSynchronizer Weak        Min:  0.0, Avg:  0.0, Max:  0.0, Diff:  0.0, Sum:  0.0, Workers: 4
[4361.794s][debug][gc,phases      ] GC(205)     Dead                           Min: 0, Avg:  0.0, Max: 0, Diff: 0, Sum: 0, Workers: 4
[4361.794s][debug][gc,phases      ] GC(205)     Total                          Min: 0, Avg:  1.2, Max: 5, Diff: 5, Sum: 5, Workers: 4
[4361.794s][debug][gc,phases      ] GC(205)   JVMTI Tag Weak OopStorage      Min:  0.0, Avg:  0.0, Max:  0.0, Diff:  0.0, Sum:  0.0, Workers: 4
[4361.794s][debug][gc,phases      ] GC(205)     Dead                           Min: 0, Avg:  0.0, Max: 0, Diff: 0, Sum: 0, Workers: 4
[4361.794s][debug][gc,phases      ] GC(205)     Total                          Min: 0, Avg:  0.0, Max: 0, Diff: 0, Sum: 0, Workers: 4
[4361.794s][debug][gc,phases      ] GC(205)   StringTable Weak               Min:  0.0, Avg:  0.1, Max:  0.1, Diff:  0.1, Sum:  0.4, Workers: 4
[4361.794s][debug][gc,phases      ] GC(205)     Dead                           Min: 0, Avg:  0.0, Max: 0, Diff: 0, Sum: 0, Workers: 4
[4361.794s][debug][gc,phases      ] GC(205)     Total                          Min: 0, Avg: 11910.2, Max: 20608, Diff: 20608, Sum: 47641, Workers: 4
[4361.794s][debug][gc,phases      ] GC(205)   ResolvedMethodTable Weak       Min:  0.0, Avg:  0.0, Max:  0.0, Diff:  0.0, Sum:  0.1, Workers: 4
[4361.794s][debug][gc,phases      ] GC(205)     Dead                           Min: 0, Avg:  4.0, Max: 14, Diff: 14, Sum: 16, Workers: 4
[4361.794s][debug][gc,phases      ] GC(205)     Total                          Min: 0, Avg: 4019.5, Max: 6848, Diff: 6848, Sum: 16078, Workers: 4
[4361.794s][debug][gc,phases      ] GC(205)   JNI Weak                       Min:  0.0, Avg:  0.0, Max:  0.0, Diff:  0.0, Sum:  0.0, Workers: 4
[4361.794s][debug][gc,phases      ] GC(205)     Dead                           Min: 0, Avg:  0.0, Max: 0, Diff: 0, Sum: 0, Workers: 4
[4361.794s][debug][gc,phases      ] GC(205)     Total                          Min: 0, Avg: 13.0, Max: 52, Diff: 52, Sum: 52, Workers: 4
[4361.794s][debug][gc,phases      ] GC(205)   StringDedup Table Weak         Min:  0.0, Avg:  0.0, Max:  0.0, Diff:  0.0, Sum:  0.0, Workers: 4
[4361.794s][debug][gc,phases      ] GC(205)     Dead                           Min: 0, Avg:  0.0, Max: 0, Diff: 0, Sum: 0, Workers: 4
[4361.794s][debug][gc,phases      ] GC(205)     Total                          Min: 0, Avg:  0.0, Max: 0, Diff: 0, Sum: 0, Workers: 4
[4361.794s][debug][gc,phases      ] GC(205)   StringDedup Requests0 Weak     Min:  0.0, Avg:  0.0, Max:  0.0, Diff:  0.0, Sum:  0.0, Workers: 4
[4361.794s][debug][gc,phases      ] GC(205)     Dead                           Min: 0, Avg:  0.0, Max: 0, Diff: 0, Sum: 0, Workers: 4
[4361.794s][debug][gc,phases      ] GC(205)     Total                          Min: 0, Avg:  0.0, Max: 0, Diff: 0, Sum: 0, Workers: 4
[4361.794s][debug][gc,phases      ] GC(205)   StringDedup Requests1 Weak     Min:  0.0, Avg:  0.0, Max:  0.0, Diff:  0.0, Sum:  0.0, Workers: 4
[4361.794s][debug][gc,phases      ] GC(205)     Dead                           Min: 0, Avg:  0.0, Max: 0, Diff: 0, Sum: 0, Workers: 4
[4361.794s][debug][gc,phases      ] GC(205)     Total                          Min: 0, Avg:  0.0, Max: 0, Diff: 0, Sum: 0, Workers: 4
[4361.794s][debug][gc,phases      ] GC(205)   Weak JFR Old Object Samples    Min:  0.0, Avg:  0.0, Max:  0.0, Diff:  0.0, Sum:  0.0, Workers: 4
[4361.794s][debug][gc,phases      ] GC(205)     Dead                           Min: 0, Avg:  0.0, Max: 0, Diff: 0, Sum: 0, Workers: 4
[4361.794s][debug][gc,phases      ] GC(205)     Total                          Min: 0, Avg:  0.0, Max: 0, Diff: 0, Sum: 0, Workers: 4
[4361.794s][debug][gc,phases      ] GC(205) Weak Processing 0.382ms
[4361.794s][debug][gc,age         ] GC(205) Desired survivor size 50331648 bytes, new threshold 1 (max threshold 15)
[4361.794s][info ][gc,heap        ] GC(205) PSYoungGen: 2015984K(2045440K)->32064K(2046976K) Eden: 1996800K(1996800K)->0K(1996800K) From: 19184K(48640K)->32064K(50176K)
[4361.794s][info ][gc,heap        ] GC(205) ParOldGen: 530195K(530432K)->545851K(546304K)
[4361.794s][info ][gc,metaspace   ] GC(205) Metaspace: 111314K(112768K)->111314K(112768K) NonClass: 94739K(95552K)->94739K(95552K) Class: 16574K(17216K)->16574K(17216K)
[4361.794s][info ][gc             ] GC(205) Pause Young (Allocation Failure) 2486M->564M(2532M) 18.962ms
[4361.794s][info ][gc,cpu         ] GC(205) User=0.07s Sys=0.01s Real=0.02s
[4361.794s][info ][safepoint      ] Safepoint "ParallelGCFailedAllocation", Time since last: 97701 ns, Reaching safepoint: 75601 ns, Cleanup: 1400 ns, At safepoint: 19037207 ns, Total: 19114208 ns
[4364.795s][info ][safepoint      ] Safepoint "Cleanup", Time since last: 3000234774 ns, Reaching safepoint: 7100 ns, Cleanup: 9000 ns, At safepoint: 3100 ns, Total: 19200 ns
[4365.795s][info ][safepoint      ] Safepoint "Cleanup", Time since last: 1000117879 ns, Reaching safepoint: 81801 ns, Cleanup: 5000 ns, At safepoint: 28300 ns, Total: 115101 ns
[4373.795s][info ][safepoint      ] Safepoint "Cleanup", Time since last: 8000592042 ns, Reaching safepoint: 5500 ns, Cleanup: 11900 ns, At safepoint: 2500 ns, Total: 19900 ns
[4379.796s][info ][safepoint      ] Safepoint "Cleanup", Time since last: 6000444444 ns, Reaching safepoint: 5500 ns, Cleanup: 14700 ns, At safepoint: 2900 ns, Total: 23100 ns
[4382.658s][info ][gc,start       ] GC(206) Pause Young (Allocation Failure)
[4382.683s][debug][gc,phases      ] GC(206) Scavenge 24.865ms
[4382.683s][debug][gc,ref         ] GC(206) ReferenceProcessor::execute queues: 1, RefProcThreadModel::Single, marks_oops_alive: false
[4382.683s][debug][gc,ref         ] GC(206) Skipped KeepAliveFinalRefsPhase of Reference Processing: no references
[4382.683s][debug][gc,ref         ] GC(206) ReferenceProcessor::execute queues: 1, RefProcThreadModel::Single, marks_oops_alive: false
[4382.683s][debug][gc,phases      ] GC(206) Reference Processing 0.092ms
[4382.684s][debug][gc,phases      ] GC(206)   VM Weak                        Min:  0.0, Avg:  0.0, Max:  0.0, Diff:  0.0, Sum:  0.0, Workers: 4
[4382.684s][debug][gc,phases      ] GC(206)     Dead                           Min: 0, Avg:  0.0, Max: 0, Diff: 0, Sum: 0, Workers: 4
[4382.684s][debug][gc,phases      ] GC(206)     Total                          Min: 0, Avg: 277.0, Max: 532, Diff: 532, Sum: 1108, Workers: 4
[4382.684s][debug][gc,phases      ] GC(206)   ObjectSynchronizer Weak        Min:  0.0, Avg:  0.0, Max:  0.0, Diff:  0.0, Sum:  0.0, Workers: 4
[4382.684s][debug][gc,phases      ] GC(206)     Dead                           Min: 0, Avg:  0.0, Max: 0, Diff: 0, Sum: 0, Workers: 4
[4382.684s][debug][gc,phases      ] GC(206)     Total                          Min: 0, Avg:  1.0, Max: 4, Diff: 4, Sum: 4, Workers: 4
[4382.684s][debug][gc,phases      ] GC(206)   JVMTI Tag Weak OopStorage      Min:  0.0, Avg:  0.0, Max:  0.0, Diff:  0.0, Sum:  0.0, Workers: 4
[4382.684s][debug][gc,phases      ] GC(206)     Dead                           Min: 0, Avg:  0.0, Max: 0, Diff: 0, Sum: 0, Workers: 4
[4382.684s][debug][gc,phases      ] GC(206)     Total                          Min: 0, Avg:  0.0, Max: 0, Diff: 0, Sum: 0, Workers: 4
[4382.684s][debug][gc,phases      ] GC(206)   StringTable Weak               Min:  0.1, Avg:  0.1, Max:  0.1, Diff:  0.0, Sum:  0.5, Workers: 4
[4382.684s][debug][gc,phases      ] GC(206)     Dead                           Min: 0, Avg:  0.0, Max: 0, Diff: 0, Sum: 0, Workers: 4
[4382.684s][debug][gc,phases      ] GC(206)     Total                          Min: 11647, Avg: 11910.2, Max: 12096, Diff: 449, Sum: 47641, Workers: 4
[4382.684s][debug][gc,phases      ] GC(206)   ResolvedMethodTable Weak       Min:  0.0, Avg:  0.0, Max:  0.0, Diff:  0.0, Sum:  0.2, Workers: 4
[4382.684s][debug][gc,phases      ] GC(206)     Dead                           Min: 0, Avg:  4.0, Max: 16, Diff: 16, Sum: 16, Workers: 4
[4382.684s][debug][gc,phases      ] GC(206)     Total                          Min: 3905, Avg: 4019.5, Max: 4204, Diff: 299, Sum: 16078, Workers: 4
[4382.684s][debug][gc,phases      ] GC(206)   JNI Weak                       Min:  0.0, Avg:  0.0, Max:  0.0, Diff:  0.0, Sum:  0.0, Workers: 4
[4382.684s][debug][gc,phases      ] GC(206)     Dead                           Min: 0, Avg:  0.0, Max: 0, Diff: 0, Sum: 0, Workers: 4
[4382.684s][debug][gc,phases      ] GC(206)     Total                          Min: 0, Avg: 13.0, Max: 52, Diff: 52, Sum: 52, Workers: 4
[4382.684s][debug][gc,phases      ] GC(206)   StringDedup Table Weak         Min:  0.0, Avg:  0.0, Max:  0.0, Diff:  0.0, Sum:  0.0, Workers: 4
[4382.684s][debug][gc,phases      ] GC(206)     Dead                           Min: 0, Avg:  0.0, Max: 0, Diff: 0, Sum: 0, Workers: 4
[4382.684s][debug][gc,phases      ] GC(206)     Total                          Min: 0, Avg:  0.0, Max: 0, Diff: 0, Sum: 0, Workers: 4
[4382.684s][debug][gc,phases      ] GC(206)   StringDedup Requests0 Weak     Min:  0.0, Avg:  0.0, Max:  0.0, Diff:  0.0, Sum:  0.0, Workers: 4
[4382.684s][debug][gc,phases      ] GC(206)     Dead                           Min: 0, Avg:  0.0, Max: 0, Diff: 0, Sum: 0, Workers: 4
[4382.684s][debug][gc,phases      ] GC(206)     Total                          Min: 0, Avg:  0.0, Max: 0, Diff: 0, Sum: 0, Workers: 4
[4382.684s][debug][gc,phases      ] GC(206)   StringDedup Requests1 Weak     Min:  0.0, Avg:  0.0, Max:  0.0, Diff:  0.0, Sum:  0.0, Workers: 4
[4382.684s][debug][gc,phases      ] GC(206)     Dead                           Min: 0, Avg:  0.0, Max: 0, Diff: 0, Sum: 0, Workers: 4
[4382.684s][debug][gc,phases      ] GC(206)     Total                          Min: 0, Avg:  0.0, Max: 0, Diff: 0, Sum: 0, Workers: 4
[4382.684s][debug][gc,phases      ] GC(206)   Weak JFR Old Object Samples    Min:  0.0, Avg:  0.0, Max:  0.0, Diff:  0.0, Sum:  0.0, Workers: 4
[4382.684s][debug][gc,phases      ] GC(206)     Dead                           Min: 0, Avg:  0.0, Max: 0, Diff: 0, Sum: 0, Workers: 4
[4382.684s][debug][gc,phases      ] GC(206)     Total                          Min: 0, Avg:  0.0, Max: 0, Diff: 0, Sum: 0, Workers: 4
[4382.684s][debug][gc,phases      ] GC(206) Weak Processing 0.331ms
[4382.684s][debug][gc,age         ] GC(206) Desired survivor size 50331648 bytes, new threshold 1 (max threshold 15)
[4382.684s][info ][gc,heap        ] GC(206) PSYoungGen: 2028864K(2046976K)->23216K(2048000K) Eden: 1996800K(1996800K)->0K(1998848K) From: 32064K(50176K)->23216K(49152K)
[4382.684s][info ][gc,heap        ] GC(206) ParOldGen: 545851K(546304K)->573170K(573440K)
[4382.684s][info ][gc,metaspace   ] GC(206) Metaspace: 111317K(112768K)->111317K(112768K) NonClass: 94742K(95552K)->94742K(95552K) Class: 16574K(17216K)->16574K(17216K)
[4382.684s][info ][gc             ] GC(206) Pause Young (Allocation Failure) 2514M->582M(2560M) 25.432ms
[4382.684s][info ][gc,cpu         ] GC(206) User=0.08s Sys=0.01s Real=0.03s
[4382.684s][info ][safepoint      ] Safepoint "ParallelGCFailedAllocation", Time since last: 2862403194 ns, Reaching safepoint: 80201 ns, Cleanup: 3600 ns, At safepoint: 25510721 ns, Total: 25594522 ns
[4385.684s][info ][safepoint      ] Safepoint "Cleanup", Time since last: 3000226853 ns, Reaching safepoint: 5300 ns, Cleanup: 7900 ns, At safepoint: 2300 ns, Total: 15500 ns
[4386.684s][info ][safepoint      ] Safepoint "Cleanup", Time since last: 1000099379 ns, Reaching safepoint: 79901 ns, Cleanup: 9700 ns, At safepoint: 10500 ns, Total: 100101 ns
[4387.685s][info ][safepoint      ] Safepoint "Cleanup", Time since last: 1000116278 ns, Reaching safepoint: 78501 ns, Cleanup: 8300 ns, At safepoint: 6600 ns, Total: 93401 ns
[4388.685s][info ][safepoint      ] Safepoint "Cleanup", Time since last: 1000099479 ns, Reaching safepoint: 5200 ns, Cleanup: 8800 ns, At safepoint: 2400 ns, Total: 16400 ns
[4391.041s][info ][gc,start       ] GC(207) Pause Young (Allocation Failure)
[4391.062s][debug][gc,phases      ] GC(207) Scavenge 21.293ms
[4391.062s][debug][gc,ref         ] GC(207) Skipped SoftWeakFinalRefsPhase of Reference Processing: no references
[4391.062s][debug][gc,ref         ] GC(207) Skipped KeepAliveFinalRefsPhase of Reference Processing: no references
[4391.062s][debug][gc,ref         ] GC(207) ReferenceProcessor::execute queues: 1, RefProcThreadModel::Single, marks_oops_alive: false
[4391.062s][debug][gc,phases      ] GC(207) Reference Processing 0.093ms
[4391.063s][debug][gc,phases      ] GC(207)   VM Weak                        Min:  0.0, Avg:  0.0, Max:  0.0, Diff:  0.0, Sum:  0.0, Workers: 4
[4391.063s][debug][gc,phases      ] GC(207)     Dead                           Min: 0, Avg:  0.0, Max: 0, Diff: 0, Sum: 0, Workers: 4
[4391.063s][debug][gc,phases      ] GC(207)     Total                          Min: 0, Avg: 277.0, Max: 896, Diff: 896, Sum: 1108, Workers: 4
[4391.063s][debug][gc,phases      ] GC(207)   ObjectSynchronizer Weak        Min:  0.0, Avg:  0.0, Max:  0.0, Diff:  0.0, Sum:  0.0, Workers: 4
[4391.063s][debug][gc,phases      ] GC(207)     Dead                           Min: 0, Avg:  0.0, Max: 0, Diff: 0, Sum: 0, Workers: 4
[4391.063s][debug][gc,phases      ] GC(207)     Total                          Min: 0, Avg:  1.5, Max: 6, Diff: 6, Sum: 6, Workers: 4
[4391.063s][debug][gc,phases      ] GC(207)   JVMTI Tag Weak OopStorage      Min:  0.0, Avg:  0.0, Max:  0.0, Diff:  0.0, Sum:  0.0, Workers: 4
[4391.063s][debug][gc,phases      ] GC(207)     Dead                           Min: 0, Avg:  0.0, Max: 0, Diff: 0, Sum: 0, Workers: 4
[4391.063s][debug][gc,phases      ] GC(207)     Total                          Min: 0, Avg:  0.0, Max: 0, Diff: 0, Sum: 0, Workers: 4
[4391.063s][debug][gc,phases      ] GC(207)   StringTable Weak               Min:  0.0, Avg:  0.1, Max:  0.1, Diff:  0.1, Sum:  0.4, Workers: 4
[4391.063s][debug][gc,phases      ] GC(207)     Dead                           Min: 0, Avg:  0.0, Max: 0, Diff: 0, Sum: 0, Workers: 4
[4391.063s][debug][gc,phases      ] GC(207)     Total                          Min: 0, Avg: 11910.2, Max: 20953, Diff: 20953, Sum: 47641, Workers: 4
[4391.063s][debug][gc,phases      ] GC(207)   ResolvedMethodTable Weak       Min:  0.0, Avg:  0.0, Max:  0.0, Diff:  0.0, Sum:  0.1, Workers: 4
[4391.063s][debug][gc,phases      ] GC(207)     Dead                           Min: 0, Avg:  0.0, Max: 0, Diff: 0, Sum: 0, Workers: 4
[4391.063s][debug][gc,phases      ] GC(207)     Total                          Min: 0, Avg: 4019.5, Max: 6869, Diff: 6869, Sum: 16078, Workers: 4
[4391.063s][debug][gc,phases      ] GC(207)   JNI Weak                       Min:  0.0, Avg:  0.0, Max:  0.0, Diff:  0.0, Sum:  0.0, Workers: 4
[4391.063s][debug][gc,phases      ] GC(207)     Dead                           Min: 0, Avg:  0.0, Max: 0, Diff: 0, Sum: 0, Workers: 4
[4391.063s][debug][gc,phases      ] GC(207)     Total                          Min: 0, Avg: 13.0, Max: 52, Diff: 52, Sum: 52, Workers: 4
[4391.063s][debug][gc,phases      ] GC(207)   StringDedup Table Weak         Min:  0.0, Avg:  0.0, Max:  0.0, Diff:  0.0, Sum:  0.0, Workers: 4
[4391.063s][debug][gc,phases      ] GC(207)     Dead                           Min: 0, Avg:  0.0, Max: 0, Diff: 0, Sum: 0, Workers: 4
[4391.063s][debug][gc,phases      ] GC(207)     Total                          Min: 0, Avg:  0.0, Max: 0, Diff: 0, Sum: 0, Workers: 4
[4391.063s][debug][gc,phases      ] GC(207)   StringDedup Requests0 Weak     Min:  0.0, Avg:  0.0, Max:  0.0, Diff:  0.0, Sum:  0.0, Workers: 4
[4391.063s][debug][gc,phases      ] GC(207)     Dead                           Min: 0, Avg:  0.0, Max: 0, Diff: 0, Sum: 0, Workers: 4
[4391.063s][debug][gc,phases      ] GC(207)     Total                          Min: 0, Avg:  0.0, Max: 0, Diff: 0, Sum: 0, Workers: 4
[4391.063s][debug][gc,phases      ] GC(207)   StringDedup Requests1 Weak     Min:  0.0, Avg:  0.0, Max:  0.0, Diff:  0.0, Sum:  0.0, Workers: 4
[4391.063s][debug][gc,phases      ] GC(207)     Dead                           Min: 0, Avg:  0.0, Max: 0, Diff: 0, Sum: 0, Workers: 4
[4391.063s][debug][gc,phases      ] GC(207)     Total                          Min: 0, Avg:  0.0, Max: 0, Diff: 0, Sum: 0, Workers: 4
[4391.063s][debug][gc,phases      ] GC(207)   Weak JFR Old Object Samples    Min:  0.0, Avg:  0.0, Max:  0.0, Diff:  0.0, Sum:  0.0, Workers: 4
[4391.063s][debug][gc,phases      ] GC(207)     Dead                           Min: 0, Avg:  0.0, Max: 0, Diff: 0, Sum: 0, Workers: 4
[4391.063s][debug][gc,phases      ] GC(207)     Total                          Min: 0, Avg:  0.0, Max: 0, Diff: 0, Sum: 0, Workers: 4
[4391.063s][debug][gc,phases      ] GC(207) Weak Processing 0.347ms
[4391.063s][debug][gc,age         ] GC(207) Desired survivor size 49283072 bytes, new threshold 1 (max threshold 15)
[4391.063s][info ][gc,heap        ] GC(207) PSYoungGen: 2022064K(2048000K)->31008K(2048000K) Eden: 1998848K(1998848K)->0K(1998848K) From: 23216K(49152K)->31008K(49152K)
[4391.063s][info ][gc,heap        ] GC(207) ParOldGen: 573170K(573440K)->593012K(593408K)
[4391.063s][info ][gc,metaspace   ] GC(207) Metaspace: 111321K(112768K)->111321K(112768K) NonClass: 94746K(95552K)->94746K(95552K) Class: 16574K(17216K)->16574K(17216K)
[4391.063s][info ][gc             ] GC(207) Pause Young (Allocation Failure) 2534M->609M(2579M) 21.841ms
[4391.063s][info ][gc,cpu         ] GC(207) User=0.07s Sys=0.01s Real=0.02s
[4391.063s][info ][safepoint      ] Safepoint "ParallelGCFailedAllocation", Time since last: 2356208608 ns, Reaching safepoint: 4900 ns, Cleanup: 8400 ns, At safepoint: 21906595 ns, Total: 21919895 ns
[4397.066s][info ][safepoint      ] Safepoint "Cleanup", Time since last: 6003215632 ns, Reaching safepoint: 7000 ns, Cleanup: 10400 ns, At safepoint: 2500 ns, Total: 19900 ns
[4398.968s][info ][gc,start       ] GC(208) Pause Young (Allocation Failure)
[4398.994s][debug][gc,phases      ] GC(208) Scavenge 26.104ms
[4398.994s][debug][gc,ref         ] GC(208) Skipped SoftWeakFinalRefsPhase of Reference Processing: no references
[4398.994s][debug][gc,ref         ] GC(208) Skipped KeepAliveFinalRefsPhase of Reference Processing: no references
[4398.995s][debug][gc,ref         ] GC(208) ReferenceProcessor::execute queues: 1, RefProcThreadModel::Single, marks_oops_alive: false
[4398.995s][debug][gc,phases      ] GC(208) Reference Processing 0.097ms
[4398.995s][debug][gc,phases      ] GC(208)   VM Weak                        Min:  0.0, Avg:  0.0, Max:  0.0, Diff:  0.0, Sum:  0.0, Workers: 4
[4398.995s][debug][gc,phases      ] GC(208)     Dead                           Min: 0, Avg:  0.0, Max: 0, Diff: 0, Sum: 0, Workers: 4
[4398.995s][debug][gc,phases      ] GC(208)     Total                          Min: 0, Avg: 277.0, Max: 980, Diff: 980, Sum: 1108, Workers: 4
[4398.995s][debug][gc,phases      ] GC(208)   ObjectSynchronizer Weak        Min:  0.0, Avg:  0.0, Max:  0.0, Diff:  0.0, Sum:  0.0, Workers: 4
[4398.995s][debug][gc,phases      ] GC(208)     Dead                           Min: 0, Avg:  0.0, Max: 0, Diff: 0, Sum: 0, Workers: 4
[4398.995s][debug][gc,phases      ] GC(208)     Total                          Min: 0, Avg:  1.5, Max: 6, Diff: 6, Sum: 6, Workers: 4
[4398.995s][debug][gc,phases      ] GC(208)   JVMTI Tag Weak OopStorage      Min:  0.0, Avg:  0.0, Max:  0.0, Diff:  0.0, Sum:  0.0, Workers: 4
[4398.995s][debug][gc,phases      ] GC(208)     Dead                           Min: 0, Avg:  0.0, Max: 0, Diff: 0, Sum: 0, Workers: 4
[4398.995s][debug][gc,phases      ] GC(208)     Total                          Min: 0, Avg:  0.0, Max: 0, Diff: 0, Sum: 0, Workers: 4
[4398.995s][debug][gc,phases      ] GC(208)   StringTable Weak               Min:  0.0, Avg:  0.1, Max:  0.1, Diff:  0.1, Sum:  0.4, Workers: 4
[4398.995s][debug][gc,phases      ] GC(208)     Dead                           Min: 0, Avg:  0.0, Max: 0, Diff: 0, Sum: 0, Workers: 4
[4398.995s][debug][gc,phases      ] GC(208)     Total                          Min: 0, Avg: 11910.2, Max: 19967, Diff: 19967, Sum: 47641, Workers: 4
[4398.995s][debug][gc,phases      ] GC(208)   ResolvedMethodTable Weak       Min:  0.0, Avg:  0.0, Max:  0.0, Diff:  0.0, Sum:  0.1, Workers: 4
[4398.995s][debug][gc,phases      ] GC(208)     Dead                           Min: 0, Avg:  4.0, Max: 16, Diff: 16, Sum: 16, Workers: 4
[4398.995s][debug][gc,phases      ] GC(208)     Total                          Min: 0, Avg: 4019.5, Max: 6641, Diff: 6641, Sum: 16078, Workers: 4
[4398.995s][debug][gc,phases      ] GC(208)   JNI Weak                       Min:  0.0, Avg:  0.0, Max:  0.0, Diff:  0.0, Sum:  0.0, Workers: 4
[4398.995s][debug][gc,phases      ] GC(208)     Dead                           Min: 0, Avg:  0.0, Max: 0, Diff: 0, Sum: 0, Workers: 4
[4398.995s][debug][gc,phases      ] GC(208)     Total                          Min: 0, Avg: 13.0, Max: 52, Diff: 52, Sum: 52, Workers: 4
[4398.995s][debug][gc,phases      ] GC(208)   StringDedup Table Weak         Min:  0.0, Avg:  0.0, Max:  0.0, Diff:  0.0, Sum:  0.0, Workers: 4
[4398.995s][debug][gc,phases      ] GC(208)     Dead                           Min: 0, Avg:  0.0, Max: 0, Diff: 0, Sum: 0, Workers: 4
[4398.995s][debug][gc,phases      ] GC(208)     Total                          Min: 0, Avg:  0.0, Max: 0, Diff: 0, Sum: 0, Workers: 4
[4398.995s][debug][gc,phases      ] GC(208)   StringDedup Requests0 Weak     Min:  0.0, Avg:  0.0, Max:  0.0, Diff:  0.0, Sum:  0.0, Workers: 4
[4398.995s][debug][gc,phases      ] GC(208)     Dead                           Min: 0, Avg:  0.0, Max: 0, Diff: 0, Sum: 0, Workers: 4
[4398.995s][debug][gc,phases      ] GC(208)     Total                          Min: 0, Avg:  0.0, Max: 0, Diff: 0, Sum: 0, Workers: 4
[4398.995s][debug][gc,phases      ] GC(208)   StringDedup Requests1 Weak     Min:  0.0, Avg:  0.0, Max:  0.0, Diff:  0.0, Sum:  0.0, Workers: 4
[4398.995s][debug][gc,phases      ] GC(208)     Dead                           Min: 0, Avg:  0.0, Max: 0, Diff: 0, Sum: 0, Workers: 4
[4398.995s][debug][gc,phases      ] GC(208)     Total                          Min: 0, Avg:  0.0, Max: 0, Diff: 0, Sum: 0, Workers: 4
[4398.995s][debug][gc,phases      ] GC(208)   Weak JFR Old Object Samples    Min:  0.0, Avg:  0.0, Max:  0.0, Diff:  0.0, Sum:  0.0, Workers: 4
[4398.995s][debug][gc,phases      ] GC(208)     Dead                           Min: 0, Avg:  0.0, Max: 0, Diff: 0, Sum: 0, Workers: 4
[4398.995s][debug][gc,phases      ] GC(208)     Total                          Min: 0, Avg:  0.0, Max: 0, Diff: 0, Sum: 0, Workers: 4
[4398.995s][debug][gc,phases      ] GC(208) Weak Processing 0.393ms
[4398.995s][debug][gc,age         ] GC(208) Desired survivor size 47710208 bytes, new threshold 1 (max threshold 15)
[4398.995s][info ][gc,heap        ] GC(208) PSYoungGen: 2029856K(2048000K)->31424K(2050560K) Eden: 1998848K(1998848K)->0K(2002432K) From: 31008K(49152K)->31424K(48128K)
[4398.995s][info ][gc,heap        ] GC(208) ParOldGen: 593012K(593408K)->620459K(620544K)
[4398.995s][info ][gc,metaspace   ] GC(208) Metaspace: 111325K(112768K)->111325K(112768K) NonClass: 94750K(95552K)->94750K(95552K) Class: 16574K(17216K)->16574K(17216K)
[4398.995s][info ][gc             ] GC(208) Pause Young (Allocation Failure) 2561M->636M(2608M) 26.713ms
[4398.995s][info ][gc,cpu         ] GC(208) User=0.09s Sys=0.01s Real=0.03s
[4398.995s][info ][safepoint      ] Safepoint "ParallelGCFailedAllocation", Time since last: 1902066144 ns, Reaching safepoint: 80201 ns, Cleanup: 3800 ns, At safepoint: 26788633 ns, Total: 26872634 ns
[4400.995s][info ][safepoint      ] Safepoint "Cleanup", Time since last: 2000159418 ns, Reaching safepoint: 5300 ns, Cleanup: 18500 ns, At safepoint: 21000 ns, Total: 44800 ns
[4401.995s][info ][safepoint      ] Safepoint "Cleanup", Time since last: 1000096418 ns, Reaching safepoint: 5800 ns, Cleanup: 9900 ns, At safepoint: 2300 ns, Total: 18000 ns
[4403.996s][info ][safepoint      ] Safepoint "Cleanup", Time since last: 2000170968 ns, Reaching safepoint: 5900 ns, Cleanup: 18400 ns, At safepoint: 2800 ns, Total: 27100 ns
[4405.996s][info ][safepoint      ] Safepoint "Cleanup", Time since last: 2000175308 ns, Reaching safepoint: 6100 ns, Cleanup: 26300 ns, At safepoint: 2800 ns, Total: 35200 ns
[4407.996s][info ][safepoint      ] Safepoint "Cleanup", Time since last: 2000170901 ns, Reaching safepoint: 5800 ns, Cleanup: 9300 ns, At safepoint: 2400 ns, Total: 17500 ns
[4409.996s][info ][safepoint      ] Safepoint "Cleanup", Time since last: 2000175339 ns, Reaching safepoint: 79201 ns, Cleanup: 6500 ns, At safepoint: 11800 ns, Total: 97501 ns
[4410.996s][info ][safepoint      ] Safepoint "Cleanup", Time since last: 1000106770 ns, Reaching safepoint: 79300 ns, Cleanup: 35801 ns, At safepoint: 11900 ns, Total: 127001 ns
[4411.286s][info ][gc,start       ] GC(209) Pause Young (Allocation Failure)
[4411.310s][debug][gc,phases      ] GC(209) Scavenge 23.438ms
[4411.310s][debug][gc,ref         ] GC(209) Skipped SoftWeakFinalRefsPhase of Reference Processing: no references
[4411.310s][debug][gc,ref         ] GC(209) Skipped KeepAliveFinalRefsPhase of Reference Processing: no references
[4411.310s][debug][gc,ref         ] GC(209) ReferenceProcessor::execute queues: 1, RefProcThreadModel::Single, marks_oops_alive: false
[4411.310s][debug][gc,phases      ] GC(209) Reference Processing 0.093ms
[4411.310s][debug][gc,phases      ] GC(209)   VM Weak                        Min:  0.0, Avg:  0.0, Max:  0.0, Diff:  0.0, Sum:  0.0, Workers: 4
[4411.310s][debug][gc,phases      ] GC(209)     Dead                           Min: 0, Avg:  0.0, Max: 0, Diff: 0, Sum: 0, Workers: 4
[4411.310s][debug][gc,phases      ] GC(209)     Total                          Min: 0, Avg: 277.0, Max: 832, Diff: 832, Sum: 1108, Workers: 4
[4411.310s][debug][gc,phases      ] GC(209)   ObjectSynchronizer Weak        Min:  0.0, Avg:  0.0, Max:  0.0, Diff:  0.0, Sum:  0.0, Workers: 4
[4411.310s][debug][gc,phases      ] GC(209)     Dead                           Min: 0, Avg:  0.0, Max: 0, Diff: 0, Sum: 0, Workers: 4
[4411.310s][debug][gc,phases      ] GC(209)     Total                          Min: 0, Avg:  1.5, Max: 6, Diff: 6, Sum: 6, Workers: 4
[4411.310s][debug][gc,phases      ] GC(209)   JVMTI Tag Weak OopStorage      Min:  0.0, Avg:  0.0, Max:  0.0, Diff:  0.0, Sum:  0.0, Workers: 4
[4411.310s][debug][gc,phases      ] GC(209)     Dead                           Min: 0, Avg:  0.0, Max: 0, Diff: 0, Sum: 0, Workers: 4
[4411.310s][debug][gc,phases      ] GC(209)     Total                          Min: 0, Avg:  0.0, Max: 0, Diff: 0, Sum: 0, Workers: 4
[4411.310s][debug][gc,phases      ] GC(209)   StringTable Weak               Min:  0.1, Avg:  0.1, Max:  0.1, Diff:  0.1, Sum:  0.5, Workers: 4
[4411.310s][debug][gc,phases      ] GC(209)     Dead                           Min: 0, Avg:  0.0, Max: 0, Diff: 0, Sum: 0, Workers: 4
[4411.310s][debug][gc,phases      ] GC(209)     Total                          Min: 4928, Avg: 11910.5, Max: 15936, Diff: 11008, Sum: 47642, Workers: 4
[4411.310s][debug][gc,phases      ] GC(209)   ResolvedMethodTable Weak       Min:  0.0, Avg:  0.0, Max:  0.0, Diff:  0.0, Sum:  0.2, Workers: 4
[4411.310s][debug][gc,phases      ] GC(209)     Dead                           Min: 0, Avg:  0.0, Max: 0, Diff: 0, Sum: 0, Workers: 4
[4411.310s][debug][gc,phases      ] GC(209)     Total                          Min: 3936, Avg: 4019.5, Max: 4097, Diff: 161, Sum: 16078, Workers: 4
[4411.310s][debug][gc,phases      ] GC(209)   JNI Weak                       Min:  0.0, Avg:  0.0, Max:  0.0, Diff:  0.0, Sum:  0.0, Workers: 4
[4411.310s][debug][gc,phases      ] GC(209)     Dead                           Min: 0, Avg:  0.0, Max: 0, Diff: 0, Sum: 0, Workers: 4
[4411.310s][debug][gc,phases      ] GC(209)     Total                          Min: 0, Avg: 13.0, Max: 52, Diff: 52, Sum: 52, Workers: 4
[4411.310s][debug][gc,phases      ] GC(209)   StringDedup Table Weak         Min:  0.0, Avg:  0.0, Max:  0.0, Diff:  0.0, Sum:  0.0, Workers: 4
[4411.310s][debug][gc,phases      ] GC(209)     Dead                           Min: 0, Avg:  0.0, Max: 0, Diff: 0, Sum: 0, Workers: 4
[4411.310s][debug][gc,phases      ] GC(209)     Total                          Min: 0, Avg:  0.0, Max: 0, Diff: 0, Sum: 0, Workers: 4
[4411.310s][debug][gc,phases      ] GC(209)   StringDedup Requests0 Weak     Min:  0.0, Avg:  0.0, Max:  0.0, Diff:  0.0, Sum:  0.0, Workers: 4
[4411.310s][debug][gc,phases      ] GC(209)     Dead                           Min: 0, Avg:  0.0, Max: 0, Diff: 0, Sum: 0, Workers: 4
[4411.310s][debug][gc,phases      ] GC(209)     Total                          Min: 0, Avg:  0.0, Max: 0, Diff: 0, Sum: 0, Workers: 4
[4411.310s][debug][gc,phases      ] GC(209)   StringDedup Requests1 Weak     Min:  0.0, Avg:  0.0, Max:  0.0, Diff:  0.0, Sum:  0.0, Workers: 4
[4411.310s][debug][gc,phases      ] GC(209)     Dead                           Min: 0, Avg:  0.0, Max: 0, Diff: 0, Sum: 0, Workers: 4
[4411.310s][debug][gc,phases      ] GC(209)     Total                          Min: 0, Avg:  0.0, Max: 0, Diff: 0, Sum: 0, Workers: 4
[4411.310s][debug][gc,phases      ] GC(209)   Weak JFR Old Object Samples    Min:  0.0, Avg:  0.0, Max:  0.0, Diff:  0.0, Sum:  0.0, Workers: 4
[4411.310s][debug][gc,phases      ] GC(209)     Dead                           Min: 0, Avg:  0.0, Max: 0, Diff: 0, Sum: 0, Workers: 4
[4411.310s][debug][gc,phases      ] GC(209)     Total                          Min: 0, Avg:  0.0, Max: 0, Diff: 0, Sum: 0, Workers: 4
[4411.310s][debug][gc,phases      ] GC(209) Weak Processing 0.358ms
[4411.310s][debug][gc,age         ] GC(209) Desired survivor size 46661632 bytes, new threshold 1 (max threshold 15)
[4411.310s][info ][gc,heap        ] GC(209) PSYoungGen: 2033856K(2050560K)->30528K(2049024K) Eden: 2002432K(2002432K)->0K(2002432K) From: 31424K(48128K)->30528K(46592K)
[4411.310s][info ][gc,heap        ] GC(209) ParOldGen: 620459K(620544K)->646842K(647168K)
[4411.310s][info ][gc,metaspace   ] GC(209) Metaspace: 111338K(112768K)->111338K(112768K) NonClass: 94763K(95552K)->94763K(95552K) Class: 16574K(17216K)->16574K(17216K)
[4411.310s][info ][gc             ] GC(209) Pause Young (Allocation Failure) 2592M->661M(2633M) 23.997ms
[4411.310s][info ][gc,cpu         ] GC(209) User=0.07s Sys=0.02s Real=0.03s
[4411.310s][info ][safepoint      ] Safepoint "ParallelGCFailedAllocation", Time since last: 289603710 ns, Reaching safepoint: 77301 ns, Cleanup: 8500 ns, At safepoint: 24068609 ns, Total: 24154410 ns
[4413.310s][info ][safepoint      ] Safepoint "Cleanup", Time since last: 2000157439 ns, Reaching safepoint: 78700 ns, Cleanup: 8000 ns, At safepoint: 6100 ns, Total: 92800 ns
[4415.311s][info ][safepoint      ] Safepoint "Cleanup", Time since last: 2000173640 ns, Reaching safepoint: 78600 ns, Cleanup: 8200 ns, At safepoint: 5800 ns, Total: 92600 ns
[4419.311s][info ][safepoint      ] Safepoint "Cleanup", Time since last: 4000319203 ns, Reaching safepoint: 77100 ns, Cleanup: 9400 ns, At safepoint: 6601 ns, Total: 93101 ns
[4420.015s][info ][gc,start       ] GC(210) Pause Young (Allocation Failure)
[4420.040s][debug][gc,phases      ] GC(210) Scavenge 24.630ms
[4420.040s][debug][gc,ref         ] GC(210) ReferenceProcessor::execute queues: 1, RefProcThreadModel::Single, marks_oops_alive: false
[4420.040s][debug][gc,ref         ] GC(210) Skipped KeepAliveFinalRefsPhase of Reference Processing: no references
[4420.040s][debug][gc,ref         ] GC(210) ReferenceProcessor::execute queues: 1, RefProcThreadModel::Single, marks_oops_alive: false
[4420.040s][debug][gc,phases      ] GC(210) Reference Processing 0.092ms
[4420.041s][debug][gc,phases      ] GC(210)   VM Weak                        Min:  0.0, Avg:  0.0, Max:  0.0, Diff:  0.0, Sum:  0.0, Workers: 4
[4420.041s][debug][gc,phases      ] GC(210)     Dead                           Min: 0, Avg:  0.0, Max: 0, Diff: 0, Sum: 0, Workers: 4
[4420.041s][debug][gc,phases      ] GC(210)     Total                          Min: 0, Avg: 277.0, Max: 916, Diff: 916, Sum: 1108, Workers: 4
[4420.041s][debug][gc,phases      ] GC(210)   ObjectSynchronizer Weak        Min:  0.0, Avg:  0.0, Max:  0.0, Diff:  0.0, Sum:  0.0, Workers: 4
[4420.041s][debug][gc,phases      ] GC(210)     Dead                           Min: 0, Avg:  0.0, Max: 0, Diff: 0, Sum: 0, Workers: 4
[4420.041s][debug][gc,phases      ] GC(210)     Total                          Min: 0, Avg:  1.8, Max: 7, Diff: 7, Sum: 7, Workers: 4
[4420.041s][debug][gc,phases      ] GC(210)   JVMTI Tag Weak OopStorage      Min:  0.0, Avg:  0.0, Max:  0.0, Diff:  0.0, Sum:  0.0, Workers: 4
[4420.041s][debug][gc,phases      ] GC(210)     Dead                           Min: 0, Avg:  0.0, Max: 0, Diff: 0, Sum: 0, Workers: 4
[4420.041s][debug][gc,phases      ] GC(210)     Total                          Min: 0, Avg:  0.0, Max: 0, Diff: 0, Sum: 0, Workers: 4
[4420.041s][debug][gc,phases      ] GC(210)   StringTable Weak               Min:  0.0, Avg:  0.1, Max:  0.1, Diff:  0.1, Sum:  0.4, Workers: 4
[4420.041s][debug][gc,phases      ] GC(210)     Dead                           Min: 0, Avg:  0.0, Max: 0, Diff: 0, Sum: 0, Workers: 4
[4420.041s][debug][gc,phases      ] GC(210)     Total                          Min: 0, Avg: 11910.8, Max: 20892, Diff: 20892, Sum: 47643, Workers: 4
[4420.041s][debug][gc,phases      ] GC(210)   ResolvedMethodTable Weak       Min:  0.0, Avg:  0.0, Max:  0.1, Diff:  0.1, Sum:  0.2, Workers: 4
[4420.041s][debug][gc,phases      ] GC(210)     Dead                           Min: 0, Avg:  0.0, Max: 0, Diff: 0, Sum: 0, Workers: 4
[4420.041s][debug][gc,phases      ] GC(210)     Total                          Min: 0, Avg: 4019.5, Max: 7340, Diff: 7340, Sum: 16078, Workers: 4
[4420.041s][debug][gc,phases      ] GC(210)   JNI Weak                       Min:  0.0, Avg:  0.0, Max:  0.0, Diff:  0.0, Sum:  0.0, Workers: 4
[4420.041s][debug][gc,phases      ] GC(210)     Dead                           Min: 0, Avg:  0.0, Max: 0, Diff: 0, Sum: 0, Workers: 4
[4420.041s][debug][gc,phases      ] GC(210)     Total                          Min: 0, Avg: 13.0, Max: 52, Diff: 52, Sum: 52, Workers: 4
[4420.041s][debug][gc,phases      ] GC(210)   StringDedup Table Weak         Min:  0.0, Avg:  0.0, Max:  0.0, Diff:  0.0, Sum:  0.0, Workers: 4
[4420.041s][debug][gc,phases      ] GC(210)     Dead                           Min: 0, Avg:  0.0, Max: 0, Diff: 0, Sum: 0, Workers: 4
[4420.041s][debug][gc,phases      ] GC(210)     Total                          Min: 0, Avg:  0.0, Max: 0, Diff: 0, Sum: 0, Workers: 4
[4420.041s][debug][gc,phases      ] GC(210)   StringDedup Requests0 Weak     Min:  0.0, Avg:  0.0, Max:  0.0, Diff:  0.0, Sum:  0.0, Workers: 4
[4420.041s][debug][gc,phases      ] GC(210)     Dead                           Min: 0, Avg:  0.0, Max: 0, Diff: 0, Sum: 0, Workers: 4
[4420.041s][debug][gc,phases      ] GC(210)     Total                          Min: 0, Avg:  0.0, Max: 0, Diff: 0, Sum: 0, Workers: 4
[4420.041s][debug][gc,phases      ] GC(210)   StringDedup Requests1 Weak     Min:  0.0, Avg:  0.0, Max:  0.0, Diff:  0.0, Sum:  0.0, Workers: 4
[4420.041s][debug][gc,phases      ] GC(210)     Dead                           Min: 0, Avg:  0.0, Max: 0, Diff: 0, Sum: 0, Workers: 4
[4420.041s][debug][gc,phases      ] GC(210)     Total                          Min: 0, Avg:  0.0, Max: 0, Diff: 0, Sum: 0, Workers: 4
[4420.041s][debug][gc,phases      ] GC(210)   Weak JFR Old Object Samples    Min:  0.0, Avg:  0.0, Max:  0.0, Diff:  0.0, Sum:  0.0, Workers: 4
[4420.041s][debug][gc,phases      ] GC(210)     Dead                           Min: 0, Avg:  0.0, Max: 0, Diff: 0, Sum: 0, Workers: 4
[4420.041s][debug][gc,phases      ] GC(210)     Total                          Min: 0, Avg:  0.0, Max: 0, Diff: 0, Sum: 0, Workers: 4
[4420.041s][debug][gc,phases      ] GC(210) Weak Processing 0.379ms
[4420.041s][debug][gc,age         ] GC(210) Desired survivor size 45613056 bytes, new threshold 1 (max threshold 15)
[4420.041s][info ][gc,heap        ] GC(210) PSYoungGen: 2032960K(2049024K)->30880K(2052608K) Eden: 2002432K(2002432K)->0K(2007040K) From: 30528K(46592K)->30880K(45568K)
[4420.041s][info ][gc,heap        ] GC(210) ParOldGen: 646842K(647168K)->673880K(674304K)
[4420.041s][info ][gc,metaspace   ] GC(210) Metaspace: 111339K(112832K)->111339K(112832K) NonClass: 94764K(95616K)->94764K(95616K) Class: 16574K(17216K)->16574K(17216K)
[4420.041s][info ][gc             ] GC(210) Pause Young (Allocation Failure) 2616M->688M(2663M) 25.231ms
[4420.041s][info ][gc,cpu         ] GC(210) User=0.08s Sys=0.01s Real=0.03s
[4420.041s][info ][safepoint      ] Safepoint "ParallelGCFailedAllocation", Time since last: 704243129 ns, Reaching safepoint: 80801 ns, Cleanup: 3300 ns, At safepoint: 25312620 ns, Total: 25396721 ns
[4422.041s][info ][safepoint      ] Safepoint "Cleanup", Time since last: 2000156410 ns, Reaching safepoint: 78300 ns, Cleanup: 7401 ns, At safepoint: 9900 ns, Total: 95601 ns
[4424.041s][info ][safepoint      ] Safepoint "Cleanup", Time since last: 2000182624 ns, Reaching safepoint: 78000 ns, Cleanup: 8500 ns, At safepoint: 12300 ns, Total: 98800 ns
[4426.042s][info ][safepoint      ] Safepoint "Cleanup", Time since last: 2000181822 ns, Reaching safepoint: 78801 ns, Cleanup: 7900 ns, At safepoint: 11200 ns, Total: 97901 ns
[4427.042s][info ][safepoint      ] Safepoint "Cleanup", Time since last: 1000104161 ns, Reaching safepoint: 5800 ns, Cleanup: 7600 ns, At safepoint: 2000 ns, Total: 15400 ns
[4428.042s][info ][safepoint      ] Safepoint "Cleanup", Time since last: 1000099261 ns, Reaching safepoint: 5700 ns, Cleanup: 9900 ns, At safepoint: 3300 ns, Total: 18900 ns
[4430.736s][info ][gc,start       ] GC(211) Pause Young (Allocation Failure)
[4430.759s][debug][gc,phases      ] GC(211) Scavenge 23.055ms
[4430.759s][debug][gc,ref         ] GC(211) Skipped SoftWeakFinalRefsPhase of Reference Processing: no references
[4430.759s][debug][gc,ref         ] GC(211) Skipped KeepAliveFinalRefsPhase of Reference Processing: no references
[4430.759s][debug][gc,ref         ] GC(211) Skipped PhantomRefsPhase of Reference Processing: no references
[4430.759s][debug][gc,phases      ] GC(211) Reference Processing 0.019ms
[4430.759s][debug][gc,phases      ] GC(211)   VM Weak                        Min:  0.0, Avg:  0.0, Max:  0.0, Diff:  0.0, Sum:  0.0, Workers: 4
[4430.759s][debug][gc,phases      ] GC(211)     Dead                           Min: 0, Avg:  0.0, Max: 0, Diff: 0, Sum: 0, Workers: 4
[4430.759s][debug][gc,phases      ] GC(211)     Total                          Min: 0, Avg: 277.0, Max: 512, Diff: 512, Sum: 1108, Workers: 4
[4430.759s][debug][gc,phases      ] GC(211)   ObjectSynchronizer Weak        Min:  0.0, Avg:  0.0, Max:  0.0, Diff:  0.0, Sum:  0.0, Workers: 4
[4430.759s][debug][gc,phases      ] GC(211)     Dead                           Min: 0, Avg:  0.0, Max: 0, Diff: 0, Sum: 0, Workers: 4
[4430.759s][debug][gc,phases      ] GC(211)     Total                          Min: 0, Avg:  1.8, Max: 7, Diff: 7, Sum: 7, Workers: 4
[4430.759s][debug][gc,phases      ] GC(211)   JVMTI Tag Weak OopStorage      Min:  0.0, Avg:  0.0, Max:  0.0, Diff:  0.0, Sum:  0.0, Workers: 4
[4430.759s][debug][gc,phases      ] GC(211)     Dead                           Min: 0, Avg:  0.0, Max: 0, Diff: 0, Sum: 0, Workers: 4
[4430.759s][debug][gc,phases      ] GC(211)     Total                          Min: 0, Avg:  0.0, Max: 0, Diff: 0, Sum: 0, Workers: 4
[4430.759s][debug][gc,phases      ] GC(211)   StringTable Weak               Min:  0.0, Avg:  0.1, Max:  0.1, Diff:  0.1, Sum:  0.4, Workers: 4
[4430.759s][debug][gc,phases      ] GC(211)     Dead                           Min: 0, Avg:  0.0, Max: 0, Diff: 0, Sum: 0, Workers: 4
[4430.759s][debug][gc,phases      ] GC(211)     Total                          Min: 0, Avg: 11910.8, Max: 20572, Diff: 20572, Sum: 47643, Workers: 4
[4430.759s][debug][gc,phases      ] GC(211)   ResolvedMethodTable Weak       Min:  0.0, Avg:  0.0, Max:  0.0, Diff:  0.0, Sum:  0.1, Workers: 4
[4430.759s][debug][gc,phases      ] GC(211)     Dead                           Min: 0, Avg:  4.0, Max: 16, Diff: 16, Sum: 16, Workers: 4
[4430.759s][debug][gc,phases      ] GC(211)     Total                          Min: 0, Avg: 4019.5, Max: 6827, Diff: 6827, Sum: 16078, Workers: 4
[4430.759s][debug][gc,phases      ] GC(211)   JNI Weak                       Min:  0.0, Avg:  0.0, Max:  0.0, Diff:  0.0, Sum:  0.0, Workers: 4
[4430.759s][debug][gc,phases      ] GC(211)     Dead                           Min: 0, Avg:  0.0, Max: 0, Diff: 0, Sum: 0, Workers: 4
[4430.759s][debug][gc,phases      ] GC(211)     Total                          Min: 0, Avg: 13.0, Max: 52, Diff: 52, Sum: 52, Workers: 4
[4430.759s][debug][gc,phases      ] GC(211)   StringDedup Table Weak         Min:  0.0, Avg:  0.0, Max:  0.0, Diff:  0.0, Sum:  0.0, Workers: 4
[4430.759s][debug][gc,phases      ] GC(211)     Dead                           Min: 0, Avg:  0.0, Max: 0, Diff: 0, Sum: 0, Workers: 4
[4430.759s][debug][gc,phases      ] GC(211)     Total                          Min: 0, Avg:  0.0, Max: 0, Diff: 0, Sum: 0, Workers: 4
[4430.759s][debug][gc,phases      ] GC(211)   StringDedup Requests0 Weak     Min:  0.0, Avg:  0.0, Max:  0.0, Diff:  0.0, Sum:  0.0, Workers: 4
[4430.759s][debug][gc,phases      ] GC(211)     Dead                           Min: 0, Avg:  0.0, Max: 0, Diff: 0, Sum: 0, Workers: 4
[4430.759s][debug][gc,phases      ] GC(211)     Total                          Min: 0, Avg:  0.0, Max: 0, Diff: 0, Sum: 0, Workers: 4
[4430.759s][debug][gc,phases      ] GC(211)   StringDedup Requests1 Weak     Min:  0.0, Avg:  0.0, Max:  0.0, Diff:  0.0, Sum:  0.0, Workers: 4
[4430.759s][debug][gc,phases      ] GC(211)     Dead                           Min: 0, Avg:  0.0, Max: 0, Diff: 0, Sum: 0, Workers: 4
[4430.759s][debug][gc,phases      ] GC(211)     Total                          Min: 0, Avg:  0.0, Max: 0, Diff: 0, Sum: 0, Workers: 4
[4430.759s][debug][gc,phases      ] GC(211)   Weak JFR Old Object Samples    Min:  0.0, Avg:  0.0, Max:  0.0, Diff:  0.0, Sum:  0.0, Workers: 4
[4430.759s][debug][gc,phases      ] GC(211)     Dead                           Min: 0, Avg:  0.0, Max: 0, Diff: 0, Sum: 0, Workers: 4
[4430.759s][debug][gc,phases      ] GC(211)     Total                          Min: 0, Avg:  0.0, Max: 0, Diff: 0, Sum: 0, Workers: 4
[4430.759s][debug][gc,phases      ] GC(211) Weak Processing 0.344ms
[4430.759s][debug][gc,age         ] GC(211) Desired survivor size 45088768 bytes, new threshold 1 (max threshold 15)
[4430.759s][info ][gc,heap        ] GC(211) PSYoungGen: 2037920K(2052608K)->28000K(2051584K) Eden: 2007040K(2007040K)->0K(2007040K) From: 30880K(45568K)->28000K(44544K)
[4430.759s][info ][gc,heap        ] GC(211) ParOldGen: 673880K(674304K)->701148K(701440K)
[4430.759s][info ][gc,metaspace   ] GC(211) Metaspace: 111340K(112832K)->111340K(112832K) NonClass: 94765K(95616K)->94765K(95616K) Class: 16574K(17216K)->16574K(17216K)
[4430.759s][info ][gc             ] GC(211) Pause Young (Allocation Failure) 2648M->712M(2688M) 23.528ms
[4430.759s][info ][gc,cpu         ] GC(211) User=0.08s Sys=0.02s Real=0.02s
[4430.759s][info ][safepoint      ] Safepoint "ParallelGCFailedAllocation", Time since last: 2694020431 ns, Reaching safepoint: 29500 ns, Cleanup: 4800 ns, At safepoint: 23604004 ns, Total: 23638304 ns
[4432.760s][info ][safepoint      ] Safepoint "Cleanup", Time since last: 2000157902 ns, Reaching safepoint: 83001 ns, Cleanup: 12100 ns, At safepoint: 15200 ns, Total: 110301 ns
[4433.760s][info ][safepoint      ] Safepoint "Cleanup", Time since last: 1000142021 ns, Reaching safepoint: 78700 ns, Cleanup: 9200 ns, At safepoint: 5800 ns, Total: 93700 ns
[4436.760s][info ][safepoint      ] Safepoint "Cleanup", Time since last: 3000245660 ns, Reaching safepoint: 75201 ns, Cleanup: 11100 ns, At safepoint: 5900 ns, Total: 92201 ns
[4438.761s][info ][safepoint      ] Safepoint "Cleanup", Time since last: 2000165571 ns, Reaching safepoint: 80801 ns, Cleanup: 9700 ns, At safepoint: 21600 ns, Total: 112101 ns
[4438.819s][info ][safepoint      ] Safepoint "ParallelGCFailedAllocation", Time since last: 58449699 ns, Reaching safepoint: 83801 ns, Cleanup: 4100 ns, At safepoint: 13700 ns, Total: 101601 ns
[4438.819s][info ][gc,start       ] GC(212) Pause Young (GCLocker Initiated GC)
[4438.844s][debug][gc,phases      ] GC(212) Scavenge 24.761ms
[4438.844s][debug][gc,ref         ] GC(212) Skipped SoftWeakFinalRefsPhase of Reference Processing: no references
[4438.844s][debug][gc,ref         ] GC(212) Skipped KeepAliveFinalRefsPhase of Reference Processing: no references
[4438.844s][debug][gc,ref         ] GC(212) ReferenceProcessor::execute queues: 1, RefProcThreadModel::Single, marks_oops_alive: false
[4438.844s][debug][gc,phases      ] GC(212) Reference Processing 0.094ms
[4438.844s][debug][gc,phases      ] GC(212)   VM Weak                        Min:  0.0, Avg:  0.0, Max:  0.0, Diff:  0.0, Sum:  0.0, Workers: 4
[4438.844s][debug][gc,phases      ] GC(212)     Dead                           Min: 0, Avg:  0.0, Max: 0, Diff: 0, Sum: 0, Workers: 4
[4438.844s][debug][gc,phases      ] GC(212)     Total                          Min: 0, Avg: 277.0, Max: 660, Diff: 660, Sum: 1108, Workers: 4
[4438.844s][debug][gc,phases      ] GC(212)   ObjectSynchronizer Weak        Min:  0.0, Avg:  0.0, Max:  0.0, Diff:  0.0, Sum:  0.0, Workers: 4
[4438.845s][debug][gc,phases      ] GC(212)     Dead                           Min: 0, Avg:  0.0, Max: 0, Diff: 0, Sum: 0, Workers: 4
[4438.845s][debug][gc,phases      ] GC(212)     Total                          Min: 0, Avg:  1.8, Max: 7, Diff: 7, Sum: 7, Workers: 4
[4438.845s][debug][gc,phases      ] GC(212)   JVMTI Tag Weak OopStorage      Min:  0.0, Avg:  0.0, Max:  0.0, Diff:  0.0, Sum:  0.0, Workers: 4
[4438.845s][debug][gc,phases      ] GC(212)     Dead                           Min: 0, Avg:  0.0, Max: 0, Diff: 0, Sum: 0, Workers: 4
[4438.845s][debug][gc,phases      ] GC(212)     Total                          Min: 0, Avg:  0.0, Max: 0, Diff: 0, Sum: 0, Workers: 4
[4438.845s][debug][gc,phases      ] GC(212)   StringTable Weak               Min:  0.0, Avg:  0.1, Max:  0.1, Diff:  0.1, Sum:  0.4, Workers: 4
[4438.845s][debug][gc,phases      ] GC(212)     Dead                           Min: 0, Avg:  0.0, Max: 0, Diff: 0, Sum: 0, Workers: 4
[4438.845s][debug][gc,phases      ] GC(212)     Total                          Min: 0, Avg: 11911.2, Max: 20479, Diff: 20479, Sum: 47645, Workers: 4
[4438.845s][debug][gc,phases      ] GC(212)   ResolvedMethodTable Weak       Min:  0.0, Avg:  0.0, Max:  0.0, Diff:  0.0, Sum:  0.1, Workers: 4
[4438.845s][debug][gc,phases      ] GC(212)     Dead                           Min: 0, Avg:  0.0, Max: 0, Diff: 0, Sum: 0, Workers: 4
[4438.845s][debug][gc,phases      ] GC(212)     Total                          Min: 0, Avg: 4019.5, Max: 6799, Diff: 6799, Sum: 16078, Workers: 4
[4438.845s][debug][gc,phases      ] GC(212)   JNI Weak                       Min:  0.0, Avg:  0.0, Max:  0.0, Diff:  0.0, Sum:  0.0, Workers: 4
[4438.845s][debug][gc,phases      ] GC(212)     Dead                           Min: 0, Avg:  0.0, Max: 0, Diff: 0, Sum: 0, Workers: 4
[4438.845s][debug][gc,phases      ] GC(212)     Total                          Min: 0, Avg: 13.0, Max: 52, Diff: 52, Sum: 52, Workers: 4
[4438.845s][debug][gc,phases      ] GC(212)   StringDedup Table Weak         Min:  0.0, Avg:  0.0, Max:  0.0, Diff:  0.0, Sum:  0.0, Workers: 4
[4438.845s][debug][gc,phases      ] GC(212)     Dead                           Min: 0, Avg:  0.0, Max: 0, Diff: 0, Sum: 0, Workers: 4
[4438.845s][debug][gc,phases      ] GC(212)     Total                          Min: 0, Avg:  0.0, Max: 0, Diff: 0, Sum: 0, Workers: 4
[4438.845s][debug][gc,phases      ] GC(212)   StringDedup Requests0 Weak     Min:  0.0, Avg:  0.0, Max:  0.0, Diff:  0.0, Sum:  0.0, Workers: 4
[4438.845s][debug][gc,phases      ] GC(212)     Dead                           Min: 0, Avg:  0.0, Max: 0, Diff: 0, Sum: 0, Workers: 4
[4438.845s][debug][gc,phases      ] GC(212)     Total                          Min: 0, Avg:  0.0, Max: 0, Diff: 0, Sum: 0, Workers: 4
[4438.845s][debug][gc,phases      ] GC(212)   StringDedup Requests1 Weak     Min:  0.0, Avg:  0.0, Max:  0.0, Diff:  0.0, Sum:  0.0, Workers: 4
[4438.845s][debug][gc,phases      ] GC(212)     Dead                           Min: 0, Avg:  0.0, Max: 0, Diff: 0, Sum: 0, Workers: 4
[4438.845s][debug][gc,phases      ] GC(212)     Total                          Min: 0, Avg:  0.0, Max: 0, Diff: 0, Sum: 0, Workers: 4
[4438.845s][debug][gc,phases      ] GC(212)   Weak JFR Old Object Samples    Min:  0.0, Avg:  0.0, Max:  0.0, Diff:  0.0, Sum:  0.0, Workers: 4
[4438.845s][debug][gc,phases      ] GC(212)     Dead                           Min: 0, Avg:  0.0, Max: 0, Diff: 0, Sum: 0, Workers: 4
[4438.845s][debug][gc,phases      ] GC(212)     Total                          Min: 0, Avg:  0.0, Max: 0, Diff: 0, Sum: 0, Workers: 4
[4438.845s][debug][gc,phases      ] GC(212) Weak Processing 0.344ms
[4438.845s][debug][gc,age         ] GC(212) Desired survivor size 45088768 bytes, new threshold 1 (max threshold 15)
[4438.845s][info ][gc,heap        ] GC(212) PSYoungGen: 2035040K(2051584K)->35459K(2053120K) Eden: 2007040K(2007040K)->0K(2009088K) From: 28000K(44544K)->35459K(44032K)
[4438.845s][info ][gc,heap        ] GC(212) ParOldGen: 701184K(701440K)->725811K(726016K)
[4438.845s][info ][gc,metaspace   ] GC(212) Metaspace: 111342K(112832K)->111342K(112832K) NonClass: 94767K(95616K)->94767K(95616K) Class: 16575K(17216K)->16575K(17216K)
[4438.845s][info ][gc             ] GC(212) Pause Young (GCLocker Initiated GC) 2672M->743M(2714M) 25.295ms
[4438.845s][info ][gc,cpu         ] GC(212) User=0.08s Sys=0.01s Real=0.03s
[4438.845s][info ][safepoint      ] Safepoint "ParallelGCSystemGC", Time since last: 113801 ns, Reaching safepoint: 73501 ns, Cleanup: 900 ns, At safepoint: 25363116 ns, Total: 25437517 ns
[4442.809s][info ][safepoint      ] Safepoint "Cleanup", Time since last: 3963814161 ns, Reaching safepoint: 4900 ns, Cleanup: 10700 ns, At safepoint: 3100 ns, Total: 18700 ns
[4444.809s][info ][safepoint      ] Safepoint "Cleanup", Time since last: 2000162901 ns, Reaching safepoint: 5100 ns, Cleanup: 8200 ns, At safepoint: 2400 ns, Total: 15700 ns
[4446.809s][info ][safepoint      ] Safepoint "Cleanup", Time since last: 2000171641 ns, Reaching safepoint: 5800 ns, Cleanup: 17301 ns, At safepoint: 2700 ns, Total: 25801 ns
[4447.809s][info ][safepoint      ] Safepoint "Cleanup", Time since last: 1000098270 ns, Reaching safepoint: 5500 ns, Cleanup: 8400 ns, At safepoint: 2800 ns, Total: 16700 ns
[4448.809s][info ][safepoint      ] Safepoint "Cleanup", Time since last: 1000103335 ns, Reaching safepoint: 5700 ns, Cleanup: 8900 ns, At safepoint: 2400 ns, Total: 17000 ns
[4449.227s][info ][gc,start       ] GC(213) Pause Young (Allocation Failure)
[4449.252s][debug][gc,phases      ] GC(213) Scavenge 25.045ms
[4449.252s][debug][gc,ref         ] GC(213) ReferenceProcessor::execute queues: 1, RefProcThreadModel::Single, marks_oops_alive: false
[4449.252s][debug][gc,ref         ] GC(213) Skipped KeepAliveFinalRefsPhase of Reference Processing: no references
[4449.252s][debug][gc,ref         ] GC(213) Skipped PhantomRefsPhase of Reference Processing: no references
[4449.252s][debug][gc,phases      ] GC(213) Reference Processing 0.093ms
[4449.253s][debug][gc,phases      ] GC(213)   VM Weak                        Min:  0.0, Avg:  0.0, Max:  0.0, Diff:  0.0, Sum:  0.0, Workers: 4
[4449.253s][debug][gc,phases      ] GC(213)     Dead                           Min: 0, Avg:  0.0, Max: 0, Diff: 0, Sum: 0, Workers: 4
[4449.253s][debug][gc,phases      ] GC(213)     Total                          Min: 0, Avg: 277.0, Max: 832, Diff: 832, Sum: 1108, Workers: 4
[4449.253s][debug][gc,phases      ] GC(213)   ObjectSynchronizer Weak        Min:  0.0, Avg:  0.0, Max:  0.0, Diff:  0.0, Sum:  0.0, Workers: 4
[4449.253s][debug][gc,phases      ] GC(213)     Dead                           Min: 0, Avg:  0.0, Max: 0, Diff: 0, Sum: 0, Workers: 4
[4449.253s][debug][gc,phases      ] GC(213)     Total                          Min: 0, Avg:  1.5, Max: 6, Diff: 6, Sum: 6, Workers: 4
[4449.253s][debug][gc,phases      ] GC(213)   JVMTI Tag Weak OopStorage      Min:  0.0, Avg:  0.0, Max:  0.0, Diff:  0.0, Sum:  0.0, Workers: 4
[4449.253s][debug][gc,phases      ] GC(213)     Dead                           Min: 0, Avg:  0.0, Max: 0, Diff: 0, Sum: 0, Workers: 4
[4449.253s][debug][gc,phases      ] GC(213)     Total                          Min: 0, Avg:  0.0, Max: 0, Diff: 0, Sum: 0, Workers: 4
[4449.253s][debug][gc,phases      ] GC(213)   StringTable Weak               Min:  0.1, Avg:  0.1, Max:  0.1, Diff:  0.0, Sum:  0.5, Workers: 4
[4449.253s][debug][gc,phases      ] GC(213)     Dead                           Min: 0, Avg:  0.0, Max: 0, Diff: 0, Sum: 0, Workers: 4
[4449.253s][debug][gc,phases      ] GC(213)     Total                          Min: 11712, Avg: 11911.2, Max: 12031, Diff: 319, Sum: 47645, Workers: 4
[4449.253s][debug][gc,phases      ] GC(213)   ResolvedMethodTable Weak       Min:  0.0, Avg:  0.0, Max:  0.0, Diff:  0.0, Sum:  0.2, Workers: 4
[4449.253s][debug][gc,phases      ] GC(213)     Dead                           Min: 0, Avg:  4.0, Max: 16, Diff: 16, Sum: 16, Workers: 4
[4449.253s][debug][gc,phases      ] GC(213)     Total                          Min: 3877, Avg: 4019.5, Max: 4153, Diff: 276, Sum: 16078, Workers: 4
[4449.253s][debug][gc,phases      ] GC(213)   JNI Weak                       Min:  0.0, Avg:  0.0, Max:  0.0, Diff:  0.0, Sum:  0.0, Workers: 4
[4449.253s][debug][gc,phases      ] GC(213)     Dead                           Min: 0, Avg:  0.0, Max: 0, Diff: 0, Sum: 0, Workers: 4
[4449.253s][debug][gc,phases      ] GC(213)     Total                          Min: 0, Avg: 13.0, Max: 52, Diff: 52, Sum: 52, Workers: 4
[4449.253s][debug][gc,phases      ] GC(213)   StringDedup Table Weak         Min:  0.0, Avg:  0.0, Max:  0.0, Diff:  0.0, Sum:  0.0, Workers: 4
[4449.253s][debug][gc,phases      ] GC(213)     Dead                           Min: 0, Avg:  0.0, Max: 0, Diff: 0, Sum: 0, Workers: 4
[4449.253s][debug][gc,phases      ] GC(213)     Total                          Min: 0, Avg:  0.0, Max: 0, Diff: 0, Sum: 0, Workers: 4
[4449.253s][debug][gc,phases      ] GC(213)   StringDedup Requests0 Weak     Min:  0.0, Avg:  0.0, Max:  0.0, Diff:  0.0, Sum:  0.0, Workers: 4
[4449.253s][debug][gc,phases      ] GC(213)     Dead                           Min: 0, Avg:  0.0, Max: 0, Diff: 0, Sum: 0, Workers: 4
[4449.253s][debug][gc,phases      ] GC(213)     Total                          Min: 0, Avg:  0.0, Max: 0, Diff: 0, Sum: 0, Workers: 4
[4449.253s][debug][gc,phases      ] GC(213)   StringDedup Requests1 Weak     Min:  0.0, Avg:  0.0, Max:  0.0, Diff:  0.0, Sum:  0.0, Workers: 4
[4449.253s][debug][gc,phases      ] GC(213)     Dead                           Min: 0, Avg:  0.0, Max: 0, Diff: 0, Sum: 0, Workers: 4
[4449.253s][debug][gc,phases      ] GC(213)     Total                          Min: 0, Avg:  0.0, Max: 0, Diff: 0, Sum: 0, Workers: 4
[4449.253s][debug][gc,phases      ] GC(213)   Weak JFR Old Object Samples    Min:  0.0, Avg:  0.0, Max:  0.0, Diff:  0.0, Sum:  0.0, Workers: 4
[4449.253s][debug][gc,phases      ] GC(213)     Dead                           Min: 0, Avg:  0.0, Max: 0, Diff: 0, Sum: 0, Workers: 4
[4449.253s][debug][gc,phases      ] GC(213)     Total                          Min: 0, Avg:  0.0, Max: 0, Diff: 0, Sum: 0, Workers: 4
[4449.253s][debug][gc,phases      ] GC(213) Weak Processing 0.327ms
[4449.253s][debug][gc,age         ] GC(213) Desired survivor size 44040192 bytes, new threshold 1 (max threshold 15)
[4449.253s][info ][gc,heap        ] GC(213) PSYoungGen: 2044547K(2053120K)->31152K(2053120K) Eden: 2009088K(2009088K)->0K(2009088K) From: 35459K(44032K)->31152K(44032K)
[4449.253s][info ][gc,heap        ] GC(213) ParOldGen: 725990K(726016K)->756819K(757248K)
[4449.253s][info ][gc,metaspace   ] GC(213) Metaspace: 111346K(112832K)->111346K(112832K) NonClass: 94770K(95616K)->94770K(95616K) Class: 16575K(17216K)->16575K(17216K)
[4449.253s][info ][gc             ] GC(213) Pause Young (Allocation Failure) 2705M->769M(2744M) 25.588ms
[4449.253s][info ][gc,cpu         ] GC(213) User=0.08s Sys=0.01s Real=0.03s
[4449.253s][info ][safepoint      ] Safepoint "ParallelGCFailedAllocation", Time since last: 417839227 ns, Reaching safepoint: 84301 ns, Cleanup: 4500 ns, At safepoint: 25667098 ns, Total: 25755899 ns
[4450.253s][info ][safepoint      ] Safepoint "Cleanup", Time since last: 1000089824 ns, Reaching safepoint: 6100 ns, Cleanup: 9300 ns, At safepoint: 3200 ns, Total: 18600 ns
[4456.253s][info ][safepoint      ] Safepoint "Cleanup", Time since last: 6000474118 ns, Reaching safepoint: 79501 ns, Cleanup: 13700 ns, At safepoint: 9700 ns, Total: 102901 ns
[4460.308s][info ][gc,start       ] GC(214) Pause Young (Allocation Failure)
[4460.333s][debug][gc,phases      ] GC(214) Scavenge 24.474ms
[4460.333s][debug][gc,ref         ] GC(214) Skipped SoftWeakFinalRefsPhase of Reference Processing: no references
[4460.333s][debug][gc,ref         ] GC(214) Skipped KeepAliveFinalRefsPhase of Reference Processing: no references
[4460.333s][debug][gc,ref         ] GC(214) Skipped PhantomRefsPhase of Reference Processing: no references
[4460.333s][debug][gc,phases      ] GC(214) Reference Processing 0.019ms
[4460.333s][debug][gc,phases      ] GC(214)   VM Weak                        Min:  0.0, Avg:  0.0, Max:  0.0, Diff:  0.0, Sum:  0.0, Workers: 4
[4460.333s][debug][gc,phases      ] GC(214)     Dead                           Min: 0, Avg:  0.0, Max: 0, Diff: 0, Sum: 0, Workers: 4
[4460.333s][debug][gc,phases      ] GC(214)     Total                          Min: 0, Avg: 277.0, Max: 768, Diff: 768, Sum: 1108, Workers: 4
[4460.333s][debug][gc,phases      ] GC(214)   ObjectSynchronizer Weak        Min:  0.0, Avg:  0.0, Max:  0.0, Diff:  0.0, Sum:  0.0, Workers: 4
[4460.333s][debug][gc,phases      ] GC(214)     Dead                           Min: 0, Avg:  0.0, Max: 0, Diff: 0, Sum: 0, Workers: 4
[4460.333s][debug][gc,phases      ] GC(214)     Total                          Min: 0, Avg:  1.5, Max: 6, Diff: 6, Sum: 6, Workers: 4
[4460.333s][debug][gc,phases      ] GC(214)   JVMTI Tag Weak OopStorage      Min:  0.0, Avg:  0.0, Max:  0.0, Diff:  0.0, Sum:  0.0, Workers: 4
[4460.333s][debug][gc,phases      ] GC(214)     Dead                           Min: 0, Avg:  0.0, Max: 0, Diff: 0, Sum: 0, Workers: 4
[4460.333s][debug][gc,phases      ] GC(214)     Total                          Min: 0, Avg:  0.0, Max: 0, Diff: 0, Sum: 0, Workers: 4
[4460.333s][debug][gc,phases      ] GC(214)   StringTable Weak               Min:  0.0, Avg:  0.1, Max:  0.1, Diff:  0.1, Sum:  0.4, Workers: 4
[4460.333s][debug][gc,phases      ] GC(214)     Dead                           Min: 0, Avg:  0.0, Max: 0, Diff: 0, Sum: 0, Workers: 4
[4460.333s][debug][gc,phases      ] GC(214)     Total                          Min: 0, Avg: 11911.2, Max: 20894, Diff: 20894, Sum: 47645, Workers: 4
[4460.333s][debug][gc,phases      ] GC(214)   ResolvedMethodTable Weak       Min:  0.0, Avg:  0.0, Max:  0.0, Diff:  0.0, Sum:  0.1, Workers: 4
[4460.333s][debug][gc,phases      ] GC(214)     Dead                           Min: 0, Avg:  0.0, Max: 0, Diff: 0, Sum: 0, Workers: 4
[4460.333s][debug][gc,phases      ] GC(214)     Total                          Min: 0, Avg: 4019.5, Max: 6798, Diff: 6798, Sum: 16078, Workers: 4
[4460.333s][debug][gc,phases      ] GC(214)   JNI Weak                       Min:  0.0, Avg:  0.0, Max:  0.0, Diff:  0.0, Sum:  0.0, Workers: 4
[4460.333s][debug][gc,phases      ] GC(214)     Dead                           Min: 0, Avg:  0.0, Max: 0, Diff: 0, Sum: 0, Workers: 4
[4460.333s][debug][gc,phases      ] GC(214)     Total                          Min: 0, Avg: 13.0, Max: 52, Diff: 52, Sum: 52, Workers: 4
[4460.333s][debug][gc,phases      ] GC(214)   StringDedup Table Weak         Min:  0.0, Avg:  0.0, Max:  0.0, Diff:  0.0, Sum:  0.0, Workers: 4
[4460.333s][debug][gc,phases      ] GC(214)     Dead                           Min: 0, Avg:  0.0, Max: 0, Diff: 0, Sum: 0, Workers: 4
[4460.333s][debug][gc,phases      ] GC(214)     Total                          Min: 0, Avg:  0.0, Max: 0, Diff: 0, Sum: 0, Workers: 4
[4460.333s][debug][gc,phases      ] GC(214)   StringDedup Requests0 Weak     Min:  0.0, Avg:  0.0, Max:  0.0, Diff:  0.0, Sum:  0.0, Workers: 4
[4460.333s][debug][gc,phases      ] GC(214)     Dead                           Min: 0, Avg:  0.0, Max: 0, Diff: 0, Sum: 0, Workers: 4
[4460.333s][debug][gc,phases      ] GC(214)     Total                          Min: 0, Avg:  0.0, Max: 0, Diff: 0, Sum: 0, Workers: 4
[4460.333s][debug][gc,phases      ] GC(214)   StringDedup Requests1 Weak     Min:  0.0, Avg:  0.0, Max:  0.0, Diff:  0.0, Sum:  0.0, Workers: 4
[4460.333s][debug][gc,phases      ] GC(214)     Dead                           Min: 0, Avg:  0.0, Max: 0, Diff: 0, Sum: 0, Workers: 4
[4460.333s][debug][gc,phases      ] GC(214)     Total                          Min: 0, Avg:  0.0, Max: 0, Diff: 0, Sum: 0, Workers: 4
[4460.333s][debug][gc,phases      ] GC(214)   Weak JFR Old Object Samples    Min:  0.0, Avg:  0.0, Max:  0.0, Diff:  0.0, Sum:  0.0, Workers: 4
[4460.333s][debug][gc,phases      ] GC(214)     Dead                           Min: 0, Avg:  0.0, Max: 0, Diff: 0, Sum: 0, Workers: 4
[4460.333s][debug][gc,phases      ] GC(214)     Total                          Min: 0, Avg:  0.0, Max: 0, Diff: 0, Sum: 0, Workers: 4
[4460.333s][debug][gc,phases      ] GC(214) Weak Processing 0.368ms
[4460.333s][debug][gc,age         ] GC(214) Desired survivor size 44040192 bytes, new threshold 1 (max threshold 15)
[4460.333s][info ][gc,heap        ] GC(214) PSYoungGen: 2040240K(2053120K)->27464K(2054144K) Eden: 2009088K(2009088K)->0K(2011136K) From: 31152K(44032K)->27464K(43008K)
[4460.333s][info ][gc,heap        ] GC(214) ParOldGen: 756819K(757248K)->784497K(784896K)
[4460.333s][info ][gc,metaspace   ] GC(214) Metaspace: 111349K(112832K)->111349K(112832K) NonClass: 94774K(95616K)->94774K(95616K) Class: 16575K(17216K)->16575K(17216K)
[4460.333s][info ][gc             ] GC(214) Pause Young (Allocation Failure) 2731M->792M(2772M) 24.990ms
[4460.333s][info ][gc,cpu         ] GC(214) User=0.07s Sys=0.02s Real=0.03s
[4460.333s][info ][safepoint      ] Safepoint "ParallelGCFailedAllocation", Time since last: 4054796742 ns, Reaching safepoint: 5700 ns, Cleanup: 4200 ns, At safepoint: 25064005 ns, Total: 25073905 ns
[4461.333s][info ][safepoint      ] Safepoint "Cleanup", Time since last: 1000082874 ns, Reaching safepoint: 7101 ns, Cleanup: 8800 ns, At safepoint: 2500 ns, Total: 18401 ns
[4464.334s][info ][safepoint      ] Safepoint "Cleanup", Time since last: 3000239006 ns, Reaching safepoint: 6600 ns, Cleanup: 10700 ns, At safepoint: 2600 ns, Total: 19900 ns
[4468.334s][info ][safepoint      ] Safepoint "Cleanup", Time since last: 4000324966 ns, Reaching safepoint: 6400 ns, Cleanup: 9700 ns, At safepoint: 3100 ns, Total: 19200 ns
[4468.836s][info ][gc,start       ] GC(215) Pause Young (Allocation Failure)
[4468.860s][debug][gc,phases      ] GC(215) Scavenge 24.025ms
[4468.860s][debug][gc,ref         ] GC(215) Skipped SoftWeakFinalRefsPhase of Reference Processing: no references
[4468.860s][debug][gc,ref         ] GC(215) Skipped KeepAliveFinalRefsPhase of Reference Processing: no references
[4468.860s][debug][gc,ref         ] GC(215) ReferenceProcessor::execute queues: 1, RefProcThreadModel::Single, marks_oops_alive: false
[4468.860s][debug][gc,phases      ] GC(215) Reference Processing 0.127ms
[4468.860s][debug][gc,phases      ] GC(215)   VM Weak                        Min:  0.0, Avg:  0.0, Max:  0.0, Diff:  0.0, Sum:  0.0, Workers: 4
[4468.860s][debug][gc,phases      ] GC(215)     Dead                           Min: 0, Avg:  0.0, Max: 0, Diff: 0, Sum: 0, Workers: 4
[4468.860s][debug][gc,phases      ] GC(215)     Total                          Min: 0, Avg: 277.0, Max: 960, Diff: 960, Sum: 1108, Workers: 4
[4468.860s][debug][gc,phases      ] GC(215)   ObjectSynchronizer Weak        Min:  0.0, Avg:  0.0, Max:  0.0, Diff:  0.0, Sum:  0.0, Workers: 4
[4468.860s][debug][gc,phases      ] GC(215)     Dead                           Min: 0, Avg:  0.0, Max: 0, Diff: 0, Sum: 0, Workers: 4
[4468.860s][debug][gc,phases      ] GC(215)     Total                          Min: 0, Avg:  1.8, Max: 7, Diff: 7, Sum: 7, Workers: 4
[4468.860s][debug][gc,phases      ] GC(215)   JVMTI Tag Weak OopStorage      Min:  0.0, Avg:  0.0, Max:  0.0, Diff:  0.0, Sum:  0.0, Workers: 4
[4468.860s][debug][gc,phases      ] GC(215)     Dead                           Min: 0, Avg:  0.0, Max: 0, Diff: 0, Sum: 0, Workers: 4
[4468.860s][debug][gc,phases      ] GC(215)     Total                          Min: 0, Avg:  0.0, Max: 0, Diff: 0, Sum: 0, Workers: 4
[4468.860s][debug][gc,phases      ] GC(215)   StringTable Weak               Min:  0.0, Avg:  0.1, Max:  0.2, Diff:  0.1, Sum:  0.5, Workers: 4
[4468.860s][debug][gc,phases      ] GC(215)     Dead                           Min: 0, Avg:  0.0, Max: 0, Diff: 0, Sum: 0, Workers: 4
[4468.860s][debug][gc,phases      ] GC(215)     Total                          Min: 2654, Avg: 11911.2, Max: 15232, Diff: 12578, Sum: 47645, Workers: 4
[4468.860s][debug][gc,phases      ] GC(215)   ResolvedMethodTable Weak       Min:  0.0, Avg:  0.0, Max:  0.0, Diff:  0.0, Sum:  0.2, Workers: 4
[4468.860s][debug][gc,phases      ] GC(215)     Dead                           Min: 0, Avg:  0.0, Max: 0, Diff: 0, Sum: 0, Workers: 4
[4468.860s][debug][gc,phases      ] GC(215)     Total                          Min: 3861, Avg: 4019.5, Max: 4349, Diff: 488, Sum: 16078, Workers: 4
[4468.860s][debug][gc,phases      ] GC(215)   JNI Weak                       Min:  0.0, Avg:  0.0, Max:  0.0, Diff:  0.0, Sum:  0.0, Workers: 4
[4468.861s][debug][gc,phases      ] GC(215)     Dead                           Min: 0, Avg:  0.0, Max: 0, Diff: 0, Sum: 0, Workers: 4
[4468.861s][debug][gc,phases      ] GC(215)     Total                          Min: 0, Avg: 13.0, Max: 52, Diff: 52, Sum: 52, Workers: 4
[4468.861s][debug][gc,phases      ] GC(215)   StringDedup Table Weak         Min:  0.0, Avg:  0.0, Max:  0.0, Diff:  0.0, Sum:  0.0, Workers: 4
[4468.861s][debug][gc,phases      ] GC(215)     Dead                           Min: 0, Avg:  0.0, Max: 0, Diff: 0, Sum: 0, Workers: 4
[4468.861s][debug][gc,phases      ] GC(215)     Total                          Min: 0, Avg:  0.0, Max: 0, Diff: 0, Sum: 0, Workers: 4
[4468.861s][debug][gc,phases      ] GC(215)   StringDedup Requests0 Weak     Min:  0.0, Avg:  0.0, Max:  0.0, Diff:  0.0, Sum:  0.0, Workers: 4
[4468.861s][debug][gc,phases      ] GC(215)     Dead                           Min: 0, Avg:  0.0, Max: 0, Diff: 0, Sum: 0, Workers: 4
[4468.861s][debug][gc,phases      ] GC(215)     Total                          Min: 0, Avg:  0.0, Max: 0, Diff: 0, Sum: 0, Workers: 4
[4468.861s][debug][gc,phases      ] GC(215)   StringDedup Requests1 Weak     Min:  0.0, Avg:  0.0, Max:  0.0, Diff:  0.0, Sum:  0.0, Workers: 4
[4468.861s][debug][gc,phases      ] GC(215)     Dead                           Min: 0, Avg:  0.0, Max: 0, Diff: 0, Sum: 0, Workers: 4
[4468.861s][debug][gc,phases      ] GC(215)     Total                          Min: 0, Avg:  0.0, Max: 0, Diff: 0, Sum: 0, Workers: 4
[4468.861s][debug][gc,phases      ] GC(215)   Weak JFR Old Object Samples    Min:  0.0, Avg:  0.0, Max:  0.0, Diff:  0.0, Sum:  0.0, Workers: 4
[4468.861s][debug][gc,phases      ] GC(215)     Dead                           Min: 0, Avg:  0.0, Max: 0, Diff: 0, Sum: 0, Workers: 4
[4468.861s][debug][gc,phases      ] GC(215)     Total                          Min: 0, Avg:  0.0, Max: 0, Diff: 0, Sum: 0, Workers: 4
[4468.861s][debug][gc,phases      ] GC(215) Weak Processing 0.379ms
[4468.861s][debug][gc,age         ] GC(215) Desired survivor size 43515904 bytes, new threshold 1 (max threshold 15)
[4468.861s][info ][gc,heap        ] GC(215) PSYoungGen: 2038600K(2054144K)->33488K(2054144K) Eden: 2011136K(2011136K)->0K(2011136K) From: 27464K(43008K)->33488K(43008K)
[4468.861s][info ][gc,heap        ] GC(215) ParOldGen: 784497K(784896K)->809063K(809472K)
[4468.861s][info ][gc,metaspace   ] GC(215) Metaspace: 111361K(112832K)->111361K(112832K) NonClass: 94785K(95616K)->94785K(95616K) Class: 16575K(17216K)->16575K(17216K)
[4468.861s][info ][gc             ] GC(215) Pause Young (Allocation Failure) 2756M->822M(2796M) 24.657ms
[4468.861s][info ][gc,cpu         ] GC(215) User=0.08s Sys=0.01s Real=0.03s
[4468.861s][info ][safepoint      ] Safepoint "ParallelGCFailedAllocation", Time since last: 501916886 ns, Reaching safepoint: 5400 ns, Cleanup: 3400 ns, At safepoint: 24723801 ns, Total: 24732601 ns
[4470.861s][info ][safepoint      ] Safepoint "Cleanup", Time since last: 2000173883 ns, Reaching safepoint: 80801 ns, Cleanup: 8300 ns, At safepoint: 11700 ns, Total: 100801 ns
[4472.861s][info ][safepoint      ] Safepoint "Cleanup", Time since last: 2000183296 ns, Reaching safepoint: 80100 ns, Cleanup: 16200 ns, At safepoint: 7900 ns, Total: 104200 ns
[4478.862s][info ][safepoint      ] Safepoint "Cleanup", Time since last: 6000446531 ns, Reaching safepoint: 76300 ns, Cleanup: 10800 ns, At safepoint: 5800 ns, Total: 92900 ns
[4479.862s][info ][safepoint      ] Safepoint "Cleanup", Time since last: 1000127456 ns, Reaching safepoint: 80101 ns, Cleanup: 8800 ns, At safepoint: 6300 ns, Total: 95201 ns
[4481.862s][info ][safepoint      ] Safepoint "Cleanup", Time since last: 2000219398 ns, Reaching safepoint: 79201 ns, Cleanup: 9800 ns, At safepoint: 12400 ns, Total: 101401 ns
[4482.114s][info ][gc,start       ] GC(216) Pause Young (Allocation Failure)
[4482.144s][debug][gc,phases      ] GC(216) Scavenge 29.466ms
[4482.144s][debug][gc,ref         ] GC(216) ReferenceProcessor::execute queues: 1, RefProcThreadModel::Single, marks_oops_alive: false
[4482.144s][debug][gc,ref         ] GC(216) Skipped KeepAliveFinalRefsPhase of Reference Processing: no references
[4482.144s][debug][gc,ref         ] GC(216) ReferenceProcessor::execute queues: 1, RefProcThreadModel::Single, marks_oops_alive: false
[4482.144s][debug][gc,phases      ] GC(216) Reference Processing 0.109ms
[4482.144s][debug][gc,phases      ] GC(216)   VM Weak                        Min:  0.0, Avg:  0.0, Max:  0.0, Diff:  0.0, Sum:  0.0, Workers: 4
[4482.144s][debug][gc,phases      ] GC(216)     Dead                           Min: 0, Avg:  0.0, Max: 0, Diff: 0, Sum: 0, Workers: 4
[4482.144s][debug][gc,phases      ] GC(216)     Total                          Min: 0, Avg: 277.0, Max: 852, Diff: 852, Sum: 1108, Workers: 4
[4482.144s][debug][gc,phases      ] GC(216)   ObjectSynchronizer Weak        Min:  0.0, Avg:  0.0, Max:  0.0, Diff:  0.0, Sum:  0.0, Workers: 4
[4482.144s][debug][gc,phases      ] GC(216)     Dead                           Min: 0, Avg:  0.0, Max: 0, Diff: 0, Sum: 0, Workers: 4
[4482.144s][debug][gc,phases      ] GC(216)     Total                          Min: 0, Avg:  1.8, Max: 7, Diff: 7, Sum: 7, Workers: 4
[4482.144s][debug][gc,phases      ] GC(216)   JVMTI Tag Weak OopStorage      Min:  0.0, Avg:  0.0, Max:  0.0, Diff:  0.0, Sum:  0.0, Workers: 4
[4482.144s][debug][gc,phases      ] GC(216)     Dead                           Min: 0, Avg:  0.0, Max: 0, Diff: 0, Sum: 0, Workers: 4
[4482.144s][debug][gc,phases      ] GC(216)     Total                          Min: 0, Avg:  0.0, Max: 0, Diff: 0, Sum: 0, Workers: 4
[4482.144s][debug][gc,phases      ] GC(216)   StringTable Weak               Min:  0.0, Avg:  0.1, Max:  0.1, Diff:  0.1, Sum:  0.4, Workers: 4
[4482.144s][debug][gc,phases      ] GC(216)     Dead                           Min: 0, Avg:  0.2, Max: 1, Diff: 1, Sum: 1, Workers: 4
[4482.144s][debug][gc,phases      ] GC(216)     Total                          Min: 0, Avg: 11911.8, Max: 20192, Diff: 20192, Sum: 47647, Workers: 4
[4482.144s][debug][gc,phases      ] GC(216)   ResolvedMethodTable Weak       Min:  0.0, Avg:  0.0, Max:  0.1, Diff:  0.1, Sum:  0.2, Workers: 4
[4482.144s][debug][gc,phases      ] GC(216)     Dead                           Min: 0, Avg:  4.2, Max: 16, Diff: 16, Sum: 17, Workers: 4
[4482.144s][debug][gc,phases      ] GC(216)     Total                          Min: 0, Avg: 4020.5, Max: 8207, Diff: 8207, Sum: 16082, Workers: 4
[4482.144s][debug][gc,phases      ] GC(216)   JNI Weak                       Min:  0.0, Avg:  0.0, Max:  0.0, Diff:  0.0, Sum:  0.0, Workers: 4
[4482.144s][debug][gc,phases      ] GC(216)     Dead                           Min: 0, Avg:  0.0, Max: 0, Diff: 0, Sum: 0, Workers: 4
[4482.144s][debug][gc,phases      ] GC(216)     Total                          Min: 0, Avg: 13.0, Max: 52, Diff: 52, Sum: 52, Workers: 4
[4482.144s][debug][gc,phases      ] GC(216)   StringDedup Table Weak         Min:  0.0, Avg:  0.0, Max:  0.0, Diff:  0.0, Sum:  0.0, Workers: 4
[4482.144s][debug][gc,phases      ] GC(216)     Dead                           Min: 0, Avg:  0.0, Max: 0, Diff: 0, Sum: 0, Workers: 4
[4482.144s][debug][gc,phases      ] GC(216)     Total                          Min: 0, Avg:  0.0, Max: 0, Diff: 0, Sum: 0, Workers: 4
[4482.144s][debug][gc,phases      ] GC(216)   StringDedup Requests0 Weak     Min:  0.0, Avg:  0.0, Max:  0.0, Diff:  0.0, Sum:  0.0, Workers: 4
[4482.144s][debug][gc,phases      ] GC(216)     Dead                           Min: 0, Avg:  0.0, Max: 0, Diff: 0, Sum: 0, Workers: 4
[4482.144s][debug][gc,phases      ] GC(216)     Total                          Min: 0, Avg:  0.0, Max: 0, Diff: 0, Sum: 0, Workers: 4
[4482.144s][debug][gc,phases      ] GC(216)   StringDedup Requests1 Weak     Min:  0.0, Avg:  0.0, Max:  0.0, Diff:  0.0, Sum:  0.0, Workers: 4
[4482.144s][debug][gc,phases      ] GC(216)     Dead                           Min: 0, Avg:  0.0, Max: 0, Diff: 0, Sum: 0, Workers: 4
[4482.144s][debug][gc,phases      ] GC(216)     Total                          Min: 0, Avg:  0.0, Max: 0, Diff: 0, Sum: 0, Workers: 4
[4482.144s][debug][gc,phases      ] GC(216)   Weak JFR Old Object Samples    Min:  0.0, Avg:  0.0, Max:  0.0, Diff:  0.0, Sum:  0.0, Workers: 4
[4482.144s][debug][gc,phases      ] GC(216)     Dead                           Min: 0, Avg:  0.0, Max: 0, Diff: 0, Sum: 0, Workers: 4
[4482.144s][debug][gc,phases      ] GC(216)     Total                          Min: 0, Avg:  0.0, Max: 0, Diff: 0, Sum: 0, Workers: 4
[4482.144s][debug][gc,phases      ] GC(216) Weak Processing 0.366ms
[4482.144s][debug][gc,age         ] GC(216) Desired survivor size 43515904 bytes, new threshold 1 (max threshold 15)
[4482.144s][info ][gc,heap        ] GC(216) PSYoungGen: 2044624K(2054144K)->26808K(2054656K) Eden: 2011136K(2011136K)->0K(2012160K) From: 33488K(43008K)->26808K(42496K)
[4482.144s][info ][gc,heap        ] GC(216) ParOldGen: 809063K(809472K)->839702K(840192K)
[4482.144s][info ][gc,metaspace   ] GC(216) Metaspace: 111376K(112832K)->111376K(112832K) NonClass: 94799K(95616K)->94799K(95616K) Class: 16576K(17216K)->16576K(17216K)
[4482.144s][info ][gc             ] GC(216) Pause Young (Allocation Failure) 2786M->846M(2827M) 30.047ms
[4482.144s][info ][gc,cpu         ] GC(216) User=0.08s Sys=0.02s Real=0.03s
[4482.144s][info ][safepoint      ] Safepoint "ParallelGCFailedAllocation", Time since last: 251952203 ns, Reaching safepoint: 89400 ns, Cleanup: 4401 ns, At safepoint: 30119539 ns, Total: 30213340 ns
[4486.145s][info ][safepoint      ] Safepoint "Cleanup", Time since last: 4000319198 ns, Reaching safepoint: 5200 ns, Cleanup: 9400 ns, At safepoint: 3200 ns, Total: 17800 ns
[4487.145s][info ][safepoint      ] Safepoint "Cleanup", Time since last: 1000101649 ns, Reaching safepoint: 5600 ns, Cleanup: 9400 ns, At safepoint: 2700 ns, Total: 17700 ns
[4493.387s][info ][gc,start       ] GC(217) Pause Young (Allocation Failure)
[4493.408s][debug][gc,phases      ] GC(217) Scavenge 21.856ms
[4493.408s][debug][gc,ref         ] GC(217) Skipped SoftWeakFinalRefsPhase of Reference Processing: no references
[4493.409s][debug][gc,ref         ] GC(217) Skipped KeepAliveFinalRefsPhase of Reference Processing: no references
[4493.409s][debug][gc,ref         ] GC(217) ReferenceProcessor::execute queues: 1, RefProcThreadModel::Single, marks_oops_alive: false
[4493.409s][debug][gc,phases      ] GC(217) Reference Processing 0.102ms
[4493.409s][debug][gc,phases      ] GC(217)   VM Weak                        Min:  0.0, Avg:  0.0, Max:  0.0, Diff:  0.0, Sum:  0.0, Workers: 4
[4493.409s][debug][gc,phases      ] GC(217)     Dead                           Min: 0, Avg:  0.0, Max: 0, Diff: 0, Sum: 0, Workers: 4
[4493.409s][debug][gc,phases      ] GC(217)     Total                          Min: 0, Avg: 277.0, Max: 832, Diff: 832, Sum: 1108, Workers: 4
[4493.409s][debug][gc,phases      ] GC(217)   ObjectSynchronizer Weak        Min:  0.0, Avg:  0.0, Max:  0.0, Diff:  0.0, Sum:  0.0, Workers: 4
[4493.409s][debug][gc,phases      ] GC(217)     Dead                           Min: 0, Avg:  0.0, Max: 0, Diff: 0, Sum: 0, Workers: 4
[4493.409s][debug][gc,phases      ] GC(217)     Total                          Min: 0, Avg:  1.8, Max: 7, Diff: 7, Sum: 7, Workers: 4
[4493.409s][debug][gc,phases      ] GC(217)   JVMTI Tag Weak OopStorage      Min:  0.0, Avg:  0.0, Max:  0.0, Diff:  0.0, Sum:  0.0, Workers: 4
[4493.409s][debug][gc,phases      ] GC(217)     Dead                           Min: 0, Avg:  0.0, Max: 0, Diff: 0, Sum: 0, Workers: 4
[4493.409s][debug][gc,phases      ] GC(217)     Total                          Min: 0, Avg:  0.0, Max: 0, Diff: 0, Sum: 0, Workers: 4
[4493.409s][debug][gc,phases      ] GC(217)   StringTable Weak               Min:  0.0, Avg:  0.1, Max:  0.1, Diff:  0.1, Sum:  0.4, Workers: 4
[4493.409s][debug][gc,phases      ] GC(217)     Dead                           Min: 0, Avg:  0.0, Max: 0, Diff: 0, Sum: 0, Workers: 4
[4493.409s][debug][gc,phases      ] GC(217)     Total                          Min: 0, Avg: 11911.8, Max: 20543, Diff: 20543, Sum: 47647, Workers: 4
[4493.409s][debug][gc,phases      ] GC(217)   ResolvedMethodTable Weak       Min:  0.0, Avg:  0.0, Max:  0.0, Diff:  0.0, Sum:  0.1, Workers: 4
[4493.409s][debug][gc,phases      ] GC(217)     Dead                           Min: 0, Avg:  0.0, Max: 0, Diff: 0, Sum: 0, Workers: 4
[4493.409s][debug][gc,phases      ] GC(217)     Total                          Min: 0, Avg: 4020.5, Max: 6873, Diff: 6873, Sum: 16082, Workers: 4
[4493.409s][debug][gc,phases      ] GC(217)   JNI Weak                       Min:  0.0, Avg:  0.0, Max:  0.0, Diff:  0.0, Sum:  0.0, Workers: 4
[4493.409s][debug][gc,phases      ] GC(217)     Dead                           Min: 0, Avg:  0.0, Max: 0, Diff: 0, Sum: 0, Workers: 4
[4493.409s][debug][gc,phases      ] GC(217)     Total                          Min: 0, Avg: 13.0, Max: 52, Diff: 52, Sum: 52, Workers: 4
[4493.409s][debug][gc,phases      ] GC(217)   StringDedup Table Weak         Min:  0.0, Avg:  0.0, Max:  0.0, Diff:  0.0, Sum:  0.0, Workers: 4
[4493.409s][debug][gc,phases      ] GC(217)     Dead                           Min: 0, Avg:  0.0, Max: 0, Diff: 0, Sum: 0, Workers: 4
[4493.409s][debug][gc,phases      ] GC(217)     Total                          Min: 0, Avg:  0.0, Max: 0, Diff: 0, Sum: 0, Workers: 4
[4493.409s][debug][gc,phases      ] GC(217)   StringDedup Requests0 Weak     Min:  0.0, Avg:  0.0, Max:  0.0, Diff:  0.0, Sum:  0.0, Workers: 4
[4493.409s][debug][gc,phases      ] GC(217)     Dead                           Min: 0, Avg:  0.0, Max: 0, Diff: 0, Sum: 0, Workers: 4
[4493.409s][debug][gc,phases      ] GC(217)     Total                          Min: 0, Avg:  0.0, Max: 0, Diff: 0, Sum: 0, Workers: 4
[4493.409s][debug][gc,phases      ] GC(217)   StringDedup Requests1 Weak     Min:  0.0, Avg:  0.0, Max:  0.0, Diff:  0.0, Sum:  0.0, Workers: 4
[4493.409s][debug][gc,phases      ] GC(217)     Dead                           Min: 0, Avg:  0.0, Max: 0, Diff: 0, Sum: 0, Workers: 4
[4493.409s][debug][gc,phases      ] GC(217)     Total                          Min: 0, Avg:  0.0, Max: 0, Diff: 0, Sum: 0, Workers: 4
[4493.409s][debug][gc,phases      ] GC(217)   Weak JFR Old Object Samples    Min:  0.0, Avg:  0.0, Max:  0.0, Diff:  0.0, Sum:  0.0, Workers: 4
[4493.409s][debug][gc,phases      ] GC(217)     Dead                           Min: 0, Avg:  0.0, Max: 0, Diff: 0, Sum: 0, Workers: 4
[4493.409s][debug][gc,phases      ] GC(217)     Total                          Min: 0, Avg:  0.0, Max: 0, Diff: 0, Sum: 0, Workers: 4
[4493.409s][debug][gc,phases      ] GC(217) Weak Processing 0.361ms
[4493.409s][debug][gc,age         ] GC(217) Desired survivor size 42467328 bytes, new threshold 1 (max threshold 15)
[4493.409s][info ][gc,heap        ] GC(217) PSYoungGen: 2038968K(2054656K)->31136K(2054656K) Eden: 2012160K(2012160K)->0K(2012160K) From: 26808K(42496K)->31136K(42496K)
[4493.409s][info ][gc,heap        ] GC(217) ParOldGen: 839702K(840192K)->862780K(863232K)
[4493.409s][info ][gc,metaspace   ] GC(217) Metaspace: 111387K(112832K)->111387K(112832K) NonClass: 94810K(95616K)->94810K(95616K) Class: 16576K(17216K)->16576K(17216K)
[4493.409s][info ][gc             ] GC(217) Pause Young (Allocation Failure) 2811M->872M(2849M) 22.425ms
[4493.409s][info ][gc,cpu         ] GC(217) User=0.08s Sys=0.01s Real=0.02s
[4493.409s][info ][safepoint      ] Safepoint "ParallelGCFailedAllocation", Time since last: 6241551675 ns, Reaching safepoint: 78101 ns, Cleanup: 7400 ns, At safepoint: 22492378 ns, Total: 22577879 ns
[4494.409s][info ][safepoint      ] Safepoint "Cleanup", Time since last: 1000090448 ns, Reaching safepoint: 5500 ns, Cleanup: 8100 ns, At safepoint: 2400 ns, Total: 16000 ns
[4496.409s][info ][safepoint      ] Safepoint "Cleanup", Time since last: 2000165758 ns, Reaching safepoint: 78801 ns, Cleanup: 10800 ns, At safepoint: 6600 ns, Total: 96201 ns
[4497.410s][info ][safepoint      ] Safepoint "Cleanup", Time since last: 1000099677 ns, Reaching safepoint: 78900 ns, Cleanup: 7800 ns, At safepoint: 6300 ns, Total: 93000 ns
[4498.410s][info ][safepoint      ] Safepoint "Cleanup", Time since last: 1000126077 ns, Reaching safepoint: 80000 ns, Cleanup: 27701 ns, At safepoint: 6600 ns, Total: 114301 ns
[4499.410s][info ][safepoint      ] Safepoint "Cleanup", Time since last: 1000119176 ns, Reaching safepoint: 82501 ns, Cleanup: 21400 ns, At safepoint: 7400 ns, Total: 111301 ns
[4500.410s][info ][safepoint      ] Safepoint "Cleanup", Time since last: 1000139677 ns, Reaching safepoint: 83800 ns, Cleanup: 12501 ns, At safepoint: 8400 ns, Total: 104701 ns
[4502.842s][info ][safepoint      ] Safepoint "Cleanup", Time since last: 2431698851 ns, Reaching safepoint: 6600 ns, Cleanup: 11000 ns, At safepoint: 3100 ns, Total: 20700 ns
[4503.842s][info ][safepoint      ] Safepoint "Cleanup", Time since last: 1000113976 ns, Reaching safepoint: 5300 ns, Cleanup: 12500 ns, At safepoint: 2300 ns, Total: 20100 ns
[4505.463s][info ][gc,start       ] GC(218) Pause Young (Allocation Failure)
[4505.486s][debug][gc,phases      ] GC(218) Scavenge 22.692ms
[4505.486s][debug][gc,ref         ] GC(218) ReferenceProcessor::execute queues: 1, RefProcThreadModel::Single, marks_oops_alive: false
[4505.486s][debug][gc,ref         ] GC(218) Skipped KeepAliveFinalRefsPhase of Reference Processing: no references
[4505.486s][debug][gc,ref         ] GC(218) Skipped PhantomRefsPhase of Reference Processing: no references
[4505.486s][debug][gc,phases      ] GC(218) Reference Processing 0.098ms
[4505.486s][debug][gc,phases      ] GC(218)   VM Weak                        Min:  0.0, Avg:  0.0, Max:  0.0, Diff:  0.0, Sum:  0.0, Workers: 4
[4505.486s][debug][gc,phases      ] GC(218)     Dead                           Min: 0, Avg:  0.0, Max: 0, Diff: 0, Sum: 0, Workers: 4
[4505.486s][debug][gc,phases      ] GC(218)     Total                          Min: 0, Avg: 277.0, Max: 788, Diff: 788, Sum: 1108, Workers: 4
[4505.486s][debug][gc,phases      ] GC(218)   ObjectSynchronizer Weak        Min:  0.0, Avg:  0.0, Max:  0.0, Diff:  0.0, Sum:  0.0, Workers: 4
[4505.486s][debug][gc,phases      ] GC(218)     Dead                           Min: 0, Avg:  0.0, Max: 0, Diff: 0, Sum: 0, Workers: 4
[4505.486s][debug][gc,phases      ] GC(218)     Total                          Min: 0, Avg:  1.0, Max: 4, Diff: 4, Sum: 4, Workers: 4
[4505.486s][debug][gc,phases      ] GC(218)   JVMTI Tag Weak OopStorage      Min:  0.0, Avg:  0.0, Max:  0.0, Diff:  0.0, Sum:  0.0, Workers: 4
[4505.486s][debug][gc,phases      ] GC(218)     Dead                           Min: 0, Avg:  0.0, Max: 0, Diff: 0, Sum: 0, Workers: 4
[4505.486s][debug][gc,phases      ] GC(218)     Total                          Min: 0, Avg:  0.0, Max: 0, Diff: 0, Sum: 0, Workers: 4
[4505.486s][debug][gc,phases      ] GC(218)   StringTable Weak               Min:  0.0, Avg:  0.1, Max:  0.1, Diff:  0.1, Sum:  0.4, Workers: 4
[4505.486s][debug][gc,phases      ] GC(218)     Dead                           Min: 0, Avg:  0.0, Max: 0, Diff: 0, Sum: 0, Workers: 4
[4505.486s][debug][gc,phases      ] GC(218)     Total                          Min: 0, Avg: 11911.8, Max: 20640, Diff: 20640, Sum: 47647, Workers: 4
[4505.486s][debug][gc,phases      ] GC(218)   ResolvedMethodTable Weak       Min:  0.0, Avg:  0.0, Max:  0.0, Diff:  0.0, Sum:  0.1, Workers: 4
[4505.486s][debug][gc,phases      ] GC(218)     Dead                           Min: 0, Avg:  4.0, Max: 16, Diff: 16, Sum: 16, Workers: 4
[4505.486s][debug][gc,phases      ] GC(218)     Total                          Min: 0, Avg: 4020.5, Max: 6595, Diff: 6595, Sum: 16082, Workers: 4
[4505.486s][debug][gc,phases      ] GC(218)   JNI Weak                       Min:  0.0, Avg:  0.0, Max:  0.0, Diff:  0.0, Sum:  0.0, Workers: 4
[4505.486s][debug][gc,phases      ] GC(218)     Dead                           Min: 0, Avg:  0.0, Max: 0, Diff: 0, Sum: 0, Workers: 4
[4505.486s][debug][gc,phases      ] GC(218)     Total                          Min: 0, Avg: 13.0, Max: 52, Diff: 52, Sum: 52, Workers: 4
[4505.486s][debug][gc,phases      ] GC(218)   StringDedup Table Weak         Min:  0.0, Avg:  0.0, Max:  0.0, Diff:  0.0, Sum:  0.0, Workers: 4
[4505.486s][debug][gc,phases      ] GC(218)     Dead                           Min: 0, Avg:  0.0, Max: 0, Diff: 0, Sum: 0, Workers: 4
[4505.486s][debug][gc,phases      ] GC(218)     Total                          Min: 0, Avg:  0.0, Max: 0, Diff: 0, Sum: 0, Workers: 4
[4505.486s][debug][gc,phases      ] GC(218)   StringDedup Requests0 Weak     Min:  0.0, Avg:  0.0, Max:  0.0, Diff:  0.0, Sum:  0.0, Workers: 4
[4505.486s][debug][gc,phases      ] GC(218)     Dead                           Min: 0, Avg:  0.0, Max: 0, Diff: 0, Sum: 0, Workers: 4
[4505.486s][debug][gc,phases      ] GC(218)     Total                          Min: 0, Avg:  0.0, Max: 0, Diff: 0, Sum: 0, Workers: 4
[4505.486s][debug][gc,phases      ] GC(218)   StringDedup Requests1 Weak     Min:  0.0, Avg:  0.0, Max:  0.0, Diff:  0.0, Sum:  0.0, Workers: 4
[4505.486s][debug][gc,phases      ] GC(218)     Dead                           Min: 0, Avg:  0.0, Max: 0, Diff: 0, Sum: 0, Workers: 4
[4505.486s][debug][gc,phases      ] GC(218)     Total                          Min: 0, Avg:  0.0, Max: 0, Diff: 0, Sum: 0, Workers: 4
[4505.486s][debug][gc,phases      ] GC(218)   Weak JFR Old Object Samples    Min:  0.0, Avg:  0.0, Max:  0.0, Diff:  0.0, Sum:  0.0, Workers: 4
[4505.486s][debug][gc,phases      ] GC(218)     Dead                           Min: 0, Avg:  0.0, Max: 0, Diff: 0, Sum: 0, Workers: 4
[4505.486s][debug][gc,phases      ] GC(218)     Total                          Min: 0, Avg:  0.0, Max: 0, Diff: 0, Sum: 0, Workers: 4
[4505.486s][debug][gc,phases      ] GC(218) Weak Processing 0.404ms
[4505.486s][debug][gc,age         ] GC(218) Desired survivor size 41943040 bytes, new threshold 1 (max threshold 15)
[4505.486s][info ][gc,heap        ] GC(218) PSYoungGen: 2043296K(2054656K)->26048K(2056192K) Eden: 2012160K(2012160K)->0K(2014720K) From: 31136K(42496K)->26048K(41472K)
[4505.486s][info ][gc,heap        ] GC(218) ParOldGen: 862780K(863232K)->889678K(889856K)
[4505.486s][info ][gc,metaspace   ] GC(218) Metaspace: 111394K(112832K)->111394K(112832K) NonClass: 94818K(95616K)->94818K(95616K) Class: 16576K(17216K)->16576K(17216K)
[4505.486s][info ][gc             ] GC(218) Pause Young (Allocation Failure) 2837M->894M(2877M) 23.321ms
[4505.486s][info ][gc,cpu         ] GC(218) User=0.07s Sys=0.02s Real=0.02s
[4505.486s][info ][safepoint      ] Safepoint "ParallelGCFailedAllocation", Time since last: 1620512013 ns, Reaching safepoint: 83500 ns, Cleanup: 4900 ns, At safepoint: 23402984 ns, Total: 23491384 ns
[4508.486s][info ][safepoint      ] Safepoint "Cleanup", Time since last: 3000227532 ns, Reaching safepoint: 5900 ns, Cleanup: 10100 ns, At safepoint: 2800 ns, Total: 18800 ns
[4510.487s][info ][safepoint      ] Safepoint "Cleanup", Time since last: 2000175788 ns, Reaching safepoint: 5700 ns, Cleanup: 8501 ns, At safepoint: 2300 ns, Total: 16501 ns
[4511.487s][info ][safepoint      ] Safepoint "Cleanup", Time since last: 1000094144 ns, Reaching safepoint: 6000 ns, Cleanup: 12300 ns, At safepoint: 2400 ns, Total: 20700 ns
[4514.487s][info ][safepoint      ] Safepoint "Cleanup", Time since last: 3000246562 ns, Reaching safepoint: 5400 ns, Cleanup: 9000 ns, At safepoint: 2600 ns, Total: 17000 ns
[4515.016s][info ][gc,start       ] GC(219) Pause Young (Allocation Failure)
[4515.038s][debug][gc,phases      ] GC(219) Scavenge 21.637ms
[4515.038s][debug][gc,ref         ] GC(219) Skipped SoftWeakFinalRefsPhase of Reference Processing: no references
[4515.038s][debug][gc,ref         ] GC(219) Skipped KeepAliveFinalRefsPhase of Reference Processing: no references
[4515.038s][debug][gc,ref         ] GC(219) ReferenceProcessor::execute queues: 1, RefProcThreadModel::Single, marks_oops_alive: false
[4515.038s][debug][gc,phases      ] GC(219) Reference Processing 0.097ms
[4515.038s][debug][gc,phases      ] GC(219)   VM Weak                        Min:  0.0, Avg:  0.0, Max:  0.0, Diff:  0.0, Sum:  0.0, Workers: 4
[4515.038s][debug][gc,phases      ] GC(219)     Dead                           Min: 0, Avg:  0.0, Max: 0, Diff: 0, Sum: 0, Workers: 4
[4515.039s][debug][gc,phases      ] GC(219)     Total                          Min: 0, Avg: 277.0, Max: 896, Diff: 896, Sum: 1108, Workers: 4
[4515.039s][debug][gc,phases      ] GC(219)   ObjectSynchronizer Weak        Min:  0.0, Avg:  0.0, Max:  0.0, Diff:  0.0, Sum:  0.0, Workers: 4
[4515.039s][debug][gc,phases      ] GC(219)     Dead                           Min: 0, Avg:  0.0, Max: 0, Diff: 0, Sum: 0, Workers: 4
[4515.039s][debug][gc,phases      ] GC(219)     Total                          Min: 0, Avg:  1.5, Max: 6, Diff: 6, Sum: 6, Workers: 4
[4515.039s][debug][gc,phases      ] GC(219)   JVMTI Tag Weak OopStorage      Min:  0.0, Avg:  0.0, Max:  0.0, Diff:  0.0, Sum:  0.0, Workers: 4
[4515.039s][debug][gc,phases      ] GC(219)     Dead                           Min: 0, Avg:  0.0, Max: 0, Diff: 0, Sum: 0, Workers: 4
[4515.039s][debug][gc,phases      ] GC(219)     Total                          Min: 0, Avg:  0.0, Max: 0, Diff: 0, Sum: 0, Workers: 4
[4515.039s][debug][gc,phases      ] GC(219)   StringTable Weak               Min:  0.0, Avg:  0.1, Max:  0.1, Diff:  0.1, Sum:  0.4, Workers: 4
[4515.039s][debug][gc,phases      ] GC(219)     Dead                           Min: 0, Avg:  0.0, Max: 0, Diff: 0, Sum: 0, Workers: 4
[4515.039s][debug][gc,phases      ] GC(219)     Total                          Min: 0, Avg: 11911.8, Max: 18880, Diff: 18880, Sum: 47647, Workers: 4
[4515.039s][debug][gc,phases      ] GC(219)   ResolvedMethodTable Weak       Min:  0.0, Avg:  0.0, Max:  0.0, Diff:  0.0, Sum:  0.1, Workers: 4
[4515.039s][debug][gc,phases      ] GC(219)     Dead                           Min: 0, Avg:  0.0, Max: 0, Diff: 0, Sum: 0, Workers: 4
[4515.039s][debug][gc,phases      ] GC(219)     Total                          Min: 0, Avg: 4020.5, Max: 6870, Diff: 6870, Sum: 16082, Workers: 4
[4515.039s][debug][gc,phases      ] GC(219)   JNI Weak                       Min:  0.0, Avg:  0.0, Max:  0.0, Diff:  0.0, Sum:  0.0, Workers: 4
[4515.039s][debug][gc,phases      ] GC(219)     Dead                           Min: 0, Avg:  0.0, Max: 0, Diff: 0, Sum: 0, Workers: 4
[4515.039s][debug][gc,phases      ] GC(219)     Total                          Min: 0, Avg: 13.0, Max: 52, Diff: 52, Sum: 52, Workers: 4
[4515.039s][debug][gc,phases      ] GC(219)   StringDedup Table Weak         Min:  0.0, Avg:  0.0, Max:  0.0, Diff:  0.0, Sum:  0.0, Workers: 4
[4515.039s][debug][gc,phases      ] GC(219)     Dead                           Min: 0, Avg:  0.0, Max: 0, Diff: 0, Sum: 0, Workers: 4
[4515.039s][debug][gc,phases      ] GC(219)     Total                          Min: 0, Avg:  0.0, Max: 0, Diff: 0, Sum: 0, Workers: 4
[4515.039s][debug][gc,phases      ] GC(219)   StringDedup Requests0 Weak     Min:  0.0, Avg:  0.0, Max:  0.0, Diff:  0.0, Sum:  0.0, Workers: 4
[4515.039s][debug][gc,phases      ] GC(219)     Dead                           Min: 0, Avg:  0.0, Max: 0, Diff: 0, Sum: 0, Workers: 4
[4515.039s][debug][gc,phases      ] GC(219)     Total                          Min: 0, Avg:  0.0, Max: 0, Diff: 0, Sum: 0, Workers: 4
[4515.039s][debug][gc,phases      ] GC(219)   StringDedup Requests1 Weak     Min:  0.0, Avg:  0.0, Max:  0.0, Diff:  0.0, Sum:  0.0, Workers: 4
[4515.039s][debug][gc,phases      ] GC(219)     Dead                           Min: 0, Avg:  0.0, Max: 0, Diff: 0, Sum: 0, Workers: 4
[4515.039s][debug][gc,phases      ] GC(219)     Total                          Min: 0, Avg:  0.0, Max: 0, Diff: 0, Sum: 0, Workers: 4
[4515.039s][debug][gc,phases      ] GC(219)   Weak JFR Old Object Samples    Min:  0.0, Avg:  0.0, Max:  0.0, Diff:  0.0, Sum:  0.0, Workers: 4
[4515.039s][debug][gc,phases      ] GC(219)     Dead                           Min: 0, Avg:  0.0, Max: 0, Diff: 0, Sum: 0, Workers: 4
[4515.039s][debug][gc,phases      ] GC(219)     Total                          Min: 0, Avg:  0.0, Max: 0, Diff: 0, Sum: 0, Workers: 4
[4515.039s][debug][gc,phases      ] GC(219) Weak Processing 0.369ms
[4515.039s][debug][gc,age         ] GC(219) Desired survivor size 41418752 bytes, new threshold 1 (max threshold 15)
[4515.039s][info ][gc,heap        ] GC(219) PSYoungGen: 2040768K(2056192K)->28080K(2055680K) Eden: 2014720K(2014720K)->0K(2014720K) From: 26048K(41472K)->28080K(40960K)
[4515.039s][info ][gc,heap        ] GC(219) ParOldGen: 889678K(889856K)->912778K(912896K)
[4515.039s][info ][gc,metaspace   ] GC(219) Metaspace: 111398K(112832K)->111398K(112832K) NonClass: 94821K(95616K)->94821K(95616K) Class: 16576K(17216K)->16576K(17216K)
[4515.039s][info ][gc             ] GC(219) Pause Young (Allocation Failure) 2861M->918M(2899M) 22.218ms
[4515.039s][info ][gc,cpu         ] GC(219) User=0.07s Sys=0.02s Real=0.02s
[4515.039s][info ][safepoint      ] Safepoint "ParallelGCFailedAllocation", Time since last: 529342638 ns, Reaching safepoint: 77901 ns, Cleanup: 3600 ns, At safepoint: 22287774 ns, Total: 22369275 ns
[4516.039s][info ][safepoint      ] Safepoint "Cleanup", Time since last: 1000084117 ns, Reaching safepoint: 6000 ns, Cleanup: 13500 ns, At safepoint: 2700 ns, Total: 22200 ns
[4519.039s][info ][safepoint      ] Safepoint "Cleanup", Time since last: 3000235351 ns, Reaching safepoint: 6500 ns, Cleanup: 11200 ns, At safepoint: 3000 ns, Total: 20700 ns
[4520.039s][info ][safepoint      ] Safepoint "Cleanup", Time since last: 1000109719 ns, Reaching safepoint: 6200 ns, Cleanup: 9200 ns, At safepoint: 2400 ns, Total: 17800 ns
[4521.039s][info ][safepoint      ] Safepoint "Cleanup", Time since last: 1000103228 ns, Reaching safepoint: 5300 ns, Cleanup: 10000 ns, At safepoint: 2900 ns, Total: 18200 ns
[4523.039s][info ][safepoint      ] Safepoint "Cleanup", Time since last: 2000164455 ns, Reaching safepoint: 5700 ns, Cleanup: 8900 ns, At safepoint: 2600 ns, Total: 17200 ns
[4526.115s][info ][gc,start       ] GC(220) Pause Young (Allocation Failure)
[4526.137s][debug][gc,phases      ] GC(220) Scavenge 22.383ms
[4526.137s][debug][gc,ref         ] GC(220) ReferenceProcessor::execute queues: 1, RefProcThreadModel::Single, marks_oops_alive: false
[4526.137s][debug][gc,ref         ] GC(220) Skipped KeepAliveFinalRefsPhase of Reference Processing: no references
[4526.137s][debug][gc,ref         ] GC(220) ReferenceProcessor::execute queues: 1, RefProcThreadModel::Single, marks_oops_alive: false
[4526.137s][debug][gc,phases      ] GC(220) Reference Processing 0.097ms
[4526.137s][debug][gc,phases      ] GC(220)   VM Weak                        Min:  0.0, Avg:  0.0, Max:  0.0, Diff:  0.0, Sum:  0.0, Workers: 4
[4526.137s][debug][gc,phases      ] GC(220)     Dead                           Min: 0, Avg:  0.0, Max: 0, Diff: 0, Sum: 0, Workers: 4
[4526.137s][debug][gc,phases      ] GC(220)     Total                          Min: 0, Avg: 277.0, Max: 596, Diff: 596, Sum: 1108, Workers: 4
[4526.137s][debug][gc,phases      ] GC(220)   ObjectSynchronizer Weak        Min:  0.0, Avg:  0.0, Max:  0.0, Diff:  0.0, Sum:  0.0, Workers: 4
[4526.137s][debug][gc,phases      ] GC(220)     Dead                           Min: 0, Avg:  0.0, Max: 0, Diff: 0, Sum: 0, Workers: 4
[4526.137s][debug][gc,phases      ] GC(220)     Total                          Min: 0, Avg:  1.5, Max: 6, Diff: 6, Sum: 6, Workers: 4
[4526.137s][debug][gc,phases      ] GC(220)   JVMTI Tag Weak OopStorage      Min:  0.0, Avg:  0.0, Max:  0.0, Diff:  0.0, Sum:  0.0, Workers: 4
[4526.137s][debug][gc,phases      ] GC(220)     Dead                           Min: 0, Avg:  0.0, Max: 0, Diff: 0, Sum: 0, Workers: 4
[4526.137s][debug][gc,phases      ] GC(220)     Total                          Min: 0, Avg:  0.0, Max: 0, Diff: 0, Sum: 0, Workers: 4
[4526.137s][debug][gc,phases      ] GC(220)   StringTable Weak               Min:  0.0, Avg:  0.1, Max:  0.1, Diff:  0.1, Sum:  0.4, Workers: 4
[4526.137s][debug][gc,phases      ] GC(220)     Dead                           Min: 0, Avg:  0.2, Max: 1, Diff: 1, Sum: 1, Workers: 4
[4526.137s][debug][gc,phases      ] GC(220)     Total                          Min: 0, Avg: 11914.5, Max: 20415, Diff: 20415, Sum: 47658, Workers: 4
[4526.137s][debug][gc,phases      ] GC(220)   ResolvedMethodTable Weak       Min:  0.0, Avg:  0.0, Max:  0.0, Diff:  0.0, Sum:  0.1, Workers: 4
[4526.137s][debug][gc,phases      ] GC(220)     Dead                           Min: 0, Avg:  4.2, Max: 9, Diff: 9, Sum: 17, Workers: 4
[4526.137s][debug][gc,phases      ] GC(220)     Total                          Min: 0, Avg: 4022.5, Max: 6793, Diff: 6793, Sum: 16090, Workers: 4
[4526.137s][debug][gc,phases      ] GC(220)   JNI Weak                       Min:  0.0, Avg:  0.0, Max:  0.0, Diff:  0.0, Sum:  0.0, Workers: 4
[4526.137s][debug][gc,phases      ] GC(220)     Dead                           Min: 0, Avg:  0.0, Max: 0, Diff: 0, Sum: 0, Workers: 4
[4526.137s][debug][gc,phases      ] GC(220)     Total                          Min: 0, Avg: 13.0, Max: 52, Diff: 52, Sum: 52, Workers: 4
[4526.137s][debug][gc,phases      ] GC(220)   StringDedup Table Weak         Min:  0.0, Avg:  0.0, Max:  0.0, Diff:  0.0, Sum:  0.0, Workers: 4
[4526.137s][debug][gc,phases      ] GC(220)     Dead                           Min: 0, Avg:  0.0, Max: 0, Diff: 0, Sum: 0, Workers: 4
[4526.137s][debug][gc,phases      ] GC(220)     Total                          Min: 0, Avg:  0.0, Max: 0, Diff: 0, Sum: 0, Workers: 4
[4526.137s][debug][gc,phases      ] GC(220)   StringDedup Requests0 Weak     Min:  0.0, Avg:  0.0, Max:  0.0, Diff:  0.0, Sum:  0.0, Workers: 4
[4526.137s][debug][gc,phases      ] GC(220)     Dead                           Min: 0, Avg:  0.0, Max: 0, Diff: 0, Sum: 0, Workers: 4
[4526.137s][debug][gc,phases      ] GC(220)     Total                          Min: 0, Avg:  0.0, Max: 0, Diff: 0, Sum: 0, Workers: 4
[4526.137s][debug][gc,phases      ] GC(220)   StringDedup Requests1 Weak     Min:  0.0, Avg:  0.0, Max:  0.0, Diff:  0.0, Sum:  0.0, Workers: 4
[4526.137s][debug][gc,phases      ] GC(220)     Dead                           Min: 0, Avg:  0.0, Max: 0, Diff: 0, Sum: 0, Workers: 4
[4526.137s][debug][gc,phases      ] GC(220)     Total                          Min: 0, Avg:  0.0, Max: 0, Diff: 0, Sum: 0, Workers: 4
[4526.137s][debug][gc,phases      ] GC(220)   Weak JFR Old Object Samples    Min:  0.0, Avg:  0.0, Max:  0.0, Diff:  0.0, Sum:  0.0, Workers: 4
[4526.137s][debug][gc,phases      ] GC(220)     Dead                           Min: 0, Avg:  0.0, Max: 0, Diff: 0, Sum: 0, Workers: 4
[4526.137s][debug][gc,phases      ] GC(220)     Total                          Min: 0, Avg:  0.0, Max: 0, Diff: 0, Sum: 0, Workers: 4
[4526.138s][debug][gc,phases      ] GC(220) Weak Processing 0.341ms
[4526.138s][debug][gc,age         ] GC(220) Desired survivor size 40894464 bytes, new threshold 1 (max threshold 15)
[4526.138s][info ][gc,heap        ] GC(220) PSYoungGen: 2042800K(2055680K)->27888K(2057216K) Eden: 2014720K(2014720K)->0K(2016768K) From: 28080K(40960K)->27888K(40448K)
[4526.138s][info ][gc,heap        ] GC(220) ParOldGen: 912778K(912896K)->937946K(937984K)
[4526.138s][info ][gc,metaspace   ] GC(220) Metaspace: 111425K(112896K)->111425K(112896K) NonClass: 94844K(95680K)->94844K(95680K) Class: 16581K(17216K)->16581K(17216K)
[4526.138s][info ][gc             ] GC(220) Pause Young (Allocation Failure) 2886M->943M(2925M) 22.943ms
[4526.138s][info ][gc,cpu         ] GC(220) User=0.07s Sys=0.01s Real=0.02s
[4526.138s][info ][safepoint      ] Safepoint "ParallelGCFailedAllocation", Time since last: 3075084269 ns, Reaching safepoint: 5400 ns, Cleanup: 3200 ns, At safepoint: 23008880 ns, Total: 23017480 ns
[4529.138s][info ][safepoint      ] Safepoint "Cleanup", Time since last: 3000230982 ns, Reaching safepoint: 5700 ns, Cleanup: 8600 ns, At safepoint: 2300 ns, Total: 16600 ns
[4531.138s][info ][safepoint      ] Safepoint "Cleanup", Time since last: 2000187898 ns, Reaching safepoint: 5500 ns, Cleanup: 9000 ns, At safepoint: 2300 ns, Total: 16800 ns
[4536.140s][info ][safepoint      ] Safepoint "Cleanup", Time since last: 5001893239 ns, Reaching safepoint: 79301 ns, Cleanup: 9000 ns, At safepoint: 9800 ns, Total: 98101 ns
[4538.465s][info ][gc,start       ] GC(221) Pause Young (Allocation Failure)
[4538.488s][debug][gc,phases      ] GC(221) Scavenge 23.331ms
[4538.488s][debug][gc,ref         ] GC(221) ReferenceProcessor::execute queues: 1, RefProcThreadModel::Single, marks_oops_alive: false
[4538.488s][debug][gc,ref         ] GC(221) Skipped KeepAliveFinalRefsPhase of Reference Processing: no references
[4538.488s][debug][gc,ref         ] GC(221) ReferenceProcessor::execute queues: 1, RefProcThreadModel::Single, marks_oops_alive: false
[4538.488s][debug][gc,phases      ] GC(221) Reference Processing 0.102ms
[4538.489s][debug][gc,phases      ] GC(221)   VM Weak                        Min:  0.0, Avg:  0.0, Max:  0.0, Diff:  0.0, Sum:  0.0, Workers: 4
[4538.489s][debug][gc,phases      ] GC(221)     Dead                           Min: 0, Avg:  0.0, Max: 0, Diff: 0, Sum: 0, Workers: 4
[4538.489s][debug][gc,phases      ] GC(221)     Total                          Min: 0, Avg: 277.0, Max: 916, Diff: 916, Sum: 1108, Workers: 4
[4538.489s][debug][gc,phases      ] GC(221)   ObjectSynchronizer Weak        Min:  0.0, Avg:  0.0, Max:  0.0, Diff:  0.0, Sum:  0.0, Workers: 4
[4538.489s][debug][gc,phases      ] GC(221)     Dead                           Min: 0, Avg:  0.0, Max: 0, Diff: 0, Sum: 0, Workers: 4
[4538.489s][debug][gc,phases      ] GC(221)     Total                          Min: 0, Avg:  1.5, Max: 6, Diff: 6, Sum: 6, Workers: 4
[4538.489s][debug][gc,phases      ] GC(221)   JVMTI Tag Weak OopStorage      Min:  0.0, Avg:  0.0, Max:  0.0, Diff:  0.0, Sum:  0.0, Workers: 4
[4538.489s][debug][gc,phases      ] GC(221)     Dead                           Min: 0, Avg:  0.0, Max: 0, Diff: 0, Sum: 0, Workers: 4
[4538.489s][debug][gc,phases      ] GC(221)     Total                          Min: 0, Avg:  0.0, Max: 0, Diff: 0, Sum: 0, Workers: 4
[4538.489s][debug][gc,phases      ] GC(221)   StringTable Weak               Min:  0.0, Avg:  0.1, Max:  0.1, Diff:  0.1, Sum:  0.4, Workers: 4
[4538.489s][debug][gc,phases      ] GC(221)     Dead                           Min: 0, Avg:  0.2, Max: 1, Diff: 1, Sum: 1, Workers: 4
[4538.489s][debug][gc,phases      ] GC(221)     Total                          Min: 0, Avg: 11918.8, Max: 20223, Diff: 20223, Sum: 47675, Workers: 4
[4538.489s][debug][gc,phases      ] GC(221)   ResolvedMethodTable Weak       Min:  0.0, Avg:  0.0, Max:  0.0, Diff:  0.0, Sum:  0.1, Workers: 4
[4538.489s][debug][gc,phases      ] GC(221)     Dead                           Min: 0, Avg:  0.5, Max: 2, Diff: 2, Sum: 2, Workers: 4
[4538.489s][debug][gc,phases      ] GC(221)     Total                          Min: 0, Avg: 4024.8, Max: 7013, Diff: 7013, Sum: 16099, Workers: 4
[4538.489s][debug][gc,phases      ] GC(221)   JNI Weak                       Min:  0.0, Avg:  0.0, Max:  0.0, Diff:  0.0, Sum:  0.0, Workers: 4
[4538.489s][debug][gc,phases      ] GC(221)     Dead                           Min: 0, Avg:  0.0, Max: 0, Diff: 0, Sum: 0, Workers: 4
[4538.489s][debug][gc,phases      ] GC(221)     Total                          Min: 0, Avg: 13.0, Max: 52, Diff: 52, Sum: 52, Workers: 4
[4538.489s][debug][gc,phases      ] GC(221)   StringDedup Table Weak         Min:  0.0, Avg:  0.0, Max:  0.0, Diff:  0.0, Sum:  0.0, Workers: 4
[4538.489s][debug][gc,phases      ] GC(221)     Dead                           Min: 0, Avg:  0.0, Max: 0, Diff: 0, Sum: 0, Workers: 4
[4538.489s][debug][gc,phases      ] GC(221)     Total                          Min: 0, Avg:  0.0, Max: 0, Diff: 0, Sum: 0, Workers: 4
[4538.489s][debug][gc,phases      ] GC(221)   StringDedup Requests0 Weak     Min:  0.0, Avg:  0.0, Max:  0.0, Diff:  0.0, Sum:  0.0, Workers: 4
[4538.489s][debug][gc,phases      ] GC(221)     Dead                           Min: 0, Avg:  0.0, Max: 0, Diff: 0, Sum: 0, Workers: 4
[4538.489s][debug][gc,phases      ] GC(221)     Total                          Min: 0, Avg:  0.0, Max: 0, Diff: 0, Sum: 0, Workers: 4
[4538.489s][debug][gc,phases      ] GC(221)   StringDedup Requests1 Weak     Min:  0.0, Avg:  0.0, Max:  0.0, Diff:  0.0, Sum:  0.0, Workers: 4
[4538.489s][debug][gc,phases      ] GC(221)     Dead                           Min: 0, Avg:  0.0, Max: 0, Diff: 0, Sum: 0, Workers: 4
[4538.489s][debug][gc,phases      ] GC(221)     Total                          Min: 0, Avg:  0.0, Max: 0, Diff: 0, Sum: 0, Workers: 4
[4538.489s][debug][gc,phases      ] GC(221)   Weak JFR Old Object Samples    Min:  0.0, Avg:  0.0, Max:  0.0, Diff:  0.0, Sum:  0.0, Workers: 4
[4538.489s][debug][gc,phases      ] GC(221)     Dead                           Min: 0, Avg:  0.0, Max: 0, Diff: 0, Sum: 0, Workers: 4
[4538.489s][debug][gc,phases      ] GC(221)     Total                          Min: 0, Avg:  0.0, Max: 0, Diff: 0, Sum: 0, Workers: 4
[4538.489s][debug][gc,phases      ] GC(221) Weak Processing 0.371ms
[4538.489s][debug][gc,age         ] GC(221) Desired survivor size 40370176 bytes, new threshold 1 (max threshold 15)
[4538.489s][info ][gc,heap        ] GC(221) PSYoungGen: 2044656K(2057216K)->30592K(2056704K) Eden: 2016768K(2016768K)->0K(2016768K) From: 27888K(40448K)->30592K(39936K)
[4538.489s][info ][gc,heap        ] GC(221) ParOldGen: 937946K(937984K)->963424K(963584K)
[4538.489s][info ][gc,metaspace   ] GC(221) Metaspace: 111476K(112896K)->111476K(112896K) NonClass: 94888K(95680K)->94888K(95680K) Class: 16588K(17216K)->16588K(17216K)
[4538.489s][info ][gc             ] GC(221) Pause Young (Allocation Failure) 2912M->970M(2949M) 23.914ms
[4538.489s][info ][gc,cpu         ] GC(221) User=0.08s Sys=0.02s Real=0.02s
[4538.489s][info ][safepoint      ] Safepoint "ParallelGCFailedAllocation", Time since last: 2324622220 ns, Reaching safepoint: 83500 ns, Cleanup: 9400 ns, At safepoint: 23995586 ns, Total: 24088486 ns
[4543.489s][info ][safepoint      ] Safepoint "Cleanup", Time since last: 5000327961 ns, Reaching safepoint: 5000 ns, Cleanup: 18800 ns, At safepoint: 2400 ns, Total: 26200 ns
[4544.489s][info ][safepoint      ] Safepoint "Cleanup", Time since last: 1000095245 ns, Reaching safepoint: 5100 ns, Cleanup: 10200 ns, At safepoint: 2000 ns, Total: 17300 ns
[4546.489s][info ][safepoint      ] Safepoint "Cleanup", Time since last: 2000162175 ns, Reaching safepoint: 78001 ns, Cleanup: 14200 ns, At safepoint: 9900 ns, Total: 102101 ns
[4548.490s][info ][safepoint      ] Safepoint "Cleanup", Time since last: 2000174776 ns, Reaching safepoint: 77600 ns, Cleanup: 11400 ns, At safepoint: 5800 ns, Total: 94800 ns
[4552.797s][info ][gc,start       ] GC(222) Pause Young (Allocation Failure)
[4552.819s][debug][gc,phases      ] GC(222) Scavenge 22.066ms
[4552.819s][debug][gc,ref         ] GC(222) Skipped SoftWeakFinalRefsPhase of Reference Processing: no references
[4552.819s][debug][gc,ref         ] GC(222) Skipped KeepAliveFinalRefsPhase of Reference Processing: no references
[4552.819s][debug][gc,ref         ] GC(222) ReferenceProcessor::execute queues: 1, RefProcThreadModel::Single, marks_oops_alive: false
[4552.819s][debug][gc,phases      ] GC(222) Reference Processing 0.111ms
[4552.819s][debug][gc,phases      ] GC(222)   VM Weak                        Min:  0.0, Avg:  0.0, Max:  0.0, Diff:  0.0, Sum:  0.0, Workers: 4
[4552.819s][debug][gc,phases      ] GC(222)     Dead                           Min: 0, Avg:  0.0, Max: 0, Diff: 0, Sum: 0, Workers: 4
[4552.819s][debug][gc,phases      ] GC(222)     Total                          Min: 0, Avg: 277.0, Max: 512, Diff: 512, Sum: 1108, Workers: 4
[4552.819s][debug][gc,phases      ] GC(222)   ObjectSynchronizer Weak        Min:  0.0, Avg:  0.0, Max:  0.0, Diff:  0.0, Sum:  0.0, Workers: 4
[4552.819s][debug][gc,phases      ] GC(222)     Dead                           Min: 0, Avg:  0.0, Max: 0, Diff: 0, Sum: 0, Workers: 4
[4552.819s][debug][gc,phases      ] GC(222)     Total                          Min: 0, Avg:  1.8, Max: 7, Diff: 7, Sum: 7, Workers: 4
[4552.819s][debug][gc,phases      ] GC(222)   JVMTI Tag Weak OopStorage      Min:  0.0, Avg:  0.0, Max:  0.0, Diff:  0.0, Sum:  0.0, Workers: 4
[4552.819s][debug][gc,phases      ] GC(222)     Dead                           Min: 0, Avg:  0.0, Max: 0, Diff: 0, Sum: 0, Workers: 4
[4552.819s][debug][gc,phases      ] GC(222)     Total                          Min: 0, Avg:  0.0, Max: 0, Diff: 0, Sum: 0, Workers: 4
[4552.819s][debug][gc,phases      ] GC(222)   StringTable Weak               Min:  0.0, Avg:  0.1, Max:  0.1, Diff:  0.1, Sum:  0.4, Workers: 4
[4552.819s][debug][gc,phases      ] GC(222)     Dead                           Min: 0, Avg:  0.0, Max: 0, Diff: 0, Sum: 0, Workers: 4
[4552.819s][debug][gc,phases      ] GC(222)     Total                          Min: 0, Avg: 11918.8, Max: 20092, Diff: 20092, Sum: 47675, Workers: 4
[4552.819s][debug][gc,phases      ] GC(222)   ResolvedMethodTable Weak       Min:  0.0, Avg:  0.0, Max:  0.0, Diff:  0.0, Sum:  0.1, Workers: 4
[4552.819s][debug][gc,phases      ] GC(222)     Dead                           Min: 0, Avg:  4.0, Max: 16, Diff: 16, Sum: 16, Workers: 4
[4552.819s][debug][gc,phases      ] GC(222)     Total                          Min: 0, Avg: 4024.8, Max: 6961, Diff: 6961, Sum: 16099, Workers: 4
[4552.819s][debug][gc,phases      ] GC(222)   JNI Weak                       Min:  0.0, Avg:  0.0, Max:  0.0, Diff:  0.0, Sum:  0.0, Workers: 4
[4552.819s][debug][gc,phases      ] GC(222)     Dead                           Min: 0, Avg:  0.0, Max: 0, Diff: 0, Sum: 0, Workers: 4
[4552.819s][debug][gc,phases      ] GC(222)     Total                          Min: 0, Avg: 13.0, Max: 52, Diff: 52, Sum: 52, Workers: 4
[4552.819s][debug][gc,phases      ] GC(222)   StringDedup Table Weak         Min:  0.0, Avg:  0.0, Max:  0.0, Diff:  0.0, Sum:  0.0, Workers: 4
[4552.819s][debug][gc,phases      ] GC(222)     Dead                           Min: 0, Avg:  0.0, Max: 0, Diff: 0, Sum: 0, Workers: 4
[4552.819s][debug][gc,phases      ] GC(222)     Total                          Min: 0, Avg:  0.0, Max: 0, Diff: 0, Sum: 0, Workers: 4
[4552.819s][debug][gc,phases      ] GC(222)   StringDedup Requests0 Weak     Min:  0.0, Avg:  0.0, Max:  0.0, Diff:  0.0, Sum:  0.0, Workers: 4
[4552.819s][debug][gc,phases      ] GC(222)     Dead                           Min: 0, Avg:  0.0, Max: 0, Diff: 0, Sum: 0, Workers: 4
[4552.819s][debug][gc,phases      ] GC(222)     Total                          Min: 0, Avg:  0.0, Max: 0, Diff: 0, Sum: 0, Workers: 4
[4552.819s][debug][gc,phases      ] GC(222)   StringDedup Requests1 Weak     Min:  0.0, Avg:  0.0, Max:  0.0, Diff:  0.0, Sum:  0.0, Workers: 4
[4552.819s][debug][gc,phases      ] GC(222)     Dead                           Min: 0, Avg:  0.0, Max: 0, Diff: 0, Sum: 0, Workers: 4
[4552.819s][debug][gc,phases      ] GC(222)     Total                          Min: 0, Avg:  0.0, Max: 0, Diff: 0, Sum: 0, Workers: 4
[4552.819s][debug][gc,phases      ] GC(222)   Weak JFR Old Object Samples    Min:  0.0, Avg:  0.0, Max:  0.0, Diff:  0.0, Sum:  0.0, Workers: 4
[4552.819s][debug][gc,phases      ] GC(222)     Dead                           Min: 0, Avg:  0.0, Max: 0, Diff: 0, Sum: 0, Workers: 4
[4552.819s][debug][gc,phases      ] GC(222)     Total                          Min: 0, Avg:  0.0, Max: 0, Diff: 0, Sum: 0, Workers: 4
[4552.819s][debug][gc,phases      ] GC(222) Weak Processing 0.361ms
[4552.819s][debug][gc,age         ] GC(222) Desired survivor size 39845888 bytes, new threshold 1 (max threshold 15)
[4552.819s][info ][gc,heap        ] GC(222) PSYoungGen: 2047360K(2056704K)->28448K(2058240K) Eden: 2016768K(2016768K)->0K(2018816K) From: 30592K(39936K)->28448K(39424K)
[4552.819s][info ][gc,heap        ] GC(222) ParOldGen: 963424K(963584K)->988769K(989184K)
[4552.819s][info ][gc,metaspace   ] GC(222) Metaspace: 111479K(112896K)->111479K(112896K) NonClass: 94890K(95680K)->94890K(95680K) Class: 16588K(17216K)->16588K(17216K)
[4552.819s][info ][gc             ] GC(222) Pause Young (Allocation Failure) 2940M->993M(2976M) 22.660ms
[4552.819s][info ][gc,cpu         ] GC(222) User=0.07s Sys=0.02s Real=0.02s
[4552.819s][info ][safepoint      ] Safepoint "ParallelGCFailedAllocation", Time since last: 4306671173 ns, Reaching safepoint: 77300 ns, Cleanup: 3500 ns, At safepoint: 22734172 ns, Total: 22814972 ns
[4559.820s][info ][safepoint      ] Safepoint "Cleanup", Time since last: 7000515724 ns, Reaching safepoint: 5600 ns, Cleanup: 16200 ns, At safepoint: 2600 ns, Total: 24400 ns
[4561.820s][info ][safepoint      ] Safepoint "Cleanup", Time since last: 2000182608 ns, Reaching safepoint: 5200 ns, Cleanup: 19500 ns, At safepoint: 2400 ns, Total: 27100 ns
[4562.872s][info ][safepoint      ] Safepoint "Cleanup", Time since last: 1052069546 ns, Reaching safepoint: 6000 ns, Cleanup: 24201 ns, At safepoint: 2700 ns, Total: 32901 ns
[4564.872s][info ][safepoint      ] Safepoint "Cleanup", Time since last: 2000167806 ns, Reaching safepoint: 6201 ns, Cleanup: 10100 ns, At safepoint: 2500 ns, Total: 18801 ns
[4565.872s][info ][safepoint      ] Safepoint "Cleanup", Time since last: 1000105153 ns, Reaching safepoint: 5200 ns, Cleanup: 9400 ns, At safepoint: 2600 ns, Total: 17200 ns
[4566.383s][info ][gc,start       ] GC(223) Pause Young (Allocation Failure)
[4566.403s][debug][gc,phases      ] GC(223) Scavenge 19.622ms
[4566.403s][debug][gc,ref         ] GC(223) ReferenceProcessor::execute queues: 1, RefProcThreadModel::Single, marks_oops_alive: false
[4566.403s][debug][gc,ref         ] GC(223) Skipped KeepAliveFinalRefsPhase of Reference Processing: no references
[4566.403s][debug][gc,ref         ] GC(223) ReferenceProcessor::execute queues: 1, RefProcThreadModel::Single, marks_oops_alive: false
[4566.403s][debug][gc,phases      ] GC(223) Reference Processing 0.095ms
[4566.403s][debug][gc,phases      ] GC(223)   VM Weak                        Min:  0.0, Avg:  0.0, Max:  0.0, Diff:  0.0, Sum:  0.0, Workers: 4
[4566.403s][debug][gc,phases      ] GC(223)     Dead                           Min: 0, Avg:  0.0, Max: 0, Diff: 0, Sum: 0, Workers: 4
[4566.403s][debug][gc,phases      ] GC(223)     Total                          Min: 0, Avg: 277.0, Max: 960, Diff: 960, Sum: 1108, Workers: 4
[4566.403s][debug][gc,phases      ] GC(223)   ObjectSynchronizer Weak        Min:  0.0, Avg:  0.0, Max:  0.0, Diff:  0.0, Sum:  0.0, Workers: 4
[4566.403s][debug][gc,phases      ] GC(223)     Dead                           Min: 0, Avg:  0.0, Max: 0, Diff: 0, Sum: 0, Workers: 4
[4566.403s][debug][gc,phases      ] GC(223)     Total                          Min: 0, Avg:  1.5, Max: 6, Diff: 6, Sum: 6, Workers: 4
[4566.403s][debug][gc,phases      ] GC(223)   JVMTI Tag Weak OopStorage      Min:  0.0, Avg:  0.0, Max:  0.0, Diff:  0.0, Sum:  0.0, Workers: 4
[4566.403s][debug][gc,phases      ] GC(223)     Dead                           Min: 0, Avg:  0.0, Max: 0, Diff: 0, Sum: 0, Workers: 4
[4566.403s][debug][gc,phases      ] GC(223)     Total                          Min: 0, Avg:  0.0, Max: 0, Diff: 0, Sum: 0, Workers: 4
[4566.403s][debug][gc,phases      ] GC(223)   StringTable Weak               Min:  0.0, Avg:  0.1, Max:  0.1, Diff:  0.1, Sum:  0.4, Workers: 4
[4566.403s][debug][gc,phases      ] GC(223)     Dead                           Min: 0, Avg:  0.0, Max: 0, Diff: 0, Sum: 0, Workers: 4
[4566.403s][debug][gc,phases      ] GC(223)     Total                          Min: 0, Avg: 11921.5, Max: 20806, Diff: 20806, Sum: 47686, Workers: 4
[4566.403s][debug][gc,phases      ] GC(223)   ResolvedMethodTable Weak       Min:  0.0, Avg:  0.0, Max:  0.1, Diff:  0.1, Sum:  0.2, Workers: 4
[4566.403s][debug][gc,phases      ] GC(223)     Dead                           Min: 0, Avg:  0.0, Max: 0, Diff: 0, Sum: 0, Workers: 4
[4566.403s][debug][gc,phases      ] GC(223)     Total                          Min: 0, Avg: 4024.8, Max: 6597, Diff: 6597, Sum: 16099, Workers: 4
[4566.403s][debug][gc,phases      ] GC(223)   JNI Weak                       Min:  0.0, Avg:  0.0, Max:  0.0, Diff:  0.0, Sum:  0.0, Workers: 4
[4566.403s][debug][gc,phases      ] GC(223)     Dead                           Min: 0, Avg:  0.0, Max: 0, Diff: 0, Sum: 0, Workers: 4
[4566.403s][debug][gc,phases      ] GC(223)     Total                          Min: 0, Avg: 13.0, Max: 52, Diff: 52, Sum: 52, Workers: 4
[4566.403s][debug][gc,phases      ] GC(223)   StringDedup Table Weak         Min:  0.0, Avg:  0.0, Max:  0.0, Diff:  0.0, Sum:  0.0, Workers: 4
[4566.403s][debug][gc,phases      ] GC(223)     Dead                           Min: 0, Avg:  0.0, Max: 0, Diff: 0, Sum: 0, Workers: 4
[4566.403s][debug][gc,phases      ] GC(223)     Total                          Min: 0, Avg:  0.0, Max: 0, Diff: 0, Sum: 0, Workers: 4
[4566.403s][debug][gc,phases      ] GC(223)   StringDedup Requests0 Weak     Min:  0.0, Avg:  0.0, Max:  0.0, Diff:  0.0, Sum:  0.0, Workers: 4
[4566.403s][debug][gc,phases      ] GC(223)     Dead                           Min: 0, Avg:  0.0, Max: 0, Diff: 0, Sum: 0, Workers: 4
[4566.403s][debug][gc,phases      ] GC(223)     Total                          Min: 0, Avg:  0.0, Max: 0, Diff: 0, Sum: 0, Workers: 4
[4566.403s][debug][gc,phases      ] GC(223)   StringDedup Requests1 Weak     Min:  0.0, Avg:  0.0, Max:  0.0, Diff:  0.0, Sum:  0.0, Workers: 4
[4566.403s][debug][gc,phases      ] GC(223)     Dead                           Min: 0, Avg:  0.0, Max: 0, Diff: 0, Sum: 0, Workers: 4
[4566.403s][debug][gc,phases      ] GC(223)     Total                          Min: 0, Avg:  0.0, Max: 0, Diff: 0, Sum: 0, Workers: 4
[4566.403s][debug][gc,phases      ] GC(223)   Weak JFR Old Object Samples    Min:  0.0, Avg:  0.0, Max:  0.0, Diff:  0.0, Sum:  0.0, Workers: 4
[4566.403s][debug][gc,phases      ] GC(223)     Dead                           Min: 0, Avg:  0.0, Max: 0, Diff: 0, Sum: 0, Workers: 4
[4566.403s][debug][gc,phases      ] GC(223)     Total                          Min: 0, Avg:  0.0, Max: 0, Diff: 0, Sum: 0, Workers: 4
[4566.403s][debug][gc,phases      ] GC(223) Weak Processing 0.398ms
[4566.403s][debug][gc,age         ] GC(223) Desired survivor size 39321600 bytes, new threshold 1 (max threshold 15)
[4566.403s][info ][gc,heap        ] GC(223) PSYoungGen: 2047264K(2058240K)->28006K(2057728K) Eden: 2018816K(2018816K)->0K(2018816K) From: 28448K(39424K)->28006K(38912K)
[4566.403s][info ][gc,heap        ] GC(223) ParOldGen: 988769K(989184K)->1013521K(1013760K)
[4566.403s][info ][gc,metaspace   ] GC(223) Metaspace: 111487K(112960K)->111487K(112960K) NonClass: 94898K(95744K)->94898K(95744K) Class: 16588K(17216K)->16588K(17216K)
[4566.403s][info ][gc             ] GC(223) Pause Young (Allocation Failure) 2964M->1017M(2999M) 20.243ms
[4566.403s][info ][gc,cpu         ] GC(223) User=0.06s Sys=0.02s Real=0.02s
[4566.403s][info ][safepoint      ] Safepoint "ParallelGCFailedAllocation", Time since last: 510184154 ns, Reaching safepoint: 218401 ns, Cleanup: 10500 ns, At safepoint: 20317554 ns, Total: 20546455 ns
[4578.404s][info ][safepoint      ] Safepoint "Cleanup", Time since last: 12000887785 ns, Reaching safepoint: 5800 ns, Cleanup: 14501 ns, At safepoint: 2400 ns, Total: 22701 ns
[4578.861s][info ][gc,start       ] GC(224) Pause Young (Allocation Failure)
[4578.878s][debug][gc,phases      ] GC(224) Scavenge 17.316ms
[4578.878s][debug][gc,ref         ] GC(224) Skipped SoftWeakFinalRefsPhase of Reference Processing: no references
[4578.878s][debug][gc,ref         ] GC(224) Skipped KeepAliveFinalRefsPhase of Reference Processing: no references
[4578.878s][debug][gc,ref         ] GC(224) Skipped PhantomRefsPhase of Reference Processing: no references
[4578.878s][debug][gc,phases      ] GC(224) Reference Processing 0.018ms
[4578.879s][debug][gc,phases      ] GC(224)   VM Weak                        Min:  0.0, Avg:  0.0, Max:  0.0, Diff:  0.0, Sum:  0.0, Workers: 4
[4578.879s][debug][gc,phases      ] GC(224)     Dead                           Min: 0, Avg:  0.0, Max: 0, Diff: 0, Sum: 0, Workers: 4
[4578.879s][debug][gc,phases      ] GC(224)     Total                          Min: 0, Avg: 277.0, Max: 640, Diff: 640, Sum: 1108, Workers: 4
[4578.879s][debug][gc,phases      ] GC(224)   ObjectSynchronizer Weak        Min:  0.0, Avg:  0.0, Max:  0.0, Diff:  0.0, Sum:  0.0, Workers: 4
[4578.879s][debug][gc,phases      ] GC(224)     Dead                           Min: 0, Avg:  0.0, Max: 0, Diff: 0, Sum: 0, Workers: 4
[4578.879s][debug][gc,phases      ] GC(224)     Total                          Min: 0, Avg:  1.8, Max: 7, Diff: 7, Sum: 7, Workers: 4
[4578.879s][debug][gc,phases      ] GC(224)   JVMTI Tag Weak OopStorage      Min:  0.0, Avg:  0.0, Max:  0.0, Diff:  0.0, Sum:  0.0, Workers: 4
[4578.879s][debug][gc,phases      ] GC(224)     Dead                           Min: 0, Avg:  0.0, Max: 0, Diff: 0, Sum: 0, Workers: 4
[4578.879s][debug][gc,phases      ] GC(224)     Total                          Min: 0, Avg:  0.0, Max: 0, Diff: 0, Sum: 0, Workers: 4
[4578.879s][debug][gc,phases      ] GC(224)   StringTable Weak               Min:  0.0, Avg:  0.1, Max:  0.1, Diff:  0.1, Sum:  0.4, Workers: 4
[4578.879s][debug][gc,phases      ] GC(224)     Dead                           Min: 0, Avg:  0.0, Max: 0, Diff: 0, Sum: 0, Workers: 4
[4578.879s][debug][gc,phases      ] GC(224)     Total                          Min: 0, Avg: 11921.5, Max: 20422, Diff: 20422, Sum: 47686, Workers: 4
[4578.879s][debug][gc,phases      ] GC(224)   ResolvedMethodTable Weak       Min:  0.0, Avg:  0.0, Max:  0.0, Diff:  0.0, Sum:  0.1, Workers: 4
[4578.879s][debug][gc,phases      ] GC(224)     Dead                           Min: 0, Avg:  4.0, Max: 14, Diff: 14, Sum: 16, Workers: 4
[4578.879s][debug][gc,phases      ] GC(224)     Total                          Min: 0, Avg: 4024.8, Max: 6927, Diff: 6927, Sum: 16099, Workers: 4
[4578.879s][debug][gc,phases      ] GC(224)   JNI Weak                       Min:  0.0, Avg:  0.0, Max:  0.0, Diff:  0.0, Sum:  0.0, Workers: 4
[4578.879s][debug][gc,phases      ] GC(224)     Dead                           Min: 0, Avg:  0.0, Max: 0, Diff: 0, Sum: 0, Workers: 4
[4578.879s][debug][gc,phases      ] GC(224)     Total                          Min: 0, Avg: 13.0, Max: 52, Diff: 52, Sum: 52, Workers: 4
[4578.879s][debug][gc,phases      ] GC(224)   StringDedup Table Weak         Min:  0.0, Avg:  0.0, Max:  0.0, Diff:  0.0, Sum:  0.0, Workers: 4
[4578.879s][debug][gc,phases      ] GC(224)     Dead                           Min: 0, Avg:  0.0, Max: 0, Diff: 0, Sum: 0, Workers: 4
[4578.879s][debug][gc,phases      ] GC(224)     Total                          Min: 0, Avg:  0.0, Max: 0, Diff: 0, Sum: 0, Workers: 4
[4578.879s][debug][gc,phases      ] GC(224)   StringDedup Requests0 Weak     Min:  0.0, Avg:  0.0, Max:  0.0, Diff:  0.0, Sum:  0.0, Workers: 4
[4578.879s][debug][gc,phases      ] GC(224)     Dead                           Min: 0, Avg:  0.0, Max: 0, Diff: 0, Sum: 0, Workers: 4
[4578.879s][debug][gc,phases      ] GC(224)     Total                          Min: 0, Avg:  0.0, Max: 0, Diff: 0, Sum: 0, Workers: 4
[4578.879s][debug][gc,phases      ] GC(224)   StringDedup Requests1 Weak     Min:  0.0, Avg:  0.0, Max:  0.0, Diff:  0.0, Sum:  0.0, Workers: 4
[4578.879s][debug][gc,phases      ] GC(224)     Dead                           Min: 0, Avg:  0.0, Max: 0, Diff: 0, Sum: 0, Workers: 4
[4578.879s][debug][gc,phases      ] GC(224)     Total                          Min: 0, Avg:  0.0, Max: 0, Diff: 0, Sum: 0, Workers: 4
[4578.879s][debug][gc,phases      ] GC(224)   Weak JFR Old Object Samples    Min:  0.0, Avg:  0.0, Max:  0.0, Diff:  0.0, Sum:  0.0, Workers: 4
[4578.879s][debug][gc,phases      ] GC(224)     Dead                           Min: 0, Avg:  0.0, Max: 0, Diff: 0, Sum: 0, Workers: 4
[4578.879s][debug][gc,phases      ] GC(224)     Total                          Min: 0, Avg:  0.0, Max: 0, Diff: 0, Sum: 0, Workers: 4
[4578.879s][debug][gc,phases      ] GC(224) Weak Processing 0.350ms
[4578.879s][debug][gc,age         ] GC(224) Desired survivor size 39845888 bytes, new threshold 1 (max threshold 15)
[4578.879s][info ][gc,heap        ] GC(224) PSYoungGen: 2046822K(2057728K)->20510K(2057728K) Eden: 2018816K(2018816K)->0K(2019328K) From: 28006K(38912K)->20510K(38400K)
[4578.879s][info ][gc,heap        ] GC(224) ParOldGen: 1013521K(1013760K)->1038125K(1038336K)
[4578.879s][info ][gc,metaspace   ] GC(224) Metaspace: 111497K(112960K)->111497K(112960K) NonClass: 94908K(95744K)->94908K(95744K) Class: 16588K(17216K)->16588K(17216K)
[4578.879s][info ][gc             ] GC(224) Pause Young (Allocation Failure) 2988M->1033M(3023M) 17.798ms
[4578.879s][info ][gc,cpu         ] GC(224) User=0.06s Sys=0.01s Real=0.01s
[4578.879s][info ][safepoint      ] Safepoint "ParallelGCFailedAllocation", Time since last: 456721193 ns, Reaching safepoint: 77300 ns, Cleanup: 4100 ns, At safepoint: 17878437 ns, Total: 17959837 ns
[4579.879s][info ][safepoint      ] Safepoint "Cleanup", Time since last: 1000090849 ns, Reaching safepoint: 7400 ns, Cleanup: 10100 ns, At safepoint: 2800 ns, Total: 20300 ns
[4580.879s][info ][safepoint      ] Safepoint "Cleanup", Time since last: 1000128249 ns, Reaching safepoint: 5400 ns, Cleanup: 15700 ns, At safepoint: 2800 ns, Total: 23900 ns
[4581.879s][info ][safepoint      ] Safepoint "Cleanup", Time since last: 1000102249 ns, Reaching safepoint: 80600 ns, Cleanup: 8700 ns, At safepoint: 6400 ns, Total: 95700 ns
[4582.879s][info ][safepoint      ] Safepoint "Cleanup", Time since last: 1000115649 ns, Reaching safepoint: 6100 ns, Cleanup: 13500 ns, At safepoint: 2800 ns, Total: 22400 ns
[4583.879s][info ][safepoint      ] Safepoint "Cleanup", Time since last: 1000113549 ns, Reaching safepoint: 5800 ns, Cleanup: 9200 ns, At safepoint: 2800 ns, Total: 17800 ns
[4585.880s][info ][safepoint      ] Safepoint "Cleanup", Time since last: 2000172268 ns, Reaching safepoint: 5800 ns, Cleanup: 8400 ns, At safepoint: 2600 ns, Total: 16800 ns
[4586.880s][info ][safepoint      ] Safepoint "Cleanup", Time since last: 1000097818 ns, Reaching safepoint: 5800 ns, Cleanup: 13600 ns, At safepoint: 2600 ns, Total: 22000 ns
[4587.880s][info ][safepoint      ] Safepoint "Cleanup", Time since last: 1000111018 ns, Reaching safepoint: 5700 ns, Cleanup: 16100 ns, At safepoint: 2200 ns, Total: 24000 ns
[4587.961s][info ][gc,start       ] GC(225) Pause Young (Allocation Failure)
[4587.981s][debug][gc,phases      ] GC(225) Scavenge 20.137ms
[4587.981s][debug][gc,ref         ] GC(225) Skipped SoftWeakFinalRefsPhase of Reference Processing: no references
[4587.981s][debug][gc,ref         ] GC(225) Skipped KeepAliveFinalRefsPhase of Reference Processing: no references
[4587.981s][debug][gc,ref         ] GC(225) Skipped PhantomRefsPhase of Reference Processing: no references
[4587.981s][debug][gc,phases      ] GC(225) Reference Processing 0.019ms
[4587.981s][debug][gc,phases      ] GC(225)   VM Weak                        Min:  0.0, Avg:  0.0, Max:  0.0, Diff:  0.0, Sum:  0.0, Workers: 4
[4587.981s][debug][gc,phases      ] GC(225)     Dead                           Min: 0, Avg:  0.0, Max: 0, Diff: 0, Sum: 0, Workers: 4
[4587.981s][debug][gc,phases      ] GC(225)     Total                          Min: 0, Avg: 277.0, Max: 640, Diff: 640, Sum: 1108, Workers: 4
[4587.981s][debug][gc,phases      ] GC(225)   ObjectSynchronizer Weak        Min:  0.0, Avg:  0.0, Max:  0.0, Diff:  0.0, Sum:  0.0, Workers: 4
[4587.981s][debug][gc,phases      ] GC(225)     Dead                           Min: 0, Avg:  0.0, Max: 0, Diff: 0, Sum: 0, Workers: 4
[4587.981s][debug][gc,phases      ] GC(225)     Total                          Min: 0, Avg:  1.8, Max: 7, Diff: 7, Sum: 7, Workers: 4
[4587.981s][debug][gc,phases      ] GC(225)   JVMTI Tag Weak OopStorage      Min:  0.0, Avg:  0.0, Max:  0.0, Diff:  0.0, Sum:  0.0, Workers: 4
[4587.981s][debug][gc,phases      ] GC(225)     Dead                           Min: 0, Avg:  0.0, Max: 0, Diff: 0, Sum: 0, Workers: 4
[4587.981s][debug][gc,phases      ] GC(225)     Total                          Min: 0, Avg:  0.0, Max: 0, Diff: 0, Sum: 0, Workers: 4
[4587.981s][debug][gc,phases      ] GC(225)   StringTable Weak               Min:  0.0, Avg:  0.1, Max:  0.1, Diff:  0.1, Sum:  0.4, Workers: 4
[4587.981s][debug][gc,phases      ] GC(225)     Dead                           Min: 0, Avg:  0.0, Max: 0, Diff: 0, Sum: 0, Workers: 4
[4587.981s][debug][gc,phases      ] GC(225)     Total                          Min: 0, Avg: 11921.5, Max: 20224, Diff: 20224, Sum: 47686, Workers: 4
[4587.981s][debug][gc,phases      ] GC(225)   ResolvedMethodTable Weak       Min:  0.0, Avg:  0.0, Max:  0.0, Diff:  0.0, Sum:  0.1, Workers: 4
[4587.981s][debug][gc,phases      ] GC(225)     Dead                           Min: 0, Avg:  0.0, Max: 0, Diff: 0, Sum: 0, Workers: 4
[4587.981s][debug][gc,phases      ] GC(225)     Total                          Min: 0, Avg: 4024.8, Max: 6898, Diff: 6898, Sum: 16099, Workers: 4
[4587.981s][debug][gc,phases      ] GC(225)   JNI Weak                       Min:  0.0, Avg:  0.0, Max:  0.0, Diff:  0.0, Sum:  0.0, Workers: 4
[4587.981s][debug][gc,phases      ] GC(225)     Dead                           Min: 0, Avg:  0.0, Max: 0, Diff: 0, Sum: 0, Workers: 4
[4587.981s][debug][gc,phases      ] GC(225)     Total                          Min: 0, Avg: 13.0, Max: 52, Diff: 52, Sum: 52, Workers: 4
[4587.981s][debug][gc,phases      ] GC(225)   StringDedup Table Weak         Min:  0.0, Avg:  0.0, Max:  0.0, Diff:  0.0, Sum:  0.0, Workers: 4
[4587.981s][debug][gc,phases      ] GC(225)     Dead                           Min: 0, Avg:  0.0, Max: 0, Diff: 0, Sum: 0, Workers: 4
[4587.981s][debug][gc,phases      ] GC(225)     Total                          Min: 0, Avg:  0.0, Max: 0, Diff: 0, Sum: 0, Workers: 4
[4587.981s][debug][gc,phases      ] GC(225)   StringDedup Requests0 Weak     Min:  0.0, Avg:  0.0, Max:  0.0, Diff:  0.0, Sum:  0.0, Workers: 4
[4587.981s][debug][gc,phases      ] GC(225)     Dead                           Min: 0, Avg:  0.0, Max: 0, Diff: 0, Sum: 0, Workers: 4
[4587.981s][debug][gc,phases      ] GC(225)     Total                          Min: 0, Avg:  0.0, Max: 0, Diff: 0, Sum: 0, Workers: 4
[4587.981s][debug][gc,phases      ] GC(225)   StringDedup Requests1 Weak     Min:  0.0, Avg:  0.0, Max:  0.0, Diff:  0.0, Sum:  0.0, Workers: 4
[4587.981s][debug][gc,phases      ] GC(225)     Dead                           Min: 0, Avg:  0.0, Max: 0, Diff: 0, Sum: 0, Workers: 4
[4587.981s][debug][gc,phases      ] GC(225)     Total                          Min: 0, Avg:  0.0, Max: 0, Diff: 0, Sum: 0, Workers: 4
[4587.981s][debug][gc,phases      ] GC(225)   Weak JFR Old Object Samples    Min:  0.0, Avg:  0.0, Max:  0.0, Diff:  0.0, Sum:  0.0, Workers: 4
[4587.981s][debug][gc,phases      ] GC(225)     Dead                           Min: 0, Avg:  0.0, Max: 0, Diff: 0, Sum: 0, Workers: 4
[4587.981s][debug][gc,phases      ] GC(225)     Total                          Min: 0, Avg:  0.0, Max: 0, Diff: 0, Sum: 0, Workers: 4
[4587.981s][debug][gc,phases      ] GC(225) Weak Processing 0.348ms
[4587.982s][debug][gc,age         ] GC(225) Desired survivor size 39321600 bytes, new threshold 1 (max threshold 15)
[4587.982s][info ][gc,heap        ] GC(225) PSYoungGen: 2039838K(2057728K)->30544K(2058240K) Eden: 2019328K(2019328K)->0K(2019328K) From: 20510K(38400K)->30544K(38912K)
[4587.982s][info ][gc,heap        ] GC(225) ParOldGen: 1038125K(1038336K)->1054581K(1054720K)
[4587.982s][info ][gc,metaspace   ] GC(225) Metaspace: 111500K(112960K)->111500K(112960K) NonClass: 94911K(95744K)->94911K(95744K) Class: 16588K(17216K)->16588K(17216K)
[4587.982s][info ][gc             ] GC(225) Pause Young (Allocation Failure) 3005M->1059M(3040M) 20.621ms
[4587.982s][info ][gc,cpu         ] GC(225) User=0.07s Sys=0.01s Real=0.02s
[4587.982s][info ][safepoint      ] Safepoint "ParallelGCFailedAllocation", Time since last: 80995728 ns, Reaching safepoint: 6000 ns, Cleanup: 3000 ns, At safepoint: 20688135 ns, Total: 20697135 ns
[4597.982s][info ][safepoint      ] Safepoint "Cleanup", Time since last: 10000719954 ns, Reaching safepoint: 5200 ns, Cleanup: 11000 ns, At safepoint: 2100 ns, Total: 18300 ns
[4608.279s][info ][gc,start       ] GC(226) Pause Young (Allocation Failure)
[4608.316s][debug][gc,phases      ] GC(226) Scavenge 37.572ms
[4608.316s][debug][gc,ref         ] GC(226) ReferenceProcessor::execute queues: 1, RefProcThreadModel::Single, marks_oops_alive: false
[4608.316s][debug][gc,ref         ] GC(226) Skipped KeepAliveFinalRefsPhase of Reference Processing: no references
[4608.316s][debug][gc,ref         ] GC(226) Skipped PhantomRefsPhase of Reference Processing: no references
[4608.316s][debug][gc,phases      ] GC(226) Reference Processing 0.113ms
[4608.317s][debug][gc,phases      ] GC(226)   VM Weak                        Min:  0.0, Avg:  0.0, Max:  0.0, Diff:  0.0, Sum:  0.0, Workers: 4
[4608.317s][debug][gc,phases      ] GC(226)     Dead                           Min: 0, Avg:  0.0, Max: 0, Diff: 0, Sum: 0, Workers: 4
[4608.317s][debug][gc,phases      ] GC(226)     Total                          Min: 0, Avg: 277.0, Max: 660, Diff: 660, Sum: 1108, Workers: 4
[4608.317s][debug][gc,phases      ] GC(226)   ObjectSynchronizer Weak        Min:  0.0, Avg:  0.0, Max:  0.0, Diff:  0.0, Sum:  0.0, Workers: 4
[4608.317s][debug][gc,phases      ] GC(226)     Dead                           Min: 0, Avg:  0.0, Max: 0, Diff: 0, Sum: 0, Workers: 4
[4608.317s][debug][gc,phases      ] GC(226)     Total                          Min: 0, Avg:  1.8, Max: 7, Diff: 7, Sum: 7, Workers: 4
[4608.317s][debug][gc,phases      ] GC(226)   JVMTI Tag Weak OopStorage      Min:  0.0, Avg:  0.0, Max:  0.0, Diff:  0.0, Sum:  0.0, Workers: 4
[4608.317s][debug][gc,phases      ] GC(226)     Dead                           Min: 0, Avg:  0.0, Max: 0, Diff: 0, Sum: 0, Workers: 4
[4608.317s][debug][gc,phases      ] GC(226)     Total                          Min: 0, Avg:  0.0, Max: 0, Diff: 0, Sum: 0, Workers: 4
[4608.317s][debug][gc,phases      ] GC(226)   StringTable Weak               Min:  0.0, Avg:  0.1, Max:  0.2, Diff:  0.2, Sum:  0.4, Workers: 4
[4608.317s][debug][gc,phases      ] GC(226)     Dead                           Min: 0, Avg:  0.0, Max: 0, Diff: 0, Sum: 0, Workers: 4
[4608.317s][debug][gc,phases      ] GC(226)     Total                          Min: 0, Avg: 11921.5, Max: 24512, Diff: 24512, Sum: 47686, Workers: 4
[4608.317s][debug][gc,phases      ] GC(226)   ResolvedMethodTable Weak       Min:  0.0, Avg:  0.0, Max:  0.1, Diff:  0.1, Sum:  0.1, Workers: 4
[4608.317s][debug][gc,phases      ] GC(226)     Dead                           Min: 0, Avg:  4.0, Max: 16, Diff: 16, Sum: 16, Workers: 4
[4608.317s][debug][gc,phases      ] GC(226)     Total                          Min: 0, Avg: 4024.8, Max: 8160, Diff: 8160, Sum: 16099, Workers: 4
[4608.317s][debug][gc,phases      ] GC(226)   JNI Weak                       Min:  0.0, Avg:  0.0, Max:  0.0, Diff:  0.0, Sum:  0.0, Workers: 4
[4608.317s][debug][gc,phases      ] GC(226)     Dead                           Min: 0, Avg:  0.0, Max: 0, Diff: 0, Sum: 0, Workers: 4
[4608.317s][debug][gc,phases      ] GC(226)     Total                          Min: 0, Avg: 13.0, Max: 52, Diff: 52, Sum: 52, Workers: 4
[4608.317s][debug][gc,phases      ] GC(226)   StringDedup Table Weak         Min:  0.0, Avg:  0.0, Max:  0.0, Diff:  0.0, Sum:  0.0, Workers: 4
[4608.317s][debug][gc,phases      ] GC(226)     Dead                           Min: 0, Avg:  0.0, Max: 0, Diff: 0, Sum: 0, Workers: 4
[4608.317s][debug][gc,phases      ] GC(226)     Total                          Min: 0, Avg:  0.0, Max: 0, Diff: 0, Sum: 0, Workers: 4
[4608.317s][debug][gc,phases      ] GC(226)   StringDedup Requests0 Weak     Min:  0.0, Avg:  0.0, Max:  0.0, Diff:  0.0, Sum:  0.0, Workers: 4
[4608.317s][debug][gc,phases      ] GC(226)     Dead                           Min: 0, Avg:  0.0, Max: 0, Diff: 0, Sum: 0, Workers: 4
[4608.317s][debug][gc,phases      ] GC(226)     Total                          Min: 0, Avg:  0.0, Max: 0, Diff: 0, Sum: 0, Workers: 4
[4608.317s][debug][gc,phases      ] GC(226)   StringDedup Requests1 Weak     Min:  0.0, Avg:  0.0, Max:  0.0, Diff:  0.0, Sum:  0.0, Workers: 4
[4608.317s][debug][gc,phases      ] GC(226)     Dead                           Min: 0, Avg:  0.0, Max: 0, Diff: 0, Sum: 0, Workers: 4
[4608.317s][debug][gc,phases      ] GC(226)     Total                          Min: 0, Avg:  0.0, Max: 0, Diff: 0, Sum: 0, Workers: 4
[4608.317s][debug][gc,phases      ] GC(226)   Weak JFR Old Object Samples    Min:  0.0, Avg:  0.0, Max:  0.0, Diff:  0.0, Sum:  0.0, Workers: 4
[4608.317s][debug][gc,phases      ] GC(226)     Dead                           Min: 0, Avg:  0.0, Max: 0, Diff: 0, Sum: 0, Workers: 4
[4608.317s][debug][gc,phases      ] GC(226)     Total                          Min: 0, Avg:  0.0, Max: 0, Diff: 0, Sum: 0, Workers: 4
[4608.317s][debug][gc,phases      ] GC(226) Weak Processing 0.512ms
[4608.317s][debug][gc,age         ] GC(226) Desired survivor size 41943040 bytes, new threshold 1 (max threshold 15)
[4608.317s][info ][gc,heap        ] GC(226) PSYoungGen: 2049872K(2058240K)->9568K(2053632K) Eden: 2019328K(2019328K)->0K(2015232K) From: 30544K(38912K)->9568K(38400K)
[4608.317s][info ][gc,heap        ] GC(226) ParOldGen: 1054581K(1054720K)->1081263K(1081344K)
[4608.317s][info ][gc,metaspace   ] GC(226) Metaspace: 111506K(112960K)->111506K(112960K) NonClass: 94917K(95744K)->94917K(95744K) Class: 16588K(17216K)->16588K(17216K)
[4608.317s][info ][gc             ] GC(226) Pause Young (Allocation Failure) 3031M->1065M(3061M) 38.349ms
[4608.317s][info ][gc,cpu         ] GC(226) User=0.06s Sys=0.01s Real=0.04s
[4608.317s][info ][safepoint      ] Safepoint "ParallelGCFailedAllocation", Time since last: 10296177720 ns, Reaching safepoint: 5900 ns, Cleanup: 4200 ns, At safepoint: 38436370 ns, Total: 38446470 ns
[4618.318s][info ][safepoint      ] Safepoint "Cleanup", Time since last: 10000772964 ns, Reaching safepoint: 79201 ns, Cleanup: 8400 ns, At safepoint: 5800 ns, Total: 93401 ns
[4620.318s][info ][safepoint      ] Safepoint "Cleanup", Time since last: 2000167799 ns, Reaching safepoint: 78700 ns, Cleanup: 8601 ns, At safepoint: 9100 ns, Total: 96401 ns
[4625.312s][info ][gc,start       ] GC(227) Pause Young (Allocation Failure)
[4625.323s][debug][gc,phases      ] GC(227) Scavenge 10.399ms
[4625.323s][debug][gc,ref         ] GC(227) ReferenceProcessor::execute queues: 1, RefProcThreadModel::Single, marks_oops_alive: false
[4625.323s][debug][gc,ref         ] GC(227) Skipped KeepAliveFinalRefsPhase of Reference Processing: no references
[4625.323s][debug][gc,ref         ] GC(227) Skipped PhantomRefsPhase of Reference Processing: no references
[4625.323s][debug][gc,phases      ] GC(227) Reference Processing 0.096ms
[4625.323s][debug][gc,phases      ] GC(227)   VM Weak                        Min:  0.0, Avg:  0.0, Max:  0.0, Diff:  0.0, Sum:  0.0, Workers: 4
[4625.323s][debug][gc,phases      ] GC(227)     Dead                           Min: 0, Avg:  0.0, Max: 0, Diff: 0, Sum: 0, Workers: 4
[4625.323s][debug][gc,phases      ] GC(227)     Total                          Min: 0, Avg: 277.0, Max: 788, Diff: 788, Sum: 1108, Workers: 4
[4625.323s][debug][gc,phases      ] GC(227)   ObjectSynchronizer Weak        Min:  0.0, Avg:  0.0, Max:  0.0, Diff:  0.0, Sum:  0.0, Workers: 4
[4625.323s][debug][gc,phases      ] GC(227)     Dead                           Min: 0, Avg:  0.0, Max: 0, Diff: 0, Sum: 0, Workers: 4
[4625.323s][debug][gc,phases      ] GC(227)     Total                          Min: 0, Avg:  1.0, Max: 4, Diff: 4, Sum: 4, Workers: 4
[4625.323s][debug][gc,phases      ] GC(227)   JVMTI Tag Weak OopStorage      Min:  0.0, Avg:  0.0, Max:  0.0, Diff:  0.0, Sum:  0.0, Workers: 4
[4625.323s][debug][gc,phases      ] GC(227)     Dead                           Min: 0, Avg:  0.0, Max: 0, Diff: 0, Sum: 0, Workers: 4
[4625.323s][debug][gc,phases      ] GC(227)     Total                          Min: 0, Avg:  0.0, Max: 0, Diff: 0, Sum: 0, Workers: 4
[4625.323s][debug][gc,phases      ] GC(227)   StringTable Weak               Min:  0.0, Avg:  0.1, Max:  0.1, Diff:  0.1, Sum:  0.4, Workers: 4
[4625.323s][debug][gc,phases      ] GC(227)     Dead                           Min: 0, Avg:  0.0, Max: 0, Diff: 0, Sum: 0, Workers: 4
[4625.323s][debug][gc,phases      ] GC(227)     Total                          Min: 0, Avg: 11921.5, Max: 20224, Diff: 20224, Sum: 47686, Workers: 4
[4625.323s][debug][gc,phases      ] GC(227)   ResolvedMethodTable Weak       Min:  0.0, Avg:  0.0, Max:  0.0, Diff:  0.0, Sum:  0.1, Workers: 4
[4625.323s][debug][gc,phases      ] GC(227)     Dead                           Min: 0, Avg:  4.0, Max: 14, Diff: 14, Sum: 16, Workers: 4
[4625.323s][debug][gc,phases      ] GC(227)     Total                          Min: 0, Avg: 4024.8, Max: 6844, Diff: 6844, Sum: 16099, Workers: 4
[4625.323s][debug][gc,phases      ] GC(227)   JNI Weak                       Min:  0.0, Avg:  0.0, Max:  0.0, Diff:  0.0, Sum:  0.0, Workers: 4
[4625.323s][debug][gc,phases      ] GC(227)     Dead                           Min: 0, Avg:  0.0, Max: 0, Diff: 0, Sum: 0, Workers: 4
[4625.323s][debug][gc,phases      ] GC(227)     Total                          Min: 0, Avg: 13.0, Max: 52, Diff: 52, Sum: 52, Workers: 4
[4625.323s][debug][gc,phases      ] GC(227)   StringDedup Table Weak         Min:  0.0, Avg:  0.0, Max:  0.0, Diff:  0.0, Sum:  0.0, Workers: 4
[4625.323s][debug][gc,phases      ] GC(227)     Dead                           Min: 0, Avg:  0.0, Max: 0, Diff: 0, Sum: 0, Workers: 4
[4625.323s][debug][gc,phases      ] GC(227)     Total                          Min: 0, Avg:  0.0, Max: 0, Diff: 0, Sum: 0, Workers: 4
[4625.323s][debug][gc,phases      ] GC(227)   StringDedup Requests0 Weak     Min:  0.0, Avg:  0.0, Max:  0.0, Diff:  0.0, Sum:  0.0, Workers: 4
[4625.323s][debug][gc,phases      ] GC(227)     Dead                           Min: 0, Avg:  0.0, Max: 0, Diff: 0, Sum: 0, Workers: 4
[4625.323s][debug][gc,phases      ] GC(227)     Total                          Min: 0, Avg:  0.0, Max: 0, Diff: 0, Sum: 0, Workers: 4
[4625.323s][debug][gc,phases      ] GC(227)   StringDedup Requests1 Weak     Min:  0.0, Avg:  0.0, Max:  0.0, Diff:  0.0, Sum:  0.0, Workers: 4
[4625.323s][debug][gc,phases      ] GC(227)     Dead                           Min: 0, Avg:  0.0, Max: 0, Diff: 0, Sum: 0, Workers: 4
[4625.323s][debug][gc,phases      ] GC(227)     Total                          Min: 0, Avg:  0.0, Max: 0, Diff: 0, Sum: 0, Workers: 4
[4625.323s][debug][gc,phases      ] GC(227)   Weak JFR Old Object Samples    Min:  0.0, Avg:  0.0, Max:  0.0, Diff:  0.0, Sum:  0.0, Workers: 4
[4625.323s][debug][gc,phases      ] GC(227)     Dead                           Min: 0, Avg:  0.0, Max: 0, Diff: 0, Sum: 0, Workers: 4
[4625.323s][debug][gc,phases      ] GC(227)     Total                          Min: 0, Avg:  0.0, Max: 0, Diff: 0, Sum: 0, Workers: 4
[4625.323s][debug][gc,phases      ] GC(227) Weak Processing 0.368ms
[4625.323s][debug][gc,age         ] GC(227) Desired survivor size 42991616 bytes, new threshold 1 (max threshold 15)
[4625.323s][info ][gc,heap        ] GC(227) PSYoungGen: 2024800K(2053632K)->13968K(2029568K) Eden: 2015232K(2015232K)->0K(2015232K) From: 9568K(38400K)->13968K(14336K)
[4625.323s][info ][gc,heap        ] GC(227) ParOldGen: 1081263K(1081344K)->1086076K(1086464K)
[4625.323s][info ][gc,metaspace   ] GC(227) Metaspace: 111507K(112960K)->111507K(112960K) NonClass: 94918K(95744K)->94918K(95744K) Class: 16588K(17216K)->16588K(17216K)
[4625.323s][info ][gc             ] GC(227) Pause Young (Allocation Failure) 3033M->1074M(3043M) 10.982ms
[4625.323s][info ][gc,cpu         ] GC(227) User=0.04s Sys=0.00s Real=0.01s
[4625.323s][info ][safepoint      ] Safepoint "ParallelGCFailedAllocation", Time since last: 4993960109 ns, Reaching safepoint: 100801 ns, Cleanup: 4800 ns, At safepoint: 11055980 ns, Total: 11161581 ns
[4627.323s][info ][safepoint      ] Safepoint "Cleanup", Time since last: 2000159493 ns, Reaching safepoint: 6100 ns, Cleanup: 11700 ns, At safepoint: 2500 ns, Total: 20300 ns
[4634.324s][info ][safepoint      ] Safepoint "Cleanup", Time since last: 7000526194 ns, Reaching safepoint: 5300 ns, Cleanup: 9800 ns, At safepoint: 2000 ns, Total: 17100 ns
[4634.836s][info ][gc,start       ] GC(228) Pause Young (Allocation Failure)
[4634.850s][debug][gc,phases      ] GC(228) Scavenge 14.217ms
[4634.850s][debug][gc,ref         ] GC(228) ReferenceProcessor::execute queues: 1, RefProcThreadModel::Single, marks_oops_alive: false
[4634.850s][debug][gc,ref         ] GC(228) Skipped KeepAliveFinalRefsPhase of Reference Processing: no references
[4634.850s][debug][gc,ref         ] GC(228) ReferenceProcessor::execute queues: 1, RefProcThreadModel::Single, marks_oops_alive: false
[4634.850s][debug][gc,phases      ] GC(228) Reference Processing 0.096ms
[4634.850s][debug][gc,phases      ] GC(228)   VM Weak                        Min:  0.0, Avg:  0.0, Max:  0.0, Diff:  0.0, Sum:  0.0, Workers: 4
[4634.850s][debug][gc,phases      ] GC(228)     Dead                           Min: 0, Avg:  0.0, Max: 0, Diff: 0, Sum: 0, Workers: 4
[4634.850s][debug][gc,phases      ] GC(228)     Total                          Min: 0, Avg: 277.0, Max: 788, Diff: 788, Sum: 1108, Workers: 4
[4634.850s][debug][gc,phases      ] GC(228)   ObjectSynchronizer Weak        Min:  0.0, Avg:  0.0, Max:  0.0, Diff:  0.0, Sum:  0.0, Workers: 4
[4634.850s][debug][gc,phases      ] GC(228)     Dead                           Min: 0, Avg:  0.0, Max: 0, Diff: 0, Sum: 0, Workers: 4
[4634.850s][debug][gc,phases      ] GC(228)     Total                          Min: 0, Avg:  1.2, Max: 5, Diff: 5, Sum: 5, Workers: 4
[4634.850s][debug][gc,phases      ] GC(228)   JVMTI Tag Weak OopStorage      Min:  0.0, Avg:  0.0, Max:  0.0, Diff:  0.0, Sum:  0.0, Workers: 4
[4634.850s][debug][gc,phases      ] GC(228)     Dead                           Min: 0, Avg:  0.0, Max: 0, Diff: 0, Sum: 0, Workers: 4
[4634.850s][debug][gc,phases      ] GC(228)     Total                          Min: 0, Avg:  0.0, Max: 0, Diff: 0, Sum: 0, Workers: 4
[4634.850s][debug][gc,phases      ] GC(228)   StringTable Weak               Min:  0.0, Avg:  0.1, Max:  0.1, Diff:  0.1, Sum:  0.4, Workers: 4
[4634.850s][debug][gc,phases      ] GC(228)     Dead                           Min: 0, Avg:  0.0, Max: 0, Diff: 0, Sum: 0, Workers: 4
[4634.850s][debug][gc,phases      ] GC(228)     Total                          Min: 0, Avg: 11921.5, Max: 20166, Diff: 20166, Sum: 47686, Workers: 4
[4634.850s][debug][gc,phases      ] GC(228)   ResolvedMethodTable Weak       Min:  0.0, Avg:  0.0, Max:  0.0, Diff:  0.0, Sum:  0.1, Workers: 4
[4634.850s][debug][gc,phases      ] GC(228)     Dead                           Min: 0, Avg:  0.0, Max: 0, Diff: 0, Sum: 0, Workers: 4
[4634.850s][debug][gc,phases      ] GC(228)     Total                          Min: 0, Avg: 4024.8, Max: 6958, Diff: 6958, Sum: 16099, Workers: 4
[4634.850s][debug][gc,phases      ] GC(228)   JNI Weak                       Min:  0.0, Avg:  0.0, Max:  0.0, Diff:  0.0, Sum:  0.0, Workers: 4
[4634.850s][debug][gc,phases      ] GC(228)     Dead                           Min: 0, Avg:  0.0, Max: 0, Diff: 0, Sum: 0, Workers: 4
[4634.850s][debug][gc,phases      ] GC(228)     Total                          Min: 0, Avg: 13.0, Max: 52, Diff: 52, Sum: 52, Workers: 4
[4634.850s][debug][gc,phases      ] GC(228)   StringDedup Table Weak         Min:  0.0, Avg:  0.0, Max:  0.0, Diff:  0.0, Sum:  0.0, Workers: 4
[4634.850s][debug][gc,phases      ] GC(228)     Dead                           Min: 0, Avg:  0.0, Max: 0, Diff: 0, Sum: 0, Workers: 4
[4634.850s][debug][gc,phases      ] GC(228)     Total                          Min: 0, Avg:  0.0, Max: 0, Diff: 0, Sum: 0, Workers: 4
[4634.850s][debug][gc,phases      ] GC(228)   StringDedup Requests0 Weak     Min:  0.0, Avg:  0.0, Max:  0.0, Diff:  0.0, Sum:  0.0, Workers: 4
[4634.850s][debug][gc,phases      ] GC(228)     Dead                           Min: 0, Avg:  0.0, Max: 0, Diff: 0, Sum: 0, Workers: 4
[4634.850s][debug][gc,phases      ] GC(228)     Total                          Min: 0, Avg:  0.0, Max: 0, Diff: 0, Sum: 0, Workers: 4
[4634.850s][debug][gc,phases      ] GC(228)   StringDedup Requests1 Weak     Min:  0.0, Avg:  0.0, Max:  0.0, Diff:  0.0, Sum:  0.0, Workers: 4
[4634.850s][debug][gc,phases      ] GC(228)     Dead                           Min: 0, Avg:  0.0, Max: 0, Diff: 0, Sum: 0, Workers: 4
[4634.850s][debug][gc,phases      ] GC(228)     Total                          Min: 0, Avg:  0.0, Max: 0, Diff: 0, Sum: 0, Workers: 4
[4634.850s][debug][gc,phases      ] GC(228)   Weak JFR Old Object Samples    Min:  0.0, Avg:  0.0, Max:  0.0, Diff:  0.0, Sum:  0.0, Workers: 4
[4634.850s][debug][gc,phases      ] GC(228)     Dead                           Min: 0, Avg:  0.0, Max: 0, Diff: 0, Sum: 0, Workers: 4
[4634.850s][debug][gc,phases      ] GC(228)     Total                          Min: 0, Avg:  0.0, Max: 0, Diff: 0, Sum: 0, Workers: 4
[4634.850s][debug][gc,phases      ] GC(228) Weak Processing 0.364ms
[4634.850s][debug][gc,age         ] GC(228) Desired survivor size 41418752 bytes, new threshold 1 (max threshold 15)
[4634.850s][info ][gc,heap        ] GC(228) PSYoungGen: 2029200K(2029568K)->26672K(2056704K) Eden: 2015232K(2015232K)->0K(2014720K) From: 13968K(14336K)->26672K(41984K)
[4634.850s][info ][gc,heap        ] GC(228) ParOldGen: 1086076K(1086464K)->1094574K(1094656K)
[4634.850s][info ][gc,metaspace   ] GC(228) Metaspace: 111511K(112960K)->111511K(112960K) NonClass: 94922K(95744K)->94922K(95744K) Class: 16588K(17216K)->16588K(17216K)
[4634.850s][info ][gc             ] GC(228) Pause Young (Allocation Failure) 3042M->1094M(3077M) 14.792ms
[4634.850s][info ][gc,cpu         ] GC(228) User=0.06s Sys=0.01s Real=0.02s
[4634.851s][info ][safepoint      ] Safepoint "ParallelGCFailedAllocation", Time since last: 511644008 ns, Reaching safepoint: 78001 ns, Cleanup: 3300 ns, At safepoint: 14864408 ns, Total: 14945709 ns
[4638.851s][info ][safepoint      ] Safepoint "Cleanup", Time since last: 4000305094 ns, Reaching safepoint: 5900 ns, Cleanup: 8600 ns, At safepoint: 2800 ns, Total: 17300 ns
[4639.851s][info ][safepoint      ] Safepoint "Cleanup", Time since last: 1000119948 ns, Reaching safepoint: 5900 ns, Cleanup: 8701 ns, At safepoint: 2800 ns, Total: 17401 ns
[4641.851s][info ][safepoint      ] Safepoint "Cleanup", Time since last: 2000201402 ns, Reaching safepoint: 5200 ns, Cleanup: 7700 ns, At safepoint: 3200 ns, Total: 16100 ns
[4642.851s][info ][safepoint      ] Safepoint "Cleanup", Time since last: 1000102528 ns, Reaching safepoint: 5900 ns, Cleanup: 12400 ns, At safepoint: 2500 ns, Total: 20800 ns
[4643.851s][info ][safepoint      ] Safepoint "Cleanup", Time since last: 1000113228 ns, Reaching safepoint: 6100 ns, Cleanup: 11800 ns, At safepoint: 3400 ns, Total: 21300 ns
[4644.529s][info ][safepoint      ] Safepoint "ParallelGCFailedAllocation", Time since last: 677606161 ns, Reaching safepoint: 4500 ns, Cleanup: 3600 ns, At safepoint: 8300 ns, Total: 16400 ns
[4644.529s][info ][gc,start       ] GC(229) Pause Young (GCLocker Initiated GC)
[4644.548s][debug][gc,phases      ] GC(229) Scavenge 18.810ms
[4644.548s][debug][gc,ref         ] GC(229) ReferenceProcessor::execute queues: 1, RefProcThreadModel::Single, marks_oops_alive: false
[4644.548s][debug][gc,ref         ] GC(229) Skipped KeepAliveFinalRefsPhase of Reference Processing: no references
[4644.548s][debug][gc,ref         ] GC(229) ReferenceProcessor::execute queues: 1, RefProcThreadModel::Single, marks_oops_alive: false
[4644.548s][debug][gc,phases      ] GC(229) Reference Processing 0.097ms
[4644.548s][debug][gc,phases      ] GC(229)   VM Weak                        Min:  0.0, Avg:  0.0, Max:  0.0, Diff:  0.0, Sum:  0.0, Workers: 4
[4644.548s][debug][gc,phases      ] GC(229)     Dead                           Min: 0, Avg:  0.0, Max: 0, Diff: 0, Sum: 0, Workers: 4
[4644.548s][debug][gc,phases      ] GC(229)     Total                          Min: 0, Avg: 277.0, Max: 916, Diff: 916, Sum: 1108, Workers: 4
[4644.548s][debug][gc,phases      ] GC(229)   ObjectSynchronizer Weak        Min:  0.0, Avg:  0.0, Max:  0.0, Diff:  0.0, Sum:  0.0, Workers: 4
[4644.548s][debug][gc,phases      ] GC(229)     Dead                           Min: 0, Avg:  0.0, Max: 0, Diff: 0, Sum: 0, Workers: 4
[4644.548s][debug][gc,phases      ] GC(229)     Total                          Min: 0, Avg:  1.5, Max: 6, Diff: 6, Sum: 6, Workers: 4
[4644.548s][debug][gc,phases      ] GC(229)   JVMTI Tag Weak OopStorage      Min:  0.0, Avg:  0.0, Max:  0.0, Diff:  0.0, Sum:  0.0, Workers: 4
[4644.548s][debug][gc,phases      ] GC(229)     Dead                           Min: 0, Avg:  0.0, Max: 0, Diff: 0, Sum: 0, Workers: 4
[4644.548s][debug][gc,phases      ] GC(229)     Total                          Min: 0, Avg:  0.0, Max: 0, Diff: 0, Sum: 0, Workers: 4
[4644.548s][debug][gc,phases      ] GC(229)   StringTable Weak               Min:  0.0, Avg:  0.1, Max:  0.1, Diff:  0.1, Sum:  0.4, Workers: 4
[4644.548s][debug][gc,phases      ] GC(229)     Dead                           Min: 0, Avg:  0.0, Max: 0, Diff: 0, Sum: 0, Workers: 4
[4644.548s][debug][gc,phases      ] GC(229)     Total                          Min: 0, Avg: 11921.8, Max: 20103, Diff: 20103, Sum: 47687, Workers: 4
[4644.548s][debug][gc,phases      ] GC(229)   ResolvedMethodTable Weak       Min:  0.0, Avg:  0.0, Max:  0.0, Diff:  0.0, Sum:  0.1, Workers: 4
[4644.548s][debug][gc,phases      ] GC(229)     Dead                           Min: 0, Avg:  0.0, Max: 0, Diff: 0, Sum: 0, Workers: 4
[4644.548s][debug][gc,phases      ] GC(229)     Total                          Min: 0, Avg: 4025.2, Max: 6793, Diff: 6793, Sum: 16101, Workers: 4
[4644.548s][debug][gc,phases      ] GC(229)   JNI Weak                       Min:  0.0, Avg:  0.0, Max:  0.0, Diff:  0.0, Sum:  0.0, Workers: 4
[4644.548s][debug][gc,phases      ] GC(229)     Dead                           Min: 0, Avg:  0.0, Max: 0, Diff: 0, Sum: 0, Workers: 4
[4644.548s][debug][gc,phases      ] GC(229)     Total                          Min: 0, Avg: 13.0, Max: 52, Diff: 52, Sum: 52, Workers: 4
[4644.548s][debug][gc,phases      ] GC(229)   StringDedup Table Weak         Min:  0.0, Avg:  0.0, Max:  0.0, Diff:  0.0, Sum:  0.0, Workers: 4
[4644.548s][debug][gc,phases      ] GC(229)     Dead                           Min: 0, Avg:  0.0, Max: 0, Diff: 0, Sum: 0, Workers: 4
[4644.548s][debug][gc,phases      ] GC(229)     Total                          Min: 0, Avg:  0.0, Max: 0, Diff: 0, Sum: 0, Workers: 4
[4644.549s][debug][gc,phases      ] GC(229)   StringDedup Requests0 Weak     Min:  0.0, Avg:  0.0, Max:  0.0, Diff:  0.0, Sum:  0.0, Workers: 4
[4644.549s][debug][gc,phases      ] GC(229)     Dead                           Min: 0, Avg:  0.0, Max: 0, Diff: 0, Sum: 0, Workers: 4
[4644.549s][debug][gc,phases      ] GC(229)     Total                          Min: 0, Avg:  0.0, Max: 0, Diff: 0, Sum: 0, Workers: 4
[4644.549s][debug][gc,phases      ] GC(229)   StringDedup Requests1 Weak     Min:  0.0, Avg:  0.0, Max:  0.0, Diff:  0.0, Sum:  0.0, Workers: 4
[4644.549s][debug][gc,phases      ] GC(229)     Dead                           Min: 0, Avg:  0.0, Max: 0, Diff: 0, Sum: 0, Workers: 4
[4644.549s][debug][gc,phases      ] GC(229)     Total                          Min: 0, Avg:  0.0, Max: 0, Diff: 0, Sum: 0, Workers: 4
[4644.549s][debug][gc,phases      ] GC(229)   Weak JFR Old Object Samples    Min:  0.0, Avg:  0.0, Max:  0.0, Diff:  0.0, Sum:  0.0, Workers: 4
[4644.549s][debug][gc,phases      ] GC(229)     Dead                           Min: 0, Avg:  0.0, Max: 0, Diff: 0, Sum: 0, Workers: 4
[4644.549s][debug][gc,phases      ] GC(229)     Total                          Min: 0, Avg:  0.0, Max: 0, Diff: 0, Sum: 0, Workers: 4
[4644.549s][debug][gc,phases      ] GC(229) Weak Processing 0.349ms
[4644.549s][debug][gc,age         ] GC(229) Desired survivor size 40370176 bytes, new threshold 1 (max threshold 15)
[4644.549s][info ][gc,heap        ] GC(229) PSYoungGen: 2041392K(2056704K)->26272K(2055168K) Eden: 2014720K(2014720K)->0K(2014720K) From: 26672K(41984K)->26272K(40448K)
[4644.549s][info ][gc,heap        ] GC(229) ParOldGen: 1094601K(1094656K)->1116476K(1116672K)
[4644.549s][info ][gc,metaspace   ] GC(229) Metaspace: 111516K(112960K)->111516K(112960K) NonClass: 94927K(95744K)->94927K(95744K) Class: 16589K(17216K)->16589K(17216K)
[4644.549s][info ][gc             ] GC(229) Pause Young (GCLocker Initiated GC) 3062M->1115M(3097M) 19.350ms
[4644.549s][info ][gc,cpu         ] GC(229) User=0.07s Sys=0.01s Real=0.02s
[4644.549s][info ][safepoint      ] Safepoint "ParallelGCSystemGC", Time since last: 63401 ns, Reaching safepoint: 72400 ns, Cleanup: 600 ns, At safepoint: 19410937 ns, Total: 19483937 ns
[4648.549s][info ][safepoint      ] Safepoint "Cleanup", Time since last: 4000293590 ns, Reaching safepoint: 80900 ns, Cleanup: 11300 ns, At safepoint: 6400 ns, Total: 98600 ns
[4658.134s][info ][gc,start       ] GC(230) Pause Young (Allocation Failure)
[4658.151s][debug][gc,phases      ] GC(230) Scavenge 17.200ms
[4658.151s][debug][gc,ref         ] GC(230) ReferenceProcessor::execute queues: 1, RefProcThreadModel::Single, marks_oops_alive: false
[4658.151s][debug][gc,ref         ] GC(230) Skipped KeepAliveFinalRefsPhase of Reference Processing: no references
[4658.151s][debug][gc,ref         ] GC(230) ReferenceProcessor::execute queues: 1, RefProcThreadModel::Single, marks_oops_alive: false
[4658.151s][debug][gc,phases      ] GC(230) Reference Processing 0.118ms
[4658.151s][debug][gc,phases      ] GC(230)   VM Weak                        Min:  0.0, Avg:  0.0, Max:  0.0, Diff:  0.0, Sum:  0.0, Workers: 4
[4658.151s][debug][gc,phases      ] GC(230)     Dead                           Min: 0, Avg:  0.0, Max: 0, Diff: 0, Sum: 0, Workers: 4
[4658.151s][debug][gc,phases      ] GC(230)     Total                          Min: 0, Avg: 277.0, Max: 660, Diff: 660, Sum: 1108, Workers: 4
[4658.151s][debug][gc,phases      ] GC(230)   ObjectSynchronizer Weak        Min:  0.0, Avg:  0.0, Max:  0.0, Diff:  0.0, Sum:  0.0, Workers: 4
[4658.151s][debug][gc,phases      ] GC(230)     Dead                           Min: 0, Avg:  0.0, Max: 0, Diff: 0, Sum: 0, Workers: 4
[4658.151s][debug][gc,phases      ] GC(230)     Total                          Min: 0, Avg:  1.8, Max: 7, Diff: 7, Sum: 7, Workers: 4
[4658.151s][debug][gc,phases      ] GC(230)   JVMTI Tag Weak OopStorage      Min:  0.0, Avg:  0.0, Max:  0.0, Diff:  0.0, Sum:  0.0, Workers: 4
[4658.151s][debug][gc,phases      ] GC(230)     Dead                           Min: 0, Avg:  0.0, Max: 0, Diff: 0, Sum: 0, Workers: 4
[4658.151s][debug][gc,phases      ] GC(230)     Total                          Min: 0, Avg:  0.0, Max: 0, Diff: 0, Sum: 0, Workers: 4
[4658.151s][debug][gc,phases      ] GC(230)   StringTable Weak               Min:  0.0, Avg:  0.1, Max:  0.1, Diff:  0.1, Sum:  0.4, Workers: 4
[4658.151s][debug][gc,phases      ] GC(230)     Dead                           Min: 0, Avg:  0.0, Max: 0, Diff: 0, Sum: 0, Workers: 4
[4658.151s][debug][gc,phases      ] GC(230)     Total                          Min: 0, Avg: 11921.8, Max: 20743, Diff: 20743, Sum: 47687, Workers: 4
[4658.151s][debug][gc,phases      ] GC(230)   ResolvedMethodTable Weak       Min:  0.0, Avg:  0.0, Max:  0.0, Diff:  0.0, Sum:  0.1, Workers: 4
[4658.151s][debug][gc,phases      ] GC(230)     Dead                           Min: 0, Avg:  4.0, Max: 12, Diff: 12, Sum: 16, Workers: 4
[4658.151s][debug][gc,phases      ] GC(230)     Total                          Min: 0, Avg: 4025.2, Max: 6951, Diff: 6951, Sum: 16101, Workers: 4
[4658.151s][debug][gc,phases      ] GC(230)   JNI Weak                       Min:  0.0, Avg:  0.0, Max:  0.0, Diff:  0.0, Sum:  0.0, Workers: 4
[4658.151s][debug][gc,phases      ] GC(230)     Dead                           Min: 0, Avg:  0.0, Max: 0, Diff: 0, Sum: 0, Workers: 4
[4658.151s][debug][gc,phases      ] GC(230)     Total                          Min: 0, Avg: 13.0, Max: 52, Diff: 52, Sum: 52, Workers: 4
[4658.151s][debug][gc,phases      ] GC(230)   StringDedup Table Weak         Min:  0.0, Avg:  0.0, Max:  0.0, Diff:  0.0, Sum:  0.0, Workers: 4
[4658.151s][debug][gc,phases      ] GC(230)     Dead                           Min: 0, Avg:  0.0, Max: 0, Diff: 0, Sum: 0, Workers: 4
[4658.151s][debug][gc,phases      ] GC(230)     Total                          Min: 0, Avg:  0.0, Max: 0, Diff: 0, Sum: 0, Workers: 4
[4658.151s][debug][gc,phases      ] GC(230)   StringDedup Requests0 Weak     Min:  0.0, Avg:  0.0, Max:  0.0, Diff:  0.0, Sum:  0.0, Workers: 4
[4658.151s][debug][gc,phases      ] GC(230)     Dead                           Min: 0, Avg:  0.0, Max: 0, Diff: 0, Sum: 0, Workers: 4
[4658.151s][debug][gc,phases      ] GC(230)     Total                          Min: 0, Avg:  0.0, Max: 0, Diff: 0, Sum: 0, Workers: 4
[4658.151s][debug][gc,phases      ] GC(230)   StringDedup Requests1 Weak     Min:  0.0, Avg:  0.0, Max:  0.0, Diff:  0.0, Sum:  0.0, Workers: 4
[4658.151s][debug][gc,phases      ] GC(230)     Dead                           Min: 0, Avg:  0.0, Max: 0, Diff: 0, Sum: 0, Workers: 4
[4658.151s][debug][gc,phases      ] GC(230)     Total                          Min: 0, Avg:  0.0, Max: 0, Diff: 0, Sum: 0, Workers: 4
[4658.151s][debug][gc,phases      ] GC(230)   Weak JFR Old Object Samples    Min:  0.0, Avg:  0.0, Max:  0.0, Diff:  0.0, Sum:  0.0, Workers: 4
[4658.151s][debug][gc,phases      ] GC(230)     Dead                           Min: 0, Avg:  0.0, Max: 0, Diff: 0, Sum: 0, Workers: 4
[4658.151s][debug][gc,phases      ] GC(230)     Total                          Min: 0, Avg:  0.0, Max: 0, Diff: 0, Sum: 0, Workers: 4
[4658.151s][debug][gc,phases      ] GC(230) Weak Processing 0.361ms
[4658.151s][debug][gc,age         ] GC(230) Desired survivor size 39845888 bytes, new threshold 1 (max threshold 15)
[4658.151s][info ][gc,heap        ] GC(230) PSYoungGen: 2040992K(2055168K)->20736K(2058240K) Eden: 2014720K(2014720K)->0K(2018816K) From: 26272K(40448K)->20736K(39424K)
[4658.151s][info ][gc,heap        ] GC(230) ParOldGen: 1117502K(1118208K)->1138708K(1139200K)
[4658.151s][info ][gc,metaspace   ] GC(230) Metaspace: 111520K(112960K)->111520K(112960K) NonClass: 94931K(95744K)->94931K(95744K) Class: 16589K(17216K)->16589K(17216K)
[4658.151s][info ][gc             ] GC(230) Pause Young (Allocation Failure) 3084M->1132M(3122M) 17.804ms
[4658.151s][info ][gc,cpu         ] GC(230) User=0.06s Sys=0.02s Real=0.02s
[4658.151s][info ][safepoint      ] Safepoint "ParallelGCFailedAllocation", Time since last: 9583988333 ns, Reaching safepoint: 473003 ns, Cleanup: 5200 ns, At safepoint: 17882730 ns, Total: 18360933 ns
[4672.878s][info ][gc,start       ] GC(231) Pause Young (Allocation Failure)
[4672.897s][debug][gc,phases      ] GC(231) Scavenge 19.040ms
[4672.897s][debug][gc,ref         ] GC(231) Skipped SoftWeakFinalRefsPhase of Reference Processing: no references
[4672.897s][debug][gc,ref         ] GC(231) Skipped KeepAliveFinalRefsPhase of Reference Processing: no references
[4672.897s][debug][gc,ref         ] GC(231) ReferenceProcessor::execute queues: 1, RefProcThreadModel::Single, marks_oops_alive: false
[4672.897s][debug][gc,phases      ] GC(231) Reference Processing 0.114ms
[4672.897s][debug][gc,phases      ] GC(231)   VM Weak                        Min:  0.0, Avg:  0.0, Max:  0.0, Diff:  0.0, Sum:  0.0, Workers: 4
[4672.897s][debug][gc,phases      ] GC(231)     Dead                           Min: 0, Avg:  0.0, Max: 0, Diff: 0, Sum: 0, Workers: 4
[4672.897s][debug][gc,phases      ] GC(231)     Total                          Min: 128, Avg: 277.0, Max: 532, Diff: 404, Sum: 1108, Workers: 4
[4672.897s][debug][gc,phases      ] GC(231)   ObjectSynchronizer Weak        Min:  0.0, Avg:  0.0, Max:  0.0, Diff:  0.0, Sum:  0.0, Workers: 4
[4672.897s][debug][gc,phases      ] GC(231)     Dead                           Min: 0, Avg:  0.0, Max: 0, Diff: 0, Sum: 0, Workers: 4
[4672.897s][debug][gc,phases      ] GC(231)     Total                          Min: 0, Avg:  1.8, Max: 7, Diff: 7, Sum: 7, Workers: 4
[4672.897s][debug][gc,phases      ] GC(231)   JVMTI Tag Weak OopStorage      Min:  0.0, Avg:  0.0, Max:  0.0, Diff:  0.0, Sum:  0.0, Workers: 4
[4672.897s][debug][gc,phases      ] GC(231)     Dead                           Min: 0, Avg:  0.0, Max: 0, Diff: 0, Sum: 0, Workers: 4
[4672.897s][debug][gc,phases      ] GC(231)     Total                          Min: 0, Avg:  0.0, Max: 0, Diff: 0, Sum: 0, Workers: 4
[4672.897s][debug][gc,phases      ] GC(231)   StringTable Weak               Min:  0.1, Avg:  0.1, Max:  0.1, Diff:  0.0, Sum:  0.5, Workers: 4
[4672.897s][debug][gc,phases      ] GC(231)     Dead                           Min: 0, Avg:  0.0, Max: 0, Diff: 0, Sum: 0, Workers: 4
[4672.897s][debug][gc,phases      ] GC(231)     Total                          Min: 11712, Avg: 11921.8, Max: 12096, Diff: 384, Sum: 47687, Workers: 4
[4672.897s][debug][gc,phases      ] GC(231)   ResolvedMethodTable Weak       Min:  0.0, Avg:  0.0, Max:  0.0, Diff:  0.0, Sum:  0.2, Workers: 4
[4672.897s][debug][gc,phases      ] GC(231)     Dead                           Min: 0, Avg:  4.0, Max: 7, Diff: 7, Sum: 16, Workers: 4
[4672.897s][debug][gc,phases      ] GC(231)     Total                          Min: 3899, Avg: 4025.2, Max: 4295, Diff: 396, Sum: 16101, Workers: 4
[4672.897s][debug][gc,phases      ] GC(231)   JNI Weak                       Min:  0.0, Avg:  0.0, Max:  0.0, Diff:  0.0, Sum:  0.0, Workers: 4
[4672.897s][debug][gc,phases      ] GC(231)     Dead                           Min: 0, Avg:  0.0, Max: 0, Diff: 0, Sum: 0, Workers: 4
[4672.897s][debug][gc,phases      ] GC(231)     Total                          Min: 0, Avg: 13.0, Max: 52, Diff: 52, Sum: 52, Workers: 4
[4672.897s][debug][gc,phases      ] GC(231)   StringDedup Table Weak         Min:  0.0, Avg:  0.0, Max:  0.0, Diff:  0.0, Sum:  0.0, Workers: 4
[4672.897s][debug][gc,phases      ] GC(231)     Dead                           Min: 0, Avg:  0.0, Max: 0, Diff: 0, Sum: 0, Workers: 4
[4672.897s][debug][gc,phases      ] GC(231)     Total                          Min: 0, Avg:  0.0, Max: 0, Diff: 0, Sum: 0, Workers: 4
[4672.897s][debug][gc,phases      ] GC(231)   StringDedup Requests0 Weak     Min:  0.0, Avg:  0.0, Max:  0.0, Diff:  0.0, Sum:  0.0, Workers: 4
[4672.897s][debug][gc,phases      ] GC(231)     Dead                           Min: 0, Avg:  0.0, Max: 0, Diff: 0, Sum: 0, Workers: 4
[4672.897s][debug][gc,phases      ] GC(231)     Total                          Min: 0, Avg:  0.0, Max: 0, Diff: 0, Sum: 0, Workers: 4
[4672.897s][debug][gc,phases      ] GC(231)   StringDedup Requests1 Weak     Min:  0.0, Avg:  0.0, Max:  0.0, Diff:  0.0, Sum:  0.0, Workers: 4
[4672.897s][debug][gc,phases      ] GC(231)     Dead                           Min: 0, Avg:  0.0, Max: 0, Diff: 0, Sum: 0, Workers: 4
[4672.897s][debug][gc,phases      ] GC(231)     Total                          Min: 0, Avg:  0.0, Max: 0, Diff: 0, Sum: 0, Workers: 4
[4672.897s][debug][gc,phases      ] GC(231)   Weak JFR Old Object Samples    Min:  0.0, Avg:  0.0, Max:  0.0, Diff:  0.0, Sum:  0.0, Workers: 4
[4672.897s][debug][gc,phases      ] GC(231)     Dead                           Min: 0, Avg:  0.0, Max: 0, Diff: 0, Sum: 0, Workers: 4
[4672.897s][debug][gc,phases      ] GC(231)     Total                          Min: 0, Avg:  0.0, Max: 0, Diff: 0, Sum: 0, Workers: 4
[4672.897s][debug][gc,phases      ] GC(231) Weak Processing 0.327ms
[4672.897s][debug][gc,age         ] GC(231) Desired survivor size 41943040 bytes, new threshold 1 (max threshold 15)
[4672.897s][info ][gc,heap        ] GC(231) PSYoungGen: 2039552K(2058240K)->34114K(2053120K) Eden: 2018816K(2018816K)->0K(2018816K) From: 20736K(39424K)->34114K(34304K)
[4672.897s][info ][gc,heap        ] GC(231) ParOldGen: 1138708K(1139200K)->1154048K(1154560K)
[4672.897s][info ][gc,metaspace   ] GC(231) Metaspace: 111527K(112960K)->111527K(112960K) NonClass: 94937K(95744K)->94937K(95744K) Class: 16589K(17216K)->16589K(17216K)
[4672.897s][info ][gc             ] GC(231) Pause Young (Allocation Failure) 3103M->1160M(3132M) 19.592ms
[4672.897s][info ][gc,cpu         ] GC(231) User=0.07s Sys=0.01s Real=0.02s
[4672.897s][info ][safepoint      ] Safepoint "ParallelGCFailedAllocation", Time since last: 14726211962 ns, Reaching safepoint: 81300 ns, Cleanup: 7500 ns, At safepoint: 19666234 ns, Total: 19755034 ns
[4673.897s][info ][safepoint      ] Safepoint "Cleanup", Time since last: 1000088194 ns, Reaching safepoint: 5600 ns, Cleanup: 8800 ns, At safepoint: 2400 ns, Total: 16800 ns
[4676.898s][info ][safepoint      ] Safepoint "Cleanup", Time since last: 3000238081 ns, Reaching safepoint: 5400 ns, Cleanup: 8500 ns, At safepoint: 15601 ns, Total: 29501 ns
[4678.898s][info ][safepoint      ] Safepoint "Cleanup", Time since last: 2000157987 ns, Reaching safepoint: 5100 ns, Cleanup: 9600 ns, At safepoint: 2400 ns, Total: 17100 ns
[4679.898s][info ][safepoint      ] Safepoint "Cleanup", Time since last: 1000095994 ns, Reaching safepoint: 6900 ns, Cleanup: 9700 ns, At safepoint: 2500 ns, Total: 19100 ns
[4684.350s][info ][gc,start       ] GC(232) Pause Young (Allocation Failure)
[4684.373s][debug][gc,phases      ] GC(232) Scavenge 22.989ms
[4684.373s][debug][gc,ref         ] GC(232) ReferenceProcessor::execute queues: 1, RefProcThreadModel::Single, marks_oops_alive: false
[4684.373s][debug][gc,ref         ] GC(232) Skipped KeepAliveFinalRefsPhase of Reference Processing: no references
[4684.373s][debug][gc,ref         ] GC(232) ReferenceProcessor::execute queues: 1, RefProcThreadModel::Single, marks_oops_alive: false
[4684.373s][debug][gc,phases      ] GC(232) Reference Processing 0.092ms
[4684.373s][debug][gc,phases      ] GC(232)   VM Weak                        Min:  0.0, Avg:  0.0, Max:  0.0, Diff:  0.0, Sum:  0.0, Workers: 4
[4684.373s][debug][gc,phases      ] GC(232)     Dead                           Min: 0, Avg:  0.0, Max: 0, Diff: 0, Sum: 0, Workers: 4
[4684.373s][debug][gc,phases      ] GC(232)     Total                          Min: 0, Avg: 277.0, Max: 896, Diff: 896, Sum: 1108, Workers: 4
[4684.373s][debug][gc,phases      ] GC(232)   ObjectSynchronizer Weak        Min:  0.0, Avg:  0.0, Max:  0.0, Diff:  0.0, Sum:  0.0, Workers: 4
[4684.373s][debug][gc,phases      ] GC(232)     Dead                           Min: 0, Avg:  0.0, Max: 0, Diff: 0, Sum: 0, Workers: 4
[4684.373s][debug][gc,phases      ] GC(232)     Total                          Min: 0, Avg:  1.5, Max: 6, Diff: 6, Sum: 6, Workers: 4
[4684.373s][debug][gc,phases      ] GC(232)   JVMTI Tag Weak OopStorage      Min:  0.0, Avg:  0.0, Max:  0.0, Diff:  0.0, Sum:  0.0, Workers: 4
[4684.373s][debug][gc,phases      ] GC(232)     Dead                           Min: 0, Avg:  0.0, Max: 0, Diff: 0, Sum: 0, Workers: 4
[4684.373s][debug][gc,phases      ] GC(232)     Total                          Min: 0, Avg:  0.0, Max: 0, Diff: 0, Sum: 0, Workers: 4
[4684.373s][debug][gc,phases      ] GC(232)   StringTable Weak               Min:  0.0, Avg:  0.1, Max:  0.1, Diff:  0.1, Sum:  0.4, Workers: 4
[4684.373s][debug][gc,phases      ] GC(232)     Dead                           Min: 0, Avg:  0.0, Max: 0, Diff: 0, Sum: 0, Workers: 4
[4684.373s][debug][gc,phases      ] GC(232)     Total                          Min: 0, Avg: 11921.8, Max: 20800, Diff: 20800, Sum: 47687, Workers: 4
[4684.373s][debug][gc,phases      ] GC(232)   ResolvedMethodTable Weak       Min:  0.0, Avg:  0.0, Max:  0.0, Diff:  0.0, Sum:  0.1, Workers: 4
[4684.373s][debug][gc,phases      ] GC(232)     Dead                           Min: 0, Avg:  0.0, Max: 0, Diff: 0, Sum: 0, Workers: 4
[4684.373s][debug][gc,phases      ] GC(232)     Total                          Min: 0, Avg: 4025.2, Max: 6935, Diff: 6935, Sum: 16101, Workers: 4
[4684.373s][debug][gc,phases      ] GC(232)   JNI Weak                       Min:  0.0, Avg:  0.0, Max:  0.0, Diff:  0.0, Sum:  0.0, Workers: 4
[4684.373s][debug][gc,phases      ] GC(232)     Dead                           Min: 0, Avg:  0.0, Max: 0, Diff: 0, Sum: 0, Workers: 4
[4684.373s][debug][gc,phases      ] GC(232)     Total                          Min: 0, Avg: 13.0, Max: 52, Diff: 52, Sum: 52, Workers: 4
[4684.373s][debug][gc,phases      ] GC(232)   StringDedup Table Weak         Min:  0.0, Avg:  0.0, Max:  0.0, Diff:  0.0, Sum:  0.0, Workers: 4
[4684.374s][debug][gc,phases      ] GC(232)     Dead                           Min: 0, Avg:  0.0, Max: 0, Diff: 0, Sum: 0, Workers: 4
[4684.374s][debug][gc,phases      ] GC(232)     Total                          Min: 0, Avg:  0.0, Max: 0, Diff: 0, Sum: 0, Workers: 4
[4684.374s][debug][gc,phases      ] GC(232)   StringDedup Requests0 Weak     Min:  0.0, Avg:  0.0, Max:  0.0, Diff:  0.0, Sum:  0.0, Workers: 4
[4684.374s][debug][gc,phases      ] GC(232)     Dead                           Min: 0, Avg:  0.0, Max: 0, Diff: 0, Sum: 0, Workers: 4
[4684.374s][debug][gc,phases      ] GC(232)     Total                          Min: 0, Avg:  0.0, Max: 0, Diff: 0, Sum: 0, Workers: 4
[4684.374s][debug][gc,phases      ] GC(232)   StringDedup Requests1 Weak     Min:  0.0, Avg:  0.0, Max:  0.0, Diff:  0.0, Sum:  0.0, Workers: 4
[4684.374s][debug][gc,phases      ] GC(232)     Dead                           Min: 0, Avg:  0.0, Max: 0, Diff: 0, Sum: 0, Workers: 4
[4684.374s][debug][gc,phases      ] GC(232)     Total                          Min: 0, Avg:  0.0, Max: 0, Diff: 0, Sum: 0, Workers: 4
[4684.374s][debug][gc,phases      ] GC(232)   Weak JFR Old Object Samples    Min:  0.0, Avg:  0.0, Max:  0.0, Diff:  0.0, Sum:  0.0, Workers: 4
[4684.374s][debug][gc,phases      ] GC(232)     Dead                           Min: 0, Avg:  0.0, Max: 0, Diff: 0, Sum: 0, Workers: 4
[4684.374s][debug][gc,phases      ] GC(232)     Total                          Min: 0, Avg:  0.0, Max: 0, Diff: 0, Sum: 0, Workers: 4
[4684.374s][debug][gc,phases      ] GC(232) Weak Processing 0.356ms
[4684.374s][debug][gc,age         ] GC(232) Desired survivor size 40894464 bytes, new threshold 1 (max threshold 15)
[4684.374s][info ][gc,heap        ] GC(232) PSYoungGen: 2052467K(2053120K)->24288K(2057216K) Eden: 2018352K(2018816K)->0K(2016256K) From: 34114K(34304K)->24288K(40960K)
[4684.374s][info ][gc,heap        ] GC(232) ParOldGen: 1154048K(1154560K)->1182810K(1183232K)
[4684.374s][info ][gc,metaspace   ] GC(232) Metaspace: 111527K(112960K)->111527K(112960K) NonClass: 94937K(95744K)->94937K(95744K) Class: 16589K(17216K)->16589K(17216K)
[4684.374s][info ][gc             ] GC(232) Pause Young (Allocation Failure) 3131M->1178M(3164M) 23.556ms
[4684.374s][info ][gc,cpu         ] GC(232) User=0.07s Sys=0.02s Real=0.02s
[4684.374s][info ][safepoint      ] Safepoint "ParallelGCFailedAllocation", Time since last: 4451922351 ns, Reaching safepoint: 79401 ns, Cleanup: 9100 ns, At safepoint: 23636070 ns, Total: 23724571 ns
[4685.374s][info ][safepoint      ] Safepoint "Cleanup", Time since last: 1000085397 ns, Reaching safepoint: 5200 ns, Cleanup: 8300 ns, At safepoint: 2500 ns, Total: 16000 ns
[4688.374s][info ][safepoint      ] Safepoint "Cleanup", Time since last: 3000241981 ns, Reaching safepoint: 5100 ns, Cleanup: 8200 ns, At safepoint: 2100 ns, Total: 15400 ns
[4696.375s][info ][safepoint      ] Safepoint "Cleanup", Time since last: 8000550818 ns, Reaching safepoint: 5800 ns, Cleanup: 7800 ns, At safepoint: 2400 ns, Total: 16000 ns
[4696.964s][info ][gc,start       ] GC(233) Pause Young (Allocation Failure)
[4696.981s][debug][gc,phases      ] GC(233) Scavenge 17.693ms
[4696.981s][debug][gc,ref         ] GC(233) Skipped SoftWeakFinalRefsPhase of Reference Processing: no references
[4696.981s][debug][gc,ref         ] GC(233) Skipped KeepAliveFinalRefsPhase of Reference Processing: no references
[4696.981s][debug][gc,ref         ] GC(233) ReferenceProcessor::execute queues: 1, RefProcThreadModel::Single, marks_oops_alive: false
[4696.981s][debug][gc,phases      ] GC(233) Reference Processing 0.098ms
[4696.982s][debug][gc,phases      ] GC(233)   VM Weak                        Min:  0.0, Avg:  0.0, Max:  0.0, Diff:  0.0, Sum:  0.0, Workers: 4
[4696.982s][debug][gc,phases      ] GC(233)     Dead                           Min: 0, Avg:  0.0, Max: 0, Diff: 0, Sum: 0, Workers: 4
[4696.982s][debug][gc,phases      ] GC(233)     Total                          Min: 0, Avg: 277.0, Max: 704, Diff: 704, Sum: 1108, Workers: 4
[4696.982s][debug][gc,phases      ] GC(233)   ObjectSynchronizer Weak        Min:  0.0, Avg:  0.0, Max:  0.0, Diff:  0.0, Sum:  0.0, Workers: 4
[4696.982s][debug][gc,phases      ] GC(233)     Dead                           Min: 0, Avg:  0.0, Max: 0, Diff: 0, Sum: 0, Workers: 4
[4696.982s][debug][gc,phases      ] GC(233)     Total                          Min: 0, Avg:  1.8, Max: 7, Diff: 7, Sum: 7, Workers: 4
[4696.982s][debug][gc,phases      ] GC(233)   JVMTI Tag Weak OopStorage      Min:  0.0, Avg:  0.0, Max:  0.0, Diff:  0.0, Sum:  0.0, Workers: 4
[4696.982s][debug][gc,phases      ] GC(233)     Dead                           Min: 0, Avg:  0.0, Max: 0, Diff: 0, Sum: 0, Workers: 4
[4696.982s][debug][gc,phases      ] GC(233)     Total                          Min: 0, Avg:  0.0, Max: 0, Diff: 0, Sum: 0, Workers: 4
[4696.982s][debug][gc,phases      ] GC(233)   StringTable Weak               Min:  0.0, Avg:  0.1, Max:  0.1, Diff:  0.1, Sum:  0.4, Workers: 4
[4696.982s][debug][gc,phases      ] GC(233)     Dead                           Min: 0, Avg:  0.0, Max: 0, Diff: 0, Sum: 0, Workers: 4
[4696.982s][debug][gc,phases      ] GC(233)     Total                          Min: 0, Avg: 11921.8, Max: 20800, Diff: 20800, Sum: 47687, Workers: 4
[4696.982s][debug][gc,phases      ] GC(233)   ResolvedMethodTable Weak       Min:  0.0, Avg:  0.0, Max:  0.0, Diff:  0.0, Sum:  0.1, Workers: 4
[4696.982s][debug][gc,phases      ] GC(233)     Dead                           Min: 0, Avg:  4.0, Max: 16, Diff: 16, Sum: 16, Workers: 4
[4696.982s][debug][gc,phases      ] GC(233)     Total                          Min: 0, Avg: 4025.2, Max: 6861, Diff: 6861, Sum: 16101, Workers: 4
[4696.982s][debug][gc,phases      ] GC(233)   JNI Weak                       Min:  0.0, Avg:  0.0, Max:  0.0, Diff:  0.0, Sum:  0.0, Workers: 4
[4696.982s][debug][gc,phases      ] GC(233)     Dead                           Min: 0, Avg:  0.0, Max: 0, Diff: 0, Sum: 0, Workers: 4
[4696.982s][debug][gc,phases      ] GC(233)     Total                          Min: 0, Avg: 13.0, Max: 52, Diff: 52, Sum: 52, Workers: 4
[4696.982s][debug][gc,phases      ] GC(233)   StringDedup Table Weak         Min:  0.0, Avg:  0.0, Max:  0.0, Diff:  0.0, Sum:  0.0, Workers: 4
[4696.982s][debug][gc,phases      ] GC(233)     Dead                           Min: 0, Avg:  0.0, Max: 0, Diff: 0, Sum: 0, Workers: 4
[4696.982s][debug][gc,phases      ] GC(233)     Total                          Min: 0, Avg:  0.0, Max: 0, Diff: 0, Sum: 0, Workers: 4
[4696.982s][debug][gc,phases      ] GC(233)   StringDedup Requests0 Weak     Min:  0.0, Avg:  0.0, Max:  0.0, Diff:  0.0, Sum:  0.0, Workers: 4
[4696.982s][debug][gc,phases      ] GC(233)     Dead                           Min: 0, Avg:  0.0, Max: 0, Diff: 0, Sum: 0, Workers: 4
[4696.982s][debug][gc,phases      ] GC(233)     Total                          Min: 0, Avg:  0.0, Max: 0, Diff: 0, Sum: 0, Workers: 4
[4696.982s][debug][gc,phases      ] GC(233)   StringDedup Requests1 Weak     Min:  0.0, Avg:  0.0, Max:  0.0, Diff:  0.0, Sum:  0.0, Workers: 4
[4696.982s][debug][gc,phases      ] GC(233)     Dead                           Min: 0, Avg:  0.0, Max: 0, Diff: 0, Sum: 0, Workers: 4
[4696.982s][debug][gc,phases      ] GC(233)     Total                          Min: 0, Avg:  0.0, Max: 0, Diff: 0, Sum: 0, Workers: 4
[4696.982s][debug][gc,phases      ] GC(233)   Weak JFR Old Object Samples    Min:  0.0, Avg:  0.0, Max:  0.0, Diff:  0.0, Sum:  0.0, Workers: 4
[4696.982s][debug][gc,phases      ] GC(233)     Dead                           Min: 0, Avg:  0.0, Max: 0, Diff: 0, Sum: 0, Workers: 4
[4696.982s][debug][gc,phases      ] GC(233)     Total                          Min: 0, Avg:  0.0, Max: 0, Diff: 0, Sum: 0, Workers: 4
[4696.982s][debug][gc,phases      ] GC(233) Weak Processing 0.346ms
[4696.982s][debug][gc,age         ] GC(233) Desired survivor size 39845888 bytes, new threshold 1 (max threshold 15)
[4696.982s][info ][gc,heap        ] GC(233) PSYoungGen: 2040544K(2057216K)->22848K(2056192K) Eden: 2016256K(2016256K)->0K(2016256K) From: 24288K(40960K)->22848K(39936K)
[4696.982s][info ][gc,heap        ] GC(233) ParOldGen: 1182810K(1183232K)->1201309K(1201664K)
[4696.982s][info ][gc,metaspace   ] GC(233) Metaspace: 111528K(112960K)->111528K(112960K) NonClass: 94939K(95744K)->94939K(95744K) Class: 16589K(17216K)->16589K(17216K)
[4696.982s][info ][gc             ] GC(233) Pause Young (Allocation Failure) 3147M->1195M(3181M) 18.266ms
[4696.982s][info ][gc,cpu         ] GC(233) User=0.05s Sys=0.02s Real=0.02s
[4696.982s][info ][safepoint      ] Safepoint "ParallelGCFailedAllocation", Time since last: 588920528 ns, Reaching safepoint: 80600 ns, Cleanup: 3900 ns, At safepoint: 18342879 ns, Total: 18427379 ns
[4697.982s][info ][safepoint      ] Safepoint "Cleanup", Time since last: 1000092993 ns, Reaching safepoint: 7100 ns, Cleanup: 21100 ns, At safepoint: 2800 ns, Total: 31000 ns
[4699.982s][info ][safepoint      ] Safepoint "Cleanup", Time since last: 2000173609 ns, Reaching safepoint: 5400 ns, Cleanup: 7900 ns, At safepoint: 2300 ns, Total: 15600 ns
[4704.983s][info ][safepoint      ] Safepoint "Cleanup", Time since last: 5000349473 ns, Reaching safepoint: 5500 ns, Cleanup: 9500 ns, At safepoint: 16200 ns, Total: 31200 ns
[4706.231s][info ][gc,start       ] GC(234) Pause Young (Allocation Failure)
[4706.249s][debug][gc,phases      ] GC(234) Scavenge 18.514ms
[4706.249s][debug][gc,ref         ] GC(234) ReferenceProcessor::execute queues: 1, RefProcThreadModel::Single, marks_oops_alive: false
[4706.249s][debug][gc,ref         ] GC(234) Skipped KeepAliveFinalRefsPhase of Reference Processing: no references
[4706.249s][debug][gc,ref         ] GC(234) ReferenceProcessor::execute queues: 1, RefProcThreadModel::Single, marks_oops_alive: false
[4706.249s][debug][gc,phases      ] GC(234) Reference Processing 0.096ms
[4706.250s][debug][gc,phases      ] GC(234)   VM Weak                        Min:  0.0, Avg:  0.0, Max:  0.0, Diff:  0.0, Sum:  0.0, Workers: 4
[4706.250s][debug][gc,phases      ] GC(234)     Dead                           Min: 0, Avg:  0.0, Max: 0, Diff: 0, Sum: 0, Workers: 4
[4706.250s][debug][gc,phases      ] GC(234)     Total                          Min: 0, Avg: 277.0, Max: 768, Diff: 768, Sum: 1108, Workers: 4
[4706.250s][debug][gc,phases      ] GC(234)   ObjectSynchronizer Weak        Min:  0.0, Avg:  0.0, Max:  0.0, Diff:  0.0, Sum:  0.0, Workers: 4
[4706.250s][debug][gc,phases      ] GC(234)     Dead                           Min: 0, Avg:  0.0, Max: 0, Diff: 0, Sum: 0, Workers: 4
[4706.250s][debug][gc,phases      ] GC(234)     Total                          Min: 0, Avg:  1.8, Max: 7, Diff: 7, Sum: 7, Workers: 4
[4706.250s][debug][gc,phases      ] GC(234)   JVMTI Tag Weak OopStorage      Min:  0.0, Avg:  0.0, Max:  0.0, Diff:  0.0, Sum:  0.0, Workers: 4
[4706.250s][debug][gc,phases      ] GC(234)     Dead                           Min: 0, Avg:  0.0, Max: 0, Diff: 0, Sum: 0, Workers: 4
[4706.250s][debug][gc,phases      ] GC(234)     Total                          Min: 0, Avg:  0.0, Max: 0, Diff: 0, Sum: 0, Workers: 4
[4706.250s][debug][gc,phases      ] GC(234)   StringTable Weak               Min:  0.0, Avg:  0.1, Max:  0.1, Diff:  0.1, Sum:  0.4, Workers: 4
[4706.250s][debug][gc,phases      ] GC(234)     Dead                           Min: 0, Avg:  0.0, Max: 0, Diff: 0, Sum: 0, Workers: 4
[4706.250s][debug][gc,phases      ] GC(234)     Total                          Min: 0, Avg: 11921.8, Max: 20736, Diff: 20736, Sum: 47687, Workers: 4
[4706.250s][debug][gc,phases      ] GC(234)   ResolvedMethodTable Weak       Min:  0.0, Avg:  0.0, Max:  0.0, Diff:  0.0, Sum:  0.1, Workers: 4
[4706.250s][debug][gc,phases      ] GC(234)     Dead                           Min: 0, Avg:  0.0, Max: 0, Diff: 0, Sum: 0, Workers: 4
[4706.250s][debug][gc,phases      ] GC(234)     Total                          Min: 0, Avg: 4025.2, Max: 6920, Diff: 6920, Sum: 16101, Workers: 4
[4706.250s][debug][gc,phases      ] GC(234)   JNI Weak                       Min:  0.0, Avg:  0.0, Max:  0.0, Diff:  0.0, Sum:  0.0, Workers: 4
[4706.250s][debug][gc,phases      ] GC(234)     Dead                           Min: 0, Avg:  0.0, Max: 0, Diff: 0, Sum: 0, Workers: 4
[4706.250s][debug][gc,phases      ] GC(234)     Total                          Min: 0, Avg: 13.0, Max: 52, Diff: 52, Sum: 52, Workers: 4
[4706.250s][debug][gc,phases      ] GC(234)   StringDedup Table Weak         Min:  0.0, Avg:  0.0, Max:  0.0, Diff:  0.0, Sum:  0.0, Workers: 4
[4706.250s][debug][gc,phases      ] GC(234)     Dead                           Min: 0, Avg:  0.0, Max: 0, Diff: 0, Sum: 0, Workers: 4
[4706.250s][debug][gc,phases      ] GC(234)     Total                          Min: 0, Avg:  0.0, Max: 0, Diff: 0, Sum: 0, Workers: 4
[4706.250s][debug][gc,phases      ] GC(234)   StringDedup Requests0 Weak     Min:  0.0, Avg:  0.0, Max:  0.0, Diff:  0.0, Sum:  0.0, Workers: 4
[4706.250s][debug][gc,phases      ] GC(234)     Dead                           Min: 0, Avg:  0.0, Max: 0, Diff: 0, Sum: 0, Workers: 4
[4706.250s][debug][gc,phases      ] GC(234)     Total                          Min: 0, Avg:  0.0, Max: 0, Diff: 0, Sum: 0, Workers: 4
[4706.250s][debug][gc,phases      ] GC(234)   StringDedup Requests1 Weak     Min:  0.0, Avg:  0.0, Max:  0.0, Diff:  0.0, Sum:  0.0, Workers: 4
[4706.250s][debug][gc,phases      ] GC(234)     Dead                           Min: 0, Avg:  0.0, Max: 0, Diff: 0, Sum: 0, Workers: 4
[4706.250s][debug][gc,phases      ] GC(234)     Total                          Min: 0, Avg:  0.0, Max: 0, Diff: 0, Sum: 0, Workers: 4
[4706.250s][debug][gc,phases      ] GC(234)   Weak JFR Old Object Samples    Min:  0.0, Avg:  0.0, Max:  0.0, Diff:  0.0, Sum:  0.0, Workers: 4
[4706.250s][debug][gc,phases      ] GC(234)     Dead                           Min: 0, Avg:  0.0, Max: 0, Diff: 0, Sum: 0, Workers: 4
[4706.250s][debug][gc,phases      ] GC(234)     Total                          Min: 0, Avg:  0.0, Max: 0, Diff: 0, Sum: 0, Workers: 4
[4706.250s][debug][gc,phases      ] GC(234) Weak Processing 0.352ms
[4706.250s][debug][gc,age         ] GC(234) Desired survivor size 39845888 bytes, new threshold 1 (max threshold 15)
[4706.250s][info ][gc,heap        ] GC(234) PSYoungGen: 2039104K(2056192K)->29584K(2058240K) Eden: 2016256K(2016256K)->0K(2019328K) From: 22848K(39936K)->29584K(38912K)
[4706.250s][info ][gc,heap        ] GC(234) ParOldGen: 1201309K(1201664K)->1219340K(1219584K)
[4706.250s][info ][gc,metaspace   ] GC(234) Metaspace: 111531K(112960K)->111531K(112960K) NonClass: 94941K(95744K)->94941K(95744K) Class: 16589K(17216K)->16589K(17216K)
[4706.250s][info ][gc             ] GC(234) Pause Young (Allocation Failure) 3164M->1219M(3201M) 19.070ms
[4706.250s][info ][gc,cpu         ] GC(234) User=0.07s Sys=0.00s Real=0.01s
[4706.250s][info ][safepoint      ] Safepoint "ParallelGCFailedAllocation", Time since last: 1247941761 ns, Reaching safepoint: 150101 ns, Cleanup: 3600 ns, At safepoint: 19144522 ns, Total: 19298223 ns
[4708.250s][info ][safepoint      ] Safepoint "Cleanup", Time since last: 2000164759 ns, Reaching safepoint: 5300 ns, Cleanup: 8300 ns, At safepoint: 2600 ns, Total: 16200 ns
[4709.250s][info ][safepoint      ] Safepoint "Cleanup", Time since last: 1000097880 ns, Reaching safepoint: 6000 ns, Cleanup: 9300 ns, At safepoint: 2800 ns, Total: 18100 ns
[4715.812s][info ][gc,start       ] GC(235) Pause Young (Allocation Failure)
[4715.833s][debug][gc,phases      ] GC(235) Scavenge 20.590ms
[4715.833s][debug][gc,ref         ] GC(235) ReferenceProcessor::execute queues: 1, RefProcThreadModel::Single, marks_oops_alive: false
[4715.833s][debug][gc,ref         ] GC(235) Skipped KeepAliveFinalRefsPhase of Reference Processing: no references
[4715.833s][debug][gc,ref         ] GC(235) ReferenceProcessor::execute queues: 1, RefProcThreadModel::Single, marks_oops_alive: false
[4715.833s][debug][gc,phases      ] GC(235) Reference Processing 0.096ms
[4715.833s][debug][gc,phases      ] GC(235)   VM Weak                        Min:  0.0, Avg:  0.0, Max:  0.0, Diff:  0.0, Sum:  0.0, Workers: 4
[4715.833s][debug][gc,phases      ] GC(235)     Dead                           Min: 0, Avg:  0.0, Max: 0, Diff: 0, Sum: 0, Workers: 4
[4715.833s][debug][gc,phases      ] GC(235)     Total                          Min: 0, Avg: 277.0, Max: 576, Diff: 576, Sum: 1108, Workers: 4
[4715.833s][debug][gc,phases      ] GC(235)   ObjectSynchronizer Weak        Min:  0.0, Avg:  0.0, Max:  0.0, Diff:  0.0, Sum:  0.0, Workers: 4
[4715.833s][debug][gc,phases      ] GC(235)     Dead                           Min: 0, Avg:  0.0, Max: 0, Diff: 0, Sum: 0, Workers: 4
[4715.833s][debug][gc,phases      ] GC(235)     Total                          Min: 0, Avg:  1.8, Max: 7, Diff: 7, Sum: 7, Workers: 4
[4715.833s][debug][gc,phases      ] GC(235)   JVMTI Tag Weak OopStorage      Min:  0.0, Avg:  0.0, Max:  0.0, Diff:  0.0, Sum:  0.0, Workers: 4
[4715.833s][debug][gc,phases      ] GC(235)     Dead                           Min: 0, Avg:  0.0, Max: 0, Diff: 0, Sum: 0, Workers: 4
[4715.833s][debug][gc,phases      ] GC(235)     Total                          Min: 0, Avg:  0.0, Max: 0, Diff: 0, Sum: 0, Workers: 4
[4715.833s][debug][gc,phases      ] GC(235)   StringTable Weak               Min:  0.0, Avg:  0.1, Max:  0.1, Diff:  0.1, Sum:  0.5, Workers: 4
[4715.833s][debug][gc,phases      ] GC(235)     Dead                           Min: 0, Avg:  0.0, Max: 0, Diff: 0, Sum: 0, Workers: 4
[4715.833s][debug][gc,phases      ] GC(235)     Total                          Min: 3008, Avg: 11921.8, Max: 17472, Diff: 14464, Sum: 47687, Workers: 4
[4715.833s][debug][gc,phases      ] GC(235)   ResolvedMethodTable Weak       Min:  0.0, Avg:  0.0, Max:  0.0, Diff:  0.0, Sum:  0.2, Workers: 4
[4715.833s][debug][gc,phases      ] GC(235)     Dead                           Min: 0, Avg:  0.0, Max: 0, Diff: 0, Sum: 0, Workers: 4
[4715.833s][debug][gc,phases      ] GC(235)     Total                          Min: 3892, Avg: 4025.2, Max: 4231, Diff: 339, Sum: 16101, Workers: 4
[4715.833s][debug][gc,phases      ] GC(235)   JNI Weak                       Min:  0.0, Avg:  0.0, Max:  0.0, Diff:  0.0, Sum:  0.0, Workers: 4
[4715.833s][debug][gc,phases      ] GC(235)     Dead                           Min: 0, Avg:  0.0, Max: 0, Diff: 0, Sum: 0, Workers: 4
[4715.833s][debug][gc,phases      ] GC(235)     Total                          Min: 0, Avg: 13.0, Max: 52, Diff: 52, Sum: 52, Workers: 4
[4715.833s][debug][gc,phases      ] GC(235)   StringDedup Table Weak         Min:  0.0, Avg:  0.0, Max:  0.0, Diff:  0.0, Sum:  0.0, Workers: 4
[4715.833s][debug][gc,phases      ] GC(235)     Dead                           Min: 0, Avg:  0.0, Max: 0, Diff: 0, Sum: 0, Workers: 4
[4715.833s][debug][gc,phases      ] GC(235)     Total                          Min: 0, Avg:  0.0, Max: 0, Diff: 0, Sum: 0, Workers: 4
[4715.833s][debug][gc,phases      ] GC(235)   StringDedup Requests0 Weak     Min:  0.0, Avg:  0.0, Max:  0.0, Diff:  0.0, Sum:  0.0, Workers: 4
[4715.833s][debug][gc,phases      ] GC(235)     Dead                           Min: 0, Avg:  0.0, Max: 0, Diff: 0, Sum: 0, Workers: 4
[4715.833s][debug][gc,phases      ] GC(235)     Total                          Min: 0, Avg:  0.0, Max: 0, Diff: 0, Sum: 0, Workers: 4
[4715.833s][debug][gc,phases      ] GC(235)   StringDedup Requests1 Weak     Min:  0.0, Avg:  0.0, Max:  0.0, Diff:  0.0, Sum:  0.0, Workers: 4
[4715.833s][debug][gc,phases      ] GC(235)     Dead                           Min: 0, Avg:  0.0, Max: 0, Diff: 0, Sum: 0, Workers: 4
[4715.833s][debug][gc,phases      ] GC(235)     Total                          Min: 0, Avg:  0.0, Max: 0, Diff: 0, Sum: 0, Workers: 4
[4715.833s][debug][gc,phases      ] GC(235)   Weak JFR Old Object Samples    Min:  0.0, Avg:  0.0, Max:  0.0, Diff:  0.0, Sum:  0.0, Workers: 4
[4715.833s][debug][gc,phases      ] GC(235)     Dead                           Min: 0, Avg:  0.0, Max: 0, Diff: 0, Sum: 0, Workers: 4
[4715.833s][debug][gc,phases      ] GC(235)     Total                          Min: 0, Avg:  0.0, Max: 0, Diff: 0, Sum: 0, Workers: 4
[4715.833s][debug][gc,phases      ] GC(235) Weak Processing 0.358ms
[4715.833s][debug][gc,age         ] GC(235) Desired survivor size 39321600 bytes, new threshold 1 (max threshold 15)
[4715.833s][info ][gc,heap        ] GC(235) PSYoungGen: 2048912K(2058240K)->28224K(2058240K) Eden: 2019328K(2019328K)->0K(2019328K) From: 29584K(38912K)->28224K(38912K)
[4715.833s][info ][gc,heap        ] GC(235) ParOldGen: 1219340K(1219584K)->1244844K(1245184K)
[4715.833s][info ][gc,metaspace   ] GC(235) Metaspace: 111532K(112960K)->111532K(112960K) NonClass: 94943K(95744K)->94943K(95744K) Class: 16589K(17216K)->16589K(17216K)
[4715.833s][info ][gc             ] GC(235) Pause Young (Allocation Failure) 3191M->1243M(3226M) 21.161ms
[4715.833s][info ][gc,cpu         ] GC(235) User=0.06s Sys=0.02s Real=0.02s
[4715.833s][info ][safepoint      ] Safepoint "ParallelGCFailedAllocation", Time since last: 6561702702 ns, Reaching safepoint: 95801 ns, Cleanup: 4300 ns, At safepoint: 21235150 ns, Total: 21335251 ns
[4717.833s][info ][safepoint      ] Safepoint "Cleanup", Time since last: 2000155203 ns, Reaching safepoint: 6300 ns, Cleanup: 12000 ns, At safepoint: 2900 ns, Total: 21200 ns
[4720.834s][info ][safepoint      ] Safepoint "Cleanup", Time since last: 3000244416 ns, Reaching safepoint: 5800 ns, Cleanup: 11300 ns, At safepoint: 2800 ns, Total: 19900 ns
[4724.834s][info ][safepoint      ] Safepoint "Cleanup", Time since last: 4000315572 ns, Reaching safepoint: 5700 ns, Cleanup: 8900 ns, At safepoint: 2800 ns, Total: 17400 ns
[4725.366s][info ][gc,start       ] GC(236) Pause Young (Allocation Failure)
[4725.394s][debug][gc,phases      ] GC(236) Scavenge 28.535ms
[4725.395s][debug][gc,ref         ] GC(236) Skipped SoftWeakFinalRefsPhase of Reference Processing: no references
[4725.395s][debug][gc,ref         ] GC(236) Skipped KeepAliveFinalRefsPhase of Reference Processing: no references
[4725.395s][debug][gc,ref         ] GC(236) ReferenceProcessor::execute queues: 1, RefProcThreadModel::Single, marks_oops_alive: false
[4725.395s][debug][gc,phases      ] GC(236) Reference Processing 0.131ms
[4725.395s][debug][gc,phases      ] GC(236)   VM Weak                        Min:  0.0, Avg:  0.0, Max:  0.0, Diff:  0.0, Sum:  0.0, Workers: 4
[4725.395s][debug][gc,phases      ] GC(236)     Dead                           Min: 0, Avg:  0.0, Max: 0, Diff: 0, Sum: 0, Workers: 4
[4725.395s][debug][gc,phases      ] GC(236)     Total                          Min: 0, Avg: 277.0, Max: 852, Diff: 852, Sum: 1108, Workers: 4
[4725.395s][debug][gc,phases      ] GC(236)   ObjectSynchronizer Weak        Min:  0.0, Avg:  0.0, Max:  0.0, Diff:  0.0, Sum:  0.0, Workers: 4
[4725.395s][debug][gc,phases      ] GC(236)     Dead                           Min: 0, Avg:  0.0, Max: 0, Diff: 0, Sum: 0, Workers: 4
[4725.395s][debug][gc,phases      ] GC(236)     Total                          Min: 0, Avg:  1.8, Max: 7, Diff: 7, Sum: 7, Workers: 4
[4725.395s][debug][gc,phases      ] GC(236)   JVMTI Tag Weak OopStorage      Min:  0.0, Avg:  0.0, Max:  0.0, Diff:  0.0, Sum:  0.0, Workers: 4
[4725.395s][debug][gc,phases      ] GC(236)     Dead                           Min: 0, Avg:  0.0, Max: 0, Diff: 0, Sum: 0, Workers: 4
[4725.395s][debug][gc,phases      ] GC(236)     Total                          Min: 0, Avg:  0.0, Max: 0, Diff: 0, Sum: 0, Workers: 4
[4725.395s][debug][gc,phases      ] GC(236)   StringTable Weak               Min:  0.0, Avg:  0.1, Max:  0.2, Diff:  0.2, Sum:  0.5, Workers: 4
[4725.395s][debug][gc,phases      ] GC(236)     Dead                           Min: 0, Avg:  0.0, Max: 0, Diff: 0, Sum: 0, Workers: 4
[4725.395s][debug][gc,phases      ] GC(236)     Total                          Min: 0, Avg: 11921.8, Max: 16384, Diff: 16384, Sum: 47687, Workers: 4
[4725.395s][debug][gc,phases      ] GC(236)   ResolvedMethodTable Weak       Min:  0.0, Avg:  0.0, Max:  0.1, Diff:  0.1, Sum:  0.2, Workers: 4
[4725.395s][debug][gc,phases      ] GC(236)     Dead                           Min: 0, Avg:  4.0, Max: 14, Diff: 14, Sum: 16, Workers: 4
[4725.395s][debug][gc,phases      ] GC(236)     Total                          Min: 0, Avg: 4025.2, Max: 5562, Diff: 5562, Sum: 16101, Workers: 4
[4725.395s][debug][gc,phases      ] GC(236)   JNI Weak                       Min:  0.0, Avg:  0.0, Max:  0.0, Diff:  0.0, Sum:  0.0, Workers: 4
[4725.395s][debug][gc,phases      ] GC(236)     Dead                           Min: 0, Avg:  0.0, Max: 0, Diff: 0, Sum: 0, Workers: 4
[4725.395s][debug][gc,phases      ] GC(236)     Total                          Min: 0, Avg: 13.0, Max: 52, Diff: 52, Sum: 52, Workers: 4
[4725.395s][debug][gc,phases      ] GC(236)   StringDedup Table Weak         Min:  0.0, Avg:  0.0, Max:  0.0, Diff:  0.0, Sum:  0.0, Workers: 4
[4725.395s][debug][gc,phases      ] GC(236)     Dead                           Min: 0, Avg:  0.0, Max: 0, Diff: 0, Sum: 0, Workers: 4
[4725.395s][debug][gc,phases      ] GC(236)     Total                          Min: 0, Avg:  0.0, Max: 0, Diff: 0, Sum: 0, Workers: 4
[4725.395s][debug][gc,phases      ] GC(236)   StringDedup Requests0 Weak     Min:  0.0, Avg:  0.0, Max:  0.0, Diff:  0.0, Sum:  0.0, Workers: 4
[4725.395s][debug][gc,phases      ] GC(236)     Dead                           Min: 0, Avg:  0.0, Max: 0, Diff: 0, Sum: 0, Workers: 4
[4725.395s][debug][gc,phases      ] GC(236)     Total                          Min: 0, Avg:  0.0, Max: 0, Diff: 0, Sum: 0, Workers: 4
[4725.395s][debug][gc,phases      ] GC(236)   StringDedup Requests1 Weak     Min:  0.0, Avg:  0.0, Max:  0.0, Diff:  0.0, Sum:  0.0, Workers: 4
[4725.395s][debug][gc,phases      ] GC(236)     Dead                           Min: 0, Avg:  0.0, Max: 0, Diff: 0, Sum: 0, Workers: 4
[4725.395s][debug][gc,phases      ] GC(236)     Total                          Min: 0, Avg:  0.0, Max: 0, Diff: 0, Sum: 0, Workers: 4
[4725.395s][debug][gc,phases      ] GC(236)   Weak JFR Old Object Samples    Min:  0.0, Avg:  0.0, Max:  0.0, Diff:  0.0, Sum:  0.0, Workers: 4
[4725.395s][debug][gc,phases      ] GC(236)     Dead                           Min: 0, Avg:  0.0, Max: 0, Diff: 0, Sum: 0, Workers: 4
[4725.395s][debug][gc,phases      ] GC(236)     Total                          Min: 0, Avg:  0.0, Max: 0, Diff: 0, Sum: 0, Workers: 4
[4725.395s][debug][gc,phases      ] GC(236) Weak Processing 0.411ms
[4725.395s][debug][gc,age         ] GC(236) Desired survivor size 38797312 bytes, new threshold 1 (max threshold 15)
[4725.395s][info ][gc,heap        ] GC(236) PSYoungGen: 2047552K(2058240K)->27248K(2059264K) Eden: 2019328K(2019328K)->0K(2020864K) From: 28224K(38912K)->27248K(38400K)
[4725.395s][info ][gc,heap        ] GC(236) ParOldGen: 1244844K(1245184K)->1269449K(1269760K)
[4725.395s][info ][gc,metaspace   ] GC(236) Metaspace: 111534K(112960K)->111534K(112960K) NonClass: 94945K(95744K)->94945K(95744K) Class: 16589K(17216K)->16589K(17216K)
[4725.395s][info ][gc             ] GC(236) Pause Young (Allocation Failure) 3215M->1266M(3251M) 29.203ms
[4725.395s][info ][gc,cpu         ] GC(236) User=0.07s Sys=0.02s Real=0.03s
[4725.395s][info ][safepoint      ] Safepoint "ParallelGCFailedAllocation", Time since last: 531803285 ns, Reaching safepoint: 86200 ns, Cleanup: 24100 ns, At safepoint: 29289809 ns, Total: 29400109 ns
[4729.396s][info ][safepoint      ] Safepoint "Cleanup", Time since last: 4000482443 ns, Reaching safepoint: 6400 ns, Cleanup: 8600 ns, At safepoint: 2700 ns, Total: 17700 ns
[4739.015s][info ][gc,start       ] GC(237) Pause Young (Allocation Failure)
[4739.060s][debug][gc,phases      ] GC(237) Scavenge 44.553ms
[4739.060s][debug][gc,ref         ] GC(237) Skipped SoftWeakFinalRefsPhase of Reference Processing: no references
[4739.060s][debug][gc,ref         ] GC(237) Skipped KeepAliveFinalRefsPhase of Reference Processing: no references
[4739.060s][debug][gc,ref         ] GC(237) Skipped PhantomRefsPhase of Reference Processing: no references
[4739.060s][debug][gc,phases      ] GC(237) Reference Processing 0.029ms
[4739.061s][debug][gc,phases      ] GC(237)   VM Weak                        Min:  0.0, Avg:  0.0, Max:  0.0, Diff:  0.0, Sum:  0.0, Workers: 4
[4739.061s][debug][gc,phases      ] GC(237)     Dead                           Min: 0, Avg:  0.0, Max: 0, Diff: 0, Sum: 0, Workers: 4
[4739.061s][debug][gc,phases      ] GC(237)     Total                          Min: 0, Avg: 277.0, Max: 704, Diff: 704, Sum: 1108, Workers: 4
[4739.061s][debug][gc,phases      ] GC(237)   ObjectSynchronizer Weak        Min:  0.0, Avg:  0.0, Max:  0.0, Diff:  0.0, Sum:  0.0, Workers: 4
[4739.061s][debug][gc,phases      ] GC(237)     Dead                           Min: 0, Avg:  0.0, Max: 0, Diff: 0, Sum: 0, Workers: 4
[4739.061s][debug][gc,phases      ] GC(237)     Total                          Min: 0, Avg:  1.8, Max: 7, Diff: 7, Sum: 7, Workers: 4
[4739.061s][debug][gc,phases      ] GC(237)   JVMTI Tag Weak OopStorage      Min:  0.0, Avg:  0.0, Max:  0.0, Diff:  0.0, Sum:  0.0, Workers: 4
[4739.061s][debug][gc,phases      ] GC(237)     Dead                           Min: 0, Avg:  0.0, Max: 0, Diff: 0, Sum: 0, Workers: 4
[4739.061s][debug][gc,phases      ] GC(237)     Total                          Min: 0, Avg:  0.0, Max: 0, Diff: 0, Sum: 0, Workers: 4
[4739.061s][debug][gc,phases      ] GC(237)   StringTable Weak               Min:  0.0, Avg:  0.1, Max:  0.2, Diff:  0.2, Sum:  0.5, Workers: 4
[4739.061s][debug][gc,phases      ] GC(237)     Dead                           Min: 0, Avg:  0.0, Max: 0, Diff: 0, Sum: 0, Workers: 4
[4739.061s][debug][gc,phases      ] GC(237)     Total                          Min: 0, Avg: 11922.0, Max: 16520, Diff: 16520, Sum: 47688, Workers: 4
[4739.061s][debug][gc,phases      ] GC(237)   ResolvedMethodTable Weak       Min:  0.0, Avg:  0.0, Max:  0.1, Diff:  0.1, Sum:  0.2, Workers: 4
[4739.061s][debug][gc,phases      ] GC(237)     Dead                           Min: 0, Avg:  0.0, Max: 0, Diff: 0, Sum: 0, Workers: 4
[4739.061s][debug][gc,phases      ] GC(237)     Total                          Min: 0, Avg: 4025.2, Max: 5663, Diff: 5663, Sum: 16101, Workers: 4
[4739.061s][debug][gc,phases      ] GC(237)   JNI Weak                       Min:  0.0, Avg:  0.0, Max:  0.0, Diff:  0.0, Sum:  0.0, Workers: 4
[4739.061s][debug][gc,phases      ] GC(237)     Dead                           Min: 0, Avg:  0.0, Max: 0, Diff: 0, Sum: 0, Workers: 4
[4739.061s][debug][gc,phases      ] GC(237)     Total                          Min: 0, Avg: 13.0, Max: 52, Diff: 52, Sum: 52, Workers: 4
[4739.061s][debug][gc,phases      ] GC(237)   StringDedup Table Weak         Min:  0.0, Avg:  0.0, Max:  0.0, Diff:  0.0, Sum:  0.0, Workers: 4
[4739.061s][debug][gc,phases      ] GC(237)     Dead                           Min: 0, Avg:  0.0, Max: 0, Diff: 0, Sum: 0, Workers: 4
[4739.061s][debug][gc,phases      ] GC(237)     Total                          Min: 0, Avg:  0.0, Max: 0, Diff: 0, Sum: 0, Workers: 4
[4739.061s][debug][gc,phases      ] GC(237)   StringDedup Requests0 Weak     Min:  0.0, Avg:  0.0, Max:  0.0, Diff:  0.0, Sum:  0.0, Workers: 4
[4739.061s][debug][gc,phases      ] GC(237)     Dead                           Min: 0, Avg:  0.0, Max: 0, Diff: 0, Sum: 0, Workers: 4
[4739.061s][debug][gc,phases      ] GC(237)     Total                          Min: 0, Avg:  0.0, Max: 0, Diff: 0, Sum: 0, Workers: 4
[4739.061s][debug][gc,phases      ] GC(237)   StringDedup Requests1 Weak     Min:  0.0, Avg:  0.0, Max:  0.0, Diff:  0.0, Sum:  0.0, Workers: 4
[4739.061s][debug][gc,phases      ] GC(237)     Dead                           Min: 0, Avg:  0.0, Max: 0, Diff: 0, Sum: 0, Workers: 4
[4739.061s][debug][gc,phases      ] GC(237)     Total                          Min: 0, Avg:  0.0, Max: 0, Diff: 0, Sum: 0, Workers: 4
[4739.061s][debug][gc,phases      ] GC(237)   Weak JFR Old Object Samples    Min:  0.0, Avg:  0.0, Max:  0.0, Diff:  0.0, Sum:  0.0, Workers: 4
[4739.061s][debug][gc,phases      ] GC(237)     Dead                           Min: 0, Avg:  0.0, Max: 0, Diff: 0, Sum: 0, Workers: 4
[4739.061s][debug][gc,phases      ] GC(237)     Total                          Min: 0, Avg:  0.0, Max: 0, Diff: 0, Sum: 0, Workers: 4
[4739.061s][debug][gc,phases      ] GC(237) Weak Processing 0.864ms
[4739.061s][debug][gc,age         ] GC(237) Desired survivor size 38273024 bytes, new threshold 1 (max threshold 15)
[4739.061s][info ][gc,heap        ] GC(237) PSYoungGen: 2048112K(2059264K)->22128K(2058752K) Eden: 2020864K(2020864K)->0K(2020864K) From: 27248K(38400K)->22128K(37888K)
[4739.061s][info ][gc,heap        ] GC(237) ParOldGen: 1269449K(1269760K)->1292641K(1292800K)
[4739.061s][info ][gc,metaspace   ] GC(237) Metaspace: 111541K(112960K)->111541K(112960K) NonClass: 94952K(95744K)->94952K(95744K) Class: 16589K(17216K)->16589K(17216K)
[4739.061s][info ][gc             ] GC(237) Pause Young (Allocation Failure) 3239M->1283M(3273M) 45.603ms
[4739.061s][info ][gc,cpu         ] GC(237) User=0.06s Sys=0.01s Real=0.05s
[4739.061s][info ][safepoint      ] Safepoint "ParallelGCFailedAllocation", Time since last: 9619718745 ns, Reaching safepoint: 84600 ns, Cleanup: 5201 ns, At safepoint: 45699329 ns, Total: 45789130 ns
[4740.061s][info ][safepoint      ] Safepoint "Cleanup", Time since last: 1000083505 ns, Reaching safepoint: 78101 ns, Cleanup: 8300 ns, At safepoint: 14600 ns, Total: 101001 ns
[4742.934s][info ][safepoint      ] Safepoint "Cleanup", Time since last: 2872157292 ns, Reaching safepoint: 82701 ns, Cleanup: 8600 ns, At safepoint: 17000 ns, Total: 108301 ns
[4746.934s][info ][safepoint      ] Safepoint "Cleanup", Time since last: 4000317099 ns, Reaching safepoint: 5800 ns, Cleanup: 9000 ns, At safepoint: 2900 ns, Total: 17700 ns
[4748.772s][info ][gc,start       ] GC(238) Pause Young (Allocation Failure)
[4748.831s][debug][gc,phases      ] GC(238) Scavenge 59.429ms
[4748.831s][debug][gc,ref         ] GC(238) ReferenceProcessor::execute queues: 1, RefProcThreadModel::Single, marks_oops_alive: false
[4748.831s][debug][gc,ref         ] GC(238) Skipped KeepAliveFinalRefsPhase of Reference Processing: no references
[4748.831s][debug][gc,ref         ] GC(238) ReferenceProcessor::execute queues: 1, RefProcThreadModel::Single, marks_oops_alive: false
[4748.831s][debug][gc,phases      ] GC(238) Reference Processing 0.113ms
[4748.832s][debug][gc,phases      ] GC(238)   VM Weak                        Min:  0.0, Avg:  0.0, Max:  0.0, Diff:  0.0, Sum:  0.0, Workers: 4
[4748.832s][debug][gc,phases      ] GC(238)     Dead                           Min: 0, Avg:  0.0, Max: 0, Diff: 0, Sum: 0, Workers: 4
[4748.832s][debug][gc,phases      ] GC(238)     Total                          Min: 0, Avg: 277.0, Max: 788, Diff: 788, Sum: 1108, Workers: 4
[4748.832s][debug][gc,phases      ] GC(238)   ObjectSynchronizer Weak        Min:  0.0, Avg:  0.0, Max:  0.0, Diff:  0.0, Sum:  0.0, Workers: 4
[4748.832s][debug][gc,phases      ] GC(238)     Dead                           Min: 0, Avg:  0.0, Max: 0, Diff: 0, Sum: 0, Workers: 4
[4748.832s][debug][gc,phases      ] GC(238)     Total                          Min: 0, Avg:  1.5, Max: 6, Diff: 6, Sum: 6, Workers: 4
[4748.832s][debug][gc,phases      ] GC(238)   JVMTI Tag Weak OopStorage      Min:  0.0, Avg:  0.0, Max:  0.0, Diff:  0.0, Sum:  0.0, Workers: 4
[4748.832s][debug][gc,phases      ] GC(238)     Dead                           Min: 0, Avg:  0.0, Max: 0, Diff: 0, Sum: 0, Workers: 4
[4748.832s][debug][gc,phases      ] GC(238)     Total                          Min: 0, Avg:  0.0, Max: 0, Diff: 0, Sum: 0, Workers: 4
[4748.832s][debug][gc,phases      ] GC(238)   StringTable Weak               Min:  0.0, Avg:  0.1, Max:  0.2, Diff:  0.2, Sum:  0.5, Workers: 4
[4748.832s][debug][gc,phases      ] GC(238)     Dead                           Min: 0, Avg:  0.0, Max: 0, Diff: 0, Sum: 0, Workers: 4
[4748.832s][debug][gc,phases      ] GC(238)     Total                          Min: 0, Avg: 11922.0, Max: 16512, Diff: 16512, Sum: 47688, Workers: 4
[4748.832s][debug][gc,phases      ] GC(238)   ResolvedMethodTable Weak       Min:  0.0, Avg:  0.0, Max:  0.1, Diff:  0.1, Sum:  0.2, Workers: 4
[4748.832s][debug][gc,phases      ] GC(238)     Dead                           Min: 0, Avg:  4.0, Max: 11, Diff: 11, Sum: 16, Workers: 4
[4748.832s][debug][gc,phases      ] GC(238)     Total                          Min: 0, Avg: 4025.2, Max: 5616, Diff: 5616, Sum: 16101, Workers: 4
[4748.832s][debug][gc,phases      ] GC(238)   JNI Weak                       Min:  0.0, Avg:  0.0, Max:  0.0, Diff:  0.0, Sum:  0.0, Workers: 4
[4748.832s][debug][gc,phases      ] GC(238)     Dead                           Min: 0, Avg:  0.0, Max: 0, Diff: 0, Sum: 0, Workers: 4
[4748.832s][debug][gc,phases      ] GC(238)     Total                          Min: 0, Avg: 13.0, Max: 52, Diff: 52, Sum: 52, Workers: 4
[4748.832s][debug][gc,phases      ] GC(238)   StringDedup Table Weak         Min:  0.0, Avg:  0.0, Max:  0.0, Diff:  0.0, Sum:  0.0, Workers: 4
[4748.832s][debug][gc,phases      ] GC(238)     Dead                           Min: 0, Avg:  0.0, Max: 0, Diff: 0, Sum: 0, Workers: 4
[4748.832s][debug][gc,phases      ] GC(238)     Total                          Min: 0, Avg:  0.0, Max: 0, Diff: 0, Sum: 0, Workers: 4
[4748.832s][debug][gc,phases      ] GC(238)   StringDedup Requests0 Weak     Min:  0.0, Avg:  0.0, Max:  0.0, Diff:  0.0, Sum:  0.0, Workers: 4
[4748.832s][debug][gc,phases      ] GC(238)     Dead                           Min: 0, Avg:  0.0, Max: 0, Diff: 0, Sum: 0, Workers: 4
[4748.832s][debug][gc,phases      ] GC(238)     Total                          Min: 0, Avg:  0.0, Max: 0, Diff: 0, Sum: 0, Workers: 4
[4748.832s][debug][gc,phases      ] GC(238)   StringDedup Requests1 Weak     Min:  0.0, Avg:  0.0, Max:  0.0, Diff:  0.0, Sum:  0.0, Workers: 4
[4748.832s][debug][gc,phases      ] GC(238)     Dead                           Min: 0, Avg:  0.0, Max: 0, Diff: 0, Sum: 0, Workers: 4
[4748.832s][debug][gc,phases      ] GC(238)     Total                          Min: 0, Avg:  0.0, Max: 0, Diff: 0, Sum: 0, Workers: 4
[4748.832s][debug][gc,phases      ] GC(238)   Weak JFR Old Object Samples    Min:  0.0, Avg:  0.0, Max:  0.0, Diff:  0.0, Sum:  0.0, Workers: 4
[4748.832s][debug][gc,phases      ] GC(238)     Dead                           Min: 0, Avg:  0.0, Max: 0, Diff: 0, Sum: 0, Workers: 4
[4748.832s][debug][gc,phases      ] GC(238)     Total                          Min: 0, Avg:  0.0, Max: 0, Diff: 0, Sum: 0, Workers: 4
[4748.832s][debug][gc,phases      ] GC(238) Weak Processing 0.479ms
[4748.832s][debug][gc,age         ] GC(238) Desired survivor size 51380224 bytes, new threshold 1 (max threshold 15)
[4748.832s][info ][gc,heap        ] GC(238) PSYoungGen: 2042992K(2058752K)->37352K(2034176K) Eden: 2020864K(2020864K)->0K(1996800K) From: 22128K(37888K)->37352K(37376K)
[4748.832s][info ][gc,heap        ] GC(238) ParOldGen: 1292641K(1292800K)->1318495K(1318912K)
[4748.832s][info ][gc,metaspace   ] GC(238) Metaspace: 111542K(112960K)->111542K(112960K) NonClass: 94953K(95744K)->94953K(95744K) Class: 16589K(17216K)->16589K(17216K)
[4748.832s][info ][gc             ] GC(238) Pause Young (Allocation Failure) 3257M->1324M(3274M) 60.166ms
[4748.832s][info ][gc,cpu         ] GC(238) User=0.10s Sys=0.02s Real=0.06s
[4748.832s][info ][safepoint      ] Safepoint "ParallelGCFailedAllocation", Time since last: 1837574458 ns, Reaching safepoint: 262102 ns, Cleanup: 4300 ns, At safepoint: 60371332 ns, Total: 60637734 ns
[4760.833s][info ][safepoint      ] Safepoint "Cleanup", Time since last: 12000863721 ns, Reaching safepoint: 6201 ns, Cleanup: 8200 ns, At safepoint: 2400 ns, Total: 16801 ns
[4762.212s][info ][gc,start       ] GC(239) Pause Young (Allocation Failure)
[4762.239s][debug][gc,phases      ] GC(239) Scavenge 26.797ms
[4762.239s][debug][gc,ref         ] GC(239) Skipped SoftWeakFinalRefsPhase of Reference Processing: no references
[4762.239s][debug][gc,ref         ] GC(239) Skipped KeepAliveFinalRefsPhase of Reference Processing: no references
[4762.239s][debug][gc,ref         ] GC(239) ReferenceProcessor::execute queues: 1, RefProcThreadModel::Single, marks_oops_alive: false
[4762.239s][debug][gc,phases      ] GC(239) Reference Processing 0.096ms
[4762.239s][debug][gc,phases      ] GC(239)   VM Weak                        Min:  0.0, Avg:  0.0, Max:  0.0, Diff:  0.0, Sum:  0.0, Workers: 4
[4762.239s][debug][gc,phases      ] GC(239)     Dead                           Min: 0, Avg:  0.0, Max: 0, Diff: 0, Sum: 0, Workers: 4
[4762.239s][debug][gc,phases      ] GC(239)     Total                          Min: 0, Avg: 277.0, Max: 468, Diff: 468, Sum: 1108, Workers: 4
[4762.239s][debug][gc,phases      ] GC(239)   ObjectSynchronizer Weak        Min:  0.0, Avg:  0.0, Max:  0.0, Diff:  0.0, Sum:  0.0, Workers: 4
[4762.239s][debug][gc,phases      ] GC(239)     Dead                           Min: 0, Avg:  0.0, Max: 0, Diff: 0, Sum: 0, Workers: 4
[4762.239s][debug][gc,phases      ] GC(239)     Total                          Min: 0, Avg:  1.8, Max: 7, Diff: 7, Sum: 7, Workers: 4
[4762.239s][debug][gc,phases      ] GC(239)   JVMTI Tag Weak OopStorage      Min:  0.0, Avg:  0.0, Max:  0.0, Diff:  0.0, Sum:  0.0, Workers: 4
[4762.239s][debug][gc,phases      ] GC(239)     Dead                           Min: 0, Avg:  0.0, Max: 0, Diff: 0, Sum: 0, Workers: 4
[4762.239s][debug][gc,phases      ] GC(239)     Total                          Min: 0, Avg:  0.0, Max: 0, Diff: 0, Sum: 0, Workers: 4
[4762.239s][debug][gc,phases      ] GC(239)   StringTable Weak               Min:  0.1, Avg:  0.1, Max:  0.1, Diff:  0.0, Sum:  0.5, Workers: 4
[4762.239s][debug][gc,phases      ] GC(239)     Dead                           Min: 0, Avg:  0.0, Max: 0, Diff: 0, Sum: 0, Workers: 4
[4762.239s][debug][gc,phases      ] GC(239)     Total                          Min: 11336, Avg: 11922.0, Max: 12224, Diff: 888, Sum: 47688, Workers: 4
[4762.239s][debug][gc,phases      ] GC(239)   ResolvedMethodTable Weak       Min:  0.0, Avg:  0.0, Max:  0.0, Diff:  0.0, Sum:  0.2, Workers: 4
[4762.239s][debug][gc,phases      ] GC(239)     Dead                           Min: 0, Avg:  0.0, Max: 0, Diff: 0, Sum: 0, Workers: 4
[4762.239s][debug][gc,phases      ] GC(239)     Total                          Min: 3897, Avg: 4025.2, Max: 4223, Diff: 326, Sum: 16101, Workers: 4
[4762.239s][debug][gc,phases      ] GC(239)   JNI Weak                       Min:  0.0, Avg:  0.0, Max:  0.0, Diff:  0.0, Sum:  0.0, Workers: 4
[4762.239s][debug][gc,phases      ] GC(239)     Dead                           Min: 0, Avg:  0.0, Max: 0, Diff: 0, Sum: 0, Workers: 4
[4762.239s][debug][gc,phases      ] GC(239)     Total                          Min: 0, Avg: 13.0, Max: 52, Diff: 52, Sum: 52, Workers: 4
[4762.239s][debug][gc,phases      ] GC(239)   StringDedup Table Weak         Min:  0.0, Avg:  0.0, Max:  0.0, Diff:  0.0, Sum:  0.0, Workers: 4
[4762.239s][debug][gc,phases      ] GC(239)     Dead                           Min: 0, Avg:  0.0, Max: 0, Diff: 0, Sum: 0, Workers: 4
[4762.239s][debug][gc,phases      ] GC(239)     Total                          Min: 0, Avg:  0.0, Max: 0, Diff: 0, Sum: 0, Workers: 4
[4762.239s][debug][gc,phases      ] GC(239)   StringDedup Requests0 Weak     Min:  0.0, Avg:  0.0, Max:  0.0, Diff:  0.0, Sum:  0.0, Workers: 4
[4762.239s][debug][gc,phases      ] GC(239)     Dead                           Min: 0, Avg:  0.0, Max: 0, Diff: 0, Sum: 0, Workers: 4
[4762.239s][debug][gc,phases      ] GC(239)     Total                          Min: 0, Avg:  0.0, Max: 0, Diff: 0, Sum: 0, Workers: 4
[4762.239s][debug][gc,phases      ] GC(239)   StringDedup Requests1 Weak     Min:  0.0, Avg:  0.0, Max:  0.0, Diff:  0.0, Sum:  0.0, Workers: 4
[4762.239s][debug][gc,phases      ] GC(239)     Dead                           Min: 0, Avg:  0.0, Max: 0, Diff: 0, Sum: 0, Workers: 4
[4762.239s][debug][gc,phases      ] GC(239)     Total                          Min: 0, Avg:  0.0, Max: 0, Diff: 0, Sum: 0, Workers: 4
[4762.239s][debug][gc,phases      ] GC(239)   Weak JFR Old Object Samples    Min:  0.0, Avg:  0.0, Max:  0.0, Diff:  0.0, Sum:  0.0, Workers: 4
[4762.239s][debug][gc,phases      ] GC(239)     Dead                           Min: 0, Avg:  0.0, Max: 0, Diff: 0, Sum: 0, Workers: 4
[4762.239s][debug][gc,phases      ] GC(239)     Total                          Min: 0, Avg:  0.0, Max: 0, Diff: 0, Sum: 0, Workers: 4
[4762.239s][debug][gc,phases      ] GC(239) Weak Processing 0.337ms
[4762.239s][debug][gc,age         ] GC(239) Desired survivor size 50855936 bytes, new threshold 1 (max threshold 15)
[4762.239s][info ][gc,heap        ] GC(239) PSYoungGen: 2034152K(2034176K)->19584K(2046976K) Eden: 1996800K(1996800K)->0K(1996800K) From: 37352K(37376K)->19584K(50176K)
[4762.239s][info ][gc,heap        ] GC(239) ParOldGen: 1318495K(1318912K)->1350627K(1350656K)
[4762.239s][info ][gc,metaspace   ] GC(239) Metaspace: 111542K(112960K)->111542K(112960K) NonClass: 94953K(95744K)->94953K(95744K) Class: 16589K(17216K)->16589K(17216K)
[4762.239s][info ][gc             ] GC(239) Pause Young (Allocation Failure) 3274M->1338M(3318M) 27.347ms
[4762.239s][info ][gc,cpu         ] GC(239) User=0.06s Sys=0.02s Real=0.02s
[4762.239s][info ][safepoint      ] Safepoint "ParallelGCFailedAllocation", Time since last: 1378933501 ns, Reaching safepoint: 76400 ns, Cleanup: 3100 ns, At safepoint: 27416327 ns, Total: 27495827 ns
[4776.240s][info ][safepoint      ] Safepoint "Cleanup", Time since last: 14000969852 ns, Reaching safepoint: 5400 ns, Cleanup: 9500 ns, At safepoint: 2300 ns, Total: 17200 ns
[4780.241s][info ][safepoint      ] Safepoint "Cleanup", Time since last: 4000310226 ns, Reaching safepoint: 5500 ns, Cleanup: 7100 ns, At safepoint: 2100 ns, Total: 14700 ns
[4783.368s][info ][gc,start       ] GC(240) Pause Young (Allocation Failure)
[4783.385s][debug][gc,phases      ] GC(240) Scavenge 16.932ms
[4783.385s][debug][gc,ref         ] GC(240) ReferenceProcessor::execute queues: 1, RefProcThreadModel::Single, marks_oops_alive: false
[4783.385s][debug][gc,ref         ] GC(240) Skipped KeepAliveFinalRefsPhase of Reference Processing: no references
[4783.385s][debug][gc,ref         ] GC(240) Skipped PhantomRefsPhase of Reference Processing: no references
[4783.385s][debug][gc,phases      ] GC(240) Reference Processing 0.088ms
[4783.385s][debug][gc,phases      ] GC(240)   VM Weak                        Min:  0.0, Avg:  0.0, Max:  0.0, Diff:  0.0, Sum:  0.0, Workers: 4
[4783.385s][debug][gc,phases      ] GC(240)     Dead                           Min: 0, Avg:  0.0, Max: 0, Diff: 0, Sum: 0, Workers: 4
[4783.385s][debug][gc,phases      ] GC(240)     Total                          Min: 0, Avg: 277.0, Max: 832, Diff: 832, Sum: 1108, Workers: 4
[4783.385s][debug][gc,phases      ] GC(240)   ObjectSynchronizer Weak        Min:  0.0, Avg:  0.0, Max:  0.0, Diff:  0.0, Sum:  0.0, Workers: 4
[4783.385s][debug][gc,phases      ] GC(240)     Dead                           Min: 0, Avg:  0.0, Max: 0, Diff: 0, Sum: 0, Workers: 4
[4783.385s][debug][gc,phases      ] GC(240)     Total                          Min: 0, Avg:  1.8, Max: 7, Diff: 7, Sum: 7, Workers: 4
[4783.385s][debug][gc,phases      ] GC(240)   JVMTI Tag Weak OopStorage      Min:  0.0, Avg:  0.0, Max:  0.0, Diff:  0.0, Sum:  0.0, Workers: 4
[4783.385s][debug][gc,phases      ] GC(240)     Dead                           Min: 0, Avg:  0.0, Max: 0, Diff: 0, Sum: 0, Workers: 4
[4783.385s][debug][gc,phases      ] GC(240)     Total                          Min: 0, Avg:  0.0, Max: 0, Diff: 0, Sum: 0, Workers: 4
[4783.385s][debug][gc,phases      ] GC(240)   StringTable Weak               Min:  0.0, Avg:  0.1, Max:  0.1, Diff:  0.1, Sum:  0.4, Workers: 4
[4783.385s][debug][gc,phases      ] GC(240)     Dead                           Min: 0, Avg:  0.0, Max: 0, Diff: 0, Sum: 0, Workers: 4
[4783.385s][debug][gc,phases      ] GC(240)     Total                          Min: 0, Avg: 11922.0, Max: 20800, Diff: 20800, Sum: 47688, Workers: 4
[4783.385s][debug][gc,phases      ] GC(240)   ResolvedMethodTable Weak       Min:  0.0, Avg:  0.0, Max:  0.0, Diff:  0.0, Sum:  0.1, Workers: 4
[4783.385s][debug][gc,phases      ] GC(240)     Dead                           Min: 0, Avg:  4.0, Max: 16, Diff: 16, Sum: 16, Workers: 4
[4783.385s][debug][gc,phases      ] GC(240)     Total                          Min: 0, Avg: 4025.2, Max: 6953, Diff: 6953, Sum: 16101, Workers: 4
[4783.385s][debug][gc,phases      ] GC(240)   JNI Weak                       Min:  0.0, Avg:  0.0, Max:  0.0, Diff:  0.0, Sum:  0.0, Workers: 4
[4783.385s][debug][gc,phases      ] GC(240)     Dead                           Min: 0, Avg:  0.0, Max: 0, Diff: 0, Sum: 0, Workers: 4
[4783.385s][debug][gc,phases      ] GC(240)     Total                          Min: 0, Avg: 13.0, Max: 52, Diff: 52, Sum: 52, Workers: 4
[4783.385s][debug][gc,phases      ] GC(240)   StringDedup Table Weak         Min:  0.0, Avg:  0.0, Max:  0.0, Diff:  0.0, Sum:  0.0, Workers: 4
[4783.385s][debug][gc,phases      ] GC(240)     Dead                           Min: 0, Avg:  0.0, Max: 0, Diff: 0, Sum: 0, Workers: 4
[4783.385s][debug][gc,phases      ] GC(240)     Total                          Min: 0, Avg:  0.0, Max: 0, Diff: 0, Sum: 0, Workers: 4
[4783.385s][debug][gc,phases      ] GC(240)   StringDedup Requests0 Weak     Min:  0.0, Avg:  0.0, Max:  0.0, Diff:  0.0, Sum:  0.0, Workers: 4
[4783.385s][debug][gc,phases      ] GC(240)     Dead                           Min: 0, Avg:  0.0, Max: 0, Diff: 0, Sum: 0, Workers: 4
[4783.385s][debug][gc,phases      ] GC(240)     Total                          Min: 0, Avg:  0.0, Max: 0, Diff: 0, Sum: 0, Workers: 4
[4783.385s][debug][gc,phases      ] GC(240)   StringDedup Requests1 Weak     Min:  0.0, Avg:  0.0, Max:  0.0, Diff:  0.0, Sum:  0.0, Workers: 4
[4783.385s][debug][gc,phases      ] GC(240)     Dead                           Min: 0, Avg:  0.0, Max: 0, Diff: 0, Sum: 0, Workers: 4
[4783.385s][debug][gc,phases      ] GC(240)     Total                          Min: 0, Avg:  0.0, Max: 0, Diff: 0, Sum: 0, Workers: 4
[4783.385s][debug][gc,phases      ] GC(240)   Weak JFR Old Object Samples    Min:  0.0, Avg:  0.0, Max:  0.0, Diff:  0.0, Sum:  0.0, Workers: 4
[4783.385s][debug][gc,phases      ] GC(240)     Dead                           Min: 0, Avg:  0.0, Max: 0, Diff: 0, Sum: 0, Workers: 4
[4783.385s][debug][gc,phases      ] GC(240)     Total                          Min: 0, Avg:  0.0, Max: 0, Diff: 0, Sum: 0, Workers: 4
[4783.385s][debug][gc,phases      ] GC(240) Weak Processing 0.352ms
[4783.385s][debug][gc,age         ] GC(240) Desired survivor size 51904512 bytes, new threshold 1 (max threshold 15)
[4783.385s][info ][gc,heap        ] GC(240) PSYoungGen: 2016384K(2046976K)->12000K(2045440K) Eden: 1996800K(1996800K)->0K(1995776K) From: 19584K(50176K)->12000K(49664K)
[4783.385s][info ][gc,heap        ] GC(240) ParOldGen: 1350627K(1350656K)->1365825K(1366016K)
[4783.385s][info ][gc,metaspace   ] GC(240) Metaspace: 111545K(112960K)->111545K(112960K) NonClass: 94956K(95744K)->94956K(95744K) Class: 16589K(17216K)->16589K(17216K)
[4783.386s][info ][gc             ] GC(240) Pause Young (Allocation Failure) 3288M->1345M(3331M) 17.481ms
[4783.386s][info ][gc,cpu         ] GC(240) User=0.04s Sys=0.01s Real=0.02s
[4783.386s][info ][safepoint      ] Safepoint "ParallelGCFailedAllocation", Time since last: 3127207458 ns, Reaching safepoint: 7400 ns, Cleanup: 4300 ns, At safepoint: 17545916 ns, Total: 17557616 ns
[4798.387s][info ][safepoint      ] Safepoint "Cleanup", Time since last: 15001041722 ns, Reaching safepoint: 6600 ns, Cleanup: 9200 ns, At safepoint: 3000 ns, Total: 18800 ns
[4801.960s][info ][safepoint      ] Safepoint "Cleanup", Time since last: 3573041809 ns, Reaching safepoint: 81401 ns, Cleanup: 8000 ns, At safepoint: 11200 ns, Total: 100601 ns
[4805.960s][info ][safepoint      ] Safepoint "Cleanup", Time since last: 4000358458 ns, Reaching safepoint: 76601 ns, Cleanup: 8100 ns, At safepoint: 6000 ns, Total: 90701 ns
[4807.711s][info ][gc,start       ] GC(241) Pause Young (Allocation Failure)
[4807.723s][debug][gc,phases      ] GC(241) Scavenge 11.671ms
[4807.723s][debug][gc,ref         ] GC(241) ReferenceProcessor::execute queues: 1, RefProcThreadModel::Single, marks_oops_alive: false
[4807.723s][debug][gc,ref         ] GC(241) Skipped KeepAliveFinalRefsPhase of Reference Processing: no references
[4807.723s][debug][gc,ref         ] GC(241) Skipped PhantomRefsPhase of Reference Processing: no references
[4807.723s][debug][gc,phases      ] GC(241) Reference Processing 0.122ms
[4807.723s][debug][gc,phases      ] GC(241)   VM Weak                        Min:  0.0, Avg:  0.0, Max:  0.0, Diff:  0.0, Sum:  0.0, Workers: 4
[4807.723s][debug][gc,phases      ] GC(241)     Dead                           Min: 0, Avg:  0.0, Max: 0, Diff: 0, Sum: 0, Workers: 4
[4807.724s][debug][gc,phases      ] GC(241)     Total                          Min: 0, Avg: 277.0, Max: 896, Diff: 896, Sum: 1108, Workers: 4
[4807.724s][debug][gc,phases      ] GC(241)   ObjectSynchronizer Weak        Min:  0.0, Avg:  0.0, Max:  0.0, Diff:  0.0, Sum:  0.0, Workers: 4
[4807.724s][debug][gc,phases      ] GC(241)     Dead                           Min: 0, Avg:  0.0, Max: 0, Diff: 0, Sum: 0, Workers: 4
[4807.724s][debug][gc,phases      ] GC(241)     Total                          Min: 0, Avg:  1.2, Max: 5, Diff: 5, Sum: 5, Workers: 4
[4807.724s][debug][gc,phases      ] GC(241)   JVMTI Tag Weak OopStorage      Min:  0.0, Avg:  0.0, Max:  0.0, Diff:  0.0, Sum:  0.0, Workers: 4
[4807.724s][debug][gc,phases      ] GC(241)     Dead                           Min: 0, Avg:  0.0, Max: 0, Diff: 0, Sum: 0, Workers: 4
[4807.724s][debug][gc,phases      ] GC(241)     Total                          Min: 0, Avg:  0.0, Max: 0, Diff: 0, Sum: 0, Workers: 4
[4807.724s][debug][gc,phases      ] GC(241)   StringTable Weak               Min:  0.0, Avg:  0.1, Max:  0.2, Diff:  0.2, Sum:  0.5, Workers: 4
[4807.724s][debug][gc,phases      ] GC(241)     Dead                           Min: 0, Avg:  0.0, Max: 0, Diff: 0, Sum: 0, Workers: 4
[4807.724s][debug][gc,phases      ] GC(241)     Total                          Min: 0, Avg: 11922.0, Max: 17032, Diff: 17032, Sum: 47688, Workers: 4
[4807.724s][debug][gc,phases      ] GC(241)   ResolvedMethodTable Weak       Min:  0.0, Avg:  0.0, Max:  0.1, Diff:  0.1, Sum:  0.2, Workers: 4
[4807.724s][debug][gc,phases      ] GC(241)     Dead                           Min: 0, Avg:  4.0, Max: 16, Diff: 16, Sum: 16, Workers: 4
[4807.724s][debug][gc,phases      ] GC(241)     Total                          Min: 0, Avg: 4025.2, Max: 5560, Diff: 5560, Sum: 16101, Workers: 4
[4807.724s][debug][gc,phases      ] GC(241)   JNI Weak                       Min:  0.0, Avg:  0.0, Max:  0.0, Diff:  0.0, Sum:  0.0, Workers: 4
[4807.724s][debug][gc,phases      ] GC(241)     Dead                           Min: 0, Avg:  0.0, Max: 0, Diff: 0, Sum: 0, Workers: 4
[4807.724s][debug][gc,phases      ] GC(241)     Total                          Min: 0, Avg: 13.0, Max: 52, Diff: 52, Sum: 52, Workers: 4
[4807.724s][debug][gc,phases      ] GC(241)   StringDedup Table Weak         Min:  0.0, Avg:  0.0, Max:  0.0, Diff:  0.0, Sum:  0.0, Workers: 4
[4807.724s][debug][gc,phases      ] GC(241)     Dead                           Min: 0, Avg:  0.0, Max: 0, Diff: 0, Sum: 0, Workers: 4
[4807.724s][debug][gc,phases      ] GC(241)     Total                          Min: 0, Avg:  0.0, Max: 0, Diff: 0, Sum: 0, Workers: 4
[4807.724s][debug][gc,phases      ] GC(241)   StringDedup Requests0 Weak     Min:  0.0, Avg:  0.0, Max:  0.0, Diff:  0.0, Sum:  0.0, Workers: 4
[4807.724s][debug][gc,phases      ] GC(241)     Dead                           Min: 0, Avg:  0.0, Max: 0, Diff: 0, Sum: 0, Workers: 4
[4807.724s][debug][gc,phases      ] GC(241)     Total                          Min: 0, Avg:  0.0, Max: 0, Diff: 0, Sum: 0, Workers: 4
[4807.724s][debug][gc,phases      ] GC(241)   StringDedup Requests1 Weak     Min:  0.0, Avg:  0.0, Max:  0.0, Diff:  0.0, Sum:  0.0, Workers: 4
[4807.724s][debug][gc,phases      ] GC(241)     Dead                           Min: 0, Avg:  0.0, Max: 0, Diff: 0, Sum: 0, Workers: 4
[4807.724s][debug][gc,phases      ] GC(241)     Total                          Min: 0, Avg:  0.0, Max: 0, Diff: 0, Sum: 0, Workers: 4
[4807.724s][debug][gc,phases      ] GC(241)   Weak JFR Old Object Samples    Min:  0.0, Avg:  0.0, Max:  0.0, Diff:  0.0, Sum:  0.0, Workers: 4
[4807.724s][debug][gc,phases      ] GC(241)     Dead                           Min: 0, Avg:  0.0, Max: 0, Diff: 0, Sum: 0, Workers: 4
[4807.724s][debug][gc,phases      ] GC(241)     Total                          Min: 0, Avg:  0.0, Max: 0, Diff: 0, Sum: 0, Workers: 4
[4807.724s][debug][gc,phases      ] GC(241) Weak Processing 0.472ms
[4807.724s][debug][gc,age         ] GC(241) Desired survivor size 51904512 bytes, new threshold 1 (max threshold 15)
[4807.724s][info ][gc,heap        ] GC(241) PSYoungGen: 2007776K(2045440K)->11744K(2046464K) Eden: 1995776K(1995776K)->0K(1995776K) From: 12000K(49664K)->11744K(50688K)
[4807.724s][info ][gc,heap        ] GC(241) ParOldGen: 1365825K(1366016K)->1372200K(1372672K)
[4807.724s][info ][gc,metaspace   ] GC(241) Metaspace: 111546K(112960K)->111546K(112960K) NonClass: 94956K(95744K)->94956K(95744K) Class: 16589K(17216K)->16589K(17216K)
[4807.724s][info ][gc             ] GC(241) Pause Young (Allocation Failure) 3294M->1351M(3339M) 12.393ms
[4807.724s][info ][gc,cpu         ] GC(241) User=0.04s Sys=0.00s Real=0.01s
[4807.724s][info ][safepoint      ] Safepoint "ParallelGCFailedAllocation", Time since last: 1751039360 ns, Reaching safepoint: 79800 ns, Cleanup: 4000 ns, At safepoint: 12468885 ns, Total: 12552685 ns
[4808.724s][info ][safepoint      ] Safepoint "Cleanup", Time since last: 1000092481 ns, Reaching safepoint: 5800 ns, Cleanup: 6800 ns, At safepoint: 2000 ns, Total: 14600 ns
[4809.724s][info ][safepoint      ] Safepoint "Cleanup", Time since last: 1000098272 ns, Reaching safepoint: 5500 ns, Cleanup: 7200 ns, At safepoint: 1900 ns, Total: 14600 ns
[4811.724s][info ][safepoint      ] Safepoint "Cleanup", Time since last: 2000165242 ns, Reaching safepoint: 6400 ns, Cleanup: 8200 ns, At safepoint: 2700 ns, Total: 17300 ns
[4815.725s][info ][safepoint      ] Safepoint "Cleanup", Time since last: 4000313186 ns, Reaching safepoint: 5600 ns, Cleanup: 8600 ns, At safepoint: 2400 ns, Total: 16600 ns
[4826.725s][info ][safepoint      ] Safepoint "Cleanup", Time since last: 11000787364 ns, Reaching safepoint: 6200 ns, Cleanup: 12400 ns, At safepoint: 2800 ns, Total: 21400 ns
[4828.726s][info ][safepoint      ] Safepoint "Cleanup", Time since last: 2000181606 ns, Reaching safepoint: 6100 ns, Cleanup: 6701 ns, At safepoint: 2800 ns, Total: 15601 ns
[4830.774s][info ][gc,start       ] GC(242) Pause Young (Allocation Failure)
[4830.789s][debug][gc,phases      ] GC(242) Scavenge 14.505ms
[4830.789s][debug][gc,ref         ] GC(242) ReferenceProcessor::execute queues: 1, RefProcThreadModel::Single, marks_oops_alive: false
[4830.789s][debug][gc,ref         ] GC(242) Skipped KeepAliveFinalRefsPhase of Reference Processing: no references
[4830.789s][debug][gc,ref         ] GC(242) ReferenceProcessor::execute queues: 1, RefProcThreadModel::Single, marks_oops_alive: false
[4830.789s][debug][gc,phases      ] GC(242) Reference Processing 0.094ms
[4830.789s][debug][gc,phases      ] GC(242)   VM Weak                        Min:  0.0, Avg:  0.0, Max:  0.0, Diff:  0.0, Sum:  0.0, Workers: 4
[4830.789s][debug][gc,phases      ] GC(242)     Dead                           Min: 0, Avg:  0.0, Max: 0, Diff: 0, Sum: 0, Workers: 4
[4830.789s][debug][gc,phases      ] GC(242)     Total                          Min: 0, Avg: 277.0, Max: 768, Diff: 768, Sum: 1108, Workers: 4
[4830.789s][debug][gc,phases      ] GC(242)   ObjectSynchronizer Weak        Min:  0.0, Avg:  0.0, Max:  0.0, Diff:  0.0, Sum:  0.0, Workers: 4
[4830.789s][debug][gc,phases      ] GC(242)     Dead                           Min: 0, Avg:  0.0, Max: 0, Diff: 0, Sum: 0, Workers: 4
[4830.789s][debug][gc,phases      ] GC(242)     Total                          Min: 0, Avg:  1.5, Max: 6, Diff: 6, Sum: 6, Workers: 4
[4830.789s][debug][gc,phases      ] GC(242)   JVMTI Tag Weak OopStorage      Min:  0.0, Avg:  0.0, Max:  0.0, Diff:  0.0, Sum:  0.0, Workers: 4
[4830.789s][debug][gc,phases      ] GC(242)     Dead                           Min: 0, Avg:  0.0, Max: 0, Diff: 0, Sum: 0, Workers: 4
[4830.789s][debug][gc,phases      ] GC(242)     Total                          Min: 0, Avg:  0.0, Max: 0, Diff: 0, Sum: 0, Workers: 4
[4830.789s][debug][gc,phases      ] GC(242)   StringTable Weak               Min:  0.1, Avg:  0.1, Max:  0.1, Diff:  0.0, Sum:  0.5, Workers: 4
[4830.789s][debug][gc,phases      ] GC(242)     Dead                           Min: 0, Avg:  0.0, Max: 0, Diff: 0, Sum: 0, Workers: 4
[4830.789s][debug][gc,phases      ] GC(242)     Total                          Min: 8714, Avg: 11922.5, Max: 13568, Diff: 4854, Sum: 47690, Workers: 4
[4830.789s][debug][gc,phases      ] GC(242)   ResolvedMethodTable Weak       Min:  0.0, Avg:  0.0, Max:  0.0, Diff:  0.0, Sum:  0.2, Workers: 4
[4830.789s][debug][gc,phases      ] GC(242)     Dead                           Min: 0, Avg:  4.0, Max: 16, Diff: 16, Sum: 16, Workers: 4
[4830.789s][debug][gc,phases      ] GC(242)     Total                          Min: 3754, Avg: 4026.2, Max: 4215, Diff: 461, Sum: 16105, Workers: 4
[4830.789s][debug][gc,phases      ] GC(242)   JNI Weak                       Min:  0.0, Avg:  0.0, Max:  0.0, Diff:  0.0, Sum:  0.0, Workers: 4
[4830.789s][debug][gc,phases      ] GC(242)     Dead                           Min: 0, Avg:  0.0, Max: 0, Diff: 0, Sum: 0, Workers: 4
[4830.789s][debug][gc,phases      ] GC(242)     Total                          Min: 0, Avg: 13.0, Max: 52, Diff: 52, Sum: 52, Workers: 4
[4830.789s][debug][gc,phases      ] GC(242)   StringDedup Table Weak         Min:  0.0, Avg:  0.0, Max:  0.0, Diff:  0.0, Sum:  0.0, Workers: 4
[4830.789s][debug][gc,phases      ] GC(242)     Dead                           Min: 0, Avg:  0.0, Max: 0, Diff: 0, Sum: 0, Workers: 4
[4830.789s][debug][gc,phases      ] GC(242)     Total                          Min: 0, Avg:  0.0, Max: 0, Diff: 0, Sum: 0, Workers: 4
[4830.789s][debug][gc,phases      ] GC(242)   StringDedup Requests0 Weak     Min:  0.0, Avg:  0.0, Max:  0.0, Diff:  0.0, Sum:  0.0, Workers: 4
[4830.789s][debug][gc,phases      ] GC(242)     Dead                           Min: 0, Avg:  0.0, Max: 0, Diff: 0, Sum: 0, Workers: 4
[4830.789s][debug][gc,phases      ] GC(242)     Total                          Min: 0, Avg:  0.0, Max: 0, Diff: 0, Sum: 0, Workers: 4
[4830.789s][debug][gc,phases      ] GC(242)   StringDedup Requests1 Weak     Min:  0.0, Avg:  0.0, Max:  0.0, Diff:  0.0, Sum:  0.0, Workers: 4
[4830.789s][debug][gc,phases      ] GC(242)     Dead                           Min: 0, Avg:  0.0, Max: 0, Diff: 0, Sum: 0, Workers: 4
[4830.789s][debug][gc,phases      ] GC(242)     Total                          Min: 0, Avg:  0.0, Max: 0, Diff: 0, Sum: 0, Workers: 4
[4830.789s][debug][gc,phases      ] GC(242)   Weak JFR Old Object Samples    Min:  0.0, Avg:  0.0, Max:  0.0, Diff:  0.0, Sum:  0.0, Workers: 4
[4830.789s][debug][gc,phases      ] GC(242)     Dead                           Min: 0, Avg:  0.0, Max: 0, Diff: 0, Sum: 0, Workers: 4
[4830.789s][debug][gc,phases      ] GC(242)     Total                          Min: 0, Avg:  0.0, Max: 0, Diff: 0, Sum: 0, Workers: 4
[4830.789s][debug][gc,phases      ] GC(242) Weak Processing 0.341ms
[4830.789s][debug][gc,age         ] GC(242) Desired survivor size 49807360 bytes, new threshold 1 (max threshold 15)
[4830.789s][info ][gc,heap        ] GC(242) PSYoungGen: 2007520K(2046464K)->23392K(2048512K) Eden: 1995776K(1995776K)->0K(1997824K) From: 11744K(50688K)->23392K(50688K)
[4830.789s][info ][gc,heap        ] GC(242) ParOldGen: 1372200K(1372672K)->1379006K(1379328K)
[4830.789s][info ][gc,metaspace   ] GC(242) Metaspace: 111554K(112960K)->111554K(112960K) NonClass: 94964K(95744K)->94964K(95744K) Class: 16590K(17216K)->16590K(17216K)
[4830.789s][info ][gc             ] GC(242) Pause Young (Allocation Failure) 3300M->1369M(3347M) 15.053ms
[4830.789s][info ][gc,cpu         ] GC(242) User=0.05s Sys=0.01s Real=0.01s
[4830.789s][info ][safepoint      ] Safepoint "ParallelGCFailedAllocation", Time since last: 2048546734 ns, Reaching safepoint: 5301 ns, Cleanup: 3200 ns, At safepoint: 15114702 ns, Total: 15123203 ns
[4836.790s][info ][safepoint      ] Safepoint "Cleanup", Time since last: 6000428206 ns, Reaching safepoint: 5000 ns, Cleanup: 6300 ns, At safepoint: 2200 ns, Total: 13500 ns
[4848.791s][info ][safepoint      ] Safepoint "Cleanup", Time since last: 12000856715 ns, Reaching safepoint: 4900 ns, Cleanup: 7201 ns, At safepoint: 2600 ns, Total: 14701 ns
[4850.729s][info ][safepoint      ] Safepoint "ParallelGCFailedAllocation", Time since last: 1938085619 ns, Reaching safepoint: 5100 ns, Cleanup: 3300 ns, At safepoint: 32301 ns, Total: 40701 ns
[4850.729s][info ][gc,start       ] GC(243) Pause Young (GCLocker Initiated GC)
[4850.745s][debug][gc,phases      ] GC(243) Scavenge 16.291ms
[4850.745s][debug][gc,ref         ] GC(243) ReferenceProcessor::execute queues: 1, RefProcThreadModel::Single, marks_oops_alive: false
[4850.745s][debug][gc,ref         ] GC(243) Skipped KeepAliveFinalRefsPhase of Reference Processing: no references
[4850.745s][debug][gc,ref         ] GC(243) ReferenceProcessor::execute queues: 1, RefProcThreadModel::Single, marks_oops_alive: false
[4850.745s][debug][gc,phases      ] GC(243) Reference Processing 0.094ms
[4850.746s][debug][gc,phases      ] GC(243)   VM Weak                        Min:  0.0, Avg:  0.0, Max:  0.0, Diff:  0.0, Sum:  0.0, Workers: 4
[4850.746s][debug][gc,phases      ] GC(243)     Dead                           Min: 0, Avg:  0.0, Max: 0, Diff: 0, Sum: 0, Workers: 4
[4850.746s][debug][gc,phases      ] GC(243)     Total                          Min: 0, Avg: 277.0, Max: 724, Diff: 724, Sum: 1108, Workers: 4
[4850.746s][debug][gc,phases      ] GC(243)   ObjectSynchronizer Weak        Min:  0.0, Avg:  0.0, Max:  0.0, Diff:  0.0, Sum:  0.0, Workers: 4
[4850.746s][debug][gc,phases      ] GC(243)     Dead                           Min: 0, Avg:  0.0, Max: 0, Diff: 0, Sum: 0, Workers: 4
[4850.746s][debug][gc,phases      ] GC(243)     Total                          Min: 0, Avg:  1.5, Max: 6, Diff: 6, Sum: 6, Workers: 4
[4850.746s][debug][gc,phases      ] GC(243)   JVMTI Tag Weak OopStorage      Min:  0.0, Avg:  0.0, Max:  0.0, Diff:  0.0, Sum:  0.0, Workers: 4
[4850.746s][debug][gc,phases      ] GC(243)     Dead                           Min: 0, Avg:  0.0, Max: 0, Diff: 0, Sum: 0, Workers: 4
[4850.746s][debug][gc,phases      ] GC(243)     Total                          Min: 0, Avg:  0.0, Max: 0, Diff: 0, Sum: 0, Workers: 4
[4850.746s][debug][gc,phases      ] GC(243)   StringTable Weak               Min:  0.0, Avg:  0.1, Max:  0.1, Diff:  0.1, Sum:  0.4, Workers: 4
[4850.746s][debug][gc,phases      ] GC(243)     Dead                           Min: 0, Avg:  0.0, Max: 0, Diff: 0, Sum: 0, Workers: 4
[4850.746s][debug][gc,phases      ] GC(243)     Total                          Min: 0, Avg: 11922.5, Max: 20736, Diff: 20736, Sum: 47690, Workers: 4
[4850.746s][debug][gc,phases      ] GC(243)   ResolvedMethodTable Weak       Min:  0.0, Avg:  0.0, Max:  0.0, Diff:  0.0, Sum:  0.1, Workers: 4
[4850.746s][debug][gc,phases      ] GC(243)     Dead                           Min: 0, Avg:  4.0, Max: 16, Diff: 16, Sum: 16, Workers: 4
[4850.746s][debug][gc,phases      ] GC(243)     Total                          Min: 0, Avg: 4026.2, Max: 6828, Diff: 6828, Sum: 16105, Workers: 4
[4850.746s][debug][gc,phases      ] GC(243)   JNI Weak                       Min:  0.0, Avg:  0.0, Max:  0.0, Diff:  0.0, Sum:  0.0, Workers: 4
[4850.746s][debug][gc,phases      ] GC(243)     Dead                           Min: 0, Avg:  0.0, Max: 0, Diff: 0, Sum: 0, Workers: 4
[4850.746s][debug][gc,phases      ] GC(243)     Total                          Min: 0, Avg: 13.0, Max: 52, Diff: 52, Sum: 52, Workers: 4
[4850.746s][debug][gc,phases      ] GC(243)   StringDedup Table Weak         Min:  0.0, Avg:  0.0, Max:  0.0, Diff:  0.0, Sum:  0.0, Workers: 4
[4850.746s][debug][gc,phases      ] GC(243)     Dead                           Min: 0, Avg:  0.0, Max: 0, Diff: 0, Sum: 0, Workers: 4
[4850.746s][debug][gc,phases      ] GC(243)     Total                          Min: 0, Avg:  0.0, Max: 0, Diff: 0, Sum: 0, Workers: 4
[4850.746s][debug][gc,phases      ] GC(243)   StringDedup Requests0 Weak     Min:  0.0, Avg:  0.0, Max:  0.0, Diff:  0.0, Sum:  0.0, Workers: 4
[4850.746s][debug][gc,phases      ] GC(243)     Dead                           Min: 0, Avg:  0.0, Max: 0, Diff: 0, Sum: 0, Workers: 4
[4850.746s][debug][gc,phases      ] GC(243)     Total                          Min: 0, Avg:  0.0, Max: 0, Diff: 0, Sum: 0, Workers: 4
[4850.746s][debug][gc,phases      ] GC(243)   StringDedup Requests1 Weak     Min:  0.0, Avg:  0.0, Max:  0.0, Diff:  0.0, Sum:  0.0, Workers: 4
[4850.746s][debug][gc,phases      ] GC(243)     Dead                           Min: 0, Avg:  0.0, Max: 0, Diff: 0, Sum: 0, Workers: 4
[4850.746s][debug][gc,phases      ] GC(243)     Total                          Min: 0, Avg:  0.0, Max: 0, Diff: 0, Sum: 0, Workers: 4
[4850.746s][debug][gc,phases      ] GC(243)   Weak JFR Old Object Samples    Min:  0.0, Avg:  0.0, Max:  0.0, Diff:  0.0, Sum:  0.0, Workers: 4
[4850.746s][debug][gc,phases      ] GC(243)     Dead                           Min: 0, Avg:  0.0, Max: 0, Diff: 0, Sum: 0, Workers: 4
[4850.746s][debug][gc,phases      ] GC(243)     Total                          Min: 0, Avg:  0.0, Max: 0, Diff: 0, Sum: 0, Workers: 4
[4850.746s][debug][gc,phases      ] GC(243) Weak Processing 0.347ms
[4850.746s][debug][gc,age         ] GC(243) Desired survivor size 48234496 bytes, new threshold 1 (max threshold 15)
[4850.746s][info ][gc,heap        ] GC(243) PSYoungGen: 2021216K(2048512K)->20244K(2046464K) Eden: 1997824K(1997824K)->0K(1997824K) From: 23392K(50688K)->20244K(48640K)
[4850.746s][info ][gc,heap        ] GC(243) ParOldGen: 1379518K(1380352K)->1396853K(1397248K)
[4850.746s][info ][gc,metaspace   ] GC(243) Metaspace: 111559K(113024K)->111559K(113024K) NonClass: 94969K(95808K)->94969K(95808K) Class: 16590K(17216K)->16590K(17216K)
[4850.746s][info ][gc             ] GC(243) Pause Young (GCLocker Initiated GC) 3321M->1383M(3363M) 16.864ms
[4850.746s][info ][gc,cpu         ] GC(243) User=0.05s Sys=0.02s Real=0.02s
[4850.746s][info ][safepoint      ] Safepoint "ParallelGCSystemGC", Time since last: 79000 ns, Reaching safepoint: 291702 ns, Cleanup: 1100 ns, At safepoint: 16930015 ns, Total: 17222817 ns
[4853.746s][info ][safepoint      ] Safepoint "Cleanup", Time since last: 3000231110 ns, Reaching safepoint: 6200 ns, Cleanup: 9800 ns, At safepoint: 2600 ns, Total: 18600 ns
[4866.762s][info ][gc,start       ] GC(244) Pause Young (Allocation Failure)
[4866.778s][debug][gc,phases      ] GC(244) Scavenge 16.142ms
[4866.778s][debug][gc,ref         ] GC(244) ReferenceProcessor::execute queues: 1, RefProcThreadModel::Single, marks_oops_alive: false
[4866.778s][debug][gc,ref         ] GC(244) Skipped KeepAliveFinalRefsPhase of Reference Processing: no references
[4866.778s][debug][gc,ref         ] GC(244) Skipped PhantomRefsPhase of Reference Processing: no references
[4866.778s][debug][gc,phases      ] GC(244) Reference Processing 0.104ms
[4866.779s][debug][gc,phases      ] GC(244)   VM Weak                        Min:  0.0, Avg:  0.0, Max:  0.0, Diff:  0.0, Sum:  0.0, Workers: 4
[4866.779s][debug][gc,phases      ] GC(244)     Dead                           Min: 0, Avg:  0.0, Max: 0, Diff: 0, Sum: 0, Workers: 4
[4866.779s][debug][gc,phases      ] GC(244)     Total                          Min: 0, Avg: 277.0, Max: 640, Diff: 640, Sum: 1108, Workers: 4
[4866.779s][debug][gc,phases      ] GC(244)   ObjectSynchronizer Weak        Min:  0.0, Avg:  0.0, Max:  0.0, Diff:  0.0, Sum:  0.0, Workers: 4
[4866.779s][debug][gc,phases      ] GC(244)     Dead                           Min: 0, Avg:  0.0, Max: 0, Diff: 0, Sum: 0, Workers: 4
[4866.779s][debug][gc,phases      ] GC(244)     Total                          Min: 0, Avg:  1.5, Max: 6, Diff: 6, Sum: 6, Workers: 4
[4866.779s][debug][gc,phases      ] GC(244)   JVMTI Tag Weak OopStorage      Min:  0.0, Avg:  0.0, Max:  0.0, Diff:  0.0, Sum:  0.0, Workers: 4
[4866.779s][debug][gc,phases      ] GC(244)     Dead                           Min: 0, Avg:  0.0, Max: 0, Diff: 0, Sum: 0, Workers: 4
[4866.779s][debug][gc,phases      ] GC(244)     Total                          Min: 0, Avg:  0.0, Max: 0, Diff: 0, Sum: 0, Workers: 4
[4866.779s][debug][gc,phases      ] GC(244)   StringTable Weak               Min:  0.0, Avg:  0.1, Max:  0.1, Diff:  0.1, Sum:  0.4, Workers: 4
[4866.779s][debug][gc,phases      ] GC(244)     Dead                           Min: 0, Avg:  0.0, Max: 0, Diff: 0, Sum: 0, Workers: 4
[4866.779s][debug][gc,phases      ] GC(244)     Total                          Min: 0, Avg: 11922.5, Max: 17984, Diff: 17984, Sum: 47690, Workers: 4
[4866.779s][debug][gc,phases      ] GC(244)   ResolvedMethodTable Weak       Min:  0.0, Avg:  0.0, Max:  0.0, Diff:  0.0, Sum:  0.1, Workers: 4
[4866.779s][debug][gc,phases      ] GC(244)     Dead                           Min: 0, Avg:  0.0, Max: 0, Diff: 0, Sum: 0, Workers: 4
[4866.779s][debug][gc,phases      ] GC(244)     Total                          Min: 0, Avg: 4026.2, Max: 6881, Diff: 6881, Sum: 16105, Workers: 4
[4866.779s][debug][gc,phases      ] GC(244)   JNI Weak                       Min:  0.0, Avg:  0.0, Max:  0.0, Diff:  0.0, Sum:  0.0, Workers: 4
[4866.779s][debug][gc,phases      ] GC(244)     Dead                           Min: 0, Avg:  0.0, Max: 0, Diff: 0, Sum: 0, Workers: 4
[4866.779s][debug][gc,phases      ] GC(244)     Total                          Min: 0, Avg: 13.0, Max: 52, Diff: 52, Sum: 52, Workers: 4
[4866.779s][debug][gc,phases      ] GC(244)   StringDedup Table Weak         Min:  0.0, Avg:  0.0, Max:  0.0, Diff:  0.0, Sum:  0.0, Workers: 4
[4866.779s][debug][gc,phases      ] GC(244)     Dead                           Min: 0, Avg:  0.0, Max: 0, Diff: 0, Sum: 0, Workers: 4
[4866.779s][debug][gc,phases      ] GC(244)     Total                          Min: 0, Avg:  0.0, Max: 0, Diff: 0, Sum: 0, Workers: 4
[4866.779s][debug][gc,phases      ] GC(244)   StringDedup Requests0 Weak     Min:  0.0, Avg:  0.0, Max:  0.0, Diff:  0.0, Sum:  0.0, Workers: 4
[4866.779s][debug][gc,phases      ] GC(244)     Dead                           Min: 0, Avg:  0.0, Max: 0, Diff: 0, Sum: 0, Workers: 4
[4866.779s][debug][gc,phases      ] GC(244)     Total                          Min: 0, Avg:  0.0, Max: 0, Diff: 0, Sum: 0, Workers: 4
[4866.779s][debug][gc,phases      ] GC(244)   StringDedup Requests1 Weak     Min:  0.0, Avg:  0.0, Max:  0.0, Diff:  0.0, Sum:  0.0, Workers: 4
[4866.779s][debug][gc,phases      ] GC(244)     Dead                           Min: 0, Avg:  0.0, Max: 0, Diff: 0, Sum: 0, Workers: 4
[4866.779s][debug][gc,phases      ] GC(244)     Total                          Min: 0, Avg:  0.0, Max: 0, Diff: 0, Sum: 0, Workers: 4
[4866.779s][debug][gc,phases      ] GC(244)   Weak JFR Old Object Samples    Min:  0.0, Avg:  0.0, Max:  0.0, Diff:  0.0, Sum:  0.0, Workers: 4
[4866.779s][debug][gc,phases      ] GC(244)     Dead                           Min: 0, Avg:  0.0, Max: 0, Diff: 0, Sum: 0, Workers: 4
[4866.779s][debug][gc,phases      ] GC(244)     Total                          Min: 0, Avg:  0.0, Max: 0, Diff: 0, Sum: 0, Workers: 4
[4866.779s][debug][gc,phases      ] GC(244) Weak Processing 0.378ms
[4866.779s][debug][gc,age         ] GC(244) Desired survivor size 46137344 bytes, new threshold 1 (max threshold 15)
[4866.779s][info ][gc,heap        ] GC(244) PSYoungGen: 2018068K(2046464K)->23025K(2052096K) Eden: 1997824K(1997824K)->0K(2004992K) From: 20244K(48640K)->23025K(47104K)
[4866.779s][info ][gc,heap        ] GC(244) ParOldGen: 1397384K(1398272K)->1410649K(1411072K)
[4866.779s][info ][gc,metaspace   ] GC(244) Metaspace: 111561K(113024K)->111561K(113024K) NonClass: 94971K(95808K)->94971K(95808K) Class: 16590K(17216K)->16590K(17216K)
[4866.779s][info ][gc             ] GC(244) Pause Young (Allocation Failure) 3335M->1400M(3382M) 16.740ms
[4866.779s][info ][gc,cpu         ] GC(244) User=0.05s Sys=0.01s Real=0.01s
[4866.779s][info ][safepoint      ] Safepoint "ParallelGCFailedAllocation", Time since last: 13015748868 ns, Reaching safepoint: 83900 ns, Cleanup: 3500 ns, At safepoint: 16833419 ns, Total: 16920819 ns
[4871.779s][info ][safepoint      ] Safepoint "Cleanup", Time since last: 5000380613 ns, Reaching safepoint: 7100 ns, Cleanup: 24400 ns, At safepoint: 2600 ns, Total: 34100 ns
[4872.779s][info ][safepoint      ] Safepoint "Cleanup", Time since last: 1000116040 ns, Reaching safepoint: 6300 ns, Cleanup: 17800 ns, At safepoint: 2700 ns, Total: 26800 ns
[4873.780s][info ][safepoint      ] Safepoint "Cleanup", Time since last: 1000099961 ns, Reaching safepoint: 5800 ns, Cleanup: 9300 ns, At safepoint: 2900 ns, Total: 18000 ns
[4877.780s][info ][safepoint      ] Safepoint "Cleanup", Time since last: 4000334728 ns, Reaching safepoint: 6200 ns, Cleanup: 9800 ns, At safepoint: 3100 ns, Total: 19100 ns
[4878.780s][info ][safepoint      ] Safepoint "Cleanup", Time since last: 1000125779 ns, Reaching safepoint: 6400 ns, Cleanup: 10600 ns, At safepoint: 2900 ns, Total: 19900 ns
[4880.780s][info ][safepoint      ] Safepoint "Cleanup", Time since last: 2000180057 ns, Reaching safepoint: 5901 ns, Cleanup: 7900 ns, At safepoint: 2600 ns, Total: 16401 ns
[4882.542s][info ][gc,start       ] GC(245) Pause Young (Allocation Failure)
[4882.559s][debug][gc,phases      ] GC(245) Scavenge 16.934ms
[4882.560s][debug][gc,ref         ] GC(245) ReferenceProcessor::execute queues: 1, RefProcThreadModel::Single, marks_oops_alive: false
[4882.560s][debug][gc,ref         ] GC(245) Skipped KeepAliveFinalRefsPhase of Reference Processing: no references
[4882.560s][debug][gc,ref         ] GC(245) ReferenceProcessor::execute queues: 1, RefProcThreadModel::Single, marks_oops_alive: false
[4882.560s][debug][gc,phases      ] GC(245) Reference Processing 0.096ms
[4882.560s][debug][gc,phases      ] GC(245)   VM Weak                        Min:  0.0, Avg:  0.0, Max:  0.0, Diff:  0.0, Sum:  0.0, Workers: 4
[4882.560s][debug][gc,phases      ] GC(245)     Dead                           Min: 0, Avg:  0.0, Max: 0, Diff: 0, Sum: 0, Workers: 4
[4882.560s][debug][gc,phases      ] GC(245)     Total                          Min: 0, Avg: 277.5, Max: 576, Diff: 576, Sum: 1110, Workers: 4
[4882.560s][debug][gc,phases      ] GC(245)   ObjectSynchronizer Weak        Min:  0.0, Avg:  0.0, Max:  0.0, Diff:  0.0, Sum:  0.0, Workers: 4
[4882.560s][debug][gc,phases      ] GC(245)     Dead                           Min: 0, Avg:  0.0, Max: 0, Diff: 0, Sum: 0, Workers: 4
[4882.560s][debug][gc,phases      ] GC(245)     Total                          Min: 0, Avg:  1.5, Max: 6, Diff: 6, Sum: 6, Workers: 4
[4882.560s][debug][gc,phases      ] GC(245)   JVMTI Tag Weak OopStorage      Min:  0.0, Avg:  0.0, Max:  0.0, Diff:  0.0, Sum:  0.0, Workers: 4
[4882.560s][debug][gc,phases      ] GC(245)     Dead                           Min: 0, Avg:  0.0, Max: 0, Diff: 0, Sum: 0, Workers: 4
[4882.560s][debug][gc,phases      ] GC(245)     Total                          Min: 0, Avg:  0.0, Max: 0, Diff: 0, Sum: 0, Workers: 4
[4882.560s][debug][gc,phases      ] GC(245)   StringTable Weak               Min:  0.0, Avg:  0.1, Max:  0.1, Diff:  0.1, Sum:  0.4, Workers: 4
[4882.560s][debug][gc,phases      ] GC(245)     Dead                           Min: 0, Avg:  0.0, Max: 0, Diff: 0, Sum: 0, Workers: 4
[4882.560s][debug][gc,phases      ] GC(245)     Total                          Min: 0, Avg: 11924.2, Max: 20113, Diff: 20113, Sum: 47697, Workers: 4
[4882.560s][debug][gc,phases      ] GC(245)   ResolvedMethodTable Weak       Min:  0.0, Avg:  0.0, Max:  0.0, Diff:  0.0, Sum:  0.1, Workers: 4
[4882.560s][debug][gc,phases      ] GC(245)     Dead                           Min: 0, Avg:  4.0, Max: 16, Diff: 16, Sum: 16, Workers: 4
[4882.560s][debug][gc,phases      ] GC(245)     Total                          Min: 0, Avg: 4030.2, Max: 6753, Diff: 6753, Sum: 16121, Workers: 4
[4882.560s][debug][gc,phases      ] GC(245)   JNI Weak                       Min:  0.0, Avg:  0.0, Max:  0.0, Diff:  0.0, Sum:  0.0, Workers: 4
[4882.560s][debug][gc,phases      ] GC(245)     Dead                           Min: 0, Avg:  0.0, Max: 0, Diff: 0, Sum: 0, Workers: 4
[4882.560s][debug][gc,phases      ] GC(245)     Total                          Min: 0, Avg: 13.0, Max: 52, Diff: 52, Sum: 52, Workers: 4
[4882.560s][debug][gc,phases      ] GC(245)   StringDedup Table Weak         Min:  0.0, Avg:  0.0, Max:  0.0, Diff:  0.0, Sum:  0.0, Workers: 4
[4882.560s][debug][gc,phases      ] GC(245)     Dead                           Min: 0, Avg:  0.0, Max: 0, Diff: 0, Sum: 0, Workers: 4
[4882.560s][debug][gc,phases      ] GC(245)     Total                          Min: 0, Avg:  0.0, Max: 0, Diff: 0, Sum: 0, Workers: 4
[4882.560s][debug][gc,phases      ] GC(245)   StringDedup Requests0 Weak     Min:  0.0, Avg:  0.0, Max:  0.0, Diff:  0.0, Sum:  0.0, Workers: 4
[4882.560s][debug][gc,phases      ] GC(245)     Dead                           Min: 0, Avg:  0.0, Max: 0, Diff: 0, Sum: 0, Workers: 4
[4882.560s][debug][gc,phases      ] GC(245)     Total                          Min: 0, Avg:  0.0, Max: 0, Diff: 0, Sum: 0, Workers: 4
[4882.560s][debug][gc,phases      ] GC(245)   StringDedup Requests1 Weak     Min:  0.0, Avg:  0.0, Max:  0.0, Diff:  0.0, Sum:  0.0, Workers: 4
[4882.560s][debug][gc,phases      ] GC(245)     Dead                           Min: 0, Avg:  0.0, Max: 0, Diff: 0, Sum: 0, Workers: 4
[4882.560s][debug][gc,phases      ] GC(245)     Total                          Min: 0, Avg:  0.0, Max: 0, Diff: 0, Sum: 0, Workers: 4
[4882.560s][debug][gc,phases      ] GC(245)   Weak JFR Old Object Samples    Min:  0.0, Avg:  0.0, Max:  0.0, Diff:  0.0, Sum:  0.0, Workers: 4
[4882.560s][debug][gc,phases      ] GC(245)     Dead                           Min: 0, Avg:  0.0, Max: 0, Diff: 0, Sum: 0, Workers: 4
[4882.560s][debug][gc,phases      ] GC(245)     Total                          Min: 0, Avg:  0.0, Max: 0, Diff: 0, Sum: 0, Workers: 4
[4882.560s][debug][gc,phases      ] GC(245) Weak Processing 0.361ms
[4882.560s][debug][gc,age         ] GC(245) Desired survivor size 45088768 bytes, new threshold 1 (max threshold 15)
[4882.560s][info ][gc,heap        ] GC(245) PSYoungGen: 2028017K(2052096K)->26704K(2050048K) Eden: 2004992K(2004992K)->0K(2004992K) From: 23025K(47104K)->26704K(45056K)
[4882.560s][info ][gc,heap        ] GC(245) ParOldGen: 1410649K(1411072K)->1429442K(1429504K)
[4882.560s][info ][gc,metaspace   ] GC(245) Metaspace: 111583K(113024K)->111583K(113024K) NonClass: 94988K(95808K)->94988K(95808K) Class: 16594K(17216K)->16594K(17216K)
[4882.560s][info ][gc             ] GC(245) Pause Young (Allocation Failure) 3358M->1422M(3398M) 17.498ms
[4882.560s][info ][gc,cpu         ] GC(245) User=0.05s Sys=0.02s Real=0.02s
[4882.560s][info ][safepoint      ] Safepoint "ParallelGCFailedAllocation", Time since last: 1762134376 ns, Reaching safepoint: 88501 ns, Cleanup: 3800 ns, At safepoint: 17571224 ns, Total: 17663525 ns
[4883.560s][info ][safepoint      ] Safepoint "Cleanup", Time since last: 1000083981 ns, Reaching safepoint: 76301 ns, Cleanup: 12000 ns, At safepoint: 4600 ns, Total: 92901 ns
[4885.560s][info ][safepoint      ] Safepoint "Cleanup", Time since last: 2000161962 ns, Reaching safepoint: 76600 ns, Cleanup: 6100 ns, At safepoint: 5400 ns, Total: 88100 ns
[4890.561s][info ][safepoint      ] Safepoint "Cleanup", Time since last: 5000595445 ns, Reaching safepoint: 75900 ns, Cleanup: 7500 ns, At safepoint: 5601 ns, Total: 89001 ns
[4892.143s][info ][gc,start       ] GC(246) Pause Young (Allocation Failure)
[4892.173s][debug][gc,phases      ] GC(246) Scavenge 30.095ms
[4892.173s][debug][gc,ref         ] GC(246) ReferenceProcessor::execute queues: 1, RefProcThreadModel::Single, marks_oops_alive: false
[4892.173s][debug][gc,ref         ] GC(246) Skipped KeepAliveFinalRefsPhase of Reference Processing: no references
[4892.173s][debug][gc,ref         ] GC(246) ReferenceProcessor::execute queues: 1, RefProcThreadModel::Single, marks_oops_alive: false
[4892.173s][debug][gc,phases      ] GC(246) Reference Processing 0.123ms
[4892.173s][debug][gc,phases      ] GC(246)   VM Weak                        Min:  0.0, Avg:  0.0, Max:  0.0, Diff:  0.0, Sum:  0.0, Workers: 4
[4892.173s][debug][gc,phases      ] GC(246)     Dead                           Min: 0, Avg:  0.0, Max: 0, Diff: 0, Sum: 0, Workers: 4
[4892.173s][debug][gc,phases      ] GC(246)     Total                          Min: 0, Avg: 277.5, Max: 704, Diff: 704, Sum: 1110, Workers: 4
[4892.173s][debug][gc,phases      ] GC(246)   ObjectSynchronizer Weak        Min:  0.0, Avg:  0.0, Max:  0.0, Diff:  0.0, Sum:  0.0, Workers: 4
[4892.173s][debug][gc,phases      ] GC(246)     Dead                           Min: 0, Avg:  0.0, Max: 0, Diff: 0, Sum: 0, Workers: 4
[4892.173s][debug][gc,phases      ] GC(246)     Total                          Min: 0, Avg:  1.5, Max: 6, Diff: 6, Sum: 6, Workers: 4
[4892.173s][debug][gc,phases      ] GC(246)   JVMTI Tag Weak OopStorage      Min:  0.0, Avg:  0.0, Max:  0.0, Diff:  0.0, Sum:  0.0, Workers: 4
[4892.174s][debug][gc,phases      ] GC(246)     Dead                           Min: 0, Avg:  0.0, Max: 0, Diff: 0, Sum: 0, Workers: 4
[4892.174s][debug][gc,phases      ] GC(246)     Total                          Min: 0, Avg:  0.0, Max: 0, Diff: 0, Sum: 0, Workers: 4
[4892.174s][debug][gc,phases      ] GC(246)   StringTable Weak               Min:  0.0, Avg:  0.1, Max:  0.2, Diff:  0.2, Sum:  0.5, Workers: 4
[4892.174s][debug][gc,phases      ] GC(246)     Dead                           Min: 0, Avg:  0.0, Max: 0, Diff: 0, Sum: 0, Workers: 4
[4892.174s][debug][gc,phases      ] GC(246)     Total                          Min: 0, Avg: 11924.2, Max: 16017, Diff: 16017, Sum: 47697, Workers: 4
[4892.174s][debug][gc,phases      ] GC(246)   ResolvedMethodTable Weak       Min:  0.0, Avg:  0.0, Max:  0.1, Diff:  0.1, Sum:  0.2, Workers: 4
[4892.174s][debug][gc,phases      ] GC(246)     Dead                           Min: 0, Avg:  0.0, Max: 0, Diff: 0, Sum: 0, Workers: 4
[4892.174s][debug][gc,phases      ] GC(246)     Total                          Min: 0, Avg: 4030.2, Max: 5435, Diff: 5435, Sum: 16121, Workers: 4
[4892.174s][debug][gc,phases      ] GC(246)   JNI Weak                       Min:  0.0, Avg:  0.0, Max:  0.0, Diff:  0.0, Sum:  0.0, Workers: 4
[4892.174s][debug][gc,phases      ] GC(246)     Dead                           Min: 0, Avg:  0.0, Max: 0, Diff: 0, Sum: 0, Workers: 4
[4892.174s][debug][gc,phases      ] GC(246)     Total                          Min: 0, Avg: 13.0, Max: 52, Diff: 52, Sum: 52, Workers: 4
[4892.174s][debug][gc,phases      ] GC(246)   StringDedup Table Weak         Min:  0.0, Avg:  0.0, Max:  0.0, Diff:  0.0, Sum:  0.0, Workers: 4
[4892.174s][debug][gc,phases      ] GC(246)     Dead                           Min: 0, Avg:  0.0, Max: 0, Diff: 0, Sum: 0, Workers: 4
[4892.174s][debug][gc,phases      ] GC(246)     Total                          Min: 0, Avg:  0.0, Max: 0, Diff: 0, Sum: 0, Workers: 4
[4892.174s][debug][gc,phases      ] GC(246)   StringDedup Requests0 Weak     Min:  0.0, Avg:  0.0, Max:  0.0, Diff:  0.0, Sum:  0.0, Workers: 4
[4892.174s][debug][gc,phases      ] GC(246)     Dead                           Min: 0, Avg:  0.0, Max: 0, Diff: 0, Sum: 0, Workers: 4
[4892.174s][debug][gc,phases      ] GC(246)     Total                          Min: 0, Avg:  0.0, Max: 0, Diff: 0, Sum: 0, Workers: 4
[4892.174s][debug][gc,phases      ] GC(246)   StringDedup Requests1 Weak     Min:  0.0, Avg:  0.0, Max:  0.0, Diff:  0.0, Sum:  0.0, Workers: 4
[4892.174s][debug][gc,phases      ] GC(246)     Dead                           Min: 0, Avg:  0.0, Max: 0, Diff: 0, Sum: 0, Workers: 4
[4892.174s][debug][gc,phases      ] GC(246)     Total                          Min: 0, Avg:  0.0, Max: 0, Diff: 0, Sum: 0, Workers: 4
[4892.174s][debug][gc,phases      ] GC(246)   Weak JFR Old Object Samples    Min:  0.0, Avg:  0.0, Max:  0.0, Diff:  0.0, Sum:  0.0, Workers: 4
[4892.174s][debug][gc,phases      ] GC(246)     Dead                           Min: 0, Avg:  0.0, Max: 0, Diff: 0, Sum: 0, Workers: 4
[4892.174s][debug][gc,phases      ] GC(246)     Total                          Min: 0, Avg:  0.0, Max: 0, Diff: 0, Sum: 0, Workers: 4
[4892.174s][debug][gc,phases      ] GC(246) Weak Processing 0.442ms
[4892.174s][debug][gc,age         ] GC(246) Desired survivor size 60817408 bytes, new threshold 1 (max threshold 15)
[4892.174s][info ][gc,heap        ] GC(246) PSYoungGen: 2031696K(2050048K)->44006K(2022400K) Eden: 2004992K(2004992K)->0K(1978368K) From: 26704K(45056K)->44006K(44032K)
[4892.174s][info ][gc,heap        ] GC(246) ParOldGen: 1429442K(1429504K)->1456980K(1457152K)
[4892.174s][info ][gc,metaspace   ] GC(246) Metaspace: 111595K(113024K)->111595K(113024K) NonClass: 95001K(95808K)->95001K(95808K) Class: 16594K(17216K)->16594K(17216K)
[4892.174s][info ][gc             ] GC(246) Pause Young (Allocation Failure) 3380M->1465M(3398M) 30.797ms
[4892.174s][info ][gc,cpu         ] GC(246) User=0.09s Sys=0.02s Real=0.03s
[4892.174s][info ][safepoint      ] Safepoint "ParallelGCFailedAllocation", Time since last: 1581622253 ns, Reaching safepoint: 94501 ns, Cleanup: 4900 ns, At safepoint: 30900318 ns, Total: 30999719 ns
[4894.174s][info ][safepoint      ] Safepoint "Cleanup", Time since last: 2000177406 ns, Reaching safepoint: 6100 ns, Cleanup: 10700 ns, At safepoint: 2400 ns, Total: 19200 ns
[4895.174s][info ][safepoint      ] Safepoint "Cleanup", Time since last: 1000108553 ns, Reaching safepoint: 5400 ns, Cleanup: 13900 ns, At safepoint: 2100 ns, Total: 21400 ns
[4898.174s][info ][safepoint      ] Safepoint "Cleanup", Time since last: 3000234701 ns, Reaching safepoint: 5800 ns, Cleanup: 9100 ns, At safepoint: 2500 ns, Total: 17400 ns
[4899.686s][info ][gc,start       ] GC(247) Pause Young (Allocation Failure)
[4899.714s][debug][gc,phases      ] GC(247) Scavenge 28.675ms
[4899.714s][debug][gc,ref         ] GC(247) Skipped SoftWeakFinalRefsPhase of Reference Processing: no references
[4899.714s][debug][gc,ref         ] GC(247) Skipped KeepAliveFinalRefsPhase of Reference Processing: no references
[4899.714s][debug][gc,ref         ] GC(247) ReferenceProcessor::execute queues: 1, RefProcThreadModel::Single, marks_oops_alive: false
[4899.714s][debug][gc,phases      ] GC(247) Reference Processing 0.092ms
[4899.715s][debug][gc,phases      ] GC(247)   VM Weak                        Min:  0.0, Avg:  0.0, Max:  0.0, Diff:  0.0, Sum:  0.0, Workers: 4
[4899.715s][debug][gc,phases      ] GC(247)     Dead                           Min: 0, Avg:  0.0, Max: 0, Diff: 0, Sum: 0, Workers: 4
[4899.715s][debug][gc,phases      ] GC(247)     Total                          Min: 0, Avg: 277.5, Max: 470, Diff: 470, Sum: 1110, Workers: 4
[4899.715s][debug][gc,phases      ] GC(247)   ObjectSynchronizer Weak        Min:  0.0, Avg:  0.0, Max:  0.0, Diff:  0.0, Sum:  0.0, Workers: 4
[4899.715s][debug][gc,phases      ] GC(247)     Dead                           Min: 0, Avg:  0.0, Max: 0, Diff: 0, Sum: 0, Workers: 4
[4899.715s][debug][gc,phases      ] GC(247)     Total                          Min: 0, Avg:  1.5, Max: 6, Diff: 6, Sum: 6, Workers: 4
[4899.715s][debug][gc,phases      ] GC(247)   JVMTI Tag Weak OopStorage      Min:  0.0, Avg:  0.0, Max:  0.0, Diff:  0.0, Sum:  0.0, Workers: 4
[4899.715s][debug][gc,phases      ] GC(247)     Dead                           Min: 0, Avg:  0.0, Max: 0, Diff: 0, Sum: 0, Workers: 4
[4899.715s][debug][gc,phases      ] GC(247)     Total                          Min: 0, Avg:  0.0, Max: 0, Diff: 0, Sum: 0, Workers: 4
[4899.715s][debug][gc,phases      ] GC(247)   StringTable Weak               Min:  0.1, Avg:  0.1, Max:  0.1, Diff:  0.0, Sum:  0.5, Workers: 4
[4899.715s][debug][gc,phases      ] GC(247)     Dead                           Min: 0, Avg:  0.0, Max: 0, Diff: 0, Sum: 0, Workers: 4
[4899.715s][debug][gc,phases      ] GC(247)     Total                          Min: 11584, Avg: 11924.2, Max: 12160, Diff: 576, Sum: 47697, Workers: 4
[4899.715s][debug][gc,phases      ] GC(247)   ResolvedMethodTable Weak       Min:  0.0, Avg:  0.0, Max:  0.0, Diff:  0.0, Sum:  0.2, Workers: 4
[4899.715s][debug][gc,phases      ] GC(247)     Dead                           Min: 0, Avg:  4.0, Max: 11, Diff: 11, Sum: 16, Workers: 4
[4899.715s][debug][gc,phases      ] GC(247)     Total                          Min: 3908, Avg: 4030.2, Max: 4113, Diff: 205, Sum: 16121, Workers: 4
[4899.715s][debug][gc,phases      ] GC(247)   JNI Weak                       Min:  0.0, Avg:  0.0, Max:  0.0, Diff:  0.0, Sum:  0.0, Workers: 4
[4899.715s][debug][gc,phases      ] GC(247)     Dead                           Min: 0, Avg:  0.0, Max: 0, Diff: 0, Sum: 0, Workers: 4
[4899.715s][debug][gc,phases      ] GC(247)     Total                          Min: 0, Avg: 13.0, Max: 52, Diff: 52, Sum: 52, Workers: 4
[4899.715s][debug][gc,phases      ] GC(247)   StringDedup Table Weak         Min:  0.0, Avg:  0.0, Max:  0.0, Diff:  0.0, Sum:  0.0, Workers: 4
[4899.715s][debug][gc,phases      ] GC(247)     Dead                           Min: 0, Avg:  0.0, Max: 0, Diff: 0, Sum: 0, Workers: 4
[4899.715s][debug][gc,phases      ] GC(247)     Total                          Min: 0, Avg:  0.0, Max: 0, Diff: 0, Sum: 0, Workers: 4
[4899.715s][debug][gc,phases      ] GC(247)   StringDedup Requests0 Weak     Min:  0.0, Avg:  0.0, Max:  0.0, Diff:  0.0, Sum:  0.0, Workers: 4
[4899.715s][debug][gc,phases      ] GC(247)     Dead                           Min: 0, Avg:  0.0, Max: 0, Diff: 0, Sum: 0, Workers: 4
[4899.715s][debug][gc,phases      ] GC(247)     Total                          Min: 0, Avg:  0.0, Max: 0, Diff: 0, Sum: 0, Workers: 4
[4899.715s][debug][gc,phases      ] GC(247)   StringDedup Requests1 Weak     Min:  0.0, Avg:  0.0, Max:  0.0, Diff:  0.0, Sum:  0.0, Workers: 4
[4899.715s][debug][gc,phases      ] GC(247)     Dead                           Min: 0, Avg:  0.0, Max: 0, Diff: 0, Sum: 0, Workers: 4
[4899.715s][debug][gc,phases      ] GC(247)     Total                          Min: 0, Avg:  0.0, Max: 0, Diff: 0, Sum: 0, Workers: 4
[4899.715s][debug][gc,phases      ] GC(247)   Weak JFR Old Object Samples    Min:  0.0, Avg:  0.0, Max:  0.0, Diff:  0.0, Sum:  0.0, Workers: 4
[4899.715s][debug][gc,phases      ] GC(247)     Dead                           Min: 0, Avg:  0.0, Max: 0, Diff: 0, Sum: 0, Workers: 4
[4899.715s][debug][gc,phases      ] GC(247)     Total                          Min: 0, Avg:  0.0, Max: 0, Diff: 0, Sum: 0, Workers: 4
[4899.715s][debug][gc,phases      ] GC(247) Weak Processing 0.330ms
[4899.715s][debug][gc,age         ] GC(247) Desired survivor size 61341696 bytes, new threshold 1 (max threshold 15)
[4899.715s][info ][gc,heap        ] GC(247) PSYoungGen: 2022374K(2022400K)->38816K(2017280K) Eden: 1978368K(1978368K)->0K(1978368K) From: 44006K(44032K)->38816K(38912K)
[4899.715s][info ][gc,heap        ] GC(247) ParOldGen: 1456980K(1457152K)->1493737K(1494016K)
[4899.715s][info ][gc,metaspace   ] GC(247) Metaspace: 111600K(113024K)->111600K(113024K) NonClass: 95005K(95808K)->95005K(95808K) Class: 16594K(17216K)->16594K(17216K)
[4899.715s][info ][gc             ] GC(247) Pause Young (Allocation Failure) 3397M->1496M(3429M) 29.207ms
[4899.715s][info ][gc,cpu         ] GC(247) User=0.09s Sys=0.02s Real=0.03s
[4899.715s][info ][safepoint      ] Safepoint "ParallelGCFailedAllocation", Time since last: 1511192868 ns, Reaching safepoint: 5500 ns, Cleanup: 3100 ns, At safepoint: 29277621 ns, Total: 29286221 ns
[4908.855s][info ][gc,start       ] GC(248) Pause Young (Allocation Failure)
[4908.885s][debug][gc,phases      ] GC(248) Scavenge 30.016ms
[4908.885s][debug][gc,ref         ] GC(248) Skipped SoftWeakFinalRefsPhase of Reference Processing: no references
[4908.885s][debug][gc,ref         ] GC(248) Skipped KeepAliveFinalRefsPhase of Reference Processing: no references
[4908.885s][debug][gc,ref         ] GC(248) ReferenceProcessor::execute queues: 1, RefProcThreadModel::Single, marks_oops_alive: false
[4908.885s][debug][gc,phases      ] GC(248) Reference Processing 0.095ms
[4908.885s][debug][gc,phases      ] GC(248)   VM Weak                        Min:  0.0, Avg:  0.0, Max:  0.0, Diff:  0.0, Sum:  0.0, Workers: 4
[4908.885s][debug][gc,phases      ] GC(248)     Dead                           Min: 0, Avg:  0.0, Max: 0, Diff: 0, Sum: 0, Workers: 4
[4908.885s][debug][gc,phases      ] GC(248)     Total                          Min: 0, Avg: 277.5, Max: 640, Diff: 640, Sum: 1110, Workers: 4
[4908.885s][debug][gc,phases      ] GC(248)   ObjectSynchronizer Weak        Min:  0.0, Avg:  0.0, Max:  0.0, Diff:  0.0, Sum:  0.0, Workers: 4
[4908.885s][debug][gc,phases      ] GC(248)     Dead                           Min: 0, Avg:  0.0, Max: 0, Diff: 0, Sum: 0, Workers: 4
[4908.885s][debug][gc,phases      ] GC(248)     Total                          Min: 0, Avg:  1.5, Max: 6, Diff: 6, Sum: 6, Workers: 4
[4908.885s][debug][gc,phases      ] GC(248)   JVMTI Tag Weak OopStorage      Min:  0.0, Avg:  0.0, Max:  0.0, Diff:  0.0, Sum:  0.0, Workers: 4
[4908.885s][debug][gc,phases      ] GC(248)     Dead                           Min: 0, Avg:  0.0, Max: 0, Diff: 0, Sum: 0, Workers: 4
[4908.885s][debug][gc,phases      ] GC(248)     Total                          Min: 0, Avg:  0.0, Max: 0, Diff: 0, Sum: 0, Workers: 4
[4908.885s][debug][gc,phases      ] GC(248)   StringTable Weak               Min:  0.0, Avg:  0.1, Max:  0.2, Diff:  0.2, Sum:  0.5, Workers: 4
[4908.885s][debug][gc,phases      ] GC(248)     Dead                           Min: 0, Avg:  0.0, Max: 0, Diff: 0, Sum: 0, Workers: 4
[4908.885s][debug][gc,phases      ] GC(248)     Total                          Min: 0, Avg: 11924.2, Max: 17681, Diff: 17681, Sum: 47697, Workers: 4
[4908.885s][debug][gc,phases      ] GC(248)   ResolvedMethodTable Weak       Min:  0.0, Avg:  0.0, Max:  0.1, Diff:  0.1, Sum:  0.2, Workers: 4
[4908.885s][debug][gc,phases      ] GC(248)     Dead                           Min: 0, Avg:  0.0, Max: 0, Diff: 0, Sum: 0, Workers: 4
[4908.885s][debug][gc,phases      ] GC(248)     Total                          Min: 0, Avg: 4030.2, Max: 5504, Diff: 5504, Sum: 16121, Workers: 4
[4908.885s][debug][gc,phases      ] GC(248)   JNI Weak                       Min:  0.0, Avg:  0.0, Max:  0.0, Diff:  0.0, Sum:  0.0, Workers: 4
[4908.885s][debug][gc,phases      ] GC(248)     Dead                           Min: 0, Avg:  0.0, Max: 0, Diff: 0, Sum: 0, Workers: 4
[4908.885s][debug][gc,phases      ] GC(248)     Total                          Min: 0, Avg: 13.0, Max: 52, Diff: 52, Sum: 52, Workers: 4
[4908.885s][debug][gc,phases      ] GC(248)   StringDedup Table Weak         Min:  0.0, Avg:  0.0, Max:  0.0, Diff:  0.0, Sum:  0.0, Workers: 4
[4908.885s][debug][gc,phases      ] GC(248)     Dead                           Min: 0, Avg:  0.0, Max: 0, Diff: 0, Sum: 0, Workers: 4
[4908.885s][debug][gc,phases      ] GC(248)     Total                          Min: 0, Avg:  0.0, Max: 0, Diff: 0, Sum: 0, Workers: 4
[4908.885s][debug][gc,phases      ] GC(248)   StringDedup Requests0 Weak     Min:  0.0, Avg:  0.0, Max:  0.0, Diff:  0.0, Sum:  0.0, Workers: 4
[4908.885s][debug][gc,phases      ] GC(248)     Dead                           Min: 0, Avg:  0.0, Max: 0, Diff: 0, Sum: 0, Workers: 4
[4908.885s][debug][gc,phases      ] GC(248)     Total                          Min: 0, Avg:  0.0, Max: 0, Diff: 0, Sum: 0, Workers: 4
[4908.885s][debug][gc,phases      ] GC(248)   StringDedup Requests1 Weak     Min:  0.0, Avg:  0.0, Max:  0.0, Diff:  0.0, Sum:  0.0, Workers: 4
[4908.885s][debug][gc,phases      ] GC(248)     Dead                           Min: 0, Avg:  0.0, Max: 0, Diff: 0, Sum: 0, Workers: 4
[4908.885s][debug][gc,phases      ] GC(248)     Total                          Min: 0, Avg:  0.0, Max: 0, Diff: 0, Sum: 0, Workers: 4
[4908.885s][debug][gc,phases      ] GC(248)   Weak JFR Old Object Samples    Min:  0.0, Avg:  0.0, Max:  0.0, Diff:  0.0, Sum:  0.0, Workers: 4
[4908.885s][debug][gc,phases      ] GC(248)     Dead                           Min: 0, Avg:  0.0, Max: 0, Diff: 0, Sum: 0, Workers: 4
[4908.885s][debug][gc,phases      ] GC(248)     Total                          Min: 0, Avg:  0.0, Max: 0, Diff: 0, Sum: 0, Workers: 4
[4908.885s][debug][gc,phases      ] GC(248) Weak Processing 0.408ms
[4908.885s][debug][gc,age         ] GC(248) Desired survivor size 60817408 bytes, new threshold 1 (max threshold 15)
[4908.885s][info ][gc,heap        ] GC(248) PSYoungGen: 2017184K(2017280K)->37280K(2037760K) Eden: 1978368K(1978368K)->0K(1977856K) From: 38816K(38912K)->37280K(59904K)
[4908.885s][info ][gc,heap        ] GC(248) ParOldGen: 1493737K(1494016K)->1528669K(1528832K)
[4908.885s][info ][gc,metaspace   ] GC(248) Metaspace: 111600K(113024K)->111600K(113024K) NonClass: 95006K(95808K)->95006K(95808K) Class: 16594K(17216K)->16594K(17216K)
[4908.885s][info ][gc             ] GC(248) Pause Young (Allocation Failure) 3428M->1529M(3483M) 30.648ms
[4908.885s][info ][gc,cpu         ] GC(248) User=0.09s Sys=0.02s Real=0.03s
[4908.885s][info ][safepoint      ] Safepoint "ParallelGCFailedAllocation", Time since last: 9139728537 ns, Reaching safepoint: 6200 ns, Cleanup: 3400 ns, At safepoint: 30721819 ns, Total: 30731419 ns
[4917.311s][info ][gc,start       ] GC(249) Pause Young (Allocation Failure)
[4917.340s][debug][gc,phases      ] GC(249) Scavenge 28.547ms
[4917.340s][debug][gc,ref         ] GC(249) Skipped SoftWeakFinalRefsPhase of Reference Processing: no references
[4917.340s][debug][gc,ref         ] GC(249) Skipped KeepAliveFinalRefsPhase of Reference Processing: no references
[4917.340s][debug][gc,ref         ] GC(249) Skipped PhantomRefsPhase of Reference Processing: no references
[4917.340s][debug][gc,phases      ] GC(249) Reference Processing 0.031ms
[4917.340s][debug][gc,phases      ] GC(249)   VM Weak                        Min:  0.0, Avg:  0.0, Max:  0.0, Diff:  0.0, Sum:  0.0, Workers: 4
[4917.340s][debug][gc,phases      ] GC(249)     Dead                           Min: 0, Avg:  0.0, Max: 0, Diff: 0, Sum: 0, Workers: 4
[4917.340s][debug][gc,phases      ] GC(249)     Total                          Min: 0, Avg: 277.5, Max: 832, Diff: 832, Sum: 1110, Workers: 4
[4917.340s][debug][gc,phases      ] GC(249)   ObjectSynchronizer Weak        Min:  0.0, Avg:  0.0, Max:  0.0, Diff:  0.0, Sum:  0.0, Workers: 4
[4917.340s][debug][gc,phases      ] GC(249)     Dead                           Min: 0, Avg:  0.0, Max: 0, Diff: 0, Sum: 0, Workers: 4
[4917.340s][debug][gc,phases      ] GC(249)     Total                          Min: 0, Avg:  1.5, Max: 6, Diff: 6, Sum: 6, Workers: 4
[4917.340s][debug][gc,phases      ] GC(249)   JVMTI Tag Weak OopStorage      Min:  0.0, Avg:  0.0, Max:  0.0, Diff:  0.0, Sum:  0.0, Workers: 4
[4917.340s][debug][gc,phases      ] GC(249)     Dead                           Min: 0, Avg:  0.0, Max: 0, Diff: 0, Sum: 0, Workers: 4
[4917.340s][debug][gc,phases      ] GC(249)     Total                          Min: 0, Avg:  0.0, Max: 0, Diff: 0, Sum: 0, Workers: 4
[4917.340s][debug][gc,phases      ] GC(249)   StringTable Weak               Min:  0.0, Avg:  0.1, Max:  0.1, Diff:  0.1, Sum:  0.4, Workers: 4
[4917.340s][debug][gc,phases      ] GC(249)     Dead                           Min: 0, Avg:  0.0, Max: 0, Diff: 0, Sum: 0, Workers: 4
[4917.340s][debug][gc,phases      ] GC(249)     Total                          Min: 0, Avg: 11924.2, Max: 20625, Diff: 20625, Sum: 47697, Workers: 4
[4917.340s][debug][gc,phases      ] GC(249)   ResolvedMethodTable Weak       Min:  0.0, Avg:  0.0, Max:  0.1, Diff:  0.1, Sum:  0.2, Workers: 4
[4917.340s][debug][gc,phases      ] GC(249)     Dead                           Min: 0, Avg:  0.0, Max: 0, Diff: 0, Sum: 0, Workers: 4
[4917.340s][debug][gc,phases      ] GC(249)     Total                          Min: 0, Avg: 4030.2, Max: 5599, Diff: 5599, Sum: 16121, Workers: 4
[4917.340s][debug][gc,phases      ] GC(249)   JNI Weak                       Min:  0.0, Avg:  0.0, Max:  0.0, Diff:  0.0, Sum:  0.0, Workers: 4
[4917.340s][debug][gc,phases      ] GC(249)     Dead                           Min: 0, Avg:  0.0, Max: 0, Diff: 0, Sum: 0, Workers: 4
[4917.340s][debug][gc,phases      ] GC(249)     Total                          Min: 0, Avg: 13.0, Max: 52, Diff: 52, Sum: 52, Workers: 4
[4917.340s][debug][gc,phases      ] GC(249)   StringDedup Table Weak         Min:  0.0, Avg:  0.0, Max:  0.0, Diff:  0.0, Sum:  0.0, Workers: 4
[4917.340s][debug][gc,phases      ] GC(249)     Dead                           Min: 0, Avg:  0.0, Max: 0, Diff: 0, Sum: 0, Workers: 4
[4917.340s][debug][gc,phases      ] GC(249)     Total                          Min: 0, Avg:  0.0, Max: 0, Diff: 0, Sum: 0, Workers: 4
[4917.340s][debug][gc,phases      ] GC(249)   StringDedup Requests0 Weak     Min:  0.0, Avg:  0.0, Max:  0.0, Diff:  0.0, Sum:  0.0, Workers: 4
[4917.340s][debug][gc,phases      ] GC(249)     Dead                           Min: 0, Avg:  0.0, Max: 0, Diff: 0, Sum: 0, Workers: 4
[4917.340s][debug][gc,phases      ] GC(249)     Total                          Min: 0, Avg:  0.0, Max: 0, Diff: 0, Sum: 0, Workers: 4
[4917.340s][debug][gc,phases      ] GC(249)   StringDedup Requests1 Weak     Min:  0.0, Avg:  0.0, Max:  0.0, Diff:  0.0, Sum:  0.0, Workers: 4
[4917.340s][debug][gc,phases      ] GC(249)     Dead                           Min: 0, Avg:  0.0, Max: 0, Diff: 0, Sum: 0, Workers: 4
[4917.340s][debug][gc,phases      ] GC(249)     Total                          Min: 0, Avg:  0.0, Max: 0, Diff: 0, Sum: 0, Workers: 4
[4917.340s][debug][gc,phases      ] GC(249)   Weak JFR Old Object Samples    Min:  0.0, Avg:  0.0, Max:  0.0, Diff:  0.0, Sum:  0.0, Workers: 4
[4917.340s][debug][gc,phases      ] GC(249)     Dead                           Min: 0, Avg:  0.0, Max: 0, Diff: 0, Sum: 0, Workers: 4
[4917.340s][debug][gc,phases      ] GC(249)     Total                          Min: 0, Avg:  0.0, Max: 0, Diff: 0, Sum: 0, Workers: 4
[4917.340s][debug][gc,phases      ] GC(249) Weak Processing 0.381ms
[4917.340s][debug][gc,age         ] GC(249) Desired survivor size 58720256 bytes, new threshold 1 (max threshold 15)
[4917.340s][info ][gc,heap        ] GC(249) PSYoungGen: 2015136K(2037760K)->28640K(2037248K) Eden: 1977856K(1977856K)->0K(1977856K) From: 37280K(59904K)->28640K(59392K)
[4917.340s][info ][gc,heap        ] GC(249) ParOldGen: 1528669K(1528832K)->1561268K(1561600K)
[4917.340s][info ][gc,metaspace   ] GC(249) Metaspace: 111605K(113024K)->111605K(113024K) NonClass: 95010K(95808K)->95010K(95808K) Class: 16594K(17216K)->16594K(17216K)
[4917.340s][info ][gc             ] GC(249) Pause Young (Allocation Failure) 3460M->1552M(3514M) 29.083ms
[4917.340s][info ][gc,cpu         ] GC(249) User=0.07s Sys=0.02s Real=0.03s
[4917.340s][info ][safepoint      ] Safepoint "ParallelGCFailedAllocation", Time since last: 8425848511 ns, Reaching safepoint: 75301 ns, Cleanup: 3600 ns, At safepoint: 29157807 ns, Total: 29236708 ns
[4918.341s][info ][safepoint      ] Safepoint "Cleanup", Time since last: 1000089609 ns, Reaching safepoint: 79200 ns, Cleanup: 8400 ns, At safepoint: 8500 ns, Total: 96100 ns
[4925.005s][info ][safepoint      ] Safepoint "Cleanup", Time since last: 6663967567 ns, Reaching safepoint: 76400 ns, Cleanup: 7800 ns, At safepoint: 7800 ns, Total: 92000 ns
[4925.362s][info ][gc,start       ] GC(250) Pause Young (Allocation Failure)
[4925.388s][debug][gc,phases      ] GC(250) Scavenge 25.480ms
[4925.388s][debug][gc,ref         ] GC(250) ReferenceProcessor::execute queues: 1, RefProcThreadModel::Single, marks_oops_alive: false
[4925.388s][debug][gc,ref         ] GC(250) Skipped KeepAliveFinalRefsPhase of Reference Processing: no references
[4925.388s][debug][gc,ref         ] GC(250) Skipped PhantomRefsPhase of Reference Processing: no references
[4925.388s][debug][gc,phases      ] GC(250) Reference Processing 0.090ms
[4925.388s][debug][gc,phases      ] GC(250)   VM Weak                        Min:  0.0, Avg:  0.1, Max:  0.3, Diff:  0.3, Sum:  0.3, Workers: 4
[4925.388s][debug][gc,phases      ] GC(250)     Dead                           Min: 0, Avg:  0.0, Max: 0, Diff: 0, Sum: 0, Workers: 4
[4925.388s][debug][gc,phases      ] GC(250)     Total                          Min: 0, Avg: 277.5, Max: 726, Diff: 726, Sum: 1110, Workers: 4
[4925.388s][debug][gc,phases      ] GC(250)   ObjectSynchronizer Weak        Min:  0.0, Avg:  0.0, Max:  0.0, Diff:  0.0, Sum:  0.0, Workers: 4
[4925.388s][debug][gc,phases      ] GC(250)     Dead                           Min: 0, Avg:  0.0, Max: 0, Diff: 0, Sum: 0, Workers: 4
[4925.388s][debug][gc,phases      ] GC(250)     Total                          Min: 0, Avg:  1.2, Max: 5, Diff: 5, Sum: 5, Workers: 4
[4925.388s][debug][gc,phases      ] GC(250)   JVMTI Tag Weak OopStorage      Min:  0.0, Avg:  0.0, Max:  0.0, Diff:  0.0, Sum:  0.0, Workers: 4
[4925.388s][debug][gc,phases      ] GC(250)     Dead                           Min: 0, Avg:  0.0, Max: 0, Diff: 0, Sum: 0, Workers: 4
[4925.388s][debug][gc,phases      ] GC(250)     Total                          Min: 0, Avg:  0.0, Max: 0, Diff: 0, Sum: 0, Workers: 4
[4925.389s][debug][gc,phases      ] GC(250)   StringTable Weak               Min:  0.0, Avg:  0.1, Max:  0.2, Diff:  0.2, Sum:  0.4, Workers: 4
[4925.389s][debug][gc,phases      ] GC(250)     Dead                           Min: 0, Avg:  0.0, Max: 0, Diff: 0, Sum: 0, Workers: 4
[4925.389s][debug][gc,phases      ] GC(250)     Total                          Min: 0, Avg: 11924.2, Max: 28800, Diff: 28800, Sum: 47697, Workers: 4
[4925.389s][debug][gc,phases      ] GC(250)   ResolvedMethodTable Weak       Min:  0.0, Avg:  0.0, Max:  0.1, Diff:  0.1, Sum:  0.2, Workers: 4
[4925.389s][debug][gc,phases      ] GC(250)     Dead                           Min: 0, Avg:  4.0, Max: 14, Diff: 14, Sum: 16, Workers: 4
[4925.389s][debug][gc,phases      ] GC(250)     Total                          Min: 0, Avg: 4030.2, Max: 8182, Diff: 8182, Sum: 16121, Workers: 4
[4925.389s][debug][gc,phases      ] GC(250)   JNI Weak                       Min:  0.0, Avg:  0.0, Max:  0.0, Diff:  0.0, Sum:  0.0, Workers: 4
[4925.389s][debug][gc,phases      ] GC(250)     Dead                           Min: 0, Avg:  0.0, Max: 0, Diff: 0, Sum: 0, Workers: 4
[4925.389s][debug][gc,phases      ] GC(250)     Total                          Min: 0, Avg: 13.0, Max: 52, Diff: 52, Sum: 52, Workers: 4
[4925.389s][debug][gc,phases      ] GC(250)   StringDedup Table Weak         Min:  0.0, Avg:  0.0, Max:  0.0, Diff:  0.0, Sum:  0.0, Workers: 4
[4925.389s][debug][gc,phases      ] GC(250)     Dead                           Min: 0, Avg:  0.0, Max: 0, Diff: 0, Sum: 0, Workers: 4
[4925.389s][debug][gc,phases      ] GC(250)     Total                          Min: 0, Avg:  0.0, Max: 0, Diff: 0, Sum: 0, Workers: 4
[4925.389s][debug][gc,phases      ] GC(250)   StringDedup Requests0 Weak     Min:  0.0, Avg:  0.0, Max:  0.0, Diff:  0.0, Sum:  0.0, Workers: 4
[4925.389s][debug][gc,phases      ] GC(250)     Dead                           Min: 0, Avg:  0.0, Max: 0, Diff: 0, Sum: 0, Workers: 4
[4925.389s][debug][gc,phases      ] GC(250)     Total                          Min: 0, Avg:  0.0, Max: 0, Diff: 0, Sum: 0, Workers: 4
[4925.389s][debug][gc,phases      ] GC(250)   StringDedup Requests1 Weak     Min:  0.0, Avg:  0.0, Max:  0.0, Diff:  0.0, Sum:  0.0, Workers: 4
[4925.389s][debug][gc,phases      ] GC(250)     Dead                           Min: 0, Avg:  0.0, Max: 0, Diff: 0, Sum: 0, Workers: 4
[4925.389s][debug][gc,phases      ] GC(250)     Total                          Min: 0, Avg:  0.0, Max: 0, Diff: 0, Sum: 0, Workers: 4
[4925.389s][debug][gc,phases      ] GC(250)   Weak JFR Old Object Samples    Min:  0.0, Avg:  0.0, Max:  0.0, Diff:  0.0, Sum:  0.0, Workers: 4
[4925.389s][debug][gc,phases      ] GC(250)     Dead                           Min: 0, Avg:  0.0, Max: 0, Diff: 0, Sum: 0, Workers: 4
[4925.389s][debug][gc,phases      ] GC(250)     Total                          Min: 0, Avg:  0.0, Max: 0, Diff: 0, Sum: 0, Workers: 4
[4925.389s][debug][gc,phases      ] GC(250) Weak Processing 0.605ms
[4925.389s][debug][gc,age         ] GC(250) Desired survivor size 56098816 bytes, new threshold 1 (max threshold 15)
[4925.389s][info ][gc,heap        ] GC(250) PSYoungGen: 2006496K(2037248K)->32128K(2042368K) Eden: 1977856K(1977856K)->0K(1985024K) From: 28640K(59392K)->32128K(57344K)
[4925.389s][info ][gc,heap        ] GC(250) ParOldGen: 1561268K(1561600K)->1585457K(1585664K)
[4925.389s][info ][gc,metaspace   ] GC(250) Metaspace: 111606K(113024K)->111606K(113024K) NonClass: 95011K(95808K)->95011K(95808K) Class: 16594K(17216K)->16594K(17216K)
[4925.389s][info ][gc             ] GC(250) Pause Young (Allocation Failure) 3484M->1579M(3543M) 26.308ms
[4925.389s][info ][gc,cpu         ] GC(250) User=0.07s Sys=0.01s Real=0.02s
[4925.389s][info ][safepoint      ] Safepoint "ParallelGCFailedAllocation", Time since last: 357656035 ns, Reaching safepoint: 81800 ns, Cleanup: 3700 ns, At safepoint: 26399187 ns, Total: 26484687 ns
[4928.389s][info ][safepoint      ] Safepoint "Cleanup", Time since last: 3000190459 ns, Reaching safepoint: 5601 ns, Cleanup: 9200 ns, At safepoint: 2100 ns, Total: 16901 ns
[4933.389s][info ][safepoint      ] Safepoint "Cleanup", Time since last: 5000371902 ns, Reaching safepoint: 6800 ns, Cleanup: 7800 ns, At safepoint: 2500 ns, Total: 17100 ns
[4937.663s][info ][gc,start       ] GC(251) Pause Young (Allocation Failure)
[4937.691s][debug][gc,phases      ] GC(251) Scavenge 27.875ms
[4937.691s][debug][gc,ref         ] GC(251) Skipped SoftWeakFinalRefsPhase of Reference Processing: no references
[4937.691s][debug][gc,ref         ] GC(251) Skipped KeepAliveFinalRefsPhase of Reference Processing: no references
[4937.691s][debug][gc,ref         ] GC(251) ReferenceProcessor::execute queues: 1, RefProcThreadModel::Single, marks_oops_alive: false
[4937.691s][debug][gc,phases      ] GC(251) Reference Processing 0.115ms
[4937.692s][debug][gc,phases      ] GC(251)   VM Weak                        Min:  0.0, Avg:  0.0, Max:  0.0, Diff:  0.0, Sum:  0.0, Workers: 4
[4937.692s][debug][gc,phases      ] GC(251)     Dead                           Min: 0, Avg:  0.0, Max: 0, Diff: 0, Sum: 0, Workers: 4
[4937.692s][debug][gc,phases      ] GC(251)     Total                          Min: 0, Avg: 277.5, Max: 662, Diff: 662, Sum: 1110, Workers: 4
[4937.692s][debug][gc,phases      ] GC(251)   ObjectSynchronizer Weak        Min:  0.0, Avg:  0.0, Max:  0.0, Diff:  0.0, Sum:  0.0, Workers: 4
[4937.692s][debug][gc,phases      ] GC(251)     Dead                           Min: 0, Avg:  0.0, Max: 0, Diff: 0, Sum: 0, Workers: 4
[4937.692s][debug][gc,phases      ] GC(251)     Total                          Min: 0, Avg:  1.2, Max: 5, Diff: 5, Sum: 5, Workers: 4
[4937.692s][debug][gc,phases      ] GC(251)   JVMTI Tag Weak OopStorage      Min:  0.0, Avg:  0.0, Max:  0.0, Diff:  0.0, Sum:  0.0, Workers: 4
[4937.692s][debug][gc,phases      ] GC(251)     Dead                           Min: 0, Avg:  0.0, Max: 0, Diff: 0, Sum: 0, Workers: 4
[4937.692s][debug][gc,phases      ] GC(251)     Total                          Min: 0, Avg:  0.0, Max: 0, Diff: 0, Sum: 0, Workers: 4
[4937.692s][debug][gc,phases      ] GC(251)   StringTable Weak               Min:  0.0, Avg:  0.1, Max:  0.2, Diff:  0.2, Sum:  0.5, Workers: 4
[4937.692s][debug][gc,phases      ] GC(251)     Dead                           Min: 0, Avg:  0.0, Max: 0, Diff: 0, Sum: 0, Workers: 4
[4937.692s][debug][gc,phases      ] GC(251)     Total                          Min: 0, Avg: 11925.2, Max: 16128, Diff: 16128, Sum: 47701, Workers: 4
[4937.692s][debug][gc,phases      ] GC(251)   ResolvedMethodTable Weak       Min:  0.0, Avg:  0.0, Max:  0.1, Diff:  0.1, Sum:  0.2, Workers: 4
[4937.692s][debug][gc,phases      ] GC(251)     Dead                           Min: 0, Avg:  0.0, Max: 0, Diff: 0, Sum: 0, Workers: 4
[4937.692s][debug][gc,phases      ] GC(251)     Total                          Min: 0, Avg: 4030.2, Max: 5779, Diff: 5779, Sum: 16121, Workers: 4
[4937.692s][debug][gc,phases      ] GC(251)   JNI Weak                       Min:  0.0, Avg:  0.0, Max:  0.0, Diff:  0.0, Sum:  0.0, Workers: 4
[4937.692s][debug][gc,phases      ] GC(251)     Dead                           Min: 0, Avg:  0.0, Max: 0, Diff: 0, Sum: 0, Workers: 4
[4937.692s][debug][gc,phases      ] GC(251)     Total                          Min: 0, Avg: 13.0, Max: 52, Diff: 52, Sum: 52, Workers: 4
[4937.692s][debug][gc,phases      ] GC(251)   StringDedup Table Weak         Min:  0.0, Avg:  0.0, Max:  0.0, Diff:  0.0, Sum:  0.0, Workers: 4
[4937.692s][debug][gc,phases      ] GC(251)     Dead                           Min: 0, Avg:  0.0, Max: 0, Diff: 0, Sum: 0, Workers: 4
[4937.692s][debug][gc,phases      ] GC(251)     Total                          Min: 0, Avg:  0.0, Max: 0, Diff: 0, Sum: 0, Workers: 4
[4937.692s][debug][gc,phases      ] GC(251)   StringDedup Requests0 Weak     Min:  0.0, Avg:  0.0, Max:  0.0, Diff:  0.0, Sum:  0.0, Workers: 4
[4937.692s][debug][gc,phases      ] GC(251)     Dead                           Min: 0, Avg:  0.0, Max: 0, Diff: 0, Sum: 0, Workers: 4
[4937.692s][debug][gc,phases      ] GC(251)     Total                          Min: 0, Avg:  0.0, Max: 0, Diff: 0, Sum: 0, Workers: 4
[4937.692s][debug][gc,phases      ] GC(251)   StringDedup Requests1 Weak     Min:  0.0, Avg:  0.0, Max:  0.0, Diff:  0.0, Sum:  0.0, Workers: 4
[4937.692s][debug][gc,phases      ] GC(251)     Dead                           Min: 0, Avg:  0.0, Max: 0, Diff: 0, Sum: 0, Workers: 4
[4937.692s][debug][gc,phases      ] GC(251)     Total                          Min: 0, Avg:  0.0, Max: 0, Diff: 0, Sum: 0, Workers: 4
[4937.692s][debug][gc,phases      ] GC(251)   Weak JFR Old Object Samples    Min:  0.0, Avg:  0.0, Max:  0.0, Diff:  0.0, Sum:  0.0, Workers: 4
[4937.692s][debug][gc,phases      ] GC(251)     Dead                           Min: 0, Avg:  0.0, Max: 0, Diff: 0, Sum: 0, Workers: 4
[4937.692s][debug][gc,phases      ] GC(251)     Total                          Min: 0, Avg:  0.0, Max: 0, Diff: 0, Sum: 0, Workers: 4
[4937.692s][debug][gc,phases      ] GC(251) Weak Processing 0.397ms
[4937.692s][debug][gc,age         ] GC(251) Desired survivor size 54525952 bytes, new threshold 1 (max threshold 15)
[4937.692s][info ][gc,heap        ] GC(251) PSYoungGen: 2017152K(2042368K)->26112K(2039808K) Eden: 1985024K(1985024K)->0K(1985024K) From: 32128K(57344K)->26112K(54784K)
[4937.692s][info ][gc,heap        ] GC(251) ParOldGen: 1585457K(1585664K)->1612217K(1612288K)
[4937.692s][info ][gc,metaspace   ] GC(251) Metaspace: 111606K(113024K)->111606K(113024K) NonClass: 95012K(95808K)->95012K(95808K) Class: 16594K(17216K)->16594K(17216K)
[4937.692s][info ][gc             ] GC(251) Pause Young (Allocation Failure) 3518M->1599M(3566M) 28.505ms
[4937.692s][info ][gc,cpu         ] GC(251) User=0.08s Sys=0.01s Real=0.03s
[4937.692s][info ][safepoint      ] Safepoint "ParallelGCFailedAllocation", Time since last: 4273485897 ns, Reaching safepoint: 384003 ns, Cleanup: 4000 ns, At safepoint: 28577903 ns, Total: 28965906 ns
[4943.692s][info ][safepoint      ] Safepoint "Cleanup", Time since last: 6000426479 ns, Reaching safepoint: 5700 ns, Cleanup: 13200 ns, At safepoint: 2500 ns, Total: 21400 ns
[4947.693s][info ][safepoint      ] Safepoint "Cleanup", Time since last: 4000315924 ns, Reaching safepoint: 8000 ns, Cleanup: 19600 ns, At safepoint: 2200 ns, Total: 29800 ns
[4967.694s][info ][safepoint      ] Safepoint "Cleanup", Time since last: 20001460777 ns, Reaching safepoint: 6200 ns, Cleanup: 10600 ns, At safepoint: 2500 ns, Total: 19300 ns
[4984.511s][info ][gc,start       ] GC(252) Pause Young (Allocation Failure)
[4984.527s][debug][gc,phases      ] GC(252) Scavenge 16.265ms
[4984.527s][debug][gc,ref         ] GC(252) ReferenceProcessor::execute queues: 1, RefProcThreadModel::Single, marks_oops_alive: false
[4984.527s][debug][gc,ref         ] GC(252) Skipped KeepAliveFinalRefsPhase of Reference Processing: no references
[4984.527s][debug][gc,ref         ] GC(252) ReferenceProcessor::execute queues: 1, RefProcThreadModel::Single, marks_oops_alive: false
[4984.527s][debug][gc,phases      ] GC(252) Reference Processing 0.098ms
[4984.527s][debug][gc,phases      ] GC(252)   VM Weak                        Min:  0.0, Avg:  0.0, Max:  0.0, Diff:  0.0, Sum:  0.0, Workers: 4
[4984.527s][debug][gc,phases      ] GC(252)     Dead                           Min: 0, Avg:  0.0, Max: 0, Diff: 0, Sum: 0, Workers: 4
[4984.527s][debug][gc,phases      ] GC(252)     Total                          Min: 0, Avg: 277.8, Max: 832, Diff: 832, Sum: 1111, Workers: 4
[4984.527s][debug][gc,phases      ] GC(252)   ObjectSynchronizer Weak        Min:  0.0, Avg:  0.0, Max:  0.0, Diff:  0.0, Sum:  0.0, Workers: 4
[4984.527s][debug][gc,phases      ] GC(252)     Dead                           Min: 0, Avg:  0.0, Max: 0, Diff: 0, Sum: 0, Workers: 4
[4984.527s][debug][gc,phases      ] GC(252)     Total                          Min: 0, Avg:  0.8, Max: 3, Diff: 3, Sum: 3, Workers: 4
[4984.527s][debug][gc,phases      ] GC(252)   JVMTI Tag Weak OopStorage      Min:  0.0, Avg:  0.0, Max:  0.0, Diff:  0.0, Sum:  0.0, Workers: 4
[4984.527s][debug][gc,phases      ] GC(252)     Dead                           Min: 0, Avg:  0.0, Max: 0, Diff: 0, Sum: 0, Workers: 4
[4984.527s][debug][gc,phases      ] GC(252)     Total                          Min: 0, Avg:  0.0, Max: 0, Diff: 0, Sum: 0, Workers: 4
[4984.527s][debug][gc,phases      ] GC(252)   StringTable Weak               Min:  0.0, Avg:  0.1, Max:  0.1, Diff:  0.1, Sum:  0.4, Workers: 4
[4984.527s][debug][gc,phases      ] GC(252)     Dead                           Min: 0, Avg:  0.2, Max: 1, Diff: 1, Sum: 1, Workers: 4
[4984.527s][debug][gc,phases      ] GC(252)     Total                          Min: 0, Avg: 11927.5, Max: 20639, Diff: 20639, Sum: 47710, Workers: 4
[4984.527s][debug][gc,phases      ] GC(252)   ResolvedMethodTable Weak       Min:  0.0, Avg:  0.0, Max:  0.0, Diff:  0.0, Sum:  0.1, Workers: 4
[4984.527s][debug][gc,phases      ] GC(252)     Dead                           Min: 0, Avg:  4.2, Max: 9, Diff: 9, Sum: 17, Workers: 4
[4984.527s][debug][gc,phases      ] GC(252)     Total                          Min: 0, Avg: 4032.5, Max: 6830, Diff: 6830, Sum: 16130, Workers: 4
[4984.527s][debug][gc,phases      ] GC(252)   JNI Weak                       Min:  0.0, Avg:  0.0, Max:  0.0, Diff:  0.0, Sum:  0.0, Workers: 4
[4984.527s][debug][gc,phases      ] GC(252)     Dead                           Min: 0, Avg:  0.0, Max: 0, Diff: 0, Sum: 0, Workers: 4
[4984.527s][debug][gc,phases      ] GC(252)     Total                          Min: 0, Avg: 13.0, Max: 52, Diff: 52, Sum: 52, Workers: 4
[4984.527s][debug][gc,phases      ] GC(252)   StringDedup Table Weak         Min:  0.0, Avg:  0.0, Max:  0.0, Diff:  0.0, Sum:  0.0, Workers: 4
[4984.527s][debug][gc,phases      ] GC(252)     Dead                           Min: 0, Avg:  0.0, Max: 0, Diff: 0, Sum: 0, Workers: 4
[4984.527s][debug][gc,phases      ] GC(252)     Total                          Min: 0, Avg:  0.0, Max: 0, Diff: 0, Sum: 0, Workers: 4
[4984.527s][debug][gc,phases      ] GC(252)   StringDedup Requests0 Weak     Min:  0.0, Avg:  0.0, Max:  0.0, Diff:  0.0, Sum:  0.0, Workers: 4
[4984.527s][debug][gc,phases      ] GC(252)     Dead                           Min: 0, Avg:  0.0, Max: 0, Diff: 0, Sum: 0, Workers: 4
[4984.527s][debug][gc,phases      ] GC(252)     Total                          Min: 0, Avg:  0.0, Max: 0, Diff: 0, Sum: 0, Workers: 4
[4984.527s][debug][gc,phases      ] GC(252)   StringDedup Requests1 Weak     Min:  0.0, Avg:  0.0, Max:  0.0, Diff:  0.0, Sum:  0.0, Workers: 4
[4984.527s][debug][gc,phases      ] GC(252)     Dead                           Min: 0, Avg:  0.0, Max: 0, Diff: 0, Sum: 0, Workers: 4
[4984.527s][debug][gc,phases      ] GC(252)     Total                          Min: 0, Avg:  0.0, Max: 0, Diff: 0, Sum: 0, Workers: 4
[4984.527s][debug][gc,phases      ] GC(252)   Weak JFR Old Object Samples    Min:  0.0, Avg:  0.0, Max:  0.0, Diff:  0.0, Sum:  0.0, Workers: 4
[4984.527s][debug][gc,phases      ] GC(252)     Dead                           Min: 0, Avg:  0.0, Max: 0, Diff: 0, Sum: 0, Workers: 4
[4984.527s][debug][gc,phases      ] GC(252)     Total                          Min: 0, Avg:  0.0, Max: 0, Diff: 0, Sum: 0, Workers: 4
[4984.527s][debug][gc,phases      ] GC(252) Weak Processing 0.367ms
[4984.527s][debug][gc,age         ] GC(252) Desired survivor size 56623104 bytes, new threshold 1 (max threshold 15)
[4984.528s][info ][gc,heap        ] GC(252) PSYoungGen: 2011136K(2039808K)->4736K(2039808K) Eden: 1985024K(1985024K)->0K(1986560K) From: 26112K(54784K)->4736K(53248K)
[4984.528s][info ][gc,heap        ] GC(252) ParOldGen: 1612217K(1612288K)->1634427K(1634816K)
[4984.528s][info ][gc,metaspace   ] GC(252) Metaspace: 111671K(113088K)->111671K(113088K) NonClass: 95067K(95872K)->95067K(95872K) Class: 16604K(17216K)->16604K(17216K)
[4984.528s][info ][gc             ] GC(252) Pause Young (Allocation Failure) 3538M->1600M(3588M) 16.847ms
[4984.528s][info ][gc,cpu         ] GC(252) User=0.04s Sys=0.01s Real=0.01s
[4984.528s][info ][safepoint      ] Safepoint "ParallelGCFailedAllocation", Time since last: 16816495983 ns, Reaching safepoint: 80901 ns, Cleanup: 3600 ns, At safepoint: 16914615 ns, Total: 16999116 ns
[5012.532s][info ][safepoint      ] Safepoint "Cleanup", Time since last: 28004298510 ns, Reaching safepoint: 83801 ns, Cleanup: 7200 ns, At safepoint: 13200 ns, Total: 104201 ns
[5015.861s][info ][gc,start       ] GC(253) Pause Young (Allocation Failure)
[5015.873s][debug][gc,phases      ] GC(253) Scavenge 11.791ms
[5015.873s][debug][gc,ref         ] GC(253) ReferenceProcessor::execute queues: 1, RefProcThreadModel::Single, marks_oops_alive: false
[5015.873s][debug][gc,ref         ] GC(253) Skipped KeepAliveFinalRefsPhase of Reference Processing: no references
[5015.873s][debug][gc,ref         ] GC(253) ReferenceProcessor::execute queues: 1, RefProcThreadModel::Single, marks_oops_alive: false
[5015.873s][debug][gc,phases      ] GC(253) Reference Processing 0.109ms
[5015.874s][debug][gc,phases      ] GC(253)   VM Weak                        Min:  0.0, Avg:  0.0, Max:  0.0, Diff:  0.0, Sum:  0.0, Workers: 4
[5015.874s][debug][gc,phases      ] GC(253)     Dead                           Min: 0, Avg:  0.0, Max: 0, Diff: 0, Sum: 0, Workers: 4
[5015.874s][debug][gc,phases      ] GC(253)     Total                          Min: 0, Avg: 277.8, Max: 640, Diff: 640, Sum: 1111, Workers: 4
[5015.874s][debug][gc,phases      ] GC(253)   ObjectSynchronizer Weak        Min:  0.0, Avg:  0.0, Max:  0.0, Diff:  0.0, Sum:  0.0, Workers: 4
[5015.874s][debug][gc,phases      ] GC(253)     Dead                           Min: 0, Avg:  0.0, Max: 0, Diff: 0, Sum: 0, Workers: 4
[5015.874s][debug][gc,phases      ] GC(253)     Total                          Min: 0, Avg:  1.0, Max: 4, Diff: 4, Sum: 4, Workers: 4
[5015.874s][debug][gc,phases      ] GC(253)   JVMTI Tag Weak OopStorage      Min:  0.0, Avg:  0.0, Max:  0.0, Diff:  0.0, Sum:  0.0, Workers: 4
[5015.874s][debug][gc,phases      ] GC(253)     Dead                           Min: 0, Avg:  0.0, Max: 0, Diff: 0, Sum: 0, Workers: 4
[5015.874s][debug][gc,phases      ] GC(253)     Total                          Min: 0, Avg:  0.0, Max: 0, Diff: 0, Sum: 0, Workers: 4
[5015.874s][debug][gc,phases      ] GC(253)   StringTable Weak               Min:  0.0, Avg:  0.1, Max:  0.2, Diff:  0.2, Sum:  0.5, Workers: 4
[5015.874s][debug][gc,phases      ] GC(253)     Dead                           Min: 0, Avg:  0.0, Max: 0, Diff: 0, Sum: 0, Workers: 4
[5015.874s][debug][gc,phases      ] GC(253)     Total                          Min: 0, Avg: 11927.5, Max: 16191, Diff: 16191, Sum: 47710, Workers: 4
[5015.874s][debug][gc,phases      ] GC(253)   ResolvedMethodTable Weak       Min:  0.0, Avg:  0.0, Max:  0.1, Diff:  0.1, Sum:  0.2, Workers: 4
[5015.874s][debug][gc,phases      ] GC(253)     Dead                           Min: 0, Avg:  4.0, Max: 8, Diff: 8, Sum: 16, Workers: 4
[5015.874s][debug][gc,phases      ] GC(253)     Total                          Min: 0, Avg: 4032.5, Max: 5586, Diff: 5586, Sum: 16130, Workers: 4
[5015.874s][debug][gc,phases      ] GC(253)   JNI Weak                       Min:  0.0, Avg:  0.0, Max:  0.0, Diff:  0.0, Sum:  0.0, Workers: 4
[5015.874s][debug][gc,phases      ] GC(253)     Dead                           Min: 0, Avg:  0.0, Max: 0, Diff: 0, Sum: 0, Workers: 4
[5015.874s][debug][gc,phases      ] GC(253)     Total                          Min: 0, Avg: 13.0, Max: 52, Diff: 52, Sum: 52, Workers: 4
[5015.874s][debug][gc,phases      ] GC(253)   StringDedup Table Weak         Min:  0.0, Avg:  0.0, Max:  0.0, Diff:  0.0, Sum:  0.0, Workers: 4
[5015.874s][debug][gc,phases      ] GC(253)     Dead                           Min: 0, Avg:  0.0, Max: 0, Diff: 0, Sum: 0, Workers: 4
[5015.874s][debug][gc,phases      ] GC(253)     Total                          Min: 0, Avg:  0.0, Max: 0, Diff: 0, Sum: 0, Workers: 4
[5015.874s][debug][gc,phases      ] GC(253)   StringDedup Requests0 Weak     Min:  0.0, Avg:  0.0, Max:  0.0, Diff:  0.0, Sum:  0.0, Workers: 4
[5015.874s][debug][gc,phases      ] GC(253)     Dead                           Min: 0, Avg:  0.0, Max: 0, Diff: 0, Sum: 0, Workers: 4
[5015.874s][debug][gc,phases      ] GC(253)     Total                          Min: 0, Avg:  0.0, Max: 0, Diff: 0, Sum: 0, Workers: 4
[5015.874s][debug][gc,phases      ] GC(253)   StringDedup Requests1 Weak     Min:  0.0, Avg:  0.0, Max:  0.0, Diff:  0.0, Sum:  0.0, Workers: 4
[5015.874s][debug][gc,phases      ] GC(253)     Dead                           Min: 0, Avg:  0.0, Max: 0, Diff: 0, Sum: 0, Workers: 4
[5015.874s][debug][gc,phases      ] GC(253)     Total                          Min: 0, Avg:  0.0, Max: 0, Diff: 0, Sum: 0, Workers: 4
[5015.874s][debug][gc,phases      ] GC(253)   Weak JFR Old Object Samples    Min:  0.0, Avg:  0.0, Max:  0.0, Diff:  0.0, Sum:  0.0, Workers: 4
[5015.874s][debug][gc,phases      ] GC(253)     Dead                           Min: 0, Avg:  0.0, Max: 0, Diff: 0, Sum: 0, Workers: 4
[5015.874s][debug][gc,phases      ] GC(253)     Total                          Min: 0, Avg:  0.0, Max: 0, Diff: 0, Sum: 0, Workers: 4
[5015.874s][debug][gc,phases      ] GC(253) Weak Processing 0.379ms
[5015.874s][debug][gc,age         ] GC(253) Desired survivor size 55574528 bytes, new threshold 1 (max threshold 15)
[5015.874s][info ][gc,heap        ] GC(253) PSYoungGen: 1991296K(2039808K)->19552K(2041856K) Eden: 1986560K(1986560K)->0K(1986560K) From: 4736K(53248K)->19552K(55296K)
[5015.874s][info ][gc,heap        ] GC(253) ParOldGen: 1634427K(1634816K)->1636219K(1636352K)
[5015.874s][info ][gc,metaspace   ] GC(253) Metaspace: 111675K(113088K)->111675K(113088K) NonClass: 95071K(95872K)->95071K(95872K) Class: 16604K(17216K)->16604K(17216K)
[5015.874s][info ][gc             ] GC(253) Pause Young (Allocation Failure) 3540M->1616M(3592M) 12.434ms
[5015.874s][info ][gc,cpu         ] GC(253) User=0.04s Sys=0.00s Real=0.01s
[5015.874s][info ][safepoint      ] Safepoint "ParallelGCFailedAllocation", Time since last: 3329387063 ns, Reaching safepoint: 81801 ns, Cleanup: 3700 ns, At safepoint: 12516886 ns, Total: 12602387 ns
[5023.876s][info ][safepoint      ] Safepoint "Cleanup", Time since last: 8001722342 ns, Reaching safepoint: 5401 ns, Cleanup: 9900 ns, At safepoint: 2500 ns, Total: 17801 ns
[5025.614s][info ][safepoint      ] Safepoint "ParallelGCFailedAllocation", Time since last: 1737836386 ns, Reaching safepoint: 4901 ns, Cleanup: 3500 ns, At safepoint: 50800 ns, Total: 59201 ns
[5025.614s][info ][gc,start       ] GC(254) Pause Young (GCLocker Initiated GC)
[5025.634s][debug][gc,phases      ] GC(254) Scavenge 19.808ms
[5025.634s][debug][gc,ref         ] GC(254) Skipped SoftWeakFinalRefsPhase of Reference Processing: no references
[5025.634s][debug][gc,ref         ] GC(254) Skipped KeepAliveFinalRefsPhase of Reference Processing: no references
[5025.634s][debug][gc,ref         ] GC(254) ReferenceProcessor::execute queues: 1, RefProcThreadModel::Single, marks_oops_alive: false
[5025.634s][debug][gc,phases      ] GC(254) Reference Processing 0.092ms
[5025.634s][debug][gc,phases      ] GC(254)   VM Weak                        Min:  0.0, Avg:  0.0, Max:  0.0, Diff:  0.0, Sum:  0.0, Workers: 4
[5025.634s][debug][gc,phases      ] GC(254)     Dead                           Min: 0, Avg:  0.0, Max: 0, Diff: 0, Sum: 0, Workers: 4
[5025.634s][debug][gc,phases      ] GC(254)     Total                          Min: 0, Avg: 277.8, Max: 704, Diff: 704, Sum: 1111, Workers: 4
[5025.634s][debug][gc,phases      ] GC(254)   ObjectSynchronizer Weak        Min:  0.0, Avg:  0.0, Max:  0.0, Diff:  0.0, Sum:  0.0, Workers: 4
[5025.634s][debug][gc,phases      ] GC(254)     Dead                           Min: 0, Avg:  0.0, Max: 0, Diff: 0, Sum: 0, Workers: 4
[5025.634s][debug][gc,phases      ] GC(254)     Total                          Min: 0, Avg:  1.5, Max: 6, Diff: 6, Sum: 6, Workers: 4
[5025.634s][debug][gc,phases      ] GC(254)   JVMTI Tag Weak OopStorage      Min:  0.0, Avg:  0.0, Max:  0.0, Diff:  0.0, Sum:  0.0, Workers: 4
[5025.634s][debug][gc,phases      ] GC(254)     Dead                           Min: 0, Avg:  0.0, Max: 0, Diff: 0, Sum: 0, Workers: 4
[5025.634s][debug][gc,phases      ] GC(254)     Total                          Min: 0, Avg:  0.0, Max: 0, Diff: 0, Sum: 0, Workers: 4
[5025.634s][debug][gc,phases      ] GC(254)   StringTable Weak               Min:  0.1, Avg:  0.1, Max:  0.1, Diff:  0.0, Sum:  0.5, Workers: 4
[5025.634s][debug][gc,phases      ] GC(254)     Dead                           Min: 0, Avg:  0.0, Max: 0, Diff: 0, Sum: 0, Workers: 4
[5025.634s][debug][gc,phases      ] GC(254)     Total                          Min: 11584, Avg: 11927.5, Max: 12416, Diff: 832, Sum: 47710, Workers: 4
[5025.634s][debug][gc,phases      ] GC(254)   ResolvedMethodTable Weak       Min:  0.0, Avg:  0.0, Max:  0.0, Diff:  0.0, Sum:  0.2, Workers: 4
[5025.634s][debug][gc,phases      ] GC(254)     Dead                           Min: 0, Avg:  4.0, Max: 9, Diff: 9, Sum: 16, Workers: 4
[5025.634s][debug][gc,phases      ] GC(254)     Total                          Min: 3883, Avg: 4032.5, Max: 4278, Diff: 395, Sum: 16130, Workers: 4
[5025.634s][debug][gc,phases      ] GC(254)   JNI Weak                       Min:  0.0, Avg:  0.0, Max:  0.0, Diff:  0.0, Sum:  0.0, Workers: 4
[5025.634s][debug][gc,phases      ] GC(254)     Dead                           Min: 0, Avg:  0.0, Max: 0, Diff: 0, Sum: 0, Workers: 4
[5025.634s][debug][gc,phases      ] GC(254)     Total                          Min: 0, Avg: 13.0, Max: 52, Diff: 52, Sum: 52, Workers: 4
[5025.634s][debug][gc,phases      ] GC(254)   StringDedup Table Weak         Min:  0.0, Avg:  0.0, Max:  0.0, Diff:  0.0, Sum:  0.0, Workers: 4
[5025.634s][debug][gc,phases      ] GC(254)     Dead                           Min: 0, Avg:  0.0, Max: 0, Diff: 0, Sum: 0, Workers: 4
[5025.634s][debug][gc,phases      ] GC(254)     Total                          Min: 0, Avg:  0.0, Max: 0, Diff: 0, Sum: 0, Workers: 4
[5025.634s][debug][gc,phases      ] GC(254)   StringDedup Requests0 Weak     Min:  0.0, Avg:  0.0, Max:  0.0, Diff:  0.0, Sum:  0.0, Workers: 4
[5025.634s][debug][gc,phases      ] GC(254)     Dead                           Min: 0, Avg:  0.0, Max: 0, Diff: 0, Sum: 0, Workers: 4
[5025.634s][debug][gc,phases      ] GC(254)     Total                          Min: 0, Avg:  0.0, Max: 0, Diff: 0, Sum: 0, Workers: 4
[5025.634s][debug][gc,phases      ] GC(254)   StringDedup Requests1 Weak     Min:  0.0, Avg:  0.0, Max:  0.0, Diff:  0.0, Sum:  0.0, Workers: 4
[5025.634s][debug][gc,phases      ] GC(254)     Dead                           Min: 0, Avg:  0.0, Max: 0, Diff: 0, Sum: 0, Workers: 4
[5025.634s][debug][gc,phases      ] GC(254)     Total                          Min: 0, Avg:  0.0, Max: 0, Diff: 0, Sum: 0, Workers: 4
[5025.634s][debug][gc,phases      ] GC(254)   Weak JFR Old Object Samples    Min:  0.0, Avg:  0.0, Max:  0.0, Diff:  0.0, Sum:  0.0, Workers: 4
[5025.634s][debug][gc,phases      ] GC(254)     Dead                           Min: 0, Avg:  0.0, Max: 0, Diff: 0, Sum: 0, Workers: 4
[5025.634s][debug][gc,phases      ] GC(254)     Total                          Min: 0, Avg:  0.0, Max: 0, Diff: 0, Sum: 0, Workers: 4
[5025.634s][debug][gc,phases      ] GC(254) Weak Processing 0.332ms
[5025.635s][debug][gc,age         ] GC(254) Desired survivor size 52953088 bytes, new threshold 1 (max threshold 15)
[5025.635s][info ][gc,heap        ] GC(254) PSYoungGen: 2005809K(2041856K)->28037K(2045440K) Eden: 1986257K(1986560K)->0K(1991168K) From: 19552K(55296K)->28037K(54272K)
[5025.635s][info ][gc,heap        ] GC(254) ParOldGen: 1637243K(1637888K)->1651840K(1652224K)
[5025.635s][info ][gc,metaspace   ] GC(254) Metaspace: 111679K(113088K)->111679K(113088K) NonClass: 95075K(95872K)->95075K(95872K) Class: 16604K(17216K)->16604K(17216K)
[5025.635s][info ][gc             ] GC(254) Pause Young (GCLocker Initiated GC) 3557M->1640M(3611M) 20.334ms
[5025.635s][info ][gc,cpu         ] GC(254) User=0.06s Sys=0.01s Real=0.02s
[5025.635s][info ][safepoint      ] Safepoint "ParallelGCSystemGC", Time since last: 302701 ns, Reaching safepoint: 281802 ns, Cleanup: 1600 ns, At safepoint: 20409010 ns, Total: 20692412 ns
[5028.635s][info ][safepoint      ] Safepoint "Cleanup", Time since last: 3000231968 ns, Reaching safepoint: 6300 ns, Cleanup: 8600 ns, At safepoint: 3000 ns, Total: 17900 ns
[5033.635s][info ][safepoint      ] Safepoint "Cleanup", Time since last: 5000403364 ns, Reaching safepoint: 6300 ns, Cleanup: 11600 ns, At safepoint: 2900 ns, Total: 20800 ns
[5034.445s][info ][gc,start       ] GC(255) Pause Young (Allocation Failure)
[5034.466s][debug][gc,phases      ] GC(255) Scavenge 21.602ms
[5034.466s][debug][gc,ref         ] GC(255) Skipped SoftWeakFinalRefsPhase of Reference Processing: no references
[5034.466s][debug][gc,ref         ] GC(255) Skipped KeepAliveFinalRefsPhase of Reference Processing: no references
[5034.466s][debug][gc,ref         ] GC(255) ReferenceProcessor::execute queues: 1, RefProcThreadModel::Single, marks_oops_alive: false
[5034.466s][debug][gc,phases      ] GC(255) Reference Processing 0.102ms
[5034.467s][debug][gc,phases      ] GC(255)   VM Weak                        Min:  0.0, Avg:  0.0, Max:  0.0, Diff:  0.0, Sum:  0.0, Workers: 4
[5034.467s][debug][gc,phases      ] GC(255)     Dead                           Min: 0, Avg:  0.0, Max: 0, Diff: 0, Sum: 0, Workers: 4
[5034.467s][debug][gc,phases      ] GC(255)     Total                          Min: 0, Avg: 277.8, Max: 576, Diff: 576, Sum: 1111, Workers: 4
[5034.467s][debug][gc,phases      ] GC(255)   ObjectSynchronizer Weak        Min:  0.0, Avg:  0.0, Max:  0.0, Diff:  0.0, Sum:  0.0, Workers: 4
[5034.467s][debug][gc,phases      ] GC(255)     Dead                           Min: 0, Avg:  0.0, Max: 0, Diff: 0, Sum: 0, Workers: 4
[5034.467s][debug][gc,phases      ] GC(255)     Total                          Min: 0, Avg:  1.5, Max: 6, Diff: 6, Sum: 6, Workers: 4
[5034.467s][debug][gc,phases      ] GC(255)   JVMTI Tag Weak OopStorage      Min:  0.0, Avg:  0.0, Max:  0.0, Diff:  0.0, Sum:  0.0, Workers: 4
[5034.467s][debug][gc,phases      ] GC(255)     Dead                           Min: 0, Avg:  0.0, Max: 0, Diff: 0, Sum: 0, Workers: 4
[5034.467s][debug][gc,phases      ] GC(255)     Total                          Min: 0, Avg:  0.0, Max: 0, Diff: 0, Sum: 0, Workers: 4
[5034.467s][debug][gc,phases      ] GC(255)   StringTable Weak               Min:  0.0, Avg:  0.1, Max:  0.1, Diff:  0.1, Sum:  0.4, Workers: 4
[5034.467s][debug][gc,phases      ] GC(255)     Dead                           Min: 0, Avg:  0.0, Max: 0, Diff: 0, Sum: 0, Workers: 4
[5034.467s][debug][gc,phases      ] GC(255)     Total                          Min: 0, Avg: 11927.5, Max: 20799, Diff: 20799, Sum: 47710, Workers: 4
[5034.467s][debug][gc,phases      ] GC(255)   ResolvedMethodTable Weak       Min:  0.0, Avg:  0.0, Max:  0.0, Diff:  0.0, Sum:  0.1, Workers: 4
[5034.467s][debug][gc,phases      ] GC(255)     Dead                           Min: 0, Avg:  0.0, Max: 0, Diff: 0, Sum: 0, Workers: 4
[5034.467s][debug][gc,phases      ] GC(255)     Total                          Min: 0, Avg: 4032.5, Max: 6963, Diff: 6963, Sum: 16130, Workers: 4
[5034.467s][debug][gc,phases      ] GC(255)   JNI Weak                       Min:  0.0, Avg:  0.0, Max:  0.0, Diff:  0.0, Sum:  0.0, Workers: 4
[5034.467s][debug][gc,phases      ] GC(255)     Dead                           Min: 0, Avg:  0.0, Max: 0, Diff: 0, Sum: 0, Workers: 4
[5034.467s][debug][gc,phases      ] GC(255)     Total                          Min: 0, Avg: 13.0, Max: 52, Diff: 52, Sum: 52, Workers: 4
[5034.467s][debug][gc,phases      ] GC(255)   StringDedup Table Weak         Min:  0.0, Avg:  0.0, Max:  0.0, Diff:  0.0, Sum:  0.0, Workers: 4
[5034.467s][debug][gc,phases      ] GC(255)     Dead                           Min: 0, Avg:  0.0, Max: 0, Diff: 0, Sum: 0, Workers: 4
[5034.467s][debug][gc,phases      ] GC(255)     Total                          Min: 0, Avg:  0.0, Max: 0, Diff: 0, Sum: 0, Workers: 4
[5034.467s][debug][gc,phases      ] GC(255)   StringDedup Requests0 Weak     Min:  0.0, Avg:  0.0, Max:  0.0, Diff:  0.0, Sum:  0.0, Workers: 4
[5034.467s][debug][gc,phases      ] GC(255)     Dead                           Min: 0, Avg:  0.0, Max: 0, Diff: 0, Sum: 0, Workers: 4
[5034.467s][debug][gc,phases      ] GC(255)     Total                          Min: 0, Avg:  0.0, Max: 0, Diff: 0, Sum: 0, Workers: 4
[5034.467s][debug][gc,phases      ] GC(255)   StringDedup Requests1 Weak     Min:  0.0, Avg:  0.0, Max:  0.0, Diff:  0.0, Sum:  0.0, Workers: 4
[5034.467s][debug][gc,phases      ] GC(255)     Dead                           Min: 0, Avg:  0.0, Max: 0, Diff: 0, Sum: 0, Workers: 4
[5034.467s][debug][gc,phases      ] GC(255)     Total                          Min: 0, Avg:  0.0, Max: 0, Diff: 0, Sum: 0, Workers: 4
[5034.467s][debug][gc,phases      ] GC(255)   Weak JFR Old Object Samples    Min:  0.0, Avg:  0.0, Max:  0.0, Diff:  0.0, Sum:  0.0, Workers: 4
[5034.467s][debug][gc,phases      ] GC(255)     Dead                           Min: 0, Avg:  0.0, Max: 0, Diff: 0, Sum: 0, Workers: 4
[5034.467s][debug][gc,phases      ] GC(255)     Total                          Min: 0, Avg:  0.0, Max: 0, Diff: 0, Sum: 0, Workers: 4
[5034.467s][debug][gc,phases      ] GC(255) Weak Processing 0.367ms
[5034.467s][debug][gc,age         ] GC(255) Desired survivor size 50855936 bytes, new threshold 1 (max threshold 15)
[5034.467s][info ][gc,heap        ] GC(255) PSYoungGen: 2019205K(2045440K)->27360K(2042880K) Eden: 1991168K(1991168K)->0K(1991168K) From: 28037K(54272K)->27360K(51712K)
[5034.467s][info ][gc,heap        ] GC(255) ParOldGen: 1651842K(1652224K)->1675091K(1675264K)
[5034.467s][info ][gc,metaspace   ] GC(255) Metaspace: 111686K(113088K)->111686K(113088K) NonClass: 95081K(95872K)->95081K(95872K) Class: 16604K(17216K)->16604K(17216K)
[5034.467s][info ][gc             ] GC(255) Pause Young (Allocation Failure) 3585M->1662M(3631M) 22.195ms
[5034.467s][info ][gc,cpu         ] GC(255) User=0.07s Sys=0.01s Real=0.02s
[5034.467s][info ][safepoint      ] Safepoint "ParallelGCFailedAllocation", Time since last: 809324933 ns, Reaching safepoint: 83301 ns, Cleanup: 3600 ns, At safepoint: 22274030 ns, Total: 22360931 ns
[5035.467s][info ][safepoint      ] Safepoint "Cleanup", Time since last: 1000090749 ns, Reaching safepoint: 76100 ns, Cleanup: 8400 ns, At safepoint: 6200 ns, Total: 90700 ns
[5036.467s][info ][safepoint      ] Safepoint "Cleanup", Time since last: 1000092149 ns, Reaching safepoint: 5900 ns, Cleanup: 12000 ns, At safepoint: 2900 ns, Total: 20800 ns
[5037.467s][info ][safepoint      ] Safepoint "Cleanup", Time since last: 1000099848 ns, Reaching safepoint: 84701 ns, Cleanup: 10600 ns, At safepoint: 12800 ns, Total: 108101 ns
[5038.468s][info ][safepoint      ] Safepoint "Cleanup", Time since last: 1000107748 ns, Reaching safepoint: 5101 ns, Cleanup: 29400 ns, At safepoint: 2400 ns, Total: 36901 ns
[5042.485s][info ][gc,start       ] GC(256) Pause Young (Allocation Failure)
[5042.508s][debug][gc,phases      ] GC(256) Scavenge 23.599ms
[5042.508s][debug][gc,ref         ] GC(256) ReferenceProcessor::execute queues: 1, RefProcThreadModel::Single, marks_oops_alive: false
[5042.508s][debug][gc,ref         ] GC(256) Skipped KeepAliveFinalRefsPhase of Reference Processing: no references
[5042.508s][debug][gc,ref         ] GC(256) ReferenceProcessor::execute queues: 1, RefProcThreadModel::Single, marks_oops_alive: false
[5042.508s][debug][gc,phases      ] GC(256) Reference Processing 0.098ms
[5042.509s][debug][gc,phases      ] GC(256)   VM Weak                        Min:  0.0, Avg:  0.0, Max:  0.0, Diff:  0.0, Sum:  0.0, Workers: 4
[5042.509s][debug][gc,phases      ] GC(256)     Dead                           Min: 0, Avg:  0.0, Max: 0, Diff: 0, Sum: 0, Workers: 4
[5042.509s][debug][gc,phases      ] GC(256)     Total                          Min: 0, Avg: 277.8, Max: 855, Diff: 855, Sum: 1111, Workers: 4
[5042.509s][debug][gc,phases      ] GC(256)   ObjectSynchronizer Weak        Min:  0.0, Avg:  0.0, Max:  0.0, Diff:  0.0, Sum:  0.0, Workers: 4
[5042.509s][debug][gc,phases      ] GC(256)     Dead                           Min: 0, Avg:  0.0, Max: 0, Diff: 0, Sum: 0, Workers: 4
[5042.509s][debug][gc,phases      ] GC(256)     Total                          Min: 0, Avg:  1.0, Max: 4, Diff: 4, Sum: 4, Workers: 4
[5042.509s][debug][gc,phases      ] GC(256)   JVMTI Tag Weak OopStorage      Min:  0.0, Avg:  0.0, Max:  0.0, Diff:  0.0, Sum:  0.0, Workers: 4
[5042.509s][debug][gc,phases      ] GC(256)     Dead                           Min: 0, Avg:  0.0, Max: 0, Diff: 0, Sum: 0, Workers: 4
[5042.509s][debug][gc,phases      ] GC(256)     Total                          Min: 0, Avg:  0.0, Max: 0, Diff: 0, Sum: 0, Workers: 4
[5042.509s][debug][gc,phases      ] GC(256)   StringTable Weak               Min:  0.0, Avg:  0.1, Max:  0.1, Diff:  0.1, Sum:  0.4, Workers: 4
[5042.509s][debug][gc,phases      ] GC(256)     Dead                           Min: 0, Avg:  0.2, Max: 1, Diff: 1, Sum: 1, Workers: 4
[5042.509s][debug][gc,phases      ] GC(256)     Total                          Min: 0, Avg: 11928.5, Max: 20451, Diff: 20451, Sum: 47714, Workers: 4
[5042.509s][debug][gc,phases      ] GC(256)   ResolvedMethodTable Weak       Min:  0.0, Avg:  0.0, Max:  0.0, Diff:  0.0, Sum:  0.1, Workers: 4
[5042.509s][debug][gc,phases      ] GC(256)     Dead                           Min: 0, Avg:  0.5, Max: 1, Diff: 1, Sum: 2, Workers: 4
[5042.509s][debug][gc,phases      ] GC(256)     Total                          Min: 0, Avg: 4034.2, Max: 6888, Diff: 6888, Sum: 16137, Workers: 4
[5042.509s][debug][gc,phases      ] GC(256)   JNI Weak                       Min:  0.0, Avg:  0.0, Max:  0.0, Diff:  0.0, Sum:  0.0, Workers: 4
[5042.509s][debug][gc,phases      ] GC(256)     Dead                           Min: 0, Avg:  0.0, Max: 0, Diff: 0, Sum: 0, Workers: 4
[5042.509s][debug][gc,phases      ] GC(256)     Total                          Min: 0, Avg: 13.0, Max: 52, Diff: 52, Sum: 52, Workers: 4
[5042.509s][debug][gc,phases      ] GC(256)   StringDedup Table Weak         Min:  0.0, Avg:  0.0, Max:  0.0, Diff:  0.0, Sum:  0.0, Workers: 4
[5042.509s][debug][gc,phases      ] GC(256)     Dead                           Min: 0, Avg:  0.0, Max: 0, Diff: 0, Sum: 0, Workers: 4
[5042.509s][debug][gc,phases      ] GC(256)     Total                          Min: 0, Avg:  0.0, Max: 0, Diff: 0, Sum: 0, Workers: 4
[5042.509s][debug][gc,phases      ] GC(256)   StringDedup Requests0 Weak     Min:  0.0, Avg:  0.0, Max:  0.0, Diff:  0.0, Sum:  0.0, Workers: 4
[5042.509s][debug][gc,phases      ] GC(256)     Dead                           Min: 0, Avg:  0.0, Max: 0, Diff: 0, Sum: 0, Workers: 4
[5042.509s][debug][gc,phases      ] GC(256)     Total                          Min: 0, Avg:  0.0, Max: 0, Diff: 0, Sum: 0, Workers: 4
[5042.509s][debug][gc,phases      ] GC(256)   StringDedup Requests1 Weak     Min:  0.0, Avg:  0.0, Max:  0.0, Diff:  0.0, Sum:  0.0, Workers: 4
[5042.509s][debug][gc,phases      ] GC(256)     Dead                           Min: 0, Avg:  0.0, Max: 0, Diff: 0, Sum: 0, Workers: 4
[5042.509s][debug][gc,phases      ] GC(256)     Total                          Min: 0, Avg:  0.0, Max: 0, Diff: 0, Sum: 0, Workers: 4
[5042.509s][debug][gc,phases      ] GC(256)   Weak JFR Old Object Samples    Min:  0.0, Avg:  0.0, Max:  0.0, Diff:  0.0, Sum:  0.0, Workers: 4
[5042.509s][debug][gc,phases      ] GC(256)     Dead                           Min: 0, Avg:  0.0, Max: 0, Diff: 0, Sum: 0, Workers: 4
[5042.509s][debug][gc,phases      ] GC(256)     Total                          Min: 0, Avg:  0.0, Max: 0, Diff: 0, Sum: 0, Workers: 4
[5042.509s][debug][gc,phases      ] GC(256) Weak Processing 0.354ms
[5042.509s][debug][gc,age         ] GC(256) Desired survivor size 52428800 bytes, new threshold 1 (max threshold 15)
[5042.509s][info ][gc,heap        ] GC(256) PSYoungGen: 2018528K(2042880K)->37230K(2044416K) Eden: 1991168K(1991168K)->0K(1994752K) From: 27360K(51712K)->37230K(49664K)
[5042.509s][info ][gc,heap        ] GC(256) ParOldGen: 1675091K(1675264K)->1714000K(1714176K)
[5042.509s][info ][gc,metaspace   ] GC(256) Metaspace: 111714K(113152K)->111714K(113152K) NonClass: 95108K(95936K)->95108K(95936K) Class: 16606K(17216K)->16606K(17216K)
[5042.509s][info ][gc             ] GC(256) Pause Young (Allocation Failure) 3607M->1710M(3670M) 24.180ms
[5042.509s][info ][gc,cpu         ] GC(256) User=0.07s Sys=0.01s Real=0.02s
[5042.509s][info ][safepoint      ] Safepoint "ParallelGCFailedAllocation", Time since last: 4016803124 ns, Reaching safepoint: 82701 ns, Cleanup: 10900 ns, At safepoint: 24258265 ns, Total: 24351866 ns
[5043.509s][info ][safepoint      ] Safepoint "Cleanup", Time since last: 1000088094 ns, Reaching safepoint: 18800 ns, Cleanup: 11200 ns, At safepoint: 2700 ns, Total: 32700 ns
[5044.509s][info ][safepoint      ] Safepoint "Cleanup", Time since last: 1000107295 ns, Reaching safepoint: 6400 ns, Cleanup: 14000 ns, At safepoint: 2900 ns, Total: 23300 ns
[5047.512s][info ][safepoint      ] Safepoint "Cleanup", Time since last: 3003183603 ns, Reaching safepoint: 84301 ns, Cleanup: 9000 ns, At safepoint: 21200 ns, Total: 114501 ns
[5048.512s][info ][safepoint      ] Safepoint "Cleanup", Time since last: 1000107094 ns, Reaching safepoint: 76001 ns, Cleanup: 8000 ns, At safepoint: 5000 ns, Total: 89001 ns
[5050.513s][info ][safepoint      ] Safepoint "Cleanup", Time since last: 2000180350 ns, Reaching safepoint: 78401 ns, Cleanup: 19500 ns, At safepoint: 6100 ns, Total: 104001 ns
[5051.513s][info ][safepoint      ] Safepoint "Cleanup", Time since last: 1000102271 ns, Reaching safepoint: 77101 ns, Cleanup: 8000 ns, At safepoint: 6000 ns, Total: 91101 ns
[5052.513s][info ][safepoint      ] Safepoint "Cleanup", Time since last: 1000105771 ns, Reaching safepoint: 79401 ns, Cleanup: 12700 ns, At safepoint: 6900 ns, Total: 99001 ns
[5054.513s][info ][safepoint      ] Safepoint "Cleanup", Time since last: 2000188542 ns, Reaching safepoint: 81201 ns, Cleanup: 9300 ns, At safepoint: 7100 ns, Total: 97601 ns
[5055.463s][info ][gc,start       ] GC(257) Pause Young (Allocation Failure)
[5055.487s][debug][gc,phases      ] GC(257) Scavenge 24.712ms
[5055.487s][debug][gc,ref         ] GC(257) Skipped SoftWeakFinalRefsPhase of Reference Processing: no references
[5055.487s][debug][gc,ref         ] GC(257) Skipped KeepAliveFinalRefsPhase of Reference Processing: no references
[5055.487s][debug][gc,ref         ] GC(257) ReferenceProcessor::execute queues: 1, RefProcThreadModel::Single, marks_oops_alive: false
[5055.487s][debug][gc,phases      ] GC(257) Reference Processing 0.090ms
[5055.488s][debug][gc,phases      ] GC(257)   VM Weak                        Min:  0.0, Avg:  0.0, Max:  0.0, Diff:  0.0, Sum:  0.0, Workers: 4
[5055.488s][debug][gc,phases      ] GC(257)     Dead                           Min: 0, Avg:  0.0, Max: 0, Diff: 0, Sum: 0, Workers: 4
[5055.488s][debug][gc,phases      ] GC(257)     Total                          Min: 0, Avg: 277.8, Max: 704, Diff: 704, Sum: 1111, Workers: 4
[5055.488s][debug][gc,phases      ] GC(257)   ObjectSynchronizer Weak        Min:  0.0, Avg:  0.0, Max:  0.0, Diff:  0.0, Sum:  0.0, Workers: 4
[5055.488s][debug][gc,phases      ] GC(257)     Dead                           Min: 0, Avg:  0.0, Max: 0, Diff: 0, Sum: 0, Workers: 4
[5055.488s][debug][gc,phases      ] GC(257)     Total                          Min: 0, Avg:  1.5, Max: 6, Diff: 6, Sum: 6, Workers: 4
[5055.488s][debug][gc,phases      ] GC(257)   JVMTI Tag Weak OopStorage      Min:  0.0, Avg:  0.0, Max:  0.0, Diff:  0.0, Sum:  0.0, Workers: 4
[5055.488s][debug][gc,phases      ] GC(257)     Dead                           Min: 0, Avg:  0.0, Max: 0, Diff: 0, Sum: 0, Workers: 4
[5055.488s][debug][gc,phases      ] GC(257)     Total                          Min: 0, Avg:  0.0, Max: 0, Diff: 0, Sum: 0, Workers: 4
[5055.488s][debug][gc,phases      ] GC(257)   StringTable Weak               Min:  0.0, Avg:  0.1, Max:  0.1, Diff:  0.1, Sum:  0.4, Workers: 4
[5055.488s][debug][gc,phases      ] GC(257)     Dead                           Min: 0, Avg:  0.0, Max: 0, Diff: 0, Sum: 0, Workers: 4
[5055.488s][debug][gc,phases      ] GC(257)     Total                          Min: 0, Avg: 11928.5, Max: 20479, Diff: 20479, Sum: 47714, Workers: 4
[5055.488s][debug][gc,phases      ] GC(257)   ResolvedMethodTable Weak       Min:  0.0, Avg:  0.0, Max:  0.0, Diff:  0.0, Sum:  0.1, Workers: 4
[5055.488s][debug][gc,phases      ] GC(257)     Dead                           Min: 0, Avg:  4.0, Max: 12, Diff: 12, Sum: 16, Workers: 4
[5055.488s][debug][gc,phases      ] GC(257)     Total                          Min: 0, Avg: 4034.2, Max: 6903, Diff: 6903, Sum: 16137, Workers: 4
[5055.488s][debug][gc,phases      ] GC(257)   JNI Weak                       Min:  0.0, Avg:  0.0, Max:  0.0, Diff:  0.0, Sum:  0.0, Workers: 4
[5055.488s][debug][gc,phases      ] GC(257)     Dead                           Min: 0, Avg:  0.0, Max: 0, Diff: 0, Sum: 0, Workers: 4
[5055.488s][debug][gc,phases      ] GC(257)     Total                          Min: 0, Avg: 13.0, Max: 52, Diff: 52, Sum: 52, Workers: 4
[5055.488s][debug][gc,phases      ] GC(257)   StringDedup Table Weak         Min:  0.0, Avg:  0.0, Max:  0.0, Diff:  0.0, Sum:  0.0, Workers: 4
[5055.488s][debug][gc,phases      ] GC(257)     Dead                           Min: 0, Avg:  0.0, Max: 0, Diff: 0, Sum: 0, Workers: 4
[5055.488s][debug][gc,phases      ] GC(257)     Total                          Min: 0, Avg:  0.0, Max: 0, Diff: 0, Sum: 0, Workers: 4
[5055.488s][debug][gc,phases      ] GC(257)   StringDedup Requests0 Weak     Min:  0.0, Avg:  0.0, Max:  0.0, Diff:  0.0, Sum:  0.0, Workers: 4
[5055.488s][debug][gc,phases      ] GC(257)     Dead                           Min: 0, Avg:  0.0, Max: 0, Diff: 0, Sum: 0, Workers: 4
[5055.488s][debug][gc,phases      ] GC(257)     Total                          Min: 0, Avg:  0.0, Max: 0, Diff: 0, Sum: 0, Workers: 4
[5055.488s][debug][gc,phases      ] GC(257)   StringDedup Requests1 Weak     Min:  0.0, Avg:  0.0, Max:  0.0, Diff:  0.0, Sum:  0.0, Workers: 4
[5055.488s][debug][gc,phases      ] GC(257)     Dead                           Min: 0, Avg:  0.0, Max: 0, Diff: 0, Sum: 0, Workers: 4
[5055.488s][debug][gc,phases      ] GC(257)     Total                          Min: 0, Avg:  0.0, Max: 0, Diff: 0, Sum: 0, Workers: 4
[5055.488s][debug][gc,phases      ] GC(257)   Weak JFR Old Object Samples    Min:  0.0, Avg:  0.0, Max:  0.0, Diff:  0.0, Sum:  0.0, Workers: 4
[5055.488s][debug][gc,phases      ] GC(257)     Dead                           Min: 0, Avg:  0.0, Max: 0, Diff: 0, Sum: 0, Workers: 4
[5055.488s][debug][gc,phases      ] GC(257)     Total                          Min: 0, Avg:  0.0, Max: 0, Diff: 0, Sum: 0, Workers: 4
[5055.488s][debug][gc,phases      ] GC(257) Weak Processing 0.348ms
[5055.488s][debug][gc,age         ] GC(257) Desired survivor size 50855936 bytes, new threshold 1 (max threshold 15)
[5055.488s][info ][gc,heap        ] GC(257) PSYoungGen: 2031982K(2044416K)->23168K(2045952K) Eden: 1994752K(1994752K)->0K(1994752K) From: 37230K(49664K)->23168K(51200K)
[5055.488s][info ][gc,heap        ] GC(257) ParOldGen: 1714000K(1714176K)->1746676K(1746944K)
[5055.488s][info ][gc,metaspace   ] GC(257) Metaspace: 111726K(113152K)->111726K(113152K) NonClass: 95120K(95936K)->95120K(95936K) Class: 16606K(17216K)->16606K(17216K)
[5055.488s][info ][gc             ] GC(257) Pause Young (Allocation Failure) 3658M->1728M(3704M) 25.265ms
[5055.488s][info ][gc,cpu         ] GC(257) User=0.08s Sys=0.01s Real=0.02s
[5055.488s][info ][safepoint      ] Safepoint "ParallelGCFailedAllocation", Time since last: 948939830 ns, Reaching safepoint: 82400 ns, Cleanup: 3400 ns, At safepoint: 25347570 ns, Total: 25433370 ns
[5061.488s][info ][safepoint      ] Safepoint "Cleanup", Time since last: 6000524378 ns, Reaching safepoint: 6000 ns, Cleanup: 10900 ns, At safepoint: 2600 ns, Total: 19500 ns
[5063.489s][info ][safepoint      ] Safepoint "Cleanup", Time since last: 2000179526 ns, Reaching safepoint: 6300 ns, Cleanup: 9700 ns, At safepoint: 2800 ns, Total: 18800 ns
[5065.489s][info ][safepoint      ] Safepoint "Cleanup", Time since last: 2000180004 ns, Reaching safepoint: 78501 ns, Cleanup: 23400 ns, At safepoint: 5900 ns, Total: 107801 ns
[5067.489s][info ][safepoint      ] Safepoint "Cleanup", Time since last: 2000175576 ns, Reaching safepoint: 6100 ns, Cleanup: 8900 ns, At safepoint: 2900 ns, Total: 17900 ns
[5068.134s][info ][safepoint      ] Safepoint "ParallelGCFailedAllocation", Time since last: 644746744 ns, Reaching safepoint: 53201 ns, Cleanup: 4300 ns, At safepoint: 16300 ns, Total: 73801 ns
[5068.134s][info ][gc,start       ] GC(258) Pause Young (GCLocker Initiated GC)
[5068.157s][debug][gc,phases      ] GC(258) Scavenge 22.949ms
[5068.157s][debug][gc,ref         ] GC(258) ReferenceProcessor::execute queues: 1, RefProcThreadModel::Single, marks_oops_alive: false
[5068.157s][debug][gc,ref         ] GC(258) Skipped KeepAliveFinalRefsPhase of Reference Processing: no references
[5068.157s][debug][gc,ref         ] GC(258) ReferenceProcessor::execute queues: 1, RefProcThreadModel::Single, marks_oops_alive: false
[5068.157s][debug][gc,phases      ] GC(258) Reference Processing 0.098ms
[5068.158s][debug][gc,phases      ] GC(258)   VM Weak                        Min:  0.0, Avg:  0.0, Max:  0.0, Diff:  0.0, Sum:  0.0, Workers: 4
[5068.158s][debug][gc,phases      ] GC(258)     Dead                           Min: 0, Avg:  0.0, Max: 0, Diff: 0, Sum: 0, Workers: 4
[5068.158s][debug][gc,phases      ] GC(258)     Total                          Min: 0, Avg: 278.8, Max: 576, Diff: 576, Sum: 1115, Workers: 4
[5068.158s][debug][gc,phases      ] GC(258)   ObjectSynchronizer Weak        Min:  0.0, Avg:  0.0, Max:  0.0, Diff:  0.0, Sum:  0.0, Workers: 4
[5068.158s][debug][gc,phases      ] GC(258)     Dead                           Min: 0, Avg:  0.0, Max: 0, Diff: 0, Sum: 0, Workers: 4
[5068.158s][debug][gc,phases      ] GC(258)     Total                          Min: 0, Avg:  1.5, Max: 6, Diff: 6, Sum: 6, Workers: 4
[5068.158s][debug][gc,phases      ] GC(258)   JVMTI Tag Weak OopStorage      Min:  0.0, Avg:  0.0, Max:  0.0, Diff:  0.0, Sum:  0.0, Workers: 4
[5068.158s][debug][gc,phases      ] GC(258)     Dead                           Min: 0, Avg:  0.0, Max: 0, Diff: 0, Sum: 0, Workers: 4
[5068.158s][debug][gc,phases      ] GC(258)     Total                          Min: 0, Avg:  0.0, Max: 0, Diff: 0, Sum: 0, Workers: 4
[5068.158s][debug][gc,phases      ] GC(258)   StringTable Weak               Min:  0.1, Avg:  0.1, Max:  0.1, Diff:  0.0, Sum:  0.5, Workers: 4
[5068.158s][debug][gc,phases      ] GC(258)     Dead                           Min: 0, Avg:  0.0, Max: 0, Diff: 0, Sum: 0, Workers: 4
[5068.158s][debug][gc,phases      ] GC(258)     Total                          Min: 11556, Avg: 11928.8, Max: 12096, Diff: 540, Sum: 47715, Workers: 4
[5068.158s][debug][gc,phases      ] GC(258)   ResolvedMethodTable Weak       Min:  0.0, Avg:  0.0, Max:  0.0, Diff:  0.0, Sum:  0.2, Workers: 4
[5068.158s][debug][gc,phases      ] GC(258)     Dead                           Min: 1, Avg:  4.2, Max: 9, Diff: 8, Sum: 17, Workers: 4
[5068.158s][debug][gc,phases      ] GC(258)     Total                          Min: 4005, Avg: 4039.8, Max: 4101, Diff: 96, Sum: 16159, Workers: 4
[5068.158s][debug][gc,phases      ] GC(258)   JNI Weak                       Min:  0.0, Avg:  0.0, Max:  0.0, Diff:  0.0, Sum:  0.0, Workers: 4
[5068.158s][debug][gc,phases      ] GC(258)     Dead                           Min: 0, Avg:  0.0, Max: 0, Diff: 0, Sum: 0, Workers: 4
[5068.158s][debug][gc,phases      ] GC(258)     Total                          Min: 0, Avg: 13.0, Max: 52, Diff: 52, Sum: 52, Workers: 4
[5068.158s][debug][gc,phases      ] GC(258)   StringDedup Table Weak         Min:  0.0, Avg:  0.0, Max:  0.0, Diff:  0.0, Sum:  0.0, Workers: 4
[5068.158s][debug][gc,phases      ] GC(258)     Dead                           Min: 0, Avg:  0.0, Max: 0, Diff: 0, Sum: 0, Workers: 4
[5068.158s][debug][gc,phases      ] GC(258)     Total                          Min: 0, Avg:  0.0, Max: 0, Diff: 0, Sum: 0, Workers: 4
[5068.158s][debug][gc,phases      ] GC(258)   StringDedup Requests0 Weak     Min:  0.0, Avg:  0.0, Max:  0.0, Diff:  0.0, Sum:  0.0, Workers: 4
[5068.158s][debug][gc,phases      ] GC(258)     Dead                           Min: 0, Avg:  0.0, Max: 0, Diff: 0, Sum: 0, Workers: 4
[5068.158s][debug][gc,phases      ] GC(258)     Total                          Min: 0, Avg:  0.0, Max: 0, Diff: 0, Sum: 0, Workers: 4
[5068.158s][debug][gc,phases      ] GC(258)   StringDedup Requests1 Weak     Min:  0.0, Avg:  0.0, Max:  0.0, Diff:  0.0, Sum:  0.0, Workers: 4
[5068.158s][debug][gc,phases      ] GC(258)     Dead                           Min: 0, Avg:  0.0, Max: 0, Diff: 0, Sum: 0, Workers: 4
[5068.158s][debug][gc,phases      ] GC(258)     Total                          Min: 0, Avg:  0.0, Max: 0, Diff: 0, Sum: 0, Workers: 4
[5068.158s][debug][gc,phases      ] GC(258)   Weak JFR Old Object Samples    Min:  0.0, Avg:  0.0, Max:  0.0, Diff:  0.0, Sum:  0.0, Workers: 4
[5068.158s][debug][gc,phases      ] GC(258)     Dead                           Min: 0, Avg:  0.0, Max: 0, Diff: 0, Sum: 0, Workers: 4
[5068.158s][debug][gc,phases      ] GC(258)     Total                          Min: 0, Avg:  0.0, Max: 0, Diff: 0, Sum: 0, Workers: 4
[5068.158s][debug][gc,phases      ] GC(258) Weak Processing 0.337ms
[5068.158s][debug][gc,age         ] GC(258) Desired survivor size 54001664 bytes, new threshold 1 (max threshold 15)
[5068.158s][info ][gc,heap        ] GC(258) PSYoungGen: 2017920K(2045952K)->42302K(2041344K) Eden: 1994752K(1994752K)->0K(1991680K) From: 23168K(51200K)->42302K(49664K)
[5068.158s][info ][gc,heap        ] GC(258) ParOldGen: 1746715K(1746944K)->1763058K(1763328K)
[5068.158s][info ][gc,metaspace   ] GC(258) Metaspace: 111747K(113152K)->111747K(113152K) NonClass: 95138K(95936K)->95138K(95936K) Class: 16608K(17216K)->16608K(17216K)
[5068.158s][info ][gc             ] GC(258) Pause Young (GCLocker Initiated GC) 3676M->1763M(3715M) 23.484ms
[5068.158s][info ][gc,cpu         ] GC(258) User=0.08s Sys=0.01s Real=0.02s
[5068.158s][info ][safepoint      ] Safepoint "ParallelGCSystemGC", Time since last: 229401 ns, Reaching safepoint: 78201 ns, Cleanup: 1400 ns, At safepoint: 23554459 ns, Total: 23634060 ns
[5069.158s][info ][safepoint      ] Safepoint "Cleanup", Time since last: 1000090238 ns, Reaching safepoint: 5600 ns, Cleanup: 24900 ns, At safepoint: 3500 ns, Total: 34000 ns
[5072.158s][info ][safepoint      ] Safepoint "Cleanup", Time since last: 3000240714 ns, Reaching safepoint: 5600 ns, Cleanup: 8100 ns, At safepoint: 2800 ns, Total: 16500 ns
[5073.161s][info ][safepoint      ] Safepoint "Cleanup", Time since last: 1002739390 ns, Reaching safepoint: 83800 ns, Cleanup: 9100 ns, At safepoint: 16100 ns, Total: 109000 ns
[5074.162s][info ][safepoint      ] Safepoint "Cleanup", Time since last: 1000893124 ns, Reaching safepoint: 81401 ns, Cleanup: 8600 ns, At safepoint: 22100 ns, Total: 112101 ns
[5074.862s][info ][gc,start       ] GC(259) Pause Young (Allocation Failure)
[5074.892s][debug][gc,phases      ] GC(259) Scavenge 29.692ms
[5074.892s][debug][gc,ref         ] GC(259) ReferenceProcessor::execute queues: 1, RefProcThreadModel::Single, marks_oops_alive: false
[5074.892s][debug][gc,ref         ] GC(259) Skipped KeepAliveFinalRefsPhase of Reference Processing: no references
[5074.892s][debug][gc,ref         ] GC(259) ReferenceProcessor::execute queues: 1, RefProcThreadModel::Single, marks_oops_alive: false
[5074.892s][debug][gc,phases      ] GC(259) Reference Processing 0.116ms
[5074.892s][debug][gc,phases      ] GC(259)   VM Weak                        Min:  0.0, Avg:  0.0, Max:  0.0, Diff:  0.0, Sum:  0.0, Workers: 4
[5074.892s][debug][gc,phases      ] GC(259)     Dead                           Min: 0, Avg:  0.0, Max: 0, Diff: 0, Sum: 0, Workers: 4
[5074.892s][debug][gc,phases      ] GC(259)     Total                          Min: 0, Avg: 278.8, Max: 987, Diff: 987, Sum: 1115, Workers: 4
[5074.892s][debug][gc,phases      ] GC(259)   ObjectSynchronizer Weak        Min:  0.0, Avg:  0.0, Max:  0.0, Diff:  0.0, Sum:  0.0, Workers: 4
[5074.892s][debug][gc,phases      ] GC(259)     Dead                           Min: 0, Avg:  0.0, Max: 0, Diff: 0, Sum: 0, Workers: 4
[5074.892s][debug][gc,phases      ] GC(259)     Total                          Min: 0, Avg:  1.5, Max: 6, Diff: 6, Sum: 6, Workers: 4
[5074.892s][debug][gc,phases      ] GC(259)   JVMTI Tag Weak OopStorage      Min:  0.0, Avg:  0.0, Max:  0.0, Diff:  0.0, Sum:  0.0, Workers: 4
[5074.892s][debug][gc,phases      ] GC(259)     Dead                           Min: 0, Avg:  0.0, Max: 0, Diff: 0, Sum: 0, Workers: 4
[5074.892s][debug][gc,phases      ] GC(259)     Total                          Min: 0, Avg:  0.0, Max: 0, Diff: 0, Sum: 0, Workers: 4
[5074.892s][debug][gc,phases      ] GC(259)   StringTable Weak               Min:  0.0, Avg:  0.1, Max:  0.1, Diff:  0.1, Sum:  0.4, Workers: 4
[5074.892s][debug][gc,phases      ] GC(259)     Dead                           Min: 0, Avg:  0.0, Max: 0, Diff: 0, Sum: 0, Workers: 4
[5074.892s][debug][gc,phases      ] GC(259)     Total                          Min: 0, Avg: 11928.8, Max: 20196, Diff: 20196, Sum: 47715, Workers: 4
[5074.892s][debug][gc,phases      ] GC(259)   ResolvedMethodTable Weak       Min:  0.0, Avg:  0.0, Max:  0.1, Diff:  0.1, Sum:  0.2, Workers: 4
[5074.892s][debug][gc,phases      ] GC(259)     Dead                           Min: 0, Avg:  4.0, Max: 7, Diff: 7, Sum: 16, Workers: 4
[5074.892s][debug][gc,phases      ] GC(259)     Total                          Min: 0, Avg: 4039.8, Max: 7443, Diff: 7443, Sum: 16159, Workers: 4
[5074.892s][debug][gc,phases      ] GC(259)   JNI Weak                       Min:  0.0, Avg:  0.0, Max:  0.0, Diff:  0.0, Sum:  0.0, Workers: 4
[5074.892s][debug][gc,phases      ] GC(259)     Dead                           Min: 0, Avg:  0.0, Max: 0, Diff: 0, Sum: 0, Workers: 4
[5074.892s][debug][gc,phases      ] GC(259)     Total                          Min: 0, Avg: 13.0, Max: 52, Diff: 52, Sum: 52, Workers: 4
[5074.892s][debug][gc,phases      ] GC(259)   StringDedup Table Weak         Min:  0.0, Avg:  0.0, Max:  0.0, Diff:  0.0, Sum:  0.0, Workers: 4
[5074.892s][debug][gc,phases      ] GC(259)     Dead                           Min: 0, Avg:  0.0, Max: 0, Diff: 0, Sum: 0, Workers: 4
[5074.892s][debug][gc,phases      ] GC(259)     Total                          Min: 0, Avg:  0.0, Max: 0, Diff: 0, Sum: 0, Workers: 4
[5074.892s][debug][gc,phases      ] GC(259)   StringDedup Requests0 Weak     Min:  0.0, Avg:  0.0, Max:  0.0, Diff:  0.0, Sum:  0.0, Workers: 4
[5074.892s][debug][gc,phases      ] GC(259)     Dead                           Min: 0, Avg:  0.0, Max: 0, Diff: 0, Sum: 0, Workers: 4
[5074.892s][debug][gc,phases      ] GC(259)     Total                          Min: 0, Avg:  0.0, Max: 0, Diff: 0, Sum: 0, Workers: 4
[5074.892s][debug][gc,phases      ] GC(259)   StringDedup Requests1 Weak     Min:  0.0, Avg:  0.0, Max:  0.0, Diff:  0.0, Sum:  0.0, Workers: 4
[5074.892s][debug][gc,phases      ] GC(259)     Dead                           Min: 0, Avg:  0.0, Max: 0, Diff: 0, Sum: 0, Workers: 4
[5074.892s][debug][gc,phases      ] GC(259)     Total                          Min: 0, Avg:  0.0, Max: 0, Diff: 0, Sum: 0, Workers: 4
[5074.892s][debug][gc,phases      ] GC(259)   Weak JFR Old Object Samples    Min:  0.0, Avg:  0.0, Max:  0.0, Diff:  0.0, Sum:  0.0, Workers: 4
[5074.892s][debug][gc,phases      ] GC(259)     Dead                           Min: 0, Avg:  0.0, Max: 0, Diff: 0, Sum: 0, Workers: 4
[5074.892s][debug][gc,phases      ] GC(259)     Total                          Min: 0, Avg:  0.0, Max: 0, Diff: 0, Sum: 0, Workers: 4
[5074.892s][debug][gc,phases      ] GC(259) Weak Processing 0.366ms
[5074.892s][debug][gc,age         ] GC(259) Desired survivor size 51904512 bytes, new threshold 1 (max threshold 15)
[5074.892s][info ][gc,heap        ] GC(259) PSYoungGen: 2033982K(2041344K)->30048K(2044416K) Eden: 1991680K(1991680K)->0K(1991680K) From: 42302K(49664K)->30048K(52736K)
[5074.892s][info ][gc,heap        ] GC(259) ParOldGen: 1763059K(1763328K)->1798398K(1798656K)
[5074.892s][info ][gc,metaspace   ] GC(259) Metaspace: 111749K(113152K)->111749K(113152K) NonClass: 95140K(95936K)->95140K(95936K) Class: 16608K(17216K)->16608K(17216K)
[5074.892s][info ][gc             ] GC(259) Pause Young (Allocation Failure) 3708M->1785M(3753M) 30.282ms
[5074.892s][info ][gc,cpu         ] GC(259) User=0.09s Sys=0.01s Real=0.03s
[5074.892s][info ][safepoint      ] Safepoint "ParallelGCFailedAllocation", Time since last: 699935532 ns, Reaching safepoint: 77000 ns, Cleanup: 3800 ns, At safepoint: 30348101 ns, Total: 30428901 ns
[5075.892s][info ][safepoint      ] Safepoint "Cleanup", Time since last: 1000085718 ns, Reaching safepoint: 6000 ns, Cleanup: 12000 ns, At safepoint: 2400 ns, Total: 20400 ns
[5076.893s][info ][safepoint      ] Safepoint "Cleanup", Time since last: 1000098719 ns, Reaching safepoint: 6000 ns, Cleanup: 8000 ns, At safepoint: 2400 ns, Total: 16400 ns
[5077.893s][info ][safepoint      ] Safepoint "Cleanup", Time since last: 1000100218 ns, Reaching safepoint: 77501 ns, Cleanup: 11100 ns, At safepoint: 5700 ns, Total: 94301 ns
[5083.313s][info ][gc,start       ] GC(260) Pause Young (Allocation Failure)
[5083.342s][debug][gc,phases      ] GC(260) Scavenge 28.177ms
[5083.342s][debug][gc,ref         ] GC(260) Skipped SoftWeakFinalRefsPhase of Reference Processing: no references
[5083.342s][debug][gc,ref         ] GC(260) Skipped KeepAliveFinalRefsPhase of Reference Processing: no references
[5083.342s][debug][gc,ref         ] GC(260) Skipped PhantomRefsPhase of Reference Processing: no references
[5083.342s][debug][gc,phases      ] GC(260) Reference Processing 0.029ms
[5083.342s][debug][gc,phases      ] GC(260)   VM Weak                        Min:  0.0, Avg:  0.0, Max:  0.0, Diff:  0.0, Sum:  0.0, Workers: 4
[5083.342s][debug][gc,phases      ] GC(260)     Dead                           Min: 0, Avg:  0.0, Max: 0, Diff: 0, Sum: 0, Workers: 4
[5083.342s][debug][gc,phases      ] GC(260)     Total                          Min: 0, Avg: 278.8, Max: 1024, Diff: 1024, Sum: 1115, Workers: 4
[5083.342s][debug][gc,phases      ] GC(260)   ObjectSynchronizer Weak        Min:  0.0, Avg:  0.0, Max:  0.0, Diff:  0.0, Sum:  0.0, Workers: 4
[5083.342s][debug][gc,phases      ] GC(260)     Dead                           Min: 0, Avg:  0.0, Max: 0, Diff: 0, Sum: 0, Workers: 4
[5083.342s][debug][gc,phases      ] GC(260)     Total                          Min: 0, Avg:  1.5, Max: 6, Diff: 6, Sum: 6, Workers: 4
[5083.342s][debug][gc,phases      ] GC(260)   JVMTI Tag Weak OopStorage      Min:  0.0, Avg:  0.0, Max:  0.0, Diff:  0.0, Sum:  0.0, Workers: 4
[5083.342s][debug][gc,phases      ] GC(260)     Dead                           Min: 0, Avg:  0.0, Max: 0, Diff: 0, Sum: 0, Workers: 4
[5083.342s][debug][gc,phases      ] GC(260)     Total                          Min: 0, Avg:  0.0, Max: 0, Diff: 0, Sum: 0, Workers: 4
[5083.342s][debug][gc,phases      ] GC(260)   StringTable Weak               Min:  0.0, Avg:  0.1, Max:  0.1, Diff:  0.1, Sum:  0.4, Workers: 4
[5083.342s][debug][gc,phases      ] GC(260)     Dead                           Min: 0, Avg:  0.0, Max: 0, Diff: 0, Sum: 0, Workers: 4
[5083.342s][debug][gc,phases      ] GC(260)     Total                          Min: 0, Avg: 11928.8, Max: 20544, Diff: 20544, Sum: 47715, Workers: 4
[5083.342s][debug][gc,phases      ] GC(260)   ResolvedMethodTable Weak       Min:  0.0, Avg:  0.0, Max:  0.0, Diff:  0.0, Sum:  0.1, Workers: 4
[5083.342s][debug][gc,phases      ] GC(260)     Dead                           Min: 0, Avg:  0.0, Max: 0, Diff: 0, Sum: 0, Workers: 4
[5083.342s][debug][gc,phases      ] GC(260)     Total                          Min: 0, Avg: 4039.8, Max: 6918, Diff: 6918, Sum: 16159, Workers: 4
[5083.342s][debug][gc,phases      ] GC(260)   JNI Weak                       Min:  0.0, Avg:  0.0, Max:  0.0, Diff:  0.0, Sum:  0.0, Workers: 4
[5083.342s][debug][gc,phases      ] GC(260)     Dead                           Min: 0, Avg:  0.0, Max: 0, Diff: 0, Sum: 0, Workers: 4
[5083.342s][debug][gc,phases      ] GC(260)     Total                          Min: 0, Avg: 13.0, Max: 52, Diff: 52, Sum: 52, Workers: 4
[5083.342s][debug][gc,phases      ] GC(260)   StringDedup Table Weak         Min:  0.0, Avg:  0.0, Max:  0.0, Diff:  0.0, Sum:  0.0, Workers: 4
[5083.342s][debug][gc,phases      ] GC(260)     Dead                           Min: 0, Avg:  0.0, Max: 0, Diff: 0, Sum: 0, Workers: 4
[5083.342s][debug][gc,phases      ] GC(260)     Total                          Min: 0, Avg:  0.0, Max: 0, Diff: 0, Sum: 0, Workers: 4
[5083.342s][debug][gc,phases      ] GC(260)   StringDedup Requests0 Weak     Min:  0.0, Avg:  0.0, Max:  0.0, Diff:  0.0, Sum:  0.0, Workers: 4
[5083.342s][debug][gc,phases      ] GC(260)     Dead                           Min: 0, Avg:  0.0, Max: 0, Diff: 0, Sum: 0, Workers: 4
[5083.342s][debug][gc,phases      ] GC(260)     Total                          Min: 0, Avg:  0.0, Max: 0, Diff: 0, Sum: 0, Workers: 4
[5083.342s][debug][gc,phases      ] GC(260)   StringDedup Requests1 Weak     Min:  0.0, Avg:  0.0, Max:  0.0, Diff:  0.0, Sum:  0.0, Workers: 4
[5083.342s][debug][gc,phases      ] GC(260)     Dead                           Min: 0, Avg:  0.0, Max: 0, Diff: 0, Sum: 0, Workers: 4
[5083.342s][debug][gc,phases      ] GC(260)     Total                          Min: 0, Avg:  0.0, Max: 0, Diff: 0, Sum: 0, Workers: 4
[5083.342s][debug][gc,phases      ] GC(260)   Weak JFR Old Object Samples    Min:  0.0, Avg:  0.0, Max:  0.0, Diff:  0.0, Sum:  0.0, Workers: 4
[5083.342s][debug][gc,phases      ] GC(260)     Dead                           Min: 0, Avg:  0.0, Max: 0, Diff: 0, Sum: 0, Workers: 4
[5083.342s][debug][gc,phases      ] GC(260)     Total                          Min: 0, Avg:  0.0, Max: 0, Diff: 0, Sum: 0, Workers: 4
[5083.342s][debug][gc,phases      ] GC(260) Weak Processing 0.365ms
[5083.342s][debug][gc,age         ] GC(260) Desired survivor size 52428800 bytes, new threshold 1 (max threshold 15)
[5083.342s][info ][gc,heap        ] GC(260) PSYoungGen: 2021728K(2044416K)->35536K(2045440K) Eden: 1991680K(1991680K)->0K(1994752K) From: 30048K(52736K)->35536K(50688K)
[5083.342s][info ][gc,heap        ] GC(260) ParOldGen: 1798398K(1798656K)->1824358K(1824768K)
[5083.342s][info ][gc,metaspace   ] GC(260) Metaspace: 111752K(113152K)->111752K(113152K) NonClass: 95143K(95936K)->95143K(95936K) Class: 16608K(17216K)->16608K(17216K)
[5083.342s][info ][gc             ] GC(260) Pause Young (Allocation Failure) 3730M->1816M(3779M) 28.695ms
[5083.342s][info ][gc,cpu         ] GC(260) User=0.08s Sys=0.02s Real=0.03s
[5083.342s][info ][safepoint      ] Safepoint "ParallelGCFailedAllocation", Time since last: 5420553340 ns, Reaching safepoint: 82001 ns, Cleanup: 3800 ns, At safepoint: 28781192 ns, Total: 28866993 ns
[5089.343s][info ][safepoint      ] Safepoint "Cleanup", Time since last: 6000434598 ns, Reaching safepoint: 5600 ns, Cleanup: 7000 ns, At safepoint: 2400 ns, Total: 15000 ns
[5108.086s][info ][safepoint      ] Safepoint "Cleanup", Time since last: 18743142153 ns, Reaching safepoint: 6800 ns, Cleanup: 8800 ns, At safepoint: 2500 ns, Total: 18100 ns
[5109.614s][info ][safepoint      ] Safepoint "ParallelGCFailedAllocation", Time since last: 1527992709 ns, Reaching safepoint: 5500 ns, Cleanup: 4100 ns, At safepoint: 7000 ns, Total: 16600 ns
[5109.614s][info ][gc,start       ] GC(261) Pause Young (GCLocker Initiated GC)
[5109.638s][debug][gc,phases      ] GC(261) Scavenge 23.819ms
[5109.638s][debug][gc,ref         ] GC(261) ReferenceProcessor::execute queues: 1, RefProcThreadModel::Single, marks_oops_alive: false
[5109.638s][debug][gc,ref         ] GC(261) Skipped KeepAliveFinalRefsPhase of Reference Processing: no references
[5109.638s][debug][gc,ref         ] GC(261) Skipped PhantomRefsPhase of Reference Processing: no references
[5109.638s][debug][gc,phases      ] GC(261) Reference Processing 0.116ms
[5109.638s][debug][gc,phases      ] GC(261)   VM Weak                        Min:  0.0, Avg:  0.0, Max:  0.0, Diff:  0.0, Sum:  0.0, Workers: 4
[5109.638s][debug][gc,phases      ] GC(261)     Dead                           Min: 0, Avg:  0.0, Max: 0, Diff: 0, Sum: 0, Workers: 4
[5109.638s][debug][gc,phases      ] GC(261)     Total                          Min: 0, Avg: 278.8, Max: 1051, Diff: 1051, Sum: 1115, Workers: 4
[5109.638s][debug][gc,phases      ] GC(261)   ObjectSynchronizer Weak        Min:  0.0, Avg:  0.0, Max:  0.0, Diff:  0.0, Sum:  0.0, Workers: 4
[5109.638s][debug][gc,phases      ] GC(261)     Dead                           Min: 0, Avg:  0.0, Max: 0, Diff: 0, Sum: 0, Workers: 4
[5109.638s][debug][gc,phases      ] GC(261)     Total                          Min: 0, Avg:  1.5, Max: 6, Diff: 6, Sum: 6, Workers: 4
[5109.638s][debug][gc,phases      ] GC(261)   JVMTI Tag Weak OopStorage      Min:  0.0, Avg:  0.0, Max:  0.0, Diff:  0.0, Sum:  0.0, Workers: 4
[5109.638s][debug][gc,phases      ] GC(261)     Dead                           Min: 0, Avg:  0.0, Max: 0, Diff: 0, Sum: 0, Workers: 4
[5109.638s][debug][gc,phases      ] GC(261)     Total                          Min: 0, Avg:  0.0, Max: 0, Diff: 0, Sum: 0, Workers: 4
[5109.638s][debug][gc,phases      ] GC(261)   StringTable Weak               Min:  0.0, Avg:  0.1, Max:  0.1, Diff:  0.1, Sum:  0.4, Workers: 4
[5109.638s][debug][gc,phases      ] GC(261)     Dead                           Min: 0, Avg:  0.0, Max: 0, Diff: 0, Sum: 0, Workers: 4
[5109.638s][debug][gc,phases      ] GC(261)     Total                          Min: 0, Avg: 11928.8, Max: 20607, Diff: 20607, Sum: 47715, Workers: 4
[5109.638s][debug][gc,phases      ] GC(261)   ResolvedMethodTable Weak       Min:  0.0, Avg:  0.0, Max:  0.0, Diff:  0.0, Sum:  0.1, Workers: 4
[5109.638s][debug][gc,phases      ] GC(261)     Dead                           Min: 0, Avg:  4.0, Max: 8, Diff: 8, Sum: 16, Workers: 4
[5109.638s][debug][gc,phases      ] GC(261)     Total                          Min: 0, Avg: 4039.8, Max: 6819, Diff: 6819, Sum: 16159, Workers: 4
[5109.638s][debug][gc,phases      ] GC(261)   JNI Weak                       Min:  0.0, Avg:  0.0, Max:  0.0, Diff:  0.0, Sum:  0.0, Workers: 4
[5109.638s][debug][gc,phases      ] GC(261)     Dead                           Min: 0, Avg:  0.0, Max: 0, Diff: 0, Sum: 0, Workers: 4
[5109.638s][debug][gc,phases      ] GC(261)     Total                          Min: 0, Avg: 13.0, Max: 52, Diff: 52, Sum: 52, Workers: 4
[5109.638s][debug][gc,phases      ] GC(261)   StringDedup Table Weak         Min:  0.0, Avg:  0.0, Max:  0.0, Diff:  0.0, Sum:  0.0, Workers: 4
[5109.638s][debug][gc,phases      ] GC(261)     Dead                           Min: 0, Avg:  0.0, Max: 0, Diff: 0, Sum: 0, Workers: 4
[5109.638s][debug][gc,phases      ] GC(261)     Total                          Min: 0, Avg:  0.0, Max: 0, Diff: 0, Sum: 0, Workers: 4
[5109.638s][debug][gc,phases      ] GC(261)   StringDedup Requests0 Weak     Min:  0.0, Avg:  0.0, Max:  0.0, Diff:  0.0, Sum:  0.0, Workers: 4
[5109.638s][debug][gc,phases      ] GC(261)     Dead                           Min: 0, Avg:  0.0, Max: 0, Diff: 0, Sum: 0, Workers: 4
[5109.638s][debug][gc,phases      ] GC(261)     Total                          Min: 0, Avg:  0.0, Max: 0, Diff: 0, Sum: 0, Workers: 4
[5109.638s][debug][gc,phases      ] GC(261)   StringDedup Requests1 Weak     Min:  0.0, Avg:  0.0, Max:  0.0, Diff:  0.0, Sum:  0.0, Workers: 4
[5109.638s][debug][gc,phases      ] GC(261)     Dead                           Min: 0, Avg:  0.0, Max: 0, Diff: 0, Sum: 0, Workers: 4
[5109.638s][debug][gc,phases      ] GC(261)     Total                          Min: 0, Avg:  0.0, Max: 0, Diff: 0, Sum: 0, Workers: 4
[5109.638s][debug][gc,phases      ] GC(261)   Weak JFR Old Object Samples    Min:  0.0, Avg:  0.0, Max:  0.0, Diff:  0.0, Sum:  0.0, Workers: 4
[5109.638s][debug][gc,phases      ] GC(261)     Dead                           Min: 0, Avg:  0.0, Max: 0, Diff: 0, Sum: 0, Workers: 4
[5109.638s][debug][gc,phases      ] GC(261)     Total                          Min: 0, Avg:  0.0, Max: 0, Diff: 0, Sum: 0, Workers: 4
[5109.638s][debug][gc,phases      ] GC(261) Weak Processing 0.346ms
[5109.638s][debug][gc,age         ] GC(261) Desired survivor size 52953088 bytes, new threshold 1 (max threshold 15)
[5109.638s][info ][gc,heap        ] GC(261) PSYoungGen: 2030288K(2045440K)->15040K(2010112K) Eden: 1994752K(1994752K)->0K(1994752K) From: 35536K(50688K)->15040K(15360K)
[5109.638s][info ][gc,heap        ] GC(261) ParOldGen: 1824359K(1824768K)->1853474K(1853952K)
[5109.638s][info ][gc,metaspace   ] GC(261) Metaspace: 111753K(113152K)->111753K(113152K) NonClass: 95144K(95936K)->95144K(95936K) Class: 16608K(17216K)->16608K(17216K)
[5109.638s][info ][gc             ] GC(261) Pause Young (GCLocker Initiated GC) 3764M->1824M(3773M) 24.376ms
[5109.638s][info ][gc,cpu         ] GC(261) User=0.06s Sys=0.02s Real=0.02s
[5109.638s][info ][safepoint      ] Safepoint "ParallelGCSystemGC", Time since last: 94801 ns, Reaching safepoint: 1300 ns, Cleanup: 700 ns, At safepoint: 24438963 ns, Total: 24440963 ns
[5111.639s][info ][safepoint      ] Safepoint "Cleanup", Time since last: 2000190165 ns, Reaching safepoint: 6600 ns, Cleanup: 10000 ns, At safepoint: 2600 ns, Total: 19200 ns
[5125.641s][info ][safepoint      ] Safepoint "Cleanup", Time since last: 14002534858 ns, Reaching safepoint: 81700 ns, Cleanup: 26801 ns, At safepoint: 11500 ns, Total: 120001 ns
[5125.807s][info ][safepoint      ] Safepoint "ParallelGCFailedAllocation", Time since last: 165349709 ns, Reaching safepoint: 83001 ns, Cleanup: 10900 ns, At safepoint: 18200 ns, Total: 112101 ns
[5125.807s][info ][gc,start       ] GC(262) Pause Young (GCLocker Initiated GC)
[5125.827s][debug][gc,phases      ] GC(262) Scavenge 20.302ms
[5125.827s][debug][gc,ref         ] GC(262) ReferenceProcessor::execute queues: 1, RefProcThreadModel::Single, marks_oops_alive: false
[5125.827s][debug][gc,ref         ] GC(262) Skipped KeepAliveFinalRefsPhase of Reference Processing: no references
[5125.827s][debug][gc,ref         ] GC(262) ReferenceProcessor::execute queues: 1, RefProcThreadModel::Single, marks_oops_alive: false
[5125.827s][debug][gc,phases      ] GC(262) Reference Processing 0.096ms
[5125.828s][debug][gc,phases      ] GC(262)   VM Weak                        Min:  0.0, Avg:  0.0, Max:  0.0, Diff:  0.0, Sum:  0.0, Workers: 4
[5125.828s][debug][gc,phases      ] GC(262)     Dead                           Min: 0, Avg:  0.0, Max: 0, Diff: 0, Sum: 0, Workers: 4
[5125.828s][debug][gc,phases      ] GC(262)     Total                          Min: 0, Avg: 278.8, Max: 1115, Diff: 1115, Sum: 1115, Workers: 4
[5125.828s][debug][gc,phases      ] GC(262)   ObjectSynchronizer Weak        Min:  0.0, Avg:  0.0, Max:  0.0, Diff:  0.0, Sum:  0.0, Workers: 4
[5125.828s][debug][gc,phases      ] GC(262)     Dead                           Min: 0, Avg:  0.2, Max: 1, Diff: 1, Sum: 1, Workers: 4
[5125.828s][debug][gc,phases      ] GC(262)     Total                          Min: 0, Avg:  1.8, Max: 7, Diff: 7, Sum: 7, Workers: 4
[5125.828s][debug][gc,phases      ] GC(262)   JVMTI Tag Weak OopStorage      Min:  0.0, Avg:  0.0, Max:  0.0, Diff:  0.0, Sum:  0.0, Workers: 4
[5125.828s][debug][gc,phases      ] GC(262)     Dead                           Min: 0, Avg:  0.0, Max: 0, Diff: 0, Sum: 0, Workers: 4
[5125.828s][debug][gc,phases      ] GC(262)     Total                          Min: 0, Avg:  0.0, Max: 0, Diff: 0, Sum: 0, Workers: 4
[5125.828s][debug][gc,phases      ] GC(262)   StringTable Weak               Min:  0.1, Avg:  0.1, Max:  0.1, Diff:  0.0, Sum:  0.5, Workers: 4
[5125.828s][debug][gc,phases      ] GC(262)     Dead                           Min: 0, Avg:  0.0, Max: 0, Diff: 0, Sum: 0, Workers: 4
[5125.828s][debug][gc,phases      ] GC(262)     Total                          Min: 11199, Avg: 11929.8, Max: 12288, Diff: 1089, Sum: 47719, Workers: 4
[5125.828s][debug][gc,phases      ] GC(262)   ResolvedMethodTable Weak       Min:  0.0, Avg:  0.0, Max:  0.0, Diff:  0.0, Sum:  0.2, Workers: 4
[5125.828s][debug][gc,phases      ] GC(262)     Dead                           Min: 1, Avg:  4.5, Max: 12, Diff: 11, Sum: 18, Workers: 4
[5125.828s][debug][gc,phases      ] GC(262)     Total                          Min: 3914, Avg: 4040.8, Max: 4136, Diff: 222, Sum: 16163, Workers: 4
[5125.828s][debug][gc,phases      ] GC(262)   JNI Weak                       Min:  0.0, Avg:  0.0, Max:  0.0, Diff:  0.0, Sum:  0.0, Workers: 4
[5125.828s][debug][gc,phases      ] GC(262)     Dead                           Min: 0, Avg:  0.0, Max: 0, Diff: 0, Sum: 0, Workers: 4
[5125.828s][debug][gc,phases      ] GC(262)     Total                          Min: 0, Avg: 13.0, Max: 52, Diff: 52, Sum: 52, Workers: 4
[5125.828s][debug][gc,phases      ] GC(262)   StringDedup Table Weak         Min:  0.0, Avg:  0.0, Max:  0.0, Diff:  0.0, Sum:  0.0, Workers: 4
[5125.828s][debug][gc,phases      ] GC(262)     Dead                           Min: 0, Avg:  0.0, Max: 0, Diff: 0, Sum: 0, Workers: 4
[5125.828s][debug][gc,phases      ] GC(262)     Total                          Min: 0, Avg:  0.0, Max: 0, Diff: 0, Sum: 0, Workers: 4
[5125.828s][debug][gc,phases      ] GC(262)   StringDedup Requests0 Weak     Min:  0.0, Avg:  0.0, Max:  0.0, Diff:  0.0, Sum:  0.0, Workers: 4
[5125.828s][debug][gc,phases      ] GC(262)     Dead                           Min: 0, Avg:  0.0, Max: 0, Diff: 0, Sum: 0, Workers: 4
[5125.828s][debug][gc,phases      ] GC(262)     Total                          Min: 0, Avg:  0.0, Max: 0, Diff: 0, Sum: 0, Workers: 4
[5125.828s][debug][gc,phases      ] GC(262)   StringDedup Requests1 Weak     Min:  0.0, Avg:  0.0, Max:  0.0, Diff:  0.0, Sum:  0.0, Workers: 4
[5125.828s][debug][gc,phases      ] GC(262)     Dead                           Min: 0, Avg:  0.0, Max: 0, Diff: 0, Sum: 0, Workers: 4
[5125.828s][debug][gc,phases      ] GC(262)     Total                          Min: 0, Avg:  0.0, Max: 0, Diff: 0, Sum: 0, Workers: 4
[5125.828s][debug][gc,phases      ] GC(262)   Weak JFR Old Object Samples    Min:  0.0, Avg:  0.0, Max:  0.0, Diff:  0.0, Sum:  0.0, Workers: 4
[5125.828s][debug][gc,phases      ] GC(262)     Dead                           Min: 0, Avg:  0.0, Max: 0, Diff: 0, Sum: 0, Workers: 4
[5125.828s][debug][gc,phases      ] GC(262)     Total                          Min: 0, Avg:  0.0, Max: 0, Diff: 0, Sum: 0, Workers: 4
[5125.828s][debug][gc,phases      ] GC(262) Weak Processing 0.328ms
[5125.828s][debug][gc,age         ] GC(262) Desired survivor size 56098816 bytes, new threshold 1 (max threshold 15)
[5125.828s][info ][gc,heap        ] GC(262) PSYoungGen: 2009792K(2010112K)->43520K(2039296K) Eden: 1994752K(1994752K)->0K(1987584K) From: 15040K(15360K)->43520K(51712K)
[5125.828s][info ][gc,heap        ] GC(262) ParOldGen: 1853988K(1854976K)->1864772K(1865216K)
[5125.828s][info ][gc,metaspace   ] GC(262) Metaspace: 111767K(113152K)->111767K(113152K) NonClass: 95158K(95936K)->95158K(95936K) Class: 16609K(17216K)->16609K(17216K)
[5125.828s][info ][gc             ] GC(262) Pause Young (GCLocker Initiated GC) 3773M->1863M(3813M) 20.825ms
[5125.828s][info ][gc,cpu         ] GC(262) User=0.08s Sys=0.00s Real=0.02s
[5125.828s][info ][safepoint      ] Safepoint "ParallelGCSystemGC", Time since last: 92301 ns, Reaching safepoint: 74300 ns, Cleanup: 1400 ns, At safepoint: 20901641 ns, Total: 20977341 ns
[5126.828s][info ][safepoint      ] Safepoint "Cleanup", Time since last: 1000082312 ns, Reaching safepoint: 4700 ns, Cleanup: 8200 ns, At safepoint: 2200 ns, Total: 15100 ns
[5131.828s][info ][safepoint      ] Safepoint "Cleanup", Time since last: 5000383865 ns, Reaching safepoint: 5600 ns, Cleanup: 8700 ns, At safepoint: 2300 ns, Total: 16600 ns
[5138.865s][info ][gc,start       ] GC(263) Pause Young (Allocation Failure)
[5138.893s][debug][gc,phases      ] GC(263) Scavenge 27.352ms
[5138.893s][debug][gc,ref         ] GC(263) ReferenceProcessor::execute queues: 1, RefProcThreadModel::Single, marks_oops_alive: false
[5138.893s][debug][gc,ref         ] GC(263) Skipped KeepAliveFinalRefsPhase of Reference Processing: no references
[5138.893s][debug][gc,ref         ] GC(263) ReferenceProcessor::execute queues: 1, RefProcThreadModel::Single, marks_oops_alive: false
[5138.893s][debug][gc,phases      ] GC(263) Reference Processing 0.121ms
[5138.893s][debug][gc,phases      ] GC(263)   VM Weak                        Min:  0.0, Avg:  0.0, Max:  0.0, Diff:  0.0, Sum:  0.0, Workers: 4
[5138.893s][debug][gc,phases      ] GC(263)     Dead                           Min: 0, Avg:  0.0, Max: 0, Diff: 0, Sum: 0, Workers: 4
[5138.893s][debug][gc,phases      ] GC(263)     Total                          Min: 64, Avg: 278.8, Max: 512, Diff: 448, Sum: 1115, Workers: 4
[5138.893s][debug][gc,phases      ] GC(263)   ObjectSynchronizer Weak        Min:  0.0, Avg:  0.0, Max:  0.0, Diff:  0.0, Sum:  0.0, Workers: 4
[5138.893s][debug][gc,phases      ] GC(263)     Dead                           Min: 0, Avg:  0.0, Max: 0, Diff: 0, Sum: 0, Workers: 4
[5138.893s][debug][gc,phases      ] GC(263)     Total                          Min: 0, Avg:  1.8, Max: 7, Diff: 7, Sum: 7, Workers: 4
[5138.893s][debug][gc,phases      ] GC(263)   JVMTI Tag Weak OopStorage      Min:  0.0, Avg:  0.0, Max:  0.0, Diff:  0.0, Sum:  0.0, Workers: 4
[5138.893s][debug][gc,phases      ] GC(263)     Dead                           Min: 0, Avg:  0.0, Max: 0, Diff: 0, Sum: 0, Workers: 4
[5138.893s][debug][gc,phases      ] GC(263)     Total                          Min: 0, Avg:  0.0, Max: 0, Diff: 0, Sum: 0, Workers: 4
[5138.893s][debug][gc,phases      ] GC(263)   StringTable Weak               Min:  0.1, Avg:  0.1, Max:  0.1, Diff:  0.0, Sum:  0.5, Workers: 4
[5138.893s][debug][gc,phases      ] GC(263)     Dead                           Min: 0, Avg:  0.0, Max: 0, Diff: 0, Sum: 0, Workers: 4
[5138.893s][debug][gc,phases      ] GC(263)     Total                          Min: 11712, Avg: 11929.8, Max: 12095, Diff: 383, Sum: 47719, Workers: 4
[5138.893s][debug][gc,phases      ] GC(263)   ResolvedMethodTable Weak       Min:  0.0, Avg:  0.0, Max:  0.0, Diff:  0.0, Sum:  0.2, Workers: 4
[5138.893s][debug][gc,phases      ] GC(263)     Dead                           Min: 0, Avg:  0.0, Max: 0, Diff: 0, Sum: 0, Workers: 4
[5138.893s][debug][gc,phases      ] GC(263)     Total                          Min: 3868, Avg: 4040.8, Max: 4182, Diff: 314, Sum: 16163, Workers: 4
[5138.893s][debug][gc,phases      ] GC(263)   JNI Weak                       Min:  0.0, Avg:  0.0, Max:  0.0, Diff:  0.0, Sum:  0.0, Workers: 4
[5138.893s][debug][gc,phases      ] GC(263)     Dead                           Min: 0, Avg:  0.0, Max: 0, Diff: 0, Sum: 0, Workers: 4
[5138.893s][debug][gc,phases      ] GC(263)     Total                          Min: 0, Avg: 13.0, Max: 52, Diff: 52, Sum: 52, Workers: 4
[5138.893s][debug][gc,phases      ] GC(263)   StringDedup Table Weak         Min:  0.0, Avg:  0.0, Max:  0.0, Diff:  0.0, Sum:  0.0, Workers: 4
[5138.893s][debug][gc,phases      ] GC(263)     Dead                           Min: 0, Avg:  0.0, Max: 0, Diff: 0, Sum: 0, Workers: 4
[5138.893s][debug][gc,phases      ] GC(263)     Total                          Min: 0, Avg:  0.0, Max: 0, Diff: 0, Sum: 0, Workers: 4
[5138.893s][debug][gc,phases      ] GC(263)   StringDedup Requests0 Weak     Min:  0.0, Avg:  0.0, Max:  0.0, Diff:  0.0, Sum:  0.0, Workers: 4
[5138.893s][debug][gc,phases      ] GC(263)     Dead                           Min: 0, Avg:  0.0, Max: 0, Diff: 0, Sum: 0, Workers: 4
[5138.893s][debug][gc,phases      ] GC(263)     Total                          Min: 0, Avg:  0.0, Max: 0, Diff: 0, Sum: 0, Workers: 4
[5138.893s][debug][gc,phases      ] GC(263)   StringDedup Requests1 Weak     Min:  0.0, Avg:  0.0, Max:  0.0, Diff:  0.0, Sum:  0.0, Workers: 4
[5138.893s][debug][gc,phases      ] GC(263)     Dead                           Min: 0, Avg:  0.0, Max: 0, Diff: 0, Sum: 0, Workers: 4
[5138.893s][debug][gc,phases      ] GC(263)     Total                          Min: 0, Avg:  0.0, Max: 0, Diff: 0, Sum: 0, Workers: 4
[5138.893s][debug][gc,phases      ] GC(263)   Weak JFR Old Object Samples    Min:  0.0, Avg:  0.0, Max:  0.0, Diff:  0.0, Sum:  0.0, Workers: 4
[5138.893s][debug][gc,phases      ] GC(263)     Dead                           Min: 0, Avg:  0.0, Max: 0, Diff: 0, Sum: 0, Workers: 4
[5138.893s][debug][gc,phases      ] GC(263)     Total                          Min: 0, Avg:  0.0, Max: 0, Diff: 0, Sum: 0, Workers: 4
[5138.893s][debug][gc,phases      ] GC(263) Weak Processing 0.327ms
[5138.893s][debug][gc,age         ] GC(263) Desired survivor size 54525952 bytes, new threshold 1 (max threshold 15)
[5138.893s][info ][gc,heap        ] GC(263) PSYoungGen: 2031104K(2039296K)->24064K(2042368K) Eden: 1987584K(1987584K)->0K(1987584K) From: 43520K(51712K)->24064K(54784K)
[5138.893s][info ][gc,heap        ] GC(263) ParOldGen: 1864774K(1865216K)->1906894K(1907200K)
[5138.893s][info ][gc,metaspace   ] GC(263) Metaspace: 111767K(113152K)->111767K(113152K) NonClass: 95158K(95936K)->95158K(95936K) Class: 16609K(17216K)->16609K(17216K)
[5138.893s][info ][gc             ] GC(263) Pause Young (Allocation Failure) 3804M->1885M(3857M) 27.917ms
[5138.893s][info ][gc,cpu         ] GC(263) User=0.08s Sys=0.02s Real=0.03s
[5138.893s][info ][safepoint      ] Safepoint "ParallelGCFailedAllocation", Time since last: 7037101872 ns, Reaching safepoint: 6400 ns, Cleanup: 3500 ns, At safepoint: 27995586 ns, Total: 28005486 ns
[5141.894s][info ][safepoint      ] Safepoint "Cleanup", Time since last: 3000221983 ns, Reaching safepoint: 4500 ns, Cleanup: 9701 ns, At safepoint: 2200 ns, Total: 16401 ns
[5143.894s][info ][safepoint      ] Safepoint "Cleanup", Time since last: 2000167922 ns, Reaching safepoint: 6400 ns, Cleanup: 16100 ns, At safepoint: 2700 ns, Total: 25200 ns
[5144.894s][info ][safepoint      ] Safepoint "Cleanup", Time since last: 1000111362 ns, Reaching safepoint: 6300 ns, Cleanup: 9700 ns, At safepoint: 2800 ns, Total: 18800 ns
[5145.894s][info ][safepoint      ] Safepoint "Cleanup", Time since last: 1000117067 ns, Reaching safepoint: 5400 ns, Cleanup: 15900 ns, At safepoint: 2500 ns, Total: 23800 ns
[5149.894s][info ][safepoint      ] Safepoint "Cleanup", Time since last: 4000308767 ns, Reaching safepoint: 6000 ns, Cleanup: 9800 ns, At safepoint: 2600 ns, Total: 18400 ns
[5153.895s][info ][safepoint      ] Safepoint "Cleanup", Time since last: 4000309321 ns, Reaching safepoint: 5900 ns, Cleanup: 13400 ns, At safepoint: 2501 ns, Total: 21801 ns
[5157.457s][info ][safepoint      ] Safepoint "ParallelGCFailedAllocation", Time since last: 3562300712 ns, Reaching safepoint: 81601 ns, Cleanup: 3600 ns, At safepoint: 38400 ns, Total: 123601 ns
[5157.458s][info ][gc,start       ] GC(264) Pause Young (GCLocker Initiated GC)
[5157.478s][debug][gc,phases      ] GC(264) Scavenge 20.615ms
[5157.478s][debug][gc,ref         ] GC(264) Skipped SoftWeakFinalRefsPhase of Reference Processing: no references
[5157.478s][debug][gc,ref         ] GC(264) Skipped KeepAliveFinalRefsPhase of Reference Processing: no references
[5157.478s][debug][gc,ref         ] GC(264) ReferenceProcessor::execute queues: 1, RefProcThreadModel::Single, marks_oops_alive: false
[5157.478s][debug][gc,phases      ] GC(264) Reference Processing 0.093ms
[5157.479s][debug][gc,phases      ] GC(264)   VM Weak                        Min:  0.0, Avg:  0.0, Max:  0.0, Diff:  0.0, Sum:  0.0, Workers: 4
[5157.479s][debug][gc,phases      ] GC(264)     Dead                           Min: 0, Avg:  0.0, Max: 0, Diff: 0, Sum: 0, Workers: 4
[5157.479s][debug][gc,phases      ] GC(264)     Total                          Min: 0, Avg: 278.8, Max: 640, Diff: 640, Sum: 1115, Workers: 4
[5157.479s][debug][gc,phases      ] GC(264)   ObjectSynchronizer Weak        Min:  0.0, Avg:  0.0, Max:  0.0, Diff:  0.0, Sum:  0.0, Workers: 4
[5157.479s][debug][gc,phases      ] GC(264)     Dead                           Min: 0, Avg:  0.0, Max: 0, Diff: 0, Sum: 0, Workers: 4
[5157.479s][debug][gc,phases      ] GC(264)     Total                          Min: 0, Avg:  2.0, Max: 8, Diff: 8, Sum: 8, Workers: 4
[5157.479s][debug][gc,phases      ] GC(264)   JVMTI Tag Weak OopStorage      Min:  0.0, Avg:  0.0, Max:  0.0, Diff:  0.0, Sum:  0.0, Workers: 4
[5157.479s][debug][gc,phases      ] GC(264)     Dead                           Min: 0, Avg:  0.0, Max: 0, Diff: 0, Sum: 0, Workers: 4
[5157.479s][debug][gc,phases      ] GC(264)     Total                          Min: 0, Avg:  0.0, Max: 0, Diff: 0, Sum: 0, Workers: 4
[5157.479s][debug][gc,phases      ] GC(264)   StringTable Weak               Min:  0.0, Avg:  0.1, Max:  0.1, Diff:  0.1, Sum:  0.4, Workers: 4
[5157.479s][debug][gc,phases      ] GC(264)     Dead                           Min: 0, Avg:  0.0, Max: 0, Diff: 0, Sum: 0, Workers: 4
[5157.479s][debug][gc,phases      ] GC(264)     Total                          Min: 0, Avg: 11929.8, Max: 20415, Diff: 20415, Sum: 47719, Workers: 4
[5157.479s][debug][gc,phases      ] GC(264)   ResolvedMethodTable Weak       Min:  0.0, Avg:  0.0, Max:  0.0, Diff:  0.0, Sum:  0.1, Workers: 4
[5157.479s][debug][gc,phases      ] GC(264)     Dead                           Min: 0, Avg:  4.5, Max: 9, Diff: 9, Sum: 18, Workers: 4
[5157.479s][debug][gc,phases      ] GC(264)     Total                          Min: 0, Avg: 4040.8, Max: 6801, Diff: 6801, Sum: 16163, Workers: 4
[5157.479s][debug][gc,phases      ] GC(264)   JNI Weak                       Min:  0.0, Avg:  0.0, Max:  0.0, Diff:  0.0, Sum:  0.0, Workers: 4
[5157.479s][debug][gc,phases      ] GC(264)     Dead                           Min: 0, Avg:  0.0, Max: 0, Diff: 0, Sum: 0, Workers: 4
[5157.479s][debug][gc,phases      ] GC(264)     Total                          Min: 0, Avg: 13.0, Max: 52, Diff: 52, Sum: 52, Workers: 4
[5157.479s][debug][gc,phases      ] GC(264)   StringDedup Table Weak         Min:  0.0, Avg:  0.0, Max:  0.0, Diff:  0.0, Sum:  0.0, Workers: 4
[5157.479s][debug][gc,phases      ] GC(264)     Dead                           Min: 0, Avg:  0.0, Max: 0, Diff: 0, Sum: 0, Workers: 4
[5157.479s][debug][gc,phases      ] GC(264)     Total                          Min: 0, Avg:  0.0, Max: 0, Diff: 0, Sum: 0, Workers: 4
[5157.479s][debug][gc,phases      ] GC(264)   StringDedup Requests0 Weak     Min:  0.0, Avg:  0.0, Max:  0.0, Diff:  0.0, Sum:  0.0, Workers: 4
[5157.479s][debug][gc,phases      ] GC(264)     Dead                           Min: 0, Avg:  0.0, Max: 0, Diff: 0, Sum: 0, Workers: 4
[5157.479s][debug][gc,phases      ] GC(264)     Total                          Min: 0, Avg:  0.0, Max: 0, Diff: 0, Sum: 0, Workers: 4
[5157.479s][debug][gc,phases      ] GC(264)   StringDedup Requests1 Weak     Min:  0.0, Avg:  0.0, Max:  0.0, Diff:  0.0, Sum:  0.0, Workers: 4
[5157.479s][debug][gc,phases      ] GC(264)     Dead                           Min: 0, Avg:  0.0, Max: 0, Diff: 0, Sum: 0, Workers: 4
[5157.479s][debug][gc,phases      ] GC(264)     Total                          Min: 0, Avg:  0.0, Max: 0, Diff: 0, Sum: 0, Workers: 4
[5157.479s][debug][gc,phases      ] GC(264)   Weak JFR Old Object Samples    Min:  0.0, Avg:  0.0, Max:  0.0, Diff:  0.0, Sum:  0.0, Workers: 4
[5157.479s][debug][gc,phases      ] GC(264)     Dead                           Min: 0, Avg:  0.0, Max: 0, Diff: 0, Sum: 0, Workers: 4
[5157.479s][debug][gc,phases      ] GC(264)     Total                          Min: 0, Avg:  0.0, Max: 0, Diff: 0, Sum: 0, Workers: 4
[5157.479s][debug][gc,phases      ] GC(264) Weak Processing 0.354ms
[5157.479s][debug][gc,age         ] GC(264) Desired survivor size 52428800 bytes, new threshold 1 (max threshold 15)
[5157.479s][info ][gc,heap        ] GC(264) PSYoungGen: 2011295K(2042368K)->29024K(2045952K) Eden: 1987231K(1987584K)->0K(1992704K) From: 24064K(54784K)->29024K(53248K)
[5157.479s][info ][gc,heap        ] GC(264) ParOldGen: 1907918K(1908736K)->1924002K(1924096K)
[5157.479s][info ][gc,metaspace   ] GC(264) Metaspace: 111792K(113216K)->111792K(113216K) NonClass: 95183K(96000K)->95183K(96000K) Class: 16609K(17216K)->16609K(17216K)
[5157.479s][info ][gc             ] GC(264) Pause Young (GCLocker Initiated GC) 3827M->1907M(3877M) 21.172ms
[5157.479s][info ][gc,cpu         ] GC(264) User=0.07s Sys=0.01s Real=0.02s
[5157.479s][info ][safepoint      ] Safepoint "ParallelGCSystemGC", Time since last: 74700 ns, Reaching safepoint: 478304 ns, Cleanup: 1100 ns, At safepoint: 21251739 ns, Total: 21731143 ns
[5159.479s][info ][safepoint      ] Safepoint "Cleanup", Time since last: 2000192189 ns, Reaching safepoint: 5801 ns, Cleanup: 9500 ns, At safepoint: 2900 ns, Total: 18201 ns
[5165.104s][info ][safepoint      ] Safepoint "Cleanup", Time since last: 5625275500 ns, Reaching safepoint: 5700 ns, Cleanup: 23400 ns, At safepoint: 2701 ns, Total: 31801 ns
[5169.105s][info ][safepoint      ] Safepoint "Cleanup", Time since last: 4000315660 ns, Reaching safepoint: 6100 ns, Cleanup: 11300 ns, At safepoint: 2800 ns, Total: 20200 ns
[5178.105s][info ][safepoint      ] Safepoint "Cleanup", Time since last: 9000686424 ns, Reaching safepoint: 5200 ns, Cleanup: 10200 ns, At safepoint: 2500 ns, Total: 17900 ns
[5179.211s][info ][gc,start       ] GC(265) Pause Young (Allocation Failure)
[5179.232s][debug][gc,phases      ] GC(265) Scavenge 20.366ms
[5179.232s][debug][gc,ref         ] GC(265) ReferenceProcessor::execute queues: 1, RefProcThreadModel::Single, marks_oops_alive: false
[5179.232s][debug][gc,ref         ] GC(265) Skipped KeepAliveFinalRefsPhase of Reference Processing: no references
[5179.232s][debug][gc,ref         ] GC(265) ReferenceProcessor::execute queues: 1, RefProcThreadModel::Single, marks_oops_alive: false
[5179.232s][debug][gc,phases      ] GC(265) Reference Processing 0.125ms
[5179.232s][debug][gc,phases      ] GC(265)   VM Weak                        Min:  0.0, Avg:  0.0, Max:  0.0, Diff:  0.0, Sum:  0.0, Workers: 4
[5179.232s][debug][gc,phases      ] GC(265)     Dead                           Min: 0, Avg:  0.0, Max: 0, Diff: 0, Sum: 0, Workers: 4
[5179.232s][debug][gc,phases      ] GC(265)     Total                          Min: 0, Avg: 278.8, Max: 768, Diff: 768, Sum: 1115, Workers: 4
[5179.232s][debug][gc,phases      ] GC(265)   ObjectSynchronizer Weak        Min:  0.0, Avg:  0.0, Max:  0.0, Diff:  0.0, Sum:  0.0, Workers: 4
[5179.232s][debug][gc,phases      ] GC(265)     Dead                           Min: 0, Avg:  0.0, Max: 0, Diff: 0, Sum: 0, Workers: 4
[5179.232s][debug][gc,phases      ] GC(265)     Total                          Min: 0, Avg:  1.5, Max: 6, Diff: 6, Sum: 6, Workers: 4
[5179.232s][debug][gc,phases      ] GC(265)   JVMTI Tag Weak OopStorage      Min:  0.0, Avg:  0.0, Max:  0.0, Diff:  0.0, Sum:  0.0, Workers: 4
[5179.232s][debug][gc,phases      ] GC(265)     Dead                           Min: 0, Avg:  0.0, Max: 0, Diff: 0, Sum: 0, Workers: 4
[5179.232s][debug][gc,phases      ] GC(265)     Total                          Min: 0, Avg:  0.0, Max: 0, Diff: 0, Sum: 0, Workers: 4
[5179.232s][debug][gc,phases      ] GC(265)   StringTable Weak               Min:  0.0, Avg:  0.1, Max:  0.1, Diff:  0.1, Sum:  0.4, Workers: 4
[5179.232s][debug][gc,phases      ] GC(265)     Dead                           Min: 0, Avg:  0.2, Max: 1, Diff: 1, Sum: 1, Workers: 4
[5179.232s][debug][gc,phases      ] GC(265)     Total                          Min: 0, Avg: 11933.5, Max: 20607, Diff: 20607, Sum: 47734, Workers: 4
[5179.232s][debug][gc,phases      ] GC(265)   ResolvedMethodTable Weak       Min:  0.0, Avg:  0.0, Max:  0.0, Diff:  0.0, Sum:  0.1, Workers: 4
[5179.232s][debug][gc,phases      ] GC(265)     Dead                           Min: 0, Avg:  4.2, Max: 10, Diff: 10, Sum: 17, Workers: 4
[5179.232s][debug][gc,phases      ] GC(265)     Total                          Min: 0, Avg: 4041.5, Max: 6928, Diff: 6928, Sum: 16166, Workers: 4
[5179.232s][debug][gc,phases      ] GC(265)   JNI Weak                       Min:  0.0, Avg:  0.0, Max:  0.0, Diff:  0.0, Sum:  0.0, Workers: 4
[5179.232s][debug][gc,phases      ] GC(265)     Dead                           Min: 0, Avg:  0.0, Max: 0, Diff: 0, Sum: 0, Workers: 4
[5179.232s][debug][gc,phases      ] GC(265)     Total                          Min: 0, Avg: 13.0, Max: 52, Diff: 52, Sum: 52, Workers: 4
[5179.232s][debug][gc,phases      ] GC(265)   StringDedup Table Weak         Min:  0.0, Avg:  0.0, Max:  0.0, Diff:  0.0, Sum:  0.0, Workers: 4
[5179.232s][debug][gc,phases      ] GC(265)     Dead                           Min: 0, Avg:  0.0, Max: 0, Diff: 0, Sum: 0, Workers: 4
[5179.232s][debug][gc,phases      ] GC(265)     Total                          Min: 0, Avg:  0.0, Max: 0, Diff: 0, Sum: 0, Workers: 4
[5179.232s][debug][gc,phases      ] GC(265)   StringDedup Requests0 Weak     Min:  0.0, Avg:  0.0, Max:  0.0, Diff:  0.0, Sum:  0.0, Workers: 4
[5179.232s][debug][gc,phases      ] GC(265)     Dead                           Min: 0, Avg:  0.0, Max: 0, Diff: 0, Sum: 0, Workers: 4
[5179.232s][debug][gc,phases      ] GC(265)     Total                          Min: 0, Avg:  0.0, Max: 0, Diff: 0, Sum: 0, Workers: 4
[5179.232s][debug][gc,phases      ] GC(265)   StringDedup Requests1 Weak     Min:  0.0, Avg:  0.0, Max:  0.0, Diff:  0.0, Sum:  0.0, Workers: 4
[5179.232s][debug][gc,phases      ] GC(265)     Dead                           Min: 0, Avg:  0.0, Max: 0, Diff: 0, Sum: 0, Workers: 4
[5179.232s][debug][gc,phases      ] GC(265)     Total                          Min: 0, Avg:  0.0, Max: 0, Diff: 0, Sum: 0, Workers: 4
[5179.232s][debug][gc,phases      ] GC(265)   Weak JFR Old Object Samples    Min:  0.0, Avg:  0.0, Max:  0.0, Diff:  0.0, Sum:  0.0, Workers: 4
[5179.232s][debug][gc,phases      ] GC(265)     Dead                           Min: 0, Avg:  0.0, Max: 0, Diff: 0, Sum: 0, Workers: 4
[5179.232s][debug][gc,phases      ] GC(265)     Total                          Min: 0, Avg:  0.0, Max: 0, Diff: 0, Sum: 0, Workers: 4
[5179.232s][debug][gc,phases      ] GC(265) Weak Processing 0.358ms
[5179.232s][debug][gc,age         ] GC(265) Desired survivor size 51380224 bytes, new threshold 1 (max threshold 15)
[5179.232s][info ][gc,heap        ] GC(265) PSYoungGen: 2021728K(2045952K)->22240K(2043904K) Eden: 1992704K(1992704K)->0K(1992704K) From: 29024K(53248K)->22240K(51200K)
[5179.232s][info ][gc,heap        ] GC(265) ParOldGen: 1924004K(1924096K)->1948221K(1948672K)
[5179.232s][info ][gc,metaspace   ] GC(265) Metaspace: 111808K(113216K)->111808K(113216K) NonClass: 95197K(96000K)->95197K(96000K) Class: 16610K(17216K)->16610K(17216K)
[5179.232s][info ][gc             ] GC(265) Pause Young (Allocation Failure) 3853M->1924M(3899M) 20.970ms
[5179.232s][info ][gc,cpu         ] GC(265) User=0.06s Sys=0.01s Real=0.02s
[5179.232s][info ][safepoint      ] Safepoint "ParallelGCFailedAllocation", Time since last: 1105731445 ns, Reaching safepoint: 80901 ns, Cleanup: 4100 ns, At safepoint: 21036739 ns, Total: 21121740 ns
[5182.233s][info ][safepoint      ] Safepoint "Cleanup", Time since last: 3000226630 ns, Reaching safepoint: 6900 ns, Cleanup: 12700 ns, At safepoint: 2900 ns, Total: 22500 ns
[5186.233s][info ][safepoint      ] Safepoint "Cleanup", Time since last: 4000339031 ns, Reaching safepoint: 7100 ns, Cleanup: 9200 ns, At safepoint: 2300 ns, Total: 18600 ns
[5189.233s][info ][safepoint      ] Safepoint "Cleanup", Time since last: 3000244541 ns, Reaching safepoint: 6400 ns, Cleanup: 11200 ns, At safepoint: 2900 ns, Total: 20500 ns
[5190.233s][info ][safepoint      ] Safepoint "Cleanup", Time since last: 1000106681 ns, Reaching safepoint: 5300 ns, Cleanup: 19500 ns, At safepoint: 2400 ns, Total: 27200 ns
[5191.233s][info ][safepoint      ] Safepoint "Cleanup", Time since last: 1000101880 ns, Reaching safepoint: 5800 ns, Cleanup: 15200 ns, At safepoint: 2500 ns, Total: 23500 ns
[5193.234s][info ][safepoint      ] Safepoint "Cleanup", Time since last: 2000206380 ns, Reaching safepoint: 5900 ns, Cleanup: 7100 ns, At safepoint: 2900 ns, Total: 15900 ns
[5195.234s][info ][safepoint      ] Safepoint "Cleanup", Time since last: 2000175939 ns, Reaching safepoint: 5400 ns, Cleanup: 13600 ns, At safepoint: 2400 ns, Total: 21400 ns
[5196.234s][info ][safepoint      ] Safepoint "Cleanup", Time since last: 1000110720 ns, Reaching safepoint: 5900 ns, Cleanup: 13400 ns, At safepoint: 2900 ns, Total: 22200 ns
[5197.234s][info ][safepoint      ] Safepoint "Cleanup", Time since last: 1000081820 ns, Reaching safepoint: 5700 ns, Cleanup: 9900 ns, At safepoint: 2400 ns, Total: 18000 ns
[5199.234s][info ][safepoint      ] Safepoint "Cleanup", Time since last: 2000229039 ns, Reaching safepoint: 7000 ns, Cleanup: 10700 ns, At safepoint: 2700 ns, Total: 20400 ns
[5200.235s][info ][safepoint      ] Safepoint "Cleanup", Time since last: 1000109220 ns, Reaching safepoint: 5800 ns, Cleanup: 26500 ns, At safepoint: 2800 ns, Total: 35100 ns
[5201.235s][info ][safepoint      ] Safepoint "Cleanup", Time since last: 1000128427 ns, Reaching safepoint: 6100 ns, Cleanup: 10901 ns, At safepoint: 2600 ns, Total: 19601 ns
[5205.462s][info ][gc,start       ] GC(266) Pause Young (Allocation Failure)
[5205.479s][debug][gc,phases      ] GC(266) Scavenge 16.794ms
[5205.479s][debug][gc,ref         ] GC(266) ReferenceProcessor::execute queues: 1, RefProcThreadModel::Single, marks_oops_alive: false
[5205.479s][debug][gc,ref         ] GC(266) Skipped KeepAliveFinalRefsPhase of Reference Processing: no references
[5205.479s][debug][gc,ref         ] GC(266) ReferenceProcessor::execute queues: 1, RefProcThreadModel::Single, marks_oops_alive: false
[5205.479s][debug][gc,phases      ] GC(266) Reference Processing 0.101ms
[5205.479s][debug][gc,phases      ] GC(266)   VM Weak                        Min:  0.0, Avg:  0.0, Max:  0.0, Diff:  0.0, Sum:  0.0, Workers: 4
[5205.479s][debug][gc,phases      ] GC(266)     Dead                           Min: 0, Avg:  0.0, Max: 0, Diff: 0, Sum: 0, Workers: 4
[5205.479s][debug][gc,phases      ] GC(266)     Total                          Min: 0, Avg: 278.8, Max: 704, Diff: 704, Sum: 1115, Workers: 4
[5205.479s][debug][gc,phases      ] GC(266)   ObjectSynchronizer Weak        Min:  0.0, Avg:  0.0, Max:  0.0, Diff:  0.0, Sum:  0.0, Workers: 4
[5205.479s][debug][gc,phases      ] GC(266)     Dead                           Min: 0, Avg:  0.0, Max: 0, Diff: 0, Sum: 0, Workers: 4
[5205.479s][debug][gc,phases      ] GC(266)     Total                          Min: 0, Avg:  1.8, Max: 7, Diff: 7, Sum: 7, Workers: 4
[5205.479s][debug][gc,phases      ] GC(266)   JVMTI Tag Weak OopStorage      Min:  0.0, Avg:  0.0, Max:  0.0, Diff:  0.0, Sum:  0.0, Workers: 4
[5205.479s][debug][gc,phases      ] GC(266)     Dead                           Min: 0, Avg:  0.0, Max: 0, Diff: 0, Sum: 0, Workers: 4
[5205.479s][debug][gc,phases      ] GC(266)     Total                          Min: 0, Avg:  0.0, Max: 0, Diff: 0, Sum: 0, Workers: 4
[5205.479s][debug][gc,phases      ] GC(266)   StringTable Weak               Min:  0.0, Avg:  0.1, Max:  0.1, Diff:  0.1, Sum:  0.4, Workers: 4
[5205.479s][debug][gc,phases      ] GC(266)     Dead                           Min: 0, Avg:  0.0, Max: 0, Diff: 0, Sum: 0, Workers: 4
[5205.479s][debug][gc,phases      ] GC(266)     Total                          Min: 0, Avg: 11933.5, Max: 20096, Diff: 20096, Sum: 47734, Workers: 4
[5205.479s][debug][gc,phases      ] GC(266)   ResolvedMethodTable Weak       Min:  0.0, Avg:  0.0, Max:  0.0, Diff:  0.0, Sum:  0.1, Workers: 4
[5205.479s][debug][gc,phases      ] GC(266)     Dead                           Min: 0, Avg:  4.0, Max: 14, Diff: 14, Sum: 16, Workers: 4
[5205.479s][debug][gc,phases      ] GC(266)     Total                          Min: 0, Avg: 4041.5, Max: 6994, Diff: 6994, Sum: 16166, Workers: 4
[5205.479s][debug][gc,phases      ] GC(266)   JNI Weak                       Min:  0.0, Avg:  0.0, Max:  0.0, Diff:  0.0, Sum:  0.0, Workers: 4
[5205.479s][debug][gc,phases      ] GC(266)     Dead                           Min: 0, Avg:  0.0, Max: 0, Diff: 0, Sum: 0, Workers: 4
[5205.479s][debug][gc,phases      ] GC(266)     Total                          Min: 0, Avg: 13.0, Max: 52, Diff: 52, Sum: 52, Workers: 4
[5205.479s][debug][gc,phases      ] GC(266)   StringDedup Table Weak         Min:  0.0, Avg:  0.0, Max:  0.0, Diff:  0.0, Sum:  0.0, Workers: 4
[5205.479s][debug][gc,phases      ] GC(266)     Dead                           Min: 0, Avg:  0.0, Max: 0, Diff: 0, Sum: 0, Workers: 4
[5205.479s][debug][gc,phases      ] GC(266)     Total                          Min: 0, Avg:  0.0, Max: 0, Diff: 0, Sum: 0, Workers: 4
[5205.479s][debug][gc,phases      ] GC(266)   StringDedup Requests0 Weak     Min:  0.0, Avg:  0.0, Max:  0.0, Diff:  0.0, Sum:  0.0, Workers: 4
[5205.479s][debug][gc,phases      ] GC(266)     Dead                           Min: 0, Avg:  0.0, Max: 0, Diff: 0, Sum: 0, Workers: 4
[5205.479s][debug][gc,phases      ] GC(266)     Total                          Min: 0, Avg:  0.0, Max: 0, Diff: 0, Sum: 0, Workers: 4
[5205.479s][debug][gc,phases      ] GC(266)   StringDedup Requests1 Weak     Min:  0.0, Avg:  0.0, Max:  0.0, Diff:  0.0, Sum:  0.0, Workers: 4
[5205.479s][debug][gc,phases      ] GC(266)     Dead                           Min: 0, Avg:  0.0, Max: 0, Diff: 0, Sum: 0, Workers: 4
[5205.479s][debug][gc,phases      ] GC(266)     Total                          Min: 0, Avg:  0.0, Max: 0, Diff: 0, Sum: 0, Workers: 4
[5205.479s][debug][gc,phases      ] GC(266)   Weak JFR Old Object Samples    Min:  0.0, Avg:  0.0, Max:  0.0, Diff:  0.0, Sum:  0.0, Workers: 4
[5205.479s][debug][gc,phases      ] GC(266)     Dead                           Min: 0, Avg:  0.0, Max: 0, Diff: 0, Sum: 0, Workers: 4
[5205.479s][debug][gc,phases      ] GC(266)     Total                          Min: 0, Avg:  0.0, Max: 0, Diff: 0, Sum: 0, Workers: 4
[5205.480s][debug][gc,phases      ] GC(266) Weak Processing 0.347ms
[5205.480s][debug][gc,age         ] GC(266) Desired survivor size 50855936 bytes, new threshold 1 (max threshold 15)
[5205.480s][info ][gc,heap        ] GC(266) PSYoungGen: 2014944K(2043904K)->17920K(2047488K) Eden: 1992704K(1992704K)->0K(1997312K) From: 22240K(51200K)->17920K(50176K)
[5205.480s][info ][gc,heap        ] GC(266) ParOldGen: 1948221K(1948672K)->1967022K(1967104K)
[5205.480s][info ][gc,metaspace   ] GC(266) Metaspace: 111819K(113216K)->111819K(113216K) NonClass: 95209K(96000K)->95209K(96000K) Class: 16610K(17216K)->16610K(17216K)
[5205.480s][info ][gc             ] GC(266) Pause Young (Allocation Failure) 3870M->1938M(3920M) 17.361ms
[5205.480s][info ][gc,cpu         ] GC(266) User=0.05s Sys=0.01s Real=0.01s
[5205.480s][info ][safepoint      ] Safepoint "ParallelGCFailedAllocation", Time since last: 4227483725 ns, Reaching safepoint: 6200 ns, Cleanup: 3800 ns, At safepoint: 17422214 ns, Total: 17432214 ns
[5210.480s][info ][safepoint      ] Safepoint "Cleanup", Time since last: 5000364838 ns, Reaching safepoint: 5900 ns, Cleanup: 7900 ns, At safepoint: 2700 ns, Total: 16500 ns
[5215.480s][info ][safepoint      ] Safepoint "Cleanup", Time since last: 5000377728 ns, Reaching safepoint: 5500 ns, Cleanup: 8500 ns, At safepoint: 2300 ns, Total: 16300 ns
[5221.481s][info ][safepoint      ] Safepoint "Cleanup", Time since last: 6000451253 ns, Reaching safepoint: 6600 ns, Cleanup: 10400 ns, At safepoint: 2700 ns, Total: 19700 ns
[5226.127s][info ][safepoint      ] Safepoint "Cleanup", Time since last: 4646302825 ns, Reaching safepoint: 6400 ns, Cleanup: 19200 ns, At safepoint: 2800 ns, Total: 28400 ns
[5227.122s][info ][safepoint      ] Safepoint "ParallelGCFailedAllocation", Time since last: 994582342 ns, Reaching safepoint: 4800 ns, Cleanup: 7800 ns, At safepoint: 6600 ns, Total: 19200 ns
[5227.122s][info ][gc,start       ] GC(267) Pause Young (GCLocker Initiated GC)
[5227.143s][debug][gc,phases      ] GC(267) Scavenge 20.770ms
[5227.143s][debug][gc,ref         ] GC(267) ReferenceProcessor::execute queues: 1, RefProcThreadModel::Single, marks_oops_alive: false
[5227.143s][debug][gc,ref         ] GC(267) Skipped KeepAliveFinalRefsPhase of Reference Processing: no references
[5227.143s][debug][gc,ref         ] GC(267) ReferenceProcessor::execute queues: 1, RefProcThreadModel::Single, marks_oops_alive: false
[5227.143s][debug][gc,phases      ] GC(267) Reference Processing 0.146ms
[5227.143s][debug][gc,phases      ] GC(267)   VM Weak                        Min:  0.0, Avg:  0.0, Max:  0.0, Diff:  0.0, Sum:  0.0, Workers: 4
[5227.143s][debug][gc,phases      ] GC(267)     Dead                           Min: 0, Avg:  0.0, Max: 0, Diff: 0, Sum: 0, Workers: 4
[5227.143s][debug][gc,phases      ] GC(267)     Total                          Min: 0, Avg: 278.8, Max: 768, Diff: 768, Sum: 1115, Workers: 4
[5227.143s][debug][gc,phases      ] GC(267)   ObjectSynchronizer Weak        Min:  0.0, Avg:  0.0, Max:  0.0, Diff:  0.0, Sum:  0.0, Workers: 4
[5227.143s][debug][gc,phases      ] GC(267)     Dead                           Min: 0, Avg:  0.0, Max: 0, Diff: 0, Sum: 0, Workers: 4
[5227.143s][debug][gc,phases      ] GC(267)     Total                          Min: 0, Avg:  1.0, Max: 4, Diff: 4, Sum: 4, Workers: 4
[5227.143s][debug][gc,phases      ] GC(267)   JVMTI Tag Weak OopStorage      Min:  0.0, Avg:  0.0, Max:  0.0, Diff:  0.0, Sum:  0.0, Workers: 4
[5227.143s][debug][gc,phases      ] GC(267)     Dead                           Min: 0, Avg:  0.0, Max: 0, Diff: 0, Sum: 0, Workers: 4
[5227.143s][debug][gc,phases      ] GC(267)     Total                          Min: 0, Avg:  0.0, Max: 0, Diff: 0, Sum: 0, Workers: 4
[5227.143s][debug][gc,phases      ] GC(267)   StringTable Weak               Min:  0.0, Avg:  0.1, Max:  0.2, Diff:  0.2, Sum:  0.4, Workers: 4
[5227.143s][debug][gc,phases      ] GC(267)     Dead                           Min: 0, Avg:  0.0, Max: 0, Diff: 0, Sum: 0, Workers: 4
[5227.143s][debug][gc,phases      ] GC(267)     Total                          Min: 0, Avg: 11933.8, Max: 23999, Diff: 23999, Sum: 47735, Workers: 4
[5227.143s][debug][gc,phases      ] GC(267)   ResolvedMethodTable Weak       Min:  0.0, Avg:  0.0, Max:  0.1, Diff:  0.1, Sum:  0.1, Workers: 4
[5227.143s][debug][gc,phases      ] GC(267)     Dead                           Min: 0, Avg:  4.0, Max: 13, Diff: 13, Sum: 16, Workers: 4
[5227.143s][debug][gc,phases      ] GC(267)     Total                          Min: 0, Avg: 4041.5, Max: 8391, Diff: 8391, Sum: 16166, Workers: 4
[5227.143s][debug][gc,phases      ] GC(267)   JNI Weak                       Min:  0.0, Avg:  0.0, Max:  0.0, Diff:  0.0, Sum:  0.0, Workers: 4
[5227.143s][debug][gc,phases      ] GC(267)     Dead                           Min: 0, Avg:  0.0, Max: 0, Diff: 0, Sum: 0, Workers: 4
[5227.143s][debug][gc,phases      ] GC(267)     Total                          Min: 0, Avg: 13.0, Max: 52, Diff: 52, Sum: 52, Workers: 4
[5227.143s][debug][gc,phases      ] GC(267)   StringDedup Table Weak         Min:  0.0, Avg:  0.0, Max:  0.0, Diff:  0.0, Sum:  0.0, Workers: 4
[5227.143s][debug][gc,phases      ] GC(267)     Dead                           Min: 0, Avg:  0.0, Max: 0, Diff: 0, Sum: 0, Workers: 4
[5227.143s][debug][gc,phases      ] GC(267)     Total                          Min: 0, Avg:  0.0, Max: 0, Diff: 0, Sum: 0, Workers: 4
[5227.143s][debug][gc,phases      ] GC(267)   StringDedup Requests0 Weak     Min:  0.0, Avg:  0.0, Max:  0.0, Diff:  0.0, Sum:  0.0, Workers: 4
[5227.143s][debug][gc,phases      ] GC(267)     Dead                           Min: 0, Avg:  0.0, Max: 0, Diff: 0, Sum: 0, Workers: 4
[5227.143s][debug][gc,phases      ] GC(267)     Total                          Min: 0, Avg:  0.0, Max: 0, Diff: 0, Sum: 0, Workers: 4
[5227.143s][debug][gc,phases      ] GC(267)   StringDedup Requests1 Weak     Min:  0.0, Avg:  0.0, Max:  0.0, Diff:  0.0, Sum:  0.0, Workers: 4
[5227.143s][debug][gc,phases      ] GC(267)     Dead                           Min: 0, Avg:  0.0, Max: 0, Diff: 0, Sum: 0, Workers: 4
[5227.143s][debug][gc,phases      ] GC(267)     Total                          Min: 0, Avg:  0.0, Max: 0, Diff: 0, Sum: 0, Workers: 4
[5227.143s][debug][gc,phases      ] GC(267)   Weak JFR Old Object Samples    Min:  0.0, Avg:  0.0, Max:  0.0, Diff:  0.0, Sum:  0.0, Workers: 4
[5227.143s][debug][gc,phases      ] GC(267)     Dead                           Min: 0, Avg:  0.0, Max: 0, Diff: 0, Sum: 0, Workers: 4
[5227.143s][debug][gc,phases      ] GC(267)     Total                          Min: 0, Avg:  0.0, Max: 0, Diff: 0, Sum: 0, Workers: 4
[5227.143s][debug][gc,phases      ] GC(267) Weak Processing 0.585ms
[5227.143s][debug][gc,age         ] GC(267) Desired survivor size 49283072 bytes, new threshold 1 (max threshold 15)
[5227.144s][info ][gc,heap        ] GC(267) PSYoungGen: 2015232K(2047488K)->24053K(2046976K) Eden: 1997312K(1997312K)->0K(1997312K) From: 17920K(50176K)->24053K(49664K)
[5227.144s][info ][gc,heap        ] GC(267) ParOldGen: 1967050K(1967104K)->1980918K(1980928K)
[5227.144s][info ][gc,metaspace   ] GC(267) Metaspace: 111836K(113216K)->111836K(113216K) NonClass: 95226K(96000K)->95226K(96000K) Class: 16610K(17216K)->16610K(17216K)
[5227.144s][info ][gc             ] GC(267) Pause Young (GCLocker Initiated GC) 3888M->1957M(3933M) 21.620ms
[5227.144s][info ][gc,cpu         ] GC(267) User=0.06s Sys=0.01s Real=0.02s
[5227.144s][info ][safepoint      ] Safepoint "ParallelGCSystemGC", Time since last: 65100 ns, Reaching safepoint: 73701 ns, Cleanup: 500 ns, At safepoint: 21692440 ns, Total: 21766641 ns
[5228.144s][info ][safepoint      ] Safepoint "Cleanup", Time since last: 1000116377 ns, Reaching safepoint: 6000 ns, Cleanup: 10700 ns, At safepoint: 2900 ns, Total: 19600 ns
[5232.144s][info ][safepoint      ] Safepoint "Cleanup", Time since last: 4000321008 ns, Reaching safepoint: 5900 ns, Cleanup: 7700 ns, At safepoint: 2700 ns, Total: 16300 ns
[5234.144s][info ][safepoint      ] Safepoint "Cleanup", Time since last: 2000174414 ns, Reaching safepoint: 6100 ns, Cleanup: 10500 ns, At safepoint: 2300 ns, Total: 18900 ns
[5237.145s][info ][safepoint      ] Safepoint "Cleanup", Time since last: 3000241164 ns, Reaching safepoint: 5700 ns, Cleanup: 8700 ns, At safepoint: 2200 ns, Total: 16600 ns
[5238.145s][info ][safepoint      ] Safepoint "Cleanup", Time since last: 1000104021 ns, Reaching safepoint: 5200 ns, Cleanup: 12400 ns, At safepoint: 2401 ns, Total: 20001 ns
[5251.146s][info ][safepoint      ] Safepoint "Cleanup", Time since last: 13000927047 ns, Reaching safepoint: 5900 ns, Cleanup: 9000 ns, At safepoint: 2800 ns, Total: 17700 ns
[5257.165s][info ][gc,start       ] GC(268) Pause Young (Allocation Failure)
[5257.182s][debug][gc,phases      ] GC(268) Scavenge 16.110ms
[5257.182s][debug][gc,ref         ] GC(268) ReferenceProcessor::execute queues: 1, RefProcThreadModel::Single, marks_oops_alive: false
[5257.182s][debug][gc,ref         ] GC(268) Skipped KeepAliveFinalRefsPhase of Reference Processing: no references
[5257.182s][debug][gc,ref         ] GC(268) ReferenceProcessor::execute queues: 1, RefProcThreadModel::Single, marks_oops_alive: false
[5257.182s][debug][gc,phases      ] GC(268) Reference Processing 0.092ms
[5257.182s][debug][gc,phases      ] GC(268)   VM Weak                        Min:  0.0, Avg:  0.0, Max:  0.0, Diff:  0.0, Sum:  0.0, Workers: 4
[5257.182s][debug][gc,phases      ] GC(268)     Dead                           Min: 0, Avg:  0.0, Max: 0, Diff: 0, Sum: 0, Workers: 4
[5257.182s][debug][gc,phases      ] GC(268)     Total                          Min: 0, Avg: 278.8, Max: 987, Diff: 987, Sum: 1115, Workers: 4
[5257.182s][debug][gc,phases      ] GC(268)   ObjectSynchronizer Weak        Min:  0.0, Avg:  0.0, Max:  0.0, Diff:  0.0, Sum:  0.0, Workers: 4
[5257.182s][debug][gc,phases      ] GC(268)     Dead                           Min: 0, Avg:  0.0, Max: 0, Diff: 0, Sum: 0, Workers: 4
[5257.182s][debug][gc,phases      ] GC(268)     Total                          Min: 0, Avg:  1.2, Max: 5, Diff: 5, Sum: 5, Workers: 4
[5257.182s][debug][gc,phases      ] GC(268)   JVMTI Tag Weak OopStorage      Min:  0.0, Avg:  0.0, Max:  0.0, Diff:  0.0, Sum:  0.0, Workers: 4
[5257.182s][debug][gc,phases      ] GC(268)     Dead                           Min: 0, Avg:  0.0, Max: 0, Diff: 0, Sum: 0, Workers: 4
[5257.182s][debug][gc,phases      ] GC(268)     Total                          Min: 0, Avg:  0.0, Max: 0, Diff: 0, Sum: 0, Workers: 4
[5257.182s][debug][gc,phases      ] GC(268)   StringTable Weak               Min:  0.0, Avg:  0.1, Max:  0.1, Diff:  0.1, Sum:  0.4, Workers: 4
[5257.182s][debug][gc,phases      ] GC(268)     Dead                           Min: 0, Avg:  0.0, Max: 0, Diff: 0, Sum: 0, Workers: 4
[5257.182s][debug][gc,phases      ] GC(268)     Total                          Min: 0, Avg: 11934.2, Max: 19711, Diff: 19711, Sum: 47737, Workers: 4
[5257.182s][debug][gc,phases      ] GC(268)   ResolvedMethodTable Weak       Min:  0.0, Avg:  0.0, Max:  0.0, Diff:  0.0, Sum:  0.1, Workers: 4
[5257.182s][debug][gc,phases      ] GC(268)     Dead                           Min: 0, Avg:  4.0, Max: 9, Diff: 9, Sum: 16, Workers: 4
[5257.182s][debug][gc,phases      ] GC(268)     Total                          Min: 0, Avg: 4042.0, Max: 6808, Diff: 6808, Sum: 16168, Workers: 4
[5257.182s][debug][gc,phases      ] GC(268)   JNI Weak                       Min:  0.0, Avg:  0.0, Max:  0.0, Diff:  0.0, Sum:  0.0, Workers: 4
[5257.182s][debug][gc,phases      ] GC(268)     Dead                           Min: 0, Avg:  0.0, Max: 0, Diff: 0, Sum: 0, Workers: 4
[5257.182s][debug][gc,phases      ] GC(268)     Total                          Min: 0, Avg: 13.0, Max: 52, Diff: 52, Sum: 52, Workers: 4
[5257.182s][debug][gc,phases      ] GC(268)   StringDedup Table Weak         Min:  0.0, Avg:  0.0, Max:  0.0, Diff:  0.0, Sum:  0.0, Workers: 4
[5257.182s][debug][gc,phases      ] GC(268)     Dead                           Min: 0, Avg:  0.0, Max: 0, Diff: 0, Sum: 0, Workers: 4
[5257.182s][debug][gc,phases      ] GC(268)     Total                          Min: 0, Avg:  0.0, Max: 0, Diff: 0, Sum: 0, Workers: 4
[5257.182s][debug][gc,phases      ] GC(268)   StringDedup Requests0 Weak     Min:  0.0, Avg:  0.0, Max:  0.0, Diff:  0.0, Sum:  0.0, Workers: 4
[5257.182s][debug][gc,phases      ] GC(268)     Dead                           Min: 0, Avg:  0.0, Max: 0, Diff: 0, Sum: 0, Workers: 4
[5257.182s][debug][gc,phases      ] GC(268)     Total                          Min: 0, Avg:  0.0, Max: 0, Diff: 0, Sum: 0, Workers: 4
[5257.182s][debug][gc,phases      ] GC(268)   StringDedup Requests1 Weak     Min:  0.0, Avg:  0.0, Max:  0.0, Diff:  0.0, Sum:  0.0, Workers: 4
[5257.182s][debug][gc,phases      ] GC(268)     Dead                           Min: 0, Avg:  0.0, Max: 0, Diff: 0, Sum: 0, Workers: 4
[5257.182s][debug][gc,phases      ] GC(268)     Total                          Min: 0, Avg:  0.0, Max: 0, Diff: 0, Sum: 0, Workers: 4
[5257.182s][debug][gc,phases      ] GC(268)   Weak JFR Old Object Samples    Min:  0.0, Avg:  0.0, Max:  0.0, Diff:  0.0, Sum:  0.0, Workers: 4
[5257.182s][debug][gc,phases      ] GC(268)     Dead                           Min: 0, Avg:  0.0, Max: 0, Diff: 0, Sum: 0, Workers: 4
[5257.182s][debug][gc,phases      ] GC(268)     Total                          Min: 0, Avg:  0.0, Max: 0, Diff: 0, Sum: 0, Workers: 4
[5257.182s][debug][gc,phases      ] GC(268) Weak Processing 0.365ms
[5257.182s][debug][gc,age         ] GC(268) Desired survivor size 48758784 bytes, new threshold 1 (max threshold 15)
[5257.182s][info ][gc,heap        ] GC(268) PSYoungGen: 2021365K(2046976K)->16640K(2049536K) Eden: 1997312K(1997312K)->0K(2001408K) From: 24053K(49664K)->16640K(48128K)
[5257.182s][info ][gc,heap        ] GC(268) ParOldGen: 1980920K(1980928K)->1998700K(1998848K)
[5257.182s][info ][gc,metaspace   ] GC(268) Metaspace: 111848K(113280K)->111848K(113280K) NonClass: 95237K(96064K)->95237K(96064K) Class: 16611K(17216K)->16611K(17216K)
[5257.182s][info ][gc             ] GC(268) Pause Young (Allocation Failure) 3908M->1968M(3953M) 16.695ms
[5257.182s][info ][gc,cpu         ] GC(268) User=0.06s Sys=0.01s Real=0.02s
[5257.182s][info ][safepoint      ] Safepoint "ParallelGCFailedAllocation", Time since last: 6019791215 ns, Reaching safepoint: 6100 ns, Cleanup: 3700 ns, At safepoint: 16771309 ns, Total: 16781109 ns
[5263.183s][info ][safepoint      ] Safepoint "Cleanup", Time since last: 6000494641 ns, Reaching safepoint: 6500 ns, Cleanup: 9100 ns, At safepoint: 2400 ns, Total: 18000 ns
[5264.183s][info ][safepoint      ] Safepoint "Cleanup", Time since last: 1000114424 ns, Reaching safepoint: 6000 ns, Cleanup: 9100 ns, At safepoint: 2400 ns, Total: 17500 ns
[5268.183s][info ][safepoint      ] Safepoint "Cleanup", Time since last: 4000341498 ns, Reaching safepoint: 6200 ns, Cleanup: 11600 ns, At safepoint: 2400 ns, Total: 20200 ns
[5270.183s][info ][safepoint      ] Safepoint "Cleanup", Time since last: 2000176049 ns, Reaching safepoint: 6100 ns, Cleanup: 10900 ns, At safepoint: 2400 ns, Total: 19400 ns
[5277.184s][info ][safepoint      ] Safepoint "Cleanup", Time since last: 7000564899 ns, Reaching safepoint: 6700 ns, Cleanup: 12001 ns, At safepoint: 2800 ns, Total: 21501 ns
[5298.863s][info ][safepoint      ] Safepoint "ParallelGCFailedAllocation", Time since last: 21678959229 ns, Reaching safepoint: 5100 ns, Cleanup: 3300 ns, At safepoint: 23200 ns, Total: 31600 ns
[5298.863s][info ][gc,start       ] GC(269) Pause Young (GCLocker Initiated GC)
[5298.877s][debug][gc,phases      ] GC(269) Scavenge 13.267ms
[5298.877s][debug][gc,ref         ] GC(269) ReferenceProcessor::execute queues: 1, RefProcThreadModel::Single, marks_oops_alive: false
[5298.877s][debug][gc,ref         ] GC(269) Skipped KeepAliveFinalRefsPhase of Reference Processing: no references
[5298.877s][debug][gc,ref         ] GC(269) ReferenceProcessor::execute queues: 1, RefProcThreadModel::Single, marks_oops_alive: false
[5298.877s][debug][gc,phases      ] GC(269) Reference Processing 0.097ms
[5298.877s][debug][gc,phases      ] GC(269)   VM Weak                        Min:  0.0, Avg:  0.0, Max:  0.0, Diff:  0.0, Sum:  0.0, Workers: 4
[5298.877s][debug][gc,phases      ] GC(269)     Dead                           Min: 0, Avg:  0.0, Max: 0, Diff: 0, Sum: 0, Workers: 4
[5298.877s][debug][gc,phases      ] GC(269)     Total                          Min: 0, Avg: 278.8, Max: 859, Diff: 859, Sum: 1115, Workers: 4
[5298.877s][debug][gc,phases      ] GC(269)   ObjectSynchronizer Weak        Min:  0.0, Avg:  0.0, Max:  0.0, Diff:  0.0, Sum:  0.0, Workers: 4
[5298.877s][debug][gc,phases      ] GC(269)     Dead                           Min: 0, Avg:  0.0, Max: 0, Diff: 0, Sum: 0, Workers: 4
[5298.877s][debug][gc,phases      ] GC(269)     Total                          Min: 0, Avg:  0.8, Max: 3, Diff: 3, Sum: 3, Workers: 4
[5298.877s][debug][gc,phases      ] GC(269)   JVMTI Tag Weak OopStorage      Min:  0.0, Avg:  0.0, Max:  0.0, Diff:  0.0, Sum:  0.0, Workers: 4
[5298.877s][debug][gc,phases      ] GC(269)     Dead                           Min: 0, Avg:  0.0, Max: 0, Diff: 0, Sum: 0, Workers: 4
[5298.877s][debug][gc,phases      ] GC(269)     Total                          Min: 0, Avg:  0.0, Max: 0, Diff: 0, Sum: 0, Workers: 4
[5298.877s][debug][gc,phases      ] GC(269)   StringTable Weak               Min:  0.0, Avg:  0.1, Max:  0.2, Diff:  0.2, Sum:  0.4, Workers: 4
[5298.877s][debug][gc,phases      ] GC(269)     Dead                           Min: 0, Avg:  0.0, Max: 0, Diff: 0, Sum: 0, Workers: 4
[5298.877s][debug][gc,phases      ] GC(269)     Total                          Min: 0, Avg: 11934.2, Max: 16250, Diff: 16250, Sum: 47737, Workers: 4
[5298.877s][debug][gc,phases      ] GC(269)   ResolvedMethodTable Weak       Min:  0.0, Avg:  0.0, Max:  0.1, Diff:  0.1, Sum:  0.2, Workers: 4
[5298.877s][debug][gc,phases      ] GC(269)     Dead                           Min: 0, Avg:  4.0, Max: 9, Diff: 9, Sum: 16, Workers: 4
[5298.877s][debug][gc,phases      ] GC(269)     Total                          Min: 0, Avg: 4042.0, Max: 5884, Diff: 5884, Sum: 16168, Workers: 4
[5298.877s][debug][gc,phases      ] GC(269)   JNI Weak                       Min:  0.0, Avg:  0.0, Max:  0.0, Diff:  0.0, Sum:  0.0, Workers: 4
[5298.877s][debug][gc,phases      ] GC(269)     Dead                           Min: 0, Avg:  0.0, Max: 0, Diff: 0, Sum: 0, Workers: 4
[5298.877s][debug][gc,phases      ] GC(269)     Total                          Min: 0, Avg: 13.0, Max: 52, Diff: 52, Sum: 52, Workers: 4
[5298.877s][debug][gc,phases      ] GC(269)   StringDedup Table Weak         Min:  0.0, Avg:  0.0, Max:  0.0, Diff:  0.0, Sum:  0.0, Workers: 4
[5298.877s][debug][gc,phases      ] GC(269)     Dead                           Min: 0, Avg:  0.0, Max: 0, Diff: 0, Sum: 0, Workers: 4
[5298.877s][debug][gc,phases      ] GC(269)     Total                          Min: 0, Avg:  0.0, Max: 0, Diff: 0, Sum: 0, Workers: 4
[5298.877s][debug][gc,phases      ] GC(269)   StringDedup Requests0 Weak     Min:  0.0, Avg:  0.0, Max:  0.0, Diff:  0.0, Sum:  0.0, Workers: 4
[5298.877s][debug][gc,phases      ] GC(269)     Dead                           Min: 0, Avg:  0.0, Max: 0, Diff: 0, Sum: 0, Workers: 4
[5298.877s][debug][gc,phases      ] GC(269)     Total                          Min: 0, Avg:  0.0, Max: 0, Diff: 0, Sum: 0, Workers: 4
[5298.877s][debug][gc,phases      ] GC(269)   StringDedup Requests1 Weak     Min:  0.0, Avg:  0.0, Max:  0.0, Diff:  0.0, Sum:  0.0, Workers: 4
[5298.877s][debug][gc,phases      ] GC(269)     Dead                           Min: 0, Avg:  0.0, Max: 0, Diff: 0, Sum: 0, Workers: 4
[5298.877s][debug][gc,phases      ] GC(269)     Total                          Min: 0, Avg:  0.0, Max: 0, Diff: 0, Sum: 0, Workers: 4
[5298.877s][debug][gc,phases      ] GC(269)   Weak JFR Old Object Samples    Min:  0.0, Avg:  0.0, Max:  0.0, Diff:  0.0, Sum:  0.0, Workers: 4
[5298.877s][debug][gc,phases      ] GC(269)     Dead                           Min: 0, Avg:  0.0, Max: 0, Diff: 0, Sum: 0, Workers: 4
[5298.877s][debug][gc,phases      ] GC(269)     Total                          Min: 0, Avg:  0.0, Max: 0, Diff: 0, Sum: 0, Workers: 4
[5298.877s][debug][gc,phases      ] GC(269) Weak Processing 0.398ms
[5298.877s][debug][gc,age         ] GC(269) Desired survivor size 49807360 bytes, new threshold 1 (max threshold 15)
[5298.877s][info ][gc,heap        ] GC(269) PSYoungGen: 2018048K(2049536K)->8848K(2010624K) Eden: 2001408K(2001408K)->0K(2001408K) From: 16640K(48128K)->8848K(9216K)
[5298.877s][info ][gc,heap        ] GC(269) ParOldGen: 1998716K(1998848K)->2010596K(2010624K)
[5298.877s][info ][gc,metaspace   ] GC(269) Metaspace: 111849K(113280K)->111849K(113280K) NonClass: 95238K(96064K)->95238K(96064K) Class: 16611K(17216K)->16611K(17216K)
[5298.877s][info ][gc             ] GC(269) Pause Young (GCLocker Initiated GC) 3922M->1972M(3927M) 13.853ms
[5298.877s][info ][gc,cpu         ] GC(269) User=0.04s Sys=0.00s Real=0.01s
[5298.877s][info ][safepoint      ] Safepoint "ParallelGCSystemGC", Time since last: 267802 ns, Reaching safepoint: 1500 ns, Cleanup: 900 ns, At safepoint: 13911590 ns, Total: 13913990 ns
[5300.877s][info ][safepoint      ] Safepoint "Cleanup", Time since last: 2000158103 ns, Reaching safepoint: 5700 ns, Cleanup: 7200 ns, At safepoint: 2200 ns, Total: 15100 ns
[5306.878s][info ][safepoint      ] Safepoint "Cleanup", Time since last: 6000456969 ns, Reaching safepoint: 6100 ns, Cleanup: 10400 ns, At safepoint: 3000 ns, Total: 19500 ns
[5313.878s][info ][safepoint      ] Safepoint "Cleanup", Time since last: 7000545234 ns, Reaching safepoint: 5800 ns, Cleanup: 9500 ns, At safepoint: 2800 ns, Total: 18100 ns
[5316.879s][info ][safepoint      ] Safepoint "Cleanup", Time since last: 3000279337 ns, Reaching safepoint: 6200 ns, Cleanup: 7700 ns, At safepoint: 2600 ns, Total: 16500 ns
[5317.879s][info ][safepoint      ] Safepoint "Cleanup", Time since last: 1000109346 ns, Reaching safepoint: 6300 ns, Cleanup: 11700 ns, At safepoint: 3400 ns, Total: 21400 ns
[5319.879s][info ][safepoint      ] Safepoint "Cleanup", Time since last: 2000178691 ns, Reaching safepoint: 5700 ns, Cleanup: 6600 ns, At safepoint: 2300 ns, Total: 14600 ns
[5320.879s][info ][safepoint      ] Safepoint "Cleanup", Time since last: 1000098045 ns, Reaching safepoint: 5200 ns, Cleanup: 7000 ns, At safepoint: 2500 ns, Total: 14700 ns
[5321.879s][info ][safepoint      ] Safepoint "Cleanup", Time since last: 1000105586 ns, Reaching safepoint: 6400 ns, Cleanup: 9400 ns, At safepoint: 2900 ns, Total: 18700 ns
[5328.880s][info ][safepoint      ] Safepoint "Cleanup", Time since last: 7000567504 ns, Reaching safepoint: 6600 ns, Cleanup: 9500 ns, At safepoint: 2700 ns, Total: 18800 ns
[5331.880s][info ][safepoint      ] Safepoint "Cleanup", Time since last: 3000248276 ns, Reaching safepoint: 5600 ns, Cleanup: 7600 ns, At safepoint: 2500 ns, Total: 15700 ns
[5332.880s][info ][safepoint      ] Safepoint "Cleanup", Time since last: 1000095980 ns, Reaching safepoint: 5900 ns, Cleanup: 9300 ns, At safepoint: 2100 ns, Total: 17300 ns
[5337.881s][info ][safepoint      ] Safepoint "Cleanup", Time since last: 5000384398 ns, Reaching safepoint: 5900 ns, Cleanup: 8600 ns, At safepoint: 2900 ns, Total: 17400 ns
[5338.881s][info ][safepoint      ] Safepoint "Cleanup", Time since last: 1000115781 ns, Reaching safepoint: 5800 ns, Cleanup: 6800 ns, At safepoint: 2500 ns, Total: 15100 ns
[5359.165s][info ][safepoint      ] Safepoint "Cleanup", Time since last: 20283948294 ns, Reaching safepoint: 5600 ns, Cleanup: 9400 ns, At safepoint: 2100 ns, Total: 17100 ns
[5362.013s][info ][gc,start       ] GC(270) Pause Young (Allocation Failure)
[5362.026s][debug][gc,phases      ] GC(270) Scavenge 12.966ms
[5362.026s][debug][gc,ref         ] GC(270) ReferenceProcessor::execute queues: 1, RefProcThreadModel::Single, marks_oops_alive: false
[5362.026s][debug][gc,ref         ] GC(270) Skipped KeepAliveFinalRefsPhase of Reference Processing: no references
[5362.026s][debug][gc,ref         ] GC(270) ReferenceProcessor::execute queues: 1, RefProcThreadModel::Single, marks_oops_alive: false
[5362.026s][debug][gc,phases      ] GC(270) Reference Processing 0.118ms
[5362.026s][debug][gc,phases      ] GC(270)   VM Weak                        Min:  0.0, Avg:  0.0, Max:  0.0, Diff:  0.0, Sum:  0.0, Workers: 4
[5362.026s][debug][gc,phases      ] GC(270)     Dead                           Min: 0, Avg:  0.0, Max: 0, Diff: 0, Sum: 0, Workers: 4
[5362.026s][debug][gc,phases      ] GC(270)     Total                          Min: 0, Avg: 278.8, Max: 512, Diff: 512, Sum: 1115, Workers: 4
[5362.026s][debug][gc,phases      ] GC(270)   ObjectSynchronizer Weak        Min:  0.0, Avg:  0.0, Max:  0.0, Diff:  0.0, Sum:  0.0, Workers: 4
[5362.026s][debug][gc,phases      ] GC(270)     Dead                           Min: 0, Avg:  0.0, Max: 0, Diff: 0, Sum: 0, Workers: 4
[5362.026s][debug][gc,phases      ] GC(270)     Total                          Min: 0, Avg:  1.0, Max: 4, Diff: 4, Sum: 4, Workers: 4
[5362.026s][debug][gc,phases      ] GC(270)   JVMTI Tag Weak OopStorage      Min:  0.0, Avg:  0.0, Max:  0.0, Diff:  0.0, Sum:  0.0, Workers: 4
[5362.026s][debug][gc,phases      ] GC(270)     Dead                           Min: 0, Avg:  0.0, Max: 0, Diff: 0, Sum: 0, Workers: 4
[5362.026s][debug][gc,phases      ] GC(270)     Total                          Min: 0, Avg:  0.0, Max: 0, Diff: 0, Sum: 0, Workers: 4
[5362.026s][debug][gc,phases      ] GC(270)   StringTable Weak               Min:  0.0, Avg:  0.1, Max:  0.2, Diff:  0.2, Sum:  0.5, Workers: 4
[5362.026s][debug][gc,phases      ] GC(270)     Dead                           Min: 0, Avg:  0.2, Max: 1, Diff: 1, Sum: 1, Workers: 4
[5362.026s][debug][gc,phases      ] GC(270)     Total                          Min: 0, Avg: 11935.8, Max: 16191, Diff: 16191, Sum: 47743, Workers: 4
[5362.026s][debug][gc,phases      ] GC(270)   ResolvedMethodTable Weak       Min:  0.0, Avg:  0.0, Max:  0.1, Diff:  0.1, Sum:  0.2, Workers: 4
[5362.026s][debug][gc,phases      ] GC(270)     Dead                           Min: 0, Avg:  5.0, Max: 20, Diff: 20, Sum: 20, Workers: 4
[5362.026s][debug][gc,phases      ] GC(270)     Total                          Min: 0, Avg: 4042.8, Max: 5636, Diff: 5636, Sum: 16171, Workers: 4
[5362.026s][debug][gc,phases      ] GC(270)   JNI Weak                       Min:  0.0, Avg:  0.0, Max:  0.0, Diff:  0.0, Sum:  0.0, Workers: 4
[5362.026s][debug][gc,phases      ] GC(270)     Dead                           Min: 0, Avg:  0.0, Max: 0, Diff: 0, Sum: 0, Workers: 4
[5362.026s][debug][gc,phases      ] GC(270)     Total                          Min: 0, Avg: 13.0, Max: 52, Diff: 52, Sum: 52, Workers: 4
[5362.026s][debug][gc,phases      ] GC(270)   StringDedup Table Weak         Min:  0.0, Avg:  0.0, Max:  0.0, Diff:  0.0, Sum:  0.0, Workers: 4
[5362.026s][debug][gc,phases      ] GC(270)     Dead                           Min: 0, Avg:  0.0, Max: 0, Diff: 0, Sum: 0, Workers: 4
[5362.026s][debug][gc,phases      ] GC(270)     Total                          Min: 0, Avg:  0.0, Max: 0, Diff: 0, Sum: 0, Workers: 4
[5362.026s][debug][gc,phases      ] GC(270)   StringDedup Requests0 Weak     Min:  0.0, Avg:  0.0, Max:  0.0, Diff:  0.0, Sum:  0.0, Workers: 4
[5362.026s][debug][gc,phases      ] GC(270)     Dead                           Min: 0, Avg:  0.0, Max: 0, Diff: 0, Sum: 0, Workers: 4
[5362.026s][debug][gc,phases      ] GC(270)     Total                          Min: 0, Avg:  0.0, Max: 0, Diff: 0, Sum: 0, Workers: 4
[5362.026s][debug][gc,phases      ] GC(270)   StringDedup Requests1 Weak     Min:  0.0, Avg:  0.0, Max:  0.0, Diff:  0.0, Sum:  0.0, Workers: 4
[5362.026s][debug][gc,phases      ] GC(270)     Dead                           Min: 0, Avg:  0.0, Max: 0, Diff: 0, Sum: 0, Workers: 4
[5362.026s][debug][gc,phases      ] GC(270)     Total                          Min: 0, Avg:  0.0, Max: 0, Diff: 0, Sum: 0, Workers: 4
[5362.026s][debug][gc,phases      ] GC(270)   Weak JFR Old Object Samples    Min:  0.0, Avg:  0.0, Max:  0.0, Diff:  0.0, Sum:  0.0, Workers: 4
[5362.026s][debug][gc,phases      ] GC(270)     Dead                           Min: 0, Avg:  0.0, Max: 0, Diff: 0, Sum: 0, Workers: 4
[5362.026s][debug][gc,phases      ] GC(270)     Total                          Min: 0, Avg:  0.0, Max: 0, Diff: 0, Sum: 0, Workers: 4
[5362.026s][debug][gc,phases      ] GC(270) Weak Processing 0.388ms
[5362.026s][debug][gc,age         ] GC(270) Desired survivor size 49807360 bytes, new threshold 1 (max threshold 15)
[5362.026s][info ][gc,heap        ] GC(270) PSYoungGen: 2010256K(2010624K)->11521K(2048512K) Eden: 2001408K(2001408K)->0K(1999872K) From: 8848K(9216K)->11521K(48640K)
[5362.026s][info ][gc,heap        ] GC(270) ParOldGen: 2010598K(2010624K)->2012826K(2013184K)
[5362.026s][info ][gc,metaspace   ] GC(270) Metaspace: 111884K(113280K)->111884K(113280K) NonClass: 95272K(96064K)->95272K(96064K) Class: 16612K(17216K)->16612K(17216K)
[5362.026s][info ][gc             ] GC(270) Pause Young (Allocation Failure) 3926M->1976M(3966M) 13.592ms
[5362.026s][info ][gc,cpu         ] GC(270) User=0.04s Sys=0.01s Real=0.01s
[5362.027s][info ][safepoint      ] Safepoint "ParallelGCFailedAllocation", Time since last: 2848181299 ns, Reaching safepoint: 5400 ns, Cleanup: 3401 ns, At safepoint: 13678860 ns, Total: 13687661 ns
[5370.027s][info ][safepoint      ] Safepoint "Cleanup", Time since last: 8000599912 ns, Reaching safepoint: 9301 ns, Cleanup: 10800 ns, At safepoint: 3500 ns, Total: 23601 ns
[5372.027s][info ][safepoint      ] Safepoint "Cleanup", Time since last: 2000185810 ns, Reaching safepoint: 4101 ns, Cleanup: 6700 ns, At safepoint: 2300 ns, Total: 13101 ns
[5392.029s][info ][safepoint      ] Safepoint "Cleanup", Time since last: 20001496375 ns, Reaching safepoint: 27500 ns, Cleanup: 9801 ns, At safepoint: 3200 ns, Total: 40501 ns
[5394.029s][info ][safepoint      ] Safepoint "Cleanup", Time since last: 2000186587 ns, Reaching safepoint: 6100 ns, Cleanup: 12400 ns, At safepoint: 2500 ns, Total: 21000 ns
[5406.181s][info ][safepoint      ] Safepoint "Cleanup", Time since last: 12151983117 ns, Reaching safepoint: 5300 ns, Cleanup: 8700 ns, At safepoint: 2400 ns, Total: 16400 ns
[5408.181s][info ][safepoint      ] Safepoint "Cleanup", Time since last: 2000173095 ns, Reaching safepoint: 5900 ns, Cleanup: 11600 ns, At safepoint: 2800 ns, Total: 20300 ns
[5411.182s][info ][safepoint      ] Safepoint "Cleanup", Time since last: 3000250912 ns, Reaching safepoint: 6600 ns, Cleanup: 26200 ns, At safepoint: 2900 ns, Total: 35700 ns
[5413.182s][info ][safepoint      ] Safepoint "Cleanup", Time since last: 2000181562 ns, Reaching safepoint: 5500 ns, Cleanup: 7200 ns, At safepoint: 2400 ns, Total: 15100 ns
[5416.182s][info ][safepoint      ] Safepoint "Cleanup", Time since last: 3000246443 ns, Reaching safepoint: 5900 ns, Cleanup: 8300 ns, At safepoint: 3000 ns, Total: 17200 ns
[5418.182s][info ][safepoint      ] Safepoint "Cleanup", Time since last: 2000172000 ns, Reaching safepoint: 5400 ns, Cleanup: 6200 ns, At safepoint: 2000 ns, Total: 13600 ns
[5423.183s][info ][safepoint      ] Safepoint "Cleanup", Time since last: 5000390904 ns, Reaching safepoint: 5800 ns, Cleanup: 10800 ns, At safepoint: 2800 ns, Total: 19400 ns
[5425.183s][info ][safepoint      ] Safepoint "Cleanup", Time since last: 2000180083 ns, Reaching safepoint: 6600 ns, Cleanup: 9200 ns, At safepoint: 2900 ns, Total: 18700 ns
[5426.183s][info ][safepoint      ] Safepoint "Cleanup", Time since last: 1000133637 ns, Reaching safepoint: 6300 ns, Cleanup: 10100 ns, At safepoint: 2600 ns, Total: 19000 ns
[5427.183s][info ][safepoint      ] Safepoint "Cleanup", Time since last: 1000111336 ns, Reaching safepoint: 5700 ns, Cleanup: 15000 ns, At safepoint: 3000 ns, Total: 23700 ns
[5431.184s][info ][safepoint      ] Safepoint "Cleanup", Time since last: 4001337351 ns, Reaching safepoint: 6500 ns, Cleanup: 11000 ns, At safepoint: 2800 ns, Total: 20300 ns
[5438.185s][info ][safepoint      ] Safepoint "Cleanup", Time since last: 7000967990 ns, Reaching safepoint: 6200 ns, Cleanup: 9500 ns, At safepoint: 3100 ns, Total: 18800 ns
[5443.733s][info ][gc,start       ] GC(271) Pause Young (Allocation Failure)
[5443.746s][debug][gc,phases      ] GC(271) Scavenge 13.032ms
[5443.746s][debug][gc,ref         ] GC(271) ReferenceProcessor::execute queues: 1, RefProcThreadModel::Single, marks_oops_alive: false
[5443.746s][debug][gc,ref         ] GC(271) Skipped KeepAliveFinalRefsPhase of Reference Processing: no references
[5443.747s][debug][gc,ref         ] GC(271) ReferenceProcessor::execute queues: 1, RefProcThreadModel::Single, marks_oops_alive: false
[5443.747s][debug][gc,phases      ] GC(271) Reference Processing 0.097ms
[5443.747s][debug][gc,phases      ] GC(271)   VM Weak                        Min:  0.0, Avg:  0.0, Max:  0.0, Diff:  0.0, Sum:  0.0, Workers: 4
[5443.747s][debug][gc,phases      ] GC(271)     Dead                           Min: 0, Avg:  0.0, Max: 0, Diff: 0, Sum: 0, Workers: 4
[5443.747s][debug][gc,phases      ] GC(271)     Total                          Min: 0, Avg: 278.8, Max: 603, Diff: 603, Sum: 1115, Workers: 4
[5443.747s][debug][gc,phases      ] GC(271)   ObjectSynchronizer Weak        Min:  0.0, Avg:  0.0, Max:  0.0, Diff:  0.0, Sum:  0.0, Workers: 4
[5443.747s][debug][gc,phases      ] GC(271)     Dead                           Min: 0, Avg:  0.0, Max: 0, Diff: 0, Sum: 0, Workers: 4
[5443.747s][debug][gc,phases      ] GC(271)     Total                          Min: 0, Avg:  1.0, Max: 4, Diff: 4, Sum: 4, Workers: 4
[5443.747s][debug][gc,phases      ] GC(271)   JVMTI Tag Weak OopStorage      Min:  0.0, Avg:  0.0, Max:  0.0, Diff:  0.0, Sum:  0.0, Workers: 4
[5443.747s][debug][gc,phases      ] GC(271)     Dead                           Min: 0, Avg:  0.0, Max: 0, Diff: 0, Sum: 0, Workers: 4
[5443.747s][debug][gc,phases      ] GC(271)     Total                          Min: 0, Avg:  0.0, Max: 0, Diff: 0, Sum: 0, Workers: 4
[5443.747s][debug][gc,phases      ] GC(271)   StringTable Weak               Min:  0.0, Avg:  0.1, Max:  0.2, Diff:  0.2, Sum:  0.5, Workers: 4
[5443.747s][debug][gc,phases      ] GC(271)     Dead                           Min: 0, Avg:  0.0, Max: 0, Diff: 0, Sum: 0, Workers: 4
[5443.747s][debug][gc,phases      ] GC(271)     Total                          Min: 0, Avg: 11940.8, Max: 24000, Diff: 24000, Sum: 47763, Workers: 4
[5443.747s][debug][gc,phases      ] GC(271)   ResolvedMethodTable Weak       Min:  0.0, Avg:  0.0, Max:  0.1, Diff:  0.1, Sum:  0.2, Workers: 4
[5443.747s][debug][gc,phases      ] GC(271)     Dead                           Min: 0, Avg:  6.0, Max: 24, Diff: 24, Sum: 24, Workers: 4
[5443.747s][debug][gc,phases      ] GC(271)     Total                          Min: 0, Avg: 4042.8, Max: 8365, Diff: 8365, Sum: 16171, Workers: 4
[5443.747s][debug][gc,phases      ] GC(271)   JNI Weak                       Min:  0.0, Avg:  0.0, Max:  0.0, Diff:  0.0, Sum:  0.0, Workers: 4
[5443.747s][debug][gc,phases      ] GC(271)     Dead                           Min: 0, Avg:  0.0, Max: 0, Diff: 0, Sum: 0, Workers: 4
[5443.747s][debug][gc,phases      ] GC(271)     Total                          Min: 0, Avg: 13.0, Max: 52, Diff: 52, Sum: 52, Workers: 4
[5443.747s][debug][gc,phases      ] GC(271)   StringDedup Table Weak         Min:  0.0, Avg:  0.0, Max:  0.0, Diff:  0.0, Sum:  0.0, Workers: 4
[5443.747s][debug][gc,phases      ] GC(271)     Dead                           Min: 0, Avg:  0.0, Max: 0, Diff: 0, Sum: 0, Workers: 4
[5443.747s][debug][gc,phases      ] GC(271)     Total                          Min: 0, Avg:  0.0, Max: 0, Diff: 0, Sum: 0, Workers: 4
[5443.747s][debug][gc,phases      ] GC(271)   StringDedup Requests0 Weak     Min:  0.0, Avg:  0.0, Max:  0.0, Diff:  0.0, Sum:  0.0, Workers: 4
[5443.747s][debug][gc,phases      ] GC(271)     Dead                           Min: 0, Avg:  0.0, Max: 0, Diff: 0, Sum: 0, Workers: 4
[5443.747s][debug][gc,phases      ] GC(271)     Total                          Min: 0, Avg:  0.0, Max: 0, Diff: 0, Sum: 0, Workers: 4
[5443.747s][debug][gc,phases      ] GC(271)   StringDedup Requests1 Weak     Min:  0.0, Avg:  0.0, Max:  0.0, Diff:  0.0, Sum:  0.0, Workers: 4
[5443.747s][debug][gc,phases      ] GC(271)     Dead                           Min: 0, Avg:  0.0, Max: 0, Diff: 0, Sum: 0, Workers: 4
[5443.747s][debug][gc,phases      ] GC(271)     Total                          Min: 0, Avg:  0.0, Max: 0, Diff: 0, Sum: 0, Workers: 4
[5443.747s][debug][gc,phases      ] GC(271)   Weak JFR Old Object Samples    Min:  0.0, Avg:  0.0, Max:  0.0, Diff:  0.0, Sum:  0.0, Workers: 4
[5443.747s][debug][gc,phases      ] GC(271)     Dead                           Min: 0, Avg:  0.0, Max: 0, Diff: 0, Sum: 0, Workers: 4
[5443.747s][debug][gc,phases      ] GC(271)     Total                          Min: 0, Avg:  0.0, Max: 0, Diff: 0, Sum: 0, Workers: 4
[5443.747s][debug][gc,phases      ] GC(271) Weak Processing 0.530ms
[5443.747s][debug][gc,age         ] GC(271) Desired survivor size 50331648 bytes, new threshold 1 (max threshold 15)
[5443.747s][info ][gc,heap        ] GC(271) PSYoungGen: 2011393K(2048512K)->4665K(2004992K) Eden: 1999872K(1999872K)->0K(1999872K) From: 11521K(48640K)->4665K(5120K)
[5443.747s][info ][gc,heap        ] GC(271) ParOldGen: 2012826K(2013184K)->2021043K(2021376K)
[5443.747s][info ][gc,metaspace   ] GC(271) Metaspace: 111911K(113280K)->111911K(113280K) NonClass: 95299K(96064K)->95299K(96064K) Class: 16612K(17216K)->16612K(17216K)
[5443.747s][info ][gc             ] GC(271) Pause Young (Allocation Failure) 3929M->1978M(3932M) 13.774ms
[5443.747s][info ][gc,cpu         ] GC(271) User=0.04s Sys=0.01s Real=0.01s
[5443.747s][info ][safepoint      ] Safepoint "ParallelGCFailedAllocation", Time since last: 5547819711 ns, Reaching safepoint: 5600 ns, Cleanup: 9200 ns, At safepoint: 13841612 ns, Total: 13856412 ns
[5444.747s][info ][safepoint      ] Safepoint "Cleanup", Time since last: 1000094133 ns, Reaching safepoint: 6900 ns, Cleanup: 11001 ns, At safepoint: 2700 ns, Total: 20601 ns
[5452.748s][info ][safepoint      ] Safepoint "Cleanup", Time since last: 8000579324 ns, Reaching safepoint: 5500 ns, Cleanup: 6500 ns, At safepoint: 2200 ns, Total: 14200 ns
[5480.201s][info ][safepoint      ] Safepoint "Cleanup", Time since last: 27452782597 ns, Reaching safepoint: 5201 ns, Cleanup: 9900 ns, At safepoint: 2300 ns, Total: 17401 ns
[5490.201s][info ][safepoint      ] Safepoint "Cleanup", Time since last: 10000725798 ns, Reaching safepoint: 5600 ns, Cleanup: 10500 ns, At safepoint: 2100 ns, Total: 18200 ns
[5494.202s][info ][safepoint      ] Safepoint "Cleanup", Time since last: 4000324498 ns, Reaching safepoint: 5600 ns, Cleanup: 10400 ns, At safepoint: 2500 ns, Total: 18500 ns
[5498.202s][info ][safepoint      ] Safepoint "Cleanup", Time since last: 4000318086 ns, Reaching safepoint: 5800 ns, Cleanup: 9400 ns, At safepoint: 2500 ns, Total: 17700 ns
[5500.202s][info ][safepoint      ] Safepoint "Cleanup", Time since last: 2000181778 ns, Reaching safepoint: 6400 ns, Cleanup: 9000 ns, At safepoint: 2700 ns, Total: 18100 ns
[5501.202s][info ][safepoint      ] Safepoint "Cleanup", Time since last: 1000113839 ns, Reaching safepoint: 6500 ns, Cleanup: 8401 ns, At safepoint: 2800 ns, Total: 17701 ns
[5503.203s][info ][safepoint      ] Safepoint "Cleanup", Time since last: 2000184178 ns, Reaching safepoint: 5900 ns, Cleanup: 10700 ns, At safepoint: 17800 ns, Total: 34400 ns
[5507.203s][info ][safepoint      ] Safepoint "Cleanup", Time since last: 4000331859 ns, Reaching safepoint: 5600 ns, Cleanup: 8800 ns, At safepoint: 2100 ns, Total: 16500 ns
[5508.203s][info ][safepoint      ] Safepoint "Cleanup", Time since last: 1000097763 ns, Reaching safepoint: 5500 ns, Cleanup: 7800 ns, At safepoint: 2500 ns, Total: 15800 ns
[5510.203s][info ][safepoint      ] Safepoint "Cleanup", Time since last: 2000171326 ns, Reaching safepoint: 5900 ns, Cleanup: 8500 ns, At safepoint: 2800 ns, Total: 17200 ns
[5512.203s][info ][safepoint      ] Safepoint "Cleanup", Time since last: 2000186826 ns, Reaching safepoint: 6400 ns, Cleanup: 13900 ns, At safepoint: 3000 ns, Total: 23300 ns
[5513.204s][info ][safepoint      ] Safepoint "Cleanup", Time since last: 1000110840 ns, Reaching safepoint: 6100 ns, Cleanup: 8901 ns, At safepoint: 2300 ns, Total: 17301 ns
[5515.012s][info ][gc,start       ] GC(272) Pause Young (Allocation Failure)
[5515.021s][debug][gc,phases      ] GC(272) Scavenge 8.937ms
[5515.021s][debug][gc,ref         ] GC(272) ReferenceProcessor::execute queues: 1, RefProcThreadModel::Single, marks_oops_alive: false
[5515.021s][debug][gc,ref         ] GC(272) Skipped KeepAliveFinalRefsPhase of Reference Processing: no references
[5515.021s][debug][gc,ref         ] GC(272) ReferenceProcessor::execute queues: 1, RefProcThreadModel::Single, marks_oops_alive: false
[5515.021s][debug][gc,phases      ] GC(272) Reference Processing 0.123ms
[5515.021s][debug][gc,phases      ] GC(272)   VM Weak                        Min:  0.0, Avg:  0.0, Max:  0.0, Diff:  0.0, Sum:  0.0, Workers: 4
[5515.021s][debug][gc,phases      ] GC(272)     Dead                           Min: 0, Avg:  0.0, Max: 0, Diff: 0, Sum: 0, Workers: 4
[5515.021s][debug][gc,phases      ] GC(272)     Total                          Min: 0, Avg: 278.8, Max: 1115, Diff: 1115, Sum: 1115, Workers: 4
[5515.021s][debug][gc,phases      ] GC(272)   ObjectSynchronizer Weak        Min:  0.0, Avg:  0.0, Max:  0.0, Diff:  0.0, Sum:  0.0, Workers: 4
[5515.021s][debug][gc,phases      ] GC(272)     Dead                           Min: 0, Avg:  0.0, Max: 0, Diff: 0, Sum: 0, Workers: 4
[5515.021s][debug][gc,phases      ] GC(272)     Total                          Min: 0, Avg:  1.0, Max: 4, Diff: 4, Sum: 4, Workers: 4
[5515.021s][debug][gc,phases      ] GC(272)   JVMTI Tag Weak OopStorage      Min:  0.0, Avg:  0.0, Max:  0.0, Diff:  0.0, Sum:  0.0, Workers: 4
[5515.021s][debug][gc,phases      ] GC(272)     Dead                           Min: 0, Avg:  0.0, Max: 0, Diff: 0, Sum: 0, Workers: 4
[5515.021s][debug][gc,phases      ] GC(272)     Total                          Min: 0, Avg:  0.0, Max: 0, Diff: 0, Sum: 0, Workers: 4
[5515.021s][debug][gc,phases      ] GC(272)   StringTable Weak               Min:  0.0, Avg:  0.1, Max:  0.3, Diff:  0.3, Sum:  0.5, Workers: 4
[5515.021s][debug][gc,phases      ] GC(272)     Dead                           Min: 0, Avg:  0.0, Max: 0, Diff: 0, Sum: 0, Workers: 4
[5515.021s][debug][gc,phases      ] GC(272)     Total                          Min: 0, Avg: 11942.2, Max: 30912, Diff: 30912, Sum: 47769, Workers: 4
[5515.021s][debug][gc,phases      ] GC(272)   ResolvedMethodTable Weak       Min:  0.0, Avg:  0.0, Max:  0.1, Diff:  0.1, Sum:  0.2, Workers: 4
[5515.021s][debug][gc,phases      ] GC(272)     Dead                           Min: 0, Avg:  4.0, Max: 16, Diff: 16, Sum: 16, Workers: 4
[5515.021s][debug][gc,phases      ] GC(272)     Total                          Min: 0, Avg: 4043.2, Max: 5990, Diff: 5990, Sum: 16173, Workers: 4
[5515.021s][debug][gc,phases      ] GC(272)   JNI Weak                       Min:  0.0, Avg:  0.0, Max:  0.0, Diff:  0.0, Sum:  0.0, Workers: 4
[5515.021s][debug][gc,phases      ] GC(272)     Dead                           Min: 0, Avg:  0.0, Max: 0, Diff: 0, Sum: 0, Workers: 4
[5515.021s][debug][gc,phases      ] GC(272)     Total                          Min: 0, Avg: 13.0, Max: 52, Diff: 52, Sum: 52, Workers: 4
[5515.021s][debug][gc,phases      ] GC(272)   StringDedup Table Weak         Min:  0.0, Avg:  0.0, Max:  0.0, Diff:  0.0, Sum:  0.0, Workers: 4
[5515.021s][debug][gc,phases      ] GC(272)     Dead                           Min: 0, Avg:  0.0, Max: 0, Diff: 0, Sum: 0, Workers: 4
[5515.021s][debug][gc,phases      ] GC(272)     Total                          Min: 0, Avg:  0.0, Max: 0, Diff: 0, Sum: 0, Workers: 4
[5515.021s][debug][gc,phases      ] GC(272)   StringDedup Requests0 Weak     Min:  0.0, Avg:  0.0, Max:  0.0, Diff:  0.0, Sum:  0.0, Workers: 4
[5515.021s][debug][gc,phases      ] GC(272)     Dead                           Min: 0, Avg:  0.0, Max: 0, Diff: 0, Sum: 0, Workers: 4
[5515.021s][debug][gc,phases      ] GC(272)     Total                          Min: 0, Avg:  0.0, Max: 0, Diff: 0, Sum: 0, Workers: 4
[5515.021s][debug][gc,phases      ] GC(272)   StringDedup Requests1 Weak     Min:  0.0, Avg:  0.0, Max:  0.0, Diff:  0.0, Sum:  0.0, Workers: 4
[5515.021s][debug][gc,phases      ] GC(272)     Dead                           Min: 0, Avg:  0.0, Max: 0, Diff: 0, Sum: 0, Workers: 4
[5515.021s][debug][gc,phases      ] GC(272)     Total                          Min: 0, Avg:  0.0, Max: 0, Diff: 0, Sum: 0, Workers: 4
[5515.021s][debug][gc,phases      ] GC(272)   Weak JFR Old Object Samples    Min:  0.0, Avg:  0.0, Max:  0.0, Diff:  0.0, Sum:  0.0, Workers: 4
[5515.021s][debug][gc,phases      ] GC(272)     Dead                           Min: 0, Avg:  0.0, Max: 0, Diff: 0, Sum: 0, Workers: 4
[5515.021s][debug][gc,phases      ] GC(272)     Total                          Min: 0, Avg:  0.0, Max: 0, Diff: 0, Sum: 0, Workers: 4
[5515.021s][debug][gc,phases      ] GC(272) Weak Processing 0.565ms
[5515.021s][debug][gc,age         ] GC(272) Desired survivor size 49283072 bytes, new threshold 1 (max threshold 15)
[5515.021s][info ][gc,heap        ] GC(272) PSYoungGen: 2004537K(2004992K)->10532K(2049024K) Eden: 1999872K(1999872K)->0K(1999872K) From: 4665K(5120K)->10532K(49152K)
[5515.021s][info ][gc,heap        ] GC(272) ParOldGen: 2021043K(2021376K)->2022056K(2022400K)
[5515.021s][info ][gc,metaspace   ] GC(272) Metaspace: 111931K(113344K)->111931K(113344K) NonClass: 95317K(96128K)->95317K(96128K) Class: 16613K(17216K)->16613K(17216K)
[5515.021s][info ][gc             ] GC(272) Pause Young (Allocation Failure) 3931M->1984M(3976M) 9.756ms
[5515.021s][info ][gc,cpu         ] GC(272) User=0.03s Sys=0.00s Real=0.01s
[5515.021s][info ][safepoint      ] Safepoint "ParallelGCFailedAllocation", Time since last: 1807925007 ns, Reaching safepoint: 5400 ns, Cleanup: 4100 ns, At safepoint: 9817540 ns, Total: 9827040 ns
[5530.217s][info ][safepoint      ] Safepoint "Cleanup", Time since last: 15195700763 ns, Reaching safepoint: 6300 ns, Cleanup: 10001 ns, At safepoint: 2400 ns, Total: 18701 ns
[5531.217s][info ][safepoint      ] Safepoint "Cleanup", Time since last: 1000143021 ns, Reaching safepoint: 6300 ns, Cleanup: 14000 ns, At safepoint: 3000 ns, Total: 23300 ns
[5546.218s][info ][safepoint      ] Safepoint "Cleanup", Time since last: 15001143923 ns, Reaching safepoint: 6100 ns, Cleanup: 11800 ns, At safepoint: 2500 ns, Total: 20400 ns
[5578.221s][info ][safepoint      ] Safepoint "Cleanup", Time since last: 32002401376 ns, Reaching safepoint: 5900 ns, Cleanup: 13400 ns, At safepoint: 2800 ns, Total: 22100 ns
[5587.234s][info ][safepoint      ] Safepoint "Cleanup", Time since last: 9013051659 ns, Reaching safepoint: 5400 ns, Cleanup: 8000 ns, At safepoint: 2900 ns, Total: 16300 ns
[5595.235s][info ][safepoint      ] Safepoint "Cleanup", Time since last: 8000599160 ns, Reaching safepoint: 5400 ns, Cleanup: 9400 ns, At safepoint: 21300 ns, Total: 36100 ns
[5602.235s][info ][safepoint      ] Safepoint "Cleanup", Time since last: 7000523217 ns, Reaching safepoint: 5700 ns, Cleanup: 9100 ns, At safepoint: 2700 ns, Total: 17500 ns
[5603.765s][info ][gc,start       ] GC(273) Pause Young (Allocation Failure)
[5603.776s][debug][gc,phases      ] GC(273) Scavenge 10.165ms
[5603.776s][debug][gc,ref         ] GC(273) ReferenceProcessor::execute queues: 1, RefProcThreadModel::Single, marks_oops_alive: false
[5603.776s][debug][gc,ref         ] GC(273) Skipped KeepAliveFinalRefsPhase of Reference Processing: no references
[5603.776s][debug][gc,ref         ] GC(273) ReferenceProcessor::execute queues: 1, RefProcThreadModel::Single, marks_oops_alive: false
[5603.776s][debug][gc,phases      ] GC(273) Reference Processing 0.096ms
[5603.776s][debug][gc,phases      ] GC(273)   VM Weak                        Min:  0.0, Avg:  0.0, Max:  0.0, Diff:  0.0, Sum:  0.0, Workers: 4
[5603.776s][debug][gc,phases      ] GC(273)     Dead                           Min: 0, Avg:  0.0, Max: 0, Diff: 0, Sum: 0, Workers: 4
[5603.776s][debug][gc,phases      ] GC(273)     Total                          Min: 0, Avg: 278.8, Max: 1115, Diff: 1115, Sum: 1115, Workers: 4
[5603.776s][debug][gc,phases      ] GC(273)   ObjectSynchronizer Weak        Min:  0.0, Avg:  0.0, Max:  0.0, Diff:  0.0, Sum:  0.0, Workers: 4
[5603.776s][debug][gc,phases      ] GC(273)     Dead                           Min: 0, Avg:  0.0, Max: 0, Diff: 0, Sum: 0, Workers: 4
[5603.776s][debug][gc,phases      ] GC(273)     Total                          Min: 0, Avg:  1.0, Max: 4, Diff: 4, Sum: 4, Workers: 4
[5603.776s][debug][gc,phases      ] GC(273)   JVMTI Tag Weak OopStorage      Min:  0.0, Avg:  0.0, Max:  0.0, Diff:  0.0, Sum:  0.0, Workers: 4
[5603.776s][debug][gc,phases      ] GC(273)     Dead                           Min: 0, Avg:  0.0, Max: 0, Diff: 0, Sum: 0, Workers: 4
[5603.776s][debug][gc,phases      ] GC(273)     Total                          Min: 0, Avg:  0.0, Max: 0, Diff: 0, Sum: 0, Workers: 4
[5603.776s][debug][gc,phases      ] GC(273)   StringTable Weak               Min:  0.0, Avg:  0.1, Max:  0.2, Diff:  0.2, Sum:  0.4, Workers: 4
[5603.776s][debug][gc,phases      ] GC(273)     Dead                           Min: 0, Avg:  0.0, Max: 0, Diff: 0, Sum: 0, Workers: 4
[5603.776s][debug][gc,phases      ] GC(273)     Total                          Min: 0, Avg: 11943.2, Max: 29120, Diff: 29120, Sum: 47773, Workers: 4
[5603.776s][debug][gc,phases      ] GC(273)   ResolvedMethodTable Weak       Min:  0.0, Avg:  0.0, Max:  0.1, Diff:  0.1, Sum:  0.1, Workers: 4
[5603.776s][debug][gc,phases      ] GC(273)     Dead                           Min: 0, Avg:  4.0, Max: 16, Diff: 16, Sum: 16, Workers: 4
[5603.776s][debug][gc,phases      ] GC(273)     Total                          Min: 0, Avg: 4043.2, Max: 9851, Diff: 9851, Sum: 16173, Workers: 4
[5603.776s][debug][gc,phases      ] GC(273)   JNI Weak                       Min:  0.0, Avg:  0.0, Max:  0.0, Diff:  0.0, Sum:  0.0, Workers: 4
[5603.776s][debug][gc,phases      ] GC(273)     Dead                           Min: 0, Avg:  0.0, Max: 0, Diff: 0, Sum: 0, Workers: 4
[5603.776s][debug][gc,phases      ] GC(273)     Total                          Min: 0, Avg: 13.0, Max: 52, Diff: 52, Sum: 52, Workers: 4
[5603.776s][debug][gc,phases      ] GC(273)   StringDedup Table Weak         Min:  0.0, Avg:  0.0, Max:  0.0, Diff:  0.0, Sum:  0.0, Workers: 4
[5603.776s][debug][gc,phases      ] GC(273)     Dead                           Min: 0, Avg:  0.0, Max: 0, Diff: 0, Sum: 0, Workers: 4
[5603.776s][debug][gc,phases      ] GC(273)     Total                          Min: 0, Avg:  0.0, Max: 0, Diff: 0, Sum: 0, Workers: 4
[5603.776s][debug][gc,phases      ] GC(273)   StringDedup Requests0 Weak     Min:  0.0, Avg:  0.0, Max:  0.0, Diff:  0.0, Sum:  0.0, Workers: 4
[5603.776s][debug][gc,phases      ] GC(273)     Dead                           Min: 0, Avg:  0.0, Max: 0, Diff: 0, Sum: 0, Workers: 4
[5603.776s][debug][gc,phases      ] GC(273)     Total                          Min: 0, Avg:  0.0, Max: 0, Diff: 0, Sum: 0, Workers: 4
[5603.776s][debug][gc,phases      ] GC(273)   StringDedup Requests1 Weak     Min:  0.0, Avg:  0.0, Max:  0.0, Diff:  0.0, Sum:  0.0, Workers: 4
[5603.776s][debug][gc,phases      ] GC(273)     Dead                           Min: 0, Avg:  0.0, Max: 0, Diff: 0, Sum: 0, Workers: 4
[5603.776s][debug][gc,phases      ] GC(273)     Total                          Min: 0, Avg:  0.0, Max: 0, Diff: 0, Sum: 0, Workers: 4
[5603.776s][debug][gc,phases      ] GC(273)   Weak JFR Old Object Samples    Min:  0.0, Avg:  0.0, Max:  0.0, Diff:  0.0, Sum:  0.0, Workers: 4
[5603.776s][debug][gc,phases      ] GC(273)     Dead                           Min: 0, Avg:  0.0, Max: 0, Diff: 0, Sum: 0, Workers: 4
[5603.776s][debug][gc,phases      ] GC(273)     Total                          Min: 0, Avg:  0.0, Max: 0, Diff: 0, Sum: 0, Workers: 4
[5603.776s][debug][gc,phases      ] GC(273) Weak Processing 0.440ms
[5603.776s][debug][gc,age         ] GC(273) Desired survivor size 49283072 bytes, new threshold 1 (max threshold 15)
[5603.776s][info ][gc,heap        ] GC(273) PSYoungGen: 2010404K(2049024K)->5102K(2048000K) Eden: 1999872K(1999872K)->0K(1999872K) From: 10532K(49152K)->5102K(48128K)
[5603.776s][info ][gc,heap        ] GC(273) ParOldGen: 2022056K(2022400K)->2028553K(2029056K)
[5603.776s][info ][gc,metaspace   ] GC(273) Metaspace: 111948K(113344K)->111948K(113344K) NonClass: 95334K(96128K)->95334K(96128K) Class: 16613K(17216K)->16613K(17216K)
[5603.776s][info ][gc             ] GC(273) Pause Young (Allocation Failure) 3937M->1985M(3981M) 10.825ms
[5603.776s][info ][gc,cpu         ] GC(273) User=0.03s Sys=0.00s Real=0.01s
[5603.776s][info ][safepoint      ] Safepoint "ParallelGCFailedAllocation", Time since last: 1530243364 ns, Reaching safepoint: 5400 ns, Cleanup: 3300 ns, At safepoint: 10891074 ns, Total: 10899774 ns
[5613.777s][info ][safepoint      ] Safepoint "Cleanup", Time since last: 10000716554 ns, Reaching safepoint: 5200 ns, Cleanup: 7701 ns, At safepoint: 2100 ns, Total: 15001 ns
[5633.778s][info ][safepoint      ] Safepoint "Cleanup", Time since last: 20001423685 ns, Reaching safepoint: 5300 ns, Cleanup: 10700 ns, At safepoint: 2300 ns, Total: 18300 ns
[5640.779s][info ][safepoint      ] Safepoint "Cleanup", Time since last: 7000521436 ns, Reaching safepoint: 4900 ns, Cleanup: 13000 ns, At safepoint: 2700 ns, Total: 20600 ns
[5650.251s][info ][safepoint      ] Safepoint "Cleanup", Time since last: 9472439732 ns, Reaching safepoint: 5800 ns, Cleanup: 9800 ns, At safepoint: 2900 ns, Total: 18500 ns
[5651.252s][info ][safepoint      ] Safepoint "Cleanup", Time since last: 1000119750 ns, Reaching safepoint: 5000 ns, Cleanup: 15000 ns, At safepoint: 2400 ns, Total: 22400 ns
[5655.252s][info ][safepoint      ] Safepoint "Cleanup", Time since last: 4000309177 ns, Reaching safepoint: 5300 ns, Cleanup: 20200 ns, At safepoint: 2800 ns, Total: 28300 ns
[5656.252s][info ][safepoint      ] Safepoint "Cleanup", Time since last: 1000106006 ns, Reaching safepoint: 5500 ns, Cleanup: 8600 ns, At safepoint: 2400 ns, Total: 16500 ns
[5666.253s][info ][safepoint      ] Safepoint "Cleanup", Time since last: 10000753637 ns, Reaching safepoint: 6401 ns, Cleanup: 37400 ns, At safepoint: 4700 ns, Total: 48501 ns
[5667.253s][info ][safepoint      ] Safepoint "Cleanup", Time since last: 1000108795 ns, Reaching safepoint: 5400 ns, Cleanup: 31001 ns, At safepoint: 2600 ns, Total: 39001 ns
[5675.254s][info ][safepoint      ] Safepoint "Cleanup", Time since last: 8000597664 ns, Reaching safepoint: 5800 ns, Cleanup: 9700 ns, At safepoint: 3200 ns, Total: 18700 ns
[5676.254s][info ][safepoint      ] Safepoint "Cleanup", Time since last: 1000112345 ns, Reaching safepoint: 5500 ns, Cleanup: 8001 ns, At safepoint: 2300 ns, Total: 15801 ns
[5693.255s][info ][safepoint      ] Safepoint "Cleanup", Time since last: 17001254208 ns, Reaching safepoint: 4700 ns, Cleanup: 7700 ns, At safepoint: 18800 ns, Total: 31200 ns
[5693.662s][info ][gc,start       ] GC(274) Pause Young (Allocation Failure)
[5693.669s][debug][gc,phases      ] GC(274) Scavenge 6.093ms
[5693.669s][debug][gc,ref         ] GC(274) ReferenceProcessor::execute queues: 1, RefProcThreadModel::Single, marks_oops_alive: false
[5693.669s][debug][gc,ref         ] GC(274) Skipped KeepAliveFinalRefsPhase of Reference Processing: no references
[5693.669s][debug][gc,ref         ] GC(274) Skipped PhantomRefsPhase of Reference Processing: no references
[5693.669s][debug][gc,phases      ] GC(274) Reference Processing 0.093ms
[5693.669s][debug][gc,phases      ] GC(274)   VM Weak                        Min:  0.0, Avg:  0.0, Max:  0.0, Diff:  0.0, Sum:  0.0, Workers: 4
[5693.669s][debug][gc,phases      ] GC(274)     Dead                           Min: 0, Avg:  0.0, Max: 0, Diff: 0, Sum: 0, Workers: 4
[5693.669s][debug][gc,phases      ] GC(274)     Total                          Min: 0, Avg: 278.8, Max: 896, Diff: 896, Sum: 1115, Workers: 4
[5693.669s][debug][gc,phases      ] GC(274)   ObjectSynchronizer Weak        Min:  0.0, Avg:  0.0, Max:  0.0, Diff:  0.0, Sum:  0.0, Workers: 4
[5693.669s][debug][gc,phases      ] GC(274)     Dead                           Min: 0, Avg:  0.0, Max: 0, Diff: 0, Sum: 0, Workers: 4
[5693.669s][debug][gc,phases      ] GC(274)     Total                          Min: 0, Avg:  1.0, Max: 4, Diff: 4, Sum: 4, Workers: 4
[5693.669s][debug][gc,phases      ] GC(274)   JVMTI Tag Weak OopStorage      Min:  0.0, Avg:  0.0, Max:  0.0, Diff:  0.0, Sum:  0.0, Workers: 4
[5693.669s][debug][gc,phases      ] GC(274)     Dead                           Min: 0, Avg:  0.0, Max: 0, Diff: 0, Sum: 0, Workers: 4
[5693.669s][debug][gc,phases      ] GC(274)     Total                          Min: 0, Avg:  0.0, Max: 0, Diff: 0, Sum: 0, Workers: 4
[5693.669s][debug][gc,phases      ] GC(274)   StringTable Weak               Min:  0.0, Avg:  0.1, Max:  0.2, Diff:  0.2, Sum:  0.5, Workers: 4
[5693.669s][debug][gc,phases      ] GC(274)     Dead                           Min: 0, Avg:  0.0, Max: 0, Diff: 0, Sum: 0, Workers: 4
[5693.669s][debug][gc,phases      ] GC(274)     Total                          Min: 0, Avg: 11950.2, Max: 16185, Diff: 16185, Sum: 47801, Workers: 4
[5693.669s][debug][gc,phases      ] GC(274)   ResolvedMethodTable Weak       Min:  0.0, Avg:  0.0, Max:  0.1, Diff:  0.1, Sum:  0.1, Workers: 4
[5693.669s][debug][gc,phases      ] GC(274)     Dead                           Min: 0, Avg:  4.0, Max: 16, Diff: 16, Sum: 16, Workers: 4
[5693.669s][debug][gc,phases      ] GC(274)     Total                          Min: 0, Avg: 4043.2, Max: 5596, Diff: 5596, Sum: 16173, Workers: 4
[5693.669s][debug][gc,phases      ] GC(274)   JNI Weak                       Min:  0.0, Avg:  0.0, Max:  0.0, Diff:  0.0, Sum:  0.0, Workers: 4
[5693.669s][debug][gc,phases      ] GC(274)     Dead                           Min: 0, Avg:  0.0, Max: 0, Diff: 0, Sum: 0, Workers: 4
[5693.669s][debug][gc,phases      ] GC(274)     Total                          Min: 0, Avg: 13.0, Max: 52, Diff: 52, Sum: 52, Workers: 4
[5693.669s][debug][gc,phases      ] GC(274)   StringDedup Table Weak         Min:  0.0, Avg:  0.0, Max:  0.0, Diff:  0.0, Sum:  0.0, Workers: 4
[5693.669s][debug][gc,phases      ] GC(274)     Dead                           Min: 0, Avg:  0.0, Max: 0, Diff: 0, Sum: 0, Workers: 4
[5693.669s][debug][gc,phases      ] GC(274)     Total                          Min: 0, Avg:  0.0, Max: 0, Diff: 0, Sum: 0, Workers: 4
[5693.669s][debug][gc,phases      ] GC(274)   StringDedup Requests0 Weak     Min:  0.0, Avg:  0.0, Max:  0.0, Diff:  0.0, Sum:  0.0, Workers: 4
[5693.669s][debug][gc,phases      ] GC(274)     Dead                           Min: 0, Avg:  0.0, Max: 0, Diff: 0, Sum: 0, Workers: 4
[5693.669s][debug][gc,phases      ] GC(274)     Total                          Min: 0, Avg:  0.0, Max: 0, Diff: 0, Sum: 0, Workers: 4
[5693.669s][debug][gc,phases      ] GC(274)   StringDedup Requests1 Weak     Min:  0.0, Avg:  0.0, Max:  0.0, Diff:  0.0, Sum:  0.0, Workers: 4
[5693.669s][debug][gc,phases      ] GC(274)     Dead                           Min: 0, Avg:  0.0, Max: 0, Diff: 0, Sum: 0, Workers: 4
[5693.669s][debug][gc,phases      ] GC(274)     Total                          Min: 0, Avg:  0.0, Max: 0, Diff: 0, Sum: 0, Workers: 4
[5693.669s][debug][gc,phases      ] GC(274)   Weak JFR Old Object Samples    Min:  0.0, Avg:  0.0, Max:  0.0, Diff:  0.0, Sum:  0.0, Workers: 4
[5693.669s][debug][gc,phases      ] GC(274)     Dead                           Min: 0, Avg:  0.0, Max: 0, Diff: 0, Sum: 0, Workers: 4
[5693.669s][debug][gc,phases      ] GC(274)     Total                          Min: 0, Avg:  0.0, Max: 0, Diff: 0, Sum: 0, Workers: 4
[5693.669s][debug][gc,phases      ] GC(274) Weak Processing 0.407ms
[5693.669s][debug][gc,age         ] GC(274) Desired survivor size 48758784 bytes, new threshold 1 (max threshold 15)
[5693.669s][info ][gc,heap        ] GC(274) PSYoungGen: 2004974K(2048000K)->3707K(2049536K) Eden: 1999872K(1999872K)->0K(2001408K) From: 5102K(48128K)->3707K(48128K)
[5693.669s][info ][gc,heap        ] GC(274) ParOldGen: 2028553K(2029056K)->2030481K(2030592K)
[5693.669s][info ][gc,metaspace   ] GC(274) Metaspace: 112117K(113472K)->112117K(113472K) NonClass: 95483K(96256K)->95483K(96256K) Class: 16634K(17216K)->16634K(17216K)
[5693.669s][info ][gc             ] GC(274) Pause Young (Allocation Failure) 3938M->1986M(3984M) 6.697ms
[5693.669s][info ][gc,cpu         ] GC(274) User=0.02s Sys=0.00s Real=0.00s
[5693.669s][info ][safepoint      ] Safepoint "ParallelGCFailedAllocation", Time since last: 407478353 ns, Reaching safepoint: 4900 ns, Cleanup: 3300 ns, At safepoint: 6761347 ns, Total: 6769547 ns
[5711.268s][info ][safepoint      ] Safepoint "Cleanup", Time since last: 17598997445 ns, Reaching safepoint: 4900 ns, Cleanup: 8800 ns, At safepoint: 2300 ns, Total: 16000 ns
[5740.270s][info ][safepoint      ] Safepoint "Cleanup", Time since last: 29002200944 ns, Reaching safepoint: 5901 ns, Cleanup: 9700 ns, At safepoint: 2900 ns, Total: 18501 ns
[5741.271s][info ][safepoint      ] Safepoint "Cleanup", Time since last: 1000117057 ns, Reaching safepoint: 5200 ns, Cleanup: 8500 ns, At safepoint: 2401 ns, Total: 16101 ns
[5744.271s][info ][safepoint      ] Safepoint "Cleanup", Time since last: 3000258772 ns, Reaching safepoint: 22200 ns, Cleanup: 20000 ns, At safepoint: 2701 ns, Total: 44901 ns
[5746.271s][info ][safepoint      ] Safepoint "Cleanup", Time since last: 2000172569 ns, Reaching safepoint: 6400 ns, Cleanup: 9100 ns, At safepoint: 3000 ns, Total: 18500 ns
[5864.293s][info ][safepoint      ] Safepoint "Cleanup", Time since last: 118021468341 ns, Reaching safepoint: 5500 ns, Cleanup: 10100 ns, At safepoint: 3000 ns, Total: 18600 ns
[5865.232s][info ][safepoint      ] Safepoint "JFRCheckpoint", Time since last: 939724675 ns, Reaching safepoint: 76200 ns, Cleanup: 11300 ns, At safepoint: 19600 ns, Total: 107100 ns
[5865.234s][info ][gc,heap,exit   ] Heap
[5865.234s][info ][gc,heap,exit   ]  PSYoungGen      total 2049536K, used 1184175K [0x0000000780000000, 0x0000000800000000, 0x0000000800000000)
[5865.234s][info ][gc,heap,exit   ]   eden space 2001408K, 58% used [0x0000000780000000,0x00000007c80ccec0,0x00000007fa280000)
[5865.234s][info ][gc,heap,exit   ]   from space 48128K, 7% used [0x00000007fd100000,0x00000007fd49ef38,0x0000000800000000)
[5865.234s][info ][gc,heap,exit   ]   to   space 47616K, 0% used [0x00000007fa280000,0x00000007fa280000,0x00000007fd100000)
[5865.234s][info ][gc,heap,exit   ]  ParOldGen       total 2030592K, used 2030481K [0x00000006c0000000, 0x000000073bf00000, 0x0000000780000000)
[5865.234s][info ][gc,heap,exit   ]   object space 2030592K, 99% used [0x00000006c0000000,0x000000073bee46e0,0x000000073bf00000)
[5865.234s][info ][gc,heap,exit   ]  Metaspace       used 112215K, committed 113728K, reserved 1179648K
[5865.234s][info ][gc,heap,exit   ]   class space    used 16648K, committed 17344K, reserved 1048576K
