[0.003s][info][gc,init] CardTable entry size: 512
[0.003s][info][gc     ] Using Parallel
[0.005s][info][gc,init] Version: 21.0.7+6-LTS (release)
[0.005s][info][gc,init] CPUs: 4 total, 4 available
[0.005s][info][gc,init] Memory: 15995M
[0.005s][info][gc,init] Large Page Support: Disabled
[0.005s][info][gc,init] NUMA Support: Disabled
[0.005s][info][gc,init] Compressed Oops: Enabled (Zero based)
[0.005s][info][gc,init] Alignments: Space 512K, Generation 512K, Heap 2M
[0.005s][info][gc,init] Heap Min Capacity: 2054M
[0.005s][info][gc,init] Heap Initial Capacity: 2054M
[0.005s][info][gc,init] Heap Max Capacity: 5G
[0.005s][info][gc,init] Pre-touch: Disabled
[0.005s][info][gc,init] Parallel Workers: 4
[0.012s][info][gc,metaspace] CDS archive(s) mapped at: [0x00007f4cbd000000-0x00007f4cbdc97000-0x00007f4cbdc97000), size 13201408, SharedBaseAddress: 0x00007f4cbd000000, ArchiveRelocationMode: 1.
[0.012s][info][gc,metaspace] Compressed class space mapped at: 0x00007f4cbe000000-0x00007f4cfe000000, reserved size: 1073741824
[0.012s][info][gc,metaspace] Narrow klass base: 0x00007f4cbd000000, Narrow klass shift: 0, Narrow klass range: 0x100000000
[0.265s][info][safepoint   ] Safepoint "ICBufferFull", Time since last: 246850037 ns, Reaching safepoint: 80999 ns, Cleanup: 104500 ns, At safepoint: 12199 ns, Total: 197698 ns
[0.418s][info][safepoint   ] Safepoint "RedefineClasses", Time since last: 146041694 ns, Reaching safepoint: 3200 ns, Cleanup: 109199 ns, At safepoint: 6834962 ns, Total: 6947361 ns
[0.513s][info][safepoint   ] Safepoint "JFRCheckpoint", Time since last: 95392373 ns, Reaching safepoint: 2600 ns, Cleanup: 44900 ns, At safepoint: 8600 ns, Total: 56100 ns
[1.200s][info][safepoint   ] Safepoint "ICBufferFull", Time since last: 686885606 ns, Reaching safepoint: 77900 ns, Cleanup: 111299 ns, At safepoint: 8100 ns, Total: 197299 ns
[1.650s][info][safepoint   ] Safepoint "ICBufferFull", Time since last: 449882115 ns, Reaching safepoint: 4100 ns, Cleanup: 135599 ns, At safepoint: 2200 ns, Total: 141899 ns
[1.892s][info][gc,start    ] GC(0) Pause Young (Metadata GC Threshold)
[1.907s][debug][gc,phases   ] GC(0) Scavenge 14.779ms
[1.907s][debug][gc,ref      ] GC(0) ReferenceProcessor::execute queues: 2, RefProcThreadModel::Multi, marks_oops_alive: false
[1.907s][debug][gc,ref      ] GC(0) ReferenceProcessor::execute queues: 4, RefProcThreadModel::Multi, marks_oops_alive: true
[1.908s][debug][gc,ref      ] GC(0) ReferenceProcessor::execute queues: 1, RefProcThreadModel::Single, marks_oops_alive: false
[1.908s][debug][gc,phases   ] GC(0) Reference Processing 0.315ms
[1.908s][debug][gc,phases   ] GC(0)   VM Weak                        Min:  0.0, Avg:  0.0, Max:  0.0, Diff:  0.0, Sum:  0.0, Workers: 4
[1.908s][debug][gc,phases   ] GC(0)     Dead                           Min: 0, Avg:  0.0, Max: 0, Diff: 0, Sum: 0, Workers: 4
[1.908s][debug][gc,phases   ] GC(0)     Total                          Min: 0, Avg: 59.8, Max: 175, Diff: 175, Sum: 239, Workers: 4
[1.908s][debug][gc,phases   ] GC(0)   ObjectSynchronizer Weak        Min:  0.0, Avg:  0.0, Max:  0.0, Diff:  0.0, Sum:  0.0, Workers: 4
[1.908s][debug][gc,phases   ] GC(0)     Dead                           Min: 0, Avg:  0.5, Max: 2, Diff: 2, Sum: 2, Workers: 4
[1.908s][debug][gc,phases   ] GC(0)     Total                          Min: 0, Avg:  2.2, Max: 9, Diff: 9, Sum: 9, Workers: 4
[1.908s][debug][gc,phases   ] GC(0)   JVMTI Tag Weak OopStorage      Min:  0.0, Avg:  0.0, Max:  0.0, Diff:  0.0, Sum:  0.0, Workers: 4
[1.908s][debug][gc,phases   ] GC(0)     Dead                           Min: 0, Avg:  0.0, Max: 0, Diff: 0, Sum: 0, Workers: 4
[1.908s][debug][gc,phases   ] GC(0)     Total                          Min: 0, Avg:  0.0, Max: 0, Diff: 0, Sum: 0, Workers: 4
[1.908s][debug][gc,phases   ] GC(0)   StringTable Weak               Min:  0.0, Avg:  0.0, Max:  0.0, Diff:  0.0, Sum:  0.2, Workers: 4
[1.908s][debug][gc,phases   ] GC(0)     Dead                           Min: 1, Avg:  7.8, Max: 19, Diff: 18, Sum: 31, Workers: 4
[1.908s][debug][gc,phases   ] GC(0)     Total                          Min: 1792, Avg: 1993.0, Max: 2432, Diff: 640, Sum: 7972, Workers: 4
[1.908s][debug][gc,phases   ] GC(0)   ResolvedMethodTable Weak       Min:  0.0, Avg:  0.0, Max:  0.0, Diff:  0.0, Sum:  0.1, Workers: 4
[1.908s][debug][gc,phases   ] GC(0)     Dead                           Min: 52, Avg: 95.8, Max: 144, Diff: 92, Sum: 383, Workers: 4
[1.908s][debug][gc,phases   ] GC(0)     Total                          Min: 448, Avg: 468.2, Max: 512, Diff: 64, Sum: 1873, Workers: 4
[1.908s][debug][gc,phases   ] GC(0)   JNI Weak                       Min:  0.0, Avg:  0.0, Max:  0.0, Diff:  0.0, Sum:  0.0, Workers: 4
[1.908s][debug][gc,phases   ] GC(0)     Dead                           Min: 0, Avg:  0.0, Max: 0, Diff: 0, Sum: 0, Workers: 4
[1.908s][debug][gc,phases   ] GC(0)     Total                          Min: 0, Avg: 12.0, Max: 48, Diff: 48, Sum: 48, Workers: 4
[1.908s][debug][gc,phases   ] GC(0)   StringDedup Table Weak         Min:  0.0, Avg:  0.0, Max:  0.0, Diff:  0.0, Sum:  0.0, Workers: 4
[1.908s][debug][gc,phases   ] GC(0)     Dead                           Min: 0, Avg:  0.0, Max: 0, Diff: 0, Sum: 0, Workers: 4
[1.908s][debug][gc,phases   ] GC(0)     Total                          Min: 0, Avg:  0.0, Max: 0, Diff: 0, Sum: 0, Workers: 4
[1.908s][debug][gc,phases   ] GC(0)   StringDedup Requests0 Weak     Min:  0.0, Avg:  0.0, Max:  0.0, Diff:  0.0, Sum:  0.0, Workers: 4
[1.908s][debug][gc,phases   ] GC(0)     Dead                           Min: 0, Avg:  0.0, Max: 0, Diff: 0, Sum: 0, Workers: 4
[1.908s][debug][gc,phases   ] GC(0)     Total                          Min: 0, Avg:  0.0, Max: 0, Diff: 0, Sum: 0, Workers: 4
[1.908s][debug][gc,phases   ] GC(0)   StringDedup Requests1 Weak     Min:  0.0, Avg:  0.0, Max:  0.0, Diff:  0.0, Sum:  0.0, Workers: 4
[1.908s][debug][gc,phases   ] GC(0)     Dead                           Min: 0, Avg:  0.0, Max: 0, Diff: 0, Sum: 0, Workers: 4
[1.908s][debug][gc,phases   ] GC(0)     Total                          Min: 0, Avg:  0.0, Max: 0, Diff: 0, Sum: 0, Workers: 4
[1.908s][debug][gc,phases   ] GC(0)   Weak JFR Old Object Samples    Min:  0.0, Avg:  0.0, Max:  0.0, Diff:  0.0, Sum:  0.0, Workers: 4
[1.908s][debug][gc,phases   ] GC(0)     Dead                           Min: 0, Avg:  0.0, Max: 0, Diff: 0, Sum: 0, Workers: 4
[1.908s][debug][gc,phases   ] GC(0)     Total                          Min: 0, Avg:  0.0, Max: 0, Diff: 0, Sum: 0, Workers: 4
[1.908s][debug][gc,phases   ] GC(0) Weak Processing 0.227ms
[1.908s][debug][gc,age      ] GC(0) Desired survivor size 536870912 bytes, new threshold 7 (max threshold 15)
[1.908s][info ][gc,heap     ] GC(0) PSYoungGen: 393063K(1572864K)->37806K(1572864K) Eden: 393063K(1048576K)->0K(1048576K) From: 0K(524288K)->37806K(524288K)
[1.908s][info ][gc,heap     ] GC(0) ParOldGen: 1073K(6144K)->1145K(6144K)
[1.908s][info ][gc,metaspace] GC(0) Metaspace: 21102K(21504K)->21102K(21504K) NonClass: 18784K(19008K)->18784K(19008K) Class: 2318K(2496K)->2318K(2496K)
[1.908s][info ][gc          ] GC(0) Pause Young (Metadata GC Threshold) 384M->38M(1542M) 15.725ms
[1.908s][info ][gc,cpu      ] GC(0) User=0.04s Sys=0.01s Real=0.02s
[1.908s][debug][gc,phases   ] GC(1) Pre Compact 0.008ms
[1.908s][info ][gc,start    ] GC(1) Pause Full (Metadata GC Threshold)
[1.908s][info ][gc,phases,start] GC(1) Marking Phase
[1.916s][debug][gc,phases      ] GC(1) Par Mark 8.079ms
[1.916s][debug][gc,ref         ] GC(1) ReferenceProcessor::execute queues: 2, RefProcThreadModel::Multi, marks_oops_alive: false
[1.916s][debug][gc,ref         ] GC(1) ReferenceProcessor::execute queues: 4, RefProcThreadModel::Multi, marks_oops_alive: true
[1.916s][debug][gc,ref         ] GC(1) ReferenceProcessor::execute queues: 1, RefProcThreadModel::Single, marks_oops_alive: false
[1.916s][debug][gc,phases      ] GC(1) Reference Processing 0.138ms
[1.916s][debug][gc,phases      ] GC(1)   VM Weak                        Min:  0.0, Avg:  0.0, Max:  0.0, Diff:  0.0, Sum:  0.0, Workers: 4
[1.916s][debug][gc,phases      ] GC(1)     Dead                           Min: 0, Avg:  0.0, Max: 0, Diff: 0, Sum: 0, Workers: 4
[1.916s][debug][gc,phases      ] GC(1)     Total                          Min: 0, Avg: 59.8, Max: 239, Diff: 239, Sum: 239, Workers: 4
[1.916s][debug][gc,phases      ] GC(1)   ObjectSynchronizer Weak        Min:  0.0, Avg:  0.0, Max:  0.0, Diff:  0.0, Sum:  0.0, Workers: 4
[1.916s][debug][gc,phases      ] GC(1)     Dead                           Min: 0, Avg:  0.0, Max: 0, Diff: 0, Sum: 0, Workers: 4
[1.916s][debug][gc,phases      ] GC(1)     Total                          Min: 0, Avg:  2.2, Max: 9, Diff: 9, Sum: 9, Workers: 4
[1.916s][debug][gc,phases      ] GC(1)   JVMTI Tag Weak OopStorage      Min:  0.0, Avg:  0.0, Max:  0.0, Diff:  0.0, Sum:  0.0, Workers: 4
[1.916s][debug][gc,phases      ] GC(1)     Dead                           Min: 0, Avg:  0.0, Max: 0, Diff: 0, Sum: 0, Workers: 4
[1.916s][debug][gc,phases      ] GC(1)     Total                          Min: 0, Avg:  0.0, Max: 0, Diff: 0, Sum: 0, Workers: 4
[1.916s][debug][gc,phases      ] GC(1)   StringTable Weak               Min:  0.0, Avg:  0.0, Max:  0.0, Diff:  0.0, Sum:  0.1, Workers: 4
[1.916s][debug][gc,phases      ] GC(1)     Dead                           Min: 0, Avg:  0.0, Max: 0, Diff: 0, Sum: 0, Workers: 4
[1.916s][debug][gc,phases      ] GC(1)     Total                          Min: 0, Avg: 1993.0, Max: 2880, Diff: 2880, Sum: 7972, Workers: 4
[1.916s][debug][gc,phases      ] GC(1)   ResolvedMethodTable Weak       Min:  0.0, Avg:  0.0, Max:  0.0, Diff:  0.0, Sum:  0.0, Workers: 4
[1.916s][debug][gc,phases      ] GC(1)     Dead                           Min: 0, Avg:  0.0, Max: 0, Diff: 0, Sum: 0, Workers: 4
[1.916s][debug][gc,phases      ] GC(1)     Total                          Min: 0, Avg: 468.2, Max: 657, Diff: 657, Sum: 1873, Workers: 4
[1.916s][debug][gc,phases      ] GC(1)   JNI Weak                       Min:  0.0, Avg:  0.0, Max:  0.0, Diff:  0.0, Sum:  0.0, Workers: 4
[1.916s][debug][gc,phases      ] GC(1)     Dead                           Min: 0, Avg:  0.0, Max: 0, Diff: 0, Sum: 0, Workers: 4
[1.916s][debug][gc,phases      ] GC(1)     Total                          Min: 0, Avg: 12.0, Max: 48, Diff: 48, Sum: 48, Workers: 4
[1.916s][debug][gc,phases      ] GC(1)   StringDedup Table Weak         Min:  0.0, Avg:  0.0, Max:  0.0, Diff:  0.0, Sum:  0.0, Workers: 4
[1.916s][debug][gc,phases      ] GC(1)     Dead                           Min: 0, Avg:  0.0, Max: 0, Diff: 0, Sum: 0, Workers: 4
[1.916s][debug][gc,phases      ] GC(1)     Total                          Min: 0, Avg:  0.0, Max: 0, Diff: 0, Sum: 0, Workers: 4
[1.916s][debug][gc,phases      ] GC(1)   StringDedup Requests0 Weak     Min:  0.0, Avg:  0.0, Max:  0.0, Diff:  0.0, Sum:  0.0, Workers: 4
[1.916s][debug][gc,phases      ] GC(1)     Dead                           Min: 0, Avg:  0.0, Max: 0, Diff: 0, Sum: 0, Workers: 4
[1.916s][debug][gc,phases      ] GC(1)     Total                          Min: 0, Avg:  0.0, Max: 0, Diff: 0, Sum: 0, Workers: 4
[1.916s][debug][gc,phases      ] GC(1)   StringDedup Requests1 Weak     Min:  0.0, Avg:  0.0, Max:  0.0, Diff:  0.0, Sum:  0.0, Workers: 4
[1.916s][debug][gc,phases      ] GC(1)     Dead                           Min: 0, Avg:  0.0, Max: 0, Diff: 0, Sum: 0, Workers: 4
[1.916s][debug][gc,phases      ] GC(1)     Total                          Min: 0, Avg:  0.0, Max: 0, Diff: 0, Sum: 0, Workers: 4
[1.916s][debug][gc,phases      ] GC(1)   Weak JFR Old Object Samples    Min:  0.0, Avg:  0.0, Max:  0.0, Diff:  0.0, Sum:  0.0, Workers: 4
[1.916s][debug][gc,phases      ] GC(1)     Dead                           Min: 0, Avg:  0.0, Max: 0, Diff: 0, Sum: 0, Workers: 4
[1.916s][debug][gc,phases      ] GC(1)     Total                          Min: 0, Avg:  0.0, Max: 0, Diff: 0, Sum: 0, Workers: 4
[1.916s][debug][gc,phases      ] GC(1) Weak Processing 0.189ms
[1.916s][debug][gc,phases      ] GC(1) ClassLoaderData 0.009ms
[1.916s][debug][gc,phases      ] GC(1) Trigger cleanups 0.000ms
[1.922s][debug][gc,phases      ] GC(1) Purge Unlinked NMethods 0.001ms
[1.922s][debug][gc,phases      ] GC(1) Unregister NMethods 0.015ms
[1.922s][debug][gc,phases      ] GC(1) Free Code Blobs 0.002ms
[1.922s][debug][gc,phases      ] GC(1) Class Unloading 5.467ms
[1.922s][debug][gc,phases      ] GC(1) Report Object Count 0.000ms
[1.922s][info ][gc,phases      ] GC(1) Marking Phase 13.907ms
[1.922s][info ][gc,phases,start] GC(1) Summary Phase
[1.922s][info ][gc,phases      ] GC(1) Summary Phase 0.005ms
[1.922s][info ][gc,phases,start] GC(1) Adjust Roots
[1.926s][info ][gc,phases      ] GC(1) Adjust Roots 4.451ms
[1.926s][info ][gc,phases,start] GC(1) Compaction Phase
[1.946s][info ][gc,phases      ] GC(1) Compaction Phase 19.666ms
[1.946s][info ][gc,phases,start] GC(1) Post Compact
[1.947s][debug][gc,phases      ] GC(1) Purge Class Loader Data 0.841ms
[1.948s][info ][gc,phases      ] GC(1) Post Compact 1.770ms
[1.948s][info ][gc,heap        ] GC(1) PSYoungGen: 37806K(1572864K)->32534K(1572864K) Eden: 0K(1048576K)->0K(1048576K) From: 37806K(524288K)->32534K(524288K)
[1.948s][info ][gc,heap        ] GC(1) ParOldGen: 1145K(6144K)->6088K(6144K)
[1.948s][info ][gc,metaspace   ] GC(1) Metaspace: 21102K(21504K)->21102K(21504K) NonClass: 18784K(19008K)->18784K(19008K) Class: 2318K(2496K)->2318K(2496K)
[1.948s][info ][gc             ] GC(1) Pause Full (Metadata GC Threshold) 38M->37M(1542M) 39.895ms
[1.948s][info ][gc,cpu         ] GC(1) User=0.12s Sys=0.01s Real=0.04s
[1.948s][info ][safepoint      ] Safepoint "CollectForMetadataAllocation", Time since last: 241811465 ns, Reaching safepoint: 3500 ns, Cleanup: 86399 ns, At safepoint: 55717992 ns, Total: 55807891 ns
[2.315s][info ][safepoint      ] Safepoint "ICBufferFull", Time since last: 366701075 ns, Reaching safepoint: 3500 ns, Cleanup: 114699 ns, At safepoint: 4500 ns, Total: 122699 ns
[2.535s][info ][safepoint      ] Safepoint "ICBufferFull", Time since last: 219821886 ns, Reaching safepoint: 101699 ns, Cleanup: 111600 ns, At safepoint: 6800 ns, Total: 220099 ns
[2.652s][info ][safepoint      ] Safepoint "ICBufferFull", Time since last: 116759855 ns, Reaching safepoint: 2900 ns, Cleanup: 132099 ns, At safepoint: 1900 ns, Total: 136899 ns
[2.818s][info ][safepoint      ] Safepoint "ICBufferFull", Time since last: 166009683 ns, Reaching safepoint: 3400 ns, Cleanup: 135199 ns, At safepoint: 1800 ns, Total: 140399 ns
[3.110s][info ][safepoint      ] Safepoint "ICBufferFull", Time since last: 292032887 ns, Reaching safepoint: 3000 ns, Cleanup: 132700 ns, At safepoint: 1700 ns, Total: 137400 ns
[3.180s][info ][gc,start       ] GC(2) Pause Young (Metadata GC Threshold)
[3.216s][debug][gc,phases      ] GC(2) Scavenge 36.719ms
[3.217s][debug][gc,ref         ] GC(2) ReferenceProcessor::execute queues: 4, RefProcThreadModel::Multi, marks_oops_alive: false
[3.217s][debug][gc,ref         ] GC(2) ReferenceProcessor::execute queues: 4, RefProcThreadModel::Multi, marks_oops_alive: true
[3.217s][debug][gc,ref         ] GC(2) ReferenceProcessor::execute queues: 2, RefProcThreadModel::Multi, marks_oops_alive: false
[3.217s][debug][gc,phases      ] GC(2) Reference Processing 0.665ms
[3.217s][debug][gc,phases      ] GC(2)   VM Weak                        Min:  0.0, Avg:  0.0, Max:  0.0, Diff:  0.0, Sum:  0.0, Workers: 4
[3.217s][debug][gc,phases      ] GC(2)     Dead                           Min: 0, Avg:  0.0, Max: 0, Diff: 0, Sum: 0, Workers: 4
[3.217s][debug][gc,phases      ] GC(2)     Total                          Min: 0, Avg: 72.2, Max: 128, Diff: 128, Sum: 289, Workers: 4
[3.217s][debug][gc,phases      ] GC(2)   ObjectSynchronizer Weak        Min:  0.0, Avg:  0.0, Max:  0.0, Diff:  0.0, Sum:  0.0, Workers: 4
[3.217s][debug][gc,phases      ] GC(2)     Dead                           Min: 0, Avg:  0.2, Max: 1, Diff: 1, Sum: 1, Workers: 4
[3.217s][debug][gc,phases      ] GC(2)     Total                          Min: 0, Avg:  2.5, Max: 10, Diff: 10, Sum: 10, Workers: 4
[3.217s][debug][gc,phases      ] GC(2)   JVMTI Tag Weak OopStorage      Min:  0.0, Avg:  0.0, Max:  0.0, Diff:  0.0, Sum:  0.0, Workers: 4
[3.217s][debug][gc,phases      ] GC(2)     Dead                           Min: 0, Avg:  0.0, Max: 0, Diff: 0, Sum: 0, Workers: 4
[3.217s][debug][gc,phases      ] GC(2)     Total                          Min: 0, Avg:  0.0, Max: 0, Diff: 0, Sum: 0, Workers: 4
[3.217s][debug][gc,phases      ] GC(2)   StringTable Weak               Min:  0.1, Avg:  0.1, Max:  0.1, Diff:  0.0, Sum:  0.4, Workers: 4
[3.217s][debug][gc,phases      ] GC(2)     Dead                           Min: 1, Avg:  2.8, Max: 5, Diff: 4, Sum: 11, Workers: 4
[3.217s][debug][gc,phases      ] GC(2)     Total                          Min: 3584, Avg: 3667.2, Max: 3725, Diff: 141, Sum: 14669, Workers: 4
[3.217s][debug][gc,phases      ] GC(2)   ResolvedMethodTable Weak       Min:  0.0, Avg:  0.0, Max:  0.0, Diff:  0.0, Sum:  0.1, Workers: 4
[3.217s][debug][gc,phases      ] GC(2)     Dead                           Min: 331, Avg: 436.8, Max: 584, Diff: 253, Sum: 1747, Workers: 4
[3.217s][debug][gc,phases      ] GC(2)     Total                          Min: 1121, Avg: 1192.2, Max: 1216, Diff: 95, Sum: 4769, Workers: 4
[3.217s][debug][gc,phases      ] GC(2)   JNI Weak                       Min:  0.0, Avg:  0.0, Max:  0.0, Diff:  0.0, Sum:  0.0, Workers: 4
[3.217s][debug][gc,phases      ] GC(2)     Dead                           Min: 0, Avg:  0.0, Max: 0, Diff: 0, Sum: 0, Workers: 4
[3.217s][debug][gc,phases      ] GC(2)     Total                          Min: 0, Avg: 13.0, Max: 52, Diff: 52, Sum: 52, Workers: 4
[3.217s][debug][gc,phases      ] GC(2)   StringDedup Table Weak         Min:  0.0, Avg:  0.0, Max:  0.0, Diff:  0.0, Sum:  0.0, Workers: 4
[3.217s][debug][gc,phases      ] GC(2)     Dead                           Min: 0, Avg:  0.0, Max: 0, Diff: 0, Sum: 0, Workers: 4
[3.217s][debug][gc,phases      ] GC(2)     Total                          Min: 0, Avg:  0.0, Max: 0, Diff: 0, Sum: 0, Workers: 4
[3.217s][debug][gc,phases      ] GC(2)   StringDedup Requests0 Weak     Min:  0.0, Avg:  0.0, Max:  0.0, Diff:  0.0, Sum:  0.0, Workers: 4
[3.217s][debug][gc,phases      ] GC(2)     Dead                           Min: 0, Avg:  0.0, Max: 0, Diff: 0, Sum: 0, Workers: 4
[3.217s][debug][gc,phases      ] GC(2)     Total                          Min: 0, Avg:  0.0, Max: 0, Diff: 0, Sum: 0, Workers: 4
[3.217s][debug][gc,phases      ] GC(2)   StringDedup Requests1 Weak     Min:  0.0, Avg:  0.0, Max:  0.0, Diff:  0.0, Sum:  0.0, Workers: 4
[3.217s][debug][gc,phases      ] GC(2)     Dead                           Min: 0, Avg:  0.0, Max: 0, Diff: 0, Sum: 0, Workers: 4
[3.217s][debug][gc,phases      ] GC(2)     Total                          Min: 0, Avg:  0.0, Max: 0, Diff: 0, Sum: 0, Workers: 4
[3.217s][debug][gc,phases      ] GC(2)   Weak JFR Old Object Samples    Min:  0.0, Avg:  0.0, Max:  0.0, Diff:  0.0, Sum:  0.0, Workers: 4
[3.217s][debug][gc,phases      ] GC(2)     Dead                           Min: 0, Avg:  0.0, Max: 0, Diff: 0, Sum: 0, Workers: 4
[3.217s][debug][gc,phases      ] GC(2)     Total                          Min: 0, Avg:  0.0, Max: 0, Diff: 0, Sum: 0, Workers: 4
[3.217s][debug][gc,phases      ] GC(2) Weak Processing 0.290ms
[3.217s][debug][gc,age         ] GC(2) Desired survivor size 536870912 bytes, new threshold 7 (max threshold 15)
[3.217s][info ][gc,heap        ] GC(2) PSYoungGen: 557048K(1572864K)->55420K(1572864K) Eden: 524513K(1048576K)->0K(1048576K) From: 32534K(524288K)->55420K(524288K)
[3.217s][info ][gc,heap        ] GC(2) ParOldGen: 6088K(6144K)->6096K(6144K)
[3.217s][info ][gc,metaspace   ] GC(2) Metaspace: 35364K(35840K)->35364K(35840K) NonClass: 30843K(31104K)->30843K(31104K) Class: 4520K(4736K)->4520K(4736K)
[3.217s][info ][gc             ] GC(2) Pause Young (Metadata GC Threshold) 549M->60M(1542M) 37.813ms
[3.217s][info ][gc,cpu         ] GC(2) User=0.12s Sys=0.02s Real=0.04s
[3.217s][debug][gc,phases      ] GC(3) Pre Compact 0.008ms
[3.217s][info ][gc,start       ] GC(3) Pause Full (Metadata GC Threshold)
[3.217s][info ][gc,phases,start] GC(3) Marking Phase
[3.239s][debug][gc,phases      ] GC(3) Par Mark 22.033ms
[3.240s][debug][gc,ref         ] GC(3) ReferenceProcessor::execute queues: 4, RefProcThreadModel::Multi, marks_oops_alive: false
[3.240s][debug][gc,ref         ] GC(3) ReferenceProcessor::execute queues: 4, RefProcThreadModel::Multi, marks_oops_alive: true
[3.240s][debug][gc,ref         ] GC(3) ReferenceProcessor::execute queues: 1, RefProcThreadModel::Single, marks_oops_alive: false
[3.240s][debug][gc,phases      ] GC(3) Reference Processing 0.455ms
[3.240s][debug][gc,phases      ] GC(3)   VM Weak                        Min:  0.0, Avg:  0.0, Max:  0.0, Diff:  0.0, Sum:  0.0, Workers: 4
[3.240s][debug][gc,phases      ] GC(3)     Dead                           Min: 0, Avg:  0.0, Max: 0, Diff: 0, Sum: 0, Workers: 4
[3.240s][debug][gc,phases      ] GC(3)     Total                          Min: 0, Avg: 72.2, Max: 192, Diff: 192, Sum: 289, Workers: 4
[3.240s][debug][gc,phases      ] GC(3)   ObjectSynchronizer Weak        Min:  0.0, Avg:  0.0, Max:  0.0, Diff:  0.0, Sum:  0.0, Workers: 4
[3.240s][debug][gc,phases      ] GC(3)     Dead                           Min: 0, Avg:  0.0, Max: 0, Diff: 0, Sum: 0, Workers: 4
[3.240s][debug][gc,phases      ] GC(3)     Total                          Min: 0, Avg:  2.5, Max: 10, Diff: 10, Sum: 10, Workers: 4
[3.240s][debug][gc,phases      ] GC(3)   JVMTI Tag Weak OopStorage      Min:  0.0, Avg:  0.0, Max:  0.0, Diff:  0.0, Sum:  0.0, Workers: 4
[3.240s][debug][gc,phases      ] GC(3)     Dead                           Min: 0, Avg:  0.0, Max: 0, Diff: 0, Sum: 0, Workers: 4
[3.240s][debug][gc,phases      ] GC(3)     Total                          Min: 0, Avg:  0.0, Max: 0, Diff: 0, Sum: 0, Workers: 4
[3.240s][debug][gc,phases      ] GC(3)   StringTable Weak               Min:  0.0, Avg:  0.0, Max:  0.1, Diff:  0.1, Sum:  0.2, Workers: 4
[3.240s][debug][gc,phases      ] GC(3)     Dead                           Min: 0, Avg:  0.0, Max: 0, Diff: 0, Sum: 0, Workers: 4
[3.240s][debug][gc,phases      ] GC(3)     Total                          Min: 0, Avg: 3667.2, Max: 5581, Diff: 5581, Sum: 14669, Workers: 4
[3.240s][debug][gc,phases      ] GC(3)   ResolvedMethodTable Weak       Min:  0.0, Avg:  0.0, Max:  0.0, Diff:  0.0, Sum:  0.1, Workers: 4
[3.240s][debug][gc,phases      ] GC(3)     Dead                           Min: 0, Avg:  0.0, Max: 0, Diff: 0, Sum: 0, Workers: 4
[3.240s][debug][gc,phases      ] GC(3)     Total                          Min: 0, Avg: 1192.2, Max: 1761, Diff: 1761, Sum: 4769, Workers: 4
[3.240s][debug][gc,phases      ] GC(3)   JNI Weak                       Min:  0.0, Avg:  0.0, Max:  0.0, Diff:  0.0, Sum:  0.0, Workers: 4
[3.240s][debug][gc,phases      ] GC(3)     Dead                           Min: 0, Avg:  0.0, Max: 0, Diff: 0, Sum: 0, Workers: 4
[3.240s][debug][gc,phases      ] GC(3)     Total                          Min: 0, Avg: 13.0, Max: 52, Diff: 52, Sum: 52, Workers: 4
[3.240s][debug][gc,phases      ] GC(3)   StringDedup Table Weak         Min:  0.0, Avg:  0.0, Max:  0.0, Diff:  0.0, Sum:  0.0, Workers: 4
[3.240s][debug][gc,phases      ] GC(3)     Dead                           Min: 0, Avg:  0.0, Max: 0, Diff: 0, Sum: 0, Workers: 4
[3.240s][debug][gc,phases      ] GC(3)     Total                          Min: 0, Avg:  0.0, Max: 0, Diff: 0, Sum: 0, Workers: 4
[3.240s][debug][gc,phases      ] GC(3)   StringDedup Requests0 Weak     Min:  0.0, Avg:  0.0, Max:  0.0, Diff:  0.0, Sum:  0.0, Workers: 4
[3.240s][debug][gc,phases      ] GC(3)     Dead                           Min: 0, Avg:  0.0, Max: 0, Diff: 0, Sum: 0, Workers: 4
[3.240s][debug][gc,phases      ] GC(3)     Total                          Min: 0, Avg:  0.0, Max: 0, Diff: 0, Sum: 0, Workers: 4
[3.240s][debug][gc,phases      ] GC(3)   StringDedup Requests1 Weak     Min:  0.0, Avg:  0.0, Max:  0.0, Diff:  0.0, Sum:  0.0, Workers: 4
[3.240s][debug][gc,phases      ] GC(3)     Dead                           Min: 0, Avg:  0.0, Max: 0, Diff: 0, Sum: 0, Workers: 4
[3.240s][debug][gc,phases      ] GC(3)     Total                          Min: 0, Avg:  0.0, Max: 0, Diff: 0, Sum: 0, Workers: 4
[3.240s][debug][gc,phases      ] GC(3)   Weak JFR Old Object Samples    Min:  0.0, Avg:  0.0, Max:  0.0, Diff:  0.0, Sum:  0.0, Workers: 4
[3.240s][debug][gc,phases      ] GC(3)     Dead                           Min: 0, Avg:  0.0, Max: 0, Diff: 0, Sum: 0, Workers: 4
[3.240s][debug][gc,phases      ] GC(3)     Total                          Min: 0, Avg:  0.0, Max: 0, Diff: 0, Sum: 0, Workers: 4
[3.240s][debug][gc,phases      ] GC(3) Weak Processing 0.238ms
[3.240s][debug][gc,phases      ] GC(3) ClassLoaderData 0.035ms
[3.240s][debug][gc,phases      ] GC(3) Trigger cleanups 0.000ms
[3.249s][debug][gc,phases      ] GC(3) Purge Unlinked NMethods 0.537ms
[3.249s][debug][gc,phases      ] GC(3) Unregister NMethods 0.097ms
[3.249s][debug][gc,phases      ] GC(3) Free Code Blobs 0.152ms
[3.249s][debug][gc,phases      ] GC(3) Class Unloading 8.685ms
[3.249s][debug][gc,phases      ] GC(3) Report Object Count 0.001ms
[3.249s][info ][gc,phases      ] GC(3) Marking Phase 31.460ms
[3.249s][info ][gc,phases,start] GC(3) Summary Phase
[3.249s][info ][gc,phases      ] GC(3) Summary Phase 0.005ms
[3.249s][info ][gc,phases,start] GC(3) Adjust Roots
[3.254s][info ][gc,phases      ] GC(3) Adjust Roots 4.732ms
[3.254s][info ][gc,phases,start] GC(3) Compaction Phase
[3.430s][info ][gc,phases      ] GC(3) Compaction Phase 176.274ms
[3.430s][info ][gc,phases,start] GC(3) Post Compact
[3.431s][debug][gc,phases      ] GC(3) Purge Class Loader Data 1.220ms
[3.432s][info ][gc,phases      ] GC(3) Post Compact 2.258ms
[3.432s][info ][gc,heap        ] GC(3) PSYoungGen: 55420K(1572864K)->55229K(1572864K) Eden: 0K(1048576K)->0K(1048576K) From: 55420K(524288K)->55229K(524288K)
[3.432s][info ][gc,heap        ] GC(3) ParOldGen: 6096K(6144K)->5995K(6144K)
[3.432s][info ][gc,metaspace   ] GC(3) Metaspace: 35364K(35840K)->35364K(35840K) NonClass: 30843K(31104K)->30843K(31104K) Class: 4520K(4736K)->4520K(4736K)
[3.432s][info ][gc             ] GC(3) Pause Full (Metadata GC Threshold) 60M->59M(1542M) 214.853ms
[3.432s][info ][gc,cpu         ] GC(3) User=0.45s Sys=0.00s Real=0.21s
[3.432s][info ][safepoint      ] Safepoint "CollectForMetadataAllocation", Time since last: 69552115 ns, Reaching safepoint: 3100 ns, Cleanup: 29700 ns, At safepoint: 252789604 ns, Total: 252822404 ns
[3.582s][info ][safepoint      ] Safepoint "ICBufferFull", Time since last: 149166276 ns, Reaching safepoint: 3200 ns, Cleanup: 148799 ns, At safepoint: 4800 ns, Total: 156799 ns
[3.733s][info ][safepoint      ] Safepoint "ICBufferFull", Time since last: 151162065 ns, Reaching safepoint: 3900 ns, Cleanup: 120399 ns, At safepoint: 2600 ns, Total: 126899 ns
[3.840s][info ][safepoint      ] Safepoint "ICBufferFull", Time since last: 106940510 ns, Reaching safepoint: 4000 ns, Cleanup: 107099 ns, At safepoint: 1800 ns, Total: 112899 ns
[4.306s][info ][safepoint      ] Safepoint "ICBufferFull", Time since last: 465747828 ns, Reaching safepoint: 75899 ns, Cleanup: 125199 ns, At safepoint: 7400 ns, Total: 208498 ns
[4.429s][info ][safepoint      ] Safepoint "ICBufferFull", Time since last: 122546424 ns, Reaching safepoint: 3799 ns, Cleanup: 141200 ns, At safepoint: 2100 ns, Total: 147099 ns
[4.570s][info ][safepoint      ] Safepoint "ICBufferFull", Time since last: 140679923 ns, Reaching safepoint: 76399 ns, Cleanup: 124400 ns, At safepoint: 8599 ns, Total: 209398 ns
[4.816s][info ][safepoint      ] Safepoint "ICBufferFull", Time since last: 246649438 ns, Reaching safepoint: 4000 ns, Cleanup: 120699 ns, At safepoint: 5600 ns, Total: 130299 ns
[5.321s][info ][safepoint      ] Safepoint "ICBufferFull", Time since last: 504448406 ns, Reaching safepoint: 3200 ns, Cleanup: 130799 ns, At safepoint: 1400 ns, Total: 135399 ns
[5.473s][info ][gc,start       ] GC(4) Pause Young (Metadata GC Threshold)
[5.520s][debug][gc,phases      ] GC(4) Scavenge 46.726ms
[5.520s][debug][gc,ref         ] GC(4) ReferenceProcessor::execute queues: 4, RefProcThreadModel::Multi, marks_oops_alive: false
[5.520s][debug][gc,ref         ] GC(4) Skipped KeepAliveFinalRefsPhase of Reference Processing: no references
[5.520s][debug][gc,ref         ] GC(4) ReferenceProcessor::execute queues: 4, RefProcThreadModel::Multi, marks_oops_alive: false
[5.520s][debug][gc,phases      ] GC(4) Reference Processing 0.641ms
[5.521s][debug][gc,phases      ] GC(4)   VM Weak                        Min:  0.0, Avg:  0.0, Max:  0.0, Diff:  0.0, Sum:  0.0, Workers: 4
[5.521s][debug][gc,phases      ] GC(4)     Dead                           Min: 0, Avg:  0.0, Max: 0, Diff: 0, Sum: 0, Workers: 4
[5.521s][debug][gc,phases      ] GC(4)     Total                          Min: 0, Avg: 115.8, Max: 399, Diff: 399, Sum: 463, Workers: 4
[5.521s][debug][gc,phases      ] GC(4)   ObjectSynchronizer Weak        Min:  0.0, Avg:  0.0, Max:  0.0, Diff:  0.0, Sum:  0.0, Workers: 4
[5.521s][debug][gc,phases      ] GC(4)     Dead                           Min: 0, Avg:  0.0, Max: 0, Diff: 0, Sum: 0, Workers: 4
[5.521s][debug][gc,phases      ] GC(4)     Total                          Min: 0, Avg:  2.8, Max: 11, Diff: 11, Sum: 11, Workers: 4
[5.521s][debug][gc,phases      ] GC(4)   JVMTI Tag Weak OopStorage      Min:  0.0, Avg:  0.0, Max:  0.0, Diff:  0.0, Sum:  0.0, Workers: 4
[5.521s][debug][gc,phases      ] GC(4)     Dead                           Min: 0, Avg:  0.0, Max: 0, Diff: 0, Sum: 0, Workers: 4
[5.521s][debug][gc,phases      ] GC(4)     Total                          Min: 0, Avg:  0.0, Max: 0, Diff: 0, Sum: 0, Workers: 4
[5.521s][debug][gc,phases      ] GC(4)   StringTable Weak               Min:  0.2, Avg:  0.2, Max:  0.2, Diff:  0.0, Sum:  0.7, Workers: 4
[5.521s][debug][gc,phases      ] GC(4)     Dead                           Min: 2, Avg:  3.8, Max: 5, Diff: 3, Sum: 15, Workers: 4
[5.521s][debug][gc,phases      ] GC(4)     Total                          Min: 6752, Avg: 6952.0, Max: 7104, Diff: 352, Sum: 27808, Workers: 4
[5.521s][debug][gc,phases      ] GC(4)   ResolvedMethodTable Weak       Min:  0.1, Avg:  0.1, Max:  0.1, Diff:  0.0, Sum:  0.3, Workers: 4
[5.521s][debug][gc,phases      ] GC(4)     Dead                           Min: 813, Avg: 982.5, Max: 1214, Diff: 401, Sum: 3930, Workers: 4
[5.521s][debug][gc,phases      ] GC(4)     Total                          Min: 2816, Avg: 2865.0, Max: 2944, Diff: 128, Sum: 11460, Workers: 4
[5.521s][debug][gc,phases      ] GC(4)   JNI Weak                       Min:  0.0, Avg:  0.0, Max:  0.0, Diff:  0.0, Sum:  0.0, Workers: 4
[5.521s][debug][gc,phases      ] GC(4)     Dead                           Min: 0, Avg:  0.0, Max: 0, Diff: 0, Sum: 0, Workers: 4
[5.521s][debug][gc,phases      ] GC(4)     Total                          Min: 0, Avg: 12.0, Max: 48, Diff: 48, Sum: 48, Workers: 4
[5.521s][debug][gc,phases      ] GC(4)   StringDedup Table Weak         Min:  0.0, Avg:  0.0, Max:  0.0, Diff:  0.0, Sum:  0.0, Workers: 4
[5.521s][debug][gc,phases      ] GC(4)     Dead                           Min: 0, Avg:  0.0, Max: 0, Diff: 0, Sum: 0, Workers: 4
[5.521s][debug][gc,phases      ] GC(4)     Total                          Min: 0, Avg:  0.0, Max: 0, Diff: 0, Sum: 0, Workers: 4
[5.521s][debug][gc,phases      ] GC(4)   StringDedup Requests0 Weak     Min:  0.0, Avg:  0.0, Max:  0.0, Diff:  0.0, Sum:  0.0, Workers: 4
[5.521s][debug][gc,phases      ] GC(4)     Dead                           Min: 0, Avg:  0.0, Max: 0, Diff: 0, Sum: 0, Workers: 4
[5.521s][debug][gc,phases      ] GC(4)     Total                          Min: 0, Avg:  0.0, Max: 0, Diff: 0, Sum: 0, Workers: 4
[5.521s][debug][gc,phases      ] GC(4)   StringDedup Requests1 Weak     Min:  0.0, Avg:  0.0, Max:  0.0, Diff:  0.0, Sum:  0.0, Workers: 4
[5.521s][debug][gc,phases      ] GC(4)     Dead                           Min: 0, Avg:  0.0, Max: 0, Diff: 0, Sum: 0, Workers: 4
[5.521s][debug][gc,phases      ] GC(4)     Total                          Min: 0, Avg:  0.0, Max: 0, Diff: 0, Sum: 0, Workers: 4
[5.521s][debug][gc,phases      ] GC(4)   Weak JFR Old Object Samples    Min:  0.0, Avg:  0.0, Max:  0.0, Diff:  0.0, Sum:  0.0, Workers: 4
[5.521s][debug][gc,phases      ] GC(4)     Dead                           Min: 0, Avg:  0.0, Max: 0, Diff: 0, Sum: 0, Workers: 4
[5.521s][debug][gc,phases      ] GC(4)     Total                          Min: 0, Avg:  0.0, Max: 0, Diff: 0, Sum: 0, Workers: 4
[5.521s][debug][gc,phases      ] GC(4) Weak Processing 0.450ms
[5.521s][debug][gc,age         ] GC(4) Desired survivor size 536870912 bytes, new threshold 7 (max threshold 15)
[5.521s][info ][gc,heap        ] GC(4) PSYoungGen: 439933K(1572864K)->77293K(1572864K) Eden: 384704K(1048576K)->0K(1048576K) From: 55229K(524288K)->77293K(524288K)
[5.521s][info ][gc,heap        ] GC(4) ParOldGen: 5995K(6144K)->6019K(6144K)
[5.521s][info ][gc,metaspace   ] GC(4) Metaspace: 59145K(59776K)->59145K(59776K) NonClass: 49710K(50048K)->49710K(50048K) Class: 9434K(9728K)->9434K(9728K)
[5.521s][info ][gc             ] GC(4) Pause Young (Metadata GC Threshold) 435M->81M(1542M) 47.944ms
[5.521s][info ][gc,cpu         ] GC(4) User=0.16s Sys=0.02s Real=0.05s
[5.521s][debug][gc,phases      ] GC(5) Pre Compact 0.008ms
[5.521s][info ][gc,start       ] GC(5) Pause Full (Metadata GC Threshold)
[5.521s][info ][gc,phases,start] GC(5) Marking Phase
[5.554s][debug][gc,phases      ] GC(5) Par Mark 33.489ms
[5.554s][debug][gc,ref         ] GC(5) ReferenceProcessor::execute queues: 4, RefProcThreadModel::Multi, marks_oops_alive: false
[5.555s][debug][gc,ref         ] GC(5) ReferenceProcessor::execute queues: 4, RefProcThreadModel::Multi, marks_oops_alive: true
[5.555s][debug][gc,ref         ] GC(5) ReferenceProcessor::execute queues: 1, RefProcThreadModel::Single, marks_oops_alive: false
[5.555s][debug][gc,phases      ] GC(5) Reference Processing 0.483ms
[5.555s][debug][gc,phases      ] GC(5)   VM Weak                        Min:  0.0, Avg:  0.0, Max:  0.0, Diff:  0.0, Sum:  0.0, Workers: 4
[5.555s][debug][gc,phases      ] GC(5)     Dead                           Min: 0, Avg:  0.0, Max: 0, Diff: 0, Sum: 0, Workers: 4
[5.555s][debug][gc,phases      ] GC(5)     Total                          Min: 0, Avg: 115.8, Max: 207, Diff: 207, Sum: 463, Workers: 4
[5.555s][debug][gc,phases      ] GC(5)   ObjectSynchronizer Weak        Min:  0.0, Avg:  0.0, Max:  0.0, Diff:  0.0, Sum:  0.0, Workers: 4
[5.555s][debug][gc,phases      ] GC(5)     Dead                           Min: 0, Avg:  0.0, Max: 0, Diff: 0, Sum: 0, Workers: 4
[5.555s][debug][gc,phases      ] GC(5)     Total                          Min: 0, Avg:  2.8, Max: 11, Diff: 11, Sum: 11, Workers: 4
[5.555s][debug][gc,phases      ] GC(5)   JVMTI Tag Weak OopStorage      Min:  0.0, Avg:  0.0, Max:  0.0, Diff:  0.0, Sum:  0.0, Workers: 4
[5.555s][debug][gc,phases      ] GC(5)     Dead                           Min: 0, Avg:  0.0, Max: 0, Diff: 0, Sum: 0, Workers: 4
[5.555s][debug][gc,phases      ] GC(5)     Total                          Min: 0, Avg:  0.0, Max: 0, Diff: 0, Sum: 0, Workers: 4
[5.555s][debug][gc,phases      ] GC(5)   StringTable Weak               Min:  0.1, Avg:  0.1, Max:  0.1, Diff:  0.0, Sum:  0.4, Workers: 4
[5.555s][debug][gc,phases      ] GC(5)     Dead                           Min: 0, Avg:  0.0, Max: 0, Diff: 0, Sum: 0, Workers: 4
[5.555s][debug][gc,phases      ] GC(5)     Total                          Min: 5120, Avg: 6952.0, Max: 8000, Diff: 2880, Sum: 27808, Workers: 4
[5.555s][debug][gc,phases      ] GC(5)   ResolvedMethodTable Weak       Min:  0.0, Avg:  0.0, Max:  0.0, Diff:  0.0, Sum:  0.1, Workers: 4
[5.555s][debug][gc,phases      ] GC(5)     Dead                           Min: 0, Avg:  0.0, Max: 0, Diff: 0, Sum: 0, Workers: 4
[5.555s][debug][gc,phases      ] GC(5)     Total                          Min: 2688, Avg: 2865.0, Max: 3200, Diff: 512, Sum: 11460, Workers: 4
[5.555s][debug][gc,phases      ] GC(5)   JNI Weak                       Min:  0.0, Avg:  0.0, Max:  0.0, Diff:  0.0, Sum:  0.0, Workers: 4
[5.555s][debug][gc,phases      ] GC(5)     Dead                           Min: 0, Avg:  0.0, Max: 0, Diff: 0, Sum: 0, Workers: 4
[5.555s][debug][gc,phases      ] GC(5)     Total                          Min: 0, Avg: 12.0, Max: 48, Diff: 48, Sum: 48, Workers: 4
[5.555s][debug][gc,phases      ] GC(5)   StringDedup Table Weak         Min:  0.0, Avg:  0.0, Max:  0.0, Diff:  0.0, Sum:  0.0, Workers: 4
[5.555s][debug][gc,phases      ] GC(5)     Dead                           Min: 0, Avg:  0.0, Max: 0, Diff: 0, Sum: 0, Workers: 4
[5.555s][debug][gc,phases      ] GC(5)     Total                          Min: 0, Avg:  0.0, Max: 0, Diff: 0, Sum: 0, Workers: 4
[5.555s][debug][gc,phases      ] GC(5)   StringDedup Requests0 Weak     Min:  0.0, Avg:  0.0, Max:  0.0, Diff:  0.0, Sum:  0.0, Workers: 4
[5.555s][debug][gc,phases      ] GC(5)     Dead                           Min: 0, Avg:  0.0, Max: 0, Diff: 0, Sum: 0, Workers: 4
[5.555s][debug][gc,phases      ] GC(5)     Total                          Min: 0, Avg:  0.0, Max: 0, Diff: 0, Sum: 0, Workers: 4
[5.555s][debug][gc,phases      ] GC(5)   StringDedup Requests1 Weak     Min:  0.0, Avg:  0.0, Max:  0.0, Diff:  0.0, Sum:  0.0, Workers: 4
[5.555s][debug][gc,phases      ] GC(5)     Dead                           Min: 0, Avg:  0.0, Max: 0, Diff: 0, Sum: 0, Workers: 4
[5.555s][debug][gc,phases      ] GC(5)     Total                          Min: 0, Avg:  0.0, Max: 0, Diff: 0, Sum: 0, Workers: 4
[5.555s][debug][gc,phases      ] GC(5)   Weak JFR Old Object Samples    Min:  0.0, Avg:  0.0, Max:  0.0, Diff:  0.0, Sum:  0.0, Workers: 4
[5.555s][debug][gc,phases      ] GC(5)     Dead                           Min: 0, Avg:  0.0, Max: 0, Diff: 0, Sum: 0, Workers: 4
[5.555s][debug][gc,phases      ] GC(5)     Total                          Min: 0, Avg:  0.0, Max: 0, Diff: 0, Sum: 0, Workers: 4
[5.555s][debug][gc,phases      ] GC(5) Weak Processing 0.288ms
[5.555s][debug][gc,phases      ] GC(5) ClassLoaderData 0.059ms
[5.555s][debug][gc,phases      ] GC(5) Trigger cleanups 0.000ms
[5.564s][debug][gc,phases      ] GC(5) Purge Unlinked NMethods 0.169ms
[5.564s][debug][gc,phases      ] GC(5) Unregister NMethods 0.175ms
[5.564s][debug][gc,phases      ] GC(5) Free Code Blobs 0.043ms
[5.564s][debug][gc,phases      ] GC(5) Class Unloading 9.040ms
[5.564s][debug][gc,phases      ] GC(5) Report Object Count 0.001ms
[5.564s][info ][gc,phases      ] GC(5) Marking Phase 43.357ms
[5.564s][info ][gc,phases,start] GC(5) Summary Phase
[5.564s][info ][gc,phases      ] GC(5) Summary Phase 0.005ms
[5.564s][info ][gc,phases,start] GC(5) Adjust Roots
[5.572s][info ][gc,phases      ] GC(5) Adjust Roots 7.633ms
[5.572s][info ][gc,phases,start] GC(5) Compaction Phase
[5.883s][info ][gc,phases      ] GC(5) Compaction Phase 311.250ms
[5.883s][info ][gc,phases,start] GC(5) Post Compact
[5.884s][debug][gc,phases      ] GC(5) Purge Class Loader Data 0.356ms
[5.885s][info ][gc,phases      ] GC(5) Post Compact 2.201ms
[5.885s][info ][gc,heap        ] GC(5) PSYoungGen: 77293K(1572864K)->77074K(1572864K) Eden: 0K(1048576K)->0K(1048576K) From: 77293K(524288K)->77074K(524288K)
[5.885s][info ][gc,heap        ] GC(5) ParOldGen: 6019K(6144K)->5976K(6144K)
[5.885s][info ][gc,metaspace   ] GC(5) Metaspace: 59145K(59776K)->59145K(59776K) NonClass: 49710K(50048K)->49710K(50048K) Class: 9434K(9728K)->9434K(9728K)
[5.885s][info ][gc             ] GC(5) Pause Full (Metadata GC Threshold) 81M->81M(1542M) 364.563ms
[5.885s][info ][gc,cpu         ] GC(5) User=0.77s Sys=0.01s Real=0.37s
[5.885s][info ][safepoint      ] Safepoint "CollectForMetadataAllocation", Time since last: 151855759 ns, Reaching safepoint: 3600 ns, Cleanup: 30900 ns, At safepoint: 412627113 ns, Total: 412661613 ns
[6.294s][info ][safepoint      ] Safepoint "ICBufferFull", Time since last: 408352937 ns, Reaching safepoint: 77599 ns, Cleanup: 143599 ns, At safepoint: 9300 ns, Total: 230498 ns
[6.424s][info ][safepoint      ] Safepoint "ICBufferFull", Time since last: 129331484 ns, Reaching safepoint: 83099 ns, Cleanup: 116900 ns, At safepoint: 10699 ns, Total: 210698 ns
[6.516s][info ][safepoint      ] Safepoint "ICBufferFull", Time since last: 92350489 ns, Reaching safepoint: 79399 ns, Cleanup: 119000 ns, At safepoint: 6699 ns, Total: 205098 ns
[6.562s][info ][safepoint      ] Safepoint "ICBufferFull", Time since last: 45926146 ns, Reaching safepoint: 79200 ns, Cleanup: 99399 ns, At safepoint: 5500 ns, Total: 184099 ns
[6.630s][info ][safepoint      ] Safepoint "ICBufferFull", Time since last: 67932723 ns, Reaching safepoint: 4000 ns, Cleanup: 102600 ns, At safepoint: 10400 ns, Total: 117000 ns
[6.776s][info ][safepoint      ] Safepoint "ICBufferFull", Time since last: 145571793 ns, Reaching safepoint: 4400 ns, Cleanup: 121099 ns, At safepoint: 9800 ns, Total: 135299 ns
[6.981s][info ][safepoint      ] Safepoint "ICBufferFull", Time since last: 204855365 ns, Reaching safepoint: 78800 ns, Cleanup: 115499 ns, At safepoint: 8300 ns, Total: 202599 ns
[7.321s][info ][safepoint      ] Safepoint "ICBufferFull", Time since last: 340165815 ns, Reaching safepoint: 3600 ns, Cleanup: 141799 ns, At safepoint: 1900 ns, Total: 147299 ns
[7.321s][info ][safepoint      ] Safepoint "ICBufferFull", Time since last: 65799 ns, Reaching safepoint: 76400 ns, Cleanup: 2400 ns, At safepoint: 4900 ns, Total: 83700 ns
[7.453s][info ][safepoint      ] Safepoint "ICBufferFull", Time since last: 131732870 ns, Reaching safepoint: 86999 ns, Cleanup: 129200 ns, At safepoint: 13500 ns, Total: 229699 ns
[7.643s][info ][safepoint      ] Safepoint "ICBufferFull", Time since last: 189453450 ns, Reaching safepoint: 4200 ns, Cleanup: 131399 ns, At safepoint: 8100 ns, Total: 143699 ns
[8.105s][info ][safepoint      ] Safepoint "ICBufferFull", Time since last: 461836540 ns, Reaching safepoint: 4700 ns, Cleanup: 137800 ns, At safepoint: 7900 ns, Total: 150400 ns
[8.247s][info ][safepoint      ] Safepoint "ICBufferFull", Time since last: 141500515 ns, Reaching safepoint: 86500 ns, Cleanup: 104599 ns, At safepoint: 11300 ns, Total: 202399 ns
[8.247s][info ][safepoint      ] Safepoint "ICBufferFull", Time since last: 58400 ns, Reaching safepoint: 75699 ns, Cleanup: 3200 ns, At safepoint: 11400 ns, Total: 90299 ns
[9.259s][info ][safepoint      ] Safepoint "Cleanup", Time since last: 1011898792 ns, Reaching safepoint: 81400 ns, Cleanup: 91199 ns, At safepoint: 11500 ns, Total: 184099 ns
[10.259s][info ][safepoint      ] Safepoint "Cleanup", Time since last: 1000161757 ns, Reaching safepoint: 106200 ns, Cleanup: 16700 ns, At safepoint: 14000 ns, Total: 136900 ns
[11.037s][info ][safepoint      ] Safepoint "ICBufferFull", Time since last: 777093993 ns, Reaching safepoint: 78800 ns, Cleanup: 122599 ns, At safepoint: 11500 ns, Total: 212899 ns
[11.239s][info ][safepoint      ] Safepoint "ICBufferFull", Time since last: 202124280 ns, Reaching safepoint: 5400 ns, Cleanup: 135899 ns, At safepoint: 7900 ns, Total: 149199 ns
[11.377s][info ][safepoint      ] Safepoint "ICBufferFull", Time since last: 138417533 ns, Reaching safepoint: 6300 ns, Cleanup: 134899 ns, At safepoint: 10000 ns, Total: 151199 ns
[11.378s][info ][safepoint      ] Safepoint "ICBufferFull", Time since last: 267198 ns, Reaching safepoint: 82200 ns, Cleanup: 6300 ns, At safepoint: 13700 ns, Total: 102200 ns
[11.381s][info ][safepoint      ] Safepoint "ICBufferFull", Time since last: 2832684 ns, Reaching safepoint: 81500 ns, Cleanup: 1600 ns, At safepoint: 15000 ns, Total: 98100 ns
[12.382s][info ][safepoint      ] Safepoint "Cleanup", Time since last: 1000706854 ns, Reaching safepoint: 5600 ns, Cleanup: 108199 ns, At safepoint: 3200 ns, Total: 116999 ns
[13.382s][info ][safepoint      ] Safepoint "Cleanup", Time since last: 1000101305 ns, Reaching safepoint: 84099 ns, Cleanup: 25200 ns, At safepoint: 8000 ns, Total: 117299 ns
[14.456s][info ][safepoint      ] Safepoint "Cleanup", Time since last: 1074056254 ns, Reaching safepoint: 4700 ns, Cleanup: 104300 ns, At safepoint: 4000 ns, Total: 113000 ns
[14.600s][info ][safepoint      ] Safepoint "ICBufferFull", Time since last: 143962716 ns, Reaching safepoint: 81200 ns, Cleanup: 121599 ns, At safepoint: 13200 ns, Total: 215999 ns
[14.667s][info ][safepoint      ] Safepoint "ICBufferFull", Time since last: 66639737 ns, Reaching safepoint: 633197 ns, Cleanup: 100299 ns, At safepoint: 8300 ns, Total: 741796 ns
[14.733s][info ][safepoint      ] Safepoint "ICBufferFull", Time since last: 65734743 ns, Reaching safepoint: 83399 ns, Cleanup: 118300 ns, At safepoint: 38999 ns, Total: 240698 ns
[14.872s][info ][safepoint      ] Safepoint "ICBufferFull", Time since last: 138352947 ns, Reaching safepoint: 86900 ns, Cleanup: 128599 ns, At safepoint: 11400 ns, Total: 226899 ns
[14.983s][info ][safepoint      ] Safepoint "ICBufferFull", Time since last: 110285300 ns, Reaching safepoint: 84599 ns, Cleanup: 136900 ns, At safepoint: 9700 ns, Total: 231199 ns
[15.145s][info ][safepoint      ] Safepoint "ICBufferFull", Time since last: 162429016 ns, Reaching safepoint: 5400 ns, Cleanup: 133399 ns, At safepoint: 4900 ns, Total: 143699 ns
[15.315s][info ][safepoint      ] Safepoint "ICBufferFull", Time since last: 169172379 ns, Reaching safepoint: 331498 ns, Cleanup: 134400 ns, At safepoint: 18799 ns, Total: 484697 ns
[15.423s][info ][safepoint      ] Safepoint "ICBufferFull", Time since last: 108295911 ns, Reaching safepoint: 80800 ns, Cleanup: 135099 ns, At safepoint: 7700 ns, Total: 223599 ns
[15.531s][info ][safepoint      ] Safepoint "ICBufferFull", Time since last: 107479415 ns, Reaching safepoint: 82399 ns, Cleanup: 140000 ns, At safepoint: 12800 ns, Total: 235199 ns
[15.624s][info ][safepoint      ] Safepoint "ICBufferFull", Time since last: 92661895 ns, Reaching safepoint: 77300 ns, Cleanup: 116299 ns, At safepoint: 13900 ns, Total: 207499 ns
[15.625s][info ][safepoint      ] Safepoint "ICBufferFull", Time since last: 964295 ns, Reaching safepoint: 77399 ns, Cleanup: 10400 ns, At safepoint: 9400 ns, Total: 97199 ns
[15.751s][info ][gc,start       ] GC(6) Pause Young (Metadata GC Threshold)
[15.825s][debug][gc,phases      ] GC(6) Scavenge 74.394ms
[15.825s][debug][gc,ref         ] GC(6) ReferenceProcessor::execute queues: 4, RefProcThreadModel::Multi, marks_oops_alive: false
[15.826s][debug][gc,ref         ] GC(6) ReferenceProcessor::execute queues: 4, RefProcThreadModel::Multi, marks_oops_alive: true
[15.826s][debug][gc,ref         ] GC(6) ReferenceProcessor::execute queues: 4, RefProcThreadModel::Multi, marks_oops_alive: false
[15.826s][debug][gc,phases      ] GC(6) Reference Processing 0.872ms
[15.826s][debug][gc,phases      ] GC(6)   VM Weak                        Min:  0.0, Avg:  0.0, Max:  0.0, Diff:  0.0, Sum:  0.0, Workers: 4
[15.826s][debug][gc,phases      ] GC(6)     Dead                           Min: 0, Avg:  0.0, Max: 0, Diff: 0, Sum: 0, Workers: 4
[15.826s][debug][gc,phases      ] GC(6)     Total                          Min: 64, Avg: 211.0, Max: 448, Diff: 384, Sum: 844, Workers: 4
[15.826s][debug][gc,phases      ] GC(6)   ObjectSynchronizer Weak        Min:  0.0, Avg:  0.0, Max:  0.0, Diff:  0.0, Sum:  0.0, Workers: 4
[15.826s][debug][gc,phases      ] GC(6)     Dead                           Min: 0, Avg:  6.5, Max: 25, Diff: 25, Sum: 26, Workers: 4
[15.826s][debug][gc,phases      ] GC(6)     Total                          Min: 0, Avg: 16.8, Max: 64, Diff: 64, Sum: 67, Workers: 4
[15.826s][debug][gc,phases      ] GC(6)   JVMTI Tag Weak OopStorage      Min:  0.0, Avg:  0.0, Max:  0.0, Diff:  0.0, Sum:  0.0, Workers: 4
[15.826s][debug][gc,phases      ] GC(6)     Dead                           Min: 0, Avg:  0.0, Max: 0, Diff: 0, Sum: 0, Workers: 4
[15.826s][debug][gc,phases      ] GC(6)     Total                          Min: 0, Avg:  0.0, Max: 0, Diff: 0, Sum: 0, Workers: 4
[15.826s][debug][gc,phases      ] GC(6)   StringTable Weak               Min:  0.3, Avg:  0.3, Max:  0.3, Diff:  0.0, Sum:  1.1, Workers: 4
[15.826s][debug][gc,phases      ] GC(6)     Dead                           Min: 7, Avg:  9.5, Max: 15, Diff: 8, Sum: 38, Workers: 4
[15.826s][debug][gc,phases      ] GC(6)     Total                          Min: 10816, Avg: 10980.2, Max: 11200, Diff: 384, Sum: 43921, Workers: 4
[15.826s][debug][gc,phases      ] GC(6)   ResolvedMethodTable Weak       Min:  0.1, Avg:  0.1, Max:  0.1, Diff:  0.0, Sum:  0.5, Workers: 4
[15.826s][debug][gc,phases      ] GC(6)     Dead                           Min: 1002, Avg: 1047.5, Max: 1113, Diff: 111, Sum: 4190, Workers: 4
[15.826s][debug][gc,phases      ] GC(6)     Total                          Min: 4352, Avg: 4460.2, Max: 4593, Diff: 241, Sum: 17841, Workers: 4
[15.826s][debug][gc,phases      ] GC(6)   JNI Weak                       Min:  0.0, Avg:  0.0, Max:  0.0, Diff:  0.0, Sum:  0.0, Workers: 4
[15.826s][debug][gc,phases      ] GC(6)     Dead                           Min: 0, Avg:  0.0, Max: 0, Diff: 0, Sum: 0, Workers: 4
[15.826s][debug][gc,phases      ] GC(6)     Total                          Min: 0, Avg: 22.8, Max: 63, Diff: 63, Sum: 91, Workers: 4
[15.826s][debug][gc,phases      ] GC(6)   StringDedup Table Weak         Min:  0.0, Avg:  0.0, Max:  0.0, Diff:  0.0, Sum:  0.0, Workers: 4
[15.826s][debug][gc,phases      ] GC(6)     Dead                           Min: 0, Avg:  0.0, Max: 0, Diff: 0, Sum: 0, Workers: 4
[15.826s][debug][gc,phases      ] GC(6)     Total                          Min: 0, Avg:  0.0, Max: 0, Diff: 0, Sum: 0, Workers: 4
[15.827s][debug][gc,phases      ] GC(6)   StringDedup Requests0 Weak     Min:  0.0, Avg:  0.0, Max:  0.0, Diff:  0.0, Sum:  0.0, Workers: 4
[15.827s][debug][gc,phases      ] GC(6)     Dead                           Min: 0, Avg:  0.0, Max: 0, Diff: 0, Sum: 0, Workers: 4
[15.827s][debug][gc,phases      ] GC(6)     Total                          Min: 0, Avg:  0.0, Max: 0, Diff: 0, Sum: 0, Workers: 4
[15.827s][debug][gc,phases      ] GC(6)   StringDedup Requests1 Weak     Min:  0.0, Avg:  0.0, Max:  0.0, Diff:  0.0, Sum:  0.0, Workers: 4
[15.827s][debug][gc,phases      ] GC(6)     Dead                           Min: 0, Avg:  0.0, Max: 0, Diff: 0, Sum: 0, Workers: 4
[15.827s][debug][gc,phases      ] GC(6)     Total                          Min: 0, Avg:  0.0, Max: 0, Diff: 0, Sum: 0, Workers: 4
[15.827s][debug][gc,phases      ] GC(6)   Weak JFR Old Object Samples    Min:  0.0, Avg:  0.0, Max:  0.0, Diff:  0.0, Sum:  0.0, Workers: 4
[15.827s][debug][gc,phases      ] GC(6)     Dead                           Min: 0, Avg:  0.0, Max: 0, Diff: 0, Sum: 0, Workers: 4
[15.827s][debug][gc,phases      ] GC(6)     Total                          Min: 0, Avg:  0.0, Max: 0, Diff: 0, Sum: 0, Workers: 4
[15.827s][debug][gc,phases      ] GC(6) Weak Processing 0.592ms
[15.827s][debug][gc,age         ] GC(6) Desired survivor size 536870912 bytes, new threshold 7 (max threshold 15)
[15.827s][info ][gc,heap        ] GC(6) PSYoungGen: 1075280K(1572864K)->144160K(1572864K) Eden: 998205K(1048576K)->0K(1048576K) From: 77074K(524288K)->144160K(524288K)
[15.827s][info ][gc,heap        ] GC(6) ParOldGen: 5976K(6144K)->6049K(6144K)
[15.827s][info ][gc,metaspace   ] GC(6) Metaspace: 98559K(99648K)->98559K(99648K) NonClass: 83181K(83776K)->83181K(83776K) Class: 15377K(15872K)->15377K(15872K)
[15.827s][info ][gc             ] GC(6) Pause Young (Metadata GC Threshold) 1055M->146M(1542M) 75.993ms
[15.827s][info ][gc,cpu         ] GC(6) User=0.24s Sys=0.05s Real=0.08s
[15.827s][debug][gc,phases      ] GC(7) Pre Compact 0.009ms
[15.827s][info ][gc,start       ] GC(7) Pause Full (Metadata GC Threshold)
[15.827s][info ][gc,phases,start] GC(7) Marking Phase
[15.876s][debug][gc,phases      ] GC(7) Par Mark 49.192ms
[15.876s][debug][gc,ref         ] GC(7) ReferenceProcessor::execute queues: 4, RefProcThreadModel::Multi, marks_oops_alive: false
[15.876s][debug][gc,ref         ] GC(7) Skipped KeepAliveFinalRefsPhase of Reference Processing: no references
[15.876s][debug][gc,ref         ] GC(7) ReferenceProcessor::execute queues: 1, RefProcThreadModel::Single, marks_oops_alive: false
[15.877s][debug][gc,phases      ] GC(7) Reference Processing 0.630ms
[15.877s][debug][gc,phases      ] GC(7)   VM Weak                        Min:  0.0, Avg:  0.0, Max:  0.0, Diff:  0.0, Sum:  0.0, Workers: 4
[15.877s][debug][gc,phases      ] GC(7)     Dead                           Min: 0, Avg:  1.0, Max: 4, Diff: 4, Sum: 4, Workers: 4
[15.877s][debug][gc,phases      ] GC(7)     Total                          Min: 0, Avg: 211.0, Max: 384, Diff: 384, Sum: 844, Workers: 4
[15.877s][debug][gc,phases      ] GC(7)   ObjectSynchronizer Weak        Min:  0.0, Avg:  0.0, Max:  0.0, Diff:  0.0, Sum:  0.0, Workers: 4
[15.877s][debug][gc,phases      ] GC(7)     Dead                           Min: 0, Avg:  0.0, Max: 0, Diff: 0, Sum: 0, Workers: 4
[15.877s][debug][gc,phases      ] GC(7)     Total                          Min: 0, Avg: 16.8, Max: 64, Diff: 64, Sum: 67, Workers: 4
[15.877s][debug][gc,phases      ] GC(7)   JVMTI Tag Weak OopStorage      Min:  0.0, Avg:  0.0, Max:  0.0, Diff:  0.0, Sum:  0.0, Workers: 4
[15.877s][debug][gc,phases      ] GC(7)     Dead                           Min: 0, Avg:  0.0, Max: 0, Diff: 0, Sum: 0, Workers: 4
[15.877s][debug][gc,phases      ] GC(7)     Total                          Min: 0, Avg:  0.0, Max: 0, Diff: 0, Sum: 0, Workers: 4
[15.877s][debug][gc,phases      ] GC(7)   StringTable Weak               Min:  0.2, Avg:  0.2, Max:  0.2, Diff:  0.0, Sum:  0.6, Workers: 4
[15.877s][debug][gc,phases      ] GC(7)     Dead                           Min: 0, Avg:  0.0, Max: 0, Diff: 0, Sum: 0, Workers: 4
[15.877s][debug][gc,phases      ] GC(7)     Total                          Min: 10624, Avg: 10980.2, Max: 11136, Diff: 512, Sum: 43921, Workers: 4
[15.877s][debug][gc,phases      ] GC(7)   ResolvedMethodTable Weak       Min:  0.0, Avg:  0.1, Max:  0.1, Diff:  0.0, Sum:  0.2, Workers: 4
[15.877s][debug][gc,phases      ] GC(7)     Dead                           Min: 0, Avg:  0.0, Max: 0, Diff: 0, Sum: 0, Workers: 4
[15.877s][debug][gc,phases      ] GC(7)     Total                          Min: 4273, Avg: 4460.2, Max: 4672, Diff: 399, Sum: 17841, Workers: 4
[15.877s][debug][gc,phases      ] GC(7)   JNI Weak                       Min:  0.0, Avg:  0.0, Max:  0.0, Diff:  0.0, Sum:  0.0, Workers: 4
[15.877s][debug][gc,phases      ] GC(7)     Dead                           Min: 0, Avg:  0.0, Max: 0, Diff: 0, Sum: 0, Workers: 4
[15.877s][debug][gc,phases      ] GC(7)     Total                          Min: 0, Avg: 22.8, Max: 53, Diff: 53, Sum: 91, Workers: 4
[15.877s][debug][gc,phases      ] GC(7)   StringDedup Table Weak         Min:  0.0, Avg:  0.0, Max:  0.0, Diff:  0.0, Sum:  0.0, Workers: 4
[15.877s][debug][gc,phases      ] GC(7)     Dead                           Min: 0, Avg:  0.0, Max: 0, Diff: 0, Sum: 0, Workers: 4
[15.877s][debug][gc,phases      ] GC(7)     Total                          Min: 0, Avg:  0.0, Max: 0, Diff: 0, Sum: 0, Workers: 4
[15.877s][debug][gc,phases      ] GC(7)   StringDedup Requests0 Weak     Min:  0.0, Avg:  0.0, Max:  0.0, Diff:  0.0, Sum:  0.0, Workers: 4
[15.877s][debug][gc,phases      ] GC(7)     Dead                           Min: 0, Avg:  0.0, Max: 0, Diff: 0, Sum: 0, Workers: 4
[15.877s][debug][gc,phases      ] GC(7)     Total                          Min: 0, Avg:  0.0, Max: 0, Diff: 0, Sum: 0, Workers: 4
[15.877s][debug][gc,phases      ] GC(7)   StringDedup Requests1 Weak     Min:  0.0, Avg:  0.0, Max:  0.0, Diff:  0.0, Sum:  0.0, Workers: 4
[15.877s][debug][gc,phases      ] GC(7)     Dead                           Min: 0, Avg:  0.0, Max: 0, Diff: 0, Sum: 0, Workers: 4
[15.877s][debug][gc,phases      ] GC(7)     Total                          Min: 0, Avg:  0.0, Max: 0, Diff: 0, Sum: 0, Workers: 4
[15.877s][debug][gc,phases      ] GC(7)   Weak JFR Old Object Samples    Min:  0.0, Avg:  0.0, Max:  0.0, Diff:  0.0, Sum:  0.0, Workers: 4
[15.877s][debug][gc,phases      ] GC(7)     Dead                           Min: 0, Avg:  0.0, Max: 0, Diff: 0, Sum: 0, Workers: 4
[15.877s][debug][gc,phases      ] GC(7)     Total                          Min: 0, Avg:  0.0, Max: 0, Diff: 0, Sum: 0, Workers: 4
[15.877s][debug][gc,phases      ] GC(7) Weak Processing 0.374ms
[15.877s][debug][gc,phases      ] GC(7) ClassLoaderData 0.190ms
[15.877s][debug][gc,phases      ] GC(7) Trigger cleanups 0.001ms
[15.902s][debug][gc,phases      ] GC(7) Purge Unlinked NMethods 0.377ms
[15.903s][debug][gc,phases      ] GC(7) Unregister NMethods 0.850ms
[15.903s][debug][gc,phases      ] GC(7) Free Code Blobs 0.082ms
[15.911s][debug][gc,phases      ] GC(7) Class Unloading 34.111ms
[15.911s][debug][gc,phases      ] GC(7) Report Object Count 0.001ms
[15.911s][info ][gc,phases      ] GC(7) Marking Phase 84.377ms
[15.911s][info ][gc,phases,start] GC(7) Summary Phase
[15.911s][info ][gc,phases      ] GC(7) Summary Phase 0.007ms
[15.911s][info ][gc,phases,start] GC(7) Adjust Roots
[15.928s][info ][gc,phases      ] GC(7) Adjust Roots 16.743ms
[15.928s][info ][gc,phases,start] GC(7) Compaction Phase
[16.431s][info ][gc,phases      ] GC(7) Compaction Phase 503.134ms
[16.431s][info ][gc,phases,start] GC(7) Post Compact
[16.433s][debug][gc,phases      ] GC(7) Purge Class Loader Data 1.322ms
[16.437s][info ][gc,phases      ] GC(7) Post Compact 5.614ms
[16.437s][info ][gc,heap        ] GC(7) PSYoungGen: 144160K(1572864K)->143400K(1572864K) Eden: 0K(1048576K)->0K(1048576K) From: 144160K(524288K)->143400K(524288K)
[16.437s][info ][gc,heap        ] GC(7) ParOldGen: 6049K(6144K)->6026K(6144K)
[16.437s][info ][gc,metaspace   ] GC(7) Metaspace: 98559K(99648K)->98551K(99648K) NonClass: 83181K(83776K)->83176K(83776K) Class: 15377K(15872K)->15375K(15872K)
[16.437s][info ][gc             ] GC(7) Pause Full (Metadata GC Threshold) 146M->145M(1542M) 610.018ms
[16.437s][info ][gc,cpu         ] GC(7) User=1.27s Sys=0.01s Real=0.61s
[16.441s][info ][safepoint      ] Safepoint "CollectForMetadataAllocation", Time since last: 125388018 ns, Reaching safepoint: 87399 ns, Cleanup: 147800 ns, At safepoint: 690342242 ns, Total: 690577441 ns
[16.600s][info ][safepoint      ] Safepoint "ICBufferFull", Time since last: 158808836 ns, Reaching safepoint: 5600 ns, Cleanup: 149199 ns, At safepoint: 14300 ns, Total: 169099 ns
[16.695s][info ][safepoint      ] Safepoint "ICBufferFull", Time since last: 94490686 ns, Reaching safepoint: 6200 ns, Cleanup: 165799 ns, At safepoint: 13200 ns, Total: 185199 ns
[16.891s][info ][safepoint      ] Safepoint "ICBufferFull", Time since last: 196357331 ns, Reaching safepoint: 6800 ns, Cleanup: 134099 ns, At safepoint: 9600 ns, Total: 150499 ns
[17.128s][info ][safepoint      ] Safepoint "ICBufferFull", Time since last: 237183109 ns, Reaching safepoint: 5800 ns, Cleanup: 134300 ns, At safepoint: 10000 ns, Total: 150100 ns
[17.418s][info ][safepoint      ] Safepoint "ICBufferFull", Time since last: 288978327 ns, Reaching safepoint: 82299 ns, Cleanup: 149100 ns, At safepoint: 10700 ns, Total: 242099 ns
[17.821s][info ][safepoint      ] Safepoint "ICBufferFull", Time since last: 402759108 ns, Reaching safepoint: 5500 ns, Cleanup: 139299 ns, At safepoint: 13900 ns, Total: 158699 ns
[18.076s][info ][safepoint      ] Safepoint "ICBufferFull", Time since last: 255765908 ns, Reaching safepoint: 5600 ns, Cleanup: 131599 ns, At safepoint: 13000 ns, Total: 150199 ns
[18.544s][info ][safepoint      ] Safepoint "ICBufferFull", Time since last: 466899559 ns, Reaching safepoint: 5500 ns, Cleanup: 157599 ns, At safepoint: 9000 ns, Total: 172099 ns
[18.854s][info ][safepoint      ] Safepoint "ICBufferFull", Time since last: 310253411 ns, Reaching safepoint: 78400 ns, Cleanup: 111099 ns, At safepoint: 10700 ns, Total: 200199 ns
[18.931s][info ][gc,start       ] GC(8) Pause Young (Allocation Failure)
[19.013s][debug][gc,phases      ] GC(8) Scavenge 81.912ms
[19.013s][debug][gc,ref         ] GC(8) ReferenceProcessor::execute queues: 2, RefProcThreadModel::Multi, marks_oops_alive: false
[19.013s][debug][gc,ref         ] GC(8) ReferenceProcessor::execute queues: 4, RefProcThreadModel::Multi, marks_oops_alive: true
[19.013s][debug][gc,ref         ] GC(8) ReferenceProcessor::execute queues: 1, RefProcThreadModel::Single, marks_oops_alive: false
[19.013s][debug][gc,phases      ] GC(8) Reference Processing 0.278ms
[19.014s][debug][gc,phases      ] GC(8)   VM Weak                        Min:  0.0, Avg:  0.0, Max:  0.0, Diff:  0.0, Sum:  0.0, Workers: 4
[19.014s][debug][gc,phases      ] GC(8)     Dead                           Min: 0, Avg:  0.0, Max: 0, Diff: 0, Sum: 0, Workers: 4
[19.014s][debug][gc,phases      ] GC(8)     Total                          Min: 0, Avg: 210.8, Max: 527, Diff: 527, Sum: 843, Workers: 4
[19.014s][debug][gc,phases      ] GC(8)   ObjectSynchronizer Weak        Min:  0.0, Avg:  0.0, Max:  0.0, Diff:  0.0, Sum:  0.0, Workers: 4
[19.014s][debug][gc,phases      ] GC(8)     Dead                           Min: 0, Avg:  0.0, Max: 0, Diff: 0, Sum: 0, Workers: 4
[19.014s][debug][gc,phases      ] GC(8)     Total                          Min: 0, Avg: 16.8, Max: 64, Diff: 64, Sum: 67, Workers: 4
[19.014s][debug][gc,phases      ] GC(8)   JVMTI Tag Weak OopStorage      Min:  0.0, Avg:  0.0, Max:  0.0, Diff:  0.0, Sum:  0.0, Workers: 4
[19.014s][debug][gc,phases      ] GC(8)     Dead                           Min: 0, Avg:  0.0, Max: 0, Diff: 0, Sum: 0, Workers: 4
[19.014s][debug][gc,phases      ] GC(8)     Total                          Min: 0, Avg:  0.0, Max: 0, Diff: 0, Sum: 0, Workers: 4
[19.014s][debug][gc,phases      ] GC(8)   StringTable Weak               Min:  0.3, Avg:  0.3, Max:  0.3, Diff:  0.0, Sum:  1.2, Workers: 4
[19.014s][debug][gc,phases      ] GC(8)     Dead                           Min: 0, Avg:  1.2, Max: 3, Diff: 3, Sum: 5, Workers: 4
[19.014s][debug][gc,phases      ] GC(8)     Total                          Min: 10880, Avg: 11093.2, Max: 11349, Diff: 469, Sum: 44373, Workers: 4
[19.014s][debug][gc,phases      ] GC(8)   ResolvedMethodTable Weak       Min:  0.1, Avg:  0.1, Max:  0.1, Diff:  0.0, Sum:  0.4, Workers: 4
[19.014s][debug][gc,phases      ] GC(8)     Dead                           Min: 12, Avg: 20.0, Max: 34, Diff: 22, Sum: 80, Workers: 4
[19.014s][debug][gc,phases      ] GC(8)     Total                          Min: 3274, Avg: 3464.0, Max: 3573, Diff: 299, Sum: 13856, Workers: 4
[19.014s][debug][gc,phases      ] GC(8)   JNI Weak                       Min:  0.0, Avg:  0.0, Max:  0.0, Diff:  0.0, Sum:  0.0, Workers: 4
[19.014s][debug][gc,phases      ] GC(8)     Dead                           Min: 0, Avg:  0.0, Max: 0, Diff: 0, Sum: 0, Workers: 4
[19.014s][debug][gc,phases      ] GC(8)     Total                          Min: 0, Avg: 19.8, Max: 52, Diff: 52, Sum: 79, Workers: 4
[19.014s][debug][gc,phases      ] GC(8)   StringDedup Table Weak         Min:  0.0, Avg:  0.0, Max:  0.0, Diff:  0.0, Sum:  0.0, Workers: 4
[19.014s][debug][gc,phases      ] GC(8)     Dead                           Min: 0, Avg:  0.0, Max: 0, Diff: 0, Sum: 0, Workers: 4
[19.014s][debug][gc,phases      ] GC(8)     Total                          Min: 0, Avg:  0.0, Max: 0, Diff: 0, Sum: 0, Workers: 4
[19.014s][debug][gc,phases      ] GC(8)   StringDedup Requests0 Weak     Min:  0.0, Avg:  0.0, Max:  0.0, Diff:  0.0, Sum:  0.0, Workers: 4
[19.014s][debug][gc,phases      ] GC(8)     Dead                           Min: 0, Avg:  0.0, Max: 0, Diff: 0, Sum: 0, Workers: 4
[19.014s][debug][gc,phases      ] GC(8)     Total                          Min: 0, Avg:  0.0, Max: 0, Diff: 0, Sum: 0, Workers: 4
[19.014s][debug][gc,phases      ] GC(8)   StringDedup Requests1 Weak     Min:  0.0, Avg:  0.0, Max:  0.0, Diff:  0.0, Sum:  0.0, Workers: 4
[19.014s][debug][gc,phases      ] GC(8)     Dead                           Min: 0, Avg:  0.0, Max: 0, Diff: 0, Sum: 0, Workers: 4
[19.014s][debug][gc,phases      ] GC(8)     Total                          Min: 0, Avg:  0.0, Max: 0, Diff: 0, Sum: 0, Workers: 4
[19.014s][debug][gc,phases      ] GC(8)   Weak JFR Old Object Samples    Min:  0.0, Avg:  0.0, Max:  0.0, Diff:  0.0, Sum:  0.0, Workers: 4
[19.014s][debug][gc,phases      ] GC(8)     Dead                           Min: 0, Avg:  0.0, Max: 0, Diff: 0, Sum: 0, Workers: 4
[19.014s][debug][gc,phases      ] GC(8)     Total                          Min: 0, Avg:  0.0, Max: 0, Diff: 0, Sum: 0, Workers: 4
[19.014s][debug][gc,phases      ] GC(8) Weak Processing 0.562ms
[19.014s][debug][gc,age         ] GC(8) Desired survivor size 226492416 bytes, new threshold 6 (max threshold 15)
[19.014s][info ][gc,heap        ] GC(8) PSYoungGen: 1191976K(1572864K)->204354K(1572864K) Eden: 1048576K(1048576K)->0K(1048576K) From: 143400K(524288K)->204354K(524288K)
[19.014s][info ][gc,heap        ] GC(8) ParOldGen: 6026K(6144K)->6042K(6144K)
[19.014s][info ][gc,metaspace   ] GC(8) Metaspace: 99989K(101184K)->99989K(101184K) NonClass: 84522K(85184K)->84522K(85184K) Class: 15467K(16000K)->15467K(16000K)
[19.014s][info ][gc             ] GC(8) Pause Young (Allocation Failure) 1169M->205M(1542M) 82.878ms
[19.014s][info ][gc,cpu         ] GC(8) User=0.27s Sys=0.04s Real=0.08s
[19.014s][info ][safepoint      ] Safepoint "ParallelGCFailedAllocation", Time since last: 77044181 ns, Reaching safepoint: 87099 ns, Cleanup: 36100 ns, At safepoint: 82961749 ns, Total: 83084948 ns
[19.420s][info ][safepoint      ] Safepoint "ICBufferFull", Time since last: 405743591 ns, Reaching safepoint: 6200 ns, Cleanup: 144000 ns, At safepoint: 2200 ns, Total: 152400 ns
[20.080s][info ][safepoint      ] Safepoint "ICBufferFull", Time since last: 659693309 ns, Reaching safepoint: 5300 ns, Cleanup: 131399 ns, At safepoint: 2600 ns, Total: 139299 ns
[20.938s][info ][safepoint      ] Safepoint "ICBufferFull", Time since last: 857604228 ns, Reaching safepoint: 6100 ns, Cleanup: 149799 ns, At safepoint: 7300 ns, Total: 163199 ns
[21.355s][info ][safepoint      ] Safepoint "ICBufferFull", Time since last: 417028320 ns, Reaching safepoint: 83400 ns, Cleanup: 130199 ns, At safepoint: 19800 ns, Total: 233399 ns
[21.879s][info ][safepoint      ] Safepoint "ICBufferFull", Time since last: 523506813 ns, Reaching safepoint: 5700 ns, Cleanup: 136599 ns, At safepoint: 7700 ns, Total: 149999 ns
[22.525s][info ][safepoint      ] Safepoint "ICBufferFull", Time since last: 646649209 ns, Reaching safepoint: 6400 ns, Cleanup: 141400 ns, At safepoint: 7300 ns, Total: 155100 ns
[23.225s][info ][safepoint      ] Safepoint "ICBufferFull", Time since last: 699661607 ns, Reaching safepoint: 6200 ns, Cleanup: 148599 ns, At safepoint: 8800 ns, Total: 163599 ns
[24.225s][info ][safepoint      ] Safepoint "Cleanup", Time since last: 1000114693 ns, Reaching safepoint: 5499 ns, Cleanup: 121900 ns, At safepoint: 2800 ns, Total: 130199 ns
[25.226s][info ][safepoint      ] Safepoint "Cleanup", Time since last: 1000107192 ns, Reaching safepoint: 5800 ns, Cleanup: 123900 ns, At safepoint: 3100 ns, Total: 132800 ns
[26.226s][info ][safepoint      ] Safepoint "Cleanup", Time since last: 1000105592 ns, Reaching safepoint: 5900 ns, Cleanup: 65400 ns, At safepoint: 3300 ns, Total: 74600 ns
[27.226s][info ][safepoint      ] Safepoint "Cleanup", Time since last: 1000125193 ns, Reaching safepoint: 5800 ns, Cleanup: 71499 ns, At safepoint: 1800 ns, Total: 79099 ns
[28.226s][info ][safepoint      ] Safepoint "Cleanup", Time since last: 1000104193 ns, Reaching safepoint: 5900 ns, Cleanup: 65299 ns, At safepoint: 2000 ns, Total: 73199 ns
[29.226s][info ][safepoint      ] Safepoint "Cleanup", Time since last: 1000108291 ns, Reaching safepoint: 5100 ns, Cleanup: 35799 ns, At safepoint: 2000 ns, Total: 42899 ns
[30.226s][info ][safepoint      ] Safepoint "Cleanup", Time since last: 1000105284 ns, Reaching safepoint: 6300 ns, Cleanup: 16300 ns, At safepoint: 2000 ns, Total: 24600 ns
[31.227s][info ][safepoint      ] Safepoint "Cleanup", Time since last: 1000126684 ns, Reaching safepoint: 5100 ns, Cleanup: 31500 ns, At safepoint: 1700 ns, Total: 38300 ns
[32.227s][info ][safepoint      ] Safepoint "Cleanup", Time since last: 1000094184 ns, Reaching safepoint: 6600 ns, Cleanup: 28900 ns, At safepoint: 2200 ns, Total: 37700 ns
[33.227s][info ][safepoint      ] Safepoint "Cleanup", Time since last: 1000109284 ns, Reaching safepoint: 6200 ns, Cleanup: 59000 ns, At safepoint: 1600 ns, Total: 66800 ns
[34.528s][info ][safepoint      ] Safepoint "Cleanup", Time since last: 1300977664 ns, Reaching safepoint: 5700 ns, Cleanup: 28700 ns, At safepoint: 1400 ns, Total: 35800 ns
[35.528s][info ][safepoint      ] Safepoint "Cleanup", Time since last: 1000087684 ns, Reaching safepoint: 5800 ns, Cleanup: 28200 ns, At safepoint: 1400 ns, Total: 35400 ns
[36.528s][info ][safepoint      ] Safepoint "Cleanup", Time since last: 1000101284 ns, Reaching safepoint: 6500 ns, Cleanup: 24600 ns, At safepoint: 1900 ns, Total: 33000 ns
[37.528s][info ][safepoint      ] Safepoint "Cleanup", Time since last: 1000094702 ns, Reaching safepoint: 5399 ns, Cleanup: 20000 ns, At safepoint: 1800 ns, Total: 27199 ns
[38.529s][info ][safepoint      ] Safepoint "Cleanup", Time since last: 1000110280 ns, Reaching safepoint: 6200 ns, Cleanup: 62600 ns, At safepoint: 2200 ns, Total: 71000 ns
[39.529s][info ][safepoint      ] Safepoint "Cleanup", Time since last: 1000080580 ns, Reaching safepoint: 5500 ns, Cleanup: 24500 ns, At safepoint: 1700 ns, Total: 31700 ns
[40.529s][info ][safepoint      ] Safepoint "Cleanup", Time since last: 1000136083 ns, Reaching safepoint: 6100 ns, Cleanup: 39600 ns, At safepoint: 2100 ns, Total: 47800 ns
[41.529s][info ][safepoint      ] Safepoint "Cleanup", Time since last: 1000173649 ns, Reaching safepoint: 5800 ns, Cleanup: 29300 ns, At safepoint: 1800 ns, Total: 36900 ns
[42.529s][info ][safepoint      ] Safepoint "Cleanup", Time since last: 1000105750 ns, Reaching safepoint: 5700 ns, Cleanup: 9800 ns, At safepoint: 2000 ns, Total: 17500 ns
[43.529s][info ][safepoint      ] Safepoint "Cleanup", Time since last: 1000107250 ns, Reaching safepoint: 5300 ns, Cleanup: 15300 ns, At safepoint: 1800 ns, Total: 22400 ns
[44.274s][info ][gc,start       ] GC(9) Pause Young (Allocation Failure)
[44.400s][debug][gc,phases      ] GC(9) Scavenge 125.847ms
[44.400s][debug][gc,ref         ] GC(9) ReferenceProcessor::execute queues: 4, RefProcThreadModel::Multi, marks_oops_alive: false
[44.401s][debug][gc,ref         ] GC(9) ReferenceProcessor::execute queues: 4, RefProcThreadModel::Multi, marks_oops_alive: true
[44.401s][debug][gc,ref         ] GC(9) ReferenceProcessor::execute queues: 1, RefProcThreadModel::Single, marks_oops_alive: false
[44.401s][debug][gc,phases      ] GC(9) Reference Processing 0.669ms
[44.402s][debug][gc,phases      ] GC(9)   VM Weak                        Min:  0.0, Avg:  0.0, Max:  0.0, Diff:  0.0, Sum:  0.0, Workers: 4
[44.402s][debug][gc,phases      ] GC(9)     Dead                           Min: 0, Avg:  0.0, Max: 0, Diff: 0, Sum: 0, Workers: 4
[44.402s][debug][gc,phases      ] GC(9)     Total                          Min: 0, Avg: 213.0, Max: 852, Diff: 852, Sum: 852, Workers: 4
[44.402s][debug][gc,phases      ] GC(9)   ObjectSynchronizer Weak        Min:  0.0, Avg:  0.0, Max:  0.0, Diff:  0.0, Sum:  0.0, Workers: 4
[44.402s][debug][gc,phases      ] GC(9)     Dead                           Min: 0, Avg:  0.0, Max: 0, Diff: 0, Sum: 0, Workers: 4
[44.402s][debug][gc,phases      ] GC(9)     Total                          Min: 0, Avg: 16.8, Max: 67, Diff: 67, Sum: 67, Workers: 4
[44.402s][debug][gc,phases      ] GC(9)   JVMTI Tag Weak OopStorage      Min:  0.0, Avg:  0.0, Max:  0.0, Diff:  0.0, Sum:  0.0, Workers: 4
[44.402s][debug][gc,phases      ] GC(9)     Dead                           Min: 0, Avg:  0.0, Max: 0, Diff: 0, Sum: 0, Workers: 4
[44.402s][debug][gc,phases      ] GC(9)     Total                          Min: 0, Avg:  0.0, Max: 0, Diff: 0, Sum: 0, Workers: 4
[44.402s][debug][gc,phases      ] GC(9)   StringTable Weak               Min:  0.0, Avg:  0.3, Max:  1.1, Diff:  1.1, Sum:  1.1, Workers: 4
[44.402s][debug][gc,phases      ] GC(9)     Dead                           Min: 0, Avg:  0.2, Max: 1, Diff: 1, Sum: 1, Workers: 4
[44.402s][debug][gc,phases      ] GC(9)     Total                          Min: 0, Avg: 11206.2, Max: 44825, Diff: 44825, Sum: 44825, Workers: 4
[44.402s][debug][gc,phases      ] GC(9)   ResolvedMethodTable Weak       Min:  0.0, Avg:  0.1, Max:  0.4, Diff:  0.4, Sum:  0.4, Workers: 4
[44.402s][debug][gc,phases      ] GC(9)     Dead                           Min: 0, Avg:  6.8, Max: 27, Diff: 27, Sum: 27, Workers: 4
[44.402s][debug][gc,phases      ] GC(9)     Total                          Min: 0, Avg: 3492.2, Max: 13969, Diff: 13969, Sum: 13969, Workers: 4
[44.402s][debug][gc,phases      ] GC(9)   JNI Weak                       Min:  0.0, Avg:  0.0, Max:  0.0, Diff:  0.0, Sum:  0.0, Workers: 4
[44.402s][debug][gc,phases      ] GC(9)     Dead                           Min: 0, Avg:  0.0, Max: 0, Diff: 0, Sum: 0, Workers: 4
[44.402s][debug][gc,phases      ] GC(9)     Total                          Min: 0, Avg: 13.0, Max: 52, Diff: 52, Sum: 52, Workers: 4
[44.402s][debug][gc,phases      ] GC(9)   StringDedup Table Weak         Min:  0.0, Avg:  0.0, Max:  0.0, Diff:  0.0, Sum:  0.0, Workers: 4
[44.402s][debug][gc,phases      ] GC(9)     Dead                           Min: 0, Avg:  0.0, Max: 0, Diff: 0, Sum: 0, Workers: 4
[44.402s][debug][gc,phases      ] GC(9)     Total                          Min: 0, Avg:  0.0, Max: 0, Diff: 0, Sum: 0, Workers: 4
[44.402s][debug][gc,phases      ] GC(9)   StringDedup Requests0 Weak     Min:  0.0, Avg:  0.0, Max:  0.0, Diff:  0.0, Sum:  0.0, Workers: 4
[44.402s][debug][gc,phases      ] GC(9)     Dead                           Min: 0, Avg:  0.0, Max: 0, Diff: 0, Sum: 0, Workers: 4
[44.402s][debug][gc,phases      ] GC(9)     Total                          Min: 0, Avg:  0.0, Max: 0, Diff: 0, Sum: 0, Workers: 4
[44.402s][debug][gc,phases      ] GC(9)   StringDedup Requests1 Weak     Min:  0.0, Avg:  0.0, Max:  0.0, Diff:  0.0, Sum:  0.0, Workers: 4
[44.402s][debug][gc,phases      ] GC(9)     Dead                           Min: 0, Avg:  0.0, Max: 0, Diff: 0, Sum: 0, Workers: 4
[44.402s][debug][gc,phases      ] GC(9)     Total                          Min: 0, Avg:  0.0, Max: 0, Diff: 0, Sum: 0, Workers: 4
[44.402s][debug][gc,phases      ] GC(9)   Weak JFR Old Object Samples    Min:  0.0, Avg:  0.0, Max:  0.0, Diff:  0.0, Sum:  0.0, Workers: 4
[44.402s][debug][gc,phases      ] GC(9)     Dead                           Min: 0, Avg:  0.0, Max: 0, Diff: 0, Sum: 0, Workers: 4
[44.402s][debug][gc,phases      ] GC(9)     Total                          Min: 0, Avg:  0.0, Max: 0, Diff: 0, Sum: 0, Workers: 4
[44.402s][debug][gc,phases      ] GC(9) Weak Processing 1.697ms
[44.402s][debug][gc,age         ] GC(9) Desired survivor size 264241152 bytes, new threshold 5 (max threshold 15)
[44.402s][info ][gc,heap        ] GC(9) PSYoungGen: 1252930K(1572864K)->202259K(1802240K) Eden: 1048576K(1048576K)->0K(1581056K) From: 204354K(524288K)->202259K(221184K)
[44.402s][info ][gc,heap        ] GC(9) ParOldGen: 6042K(6144K)->6058K(6144K)
[44.402s][info ][gc,metaspace   ] GC(9) Metaspace: 101107K(102336K)->101107K(102336K) NonClass: 85591K(86272K)->85591K(86272K) Class: 15516K(16064K)->15516K(16064K)
[44.402s][info ][gc             ] GC(9) Pause Young (Allocation Failure) 1229M->203M(1766M) 128.356ms
[44.402s][info ][gc,cpu         ] GC(9) User=0.27s Sys=0.05s Real=0.13s
[44.403s][info ][safepoint      ] Safepoint "ParallelGCFailedAllocation", Time since last: 744781541 ns, Reaching safepoint: 6900 ns, Cleanup: 17100 ns, At safepoint: 129287995 ns, Total: 129311995 ns
[45.404s][info ][safepoint      ] Safepoint "Cleanup", Time since last: 1000095061 ns, Reaching safepoint: 7700 ns, Cleanup: 29700 ns, At safepoint: 2000 ns, Total: 39400 ns
[46.404s][info ][safepoint      ] Safepoint "Cleanup", Time since last: 1000137364 ns, Reaching safepoint: 8000 ns, Cleanup: 33700 ns, At safepoint: 2500 ns, Total: 44200 ns
[47.404s][info ][safepoint      ] Safepoint "Cleanup", Time since last: 1000108764 ns, Reaching safepoint: 7300 ns, Cleanup: 57100 ns, At safepoint: 2500 ns, Total: 66900 ns
[48.404s][info ][safepoint      ] Safepoint "Cleanup", Time since last: 1000120364 ns, Reaching safepoint: 8100 ns, Cleanup: 46600 ns, At safepoint: 7100 ns, Total: 61800 ns
[49.404s][info ][safepoint      ] Safepoint "Cleanup", Time since last: 1000115865 ns, Reaching safepoint: 7599 ns, Cleanup: 23100 ns, At safepoint: 2000 ns, Total: 32699 ns
[50.404s][info ][safepoint      ] Safepoint "Cleanup", Time since last: 1000108865 ns, Reaching safepoint: 7300 ns, Cleanup: 58799 ns, At safepoint: 2400 ns, Total: 68499 ns
[51.405s][info ][safepoint      ] Safepoint "Cleanup", Time since last: 1000112965 ns, Reaching safepoint: 7600 ns, Cleanup: 18600 ns, At safepoint: 2400 ns, Total: 28600 ns
[52.405s][info ][safepoint      ] Safepoint "Cleanup", Time since last: 1000110995 ns, Reaching safepoint: 7700 ns, Cleanup: 20800 ns, At safepoint: 2400 ns, Total: 30900 ns
[53.405s][info ][safepoint      ] Safepoint "Cleanup", Time since last: 1000116437 ns, Reaching safepoint: 7700 ns, Cleanup: 16700 ns, At safepoint: 2100 ns, Total: 26500 ns
[54.405s][info ][safepoint      ] Safepoint "Cleanup", Time since last: 1000110637 ns, Reaching safepoint: 7500 ns, Cleanup: 29900 ns, At safepoint: 2300 ns, Total: 39700 ns
[55.405s][info ][safepoint      ] Safepoint "Cleanup", Time since last: 1000111137 ns, Reaching safepoint: 7600 ns, Cleanup: 19300 ns, At safepoint: 2000 ns, Total: 28900 ns
[56.405s][info ][safepoint      ] Safepoint "Cleanup", Time since last: 1000112938 ns, Reaching safepoint: 7000 ns, Cleanup: 20899 ns, At safepoint: 2100 ns, Total: 29999 ns
[57.405s][info ][safepoint      ] Safepoint "Cleanup", Time since last: 1000127638 ns, Reaching safepoint: 7600 ns, Cleanup: 18700 ns, At safepoint: 2300 ns, Total: 28600 ns
[58.406s][info ][safepoint      ] Safepoint "Cleanup", Time since last: 1000108937 ns, Reaching safepoint: 6900 ns, Cleanup: 15700 ns, At safepoint: 2000 ns, Total: 24600 ns
[59.406s][info ][safepoint      ] Safepoint "Cleanup", Time since last: 1000108937 ns, Reaching safepoint: 7000 ns, Cleanup: 27300 ns, At safepoint: 2100 ns, Total: 36400 ns
[61.060s][info ][safepoint      ] Safepoint "Cleanup", Time since last: 1653998421 ns, Reaching safepoint: 6700 ns, Cleanup: 39800 ns, At safepoint: 3500 ns, Total: 50000 ns
[62.060s][info ][safepoint      ] Safepoint "Cleanup", Time since last: 1000111324 ns, Reaching safepoint: 6800 ns, Cleanup: 12700 ns, At safepoint: 2700 ns, Total: 22200 ns
[63.060s][info ][safepoint      ] Safepoint "Cleanup", Time since last: 1000099425 ns, Reaching safepoint: 6300 ns, Cleanup: 21600 ns, At safepoint: 2300 ns, Total: 30200 ns
[64.060s][info ][safepoint      ] Safepoint "Cleanup", Time since last: 1000106125 ns, Reaching safepoint: 6500 ns, Cleanup: 11799 ns, At safepoint: 1800 ns, Total: 20099 ns
[65.060s][info ][safepoint      ] Safepoint "Cleanup", Time since last: 1000117175 ns, Reaching safepoint: 7100 ns, Cleanup: 16800 ns, At safepoint: 2100 ns, Total: 26000 ns
[66.060s][info ][safepoint      ] Safepoint "Cleanup", Time since last: 1000108501 ns, Reaching safepoint: 5800 ns, Cleanup: 21900 ns, At safepoint: 1900 ns, Total: 29600 ns
[67.060s][info ][safepoint      ] Safepoint "Cleanup", Time since last: 1000097702 ns, Reaching safepoint: 6300 ns, Cleanup: 12800 ns, At safepoint: 2399 ns, Total: 21499 ns
[68.061s][info ][safepoint      ] Safepoint "Cleanup", Time since last: 1000107202 ns, Reaching safepoint: 6800 ns, Cleanup: 25000 ns, At safepoint: 2200 ns, Total: 34000 ns
[69.061s][info ][safepoint      ] Safepoint "Cleanup", Time since last: 1000108883 ns, Reaching safepoint: 6800 ns, Cleanup: 18000 ns, At safepoint: 2400 ns, Total: 27200 ns
[70.061s][info ][safepoint      ] Safepoint "Cleanup", Time since last: 1000110723 ns, Reaching safepoint: 7500 ns, Cleanup: 15900 ns, At safepoint: 2800 ns, Total: 26200 ns
[71.061s][info ][safepoint      ] Safepoint "Cleanup", Time since last: 1000107823 ns, Reaching safepoint: 6900 ns, Cleanup: 18700 ns, At safepoint: 2200 ns, Total: 27800 ns
[72.061s][info ][safepoint      ] Safepoint "Cleanup", Time since last: 1000118323 ns, Reaching safepoint: 7600 ns, Cleanup: 22800 ns, At safepoint: 2600 ns, Total: 33000 ns
[73.061s][info ][safepoint      ] Safepoint "Cleanup", Time since last: 1000111923 ns, Reaching safepoint: 7400 ns, Cleanup: 12800 ns, At safepoint: 2300 ns, Total: 22500 ns
[74.061s][info ][safepoint      ] Safepoint "Cleanup", Time since last: 1000113240 ns, Reaching safepoint: 7900 ns, Cleanup: 31000 ns, At safepoint: 2400 ns, Total: 41300 ns
[75.062s][info ][safepoint      ] Safepoint "Cleanup", Time since last: 1000143235 ns, Reaching safepoint: 7400 ns, Cleanup: 18300 ns, At safepoint: 2700 ns, Total: 28400 ns
[76.062s][info ][safepoint      ] Safepoint "Cleanup", Time since last: 1000114336 ns, Reaching safepoint: 7400 ns, Cleanup: 12500 ns, At safepoint: 2400 ns, Total: 22300 ns
[77.062s][info ][safepoint      ] Safepoint "Cleanup", Time since last: 1000141334 ns, Reaching safepoint: 7500 ns, Cleanup: 26800 ns, At safepoint: 2800 ns, Total: 37100 ns
[78.062s][info ][safepoint      ] Safepoint "Cleanup", Time since last: 1000114814 ns, Reaching safepoint: 7800 ns, Cleanup: 17100 ns, At safepoint: 2100 ns, Total: 27000 ns
[79.062s][info ][safepoint      ] Safepoint "Cleanup", Time since last: 1000115613 ns, Reaching safepoint: 6500 ns, Cleanup: 14200 ns, At safepoint: 2100 ns, Total: 22800 ns
[80.062s][info ][safepoint      ] Safepoint "Cleanup", Time since last: 1000115914 ns, Reaching safepoint: 7400 ns, Cleanup: 18400 ns, At safepoint: 2400 ns, Total: 28200 ns
[82.063s][info ][safepoint      ] Safepoint "Cleanup", Time since last: 2000219428 ns, Reaching safepoint: 6800 ns, Cleanup: 14000 ns, At safepoint: 2000 ns, Total: 22800 ns
[83.063s][info ][safepoint      ] Safepoint "Cleanup", Time since last: 1000103414 ns, Reaching safepoint: 7600 ns, Cleanup: 14199 ns, At safepoint: 2200 ns, Total: 23999 ns
[84.063s][info ][safepoint      ] Safepoint "Cleanup", Time since last: 1000130814 ns, Reaching safepoint: 7100 ns, Cleanup: 12200 ns, At safepoint: 1900 ns, Total: 21200 ns
[85.063s][info ][safepoint      ] Safepoint "Cleanup", Time since last: 1000107811 ns, Reaching safepoint: 7400 ns, Cleanup: 25200 ns, At safepoint: 2200 ns, Total: 34800 ns
[86.063s][info ][safepoint      ] Safepoint "Cleanup", Time since last: 1000113373 ns, Reaching safepoint: 7499 ns, Cleanup: 15700 ns, At safepoint: 2600 ns, Total: 25799 ns
[87.063s][info ][safepoint      ] Safepoint "Cleanup", Time since last: 1000108773 ns, Reaching safepoint: 7200 ns, Cleanup: 13100 ns, At safepoint: 2200 ns, Total: 22500 ns
[88.063s][info ][safepoint      ] Safepoint "Cleanup", Time since last: 1000135572 ns, Reaching safepoint: 7100 ns, Cleanup: 20000 ns, At safepoint: 2500 ns, Total: 29600 ns
[89.064s][info ][safepoint      ] Safepoint "Cleanup", Time since last: 1000108772 ns, Reaching safepoint: 7500 ns, Cleanup: 16500 ns, At safepoint: 2300 ns, Total: 26300 ns
[91.064s][info ][safepoint      ] Safepoint "Cleanup", Time since last: 2000172645 ns, Reaching safepoint: 6800 ns, Cleanup: 13400 ns, At safepoint: 2700 ns, Total: 22900 ns
[92.064s][info ][safepoint      ] Safepoint "Cleanup", Time since last: 1000110372 ns, Reaching safepoint: 6900 ns, Cleanup: 34300 ns, At safepoint: 2100 ns, Total: 43300 ns
[93.064s][info ][safepoint      ] Safepoint "Cleanup", Time since last: 1000103772 ns, Reaching safepoint: 7400 ns, Cleanup: 15100 ns, At safepoint: 2100 ns, Total: 24600 ns
[94.064s][info ][safepoint      ] Safepoint "Cleanup", Time since last: 1000105671 ns, Reaching safepoint: 6500 ns, Cleanup: 28599 ns, At safepoint: 2200 ns, Total: 37299 ns
[95.064s][info ][safepoint      ] Safepoint "Cleanup", Time since last: 1000097971 ns, Reaching safepoint: 6600 ns, Cleanup: 12000 ns, At safepoint: 2400 ns, Total: 21000 ns
[96.065s][info ][safepoint      ] Safepoint "Cleanup", Time since last: 1000110770 ns, Reaching safepoint: 6700 ns, Cleanup: 42000 ns, At safepoint: 2400 ns, Total: 51100 ns
[97.065s][info ][safepoint      ] Safepoint "Cleanup", Time since last: 1000124270 ns, Reaching safepoint: 7200 ns, Cleanup: 28600 ns, At safepoint: 2000 ns, Total: 37800 ns
[98.065s][info ][safepoint      ] Safepoint "Cleanup", Time since last: 1000113470 ns, Reaching safepoint: 6800 ns, Cleanup: 16900 ns, At safepoint: 2200 ns, Total: 25900 ns
[99.065s][info ][safepoint      ] Safepoint "Cleanup", Time since last: 1000113370 ns, Reaching safepoint: 7000 ns, Cleanup: 24200 ns, At safepoint: 2200 ns, Total: 33400 ns
[100.065s][info ][safepoint      ] Safepoint "Cleanup", Time since last: 1000111870 ns, Reaching safepoint: 7200 ns, Cleanup: 33200 ns, At safepoint: 2200 ns, Total: 42600 ns
[101.065s][info ][safepoint      ] Safepoint "Cleanup", Time since last: 1000113067 ns, Reaching safepoint: 6499 ns, Cleanup: 24000 ns, At safepoint: 2500 ns, Total: 32999 ns
[102.065s][info ][safepoint      ] Safepoint "Cleanup", Time since last: 1000145491 ns, Reaching safepoint: 6700 ns, Cleanup: 23800 ns, At safepoint: 2400 ns, Total: 32900 ns
[103.066s][info ][safepoint      ] Safepoint "Cleanup", Time since last: 1000131691 ns, Reaching safepoint: 7100 ns, Cleanup: 30100 ns, At safepoint: 2400 ns, Total: 39600 ns
[104.066s][info ][safepoint      ] Safepoint "Cleanup", Time since last: 1000141991 ns, Reaching safepoint: 7200 ns, Cleanup: 33000 ns, At safepoint: 2000 ns, Total: 42200 ns
[105.066s][info ][safepoint      ] Safepoint "Cleanup", Time since last: 1000113591 ns, Reaching safepoint: 6600 ns, Cleanup: 22100 ns, At safepoint: 1900 ns, Total: 30600 ns
[106.066s][info ][safepoint      ] Safepoint "Cleanup", Time since last: 1000109991 ns, Reaching safepoint: 6100 ns, Cleanup: 46699 ns, At safepoint: 2400 ns, Total: 55199 ns
[107.066s][info ][safepoint      ] Safepoint "Cleanup", Time since last: 1000118492 ns, Reaching safepoint: 6300 ns, Cleanup: 13799 ns, At safepoint: 2100 ns, Total: 22199 ns
[108.066s][info ][safepoint      ] Safepoint "Cleanup", Time since last: 1000110592 ns, Reaching safepoint: 6500 ns, Cleanup: 10200 ns, At safepoint: 1900 ns, Total: 18600 ns
[109.067s][info ][safepoint      ] Safepoint "Cleanup", Time since last: 1000110292 ns, Reaching safepoint: 7000 ns, Cleanup: 16600 ns, At safepoint: 2500 ns, Total: 26100 ns
[110.067s][info ][safepoint      ] Safepoint "Cleanup", Time since last: 1000124432 ns, Reaching safepoint: 6600 ns, Cleanup: 34400 ns, At safepoint: 2200 ns, Total: 43200 ns
[111.067s][info ][safepoint      ] Safepoint "Cleanup", Time since last: 1000108233 ns, Reaching safepoint: 6900 ns, Cleanup: 20499 ns, At safepoint: 2200 ns, Total: 29599 ns
[112.067s][info ][safepoint      ] Safepoint "Cleanup", Time since last: 1000106433 ns, Reaching safepoint: 6900 ns, Cleanup: 90899 ns, At safepoint: 2000 ns, Total: 99799 ns
[112.623s][info ][safepoint      ] Safepoint "ICBufferFull", Time since last: 555247876 ns, Reaching safepoint: 83799 ns, Cleanup: 172599 ns, At safepoint: 8600 ns, Total: 264998 ns
[112.624s][info ][safepoint      ] Safepoint "ICBufferFull", Time since last: 1561791 ns, Reaching safepoint: 83799 ns, Cleanup: 8800 ns, At safepoint: 8200 ns, Total: 100799 ns
[113.625s][info ][safepoint      ] Safepoint "Cleanup", Time since last: 1000104433 ns, Reaching safepoint: 152599 ns, Cleanup: 145899 ns, At safepoint: 7900 ns, Total: 306398 ns
[114.625s][info ][safepoint      ] Safepoint "Cleanup", Time since last: 1000105832 ns, Reaching safepoint: 75400 ns, Cleanup: 38699 ns, At safepoint: 5300 ns, Total: 119399 ns
[115.625s][info ][safepoint      ] Safepoint "Cleanup", Time since last: 1000105933 ns, Reaching safepoint: 6400 ns, Cleanup: 50299 ns, At safepoint: 7100 ns, Total: 63799 ns
[116.625s][info ][safepoint      ] Safepoint "Cleanup", Time since last: 1000122733 ns, Reaching safepoint: 5800 ns, Cleanup: 35499 ns, At safepoint: 2200 ns, Total: 43499 ns
[117.625s][info ][safepoint      ] Safepoint "Cleanup", Time since last: 1000109821 ns, Reaching safepoint: 5500 ns, Cleanup: 13100 ns, At safepoint: 2100 ns, Total: 20700 ns
[118.625s][info ][safepoint      ] Safepoint "Cleanup", Time since last: 1000119033 ns, Reaching safepoint: 5900 ns, Cleanup: 21299 ns, At safepoint: 6200 ns, Total: 33399 ns
[119.626s][info ][safepoint      ] Safepoint "Cleanup", Time since last: 1000116233 ns, Reaching safepoint: 5600 ns, Cleanup: 13600 ns, At safepoint: 2000 ns, Total: 21200 ns
[120.221s][info ][gc,start       ] GC(10) Pause Young (Allocation Failure)
[120.303s][debug][gc,phases      ] GC(10) Scavenge 81.284ms
[120.303s][debug][gc,ref         ] GC(10) ReferenceProcessor::execute queues: 1, RefProcThreadModel::Single, marks_oops_alive: false
[120.303s][debug][gc,ref         ] GC(10) ReferenceProcessor::execute queues: 4, RefProcThreadModel::Multi, marks_oops_alive: true
[120.303s][debug][gc,ref         ] GC(10) ReferenceProcessor::execute queues: 1, RefProcThreadModel::Single, marks_oops_alive: false
[120.303s][debug][gc,phases      ] GC(10) Reference Processing 0.226ms
[120.303s][debug][gc,phases      ] GC(10)   VM Weak                        Min:  0.0, Avg:  0.0, Max:  0.0, Diff:  0.0, Sum:  0.0, Workers: 4
[120.303s][debug][gc,phases      ] GC(10)     Dead                           Min: 0, Avg:  0.0, Max: 0, Diff: 0, Sum: 0, Workers: 4
[120.303s][debug][gc,phases      ] GC(10)     Total                          Min: 0, Avg: 213.2, Max: 405, Diff: 405, Sum: 853, Workers: 4
[120.303s][debug][gc,phases      ] GC(10)   ObjectSynchronizer Weak        Min:  0.0, Avg:  0.0, Max:  0.0, Diff:  0.0, Sum:  0.0, Workers: 4
[120.303s][debug][gc,phases      ] GC(10)     Dead                           Min: 0, Avg:  0.0, Max: 0, Diff: 0, Sum: 0, Workers: 4
[120.303s][debug][gc,phases      ] GC(10)     Total                          Min: 0, Avg:  0.8, Max: 3, Diff: 3, Sum: 3, Workers: 4
[120.303s][debug][gc,phases      ] GC(10)   JVMTI Tag Weak OopStorage      Min:  0.0, Avg:  0.0, Max:  0.0, Diff:  0.0, Sum:  0.0, Workers: 4
[120.303s][debug][gc,phases      ] GC(10)     Dead                           Min: 0, Avg:  0.0, Max: 0, Diff: 0, Sum: 0, Workers: 4
[120.303s][debug][gc,phases      ] GC(10)     Total                          Min: 0, Avg:  0.0, Max: 0, Diff: 0, Sum: 0, Workers: 4
[120.303s][debug][gc,phases      ] GC(10)   StringTable Weak               Min:  0.3, Avg:  0.3, Max:  0.3, Diff:  0.0, Sum:  1.1, Workers: 4
[120.303s][debug][gc,phases      ] GC(10)     Dead                           Min: 0, Avg:  0.8, Max: 3, Diff: 3, Sum: 3, Workers: 4
[120.303s][debug][gc,phases      ] GC(10)     Total                          Min: 11072, Avg: 11271.8, Max: 11487, Diff: 415, Sum: 45087, Workers: 4
[120.303s][debug][gc,phases      ] GC(10)   ResolvedMethodTable Weak       Min:  0.1, Avg:  0.1, Max:  0.1, Diff:  0.0, Sum:  0.4, Workers: 4
[120.303s][debug][gc,phases      ] GC(10)     Dead                           Min: 0, Avg: 10.2, Max: 30, Diff: 30, Sum: 41, Workers: 4
[120.303s][debug][gc,phases      ] GC(10)     Total                          Min: 3483, Avg: 3508.2, Max: 3541, Diff: 58, Sum: 14033, Workers: 4
[120.303s][debug][gc,phases      ] GC(10)   JNI Weak                       Min:  0.0, Avg:  0.0, Max:  0.0, Diff:  0.0, Sum:  0.0, Workers: 4
[120.303s][debug][gc,phases      ] GC(10)     Dead                           Min: 0, Avg:  0.0, Max: 0, Diff: 0, Sum: 0, Workers: 4
[120.303s][debug][gc,phases      ] GC(10)     Total                          Min: 0, Avg: 13.0, Max: 52, Diff: 52, Sum: 52, Workers: 4
[120.303s][debug][gc,phases      ] GC(10)   StringDedup Table Weak         Min:  0.0, Avg:  0.0, Max:  0.0, Diff:  0.0, Sum:  0.0, Workers: 4
[120.303s][debug][gc,phases      ] GC(10)     Dead                           Min: 0, Avg:  0.0, Max: 0, Diff: 0, Sum: 0, Workers: 4
[120.303s][debug][gc,phases      ] GC(10)     Total                          Min: 0, Avg:  0.0, Max: 0, Diff: 0, Sum: 0, Workers: 4
[120.303s][debug][gc,phases      ] GC(10)   StringDedup Requests0 Weak     Min:  0.0, Avg:  0.0, Max:  0.0, Diff:  0.0, Sum:  0.0, Workers: 4
[120.303s][debug][gc,phases      ] GC(10)     Dead                           Min: 0, Avg:  0.0, Max: 0, Diff: 0, Sum: 0, Workers: 4
[120.303s][debug][gc,phases      ] GC(10)     Total                          Min: 0, Avg:  0.0, Max: 0, Diff: 0, Sum: 0, Workers: 4
[120.303s][debug][gc,phases      ] GC(10)   StringDedup Requests1 Weak     Min:  0.0, Avg:  0.0, Max:  0.0, Diff:  0.0, Sum:  0.0, Workers: 4
[120.303s][debug][gc,phases      ] GC(10)     Dead                           Min: 0, Avg:  0.0, Max: 0, Diff: 0, Sum: 0, Workers: 4
[120.303s][debug][gc,phases      ] GC(10)     Total                          Min: 0, Avg:  0.0, Max: 0, Diff: 0, Sum: 0, Workers: 4
[120.303s][debug][gc,phases      ] GC(10)   Weak JFR Old Object Samples    Min:  0.0, Avg:  0.0, Max:  0.0, Diff:  0.0, Sum:  0.0, Workers: 4
[120.303s][debug][gc,phases      ] GC(10)     Dead                           Min: 0, Avg:  0.0, Max: 0, Diff: 0, Sum: 0, Workers: 4
[120.303s][debug][gc,phases      ] GC(10)     Total                          Min: 0, Avg:  0.0, Max: 0, Diff: 0, Sum: 0, Workers: 4
[120.303s][debug][gc,phases      ] GC(10) Weak Processing 0.556ms
[120.303s][debug][gc,age         ] GC(10) Desired survivor size 261619712 bytes, new threshold 4 (max threshold 15)
[120.303s][info ][gc,heap        ] GC(10) PSYoungGen: 1783315K(1802240K)->153549K(1839104K) Eden: 1581056K(1581056K)->0K(1581056K) From: 202259K(221184K)->153549K(258048K)
[120.303s][info ][gc,heap        ] GC(10) ParOldGen: 6058K(6144K)->60380K(60928K)
[120.303s][info ][gc,metaspace   ] GC(10) Metaspace: 101688K(102848K)->101688K(102848K) NonClass: 86145K(86784K)->86145K(86784K) Class: 15543K(16064K)->15543K(16064K)
[120.303s][info ][gc             ] GC(10) Pause Young (Allocation Failure) 1747M->208M(1855M) 82.186ms
[120.304s][info ][gc,cpu         ] GC(10) User=0.26s Sys=0.04s Real=0.08s
[120.304s][info ][safepoint      ] Safepoint "ParallelGCFailedAllocation", Time since last: 595644210 ns, Reaching safepoint: 5100 ns, Cleanup: 7700 ns, At safepoint: 82267035 ns, Total: 82279835 ns
[121.304s][info ][safepoint      ] Safepoint "Cleanup", Time since last: 1000089833 ns, Reaching safepoint: 7200 ns, Cleanup: 19800 ns, At safepoint: 2000 ns, Total: 29000 ns
[122.304s][info ][safepoint      ] Safepoint "Cleanup", Time since last: 1000104187 ns, Reaching safepoint: 7200 ns, Cleanup: 10500 ns, At safepoint: 2500 ns, Total: 20200 ns
[123.304s][info ][safepoint      ] Safepoint "Cleanup", Time since last: 1000108454 ns, Reaching safepoint: 7100 ns, Cleanup: 11400 ns, At safepoint: 2499 ns, Total: 20999 ns
[124.578s][info ][safepoint      ] Safepoint "Cleanup", Time since last: 1273762472 ns, Reaching safepoint: 5100 ns, Cleanup: 31300 ns, At safepoint: 2100 ns, Total: 38500 ns
[125.578s][info ][safepoint      ] Safepoint "Cleanup", Time since last: 1000099399 ns, Reaching safepoint: 5500 ns, Cleanup: 15799 ns, At safepoint: 2200 ns, Total: 23499 ns
[126.578s][info ][safepoint      ] Safepoint "Cleanup", Time since last: 1000107987 ns, Reaching safepoint: 5300 ns, Cleanup: 27599 ns, At safepoint: 1800 ns, Total: 34699 ns
[127.578s][info ][safepoint      ] Safepoint "Cleanup", Time since last: 1000103387 ns, Reaching safepoint: 4999 ns, Cleanup: 16400 ns, At safepoint: 1500 ns, Total: 22899 ns
[128.578s][info ][safepoint      ] Safepoint "Cleanup", Time since last: 1000104187 ns, Reaching safepoint: 5900 ns, Cleanup: 17499 ns, At safepoint: 2000 ns, Total: 25399 ns
[129.578s][info ][safepoint      ] Safepoint "Cleanup", Time since last: 1000108287 ns, Reaching safepoint: 6199 ns, Cleanup: 22700 ns, At safepoint: 1900 ns, Total: 30799 ns
[130.578s][info ][safepoint      ] Safepoint "Cleanup", Time since last: 1000101602 ns, Reaching safepoint: 5500 ns, Cleanup: 11900 ns, At safepoint: 1600 ns, Total: 19000 ns
[131.579s][info ][safepoint      ] Safepoint "Cleanup", Time since last: 1000106899 ns, Reaching safepoint: 6000 ns, Cleanup: 30200 ns, At safepoint: 2000 ns, Total: 38200 ns
[132.579s][info ][safepoint      ] Safepoint "Cleanup", Time since last: 1000106899 ns, Reaching safepoint: 5200 ns, Cleanup: 39200 ns, At safepoint: 1800 ns, Total: 46200 ns
[133.579s][info ][safepoint      ] Safepoint "Cleanup", Time since last: 1000108057 ns, Reaching safepoint: 5400 ns, Cleanup: 13900 ns, At safepoint: 1900 ns, Total: 21200 ns
[134.579s][info ][safepoint      ] Safepoint "Cleanup", Time since last: 1000108123 ns, Reaching safepoint: 4800 ns, Cleanup: 22200 ns, At safepoint: 1900 ns, Total: 28900 ns
[135.579s][info ][safepoint      ] Safepoint "Cleanup", Time since last: 1000094677 ns, Reaching safepoint: 5700 ns, Cleanup: 15799 ns, At safepoint: 1700 ns, Total: 23199 ns
[136.579s][info ][safepoint      ] Safepoint "Cleanup", Time since last: 1000113273 ns, Reaching safepoint: 5700 ns, Cleanup: 14900 ns, At safepoint: 2400 ns, Total: 23000 ns
[137.579s][info ][safepoint      ] Safepoint "Cleanup", Time since last: 1000106772 ns, Reaching safepoint: 4500 ns, Cleanup: 16500 ns, At safepoint: 1600 ns, Total: 22600 ns
[138.580s][info ][safepoint      ] Safepoint "Cleanup", Time since last: 1000103073 ns, Reaching safepoint: 5400 ns, Cleanup: 13800 ns, At safepoint: 1600 ns, Total: 20800 ns
[139.580s][info ][safepoint      ] Safepoint "Cleanup", Time since last: 1000116372 ns, Reaching safepoint: 4700 ns, Cleanup: 8600 ns, At safepoint: 1800 ns, Total: 15100 ns
[140.580s][info ][safepoint      ] Safepoint "Cleanup", Time since last: 1000112673 ns, Reaching safepoint: 6900 ns, Cleanup: 10300 ns, At safepoint: 2800 ns, Total: 20000 ns
[141.580s][info ][safepoint      ] Safepoint "Cleanup", Time since last: 1000117281 ns, Reaching safepoint: 5400 ns, Cleanup: 9200 ns, At safepoint: 1600 ns, Total: 16200 ns
[142.580s][info ][safepoint      ] Safepoint "Cleanup", Time since last: 1000107890 ns, Reaching safepoint: 4800 ns, Cleanup: 18500 ns, At safepoint: 1800 ns, Total: 25100 ns
[144.304s][info ][safepoint      ] Safepoint "Cleanup", Time since last: 1723929323 ns, Reaching safepoint: 4700 ns, Cleanup: 46900 ns, At safepoint: 2100 ns, Total: 53700 ns
[145.304s][info ][safepoint      ] Safepoint "Cleanup", Time since last: 1000105290 ns, Reaching safepoint: 5500 ns, Cleanup: 13599 ns, At safepoint: 2000 ns, Total: 21099 ns
[146.304s][info ][safepoint      ] Safepoint "Cleanup", Time since last: 1000100291 ns, Reaching safepoint: 5199 ns, Cleanup: 13200 ns, At safepoint: 1600 ns, Total: 19999 ns
[147.304s][info ][safepoint      ] Safepoint "Cleanup", Time since last: 1000101690 ns, Reaching safepoint: 5100 ns, Cleanup: 19100 ns, At safepoint: 1800 ns, Total: 26000 ns
[148.305s][info ][safepoint      ] Safepoint "Cleanup", Time since last: 1000105990 ns, Reaching safepoint: 5700 ns, Cleanup: 29000 ns, At safepoint: 1900 ns, Total: 36600 ns
[149.305s][info ][safepoint      ] Safepoint "Cleanup", Time since last: 1000107477 ns, Reaching safepoint: 6000 ns, Cleanup: 12100 ns, At safepoint: 2200 ns, Total: 20300 ns
[150.305s][info ][safepoint      ] Safepoint "Cleanup", Time since last: 1000137960 ns, Reaching safepoint: 81100 ns, Cleanup: 21100 ns, At safepoint: 6400 ns, Total: 108600 ns
[151.305s][info ][safepoint      ] Safepoint "Cleanup", Time since last: 1000111461 ns, Reaching safepoint: 5700 ns, Cleanup: 17900 ns, At safepoint: 2100 ns, Total: 25700 ns
[152.305s][info ][safepoint      ] Safepoint "Cleanup", Time since last: 1000113261 ns, Reaching safepoint: 5800 ns, Cleanup: 18499 ns, At safepoint: 2100 ns, Total: 26399 ns
[153.305s][info ][safepoint      ] Safepoint "Cleanup", Time since last: 1000107262 ns, Reaching safepoint: 4900 ns, Cleanup: 16499 ns, At safepoint: 1900 ns, Total: 23299 ns
[155.306s][info ][safepoint      ] Safepoint "Cleanup", Time since last: 2000173475 ns, Reaching safepoint: 6500 ns, Cleanup: 36300 ns, At safepoint: 2200 ns, Total: 45000 ns
[156.306s][info ][safepoint      ] Safepoint "Cleanup", Time since last: 1000109987 ns, Reaching safepoint: 6500 ns, Cleanup: 17300 ns, At safepoint: 2000 ns, Total: 25800 ns
[157.306s][info ][safepoint      ] Safepoint "Cleanup", Time since last: 1000109097 ns, Reaching safepoint: 6700 ns, Cleanup: 23300 ns, At safepoint: 2100 ns, Total: 32100 ns
[158.306s][info ][safepoint      ] Safepoint "Cleanup", Time since last: 1000109832 ns, Reaching safepoint: 6400 ns, Cleanup: 12900 ns, At safepoint: 2400 ns, Total: 21700 ns
[159.427s][info ][safepoint      ] Safepoint "Cleanup", Time since last: 1121309659 ns, Reaching safepoint: 6300 ns, Cleanup: 13900 ns, At safepoint: 2000 ns, Total: 22200 ns
[160.427s][info ][safepoint      ] Safepoint "Cleanup", Time since last: 1000109932 ns, Reaching safepoint: 5600 ns, Cleanup: 13700 ns, At safepoint: 2000 ns, Total: 21300 ns
[161.428s][info ][safepoint      ] Safepoint "Cleanup", Time since last: 1000122732 ns, Reaching safepoint: 4900 ns, Cleanup: 10299 ns, At safepoint: 2000 ns, Total: 17199 ns
[162.428s][info ][safepoint      ] Safepoint "Cleanup", Time since last: 1000108832 ns, Reaching safepoint: 6100 ns, Cleanup: 21800 ns, At safepoint: 2000 ns, Total: 29900 ns
[163.428s][info ][safepoint      ] Safepoint "Cleanup", Time since last: 1000109732 ns, Reaching safepoint: 6100 ns, Cleanup: 9200 ns, At safepoint: 2300 ns, Total: 17600 ns
[164.428s][info ][safepoint      ] Safepoint "Cleanup", Time since last: 1000107731 ns, Reaching safepoint: 6000 ns, Cleanup: 12100 ns, At safepoint: 1900 ns, Total: 20000 ns
[165.428s][info ][safepoint      ] Safepoint "Cleanup", Time since last: 1000124795 ns, Reaching safepoint: 5900 ns, Cleanup: 32900 ns, At safepoint: 2100 ns, Total: 40900 ns
[166.428s][info ][safepoint      ] Safepoint "Cleanup", Time since last: 1000103721 ns, Reaching safepoint: 5300 ns, Cleanup: 14200 ns, At safepoint: 1900 ns, Total: 21400 ns
[167.429s][info ][safepoint      ] Safepoint "Cleanup", Time since last: 1000111122 ns, Reaching safepoint: 79999 ns, Cleanup: 16800 ns, At safepoint: 6200 ns, Total: 102999 ns
[169.429s][info ][safepoint      ] Safepoint "Cleanup", Time since last: 2000181843 ns, Reaching safepoint: 4400 ns, Cleanup: 11000 ns, At safepoint: 1900 ns, Total: 17300 ns
[170.429s][info ][safepoint      ] Safepoint "Cleanup", Time since last: 1000111321 ns, Reaching safepoint: 5200 ns, Cleanup: 12200 ns, At safepoint: 1800 ns, Total: 19200 ns
[171.429s][info ][safepoint      ] Safepoint "Cleanup", Time since last: 1000105621 ns, Reaching safepoint: 5500 ns, Cleanup: 26500 ns, At safepoint: 1700 ns, Total: 33700 ns
[172.429s][info ][safepoint      ] Safepoint "Cleanup", Time since last: 1000102422 ns, Reaching safepoint: 5100 ns, Cleanup: 10300 ns, At safepoint: 1500 ns, Total: 16900 ns
[173.429s][info ][safepoint      ] Safepoint "Cleanup", Time since last: 1000108821 ns, Reaching safepoint: 5800 ns, Cleanup: 20800 ns, At safepoint: 2200 ns, Total: 28800 ns
[174.429s][info ][safepoint      ] Safepoint "Cleanup", Time since last: 1000118223 ns, Reaching safepoint: 7200 ns, Cleanup: 14999 ns, At safepoint: 7300 ns, Total: 29499 ns
[175.430s][info ][safepoint      ] Safepoint "Cleanup", Time since last: 1000183422 ns, Reaching safepoint: 15200 ns, Cleanup: 16500 ns, At safepoint: 2300 ns, Total: 34000 ns
[176.430s][info ][safepoint      ] Safepoint "Cleanup", Time since last: 1000108523 ns, Reaching safepoint: 6300 ns, Cleanup: 10900 ns, At safepoint: 2000 ns, Total: 19200 ns
[177.430s][info ][safepoint      ] Safepoint "Cleanup", Time since last: 1000112022 ns, Reaching safepoint: 6100 ns, Cleanup: 10200 ns, At safepoint: 2100 ns, Total: 18400 ns
[178.430s][info ][safepoint      ] Safepoint "Cleanup", Time since last: 1000114222 ns, Reaching safepoint: 6000 ns, Cleanup: 11700 ns, At safepoint: 3100 ns, Total: 20800 ns
[179.430s][info ][safepoint      ] Safepoint "Cleanup", Time since last: 1000105523 ns, Reaching safepoint: 6200 ns, Cleanup: 27700 ns, At safepoint: 1900 ns, Total: 35800 ns
[181.097s][info ][safepoint      ] Safepoint "Cleanup", Time since last: 1666614205 ns, Reaching safepoint: 7300 ns, Cleanup: 52200 ns, At safepoint: 2200 ns, Total: 61700 ns
[182.097s][info ][safepoint      ] Safepoint "Cleanup", Time since last: 1000123663 ns, Reaching safepoint: 7700 ns, Cleanup: 15800 ns, At safepoint: 2300 ns, Total: 25800 ns
[183.097s][info ][safepoint      ] Safepoint "Cleanup", Time since last: 1000115551 ns, Reaching safepoint: 7100 ns, Cleanup: 17700 ns, At safepoint: 2200 ns, Total: 27000 ns
[184.097s][info ][safepoint      ] Safepoint "Cleanup", Time since last: 1000113352 ns, Reaching safepoint: 7200 ns, Cleanup: 18200 ns, At safepoint: 2400 ns, Total: 27800 ns
[185.097s][info ][safepoint      ] Safepoint "Cleanup", Time since last: 1000108351 ns, Reaching safepoint: 6600 ns, Cleanup: 16400 ns, At safepoint: 2100 ns, Total: 25100 ns
[186.098s][info ][safepoint      ] Safepoint "Cleanup", Time since last: 1000115151 ns, Reaching safepoint: 7600 ns, Cleanup: 12000 ns, At safepoint: 2300 ns, Total: 21900 ns
[187.098s][info ][safepoint      ] Safepoint "Cleanup", Time since last: 1000092252 ns, Reaching safepoint: 7800 ns, Cleanup: 16800 ns, At safepoint: 2600 ns, Total: 27200 ns
[188.098s][info ][safepoint      ] Safepoint "Cleanup", Time since last: 1000116651 ns, Reaching safepoint: 6700 ns, Cleanup: 15400 ns, At safepoint: 2500 ns, Total: 24600 ns
[188.924s][info ][gc,start       ] GC(11) Pause Young (Allocation Failure)
[189.120s][debug][gc,phases      ] GC(11) Scavenge 196.522ms
[189.121s][debug][gc,ref         ] GC(11) ReferenceProcessor::execute queues: 1, RefProcThreadModel::Single, marks_oops_alive: false
[189.121s][debug][gc,ref         ] GC(11) Skipped KeepAliveFinalRefsPhase of Reference Processing: no references
[189.121s][debug][gc,ref         ] GC(11) ReferenceProcessor::execute queues: 1, RefProcThreadModel::Single, marks_oops_alive: false
[189.121s][debug][gc,phases      ] GC(11) Reference Processing 0.198ms
[189.121s][debug][gc,phases      ] GC(11)   VM Weak                        Min:  0.0, Avg:  0.0, Max:  0.0, Diff:  0.0, Sum:  0.0, Workers: 4
[189.121s][debug][gc,phases      ] GC(11)     Dead                           Min: 0, Avg:  0.0, Max: 0, Diff: 0, Sum: 0, Workers: 4
[189.121s][debug][gc,phases      ] GC(11)     Total                          Min: 0, Avg: 214.2, Max: 512, Diff: 512, Sum: 857, Workers: 4
[189.121s][debug][gc,phases      ] GC(11)   ObjectSynchronizer Weak        Min:  0.0, Avg:  0.0, Max:  0.0, Diff:  0.0, Sum:  0.0, Workers: 4
[189.121s][debug][gc,phases      ] GC(11)     Dead                           Min: 0, Avg:  0.0, Max: 0, Diff: 0, Sum: 0, Workers: 4
[189.121s][debug][gc,phases      ] GC(11)     Total                          Min: 0, Avg:  1.0, Max: 4, Diff: 4, Sum: 4, Workers: 4
[189.121s][debug][gc,phases      ] GC(11)   JVMTI Tag Weak OopStorage      Min:  0.0, Avg:  0.0, Max:  0.0, Diff:  0.0, Sum:  0.0, Workers: 4
[189.121s][debug][gc,phases      ] GC(11)     Dead                           Min: 0, Avg:  0.0, Max: 0, Diff: 0, Sum: 0, Workers: 4
[189.121s][debug][gc,phases      ] GC(11)     Total                          Min: 0, Avg:  0.0, Max: 0, Diff: 0, Sum: 0, Workers: 4
[189.121s][debug][gc,phases      ] GC(11)   StringTable Weak               Min:  0.0, Avg:  0.2, Max:  0.5, Diff:  0.5, Sum:  0.9, Workers: 4
[189.121s][debug][gc,phases      ] GC(11)     Dead                           Min: 0, Avg:  0.5, Max: 2, Diff: 2, Sum: 2, Workers: 4
[189.121s][debug][gc,phases      ] GC(11)     Total                          Min: 0, Avg: 11307.5, Max: 23278, Diff: 23278, Sum: 45230, Workers: 4
[189.121s][debug][gc,phases      ] GC(11)   ResolvedMethodTable Weak       Min:  0.0, Avg:  0.1, Max:  0.2, Diff:  0.2, Sum:  0.4, Workers: 4
[189.121s][debug][gc,phases      ] GC(11)     Dead                           Min: 0, Avg:  6.0, Max: 24, Diff: 24, Sum: 24, Workers: 4
[189.121s][debug][gc,phases      ] GC(11)     Total                          Min: 0, Avg: 3524.5, Max: 7144, Diff: 7144, Sum: 14098, Workers: 4
[189.121s][debug][gc,phases      ] GC(11)   JNI Weak                       Min:  0.0, Avg:  0.0, Max:  0.0, Diff:  0.0, Sum:  0.0, Workers: 4
[189.121s][debug][gc,phases      ] GC(11)     Dead                           Min: 0, Avg:  0.0, Max: 0, Diff: 0, Sum: 0, Workers: 4
[189.121s][debug][gc,phases      ] GC(11)     Total                          Min: 0, Avg: 13.0, Max: 52, Diff: 52, Sum: 52, Workers: 4
[189.121s][debug][gc,phases      ] GC(11)   StringDedup Table Weak         Min:  0.0, Avg:  0.0, Max:  0.0, Diff:  0.0, Sum:  0.0, Workers: 4
[189.121s][debug][gc,phases      ] GC(11)     Dead                           Min: 0, Avg:  0.0, Max: 0, Diff: 0, Sum: 0, Workers: 4
[189.121s][debug][gc,phases      ] GC(11)     Total                          Min: 0, Avg:  0.0, Max: 0, Diff: 0, Sum: 0, Workers: 4
[189.121s][debug][gc,phases      ] GC(11)   StringDedup Requests0 Weak     Min:  0.0, Avg:  0.0, Max:  0.0, Diff:  0.0, Sum:  0.0, Workers: 4
[189.121s][debug][gc,phases      ] GC(11)     Dead                           Min: 0, Avg:  0.0, Max: 0, Diff: 0, Sum: 0, Workers: 4
[189.121s][debug][gc,phases      ] GC(11)     Total                          Min: 0, Avg:  0.0, Max: 0, Diff: 0, Sum: 0, Workers: 4
[189.122s][debug][gc,phases      ] GC(11)   StringDedup Requests1 Weak     Min:  0.0, Avg:  0.0, Max:  0.0, Diff:  0.0, Sum:  0.0, Workers: 4
[189.122s][debug][gc,phases      ] GC(11)     Dead                           Min: 0, Avg:  0.0, Max: 0, Diff: 0, Sum: 0, Workers: 4
[189.122s][debug][gc,phases      ] GC(11)     Total                          Min: 0, Avg:  0.0, Max: 0, Diff: 0, Sum: 0, Workers: 4
[189.122s][debug][gc,phases      ] GC(11)   Weak JFR Old Object Samples    Min:  0.0, Avg:  0.0, Max:  0.0, Diff:  0.0, Sum:  0.0, Workers: 4
[189.122s][debug][gc,phases      ] GC(11)     Dead                           Min: 0, Avg:  0.0, Max: 0, Diff: 0, Sum: 0, Workers: 4
[189.122s][debug][gc,phases      ] GC(11)     Total                          Min: 0, Avg:  0.0, Max: 0, Diff: 0, Sum: 0, Workers: 4
[189.122s][debug][gc,phases      ] GC(11) Weak Processing 0.897ms
[189.122s][debug][gc,age         ] GC(11) Desired survivor size 256901120 bytes, new threshold 3 (max threshold 15)
[189.122s][info ][gc,heap        ] GC(11) PSYoungGen: 1734605K(1839104K)->69897K(1846272K) Eden: 1581056K(1581056K)->0K(1590784K) From: 153549K(258048K)->69897K(255488K)
[189.122s][info ][gc,heap        ] GC(11) ParOldGen: 60380K(60928K)->146127K(146432K)
[189.122s][info ][gc,metaspace   ] GC(11) Metaspace: 102179K(103296K)->102179K(103296K) NonClass: 86593K(87232K)->86593K(87232K) Class: 15586K(16064K)->15586K(16064K)
[189.122s][info ][gc             ] GC(11) Pause Young (Allocation Failure) 1752M->210M(1946M) 197.777ms
[189.122s][info ][gc,cpu         ] GC(11) User=0.20s Sys=0.04s Real=0.20s
[189.122s][info ][safepoint      ] Safepoint "ParallelGCFailedAllocation", Time since last: 826014269 ns, Reaching safepoint: 5800 ns, Cleanup: 10000 ns, At safepoint: 198108310 ns, Total: 198124110 ns
[190.122s][info ][safepoint      ] Safepoint "Cleanup", Time since last: 1000090376 ns, Reaching safepoint: 78700 ns, Cleanup: 17000 ns, At safepoint: 7000 ns, Total: 102700 ns
[191.122s][info ][safepoint      ] Safepoint "Cleanup", Time since last: 1000114976 ns, Reaching safepoint: 80500 ns, Cleanup: 18300 ns, At safepoint: 6700 ns, Total: 105500 ns
[192.123s][info ][safepoint      ] Safepoint "Cleanup", Time since last: 1000120376 ns, Reaching safepoint: 78900 ns, Cleanup: 9000 ns, At safepoint: 5600 ns, Total: 93500 ns
[193.123s][info ][safepoint      ] Safepoint "Cleanup", Time since last: 1000127176 ns, Reaching safepoint: 80500 ns, Cleanup: 17399 ns, At safepoint: 6500 ns, Total: 104399 ns
[194.123s][info ][safepoint      ] Safepoint "Cleanup", Time since last: 1000105477 ns, Reaching safepoint: 147699 ns, Cleanup: 9600 ns, At safepoint: 9200 ns, Total: 166499 ns
[195.123s][info ][safepoint      ] Safepoint "Cleanup", Time since last: 1000119576 ns, Reaching safepoint: 76100 ns, Cleanup: 9200 ns, At safepoint: 5200 ns, Total: 90500 ns
[197.123s][info ][safepoint      ] Safepoint "Cleanup", Time since last: 2000175653 ns, Reaching safepoint: 5300 ns, Cleanup: 13700 ns, At safepoint: 1900 ns, Total: 20900 ns
[199.124s][info ][safepoint      ] Safepoint "Cleanup", Time since last: 2000163693 ns, Reaching safepoint: 211999 ns, Cleanup: 14100 ns, At safepoint: 6600 ns, Total: 232699 ns
[200.124s][info ][safepoint      ] Safepoint "Cleanup", Time since last: 1000115047 ns, Reaching safepoint: 5000 ns, Cleanup: 7600 ns, At safepoint: 1600 ns, Total: 14200 ns
[201.124s][info ][safepoint      ] Safepoint "Cleanup", Time since last: 1000104947 ns, Reaching safepoint: 5500 ns, Cleanup: 17099 ns, At safepoint: 1600 ns, Total: 24199 ns
[202.124s][info ][safepoint      ] Safepoint "Cleanup", Time since last: 1000106247 ns, Reaching safepoint: 5900 ns, Cleanup: 14700 ns, At safepoint: 1800 ns, Total: 22400 ns
[203.124s][info ][safepoint      ] Safepoint "Cleanup", Time since last: 1000096147 ns, Reaching safepoint: 5700 ns, Cleanup: 9200 ns, At safepoint: 1500 ns, Total: 16400 ns
[204.124s][info ][safepoint      ] Safepoint "Cleanup", Time since last: 1000105447 ns, Reaching safepoint: 5500 ns, Cleanup: 17100 ns, At safepoint: 1600 ns, Total: 24200 ns
[205.125s][info ][safepoint      ] Safepoint "Cleanup", Time since last: 1000109147 ns, Reaching safepoint: 5600 ns, Cleanup: 11000 ns, At safepoint: 1500 ns, Total: 18100 ns
[208.125s][info ][safepoint      ] Safepoint "Cleanup", Time since last: 3000244469 ns, Reaching safepoint: 6100 ns, Cleanup: 15000 ns, At safepoint: 2300 ns, Total: 23400 ns
[212.126s][info ][safepoint      ] Safepoint "Cleanup", Time since last: 4000934811 ns, Reaching safepoint: 5200 ns, Cleanup: 11400 ns, At safepoint: 1700 ns, Total: 18300 ns
[213.126s][info ][safepoint      ] Safepoint "Cleanup", Time since last: 1000108253 ns, Reaching safepoint: 6200 ns, Cleanup: 17400 ns, At safepoint: 2600 ns, Total: 26200 ns
[214.126s][info ][safepoint      ] Safepoint "Cleanup", Time since last: 1000115380 ns, Reaching safepoint: 5900 ns, Cleanup: 13799 ns, At safepoint: 2100 ns, Total: 21799 ns
[215.128s][info ][safepoint      ] Safepoint "Cleanup", Time since last: 1001889765 ns, Reaching safepoint: 6400 ns, Cleanup: 12100 ns, At safepoint: 2300 ns, Total: 20800 ns
[216.128s][info ][safepoint      ] Safepoint "Cleanup", Time since last: 1000119376 ns, Reaching safepoint: 5400 ns, Cleanup: 46200 ns, At safepoint: 1800 ns, Total: 53400 ns
[217.131s][info ][safepoint      ] Safepoint "Cleanup", Time since last: 1002409760 ns, Reaching safepoint: 5600 ns, Cleanup: 40200 ns, At safepoint: 1900 ns, Total: 47700 ns
[218.131s][info ][safepoint      ] Safepoint "Cleanup", Time since last: 1000107077 ns, Reaching safepoint: 5200 ns, Cleanup: 23499 ns, At safepoint: 1600 ns, Total: 30299 ns
[219.131s][info ][safepoint      ] Safepoint "Cleanup", Time since last: 1000106977 ns, Reaching safepoint: 5300 ns, Cleanup: 15800 ns, At safepoint: 2200 ns, Total: 23300 ns
[220.131s][info ][safepoint      ] Safepoint "Cleanup", Time since last: 1000112276 ns, Reaching safepoint: 5700 ns, Cleanup: 12300 ns, At safepoint: 1900 ns, Total: 19900 ns
[221.131s][info ][safepoint      ] Safepoint "Cleanup", Time since last: 1000110776 ns, Reaching safepoint: 5200 ns, Cleanup: 12200 ns, At safepoint: 1800 ns, Total: 19200 ns
[222.131s][info ][safepoint      ] Safepoint "Cleanup", Time since last: 1000108396 ns, Reaching safepoint: 5500 ns, Cleanup: 15700 ns, At safepoint: 2400 ns, Total: 23600 ns
[223.131s][info ][safepoint      ] Safepoint "Cleanup", Time since last: 1000097078 ns, Reaching safepoint: 5500 ns, Cleanup: 32500 ns, At safepoint: 1900 ns, Total: 39900 ns
[224.132s][info ][safepoint      ] Safepoint "Cleanup", Time since last: 1000111277 ns, Reaching safepoint: 5800 ns, Cleanup: 33700 ns, At safepoint: 2300 ns, Total: 41800 ns
[225.132s][info ][safepoint      ] Safepoint "Cleanup", Time since last: 1000113878 ns, Reaching safepoint: 6000 ns, Cleanup: 38499 ns, At safepoint: 1900 ns, Total: 46399 ns
[226.132s][info ][safepoint      ] Safepoint "Cleanup", Time since last: 1000110178 ns, Reaching safepoint: 5500 ns, Cleanup: 13500 ns, At safepoint: 1700 ns, Total: 20700 ns
[227.132s][info ][safepoint      ] Safepoint "Cleanup", Time since last: 1000106877 ns, Reaching safepoint: 5800 ns, Cleanup: 11800 ns, At safepoint: 1700 ns, Total: 19300 ns
[228.132s][info ][safepoint      ] Safepoint "Cleanup", Time since last: 1000103178 ns, Reaching safepoint: 6100 ns, Cleanup: 12400 ns, At safepoint: 1700 ns, Total: 20200 ns
[229.132s][info ][safepoint      ] Safepoint "Cleanup", Time since last: 1000104794 ns, Reaching safepoint: 5600 ns, Cleanup: 18600 ns, At safepoint: 2099 ns, Total: 26299 ns
[230.132s][info ][safepoint      ] Safepoint "Cleanup", Time since last: 1000103980 ns, Reaching safepoint: 5600 ns, Cleanup: 9000 ns, At safepoint: 1500 ns, Total: 16100 ns
[232.133s][info ][safepoint      ] Safepoint "Cleanup", Time since last: 2000170551 ns, Reaching safepoint: 5300 ns, Cleanup: 10700 ns, At safepoint: 1900 ns, Total: 17900 ns
[236.133s][info ][safepoint      ] Safepoint "Cleanup", Time since last: 4000327501 ns, Reaching safepoint: 6200 ns, Cleanup: 13300 ns, At safepoint: 2600 ns, Total: 22100 ns
[237.133s][info ][safepoint      ] Safepoint "Cleanup", Time since last: 1000116476 ns, Reaching safepoint: 5799 ns, Cleanup: 15900 ns, At safepoint: 1900 ns, Total: 23599 ns
[238.134s][info ][safepoint      ] Safepoint "Cleanup", Time since last: 1000548355 ns, Reaching safepoint: 6200 ns, Cleanup: 10200 ns, At safepoint: 2300 ns, Total: 18700 ns
[239.134s][info ][safepoint      ] Safepoint "Cleanup", Time since last: 1000116392 ns, Reaching safepoint: 5700 ns, Cleanup: 9900 ns, At safepoint: 1700 ns, Total: 17300 ns
[240.134s][info ][safepoint      ] Safepoint "Cleanup", Time since last: 1000107293 ns, Reaching safepoint: 5699 ns, Cleanup: 12500 ns, At safepoint: 2000 ns, Total: 20199 ns
[241.138s][info ][safepoint      ] Safepoint "Cleanup", Time since last: 1003947769 ns, Reaching safepoint: 7500 ns, Cleanup: 18800 ns, At safepoint: 2500 ns, Total: 28800 ns
[242.138s][info ][safepoint      ] Safepoint "Cleanup", Time since last: 1000113592 ns, Reaching safepoint: 6700 ns, Cleanup: 10500 ns, At safepoint: 2000 ns, Total: 19200 ns
[243.138s][info ][safepoint      ] Safepoint "Cleanup", Time since last: 1000112892 ns, Reaching safepoint: 7000 ns, Cleanup: 10200 ns, At safepoint: 1900 ns, Total: 19100 ns
[244.138s][info ][safepoint      ] Safepoint "Cleanup", Time since last: 1000124692 ns, Reaching safepoint: 6900 ns, Cleanup: 10500 ns, At safepoint: 2300 ns, Total: 19700 ns
[246.138s][info ][safepoint      ] Safepoint "Cleanup", Time since last: 2000187171 ns, Reaching safepoint: 6300 ns, Cleanup: 11900 ns, At safepoint: 1600 ns, Total: 19800 ns
[247.139s][info ][safepoint      ] Safepoint "Cleanup", Time since last: 1000108730 ns, Reaching safepoint: 6000 ns, Cleanup: 17900 ns, At safepoint: 1900 ns, Total: 25800 ns
[248.139s][info ][safepoint      ] Safepoint "Cleanup", Time since last: 1000115531 ns, Reaching safepoint: 7800 ns, Cleanup: 14400 ns, At safepoint: 2600 ns, Total: 24800 ns
[250.139s][info ][safepoint      ] Safepoint "Cleanup", Time since last: 2000167361 ns, Reaching safepoint: 5800 ns, Cleanup: 14200 ns, At safepoint: 1800 ns, Total: 21800 ns
[251.139s][info ][safepoint      ] Safepoint "Cleanup", Time since last: 1000102031 ns, Reaching safepoint: 6600 ns, Cleanup: 10799 ns, At safepoint: 1900 ns, Total: 19299 ns
[252.139s][info ][safepoint      ] Safepoint "Cleanup", Time since last: 1000109831 ns, Reaching safepoint: 5600 ns, Cleanup: 8000 ns, At safepoint: 26200 ns, Total: 39800 ns
[254.139s][info ][safepoint      ] Safepoint "Cleanup", Time since last: 2000169215 ns, Reaching safepoint: 6199 ns, Cleanup: 14400 ns, At safepoint: 2100 ns, Total: 22699 ns
[255.140s][info ][safepoint      ] Safepoint "Cleanup", Time since last: 1000117997 ns, Reaching safepoint: 6700 ns, Cleanup: 14100 ns, At safepoint: 1700 ns, Total: 22500 ns
[256.140s][info ][safepoint      ] Safepoint "Cleanup", Time since last: 1000111097 ns, Reaching safepoint: 6300 ns, Cleanup: 13800 ns, At safepoint: 2200 ns, Total: 22300 ns
[257.140s][info ][safepoint      ] Safepoint "Cleanup", Time since last: 1000108397 ns, Reaching safepoint: 6200 ns, Cleanup: 12300 ns, At safepoint: 2000 ns, Total: 20500 ns
[258.140s][info ][safepoint      ] Safepoint "Cleanup", Time since last: 1000123297 ns, Reaching safepoint: 7600 ns, Cleanup: 18100 ns, At safepoint: 3000 ns, Total: 28700 ns
[259.140s][info ][safepoint      ] Safepoint "Cleanup", Time since last: 1000105397 ns, Reaching safepoint: 6400 ns, Cleanup: 11900 ns, At safepoint: 2000 ns, Total: 20300 ns
[260.140s][info ][safepoint      ] Safepoint "Cleanup", Time since last: 1000107597 ns, Reaching safepoint: 6200 ns, Cleanup: 13500 ns, At safepoint: 1800 ns, Total: 21500 ns
[264.141s][info ][safepoint      ] Safepoint "Cleanup", Time since last: 4000328739 ns, Reaching safepoint: 6300 ns, Cleanup: 15300 ns, At safepoint: 2600 ns, Total: 24200 ns
[264.221s][info ][gc,start       ] GC(12) Pause Young (Allocation Failure)
[264.253s][debug][gc,phases      ] GC(12) Scavenge 31.656ms
[264.253s][debug][gc,ref         ] GC(12) ReferenceProcessor::execute queues: 1, RefProcThreadModel::Single, marks_oops_alive: false
[264.253s][debug][gc,ref         ] GC(12) Skipped KeepAliveFinalRefsPhase of Reference Processing: no references
[264.253s][debug][gc,ref         ] GC(12) ReferenceProcessor::execute queues: 1, RefProcThreadModel::Single, marks_oops_alive: false
[264.253s][debug][gc,phases      ] GC(12) Reference Processing 0.105ms
[264.253s][debug][gc,phases      ] GC(12)   VM Weak                        Min:  0.0, Avg:  0.0, Max:  0.0, Diff:  0.0, Sum:  0.0, Workers: 4
[264.253s][debug][gc,phases      ] GC(12)     Dead                           Min: 0, Avg:  0.0, Max: 0, Diff: 0, Sum: 0, Workers: 4
[264.253s][debug][gc,phases      ] GC(12)     Total                          Min: 0, Avg: 214.2, Max: 473, Diff: 473, Sum: 857, Workers: 4
[264.253s][debug][gc,phases      ] GC(12)   ObjectSynchronizer Weak        Min:  0.0, Avg:  0.0, Max:  0.0, Diff:  0.0, Sum:  0.0, Workers: 4
[264.253s][debug][gc,phases      ] GC(12)     Dead                           Min: 0, Avg:  0.0, Max: 0, Diff: 0, Sum: 0, Workers: 4
[264.253s][debug][gc,phases      ] GC(12)     Total                          Min: 0, Avg:  1.0, Max: 4, Diff: 4, Sum: 4, Workers: 4
[264.253s][debug][gc,phases      ] GC(12)   JVMTI Tag Weak OopStorage      Min:  0.0, Avg:  0.0, Max:  0.0, Diff:  0.0, Sum:  0.0, Workers: 4
[264.253s][debug][gc,phases      ] GC(12)     Dead                           Min: 0, Avg:  0.0, Max: 0, Diff: 0, Sum: 0, Workers: 4
[264.253s][debug][gc,phases      ] GC(12)     Total                          Min: 0, Avg:  0.0, Max: 0, Diff: 0, Sum: 0, Workers: 4
[264.253s][debug][gc,phases      ] GC(12)   StringTable Weak               Min:  0.0, Avg:  0.1, Max:  0.1, Diff:  0.1, Sum:  0.4, Workers: 4
[264.253s][debug][gc,phases      ] GC(12)     Dead                           Min: 0, Avg:  0.2, Max: 1, Diff: 1, Sum: 1, Workers: 4
[264.253s][debug][gc,phases      ] GC(12)     Total                          Min: 0, Avg: 11324.0, Max: 18353, Diff: 18353, Sum: 45296, Workers: 4
[264.253s][debug][gc,phases      ] GC(12)   ResolvedMethodTable Weak       Min:  0.0, Avg:  0.0, Max:  0.0, Diff:  0.0, Sum:  0.1, Workers: 4
[264.253s][debug][gc,phases      ] GC(12)     Dead                           Min: 0, Avg:  5.2, Max: 21, Diff: 21, Sum: 21, Workers: 4
[264.253s][debug][gc,phases      ] GC(12)     Total                          Min: 0, Avg: 3528.2, Max: 5496, Diff: 5496, Sum: 14113, Workers: 4
[264.253s][debug][gc,phases      ] GC(12)   JNI Weak                       Min:  0.0, Avg:  0.0, Max:  0.0, Diff:  0.0, Sum:  0.0, Workers: 4
[264.253s][debug][gc,phases      ] GC(12)     Dead                           Min: 0, Avg:  0.0, Max: 0, Diff: 0, Sum: 0, Workers: 4
[264.253s][debug][gc,phases      ] GC(12)     Total                          Min: 0, Avg: 13.0, Max: 52, Diff: 52, Sum: 52, Workers: 4
[264.253s][debug][gc,phases      ] GC(12)   StringDedup Table Weak         Min:  0.0, Avg:  0.0, Max:  0.0, Diff:  0.0, Sum:  0.0, Workers: 4
[264.253s][debug][gc,phases      ] GC(12)     Dead                           Min: 0, Avg:  0.0, Max: 0, Diff: 0, Sum: 0, Workers: 4
[264.253s][debug][gc,phases      ] GC(12)     Total                          Min: 0, Avg:  0.0, Max: 0, Diff: 0, Sum: 0, Workers: 4
[264.253s][debug][gc,phases      ] GC(12)   StringDedup Requests0 Weak     Min:  0.0, Avg:  0.0, Max:  0.0, Diff:  0.0, Sum:  0.0, Workers: 4
[264.253s][debug][gc,phases      ] GC(12)     Dead                           Min: 0, Avg:  0.0, Max: 0, Diff: 0, Sum: 0, Workers: 4
[264.253s][debug][gc,phases      ] GC(12)     Total                          Min: 0, Avg:  0.0, Max: 0, Diff: 0, Sum: 0, Workers: 4
[264.253s][debug][gc,phases      ] GC(12)   StringDedup Requests1 Weak     Min:  0.0, Avg:  0.0, Max:  0.0, Diff:  0.0, Sum:  0.0, Workers: 4
[264.253s][debug][gc,phases      ] GC(12)     Dead                           Min: 0, Avg:  0.0, Max: 0, Diff: 0, Sum: 0, Workers: 4
[264.253s][debug][gc,phases      ] GC(12)     Total                          Min: 0, Avg:  0.0, Max: 0, Diff: 0, Sum: 0, Workers: 4
[264.253s][debug][gc,phases      ] GC(12)   Weak JFR Old Object Samples    Min:  0.0, Avg:  0.0, Max:  0.0, Diff:  0.0, Sum:  0.0, Workers: 4
[264.253s][debug][gc,phases      ] GC(12)     Dead                           Min: 0, Avg:  0.0, Max: 0, Diff: 0, Sum: 0, Workers: 4
[264.253s][debug][gc,phases      ] GC(12)     Total                          Min: 0, Avg:  0.0, Max: 0, Diff: 0, Sum: 0, Workers: 4
[264.253s][debug][gc,phases      ] GC(12) Weak Processing 0.335ms
[264.253s][debug][gc,age         ] GC(12) Desired survivor size 262144000 bytes, new threshold 2 (max threshold 15)
[264.253s][info ][gc,heap        ] GC(12) PSYoungGen: 1660681K(1846272K)->9523K(1600512K) Eden: 1590784K(1590784K)->0K(1590784K) From: 69897K(255488K)->9523K(9728K)
[264.253s][info ][gc,heap        ] GC(12) ParOldGen: 146127K(146432K)->210721K(210944K)
[264.253s][info ][gc,metaspace   ] GC(12) Metaspace: 102400K(103552K)->102400K(103552K) NonClass: 86807K(87424K)->86807K(87424K) Class: 15593K(16128K)->15593K(16128K)
[264.253s][info ][gc             ] GC(12) Pause Young (Allocation Failure) 1764M->215M(1769M) 32.212ms
[264.253s][info ][gc,cpu         ] GC(12) User=0.07s Sys=0.05s Real=0.03s
[264.253s][info ][safepoint      ] Safepoint "ParallelGCFailedAllocation", Time since last: 80629653 ns, Reaching safepoint: 5500 ns, Cleanup: 3500 ns, At safepoint: 32281280 ns, Total: 32290280 ns
[265.254s][info ][safepoint      ] Safepoint "Cleanup", Time since last: 1000108912 ns, Reaching safepoint: 7200 ns, Cleanup: 13300 ns, At safepoint: 2300 ns, Total: 22800 ns
[267.254s][info ][safepoint      ] Safepoint "Cleanup", Time since last: 2000203822 ns, Reaching safepoint: 7600 ns, Cleanup: 11800 ns, At safepoint: 2100 ns, Total: 21500 ns
[268.254s][info ][safepoint      ] Safepoint "Cleanup", Time since last: 1000114112 ns, Reaching safepoint: 6500 ns, Cleanup: 13599 ns, At safepoint: 2100 ns, Total: 22199 ns
[270.254s][info ][safepoint      ] Safepoint "Cleanup", Time since last: 2000187779 ns, Reaching safepoint: 7500 ns, Cleanup: 17700 ns, At safepoint: 2300 ns, Total: 27500 ns
[271.254s][info ][safepoint      ] Safepoint "Cleanup", Time since last: 1000109265 ns, Reaching safepoint: 7100 ns, Cleanup: 10400 ns, At safepoint: 2500 ns, Total: 20000 ns
[272.254s][info ][safepoint      ] Safepoint "Cleanup", Time since last: 1000114366 ns, Reaching safepoint: 7200 ns, Cleanup: 10300 ns, At safepoint: 2200 ns, Total: 19700 ns
[273.255s][info ][safepoint      ] Safepoint "Cleanup", Time since last: 1000136266 ns, Reaching safepoint: 7100 ns, Cleanup: 24200 ns, At safepoint: 2400 ns, Total: 33700 ns
[274.255s][info ][safepoint      ] Safepoint "Cleanup", Time since last: 1000112565 ns, Reaching safepoint: 5800 ns, Cleanup: 20800 ns, At safepoint: 2000 ns, Total: 28600 ns
[275.255s][info ][safepoint      ] Safepoint "Cleanup", Time since last: 1000113166 ns, Reaching safepoint: 7000 ns, Cleanup: 17300 ns, At safepoint: 2300 ns, Total: 26600 ns
[276.255s][info ][safepoint      ] Safepoint "Cleanup", Time since last: 1000108066 ns, Reaching safepoint: 5200 ns, Cleanup: 29900 ns, At safepoint: 1800 ns, Total: 36900 ns
[277.255s][info ][safepoint      ] Safepoint "Cleanup", Time since last: 1000108763 ns, Reaching safepoint: 7100 ns, Cleanup: 17600 ns, At safepoint: 2300 ns, Total: 27000 ns
[278.255s][info ][safepoint      ] Safepoint "Cleanup", Time since last: 1000110860 ns, Reaching safepoint: 7200 ns, Cleanup: 15400 ns, At safepoint: 2300 ns, Total: 24900 ns
[279.255s][info ][safepoint      ] Safepoint "Cleanup", Time since last: 1000114661 ns, Reaching safepoint: 6700 ns, Cleanup: 23900 ns, At safepoint: 2600 ns, Total: 33200 ns
[280.256s][info ][safepoint      ] Safepoint "Cleanup", Time since last: 1000111260 ns, Reaching safepoint: 6200 ns, Cleanup: 23900 ns, At safepoint: 2200 ns, Total: 32300 ns
[281.256s][info ][safepoint      ] Safepoint "Cleanup", Time since last: 1000103661 ns, Reaching safepoint: 6300 ns, Cleanup: 13600 ns, At safepoint: 2000 ns, Total: 21900 ns
[282.256s][info ][safepoint      ] Safepoint "Cleanup", Time since last: 1000108961 ns, Reaching safepoint: 6800 ns, Cleanup: 13999 ns, At safepoint: 1900 ns, Total: 22699 ns
[284.256s][info ][safepoint      ] Safepoint "Cleanup", Time since last: 2000177422 ns, Reaching safepoint: 6300 ns, Cleanup: 17400 ns, At safepoint: 2100 ns, Total: 25800 ns
[285.256s][info ][safepoint      ] Safepoint "Cleanup", Time since last: 1000108961 ns, Reaching safepoint: 6600 ns, Cleanup: 10300 ns, At safepoint: 2100 ns, Total: 19000 ns
[286.256s][info ][safepoint      ] Safepoint "Cleanup", Time since last: 1000106198 ns, Reaching safepoint: 5000 ns, Cleanup: 8400 ns, At safepoint: 1800 ns, Total: 15200 ns
[287.256s][info ][safepoint      ] Safepoint "Cleanup", Time since last: 1000108398 ns, Reaching safepoint: 6300 ns, Cleanup: 14000 ns, At safepoint: 2100 ns, Total: 22400 ns
[289.257s][info ][safepoint      ] Safepoint "Cleanup", Time since last: 2000178596 ns, Reaching safepoint: 5200 ns, Cleanup: 15300 ns, At safepoint: 1600 ns, Total: 22100 ns
[290.257s][info ][safepoint      ] Safepoint "Cleanup", Time since last: 1000103498 ns, Reaching safepoint: 7100 ns, Cleanup: 10500 ns, At safepoint: 2000 ns, Total: 19600 ns
[291.257s][info ][safepoint      ] Safepoint "Cleanup", Time since last: 1000112198 ns, Reaching safepoint: 6300 ns, Cleanup: 8900 ns, At safepoint: 2100 ns, Total: 17300 ns
[292.257s][info ][safepoint      ] Safepoint "Cleanup", Time since last: 1000132198 ns, Reaching safepoint: 5500 ns, Cleanup: 12500 ns, At safepoint: 1900 ns, Total: 19900 ns
[295.257s][info ][safepoint      ] Safepoint "Cleanup", Time since last: 3000247214 ns, Reaching safepoint: 5800 ns, Cleanup: 16700 ns, At safepoint: 1800 ns, Total: 24300 ns
[297.258s][info ][safepoint      ] Safepoint "Cleanup", Time since last: 2000182819 ns, Reaching safepoint: 5600 ns, Cleanup: 11099 ns, At safepoint: 1900 ns, Total: 18599 ns
[298.258s][info ][safepoint      ] Safepoint "Cleanup", Time since last: 1000125459 ns, Reaching safepoint: 5500 ns, Cleanup: 12300 ns, At safepoint: 1900 ns, Total: 19700 ns
[300.155s][info ][safepoint      ] Safepoint "Cleanup", Time since last: 1897051524 ns, Reaching safepoint: 4600 ns, Cleanup: 13700 ns, At safepoint: 6100 ns, Total: 24400 ns
[302.155s][info ][safepoint      ] Safepoint "Cleanup", Time since last: 2000222461 ns, Reaching safepoint: 6600 ns, Cleanup: 10900 ns, At safepoint: 2100 ns, Total: 19600 ns
[304.155s][info ][safepoint      ] Safepoint "Cleanup", Time since last: 2000181589 ns, Reaching safepoint: 5800 ns, Cleanup: 15200 ns, At safepoint: 1900 ns, Total: 22900 ns
[308.156s][info ][safepoint      ] Safepoint "Cleanup", Time since last: 4000324577 ns, Reaching safepoint: 5700 ns, Cleanup: 10100 ns, At safepoint: 1900 ns, Total: 17700 ns
[309.156s][info ][safepoint      ] Safepoint "Cleanup", Time since last: 1000123094 ns, Reaching safepoint: 5700 ns, Cleanup: 14400 ns, At safepoint: 2300 ns, Total: 22400 ns
[311.156s][info ][safepoint      ] Safepoint "Cleanup", Time since last: 2000174605 ns, Reaching safepoint: 6200 ns, Cleanup: 14600 ns, At safepoint: 2299 ns, Total: 23099 ns
[311.278s][info ][gc,start       ] GC(13) Pause Young (CodeCache GC Threshold)
[311.281s][debug][gc,phases      ] GC(13) Scavenge 3.256ms
[311.281s][debug][gc,ref         ] GC(13) ReferenceProcessor::execute queues: 1, RefProcThreadModel::Single, marks_oops_alive: false
[311.281s][debug][gc,ref         ] GC(13) Skipped KeepAliveFinalRefsPhase of Reference Processing: no references
[311.281s][debug][gc,ref         ] GC(13) ReferenceProcessor::execute queues: 1, RefProcThreadModel::Single, marks_oops_alive: false
[311.281s][debug][gc,phases      ] GC(13) Reference Processing 0.098ms
[311.281s][debug][gc,phases      ] GC(13)   VM Weak                        Min:  0.0, Avg:  0.0, Max:  0.0, Diff:  0.0, Sum:  0.0, Workers: 4
[311.281s][debug][gc,phases      ] GC(13)     Dead                           Min: 0, Avg:  0.0, Max: 0, Diff: 0, Sum: 0, Workers: 4
[311.281s][debug][gc,phases      ] GC(13)     Total                          Min: 0, Avg: 214.2, Max: 473, Diff: 473, Sum: 857, Workers: 4
[311.281s][debug][gc,phases      ] GC(13)   ObjectSynchronizer Weak        Min:  0.0, Avg:  0.0, Max:  0.0, Diff:  0.0, Sum:  0.0, Workers: 4
[311.281s][debug][gc,phases      ] GC(13)     Dead                           Min: 0, Avg:  0.0, Max: 0, Diff: 0, Sum: 0, Workers: 4
[311.281s][debug][gc,phases      ] GC(13)     Total                          Min: 0, Avg:  0.8, Max: 3, Diff: 3, Sum: 3, Workers: 4
[311.281s][debug][gc,phases      ] GC(13)   JVMTI Tag Weak OopStorage      Min:  0.0, Avg:  0.0, Max:  0.0, Diff:  0.0, Sum:  0.0, Workers: 4
[311.281s][debug][gc,phases      ] GC(13)     Dead                           Min: 0, Avg:  0.0, Max: 0, Diff: 0, Sum: 0, Workers: 4
[311.281s][debug][gc,phases      ] GC(13)     Total                          Min: 0, Avg:  0.0, Max: 0, Diff: 0, Sum: 0, Workers: 4
[311.281s][debug][gc,phases      ] GC(13)   StringTable Weak               Min:  0.0, Avg:  0.1, Max:  0.1, Diff:  0.1, Sum:  0.4, Workers: 4
[311.281s][debug][gc,phases      ] GC(13)     Dead                           Min: 0, Avg:  0.5, Max: 2, Diff: 2, Sum: 2, Workers: 4
[311.281s][debug][gc,phases      ] GC(13)     Total                          Min: 0, Avg: 11334.5, Max: 17344, Diff: 17344, Sum: 45338, Workers: 4
[311.281s][debug][gc,phases      ] GC(13)   ResolvedMethodTable Weak       Min:  0.0, Avg:  0.0, Max:  0.0, Diff:  0.0, Sum:  0.1, Workers: 4
[311.281s][debug][gc,phases      ] GC(13)     Dead                           Min: 0, Avg:  5.5, Max: 17, Diff: 17, Sum: 22, Workers: 4
[311.281s][debug][gc,phases      ] GC(13)     Total                          Min: 0, Avg: 3533.8, Max: 5499, Diff: 5499, Sum: 14135, Workers: 4
[311.281s][debug][gc,phases      ] GC(13)   JNI Weak                       Min:  0.0, Avg:  0.0, Max:  0.0, Diff:  0.0, Sum:  0.0, Workers: 4
[311.281s][debug][gc,phases      ] GC(13)     Dead                           Min: 0, Avg:  0.0, Max: 0, Diff: 0, Sum: 0, Workers: 4
[311.281s][debug][gc,phases      ] GC(13)     Total                          Min: 0, Avg: 16.5, Max: 61, Diff: 61, Sum: 66, Workers: 4
[311.281s][debug][gc,phases      ] GC(13)   StringDedup Table Weak         Min:  0.0, Avg:  0.0, Max:  0.0, Diff:  0.0, Sum:  0.0, Workers: 4
[311.281s][debug][gc,phases      ] GC(13)     Dead                           Min: 0, Avg:  0.0, Max: 0, Diff: 0, Sum: 0, Workers: 4
[311.281s][debug][gc,phases      ] GC(13)     Total                          Min: 0, Avg:  0.0, Max: 0, Diff: 0, Sum: 0, Workers: 4
[311.281s][debug][gc,phases      ] GC(13)   StringDedup Requests0 Weak     Min:  0.0, Avg:  0.0, Max:  0.0, Diff:  0.0, Sum:  0.0, Workers: 4
[311.281s][debug][gc,phases      ] GC(13)     Dead                           Min: 0, Avg:  0.0, Max: 0, Diff: 0, Sum: 0, Workers: 4
[311.281s][debug][gc,phases      ] GC(13)     Total                          Min: 0, Avg:  0.0, Max: 0, Diff: 0, Sum: 0, Workers: 4
[311.281s][debug][gc,phases      ] GC(13)   StringDedup Requests1 Weak     Min:  0.0, Avg:  0.0, Max:  0.0, Diff:  0.0, Sum:  0.0, Workers: 4
[311.281s][debug][gc,phases      ] GC(13)     Dead                           Min: 0, Avg:  0.0, Max: 0, Diff: 0, Sum: 0, Workers: 4
[311.281s][debug][gc,phases      ] GC(13)     Total                          Min: 0, Avg:  0.0, Max: 0, Diff: 0, Sum: 0, Workers: 4
[311.281s][debug][gc,phases      ] GC(13)   Weak JFR Old Object Samples    Min:  0.0, Avg:  0.0, Max:  0.0, Diff:  0.0, Sum:  0.0, Workers: 4
[311.281s][debug][gc,phases      ] GC(13)     Dead                           Min: 0, Avg:  0.0, Max: 0, Diff: 0, Sum: 0, Workers: 4
[311.281s][debug][gc,phases      ] GC(13)     Total                          Min: 0, Avg:  0.0, Max: 0, Diff: 0, Sum: 0, Workers: 4
[311.281s][debug][gc,phases      ] GC(13) Weak Processing 0.376ms
[311.281s][debug][gc,age         ] GC(13) Desired survivor size 264765440 bytes, new threshold 1 (max threshold 15)
[311.281s][info ][gc,heap        ] GC(13) PSYoungGen: 950694K(1600512K)->3657K(1836032K) Eden: 941171K(1590784K)->0K(1580032K) From: 9523K(9728K)->3657K(256000K)
[311.281s][info ][gc,heap        ] GC(13) ParOldGen: 210721K(210944K)->216636K(217088K)
[311.281s][info ][gc,metaspace   ] GC(13) Metaspace: 102656K(103808K)->102656K(103808K) NonClass: 87049K(87680K)->87049K(87680K) Class: 15607K(16128K)->15607K(16128K)
[311.281s][info ][gc             ] GC(13) Pause Young (CodeCache GC Threshold) 1134M->215M(2005M) 3.824ms
[311.282s][info ][gc,cpu         ] GC(13) User=0.01s Sys=0.00s Real=0.00s
[311.282s][debug][gc,phases      ] GC(14) Pre Compact 0.007ms
[311.282s][info ][gc,start       ] GC(14) Pause Full (CodeCache GC Threshold)
[311.282s][info ][gc,phases,start] GC(14) Marking Phase
[311.354s][debug][gc,phases      ] GC(14) Par Mark 72.507ms
[311.355s][debug][gc,ref         ] GC(14) ReferenceProcessor::execute queues: 4, RefProcThreadModel::Multi, marks_oops_alive: false
[311.355s][debug][gc,ref         ] GC(14) ReferenceProcessor::execute queues: 4, RefProcThreadModel::Multi, marks_oops_alive: true
[311.355s][debug][gc,ref         ] GC(14) ReferenceProcessor::execute queues: 1, RefProcThreadModel::Single, marks_oops_alive: false
[311.355s][debug][gc,phases      ] GC(14) Reference Processing 1.033ms
[311.355s][debug][gc,phases      ] GC(14)   VM Weak                        Min:  0.0, Avg:  0.0, Max:  0.0, Diff:  0.0, Sum:  0.0, Workers: 4
[311.355s][debug][gc,phases      ] GC(14)     Dead                           Min: 0, Avg:  0.0, Max: 0, Diff: 0, Sum: 0, Workers: 4
[311.355s][debug][gc,phases      ] GC(14)     Total                          Min: 0, Avg: 214.2, Max: 448, Diff: 448, Sum: 857, Workers: 4
[311.355s][debug][gc,phases      ] GC(14)   ObjectSynchronizer Weak        Min:  0.0, Avg:  0.0, Max:  0.0, Diff:  0.0, Sum:  0.0, Workers: 4
[311.355s][debug][gc,phases      ] GC(14)     Dead                           Min: 0, Avg:  0.0, Max: 0, Diff: 0, Sum: 0, Workers: 4
[311.355s][debug][gc,phases      ] GC(14)     Total                          Min: 0, Avg:  0.8, Max: 3, Diff: 3, Sum: 3, Workers: 4
[311.355s][debug][gc,phases      ] GC(14)   JVMTI Tag Weak OopStorage      Min:  0.0, Avg:  0.0, Max:  0.0, Diff:  0.0, Sum:  0.0, Workers: 4
[311.355s][debug][gc,phases      ] GC(14)     Dead                           Min: 0, Avg:  0.0, Max: 0, Diff: 0, Sum: 0, Workers: 4
[311.355s][debug][gc,phases      ] GC(14)     Total                          Min: 0, Avg:  0.0, Max: 0, Diff: 0, Sum: 0, Workers: 4
[311.355s][debug][gc,phases      ] GC(14)   StringTable Weak               Min:  0.1, Avg:  0.2, Max:  0.2, Diff:  0.1, Sum:  0.6, Workers: 4
[311.355s][debug][gc,phases      ] GC(14)     Dead                           Min: 0, Avg:  0.0, Max: 0, Diff: 0, Sum: 0, Workers: 4
[311.355s][debug][gc,phases      ] GC(14)     Total                          Min: 5760, Avg: 11334.5, Max: 13248, Diff: 7488, Sum: 45338, Workers: 4
[311.355s][debug][gc,phases      ] GC(14)   ResolvedMethodTable Weak       Min:  0.1, Avg:  0.1, Max:  0.1, Diff:  0.0, Sum:  0.2, Workers: 4
[311.355s][debug][gc,phases      ] GC(14)     Dead                           Min: 0, Avg:  0.0, Max: 0, Diff: 0, Sum: 0, Workers: 4
[311.355s][debug][gc,phases      ] GC(14)     Total                          Min: 636, Avg: 3533.8, Max: 4726, Diff: 4090, Sum: 14135, Workers: 4
[311.355s][debug][gc,phases      ] GC(14)   JNI Weak                       Min:  0.0, Avg:  0.0, Max:  0.0, Diff:  0.0, Sum:  0.0, Workers: 4
[311.355s][debug][gc,phases      ] GC(14)     Dead                           Min: 0, Avg:  0.0, Max: 0, Diff: 0, Sum: 0, Workers: 4
[311.355s][debug][gc,phases      ] GC(14)     Total                          Min: 0, Avg: 16.5, Max: 61, Diff: 61, Sum: 66, Workers: 4
[311.355s][debug][gc,phases      ] GC(14)   StringDedup Table Weak         Min:  0.0, Avg:  0.0, Max:  0.0, Diff:  0.0, Sum:  0.0, Workers: 4
[311.355s][debug][gc,phases      ] GC(14)     Dead                           Min: 0, Avg:  0.0, Max: 0, Diff: 0, Sum: 0, Workers: 4
[311.356s][debug][gc,phases      ] GC(14)     Total                          Min: 0, Avg:  0.0, Max: 0, Diff: 0, Sum: 0, Workers: 4
[311.356s][debug][gc,phases      ] GC(14)   StringDedup Requests0 Weak     Min:  0.0, Avg:  0.0, Max:  0.0, Diff:  0.0, Sum:  0.0, Workers: 4
[311.356s][debug][gc,phases      ] GC(14)     Dead                           Min: 0, Avg:  0.0, Max: 0, Diff: 0, Sum: 0, Workers: 4
[311.356s][debug][gc,phases      ] GC(14)     Total                          Min: 0, Avg:  0.0, Max: 0, Diff: 0, Sum: 0, Workers: 4
[311.356s][debug][gc,phases      ] GC(14)   StringDedup Requests1 Weak     Min:  0.0, Avg:  0.0, Max:  0.0, Diff:  0.0, Sum:  0.0, Workers: 4
[311.356s][debug][gc,phases      ] GC(14)     Dead                           Min: 0, Avg:  0.0, Max: 0, Diff: 0, Sum: 0, Workers: 4
[311.356s][debug][gc,phases      ] GC(14)     Total                          Min: 0, Avg:  0.0, Max: 0, Diff: 0, Sum: 0, Workers: 4
[311.356s][debug][gc,phases      ] GC(14)   Weak JFR Old Object Samples    Min:  0.0, Avg:  0.0, Max:  0.0, Diff:  0.0, Sum:  0.0, Workers: 4
[311.356s][debug][gc,phases      ] GC(14)     Dead                           Min: 0, Avg:  0.0, Max: 0, Diff: 0, Sum: 0, Workers: 4
[311.356s][debug][gc,phases      ] GC(14)     Total                          Min: 0, Avg:  0.0, Max: 0, Diff: 0, Sum: 0, Workers: 4
[311.356s][debug][gc,phases      ] GC(14) Weak Processing 0.412ms
[311.356s][debug][gc,phases      ] GC(14) ClassLoaderData 0.118ms
[311.356s][debug][gc,phases      ] GC(14) Trigger cleanups 0.000ms
[311.398s][debug][gc,phases      ] GC(14) Purge Unlinked NMethods 1.114ms
[311.398s][debug][gc,phases      ] GC(14) Unregister NMethods 0.001ms
[311.398s][debug][gc,phases      ] GC(14) Free Code Blobs 0.161ms
[311.398s][debug][gc,phases      ] GC(14) Class Unloading 42.590ms
[311.398s][debug][gc,phases      ] GC(14) Report Object Count 0.001ms
[311.398s][info ][gc,phases      ] GC(14) Marking Phase 116.599ms
[311.398s][info ][gc,phases,start] GC(14) Summary Phase
[311.398s][info ][gc,phases      ] GC(14) Summary Phase 0.010ms
[311.398s][info ][gc,phases,start] GC(14) Adjust Roots
[311.417s][info ][gc,phases      ] GC(14) Adjust Roots 18.598ms
[311.417s][info ][gc,phases,start] GC(14) Compaction Phase
[311.507s][info ][gc,phases      ] GC(14) Compaction Phase 89.913ms
[311.507s][info ][gc,phases,start] GC(14) Post Compact
[311.508s][debug][gc,phases      ] GC(14) Purge Class Loader Data 0.317ms
[311.508s][info ][gc,phases      ] GC(14) Post Compact 1.255ms
[311.508s][info ][gc,heap        ] GC(14) PSYoungGen: 3657K(1836032K)->0K(1836032K) Eden: 0K(1580032K)->0K(1580032K) From: 3657K(256000K)->0K(256000K)
[311.508s][info ][gc,heap        ] GC(14) ParOldGen: 216636K(217088K)->213394K(217088K)
[311.508s][info ][gc,metaspace   ] GC(14) Metaspace: 102656K(103808K)->102656K(103808K) NonClass: 87049K(87680K)->87049K(87680K) Class: 15607K(16128K)->15607K(16128K)
[311.508s][info ][gc             ] GC(14) Pause Full (CodeCache GC Threshold) 215M->208M(2005M) 226.482ms
[311.508s][info ][gc,cpu         ] GC(14) User=0.68s Sys=0.02s Real=0.23s
[311.508s][info ][safepoint      ] Safepoint "ParallelGCSystemGC", Time since last: 121598855 ns, Reaching safepoint: 76900 ns, Cleanup: 85799 ns, At safepoint: 230456699 ns, Total: 230619398 ns
[312.562s][info ][safepoint      ] Safepoint "Cleanup", Time since last: 1053784576 ns, Reaching safepoint: 6700 ns, Cleanup: 119899 ns, At safepoint: 3600 ns, Total: 130199 ns
[313.562s][info ][safepoint      ] Safepoint "Cleanup", Time since last: 1000113449 ns, Reaching safepoint: 6500 ns, Cleanup: 9200 ns, At safepoint: 2500 ns, Total: 18200 ns
[314.562s][info ][safepoint      ] Safepoint "Cleanup", Time since last: 1000101549 ns, Reaching safepoint: 6400 ns, Cleanup: 9500 ns, At safepoint: 1800 ns, Total: 17700 ns
[316.562s][info ][safepoint      ] Safepoint "Cleanup", Time since last: 2000172998 ns, Reaching safepoint: 6800 ns, Cleanup: 9600 ns, At safepoint: 2400 ns, Total: 18800 ns
[317.563s][info ][safepoint      ] Safepoint "Cleanup", Time since last: 1000125079 ns, Reaching safepoint: 79099 ns, Cleanup: 10100 ns, At safepoint: 5300 ns, Total: 94499 ns
[318.563s][info ][safepoint      ] Safepoint "Cleanup", Time since last: 1000106462 ns, Reaching safepoint: 6200 ns, Cleanup: 12100 ns, At safepoint: 1900 ns, Total: 20200 ns
[319.563s][info ][safepoint      ] Safepoint "Cleanup", Time since last: 1000098762 ns, Reaching safepoint: 6700 ns, Cleanup: 13400 ns, At safepoint: 2000 ns, Total: 22100 ns
[321.563s][info ][safepoint      ] Safepoint "Cleanup", Time since last: 2000170925 ns, Reaching safepoint: 6100 ns, Cleanup: 9200 ns, At safepoint: 1900 ns, Total: 17200 ns
[324.563s][info ][safepoint      ] Safepoint "Cleanup", Time since last: 3000230287 ns, Reaching safepoint: 5900 ns, Cleanup: 12900 ns, At safepoint: 1700 ns, Total: 20500 ns
[326.564s][info ][safepoint      ] Safepoint "Cleanup", Time since last: 2000172562 ns, Reaching safepoint: 5500 ns, Cleanup: 12400 ns, At safepoint: 2300 ns, Total: 20200 ns
[327.564s][info ][safepoint      ] Safepoint "Cleanup", Time since last: 1000122494 ns, Reaching safepoint: 5900 ns, Cleanup: 8900 ns, At safepoint: 2100 ns, Total: 16900 ns
[328.564s][info ][safepoint      ] Safepoint "Cleanup", Time since last: 1000102794 ns, Reaching safepoint: 5500 ns, Cleanup: 13400 ns, At safepoint: 2000 ns, Total: 20900 ns
[332.564s][info ][safepoint      ] Safepoint "Cleanup", Time since last: 4000299177 ns, Reaching safepoint: 5900 ns, Cleanup: 12300 ns, At safepoint: 1700 ns, Total: 19900 ns
[333.564s][info ][safepoint      ] Safepoint "Cleanup", Time since last: 1000109375 ns, Reaching safepoint: 5800 ns, Cleanup: 8800 ns, At safepoint: 2000 ns, Total: 16600 ns
[335.564s][info ][safepoint      ] Safepoint "Cleanup", Time since last: 2000172044 ns, Reaching safepoint: 6000 ns, Cleanup: 8000 ns, At safepoint: 1900 ns, Total: 15900 ns
[336.565s][info ][safepoint      ] Safepoint "Cleanup", Time since last: 1000100022 ns, Reaching safepoint: 5700 ns, Cleanup: 26100 ns, At safepoint: 2100 ns, Total: 33900 ns
[337.565s][info ][safepoint      ] Safepoint "Cleanup", Time since last: 1000099422 ns, Reaching safepoint: 5900 ns, Cleanup: 7800 ns, At safepoint: 1900 ns, Total: 15600 ns
[338.565s][info ][safepoint      ] Safepoint "Cleanup", Time since last: 1000107221 ns, Reaching safepoint: 6100 ns, Cleanup: 11300 ns, At safepoint: 1800 ns, Total: 19200 ns
[339.565s][info ][safepoint      ] Safepoint "Cleanup", Time since last: 1000098722 ns, Reaching safepoint: 5900 ns, Cleanup: 8800 ns, At safepoint: 2000 ns, Total: 16700 ns
[341.565s][info ][safepoint      ] Safepoint "Cleanup", Time since last: 2000168471 ns, Reaching safepoint: 5500 ns, Cleanup: 11800 ns, At safepoint: 1900 ns, Total: 19200 ns
[342.565s][info ][safepoint      ] Safepoint "Cleanup", Time since last: 1000100294 ns, Reaching safepoint: 5900 ns, Cleanup: 13800 ns, At safepoint: 2000 ns, Total: 21700 ns
[343.565s][info ][safepoint      ] Safepoint "Cleanup", Time since last: 1000103995 ns, Reaching safepoint: 5300 ns, Cleanup: 7700 ns, At safepoint: 2200 ns, Total: 15200 ns
[344.566s][info ][safepoint      ] Safepoint "Cleanup", Time since last: 1000104095 ns, Reaching safepoint: 5399 ns, Cleanup: 22100 ns, At safepoint: 3200 ns, Total: 30699 ns
[345.566s][info ][safepoint      ] Safepoint "Cleanup", Time since last: 1000115195 ns, Reaching safepoint: 6600 ns, Cleanup: 11100 ns, At safepoint: 2500 ns, Total: 20200 ns
[346.566s][info ][safepoint      ] Safepoint "Cleanup", Time since last: 1000107595 ns, Reaching safepoint: 5999 ns, Cleanup: 17000 ns, At safepoint: 1900 ns, Total: 24899 ns
[347.566s][info ][safepoint      ] Safepoint "Cleanup", Time since last: 1000100770 ns, Reaching safepoint: 5899 ns, Cleanup: 8500 ns, At safepoint: 2200 ns, Total: 16599 ns
[348.566s][info ][safepoint      ] Safepoint "Cleanup", Time since last: 1000100281 ns, Reaching safepoint: 6200 ns, Cleanup: 19800 ns, At safepoint: 2500 ns, Total: 28500 ns
[349.566s][info ][safepoint      ] Safepoint "Cleanup", Time since last: 1000100775 ns, Reaching safepoint: 6600 ns, Cleanup: 8900 ns, At safepoint: 2200 ns, Total: 17700 ns
[350.566s][info ][safepoint      ] Safepoint "Cleanup", Time since last: 1000101854 ns, Reaching safepoint: 6300 ns, Cleanup: 19900 ns, At safepoint: 2000 ns, Total: 28200 ns
[351.566s][info ][safepoint      ] Safepoint "Cleanup", Time since last: 1000101255 ns, Reaching safepoint: 6700 ns, Cleanup: 15999 ns, At safepoint: 2100 ns, Total: 24799 ns
[355.567s][info ][safepoint      ] Safepoint "Cleanup", Time since last: 4000329719 ns, Reaching safepoint: 6500 ns, Cleanup: 9699 ns, At safepoint: 2100 ns, Total: 18299 ns
[357.567s][info ][safepoint      ] Safepoint "Cleanup", Time since last: 2000166828 ns, Reaching safepoint: 6000 ns, Cleanup: 6800 ns, At safepoint: 2000 ns, Total: 14800 ns
[358.567s][info ][safepoint      ] Safepoint "Cleanup", Time since last: 1000103436 ns, Reaching safepoint: 6300 ns, Cleanup: 20300 ns, At safepoint: 2300 ns, Total: 28900 ns
[359.567s][info ][safepoint      ] Safepoint "Cleanup", Time since last: 1000101437 ns, Reaching safepoint: 7000 ns, Cleanup: 8000 ns, At safepoint: 2100 ns, Total: 17100 ns
[360.567s][info ][safepoint      ] Safepoint "Cleanup", Time since last: 1000108737 ns, Reaching safepoint: 5800 ns, Cleanup: 8599 ns, At safepoint: 2000 ns, Total: 16399 ns
[364.568s][info ][safepoint      ] Safepoint "Cleanup", Time since last: 4000303648 ns, Reaching safepoint: 5900 ns, Cleanup: 7000 ns, At safepoint: 1900 ns, Total: 14800 ns
[366.568s][info ][safepoint      ] Safepoint "Cleanup", Time since last: 2000174338 ns, Reaching safepoint: 6599 ns, Cleanup: 9900 ns, At safepoint: 2800 ns, Total: 19299 ns
[368.568s][info ][safepoint      ] Safepoint "Cleanup", Time since last: 2000178649 ns, Reaching safepoint: 5600 ns, Cleanup: 10500 ns, At safepoint: 1900 ns, Total: 18000 ns
[369.568s][info ][safepoint      ] Safepoint "Cleanup", Time since last: 1000106225 ns, Reaching safepoint: 6299 ns, Cleanup: 12200 ns, At safepoint: 2000 ns, Total: 20499 ns
[372.568s][info ][safepoint      ] Safepoint "Cleanup", Time since last: 3000243274 ns, Reaching safepoint: 82199 ns, Cleanup: 14300 ns, At safepoint: 7400 ns, Total: 103899 ns
[373.569s][info ][safepoint      ] Safepoint "Cleanup", Time since last: 1000110926 ns, Reaching safepoint: 76899 ns, Cleanup: 7200 ns, At safepoint: 5800 ns, Total: 89899 ns
[376.569s][info ][safepoint      ] Safepoint "Cleanup", Time since last: 3000240994 ns, Reaching safepoint: 82500 ns, Cleanup: 13000 ns, At safepoint: 7400 ns, Total: 102900 ns
[384.570s][info ][safepoint      ] Safepoint "Cleanup", Time since last: 8000626653 ns, Reaching safepoint: 78400 ns, Cleanup: 14099 ns, At safepoint: 6100 ns, Total: 98599 ns
[385.570s][info ][safepoint      ] Safepoint "Cleanup", Time since last: 1000112032 ns, Reaching safepoint: 78600 ns, Cleanup: 15100 ns, At safepoint: 10300 ns, Total: 104000 ns
[385.820s][info ][gc,start       ] GC(15) Pause Young (Allocation Failure)
[385.822s][debug][gc,phases      ] GC(15) Scavenge 2.062ms
[385.822s][debug][gc,ref         ] GC(15) ReferenceProcessor::execute queues: 1, RefProcThreadModel::Single, marks_oops_alive: false
[385.822s][debug][gc,ref         ] GC(15) Skipped KeepAliveFinalRefsPhase of Reference Processing: no references
[385.822s][debug][gc,ref         ] GC(15) ReferenceProcessor::execute queues: 1, RefProcThreadModel::Single, marks_oops_alive: false
[385.822s][debug][gc,phases      ] GC(15) Reference Processing 0.101ms
[385.823s][debug][gc,phases      ] GC(15)   VM Weak                        Min:  0.0, Avg:  0.0, Max:  0.0, Diff:  0.0, Sum:  0.0, Workers: 4
[385.823s][debug][gc,phases      ] GC(15)     Dead                           Min: 0, Avg:  0.0, Max: 0, Diff: 0, Sum: 0, Workers: 4
[385.823s][debug][gc,phases      ] GC(15)     Total                          Min: 0, Avg: 214.5, Max: 474, Diff: 474, Sum: 858, Workers: 4
[385.823s][debug][gc,phases      ] GC(15)   ObjectSynchronizer Weak        Min:  0.0, Avg:  0.0, Max:  0.0, Diff:  0.0, Sum:  0.0, Workers: 4
[385.823s][debug][gc,phases      ] GC(15)     Dead                           Min: 0, Avg:  0.0, Max: 0, Diff: 0, Sum: 0, Workers: 4
[385.823s][debug][gc,phases      ] GC(15)     Total                          Min: 0, Avg:  0.8, Max: 3, Diff: 3, Sum: 3, Workers: 4
[385.823s][debug][gc,phases      ] GC(15)   JVMTI Tag Weak OopStorage      Min:  0.0, Avg:  0.0, Max:  0.0, Diff:  0.0, Sum:  0.0, Workers: 4
[385.823s][debug][gc,phases      ] GC(15)     Dead                           Min: 0, Avg:  0.0, Max: 0, Diff: 0, Sum: 0, Workers: 4
[385.823s][debug][gc,phases      ] GC(15)     Total                          Min: 0, Avg:  0.0, Max: 0, Diff: 0, Sum: 0, Workers: 4
[385.823s][debug][gc,phases      ] GC(15)   StringTable Weak               Min:  0.1, Avg:  0.1, Max:  0.1, Diff:  0.1, Sum:  0.4, Workers: 4
[385.823s][debug][gc,phases      ] GC(15)     Dead                           Min: 0, Avg:  0.5, Max: 1, Diff: 1, Sum: 2, Workers: 4
[385.823s][debug][gc,phases      ] GC(15)     Total                          Min: 6972, Avg: 11358.8, Max: 12992, Diff: 6020, Sum: 45435, Workers: 4
[385.823s][debug][gc,phases      ] GC(15)   ResolvedMethodTable Weak       Min:  0.0, Avg:  0.0, Max:  0.0, Diff:  0.0, Sum:  0.1, Workers: 4
[385.823s][debug][gc,phases      ] GC(15)     Dead                           Min: 0, Avg:  5.8, Max: 18, Diff: 18, Sum: 23, Workers: 4
[385.823s][debug][gc,phases      ] GC(15)     Total                          Min: 3313, Avg: 3543.5, Max: 3707, Diff: 394, Sum: 14174, Workers: 4
[385.823s][debug][gc,phases      ] GC(15)   JNI Weak                       Min:  0.0, Avg:  0.0, Max:  0.0, Diff:  0.0, Sum:  0.0, Workers: 4
[385.823s][debug][gc,phases      ] GC(15)     Dead                           Min: 0, Avg:  0.0, Max: 0, Diff: 0, Sum: 0, Workers: 4
[385.823s][debug][gc,phases      ] GC(15)     Total                          Min: 0, Avg: 13.0, Max: 52, Diff: 52, Sum: 52, Workers: 4
[385.823s][debug][gc,phases      ] GC(15)   StringDedup Table Weak         Min:  0.0, Avg:  0.0, Max:  0.0, Diff:  0.0, Sum:  0.0, Workers: 4
[385.823s][debug][gc,phases      ] GC(15)     Dead                           Min: 0, Avg:  0.0, Max: 0, Diff: 0, Sum: 0, Workers: 4
[385.823s][debug][gc,phases      ] GC(15)     Total                          Min: 0, Avg:  0.0, Max: 0, Diff: 0, Sum: 0, Workers: 4
[385.823s][debug][gc,phases      ] GC(15)   StringDedup Requests0 Weak     Min:  0.0, Avg:  0.0, Max:  0.0, Diff:  0.0, Sum:  0.0, Workers: 4
[385.823s][debug][gc,phases      ] GC(15)     Dead                           Min: 0, Avg:  0.0, Max: 0, Diff: 0, Sum: 0, Workers: 4
[385.823s][debug][gc,phases      ] GC(15)     Total                          Min: 0, Avg:  0.0, Max: 0, Diff: 0, Sum: 0, Workers: 4
[385.823s][debug][gc,phases      ] GC(15)   StringDedup Requests1 Weak     Min:  0.0, Avg:  0.0, Max:  0.0, Diff:  0.0, Sum:  0.0, Workers: 4
[385.823s][debug][gc,phases      ] GC(15)     Dead                           Min: 0, Avg:  0.0, Max: 0, Diff: 0, Sum: 0, Workers: 4
[385.823s][debug][gc,phases      ] GC(15)     Total                          Min: 0, Avg:  0.0, Max: 0, Diff: 0, Sum: 0, Workers: 4
[385.823s][debug][gc,phases      ] GC(15)   Weak JFR Old Object Samples    Min:  0.0, Avg:  0.0, Max:  0.0, Diff:  0.0, Sum:  0.0, Workers: 4
[385.823s][debug][gc,phases      ] GC(15)     Dead                           Min: 0, Avg:  0.0, Max: 0, Diff: 0, Sum: 0, Workers: 4
[385.823s][debug][gc,phases      ] GC(15)     Total                          Min: 0, Avg:  0.0, Max: 0, Diff: 0, Sum: 0, Workers: 4
[385.823s][debug][gc,phases      ] GC(15) Weak Processing 0.380ms
[385.823s][debug][gc,age         ] GC(15) Desired survivor size 263716864 bytes, new threshold 1 (max threshold 15)
[385.823s][info ][gc,heap        ] GC(15) PSYoungGen: 1580032K(1836032K)->3318K(1838592K) Eden: 1580032K(1580032K)->0K(1580032K) From: 0K(256000K)->3318K(258560K)
[385.823s][info ][gc,heap        ] GC(15) ParOldGen: 213394K(217088K)->213402K(217088K)
[385.823s][info ][gc,metaspace   ] GC(15) Metaspace: 102949K(104128K)->102949K(104128K) NonClass: 87319K(88000K)->87319K(88000K) Class: 15630K(16128K)->15630K(16128K)
[385.823s][info ][gc             ] GC(15) Pause Young (Allocation Failure) 1751M->211M(2007M) 2.636ms
[385.823s][info ][gc,cpu         ] GC(15) User=0.01s Sys=0.00s Real=0.00s
[385.823s][info ][safepoint      ] Safepoint "ParallelGCFailedAllocation", Time since last: 250031158 ns, Reaching safepoint: 77799 ns, Cleanup: 7200 ns, At safepoint: 2694681 ns, Total: 2779680 ns
[386.823s][info ][safepoint      ] Safepoint "Cleanup", Time since last: 1000082632 ns, Reaching safepoint: 79400 ns, Cleanup: 102799 ns, At safepoint: 6400 ns, Total: 188599 ns
[387.823s][info ][safepoint      ] Safepoint "Cleanup", Time since last: 1000112332 ns, Reaching safepoint: 5400 ns, Cleanup: 56299 ns, At safepoint: 2000 ns, Total: 63699 ns
[390.823s][info ][safepoint      ] Safepoint "Cleanup", Time since last: 3000248889 ns, Reaching safepoint: 5600 ns, Cleanup: 9100 ns, At safepoint: 1900 ns, Total: 16600 ns
[391.824s][info ][safepoint      ] Safepoint "Cleanup", Time since last: 1000104126 ns, Reaching safepoint: 4700 ns, Cleanup: 6300 ns, At safepoint: 1700 ns, Total: 12700 ns
[392.824s][info ][safepoint      ] Safepoint "Cleanup", Time since last: 1000101026 ns, Reaching safepoint: 5200 ns, Cleanup: 18600 ns, At safepoint: 2000 ns, Total: 25800 ns
[393.824s][info ][safepoint      ] Safepoint "Cleanup", Time since last: 1000103527 ns, Reaching safepoint: 4700 ns, Cleanup: 14000 ns, At safepoint: 2000 ns, Total: 20700 ns
[394.824s][info ][safepoint      ] Safepoint "Cleanup", Time since last: 1000100326 ns, Reaching safepoint: 6200 ns, Cleanup: 9200 ns, At safepoint: 1900 ns, Total: 17300 ns
[396.824s][info ][safepoint      ] Safepoint "Cleanup", Time since last: 2000190053 ns, Reaching safepoint: 5400 ns, Cleanup: 7500 ns, At safepoint: 1900 ns, Total: 14800 ns
[397.826s][info ][safepoint      ] Safepoint "Cleanup", Time since last: 1001364518 ns, Reaching safepoint: 27900 ns, Cleanup: 8900 ns, At safepoint: 6500 ns, Total: 43300 ns
[398.826s][info ][safepoint      ] Safepoint "Cleanup", Time since last: 1000108128 ns, Reaching safepoint: 5700 ns, Cleanup: 16899 ns, At safepoint: 2200 ns, Total: 24799 ns
[399.826s][info ][safepoint      ] Safepoint "Cleanup", Time since last: 1000116928 ns, Reaching safepoint: 6000 ns, Cleanup: 9600 ns, At safepoint: 1900 ns, Total: 17500 ns
[400.826s][info ][safepoint      ] Safepoint "Cleanup", Time since last: 1000123127 ns, Reaching safepoint: 5500 ns, Cleanup: 41000 ns, At safepoint: 2000 ns, Total: 48500 ns
[401.826s][info ][safepoint      ] Safepoint "Cleanup", Time since last: 1000102228 ns, Reaching safepoint: 4500 ns, Cleanup: 22100 ns, At safepoint: 1700 ns, Total: 28300 ns
[402.827s][info ][safepoint      ] Safepoint "Cleanup", Time since last: 1000106627 ns, Reaching safepoint: 784495 ns, Cleanup: 30000 ns, At safepoint: 11699 ns, Total: 826194 ns
[403.827s][info ][safepoint      ] Safepoint "Cleanup", Time since last: 1000129628 ns, Reaching safepoint: 6200 ns, Cleanup: 13100 ns, At safepoint: 2200 ns, Total: 21500 ns
[404.827s][info ][safepoint      ] Safepoint "Cleanup", Time since last: 1000115027 ns, Reaching safepoint: 5600 ns, Cleanup: 11500 ns, At safepoint: 2000 ns, Total: 19100 ns
[405.828s][info ][safepoint      ] Safepoint "Cleanup", Time since last: 1000110497 ns, Reaching safepoint: 5500 ns, Cleanup: 18700 ns, At safepoint: 2000 ns, Total: 26200 ns
[406.828s][info ][safepoint      ] Safepoint "Cleanup", Time since last: 1000114619 ns, Reaching safepoint: 6000 ns, Cleanup: 11300 ns, At safepoint: 2200 ns, Total: 19500 ns
[407.828s][info ][safepoint      ] Safepoint "Cleanup", Time since last: 1000113219 ns, Reaching safepoint: 5700 ns, Cleanup: 27000 ns, At safepoint: 2400 ns, Total: 35100 ns
[408.829s][info ][safepoint      ] Safepoint "Cleanup", Time since last: 1000775914 ns, Reaching safepoint: 172399 ns, Cleanup: 11500 ns, At safepoint: 8899 ns, Total: 192798 ns
[409.829s][info ][safepoint      ] Safepoint "Cleanup", Time since last: 1000104020 ns, Reaching safepoint: 5699 ns, Cleanup: 27400 ns, At safepoint: 1800 ns, Total: 34899 ns
[410.829s][info ][safepoint      ] Safepoint "Cleanup", Time since last: 1000114219 ns, Reaching safepoint: 6100 ns, Cleanup: 16200 ns, At safepoint: 2200 ns, Total: 24500 ns
[411.829s][info ][safepoint      ] Safepoint "Cleanup", Time since last: 1000109219 ns, Reaching safepoint: 6500 ns, Cleanup: 31000 ns, At safepoint: 2000 ns, Total: 39500 ns
[412.829s][info ][safepoint      ] Safepoint "Cleanup", Time since last: 1000104199 ns, Reaching safepoint: 6400 ns, Cleanup: 10100 ns, At safepoint: 2300 ns, Total: 18800 ns
[413.829s][info ][safepoint      ] Safepoint "Cleanup", Time since last: 1000115831 ns, Reaching safepoint: 6000 ns, Cleanup: 17100 ns, At safepoint: 2300 ns, Total: 25400 ns
[415.830s][info ][safepoint      ] Safepoint "Cleanup", Time since last: 2000197965 ns, Reaching safepoint: 6600 ns, Cleanup: 14000 ns, At safepoint: 2200 ns, Total: 22800 ns
[416.830s][info ][safepoint      ] Safepoint "Cleanup", Time since last: 1000116632 ns, Reaching safepoint: 5900 ns, Cleanup: 10100 ns, At safepoint: 2300 ns, Total: 18300 ns
[417.830s][info ][safepoint      ] Safepoint "Cleanup", Time since last: 1000114232 ns, Reaching safepoint: 6000 ns, Cleanup: 10400 ns, At safepoint: 2100 ns, Total: 18500 ns
[418.830s][info ][safepoint      ] Safepoint "Cleanup", Time since last: 1000116132 ns, Reaching safepoint: 6300 ns, Cleanup: 18700 ns, At safepoint: 2000 ns, Total: 27000 ns
[419.830s][info ][safepoint      ] Safepoint "Cleanup", Time since last: 1000113632 ns, Reaching safepoint: 6300 ns, Cleanup: 16500 ns, At safepoint: 2300 ns, Total: 25100 ns
[420.830s][info ][safepoint      ] Safepoint "Cleanup", Time since last: 1000116832 ns, Reaching safepoint: 6000 ns, Cleanup: 10400 ns, At safepoint: 2500 ns, Total: 18900 ns
[421.831s][info ][safepoint      ] Safepoint "Cleanup", Time since last: 1000119222 ns, Reaching safepoint: 6000 ns, Cleanup: 19300 ns, At safepoint: 2200 ns, Total: 27500 ns
[422.831s][info ][safepoint      ] Safepoint "Cleanup", Time since last: 1000112109 ns, Reaching safepoint: 5000 ns, Cleanup: 12900 ns, At safepoint: 2000 ns, Total: 19900 ns
[423.831s][info ][safepoint      ] Safepoint "Cleanup", Time since last: 1000105309 ns, Reaching safepoint: 5200 ns, Cleanup: 12200 ns, At safepoint: 2000 ns, Total: 19400 ns
[424.831s][info ][safepoint      ] Safepoint "Cleanup", Time since last: 1000113009 ns, Reaching safepoint: 6300 ns, Cleanup: 23500 ns, At safepoint: 2200 ns, Total: 32000 ns
[425.831s][info ][safepoint      ] Safepoint "Cleanup", Time since last: 1000109709 ns, Reaching safepoint: 5000 ns, Cleanup: 15199 ns, At safepoint: 1900 ns, Total: 22099 ns
[426.831s][info ][safepoint      ] Safepoint "Cleanup", Time since last: 1000093110 ns, Reaching safepoint: 5299 ns, Cleanup: 13900 ns, At safepoint: 2000 ns, Total: 21199 ns
[427.831s][info ][safepoint      ] Safepoint "Cleanup", Time since last: 1000109709 ns, Reaching safepoint: 5900 ns, Cleanup: 30300 ns, At safepoint: 2200 ns, Total: 38400 ns
[428.831s][info ][safepoint      ] Safepoint "Cleanup", Time since last: 1000108909 ns, Reaching safepoint: 4500 ns, Cleanup: 7300 ns, At safepoint: 1800 ns, Total: 13600 ns
[429.832s][info ][safepoint      ] Safepoint "Cleanup", Time since last: 1000159403 ns, Reaching safepoint: 6300 ns, Cleanup: 27400 ns, At safepoint: 2300 ns, Total: 36000 ns
[430.832s][info ][safepoint      ] Safepoint "Cleanup", Time since last: 1000111194 ns, Reaching safepoint: 5600 ns, Cleanup: 11700 ns, At safepoint: 1800 ns, Total: 19100 ns
[431.832s][info ][safepoint      ] Safepoint "Cleanup", Time since last: 1000106795 ns, Reaching safepoint: 5600 ns, Cleanup: 11100 ns, At safepoint: 1700 ns, Total: 18400 ns
[432.832s][info ][safepoint      ] Safepoint "Cleanup", Time since last: 1000112295 ns, Reaching safepoint: 6400 ns, Cleanup: 11000 ns, At safepoint: 2300 ns, Total: 19700 ns
[433.832s][info ][safepoint      ] Safepoint "Cleanup", Time since last: 1000118194 ns, Reaching safepoint: 7500 ns, Cleanup: 10900 ns, At safepoint: 2500 ns, Total: 20900 ns
[436.832s][info ][safepoint      ] Safepoint "Cleanup", Time since last: 3000276885 ns, Reaching safepoint: 7900 ns, Cleanup: 16300 ns, At safepoint: 2200 ns, Total: 26400 ns
[438.833s][info ][safepoint      ] Safepoint "Cleanup", Time since last: 2000196130 ns, Reaching safepoint: 5500 ns, Cleanup: 11300 ns, At safepoint: 2500 ns, Total: 19300 ns
[439.833s][info ][safepoint      ] Safepoint "Cleanup", Time since last: 1000108624 ns, Reaching safepoint: 5900 ns, Cleanup: 12600 ns, At safepoint: 2200 ns, Total: 20700 ns
[441.833s][info ][safepoint      ] Safepoint "Cleanup", Time since last: 2000176549 ns, Reaching safepoint: 5400 ns, Cleanup: 11100 ns, At safepoint: 1800 ns, Total: 18300 ns
[442.833s][info ][safepoint      ] Safepoint "Cleanup", Time since last: 1000111224 ns, Reaching safepoint: 5400 ns, Cleanup: 11300 ns, At safepoint: 2000 ns, Total: 18700 ns
[443.833s][info ][safepoint      ] Safepoint "Cleanup", Time since last: 1000109024 ns, Reaching safepoint: 5900 ns, Cleanup: 13400 ns, At safepoint: 2100 ns, Total: 21400 ns
[444.833s][info ][safepoint      ] Safepoint "Cleanup", Time since last: 1000110924 ns, Reaching safepoint: 6700 ns, Cleanup: 11700 ns, At safepoint: 2100 ns, Total: 20500 ns
[445.834s][info ][safepoint      ] Safepoint "Cleanup", Time since last: 1000216389 ns, Reaching safepoint: 6000 ns, Cleanup: 18100 ns, At safepoint: 2300 ns, Total: 26400 ns
[446.834s][info ][safepoint      ] Safepoint "Cleanup", Time since last: 1000111532 ns, Reaching safepoint: 6800 ns, Cleanup: 15800 ns, At safepoint: 2100 ns, Total: 24700 ns
[447.834s][info ][safepoint      ] Safepoint "Cleanup", Time since last: 1000111833 ns, Reaching safepoint: 6400 ns, Cleanup: 12400 ns, At safepoint: 2200 ns, Total: 21000 ns
[449.837s][info ][safepoint      ] Safepoint "Cleanup", Time since last: 2002754347 ns, Reaching safepoint: 6400 ns, Cleanup: 15800 ns, At safepoint: 2700 ns, Total: 24900 ns
[450.837s][info ][safepoint      ] Safepoint "Cleanup", Time since last: 1000106933 ns, Reaching safepoint: 5700 ns, Cleanup: 15199 ns, At safepoint: 2000 ns, Total: 22899 ns
[451.837s][info ][safepoint      ] Safepoint "Cleanup", Time since last: 1000115433 ns, Reaching safepoint: 6300 ns, Cleanup: 18700 ns, At safepoint: 2400 ns, Total: 27400 ns
[452.837s][info ][safepoint      ] Safepoint "Cleanup", Time since last: 1000130332 ns, Reaching safepoint: 7200 ns, Cleanup: 22700 ns, At safepoint: 2400 ns, Total: 32300 ns
[453.837s][info ][safepoint      ] Safepoint "Cleanup", Time since last: 1000122560 ns, Reaching safepoint: 6400 ns, Cleanup: 19200 ns, At safepoint: 2200 ns, Total: 27800 ns
[455.837s][info ][safepoint      ] Safepoint "Cleanup", Time since last: 2000183111 ns, Reaching safepoint: 6900 ns, Cleanup: 14200 ns, At safepoint: 2200 ns, Total: 23300 ns
[456.838s][info ][safepoint      ] Safepoint "Cleanup", Time since last: 1000121205 ns, Reaching safepoint: 7500 ns, Cleanup: 18500 ns, At safepoint: 2900 ns, Total: 28900 ns
[457.838s][info ][safepoint      ] Safepoint "Cleanup", Time since last: 1000121006 ns, Reaching safepoint: 7300 ns, Cleanup: 19300 ns, At safepoint: 3099 ns, Total: 29699 ns
[458.838s][info ][safepoint      ] Safepoint "Cleanup", Time since last: 1000109306 ns, Reaching safepoint: 6900 ns, Cleanup: 12500 ns, At safepoint: 2600 ns, Total: 22000 ns
[459.838s][info ][safepoint      ] Safepoint "Cleanup", Time since last: 1000108305 ns, Reaching safepoint: 7200 ns, Cleanup: 11700 ns, At safepoint: 2400 ns, Total: 21300 ns
[460.838s][info ][safepoint      ] Safepoint "Cleanup", Time since last: 1000102506 ns, Reaching safepoint: 5800 ns, Cleanup: 39000 ns, At safepoint: 2000 ns, Total: 46800 ns
[461.070s][info ][gc,start       ] GC(16) Pause Young (Allocation Failure)
[461.073s][debug][gc,phases      ] GC(16) Scavenge 2.900ms
[461.073s][debug][gc,ref         ] GC(16) ReferenceProcessor::execute queues: 1, RefProcThreadModel::Single, marks_oops_alive: false
[461.073s][debug][gc,ref         ] GC(16) Skipped KeepAliveFinalRefsPhase of Reference Processing: no references
[461.073s][debug][gc,ref         ] GC(16) ReferenceProcessor::execute queues: 1, RefProcThreadModel::Single, marks_oops_alive: false
[461.073s][debug][gc,phases      ] GC(16) Reference Processing 0.101ms
[461.073s][debug][gc,phases      ] GC(16)   VM Weak                        Min:  0.0, Avg:  0.0, Max:  0.0, Diff:  0.0, Sum:  0.0, Workers: 4
[461.073s][debug][gc,phases      ] GC(16)     Dead                           Min: 0, Avg:  0.0, Max: 0, Diff: 0, Sum: 0, Workers: 4
[461.073s][debug][gc,phases      ] GC(16)     Total                          Min: 0, Avg: 219.8, Max: 576, Diff: 576, Sum: 879, Workers: 4
[461.073s][debug][gc,phases      ] GC(16)   ObjectSynchronizer Weak        Min:  0.0, Avg:  0.0, Max:  0.0, Diff:  0.0, Sum:  0.0, Workers: 4
[461.073s][debug][gc,phases      ] GC(16)     Dead                           Min: 0, Avg:  0.0, Max: 0, Diff: 0, Sum: 0, Workers: 4
[461.073s][debug][gc,phases      ] GC(16)     Total                          Min: 0, Avg:  0.8, Max: 3, Diff: 3, Sum: 3, Workers: 4
[461.073s][debug][gc,phases      ] GC(16)   JVMTI Tag Weak OopStorage      Min:  0.0, Avg:  0.0, Max:  0.0, Diff:  0.0, Sum:  0.0, Workers: 4
[461.073s][debug][gc,phases      ] GC(16)     Dead                           Min: 0, Avg:  0.0, Max: 0, Diff: 0, Sum: 0, Workers: 4
[461.073s][debug][gc,phases      ] GC(16)     Total                          Min: 0, Avg:  0.0, Max: 0, Diff: 0, Sum: 0, Workers: 4
[461.073s][debug][gc,phases      ] GC(16)   StringTable Weak               Min:  0.0, Avg:  0.1, Max:  0.1, Diff:  0.1, Sum:  0.4, Workers: 4
[461.073s][debug][gc,phases      ] GC(16)     Dead                           Min: 0, Avg:  1.2, Max: 3, Diff: 3, Sum: 5, Workers: 4
[461.073s][debug][gc,phases      ] GC(16)     Total                          Min: 0, Avg: 11384.8, Max: 19520, Diff: 19520, Sum: 45539, Workers: 4
[461.073s][debug][gc,phases      ] GC(16)   ResolvedMethodTable Weak       Min:  0.0, Avg:  0.0, Max:  0.0, Diff:  0.0, Sum:  0.1, Workers: 4
[461.073s][debug][gc,phases      ] GC(16)     Dead                           Min: 0, Avg: 18.8, Max: 33, Diff: 33, Sum: 75, Workers: 4
[461.073s][debug][gc,phases      ] GC(16)     Total                          Min: 0, Avg: 3586.2, Max: 6020, Diff: 6020, Sum: 14345, Workers: 4
[461.073s][debug][gc,phases      ] GC(16)   JNI Weak                       Min:  0.0, Avg:  0.0, Max:  0.0, Diff:  0.0, Sum:  0.0, Workers: 4
[461.073s][debug][gc,phases      ] GC(16)     Dead                           Min: 0, Avg:  0.0, Max: 0, Diff: 0, Sum: 0, Workers: 4
[461.073s][debug][gc,phases      ] GC(16)     Total                          Min: 0, Avg: 13.0, Max: 52, Diff: 52, Sum: 52, Workers: 4
[461.073s][debug][gc,phases      ] GC(16)   StringDedup Table Weak         Min:  0.0, Avg:  0.0, Max:  0.0, Diff:  0.0, Sum:  0.0, Workers: 4
[461.073s][debug][gc,phases      ] GC(16)     Dead                           Min: 0, Avg:  0.0, Max: 0, Diff: 0, Sum: 0, Workers: 4
[461.073s][debug][gc,phases      ] GC(16)     Total                          Min: 0, Avg:  0.0, Max: 0, Diff: 0, Sum: 0, Workers: 4
[461.073s][debug][gc,phases      ] GC(16)   StringDedup Requests0 Weak     Min:  0.0, Avg:  0.0, Max:  0.0, Diff:  0.0, Sum:  0.0, Workers: 4
[461.073s][debug][gc,phases      ] GC(16)     Dead                           Min: 0, Avg:  0.0, Max: 0, Diff: 0, Sum: 0, Workers: 4
[461.073s][debug][gc,phases      ] GC(16)     Total                          Min: 0, Avg:  0.0, Max: 0, Diff: 0, Sum: 0, Workers: 4
[461.073s][debug][gc,phases      ] GC(16)   StringDedup Requests1 Weak     Min:  0.0, Avg:  0.0, Max:  0.0, Diff:  0.0, Sum:  0.0, Workers: 4
[461.073s][debug][gc,phases      ] GC(16)     Dead                           Min: 0, Avg:  0.0, Max: 0, Diff: 0, Sum: 0, Workers: 4
[461.073s][debug][gc,phases      ] GC(16)     Total                          Min: 0, Avg:  0.0, Max: 0, Diff: 0, Sum: 0, Workers: 4
[461.073s][debug][gc,phases      ] GC(16)   Weak JFR Old Object Samples    Min:  0.0, Avg:  0.0, Max:  0.0, Diff:  0.0, Sum:  0.0, Workers: 4
[461.073s][debug][gc,phases      ] GC(16)     Dead                           Min: 0, Avg:  0.0, Max: 0, Diff: 0, Sum: 0, Workers: 4
[461.073s][debug][gc,phases      ] GC(16)     Total                          Min: 0, Avg:  0.0, Max: 0, Diff: 0, Sum: 0, Workers: 4
[461.073s][debug][gc,phases      ] GC(16) Weak Processing 0.343ms
[461.073s][debug][gc,age         ] GC(16) Desired survivor size 261095424 bytes, new threshold 1 (max threshold 15)
[461.073s][info ][gc,heap        ] GC(16) PSYoungGen: 1583350K(1838592K)->3360K(1842176K) Eden: 1580032K(1580032K)->0K(1584640K) From: 3318K(258560K)->3360K(257536K)
[461.073s][info ][gc,heap        ] GC(16) ParOldGen: 213402K(217088K)->214363K(217088K)
[461.073s][info ][gc,metaspace   ] GC(16) Metaspace: 103399K(104576K)->103399K(104576K) NonClass: 87713K(88384K)->87713K(88384K) Class: 15685K(16192K)->15685K(16192K)
[461.073s][info ][gc             ] GC(16) Pause Young (Allocation Failure) 1754M->212M(2011M) 3.445ms
[461.074s][info ][gc,cpu         ] GC(16) User=0.01s Sys=0.00s Real=0.00s
[461.074s][info ][safepoint      ] Safepoint "ParallelGCFailedAllocation", Time since last: 231748579 ns, Reaching safepoint: 78999 ns, Cleanup: 10500 ns, At safepoint: 3508676 ns, Total: 3598175 ns
[462.074s][info ][safepoint      ] Safepoint "Cleanup", Time since last: 1000092472 ns, Reaching safepoint: 79099 ns, Cleanup: 10400 ns, At safepoint: 11800 ns, Total: 101299 ns
[463.074s][info ][safepoint      ] Safepoint "Cleanup", Time since last: 1000098350 ns, Reaching safepoint: 5200 ns, Cleanup: 11300 ns, At safepoint: 1800 ns, Total: 18300 ns
[464.074s][info ][safepoint      ] Safepoint "Cleanup", Time since last: 1000113250 ns, Reaching safepoint: 77499 ns, Cleanup: 8600 ns, At safepoint: 5800 ns, Total: 91899 ns
[465.074s][info ][safepoint      ] Safepoint "Cleanup", Time since last: 1000119050 ns, Reaching safepoint: 76900 ns, Cleanup: 15100 ns, At safepoint: 4800 ns, Total: 96800 ns
[466.074s][info ][safepoint      ] Safepoint "Cleanup", Time since last: 1000108150 ns, Reaching safepoint: 5200 ns, Cleanup: 14299 ns, At safepoint: 1800 ns, Total: 21299 ns
[467.075s][info ][safepoint      ] Safepoint "Cleanup", Time since last: 1000103650 ns, Reaching safepoint: 5100 ns, Cleanup: 21300 ns, At safepoint: 22400 ns, Total: 48800 ns
[468.075s][info ][safepoint      ] Safepoint "Cleanup", Time since last: 1000116750 ns, Reaching safepoint: 5300 ns, Cleanup: 14400 ns, At safepoint: 1800 ns, Total: 21500 ns
[471.075s][info ][safepoint      ] Safepoint "Cleanup", Time since last: 3000246344 ns, Reaching safepoint: 5500 ns, Cleanup: 8600 ns, At safepoint: 1800 ns, Total: 15900 ns
[472.075s][info ][safepoint      ] Safepoint "Cleanup", Time since last: 1000111400 ns, Reaching safepoint: 5400 ns, Cleanup: 12900 ns, At safepoint: 1800 ns, Total: 20100 ns
[473.075s][info ][safepoint      ] Safepoint "Cleanup", Time since last: 1000106900 ns, Reaching safepoint: 5800 ns, Cleanup: 9100 ns, At safepoint: 1700 ns, Total: 16600 ns
[475.075s][info ][safepoint      ] Safepoint "Cleanup", Time since last: 2000186088 ns, Reaching safepoint: 5800 ns, Cleanup: 10599 ns, At safepoint: 2300 ns, Total: 18699 ns
[476.076s][info ][safepoint      ] Safepoint "Cleanup", Time since last: 1000112394 ns, Reaching safepoint: 5700 ns, Cleanup: 13700 ns, At safepoint: 1900 ns, Total: 21300 ns
[477.076s][info ][safepoint      ] Safepoint "Cleanup", Time since last: 1000126994 ns, Reaching safepoint: 5700 ns, Cleanup: 33000 ns, At safepoint: 1900 ns, Total: 40600 ns
[479.076s][info ][safepoint      ] Safepoint "Cleanup", Time since last: 2000173648 ns, Reaching safepoint: 5299 ns, Cleanup: 33200 ns, At safepoint: 2000 ns, Total: 40499 ns
[480.076s][info ][safepoint      ] Safepoint "Cleanup", Time since last: 1000111769 ns, Reaching safepoint: 5499 ns, Cleanup: 12900 ns, At safepoint: 2000 ns, Total: 20399 ns
[483.214s][info ][safepoint      ] Safepoint "Cleanup", Time since last: 3137633840 ns, Reaching safepoint: 5700 ns, Cleanup: 10400 ns, At safepoint: 1700 ns, Total: 17800 ns
[484.214s][info ][safepoint      ] Safepoint "Cleanup", Time since last: 1000107968 ns, Reaching safepoint: 5700 ns, Cleanup: 48600 ns, At safepoint: 2900 ns, Total: 57200 ns
[485.214s][info ][safepoint      ] Safepoint "Cleanup", Time since last: 1000112368 ns, Reaching safepoint: 6100 ns, Cleanup: 12600 ns, At safepoint: 2200 ns, Total: 20900 ns
[486.214s][info ][safepoint      ] Safepoint "Cleanup", Time since last: 1000113274 ns, Reaching safepoint: 6600 ns, Cleanup: 22100 ns, At safepoint: 2500 ns, Total: 31200 ns
[487.214s][info ][safepoint      ] Safepoint "Cleanup", Time since last: 1000107635 ns, Reaching safepoint: 5800 ns, Cleanup: 10300 ns, At safepoint: 1900 ns, Total: 18000 ns
[488.214s][info ][safepoint      ] Safepoint "Cleanup", Time since last: 1000109735 ns, Reaching safepoint: 6300 ns, Cleanup: 12000 ns, At safepoint: 2000 ns, Total: 20300 ns
[489.215s][info ][safepoint      ] Safepoint "Cleanup", Time since last: 1000107835 ns, Reaching safepoint: 6300 ns, Cleanup: 12900 ns, At safepoint: 1800 ns, Total: 21000 ns
[490.215s][info ][safepoint      ] Safepoint "Cleanup", Time since last: 1000126535 ns, Reaching safepoint: 5000 ns, Cleanup: 14200 ns, At safepoint: 3100 ns, Total: 22300 ns
[491.215s][info ][safepoint      ] Safepoint "Cleanup", Time since last: 1000108935 ns, Reaching safepoint: 6200 ns, Cleanup: 53499 ns, At safepoint: 2400 ns, Total: 62099 ns
[492.215s][info ][safepoint      ] Safepoint "Cleanup", Time since last: 1000109736 ns, Reaching safepoint: 6399 ns, Cleanup: 23700 ns, At safepoint: 2300 ns, Total: 32399 ns
[493.215s][info ][safepoint      ] Safepoint "Cleanup", Time since last: 1000111535 ns, Reaching safepoint: 6600 ns, Cleanup: 14100 ns, At safepoint: 2200 ns, Total: 22900 ns
[494.215s][info ][safepoint      ] Safepoint "Cleanup", Time since last: 1000108888 ns, Reaching safepoint: 6900 ns, Cleanup: 14100 ns, At safepoint: 2200 ns, Total: 23200 ns
[500.216s][info ][safepoint      ] Safepoint "Cleanup", Time since last: 6000461061 ns, Reaching safepoint: 7400 ns, Cleanup: 26100 ns, At safepoint: 2200 ns, Total: 35700 ns
[501.216s][info ][safepoint      ] Safepoint "Cleanup", Time since last: 1000107610 ns, Reaching safepoint: 5700 ns, Cleanup: 14400 ns, At safepoint: 2000 ns, Total: 22100 ns
[502.216s][info ][safepoint      ] Safepoint "Cleanup", Time since last: 1000104576 ns, Reaching safepoint: 7000 ns, Cleanup: 22099 ns, At safepoint: 2400 ns, Total: 31499 ns
[504.216s][info ][safepoint      ] Safepoint "Cleanup", Time since last: 2000168421 ns, Reaching safepoint: 6400 ns, Cleanup: 11400 ns, At safepoint: 2000 ns, Total: 19800 ns
[505.216s][info ][safepoint      ] Safepoint "Cleanup", Time since last: 1000117760 ns, Reaching safepoint: 6600 ns, Cleanup: 16900 ns, At safepoint: 2400 ns, Total: 25900 ns
[507.217s][info ][safepoint      ] Safepoint "Cleanup", Time since last: 2000173420 ns, Reaching safepoint: 6100 ns, Cleanup: 10800 ns, At safepoint: 2200 ns, Total: 19100 ns
[509.217s][info ][safepoint      ] Safepoint "Cleanup", Time since last: 2000180121 ns, Reaching safepoint: 4700 ns, Cleanup: 20000 ns, At safepoint: 1700 ns, Total: 26400 ns
[512.217s][info ][safepoint      ] Safepoint "Cleanup", Time since last: 3000234797 ns, Reaching safepoint: 5900 ns, Cleanup: 12000 ns, At safepoint: 2000 ns, Total: 19900 ns
[514.217s][info ][safepoint      ] Safepoint "Cleanup", Time since last: 2000181008 ns, Reaching safepoint: 6200 ns, Cleanup: 9800 ns, At safepoint: 2300 ns, Total: 18300 ns
[515.217s][info ][safepoint      ] Safepoint "Cleanup", Time since last: 1000110703 ns, Reaching safepoint: 5900 ns, Cleanup: 14100 ns, At safepoint: 2800 ns, Total: 22800 ns
[515.821s][info ][gc,start       ] GC(17) Pause Young (Allocation Failure)
[515.833s][debug][gc,phases      ] GC(17) Scavenge 11.572ms
[515.833s][debug][gc,ref         ] GC(17) ReferenceProcessor::execute queues: 1, RefProcThreadModel::Single, marks_oops_alive: false
[515.833s][debug][gc,ref         ] GC(17) Skipped KeepAliveFinalRefsPhase of Reference Processing: no references
[515.833s][debug][gc,ref         ] GC(17) ReferenceProcessor::execute queues: 1, RefProcThreadModel::Single, marks_oops_alive: false
[515.833s][debug][gc,phases      ] GC(17) Reference Processing 0.126ms
[515.833s][debug][gc,phases      ] GC(17)   VM Weak                        Min:  0.0, Avg:  0.0, Max:  0.0, Diff:  0.0, Sum:  0.0, Workers: 4
[515.833s][debug][gc,phases      ] GC(17)     Dead                           Min: 0, Avg:  0.0, Max: 0, Diff: 0, Sum: 0, Workers: 4
[515.833s][debug][gc,phases      ] GC(17)     Total                          Min: 0, Avg: 220.0, Max: 816, Diff: 816, Sum: 880, Workers: 4
[515.833s][debug][gc,phases      ] GC(17)   ObjectSynchronizer Weak        Min:  0.0, Avg:  0.0, Max:  0.0, Diff:  0.0, Sum:  0.0, Workers: 4
[515.833s][debug][gc,phases      ] GC(17)     Dead                           Min: 0, Avg:  0.0, Max: 0, Diff: 0, Sum: 0, Workers: 4
[515.833s][debug][gc,phases      ] GC(17)     Total                          Min: 0, Avg:  1.0, Max: 4, Diff: 4, Sum: 4, Workers: 4
[515.833s][debug][gc,phases      ] GC(17)   JVMTI Tag Weak OopStorage      Min:  0.0, Avg:  0.0, Max:  0.0, Diff:  0.0, Sum:  0.0, Workers: 4
[515.833s][debug][gc,phases      ] GC(17)     Dead                           Min: 0, Avg:  0.0, Max: 0, Diff: 0, Sum: 0, Workers: 4
[515.833s][debug][gc,phases      ] GC(17)     Total                          Min: 0, Avg:  0.0, Max: 0, Diff: 0, Sum: 0, Workers: 4
[515.833s][debug][gc,phases      ] GC(17)   StringTable Weak               Min:  0.0, Avg:  0.1, Max:  0.2, Diff:  0.2, Sum:  0.4, Workers: 4
[515.833s][debug][gc,phases      ] GC(17)     Dead                           Min: 0, Avg:  0.2, Max: 1, Diff: 1, Sum: 1, Workers: 4
[515.833s][debug][gc,phases      ] GC(17)     Total                          Min: 0, Avg: 11392.0, Max: 22848, Diff: 22848, Sum: 45568, Workers: 4
[515.833s][debug][gc,phases      ] GC(17)   ResolvedMethodTable Weak       Min:  0.0, Avg:  0.0, Max:  0.1, Diff:  0.1, Sum:  0.2, Workers: 4
[515.834s][debug][gc,phases      ] GC(17)     Dead                           Min: 0, Avg:  6.2, Max: 17, Diff: 17, Sum: 25, Workers: 4
[515.834s][debug][gc,phases      ] GC(17)     Total                          Min: 0, Avg: 3592.8, Max: 7326, Diff: 7326, Sum: 14371, Workers: 4
[515.834s][debug][gc,phases      ] GC(17)   JNI Weak                       Min:  0.0, Avg:  0.0, Max:  0.0, Diff:  0.0, Sum:  0.0, Workers: 4
[515.834s][debug][gc,phases      ] GC(17)     Dead                           Min: 0, Avg:  0.0, Max: 0, Diff: 0, Sum: 0, Workers: 4
[515.834s][debug][gc,phases      ] GC(17)     Total                          Min: 0, Avg: 13.0, Max: 52, Diff: 52, Sum: 52, Workers: 4
[515.834s][debug][gc,phases      ] GC(17)   StringDedup Table Weak         Min:  0.0, Avg:  0.0, Max:  0.0, Diff:  0.0, Sum:  0.0, Workers: 4
[515.834s][debug][gc,phases      ] GC(17)     Dead                           Min: 0, Avg:  0.0, Max: 0, Diff: 0, Sum: 0, Workers: 4
[515.834s][debug][gc,phases      ] GC(17)     Total                          Min: 0, Avg:  0.0, Max: 0, Diff: 0, Sum: 0, Workers: 4
[515.834s][debug][gc,phases      ] GC(17)   StringDedup Requests0 Weak     Min:  0.0, Avg:  0.0, Max:  0.0, Diff:  0.0, Sum:  0.0, Workers: 4
[515.834s][debug][gc,phases      ] GC(17)     Dead                           Min: 0, Avg:  0.0, Max: 0, Diff: 0, Sum: 0, Workers: 4
[515.834s][debug][gc,phases      ] GC(17)     Total                          Min: 0, Avg:  0.0, Max: 0, Diff: 0, Sum: 0, Workers: 4
[515.834s][debug][gc,phases      ] GC(17)   StringDedup Requests1 Weak     Min:  0.0, Avg:  0.0, Max:  0.0, Diff:  0.0, Sum:  0.0, Workers: 4
[515.834s][debug][gc,phases      ] GC(17)     Dead                           Min: 0, Avg:  0.0, Max: 0, Diff: 0, Sum: 0, Workers: 4
[515.834s][debug][gc,phases      ] GC(17)     Total                          Min: 0, Avg:  0.0, Max: 0, Diff: 0, Sum: 0, Workers: 4
[515.834s][debug][gc,phases      ] GC(17)   Weak JFR Old Object Samples    Min:  0.0, Avg:  0.0, Max:  0.0, Diff:  0.0, Sum:  0.0, Workers: 4
[515.834s][debug][gc,phases      ] GC(17)     Dead                           Min: 0, Avg:  0.0, Max: 0, Diff: 0, Sum: 0, Workers: 4
[515.834s][debug][gc,phases      ] GC(17)     Total                          Min: 0, Avg:  0.0, Max: 0, Diff: 0, Sum: 0, Workers: 4
[515.834s][debug][gc,phases      ] GC(17) Weak Processing 0.607ms
[515.834s][debug][gc,age         ] GC(17) Desired survivor size 254279680 bytes, new threshold 1 (max threshold 15)
[515.834s][info ][gc,heap        ] GC(17) PSYoungGen: 1588000K(1842176K)->13035K(1839616K) Eden: 1584640K(1584640K)->0K(1584640K) From: 3360K(257536K)->13035K(254976K)
[515.834s][info ][gc,heap        ] GC(17) ParOldGen: 214363K(217088K)->215551K(217088K)
[515.834s][info ][gc,metaspace   ] GC(17) Metaspace: 103492K(104640K)->103492K(104640K) NonClass: 87798K(88448K)->87798K(88448K) Class: 15694K(16192K)->15694K(16192K)
[515.834s][info ][gc             ] GC(17) Pause Young (Allocation Failure) 1760M->223M(2008M) 12.449ms
[515.834s][info ][gc,cpu         ] GC(17) User=0.02s Sys=0.01s Real=0.01s
[515.836s][info ][safepoint      ] Safepoint "ParallelGCFailedAllocation", Time since last: 603761216 ns, Reaching safepoint: 78499 ns, Cleanup: 4700 ns, At safepoint: 14744196 ns, Total: 14827395 ns
[517.836s][info ][safepoint      ] Safepoint "Cleanup", Time since last: 2000186401 ns, Reaching safepoint: 8200 ns, Cleanup: 18199 ns, At safepoint: 2500 ns, Total: 28899 ns
[519.836s][info ][safepoint      ] Safepoint "Cleanup", Time since last: 2000188676 ns, Reaching safepoint: 8100 ns, Cleanup: 18399 ns, At safepoint: 2600 ns, Total: 29099 ns
[521.837s][info ][safepoint      ] Safepoint "Cleanup", Time since last: 2000266675 ns, Reaching safepoint: 7200 ns, Cleanup: 10800 ns, At safepoint: 2500 ns, Total: 20500 ns
[523.837s][info ][safepoint      ] Safepoint "Cleanup", Time since last: 2000259975 ns, Reaching safepoint: 8200 ns, Cleanup: 12300 ns, At safepoint: 2600 ns, Total: 23100 ns
[525.837s][info ][safepoint      ] Safepoint "Cleanup", Time since last: 2000212595 ns, Reaching safepoint: 7000 ns, Cleanup: 10700 ns, At safepoint: 2600 ns, Total: 20300 ns
[528.837s][info ][safepoint      ] Safepoint "Cleanup", Time since last: 3000260869 ns, Reaching safepoint: 6400 ns, Cleanup: 8900 ns, At safepoint: 2000 ns, Total: 17300 ns
[532.838s][info ][safepoint      ] Safepoint "Cleanup", Time since last: 4000307417 ns, Reaching safepoint: 6800 ns, Cleanup: 10400 ns, At safepoint: 2100 ns, Total: 19300 ns
[533.838s][info ][safepoint      ] Safepoint "Cleanup", Time since last: 1000116443 ns, Reaching safepoint: 6900 ns, Cleanup: 10600 ns, At safepoint: 2400 ns, Total: 19900 ns
[535.838s][info ][safepoint      ] Safepoint "Cleanup", Time since last: 2000167843 ns, Reaching safepoint: 6300 ns, Cleanup: 10000 ns, At safepoint: 2000 ns, Total: 18300 ns
[537.838s][info ][safepoint      ] Safepoint "Cleanup", Time since last: 2000188943 ns, Reaching safepoint: 6600 ns, Cleanup: 8700 ns, At safepoint: 1800 ns, Total: 17100 ns
[539.838s][info ][safepoint      ] Safepoint "Cleanup", Time since last: 2000175743 ns, Reaching safepoint: 6800 ns, Cleanup: 11700 ns, At safepoint: 2100 ns, Total: 20600 ns
[541.231s][info ][safepoint      ] Safepoint "Cleanup", Time since last: 1392451602 ns, Reaching safepoint: 5900 ns, Cleanup: 11000 ns, At safepoint: 1800 ns, Total: 18700 ns
[542.231s][info ][safepoint      ] Safepoint "Cleanup", Time since last: 1000110779 ns, Reaching safepoint: 7500 ns, Cleanup: 15801 ns, At safepoint: 2200 ns, Total: 25501 ns
[544.231s][info ][safepoint      ] Safepoint "Cleanup", Time since last: 2000196502 ns, Reaching safepoint: 6500 ns, Cleanup: 9000 ns, At safepoint: 2100 ns, Total: 17600 ns
[546.232s][info ][safepoint      ] Safepoint "Cleanup", Time since last: 2000179206 ns, Reaching safepoint: 6000 ns, Cleanup: 15300 ns, At safepoint: 2000 ns, Total: 23300 ns
[547.232s][info ][safepoint      ] Safepoint "Cleanup", Time since last: 1000111190 ns, Reaching safepoint: 5900 ns, Cleanup: 12900 ns, At safepoint: 1600 ns, Total: 20400 ns
[548.232s][info ][safepoint      ] Safepoint "Cleanup", Time since last: 1000093990 ns, Reaching safepoint: 79600 ns, Cleanup: 42899 ns, At safepoint: 7300 ns, Total: 129799 ns
[549.232s][info ][safepoint      ] Safepoint "Cleanup", Time since last: 1000108090 ns, Reaching safepoint: 6500 ns, Cleanup: 10200 ns, At safepoint: 2200 ns, Total: 18900 ns
[551.232s][info ][safepoint      ] Safepoint "Cleanup", Time since last: 2000181164 ns, Reaching safepoint: 6300 ns, Cleanup: 15100 ns, At safepoint: 2400 ns, Total: 23800 ns
[552.232s][info ][safepoint      ] Safepoint "Cleanup", Time since last: 1000119119 ns, Reaching safepoint: 7400 ns, Cleanup: 14300 ns, At safepoint: 2300 ns, Total: 24000 ns
[553.754s][info ][safepoint      ] Safepoint "Cleanup", Time since last: 1522073300 ns, Reaching safepoint: 4000 ns, Cleanup: 15900 ns, At safepoint: 5400 ns, Total: 25300 ns
[554.755s][info ][safepoint      ] Safepoint "Cleanup", Time since last: 1000138607 ns, Reaching safepoint: 7400 ns, Cleanup: 26400 ns, At safepoint: 2400 ns, Total: 36200 ns
[555.755s][info ][safepoint      ] Safepoint "Cleanup", Time since last: 1000107207 ns, Reaching safepoint: 8300 ns, Cleanup: 13700 ns, At safepoint: 2700 ns, Total: 24700 ns
[556.755s][info ][safepoint      ] Safepoint "Cleanup", Time since last: 1000123307 ns, Reaching safepoint: 18500 ns, Cleanup: 12199 ns, At safepoint: 2500 ns, Total: 33199 ns
[557.755s][info ][safepoint      ] Safepoint "Cleanup", Time since last: 1000130247 ns, Reaching safepoint: 7900 ns, Cleanup: 12000 ns, At safepoint: 2400 ns, Total: 22300 ns
[562.755s][info ][safepoint      ] Safepoint "Cleanup", Time since last: 5000415903 ns, Reaching safepoint: 6199 ns, Cleanup: 12200 ns, At safepoint: 2300 ns, Total: 20699 ns
[563.756s][info ][safepoint      ] Safepoint "Cleanup", Time since last: 1000110119 ns, Reaching safepoint: 6800 ns, Cleanup: 11500 ns, At safepoint: 2400 ns, Total: 20700 ns
[564.756s][info ][safepoint      ] Safepoint "Cleanup", Time since last: 1000112619 ns, Reaching safepoint: 6900 ns, Cleanup: 11200 ns, At safepoint: 2200 ns, Total: 20300 ns
[565.756s][info ][safepoint      ] Safepoint "Cleanup", Time since last: 1000126001 ns, Reaching safepoint: 7000 ns, Cleanup: 15001 ns, At safepoint: 2401 ns, Total: 24402 ns
[566.756s][info ][safepoint      ] Safepoint "Cleanup", Time since last: 1000110291 ns, Reaching safepoint: 7200 ns, Cleanup: 11300 ns, At safepoint: 2400 ns, Total: 20900 ns
[567.756s][info ][safepoint      ] Safepoint "Cleanup", Time since last: 1000116614 ns, Reaching safepoint: 6800 ns, Cleanup: 14100 ns, At safepoint: 2100 ns, Total: 23000 ns
[568.756s][info ][safepoint      ] Safepoint "Cleanup", Time since last: 1000112514 ns, Reaching safepoint: 6000 ns, Cleanup: 26200 ns, At safepoint: 2000 ns, Total: 34200 ns
[569.756s][info ][safepoint      ] Safepoint "Cleanup", Time since last: 1000107114 ns, Reaching safepoint: 6500 ns, Cleanup: 16200 ns, At safepoint: 2200 ns, Total: 24900 ns
[570.757s][info ][safepoint      ] Safepoint "Cleanup", Time since last: 1000126514 ns, Reaching safepoint: 6300 ns, Cleanup: 15599 ns, At safepoint: 2600 ns, Total: 24499 ns
[571.757s][info ][safepoint      ] Safepoint "Cleanup", Time since last: 1000107715 ns, Reaching safepoint: 5899 ns, Cleanup: 10100 ns, At safepoint: 1800 ns, Total: 17799 ns
[572.757s][info ][safepoint      ] Safepoint "Cleanup", Time since last: 1000099415 ns, Reaching safepoint: 5999 ns, Cleanup: 14300 ns, At safepoint: 2100 ns, Total: 22399 ns
[573.757s][info ][safepoint      ] Safepoint "Cleanup", Time since last: 1000107778 ns, Reaching safepoint: 6301 ns, Cleanup: 12800 ns, At safepoint: 2500 ns, Total: 21601 ns
[582.758s][info ][safepoint      ] Safepoint "Cleanup", Time since last: 9000681686 ns, Reaching safepoint: 5600 ns, Cleanup: 11700 ns, At safepoint: 1800 ns, Total: 19100 ns
[583.758s][info ][safepoint      ] Safepoint "Cleanup", Time since last: 1000104461 ns, Reaching safepoint: 6100 ns, Cleanup: 12100 ns, At safepoint: 2100 ns, Total: 20300 ns
[584.758s][info ][safepoint      ] Safepoint "Cleanup", Time since last: 1000110462 ns, Reaching safepoint: 6600 ns, Cleanup: 12200 ns, At safepoint: 2400 ns, Total: 21200 ns
[589.622s][info ][gc,start       ] GC(18) Pause Young (Allocation Failure)
[589.630s][debug][gc,phases      ] GC(18) Scavenge 7.305ms
[589.630s][debug][gc,ref         ] GC(18) ReferenceProcessor::execute queues: 1, RefProcThreadModel::Single, marks_oops_alive: false
[589.630s][debug][gc,ref         ] GC(18) Skipped KeepAliveFinalRefsPhase of Reference Processing: no references
[589.630s][debug][gc,ref         ] GC(18) ReferenceProcessor::execute queues: 1, RefProcThreadModel::Single, marks_oops_alive: false
[589.630s][debug][gc,phases      ] GC(18) Reference Processing 0.114ms
[589.630s][debug][gc,phases      ] GC(18)   VM Weak                        Min:  0.0, Avg:  0.0, Max:  0.0, Diff:  0.0, Sum:  0.0, Workers: 4
[589.630s][debug][gc,phases      ] GC(18)     Dead                           Min: 0, Avg:  0.0, Max: 0, Diff: 0, Sum: 0, Workers: 4
[589.630s][debug][gc,phases      ] GC(18)     Total                          Min: 0, Avg: 221.2, Max: 576, Diff: 576, Sum: 885, Workers: 4
[589.630s][debug][gc,phases      ] GC(18)   ObjectSynchronizer Weak        Min:  0.0, Avg:  0.0, Max:  0.0, Diff:  0.0, Sum:  0.0, Workers: 4
[589.630s][debug][gc,phases      ] GC(18)     Dead                           Min: 0, Avg:  0.0, Max: 0, Diff: 0, Sum: 0, Workers: 4
[589.630s][debug][gc,phases      ] GC(18)     Total                          Min: 0, Avg:  1.0, Max: 4, Diff: 4, Sum: 4, Workers: 4
[589.630s][debug][gc,phases      ] GC(18)   JVMTI Tag Weak OopStorage      Min:  0.0, Avg:  0.0, Max:  0.0, Diff:  0.0, Sum:  0.0, Workers: 4
[589.630s][debug][gc,phases      ] GC(18)     Dead                           Min: 0, Avg:  0.0, Max: 0, Diff: 0, Sum: 0, Workers: 4
[589.630s][debug][gc,phases      ] GC(18)     Total                          Min: 0, Avg:  0.0, Max: 0, Diff: 0, Sum: 0, Workers: 4
[589.630s][debug][gc,phases      ] GC(18)   StringTable Weak               Min:  0.0, Avg:  0.1, Max:  0.2, Diff:  0.2, Sum:  0.5, Workers: 4
[589.630s][debug][gc,phases      ] GC(18)     Dead                           Min: 0, Avg:  0.8, Max: 3, Diff: 3, Sum: 3, Workers: 4
[589.630s][debug][gc,phases      ] GC(18)     Total                          Min: 0, Avg: 11407.0, Max: 16768, Diff: 16768, Sum: 45628, Workers: 4
[589.630s][debug][gc,phases      ] GC(18)   ResolvedMethodTable Weak       Min:  0.0, Avg:  0.0, Max:  0.0, Diff:  0.0, Sum:  0.1, Workers: 4
[589.630s][debug][gc,phases      ] GC(18)     Dead                           Min: 0, Avg:  5.0, Max: 18, Diff: 18, Sum: 20, Workers: 4
[589.630s][debug][gc,phases      ] GC(18)     Total                          Min: 0, Avg: 3606.0, Max: 6013, Diff: 6013, Sum: 14424, Workers: 4
[589.630s][debug][gc,phases      ] GC(18)   JNI Weak                       Min:  0.0, Avg:  0.0, Max:  0.0, Diff:  0.0, Sum:  0.0, Workers: 4
[589.630s][debug][gc,phases      ] GC(18)     Dead                           Min: 0, Avg:  0.0, Max: 0, Diff: 0, Sum: 0, Workers: 4
[589.630s][debug][gc,phases      ] GC(18)     Total                          Min: 0, Avg: 13.0, Max: 52, Diff: 52, Sum: 52, Workers: 4
[589.630s][debug][gc,phases      ] GC(18)   StringDedup Table Weak         Min:  0.0, Avg:  0.0, Max:  0.0, Diff:  0.0, Sum:  0.0, Workers: 4
[589.630s][debug][gc,phases      ] GC(18)     Dead                           Min: 0, Avg:  0.0, Max: 0, Diff: 0, Sum: 0, Workers: 4
[589.630s][debug][gc,phases      ] GC(18)     Total                          Min: 0, Avg:  0.0, Max: 0, Diff: 0, Sum: 0, Workers: 4
[589.630s][debug][gc,phases      ] GC(18)   StringDedup Requests0 Weak     Min:  0.0, Avg:  0.0, Max:  0.0, Diff:  0.0, Sum:  0.0, Workers: 4
[589.630s][debug][gc,phases      ] GC(18)     Dead                           Min: 0, Avg:  0.0, Max: 0, Diff: 0, Sum: 0, Workers: 4
[589.630s][debug][gc,phases      ] GC(18)     Total                          Min: 0, Avg:  0.0, Max: 0, Diff: 0, Sum: 0, Workers: 4
[589.630s][debug][gc,phases      ] GC(18)   StringDedup Requests1 Weak     Min:  0.0, Avg:  0.0, Max:  0.0, Diff:  0.0, Sum:  0.0, Workers: 4
[589.630s][debug][gc,phases      ] GC(18)     Dead                           Min: 0, Avg:  0.0, Max: 0, Diff: 0, Sum: 0, Workers: 4
[589.630s][debug][gc,phases      ] GC(18)     Total                          Min: 0, Avg:  0.0, Max: 0, Diff: 0, Sum: 0, Workers: 4
[589.630s][debug][gc,phases      ] GC(18)   Weak JFR Old Object Samples    Min:  0.0, Avg:  0.0, Max:  0.0, Diff:  0.0, Sum:  0.0, Workers: 4
[589.630s][debug][gc,phases      ] GC(18)     Dead                           Min: 0, Avg:  0.0, Max: 0, Diff: 0, Sum: 0, Workers: 4
[589.630s][debug][gc,phases      ] GC(18)     Total                          Min: 0, Avg:  0.0, Max: 0, Diff: 0, Sum: 0, Workers: 4
[589.630s][debug][gc,phases      ] GC(18) Weak Processing 0.397ms
[589.630s][debug][gc,age         ] GC(18) Desired survivor size 247988224 bytes, new threshold 1 (max threshold 15)
[589.630s][info ][gc,heap        ] GC(18) PSYoungGen: 1597675K(1839616K)->3504K(1854976K) Eden: 1584640K(1584640K)->0K(1606656K) From: 13035K(254976K)->3504K(248320K)
[589.630s][info ][gc,heap        ] GC(18) ParOldGen: 215551K(217088K)->226755K(226816K)
[589.630s][info ][gc,metaspace   ] GC(18) Metaspace: 103826K(105088K)->103826K(105088K) NonClass: 88087K(88832K)->88087K(88832K) Class: 15738K(16256K)->15738K(16256K)
[589.630s][info ][gc             ] GC(18) Pause Young (Allocation Failure) 1770M->224M(2033M) 7.933ms
[589.630s][info ][gc,cpu         ] GC(18) User=0.02s Sys=0.01s Real=0.01s
[589.630s][info ][safepoint      ] Safepoint "ParallelGCFailedAllocation", Time since last: 4864392115 ns, Reaching safepoint: 5900 ns, Cleanup: 4400 ns, At safepoint: 7998206 ns, Total: 8008506 ns
[592.631s][info ][safepoint      ] Safepoint "Cleanup", Time since last: 3000238342 ns, Reaching safepoint: 5600 ns, Cleanup: 8900 ns, At safepoint: 1800 ns, Total: 16300 ns
[594.631s][info ][safepoint      ] Safepoint "Cleanup", Time since last: 2000174432 ns, Reaching safepoint: 5300 ns, Cleanup: 14400 ns, At safepoint: 4400 ns, Total: 24100 ns
[595.631s][info ][safepoint      ] Safepoint "Cleanup", Time since last: 1000122815 ns, Reaching safepoint: 5200 ns, Cleanup: 13500 ns, At safepoint: 1900 ns, Total: 20600 ns
[596.631s][info ][safepoint      ] Safepoint "Cleanup", Time since last: 1000104516 ns, Reaching safepoint: 5400 ns, Cleanup: 8300 ns, At safepoint: 1800 ns, Total: 15500 ns
[597.631s][info ][safepoint      ] Safepoint "Cleanup", Time since last: 1000109616 ns, Reaching safepoint: 5700 ns, Cleanup: 11800 ns, At safepoint: 2200 ns, Total: 19700 ns
[598.631s][info ][safepoint      ] Safepoint "Cleanup", Time since last: 1000108343 ns, Reaching safepoint: 5300 ns, Cleanup: 16800 ns, At safepoint: 2000 ns, Total: 24100 ns
[602.253s][info ][safepoint      ] Safepoint "Cleanup", Time since last: 3622127393 ns, Reaching safepoint: 6100 ns, Cleanup: 10800 ns, At safepoint: 1700 ns, Total: 18600 ns
[604.254s][info ][safepoint      ] Safepoint "Cleanup", Time since last: 2000186411 ns, Reaching safepoint: 6900 ns, Cleanup: 14000 ns, At safepoint: 2100 ns, Total: 23000 ns
[605.254s][info ][safepoint      ] Safepoint "Cleanup", Time since last: 1000116702 ns, Reaching safepoint: 6500 ns, Cleanup: 14200 ns, At safepoint: 2000 ns, Total: 22700 ns
[608.254s][info ][safepoint      ] Safepoint "Cleanup", Time since last: 3000259170 ns, Reaching safepoint: 6500 ns, Cleanup: 11700 ns, At safepoint: 1900 ns, Total: 20100 ns
[610.254s][info ][safepoint      ] Safepoint "Cleanup", Time since last: 2000179177 ns, Reaching safepoint: 7200 ns, Cleanup: 11100 ns, At safepoint: 2200 ns, Total: 20500 ns
[611.255s][info ][safepoint      ] Safepoint "Cleanup", Time since last: 1000128888 ns, Reaching safepoint: 79600 ns, Cleanup: 31500 ns, At safepoint: 4900 ns, Total: 116000 ns
[612.255s][info ][safepoint      ] Safepoint "Cleanup", Time since last: 1000124189 ns, Reaching safepoint: 7400 ns, Cleanup: 52900 ns, At safepoint: 2400 ns, Total: 62700 ns
[613.255s][info ][safepoint      ] Safepoint "Cleanup", Time since last: 1000114188 ns, Reaching safepoint: 7400 ns, Cleanup: 20500 ns, At safepoint: 2100 ns, Total: 30000 ns
[614.255s][info ][safepoint      ] Safepoint "Cleanup", Time since last: 1000114231 ns, Reaching safepoint: 6000 ns, Cleanup: 9800 ns, At safepoint: 2000 ns, Total: 17800 ns
[615.255s][info ][safepoint      ] Safepoint "Cleanup", Time since last: 1000115043 ns, Reaching safepoint: 6800 ns, Cleanup: 13300 ns, At safepoint: 2400 ns, Total: 22500 ns
[616.255s][info ][safepoint      ] Safepoint "Cleanup", Time since last: 1000115143 ns, Reaching safepoint: 7400 ns, Cleanup: 16200 ns, At safepoint: 2300 ns, Total: 25900 ns
[618.255s][info ][safepoint      ] Safepoint "Cleanup", Time since last: 2000185386 ns, Reaching safepoint: 7500 ns, Cleanup: 13100 ns, At safepoint: 2200 ns, Total: 22800 ns
[620.256s][info ][safepoint      ] Safepoint "Cleanup", Time since last: 2000181295 ns, Reaching safepoint: 6800 ns, Cleanup: 10700 ns, At safepoint: 1900 ns, Total: 19400 ns
[621.256s][info ][safepoint      ] Safepoint "Cleanup", Time since last: 1000113391 ns, Reaching safepoint: 7600 ns, Cleanup: 11500 ns, At safepoint: 2200 ns, Total: 21300 ns
[626.256s][info ][safepoint      ] Safepoint "Cleanup", Time since last: 5000388272 ns, Reaching safepoint: 6900 ns, Cleanup: 11200 ns, At safepoint: 2200 ns, Total: 20300 ns
[628.256s][info ][safepoint      ] Safepoint "Cleanup", Time since last: 2000178815 ns, Reaching safepoint: 7200 ns, Cleanup: 10600 ns, At safepoint: 2500 ns, Total: 20300 ns
[632.257s][info ][safepoint      ] Safepoint "Cleanup", Time since last: 4000340183 ns, Reaching safepoint: 7300 ns, Cleanup: 10100 ns, At safepoint: 1900 ns, Total: 19300 ns
[635.257s][info ][safepoint      ] Safepoint "Cleanup", Time since last: 3000242667 ns, Reaching safepoint: 6900 ns, Cleanup: 10600 ns, At safepoint: 2300 ns, Total: 19800 ns
[636.257s][info ][safepoint      ] Safepoint "Cleanup", Time since last: 1000110389 ns, Reaching safepoint: 7000 ns, Cleanup: 9800 ns, At safepoint: 2300 ns, Total: 19100 ns
[639.257s][info ][safepoint      ] Safepoint "Cleanup", Time since last: 3000258630 ns, Reaching safepoint: 6600 ns, Cleanup: 15700 ns, At safepoint: 2500 ns, Total: 24800 ns
[641.258s][info ][safepoint      ] Safepoint "Cleanup", Time since last: 2000196904 ns, Reaching safepoint: 7500 ns, Cleanup: 10700 ns, At safepoint: 2200 ns, Total: 20400 ns
[642.258s][info ][safepoint      ] Safepoint "Cleanup", Time since last: 1000115652 ns, Reaching safepoint: 8000 ns, Cleanup: 18300 ns, At safepoint: 2500 ns, Total: 28800 ns
[643.258s][info ][safepoint      ] Safepoint "Cleanup", Time since last: 1000114852 ns, Reaching safepoint: 6800 ns, Cleanup: 12800 ns, At safepoint: 1900 ns, Total: 21500 ns
[644.258s][info ][safepoint      ] Safepoint "Cleanup", Time since last: 1000104449 ns, Reaching safepoint: 7500 ns, Cleanup: 13900 ns, At safepoint: 2400 ns, Total: 23800 ns
[645.258s][info ][safepoint      ] Safepoint "Cleanup", Time since last: 1000120919 ns, Reaching safepoint: 7700 ns, Cleanup: 11600 ns, At safepoint: 2600 ns, Total: 21900 ns
[647.258s][info ][safepoint      ] Safepoint "Cleanup", Time since last: 2000188711 ns, Reaching safepoint: 6500 ns, Cleanup: 12400 ns, At safepoint: 2200 ns, Total: 21100 ns
[649.259s][info ][safepoint      ] Safepoint "Cleanup", Time since last: 2000182984 ns, Reaching safepoint: 7300 ns, Cleanup: 9500 ns, At safepoint: 2100 ns, Total: 18900 ns
[652.259s][info ][safepoint      ] Safepoint "Cleanup", Time since last: 3000250675 ns, Reaching safepoint: 7000 ns, Cleanup: 10800 ns, At safepoint: 2100 ns, Total: 19900 ns
[653.259s][info ][safepoint      ] Safepoint "Cleanup", Time since last: 1000104239 ns, Reaching safepoint: 6600 ns, Cleanup: 9500 ns, At safepoint: 2000 ns, Total: 18100 ns
[655.259s][info ][safepoint      ] Safepoint "Cleanup", Time since last: 2000169174 ns, Reaching safepoint: 7200 ns, Cleanup: 16700 ns, At safepoint: 2600 ns, Total: 26500 ns
[656.918s][info ][safepoint      ] Safepoint "Cleanup", Time since last: 1658314572 ns, Reaching safepoint: 19800 ns, Cleanup: 25300 ns, At safepoint: 2300 ns, Total: 47400 ns
[657.918s][info ][safepoint      ] Safepoint "Cleanup", Time since last: 1000105487 ns, Reaching safepoint: 5600 ns, Cleanup: 13400 ns, At safepoint: 1900 ns, Total: 20900 ns
[658.918s][info ][safepoint      ] Safepoint "Cleanup", Time since last: 1000098786 ns, Reaching safepoint: 6100 ns, Cleanup: 13100 ns, At safepoint: 1800 ns, Total: 21000 ns
[659.671s][info ][gc,start       ] GC(19) Pause Young (Allocation Failure)
[659.676s][debug][gc,phases      ] GC(19) Scavenge 5.289ms
[659.676s][debug][gc,ref         ] GC(19) ReferenceProcessor::execute queues: 1, RefProcThreadModel::Single, marks_oops_alive: false
[659.676s][debug][gc,ref         ] GC(19) Skipped KeepAliveFinalRefsPhase of Reference Processing: no references
[659.676s][debug][gc,ref         ] GC(19) ReferenceProcessor::execute queues: 1, RefProcThreadModel::Single, marks_oops_alive: false
[659.676s][debug][gc,phases      ] GC(19) Reference Processing 0.121ms
[659.677s][debug][gc,phases      ] GC(19)   VM Weak                        Min:  0.0, Avg:  0.0, Max:  0.0, Diff:  0.0, Sum:  0.0, Workers: 4
[659.677s][debug][gc,phases      ] GC(19)     Dead                           Min: 0, Avg:  0.0, Max: 0, Diff: 0, Sum: 0, Workers: 4
[659.677s][debug][gc,phases      ] GC(19)     Total                          Min: 0, Avg: 221.5, Max: 886, Diff: 886, Sum: 886, Workers: 4
[659.677s][debug][gc,phases      ] GC(19)   ObjectSynchronizer Weak        Min:  0.0, Avg:  0.0, Max:  0.0, Diff:  0.0, Sum:  0.0, Workers: 4
[659.677s][debug][gc,phases      ] GC(19)     Dead                           Min: 0, Avg:  0.0, Max: 0, Diff: 0, Sum: 0, Workers: 4
[659.677s][debug][gc,phases      ] GC(19)     Total                          Min: 0, Avg:  1.0, Max: 4, Diff: 4, Sum: 4, Workers: 4
[659.677s][debug][gc,phases      ] GC(19)   JVMTI Tag Weak OopStorage      Min:  0.0, Avg:  0.0, Max:  0.0, Diff:  0.0, Sum:  0.0, Workers: 4
[659.677s][debug][gc,phases      ] GC(19)     Dead                           Min: 0, Avg:  0.0, Max: 0, Diff: 0, Sum: 0, Workers: 4
[659.677s][debug][gc,phases      ] GC(19)     Total                          Min: 0, Avg:  0.0, Max: 0, Diff: 0, Sum: 0, Workers: 4
[659.677s][debug][gc,phases      ] GC(19)   StringTable Weak               Min:  0.0, Avg:  0.1, Max:  0.4, Diff:  0.4, Sum:  0.4, Workers: 4
[659.677s][debug][gc,phases      ] GC(19)     Dead                           Min: 0, Avg:  0.2, Max: 1, Diff: 1, Sum: 1, Workers: 4
[659.677s][debug][gc,phases      ] GC(19)     Total                          Min: 0, Avg: 11435.8, Max: 45743, Diff: 45743, Sum: 45743, Workers: 4
[659.677s][debug][gc,phases      ] GC(19)   ResolvedMethodTable Weak       Min:  0.0, Avg:  0.0, Max:  0.2, Diff:  0.2, Sum:  0.2, Workers: 4
[659.677s][debug][gc,phases      ] GC(19)     Dead                           Min: 0, Avg: 15.0, Max: 60, Diff: 60, Sum: 60, Workers: 4
[659.677s][debug][gc,phases      ] GC(19)     Total                          Min: 0, Avg: 3627.0, Max: 14508, Diff: 14508, Sum: 14508, Workers: 4
[659.677s][debug][gc,phases      ] GC(19)   JNI Weak                       Min:  0.0, Avg:  0.0, Max:  0.0, Diff:  0.0, Sum:  0.0, Workers: 4
[659.677s][debug][gc,phases      ] GC(19)     Dead                           Min: 0, Avg:  0.0, Max: 0, Diff: 0, Sum: 0, Workers: 4
[659.677s][debug][gc,phases      ] GC(19)     Total                          Min: 0, Avg: 13.0, Max: 52, Diff: 52, Sum: 52, Workers: 4
[659.677s][debug][gc,phases      ] GC(19)   StringDedup Table Weak         Min:  0.0, Avg:  0.0, Max:  0.0, Diff:  0.0, Sum:  0.0, Workers: 4
[659.677s][debug][gc,phases      ] GC(19)     Dead                           Min: 0, Avg:  0.0, Max: 0, Diff: 0, Sum: 0, Workers: 4
[659.677s][debug][gc,phases      ] GC(19)     Total                          Min: 0, Avg:  0.0, Max: 0, Diff: 0, Sum: 0, Workers: 4
[659.677s][debug][gc,phases      ] GC(19)   StringDedup Requests0 Weak     Min:  0.0, Avg:  0.0, Max:  0.0, Diff:  0.0, Sum:  0.0, Workers: 4
[659.677s][debug][gc,phases      ] GC(19)     Dead                           Min: 0, Avg:  0.0, Max: 0, Diff: 0, Sum: 0, Workers: 4
[659.677s][debug][gc,phases      ] GC(19)     Total                          Min: 0, Avg:  0.0, Max: 0, Diff: 0, Sum: 0, Workers: 4
[659.677s][debug][gc,phases      ] GC(19)   StringDedup Requests1 Weak     Min:  0.0, Avg:  0.0, Max:  0.0, Diff:  0.0, Sum:  0.0, Workers: 4
[659.677s][debug][gc,phases      ] GC(19)     Dead                           Min: 0, Avg:  0.0, Max: 0, Diff: 0, Sum: 0, Workers: 4
[659.677s][debug][gc,phases      ] GC(19)     Total                          Min: 0, Avg:  0.0, Max: 0, Diff: 0, Sum: 0, Workers: 4
[659.677s][debug][gc,phases      ] GC(19)   Weak JFR Old Object Samples    Min:  0.0, Avg:  0.0, Max:  0.0, Diff:  0.0, Sum:  0.0, Workers: 4
[659.677s][debug][gc,phases      ] GC(19)     Dead                           Min: 0, Avg:  0.0, Max: 0, Diff: 0, Sum: 0, Workers: 4
[659.677s][debug][gc,phases      ] GC(19)     Total                          Min: 0, Avg:  0.0, Max: 0, Diff: 0, Sum: 0, Workers: 4
[659.677s][debug][gc,phases      ] GC(19) Weak Processing 0.782ms
[659.677s][debug][gc,age         ] GC(19) Desired survivor size 240648192 bytes, new threshold 1 (max threshold 15)
[659.677s][info ][gc,heap        ] GC(19) PSYoungGen: 1610160K(1854976K)->3440K(1848832K) Eden: 1606656K(1606656K)->0K(1606656K) From: 3504K(248320K)->3440K(242176K)
[659.677s][info ][gc,heap        ] GC(19) ParOldGen: 226755K(226816K)->227635K(227840K)
[659.677s][info ][gc,metaspace   ] GC(19) Metaspace: 104074K(105344K)->104074K(105344K) NonClass: 88297K(89024K)->88297K(89024K) Class: 15777K(16320K)->15777K(16320K)
[659.677s][info ][gc             ] GC(19) Pause Young (Allocation Failure) 1793M->225M(2028M) 6.321ms
[659.677s][info ][gc,cpu         ] GC(19) User=0.01s Sys=0.00s Real=0.01s
[659.677s][info ][safepoint      ] Safepoint "ParallelGCFailedAllocation", Time since last: 752641515 ns, Reaching safepoint: 81000 ns, Cleanup: 9900 ns, At safepoint: 6408902 ns, Total: 6499802 ns
[661.272s][info ][safepoint      ] Safepoint "Cleanup", Time since last: 1594456456 ns, Reaching safepoint: 77300 ns, Cleanup: 9800 ns, At safepoint: 5700 ns, Total: 92800 ns
[664.275s][info ][safepoint      ] Safepoint "Cleanup", Time since last: 3003014493 ns, Reaching safepoint: 6900 ns, Cleanup: 26900 ns, At safepoint: 3800 ns, Total: 37600 ns
[665.275s][info ][safepoint      ] Safepoint "Cleanup", Time since last: 1000108554 ns, Reaching safepoint: 5400 ns, Cleanup: 9800 ns, At safepoint: 1900 ns, Total: 17100 ns
[666.275s][info ][safepoint      ] Safepoint "Cleanup", Time since last: 1000097154 ns, Reaching safepoint: 5100 ns, Cleanup: 7100 ns, At safepoint: 1700 ns, Total: 13900 ns
[668.275s][info ][safepoint      ] Safepoint "Cleanup", Time since last: 2000166307 ns, Reaching safepoint: 5900 ns, Cleanup: 9500 ns, At safepoint: 2100 ns, Total: 17500 ns
[669.275s][info ][safepoint      ] Safepoint "Cleanup", Time since last: 1000108176 ns, Reaching safepoint: 5100 ns, Cleanup: 20500 ns, At safepoint: 1900 ns, Total: 27500 ns
[671.275s][info ][safepoint      ] Safepoint "Cleanup", Time since last: 2000177904 ns, Reaching safepoint: 6300 ns, Cleanup: 13800 ns, At safepoint: 2300 ns, Total: 22400 ns
[672.276s][info ][safepoint      ] Safepoint "Cleanup", Time since last: 1000112830 ns, Reaching safepoint: 77000 ns, Cleanup: 19700 ns, At safepoint: 21199 ns, Total: 117899 ns
[673.276s][info ][safepoint      ] Safepoint "Cleanup", Time since last: 1000101533 ns, Reaching safepoint: 6200 ns, Cleanup: 28300 ns, At safepoint: 2200 ns, Total: 36700 ns
[674.276s][info ][safepoint      ] Safepoint "Cleanup", Time since last: 1000109065 ns, Reaching safepoint: 5400 ns, Cleanup: 19100 ns, At safepoint: 2000 ns, Total: 26500 ns
[675.276s][info ][safepoint      ] Safepoint "Cleanup", Time since last: 1000115365 ns, Reaching safepoint: 6000 ns, Cleanup: 9700 ns, At safepoint: 2000 ns, Total: 17700 ns
[676.276s][info ][safepoint      ] Safepoint "Cleanup", Time since last: 1000109165 ns, Reaching safepoint: 4600 ns, Cleanup: 14600 ns, At safepoint: 5000 ns, Total: 24200 ns
[678.276s][info ][safepoint      ] Safepoint "Cleanup", Time since last: 2000169817 ns, Reaching safepoint: 6200 ns, Cleanup: 10500 ns, At safepoint: 2300 ns, Total: 19000 ns
[680.277s][info ][safepoint      ] Safepoint "Cleanup", Time since last: 2000183388 ns, Reaching safepoint: 4700 ns, Cleanup: 13300 ns, At safepoint: 1800 ns, Total: 19800 ns
[682.277s][info ][safepoint      ] Safepoint "Cleanup", Time since last: 2000172353 ns, Reaching safepoint: 6000 ns, Cleanup: 13000 ns, At safepoint: 2000 ns, Total: 21000 ns
[685.277s][info ][safepoint      ] Safepoint "Cleanup", Time since last: 3000241712 ns, Reaching safepoint: 5900 ns, Cleanup: 9300 ns, At safepoint: 1700 ns, Total: 16900 ns
[687.277s][info ][safepoint      ] Safepoint "Cleanup", Time since last: 2000186355 ns, Reaching safepoint: 7200 ns, Cleanup: 13900 ns, At safepoint: 2500 ns, Total: 23600 ns
[688.277s][info ][safepoint      ] Safepoint "Cleanup", Time since last: 1000121872 ns, Reaching safepoint: 5300 ns, Cleanup: 17300 ns, At safepoint: 2100 ns, Total: 24700 ns
[689.277s][info ][safepoint      ] Safepoint "Cleanup", Time since last: 1000112344 ns, Reaching safepoint: 5200 ns, Cleanup: 7000 ns, At safepoint: 1800 ns, Total: 14000 ns
[690.278s][info ][safepoint      ] Safepoint "Cleanup", Time since last: 1000129078 ns, Reaching safepoint: 6100 ns, Cleanup: 9500 ns, At safepoint: 2500 ns, Total: 18100 ns
[691.278s][info ][safepoint      ] Safepoint "Cleanup", Time since last: 1000118378 ns, Reaching safepoint: 6500 ns, Cleanup: 10700 ns, At safepoint: 2300 ns, Total: 19500 ns
[695.278s][info ][safepoint      ] Safepoint "Cleanup", Time since last: 4000321496 ns, Reaching safepoint: 5700 ns, Cleanup: 12800 ns, At safepoint: 2100 ns, Total: 20600 ns
[696.278s][info ][safepoint      ] Safepoint "Cleanup", Time since last: 1000113409 ns, Reaching safepoint: 6600 ns, Cleanup: 13900 ns, At safepoint: 2300 ns, Total: 22800 ns
[701.279s][info ][safepoint      ] Safepoint "Cleanup", Time since last: 5000374257 ns, Reaching safepoint: 5100 ns, Cleanup: 10300 ns, At safepoint: 1800 ns, Total: 17200 ns
[702.279s][info ][safepoint      ] Safepoint "Cleanup", Time since last: 1000119138 ns, Reaching safepoint: 5400 ns, Cleanup: 8400 ns, At safepoint: 2100 ns, Total: 15900 ns
[704.279s][info ][safepoint      ] Safepoint "Cleanup", Time since last: 2000178223 ns, Reaching safepoint: 5800 ns, Cleanup: 10000 ns, At safepoint: 2500 ns, Total: 18300 ns
[705.279s][info ][safepoint      ] Safepoint "Cleanup", Time since last: 1000101612 ns, Reaching safepoint: 6600 ns, Cleanup: 12000 ns, At safepoint: 2100 ns, Total: 20700 ns
[706.279s][info ][safepoint      ] Safepoint "Cleanup", Time since last: 1000121311 ns, Reaching safepoint: 6200 ns, Cleanup: 9200 ns, At safepoint: 2000 ns, Total: 17400 ns
[707.279s][info ][safepoint      ] Safepoint "Cleanup", Time since last: 1000119712 ns, Reaching safepoint: 5700 ns, Cleanup: 10900 ns, At safepoint: 2100 ns, Total: 18700 ns
[709.280s][info ][safepoint      ] Safepoint "Cleanup", Time since last: 2000176845 ns, Reaching safepoint: 6200 ns, Cleanup: 16300 ns, At safepoint: 1900 ns, Total: 24400 ns
[710.280s][info ][safepoint      ] Safepoint "Cleanup", Time since last: 1000140061 ns, Reaching safepoint: 6800 ns, Cleanup: 10300 ns, At safepoint: 2600 ns, Total: 19700 ns
[718.280s][info ][safepoint      ] Safepoint "Cleanup", Time since last: 8000594949 ns, Reaching safepoint: 5700 ns, Cleanup: 9600 ns, At safepoint: 2000 ns, Total: 17300 ns
[721.289s][info ][safepoint      ] Safepoint "Cleanup", Time since last: 3008699594 ns, Reaching safepoint: 6800 ns, Cleanup: 12300 ns, At safepoint: 2400 ns, Total: 21500 ns
[724.289s][info ][safepoint      ] Safepoint "Cleanup", Time since last: 3000269314 ns, Reaching safepoint: 5900 ns, Cleanup: 11800 ns, At safepoint: 2600 ns, Total: 20300 ns
[727.290s][info ][safepoint      ] Safepoint "Cleanup", Time since last: 3000268285 ns, Reaching safepoint: 6100 ns, Cleanup: 11000 ns, At safepoint: 2400 ns, Total: 19500 ns
[730.290s][info ][safepoint      ] Safepoint "Cleanup", Time since last: 3000250998 ns, Reaching safepoint: 6000 ns, Cleanup: 9200 ns, At safepoint: 2000 ns, Total: 17200 ns
[734.290s][info ][safepoint      ] Safepoint "Cleanup", Time since last: 4000315418 ns, Reaching safepoint: 6500 ns, Cleanup: 14800 ns, At safepoint: 1900 ns, Total: 23200 ns
[735.290s][info ][safepoint      ] Safepoint "Cleanup", Time since last: 1000112229 ns, Reaching safepoint: 6200 ns, Cleanup: 11000 ns, At safepoint: 2100 ns, Total: 19300 ns
[735.621s][info ][gc,start       ] GC(20) Pause Young (Allocation Failure)
[735.624s][debug][gc,phases      ] GC(20) Scavenge 2.888ms
[735.624s][debug][gc,ref         ] GC(20) ReferenceProcessor::execute queues: 1, RefProcThreadModel::Single, marks_oops_alive: false
[735.624s][debug][gc,ref         ] GC(20) Skipped KeepAliveFinalRefsPhase of Reference Processing: no references
[735.624s][debug][gc,ref         ] GC(20) ReferenceProcessor::execute queues: 1, RefProcThreadModel::Single, marks_oops_alive: false
[735.624s][debug][gc,phases      ] GC(20) Reference Processing 0.133ms
[735.625s][debug][gc,phases      ] GC(20)   VM Weak                        Min:  0.0, Avg:  0.0, Max:  0.0, Diff:  0.0, Sum:  0.0, Workers: 4
[735.625s][debug][gc,phases      ] GC(20)     Dead                           Min: 0, Avg:  0.0, Max: 0, Diff: 0, Sum: 0, Workers: 4
[735.625s][debug][gc,phases      ] GC(20)     Total                          Min: 0, Avg: 223.2, Max: 448, Diff: 448, Sum: 893, Workers: 4
[735.625s][debug][gc,phases      ] GC(20)   ObjectSynchronizer Weak        Min:  0.0, Avg:  0.0, Max:  0.0, Diff:  0.0, Sum:  0.0, Workers: 4
[735.625s][debug][gc,phases      ] GC(20)     Dead                           Min: 0, Avg:  0.0, Max: 0, Diff: 0, Sum: 0, Workers: 4
[735.625s][debug][gc,phases      ] GC(20)     Total                          Min: 0, Avg:  1.0, Max: 4, Diff: 4, Sum: 4, Workers: 4
[735.625s][debug][gc,phases      ] GC(20)   JVMTI Tag Weak OopStorage      Min:  0.0, Avg:  0.0, Max:  0.0, Diff:  0.0, Sum:  0.0, Workers: 4
[735.625s][debug][gc,phases      ] GC(20)     Dead                           Min: 0, Avg:  0.0, Max: 0, Diff: 0, Sum: 0, Workers: 4
[735.625s][debug][gc,phases      ] GC(20)     Total                          Min: 0, Avg:  0.0, Max: 0, Diff: 0, Sum: 0, Workers: 4
[735.625s][debug][gc,phases      ] GC(20)   StringTable Weak               Min:  0.0, Avg:  0.1, Max:  0.1, Diff:  0.1, Sum:  0.4, Workers: 4
[735.625s][debug][gc,phases      ] GC(20)     Dead                           Min: 0, Avg:  0.2, Max: 1, Diff: 1, Sum: 1, Workers: 4
[735.625s][debug][gc,phases      ] GC(20)     Total                          Min: 154, Avg: 11446.5, Max: 17472, Diff: 17318, Sum: 45786, Workers: 4
[735.625s][debug][gc,phases      ] GC(20)   ResolvedMethodTable Weak       Min:  0.0, Avg:  0.1, Max:  0.1, Diff:  0.0, Sum:  0.2, Workers: 4
[735.625s][debug][gc,phases      ] GC(20)     Dead                           Min: 0, Avg:  4.2, Max: 9, Diff: 9, Sum: 17, Workers: 4
[735.625s][debug][gc,phases      ] GC(20)     Total                          Min: 3404, Avg: 3640.2, Max: 4178, Diff: 774, Sum: 14561, Workers: 4
[735.625s][debug][gc,phases      ] GC(20)   JNI Weak                       Min:  0.0, Avg:  0.0, Max:  0.0, Diff:  0.0, Sum:  0.0, Workers: 4
[735.625s][debug][gc,phases      ] GC(20)     Dead                           Min: 0, Avg:  0.0, Max: 0, Diff: 0, Sum: 0, Workers: 4
[735.625s][debug][gc,phases      ] GC(20)     Total                          Min: 0, Avg: 13.2, Max: 53, Diff: 53, Sum: 53, Workers: 4
[735.625s][debug][gc,phases      ] GC(20)   StringDedup Table Weak         Min:  0.0, Avg:  0.0, Max:  0.0, Diff:  0.0, Sum:  0.0, Workers: 4
[735.625s][debug][gc,phases      ] GC(20)     Dead                           Min: 0, Avg:  0.0, Max: 0, Diff: 0, Sum: 0, Workers: 4
[735.625s][debug][gc,phases      ] GC(20)     Total                          Min: 0, Avg:  0.0, Max: 0, Diff: 0, Sum: 0, Workers: 4
[735.625s][debug][gc,phases      ] GC(20)   StringDedup Requests0 Weak     Min:  0.0, Avg:  0.0, Max:  0.0, Diff:  0.0, Sum:  0.0, Workers: 4
[735.625s][debug][gc,phases      ] GC(20)     Dead                           Min: 0, Avg:  0.0, Max: 0, Diff: 0, Sum: 0, Workers: 4
[735.625s][debug][gc,phases      ] GC(20)     Total                          Min: 0, Avg:  0.0, Max: 0, Diff: 0, Sum: 0, Workers: 4
[735.625s][debug][gc,phases      ] GC(20)   StringDedup Requests1 Weak     Min:  0.0, Avg:  0.0, Max:  0.0, Diff:  0.0, Sum:  0.0, Workers: 4
[735.625s][debug][gc,phases      ] GC(20)     Dead                           Min: 0, Avg:  0.0, Max: 0, Diff: 0, Sum: 0, Workers: 4
[735.625s][debug][gc,phases      ] GC(20)     Total                          Min: 0, Avg:  0.0, Max: 0, Diff: 0, Sum: 0, Workers: 4
[735.625s][debug][gc,phases      ] GC(20)   Weak JFR Old Object Samples    Min:  0.0, Avg:  0.0, Max:  0.0, Diff:  0.0, Sum:  0.0, Workers: 4
[735.625s][debug][gc,phases      ] GC(20)     Dead                           Min: 0, Avg:  0.0, Max: 0, Diff: 0, Sum: 0, Workers: 4
[735.625s][debug][gc,phases      ] GC(20)     Total                          Min: 0, Avg:  0.0, Max: 0, Diff: 0, Sum: 0, Workers: 4
[735.625s][debug][gc,phases      ] GC(20) Weak Processing 0.381ms
[735.625s][debug][gc,age         ] GC(20) Desired survivor size 232259584 bytes, new threshold 1 (max threshold 15)
[735.625s][info ][gc,heap        ] GC(20) PSYoungGen: 1610096K(1848832K)->3817K(1870336K) Eden: 1606656K(1606656K)->0K(1635328K) From: 3440K(242176K)->3817K(235008K)
[735.625s][info ][gc,heap        ] GC(20) ParOldGen: 227635K(227840K)->228496K(228864K)
[735.625s][info ][gc,metaspace   ] GC(20) Metaspace: 104226K(105472K)->104226K(105472K) NonClass: 88428K(89152K)->88428K(89152K) Class: 15798K(16320K)->15798K(16320K)
[735.625s][info ][gc             ] GC(20) Pause Young (Allocation Failure) 1794M->226M(2050M) 3.496ms
[735.625s][info ][gc,cpu         ] GC(20) User=0.01s Sys=0.00s Real=0.01s
[735.625s][info ][safepoint      ] Safepoint "ParallelGCFailedAllocation", Time since last: 330831751 ns, Reaching safepoint: 77400 ns, Cleanup: 8400 ns, At safepoint: 3558189 ns, Total: 3643989 ns
[736.625s][info ][safepoint      ] Safepoint "Cleanup", Time since last: 1000087730 ns, Reaching safepoint: 5400 ns, Cleanup: 11600 ns, At safepoint: 1800 ns, Total: 18800 ns
[737.625s][info ][safepoint      ] Safepoint "Cleanup", Time since last: 1000117730 ns, Reaching safepoint: 5400 ns, Cleanup: 10500 ns, At safepoint: 2000 ns, Total: 17900 ns
[739.625s][info ][safepoint      ] Safepoint "Cleanup", Time since last: 2000183059 ns, Reaching safepoint: 78200 ns, Cleanup: 6900 ns, At safepoint: 5900 ns, Total: 91000 ns
[740.625s][info ][safepoint      ] Safepoint "Cleanup", Time since last: 1000109779 ns, Reaching safepoint: 5500 ns, Cleanup: 8200 ns, At safepoint: 1800 ns, Total: 15500 ns
[741.626s][info ][safepoint      ] Safepoint "Cleanup", Time since last: 1000113704 ns, Reaching safepoint: 5200 ns, Cleanup: 6900 ns, At safepoint: 2100 ns, Total: 14200 ns
[742.626s][info ][safepoint      ] Safepoint "Cleanup", Time since last: 1000110211 ns, Reaching safepoint: 5800 ns, Cleanup: 9300 ns, At safepoint: 2100 ns, Total: 17200 ns
[743.626s][info ][safepoint      ] Safepoint "Cleanup", Time since last: 1000108451 ns, Reaching safepoint: 5100 ns, Cleanup: 20000 ns, At safepoint: 23200 ns, Total: 48300 ns
[744.626s][info ][safepoint      ] Safepoint "Cleanup", Time since last: 1000098852 ns, Reaching safepoint: 5200 ns, Cleanup: 15300 ns, At safepoint: 2000 ns, Total: 22500 ns
[745.626s][info ][safepoint      ] Safepoint "Cleanup", Time since last: 1000105760 ns, Reaching safepoint: 5000 ns, Cleanup: 11900 ns, At safepoint: 2000 ns, Total: 18900 ns
[750.627s][info ][safepoint      ] Safepoint "Cleanup", Time since last: 5000372419 ns, Reaching safepoint: 5900 ns, Cleanup: 10800 ns, At safepoint: 2000 ns, Total: 18700 ns
[751.627s][info ][safepoint      ] Safepoint "Cleanup", Time since last: 1000109941 ns, Reaching safepoint: 5899 ns, Cleanup: 9600 ns, At safepoint: 2300 ns, Total: 17799 ns
[755.627s][info ][safepoint      ] Safepoint "Cleanup", Time since last: 4000308561 ns, Reaching safepoint: 6100 ns, Cleanup: 9300 ns, At safepoint: 2300 ns, Total: 17700 ns
[756.627s][info ][safepoint      ] Safepoint "Cleanup", Time since last: 1000107440 ns, Reaching safepoint: 5500 ns, Cleanup: 19600 ns, At safepoint: 2100 ns, Total: 27200 ns
[757.627s][info ][safepoint      ] Safepoint "Cleanup", Time since last: 1000112240 ns, Reaching safepoint: 6100 ns, Cleanup: 13200 ns, At safepoint: 2000 ns, Total: 21300 ns
[758.627s][info ][safepoint      ] Safepoint "Cleanup", Time since last: 1000111664 ns, Reaching safepoint: 6199 ns, Cleanup: 10100 ns, At safepoint: 2300 ns, Total: 18599 ns
[762.628s][info ][safepoint      ] Safepoint "Cleanup", Time since last: 4000308239 ns, Reaching safepoint: 5500 ns, Cleanup: 8900 ns, At safepoint: 2100 ns, Total: 16500 ns
[763.628s][info ][safepoint      ] Safepoint "Cleanup", Time since last: 1000108862 ns, Reaching safepoint: 6200 ns, Cleanup: 12800 ns, At safepoint: 2100 ns, Total: 21100 ns
[765.628s][info ][safepoint      ] Safepoint "Cleanup", Time since last: 2000182025 ns, Reaching safepoint: 6000 ns, Cleanup: 11300 ns, At safepoint: 2100 ns, Total: 19400 ns
[766.628s][info ][safepoint      ] Safepoint "Cleanup", Time since last: 1000105343 ns, Reaching safepoint: 5300 ns, Cleanup: 7500 ns, At safepoint: 1900 ns, Total: 14700 ns
[772.629s][info ][safepoint      ] Safepoint "Cleanup", Time since last: 6000448089 ns, Reaching safepoint: 6200 ns, Cleanup: 11600 ns, At safepoint: 2200 ns, Total: 20000 ns
[773.629s][info ][safepoint      ] Safepoint "Cleanup", Time since last: 1000110282 ns, Reaching safepoint: 5700 ns, Cleanup: 10500 ns, At safepoint: 1700 ns, Total: 17900 ns
[775.629s][info ][safepoint      ] Safepoint "Cleanup", Time since last: 2000142746 ns, Reaching safepoint: 5700 ns, Cleanup: 9000 ns, At safepoint: 1900 ns, Total: 16600 ns
[776.629s][info ][safepoint      ] Safepoint "Cleanup", Time since last: 1000109106 ns, Reaching safepoint: 6000 ns, Cleanup: 11200 ns, At safepoint: 2100 ns, Total: 19300 ns
[777.629s][info ][safepoint      ] Safepoint "Cleanup", Time since last: 1000110806 ns, Reaching safepoint: 5500 ns, Cleanup: 13500 ns, At safepoint: 2200 ns, Total: 21200 ns
[778.629s][info ][safepoint      ] Safepoint "Cleanup", Time since last: 1000122507 ns, Reaching safepoint: 5400 ns, Cleanup: 12699 ns, At safepoint: 2000 ns, Total: 20099 ns
[779.629s][info ][safepoint      ] Safepoint "Cleanup", Time since last: 1000108107 ns, Reaching safepoint: 6400 ns, Cleanup: 9400 ns, At safepoint: 2300 ns, Total: 18100 ns
[781.307s][info ][safepoint      ] Safepoint "Cleanup", Time since last: 1677671810 ns, Reaching safepoint: 6300 ns, Cleanup: 11100 ns, At safepoint: 2100 ns, Total: 19500 ns
[782.307s][info ][safepoint      ] Safepoint "Cleanup", Time since last: 1000109452 ns, Reaching safepoint: 6700 ns, Cleanup: 10400 ns, At safepoint: 2300 ns, Total: 19400 ns
[784.307s][info ][safepoint      ] Safepoint "Cleanup", Time since last: 2000176691 ns, Reaching safepoint: 6800 ns, Cleanup: 12800 ns, At safepoint: 2100 ns, Total: 21700 ns
[789.308s][info ][safepoint      ] Safepoint "Cleanup", Time since last: 5000376778 ns, Reaching safepoint: 6300 ns, Cleanup: 16600 ns, At safepoint: 2300 ns, Total: 25200 ns
[790.308s][info ][safepoint      ] Safepoint "Cleanup", Time since last: 1000110156 ns, Reaching safepoint: 6700 ns, Cleanup: 13100 ns, At safepoint: 2600 ns, Total: 22400 ns
[791.308s][info ][safepoint      ] Safepoint "Cleanup", Time since last: 1000108604 ns, Reaching safepoint: 6300 ns, Cleanup: 16800 ns, At safepoint: 2100 ns, Total: 25200 ns
[792.308s][info ][safepoint      ] Safepoint "Cleanup", Time since last: 1000115905 ns, Reaching safepoint: 6300 ns, Cleanup: 10300 ns, At safepoint: 2100 ns, Total: 18700 ns
[793.308s][info ][safepoint      ] Safepoint "Cleanup", Time since last: 1000108604 ns, Reaching safepoint: 6600 ns, Cleanup: 13100 ns, At safepoint: 1800 ns, Total: 21500 ns
[795.309s][info ][safepoint      ] Safepoint "Cleanup", Time since last: 2000178709 ns, Reaching safepoint: 6500 ns, Cleanup: 27000 ns, At safepoint: 3100 ns, Total: 36600 ns
[798.309s][info ][safepoint      ] Safepoint "Cleanup", Time since last: 3000252335 ns, Reaching safepoint: 6100 ns, Cleanup: 9900 ns, At safepoint: 2100 ns, Total: 18100 ns
[800.820s][info ][gc,start       ] GC(21) Pause Young (Allocation Failure)
[800.825s][debug][gc,phases      ] GC(21) Scavenge 4.818ms
[800.825s][debug][gc,ref         ] GC(21) ReferenceProcessor::execute queues: 1, RefProcThreadModel::Single, marks_oops_alive: false
[800.825s][debug][gc,ref         ] GC(21) Skipped KeepAliveFinalRefsPhase of Reference Processing: no references
[800.825s][debug][gc,ref         ] GC(21) ReferenceProcessor::execute queues: 1, RefProcThreadModel::Single, marks_oops_alive: false
[800.825s][debug][gc,phases      ] GC(21) Reference Processing 0.095ms
[800.825s][debug][gc,phases      ] GC(21)   VM Weak                        Min:  0.0, Avg:  0.0, Max:  0.0, Diff:  0.0, Sum:  0.0, Workers: 4
[800.825s][debug][gc,phases      ] GC(21)     Dead                           Min: 0, Avg:  0.0, Max: 0, Diff: 0, Sum: 0, Workers: 4
[800.825s][debug][gc,phases      ] GC(21)     Total                          Min: 0, Avg: 223.2, Max: 640, Diff: 640, Sum: 893, Workers: 4
[800.825s][debug][gc,phases      ] GC(21)   ObjectSynchronizer Weak        Min:  0.0, Avg:  0.0, Max:  0.0, Diff:  0.0, Sum:  0.0, Workers: 4
[800.825s][debug][gc,phases      ] GC(21)     Dead                           Min: 0, Avg:  0.0, Max: 0, Diff: 0, Sum: 0, Workers: 4
[800.825s][debug][gc,phases      ] GC(21)     Total                          Min: 0, Avg:  1.0, Max: 4, Diff: 4, Sum: 4, Workers: 4
[800.825s][debug][gc,phases      ] GC(21)   JVMTI Tag Weak OopStorage      Min:  0.0, Avg:  0.0, Max:  0.0, Diff:  0.0, Sum:  0.0, Workers: 4
[800.825s][debug][gc,phases      ] GC(21)     Dead                           Min: 0, Avg:  0.0, Max: 0, Diff: 0, Sum: 0, Workers: 4
[800.825s][debug][gc,phases      ] GC(21)     Total                          Min: 0, Avg:  0.0, Max: 0, Diff: 0, Sum: 0, Workers: 4
[800.825s][debug][gc,phases      ] GC(21)   StringTable Weak               Min:  0.0, Avg:  0.1, Max:  0.1, Diff:  0.1, Sum:  0.4, Workers: 4
[800.825s][debug][gc,phases      ] GC(21)     Dead                           Min: 0, Avg:  0.2, Max: 1, Diff: 1, Sum: 1, Workers: 4
[800.825s][debug][gc,phases      ] GC(21)     Total                          Min: 0, Avg: 11453.5, Max: 19831, Diff: 19831, Sum: 45814, Workers: 4
[800.825s][debug][gc,phases      ] GC(21)   ResolvedMethodTable Weak       Min:  0.0, Avg:  0.0, Max:  0.0, Diff:  0.0, Sum:  0.1, Workers: 4
[800.825s][debug][gc,phases      ] GC(21)     Dead                           Min: 0, Avg:  4.0, Max: 16, Diff: 16, Sum: 16, Workers: 4
[800.825s][debug][gc,phases      ] GC(21)     Total                          Min: 0, Avg: 3641.2, Max: 5706, Diff: 5706, Sum: 14565, Workers: 4
[800.825s][debug][gc,phases      ] GC(21)   JNI Weak                       Min:  0.0, Avg:  0.0, Max:  0.0, Diff:  0.0, Sum:  0.0, Workers: 4
[800.825s][debug][gc,phases      ] GC(21)     Dead                           Min: 0, Avg:  0.0, Max: 0, Diff: 0, Sum: 0, Workers: 4
[800.825s][debug][gc,phases      ] GC(21)     Total                          Min: 0, Avg: 13.0, Max: 52, Diff: 52, Sum: 52, Workers: 4
[800.825s][debug][gc,phases      ] GC(21)   StringDedup Table Weak         Min:  0.0, Avg:  0.0, Max:  0.0, Diff:  0.0, Sum:  0.0, Workers: 4
[800.825s][debug][gc,phases      ] GC(21)     Dead                           Min: 0, Avg:  0.0, Max: 0, Diff: 0, Sum: 0, Workers: 4
[800.825s][debug][gc,phases      ] GC(21)     Total                          Min: 0, Avg:  0.0, Max: 0, Diff: 0, Sum: 0, Workers: 4
[800.825s][debug][gc,phases      ] GC(21)   StringDedup Requests0 Weak     Min:  0.0, Avg:  0.0, Max:  0.0, Diff:  0.0, Sum:  0.0, Workers: 4
[800.825s][debug][gc,phases      ] GC(21)     Dead                           Min: 0, Avg:  0.0, Max: 0, Diff: 0, Sum: 0, Workers: 4
[800.825s][debug][gc,phases      ] GC(21)     Total                          Min: 0, Avg:  0.0, Max: 0, Diff: 0, Sum: 0, Workers: 4
[800.825s][debug][gc,phases      ] GC(21)   StringDedup Requests1 Weak     Min:  0.0, Avg:  0.0, Max:  0.0, Diff:  0.0, Sum:  0.0, Workers: 4
[800.825s][debug][gc,phases      ] GC(21)     Dead                           Min: 0, Avg:  0.0, Max: 0, Diff: 0, Sum: 0, Workers: 4
[800.825s][debug][gc,phases      ] GC(21)     Total                          Min: 0, Avg:  0.0, Max: 0, Diff: 0, Sum: 0, Workers: 4
[800.825s][debug][gc,phases      ] GC(21)   Weak JFR Old Object Samples    Min:  0.0, Avg:  0.0, Max:  0.0, Diff:  0.0, Sum:  0.0, Workers: 4
[800.825s][debug][gc,phases      ] GC(21)     Dead                           Min: 0, Avg:  0.0, Max: 0, Diff: 0, Sum: 0, Workers: 4
[800.825s][debug][gc,phases      ] GC(21)     Total                          Min: 0, Avg:  0.0, Max: 0, Diff: 0, Sum: 0, Workers: 4
[800.825s][debug][gc,phases      ] GC(21) Weak Processing 0.334ms
[800.825s][debug][gc,age         ] GC(21) Desired survivor size 222298112 bytes, new threshold 1 (max threshold 15)
[800.825s][info ][gc,heap        ] GC(21) PSYoungGen: 1639145K(1870336K)->6176K(1862144K) Eden: 1635328K(1635328K)->0K(1635328K) From: 3817K(235008K)->6176K(226816K)
[800.825s][info ][gc,heap        ] GC(21) ParOldGen: 228496K(228864K)->229629K(229888K)
[800.825s][info ][gc,metaspace   ] GC(21) Metaspace: 104300K(105536K)->104300K(105536K) NonClass: 88500K(89216K)->88500K(89216K) Class: 15799K(16320K)->15799K(16320K)
[800.825s][info ][gc             ] GC(21) Pause Young (Allocation Failure) 1823M->230M(2043M) 5.358ms
[800.825s][info ][gc,cpu         ] GC(21) User=0.02s Sys=0.01s Real=0.01s
[800.825s][info ][safepoint      ] Safepoint "ParallelGCFailedAllocation", Time since last: 2510892158 ns, Reaching safepoint: 85100 ns, Cleanup: 4300 ns, At safepoint: 5429780 ns, Total: 5519180 ns
[802.825s][info ][safepoint      ] Safepoint "Cleanup", Time since last: 2000161558 ns, Reaching safepoint: 6400 ns, Cleanup: 9000 ns, At safepoint: 2200 ns, Total: 17600 ns
[803.826s][info ][safepoint      ] Safepoint "Cleanup", Time since last: 1000134779 ns, Reaching safepoint: 6500 ns, Cleanup: 12000 ns, At safepoint: 2200 ns, Total: 20700 ns
[804.826s][info ][safepoint      ] Safepoint "Cleanup", Time since last: 1000134478 ns, Reaching safepoint: 6600 ns, Cleanup: 10000 ns, At safepoint: 2800 ns, Total: 19400 ns
[805.826s][info ][safepoint      ] Safepoint "Cleanup", Time since last: 1000152379 ns, Reaching safepoint: 6700 ns, Cleanup: 17900 ns, At safepoint: 2500 ns, Total: 27100 ns
[813.827s][info ][safepoint      ] Safepoint "Cleanup", Time since last: 8000682222 ns, Reaching safepoint: 6000 ns, Cleanup: 22100 ns, At safepoint: 2100 ns, Total: 30200 ns
[814.827s][info ][safepoint      ] Safepoint "Cleanup", Time since last: 1000106731 ns, Reaching safepoint: 5300 ns, Cleanup: 10000 ns, At safepoint: 1700 ns, Total: 17000 ns
[815.827s][info ][safepoint      ] Safepoint "Cleanup", Time since last: 1000109387 ns, Reaching safepoint: 6200 ns, Cleanup: 15500 ns, At safepoint: 2100 ns, Total: 23800 ns
[816.827s][info ][safepoint      ] Safepoint "Cleanup", Time since last: 1000134786 ns, Reaching safepoint: 5900 ns, Cleanup: 9700 ns, At safepoint: 2000 ns, Total: 17600 ns
[817.827s][info ][safepoint      ] Safepoint "Cleanup", Time since last: 1000107386 ns, Reaching safepoint: 5200 ns, Cleanup: 9400 ns, At safepoint: 1800 ns, Total: 16400 ns
[819.828s][info ][safepoint      ] Safepoint "Cleanup", Time since last: 2000194373 ns, Reaching safepoint: 149999 ns, Cleanup: 9400 ns, At safepoint: 6600 ns, Total: 165999 ns
[821.828s][info ][safepoint      ] Safepoint "Cleanup", Time since last: 2000188573 ns, Reaching safepoint: 5600 ns, Cleanup: 11300 ns, At safepoint: 1800 ns, Total: 18700 ns
[822.828s][info ][safepoint      ] Safepoint "Cleanup", Time since last: 1000107487 ns, Reaching safepoint: 5400 ns, Cleanup: 8300 ns, At safepoint: 1700 ns, Total: 15400 ns
[824.828s][info ][safepoint      ] Safepoint "Cleanup", Time since last: 2000199674 ns, Reaching safepoint: 5700 ns, Cleanup: 11000 ns, At safepoint: 2200 ns, Total: 18900 ns
[830.829s][info ][safepoint      ] Safepoint "Cleanup", Time since last: 6000460637 ns, Reaching safepoint: 5600 ns, Cleanup: 26300 ns, At safepoint: 1900 ns, Total: 33800 ns
[835.829s][info ][safepoint      ] Safepoint "Cleanup", Time since last: 5000379010 ns, Reaching safepoint: 5400 ns, Cleanup: 12300 ns, At safepoint: 23300 ns, Total: 41000 ns
[837.829s][info ][safepoint      ] Safepoint "Cleanup", Time since last: 2000176384 ns, Reaching safepoint: 5500 ns, Cleanup: 8400 ns, At safepoint: 2000 ns, Total: 15900 ns
[846.325s][info ][safepoint      ] Safepoint "Cleanup", Time since last: 8496253507 ns, Reaching safepoint: 6300 ns, Cleanup: 11800 ns, At safepoint: 2100 ns, Total: 20200 ns
[847.326s][info ][safepoint      ] Safepoint "Cleanup", Time since last: 1000101271 ns, Reaching safepoint: 5100 ns, Cleanup: 6800 ns, At safepoint: 1500 ns, Total: 13400 ns
[851.326s][info ][safepoint      ] Safepoint "Cleanup", Time since last: 4000343087 ns, Reaching safepoint: 5900 ns, Cleanup: 14900 ns, At safepoint: 1800 ns, Total: 22600 ns
[852.326s][info ][safepoint      ] Safepoint "Cleanup", Time since last: 1000139971 ns, Reaching safepoint: 5700 ns, Cleanup: 12000 ns, At safepoint: 2400 ns, Total: 20100 ns
[854.326s][info ][safepoint      ] Safepoint "Cleanup", Time since last: 2000197068 ns, Reaching safepoint: 5500 ns, Cleanup: 29500 ns, At safepoint: 1900 ns, Total: 36900 ns
[855.327s][info ][safepoint      ] Safepoint "Cleanup", Time since last: 1000136684 ns, Reaching safepoint: 5700 ns, Cleanup: 13600 ns, At safepoint: 2000 ns, Total: 21300 ns
[856.327s][info ][safepoint      ] Safepoint "Cleanup", Time since last: 1000109884 ns, Reaching safepoint: 5600 ns, Cleanup: 10399 ns, At safepoint: 2000 ns, Total: 17999 ns
[857.327s][info ][safepoint      ] Safepoint "Cleanup", Time since last: 1000105984 ns, Reaching safepoint: 4700 ns, Cleanup: 8600 ns, At safepoint: 1800 ns, Total: 15100 ns
[858.327s][info ][safepoint      ] Safepoint "Cleanup", Time since last: 1000134084 ns, Reaching safepoint: 5600 ns, Cleanup: 9400 ns, At safepoint: 2000 ns, Total: 17000 ns
[859.327s][info ][safepoint      ] Safepoint "Cleanup", Time since last: 1000134384 ns, Reaching safepoint: 5500 ns, Cleanup: 13100 ns, At safepoint: 1900 ns, Total: 20500 ns
[860.327s][info ][safepoint      ] Safepoint "Cleanup", Time since last: 1000143784 ns, Reaching safepoint: 5100 ns, Cleanup: 9000 ns, At safepoint: 2200 ns, Total: 16300 ns
[863.327s][info ][safepoint      ] Safepoint "Cleanup", Time since last: 3000254961 ns, Reaching safepoint: 5700 ns, Cleanup: 9300 ns, At safepoint: 2000 ns, Total: 17000 ns
[865.328s][info ][safepoint      ] Safepoint "Cleanup", Time since last: 2000198017 ns, Reaching safepoint: 5200 ns, Cleanup: 11200 ns, At safepoint: 2000 ns, Total: 18400 ns
[868.328s][info ][safepoint      ] Safepoint "Cleanup", Time since last: 3000258268 ns, Reaching safepoint: 5200 ns, Cleanup: 7100 ns, At safepoint: 1500 ns, Total: 13800 ns
[869.328s][info ][safepoint      ] Safepoint "Cleanup", Time since last: 1000104602 ns, Reaching safepoint: 5400 ns, Cleanup: 12700 ns, At safepoint: 2100 ns, Total: 20200 ns
[873.328s][info ][safepoint      ] Safepoint "Cleanup", Time since last: 4000315018 ns, Reaching safepoint: 5500 ns, Cleanup: 15900 ns, At safepoint: 2200 ns, Total: 23600 ns
[873.678s][info ][gc,start       ] GC(22) Pause Young (Allocation Failure)
[873.682s][debug][gc,phases      ] GC(22) Scavenge 4.256ms
[873.682s][debug][gc,ref         ] GC(22) ReferenceProcessor::execute queues: 1, RefProcThreadModel::Single, marks_oops_alive: false
[873.682s][debug][gc,ref         ] GC(22) Skipped KeepAliveFinalRefsPhase of Reference Processing: no references
[873.682s][debug][gc,ref         ] GC(22) ReferenceProcessor::execute queues: 1, RefProcThreadModel::Single, marks_oops_alive: false
[873.682s][debug][gc,phases      ] GC(22) Reference Processing 0.097ms
[873.683s][debug][gc,phases      ] GC(22)   VM Weak                        Min:  0.0, Avg:  0.0, Max:  0.0, Diff:  0.0, Sum:  0.0, Workers: 4
[873.683s][debug][gc,phases      ] GC(22)     Dead                           Min: 0, Avg:  0.0, Max: 0, Diff: 0, Sum: 0, Workers: 4
[873.683s][debug][gc,phases      ] GC(22)     Total                          Min: 0, Avg: 225.2, Max: 645, Diff: 645, Sum: 901, Workers: 4
[873.683s][debug][gc,phases      ] GC(22)   ObjectSynchronizer Weak        Min:  0.0, Avg:  0.0, Max:  0.0, Diff:  0.0, Sum:  0.0, Workers: 4
[873.683s][debug][gc,phases      ] GC(22)     Dead                           Min: 0, Avg:  0.0, Max: 0, Diff: 0, Sum: 0, Workers: 4
[873.683s][debug][gc,phases      ] GC(22)     Total                          Min: 0, Avg:  1.0, Max: 4, Diff: 4, Sum: 4, Workers: 4
[873.683s][debug][gc,phases      ] GC(22)   JVMTI Tag Weak OopStorage      Min:  0.0, Avg:  0.0, Max:  0.0, Diff:  0.0, Sum:  0.0, Workers: 4
[873.683s][debug][gc,phases      ] GC(22)     Dead                           Min: 0, Avg:  0.0, Max: 0, Diff: 0, Sum: 0, Workers: 4
[873.683s][debug][gc,phases      ] GC(22)     Total                          Min: 0, Avg:  0.0, Max: 0, Diff: 0, Sum: 0, Workers: 4
[873.683s][debug][gc,phases      ] GC(22)   StringTable Weak               Min:  0.0, Avg:  0.1, Max:  0.1, Diff:  0.1, Sum:  0.4, Workers: 4
[873.683s][debug][gc,phases      ] GC(22)     Dead                           Min: 0, Avg:  0.5, Max: 1, Diff: 1, Sum: 2, Workers: 4
[873.683s][debug][gc,phases      ] GC(22)     Total                          Min: 0, Avg: 11458.5, Max: 19648, Diff: 19648, Sum: 45834, Workers: 4
[873.683s][debug][gc,phases      ] GC(22)   ResolvedMethodTable Weak       Min:  0.0, Avg:  0.0, Max:  0.1, Diff:  0.1, Sum:  0.2, Workers: 4
[873.683s][debug][gc,phases      ] GC(22)     Dead                           Min: 0, Avg:  5.0, Max: 19, Diff: 19, Sum: 20, Workers: 4
[873.683s][debug][gc,phases      ] GC(22)     Total                          Min: 0, Avg: 3650.5, Max: 5117, Diff: 5117, Sum: 14602, Workers: 4
[873.683s][debug][gc,phases      ] GC(22)   JNI Weak                       Min:  0.0, Avg:  0.0, Max:  0.0, Diff:  0.0, Sum:  0.0, Workers: 4
[873.683s][debug][gc,phases      ] GC(22)     Dead                           Min: 0, Avg:  0.0, Max: 0, Diff: 0, Sum: 0, Workers: 4
[873.683s][debug][gc,phases      ] GC(22)     Total                          Min: 0, Avg: 13.0, Max: 52, Diff: 52, Sum: 52, Workers: 4
[873.683s][debug][gc,phases      ] GC(22)   StringDedup Table Weak         Min:  0.0, Avg:  0.0, Max:  0.0, Diff:  0.0, Sum:  0.0, Workers: 4
[873.683s][debug][gc,phases      ] GC(22)     Dead                           Min: 0, Avg:  0.0, Max: 0, Diff: 0, Sum: 0, Workers: 4
[873.683s][debug][gc,phases      ] GC(22)     Total                          Min: 0, Avg:  0.0, Max: 0, Diff: 0, Sum: 0, Workers: 4
[873.683s][debug][gc,phases      ] GC(22)   StringDedup Requests0 Weak     Min:  0.0, Avg:  0.0, Max:  0.0, Diff:  0.0, Sum:  0.0, Workers: 4
[873.683s][debug][gc,phases      ] GC(22)     Dead                           Min: 0, Avg:  0.0, Max: 0, Diff: 0, Sum: 0, Workers: 4
[873.683s][debug][gc,phases      ] GC(22)     Total                          Min: 0, Avg:  0.0, Max: 0, Diff: 0, Sum: 0, Workers: 4
[873.683s][debug][gc,phases      ] GC(22)   StringDedup Requests1 Weak     Min:  0.0, Avg:  0.0, Max:  0.0, Diff:  0.0, Sum:  0.0, Workers: 4
[873.683s][debug][gc,phases      ] GC(22)     Dead                           Min: 0, Avg:  0.0, Max: 0, Diff: 0, Sum: 0, Workers: 4
[873.683s][debug][gc,phases      ] GC(22)     Total                          Min: 0, Avg:  0.0, Max: 0, Diff: 0, Sum: 0, Workers: 4
[873.683s][debug][gc,phases      ] GC(22)   Weak JFR Old Object Samples    Min:  0.0, Avg:  0.0, Max:  0.0, Diff:  0.0, Sum:  0.0, Workers: 4
[873.683s][debug][gc,phases      ] GC(22)     Dead                           Min: 0, Avg:  0.0, Max: 0, Diff: 0, Sum: 0, Workers: 4
[873.683s][debug][gc,phases      ] GC(22)     Total                          Min: 0, Avg:  0.0, Max: 0, Diff: 0, Sum: 0, Workers: 4
[873.683s][debug][gc,phases      ] GC(22) Weak Processing 0.390ms
[873.683s][debug][gc,age         ] GC(22) Desired survivor size 212860928 bytes, new threshold 1 (max threshold 15)
[873.683s][info ][gc,heap        ] GC(22) PSYoungGen: 1641504K(1862144K)->3232K(1889280K) Eden: 1635328K(1635328K)->0K(1672192K) From: 6176K(226816K)->3232K(217088K)
[873.683s][info ][gc,heap        ] GC(22) ParOldGen: 229629K(229888K)->233397K(233472K)
[873.683s][info ][gc,metaspace   ] GC(22) Metaspace: 104411K(105600K)->104411K(105600K) NonClass: 88597K(89280K)->88597K(89280K) Class: 15814K(16320K)->15814K(16320K)
[873.683s][info ][gc             ] GC(22) Pause Young (Allocation Failure) 1827M->231M(2073M) 4.842ms
[873.683s][info ][gc,cpu         ] GC(22) User=0.01s Sys=0.00s Real=0.00s
[873.683s][info ][safepoint      ] Safepoint "ParallelGCFailedAllocation", Time since last: 349511065 ns, Reaching safepoint: 4700 ns, Cleanup: 3500 ns, At safepoint: 4901874 ns, Total: 4910074 ns
[874.683s][info ][safepoint      ] Safepoint "Cleanup", Time since last: 1000086849 ns, Reaching safepoint: 6300 ns, Cleanup: 9899 ns, At safepoint: 2100 ns, Total: 18299 ns
[876.683s][info ][safepoint      ] Safepoint "Cleanup", Time since last: 2000170318 ns, Reaching safepoint: 5400 ns, Cleanup: 9600 ns, At safepoint: 2300 ns, Total: 17300 ns
[881.684s][info ][safepoint      ] Safepoint "Cleanup", Time since last: 5000366061 ns, Reaching safepoint: 5000 ns, Cleanup: 8900 ns, At safepoint: 2000 ns, Total: 15900 ns
[892.684s][info ][safepoint      ] Safepoint "Cleanup", Time since last: 11000723287 ns, Reaching safepoint: 5700 ns, Cleanup: 11000 ns, At safepoint: 2200 ns, Total: 18900 ns
[893.684s][info ][safepoint      ] Safepoint "Cleanup", Time since last: 1000099926 ns, Reaching safepoint: 5400 ns, Cleanup: 9800 ns, At safepoint: 2200 ns, Total: 17400 ns
[894.685s][info ][safepoint      ] Safepoint "Cleanup", Time since last: 1000106931 ns, Reaching safepoint: 4900 ns, Cleanup: 9500 ns, At safepoint: 2000 ns, Total: 16400 ns
[896.685s][info ][safepoint      ] Safepoint "Cleanup", Time since last: 2000166199 ns, Reaching safepoint: 5000 ns, Cleanup: 8800 ns, At safepoint: 1900 ns, Total: 15700 ns
[901.343s][info ][safepoint      ] Safepoint "Cleanup", Time since last: 4658143410 ns, Reaching safepoint: 5900 ns, Cleanup: 12500 ns, At safepoint: 1800 ns, Total: 20200 ns
[907.343s][info ][safepoint      ] Safepoint "Cleanup", Time since last: 6000508659 ns, Reaching safepoint: 6900 ns, Cleanup: 27500 ns, At safepoint: 2500 ns, Total: 36900 ns
[909.344s][info ][safepoint      ] Safepoint "Cleanup", Time since last: 2000198952 ns, Reaching safepoint: 6400 ns, Cleanup: 10300 ns, At safepoint: 2000 ns, Total: 18700 ns
[910.344s][info ][safepoint      ] Safepoint "Cleanup", Time since last: 1000111434 ns, Reaching safepoint: 6500 ns, Cleanup: 16300 ns, At safepoint: 2000 ns, Total: 24800 ns
[911.344s][info ][safepoint      ] Safepoint "Cleanup", Time since last: 1000111965 ns, Reaching safepoint: 7300 ns, Cleanup: 23200 ns, At safepoint: 2100 ns, Total: 32600 ns
[914.344s][info ][safepoint      ] Safepoint "Cleanup", Time since last: 3000262995 ns, Reaching safepoint: 6600 ns, Cleanup: 9500 ns, At safepoint: 2100 ns, Total: 18200 ns
[915.344s][info ][safepoint      ] Safepoint "Cleanup", Time since last: 1000112765 ns, Reaching safepoint: 7600 ns, Cleanup: 9700 ns, At safepoint: 2100 ns, Total: 19400 ns
[916.344s][info ][safepoint      ] Safepoint "Cleanup", Time since last: 1000121665 ns, Reaching safepoint: 7400 ns, Cleanup: 37300 ns, At safepoint: 2400 ns, Total: 47100 ns
[917.345s][info ][safepoint      ] Safepoint "Cleanup", Time since last: 1000112165 ns, Reaching safepoint: 7900 ns, Cleanup: 22000 ns, At safepoint: 2700 ns, Total: 32600 ns
[918.345s][info ][safepoint      ] Safepoint "Cleanup", Time since last: 1000115362 ns, Reaching safepoint: 7400 ns, Cleanup: 20400 ns, At safepoint: 2899 ns, Total: 30699 ns
[919.345s][info ][safepoint      ] Safepoint "Cleanup", Time since last: 1000129933 ns, Reaching safepoint: 6400 ns, Cleanup: 12100 ns, At safepoint: 2000 ns, Total: 20500 ns
[920.345s][info ][safepoint      ] Safepoint "Cleanup", Time since last: 1000112233 ns, Reaching safepoint: 6900 ns, Cleanup: 33000 ns, At safepoint: 6000 ns, Total: 45900 ns
[921.345s][info ][safepoint      ] Safepoint "Cleanup", Time since last: 1000108833 ns, Reaching safepoint: 7200 ns, Cleanup: 16300 ns, At safepoint: 2100 ns, Total: 25600 ns
[922.345s][info ][safepoint      ] Safepoint "Cleanup", Time since last: 1000101433 ns, Reaching safepoint: 6500 ns, Cleanup: 16800 ns, At safepoint: 2300 ns, Total: 25600 ns
[924.346s][info ][safepoint      ] Safepoint "Cleanup", Time since last: 2000174966 ns, Reaching safepoint: 7400 ns, Cleanup: 10300 ns, At safepoint: 2200 ns, Total: 19900 ns
[925.346s][info ][safepoint      ] Safepoint "Cleanup", Time since last: 1000158533 ns, Reaching safepoint: 6700 ns, Cleanup: 9400 ns, At safepoint: 2300 ns, Total: 18400 ns
[926.346s][info ][safepoint      ] Safepoint "Cleanup", Time since last: 1000114549 ns, Reaching safepoint: 7300 ns, Cleanup: 12700 ns, At safepoint: 2300 ns, Total: 22300 ns
[928.346s][info ][safepoint      ] Safepoint "Cleanup", Time since last: 2000184771 ns, Reaching safepoint: 6900 ns, Cleanup: 11800 ns, At safepoint: 2200 ns, Total: 20900 ns
[929.346s][info ][safepoint      ] Safepoint "Cleanup", Time since last: 1000105985 ns, Reaching safepoint: 7000 ns, Cleanup: 9300 ns, At safepoint: 2100 ns, Total: 18400 ns
[932.346s][info ][safepoint      ] Safepoint "Cleanup", Time since last: 3000246356 ns, Reaching safepoint: 7100 ns, Cleanup: 10300 ns, At safepoint: 2100 ns, Total: 19500 ns
[935.347s][info ][safepoint      ] Safepoint "Cleanup", Time since last: 3000283244 ns, Reaching safepoint: 6900 ns, Cleanup: 9800 ns, At safepoint: 2000 ns, Total: 18700 ns
[936.347s][info ][safepoint      ] Safepoint "Cleanup", Time since last: 1000121376 ns, Reaching safepoint: 7800 ns, Cleanup: 12600 ns, At safepoint: 2500 ns, Total: 22900 ns
[937.347s][info ][safepoint      ] Safepoint "Cleanup", Time since last: 1000119775 ns, Reaching safepoint: 6700 ns, Cleanup: 11100 ns, At safepoint: 2200 ns, Total: 20000 ns
[938.347s][info ][safepoint      ] Safepoint "Cleanup", Time since last: 1000124076 ns, Reaching safepoint: 6800 ns, Cleanup: 12200 ns, At safepoint: 2200 ns, Total: 21200 ns
[939.347s][info ][safepoint      ] Safepoint "Cleanup", Time since last: 1000106675 ns, Reaching safepoint: 6500 ns, Cleanup: 9200 ns, At safepoint: 1600 ns, Total: 17300 ns
[942.348s][info ][safepoint      ] Safepoint "Cleanup", Time since last: 3000312580 ns, Reaching safepoint: 7300 ns, Cleanup: 11100 ns, At safepoint: 2300 ns, Total: 20700 ns
[943.348s][info ][safepoint      ] Safepoint "Cleanup", Time since last: 1000161608 ns, Reaching safepoint: 7600 ns, Cleanup: 12200 ns, At safepoint: 27400 ns, Total: 47200 ns
[947.348s][info ][safepoint      ] Safepoint "Cleanup", Time since last: 4000367432 ns, Reaching safepoint: 7700 ns, Cleanup: 11200 ns, At safepoint: 2500 ns, Total: 21400 ns
[949.571s][info ][gc,start       ] GC(23) Pause Young (Allocation Failure)
[949.574s][debug][gc,phases      ] GC(23) Scavenge 3.034ms
[949.574s][debug][gc,ref         ] GC(23) ReferenceProcessor::execute queues: 1, RefProcThreadModel::Single, marks_oops_alive: false
[949.574s][debug][gc,ref         ] GC(23) Skipped KeepAliveFinalRefsPhase of Reference Processing: no references
[949.574s][debug][gc,ref         ] GC(23) ReferenceProcessor::execute queues: 1, RefProcThreadModel::Single, marks_oops_alive: false
[949.574s][debug][gc,phases      ] GC(23) Reference Processing 0.097ms
[949.574s][debug][gc,phases      ] GC(23)   VM Weak                        Min:  0.0, Avg:  0.0, Max:  0.0, Diff:  0.0, Sum:  0.0, Workers: 4
[949.575s][debug][gc,phases      ] GC(23)     Dead                           Min: 0, Avg:  0.0, Max: 0, Diff: 0, Sum: 0, Workers: 4
[949.575s][debug][gc,phases      ] GC(23)     Total                          Min: 0, Avg: 226.8, Max: 768, Diff: 768, Sum: 907, Workers: 4
[949.575s][debug][gc,phases      ] GC(23)   ObjectSynchronizer Weak        Min:  0.0, Avg:  0.0, Max:  0.0, Diff:  0.0, Sum:  0.0, Workers: 4
[949.575s][debug][gc,phases      ] GC(23)     Dead                           Min: 0, Avg:  0.0, Max: 0, Diff: 0, Sum: 0, Workers: 4
[949.575s][debug][gc,phases      ] GC(23)     Total                          Min: 0, Avg:  1.0, Max: 4, Diff: 4, Sum: 4, Workers: 4
[949.575s][debug][gc,phases      ] GC(23)   JVMTI Tag Weak OopStorage      Min:  0.0, Avg:  0.0, Max:  0.0, Diff:  0.0, Sum:  0.0, Workers: 4
[949.575s][debug][gc,phases      ] GC(23)     Dead                           Min: 0, Avg:  0.0, Max: 0, Diff: 0, Sum: 0, Workers: 4
[949.575s][debug][gc,phases      ] GC(23)     Total                          Min: 0, Avg:  0.0, Max: 0, Diff: 0, Sum: 0, Workers: 4
[949.575s][debug][gc,phases      ] GC(23)   StringTable Weak               Min:  0.1, Avg:  0.1, Max:  0.1, Diff:  0.0, Sum:  0.4, Workers: 4
[949.575s][debug][gc,phases      ] GC(23)     Dead                           Min: 0, Avg:  0.0, Max: 0, Diff: 0, Sum: 0, Workers: 4
[949.575s][debug][gc,phases      ] GC(23)     Total                          Min: 11136, Avg: 11463.0, Max: 11712, Diff: 576, Sum: 45852, Workers: 4
[949.575s][debug][gc,phases      ] GC(23)   ResolvedMethodTable Weak       Min:  0.0, Avg:  0.0, Max:  0.0, Diff:  0.0, Sum:  0.1, Workers: 4
[949.575s][debug][gc,phases      ] GC(23)     Dead                           Min: 0, Avg:  4.2, Max: 16, Diff: 16, Sum: 17, Workers: 4
[949.575s][debug][gc,phases      ] GC(23)     Total                          Min: 3596, Avg: 3658.8, Max: 3746, Diff: 150, Sum: 14635, Workers: 4
[949.575s][debug][gc,phases      ] GC(23)   JNI Weak                       Min:  0.0, Avg:  0.0, Max:  0.0, Diff:  0.0, Sum:  0.0, Workers: 4
[949.575s][debug][gc,phases      ] GC(23)     Dead                           Min: 0, Avg:  0.0, Max: 0, Diff: 0, Sum: 0, Workers: 4
[949.575s][debug][gc,phases      ] GC(23)     Total                          Min: 0, Avg: 13.0, Max: 52, Diff: 52, Sum: 52, Workers: 4
[949.575s][debug][gc,phases      ] GC(23)   StringDedup Table Weak         Min:  0.0, Avg:  0.0, Max:  0.0, Diff:  0.0, Sum:  0.0, Workers: 4
[949.575s][debug][gc,phases      ] GC(23)     Dead                           Min: 0, Avg:  0.0, Max: 0, Diff: 0, Sum: 0, Workers: 4
[949.575s][debug][gc,phases      ] GC(23)     Total                          Min: 0, Avg:  0.0, Max: 0, Diff: 0, Sum: 0, Workers: 4
[949.575s][debug][gc,phases      ] GC(23)   StringDedup Requests0 Weak     Min:  0.0, Avg:  0.0, Max:  0.0, Diff:  0.0, Sum:  0.0, Workers: 4
[949.575s][debug][gc,phases      ] GC(23)     Dead                           Min: 0, Avg:  0.0, Max: 0, Diff: 0, Sum: 0, Workers: 4
[949.575s][debug][gc,phases      ] GC(23)     Total                          Min: 0, Avg:  0.0, Max: 0, Diff: 0, Sum: 0, Workers: 4
[949.575s][debug][gc,phases      ] GC(23)   StringDedup Requests1 Weak     Min:  0.0, Avg:  0.0, Max:  0.0, Diff:  0.0, Sum:  0.0, Workers: 4
[949.575s][debug][gc,phases      ] GC(23)     Dead                           Min: 0, Avg:  0.0, Max: 0, Diff: 0, Sum: 0, Workers: 4
[949.575s][debug][gc,phases      ] GC(23)     Total                          Min: 0, Avg:  0.0, Max: 0, Diff: 0, Sum: 0, Workers: 4
[949.575s][debug][gc,phases      ] GC(23)   Weak JFR Old Object Samples    Min:  0.0, Avg:  0.0, Max:  0.0, Diff:  0.0, Sum:  0.0, Workers: 4
[949.575s][debug][gc,phases      ] GC(23)     Dead                           Min: 0, Avg:  0.0, Max: 0, Diff: 0, Sum: 0, Workers: 4
[949.575s][debug][gc,phases      ] GC(23)     Total                          Min: 0, Avg:  0.0, Max: 0, Diff: 0, Sum: 0, Workers: 4
[949.575s][debug][gc,phases      ] GC(23) Weak Processing 0.367ms
[949.575s][debug][gc,age         ] GC(23) Desired survivor size 203423744 bytes, new threshold 1 (max threshold 15)
[949.575s][info ][gc,heap        ] GC(23) PSYoungGen: 1675424K(1889280K)->2720K(1880064K) Eden: 1672192K(1672192K)->0K(1672192K) From: 3232K(217088K)->2720K(207872K)
[949.575s][info ][gc,heap        ] GC(23) ParOldGen: 233397K(233472K)->234758K(235008K)
[949.575s][info ][gc,metaspace   ] GC(23) Metaspace: 104504K(105664K)->104504K(105664K) NonClass: 88679K(89344K)->88679K(89344K) Class: 15824K(16320K)->15824K(16320K)
[949.575s][info ][gc             ] GC(23) Pause Young (Allocation Failure) 1864M->231M(2065M) 3.598ms
[949.575s][info ][gc,cpu         ] GC(23) User=0.01s Sys=0.00s Real=0.01s
[949.575s][info ][safepoint      ] Safepoint "ParallelGCFailedAllocation", Time since last: 2222799927 ns, Reaching safepoint: 5700 ns, Cleanup: 10700 ns, At safepoint: 3658082 ns, Total: 3674482 ns
[951.575s][info ][safepoint      ] Safepoint "Cleanup", Time since last: 2000169611 ns, Reaching safepoint: 6000 ns, Cleanup: 11000 ns, At safepoint: 2000 ns, Total: 19000 ns
[954.575s][info ][safepoint      ] Safepoint "Cleanup", Time since last: 3000238112 ns, Reaching safepoint: 6200 ns, Cleanup: 11000 ns, At safepoint: 2399 ns, Total: 19599 ns
[959.576s][info ][safepoint      ] Safepoint "Cleanup", Time since last: 5000454758 ns, Reaching safepoint: 5900 ns, Cleanup: 9300 ns, At safepoint: 2100 ns, Total: 17300 ns
[961.362s][info ][safepoint      ] Safepoint "Cleanup", Time since last: 1785892621 ns, Reaching safepoint: 6500 ns, Cleanup: 16000 ns, At safepoint: 2400 ns, Total: 24900 ns
[962.362s][info ][safepoint      ] Safepoint "Cleanup", Time since last: 1000164427 ns, Reaching safepoint: 6700 ns, Cleanup: 10100 ns, At safepoint: 2300 ns, Total: 19100 ns
[966.362s][info ][safepoint      ] Safepoint "Cleanup", Time since last: 4000336782 ns, Reaching safepoint: 7800 ns, Cleanup: 22000 ns, At safepoint: 2500 ns, Total: 32300 ns
[967.362s][info ][safepoint      ] Safepoint "Cleanup", Time since last: 1000148422 ns, Reaching safepoint: 7000 ns, Cleanup: 12099 ns, At safepoint: 2200 ns, Total: 21299 ns
[968.362s][info ][safepoint      ] Safepoint "Cleanup", Time since last: 1000132022 ns, Reaching safepoint: 6200 ns, Cleanup: 12700 ns, At safepoint: 2100 ns, Total: 21000 ns
[969.363s][info ][safepoint      ] Safepoint "Cleanup", Time since last: 1000175022 ns, Reaching safepoint: 8600 ns, Cleanup: 11100 ns, At safepoint: 3100 ns, Total: 22800 ns
[971.363s][info ][safepoint      ] Safepoint "Cleanup", Time since last: 2000227944 ns, Reaching safepoint: 6700 ns, Cleanup: 12700 ns, At safepoint: 2000 ns, Total: 21400 ns
[973.363s][info ][safepoint      ] Safepoint "Cleanup", Time since last: 2000182844 ns, Reaching safepoint: 6200 ns, Cleanup: 9200 ns, At safepoint: 2700 ns, Total: 18100 ns
[984.364s][info ][safepoint      ] Safepoint "Cleanup", Time since last: 11000943181 ns, Reaching safepoint: 6600 ns, Cleanup: 10700 ns, At safepoint: 2500 ns, Total: 19800 ns
[985.364s][info ][safepoint      ] Safepoint "Cleanup", Time since last: 1000163704 ns, Reaching safepoint: 6700 ns, Cleanup: 13900 ns, At safepoint: 2400 ns, Total: 23000 ns
[986.364s][info ][safepoint      ] Safepoint "Cleanup", Time since last: 1000110704 ns, Reaching safepoint: 6500 ns, Cleanup: 11700 ns, At safepoint: 2100 ns, Total: 20300 ns
[993.365s][info ][safepoint      ] Safepoint "Cleanup", Time since last: 7000644550 ns, Reaching safepoint: 6500 ns, Cleanup: 15700 ns, At safepoint: 1500 ns, Total: 23700 ns
[995.365s][info ][safepoint      ] Safepoint "Cleanup", Time since last: 2000176607 ns, Reaching safepoint: 6000 ns, Cleanup: 13500 ns, At safepoint: 1900 ns, Total: 21400 ns
[1002.366s][info ][safepoint      ] Safepoint "Cleanup", Time since last: 7000542956 ns, Reaching safepoint: 6799 ns, Cleanup: 10600 ns, At safepoint: 2300 ns, Total: 19699 ns
[1003.366s][info ][safepoint      ] Safepoint "Cleanup", Time since last: 1000112675 ns, Reaching safepoint: 6500 ns, Cleanup: 10200 ns, At safepoint: 2200 ns, Total: 18900 ns
[1006.366s][info ][safepoint      ] Safepoint "Cleanup", Time since last: 3000243689 ns, Reaching safepoint: 6000 ns, Cleanup: 12400 ns, At safepoint: 2300 ns, Total: 20700 ns
[1007.366s][info ][safepoint      ] Safepoint "Cleanup", Time since last: 1000117415 ns, Reaching safepoint: 76800 ns, Cleanup: 8200 ns, At safepoint: 5100 ns, Total: 90100 ns
[1008.367s][info ][safepoint      ] Safepoint "Cleanup", Time since last: 1000101415 ns, Reaching safepoint: 5200 ns, Cleanup: 9000 ns, At safepoint: 1900 ns, Total: 16100 ns
[1009.367s][info ][safepoint      ] Safepoint "Cleanup", Time since last: 1000080615 ns, Reaching safepoint: 78399 ns, Cleanup: 5200 ns, At safepoint: 9700 ns, Total: 93299 ns
[1010.367s][info ][safepoint      ] Safepoint "Cleanup", Time since last: 1000106915 ns, Reaching safepoint: 5100 ns, Cleanup: 11800 ns, At safepoint: 1800 ns, Total: 18700 ns
[1012.367s][info ][safepoint      ] Safepoint "Cleanup", Time since last: 2000202530 ns, Reaching safepoint: 7400 ns, Cleanup: 14200 ns, At safepoint: 3100 ns, Total: 24700 ns
[1013.367s][info ][safepoint      ] Safepoint "Cleanup", Time since last: 1000111015 ns, Reaching safepoint: 5900 ns, Cleanup: 12500 ns, At safepoint: 2100 ns, Total: 20500 ns
[1014.367s][info ][safepoint      ] Safepoint "Cleanup", Time since last: 1000142603 ns, Reaching safepoint: 6500 ns, Cleanup: 13800 ns, At safepoint: 2600 ns, Total: 22900 ns
[1022.380s][info ][safepoint      ] Safepoint "Cleanup", Time since last: 8012980329 ns, Reaching safepoint: 5200 ns, Cleanup: 20000 ns, At safepoint: 2200 ns, Total: 27400 ns
[1022.472s][info ][gc,start       ] GC(24) Pause Young (Allocation Failure)
[1022.475s][debug][gc,phases      ] GC(24) Scavenge 2.621ms
[1022.475s][debug][gc,ref         ] GC(24) ReferenceProcessor::execute queues: 1, RefProcThreadModel::Single, marks_oops_alive: false
[1022.475s][debug][gc,ref         ] GC(24) Skipped KeepAliveFinalRefsPhase of Reference Processing: no references
[1022.475s][debug][gc,ref         ] GC(24) ReferenceProcessor::execute queues: 1, RefProcThreadModel::Single, marks_oops_alive: false
[1022.475s][debug][gc,phases      ] GC(24) Reference Processing 0.098ms
[1022.475s][debug][gc,phases      ] GC(24)   VM Weak                        Min:  0.0, Avg:  0.0, Max:  0.0, Diff:  0.0, Sum:  0.0, Workers: 4
[1022.475s][debug][gc,phases      ] GC(24)     Dead                           Min: 0, Avg:  0.0, Max: 0, Diff: 0, Sum: 0, Workers: 4
[1022.475s][debug][gc,phases      ] GC(24)     Total                          Min: 0, Avg: 227.0, Max: 576, Diff: 576, Sum: 908, Workers: 4
[1022.475s][debug][gc,phases      ] GC(24)   ObjectSynchronizer Weak        Min:  0.0, Avg:  0.0, Max:  0.0, Diff:  0.0, Sum:  0.0, Workers: 4
[1022.475s][debug][gc,phases      ] GC(24)     Dead                           Min: 0, Avg:  0.0, Max: 0, Diff: 0, Sum: 0, Workers: 4
[1022.475s][debug][gc,phases      ] GC(24)     Total                          Min: 0, Avg:  1.0, Max: 4, Diff: 4, Sum: 4, Workers: 4
[1022.475s][debug][gc,phases      ] GC(24)   JVMTI Tag Weak OopStorage      Min:  0.0, Avg:  0.0, Max:  0.0, Diff:  0.0, Sum:  0.0, Workers: 4
[1022.475s][debug][gc,phases      ] GC(24)     Dead                           Min: 0, Avg:  0.0, Max: 0, Diff: 0, Sum: 0, Workers: 4
[1022.475s][debug][gc,phases      ] GC(24)     Total                          Min: 0, Avg:  0.0, Max: 0, Diff: 0, Sum: 0, Workers: 4
[1022.475s][debug][gc,phases      ] GC(24)   StringTable Weak               Min:  0.1, Avg:  0.1, Max:  0.1, Diff:  0.0, Sum:  0.4, Workers: 4
[1022.475s][debug][gc,phases      ] GC(24)     Dead                           Min: 0, Avg:  0.0, Max: 0, Diff: 0, Sum: 0, Workers: 4
[1022.475s][debug][gc,phases      ] GC(24)     Total                          Min: 11008, Avg: 11465.2, Max: 11776, Diff: 768, Sum: 45861, Workers: 4
[1022.475s][debug][gc,phases      ] GC(24)   ResolvedMethodTable Weak       Min:  0.0, Avg:  0.0, Max:  0.0, Diff:  0.0, Sum:  0.1, Workers: 4
[1022.475s][debug][gc,phases      ] GC(24)     Dead                           Min: 0, Avg:  4.2, Max: 17, Diff: 17, Sum: 17, Workers: 4
[1022.475s][debug][gc,phases      ] GC(24)     Total                          Min: 3584, Avg: 3660.0, Max: 3724, Diff: 140, Sum: 14640, Workers: 4
[1022.475s][debug][gc,phases      ] GC(24)   JNI Weak                       Min:  0.0, Avg:  0.0, Max:  0.0, Diff:  0.0, Sum:  0.0, Workers: 4
[1022.475s][debug][gc,phases      ] GC(24)     Dead                           Min: 0, Avg:  0.0, Max: 0, Diff: 0, Sum: 0, Workers: 4
[1022.475s][debug][gc,phases      ] GC(24)     Total                          Min: 0, Avg: 13.0, Max: 52, Diff: 52, Sum: 52, Workers: 4
[1022.475s][debug][gc,phases      ] GC(24)   StringDedup Table Weak         Min:  0.0, Avg:  0.0, Max:  0.0, Diff:  0.0, Sum:  0.0, Workers: 4
[1022.475s][debug][gc,phases      ] GC(24)     Dead                           Min: 0, Avg:  0.0, Max: 0, Diff: 0, Sum: 0, Workers: 4
[1022.475s][debug][gc,phases      ] GC(24)     Total                          Min: 0, Avg:  0.0, Max: 0, Diff: 0, Sum: 0, Workers: 4
[1022.475s][debug][gc,phases      ] GC(24)   StringDedup Requests0 Weak     Min:  0.0, Avg:  0.0, Max:  0.0, Diff:  0.0, Sum:  0.0, Workers: 4
[1022.475s][debug][gc,phases      ] GC(24)     Dead                           Min: 0, Avg:  0.0, Max: 0, Diff: 0, Sum: 0, Workers: 4
[1022.475s][debug][gc,phases      ] GC(24)     Total                          Min: 0, Avg:  0.0, Max: 0, Diff: 0, Sum: 0, Workers: 4
[1022.475s][debug][gc,phases      ] GC(24)   StringDedup Requests1 Weak     Min:  0.0, Avg:  0.0, Max:  0.0, Diff:  0.0, Sum:  0.0, Workers: 4
[1022.475s][debug][gc,phases      ] GC(24)     Dead                           Min: 0, Avg:  0.0, Max: 0, Diff: 0, Sum: 0, Workers: 4
[1022.475s][debug][gc,phases      ] GC(24)     Total                          Min: 0, Avg:  0.0, Max: 0, Diff: 0, Sum: 0, Workers: 4
[1022.475s][debug][gc,phases      ] GC(24)   Weak JFR Old Object Samples    Min:  0.0, Avg:  0.0, Max:  0.0, Diff:  0.0, Sum:  0.0, Workers: 4
[1022.475s][debug][gc,phases      ] GC(24)     Dead                           Min: 0, Avg:  0.0, Max: 0, Diff: 0, Sum: 0, Workers: 4
[1022.475s][debug][gc,phases      ] GC(24)     Total                          Min: 0, Avg:  0.0, Max: 0, Diff: 0, Sum: 0, Workers: 4
[1022.475s][debug][gc,phases      ] GC(24) Weak Processing 0.336ms
[1022.475s][debug][gc,age         ] GC(24) Desired survivor size 193462272 bytes, new threshold 1 (max threshold 15)
[1022.475s][info ][gc,heap        ] GC(24) PSYoungGen: 1674912K(1880064K)->3248K(1908224K) Eden: 1672192K(1672192K)->0K(1709568K) From: 2720K(207872K)->3248K(198656K)
[1022.475s][info ][gc,heap        ] GC(24) ParOldGen: 234758K(235008K)->235498K(235520K)
[1022.475s][info ][gc,metaspace   ] GC(24) Metaspace: 104561K(105728K)->104561K(105728K) NonClass: 88735K(89408K)->88735K(89408K) Class: 15825K(16320K)->15825K(16320K)
[1022.475s][info ][gc             ] GC(24) Pause Young (Allocation Failure) 1864M->233M(2093M) 3.149ms
[1022.475s][info ][gc,cpu         ] GC(24) User=0.01s Sys=0.00s Real=0.01s
[1022.475s][info ][safepoint      ] Safepoint "ParallelGCFailedAllocation", Time since last: 91745416 ns, Reaching safepoint: 5800 ns, Cleanup: 4300 ns, At safepoint: 3213076 ns, Total: 3223176 ns
[1028.476s][info ][safepoint      ] Safepoint "Cleanup", Time since last: 6000511942 ns, Reaching safepoint: 6000 ns, Cleanup: 9500 ns, At safepoint: 1900 ns, Total: 17400 ns
[1030.476s][info ][safepoint      ] Safepoint "Cleanup", Time since last: 2000206200 ns, Reaching safepoint: 6100 ns, Cleanup: 12000 ns, At safepoint: 2100 ns, Total: 20200 ns
[1033.136s][info ][safepoint      ] Safepoint "Cleanup", Time since last: 2660098824 ns, Reaching safepoint: 3999 ns, Cleanup: 7900 ns, At safepoint: 1400 ns, Total: 13299 ns
[1034.136s][info ][safepoint      ] Safepoint "Cleanup", Time since last: 1000137278 ns, Reaching safepoint: 6100 ns, Cleanup: 13300 ns, At safepoint: 2500 ns, Total: 21900 ns
[1036.137s][info ][safepoint      ] Safepoint "Cleanup", Time since last: 2000248954 ns, Reaching safepoint: 6400 ns, Cleanup: 9500 ns, At safepoint: 2600 ns, Total: 18500 ns
[1039.137s][info ][safepoint      ] Safepoint "Cleanup", Time since last: 3000278721 ns, Reaching safepoint: 5600 ns, Cleanup: 9599 ns, At safepoint: 2600 ns, Total: 17799 ns
[1041.137s][info ][safepoint      ] Safepoint "Cleanup", Time since last: 2000204532 ns, Reaching safepoint: 6100 ns, Cleanup: 9400 ns, At safepoint: 2300 ns, Total: 17800 ns
[1042.137s][info ][safepoint      ] Safepoint "Cleanup", Time since last: 1000114366 ns, Reaching safepoint: 7100 ns, Cleanup: 15200 ns, At safepoint: 2300 ns, Total: 24600 ns
[1048.138s][info ][safepoint      ] Safepoint "Cleanup", Time since last: 6000487423 ns, Reaching safepoint: 7200 ns, Cleanup: 11700 ns, At safepoint: 2700 ns, Total: 21600 ns
[1056.138s][info ][safepoint      ] Safepoint "Cleanup", Time since last: 8000651472 ns, Reaching safepoint: 7600 ns, Cleanup: 11500 ns, At safepoint: 2800 ns, Total: 21900 ns
[1058.139s][info ][safepoint      ] Safepoint "Cleanup", Time since last: 2000158697 ns, Reaching safepoint: 8400 ns, Cleanup: 16400 ns, At safepoint: 3500 ns, Total: 28300 ns
[1061.139s][info ][safepoint      ] Safepoint "Cleanup", Time since last: 3000208996 ns, Reaching safepoint: 6400 ns, Cleanup: 18600 ns, At safepoint: 2300 ns, Total: 27300 ns
[1062.139s][info ][safepoint      ] Safepoint "Cleanup", Time since last: 1000129399 ns, Reaching safepoint: 8999 ns, Cleanup: 15200 ns, At safepoint: 2600 ns, Total: 26799 ns
[1066.139s][info ][safepoint      ] Safepoint "Cleanup", Time since last: 4000321904 ns, Reaching safepoint: 6100 ns, Cleanup: 13500 ns, At safepoint: 2200 ns, Total: 21800 ns
[1070.140s][info ][safepoint      ] Safepoint "Cleanup", Time since last: 4000316237 ns, Reaching safepoint: 6700 ns, Cleanup: 13000 ns, At safepoint: 3300 ns, Total: 23000 ns
[1071.140s][info ][safepoint      ] Safepoint "Cleanup", Time since last: 1000101570 ns, Reaching safepoint: 6400 ns, Cleanup: 12000 ns, At safepoint: 2500 ns, Total: 20900 ns
[1072.140s][info ][safepoint      ] Safepoint "Cleanup", Time since last: 1000107353 ns, Reaching safepoint: 7600 ns, Cleanup: 10300 ns, At safepoint: 14200 ns, Total: 32100 ns
[1079.141s][info ][safepoint      ] Safepoint "Cleanup", Time since last: 7000532330 ns, Reaching safepoint: 8400 ns, Cleanup: 11399 ns, At safepoint: 2500 ns, Total: 22299 ns
[1081.398s][info ][safepoint      ] Safepoint "Cleanup", Time since last: 2257943834 ns, Reaching safepoint: 7700 ns, Cleanup: 10600 ns, At safepoint: 2500 ns, Total: 20800 ns
[1082.399s][info ][safepoint      ] Safepoint "Cleanup", Time since last: 1000113912 ns, Reaching safepoint: 6900 ns, Cleanup: 22600 ns, At safepoint: 23400 ns, Total: 52900 ns
[1087.399s][info ][safepoint      ] Safepoint "Cleanup", Time since last: 5000429926 ns, Reaching safepoint: 7400 ns, Cleanup: 12400 ns, At safepoint: 2600 ns, Total: 22400 ns
[1088.321s][info ][gc,start       ] GC(25) Pause Young (Allocation Failure)
[1088.331s][debug][gc,phases      ] GC(25) Scavenge 9.812ms
[1088.331s][debug][gc,ref         ] GC(25) ReferenceProcessor::execute queues: 1, RefProcThreadModel::Single, marks_oops_alive: false
[1088.331s][debug][gc,ref         ] GC(25) Skipped KeepAliveFinalRefsPhase of Reference Processing: no references
[1088.331s][debug][gc,ref         ] GC(25) ReferenceProcessor::execute queues: 1, RefProcThreadModel::Single, marks_oops_alive: false
[1088.331s][debug][gc,phases      ] GC(25) Reference Processing 0.113ms
[1088.331s][debug][gc,phases      ] GC(25)   VM Weak                        Min:  0.0, Avg:  0.0, Max:  0.0, Diff:  0.0, Sum:  0.0, Workers: 4
[1088.331s][debug][gc,phases      ] GC(25)     Dead                           Min: 0, Avg:  0.0, Max: 0, Diff: 0, Sum: 0, Workers: 4
[1088.331s][debug][gc,phases      ] GC(25)     Total                          Min: 0, Avg: 227.0, Max: 588, Diff: 588, Sum: 908, Workers: 4
[1088.331s][debug][gc,phases      ] GC(25)   ObjectSynchronizer Weak        Min:  0.0, Avg:  0.0, Max:  0.0, Diff:  0.0, Sum:  0.0, Workers: 4
[1088.331s][debug][gc,phases      ] GC(25)     Dead                           Min: 0, Avg:  0.0, Max: 0, Diff: 0, Sum: 0, Workers: 4
[1088.331s][debug][gc,phases      ] GC(25)     Total                          Min: 0, Avg:  1.0, Max: 4, Diff: 4, Sum: 4, Workers: 4
[1088.331s][debug][gc,phases      ] GC(25)   JVMTI Tag Weak OopStorage      Min:  0.0, Avg:  0.0, Max:  0.0, Diff:  0.0, Sum:  0.0, Workers: 4
[1088.331s][debug][gc,phases      ] GC(25)     Dead                           Min: 0, Avg:  0.0, Max: 0, Diff: 0, Sum: 0, Workers: 4
[1088.331s][debug][gc,phases      ] GC(25)     Total                          Min: 0, Avg:  0.0, Max: 0, Diff: 0, Sum: 0, Workers: 4
[1088.331s][debug][gc,phases      ] GC(25)   StringTable Weak               Min:  0.0, Avg:  0.1, Max:  0.2, Diff:  0.2, Sum:  0.4, Workers: 4
[1088.331s][debug][gc,phases      ] GC(25)     Dead                           Min: 0, Avg:  0.5, Max: 2, Diff: 2, Sum: 2, Workers: 4
[1088.331s][debug][gc,phases      ] GC(25)     Total                          Min: 0, Avg: 11468.5, Max: 22963, Diff: 22963, Sum: 45874, Workers: 4
[1088.331s][debug][gc,phases      ] GC(25)   ResolvedMethodTable Weak       Min:  0.0, Avg:  0.0, Max:  0.1, Diff:  0.1, Sum:  0.1, Workers: 4
[1088.331s][debug][gc,phases      ] GC(25)     Dead                           Min: 0, Avg:  4.2, Max: 16, Diff: 16, Sum: 17, Workers: 4
[1088.331s][debug][gc,phases      ] GC(25)     Total                          Min: 0, Avg: 3662.8, Max: 7341, Diff: 7341, Sum: 14651, Workers: 4
[1088.331s][debug][gc,phases      ] GC(25)   JNI Weak                       Min:  0.0, Avg:  0.0, Max:  0.0, Diff:  0.0, Sum:  0.0, Workers: 4
[1088.331s][debug][gc,phases      ] GC(25)     Dead                           Min: 0, Avg:  0.0, Max: 0, Diff: 0, Sum: 0, Workers: 4
[1088.331s][debug][gc,phases      ] GC(25)     Total                          Min: 0, Avg: 13.0, Max: 52, Diff: 52, Sum: 52, Workers: 4
[1088.331s][debug][gc,phases      ] GC(25)   StringDedup Table Weak         Min:  0.0, Avg:  0.0, Max:  0.0, Diff:  0.0, Sum:  0.0, Workers: 4
[1088.331s][debug][gc,phases      ] GC(25)     Dead                           Min: 0, Avg:  0.0, Max: 0, Diff: 0, Sum: 0, Workers: 4
[1088.331s][debug][gc,phases      ] GC(25)     Total                          Min: 0, Avg:  0.0, Max: 0, Diff: 0, Sum: 0, Workers: 4
[1088.331s][debug][gc,phases      ] GC(25)   StringDedup Requests0 Weak     Min:  0.0, Avg:  0.0, Max:  0.0, Diff:  0.0, Sum:  0.0, Workers: 4
[1088.331s][debug][gc,phases      ] GC(25)     Dead                           Min: 0, Avg:  0.0, Max: 0, Diff: 0, Sum: 0, Workers: 4
[1088.331s][debug][gc,phases      ] GC(25)     Total                          Min: 0, Avg:  0.0, Max: 0, Diff: 0, Sum: 0, Workers: 4
[1088.331s][debug][gc,phases      ] GC(25)   StringDedup Requests1 Weak     Min:  0.0, Avg:  0.0, Max:  0.0, Diff:  0.0, Sum:  0.0, Workers: 4
[1088.331s][debug][gc,phases      ] GC(25)     Dead                           Min: 0, Avg:  0.0, Max: 0, Diff: 0, Sum: 0, Workers: 4
[1088.331s][debug][gc,phases      ] GC(25)     Total                          Min: 0, Avg:  0.0, Max: 0, Diff: 0, Sum: 0, Workers: 4
[1088.331s][debug][gc,phases      ] GC(25)   Weak JFR Old Object Samples    Min:  0.0, Avg:  0.0, Max:  0.0, Diff:  0.0, Sum:  0.0, Workers: 4
[1088.331s][debug][gc,phases      ] GC(25)     Dead                           Min: 0, Avg:  0.0, Max: 0, Diff: 0, Sum: 0, Workers: 4
[1088.331s][debug][gc,phases      ] GC(25)     Total                          Min: 0, Avg:  0.0, Max: 0, Diff: 0, Sum: 0, Workers: 4
[1088.332s][debug][gc,phases      ] GC(25) Weak Processing 0.457ms
[1088.332s][debug][gc,age         ] GC(25) Desired survivor size 183500800 bytes, new threshold 1 (max threshold 15)
[1088.332s][info ][gc,heap        ] GC(25) PSYoungGen: 1712816K(1908224K)->3534K(1898496K) Eden: 1709568K(1709568K)->0K(1709568K) From: 3248K(198656K)->3534K(188928K)
[1088.332s][info ][gc,heap        ] GC(25) ParOldGen: 235498K(235520K)->236450K(236544K)
[1088.332s][info ][gc,metaspace   ] GC(25) Metaspace: 104613K(105856K)->104613K(105856K) NonClass: 88781K(89472K)->88781K(89472K) Class: 15831K(16384K)->15831K(16384K)
[1088.332s][info ][gc             ] GC(25) Pause Young (Allocation Failure) 1902M->234M(2085M) 10.497ms
[1088.332s][info ][gc,cpu         ] GC(25) User=0.02s Sys=0.00s Real=0.01s
[1088.332s][info ][safepoint      ] Safepoint "ParallelGCFailedAllocation", Time since last: 921891438 ns, Reaching safepoint: 5900 ns, Cleanup: 8500 ns, At safepoint: 10655733 ns, Total: 10670133 ns
[1089.332s][info ][safepoint      ] Safepoint "Cleanup", Time since last: 1000099450 ns, Reaching safepoint: 6999 ns, Cleanup: 8700 ns, At safepoint: 2100 ns, Total: 17799 ns
[1092.332s][info ][safepoint      ] Safepoint "Cleanup", Time since last: 3000538347 ns, Reaching safepoint: 5700 ns, Cleanup: 11100 ns, At safepoint: 2200 ns, Total: 19000 ns
[1095.333s][info ][safepoint      ] Safepoint "Cleanup", Time since last: 3000255670 ns, Reaching safepoint: 6799 ns, Cleanup: 8700 ns, At safepoint: 2300 ns, Total: 17799 ns
[1096.333s][info ][safepoint      ] Safepoint "Cleanup", Time since last: 1000109170 ns, Reaching safepoint: 5800 ns, Cleanup: 8700 ns, At safepoint: 2400 ns, Total: 16900 ns
[1098.333s][info ][safepoint      ] Safepoint "Cleanup", Time since last: 2000368139 ns, Reaching safepoint: 6500 ns, Cleanup: 9400 ns, At safepoint: 2400 ns, Total: 18300 ns
[1099.333s][info ][safepoint      ] Safepoint "Cleanup", Time since last: 1000111669 ns, Reaching safepoint: 6900 ns, Cleanup: 10200 ns, At safepoint: 2200 ns, Total: 19300 ns
[1103.335s][info ][safepoint      ] Safepoint "Cleanup", Time since last: 4001340039 ns, Reaching safepoint: 7100 ns, Cleanup: 16500 ns, At safepoint: 3100 ns, Total: 26700 ns
[1104.335s][info ][safepoint      ] Safepoint "Cleanup", Time since last: 1000109483 ns, Reaching safepoint: 5600 ns, Cleanup: 12700 ns, At safepoint: 1800 ns, Total: 20100 ns
[1105.335s][info ][safepoint      ] Safepoint "Cleanup", Time since last: 1000121683 ns, Reaching safepoint: 8100 ns, Cleanup: 19699 ns, At safepoint: 4200 ns, Total: 31999 ns
[1106.335s][info ][safepoint      ] Safepoint "Cleanup", Time since last: 1000122383 ns, Reaching safepoint: 6500 ns, Cleanup: 13500 ns, At safepoint: 2100 ns, Total: 22100 ns
[1107.335s][info ][safepoint      ] Safepoint "Cleanup", Time since last: 1000115183 ns, Reaching safepoint: 5800 ns, Cleanup: 9500 ns, At safepoint: 1800 ns, Total: 17100 ns
[1108.335s][info ][safepoint      ] Safepoint "Cleanup", Time since last: 1000111983 ns, Reaching safepoint: 5700 ns, Cleanup: 12500 ns, At safepoint: 1700 ns, Total: 19900 ns
[1109.335s][info ][safepoint      ] Safepoint "Cleanup", Time since last: 1000103157 ns, Reaching safepoint: 5800 ns, Cleanup: 9400 ns, At safepoint: 2000 ns, Total: 17200 ns
[1111.336s][info ][safepoint      ] Safepoint "Cleanup", Time since last: 2000173246 ns, Reaching safepoint: 5500 ns, Cleanup: 13500 ns, At safepoint: 2000 ns, Total: 21000 ns
[1113.336s][info ][safepoint      ] Safepoint "Cleanup", Time since last: 2000173111 ns, Reaching safepoint: 5400 ns, Cleanup: 9600 ns, At safepoint: 13300 ns, Total: 28300 ns
[1114.336s][info ][safepoint      ] Safepoint "Cleanup", Time since last: 1000112406 ns, Reaching safepoint: 5600 ns, Cleanup: 9900 ns, At safepoint: 2200 ns, Total: 17700 ns
[1117.336s][info ][safepoint      ] Safepoint "Cleanup", Time since last: 3000252549 ns, Reaching safepoint: 5700 ns, Cleanup: 10000 ns, At safepoint: 2400 ns, Total: 18100 ns
[1118.336s][info ][safepoint      ] Safepoint "Cleanup", Time since last: 1000119491 ns, Reaching safepoint: 6299 ns, Cleanup: 9500 ns, At safepoint: 2500 ns, Total: 18299 ns
[1122.337s][info ][safepoint      ] Safepoint "Cleanup", Time since last: 4000298291 ns, Reaching safepoint: 6300 ns, Cleanup: 10600 ns, At safepoint: 2200 ns, Total: 19100 ns
[1123.337s][info ][safepoint      ] Safepoint "Cleanup", Time since last: 1000116347 ns, Reaching safepoint: 6100 ns, Cleanup: 10700 ns, At safepoint: 2100 ns, Total: 18900 ns
[1125.337s][info ][safepoint      ] Safepoint "Cleanup", Time since last: 2000192295 ns, Reaching safepoint: 6800 ns, Cleanup: 11500 ns, At safepoint: 2500 ns, Total: 20800 ns
[1129.337s][info ][safepoint      ] Safepoint "Cleanup", Time since last: 4000365015 ns, Reaching safepoint: 5600 ns, Cleanup: 12000 ns, At safepoint: 2100 ns, Total: 19700 ns
[1131.338s][info ][safepoint      ] Safepoint "Cleanup", Time since last: 2000180385 ns, Reaching safepoint: 6900 ns, Cleanup: 12100 ns, At safepoint: 2500 ns, Total: 21500 ns
[1132.338s][info ][safepoint      ] Safepoint "Cleanup", Time since last: 1000117092 ns, Reaching safepoint: 6000 ns, Cleanup: 12600 ns, At safepoint: 2200 ns, Total: 20800 ns
[1134.338s][info ][safepoint      ] Safepoint "Cleanup", Time since last: 2000219689 ns, Reaching safepoint: 8400 ns, Cleanup: 25399 ns, At safepoint: 3900 ns, Total: 37699 ns
[1135.338s][info ][safepoint      ] Safepoint "Cleanup", Time since last: 1000114942 ns, Reaching safepoint: 6300 ns, Cleanup: 13400 ns, At safepoint: 2300 ns, Total: 22000 ns
[1136.338s][info ][safepoint      ] Safepoint "Cleanup", Time since last: 1000113442 ns, Reaching safepoint: 6800 ns, Cleanup: 19400 ns, At safepoint: 2300 ns, Total: 28500 ns
[1137.338s][info ][safepoint      ] Safepoint "Cleanup", Time since last: 1000115642 ns, Reaching safepoint: 6500 ns, Cleanup: 10300 ns, At safepoint: 2000 ns, Total: 18800 ns
[1140.339s][info ][safepoint      ] Safepoint "Cleanup", Time since last: 3000242326 ns, Reaching safepoint: 7000 ns, Cleanup: 12400 ns, At safepoint: 2700 ns, Total: 22100 ns
[1151.424s][info ][safepoint      ] Safepoint "Cleanup", Time since last: 11084950050 ns, Reaching safepoint: 5900 ns, Cleanup: 10400 ns, At safepoint: 1800 ns, Total: 18100 ns
[1152.846s][info ][safepoint      ] Safepoint "Cleanup", Time since last: 1421888030 ns, Reaching safepoint: 20099 ns, Cleanup: 118800 ns, At safepoint: 2100 ns, Total: 140999 ns
[1153.846s][info ][safepoint      ] Safepoint "Cleanup", Time since last: 1000120831 ns, Reaching safepoint: 6600 ns, Cleanup: 12000 ns, At safepoint: 2500 ns, Total: 21100 ns
[1154.846s][info ][safepoint      ] Safepoint "Cleanup", Time since last: 1000120132 ns, Reaching safepoint: 6300 ns, Cleanup: 17899 ns, At safepoint: 2100 ns, Total: 26299 ns
[1155.846s][info ][safepoint      ] Safepoint "Cleanup", Time since last: 1000112232 ns, Reaching safepoint: 6800 ns, Cleanup: 15500 ns, At safepoint: 2300 ns, Total: 24600 ns
[1157.846s][info ][safepoint      ] Safepoint "Cleanup", Time since last: 2000175263 ns, Reaching safepoint: 7400 ns, Cleanup: 10200 ns, At safepoint: 2200 ns, Total: 19800 ns
[1158.846s][info ][safepoint      ] Safepoint "Cleanup", Time since last: 1000113313 ns, Reaching safepoint: 6700 ns, Cleanup: 11000 ns, At safepoint: 2300 ns, Total: 20000 ns
[1159.847s][info ][safepoint      ] Safepoint "Cleanup", Time since last: 1000135502 ns, Reaching safepoint: 6399 ns, Cleanup: 13500 ns, At safepoint: 2200 ns, Total: 22099 ns
[1162.847s][info ][safepoint      ] Safepoint "Cleanup", Time since last: 3000251407 ns, Reaching safepoint: 6800 ns, Cleanup: 10500 ns, At safepoint: 2400 ns, Total: 19700 ns
[1164.847s][info ][safepoint      ] Safepoint "Cleanup", Time since last: 2000194013 ns, Reaching safepoint: 6500 ns, Cleanup: 11499 ns, At safepoint: 2300 ns, Total: 20299 ns
[1165.847s][info ][safepoint      ] Safepoint "Cleanup", Time since last: 1000121796 ns, Reaching safepoint: 7000 ns, Cleanup: 10200 ns, At safepoint: 2200 ns, Total: 19400 ns
[1166.121s][info ][gc,start       ] GC(26) Pause Young (Allocation Failure)
[1166.126s][debug][gc,phases      ] GC(26) Scavenge 4.738ms
[1166.126s][debug][gc,ref         ] GC(26) ReferenceProcessor::execute queues: 1, RefProcThreadModel::Single, marks_oops_alive: false
[1166.126s][debug][gc,ref         ] GC(26) Skipped KeepAliveFinalRefsPhase of Reference Processing: no references
[1166.126s][debug][gc,ref         ] GC(26) ReferenceProcessor::execute queues: 1, RefProcThreadModel::Single, marks_oops_alive: false
[1166.126s][debug][gc,phases      ] GC(26) Reference Processing 0.140ms
[1166.126s][debug][gc,phases      ] GC(26)   VM Weak                        Min:  0.0, Avg:  0.0, Max:  0.0, Diff:  0.0, Sum:  0.0, Workers: 4
[1166.126s][debug][gc,phases      ] GC(26)     Dead                           Min: 0, Avg:  0.0, Max: 0, Diff: 0, Sum: 0, Workers: 4
[1166.126s][debug][gc,phases      ] GC(26)     Total                          Min: 0, Avg: 235.0, Max: 748, Diff: 748, Sum: 940, Workers: 4
[1166.126s][debug][gc,phases      ] GC(26)   ObjectSynchronizer Weak        Min:  0.0, Avg:  0.0, Max:  0.0, Diff:  0.0, Sum:  0.0, Workers: 4
[1166.126s][debug][gc,phases      ] GC(26)     Dead                           Min: 0, Avg:  0.0, Max: 0, Diff: 0, Sum: 0, Workers: 4
[1166.126s][debug][gc,phases      ] GC(26)     Total                          Min: 0, Avg:  1.0, Max: 4, Diff: 4, Sum: 4, Workers: 4
[1166.126s][debug][gc,phases      ] GC(26)   JVMTI Tag Weak OopStorage      Min:  0.0, Avg:  0.0, Max:  0.0, Diff:  0.0, Sum:  0.0, Workers: 4
[1166.126s][debug][gc,phases      ] GC(26)     Dead                           Min: 0, Avg:  0.0, Max: 0, Diff: 0, Sum: 0, Workers: 4
[1166.126s][debug][gc,phases      ] GC(26)     Total                          Min: 0, Avg:  0.0, Max: 0, Diff: 0, Sum: 0, Workers: 4
[1166.126s][debug][gc,phases      ] GC(26)   StringTable Weak               Min:  0.1, Avg:  0.1, Max:  0.1, Diff:  0.0, Sum:  0.4, Workers: 4
[1166.126s][debug][gc,phases      ] GC(26)     Dead                           Min: 0, Avg:  1.0, Max: 3, Diff: 3, Sum: 4, Workers: 4
[1166.126s][debug][gc,phases      ] GC(26)     Total                          Min: 11215, Avg: 11507.8, Max: 11648, Diff: 433, Sum: 46031, Workers: 4
[1166.126s][debug][gc,phases      ] GC(26)   ResolvedMethodTable Weak       Min:  0.0, Avg:  0.0, Max:  0.0, Diff:  0.0, Sum:  0.2, Workers: 4
[1166.126s][debug][gc,phases      ] GC(26)     Dead                           Min: 12, Avg: 15.2, Max: 19, Diff: 7, Sum: 61, Workers: 4
[1166.126s][debug][gc,phases      ] GC(26)     Total                          Min: 3654, Avg: 3729.8, Max: 3845, Diff: 191, Sum: 14919, Workers: 4
[1166.126s][debug][gc,phases      ] GC(26)   JNI Weak                       Min:  0.0, Avg:  0.0, Max:  0.0, Diff:  0.0, Sum:  0.0, Workers: 4
[1166.126s][debug][gc,phases      ] GC(26)     Dead                           Min: 0, Avg:  0.0, Max: 0, Diff: 0, Sum: 0, Workers: 4
[1166.126s][debug][gc,phases      ] GC(26)     Total                          Min: 0, Avg: 13.0, Max: 52, Diff: 52, Sum: 52, Workers: 4
[1166.126s][debug][gc,phases      ] GC(26)   StringDedup Table Weak         Min:  0.0, Avg:  0.0, Max:  0.0, Diff:  0.0, Sum:  0.0, Workers: 4
[1166.126s][debug][gc,phases      ] GC(26)     Dead                           Min: 0, Avg:  0.0, Max: 0, Diff: 0, Sum: 0, Workers: 4
[1166.126s][debug][gc,phases      ] GC(26)     Total                          Min: 0, Avg:  0.0, Max: 0, Diff: 0, Sum: 0, Workers: 4
[1166.126s][debug][gc,phases      ] GC(26)   StringDedup Requests0 Weak     Min:  0.0, Avg:  0.0, Max:  0.0, Diff:  0.0, Sum:  0.0, Workers: 4
[1166.126s][debug][gc,phases      ] GC(26)     Dead                           Min: 0, Avg:  0.0, Max: 0, Diff: 0, Sum: 0, Workers: 4
[1166.126s][debug][gc,phases      ] GC(26)     Total                          Min: 0, Avg:  0.0, Max: 0, Diff: 0, Sum: 0, Workers: 4
[1166.126s][debug][gc,phases      ] GC(26)   StringDedup Requests1 Weak     Min:  0.0, Avg:  0.0, Max:  0.0, Diff:  0.0, Sum:  0.0, Workers: 4
[1166.126s][debug][gc,phases      ] GC(26)     Dead                           Min: 0, Avg:  0.0, Max: 0, Diff: 0, Sum: 0, Workers: 4
[1166.126s][debug][gc,phases      ] GC(26)     Total                          Min: 0, Avg:  0.0, Max: 0, Diff: 0, Sum: 0, Workers: 4
[1166.126s][debug][gc,phases      ] GC(26)   Weak JFR Old Object Samples    Min:  0.0, Avg:  0.0, Max:  0.0, Diff:  0.0, Sum:  0.0, Workers: 4
[1166.126s][debug][gc,phases      ] GC(26)     Dead                           Min: 0, Avg:  0.0, Max: 0, Diff: 0, Sum: 0, Workers: 4
[1166.126s][debug][gc,phases      ] GC(26)     Total                          Min: 0, Avg:  0.0, Max: 0, Diff: 0, Sum: 0, Workers: 4
[1166.126s][debug][gc,phases      ] GC(26) Weak Processing 0.320ms
[1166.126s][debug][gc,age         ] GC(26) Desired survivor size 173015040 bytes, new threshold 1 (max threshold 15)
[1166.126s][info ][gc,heap        ] GC(26) PSYoungGen: 1713102K(1898496K)->8768K(1928192K) Eden: 1709568K(1709568K)->0K(1748992K) From: 3534K(188928K)->8768K(179200K)
[1166.126s][info ][gc,heap        ] GC(26) ParOldGen: 236450K(236544K)->237724K(238080K)
[1166.126s][info ][gc,metaspace   ] GC(26) Metaspace: 105112K(106368K)->105112K(106368K) NonClass: 89180K(89920K)->89180K(89920K) Class: 15931K(16448K)->15931K(16448K)
[1166.126s][info ][gc             ] GC(26) Pause Young (Allocation Failure) 1903M->240M(2115M) 5.310ms
[1166.126s][info ][gc,cpu         ] GC(26) User=0.02s Sys=0.00s Real=0.01s
[1166.126s][info ][safepoint      ] Safepoint "ParallelGCFailedAllocation", Time since last: 273463804 ns, Reaching safepoint: 6200 ns, Cleanup: 3200 ns, At safepoint: 5375466 ns, Total: 5384866 ns
[1167.126s][info ][safepoint      ] Safepoint "Cleanup", Time since last: 1000085647 ns, Reaching safepoint: 5699 ns, Cleanup: 30900 ns, At safepoint: 1800 ns, Total: 38399 ns
[1168.126s][info ][safepoint      ] Safepoint "Cleanup", Time since last: 1000110802 ns, Reaching safepoint: 5900 ns, Cleanup: 6300 ns, At safepoint: 2000 ns, Total: 14200 ns
[1169.126s][info ][safepoint      ] Safepoint "Cleanup", Time since last: 1000103402 ns, Reaching safepoint: 6700 ns, Cleanup: 8700 ns, At safepoint: 2000 ns, Total: 17400 ns
[1173.127s][info ][safepoint      ] Safepoint "Cleanup", Time since last: 4000355209 ns, Reaching safepoint: 6300 ns, Cleanup: 13400 ns, At safepoint: 2100 ns, Total: 21800 ns
[1174.127s][info ][safepoint      ] Safepoint "Cleanup", Time since last: 1000102802 ns, Reaching safepoint: 5500 ns, Cleanup: 9300 ns, At safepoint: 1700 ns, Total: 16500 ns
[1176.127s][info ][safepoint      ] Safepoint "Cleanup", Time since last: 2000177557 ns, Reaching safepoint: 6700 ns, Cleanup: 14200 ns, At safepoint: 18900 ns, Total: 39800 ns
[1177.127s][info ][safepoint      ] Safepoint "Cleanup", Time since last: 1000100445 ns, Reaching safepoint: 6000 ns, Cleanup: 8700 ns, At safepoint: 1700 ns, Total: 16400 ns
[1185.128s][info ][safepoint      ] Safepoint "Cleanup", Time since last: 8000585147 ns, Reaching safepoint: 5800 ns, Cleanup: 14000 ns, At safepoint: 2000 ns, Total: 21800 ns
[1186.128s][info ][safepoint      ] Safepoint "Cleanup", Time since last: 1000104094 ns, Reaching safepoint: 5900 ns, Cleanup: 13200 ns, At safepoint: 2000 ns, Total: 21100 ns
[1187.128s][info ][safepoint      ] Safepoint "Cleanup", Time since last: 1000126195 ns, Reaching safepoint: 6800 ns, Cleanup: 10500 ns, At safepoint: 2500 ns, Total: 19800 ns
[1189.128s][info ][safepoint      ] Safepoint "Cleanup", Time since last: 2000179589 ns, Reaching safepoint: 5600 ns, Cleanup: 8200 ns, At safepoint: 2000 ns, Total: 15800 ns
[1191.129s][info ][safepoint      ] Safepoint "Cleanup", Time since last: 2000175972 ns, Reaching safepoint: 5699 ns, Cleanup: 8400 ns, At safepoint: 1800 ns, Total: 15899 ns
[1192.129s][info ][safepoint      ] Safepoint "Cleanup", Time since last: 1000117505 ns, Reaching safepoint: 5000 ns, Cleanup: 7000 ns, At safepoint: 2200 ns, Total: 14200 ns
[1197.129s][info ][safepoint      ] Safepoint "Cleanup", Time since last: 5000389424 ns, Reaching safepoint: 5600 ns, Cleanup: 13400 ns, At safepoint: 2100 ns, Total: 21100 ns
[1200.439s][info ][safepoint      ] Safepoint "Cleanup", Time since last: 3310193035 ns, Reaching safepoint: 4600 ns, Cleanup: 10300 ns, At safepoint: 2300 ns, Total: 17200 ns
[1208.440s][info ][safepoint      ] Safepoint "Cleanup", Time since last: 8000632741 ns, Reaching safepoint: 5800 ns, Cleanup: 13600 ns, At safepoint: 2300 ns, Total: 21700 ns
[1209.440s][info ][safepoint      ] Safepoint "Cleanup", Time since last: 1000107106 ns, Reaching safepoint: 5800 ns, Cleanup: 8500 ns, At safepoint: 1900 ns, Total: 16200 ns
[1211.440s][info ][safepoint      ] Safepoint "Cleanup", Time since last: 2000183713 ns, Reaching safepoint: 7800 ns, Cleanup: 18700 ns, At safepoint: 2600 ns, Total: 29100 ns
[1213.440s][info ][safepoint      ] Safepoint "Cleanup", Time since last: 2000180060 ns, Reaching safepoint: 6500 ns, Cleanup: 9800 ns, At safepoint: 2100 ns, Total: 18400 ns
[1217.441s][info ][safepoint      ] Safepoint "Cleanup", Time since last: 4000315119 ns, Reaching safepoint: 6800 ns, Cleanup: 10900 ns, At safepoint: 2200 ns, Total: 19900 ns
[1221.441s][info ][safepoint      ] Safepoint "Cleanup", Time since last: 4000316990 ns, Reaching safepoint: 6500 ns, Cleanup: 12900 ns, At safepoint: 2100 ns, Total: 21500 ns
[1222.441s][info ][safepoint      ] Safepoint "Cleanup", Time since last: 1000115442 ns, Reaching safepoint: 6600 ns, Cleanup: 10400 ns, At safepoint: 2100 ns, Total: 19100 ns
[1224.442s][info ][safepoint      ] Safepoint "Cleanup", Time since last: 2000190121 ns, Reaching safepoint: 7000 ns, Cleanup: 9500 ns, At safepoint: 2600 ns, Total: 19100 ns
[1227.442s][info ][safepoint      ] Safepoint "Cleanup", Time since last: 3000257432 ns, Reaching safepoint: 7000 ns, Cleanup: 12100 ns, At safepoint: 2099 ns, Total: 21199 ns
[1228.442s][info ][safepoint      ] Safepoint "Cleanup", Time since last: 1000146011 ns, Reaching safepoint: 6800 ns, Cleanup: 47299 ns, At safepoint: 2400 ns, Total: 56499 ns
[1229.442s][info ][safepoint      ] Safepoint "Cleanup", Time since last: 1000115811 ns, Reaching safepoint: 7200 ns, Cleanup: 10900 ns, At safepoint: 2000 ns, Total: 20100 ns
[1230.442s][info ][safepoint      ] Safepoint "Cleanup", Time since last: 1000113409 ns, Reaching safepoint: 6600 ns, Cleanup: 22800 ns, At safepoint: 2100 ns, Total: 31500 ns
[1234.443s][info ][safepoint      ] Safepoint "Cleanup", Time since last: 4000314526 ns, Reaching safepoint: 6099 ns, Cleanup: 23500 ns, At safepoint: 1900 ns, Total: 31499 ns
[1235.443s][info ][safepoint      ] Safepoint "Cleanup", Time since last: 1000110456 ns, Reaching safepoint: 6500 ns, Cleanup: 22200 ns, At safepoint: 2100 ns, Total: 30800 ns
[1237.443s][info ][safepoint      ] Safepoint "Cleanup", Time since last: 2000187013 ns, Reaching safepoint: 6900 ns, Cleanup: 9400 ns, At safepoint: 2000 ns, Total: 18300 ns
[1238.443s][info ][safepoint      ] Safepoint "Cleanup", Time since last: 1000114856 ns, Reaching safepoint: 7000 ns, Cleanup: 17500 ns, At safepoint: 2100 ns, Total: 26600 ns
[1239.443s][info ][safepoint      ] Safepoint "Cleanup", Time since last: 1000107538 ns, Reaching safepoint: 5800 ns, Cleanup: 10999 ns, At safepoint: 2200 ns, Total: 18999 ns
[1240.443s][info ][safepoint      ] Safepoint "Cleanup", Time since last: 1000105638 ns, Reaching safepoint: 5600 ns, Cleanup: 6900 ns, At safepoint: 2300 ns, Total: 14800 ns
[1244.444s][info ][safepoint      ] Safepoint "Cleanup", Time since last: 4000329850 ns, Reaching safepoint: 7300 ns, Cleanup: 9600 ns, At safepoint: 2200 ns, Total: 19100 ns
[1246.444s][info ][safepoint      ] Safepoint "Cleanup", Time since last: 2000183275 ns, Reaching safepoint: 7200 ns, Cleanup: 22100 ns, At safepoint: 2500 ns, Total: 31800 ns
[1246.922s][info ][gc,start       ] GC(27) Pause Young (Allocation Failure)
[1246.927s][debug][gc,phases      ] GC(27) Scavenge 5.191ms
[1246.927s][debug][gc,ref         ] GC(27) ReferenceProcessor::execute queues: 1, RefProcThreadModel::Single, marks_oops_alive: false
[1246.927s][debug][gc,ref         ] GC(27) Skipped KeepAliveFinalRefsPhase of Reference Processing: no references
[1246.927s][debug][gc,ref         ] GC(27) ReferenceProcessor::execute queues: 1, RefProcThreadModel::Single, marks_oops_alive: false
[1246.927s][debug][gc,phases      ] GC(27) Reference Processing 0.097ms
[1246.927s][debug][gc,phases      ] GC(27)   VM Weak                        Min:  0.0, Avg:  0.0, Max:  0.0, Diff:  0.0, Sum:  0.0, Workers: 4
[1246.927s][debug][gc,phases      ] GC(27)     Dead                           Min: 0, Avg:  0.0, Max: 0, Diff: 0, Sum: 0, Workers: 4
[1246.927s][debug][gc,phases      ] GC(27)     Total                          Min: 0, Avg: 235.0, Max: 556, Diff: 556, Sum: 940, Workers: 4
[1246.927s][debug][gc,phases      ] GC(27)   ObjectSynchronizer Weak        Min:  0.0, Avg:  0.0, Max:  0.0, Diff:  0.0, Sum:  0.0, Workers: 4
[1246.927s][debug][gc,phases      ] GC(27)     Dead                           Min: 0, Avg:  0.0, Max: 0, Diff: 0, Sum: 0, Workers: 4
[1246.927s][debug][gc,phases      ] GC(27)     Total                          Min: 0, Avg:  1.0, Max: 4, Diff: 4, Sum: 4, Workers: 4
[1246.927s][debug][gc,phases      ] GC(27)   JVMTI Tag Weak OopStorage      Min:  0.0, Avg:  0.0, Max:  0.0, Diff:  0.0, Sum:  0.0, Workers: 4
[1246.927s][debug][gc,phases      ] GC(27)     Dead                           Min: 0, Avg:  0.0, Max: 0, Diff: 0, Sum: 0, Workers: 4
[1246.927s][debug][gc,phases      ] GC(27)     Total                          Min: 0, Avg:  0.0, Max: 0, Diff: 0, Sum: 0, Workers: 4
[1246.927s][debug][gc,phases      ] GC(27)   StringTable Weak               Min:  0.1, Avg:  0.1, Max:  0.1, Diff:  0.0, Sum:  0.4, Workers: 4
[1246.927s][debug][gc,phases      ] GC(27)     Dead                           Min: 0, Avg:  0.5, Max: 2, Diff: 2, Sum: 2, Workers: 4
[1246.927s][debug][gc,phases      ] GC(27)     Total                          Min: 11264, Avg: 11514.8, Max: 11776, Diff: 512, Sum: 46059, Workers: 4
[1246.927s][debug][gc,phases      ] GC(27)   ResolvedMethodTable Weak       Min:  0.0, Avg:  0.0, Max:  0.0, Diff:  0.0, Sum:  0.2, Workers: 4
[1246.927s][debug][gc,phases      ] GC(27)     Dead                           Min: 0, Avg:  7.0, Max: 11, Diff: 11, Sum: 28, Workers: 4
[1246.927s][debug][gc,phases      ] GC(27)     Total                          Min: 3413, Avg: 3740.8, Max: 4177, Diff: 764, Sum: 14963, Workers: 4
[1246.927s][debug][gc,phases      ] GC(27)   JNI Weak                       Min:  0.0, Avg:  0.0, Max:  0.0, Diff:  0.0, Sum:  0.0, Workers: 4
[1246.927s][debug][gc,phases      ] GC(27)     Dead                           Min: 0, Avg:  0.0, Max: 0, Diff: 0, Sum: 0, Workers: 4
[1246.927s][debug][gc,phases      ] GC(27)     Total                          Min: 0, Avg: 13.0, Max: 52, Diff: 52, Sum: 52, Workers: 4
[1246.927s][debug][gc,phases      ] GC(27)   StringDedup Table Weak         Min:  0.0, Avg:  0.0, Max:  0.0, Diff:  0.0, Sum:  0.0, Workers: 4
[1246.927s][debug][gc,phases      ] GC(27)     Dead                           Min: 0, Avg:  0.0, Max: 0, Diff: 0, Sum: 0, Workers: 4
[1246.927s][debug][gc,phases      ] GC(27)     Total                          Min: 0, Avg:  0.0, Max: 0, Diff: 0, Sum: 0, Workers: 4
[1246.927s][debug][gc,phases      ] GC(27)   StringDedup Requests0 Weak     Min:  0.0, Avg:  0.0, Max:  0.0, Diff:  0.0, Sum:  0.0, Workers: 4
[1246.927s][debug][gc,phases      ] GC(27)     Dead                           Min: 0, Avg:  0.0, Max: 0, Diff: 0, Sum: 0, Workers: 4
[1246.927s][debug][gc,phases      ] GC(27)     Total                          Min: 0, Avg:  0.0, Max: 0, Diff: 0, Sum: 0, Workers: 4
[1246.927s][debug][gc,phases      ] GC(27)   StringDedup Requests1 Weak     Min:  0.0, Avg:  0.0, Max:  0.0, Diff:  0.0, Sum:  0.0, Workers: 4
[1246.927s][debug][gc,phases      ] GC(27)     Dead                           Min: 0, Avg:  0.0, Max: 0, Diff: 0, Sum: 0, Workers: 4
[1246.927s][debug][gc,phases      ] GC(27)     Total                          Min: 0, Avg:  0.0, Max: 0, Diff: 0, Sum: 0, Workers: 4
[1246.927s][debug][gc,phases      ] GC(27)   Weak JFR Old Object Samples    Min:  0.0, Avg:  0.0, Max:  0.0, Diff:  0.0, Sum:  0.0, Workers: 4
[1246.927s][debug][gc,phases      ] GC(27)     Dead                           Min: 0, Avg:  0.0, Max: 0, Diff: 0, Sum: 0, Workers: 4
[1246.927s][debug][gc,phases      ] GC(27)     Total                          Min: 0, Avg:  0.0, Max: 0, Diff: 0, Sum: 0, Workers: 4
[1246.927s][debug][gc,phases      ] GC(27) Weak Processing 0.325ms
[1246.927s][debug][gc,age         ] GC(27) Desired survivor size 163577856 bytes, new threshold 1 (max threshold 15)
[1246.927s][info ][gc,heap        ] GC(27) PSYoungGen: 1757760K(1928192K)->3680K(1917952K) Eden: 1748992K(1748992K)->0K(1748992K) From: 8768K(179200K)->3680K(168960K)
[1246.927s][info ][gc,heap        ] GC(27) ParOldGen: 237724K(238080K)->242773K(243200K)
[1246.927s][info ][gc,metaspace   ] GC(27) Metaspace: 105253K(106560K)->105253K(106560K) NonClass: 89307K(90048K)->89307K(90048K) Class: 15945K(16512K)->15945K(16512K)
[1246.928s][info ][gc             ] GC(27) Pause Young (Allocation Failure) 1948M->240M(2110M) 5.739ms
[1246.928s][info ][gc,cpu         ] GC(27) User=0.02s Sys=0.00s Real=0.01s
[1246.928s][info ][safepoint      ] Safepoint "ParallelGCFailedAllocation", Time since last: 477803186 ns, Reaching safepoint: 5500 ns, Cleanup: 3500 ns, At safepoint: 5803457 ns, Total: 5812457 ns
[1247.928s][info ][safepoint      ] Safepoint "Cleanup", Time since last: 1000081939 ns, Reaching safepoint: 5900 ns, Cleanup: 12600 ns, At safepoint: 2000 ns, Total: 20500 ns
[1248.928s][info ][safepoint      ] Safepoint "Cleanup", Time since last: 1000075639 ns, Reaching safepoint: 7000 ns, Cleanup: 10500 ns, At safepoint: 2600 ns, Total: 20100 ns
[1249.928s][info ][safepoint      ] Safepoint "Cleanup", Time since last: 1000107239 ns, Reaching safepoint: 6800 ns, Cleanup: 8199 ns, At safepoint: 2400 ns, Total: 17399 ns
[1250.928s][info ][safepoint      ] Safepoint "Cleanup", Time since last: 1000108839 ns, Reaching safepoint: 7100 ns, Cleanup: 9800 ns, At safepoint: 2400 ns, Total: 19300 ns
[1251.928s][info ][safepoint      ] Safepoint "Cleanup", Time since last: 1000099439 ns, Reaching safepoint: 7100 ns, Cleanup: 9700 ns, At safepoint: 2300 ns, Total: 19100 ns
[1253.928s][info ][safepoint      ] Safepoint "Cleanup", Time since last: 2000187935 ns, Reaching safepoint: 5900 ns, Cleanup: 20300 ns, At safepoint: 2000 ns, Total: 28200 ns
[1254.928s][info ][safepoint      ] Safepoint "Cleanup", Time since last: 1000112124 ns, Reaching safepoint: 6200 ns, Cleanup: 19700 ns, At safepoint: 2300 ns, Total: 28200 ns
[1255.929s][info ][safepoint      ] Safepoint "Cleanup", Time since last: 1000116355 ns, Reaching safepoint: 8600 ns, Cleanup: 12800 ns, At safepoint: 2200 ns, Total: 23600 ns
[1256.929s][info ][safepoint      ] Safepoint "Cleanup", Time since last: 1000109454 ns, Reaching safepoint: 6700 ns, Cleanup: 28800 ns, At safepoint: 2200 ns, Total: 37700 ns
[1257.929s][info ][safepoint      ] Safepoint "Cleanup", Time since last: 1000106654 ns, Reaching safepoint: 6500 ns, Cleanup: 11500 ns, At safepoint: 2000 ns, Total: 20000 ns
[1259.929s][info ][safepoint      ] Safepoint "Cleanup", Time since last: 2000178010 ns, Reaching safepoint: 6100 ns, Cleanup: 9000 ns, At safepoint: 2000 ns, Total: 17100 ns
[1264.457s][info ][safepoint      ] Safepoint "Cleanup", Time since last: 4527723989 ns, Reaching safepoint: 6300 ns, Cleanup: 11200 ns, At safepoint: 2100 ns, Total: 19600 ns
[1266.457s][info ][safepoint      ] Safepoint "Cleanup", Time since last: 2000191622 ns, Reaching safepoint: 6900 ns, Cleanup: 10700 ns, At safepoint: 2300 ns, Total: 19900 ns
[1268.457s][info ][safepoint      ] Safepoint "Cleanup", Time since last: 2000207822 ns, Reaching safepoint: 7300 ns, Cleanup: 20000 ns, At safepoint: 2500 ns, Total: 29800 ns
[1269.457s][info ][safepoint      ] Safepoint "Cleanup", Time since last: 1000114461 ns, Reaching safepoint: 7600 ns, Cleanup: 11400 ns, At safepoint: 1900 ns, Total: 20900 ns
[1272.458s][info ][safepoint      ] Safepoint "Cleanup", Time since last: 3000269280 ns, Reaching safepoint: 6800 ns, Cleanup: 14999 ns, At safepoint: 2500 ns, Total: 24299 ns
[1273.458s][info ][safepoint      ] Safepoint "Cleanup", Time since last: 1000114110 ns, Reaching safepoint: 7000 ns, Cleanup: 27800 ns, At safepoint: 2100 ns, Total: 36900 ns
[1275.458s][info ][safepoint      ] Safepoint "Cleanup", Time since last: 2000211219 ns, Reaching safepoint: 6300 ns, Cleanup: 10900 ns, At safepoint: 2200 ns, Total: 19400 ns
[1278.458s][info ][safepoint      ] Safepoint "Cleanup", Time since last: 3000253630 ns, Reaching safepoint: 6500 ns, Cleanup: 11700 ns, At safepoint: 2200 ns, Total: 20400 ns
[1279.458s][info ][safepoint      ] Safepoint "Cleanup", Time since last: 1000107698 ns, Reaching safepoint: 6900 ns, Cleanup: 11500 ns, At safepoint: 2500 ns, Total: 20900 ns
[1285.459s][info ][safepoint      ] Safepoint "Cleanup", Time since last: 6000472093 ns, Reaching safepoint: 7099 ns, Cleanup: 9400 ns, At safepoint: 2200 ns, Total: 18699 ns
[1288.459s][info ][safepoint      ] Safepoint "Cleanup", Time since last: 3000256093 ns, Reaching safepoint: 6100 ns, Cleanup: 10100 ns, At safepoint: 2200 ns, Total: 18400 ns
[1289.459s][info ][safepoint      ] Safepoint "Cleanup", Time since last: 1000112092 ns, Reaching safepoint: 6600 ns, Cleanup: 9800 ns, At safepoint: 2100 ns, Total: 18500 ns
[1291.460s][info ][safepoint      ] Safepoint "Cleanup", Time since last: 2000192583 ns, Reaching safepoint: 17900 ns, Cleanup: 10300 ns, At safepoint: 2200 ns, Total: 30400 ns
[1299.460s][info ][safepoint      ] Safepoint "Cleanup", Time since last: 8000639103 ns, Reaching safepoint: 6900 ns, Cleanup: 9600 ns, At safepoint: 1900 ns, Total: 18400 ns
[1304.461s][info ][safepoint      ] Safepoint "Cleanup", Time since last: 5000448743 ns, Reaching safepoint: 8000 ns, Cleanup: 16800 ns, At safepoint: 2900 ns, Total: 27700 ns
[1306.370s][info ][gc,start       ] GC(28) Pause Young (Allocation Failure)
[1306.376s][debug][gc,phases      ] GC(28) Scavenge 5.677ms
[1306.376s][debug][gc,ref         ] GC(28) ReferenceProcessor::execute queues: 1, RefProcThreadModel::Single, marks_oops_alive: false
[1306.376s][debug][gc,ref         ] GC(28) Skipped KeepAliveFinalRefsPhase of Reference Processing: no references
[1306.376s][debug][gc,ref         ] GC(28) ReferenceProcessor::execute queues: 1, RefProcThreadModel::Single, marks_oops_alive: false
[1306.376s][debug][gc,phases      ] GC(28) Reference Processing 0.097ms
[1306.376s][debug][gc,phases      ] GC(28)   VM Weak                        Min:  0.0, Avg:  0.0, Max:  0.0, Diff:  0.0, Sum:  0.0, Workers: 4
[1306.376s][debug][gc,phases      ] GC(28)     Dead                           Min: 0, Avg:  0.0, Max: 0, Diff: 0, Sum: 0, Workers: 4
[1306.376s][debug][gc,phases      ] GC(28)     Total                          Min: 0, Avg: 235.0, Max: 940, Diff: 940, Sum: 940, Workers: 4
[1306.376s][debug][gc,phases      ] GC(28)   ObjectSynchronizer Weak        Min:  0.0, Avg:  0.0, Max:  0.0, Diff:  0.0, Sum:  0.0, Workers: 4
[1306.376s][debug][gc,phases      ] GC(28)     Dead                           Min: 0, Avg:  0.0, Max: 0, Diff: 0, Sum: 0, Workers: 4
[1306.376s][debug][gc,phases      ] GC(28)     Total                          Min: 0, Avg:  1.0, Max: 4, Diff: 4, Sum: 4, Workers: 4
[1306.376s][debug][gc,phases      ] GC(28)   JVMTI Tag Weak OopStorage      Min:  0.0, Avg:  0.0, Max:  0.0, Diff:  0.0, Sum:  0.0, Workers: 4
[1306.376s][debug][gc,phases      ] GC(28)     Dead                           Min: 0, Avg:  0.0, Max: 0, Diff: 0, Sum: 0, Workers: 4
[1306.376s][debug][gc,phases      ] GC(28)     Total                          Min: 0, Avg:  0.0, Max: 0, Diff: 0, Sum: 0, Workers: 4
[1306.376s][debug][gc,phases      ] GC(28)   StringTable Weak               Min:  0.0, Avg:  0.1, Max:  0.1, Diff:  0.1, Sum:  0.4, Workers: 4
[1306.376s][debug][gc,phases      ] GC(28)     Dead                           Min: 0, Avg:  0.0, Max: 0, Diff: 0, Sum: 0, Workers: 4
[1306.376s][debug][gc,phases      ] GC(28)     Total                          Min: 0, Avg: 11516.5, Max: 19827, Diff: 19827, Sum: 46066, Workers: 4
[1306.376s][debug][gc,phases      ] GC(28)   ResolvedMethodTable Weak       Min:  0.0, Avg:  0.0, Max:  0.0, Diff:  0.0, Sum:  0.1, Workers: 4
[1306.376s][debug][gc,phases      ] GC(28)     Dead                           Min: 0, Avg:  4.0, Max: 15, Diff: 15, Sum: 16, Workers: 4
[1306.376s][debug][gc,phases      ] GC(28)     Total                          Min: 0, Avg: 3740.8, Max: 6187, Diff: 6187, Sum: 14963, Workers: 4
[1306.376s][debug][gc,phases      ] GC(28)   JNI Weak                       Min:  0.0, Avg:  0.0, Max:  0.0, Diff:  0.0, Sum:  0.0, Workers: 4
[1306.376s][debug][gc,phases      ] GC(28)     Dead                           Min: 0, Avg:  0.0, Max: 0, Diff: 0, Sum: 0, Workers: 4
[1306.376s][debug][gc,phases      ] GC(28)     Total                          Min: 0, Avg: 13.0, Max: 52, Diff: 52, Sum: 52, Workers: 4
[1306.376s][debug][gc,phases      ] GC(28)   StringDedup Table Weak         Min:  0.0, Avg:  0.0, Max:  0.0, Diff:  0.0, Sum:  0.0, Workers: 4
[1306.376s][debug][gc,phases      ] GC(28)     Dead                           Min: 0, Avg:  0.0, Max: 0, Diff: 0, Sum: 0, Workers: 4
[1306.376s][debug][gc,phases      ] GC(28)     Total                          Min: 0, Avg:  0.0, Max: 0, Diff: 0, Sum: 0, Workers: 4
[1306.376s][debug][gc,phases      ] GC(28)   StringDedup Requests0 Weak     Min:  0.0, Avg:  0.0, Max:  0.0, Diff:  0.0, Sum:  0.0, Workers: 4
[1306.376s][debug][gc,phases      ] GC(28)     Dead                           Min: 0, Avg:  0.0, Max: 0, Diff: 0, Sum: 0, Workers: 4
[1306.376s][debug][gc,phases      ] GC(28)     Total                          Min: 0, Avg:  0.0, Max: 0, Diff: 0, Sum: 0, Workers: 4
[1306.376s][debug][gc,phases      ] GC(28)   StringDedup Requests1 Weak     Min:  0.0, Avg:  0.0, Max:  0.0, Diff:  0.0, Sum:  0.0, Workers: 4
[1306.376s][debug][gc,phases      ] GC(28)     Dead                           Min: 0, Avg:  0.0, Max: 0, Diff: 0, Sum: 0, Workers: 4
[1306.376s][debug][gc,phases      ] GC(28)     Total                          Min: 0, Avg:  0.0, Max: 0, Diff: 0, Sum: 0, Workers: 4
[1306.376s][debug][gc,phases      ] GC(28)   Weak JFR Old Object Samples    Min:  0.0, Avg:  0.0, Max:  0.0, Diff:  0.0, Sum:  0.0, Workers: 4
[1306.376s][debug][gc,phases      ] GC(28)     Dead                           Min: 0, Avg:  0.0, Max: 0, Diff: 0, Sum: 0, Workers: 4
[1306.376s][debug][gc,phases      ] GC(28)     Total                          Min: 0, Avg:  0.0, Max: 0, Diff: 0, Sum: 0, Workers: 4
[1306.376s][debug][gc,phases      ] GC(28) Weak Processing 0.346ms
[1306.376s][debug][gc,age         ] GC(28) Desired survivor size 153092096 bytes, new threshold 1 (max threshold 15)
[1306.376s][info ][gc,heap        ] GC(28) PSYoungGen: 1752672K(1917952K)->8560K(1947648K) Eden: 1748992K(1748992K)->0K(1787904K) From: 3680K(168960K)->8560K(159744K)
[1306.376s][info ][gc,heap        ] GC(28) ParOldGen: 242773K(243200K)->243745K(244224K)
[1306.376s][info ][gc,metaspace   ] GC(28) Metaspace: 105303K(106560K)->105303K(106560K) NonClass: 89355K(90048K)->89355K(90048K) Class: 15948K(16512K)->15948K(16512K)
[1306.376s][info ][gc             ] GC(28) Pause Young (Allocation Failure) 1948M->246M(2140M) 6.233ms
[1306.376s][info ][gc,cpu         ] GC(28) User=0.01s Sys=0.00s Real=0.01s
[1306.376s][info ][safepoint      ] Safepoint "ParallelGCFailedAllocation", Time since last: 1909171420 ns, Reaching safepoint: 78700 ns, Cleanup: 8600 ns, At safepoint: 6300857 ns, Total: 6388157 ns
[1307.376s][info ][safepoint      ] Safepoint "Cleanup", Time since last: 1000094854 ns, Reaching safepoint: 6900 ns, Cleanup: 10300 ns, At safepoint: 2200 ns, Total: 19400 ns
[1310.377s][info ][safepoint      ] Safepoint "Cleanup", Time since last: 3000249660 ns, Reaching safepoint: 6200 ns, Cleanup: 10200 ns, At safepoint: 1900 ns, Total: 18300 ns
[1316.377s][info ][safepoint      ] Safepoint "Cleanup", Time since last: 6000459897 ns, Reaching safepoint: 5500 ns, Cleanup: 14799 ns, At safepoint: 1700 ns, Total: 21999 ns
[1317.377s][info ][safepoint      ] Safepoint "Cleanup", Time since last: 1000114415 ns, Reaching safepoint: 6500 ns, Cleanup: 9500 ns, At safepoint: 2200 ns, Total: 18200 ns
[1318.377s][info ][safepoint      ] Safepoint "Cleanup", Time since last: 1000113915 ns, Reaching safepoint: 6700 ns, Cleanup: 32700 ns, At safepoint: 2300 ns, Total: 41700 ns
[1319.378s][info ][safepoint      ] Safepoint "Cleanup", Time since last: 1000115304 ns, Reaching safepoint: 6600 ns, Cleanup: 36700 ns, At safepoint: 2699 ns, Total: 45999 ns
[1321.474s][info ][safepoint      ] Safepoint "Cleanup", Time since last: 2096538550 ns, Reaching safepoint: 6900 ns, Cleanup: 10000 ns, At safepoint: 2200 ns, Total: 19100 ns
[1322.474s][info ][safepoint      ] Safepoint "Cleanup", Time since last: 1000110602 ns, Reaching safepoint: 6400 ns, Cleanup: 10200 ns, At safepoint: 2000 ns, Total: 18600 ns
[1323.474s][info ][safepoint      ] Safepoint "Cleanup", Time since last: 1000110002 ns, Reaching safepoint: 6700 ns, Cleanup: 16000 ns, At safepoint: 2000 ns, Total: 24700 ns
[1324.475s][info ][safepoint      ] Safepoint "Cleanup", Time since last: 1000111302 ns, Reaching safepoint: 6600 ns, Cleanup: 7500 ns, At safepoint: 2100 ns, Total: 16200 ns
[1328.475s][info ][safepoint      ] Safepoint "Cleanup", Time since last: 4000327716 ns, Reaching safepoint: 5500 ns, Cleanup: 8799 ns, At safepoint: 2000 ns, Total: 16299 ns
[1329.475s][info ][safepoint      ] Safepoint "Cleanup", Time since last: 1000108603 ns, Reaching safepoint: 5600 ns, Cleanup: 9000 ns, At safepoint: 1800 ns, Total: 16400 ns
[1332.475s][info ][safepoint      ] Safepoint "Cleanup", Time since last: 3000241307 ns, Reaching safepoint: 5300 ns, Cleanup: 8500 ns, At safepoint: 1700 ns, Total: 15500 ns
[1333.475s][info ][safepoint      ] Safepoint "Cleanup", Time since last: 1000102102 ns, Reaching safepoint: 5100 ns, Cleanup: 12400 ns, At safepoint: 1500 ns, Total: 19000 ns
[1334.476s][info ][safepoint      ] Safepoint "Cleanup", Time since last: 1000109702 ns, Reaching safepoint: 5500 ns, Cleanup: 11400 ns, At safepoint: 1800 ns, Total: 18700 ns
[1335.476s][info ][safepoint      ] Safepoint "Cleanup", Time since last: 1000107940 ns, Reaching safepoint: 4800 ns, Cleanup: 8900 ns, At safepoint: 2000 ns, Total: 15700 ns
[1336.476s][info ][safepoint      ] Safepoint "Cleanup", Time since last: 1000100552 ns, Reaching safepoint: 6200 ns, Cleanup: 17700 ns, At safepoint: 1800 ns, Total: 25700 ns
[1339.476s][info ][safepoint      ] Safepoint "Cleanup", Time since last: 3000251255 ns, Reaching safepoint: 5600 ns, Cleanup: 8200 ns, At safepoint: 1899 ns, Total: 15699 ns
[1340.476s][info ][safepoint      ] Safepoint "Cleanup", Time since last: 1000108252 ns, Reaching safepoint: 5500 ns, Cleanup: 16400 ns, At safepoint: 1800 ns, Total: 23700 ns
[1341.476s][info ][safepoint      ] Safepoint "Cleanup", Time since last: 1000111651 ns, Reaching safepoint: 6100 ns, Cleanup: 18600 ns, At safepoint: 2500 ns, Total: 27200 ns
[1342.476s][info ][safepoint      ] Safepoint "Cleanup", Time since last: 1000117952 ns, Reaching safepoint: 5900 ns, Cleanup: 9300 ns, At safepoint: 1999 ns, Total: 17199 ns
[1345.477s][info ][safepoint      ] Safepoint "Cleanup", Time since last: 3000253932 ns, Reaching safepoint: 6000 ns, Cleanup: 31700 ns, At safepoint: 2600 ns, Total: 40300 ns
[1346.477s][info ][safepoint      ] Safepoint "Cleanup", Time since last: 1000108340 ns, Reaching safepoint: 6800 ns, Cleanup: 9300 ns, At safepoint: 2200 ns, Total: 18300 ns
[1348.477s][info ][safepoint      ] Safepoint "Cleanup", Time since last: 2000177081 ns, Reaching safepoint: 6300 ns, Cleanup: 11600 ns, At safepoint: 1900 ns, Total: 19800 ns
[1349.477s][info ][safepoint      ] Safepoint "Cleanup", Time since last: 1000108041 ns, Reaching safepoint: 76899 ns, Cleanup: 7100 ns, At safepoint: 6000 ns, Total: 89999 ns
[1350.477s][info ][safepoint      ] Safepoint "Cleanup", Time since last: 1000106941 ns, Reaching safepoint: 5400 ns, Cleanup: 9900 ns, At safepoint: 1700 ns, Total: 17000 ns
[1351.478s][info ][safepoint      ] Safepoint "Cleanup", Time since last: 1000119615 ns, Reaching safepoint: 5800 ns, Cleanup: 73400 ns, At safepoint: 3900 ns, Total: 83100 ns
[1352.478s][info ][safepoint      ] Safepoint "Cleanup", Time since last: 1000133223 ns, Reaching safepoint: 6700 ns, Cleanup: 13200 ns, At safepoint: 2000 ns, Total: 21900 ns
[1353.478s][info ][safepoint      ] Safepoint "Cleanup", Time since last: 1000103023 ns, Reaching safepoint: 5700 ns, Cleanup: 17500 ns, At safepoint: 1700 ns, Total: 24900 ns
[1354.478s][info ][safepoint      ] Safepoint "Cleanup", Time since last: 1000103624 ns, Reaching safepoint: 5699 ns, Cleanup: 34700 ns, At safepoint: 2200 ns, Total: 42599 ns
[1355.478s][info ][safepoint      ] Safepoint "Cleanup", Time since last: 1000105424 ns, Reaching safepoint: 6300 ns, Cleanup: 18499 ns, At safepoint: 2500 ns, Total: 27299 ns
[1356.478s][info ][safepoint      ] Safepoint "Cleanup", Time since last: 1000108124 ns, Reaching safepoint: 6100 ns, Cleanup: 8100 ns, At safepoint: 2000 ns, Total: 16200 ns
[1358.478s][info ][safepoint      ] Safepoint "Cleanup", Time since last: 2000181347 ns, Reaching safepoint: 6400 ns, Cleanup: 12000 ns, At safepoint: 1900 ns, Total: 20300 ns
[1359.479s][info ][safepoint      ] Safepoint "Cleanup", Time since last: 1000108690 ns, Reaching safepoint: 6400 ns, Cleanup: 12600 ns, At safepoint: 25799 ns, Total: 44799 ns
[1360.479s][info ][safepoint      ] Safepoint "Cleanup", Time since last: 1000106287 ns, Reaching safepoint: 6600 ns, Cleanup: 9800 ns, At safepoint: 2200 ns, Total: 18600 ns
[1361.437s][info ][gc,start       ] GC(29) Pause Young (Allocation Failure)
[1361.447s][debug][gc,phases      ] GC(29) Scavenge 10.078ms
[1361.447s][debug][gc,ref         ] GC(29) ReferenceProcessor::execute queues: 1, RefProcThreadModel::Single, marks_oops_alive: false
[1361.447s][debug][gc,ref         ] GC(29) Skipped KeepAliveFinalRefsPhase of Reference Processing: no references
[1361.447s][debug][gc,ref         ] GC(29) ReferenceProcessor::execute queues: 1, RefProcThreadModel::Single, marks_oops_alive: false
[1361.447s][debug][gc,phases      ] GC(29) Reference Processing 0.096ms
[1361.447s][debug][gc,phases      ] GC(29)   VM Weak                        Min:  0.0, Avg:  0.0, Max:  0.0, Diff:  0.0, Sum:  0.0, Workers: 4
[1361.447s][debug][gc,phases      ] GC(29)     Dead                           Min: 0, Avg:  0.0, Max: 0, Diff: 0, Sum: 0, Workers: 4
[1361.447s][debug][gc,phases      ] GC(29)     Total                          Min: 0, Avg: 235.2, Max: 941, Diff: 941, Sum: 941, Workers: 4
[1361.447s][debug][gc,phases      ] GC(29)   ObjectSynchronizer Weak        Min:  0.0, Avg:  0.0, Max:  0.0, Diff:  0.0, Sum:  0.0, Workers: 4
[1361.447s][debug][gc,phases      ] GC(29)     Dead                           Min: 0, Avg:  0.0, Max: 0, Diff: 0, Sum: 0, Workers: 4
[1361.447s][debug][gc,phases      ] GC(29)     Total                          Min: 0, Avg:  1.5, Max: 6, Diff: 6, Sum: 6, Workers: 4
[1361.447s][debug][gc,phases      ] GC(29)   JVMTI Tag Weak OopStorage      Min:  0.0, Avg:  0.0, Max:  0.0, Diff:  0.0, Sum:  0.0, Workers: 4
[1361.447s][debug][gc,phases      ] GC(29)     Dead                           Min: 0, Avg:  0.0, Max: 0, Diff: 0, Sum: 0, Workers: 4
[1361.447s][debug][gc,phases      ] GC(29)     Total                          Min: 0, Avg:  0.0, Max: 0, Diff: 0, Sum: 0, Workers: 4
[1361.447s][debug][gc,phases      ] GC(29)   StringTable Weak               Min:  0.0, Avg:  0.1, Max:  0.1, Diff:  0.1, Sum:  0.4, Workers: 4
[1361.447s][debug][gc,phases      ] GC(29)     Dead                           Min: 0, Avg:  0.2, Max: 1, Diff: 1, Sum: 1, Workers: 4
[1361.447s][debug][gc,phases      ] GC(29)     Total                          Min: 0, Avg: 11525.2, Max: 19541, Diff: 19541, Sum: 46101, Workers: 4
[1361.447s][debug][gc,phases      ] GC(29)   ResolvedMethodTable Weak       Min:  0.0, Avg:  0.0, Max:  0.0, Diff:  0.0, Sum:  0.1, Workers: 4
[1361.447s][debug][gc,phases      ] GC(29)     Dead                           Min: 0, Avg:  5.0, Max: 12, Diff: 12, Sum: 20, Workers: 4
[1361.447s][debug][gc,phases      ] GC(29)     Total                          Min: 0, Avg: 3745.2, Max: 6134, Diff: 6134, Sum: 14981, Workers: 4
[1361.447s][debug][gc,phases      ] GC(29)   JNI Weak                       Min:  0.0, Avg:  0.0, Max:  0.0, Diff:  0.0, Sum:  0.0, Workers: 4
[1361.447s][debug][gc,phases      ] GC(29)     Dead                           Min: 0, Avg:  0.0, Max: 0, Diff: 0, Sum: 0, Workers: 4
[1361.447s][debug][gc,phases      ] GC(29)     Total                          Min: 0, Avg: 13.0, Max: 52, Diff: 52, Sum: 52, Workers: 4
[1361.447s][debug][gc,phases      ] GC(29)   StringDedup Table Weak         Min:  0.0, Avg:  0.0, Max:  0.0, Diff:  0.0, Sum:  0.0, Workers: 4
[1361.447s][debug][gc,phases      ] GC(29)     Dead                           Min: 0, Avg:  0.0, Max: 0, Diff: 0, Sum: 0, Workers: 4
[1361.447s][debug][gc,phases      ] GC(29)     Total                          Min: 0, Avg:  0.0, Max: 0, Diff: 0, Sum: 0, Workers: 4
[1361.447s][debug][gc,phases      ] GC(29)   StringDedup Requests0 Weak     Min:  0.0, Avg:  0.0, Max:  0.0, Diff:  0.0, Sum:  0.0, Workers: 4
[1361.447s][debug][gc,phases      ] GC(29)     Dead                           Min: 0, Avg:  0.0, Max: 0, Diff: 0, Sum: 0, Workers: 4
[1361.447s][debug][gc,phases      ] GC(29)     Total                          Min: 0, Avg:  0.0, Max: 0, Diff: 0, Sum: 0, Workers: 4
[1361.447s][debug][gc,phases      ] GC(29)   StringDedup Requests1 Weak     Min:  0.0, Avg:  0.0, Max:  0.0, Diff:  0.0, Sum:  0.0, Workers: 4
[1361.447s][debug][gc,phases      ] GC(29)     Dead                           Min: 0, Avg:  0.0, Max: 0, Diff: 0, Sum: 0, Workers: 4
[1361.447s][debug][gc,phases      ] GC(29)     Total                          Min: 0, Avg:  0.0, Max: 0, Diff: 0, Sum: 0, Workers: 4
[1361.447s][debug][gc,phases      ] GC(29)   Weak JFR Old Object Samples    Min:  0.0, Avg:  0.0, Max:  0.0, Diff:  0.0, Sum:  0.0, Workers: 4
[1361.447s][debug][gc,phases      ] GC(29)     Dead                           Min: 0, Avg:  0.0, Max: 0, Diff: 0, Sum: 0, Workers: 4
[1361.447s][debug][gc,phases      ] GC(29)     Total                          Min: 0, Avg:  0.0, Max: 0, Diff: 0, Sum: 0, Workers: 4
[1361.447s][debug][gc,phases      ] GC(29) Weak Processing 0.328ms
[1361.447s][debug][gc,age         ] GC(29) Desired survivor size 143130624 bytes, new threshold 1 (max threshold 15)
[1361.447s][info ][gc,heap        ] GC(29) PSYoungGen: 1796464K(1947648K)->12720K(1937408K) Eden: 1787904K(1787904K)->0K(1787904K) From: 8560K(159744K)->12720K(149504K)
[1361.447s][info ][gc,heap        ] GC(29) ParOldGen: 243745K(244224K)->249509K(249856K)
[1361.447s][info ][gc,metaspace   ] GC(29) Metaspace: 105403K(106688K)->105403K(106688K) NonClass: 89447K(90176K)->89447K(90176K) Class: 15955K(16512K)->15955K(16512K)
[1361.447s][info ][gc             ] GC(29) Pause Young (Allocation Failure) 1992M->256M(2136M) 10.608ms
[1361.447s][info ][gc,cpu         ] GC(29) User=0.03s Sys=0.01s Real=0.01s
[1361.447s][info ][safepoint      ] Safepoint "ParallelGCFailedAllocation", Time since last: 957917073 ns, Reaching safepoint: 81000 ns, Cleanup: 13800 ns, At safepoint: 10680527 ns, Total: 10775327 ns
[1362.448s][info ][safepoint      ] Safepoint "Cleanup", Time since last: 1000096486 ns, Reaching safepoint: 8200 ns, Cleanup: 38200 ns, At safepoint: 3100 ns, Total: 49500 ns
[1363.448s][info ][safepoint      ] Safepoint "Cleanup", Time since last: 1000118386 ns, Reaching safepoint: 7900 ns, Cleanup: 17100 ns, At safepoint: 2400 ns, Total: 27400 ns
[1364.448s][info ][safepoint      ] Safepoint "Cleanup", Time since last: 1000118486 ns, Reaching safepoint: 7700 ns, Cleanup: 23900 ns, At safepoint: 2400 ns, Total: 34000 ns
[1366.448s][info ][safepoint      ] Safepoint "Cleanup", Time since last: 2000186973 ns, Reaching safepoint: 8100 ns, Cleanup: 14400 ns, At safepoint: 2400 ns, Total: 24900 ns
[1367.448s][info ][safepoint      ] Safepoint "Cleanup", Time since last: 1000117890 ns, Reaching safepoint: 14499 ns, Cleanup: 16700 ns, At safepoint: 2800 ns, Total: 33999 ns
[1368.448s][info ][safepoint      ] Safepoint "Cleanup", Time since last: 1000122074 ns, Reaching safepoint: 8400 ns, Cleanup: 26700 ns, At safepoint: 2400 ns, Total: 37500 ns
[1370.449s][info ][safepoint      ] Safepoint "Cleanup", Time since last: 2000204848 ns, Reaching safepoint: 7100 ns, Cleanup: 18600 ns, At safepoint: 2000 ns, Total: 27700 ns
[1371.449s][info ][safepoint      ] Safepoint "Cleanup", Time since last: 1000113174 ns, Reaching safepoint: 7500 ns, Cleanup: 16199 ns, At safepoint: 2800 ns, Total: 26499 ns
[1372.449s][info ][safepoint      ] Safepoint "Cleanup", Time since last: 1000115674 ns, Reaching safepoint: 7400 ns, Cleanup: 25000 ns, At safepoint: 2300 ns, Total: 34700 ns
[1373.449s][info ][safepoint      ] Safepoint "Cleanup", Time since last: 1000109674 ns, Reaching safepoint: 7100 ns, Cleanup: 20800 ns, At safepoint: 1900 ns, Total: 29800 ns
[1374.449s][info ][safepoint      ] Safepoint "Cleanup", Time since last: 1000108674 ns, Reaching safepoint: 7200 ns, Cleanup: 22900 ns, At safepoint: 1900 ns, Total: 32000 ns
[1375.449s][info ][safepoint      ] Safepoint "Cleanup", Time since last: 1000113622 ns, Reaching safepoint: 7400 ns, Cleanup: 11200 ns, At safepoint: 2300 ns, Total: 20900 ns
[1376.449s][info ][safepoint      ] Safepoint "Cleanup", Time since last: 1000114231 ns, Reaching safepoint: 6100 ns, Cleanup: 12400 ns, At safepoint: 1700 ns, Total: 20200 ns
[1377.450s][info ][safepoint      ] Safepoint "Cleanup", Time since last: 1000100732 ns, Reaching safepoint: 6000 ns, Cleanup: 19599 ns, At safepoint: 1700 ns, Total: 27299 ns
[1378.450s][info ][safepoint      ] Safepoint "Cleanup", Time since last: 1000106432 ns, Reaching safepoint: 6900 ns, Cleanup: 24000 ns, At safepoint: 1900 ns, Total: 32800 ns
[1379.450s][info ][safepoint      ] Safepoint "Cleanup", Time since last: 1000110231 ns, Reaching safepoint: 7300 ns, Cleanup: 22200 ns, At safepoint: 2300 ns, Total: 31800 ns
[1380.450s][info ][safepoint      ] Safepoint "Cleanup", Time since last: 1000110231 ns, Reaching safepoint: 7300 ns, Cleanup: 10500 ns, At safepoint: 2300 ns, Total: 20100 ns
[1381.495s][info ][safepoint      ] Safepoint "Cleanup", Time since last: 1045396020 ns, Reaching safepoint: 8600 ns, Cleanup: 15200 ns, At safepoint: 2300 ns, Total: 26100 ns
[1382.496s][info ][safepoint      ] Safepoint "Cleanup", Time since last: 1000147231 ns, Reaching safepoint: 7000 ns, Cleanup: 20500 ns, At safepoint: 2500 ns, Total: 30000 ns
[1383.496s][info ][safepoint      ] Safepoint "Cleanup", Time since last: 1000122599 ns, Reaching safepoint: 7800 ns, Cleanup: 21699 ns, At safepoint: 2300 ns, Total: 31799 ns
[1384.496s][info ][safepoint      ] Safepoint "Cleanup", Time since last: 1000111344 ns, Reaching safepoint: 6300 ns, Cleanup: 29399 ns, At safepoint: 2200 ns, Total: 37899 ns
[1385.496s][info ][safepoint      ] Safepoint "Cleanup", Time since last: 1000142643 ns, Reaching safepoint: 8000 ns, Cleanup: 16300 ns, At safepoint: 2500 ns, Total: 26800 ns
[1386.496s][info ][safepoint      ] Safepoint "Cleanup", Time since last: 1000124994 ns, Reaching safepoint: 8100 ns, Cleanup: 14400 ns, At safepoint: 2600 ns, Total: 25100 ns
[1387.496s][info ][safepoint      ] Safepoint "Cleanup", Time since last: 1000117282 ns, Reaching safepoint: 7500 ns, Cleanup: 58599 ns, At safepoint: 2500 ns, Total: 68599 ns
[1388.497s][info ][safepoint      ] Safepoint "Cleanup", Time since last: 1000152682 ns, Reaching safepoint: 7800 ns, Cleanup: 58799 ns, At safepoint: 2400 ns, Total: 68999 ns
[1388.970s][info ][gc,start       ] GC(30) Pause Young (Allocation Failure)
[1388.985s][debug][gc,phases      ] GC(30) Scavenge 14.824ms
[1388.985s][debug][gc,ref         ] GC(30) ReferenceProcessor::execute queues: 1, RefProcThreadModel::Single, marks_oops_alive: false
[1388.985s][debug][gc,ref         ] GC(30) Skipped KeepAliveFinalRefsPhase of Reference Processing: no references
[1388.985s][debug][gc,ref         ] GC(30) ReferenceProcessor::execute queues: 1, RefProcThreadModel::Single, marks_oops_alive: false
[1388.985s][debug][gc,phases      ] GC(30) Reference Processing 0.101ms
[1388.986s][debug][gc,phases      ] GC(30)   VM Weak                        Min:  0.0, Avg:  0.0, Max:  0.0, Diff:  0.0, Sum:  0.0, Workers: 4
[1388.986s][debug][gc,phases      ] GC(30)     Dead                           Min: 0, Avg:  0.0, Max: 0, Diff: 0, Sum: 0, Workers: 4
[1388.986s][debug][gc,phases      ] GC(30)     Total                          Min: 0, Avg: 235.8, Max: 512, Diff: 512, Sum: 943, Workers: 4
[1388.986s][debug][gc,phases      ] GC(30)   ObjectSynchronizer Weak        Min:  0.0, Avg:  0.0, Max:  0.0, Diff:  0.0, Sum:  0.0, Workers: 4
[1388.986s][debug][gc,phases      ] GC(30)     Dead                           Min: 0, Avg:  0.0, Max: 0, Diff: 0, Sum: 0, Workers: 4
[1388.986s][debug][gc,phases      ] GC(30)     Total                          Min: 0, Avg:  1.0, Max: 4, Diff: 4, Sum: 4, Workers: 4
[1388.986s][debug][gc,phases      ] GC(30)   JVMTI Tag Weak OopStorage      Min:  0.0, Avg:  0.0, Max:  0.0, Diff:  0.0, Sum:  0.0, Workers: 4
[1388.986s][debug][gc,phases      ] GC(30)     Dead                           Min: 0, Avg:  0.0, Max: 0, Diff: 0, Sum: 0, Workers: 4
[1388.986s][debug][gc,phases      ] GC(30)     Total                          Min: 0, Avg:  0.0, Max: 0, Diff: 0, Sum: 0, Workers: 4
[1388.986s][debug][gc,phases      ] GC(30)   StringTable Weak               Min:  0.0, Avg:  0.1, Max:  0.1, Diff:  0.1, Sum:  0.4, Workers: 4
[1388.986s][debug][gc,phases      ] GC(30)     Dead                           Min: 0, Avg:  0.5, Max: 2, Diff: 2, Sum: 2, Workers: 4
[1388.986s][debug][gc,phases      ] GC(30)     Total                          Min: 0, Avg: 11534.8, Max: 17472, Diff: 17472, Sum: 46139, Workers: 4
[1388.986s][debug][gc,phases      ] GC(30)   ResolvedMethodTable Weak       Min:  0.0, Avg:  0.0, Max:  0.0, Diff:  0.0, Sum:  0.2, Workers: 4
[1388.986s][debug][gc,phases      ] GC(30)     Dead                           Min: 0, Avg:  4.5, Max: 10, Diff: 10, Sum: 18, Workers: 4
[1388.986s][debug][gc,phases      ] GC(30)     Total                          Min: 1805, Avg: 3752.2, Max: 4588, Diff: 2783, Sum: 15009, Workers: 4
[1388.986s][debug][gc,phases      ] GC(30)   JNI Weak                       Min:  0.0, Avg:  0.0, Max:  0.0, Diff:  0.0, Sum:  0.0, Workers: 4
[1388.986s][debug][gc,phases      ] GC(30)     Dead                           Min: 0, Avg:  0.0, Max: 0, Diff: 0, Sum: 0, Workers: 4
[1388.986s][debug][gc,phases      ] GC(30)     Total                          Min: 0, Avg: 13.0, Max: 52, Diff: 52, Sum: 52, Workers: 4
[1388.986s][debug][gc,phases      ] GC(30)   StringDedup Table Weak         Min:  0.0, Avg:  0.0, Max:  0.0, Diff:  0.0, Sum:  0.0, Workers: 4
[1388.986s][debug][gc,phases      ] GC(30)     Dead                           Min: 0, Avg:  0.0, Max: 0, Diff: 0, Sum: 0, Workers: 4
[1388.986s][debug][gc,phases      ] GC(30)     Total                          Min: 0, Avg:  0.0, Max: 0, Diff: 0, Sum: 0, Workers: 4
[1388.986s][debug][gc,phases      ] GC(30)   StringDedup Requests0 Weak     Min:  0.0, Avg:  0.0, Max:  0.0, Diff:  0.0, Sum:  0.0, Workers: 4
[1388.986s][debug][gc,phases      ] GC(30)     Dead                           Min: 0, Avg:  0.0, Max: 0, Diff: 0, Sum: 0, Workers: 4
[1388.986s][debug][gc,phases      ] GC(30)     Total                          Min: 0, Avg:  0.0, Max: 0, Diff: 0, Sum: 0, Workers: 4
[1388.986s][debug][gc,phases      ] GC(30)   StringDedup Requests1 Weak     Min:  0.0, Avg:  0.0, Max:  0.0, Diff:  0.0, Sum:  0.0, Workers: 4
[1388.986s][debug][gc,phases      ] GC(30)     Dead                           Min: 0, Avg:  0.0, Max: 0, Diff: 0, Sum: 0, Workers: 4
[1388.986s][debug][gc,phases      ] GC(30)     Total                          Min: 0, Avg:  0.0, Max: 0, Diff: 0, Sum: 0, Workers: 4
[1388.986s][debug][gc,phases      ] GC(30)   Weak JFR Old Object Samples    Min:  0.0, Avg:  0.0, Max:  0.0, Diff:  0.0, Sum:  0.0, Workers: 4
[1388.986s][debug][gc,phases      ] GC(30)     Dead                           Min: 0, Avg:  0.0, Max: 0, Diff: 0, Sum: 0, Workers: 4
[1388.986s][debug][gc,phases      ] GC(30)     Total                          Min: 0, Avg:  0.0, Max: 0, Diff: 0, Sum: 0, Workers: 4
[1388.986s][debug][gc,phases      ] GC(30) Weak Processing 0.370ms
[1388.986s][debug][gc,age         ] GC(30) Desired survivor size 132644864 bytes, new threshold 1 (max threshold 15)
[1388.986s][info ][gc,heap        ] GC(30) PSYoungGen: 1800624K(1937408K)->27984K(1967616K) Eden: 1787904K(1787904K)->0K(1827840K) From: 12720K(149504K)->27984K(139776K)
[1388.986s][info ][gc,heap        ] GC(30) ParOldGen: 249509K(249856K)->260121K(260608K)
[1388.986s][info ][gc,metaspace   ] GC(30) Metaspace: 105575K(106880K)->105575K(106880K) NonClass: 89611K(90368K)->89611K(90368K) Class: 15964K(16512K)->15964K(16512K)
[1388.986s][info ][gc             ] GC(30) Pause Young (Allocation Failure) 2002M->281M(2176M) 15.414ms
[1388.986s][info ][gc,cpu         ] GC(30) User=0.06s Sys=0.00s Real=0.02s
[1388.986s][info ][safepoint      ] Safepoint "ParallelGCFailedAllocation", Time since last: 473627071 ns, Reaching safepoint: 80400 ns, Cleanup: 12700 ns, At safepoint: 15489394 ns, Total: 15582494 ns
[1389.986s][info ][safepoint      ] Safepoint "Cleanup", Time since last: 1000084282 ns, Reaching safepoint: 5600 ns, Cleanup: 23900 ns, At safepoint: 2200 ns, Total: 31700 ns
[1390.986s][info ][safepoint      ] Safepoint "Cleanup", Time since last: 1000106476 ns, Reaching safepoint: 6500 ns, Cleanup: 35400 ns, At safepoint: 2200 ns, Total: 44100 ns
[1391.986s][info ][safepoint      ] Safepoint "Cleanup", Time since last: 1000112267 ns, Reaching safepoint: 7700 ns, Cleanup: 22899 ns, At safepoint: 2500 ns, Total: 33099 ns
[1392.986s][info ][safepoint      ] Safepoint "Cleanup", Time since last: 1000117767 ns, Reaching safepoint: 6900 ns, Cleanup: 16300 ns, At safepoint: 2300 ns, Total: 25500 ns
[1393.987s][info ][safepoint      ] Safepoint "Cleanup", Time since last: 1000107967 ns, Reaching safepoint: 6400 ns, Cleanup: 15600 ns, At safepoint: 2000 ns, Total: 24000 ns
[1394.987s][info ][safepoint      ] Safepoint "Cleanup", Time since last: 1000121466 ns, Reaching safepoint: 6600 ns, Cleanup: 22000 ns, At safepoint: 5600 ns, Total: 34200 ns
[1395.987s][info ][safepoint      ] Safepoint "Cleanup", Time since last: 1000114767 ns, Reaching safepoint: 6500 ns, Cleanup: 24200 ns, At safepoint: 2700 ns, Total: 33400 ns
[1396.987s][info ][safepoint      ] Safepoint "Cleanup", Time since last: 1000107466 ns, Reaching safepoint: 6000 ns, Cleanup: 9200 ns, At safepoint: 1900 ns, Total: 17100 ns
[1398.987s][info ][safepoint      ] Safepoint "Cleanup", Time since last: 2000170020 ns, Reaching safepoint: 79600 ns, Cleanup: 11700 ns, At safepoint: 12199 ns, Total: 103499 ns
[1399.987s][info ][safepoint      ] Safepoint "Cleanup", Time since last: 1000109629 ns, Reaching safepoint: 6000 ns, Cleanup: 11000 ns, At safepoint: 1900 ns, Total: 18900 ns
[1400.988s][info ][safepoint      ] Safepoint "Cleanup", Time since last: 1000117828 ns, Reaching safepoint: 6900 ns, Cleanup: 13200 ns, At safepoint: 2300 ns, Total: 22400 ns
[1401.988s][info ][safepoint      ] Safepoint "Cleanup", Time since last: 1000109228 ns, Reaching safepoint: 6800 ns, Cleanup: 23800 ns, At safepoint: 1799 ns, Total: 32399 ns
[1402.988s][info ][safepoint      ] Safepoint "Cleanup", Time since last: 1000108329 ns, Reaching safepoint: 7000 ns, Cleanup: 10900 ns, At safepoint: 2300 ns, Total: 20200 ns
[1405.988s][info ][safepoint      ] Safepoint "Cleanup", Time since last: 3000245185 ns, Reaching safepoint: 6000 ns, Cleanup: 8100 ns, At safepoint: 1500 ns, Total: 15600 ns
[1406.988s][info ][safepoint      ] Safepoint "Cleanup", Time since last: 1000103749 ns, Reaching safepoint: 5800 ns, Cleanup: 19899 ns, At safepoint: 1800 ns, Total: 27499 ns
[1407.988s][info ][safepoint      ] Safepoint "Cleanup", Time since last: 1000105504 ns, Reaching safepoint: 6300 ns, Cleanup: 14100 ns, At safepoint: 2600 ns, Total: 23000 ns
[1408.988s][info ][safepoint      ] Safepoint "Cleanup", Time since last: 1000110704 ns, Reaching safepoint: 6099 ns, Cleanup: 20700 ns, At safepoint: 2300 ns, Total: 29099 ns
[1409.989s][info ][safepoint      ] Safepoint "Cleanup", Time since last: 1000124704 ns, Reaching safepoint: 6300 ns, Cleanup: 10200 ns, At safepoint: 2300 ns, Total: 18800 ns
[1410.989s][info ][safepoint      ] Safepoint "Cleanup", Time since last: 1000129103 ns, Reaching safepoint: 7200 ns, Cleanup: 10000 ns, At safepoint: 2700 ns, Total: 19900 ns
[1411.989s][info ][safepoint      ] Safepoint "Cleanup", Time since last: 1000117204 ns, Reaching safepoint: 6499 ns, Cleanup: 11900 ns, At safepoint: 2100 ns, Total: 20499 ns
[1412.989s][info ][safepoint      ] Safepoint "Cleanup", Time since last: 1000111504 ns, Reaching safepoint: 7400 ns, Cleanup: 26800 ns, At safepoint: 2100 ns, Total: 36300 ns
[1413.989s][info ][safepoint      ] Safepoint "Cleanup", Time since last: 1000111803 ns, Reaching safepoint: 7000 ns, Cleanup: 12800 ns, At safepoint: 2200 ns, Total: 22000 ns
[1414.989s][info ][safepoint      ] Safepoint "Cleanup", Time since last: 1000113681 ns, Reaching safepoint: 6700 ns, Cleanup: 8900 ns, At safepoint: 2100 ns, Total: 17700 ns
[1415.989s][info ][safepoint      ] Safepoint "Cleanup", Time since last: 1000115128 ns, Reaching safepoint: 6200 ns, Cleanup: 15700 ns, At safepoint: 2500 ns, Total: 24400 ns
[1416.990s][info ][safepoint      ] Safepoint "Cleanup", Time since last: 1000113728 ns, Reaching safepoint: 6900 ns, Cleanup: 38600 ns, At safepoint: 2500 ns, Total: 48000 ns
[1419.990s][info ][safepoint      ] Safepoint "Cleanup", Time since last: 3000254385 ns, Reaching safepoint: 6800 ns, Cleanup: 10900 ns, At safepoint: 1900 ns, Total: 19600 ns
[1420.990s][info ][safepoint      ] Safepoint "Cleanup", Time since last: 1000118828 ns, Reaching safepoint: 6200 ns, Cleanup: 29400 ns, At safepoint: 2200 ns, Total: 37800 ns
[1421.990s][info ][safepoint      ] Safepoint "Cleanup", Time since last: 1000118328 ns, Reaching safepoint: 6600 ns, Cleanup: 13000 ns, At safepoint: 2100 ns, Total: 21700 ns
[1422.990s][info ][safepoint      ] Safepoint "Cleanup", Time since last: 1000111979 ns, Reaching safepoint: 5500 ns, Cleanup: 17400 ns, At safepoint: 1900 ns, Total: 24800 ns
[1423.990s][info ][safepoint      ] Safepoint "Cleanup", Time since last: 1000113686 ns, Reaching safepoint: 7400 ns, Cleanup: 10700 ns, At safepoint: 2400 ns, Total: 20500 ns
[1424.991s][info ][safepoint      ] Safepoint "Cleanup", Time since last: 1000118887 ns, Reaching safepoint: 25499 ns, Cleanup: 13200 ns, At safepoint: 2200 ns, Total: 40899 ns
[1425.991s][info ][safepoint      ] Safepoint "Cleanup", Time since last: 1000116087 ns, Reaching safepoint: 6600 ns, Cleanup: 9700 ns, At safepoint: 2300 ns, Total: 18600 ns
[1426.991s][info ][safepoint      ] Safepoint "Cleanup", Time since last: 1000116686 ns, Reaching safepoint: 7700 ns, Cleanup: 18800 ns, At safepoint: 2300 ns, Total: 28800 ns
[1427.991s][info ][safepoint      ] Safepoint "Cleanup", Time since last: 1000117684 ns, Reaching safepoint: 6600 ns, Cleanup: 18999 ns, At safepoint: 2100 ns, Total: 27699 ns
[1428.991s][info ][safepoint      ] Safepoint "Cleanup", Time since last: 1000107619 ns, Reaching safepoint: 6100 ns, Cleanup: 9800 ns, At safepoint: 2300 ns, Total: 18200 ns
[1432.992s][info ][safepoint      ] Safepoint "Cleanup", Time since last: 4000345908 ns, Reaching safepoint: 6900 ns, Cleanup: 9700 ns, At safepoint: 2600 ns, Total: 19200 ns
[1433.992s][info ][safepoint      ] Safepoint "Cleanup", Time since last: 1000120147 ns, Reaching safepoint: 7200 ns, Cleanup: 11699 ns, At safepoint: 2300 ns, Total: 21199 ns
[1434.992s][info ][safepoint      ] Safepoint "Cleanup", Time since last: 1000116247 ns, Reaching safepoint: 7500 ns, Cleanup: 10700 ns, At safepoint: 2300 ns, Total: 20500 ns
[1435.992s][info ][safepoint      ] Safepoint "Cleanup", Time since last: 1000119447 ns, Reaching safepoint: 7800 ns, Cleanup: 11400 ns, At safepoint: 2300 ns, Total: 21500 ns
[1437.992s][info ][safepoint      ] Safepoint "Cleanup", Time since last: 2000186394 ns, Reaching safepoint: 6300 ns, Cleanup: 16500 ns, At safepoint: 2300 ns, Total: 25100 ns
[1438.992s][info ][safepoint      ] Safepoint "Cleanup", Time since last: 1000116864 ns, Reaching safepoint: 6300 ns, Cleanup: 14800 ns, At safepoint: 2300 ns, Total: 23400 ns
[1439.992s][info ][safepoint      ] Safepoint "Cleanup", Time since last: 1000131403 ns, Reaching safepoint: 7600 ns, Cleanup: 16099 ns, At safepoint: 2400 ns, Total: 26099 ns
[1440.619s][info ][gc,start       ] GC(31) Pause Young (Allocation Failure)
[1440.636s][debug][gc,phases      ] GC(31) Scavenge 16.445ms
[1440.636s][debug][gc,ref         ] GC(31) ReferenceProcessor::execute queues: 1, RefProcThreadModel::Single, marks_oops_alive: false
[1440.636s][debug][gc,ref         ] GC(31) Skipped KeepAliveFinalRefsPhase of Reference Processing: no references
[1440.636s][debug][gc,ref         ] GC(31) ReferenceProcessor::execute queues: 1, RefProcThreadModel::Single, marks_oops_alive: false
[1440.636s][debug][gc,phases      ] GC(31) Reference Processing 0.096ms
[1440.636s][debug][gc,phases      ] GC(31)   VM Weak                        Min:  0.0, Avg:  0.0, Max:  0.0, Diff:  0.0, Sum:  0.0, Workers: 4
[1440.636s][debug][gc,phases      ] GC(31)     Dead                           Min: 0, Avg:  0.0, Max: 0, Diff: 0, Sum: 0, Workers: 4
[1440.636s][debug][gc,phases      ] GC(31)     Total                          Min: 0, Avg: 236.0, Max: 576, Diff: 576, Sum: 944, Workers: 4
[1440.636s][debug][gc,phases      ] GC(31)   ObjectSynchronizer Weak        Min:  0.0, Avg:  0.0, Max:  0.0, Diff:  0.0, Sum:  0.0, Workers: 4
[1440.636s][debug][gc,phases      ] GC(31)     Dead                           Min: 0, Avg:  0.0, Max: 0, Diff: 0, Sum: 0, Workers: 4
[1440.636s][debug][gc,phases      ] GC(31)     Total                          Min: 0, Avg:  0.8, Max: 3, Diff: 3, Sum: 3, Workers: 4
[1440.636s][debug][gc,phases      ] GC(31)   JVMTI Tag Weak OopStorage      Min:  0.0, Avg:  0.0, Max:  0.0, Diff:  0.0, Sum:  0.0, Workers: 4
[1440.636s][debug][gc,phases      ] GC(31)     Dead                           Min: 0, Avg:  0.0, Max: 0, Diff: 0, Sum: 0, Workers: 4
[1440.636s][debug][gc,phases      ] GC(31)     Total                          Min: 0, Avg:  0.0, Max: 0, Diff: 0, Sum: 0, Workers: 4
[1440.636s][debug][gc,phases      ] GC(31)   StringTable Weak               Min:  0.0, Avg:  0.1, Max:  0.1, Diff:  0.1, Sum:  0.4, Workers: 4
[1440.636s][debug][gc,phases      ] GC(31)     Dead                           Min: 0, Avg:  0.5, Max: 2, Diff: 2, Sum: 2, Workers: 4
[1440.636s][debug][gc,phases      ] GC(31)     Total                          Min: 0, Avg: 11541.2, Max: 20439, Diff: 20439, Sum: 46165, Workers: 4
[1440.636s][debug][gc,phases      ] GC(31)   ResolvedMethodTable Weak       Min:  0.0, Avg:  0.0, Max:  0.0, Diff:  0.0, Sum:  0.1, Workers: 4
[1440.636s][debug][gc,phases      ] GC(31)     Dead                           Min: 0, Avg:  6.0, Max: 9, Diff: 9, Sum: 24, Workers: 4
[1440.636s][debug][gc,phases      ] GC(31)     Total                          Min: 0, Avg: 3759.8, Max: 6308, Diff: 6308, Sum: 15039, Workers: 4
[1440.636s][debug][gc,phases      ] GC(31)   JNI Weak                       Min:  0.0, Avg:  0.0, Max:  0.0, Diff:  0.0, Sum:  0.0, Workers: 4
[1440.636s][debug][gc,phases      ] GC(31)     Dead                           Min: 0, Avg:  0.0, Max: 0, Diff: 0, Sum: 0, Workers: 4
[1440.636s][debug][gc,phases      ] GC(31)     Total                          Min: 0, Avg: 13.0, Max: 52, Diff: 52, Sum: 52, Workers: 4
[1440.636s][debug][gc,phases      ] GC(31)   StringDedup Table Weak         Min:  0.0, Avg:  0.0, Max:  0.0, Diff:  0.0, Sum:  0.0, Workers: 4
[1440.636s][debug][gc,phases      ] GC(31)     Dead                           Min: 0, Avg:  0.0, Max: 0, Diff: 0, Sum: 0, Workers: 4
[1440.636s][debug][gc,phases      ] GC(31)     Total                          Min: 0, Avg:  0.0, Max: 0, Diff: 0, Sum: 0, Workers: 4
[1440.636s][debug][gc,phases      ] GC(31)   StringDedup Requests0 Weak     Min:  0.0, Avg:  0.0, Max:  0.0, Diff:  0.0, Sum:  0.0, Workers: 4
[1440.636s][debug][gc,phases      ] GC(31)     Dead                           Min: 0, Avg:  0.0, Max: 0, Diff: 0, Sum: 0, Workers: 4
[1440.636s][debug][gc,phases      ] GC(31)     Total                          Min: 0, Avg:  0.0, Max: 0, Diff: 0, Sum: 0, Workers: 4
[1440.636s][debug][gc,phases      ] GC(31)   StringDedup Requests1 Weak     Min:  0.0, Avg:  0.0, Max:  0.0, Diff:  0.0, Sum:  0.0, Workers: 4
[1440.636s][debug][gc,phases      ] GC(31)     Dead                           Min: 0, Avg:  0.0, Max: 0, Diff: 0, Sum: 0, Workers: 4
[1440.636s][debug][gc,phases      ] GC(31)     Total                          Min: 0, Avg:  0.0, Max: 0, Diff: 0, Sum: 0, Workers: 4
[1440.636s][debug][gc,phases      ] GC(31)   Weak JFR Old Object Samples    Min:  0.0, Avg:  0.0, Max:  0.0, Diff:  0.0, Sum:  0.0, Workers: 4
[1440.636s][debug][gc,phases      ] GC(31)     Dead                           Min: 0, Avg:  0.0, Max: 0, Diff: 0, Sum: 0, Workers: 4
[1440.636s][debug][gc,phases      ] GC(31)     Total                          Min: 0, Avg:  0.0, Max: 0, Diff: 0, Sum: 0, Workers: 4
[1440.636s][debug][gc,phases      ] GC(31) Weak Processing 0.346ms
[1440.636s][debug][gc,age         ] GC(31) Desired survivor size 124256256 bytes, new threshold 1 (max threshold 15)
[1440.636s][info ][gc,heap        ] GC(31) PSYoungGen: 1855824K(1967616K)->9968K(1957376K) Eden: 1827840K(1827840K)->0K(1827840K) From: 27984K(139776K)->9968K(129536K)
[1440.636s][info ][gc,heap        ] GC(31) ParOldGen: 260121K(260608K)->286598K(286720K)
[1440.636s][info ][gc,metaspace   ] GC(31) Metaspace: 105741K(107008K)->105741K(107008K) NonClass: 89765K(90496K)->89765K(90496K) Class: 15975K(16512K)->15975K(16512K)
[1440.636s][info ][gc             ] GC(31) Pause Young (Allocation Failure) 2066M->289M(2191M) 17.001ms
[1440.636s][info ][gc,cpu         ] GC(31) User=0.05s Sys=0.01s Real=0.02s
[1440.636s][info ][safepoint      ] Safepoint "ParallelGCFailedAllocation", Time since last: 626877877 ns, Reaching safepoint: 6400 ns, Cleanup: 3500 ns, At safepoint: 17067782 ns, Total: 17077682 ns
[1447.637s][info ][safepoint      ] Safepoint "Cleanup", Time since last: 7000494412 ns, Reaching safepoint: 5400 ns, Cleanup: 37100 ns, At safepoint: 1900 ns, Total: 44400 ns
[1451.637s][info ][safepoint      ] Safepoint "Cleanup", Time since last: 4000320739 ns, Reaching safepoint: 5900 ns, Cleanup: 11400 ns, At safepoint: 24400 ns, Total: 41700 ns
[1452.637s][info ][safepoint      ] Safepoint "Cleanup", Time since last: 1000104684 ns, Reaching safepoint: 5500 ns, Cleanup: 10100 ns, At safepoint: 2000 ns, Total: 17600 ns
[1454.638s][info ][safepoint      ] Safepoint "Cleanup", Time since last: 2000178370 ns, Reaching safepoint: 6800 ns, Cleanup: 12100 ns, At safepoint: 2300 ns, Total: 21200 ns
[1455.638s][info ][safepoint      ] Safepoint "Cleanup", Time since last: 1000112787 ns, Reaching safepoint: 6200 ns, Cleanup: 10200 ns, At safepoint: 2100 ns, Total: 18500 ns
[1456.638s][info ][safepoint      ] Safepoint "Cleanup", Time since last: 1000111699 ns, Reaching safepoint: 6500 ns, Cleanup: 9400 ns, At safepoint: 2300 ns, Total: 18200 ns
[1459.638s][info ][safepoint      ] Safepoint "Cleanup", Time since last: 3000257697 ns, Reaching safepoint: 5800 ns, Cleanup: 7600 ns, At safepoint: 1900 ns, Total: 15300 ns
[1460.638s][info ][safepoint      ] Safepoint "Cleanup", Time since last: 1000117099 ns, Reaching safepoint: 6200 ns, Cleanup: 9400 ns, At safepoint: 2200 ns, Total: 17800 ns
[1464.639s][info ][safepoint      ] Safepoint "Cleanup", Time since last: 4000332910 ns, Reaching safepoint: 6400 ns, Cleanup: 39000 ns, At safepoint: 2499 ns, Total: 47899 ns
[1467.639s][info ][safepoint      ] Safepoint "Cleanup", Time since last: 3000265208 ns, Reaching safepoint: 7099 ns, Cleanup: 27600 ns, At safepoint: 2200 ns, Total: 36899 ns
[1469.639s][info ][safepoint      ] Safepoint "Cleanup", Time since last: 2000179505 ns, Reaching safepoint: 80199 ns, Cleanup: 12300 ns, At safepoint: 7200 ns, Total: 99699 ns
[1470.639s][info ][safepoint      ] Safepoint "Cleanup", Time since last: 1000103602 ns, Reaching safepoint: 6600 ns, Cleanup: 14400 ns, At safepoint: 2200 ns, Total: 23200 ns
[1471.640s][info ][safepoint      ] Safepoint "Cleanup", Time since last: 1000103769 ns, Reaching safepoint: 5500 ns, Cleanup: 12800 ns, At safepoint: 1700 ns, Total: 20000 ns
[1474.640s][info ][safepoint      ] Safepoint "Cleanup", Time since last: 3000265328 ns, Reaching safepoint: 7200 ns, Cleanup: 10700 ns, At safepoint: 2200 ns, Total: 20100 ns
[1477.640s][info ][safepoint      ] Safepoint "Cleanup", Time since last: 3000262459 ns, Reaching safepoint: 6700 ns, Cleanup: 11399 ns, At safepoint: 2300 ns, Total: 20399 ns
[1479.640s][info ][safepoint      ] Safepoint "Cleanup", Time since last: 2000192055 ns, Reaching safepoint: 7100 ns, Cleanup: 17400 ns, At safepoint: 1800 ns, Total: 26300 ns
[1480.640s][info ][safepoint      ] Safepoint "Cleanup", Time since last: 1000124779 ns, Reaching safepoint: 6500 ns, Cleanup: 11100 ns, At safepoint: 2100 ns, Total: 19700 ns
[1482.641s][info ][safepoint      ] Safepoint "Cleanup", Time since last: 2000190658 ns, Reaching safepoint: 6400 ns, Cleanup: 10200 ns, At safepoint: 2100 ns, Total: 18700 ns
[1485.641s][info ][safepoint      ] Safepoint "Cleanup", Time since last: 3000263937 ns, Reaching safepoint: 6800 ns, Cleanup: 9900 ns, At safepoint: 2200 ns, Total: 18900 ns
[1487.421s][info ][gc,start       ] GC(32) Pause Young (Allocation Failure)
[1487.431s][debug][gc,phases      ] GC(32) Scavenge 10.463ms
[1487.431s][debug][gc,ref         ] GC(32) ReferenceProcessor::execute queues: 1, RefProcThreadModel::Single, marks_oops_alive: false
[1487.431s][debug][gc,ref         ] GC(32) Skipped KeepAliveFinalRefsPhase of Reference Processing: no references
[1487.431s][debug][gc,ref         ] GC(32) ReferenceProcessor::execute queues: 1, RefProcThreadModel::Single, marks_oops_alive: false
[1487.431s][debug][gc,phases      ] GC(32) Reference Processing 0.099ms
[1487.431s][debug][gc,phases      ] GC(32)   VM Weak                        Min:  0.0, Avg:  0.0, Max:  0.0, Diff:  0.0, Sum:  0.0, Workers: 4
[1487.431s][debug][gc,phases      ] GC(32)     Dead                           Min: 0, Avg:  0.0, Max: 0, Diff: 0, Sum: 0, Workers: 4
[1487.431s][debug][gc,phases      ] GC(32)     Total                          Min: 0, Avg: 236.8, Max: 435, Diff: 435, Sum: 947, Workers: 4
[1487.431s][debug][gc,phases      ] GC(32)   ObjectSynchronizer Weak        Min:  0.0, Avg:  0.0, Max:  0.0, Diff:  0.0, Sum:  0.0, Workers: 4
[1487.431s][debug][gc,phases      ] GC(32)     Dead                           Min: 0, Avg:  0.0, Max: 0, Diff: 0, Sum: 0, Workers: 4
[1487.431s][debug][gc,phases      ] GC(32)     Total                          Min: 0, Avg:  1.0, Max: 4, Diff: 4, Sum: 4, Workers: 4
[1487.432s][debug][gc,phases      ] GC(32)   JVMTI Tag Weak OopStorage      Min:  0.0, Avg:  0.0, Max:  0.0, Diff:  0.0, Sum:  0.0, Workers: 4
[1487.432s][debug][gc,phases      ] GC(32)     Dead                           Min: 0, Avg:  0.0, Max: 0, Diff: 0, Sum: 0, Workers: 4
[1487.432s][debug][gc,phases      ] GC(32)     Total                          Min: 0, Avg:  0.0, Max: 0, Diff: 0, Sum: 0, Workers: 4
[1487.432s][debug][gc,phases      ] GC(32)   StringTable Weak               Min:  0.0, Avg:  0.1, Max:  0.1, Diff:  0.1, Sum:  0.4, Workers: 4
[1487.432s][debug][gc,phases      ] GC(32)     Dead                           Min: 0, Avg:  0.0, Max: 0, Diff: 0, Sum: 0, Workers: 4
[1487.432s][debug][gc,phases      ] GC(32)     Total                          Min: 0, Avg: 11545.5, Max: 19712, Diff: 19712, Sum: 46182, Workers: 4
[1487.432s][debug][gc,phases      ] GC(32)   ResolvedMethodTable Weak       Min:  0.0, Avg:  0.0, Max:  0.0, Diff:  0.0, Sum:  0.1, Workers: 4
[1487.432s][debug][gc,phases      ] GC(32)     Dead                           Min: 0, Avg:  4.0, Max: 15, Diff: 15, Sum: 16, Workers: 4
[1487.432s][debug][gc,phases      ] GC(32)     Total                          Min: 0, Avg: 3762.5, Max: 6363, Diff: 6363, Sum: 15050, Workers: 4
[1487.432s][debug][gc,phases      ] GC(32)   JNI Weak                       Min:  0.0, Avg:  0.0, Max:  0.0, Diff:  0.0, Sum:  0.0, Workers: 4
[1487.432s][debug][gc,phases      ] GC(32)     Dead                           Min: 0, Avg:  0.0, Max: 0, Diff: 0, Sum: 0, Workers: 4
[1487.432s][debug][gc,phases      ] GC(32)     Total                          Min: 0, Avg: 13.0, Max: 52, Diff: 52, Sum: 52, Workers: 4
[1487.432s][debug][gc,phases      ] GC(32)   StringDedup Table Weak         Min:  0.0, Avg:  0.0, Max:  0.0, Diff:  0.0, Sum:  0.0, Workers: 4
[1487.432s][debug][gc,phases      ] GC(32)     Dead                           Min: 0, Avg:  0.0, Max: 0, Diff: 0, Sum: 0, Workers: 4
[1487.432s][debug][gc,phases      ] GC(32)     Total                          Min: 0, Avg:  0.0, Max: 0, Diff: 0, Sum: 0, Workers: 4
[1487.432s][debug][gc,phases      ] GC(32)   StringDedup Requests0 Weak     Min:  0.0, Avg:  0.0, Max:  0.0, Diff:  0.0, Sum:  0.0, Workers: 4
[1487.432s][debug][gc,phases      ] GC(32)     Dead                           Min: 0, Avg:  0.0, Max: 0, Diff: 0, Sum: 0, Workers: 4
[1487.432s][debug][gc,phases      ] GC(32)     Total                          Min: 0, Avg:  0.0, Max: 0, Diff: 0, Sum: 0, Workers: 4
[1487.432s][debug][gc,phases      ] GC(32)   StringDedup Requests1 Weak     Min:  0.0, Avg:  0.0, Max:  0.0, Diff:  0.0, Sum:  0.0, Workers: 4
[1487.432s][debug][gc,phases      ] GC(32)     Dead                           Min: 0, Avg:  0.0, Max: 0, Diff: 0, Sum: 0, Workers: 4
[1487.432s][debug][gc,phases      ] GC(32)     Total                          Min: 0, Avg:  0.0, Max: 0, Diff: 0, Sum: 0, Workers: 4
[1487.432s][debug][gc,phases      ] GC(32)   Weak JFR Old Object Samples    Min:  0.0, Avg:  0.0, Max:  0.0, Diff:  0.0, Sum:  0.0, Workers: 4
[1487.432s][debug][gc,phases      ] GC(32)     Dead                           Min: 0, Avg:  0.0, Max: 0, Diff: 0, Sum: 0, Workers: 4
[1487.432s][debug][gc,phases      ] GC(32)     Total                          Min: 0, Avg:  0.0, Max: 0, Diff: 0, Sum: 0, Workers: 4
[1487.432s][debug][gc,phases      ] GC(32) Weak Processing 0.380ms
[1487.432s][debug][gc,age         ] GC(32) Desired survivor size 115343360 bytes, new threshold 1 (max threshold 15)
[1487.432s][info ][gc,heap        ] GC(32) PSYoungGen: 1837808K(1957376K)->16949K(1984512K) Eden: 1827840K(1827840K)->0K(1863168K) From: 9968K(129536K)->16949K(121344K)
[1487.432s][info ][gc,heap        ] GC(32) ParOldGen: 286598K(286720K)->294381K(294400K)
[1487.432s][info ][gc,metaspace   ] GC(32) Metaspace: 105877K(107136K)->105877K(107136K) NonClass: 89889K(90624K)->89889K(90624K) Class: 15987K(16512K)->15987K(16512K)
[1487.432s][info ][gc             ] GC(32) Pause Young (Allocation Failure) 2074M->304M(2225M) 11.061ms
[1487.432s][info ][gc,cpu         ] GC(32) User=0.04s Sys=0.01s Real=0.01s
[1487.432s][info ][safepoint      ] Safepoint "ParallelGCFailedAllocation", Time since last: 1779538421 ns, Reaching safepoint: 80299 ns, Cleanup: 10900 ns, At safepoint: 11157422 ns, Total: 11248621 ns
[1488.432s][info ][safepoint      ] Safepoint "Cleanup", Time since last: 1000085186 ns, Reaching safepoint: 6000 ns, Cleanup: 8500 ns, At safepoint: 1800 ns, Total: 16300 ns
[1489.432s][info ][safepoint      ] Safepoint "Cleanup", Time since last: 1000114186 ns, Reaching safepoint: 6500 ns, Cleanup: 19100 ns, At safepoint: 2100 ns, Total: 27700 ns
[1492.432s][info ][safepoint      ] Safepoint "Cleanup", Time since last: 3000251558 ns, Reaching safepoint: 6000 ns, Cleanup: 12899 ns, At safepoint: 2000 ns, Total: 20899 ns
[1493.432s][info ][safepoint      ] Safepoint "Cleanup", Time since last: 1000112886 ns, Reaching safepoint: 6000 ns, Cleanup: 12200 ns, At safepoint: 2000 ns, Total: 20200 ns
[1496.433s][info ][safepoint      ] Safepoint "Cleanup", Time since last: 3000244027 ns, Reaching safepoint: 6100 ns, Cleanup: 10300 ns, At safepoint: 1800 ns, Total: 18200 ns
[1497.433s][info ][safepoint      ] Safepoint "Cleanup", Time since last: 1000108268 ns, Reaching safepoint: 5500 ns, Cleanup: 8900 ns, At safepoint: 1700 ns, Total: 16100 ns
[1504.531s][info ][safepoint      ] Safepoint "Cleanup", Time since last: 7098212839 ns, Reaching safepoint: 6300 ns, Cleanup: 9300 ns, At safepoint: 1900 ns, Total: 17500 ns
[1506.531s][info ][safepoint      ] Safepoint "Cleanup", Time since last: 2000176582 ns, Reaching safepoint: 6600 ns, Cleanup: 10600 ns, At safepoint: 2100 ns, Total: 19300 ns
[1507.531s][info ][safepoint      ] Safepoint "Cleanup", Time since last: 1000104841 ns, Reaching safepoint: 5600 ns, Cleanup: 8500 ns, At safepoint: 1700 ns, Total: 15800 ns
[1509.532s][info ][safepoint      ] Safepoint "Cleanup", Time since last: 2000188682 ns, Reaching safepoint: 5600 ns, Cleanup: 8700 ns, At safepoint: 1699 ns, Total: 15999 ns
[1510.532s][info ][safepoint      ] Safepoint "Cleanup", Time since last: 1000110441 ns, Reaching safepoint: 6200 ns, Cleanup: 11000 ns, At safepoint: 2400 ns, Total: 19600 ns
[1511.532s][info ][safepoint      ] Safepoint "Cleanup", Time since last: 1000110840 ns, Reaching safepoint: 79199 ns, Cleanup: 25400 ns, At safepoint: 6400 ns, Total: 110999 ns
[1512.532s][info ][safepoint      ] Safepoint "Cleanup", Time since last: 1000121339 ns, Reaching safepoint: 6900 ns, Cleanup: 13300 ns, At safepoint: 26300 ns, Total: 46500 ns
[1513.532s][info ][safepoint      ] Safepoint "Cleanup", Time since last: 1000099239 ns, Reaching safepoint: 6400 ns, Cleanup: 9800 ns, At safepoint: 1800 ns, Total: 18000 ns
[1514.532s][info ][safepoint      ] Safepoint "Cleanup", Time since last: 1000121439 ns, Reaching safepoint: 6600 ns, Cleanup: 12100 ns, At safepoint: 2000 ns, Total: 20700 ns
[1517.533s][info ][safepoint      ] Safepoint "Cleanup", Time since last: 3000226619 ns, Reaching safepoint: 6000 ns, Cleanup: 13100 ns, At safepoint: 1800 ns, Total: 20900 ns
[1518.533s][info ][safepoint      ] Safepoint "Cleanup", Time since last: 1000123339 ns, Reaching safepoint: 6200 ns, Cleanup: 11800 ns, At safepoint: 2300 ns, Total: 20300 ns
[1520.533s][info ][safepoint      ] Safepoint "Cleanup", Time since last: 2000188874 ns, Reaching safepoint: 6100 ns, Cleanup: 18100 ns, At safepoint: 2300 ns, Total: 26500 ns
[1522.533s][info ][safepoint      ] Safepoint "Cleanup", Time since last: 2000198073 ns, Reaching safepoint: 80599 ns, Cleanup: 6700 ns, At safepoint: 8200 ns, Total: 95499 ns
[1524.533s][info ][safepoint      ] Safepoint "Cleanup", Time since last: 2000205373 ns, Reaching safepoint: 6400 ns, Cleanup: 9000 ns, At safepoint: 2100 ns, Total: 17500 ns
[1526.534s][info ][safepoint      ] Safepoint "Cleanup", Time since last: 2000176473 ns, Reaching safepoint: 6900 ns, Cleanup: 8100 ns, At safepoint: 2100 ns, Total: 17100 ns
[1527.534s][info ][safepoint      ] Safepoint "Cleanup", Time since last: 1000111468 ns, Reaching safepoint: 6600 ns, Cleanup: 10799 ns, At safepoint: 1900 ns, Total: 19299 ns
[1530.534s][info ][safepoint      ] Safepoint "Cleanup", Time since last: 3000243638 ns, Reaching safepoint: 6600 ns, Cleanup: 14900 ns, At safepoint: 1900 ns, Total: 23400 ns
[1532.534s][info ][safepoint      ] Safepoint "Cleanup", Time since last: 2000174692 ns, Reaching safepoint: 79599 ns, Cleanup: 9100 ns, At safepoint: 7100 ns, Total: 95799 ns
[1536.535s][info ][safepoint      ] Safepoint "Cleanup", Time since last: 4000315000 ns, Reaching safepoint: 7000 ns, Cleanup: 9700 ns, At safepoint: 2200 ns, Total: 18900 ns
[1538.535s][info ][safepoint      ] Safepoint "Cleanup", Time since last: 2000178425 ns, Reaching safepoint: 6900 ns, Cleanup: 9500 ns, At safepoint: 1800 ns, Total: 18200 ns
[1538.825s][info ][gc,start       ] GC(33) Pause Young (Allocation Failure)
[1538.837s][debug][gc,phases      ] GC(33) Scavenge 12.226ms
[1538.837s][debug][gc,ref         ] GC(33) ReferenceProcessor::execute queues: 1, RefProcThreadModel::Single, marks_oops_alive: false
[1538.837s][debug][gc,ref         ] GC(33) Skipped KeepAliveFinalRefsPhase of Reference Processing: no references
[1538.837s][debug][gc,ref         ] GC(33) ReferenceProcessor::execute queues: 1, RefProcThreadModel::Single, marks_oops_alive: false
[1538.837s][debug][gc,phases      ] GC(33) Reference Processing 0.101ms
[1538.837s][debug][gc,phases      ] GC(33)   VM Weak                        Min:  0.0, Avg:  0.0, Max:  0.0, Diff:  0.0, Sum:  0.0, Workers: 4
[1538.837s][debug][gc,phases      ] GC(33)     Dead                           Min: 0, Avg:  0.0, Max: 0, Diff: 0, Sum: 0, Workers: 4
[1538.837s][debug][gc,phases      ] GC(33)     Total                          Min: 0, Avg: 236.8, Max: 947, Diff: 947, Sum: 947, Workers: 4
[1538.838s][debug][gc,phases      ] GC(33)   ObjectSynchronizer Weak        Min:  0.0, Avg:  0.0, Max:  0.0, Diff:  0.0, Sum:  0.0, Workers: 4
[1538.838s][debug][gc,phases      ] GC(33)     Dead                           Min: 0, Avg:  0.0, Max: 0, Diff: 0, Sum: 0, Workers: 4
[1538.838s][debug][gc,phases      ] GC(33)     Total                          Min: 0, Avg:  1.2, Max: 5, Diff: 5, Sum: 5, Workers: 4
[1538.838s][debug][gc,phases      ] GC(33)   JVMTI Tag Weak OopStorage      Min:  0.0, Avg:  0.0, Max:  0.0, Diff:  0.0, Sum:  0.0, Workers: 4
[1538.838s][debug][gc,phases      ] GC(33)     Dead                           Min: 0, Avg:  0.0, Max: 0, Diff: 0, Sum: 0, Workers: 4
[1538.838s][debug][gc,phases      ] GC(33)     Total                          Min: 0, Avg:  0.0, Max: 0, Diff: 0, Sum: 0, Workers: 4
[1538.838s][debug][gc,phases      ] GC(33)   StringTable Weak               Min:  0.0, Avg:  0.1, Max:  0.1, Diff:  0.1, Sum:  0.4, Workers: 4
[1538.838s][debug][gc,phases      ] GC(33)     Dead                           Min: 0, Avg:  0.0, Max: 0, Diff: 0, Sum: 0, Workers: 4
[1538.838s][debug][gc,phases      ] GC(33)     Total                          Min: 0, Avg: 11546.8, Max: 19115, Diff: 19115, Sum: 46187, Workers: 4
[1538.838s][debug][gc,phases      ] GC(33)   ResolvedMethodTable Weak       Min:  0.0, Avg:  0.1, Max:  0.1, Diff:  0.1, Sum:  0.2, Workers: 4
[1538.838s][debug][gc,phases      ] GC(33)     Dead                           Min: 0, Avg:  4.0, Max: 16, Diff: 16, Sum: 16, Workers: 4
[1538.838s][debug][gc,phases      ] GC(33)     Total                          Min: 0, Avg: 3763.5, Max: 7554, Diff: 7554, Sum: 15054, Workers: 4
[1538.838s][debug][gc,phases      ] GC(33)   JNI Weak                       Min:  0.0, Avg:  0.0, Max:  0.0, Diff:  0.0, Sum:  0.0, Workers: 4
[1538.838s][debug][gc,phases      ] GC(33)     Dead                           Min: 0, Avg:  0.0, Max: 0, Diff: 0, Sum: 0, Workers: 4
[1538.838s][debug][gc,phases      ] GC(33)     Total                          Min: 0, Avg: 13.0, Max: 52, Diff: 52, Sum: 52, Workers: 4
[1538.838s][debug][gc,phases      ] GC(33)   StringDedup Table Weak         Min:  0.0, Avg:  0.0, Max:  0.0, Diff:  0.0, Sum:  0.0, Workers: 4
[1538.838s][debug][gc,phases      ] GC(33)     Dead                           Min: 0, Avg:  0.0, Max: 0, Diff: 0, Sum: 0, Workers: 4
[1538.838s][debug][gc,phases      ] GC(33)     Total                          Min: 0, Avg:  0.0, Max: 0, Diff: 0, Sum: 0, Workers: 4
[1538.838s][debug][gc,phases      ] GC(33)   StringDedup Requests0 Weak     Min:  0.0, Avg:  0.0, Max:  0.0, Diff:  0.0, Sum:  0.0, Workers: 4
[1538.838s][debug][gc,phases      ] GC(33)     Dead                           Min: 0, Avg:  0.0, Max: 0, Diff: 0, Sum: 0, Workers: 4
[1538.838s][debug][gc,phases      ] GC(33)     Total                          Min: 0, Avg:  0.0, Max: 0, Diff: 0, Sum: 0, Workers: 4
[1538.838s][debug][gc,phases      ] GC(33)   StringDedup Requests1 Weak     Min:  0.0, Avg:  0.0, Max:  0.0, Diff:  0.0, Sum:  0.0, Workers: 4
[1538.838s][debug][gc,phases      ] GC(33)     Dead                           Min: 0, Avg:  0.0, Max: 0, Diff: 0, Sum: 0, Workers: 4
[1538.838s][debug][gc,phases      ] GC(33)     Total                          Min: 0, Avg:  0.0, Max: 0, Diff: 0, Sum: 0, Workers: 4
[1538.838s][debug][gc,phases      ] GC(33)   Weak JFR Old Object Samples    Min:  0.0, Avg:  0.0, Max:  0.0, Diff:  0.0, Sum:  0.0, Workers: 4
[1538.838s][debug][gc,phases      ] GC(33)     Dead                           Min: 0, Avg:  0.0, Max: 0, Diff: 0, Sum: 0, Workers: 4
[1538.838s][debug][gc,phases      ] GC(33)     Total                          Min: 0, Avg:  0.0, Max: 0, Diff: 0, Sum: 0, Workers: 4
[1538.838s][debug][gc,phases      ] GC(33) Weak Processing 0.407ms
[1538.838s][debug][gc,age         ] GC(33) Desired survivor size 108527616 bytes, new threshold 1 (max threshold 15)
[1538.838s][info ][gc,heap        ] GC(33) PSYoungGen: 1880117K(1984512K)->10251K(1975808K) Eden: 1863168K(1863168K)->0K(1863168K) From: 16949K(121344K)->10251K(112640K)
[1538.838s][info ][gc,heap        ] GC(33) ParOldGen: 294381K(294400K)->309464K(309760K)
[1538.838s][info ][gc,metaspace   ] GC(33) Metaspace: 105909K(107200K)->105909K(107200K) NonClass: 89920K(90688K)->89920K(90688K) Class: 15989K(16512K)->15989K(16512K)
[1538.838s][info ][gc             ] GC(33) Pause Young (Allocation Failure) 2123M->312M(2232M) 12.868ms
[1538.838s][info ][gc,cpu         ] GC(33) User=0.03s Sys=0.01s Real=0.01s
[1538.838s][info ][safepoint      ] Safepoint "ParallelGCFailedAllocation", Time since last: 289902445 ns, Reaching safepoint: 80700 ns, Cleanup: 4100 ns, At safepoint: 12956408 ns, Total: 13041208 ns
[1543.838s][info ][safepoint      ] Safepoint "Cleanup", Time since last: 5000390627 ns, Reaching safepoint: 7500 ns, Cleanup: 9900 ns, At safepoint: 2000 ns, Total: 19400 ns
[1548.839s][info ][safepoint      ] Safepoint "Cleanup", Time since last: 5000385172 ns, Reaching safepoint: 5800 ns, Cleanup: 10000 ns, At safepoint: 1900 ns, Total: 17700 ns
[1550.839s][info ][safepoint      ] Safepoint "Cleanup", Time since last: 2000197249 ns, Reaching safepoint: 7100 ns, Cleanup: 11599 ns, At safepoint: 2600 ns, Total: 21299 ns
[1552.839s][info ][safepoint      ] Safepoint "Cleanup", Time since last: 2000180857 ns, Reaching safepoint: 7700 ns, Cleanup: 9700 ns, At safepoint: 2200 ns, Total: 19600 ns
[1553.839s][info ][safepoint      ] Safepoint "Cleanup", Time since last: 1000112678 ns, Reaching safepoint: 7200 ns, Cleanup: 10700 ns, At safepoint: 2600 ns, Total: 20500 ns
[1555.839s][info ][safepoint      ] Safepoint "Cleanup", Time since last: 2000179257 ns, Reaching safepoint: 6400 ns, Cleanup: 11900 ns, At safepoint: 2700 ns, Total: 21000 ns
[1557.840s][info ][safepoint      ] Safepoint "Cleanup", Time since last: 2000181357 ns, Reaching safepoint: 6900 ns, Cleanup: 13900 ns, At safepoint: 1900 ns, Total: 22700 ns
[1558.840s][info ][safepoint      ] Safepoint "Cleanup", Time since last: 1000112395 ns, Reaching safepoint: 7100 ns, Cleanup: 22800 ns, At safepoint: 2200 ns, Total: 32100 ns
[1559.840s][info ][safepoint      ] Safepoint "Cleanup", Time since last: 1000107905 ns, Reaching safepoint: 5600 ns, Cleanup: 17700 ns, At safepoint: 1900 ns, Total: 25200 ns
[1561.548s][info ][safepoint      ] Safepoint "Cleanup", Time since last: 1707990550 ns, Reaching safepoint: 8099 ns, Cleanup: 12800 ns, At safepoint: 2500 ns, Total: 23399 ns
[1563.548s][info ][safepoint      ] Safepoint "Cleanup", Time since last: 2000181311 ns, Reaching safepoint: 7000 ns, Cleanup: 8200 ns, At safepoint: 2100 ns, Total: 17300 ns
[1565.548s][info ][safepoint      ] Safepoint "Cleanup", Time since last: 2000183410 ns, Reaching safepoint: 7300 ns, Cleanup: 21100 ns, At safepoint: 2400 ns, Total: 30800 ns
[1569.549s][info ][safepoint      ] Safepoint "Cleanup", Time since last: 4000321131 ns, Reaching safepoint: 7100 ns, Cleanup: 10399 ns, At safepoint: 2200 ns, Total: 19699 ns
[1570.549s][info ][safepoint      ] Safepoint "Cleanup", Time since last: 1000119985 ns, Reaching safepoint: 5600 ns, Cleanup: 12399 ns, At safepoint: 1800 ns, Total: 19799 ns
[1571.549s][info ][safepoint      ] Safepoint "Cleanup", Time since last: 1000106685 ns, Reaching safepoint: 7000 ns, Cleanup: 9600 ns, At safepoint: 2000 ns, Total: 18600 ns
[1572.549s][info ][safepoint      ] Safepoint "Cleanup", Time since last: 1000107284 ns, Reaching safepoint: 6500 ns, Cleanup: 9600 ns, At safepoint: 2000 ns, Total: 18100 ns
[1573.549s][info ][safepoint      ] Safepoint "Cleanup", Time since last: 1000107384 ns, Reaching safepoint: 7000 ns, Cleanup: 9800 ns, At safepoint: 2000 ns, Total: 18800 ns
[1574.549s][info ][safepoint      ] Safepoint "Cleanup", Time since last: 1000104484 ns, Reaching safepoint: 7400 ns, Cleanup: 9300 ns, At safepoint: 1700 ns, Total: 18400 ns
[1575.549s][info ][safepoint      ] Safepoint "Cleanup", Time since last: 1000111563 ns, Reaching safepoint: 7000 ns, Cleanup: 11701 ns, At safepoint: 2200 ns, Total: 20901 ns
[1576.549s][info ][safepoint      ] Safepoint "Cleanup", Time since last: 1000115426 ns, Reaching safepoint: 5900 ns, Cleanup: 11900 ns, At safepoint: 2000 ns, Total: 19800 ns
[1577.550s][info ][safepoint      ] Safepoint "Cleanup", Time since last: 1000123326 ns, Reaching safepoint: 6700 ns, Cleanup: 10900 ns, At safepoint: 2200 ns, Total: 19800 ns
[1581.550s][info ][safepoint      ] Safepoint "Cleanup", Time since last: 4000317592 ns, Reaching safepoint: 6999 ns, Cleanup: 20900 ns, At safepoint: 2200 ns, Total: 30099 ns
[1582.550s][info ][safepoint      ] Safepoint "Cleanup", Time since last: 1000116699 ns, Reaching safepoint: 6500 ns, Cleanup: 12900 ns, At safepoint: 2300 ns, Total: 21700 ns
[1583.550s][info ][safepoint      ] Safepoint "Cleanup", Time since last: 1000110772 ns, Reaching safepoint: 6701 ns, Cleanup: 10500 ns, At safepoint: 2300 ns, Total: 19501 ns
[1594.551s][info ][safepoint      ] Safepoint "Cleanup", Time since last: 11000818930 ns, Reaching safepoint: 6200 ns, Cleanup: 11800 ns, At safepoint: 2300 ns, Total: 20300 ns
[1595.672s][info ][gc,start       ] GC(34) Pause Young (Allocation Failure)
[1595.680s][debug][gc,phases      ] GC(34) Scavenge 7.366ms
[1595.680s][debug][gc,ref         ] GC(34) ReferenceProcessor::execute queues: 1, RefProcThreadModel::Single, marks_oops_alive: false
[1595.680s][debug][gc,ref         ] GC(34) Skipped KeepAliveFinalRefsPhase of Reference Processing: no references
[1595.680s][debug][gc,ref         ] GC(34) ReferenceProcessor::execute queues: 1, RefProcThreadModel::Single, marks_oops_alive: false
[1595.680s][debug][gc,phases      ] GC(34) Reference Processing 0.095ms
[1595.680s][debug][gc,phases      ] GC(34)   VM Weak                        Min:  0.0, Avg:  0.0, Max:  0.0, Diff:  0.0, Sum:  0.0, Workers: 4
[1595.680s][debug][gc,phases      ] GC(34)     Dead                           Min: 0, Avg:  0.0, Max: 0, Diff: 0, Sum: 0, Workers: 4
[1595.680s][debug][gc,phases      ] GC(34)     Total                          Min: 0, Avg: 237.8, Max: 951, Diff: 951, Sum: 951, Workers: 4
[1595.680s][debug][gc,phases      ] GC(34)   ObjectSynchronizer Weak        Min:  0.0, Avg:  0.0, Max:  0.0, Diff:  0.0, Sum:  0.0, Workers: 4
[1595.680s][debug][gc,phases      ] GC(34)     Dead                           Min: 0, Avg:  0.0, Max: 0, Diff: 0, Sum: 0, Workers: 4
[1595.680s][debug][gc,phases      ] GC(34)     Total                          Min: 0, Avg:  1.2, Max: 5, Diff: 5, Sum: 5, Workers: 4
[1595.680s][debug][gc,phases      ] GC(34)   JVMTI Tag Weak OopStorage      Min:  0.0, Avg:  0.0, Max:  0.0, Diff:  0.0, Sum:  0.0, Workers: 4
[1595.680s][debug][gc,phases      ] GC(34)     Dead                           Min: 0, Avg:  0.0, Max: 0, Diff: 0, Sum: 0, Workers: 4
[1595.680s][debug][gc,phases      ] GC(34)     Total                          Min: 0, Avg:  0.0, Max: 0, Diff: 0, Sum: 0, Workers: 4
[1595.680s][debug][gc,phases      ] GC(34)   StringTable Weak               Min:  0.0, Avg:  0.1, Max:  0.1, Diff:  0.1, Sum:  0.4, Workers: 4
[1595.680s][debug][gc,phases      ] GC(34)     Dead                           Min: 0, Avg:  0.2, Max: 1, Diff: 1, Sum: 1, Workers: 4
[1595.680s][debug][gc,phases      ] GC(34)     Total                          Min: 0, Avg: 11547.8, Max: 20096, Diff: 20096, Sum: 46191, Workers: 4
[1595.680s][debug][gc,phases      ] GC(34)   ResolvedMethodTable Weak       Min:  0.0, Avg:  0.0, Max:  0.0, Diff:  0.0, Sum:  0.1, Workers: 4
[1595.680s][debug][gc,phases      ] GC(34)     Dead                           Min: 0, Avg:  4.0, Max: 14, Diff: 14, Sum: 16, Workers: 4
[1595.680s][debug][gc,phases      ] GC(34)     Total                          Min: 0, Avg: 3766.2, Max: 6239, Diff: 6239, Sum: 15065, Workers: 4
[1595.680s][debug][gc,phases      ] GC(34)   JNI Weak                       Min:  0.0, Avg:  0.0, Max:  0.0, Diff:  0.0, Sum:  0.0, Workers: 4
[1595.680s][debug][gc,phases      ] GC(34)     Dead                           Min: 0, Avg:  0.0, Max: 0, Diff: 0, Sum: 0, Workers: 4
[1595.680s][debug][gc,phases      ] GC(34)     Total                          Min: 0, Avg: 13.0, Max: 52, Diff: 52, Sum: 52, Workers: 4
[1595.680s][debug][gc,phases      ] GC(34)   StringDedup Table Weak         Min:  0.0, Avg:  0.0, Max:  0.0, Diff:  0.0, Sum:  0.0, Workers: 4
[1595.680s][debug][gc,phases      ] GC(34)     Dead                           Min: 0, Avg:  0.0, Max: 0, Diff: 0, Sum: 0, Workers: 4
[1595.680s][debug][gc,phases      ] GC(34)     Total                          Min: 0, Avg:  0.0, Max: 0, Diff: 0, Sum: 0, Workers: 4
[1595.680s][debug][gc,phases      ] GC(34)   StringDedup Requests0 Weak     Min:  0.0, Avg:  0.0, Max:  0.0, Diff:  0.0, Sum:  0.0, Workers: 4
[1595.680s][debug][gc,phases      ] GC(34)     Dead                           Min: 0, Avg:  0.0, Max: 0, Diff: 0, Sum: 0, Workers: 4
[1595.680s][debug][gc,phases      ] GC(34)     Total                          Min: 0, Avg:  0.0, Max: 0, Diff: 0, Sum: 0, Workers: 4
[1595.680s][debug][gc,phases      ] GC(34)   StringDedup Requests1 Weak     Min:  0.0, Avg:  0.0, Max:  0.0, Diff:  0.0, Sum:  0.0, Workers: 4
[1595.680s][debug][gc,phases      ] GC(34)     Dead                           Min: 0, Avg:  0.0, Max: 0, Diff: 0, Sum: 0, Workers: 4
[1595.680s][debug][gc,phases      ] GC(34)     Total                          Min: 0, Avg:  0.0, Max: 0, Diff: 0, Sum: 0, Workers: 4
[1595.680s][debug][gc,phases      ] GC(34)   Weak JFR Old Object Samples    Min:  0.0, Avg:  0.0, Max:  0.0, Diff:  0.0, Sum:  0.0, Workers: 4
[1595.680s][debug][gc,phases      ] GC(34)     Dead                           Min: 0, Avg:  0.0, Max: 0, Diff: 0, Sum: 0, Workers: 4
[1595.680s][debug][gc,phases      ] GC(34)     Total                          Min: 0, Avg:  0.0, Max: 0, Diff: 0, Sum: 0, Workers: 4
[1595.680s][debug][gc,phases      ] GC(34) Weak Processing 0.332ms
[1595.680s][debug][gc,age         ] GC(34) Desired survivor size 102236160 bytes, new threshold 1 (max threshold 15)
[1595.680s][info ][gc,heap        ] GC(34) PSYoungGen: 1873419K(1975808K)->8064K(1997312K) Eden: 1863168K(1863168K)->0K(1891328K) From: 10251K(112640K)->8064K(105984K)
[1595.680s][info ][gc,heap        ] GC(34) ParOldGen: 309464K(309760K)->316359K(316416K)
[1595.680s][info ][gc,metaspace   ] GC(34) Metaspace: 105938K(107200K)->105938K(107200K) NonClass: 89945K(90688K)->89945K(90688K) Class: 15992K(16512K)->15992K(16512K)
[1595.680s][info ][gc             ] GC(34) Pause Young (Allocation Failure) 2131M->316M(2259M) 7.919ms
[1595.680s][info ][gc,cpu         ] GC(34) User=0.02s Sys=0.01s Real=0.01s
[1595.680s][info ][safepoint      ] Safepoint "ParallelGCFailedAllocation", Time since last: 1121341949 ns, Reaching safepoint: 6700 ns, Cleanup: 3800 ns, At safepoint: 7991066 ns, Total: 8001566 ns
[1603.681s][info ][safepoint      ] Safepoint "Cleanup", Time since last: 8000568261 ns, Reaching safepoint: 6100 ns, Cleanup: 14300 ns, At safepoint: 1700 ns, Total: 22100 ns
[1610.682s][info ][safepoint      ] Safepoint "Cleanup", Time since last: 7000519011 ns, Reaching safepoint: 6300 ns, Cleanup: 24900 ns, At safepoint: 2000 ns, Total: 33200 ns
[1611.682s][info ][safepoint      ] Safepoint "Cleanup", Time since last: 1000130838 ns, Reaching safepoint: 5300 ns, Cleanup: 10200 ns, At safepoint: 1800 ns, Total: 17300 ns
[1612.682s][info ][safepoint      ] Safepoint "Cleanup", Time since last: 1000121931 ns, Reaching safepoint: 83400 ns, Cleanup: 17700 ns, At safepoint: 9700 ns, Total: 110800 ns
[1614.682s][info ][safepoint      ] Safepoint "Cleanup", Time since last: 2000172262 ns, Reaching safepoint: 5500 ns, Cleanup: 10300 ns, At safepoint: 1900 ns, Total: 17700 ns
[1619.683s][info ][safepoint      ] Safepoint "Cleanup", Time since last: 5000419874 ns, Reaching safepoint: 5700 ns, Cleanup: 8900 ns, At safepoint: 2100 ns, Total: 16700 ns
[1621.566s][info ][safepoint      ] Safepoint "Cleanup", Time since last: 1883687991 ns, Reaching safepoint: 7000 ns, Cleanup: 11500 ns, At safepoint: 2500 ns, Total: 21000 ns
[1626.567s][info ][safepoint      ] Safepoint "Cleanup", Time since last: 5000453272 ns, Reaching safepoint: 6400 ns, Cleanup: 11700 ns, At safepoint: 2300 ns, Total: 20400 ns
[1627.567s][info ][safepoint      ] Safepoint "Cleanup", Time since last: 1000141353 ns, Reaching safepoint: 6600 ns, Cleanup: 16000 ns, At safepoint: 2000 ns, Total: 24600 ns
[1628.567s][info ][safepoint      ] Safepoint "Cleanup", Time since last: 1000124952 ns, Reaching safepoint: 6300 ns, Cleanup: 14500 ns, At safepoint: 2200 ns, Total: 23000 ns
[1630.567s][info ][safepoint      ] Safepoint "Cleanup", Time since last: 2000225827 ns, Reaching safepoint: 6400 ns, Cleanup: 20100 ns, At safepoint: 2400 ns, Total: 28900 ns
[1632.568s][info ][safepoint      ] Safepoint "Cleanup", Time since last: 2000194766 ns, Reaching safepoint: 6500 ns, Cleanup: 9000 ns, At safepoint: 2500 ns, Total: 18000 ns
[1634.568s][info ][safepoint      ] Safepoint "Cleanup", Time since last: 2000180835 ns, Reaching safepoint: 6600 ns, Cleanup: 9000 ns, At safepoint: 1900 ns, Total: 17500 ns
[1635.568s][info ][safepoint      ] Safepoint "Cleanup", Time since last: 1000110268 ns, Reaching safepoint: 6300 ns, Cleanup: 10800 ns, At safepoint: 2000 ns, Total: 19100 ns
[1641.568s][info ][safepoint      ] Safepoint "Cleanup", Time since last: 6000463274 ns, Reaching safepoint: 6600 ns, Cleanup: 10300 ns, At safepoint: 1900 ns, Total: 18800 ns
[1646.569s][info ][safepoint      ] Safepoint "Cleanup", Time since last: 5000418332 ns, Reaching safepoint: 80500 ns, Cleanup: 14100 ns, At safepoint: 6800 ns, Total: 101400 ns
[1653.423s][info ][gc,start       ] GC(35) Pause Young (Allocation Failure)
[1653.429s][debug][gc,phases      ] GC(35) Scavenge 6.353ms
[1653.429s][debug][gc,ref         ] GC(35) ReferenceProcessor::execute queues: 1, RefProcThreadModel::Single, marks_oops_alive: false
[1653.429s][debug][gc,ref         ] GC(35) Skipped KeepAliveFinalRefsPhase of Reference Processing: no references
[1653.429s][debug][gc,ref         ] GC(35) Skipped PhantomRefsPhase of Reference Processing: no references
[1653.429s][debug][gc,phases      ] GC(35) Reference Processing 0.086ms
[1653.429s][debug][gc,phases      ] GC(35)   VM Weak                        Min:  0.0, Avg:  0.0, Max:  0.0, Diff:  0.0, Sum:  0.0, Workers: 4
[1653.429s][debug][gc,phases      ] GC(35)     Dead                           Min: 0, Avg:  0.0, Max: 0, Diff: 0, Sum: 0, Workers: 4
[1653.429s][debug][gc,phases      ] GC(35)     Total                          Min: 0, Avg: 237.8, Max: 832, Diff: 832, Sum: 951, Workers: 4
[1653.429s][debug][gc,phases      ] GC(35)   ObjectSynchronizer Weak        Min:  0.0, Avg:  0.0, Max:  0.0, Diff:  0.0, Sum:  0.0, Workers: 4
[1653.429s][debug][gc,phases      ] GC(35)     Dead                           Min: 0, Avg:  0.0, Max: 0, Diff: 0, Sum: 0, Workers: 4
[1653.429s][debug][gc,phases      ] GC(35)     Total                          Min: 0, Avg:  1.0, Max: 4, Diff: 4, Sum: 4, Workers: 4
[1653.429s][debug][gc,phases      ] GC(35)   JVMTI Tag Weak OopStorage      Min:  0.0, Avg:  0.0, Max:  0.0, Diff:  0.0, Sum:  0.0, Workers: 4
[1653.430s][debug][gc,phases      ] GC(35)     Dead                           Min: 0, Avg:  0.0, Max: 0, Diff: 0, Sum: 0, Workers: 4
[1653.430s][debug][gc,phases      ] GC(35)     Total                          Min: 0, Avg:  0.0, Max: 0, Diff: 0, Sum: 0, Workers: 4
[1653.430s][debug][gc,phases      ] GC(35)   StringTable Weak               Min:  0.0, Avg:  0.1, Max:  0.1, Diff:  0.1, Sum:  0.4, Workers: 4
[1653.430s][debug][gc,phases      ] GC(35)     Dead                           Min: 0, Avg:  0.0, Max: 0, Diff: 0, Sum: 0, Workers: 4
[1653.430s][debug][gc,phases      ] GC(35)     Total                          Min: 0, Avg: 11547.8, Max: 20032, Diff: 20032, Sum: 46191, Workers: 4
[1653.430s][debug][gc,phases      ] GC(35)   ResolvedMethodTable Weak       Min:  0.0, Avg:  0.0, Max:  0.0, Diff:  0.0, Sum:  0.1, Workers: 4
[1653.430s][debug][gc,phases      ] GC(35)     Dead                           Min: 0, Avg:  4.0, Max: 8, Diff: 8, Sum: 16, Workers: 4
[1653.430s][debug][gc,phases      ] GC(35)     Total                          Min: 0, Avg: 3766.2, Max: 6339, Diff: 6339, Sum: 15065, Workers: 4
[1653.430s][debug][gc,phases      ] GC(35)   JNI Weak                       Min:  0.0, Avg:  0.0, Max:  0.0, Diff:  0.0, Sum:  0.0, Workers: 4
[1653.430s][debug][gc,phases      ] GC(35)     Dead                           Min: 0, Avg:  0.0, Max: 0, Diff: 0, Sum: 0, Workers: 4
[1653.430s][debug][gc,phases      ] GC(35)     Total                          Min: 0, Avg: 13.0, Max: 52, Diff: 52, Sum: 52, Workers: 4
[1653.430s][debug][gc,phases      ] GC(35)   StringDedup Table Weak         Min:  0.0, Avg:  0.0, Max:  0.0, Diff:  0.0, Sum:  0.0, Workers: 4
[1653.430s][debug][gc,phases      ] GC(35)     Dead                           Min: 0, Avg:  0.0, Max: 0, Diff: 0, Sum: 0, Workers: 4
[1653.430s][debug][gc,phases      ] GC(35)     Total                          Min: 0, Avg:  0.0, Max: 0, Diff: 0, Sum: 0, Workers: 4
[1653.430s][debug][gc,phases      ] GC(35)   StringDedup Requests0 Weak     Min:  0.0, Avg:  0.0, Max:  0.0, Diff:  0.0, Sum:  0.0, Workers: 4
[1653.430s][debug][gc,phases      ] GC(35)     Dead                           Min: 0, Avg:  0.0, Max: 0, Diff: 0, Sum: 0, Workers: 4
[1653.430s][debug][gc,phases      ] GC(35)     Total                          Min: 0, Avg:  0.0, Max: 0, Diff: 0, Sum: 0, Workers: 4
[1653.430s][debug][gc,phases      ] GC(35)   StringDedup Requests1 Weak     Min:  0.0, Avg:  0.0, Max:  0.0, Diff:  0.0, Sum:  0.0, Workers: 4
[1653.430s][debug][gc,phases      ] GC(35)     Dead                           Min: 0, Avg:  0.0, Max: 0, Diff: 0, Sum: 0, Workers: 4
[1653.430s][debug][gc,phases      ] GC(35)     Total                          Min: 0, Avg:  0.0, Max: 0, Diff: 0, Sum: 0, Workers: 4
[1653.430s][debug][gc,phases      ] GC(35)   Weak JFR Old Object Samples    Min:  0.0, Avg:  0.0, Max:  0.0, Diff:  0.0, Sum:  0.0, Workers: 4
[1653.430s][debug][gc,phases      ] GC(35)     Dead                           Min: 0, Avg:  0.0, Max: 0, Diff: 0, Sum: 0, Workers: 4
[1653.430s][debug][gc,phases      ] GC(35)     Total                          Min: 0, Avg:  0.0, Max: 0, Diff: 0, Sum: 0, Workers: 4
[1653.430s][debug][gc,phases      ] GC(35) Weak Processing 0.378ms
[1653.430s][debug][gc,age         ] GC(35) Desired survivor size 96993280 bytes, new threshold 1 (max threshold 15)
[1653.430s][info ][gc,heap        ] GC(35) PSYoungGen: 1899392K(1997312K)->4880K(1991168K) Eden: 1891328K(1891328K)->0K(1891328K) From: 8064K(105984K)->4880K(99840K)
[1653.430s][info ][gc,heap        ] GC(35) ParOldGen: 316359K(316416K)->321796K(322048K)
[1653.430s][info ][gc,metaspace   ] GC(35) Metaspace: 105948K(107200K)->105948K(107200K) NonClass: 89955K(90688K)->89955K(90688K) Class: 15992K(16512K)->15992K(16512K)
[1653.430s][info ][gc             ] GC(35) Pause Young (Allocation Failure) 2163M->319M(2259M) 6.929ms
[1653.430s][info ][gc,cpu         ] GC(35) User=0.02s Sys=0.00s Real=0.01s
[1653.430s][info ][safepoint      ] Safepoint "ParallelGCFailedAllocation", Time since last: 6853777762 ns, Reaching safepoint: 76100 ns, Cleanup: 3300 ns, At safepoint: 6995302 ns, Total: 7074702 ns
[1654.430s][info ][safepoint      ] Safepoint "Cleanup", Time since last: 1000096416 ns, Reaching safepoint: 6600 ns, Cleanup: 18700 ns, At safepoint: 2100 ns, Total: 27400 ns
[1655.430s][info ][safepoint      ] Safepoint "Cleanup", Time since last: 1000112980 ns, Reaching safepoint: 6000 ns, Cleanup: 9600 ns, At safepoint: 2100 ns, Total: 17700 ns
[1665.431s][info ][safepoint      ] Safepoint "Cleanup", Time since last: 10000766731 ns, Reaching safepoint: 6300 ns, Cleanup: 11800 ns, At safepoint: 2000 ns, Total: 20100 ns
[1667.431s][info ][safepoint      ] Safepoint "Cleanup", Time since last: 2000182795 ns, Reaching safepoint: 6400 ns, Cleanup: 9600 ns, At safepoint: 2600 ns, Total: 18600 ns
[1670.431s][info ][safepoint      ] Safepoint "Cleanup", Time since last: 3000252390 ns, Reaching safepoint: 5800 ns, Cleanup: 17400 ns, At safepoint: 1900 ns, Total: 25100 ns
[1671.431s][info ][safepoint      ] Safepoint "Cleanup", Time since last: 1000110123 ns, Reaching safepoint: 4800 ns, Cleanup: 11400 ns, At safepoint: 1900 ns, Total: 18100 ns
[1673.432s][info ][safepoint      ] Safepoint "Cleanup", Time since last: 2000173097 ns, Reaching safepoint: 5800 ns, Cleanup: 9200 ns, At safepoint: 2100 ns, Total: 17100 ns
[1675.432s][info ][safepoint      ] Safepoint "Cleanup", Time since last: 2000218034 ns, Reaching safepoint: 5600 ns, Cleanup: 8700 ns, At safepoint: 2200 ns, Total: 16500 ns
[1676.432s][info ][safepoint      ] Safepoint "Cleanup", Time since last: 1000111079 ns, Reaching safepoint: 150200 ns, Cleanup: 11600 ns, At safepoint: 6400 ns, Total: 168200 ns
[1677.432s][info ][safepoint      ] Safepoint "Cleanup", Time since last: 1000106479 ns, Reaching safepoint: 5600 ns, Cleanup: 9400 ns, At safepoint: 2100 ns, Total: 17100 ns
[1683.584s][info ][safepoint      ] Safepoint "Cleanup", Time since last: 6151702638 ns, Reaching safepoint: 6800 ns, Cleanup: 9600 ns, At safepoint: 2000 ns, Total: 18400 ns
[1687.584s][info ][safepoint      ] Safepoint "Cleanup", Time since last: 4000329843 ns, Reaching safepoint: 5800 ns, Cleanup: 8500 ns, At safepoint: 1800 ns, Total: 16100 ns
[1688.584s][info ][safepoint      ] Safepoint "Cleanup", Time since last: 1000110206 ns, Reaching safepoint: 6800 ns, Cleanup: 17200 ns, At safepoint: 2100 ns, Total: 26100 ns
[1689.585s][info ][safepoint      ] Safepoint "Cleanup", Time since last: 1000113605 ns, Reaching safepoint: 6300 ns, Cleanup: 9200 ns, At safepoint: 2100 ns, Total: 17600 ns
[1691.585s][info ][safepoint      ] Safepoint "Cleanup", Time since last: 2000184810 ns, Reaching safepoint: 6400 ns, Cleanup: 9200 ns, At safepoint: 2100 ns, Total: 17700 ns
[1692.585s][info ][safepoint      ] Safepoint "Cleanup", Time since last: 1000107205 ns, Reaching safepoint: 6300 ns, Cleanup: 9300 ns, At safepoint: 1800 ns, Total: 17400 ns
[1694.585s][info ][safepoint      ] Safepoint "Cleanup", Time since last: 2000170710 ns, Reaching safepoint: 5800 ns, Cleanup: 10400 ns, At safepoint: 1900 ns, Total: 18100 ns
[1697.585s][info ][safepoint      ] Safepoint "Cleanup", Time since last: 3000241740 ns, Reaching safepoint: 6500 ns, Cleanup: 21900 ns, At safepoint: 1800 ns, Total: 30200 ns
[1698.585s][info ][safepoint      ] Safepoint "Cleanup", Time since last: 1000107818 ns, Reaching safepoint: 5800 ns, Cleanup: 19200 ns, At safepoint: 1800 ns, Total: 26800 ns
[1699.586s][info ][safepoint      ] Safepoint "Cleanup", Time since last: 1000113518 ns, Reaching safepoint: 6400 ns, Cleanup: 37500 ns, At safepoint: 2600 ns, Total: 46500 ns
[1702.586s][info ][safepoint      ] Safepoint "Cleanup", Time since last: 3000244055 ns, Reaching safepoint: 6400 ns, Cleanup: 16400 ns, At safepoint: 2000 ns, Total: 24800 ns
[1704.586s][info ][safepoint      ] Safepoint "Cleanup", Time since last: 2000175642 ns, Reaching safepoint: 6100 ns, Cleanup: 10300 ns, At safepoint: 1800 ns, Total: 18200 ns
[1707.586s][info ][safepoint      ] Safepoint "Cleanup", Time since last: 3000250781 ns, Reaching safepoint: 6400 ns, Cleanup: 10700 ns, At safepoint: 2400 ns, Total: 19500 ns
[1710.587s][info ][safepoint      ] Safepoint "Cleanup", Time since last: 3000252560 ns, Reaching safepoint: 5700 ns, Cleanup: 9900 ns, At safepoint: 2000 ns, Total: 17600 ns
[1712.672s][info ][gc,start       ] GC(36) Pause Young (Allocation Failure)
[1712.676s][debug][gc,phases      ] GC(36) Scavenge 4.166ms
[1712.676s][debug][gc,ref         ] GC(36) ReferenceProcessor::execute queues: 1, RefProcThreadModel::Single, marks_oops_alive: false
[1712.676s][debug][gc,ref         ] GC(36) Skipped KeepAliveFinalRefsPhase of Reference Processing: no references
[1712.676s][debug][gc,ref         ] GC(36) ReferenceProcessor::execute queues: 1, RefProcThreadModel::Single, marks_oops_alive: false
[1712.676s][debug][gc,phases      ] GC(36) Reference Processing 0.096ms
[1712.677s][debug][gc,phases      ] GC(36)   VM Weak                        Min:  0.0, Avg:  0.0, Max:  0.0, Diff:  0.0, Sum:  0.0, Workers: 4
[1712.677s][debug][gc,phases      ] GC(36)     Dead                           Min: 0, Avg:  0.0, Max: 0, Diff: 0, Sum: 0, Workers: 4
[1712.677s][debug][gc,phases      ] GC(36)     Total                          Min: 0, Avg: 238.0, Max: 512, Diff: 512, Sum: 952, Workers: 4
[1712.677s][debug][gc,phases      ] GC(36)   ObjectSynchronizer Weak        Min:  0.0, Avg:  0.0, Max:  0.0, Diff:  0.0, Sum:  0.0, Workers: 4
[1712.677s][debug][gc,phases      ] GC(36)     Dead                           Min: 0, Avg:  0.0, Max: 0, Diff: 0, Sum: 0, Workers: 4
[1712.677s][debug][gc,phases      ] GC(36)     Total                          Min: 0, Avg:  1.0, Max: 4, Diff: 4, Sum: 4, Workers: 4
[1712.677s][debug][gc,phases      ] GC(36)   JVMTI Tag Weak OopStorage      Min:  0.0, Avg:  0.0, Max:  0.0, Diff:  0.0, Sum:  0.0, Workers: 4
[1712.677s][debug][gc,phases      ] GC(36)     Dead                           Min: 0, Avg:  0.0, Max: 0, Diff: 0, Sum: 0, Workers: 4
[1712.677s][debug][gc,phases      ] GC(36)     Total                          Min: 0, Avg:  0.0, Max: 0, Diff: 0, Sum: 0, Workers: 4
[1712.677s][debug][gc,phases      ] GC(36)   StringTable Weak               Min:  0.0, Avg:  0.1, Max:  0.1, Diff:  0.1, Sum:  0.4, Workers: 4
[1712.677s][debug][gc,phases      ] GC(36)     Dead                           Min: 0, Avg:  0.0, Max: 0, Diff: 0, Sum: 0, Workers: 4
[1712.677s][debug][gc,phases      ] GC(36)     Total                          Min: 0, Avg: 11549.2, Max: 20480, Diff: 20480, Sum: 46197, Workers: 4
[1712.677s][debug][gc,phases      ] GC(36)   ResolvedMethodTable Weak       Min:  0.0, Avg:  0.0, Max:  0.0, Diff:  0.0, Sum:  0.1, Workers: 4
[1712.677s][debug][gc,phases      ] GC(36)     Dead                           Min: 0, Avg:  4.0, Max: 9, Diff: 9, Sum: 16, Workers: 4
[1712.677s][debug][gc,phases      ] GC(36)     Total                          Min: 0, Avg: 3769.2, Max: 6445, Diff: 6445, Sum: 15077, Workers: 4
[1712.677s][debug][gc,phases      ] GC(36)   JNI Weak                       Min:  0.0, Avg:  0.0, Max:  0.0, Diff:  0.0, Sum:  0.0, Workers: 4
[1712.677s][debug][gc,phases      ] GC(36)     Dead                           Min: 0, Avg:  0.0, Max: 0, Diff: 0, Sum: 0, Workers: 4
[1712.677s][debug][gc,phases      ] GC(36)     Total                          Min: 0, Avg: 13.0, Max: 52, Diff: 52, Sum: 52, Workers: 4
[1712.677s][debug][gc,phases      ] GC(36)   StringDedup Table Weak         Min:  0.0, Avg:  0.0, Max:  0.0, Diff:  0.0, Sum:  0.0, Workers: 4
[1712.677s][debug][gc,phases      ] GC(36)     Dead                           Min: 0, Avg:  0.0, Max: 0, Diff: 0, Sum: 0, Workers: 4
[1712.677s][debug][gc,phases      ] GC(36)     Total                          Min: 0, Avg:  0.0, Max: 0, Diff: 0, Sum: 0, Workers: 4
[1712.677s][debug][gc,phases      ] GC(36)   StringDedup Requests0 Weak     Min:  0.0, Avg:  0.0, Max:  0.0, Diff:  0.0, Sum:  0.0, Workers: 4
[1712.677s][debug][gc,phases      ] GC(36)     Dead                           Min: 0, Avg:  0.0, Max: 0, Diff: 0, Sum: 0, Workers: 4
[1712.677s][debug][gc,phases      ] GC(36)     Total                          Min: 0, Avg:  0.0, Max: 0, Diff: 0, Sum: 0, Workers: 4
[1712.677s][debug][gc,phases      ] GC(36)   StringDedup Requests1 Weak     Min:  0.0, Avg:  0.0, Max:  0.0, Diff:  0.0, Sum:  0.0, Workers: 4
[1712.677s][debug][gc,phases      ] GC(36)     Dead                           Min: 0, Avg:  0.0, Max: 0, Diff: 0, Sum: 0, Workers: 4
[1712.677s][debug][gc,phases      ] GC(36)     Total                          Min: 0, Avg:  0.0, Max: 0, Diff: 0, Sum: 0, Workers: 4
[1712.677s][debug][gc,phases      ] GC(36)   Weak JFR Old Object Samples    Min:  0.0, Avg:  0.0, Max:  0.0, Diff:  0.0, Sum:  0.0, Workers: 4
[1712.677s][debug][gc,phases      ] GC(36)     Dead                           Min: 0, Avg:  0.0, Max: 0, Diff: 0, Sum: 0, Workers: 4
[1712.677s][debug][gc,phases      ] GC(36)     Total                          Min: 0, Avg:  0.0, Max: 0, Diff: 0, Sum: 0, Workers: 4
[1712.677s][debug][gc,phases      ] GC(36) Weak Processing 0.357ms
[1712.677s][debug][gc,age         ] GC(36) Desired survivor size 91750400 bytes, new threshold 1 (max threshold 15)
[1712.677s][info ][gc,heap        ] GC(36) PSYoungGen: 1896208K(1991168K)->4368K(2007552K) Eden: 1891328K(1891328K)->0K(1912832K) From: 4880K(99840K)->4368K(94720K)
[1712.677s][info ][gc,heap        ] GC(36) ParOldGen: 321796K(322048K)->323560K(323584K)
[1712.677s][info ][gc,metaspace   ] GC(36) Metaspace: 105966K(107200K)->105966K(107200K) NonClass: 89970K(90688K)->89970K(90688K) Class: 15995K(16512K)->15995K(16512K)
[1712.677s][info ][gc             ] GC(36) Pause Young (Allocation Failure) 2166M->320M(2276M) 4.727ms
[1712.677s][info ][gc,cpu         ] GC(36) User=0.02s Sys=0.00s Real=0.01s
[1712.677s][info ][safepoint      ] Safepoint "ParallelGCFailedAllocation", Time since last: 2085363910 ns, Reaching safepoint: 6500 ns, Cleanup: 3300 ns, At safepoint: 4785984 ns, Total: 4795784 ns
[1714.677s][info ][safepoint      ] Safepoint "Cleanup", Time since last: 2000155010 ns, Reaching safepoint: 6000 ns, Cleanup: 9000 ns, At safepoint: 2099 ns, Total: 17099 ns
[1716.677s][info ][safepoint      ] Safepoint "Cleanup", Time since last: 2000178706 ns, Reaching safepoint: 5500 ns, Cleanup: 13400 ns, At safepoint: 1800 ns, Total: 20700 ns
[1717.677s][info ][safepoint      ] Safepoint "Cleanup", Time since last: 1000108627 ns, Reaching safepoint: 6600 ns, Cleanup: 9600 ns, At safepoint: 23100 ns, Total: 39300 ns
[1720.678s][info ][safepoint      ] Safepoint "Cleanup", Time since last: 3000240362 ns, Reaching safepoint: 75000 ns, Cleanup: 8800 ns, At safepoint: 5800 ns, Total: 89600 ns
[1730.678s][info ][safepoint      ] Safepoint "Cleanup", Time since last: 10000765287 ns, Reaching safepoint: 6700 ns, Cleanup: 9800 ns, At safepoint: 2200 ns, Total: 18700 ns
[1736.679s][info ][safepoint      ] Safepoint "Cleanup", Time since last: 6000479006 ns, Reaching safepoint: 5900 ns, Cleanup: 9500 ns, At safepoint: 2200 ns, Total: 17600 ns
[1737.679s][info ][safepoint      ] Safepoint "Cleanup", Time since last: 1000115718 ns, Reaching safepoint: 5800 ns, Cleanup: 15700 ns, At safepoint: 2400 ns, Total: 23900 ns
[1739.679s][info ][safepoint      ] Safepoint "Cleanup", Time since last: 2000182735 ns, Reaching safepoint: 5700 ns, Cleanup: 19600 ns, At safepoint: 2100 ns, Total: 27400 ns
[1742.601s][info ][safepoint      ] Safepoint "Cleanup", Time since last: 2921353166 ns, Reaching safepoint: 6700 ns, Cleanup: 15000 ns, At safepoint: 1999 ns, Total: 23699 ns
[1745.601s][info ][safepoint      ] Safepoint "Cleanup", Time since last: 3000253189 ns, Reaching safepoint: 6300 ns, Cleanup: 9100 ns, At safepoint: 2300 ns, Total: 17700 ns
[1746.601s][info ][safepoint      ] Safepoint "Cleanup", Time since last: 1000123083 ns, Reaching safepoint: 6100 ns, Cleanup: 19200 ns, At safepoint: 2400 ns, Total: 27700 ns
[1747.601s][info ][safepoint      ] Safepoint "Cleanup", Time since last: 1000114084 ns, Reaching safepoint: 6600 ns, Cleanup: 12900 ns, At safepoint: 2200 ns, Total: 21700 ns
[1750.601s][info ][safepoint      ] Safepoint "Cleanup", Time since last: 3000260151 ns, Reaching safepoint: 6000 ns, Cleanup: 10000 ns, At safepoint: 2000 ns, Total: 18000 ns
[1752.602s][info ][safepoint      ] Safepoint "Cleanup", Time since last: 2000188338 ns, Reaching safepoint: 6400 ns, Cleanup: 13699 ns, At safepoint: 2300 ns, Total: 22399 ns
[1753.602s][info ][safepoint      ] Safepoint "Cleanup", Time since last: 1000117288 ns, Reaching safepoint: 7200 ns, Cleanup: 10600 ns, At safepoint: 2400 ns, Total: 20200 ns
[1755.602s][info ][safepoint      ] Safepoint "Cleanup", Time since last: 2000182676 ns, Reaching safepoint: 6200 ns, Cleanup: 9500 ns, At safepoint: 1900 ns, Total: 17600 ns
[1757.602s][info ][safepoint      ] Safepoint "Cleanup", Time since last: 2000186075 ns, Reaching safepoint: 6700 ns, Cleanup: 11200 ns, At safepoint: 2600 ns, Total: 20500 ns
[1759.602s][info ][safepoint      ] Safepoint "Cleanup", Time since last: 2000186521 ns, Reaching safepoint: 5700 ns, Cleanup: 9300 ns, At safepoint: 2000 ns, Total: 17000 ns
[1760.603s][info ][safepoint      ] Safepoint "Cleanup", Time since last: 1000112432 ns, Reaching safepoint: 6500 ns, Cleanup: 14200 ns, At safepoint: 2000 ns, Total: 22700 ns
[1761.603s][info ][safepoint      ] Safepoint "Cleanup", Time since last: 1000129731 ns, Reaching safepoint: 6500 ns, Cleanup: 10600 ns, At safepoint: 1900 ns, Total: 19000 ns
[1765.603s][info ][safepoint      ] Safepoint "Cleanup", Time since last: 4000369728 ns, Reaching safepoint: 5100 ns, Cleanup: 9000 ns, At safepoint: 2100 ns, Total: 16200 ns
[1766.603s][info ][safepoint      ] Safepoint "Cleanup", Time since last: 1000125832 ns, Reaching safepoint: 6900 ns, Cleanup: 10900 ns, At safepoint: 2300 ns, Total: 20100 ns
[1766.729s][info ][gc,start       ] GC(37) Pause Young (Allocation Failure)
[1766.736s][debug][gc,phases      ] GC(37) Scavenge 6.641ms
[1766.736s][debug][gc,ref         ] GC(37) ReferenceProcessor::execute queues: 1, RefProcThreadModel::Single, marks_oops_alive: false
[1766.736s][debug][gc,ref         ] GC(37) Skipped KeepAliveFinalRefsPhase of Reference Processing: no references
[1766.736s][debug][gc,ref         ] GC(37) ReferenceProcessor::execute queues: 1, RefProcThreadModel::Single, marks_oops_alive: false
[1766.736s][debug][gc,phases      ] GC(37) Reference Processing 0.098ms
[1766.736s][debug][gc,phases      ] GC(37)   VM Weak                        Min:  0.0, Avg:  0.0, Max:  0.0, Diff:  0.0, Sum:  0.0, Workers: 4
[1766.736s][debug][gc,phases      ] GC(37)     Dead                           Min: 0, Avg:  0.0, Max: 0, Diff: 0, Sum: 0, Workers: 4
[1766.736s][debug][gc,phases      ] GC(37)     Total                          Min: 0, Avg: 238.0, Max: 632, Diff: 632, Sum: 952, Workers: 4
[1766.736s][debug][gc,phases      ] GC(37)   ObjectSynchronizer Weak        Min:  0.0, Avg:  0.0, Max:  0.0, Diff:  0.0, Sum:  0.0, Workers: 4
[1766.736s][debug][gc,phases      ] GC(37)     Dead                           Min: 0, Avg:  0.0, Max: 0, Diff: 0, Sum: 0, Workers: 4
[1766.736s][debug][gc,phases      ] GC(37)     Total                          Min: 0, Avg:  1.0, Max: 4, Diff: 4, Sum: 4, Workers: 4
[1766.736s][debug][gc,phases      ] GC(37)   JVMTI Tag Weak OopStorage      Min:  0.0, Avg:  0.0, Max:  0.0, Diff:  0.0, Sum:  0.0, Workers: 4
[1766.736s][debug][gc,phases      ] GC(37)     Dead                           Min: 0, Avg:  0.0, Max: 0, Diff: 0, Sum: 0, Workers: 4
[1766.736s][debug][gc,phases      ] GC(37)     Total                          Min: 0, Avg:  0.0, Max: 0, Diff: 0, Sum: 0, Workers: 4
[1766.736s][debug][gc,phases      ] GC(37)   StringTable Weak               Min:  0.0, Avg:  0.1, Max:  0.1, Diff:  0.1, Sum:  0.4, Workers: 4
[1766.736s][debug][gc,phases      ] GC(37)     Dead                           Min: 0, Avg:  0.2, Max: 1, Diff: 1, Sum: 1, Workers: 4
[1766.736s][debug][gc,phases      ] GC(37)     Total                          Min: 0, Avg: 11553.8, Max: 19783, Diff: 19783, Sum: 46215, Workers: 4
[1766.736s][debug][gc,phases      ] GC(37)   ResolvedMethodTable Weak       Min:  0.0, Avg:  0.0, Max:  0.0, Diff:  0.0, Sum:  0.1, Workers: 4
[1766.736s][debug][gc,phases      ] GC(37)     Dead                           Min: 0, Avg:  5.0, Max: 9, Diff: 9, Sum: 20, Workers: 4
[1766.736s][debug][gc,phases      ] GC(37)     Total                          Min: 0, Avg: 3775.8, Max: 6418, Diff: 6418, Sum: 15103, Workers: 4
[1766.736s][debug][gc,phases      ] GC(37)   JNI Weak                       Min:  0.0, Avg:  0.0, Max:  0.0, Diff:  0.0, Sum:  0.0, Workers: 4
[1766.736s][debug][gc,phases      ] GC(37)     Dead                           Min: 0, Avg:  0.0, Max: 0, Diff: 0, Sum: 0, Workers: 4
[1766.736s][debug][gc,phases      ] GC(37)     Total                          Min: 0, Avg: 13.0, Max: 52, Diff: 52, Sum: 52, Workers: 4
[1766.736s][debug][gc,phases      ] GC(37)   StringDedup Table Weak         Min:  0.0, Avg:  0.0, Max:  0.0, Diff:  0.0, Sum:  0.0, Workers: 4
[1766.736s][debug][gc,phases      ] GC(37)     Dead                           Min: 0, Avg:  0.0, Max: 0, Diff: 0, Sum: 0, Workers: 4
[1766.736s][debug][gc,phases      ] GC(37)     Total                          Min: 0, Avg:  0.0, Max: 0, Diff: 0, Sum: 0, Workers: 4
[1766.736s][debug][gc,phases      ] GC(37)   StringDedup Requests0 Weak     Min:  0.0, Avg:  0.0, Max:  0.0, Diff:  0.0, Sum:  0.0, Workers: 4
[1766.736s][debug][gc,phases      ] GC(37)     Dead                           Min: 0, Avg:  0.0, Max: 0, Diff: 0, Sum: 0, Workers: 4
[1766.736s][debug][gc,phases      ] GC(37)     Total                          Min: 0, Avg:  0.0, Max: 0, Diff: 0, Sum: 0, Workers: 4
[1766.736s][debug][gc,phases      ] GC(37)   StringDedup Requests1 Weak     Min:  0.0, Avg:  0.0, Max:  0.0, Diff:  0.0, Sum:  0.0, Workers: 4
[1766.736s][debug][gc,phases      ] GC(37)     Dead                           Min: 0, Avg:  0.0, Max: 0, Diff: 0, Sum: 0, Workers: 4
[1766.736s][debug][gc,phases      ] GC(37)     Total                          Min: 0, Avg:  0.0, Max: 0, Diff: 0, Sum: 0, Workers: 4
[1766.736s][debug][gc,phases      ] GC(37)   Weak JFR Old Object Samples    Min:  0.0, Avg:  0.0, Max:  0.0, Diff:  0.0, Sum:  0.0, Workers: 4
[1766.736s][debug][gc,phases      ] GC(37)     Dead                           Min: 0, Avg:  0.0, Max: 0, Diff: 0, Sum: 0, Workers: 4
[1766.736s][debug][gc,phases      ] GC(37)     Total                          Min: 0, Avg:  0.0, Max: 0, Diff: 0, Sum: 0, Workers: 4
[1766.736s][debug][gc,phases      ] GC(37) Weak Processing 0.343ms
[1766.736s][debug][gc,age         ] GC(37) Desired survivor size 84934656 bytes, new threshold 1 (max threshold 15)
[1766.737s][info ][gc,heap        ] GC(37) PSYoungGen: 1917200K(2007552K)->11145K(2002432K) Eden: 1912832K(1912832K)->0K(1912832K) From: 4368K(94720K)->11145K(89600K)
[1766.737s][info ][gc,heap        ] GC(37) ParOldGen: 323560K(323584K)->324910K(325120K)
[1766.737s][info ][gc,metaspace   ] GC(37) Metaspace: 106018K(107328K)->106018K(107328K) NonClass: 90014K(90752K)->90014K(90752K) Class: 16004K(16576K)->16004K(16576K)
[1766.737s][info ][gc             ] GC(37) Pause Young (Allocation Failure) 2188M->328M(2273M) 7.198ms
[1766.737s][info ][gc,cpu         ] GC(37) User=0.03s Sys=0.00s Real=0.01s
[1766.737s][info ][safepoint      ] Safepoint "ParallelGCFailedAllocation", Time since last: 126062139 ns, Reaching safepoint: 5700 ns, Cleanup: 3900 ns, At safepoint: 7278785 ns, Total: 7288385 ns
[1768.737s][info ][safepoint      ] Safepoint "Cleanup", Time since last: 2000136223 ns, Reaching safepoint: 7400 ns, Cleanup: 10900 ns, At safepoint: 2200 ns, Total: 20500 ns
[1770.737s][info ][safepoint      ] Safepoint "Cleanup", Time since last: 2000175960 ns, Reaching safepoint: 6700 ns, Cleanup: 17300 ns, At safepoint: 1900 ns, Total: 25900 ns
[1781.738s][info ][safepoint      ] Safepoint "Cleanup", Time since last: 11000816607 ns, Reaching safepoint: 6200 ns, Cleanup: 8300 ns, At safepoint: 2400 ns, Total: 16900 ns
[1783.738s][info ][safepoint      ] Safepoint "Cleanup", Time since last: 2000190421 ns, Reaching safepoint: 7600 ns, Cleanup: 10200 ns, At safepoint: 2500 ns, Total: 20300 ns
[1794.739s][info ][safepoint      ] Safepoint "Cleanup", Time since last: 11000817794 ns, Reaching safepoint: 6600 ns, Cleanup: 15000 ns, At safepoint: 1700 ns, Total: 23300 ns
[1795.739s][info ][safepoint      ] Safepoint "Cleanup", Time since last: 1000107041 ns, Reaching safepoint: 5500 ns, Cleanup: 10299 ns, At safepoint: 1600 ns, Total: 17399 ns
[1797.739s][info ][safepoint      ] Safepoint "Cleanup", Time since last: 2000184382 ns, Reaching safepoint: 6300 ns, Cleanup: 12500 ns, At safepoint: 2100 ns, Total: 20900 ns
[1799.739s][info ][safepoint      ] Safepoint "Cleanup", Time since last: 2000183932 ns, Reaching safepoint: 5700 ns, Cleanup: 9300 ns, At safepoint: 1900 ns, Total: 16900 ns
[1801.619s][info ][safepoint      ] Safepoint "Cleanup", Time since last: 1879515057 ns, Reaching safepoint: 289499 ns, Cleanup: 32000 ns, At safepoint: 6000 ns, Total: 327499 ns
[1803.619s][info ][safepoint      ] Safepoint "Cleanup", Time since last: 2000168581 ns, Reaching safepoint: 79000 ns, Cleanup: 19100 ns, At safepoint: 6300 ns, Total: 104400 ns
[1805.620s][info ][safepoint      ] Safepoint "Cleanup", Time since last: 2000179581 ns, Reaching safepoint: 215799 ns, Cleanup: 14000 ns, At safepoint: 6200 ns, Total: 235999 ns
[1806.620s][info ][safepoint      ] Safepoint "Cleanup", Time since last: 1000105591 ns, Reaching safepoint: 116299 ns, Cleanup: 11000 ns, At safepoint: 6400 ns, Total: 133699 ns
[1807.620s][info ][safepoint      ] Safepoint "Cleanup", Time since last: 1000100946 ns, Reaching safepoint: 78300 ns, Cleanup: 9100 ns, At safepoint: 6300 ns, Total: 93700 ns
[1808.621s][info ][safepoint      ] Safepoint "Cleanup", Time since last: 1000114509 ns, Reaching safepoint: 80999 ns, Cleanup: 12500 ns, At safepoint: 6200 ns, Total: 99699 ns
[1810.621s][info ][safepoint      ] Safepoint "Cleanup", Time since last: 2000728116 ns, Reaching safepoint: 85300 ns, Cleanup: 17199 ns, At safepoint: 5300 ns, Total: 107799 ns
[1811.622s][info ][safepoint      ] Safepoint "Cleanup", Time since last: 1000111609 ns, Reaching safepoint: 85300 ns, Cleanup: 82300 ns, At safepoint: 7199 ns, Total: 174799 ns
[1812.622s][info ][safepoint      ] Safepoint "Cleanup", Time since last: 1000149909 ns, Reaching safepoint: 77700 ns, Cleanup: 8300 ns, At safepoint: 6000 ns, Total: 92000 ns
[1813.622s][info ][safepoint      ] Safepoint "Cleanup", Time since last: 1000111508 ns, Reaching safepoint: 77200 ns, Cleanup: 19900 ns, At safepoint: 6200 ns, Total: 103300 ns
[1814.622s][info ][safepoint      ] Safepoint "Cleanup", Time since last: 1000104608 ns, Reaching safepoint: 77300 ns, Cleanup: 9300 ns, At safepoint: 6400 ns, Total: 93000 ns
[1815.470s][info ][gc,start       ] GC(38) Pause Young (Allocation Failure)
[1815.481s][debug][gc,phases      ] GC(38) Scavenge 10.455ms
[1815.481s][debug][gc,ref         ] GC(38) ReferenceProcessor::execute queues: 1, RefProcThreadModel::Single, marks_oops_alive: false
[1815.481s][debug][gc,ref         ] GC(38) Skipped KeepAliveFinalRefsPhase of Reference Processing: no references
[1815.481s][debug][gc,ref         ] GC(38) ReferenceProcessor::execute queues: 1, RefProcThreadModel::Single, marks_oops_alive: false
[1815.481s][debug][gc,phases      ] GC(38) Reference Processing 0.099ms
[1815.481s][debug][gc,phases      ] GC(38)   VM Weak                        Min:  0.0, Avg:  0.0, Max:  0.0, Diff:  0.0, Sum:  0.0, Workers: 4
[1815.481s][debug][gc,phases      ] GC(38)     Dead                           Min: 0, Avg:  0.0, Max: 0, Diff: 0, Sum: 0, Workers: 4
[1815.481s][debug][gc,phases      ] GC(38)     Total                          Min: 0, Avg: 238.0, Max: 704, Diff: 704, Sum: 952, Workers: 4
[1815.481s][debug][gc,phases      ] GC(38)   ObjectSynchronizer Weak        Min:  0.0, Avg:  0.0, Max:  0.0, Diff:  0.0, Sum:  0.0, Workers: 4
[1815.481s][debug][gc,phases      ] GC(38)     Dead                           Min: 0, Avg:  0.0, Max: 0, Diff: 0, Sum: 0, Workers: 4
[1815.481s][debug][gc,phases      ] GC(38)     Total                          Min: 0, Avg:  1.0, Max: 4, Diff: 4, Sum: 4, Workers: 4
[1815.481s][debug][gc,phases      ] GC(38)   JVMTI Tag Weak OopStorage      Min:  0.0, Avg:  0.0, Max:  0.0, Diff:  0.0, Sum:  0.0, Workers: 4
[1815.481s][debug][gc,phases      ] GC(38)     Dead                           Min: 0, Avg:  0.0, Max: 0, Diff: 0, Sum: 0, Workers: 4
[1815.481s][debug][gc,phases      ] GC(38)     Total                          Min: 0, Avg:  0.0, Max: 0, Diff: 0, Sum: 0, Workers: 4
[1815.481s][debug][gc,phases      ] GC(38)   StringTable Weak               Min:  0.0, Avg:  0.1, Max:  0.2, Diff:  0.1, Sum:  0.4, Workers: 4
[1815.481s][debug][gc,phases      ] GC(38)     Dead                           Min: 0, Avg:  0.5, Max: 2, Diff: 2, Sum: 2, Workers: 4
[1815.481s][debug][gc,phases      ] GC(38)     Total                          Min: 0, Avg: 11562.8, Max: 16063, Diff: 16063, Sum: 46251, Workers: 4
[1815.481s][debug][gc,phases      ] GC(38)   ResolvedMethodTable Weak       Min:  0.0, Avg:  0.0, Max:  0.1, Diff:  0.1, Sum:  0.2, Workers: 4
[1815.481s][debug][gc,phases      ] GC(38)     Dead                           Min: 0, Avg:  9.2, Max: 30, Diff: 30, Sum: 37, Workers: 4
[1815.481s][debug][gc,phases      ] GC(38)     Total                          Min: 0, Avg: 3788.5, Max: 5456, Diff: 5456, Sum: 15154, Workers: 4
[1815.481s][debug][gc,phases      ] GC(38)   JNI Weak                       Min:  0.0, Avg:  0.0, Max:  0.0, Diff:  0.0, Sum:  0.0, Workers: 4
[1815.481s][debug][gc,phases      ] GC(38)     Dead                           Min: 0, Avg:  0.0, Max: 0, Diff: 0, Sum: 0, Workers: 4
[1815.481s][debug][gc,phases      ] GC(38)     Total                          Min: 0, Avg: 13.0, Max: 52, Diff: 52, Sum: 52, Workers: 4
[1815.481s][debug][gc,phases      ] GC(38)   StringDedup Table Weak         Min:  0.0, Avg:  0.0, Max:  0.0, Diff:  0.0, Sum:  0.0, Workers: 4
[1815.481s][debug][gc,phases      ] GC(38)     Dead                           Min: 0, Avg:  0.0, Max: 0, Diff: 0, Sum: 0, Workers: 4
[1815.481s][debug][gc,phases      ] GC(38)     Total                          Min: 0, Avg:  0.0, Max: 0, Diff: 0, Sum: 0, Workers: 4
[1815.481s][debug][gc,phases      ] GC(38)   StringDedup Requests0 Weak     Min:  0.0, Avg:  0.0, Max:  0.0, Diff:  0.0, Sum:  0.0, Workers: 4
[1815.481s][debug][gc,phases      ] GC(38)     Dead                           Min: 0, Avg:  0.0, Max: 0, Diff: 0, Sum: 0, Workers: 4
[1815.481s][debug][gc,phases      ] GC(38)     Total                          Min: 0, Avg:  0.0, Max: 0, Diff: 0, Sum: 0, Workers: 4
[1815.481s][debug][gc,phases      ] GC(38)   StringDedup Requests1 Weak     Min:  0.0, Avg:  0.0, Max:  0.0, Diff:  0.0, Sum:  0.0, Workers: 4
[1815.481s][debug][gc,phases      ] GC(38)     Dead                           Min: 0, Avg:  0.0, Max: 0, Diff: 0, Sum: 0, Workers: 4
[1815.481s][debug][gc,phases      ] GC(38)     Total                          Min: 0, Avg:  0.0, Max: 0, Diff: 0, Sum: 0, Workers: 4
[1815.481s][debug][gc,phases      ] GC(38)   Weak JFR Old Object Samples    Min:  0.0, Avg:  0.0, Max:  0.0, Diff:  0.0, Sum:  0.0, Workers: 4
[1815.482s][debug][gc,phases      ] GC(38)     Dead                           Min: 0, Avg:  0.0, Max: 0, Diff: 0, Sum: 0, Workers: 4
[1815.482s][debug][gc,phases      ] GC(38)     Total                          Min: 0, Avg:  0.0, Max: 0, Diff: 0, Sum: 0, Workers: 4
[1815.482s][debug][gc,phases      ] GC(38) Weak Processing 0.399ms
[1815.482s][debug][gc,age         ] GC(38) Desired survivor size 78643200 bytes, new threshold 1 (max threshold 15)
[1815.482s][info ][gc,heap        ] GC(38) PSYoungGen: 1923977K(2002432K)->13936K(2020352K) Eden: 1912832K(1912832K)->0K(1937408K) From: 11145K(89600K)->13936K(82944K)
[1815.482s][info ][gc,heap        ] GC(38) ParOldGen: 324910K(325120K)->333876K(334336K)
[1815.482s][info ][gc,metaspace   ] GC(38) Metaspace: 106138K(107392K)->106138K(107392K) NonClass: 90116K(90816K)->90116K(90816K) Class: 16021K(16576K)->16021K(16576K)
[1815.482s][info ][gc             ] GC(38) Pause Young (Allocation Failure) 2196M->339M(2299M) 11.073ms
[1815.482s][info ][gc,cpu         ] GC(38) User=0.03s Sys=0.00s Real=0.01s
[1815.482s][info ][safepoint      ] Safepoint "ParallelGCFailedAllocation", Time since last: 848124611 ns, Reaching safepoint: 6700 ns, Cleanup: 4000 ns, At safepoint: 11166341 ns, Total: 11177041 ns
[1816.482s][info ][safepoint      ] Safepoint "Cleanup", Time since last: 1000092415 ns, Reaching safepoint: 6200 ns, Cleanup: 12900 ns, At safepoint: 2100 ns, Total: 21200 ns
[1817.482s][info ][safepoint      ] Safepoint "Cleanup", Time since last: 1000121916 ns, Reaching safepoint: 6800 ns, Cleanup: 17100 ns, At safepoint: 2500 ns, Total: 26400 ns
[1818.482s][info ][safepoint      ] Safepoint "Cleanup", Time since last: 1000109561 ns, Reaching safepoint: 5800 ns, Cleanup: 10200 ns, At safepoint: 1900 ns, Total: 17900 ns
[1821.482s][info ][safepoint      ] Safepoint "Cleanup", Time since last: 3000250377 ns, Reaching safepoint: 5700 ns, Cleanup: 12100 ns, At safepoint: 2400 ns, Total: 20200 ns
[1822.482s][info ][safepoint      ] Safepoint "Cleanup", Time since last: 1000112025 ns, Reaching safepoint: 6000 ns, Cleanup: 16300 ns, At safepoint: 1900 ns, Total: 24200 ns
[1831.483s][info ][safepoint      ] Safepoint "Cleanup", Time since last: 9000672284 ns, Reaching safepoint: 6600 ns, Cleanup: 10800 ns, At safepoint: 2300 ns, Total: 19700 ns
[1833.483s][info ][safepoint      ] Safepoint "Cleanup", Time since last: 2000178778 ns, Reaching safepoint: 6400 ns, Cleanup: 9000 ns, At safepoint: 1700 ns, Total: 17100 ns
[1834.483s][info ][safepoint      ] Safepoint "Cleanup", Time since last: 1000105039 ns, Reaching safepoint: 6000 ns, Cleanup: 36700 ns, At safepoint: 2400 ns, Total: 45100 ns
[1835.484s][info ][safepoint      ] Safepoint "Cleanup", Time since last: 1000120939 ns, Reaching safepoint: 18900 ns, Cleanup: 46899 ns, At safepoint: 2400 ns, Total: 68199 ns
[1835.871s][info ][gc,start       ] GC(39) Pause Young (CodeCache GC Threshold)
[1835.881s][debug][gc,phases      ] GC(39) Scavenge 9.252ms
[1835.881s][debug][gc,ref         ] GC(39) ReferenceProcessor::execute queues: 1, RefProcThreadModel::Single, marks_oops_alive: false
[1835.881s][debug][gc,ref         ] GC(39) Skipped KeepAliveFinalRefsPhase of Reference Processing: no references
[1835.881s][debug][gc,ref         ] GC(39) ReferenceProcessor::execute queues: 1, RefProcThreadModel::Single, marks_oops_alive: false
[1835.881s][debug][gc,phases      ] GC(39) Reference Processing 0.094ms
[1835.881s][debug][gc,phases      ] GC(39)   VM Weak                        Min:  0.0, Avg:  0.0, Max:  0.0, Diff:  0.0, Sum:  0.0, Workers: 4
[1835.881s][debug][gc,phases      ] GC(39)     Dead                           Min: 0, Avg:  0.0, Max: 0, Diff: 0, Sum: 0, Workers: 4
[1835.881s][debug][gc,phases      ] GC(39)     Total                          Min: 0, Avg: 238.0, Max: 768, Diff: 768, Sum: 952, Workers: 4
[1835.881s][debug][gc,phases      ] GC(39)   ObjectSynchronizer Weak        Min:  0.0, Avg:  0.0, Max:  0.0, Diff:  0.0, Sum:  0.0, Workers: 4
[1835.881s][debug][gc,phases      ] GC(39)     Dead                           Min: 0, Avg:  0.0, Max: 0, Diff: 0, Sum: 0, Workers: 4
[1835.881s][debug][gc,phases      ] GC(39)     Total                          Min: 0, Avg:  1.0, Max: 4, Diff: 4, Sum: 4, Workers: 4
[1835.881s][debug][gc,phases      ] GC(39)   JVMTI Tag Weak OopStorage      Min:  0.0, Avg:  0.0, Max:  0.0, Diff:  0.0, Sum:  0.0, Workers: 4
[1835.881s][debug][gc,phases      ] GC(39)     Dead                           Min: 0, Avg:  0.0, Max: 0, Diff: 0, Sum: 0, Workers: 4
[1835.881s][debug][gc,phases      ] GC(39)     Total                          Min: 0, Avg:  0.0, Max: 0, Diff: 0, Sum: 0, Workers: 4
[1835.881s][debug][gc,phases      ] GC(39)   StringTable Weak               Min:  0.0, Avg:  0.1, Max:  0.1, Diff:  0.1, Sum:  0.4, Workers: 4
[1835.881s][debug][gc,phases      ] GC(39)     Dead                           Min: 0, Avg:  0.0, Max: 0, Diff: 0, Sum: 0, Workers: 4
[1835.881s][debug][gc,phases      ] GC(39)     Total                          Min: 0, Avg: 11564.0, Max: 20350, Diff: 20350, Sum: 46256, Workers: 4
[1835.881s][debug][gc,phases      ] GC(39)   ResolvedMethodTable Weak       Min:  0.0, Avg:  0.0, Max:  0.0, Diff:  0.0, Sum:  0.1, Workers: 4
[1835.881s][debug][gc,phases      ] GC(39)     Dead                           Min: 0, Avg:  4.0, Max: 9, Diff: 9, Sum: 16, Workers: 4
[1835.881s][debug][gc,phases      ] GC(39)     Total                          Min: 0, Avg: 3788.5, Max: 6460, Diff: 6460, Sum: 15154, Workers: 4
[1835.881s][debug][gc,phases      ] GC(39)   JNI Weak                       Min:  0.0, Avg:  0.0, Max:  0.0, Diff:  0.0, Sum:  0.0, Workers: 4
[1835.881s][debug][gc,phases      ] GC(39)     Dead                           Min: 0, Avg:  0.0, Max: 0, Diff: 0, Sum: 0, Workers: 4
[1835.881s][debug][gc,phases      ] GC(39)     Total                          Min: 0, Avg: 13.0, Max: 52, Diff: 52, Sum: 52, Workers: 4
[1835.881s][debug][gc,phases      ] GC(39)   StringDedup Table Weak         Min:  0.0, Avg:  0.0, Max:  0.0, Diff:  0.0, Sum:  0.0, Workers: 4
[1835.881s][debug][gc,phases      ] GC(39)     Dead                           Min: 0, Avg:  0.0, Max: 0, Diff: 0, Sum: 0, Workers: 4
[1835.881s][debug][gc,phases      ] GC(39)     Total                          Min: 0, Avg:  0.0, Max: 0, Diff: 0, Sum: 0, Workers: 4
[1835.881s][debug][gc,phases      ] GC(39)   StringDedup Requests0 Weak     Min:  0.0, Avg:  0.0, Max:  0.0, Diff:  0.0, Sum:  0.0, Workers: 4
[1835.881s][debug][gc,phases      ] GC(39)     Dead                           Min: 0, Avg:  0.0, Max: 0, Diff: 0, Sum: 0, Workers: 4
[1835.881s][debug][gc,phases      ] GC(39)     Total                          Min: 0, Avg:  0.0, Max: 0, Diff: 0, Sum: 0, Workers: 4
[1835.881s][debug][gc,phases      ] GC(39)   StringDedup Requests1 Weak     Min:  0.0, Avg:  0.0, Max:  0.0, Diff:  0.0, Sum:  0.0, Workers: 4
[1835.881s][debug][gc,phases      ] GC(39)     Dead                           Min: 0, Avg:  0.0, Max: 0, Diff: 0, Sum: 0, Workers: 4
[1835.881s][debug][gc,phases      ] GC(39)     Total                          Min: 0, Avg:  0.0, Max: 0, Diff: 0, Sum: 0, Workers: 4
[1835.881s][debug][gc,phases      ] GC(39)   Weak JFR Old Object Samples    Min:  0.0, Avg:  0.0, Max:  0.0, Diff:  0.0, Sum:  0.0, Workers: 4
[1835.881s][debug][gc,phases      ] GC(39)     Dead                           Min: 0, Avg:  0.0, Max: 0, Diff: 0, Sum: 0, Workers: 4
[1835.881s][debug][gc,phases      ] GC(39)     Total                          Min: 0, Avg:  0.0, Max: 0, Diff: 0, Sum: 0, Workers: 4
[1835.881s][debug][gc,phases      ] GC(39) Weak Processing 0.332ms
[1835.881s][debug][gc,age         ] GC(39) Desired survivor size 73924608 bytes, new threshold 1 (max threshold 15)
[1835.881s][info ][gc,heap        ] GC(39) PSYoungGen: 971434K(2020352K)->9104K(2014208K) Eden: 957498K(1937408K)->0K(1937408K) From: 13936K(82944K)->9104K(76800K)
[1835.881s][info ][gc,heap        ] GC(39) ParOldGen: 333876K(334336K)->347036K(347136K)
[1835.881s][info ][gc,metaspace   ] GC(39) Metaspace: 106150K(107456K)->106150K(107456K) NonClass: 90128K(90880K)->90128K(90880K) Class: 16021K(16576K)->16021K(16576K)
[1835.881s][info ][gc             ] GC(39) Pause Young (CodeCache GC Threshold) 1274M->347M(2306M) 9.791ms
[1835.881s][info ][gc,cpu         ] GC(39) User=0.02s Sys=0.01s Real=0.01s
[1835.881s][debug][gc,phases      ] GC(40) Pre Compact 0.008ms
[1835.881s][info ][gc,start       ] GC(40) Pause Full (CodeCache GC Threshold)
[1835.881s][info ][gc,phases,start] GC(40) Marking Phase
[1835.967s][debug][gc,phases      ] GC(40) Par Mark 85.831ms
[1835.968s][debug][gc,ref         ] GC(40) ReferenceProcessor::execute queues: 4, RefProcThreadModel::Multi, marks_oops_alive: false
[1835.968s][debug][gc,ref         ] GC(40) Skipped KeepAliveFinalRefsPhase of Reference Processing: no references
[1835.968s][debug][gc,ref         ] GC(40) ReferenceProcessor::execute queues: 1, RefProcThreadModel::Single, marks_oops_alive: false
[1835.968s][debug][gc,phases      ] GC(40) Reference Processing 1.234ms
[1835.969s][debug][gc,phases      ] GC(40)   VM Weak                        Min:  0.0, Avg:  0.0, Max:  0.0, Diff:  0.0, Sum:  0.0, Workers: 4
[1835.969s][debug][gc,phases      ] GC(40)     Dead                           Min: 0, Avg:  0.0, Max: 0, Diff: 0, Sum: 0, Workers: 4
[1835.969s][debug][gc,phases      ] GC(40)     Total                          Min: 0, Avg: 238.0, Max: 384, Diff: 384, Sum: 952, Workers: 4
[1835.969s][debug][gc,phases      ] GC(40)   ObjectSynchronizer Weak        Min:  0.0, Avg:  0.0, Max:  0.0, Diff:  0.0, Sum:  0.0, Workers: 4
[1835.969s][debug][gc,phases      ] GC(40)     Dead                           Min: 0, Avg:  0.0, Max: 0, Diff: 0, Sum: 0, Workers: 4
[1835.969s][debug][gc,phases      ] GC(40)     Total                          Min: 0, Avg:  1.0, Max: 4, Diff: 4, Sum: 4, Workers: 4
[1835.969s][debug][gc,phases      ] GC(40)   JVMTI Tag Weak OopStorage      Min:  0.0, Avg:  0.0, Max:  0.0, Diff:  0.0, Sum:  0.0, Workers: 4
[1835.969s][debug][gc,phases      ] GC(40)     Dead                           Min: 0, Avg:  0.0, Max: 0, Diff: 0, Sum: 0, Workers: 4
[1835.969s][debug][gc,phases      ] GC(40)     Total                          Min: 0, Avg:  0.0, Max: 0, Diff: 0, Sum: 0, Workers: 4
[1835.969s][debug][gc,phases      ] GC(40)   StringTable Weak               Min:  0.2, Avg:  0.2, Max:  0.2, Diff:  0.0, Sum:  0.7, Workers: 4
[1835.969s][debug][gc,phases      ] GC(40)     Dead                           Min: 0, Avg:  0.0, Max: 0, Diff: 0, Sum: 0, Workers: 4
[1835.969s][debug][gc,phases      ] GC(40)     Total                          Min: 11326, Avg: 11564.0, Max: 11712, Diff: 386, Sum: 46256, Workers: 4
[1835.969s][debug][gc,phases      ] GC(40)   ResolvedMethodTable Weak       Min:  0.0, Avg:  0.0, Max:  0.0, Diff:  0.0, Sum:  0.2, Workers: 4
[1835.969s][debug][gc,phases      ] GC(40)     Dead                           Min: 0, Avg:  0.0, Max: 0, Diff: 0, Sum: 0, Workers: 4
[1835.969s][debug][gc,phases      ] GC(40)     Total                          Min: 3700, Avg: 3788.5, Max: 3980, Diff: 280, Sum: 15154, Workers: 4
[1835.969s][debug][gc,phases      ] GC(40)   JNI Weak                       Min:  0.0, Avg:  0.0, Max:  0.0, Diff:  0.0, Sum:  0.0, Workers: 4
[1835.969s][debug][gc,phases      ] GC(40)     Dead                           Min: 0, Avg:  0.0, Max: 0, Diff: 0, Sum: 0, Workers: 4
[1835.969s][debug][gc,phases      ] GC(40)     Total                          Min: 0, Avg: 13.0, Max: 52, Diff: 52, Sum: 52, Workers: 4
[1835.969s][debug][gc,phases      ] GC(40)   StringDedup Table Weak         Min:  0.0, Avg:  0.0, Max:  0.0, Diff:  0.0, Sum:  0.0, Workers: 4
[1835.969s][debug][gc,phases      ] GC(40)     Dead                           Min: 0, Avg:  0.0, Max: 0, Diff: 0, Sum: 0, Workers: 4
[1835.969s][debug][gc,phases      ] GC(40)     Total                          Min: 0, Avg:  0.0, Max: 0, Diff: 0, Sum: 0, Workers: 4
[1835.969s][debug][gc,phases      ] GC(40)   StringDedup Requests0 Weak     Min:  0.0, Avg:  0.0, Max:  0.0, Diff:  0.0, Sum:  0.0, Workers: 4
[1835.969s][debug][gc,phases      ] GC(40)     Dead                           Min: 0, Avg:  0.0, Max: 0, Diff: 0, Sum: 0, Workers: 4
[1835.969s][debug][gc,phases      ] GC(40)     Total                          Min: 0, Avg:  0.0, Max: 0, Diff: 0, Sum: 0, Workers: 4
[1835.969s][debug][gc,phases      ] GC(40)   StringDedup Requests1 Weak     Min:  0.0, Avg:  0.0, Max:  0.0, Diff:  0.0, Sum:  0.0, Workers: 4
[1835.969s][debug][gc,phases      ] GC(40)     Dead                           Min: 0, Avg:  0.0, Max: 0, Diff: 0, Sum: 0, Workers: 4
[1835.969s][debug][gc,phases      ] GC(40)     Total                          Min: 0, Avg:  0.0, Max: 0, Diff: 0, Sum: 0, Workers: 4
[1835.969s][debug][gc,phases      ] GC(40)   Weak JFR Old Object Samples    Min:  0.0, Avg:  0.0, Max:  0.0, Diff:  0.0, Sum:  0.0, Workers: 4
[1835.969s][debug][gc,phases      ] GC(40)     Dead                           Min: 0, Avg:  0.0, Max: 0, Diff: 0, Sum: 0, Workers: 4
[1835.969s][debug][gc,phases      ] GC(40)     Total                          Min: 0, Avg:  0.0, Max: 0, Diff: 0, Sum: 0, Workers: 4
[1835.969s][debug][gc,phases      ] GC(40) Weak Processing 0.412ms
[1835.969s][debug][gc,phases      ] GC(40) ClassLoaderData 0.119ms
[1835.969s][debug][gc,phases      ] GC(40) Trigger cleanups 0.000ms
[1836.029s][debug][gc,phases      ] GC(40) Purge Unlinked NMethods 2.182ms
[1836.029s][debug][gc,phases      ] GC(40) Unregister NMethods 0.001ms
[1836.029s][debug][gc,phases      ] GC(40) Free Code Blobs 0.309ms
[1836.029s][debug][gc,phases      ] GC(40) Class Unloading 60.295ms
[1836.029s][debug][gc,phases      ] GC(40) Report Object Count 0.001ms
[1836.029s][info ][gc,phases      ] GC(40) Marking Phase 147.828ms
[1836.029s][info ][gc,phases,start] GC(40) Summary Phase
[1836.029s][info ][gc,phases      ] GC(40) Summary Phase 0.013ms
[1836.029s][info ][gc,phases,start] GC(40) Adjust Roots
[1836.048s][info ][gc,phases      ] GC(40) Adjust Roots 19.094ms
[1836.048s][info ][gc,phases,start] GC(40) Compaction Phase
[1836.143s][info ][gc,phases      ] GC(40) Compaction Phase 95.265ms
[1836.143s][info ][gc,phases,start] GC(40) Post Compact
[1836.145s][debug][gc,phases      ] GC(40) Purge Class Loader Data 0.825ms
[1836.145s][info ][gc,phases      ] GC(40) Post Compact 1.819ms
[1836.145s][info ][gc,heap        ] GC(40) PSYoungGen: 9104K(2014208K)->0K(2014208K) Eden: 0K(1937408K)->0K(1937408K) From: 9104K(76800K)->0K(76800K)
[1836.145s][info ][gc,heap        ] GC(40) ParOldGen: 347036K(347136K)->289547K(347136K)
[1836.145s][info ][gc,metaspace   ] GC(40) Metaspace: 106150K(107456K)->106150K(107456K) NonClass: 90128K(90880K)->90128K(90880K) Class: 16021K(16576K)->16021K(16576K)
[1836.145s][info ][gc             ] GC(40) Pause Full (CodeCache GC Threshold) 347M->282M(2306M) 264.160ms
[1836.145s][info ][gc,cpu         ] GC(40) User=0.77s Sys=0.01s Real=0.27s
[1836.145s][info ][safepoint      ] Safepoint "ParallelGCSystemGC", Time since last: 387551482 ns, Reaching safepoint: 79500 ns, Cleanup: 8600 ns, At safepoint: 274088496 ns, Total: 274176596 ns
[1837.146s][info ][safepoint      ] Safepoint "Cleanup", Time since last: 1000094939 ns, Reaching safepoint: 6300 ns, Cleanup: 101700 ns, At safepoint: 2500 ns, Total: 110500 ns
[1838.146s][info ][safepoint      ] Safepoint "Cleanup", Time since last: 1000137339 ns, Reaching safepoint: 7500 ns, Cleanup: 36700 ns, At safepoint: 2300 ns, Total: 46500 ns
[1839.146s][info ][safepoint      ] Safepoint "Cleanup", Time since last: 1000113639 ns, Reaching safepoint: 6200 ns, Cleanup: 30999 ns, At safepoint: 2200 ns, Total: 39399 ns
[1841.146s][info ][safepoint      ] Safepoint "Cleanup", Time since last: 2000179420 ns, Reaching safepoint: 5900 ns, Cleanup: 12500 ns, At safepoint: 2200 ns, Total: 20600 ns
[1842.146s][info ][safepoint      ] Safepoint "Cleanup", Time since last: 1000113157 ns, Reaching safepoint: 80400 ns, Cleanup: 17700 ns, At safepoint: 9299 ns, Total: 107399 ns
[1852.147s][info ][safepoint      ] Safepoint "Cleanup", Time since last: 10000754701 ns, Reaching safepoint: 5900 ns, Cleanup: 10800 ns, At safepoint: 2300 ns, Total: 19000 ns
[1853.147s][info ][safepoint      ] Safepoint "Cleanup", Time since last: 1000120251 ns, Reaching safepoint: 6000 ns, Cleanup: 11700 ns, At safepoint: 2200 ns, Total: 19900 ns
[1854.147s][info ][safepoint      ] Safepoint "Cleanup", Time since last: 1000115351 ns, Reaching safepoint: 6700 ns, Cleanup: 10600 ns, At safepoint: 2100 ns, Total: 19400 ns
[1855.148s][info ][safepoint      ] Safepoint "Cleanup", Time since last: 1000114350 ns, Reaching safepoint: 6800 ns, Cleanup: 11000 ns, At safepoint: 2400 ns, Total: 20200 ns
[1857.148s][info ][safepoint      ] Safepoint "Cleanup", Time since last: 2000180496 ns, Reaching safepoint: 6500 ns, Cleanup: 11499 ns, At safepoint: 2200 ns, Total: 20199 ns
[1858.148s][info ][safepoint      ] Safepoint "Cleanup", Time since last: 1000113135 ns, Reaching safepoint: 6900 ns, Cleanup: 10000 ns, At safepoint: 2000 ns, Total: 18900 ns
[1863.641s][info ][safepoint      ] Safepoint "Cleanup", Time since last: 5493055777 ns, Reaching safepoint: 6200 ns, Cleanup: 12000 ns, At safepoint: 2300 ns, Total: 20500 ns
[1864.641s][info ][safepoint      ] Safepoint "Cleanup", Time since last: 1000117364 ns, Reaching safepoint: 6500 ns, Cleanup: 12000 ns, At safepoint: 2200 ns, Total: 20700 ns
[1865.641s][info ][safepoint      ] Safepoint "Cleanup", Time since last: 1000118165 ns, Reaching safepoint: 7100 ns, Cleanup: 12300 ns, At safepoint: 2500 ns, Total: 21900 ns
[1867.641s][info ][safepoint      ] Safepoint "Cleanup", Time since last: 2000189329 ns, Reaching safepoint: 7000 ns, Cleanup: 10600 ns, At safepoint: 2900 ns, Total: 20500 ns
[1868.642s][info ][safepoint      ] Safepoint "Cleanup", Time since last: 1000115664 ns, Reaching safepoint: 7300 ns, Cleanup: 10800 ns, At safepoint: 1800 ns, Total: 19900 ns
[1870.642s][info ][safepoint      ] Safepoint "Cleanup", Time since last: 2000206125 ns, Reaching safepoint: 6700 ns, Cleanup: 10500 ns, At safepoint: 2200 ns, Total: 19400 ns
[1873.642s][info ][safepoint      ] Safepoint "Cleanup", Time since last: 3000263912 ns, Reaching safepoint: 7299 ns, Cleanup: 10400 ns, At safepoint: 2200 ns, Total: 19899 ns
[1878.642s][info ][safepoint      ] Safepoint "Cleanup", Time since last: 5000391192 ns, Reaching safepoint: 6200 ns, Cleanup: 11700 ns, At safepoint: 2100 ns, Total: 20000 ns
[1882.643s][info ][safepoint      ] Safepoint "Cleanup", Time since last: 4000397463 ns, Reaching safepoint: 86200 ns, Cleanup: 12099 ns, At safepoint: 10700 ns, Total: 108999 ns
[1884.643s][info ][safepoint      ] Safepoint "Cleanup", Time since last: 2000189627 ns, Reaching safepoint: 6200 ns, Cleanup: 8600 ns, At safepoint: 1800 ns, Total: 16600 ns
[1885.887s][info ][safepoint      ] Safepoint "ParallelGCFailedAllocation", Time since last: 1243759761 ns, Reaching safepoint: 82700 ns, Cleanup: 3000 ns, At safepoint: 20600 ns, Total: 106300 ns
[1885.888s][info ][gc,start       ] GC(41) Pause Young (GCLocker Initiated GC)
[1885.893s][debug][gc,phases      ] GC(41) Scavenge 5.035ms
[1885.893s][debug][gc,ref         ] GC(41) ReferenceProcessor::execute queues: 1, RefProcThreadModel::Single, marks_oops_alive: false
[1885.893s][debug][gc,ref         ] GC(41) Skipped KeepAliveFinalRefsPhase of Reference Processing: no references
[1885.893s][debug][gc,ref         ] GC(41) ReferenceProcessor::execute queues: 1, RefProcThreadModel::Single, marks_oops_alive: false
[1885.893s][debug][gc,phases      ] GC(41) Reference Processing 0.097ms
[1885.893s][debug][gc,phases      ] GC(41)   VM Weak                        Min:  0.0, Avg:  0.0, Max:  0.0, Diff:  0.0, Sum:  0.0, Workers: 4
[1885.893s][debug][gc,phases      ] GC(41)     Dead                           Min: 0, Avg:  0.0, Max: 0, Diff: 0, Sum: 0, Workers: 4
[1885.893s][debug][gc,phases      ] GC(41)     Total                          Min: 0, Avg: 238.0, Max: 568, Diff: 568, Sum: 952, Workers: 4
[1885.893s][debug][gc,phases      ] GC(41)   ObjectSynchronizer Weak        Min:  0.0, Avg:  0.0, Max:  0.0, Diff:  0.0, Sum:  0.0, Workers: 4
[1885.893s][debug][gc,phases      ] GC(41)     Dead                           Min: 0, Avg:  0.0, Max: 0, Diff: 0, Sum: 0, Workers: 4
[1885.893s][debug][gc,phases      ] GC(41)     Total                          Min: 0, Avg:  1.0, Max: 4, Diff: 4, Sum: 4, Workers: 4
[1885.893s][debug][gc,phases      ] GC(41)   JVMTI Tag Weak OopStorage      Min:  0.0, Avg:  0.0, Max:  0.0, Diff:  0.0, Sum:  0.0, Workers: 4
[1885.893s][debug][gc,phases      ] GC(41)     Dead                           Min: 0, Avg:  0.0, Max: 0, Diff: 0, Sum: 0, Workers: 4
[1885.893s][debug][gc,phases      ] GC(41)     Total                          Min: 0, Avg:  0.0, Max: 0, Diff: 0, Sum: 0, Workers: 4
[1885.893s][debug][gc,phases      ] GC(41)   StringTable Weak               Min:  0.0, Avg:  0.1, Max:  0.1, Diff:  0.1, Sum:  0.4, Workers: 4
[1885.893s][debug][gc,phases      ] GC(41)     Dead                           Min: 0, Avg:  0.0, Max: 0, Diff: 0, Sum: 0, Workers: 4
[1885.893s][debug][gc,phases      ] GC(41)     Total                          Min: 0, Avg: 11565.0, Max: 19647, Diff: 19647, Sum: 46260, Workers: 4
[1885.893s][debug][gc,phases      ] GC(41)   ResolvedMethodTable Weak       Min:  0.0, Avg:  0.0, Max:  0.0, Diff:  0.0, Sum:  0.1, Workers: 4
[1885.893s][debug][gc,phases      ] GC(41)     Dead                           Min: 0, Avg:  4.0, Max: 16, Diff: 16, Sum: 16, Workers: 4
[1885.893s][debug][gc,phases      ] GC(41)     Total                          Min: 0, Avg: 3788.5, Max: 6390, Diff: 6390, Sum: 15154, Workers: 4
[1885.893s][debug][gc,phases      ] GC(41)   JNI Weak                       Min:  0.0, Avg:  0.0, Max:  0.0, Diff:  0.0, Sum:  0.0, Workers: 4
[1885.893s][debug][gc,phases      ] GC(41)     Dead                           Min: 0, Avg:  0.0, Max: 0, Diff: 0, Sum: 0, Workers: 4
[1885.893s][debug][gc,phases      ] GC(41)     Total                          Min: 0, Avg: 13.0, Max: 52, Diff: 52, Sum: 52, Workers: 4
[1885.893s][debug][gc,phases      ] GC(41)   StringDedup Table Weak         Min:  0.0, Avg:  0.0, Max:  0.0, Diff:  0.0, Sum:  0.0, Workers: 4
[1885.893s][debug][gc,phases      ] GC(41)     Dead                           Min: 0, Avg:  0.0, Max: 0, Diff: 0, Sum: 0, Workers: 4
[1885.893s][debug][gc,phases      ] GC(41)     Total                          Min: 0, Avg:  0.0, Max: 0, Diff: 0, Sum: 0, Workers: 4
[1885.893s][debug][gc,phases      ] GC(41)   StringDedup Requests0 Weak     Min:  0.0, Avg:  0.0, Max:  0.0, Diff:  0.0, Sum:  0.0, Workers: 4
[1885.893s][debug][gc,phases      ] GC(41)     Dead                           Min: 0, Avg:  0.0, Max: 0, Diff: 0, Sum: 0, Workers: 4
[1885.893s][debug][gc,phases      ] GC(41)     Total                          Min: 0, Avg:  0.0, Max: 0, Diff: 0, Sum: 0, Workers: 4
[1885.893s][debug][gc,phases      ] GC(41)   StringDedup Requests1 Weak     Min:  0.0, Avg:  0.0, Max:  0.0, Diff:  0.0, Sum:  0.0, Workers: 4
[1885.893s][debug][gc,phases      ] GC(41)     Dead                           Min: 0, Avg:  0.0, Max: 0, Diff: 0, Sum: 0, Workers: 4
[1885.893s][debug][gc,phases      ] GC(41)     Total                          Min: 0, Avg:  0.0, Max: 0, Diff: 0, Sum: 0, Workers: 4
[1885.893s][debug][gc,phases      ] GC(41)   Weak JFR Old Object Samples    Min:  0.0, Avg:  0.0, Max:  0.0, Diff:  0.0, Sum:  0.0, Workers: 4
[1885.893s][debug][gc,phases      ] GC(41)     Dead                           Min: 0, Avg:  0.0, Max: 0, Diff: 0, Sum: 0, Workers: 4
[1885.893s][debug][gc,phases      ] GC(41)     Total                          Min: 0, Avg:  0.0, Max: 0, Diff: 0, Sum: 0, Workers: 4
[1885.893s][debug][gc,phases      ] GC(41) Weak Processing 0.343ms
[1885.893s][debug][gc,age         ] GC(41) Desired survivor size 69206016 bytes, new threshold 1 (max threshold 15)
[1885.893s][info ][gc,heap        ] GC(41) PSYoungGen: 1937408K(2014208K)->8480K(2029568K) Eden: 1937408K(1937408K)->0K(1957376K) From: 0K(76800K)->8480K(72192K)
[1885.893s][info ][gc,heap        ] GC(41) ParOldGen: 289569K(347136K)->289569K(347136K)
[1885.893s][info ][gc,metaspace   ] GC(41) Metaspace: 106166K(107456K)->106166K(107456K) NonClass: 90144K(90880K)->90144K(90880K) Class: 16021K(16576K)->16021K(16576K)
[1885.893s][info ][gc             ] GC(41) Pause Young (GCLocker Initiated GC) 2174M->291M(2321M) 5.562ms
[1885.893s][info ][gc,cpu         ] GC(41) User=0.02s Sys=0.00s Real=0.00s
[1885.893s][info ][safepoint      ] Safepoint "ParallelGCSystemGC", Time since last: 396198 ns, Reaching safepoint: 76100 ns, Cleanup: 1400 ns, At safepoint: 5628177 ns, Total: 5705677 ns
[1886.893s][info ][safepoint      ] Safepoint "Cleanup", Time since last: 1000093168 ns, Reaching safepoint: 78999 ns, Cleanup: 8700 ns, At safepoint: 5300 ns, Total: 92999 ns
[1888.894s][info ][safepoint      ] Safepoint "Cleanup", Time since last: 2000187182 ns, Reaching safepoint: 6500 ns, Cleanup: 14000 ns, At safepoint: 2100 ns, Total: 22600 ns
[1891.894s][info ][safepoint      ] Safepoint "Cleanup", Time since last: 3000261076 ns, Reaching safepoint: 6300 ns, Cleanup: 9800 ns, At safepoint: 2500 ns, Total: 18600 ns
[1895.894s][info ][safepoint      ] Safepoint "Cleanup", Time since last: 4000319679 ns, Reaching safepoint: 6799 ns, Cleanup: 9600 ns, At safepoint: 1900 ns, Total: 18299 ns
[1898.894s][info ][safepoint      ] Safepoint "Cleanup", Time since last: 3000257472 ns, Reaching safepoint: 7300 ns, Cleanup: 37400 ns, At safepoint: 2299 ns, Total: 46999 ns
[1899.895s][info ][safepoint      ] Safepoint "Cleanup", Time since last: 1000130957 ns, Reaching safepoint: 6400 ns, Cleanup: 28200 ns, At safepoint: 2200 ns, Total: 36800 ns
[1902.895s][info ][safepoint      ] Safepoint "Cleanup", Time since last: 3000245672 ns, Reaching safepoint: 6100 ns, Cleanup: 12199 ns, At safepoint: 1800 ns, Total: 20099 ns
[1906.895s][info ][safepoint      ] Safepoint "Cleanup", Time since last: 4000319071 ns, Reaching safepoint: 6200 ns, Cleanup: 9200 ns, At safepoint: 2000 ns, Total: 17400 ns
[1907.895s][info ][safepoint      ] Safepoint "Cleanup", Time since last: 1000111941 ns, Reaching safepoint: 6900 ns, Cleanup: 10900 ns, At safepoint: 2000 ns, Total: 19800 ns
[1910.436s][info ][safepoint      ] Safepoint "Cleanup", Time since last: 2540111283 ns, Reaching safepoint: 4800 ns, Cleanup: 41500 ns, At safepoint: 5200 ns, Total: 51500 ns
[1911.490s][info ][safepoint      ] Safepoint "Cleanup", Time since last: 1054746163 ns, Reaching safepoint: 7000 ns, Cleanup: 62000 ns, At safepoint: 2300 ns, Total: 71300 ns
[1912.490s][info ][safepoint      ] Safepoint "Cleanup", Time since last: 1000107863 ns, Reaching safepoint: 6500 ns, Cleanup: 33200 ns, At safepoint: 2100 ns, Total: 41800 ns
[1913.491s][info ][safepoint      ] Safepoint "Cleanup", Time since last: 1000105664 ns, Reaching safepoint: 5800 ns, Cleanup: 18700 ns, At safepoint: 1800 ns, Total: 26300 ns
[1914.491s][info ][safepoint      ] Safepoint "Cleanup", Time since last: 1000108464 ns, Reaching safepoint: 7100 ns, Cleanup: 9800 ns, At safepoint: 2100 ns, Total: 19000 ns
[1915.491s][info ][safepoint      ] Safepoint "Cleanup", Time since last: 1000122964 ns, Reaching safepoint: 6899 ns, Cleanup: 14900 ns, At safepoint: 1700 ns, Total: 23499 ns
[1916.491s][info ][safepoint      ] Safepoint "Cleanup", Time since last: 1000105964 ns, Reaching safepoint: 7300 ns, Cleanup: 13400 ns, At safepoint: 2300 ns, Total: 23000 ns
[1917.491s][info ][safepoint      ] Safepoint "Cleanup", Time since last: 1000109164 ns, Reaching safepoint: 7200 ns, Cleanup: 9100 ns, At safepoint: 2100 ns, Total: 18400 ns
[1920.652s][info ][gc,start       ] GC(42) Pause Young (Allocation Failure)
[1920.662s][debug][gc,phases      ] GC(42) Scavenge 10.130ms
[1920.662s][debug][gc,ref         ] GC(42) ReferenceProcessor::execute queues: 1, RefProcThreadModel::Single, marks_oops_alive: false
[1920.662s][debug][gc,ref         ] GC(42) Skipped KeepAliveFinalRefsPhase of Reference Processing: no references
[1920.662s][debug][gc,ref         ] GC(42) ReferenceProcessor::execute queues: 1, RefProcThreadModel::Single, marks_oops_alive: false
[1920.662s][debug][gc,phases      ] GC(42) Reference Processing 0.125ms
[1920.663s][debug][gc,phases      ] GC(42)   VM Weak                        Min:  0.0, Avg:  0.0, Max:  0.0, Diff:  0.0, Sum:  0.0, Workers: 4
[1920.663s][debug][gc,phases      ] GC(42)     Dead                           Min: 0, Avg:  0.0, Max: 0, Diff: 0, Sum: 0, Workers: 4
[1920.663s][debug][gc,phases      ] GC(42)     Total                          Min: 0, Avg: 240.2, Max: 385, Diff: 385, Sum: 961, Workers: 4
[1920.663s][debug][gc,phases      ] GC(42)   ObjectSynchronizer Weak        Min:  0.0, Avg:  0.0, Max:  0.0, Diff:  0.0, Sum:  0.0, Workers: 4
[1920.663s][debug][gc,phases      ] GC(42)     Dead                           Min: 0, Avg:  0.0, Max: 0, Diff: 0, Sum: 0, Workers: 4
[1920.663s][debug][gc,phases      ] GC(42)     Total                          Min: 0, Avg:  1.8, Max: 7, Diff: 7, Sum: 7, Workers: 4
[1920.663s][debug][gc,phases      ] GC(42)   JVMTI Tag Weak OopStorage      Min:  0.0, Avg:  0.0, Max:  0.0, Diff:  0.0, Sum:  0.0, Workers: 4
[1920.663s][debug][gc,phases      ] GC(42)     Dead                           Min: 0, Avg:  0.0, Max: 0, Diff: 0, Sum: 0, Workers: 4
[1920.663s][debug][gc,phases      ] GC(42)     Total                          Min: 0, Avg:  0.0, Max: 0, Diff: 0, Sum: 0, Workers: 4
[1920.663s][debug][gc,phases      ] GC(42)   StringTable Weak               Min:  0.0, Avg:  0.1, Max:  0.2, Diff:  0.2, Sum:  0.5, Workers: 4
[1920.663s][debug][gc,phases      ] GC(42)     Dead                           Min: 0, Avg:  1.2, Max: 4, Diff: 4, Sum: 5, Workers: 4
[1920.663s][debug][gc,phases      ] GC(42)     Total                          Min: 0, Avg: 11849.0, Max: 16191, Diff: 16191, Sum: 47396, Workers: 4
[1920.663s][debug][gc,phases      ] GC(42)   ResolvedMethodTable Weak       Min:  0.0, Avg:  0.0, Max:  0.1, Diff:  0.1, Sum:  0.2, Workers: 4
[1920.663s][debug][gc,phases      ] GC(42)     Dead                           Min: 0, Avg: 23.5, Max: 61, Diff: 61, Sum: 94, Workers: 4
[1920.663s][debug][gc,phases      ] GC(42)     Total                          Min: 0, Avg: 3828.0, Max: 5320, Diff: 5320, Sum: 15312, Workers: 4
[1920.663s][debug][gc,phases      ] GC(42)   JNI Weak                       Min:  0.0, Avg:  0.0, Max:  0.0, Diff:  0.0, Sum:  0.0, Workers: 4
[1920.663s][debug][gc,phases      ] GC(42)     Dead                           Min: 0, Avg:  0.0, Max: 0, Diff: 0, Sum: 0, Workers: 4
[1920.663s][debug][gc,phases      ] GC(42)     Total                          Min: 0, Avg: 13.0, Max: 52, Diff: 52, Sum: 52, Workers: 4
[1920.663s][debug][gc,phases      ] GC(42)   StringDedup Table Weak         Min:  0.0, Avg:  0.0, Max:  0.0, Diff:  0.0, Sum:  0.0, Workers: 4
[1920.663s][debug][gc,phases      ] GC(42)     Dead                           Min: 0, Avg:  0.0, Max: 0, Diff: 0, Sum: 0, Workers: 4
[1920.663s][debug][gc,phases      ] GC(42)     Total                          Min: 0, Avg:  0.0, Max: 0, Diff: 0, Sum: 0, Workers: 4
[1920.663s][debug][gc,phases      ] GC(42)   StringDedup Requests0 Weak     Min:  0.0, Avg:  0.0, Max:  0.0, Diff:  0.0, Sum:  0.0, Workers: 4
[1920.663s][debug][gc,phases      ] GC(42)     Dead                           Min: 0, Avg:  0.0, Max: 0, Diff: 0, Sum: 0, Workers: 4
[1920.663s][debug][gc,phases      ] GC(42)     Total                          Min: 0, Avg:  0.0, Max: 0, Diff: 0, Sum: 0, Workers: 4
[1920.663s][debug][gc,phases      ] GC(42)   StringDedup Requests1 Weak     Min:  0.0, Avg:  0.0, Max:  0.0, Diff:  0.0, Sum:  0.0, Workers: 4
[1920.663s][debug][gc,phases      ] GC(42)     Dead                           Min: 0, Avg:  0.0, Max: 0, Diff: 0, Sum: 0, Workers: 4
[1920.663s][debug][gc,phases      ] GC(42)     Total                          Min: 0, Avg:  0.0, Max: 0, Diff: 0, Sum: 0, Workers: 4
[1920.663s][debug][gc,phases      ] GC(42)   Weak JFR Old Object Samples    Min:  0.0, Avg:  0.0, Max:  0.0, Diff:  0.0, Sum:  0.0, Workers: 4
[1920.663s][debug][gc,phases      ] GC(42)     Dead                           Min: 0, Avg:  0.0, Max: 0, Diff: 0, Sum: 0, Workers: 4
[1920.663s][debug][gc,phases      ] GC(42)     Total                          Min: 0, Avg:  0.0, Max: 0, Diff: 0, Sum: 0, Workers: 4
[1920.663s][debug][gc,phases      ] GC(42) Weak Processing 0.429ms
[1920.663s][debug][gc,age         ] GC(42) Desired survivor size 65536000 bytes, new threshold 1 (max threshold 15)
[1920.663s][info ][gc,heap        ] GC(42) PSYoungGen: 1965856K(2029568K)->19584K(2024960K) Eden: 1957376K(1957376K)->0K(1957376K) From: 8480K(72192K)->19584K(67584K)
[1920.663s][info ][gc,heap        ] GC(42) ParOldGen: 292135K(347136K)->296059K(347136K)
[1920.663s][info ][gc,metaspace   ] GC(42) Metaspace: 109637K(110848K)->109637K(110848K) NonClass: 93191K(93888K)->93191K(93888K) Class: 16445K(16960K)->16445K(16960K)
[1920.663s][info ][gc             ] GC(42) Pause Young (Allocation Failure) 2205M->308M(2316M) 10.807ms
[1920.663s][info ][gc,cpu         ] GC(42) User=0.03s Sys=0.00s Real=0.01s
[1920.663s][info ][safepoint      ] Safepoint "ParallelGCFailedAllocation", Time since last: 3160741151 ns, Reaching safepoint: 5400 ns, Cleanup: 3300 ns, At safepoint: 10888351 ns, Total: 10897051 ns
[1921.664s][info ][safepoint      ] Safepoint "Cleanup", Time since last: 1001313838 ns, Reaching safepoint: 6500 ns, Cleanup: 13400 ns, At safepoint: 2400 ns, Total: 22300 ns
[1922.664s][info ][safepoint      ] Safepoint "Cleanup", Time since last: 1000104443 ns, Reaching safepoint: 5700 ns, Cleanup: 8300 ns, At safepoint: 1700 ns, Total: 15700 ns
[1923.664s][info ][safepoint      ] Safepoint "Cleanup", Time since last: 1000104943 ns, Reaching safepoint: 7000 ns, Cleanup: 13500 ns, At safepoint: 2200 ns, Total: 22700 ns
[1925.665s][info ][safepoint      ] Safepoint "Cleanup", Time since last: 2000177786 ns, Reaching safepoint: 6600 ns, Cleanup: 25600 ns, At safepoint: 2400 ns, Total: 34600 ns
[1926.665s][info ][safepoint      ] Safepoint "Cleanup", Time since last: 1000116743 ns, Reaching safepoint: 6700 ns, Cleanup: 10000 ns, At safepoint: 2100 ns, Total: 18800 ns
[1929.665s][info ][safepoint      ] Safepoint "Cleanup", Time since last: 3000264936 ns, Reaching safepoint: 6700 ns, Cleanup: 9900 ns, At safepoint: 2000 ns, Total: 18600 ns
[1933.665s][info ][safepoint      ] Safepoint "Cleanup", Time since last: 4000317411 ns, Reaching safepoint: 6700 ns, Cleanup: 10200 ns, At safepoint: 2200 ns, Total: 19100 ns
[1937.666s][info ][safepoint      ] Safepoint "Cleanup", Time since last: 4000342692 ns, Reaching safepoint: 7700 ns, Cleanup: 10700 ns, At safepoint: 2800 ns, Total: 21200 ns
[1938.666s][info ][safepoint      ] Safepoint "Cleanup", Time since last: 1000116045 ns, Reaching safepoint: 7300 ns, Cleanup: 26600 ns, At safepoint: 2200 ns, Total: 36100 ns
[1939.666s][info ][safepoint      ] Safepoint "Cleanup", Time since last: 1000118246 ns, Reaching safepoint: 6600 ns, Cleanup: 22300 ns, At safepoint: 2000 ns, Total: 30900 ns
[1940.666s][info ][safepoint      ] Safepoint "Cleanup", Time since last: 1000113545 ns, Reaching safepoint: 7200 ns, Cleanup: 25000 ns, At safepoint: 2200 ns, Total: 34400 ns
[1941.666s][info ][safepoint      ] Safepoint "Cleanup", Time since last: 1000123946 ns, Reaching safepoint: 6500 ns, Cleanup: 9800 ns, At safepoint: 2200 ns, Total: 18500 ns
[1942.666s][info ][safepoint      ] Safepoint "Cleanup", Time since last: 1000115645 ns, Reaching safepoint: 6900 ns, Cleanup: 10400 ns, At safepoint: 2400 ns, Total: 19700 ns
[1943.667s][info ][safepoint      ] Safepoint "Cleanup", Time since last: 1000112995 ns, Reaching safepoint: 6800 ns, Cleanup: 29700 ns, At safepoint: 2500 ns, Total: 39000 ns
[1944.667s][info ][safepoint      ] Safepoint "Cleanup", Time since last: 1000120363 ns, Reaching safepoint: 6200 ns, Cleanup: 14600 ns, At safepoint: 2100 ns, Total: 22900 ns
[1947.667s][info ][safepoint      ] Safepoint "Cleanup", Time since last: 3000258291 ns, Reaching safepoint: 6400 ns, Cleanup: 12100 ns, At safepoint: 2000 ns, Total: 20500 ns
[1948.667s][info ][safepoint      ] Safepoint "Cleanup", Time since last: 1000113764 ns, Reaching safepoint: 6400 ns, Cleanup: 11300 ns, At safepoint: 1900 ns, Total: 19600 ns
[1949.667s][info ][safepoint      ] Safepoint "Cleanup", Time since last: 1000116963 ns, Reaching safepoint: 6300 ns, Cleanup: 17800 ns, At safepoint: 2200 ns, Total: 26300 ns
[1950.667s][info ][safepoint      ] Safepoint "Cleanup", Time since last: 1000109564 ns, Reaching safepoint: 5000 ns, Cleanup: 6700 ns, At safepoint: 1600 ns, Total: 13300 ns
[1951.668s][info ][safepoint      ] Safepoint "Cleanup", Time since last: 1000104642 ns, Reaching safepoint: 7200 ns, Cleanup: 8900 ns, At safepoint: 2000 ns, Total: 18100 ns
[1952.671s][info ][gc,start       ] GC(43) Pause Young (Allocation Failure)
[1952.683s][debug][gc,phases      ] GC(43) Scavenge 11.925ms
[1952.683s][debug][gc,ref         ] GC(43) ReferenceProcessor::execute queues: 1, RefProcThreadModel::Single, marks_oops_alive: false
[1952.683s][debug][gc,ref         ] GC(43) Skipped KeepAliveFinalRefsPhase of Reference Processing: no references
[1952.683s][debug][gc,ref         ] GC(43) ReferenceProcessor::execute queues: 1, RefProcThreadModel::Single, marks_oops_alive: false
[1952.683s][debug][gc,phases      ] GC(43) Reference Processing 0.108ms
[1952.684s][debug][gc,phases      ] GC(43)   VM Weak                        Min:  0.0, Avg:  0.0, Max:  0.0, Diff:  0.0, Sum:  0.0, Workers: 4
[1952.684s][debug][gc,phases      ] GC(43)     Dead                           Min: 0, Avg:  0.0, Max: 0, Diff: 0, Sum: 0, Workers: 4
[1952.684s][debug][gc,phases      ] GC(43)     Total                          Min: 0, Avg: 241.5, Max: 966, Diff: 966, Sum: 966, Workers: 4
[1952.684s][debug][gc,phases      ] GC(43)   ObjectSynchronizer Weak        Min:  0.0, Avg:  0.0, Max:  0.0, Diff:  0.0, Sum:  0.0, Workers: 4
[1952.684s][debug][gc,phases      ] GC(43)     Dead                           Min: 0, Avg:  0.0, Max: 0, Diff: 0, Sum: 0, Workers: 4
[1952.684s][debug][gc,phases      ] GC(43)     Total                          Min: 0, Avg:  1.0, Max: 4, Diff: 4, Sum: 4, Workers: 4
[1952.684s][debug][gc,phases      ] GC(43)   JVMTI Tag Weak OopStorage      Min:  0.0, Avg:  0.0, Max:  0.0, Diff:  0.0, Sum:  0.0, Workers: 4
[1952.684s][debug][gc,phases      ] GC(43)     Dead                           Min: 0, Avg:  0.0, Max: 0, Diff: 0, Sum: 0, Workers: 4
[1952.684s][debug][gc,phases      ] GC(43)     Total                          Min: 0, Avg:  0.0, Max: 0, Diff: 0, Sum: 0, Workers: 4
[1952.684s][debug][gc,phases      ] GC(43)   StringTable Weak               Min:  0.0, Avg:  0.1, Max:  0.2, Diff:  0.2, Sum:  0.5, Workers: 4
[1952.684s][debug][gc,phases      ] GC(43)     Dead                           Min: 0, Avg:  0.2, Max: 1, Diff: 1, Sum: 1, Workers: 4
[1952.684s][debug][gc,phases      ] GC(43)     Total                          Min: 0, Avg: 11860.8, Max: 20243, Diff: 20243, Sum: 47443, Workers: 4
[1952.684s][debug][gc,phases      ] GC(43)   ResolvedMethodTable Weak       Min:  0.0, Avg:  0.0, Max:  0.0, Diff:  0.0, Sum:  0.1, Workers: 4
[1952.684s][debug][gc,phases      ] GC(43)     Dead                           Min: 0, Avg:  4.0, Max: 13, Diff: 13, Sum: 16, Workers: 4
[1952.684s][debug][gc,phases      ] GC(43)     Total                          Min: 0, Avg: 3833.5, Max: 6092, Diff: 6092, Sum: 15334, Workers: 4
[1952.684s][debug][gc,phases      ] GC(43)   JNI Weak                       Min:  0.0, Avg:  0.0, Max:  0.0, Diff:  0.0, Sum:  0.0, Workers: 4
[1952.684s][debug][gc,phases      ] GC(43)     Dead                           Min: 0, Avg:  0.0, Max: 0, Diff: 0, Sum: 0, Workers: 4
[1952.684s][debug][gc,phases      ] GC(43)     Total                          Min: 0, Avg: 13.0, Max: 52, Diff: 52, Sum: 52, Workers: 4
[1952.684s][debug][gc,phases      ] GC(43)   StringDedup Table Weak         Min:  0.0, Avg:  0.0, Max:  0.0, Diff:  0.0, Sum:  0.0, Workers: 4
[1952.684s][debug][gc,phases      ] GC(43)     Dead                           Min: 0, Avg:  0.0, Max: 0, Diff: 0, Sum: 0, Workers: 4
[1952.684s][debug][gc,phases      ] GC(43)     Total                          Min: 0, Avg:  0.0, Max: 0, Diff: 0, Sum: 0, Workers: 4
[1952.684s][debug][gc,phases      ] GC(43)   StringDedup Requests0 Weak     Min:  0.0, Avg:  0.0, Max:  0.0, Diff:  0.0, Sum:  0.0, Workers: 4
[1952.684s][debug][gc,phases      ] GC(43)     Dead                           Min: 0, Avg:  0.0, Max: 0, Diff: 0, Sum: 0, Workers: 4
[1952.684s][debug][gc,phases      ] GC(43)     Total                          Min: 0, Avg:  0.0, Max: 0, Diff: 0, Sum: 0, Workers: 4
[1952.684s][debug][gc,phases      ] GC(43)   StringDedup Requests1 Weak     Min:  0.0, Avg:  0.0, Max:  0.0, Diff:  0.0, Sum:  0.0, Workers: 4
[1952.684s][debug][gc,phases      ] GC(43)     Dead                           Min: 0, Avg:  0.0, Max: 0, Diff: 0, Sum: 0, Workers: 4
[1952.684s][debug][gc,phases      ] GC(43)     Total                          Min: 0, Avg:  0.0, Max: 0, Diff: 0, Sum: 0, Workers: 4
[1952.684s][debug][gc,phases      ] GC(43)   Weak JFR Old Object Samples    Min:  0.0, Avg:  0.0, Max:  0.0, Diff:  0.0, Sum:  0.0, Workers: 4
[1952.684s][debug][gc,phases      ] GC(43)     Dead                           Min: 0, Avg:  0.0, Max: 0, Diff: 0, Sum: 0, Workers: 4
[1952.684s][debug][gc,phases      ] GC(43)     Total                          Min: 0, Avg:  0.0, Max: 0, Diff: 0, Sum: 0, Workers: 4
[1952.684s][debug][gc,phases      ] GC(43) Weak Processing 0.402ms
[1952.684s][debug][gc,age         ] GC(43) Desired survivor size 61865984 bytes, new threshold 1 (max threshold 15)
[1952.684s][info ][gc,heap        ] GC(43) PSYoungGen: 1976960K(2024960K)->17520K(2036736K) Eden: 1957376K(1957376K)->0K(1972736K) From: 19584K(67584K)->17520K(64000K)
[1952.684s][info ][gc,heap        ] GC(43) ParOldGen: 296059K(347136K)->313540K(347136K)
[1952.684s][info ][gc,metaspace   ] GC(43) Metaspace: 109685K(110912K)->109685K(110912K) NonClass: 93233K(93952K)->93233K(93952K) Class: 16452K(16960K)->16452K(16960K)
[1952.684s][info ][gc             ] GC(43) Pause Young (Allocation Failure) 2219M->323M(2328M) 12.572ms
[1952.684s][info ][gc,cpu         ] GC(43) User=0.05s Sys=0.00s Real=0.01s
[1952.684s][info ][safepoint      ] Safepoint "ParallelGCFailedAllocation", Time since last: 1003621351 ns, Reaching safepoint: 80500 ns, Cleanup: 3700 ns, At safepoint: 12830536 ns, Total: 12914736 ns
[1953.684s][info ][safepoint      ] Safepoint "Cleanup", Time since last: 1000092269 ns, Reaching safepoint: 6200 ns, Cleanup: 9700 ns, At safepoint: 1900 ns, Total: 17800 ns
[1954.684s][info ][safepoint      ] Safepoint "Cleanup", Time since last: 1000107068 ns, Reaching safepoint: 5100 ns, Cleanup: 8900 ns, At safepoint: 2300 ns, Total: 16300 ns
[1956.684s][info ][safepoint      ] Safepoint "Cleanup", Time since last: 2000145937 ns, Reaching safepoint: 6400 ns, Cleanup: 16700 ns, At safepoint: 2400 ns, Total: 25500 ns
[1957.685s][info ][safepoint      ] Safepoint "Cleanup", Time since last: 1000123968 ns, Reaching safepoint: 79099 ns, Cleanup: 20300 ns, At safepoint: 5600 ns, Total: 104999 ns
[1958.685s][info ][safepoint      ] Safepoint "Cleanup", Time since last: 1000116269 ns, Reaching safepoint: 6799 ns, Cleanup: 12900 ns, At safepoint: 2100 ns, Total: 21799 ns
[1959.685s][info ][safepoint      ] Safepoint "Cleanup", Time since last: 1000130979 ns, Reaching safepoint: 6700 ns, Cleanup: 10000 ns, At safepoint: 2000 ns, Total: 18700 ns
[1965.685s][info ][safepoint      ] Safepoint "Cleanup", Time since last: 6000456426 ns, Reaching safepoint: 6600 ns, Cleanup: 15200 ns, At safepoint: 2200 ns, Total: 24000 ns
[1966.686s][info ][safepoint      ] Safepoint "Cleanup", Time since last: 1000127791 ns, Reaching safepoint: 6600 ns, Cleanup: 17400 ns, At safepoint: 2300 ns, Total: 26300 ns
[1967.686s][info ][safepoint      ] Safepoint "Cleanup", Time since last: 1000109031 ns, Reaching safepoint: 6900 ns, Cleanup: 12100 ns, At safepoint: 2000 ns, Total: 21000 ns
[1968.686s][info ][safepoint      ] Safepoint "Cleanup", Time since last: 1000106316 ns, Reaching safepoint: 7000 ns, Cleanup: 11100 ns, At safepoint: 2200 ns, Total: 20300 ns
[1969.686s][info ][safepoint      ] Safepoint "Cleanup", Time since last: 1000104016 ns, Reaching safepoint: 6900 ns, Cleanup: 19700 ns, At safepoint: 1800 ns, Total: 28400 ns
[1970.686s][info ][safepoint      ] Safepoint "Cleanup", Time since last: 1000113016 ns, Reaching safepoint: 7300 ns, Cleanup: 10200 ns, At safepoint: 2100 ns, Total: 19600 ns
[1980.683s][info ][safepoint      ] Safepoint "Cleanup", Time since last: 9996347863 ns, Reaching safepoint: 4500 ns, Cleanup: 11800 ns, At safepoint: 3000 ns, Total: 19300 ns
[1981.683s][info ][safepoint      ] Safepoint "Cleanup", Time since last: 1000168020 ns, Reaching safepoint: 6900 ns, Cleanup: 11900 ns, At safepoint: 3199 ns, Total: 21999 ns
[1984.683s][info ][safepoint      ] Safepoint "Cleanup", Time since last: 3000203029 ns, Reaching safepoint: 7200 ns, Cleanup: 10400 ns, At safepoint: 2300 ns, Total: 19900 ns
[1985.683s][info ][safepoint      ] Safepoint "Cleanup", Time since last: 1000115053 ns, Reaching safepoint: 7200 ns, Cleanup: 12099 ns, At safepoint: 2200 ns, Total: 21499 ns
[1986.683s][info ][safepoint      ] Safepoint "Cleanup", Time since last: 1000110453 ns, Reaching safepoint: 6400 ns, Cleanup: 12400 ns, At safepoint: 2100 ns, Total: 20900 ns
[1987.683s][info ][safepoint      ] Safepoint "Cleanup", Time since last: 1000114752 ns, Reaching safepoint: 7000 ns, Cleanup: 10200 ns, At safepoint: 2500 ns, Total: 19700 ns
[1992.684s][info ][safepoint      ] Safepoint "Cleanup", Time since last: 5000404900 ns, Reaching safepoint: 6900 ns, Cleanup: 10200 ns, At safepoint: 2600 ns, Total: 19700 ns
[1993.684s][info ][safepoint      ] Safepoint "Cleanup", Time since last: 1000108980 ns, Reaching safepoint: 6200 ns, Cleanup: 13700 ns, At safepoint: 2000 ns, Total: 21900 ns
[1999.684s][info ][safepoint      ] Safepoint "Cleanup", Time since last: 6000439235 ns, Reaching safepoint: 6700 ns, Cleanup: 9400 ns, At safepoint: 1900 ns, Total: 18000 ns
[2000.684s][info ][safepoint      ] Safepoint "Cleanup", Time since last: 1000111268 ns, Reaching safepoint: 5400 ns, Cleanup: 9200 ns, At safepoint: 1800 ns, Total: 16400 ns
[2002.685s][info ][safepoint      ] Safepoint "Cleanup", Time since last: 2000168336 ns, Reaching safepoint: 5100 ns, Cleanup: 7000 ns, At safepoint: 1800 ns, Total: 13900 ns
[2003.685s][info ][safepoint      ] Safepoint "Cleanup", Time since last: 1000104968 ns, Reaching safepoint: 6200 ns, Cleanup: 10100 ns, At safepoint: 1800 ns, Total: 18100 ns
[2004.685s][info ][safepoint      ] Safepoint "Cleanup", Time since last: 1000111968 ns, Reaching safepoint: 77200 ns, Cleanup: 9200 ns, At safepoint: 5400 ns, Total: 91800 ns
[2005.685s][info ][safepoint      ] Safepoint "Cleanup", Time since last: 1000113868 ns, Reaching safepoint: 5700 ns, Cleanup: 8799 ns, At safepoint: 2100 ns, Total: 16599 ns
[2006.685s][info ][safepoint      ] Safepoint "Cleanup", Time since last: 1000115700 ns, Reaching safepoint: 80400 ns, Cleanup: 11900 ns, At safepoint: 6000 ns, Total: 98300 ns
[2007.685s][info ][safepoint      ] Safepoint "Cleanup", Time since last: 1000116754 ns, Reaching safepoint: 6100 ns, Cleanup: 11900 ns, At safepoint: 2500 ns, Total: 20500 ns
[2008.181s][info ][gc,start       ] GC(44) Pause Young (Allocation Failure)
[2008.190s][debug][gc,phases      ] GC(44) Scavenge 8.637ms
[2008.190s][debug][gc,ref         ] GC(44) ReferenceProcessor::execute queues: 1, RefProcThreadModel::Single, marks_oops_alive: false
[2008.190s][debug][gc,ref         ] GC(44) Skipped KeepAliveFinalRefsPhase of Reference Processing: no references
[2008.190s][debug][gc,ref         ] GC(44) ReferenceProcessor::execute queues: 1, RefProcThreadModel::Single, marks_oops_alive: false
[2008.190s][debug][gc,phases      ] GC(44) Reference Processing 0.100ms
[2008.190s][debug][gc,phases      ] GC(44)   VM Weak                        Min:  0.0, Avg:  0.0, Max:  0.0, Diff:  0.0, Sum:  0.0, Workers: 4
[2008.190s][debug][gc,phases      ] GC(44)     Dead                           Min: 0, Avg:  0.0, Max: 0, Diff: 0, Sum: 0, Workers: 4
[2008.190s][debug][gc,phases      ] GC(44)     Total                          Min: 0, Avg: 241.8, Max: 512, Diff: 512, Sum: 967, Workers: 4
[2008.191s][debug][gc,phases      ] GC(44)   ObjectSynchronizer Weak        Min:  0.0, Avg:  0.0, Max:  0.0, Diff:  0.0, Sum:  0.0, Workers: 4
[2008.191s][debug][gc,phases      ] GC(44)     Dead                           Min: 0, Avg:  0.0, Max: 0, Diff: 0, Sum: 0, Workers: 4
[2008.191s][debug][gc,phases      ] GC(44)     Total                          Min: 0, Avg:  1.0, Max: 4, Diff: 4, Sum: 4, Workers: 4
[2008.191s][debug][gc,phases      ] GC(44)   JVMTI Tag Weak OopStorage      Min:  0.0, Avg:  0.0, Max:  0.0, Diff:  0.0, Sum:  0.0, Workers: 4
[2008.191s][debug][gc,phases      ] GC(44)     Dead                           Min: 0, Avg:  0.0, Max: 0, Diff: 0, Sum: 0, Workers: 4
[2008.191s][debug][gc,phases      ] GC(44)     Total                          Min: 0, Avg:  0.0, Max: 0, Diff: 0, Sum: 0, Workers: 4
[2008.191s][debug][gc,phases      ] GC(44)   StringTable Weak               Min:  0.0, Avg:  0.1, Max:  0.1, Diff:  0.1, Sum:  0.4, Workers: 4
[2008.191s][debug][gc,phases      ] GC(44)     Dead                           Min: 0, Avg:  0.2, Max: 1, Diff: 1, Sum: 1, Workers: 4
[2008.191s][debug][gc,phases      ] GC(44)     Total                          Min: 0, Avg: 11864.8, Max: 20864, Diff: 20864, Sum: 47459, Workers: 4
[2008.191s][debug][gc,phases      ] GC(44)   ResolvedMethodTable Weak       Min:  0.0, Avg:  0.0, Max:  0.0, Diff:  0.0, Sum:  0.1, Workers: 4
[2008.191s][debug][gc,phases      ] GC(44)     Dead                           Min: 0, Avg:  8.8, Max: 33, Diff: 33, Sum: 35, Workers: 4
[2008.191s][debug][gc,phases      ] GC(44)     Total                          Min: 0, Avg: 3839.5, Max: 6601, Diff: 6601, Sum: 15358, Workers: 4
[2008.191s][debug][gc,phases      ] GC(44)   JNI Weak                       Min:  0.0, Avg:  0.0, Max:  0.0, Diff:  0.0, Sum:  0.0, Workers: 4
[2008.191s][debug][gc,phases      ] GC(44)     Dead                           Min: 0, Avg:  0.0, Max: 0, Diff: 0, Sum: 0, Workers: 4
[2008.191s][debug][gc,phases      ] GC(44)     Total                          Min: 0, Avg: 13.0, Max: 52, Diff: 52, Sum: 52, Workers: 4
[2008.191s][debug][gc,phases      ] GC(44)   StringDedup Table Weak         Min:  0.0, Avg:  0.0, Max:  0.0, Diff:  0.0, Sum:  0.0, Workers: 4
[2008.191s][debug][gc,phases      ] GC(44)     Dead                           Min: 0, Avg:  0.0, Max: 0, Diff: 0, Sum: 0, Workers: 4
[2008.191s][debug][gc,phases      ] GC(44)     Total                          Min: 0, Avg:  0.0, Max: 0, Diff: 0, Sum: 0, Workers: 4
[2008.191s][debug][gc,phases      ] GC(44)   StringDedup Requests0 Weak     Min:  0.0, Avg:  0.0, Max:  0.0, Diff:  0.0, Sum:  0.0, Workers: 4
[2008.191s][debug][gc,phases      ] GC(44)     Dead                           Min: 0, Avg:  0.0, Max: 0, Diff: 0, Sum: 0, Workers: 4
[2008.191s][debug][gc,phases      ] GC(44)     Total                          Min: 0, Avg:  0.0, Max: 0, Diff: 0, Sum: 0, Workers: 4
[2008.191s][debug][gc,phases      ] GC(44)   StringDedup Requests1 Weak     Min:  0.0, Avg:  0.0, Max:  0.0, Diff:  0.0, Sum:  0.0, Workers: 4
[2008.191s][debug][gc,phases      ] GC(44)     Dead                           Min: 0, Avg:  0.0, Max: 0, Diff: 0, Sum: 0, Workers: 4
[2008.191s][debug][gc,phases      ] GC(44)     Total                          Min: 0, Avg:  0.0, Max: 0, Diff: 0, Sum: 0, Workers: 4
[2008.191s][debug][gc,phases      ] GC(44)   Weak JFR Old Object Samples    Min:  0.0, Avg:  0.0, Max:  0.0, Diff:  0.0, Sum:  0.0, Workers: 4
[2008.191s][debug][gc,phases      ] GC(44)     Dead                           Min: 0, Avg:  0.0, Max: 0, Diff: 0, Sum: 0, Workers: 4
[2008.191s][debug][gc,phases      ] GC(44)     Total                          Min: 0, Avg:  0.0, Max: 0, Diff: 0, Sum: 0, Workers: 4
[2008.191s][debug][gc,phases      ] GC(44) Weak Processing 0.370ms
[2008.191s][debug][gc,age         ] GC(44) Desired survivor size 58195968 bytes, new threshold 1 (max threshold 15)
[2008.191s][info ][gc,heap        ] GC(44) PSYoungGen: 1990256K(2036736K)->7712K(2033152K) Eden: 1972736K(1972736K)->0K(1972736K) From: 17520K(64000K)->7712K(60416K)
[2008.191s][info ][gc,heap        ] GC(44) ParOldGen: 313540K(347136K)->327224K(347136K)
[2008.191s][info ][gc,metaspace   ] GC(44) Metaspace: 109760K(111104K)->109760K(111104K) NonClass: 93300K(94080K)->93300K(94080K) Class: 16459K(17024K)->16459K(17024K)
[2008.191s][info ][gc             ] GC(44) Pause Young (Allocation Failure) 2249M->327M(2324M) 9.287ms
[2008.191s][info ][gc,cpu         ] GC(44) User=0.04s Sys=0.00s Real=0.01s
[2008.191s][info ][safepoint      ] Safepoint "ParallelGCFailedAllocation", Time since last: 495864242 ns, Reaching safepoint: 6800 ns, Cleanup: 3900 ns, At safepoint: 9369148 ns, Total: 9379848 ns
[2009.191s][info ][safepoint      ] Safepoint "Cleanup", Time since last: 1000087438 ns, Reaching safepoint: 6200 ns, Cleanup: 9700 ns, At safepoint: 1700 ns, Total: 17600 ns
[2012.191s][info ][safepoint      ] Safepoint "Cleanup", Time since last: 3000253314 ns, Reaching safepoint: 7300 ns, Cleanup: 14099 ns, At safepoint: 2500 ns, Total: 23899 ns
[2014.191s][info ][safepoint      ] Safepoint "Cleanup", Time since last: 2000177076 ns, Reaching safepoint: 6200 ns, Cleanup: 11100 ns, At safepoint: 2100 ns, Total: 19400 ns
[2021.192s][info ][safepoint      ] Safepoint "Cleanup", Time since last: 7000523678 ns, Reaching safepoint: 5900 ns, Cleanup: 11500 ns, At safepoint: 2300 ns, Total: 19700 ns
[2023.192s][info ][safepoint      ] Safepoint "Cleanup", Time since last: 2000180411 ns, Reaching safepoint: 6200 ns, Cleanup: 9800 ns, At safepoint: 2000 ns, Total: 18000 ns
[2024.192s][info ][safepoint      ] Safepoint "Cleanup", Time since last: 1000104325 ns, Reaching safepoint: 5600 ns, Cleanup: 9900 ns, At safepoint: 1900 ns, Total: 17400 ns
[2032.193s][info ][safepoint      ] Safepoint "Cleanup", Time since last: 8000601103 ns, Reaching safepoint: 6100 ns, Cleanup: 10200 ns, At safepoint: 19700 ns, Total: 36000 ns
[2033.193s][info ][safepoint      ] Safepoint "Cleanup", Time since last: 1000108865 ns, Reaching safepoint: 5700 ns, Cleanup: 12100 ns, At safepoint: 2100 ns, Total: 19900 ns
[2037.193s][info ][safepoint      ] Safepoint "Cleanup", Time since last: 4000308461 ns, Reaching safepoint: 5700 ns, Cleanup: 9600 ns, At safepoint: 2100 ns, Total: 17400 ns
[2043.700s][info ][safepoint      ] Safepoint "Cleanup", Time since last: 6506420552 ns, Reaching safepoint: 5500 ns, Cleanup: 9800 ns, At safepoint: 1900 ns, Total: 17200 ns
[2046.700s][info ][safepoint      ] Safepoint "Cleanup", Time since last: 3000244481 ns, Reaching safepoint: 5800 ns, Cleanup: 8700 ns, At safepoint: 1700 ns, Total: 16200 ns
[2081.702s][info ][safepoint      ] Safepoint "Cleanup", Time since last: 35002478735 ns, Reaching safepoint: 5800 ns, Cleanup: 10300 ns, At safepoint: 2100 ns, Total: 18200 ns
[2084.703s][info ][safepoint      ] Safepoint "Cleanup", Time since last: 3000250891 ns, Reaching safepoint: 6100 ns, Cleanup: 10500 ns, At safepoint: 2100 ns, Total: 18700 ns
[2085.703s][info ][safepoint      ] Safepoint "Cleanup", Time since last: 1000112830 ns, Reaching safepoint: 5900 ns, Cleanup: 9400 ns, At safepoint: 2000 ns, Total: 17300 ns
[2088.770s][info ][gc,start       ] GC(45) Pause Young (Allocation Failure)
[2088.774s][debug][gc,phases      ] GC(45) Scavenge 3.666ms
[2088.774s][debug][gc,ref         ] GC(45) ReferenceProcessor::execute queues: 1, RefProcThreadModel::Single, marks_oops_alive: false
[2088.774s][debug][gc,ref         ] GC(45) Skipped KeepAliveFinalRefsPhase of Reference Processing: no references
[2088.774s][debug][gc,ref         ] GC(45) ReferenceProcessor::execute queues: 1, RefProcThreadModel::Single, marks_oops_alive: false
[2088.774s][debug][gc,phases      ] GC(45) Reference Processing 0.095ms
[2088.774s][debug][gc,phases      ] GC(45)   VM Weak                        Min:  0.0, Avg:  0.0, Max:  0.0, Diff:  0.0, Sum:  0.0, Workers: 4
[2088.774s][debug][gc,phases      ] GC(45)     Dead                           Min: 0, Avg:  0.0, Max: 0, Diff: 0, Sum: 0, Workers: 4
[2088.774s][debug][gc,phases      ] GC(45)     Total                          Min: 0, Avg: 241.8, Max: 775, Diff: 775, Sum: 967, Workers: 4
[2088.774s][debug][gc,phases      ] GC(45)   ObjectSynchronizer Weak        Min:  0.0, Avg:  0.0, Max:  0.0, Diff:  0.0, Sum:  0.0, Workers: 4
[2088.774s][debug][gc,phases      ] GC(45)     Dead                           Min: 0, Avg:  0.0, Max: 0, Diff: 0, Sum: 0, Workers: 4
[2088.774s][debug][gc,phases      ] GC(45)     Total                          Min: 0, Avg:  1.0, Max: 4, Diff: 4, Sum: 4, Workers: 4
[2088.774s][debug][gc,phases      ] GC(45)   JVMTI Tag Weak OopStorage      Min:  0.0, Avg:  0.0, Max:  0.0, Diff:  0.0, Sum:  0.0, Workers: 4
[2088.774s][debug][gc,phases      ] GC(45)     Dead                           Min: 0, Avg:  0.0, Max: 0, Diff: 0, Sum: 0, Workers: 4
[2088.774s][debug][gc,phases      ] GC(45)     Total                          Min: 0, Avg:  0.0, Max: 0, Diff: 0, Sum: 0, Workers: 4
[2088.774s][debug][gc,phases      ] GC(45)   StringTable Weak               Min:  0.0, Avg:  0.1, Max:  0.1, Diff:  0.1, Sum:  0.4, Workers: 4
[2088.774s][debug][gc,phases      ] GC(45)     Dead                           Min: 0, Avg:  0.2, Max: 1, Diff: 1, Sum: 1, Workers: 4
[2088.774s][debug][gc,phases      ] GC(45)     Total                          Min: 0, Avg: 11872.8, Max: 20352, Diff: 20352, Sum: 47491, Workers: 4
[2088.774s][debug][gc,phases      ] GC(45)   ResolvedMethodTable Weak       Min:  0.0, Avg:  0.0, Max:  0.0, Diff:  0.0, Sum:  0.1, Workers: 4
[2088.774s][debug][gc,phases      ] GC(45)     Dead                           Min: 0, Avg:  6.2, Max: 21, Diff: 21, Sum: 25, Workers: 4
[2088.774s][debug][gc,phases      ] GC(45)     Total                          Min: 0, Avg: 3847.8, Max: 6520, Diff: 6520, Sum: 15391, Workers: 4
[2088.774s][debug][gc,phases      ] GC(45)   JNI Weak                       Min:  0.0, Avg:  0.0, Max:  0.0, Diff:  0.0, Sum:  0.0, Workers: 4
[2088.774s][debug][gc,phases      ] GC(45)     Dead                           Min: 0, Avg:  0.0, Max: 0, Diff: 0, Sum: 0, Workers: 4
[2088.774s][debug][gc,phases      ] GC(45)     Total                          Min: 0, Avg: 13.0, Max: 52, Diff: 52, Sum: 52, Workers: 4
[2088.774s][debug][gc,phases      ] GC(45)   StringDedup Table Weak         Min:  0.0, Avg:  0.0, Max:  0.0, Diff:  0.0, Sum:  0.0, Workers: 4
[2088.774s][debug][gc,phases      ] GC(45)     Dead                           Min: 0, Avg:  0.0, Max: 0, Diff: 0, Sum: 0, Workers: 4
[2088.774s][debug][gc,phases      ] GC(45)     Total                          Min: 0, Avg:  0.0, Max: 0, Diff: 0, Sum: 0, Workers: 4
[2088.774s][debug][gc,phases      ] GC(45)   StringDedup Requests0 Weak     Min:  0.0, Avg:  0.0, Max:  0.0, Diff:  0.0, Sum:  0.0, Workers: 4
[2088.774s][debug][gc,phases      ] GC(45)     Dead                           Min: 0, Avg:  0.0, Max: 0, Diff: 0, Sum: 0, Workers: 4
[2088.774s][debug][gc,phases      ] GC(45)     Total                          Min: 0, Avg:  0.0, Max: 0, Diff: 0, Sum: 0, Workers: 4
[2088.774s][debug][gc,phases      ] GC(45)   StringDedup Requests1 Weak     Min:  0.0, Avg:  0.0, Max:  0.0, Diff:  0.0, Sum:  0.0, Workers: 4
[2088.774s][debug][gc,phases      ] GC(45)     Dead                           Min: 0, Avg:  0.0, Max: 0, Diff: 0, Sum: 0, Workers: 4
[2088.774s][debug][gc,phases      ] GC(45)     Total                          Min: 0, Avg:  0.0, Max: 0, Diff: 0, Sum: 0, Workers: 4
[2088.774s][debug][gc,phases      ] GC(45)   Weak JFR Old Object Samples    Min:  0.0, Avg:  0.0, Max:  0.0, Diff:  0.0, Sum:  0.0, Workers: 4
[2088.774s][debug][gc,phases      ] GC(45)     Dead                           Min: 0, Avg:  0.0, Max: 0, Diff: 0, Sum: 0, Workers: 4
[2088.774s][debug][gc,phases      ] GC(45)     Total                          Min: 0, Avg:  0.0, Max: 0, Diff: 0, Sum: 0, Workers: 4
[2088.774s][debug][gc,phases      ] GC(45) Weak Processing 0.343ms
[2088.774s][debug][gc,age         ] GC(45) Desired survivor size 56098816 bytes, new threshold 1 (max threshold 15)
[2088.774s][info ][gc,heap        ] GC(45) PSYoungGen: 1980448K(2033152K)->4208K(2042368K) Eden: 1972736K(1972736K)->0K(1985536K) From: 7712K(60416K)->4208K(56832K)
[2088.774s][info ][gc,heap        ] GC(45) ParOldGen: 327224K(347136K)->330779K(347136K)
[2088.774s][info ][gc,metaspace   ] GC(45) Metaspace: 109856K(111168K)->109856K(111168K) NonClass: 93382K(94144K)->93382K(94144K) Class: 16473K(17024K)->16473K(17024K)
[2088.774s][info ][gc             ] GC(45) Pause Young (Allocation Failure) 2253M->327M(2333M) 4.214ms
[2088.774s][info ][gc,cpu         ] GC(45) User=0.01s Sys=0.00s Real=0.00s
[2088.774s][info ][safepoint      ] Safepoint "ParallelGCFailedAllocation", Time since last: 3067042045 ns, Reaching safepoint: 77600 ns, Cleanup: 3500 ns, At safepoint: 4277875 ns, Total: 4358975 ns
[2091.774s][info ][safepoint      ] Safepoint "Cleanup", Time since last: 3000216494 ns, Reaching safepoint: 6500 ns, Cleanup: 16200 ns, At safepoint: 2300 ns, Total: 25000 ns
[2095.680s][info ][safepoint      ] Safepoint "ICBufferFull", Time since last: 3904908345 ns, Reaching safepoint: 83800 ns, Cleanup: 172399 ns, At safepoint: 11600 ns, Total: 267799 ns
[2096.680s][info ][safepoint      ] Safepoint "Cleanup", Time since last: 1000527293 ns, Reaching safepoint: 87399 ns, Cleanup: 127600 ns, At safepoint: 16900 ns, Total: 231899 ns
[2097.681s][info ][safepoint      ] Safepoint "Cleanup", Time since last: 1000121195 ns, Reaching safepoint: 6000 ns, Cleanup: 103199 ns, At safepoint: 10300 ns, Total: 119499 ns
[2098.681s][info ][safepoint      ] Safepoint "Cleanup", Time since last: 1000111395 ns, Reaching safepoint: 79900 ns, Cleanup: 54200 ns, At safepoint: 11600 ns, Total: 145700 ns
[2099.682s][info ][safepoint      ] Safepoint "Cleanup", Time since last: 1000106595 ns, Reaching safepoint: 783195 ns, Cleanup: 37800 ns, At safepoint: 6900 ns, Total: 827895 ns
[2100.682s][info ][safepoint      ] Safepoint "Cleanup", Time since last: 1000110195 ns, Reaching safepoint: 5700 ns, Cleanup: 23200 ns, At safepoint: 2100 ns, Total: 31000 ns
[2101.717s][info ][safepoint      ] Safepoint "Cleanup", Time since last: 1034575999 ns, Reaching safepoint: 6800 ns, Cleanup: 43600 ns, At safepoint: 2200 ns, Total: 52600 ns
[2102.717s][info ][safepoint      ] Safepoint "Cleanup", Time since last: 1000112395 ns, Reaching safepoint: 7300 ns, Cleanup: 16700 ns, At safepoint: 2300 ns, Total: 26300 ns
[2103.717s][info ][safepoint      ] Safepoint "Cleanup", Time since last: 1000114334 ns, Reaching safepoint: 7000 ns, Cleanup: 17100 ns, At safepoint: 2200 ns, Total: 26300 ns
[2104.717s][info ][safepoint      ] Safepoint "Cleanup", Time since last: 1000109057 ns, Reaching safepoint: 6600 ns, Cleanup: 12299 ns, At safepoint: 1900 ns, Total: 20799 ns
[2105.717s][info ][safepoint      ] Safepoint "Cleanup", Time since last: 1000105257 ns, Reaching safepoint: 6600 ns, Cleanup: 17100 ns, At safepoint: 2200 ns, Total: 25900 ns
[2106.717s][info ][safepoint      ] Safepoint "Cleanup", Time since last: 1000127656 ns, Reaching safepoint: 7300 ns, Cleanup: 13500 ns, At safepoint: 2000 ns, Total: 22800 ns
[2107.717s][info ][safepoint      ] Safepoint "Cleanup", Time since last: 1000103657 ns, Reaching safepoint: 7000 ns, Cleanup: 12800 ns, At safepoint: 1800 ns, Total: 21600 ns
[2108.718s][info ][safepoint      ] Safepoint "Cleanup", Time since last: 1000114556 ns, Reaching safepoint: 7300 ns, Cleanup: 38400 ns, At safepoint: 2300 ns, Total: 48000 ns
[2109.718s][info ][safepoint      ] Safepoint "Cleanup", Time since last: 1000126857 ns, Reaching safepoint: 7099 ns, Cleanup: 13000 ns, At safepoint: 2000 ns, Total: 22099 ns
[2110.718s][info ][safepoint      ] Safepoint "Cleanup", Time since last: 1000111557 ns, Reaching safepoint: 6700 ns, Cleanup: 9900 ns, At safepoint: 2400 ns, Total: 19000 ns
[2111.718s][info ][safepoint      ] Safepoint "Cleanup", Time since last: 1000114165 ns, Reaching safepoint: 7000 ns, Cleanup: 46800 ns, At safepoint: 2300 ns, Total: 56100 ns
[2112.718s][info ][safepoint      ] Safepoint "Cleanup", Time since last: 1000137292 ns, Reaching safepoint: 6600 ns, Cleanup: 14099 ns, At safepoint: 2700 ns, Total: 23399 ns
[2113.718s][info ][safepoint      ] Safepoint "Cleanup", Time since last: 1000117792 ns, Reaching safepoint: 6300 ns, Cleanup: 11300 ns, At safepoint: 2100 ns, Total: 19700 ns
[2114.719s][info ][safepoint      ] Safepoint "Cleanup", Time since last: 1000109392 ns, Reaching safepoint: 80000 ns, Cleanup: 13399 ns, At safepoint: 5800 ns, Total: 99199 ns
[2115.719s][info ][safepoint      ] Safepoint "Cleanup", Time since last: 1000123592 ns, Reaching safepoint: 79600 ns, Cleanup: 15200 ns, At safepoint: 6400 ns, Total: 101200 ns
[2116.719s][info ][safepoint      ] Safepoint "Cleanup", Time since last: 1000128591 ns, Reaching safepoint: 85100 ns, Cleanup: 14500 ns, At safepoint: 28900 ns, Total: 128500 ns
[2117.327s][info ][gc,start       ] GC(46) Pause Young (Allocation Failure)
[2117.349s][debug][gc,phases      ] GC(46) Scavenge 21.398ms
[2117.349s][debug][gc,ref         ] GC(46) ReferenceProcessor::execute queues: 1, RefProcThreadModel::Single, marks_oops_alive: false
[2117.349s][debug][gc,ref         ] GC(46) Skipped KeepAliveFinalRefsPhase of Reference Processing: no references
[2117.349s][debug][gc,ref         ] GC(46) ReferenceProcessor::execute queues: 1, RefProcThreadModel::Single, marks_oops_alive: false
[2117.349s][debug][gc,phases      ] GC(46) Reference Processing 0.115ms
[2117.349s][debug][gc,phases      ] GC(46)   VM Weak                        Min:  0.0, Avg:  0.0, Max:  0.0, Diff:  0.0, Sum:  0.0, Workers: 4
[2117.349s][debug][gc,phases      ] GC(46)     Dead                           Min: 0, Avg:  0.0, Max: 0, Diff: 0, Sum: 0, Workers: 4
[2117.349s][debug][gc,phases      ] GC(46)     Total                          Min: 0, Avg: 248.2, Max: 640, Diff: 640, Sum: 993, Workers: 4
[2117.349s][debug][gc,phases      ] GC(46)   ObjectSynchronizer Weak        Min:  0.0, Avg:  0.0, Max:  0.0, Diff:  0.0, Sum:  0.0, Workers: 4
[2117.349s][debug][gc,phases      ] GC(46)     Dead                           Min: 0, Avg:  0.0, Max: 0, Diff: 0, Sum: 0, Workers: 4
[2117.349s][debug][gc,phases      ] GC(46)     Total                          Min: 0, Avg:  1.0, Max: 4, Diff: 4, Sum: 4, Workers: 4
[2117.349s][debug][gc,phases      ] GC(46)   JVMTI Tag Weak OopStorage      Min:  0.0, Avg:  0.0, Max:  0.0, Diff:  0.0, Sum:  0.0, Workers: 4
[2117.349s][debug][gc,phases      ] GC(46)     Dead                           Min: 0, Avg:  0.0, Max: 0, Diff: 0, Sum: 0, Workers: 4
[2117.349s][debug][gc,phases      ] GC(46)     Total                          Min: 0, Avg:  0.0, Max: 0, Diff: 0, Sum: 0, Workers: 4
[2117.349s][debug][gc,phases      ] GC(46)   StringTable Weak               Min:  0.1, Avg:  0.2, Max:  0.2, Diff:  0.0, Sum:  0.6, Workers: 4
[2117.349s][debug][gc,phases      ] GC(46)     Dead                           Min: 0, Avg:  0.5, Max: 2, Diff: 2, Sum: 2, Workers: 4
[2117.349s][debug][gc,phases      ] GC(46)     Total                          Min: 5120, Avg: 11897.2, Max: 14400, Diff: 9280, Sum: 47589, Workers: 4
[2117.349s][debug][gc,phases      ] GC(46)   ResolvedMethodTable Weak       Min:  0.0, Avg:  0.0, Max:  0.1, Diff:  0.1, Sum:  0.2, Workers: 4
[2117.349s][debug][gc,phases      ] GC(46)     Dead                           Min: 0, Avg:  9.0, Max: 15, Diff: 15, Sum: 36, Workers: 4
[2117.349s][debug][gc,phases      ] GC(46)     Total                          Min: 0, Avg: 3889.0, Max: 5279, Diff: 5279, Sum: 15556, Workers: 4
[2117.349s][debug][gc,phases      ] GC(46)   JNI Weak                       Min:  0.0, Avg:  0.0, Max:  0.0, Diff:  0.0, Sum:  0.0, Workers: 4
[2117.349s][debug][gc,phases      ] GC(46)     Dead                           Min: 0, Avg:  0.0, Max: 0, Diff: 0, Sum: 0, Workers: 4
[2117.349s][debug][gc,phases      ] GC(46)     Total                          Min: 0, Avg: 13.0, Max: 52, Diff: 52, Sum: 52, Workers: 4
[2117.349s][debug][gc,phases      ] GC(46)   StringDedup Table Weak         Min:  0.0, Avg:  0.0, Max:  0.0, Diff:  0.0, Sum:  0.0, Workers: 4
[2117.349s][debug][gc,phases      ] GC(46)     Dead                           Min: 0, Avg:  0.0, Max: 0, Diff: 0, Sum: 0, Workers: 4
[2117.349s][debug][gc,phases      ] GC(46)     Total                          Min: 0, Avg:  0.0, Max: 0, Diff: 0, Sum: 0, Workers: 4
[2117.349s][debug][gc,phases      ] GC(46)   StringDedup Requests0 Weak     Min:  0.0, Avg:  0.0, Max:  0.0, Diff:  0.0, Sum:  0.0, Workers: 4
[2117.349s][debug][gc,phases      ] GC(46)     Dead                           Min: 0, Avg:  0.0, Max: 0, Diff: 0, Sum: 0, Workers: 4
[2117.349s][debug][gc,phases      ] GC(46)     Total                          Min: 0, Avg:  0.0, Max: 0, Diff: 0, Sum: 0, Workers: 4
[2117.349s][debug][gc,phases      ] GC(46)   StringDedup Requests1 Weak     Min:  0.0, Avg:  0.0, Max:  0.0, Diff:  0.0, Sum:  0.0, Workers: 4
[2117.349s][debug][gc,phases      ] GC(46)     Dead                           Min: 0, Avg:  0.0, Max: 0, Diff: 0, Sum: 0, Workers: 4
[2117.349s][debug][gc,phases      ] GC(46)     Total                          Min: 0, Avg:  0.0, Max: 0, Diff: 0, Sum: 0, Workers: 4
[2117.349s][debug][gc,phases      ] GC(46)   Weak JFR Old Object Samples    Min:  0.0, Avg:  0.0, Max:  0.0, Diff:  0.0, Sum:  0.0, Workers: 4
[2117.349s][debug][gc,phases      ] GC(46)     Dead                           Min: 0, Avg:  0.0, Max: 0, Diff: 0, Sum: 0, Workers: 4
[2117.349s][debug][gc,phases      ] GC(46)     Total                          Min: 0, Avg:  0.0, Max: 0, Diff: 0, Sum: 0, Workers: 4
[2117.349s][debug][gc,phases      ] GC(46) Weak Processing 0.415ms
[2117.349s][debug][gc,age         ] GC(46) Desired survivor size 71303168 bytes, new threshold 1 (max threshold 15)
[2117.349s][info ][gc,heap        ] GC(46) PSYoungGen: 1989744K(2042368K)->54777K(2040320K) Eden: 1985536K(1985536K)->0K(1985536K) From: 4208K(56832K)->54777K(54784K)
[2117.349s][info ][gc,heap        ] GC(46) ParOldGen: 330779K(347136K)->340513K(347136K)
[2117.349s][info ][gc,metaspace   ] GC(46) Metaspace: 110245K(111616K)->110245K(111616K) NonClass: 93722K(94528K)->93722K(94528K) Class: 16523K(17088K)->16523K(17088K)
[2117.349s][info ][gc             ] GC(46) Pause Young (Allocation Failure) 2266M->386M(2331M) 22.057ms
[2117.349s][info ][gc,cpu         ] GC(46) User=0.07s Sys=0.00s Real=0.02s
[2117.349s][info ][safepoint      ] Safepoint "ParallelGCFailedAllocation", Time since last: 608042808 ns, Reaching safepoint: 7000 ns, Cleanup: 15400 ns, At safepoint: 22130169 ns, Total: 22152569 ns
[2118.349s][info ][safepoint      ] Safepoint "Cleanup", Time since last: 1000093192 ns, Reaching safepoint: 6400 ns, Cleanup: 10700 ns, At safepoint: 2600 ns, Total: 19700 ns
[2119.349s][info ][safepoint      ] Safepoint "Cleanup", Time since last: 1000109992 ns, Reaching safepoint: 6400 ns, Cleanup: 9299 ns, At safepoint: 2300 ns, Total: 17999 ns
[2121.350s][info ][safepoint      ] Safepoint "Cleanup", Time since last: 2000187011 ns, Reaching safepoint: 6200 ns, Cleanup: 17999 ns, At safepoint: 1800 ns, Total: 25999 ns
[2122.350s][info ][safepoint      ] Safepoint "Cleanup", Time since last: 1000109733 ns, Reaching safepoint: 6200 ns, Cleanup: 14200 ns, At safepoint: 2400 ns, Total: 22800 ns
[2123.350s][info ][safepoint      ] Safepoint "Cleanup", Time since last: 1000114616 ns, Reaching safepoint: 6700 ns, Cleanup: 38600 ns, At safepoint: 2100 ns, Total: 47400 ns
[2125.350s][info ][safepoint      ] Safepoint "Cleanup", Time since last: 2000187654 ns, Reaching safepoint: 82599 ns, Cleanup: 12900 ns, At safepoint: 6900 ns, Total: 102399 ns
[2126.350s][info ][safepoint      ] Safepoint "Cleanup", Time since last: 1000127677 ns, Reaching safepoint: 6500 ns, Cleanup: 12400 ns, At safepoint: 2200 ns, Total: 21100 ns
[2127.351s][info ][safepoint      ] Safepoint "Cleanup", Time since last: 1000113776 ns, Reaching safepoint: 6700 ns, Cleanup: 15600 ns, At safepoint: 2800 ns, Total: 25100 ns
[2129.351s][info ][safepoint      ] Safepoint "Cleanup", Time since last: 2000196924 ns, Reaching safepoint: 5000 ns, Cleanup: 6600 ns, At safepoint: 1700 ns, Total: 13300 ns
[2130.351s][info ][safepoint      ] Safepoint "Cleanup", Time since last: 1000107708 ns, Reaching safepoint: 6800 ns, Cleanup: 11000 ns, At safepoint: 2500 ns, Total: 20300 ns
[2131.351s][info ][safepoint      ] Safepoint "Cleanup", Time since last: 1000121108 ns, Reaching safepoint: 7200 ns, Cleanup: 9799 ns, At safepoint: 2300 ns, Total: 19299 ns
[2132.351s][info ][safepoint      ] Safepoint "Cleanup", Time since last: 1000111509 ns, Reaching safepoint: 7699 ns, Cleanup: 10900 ns, At safepoint: 2100 ns, Total: 20699 ns
[2141.352s][info ][safepoint      ] Safepoint "Cleanup", Time since last: 9000667400 ns, Reaching safepoint: 6900 ns, Cleanup: 9800 ns, At safepoint: 1800 ns, Total: 18500 ns
[2149.352s][info ][safepoint      ] Safepoint "Cleanup", Time since last: 8000607054 ns, Reaching safepoint: 7100 ns, Cleanup: 11000 ns, At safepoint: 2400 ns, Total: 20500 ns
[2160.353s][info ][safepoint      ] Safepoint "Cleanup", Time since last: 11000841347 ns, Reaching safepoint: 6900 ns, Cleanup: 9600 ns, At safepoint: 2200 ns, Total: 18700 ns
[2167.734s][info ][safepoint      ] Safepoint "Cleanup", Time since last: 7380698476 ns, Reaching safepoint: 6500 ns, Cleanup: 12500 ns, At safepoint: 1900 ns, Total: 20900 ns
[2170.734s][info ][safepoint      ] Safepoint "Cleanup", Time since last: 3000237379 ns, Reaching safepoint: 6800 ns, Cleanup: 9400 ns, At safepoint: 2000 ns, Total: 18200 ns
[2171.734s][info ][safepoint      ] Safepoint "Cleanup", Time since last: 1000107559 ns, Reaching safepoint: 5100 ns, Cleanup: 9700 ns, At safepoint: 2200 ns, Total: 17000 ns
[2174.735s][info ][safepoint      ] Safepoint "Cleanup", Time since last: 3000240179 ns, Reaching safepoint: 5900 ns, Cleanup: 11200 ns, At safepoint: 1600 ns, Total: 18700 ns
[2175.735s][info ][safepoint      ] Safepoint "Cleanup", Time since last: 1000114014 ns, Reaching safepoint: 7100 ns, Cleanup: 13500 ns, At safepoint: 2300 ns, Total: 22900 ns
[2181.735s][info ][safepoint      ] Safepoint "Cleanup", Time since last: 6000468886 ns, Reaching safepoint: 6600 ns, Cleanup: 10200 ns, At safepoint: 2000 ns, Total: 18800 ns
[2182.735s][info ][safepoint      ] Safepoint "Cleanup", Time since last: 1000115347 ns, Reaching safepoint: 8000 ns, Cleanup: 17900 ns, At safepoint: 2200 ns, Total: 28100 ns
[2183.736s][info ][safepoint      ] Safepoint "Cleanup", Time since last: 1000136323 ns, Reaching safepoint: 6900 ns, Cleanup: 17500 ns, At safepoint: 2200 ns, Total: 26600 ns
[2184.736s][info ][safepoint      ] Safepoint "Cleanup", Time since last: 1000126105 ns, Reaching safepoint: 6700 ns, Cleanup: 10800 ns, At safepoint: 2300 ns, Total: 19800 ns
[2188.736s][info ][safepoint      ] Safepoint "Cleanup", Time since last: 4000321020 ns, Reaching safepoint: 6900 ns, Cleanup: 10400 ns, At safepoint: 2300 ns, Total: 19600 ns
[2202.221s][info ][gc,start       ] GC(47) Pause Young (Allocation Failure)
[2202.243s][debug][gc,phases      ] GC(47) Scavenge 21.766ms
[2202.243s][debug][gc,ref         ] GC(47) ReferenceProcessor::execute queues: 1, RefProcThreadModel::Single, marks_oops_alive: false
[2202.243s][debug][gc,ref         ] GC(47) Skipped KeepAliveFinalRefsPhase of Reference Processing: no references
[2202.243s][debug][gc,ref         ] GC(47) ReferenceProcessor::execute queues: 1, RefProcThreadModel::Single, marks_oops_alive: false
[2202.243s][debug][gc,phases      ] GC(47) Reference Processing 0.098ms
[2202.243s][debug][gc,phases      ] GC(47)   VM Weak                        Min:  0.0, Avg:  0.0, Max:  0.0, Diff:  0.0, Sum:  0.0, Workers: 4
[2202.244s][debug][gc,phases      ] GC(47)     Dead                           Min: 0, Avg:  0.0, Max: 0, Diff: 0, Sum: 0, Workers: 4
[2202.244s][debug][gc,phases      ] GC(47)     Total                          Min: 0, Avg: 248.5, Max: 994, Diff: 994, Sum: 994, Workers: 4
[2202.244s][debug][gc,phases      ] GC(47)   ObjectSynchronizer Weak        Min:  0.0, Avg:  0.0, Max:  0.0, Diff:  0.0, Sum:  0.0, Workers: 4
[2202.244s][debug][gc,phases      ] GC(47)     Dead                           Min: 0, Avg:  0.0, Max: 0, Diff: 0, Sum: 0, Workers: 4
[2202.244s][debug][gc,phases      ] GC(47)     Total                          Min: 0, Avg:  0.8, Max: 3, Diff: 3, Sum: 3, Workers: 4
[2202.244s][debug][gc,phases      ] GC(47)   JVMTI Tag Weak OopStorage      Min:  0.0, Avg:  0.0, Max:  0.0, Diff:  0.0, Sum:  0.0, Workers: 4
[2202.244s][debug][gc,phases      ] GC(47)     Dead                           Min: 0, Avg:  0.0, Max: 0, Diff: 0, Sum: 0, Workers: 4
[2202.244s][debug][gc,phases      ] GC(47)     Total                          Min: 0, Avg:  0.0, Max: 0, Diff: 0, Sum: 0, Workers: 4
[2202.244s][debug][gc,phases      ] GC(47)   StringTable Weak               Min:  0.0, Avg:  0.1, Max:  0.1, Diff:  0.1, Sum:  0.4, Workers: 4
[2202.244s][debug][gc,phases      ] GC(47)     Dead                           Min: 0, Avg:  0.0, Max: 0, Diff: 0, Sum: 0, Workers: 4
[2202.244s][debug][gc,phases      ] GC(47)     Total                          Min: 0, Avg: 11897.5, Max: 20352, Diff: 20352, Sum: 47590, Workers: 4
[2202.244s][debug][gc,phases      ] GC(47)   ResolvedMethodTable Weak       Min:  0.0, Avg:  0.0, Max:  0.0, Diff:  0.0, Sum:  0.1, Workers: 4
[2202.244s][debug][gc,phases      ] GC(47)     Dead                           Min: 0, Avg:  4.5, Max: 12, Diff: 12, Sum: 18, Workers: 4
[2202.244s][debug][gc,phases      ] GC(47)     Total                          Min: 0, Avg: 3890.0, Max: 6462, Diff: 6462, Sum: 15560, Workers: 4
[2202.244s][debug][gc,phases      ] GC(47)   JNI Weak                       Min:  0.0, Avg:  0.0, Max:  0.0, Diff:  0.0, Sum:  0.0, Workers: 4
[2202.244s][debug][gc,phases      ] GC(47)     Dead                           Min: 0, Avg:  0.0, Max: 0, Diff: 0, Sum: 0, Workers: 4
[2202.244s][debug][gc,phases      ] GC(47)     Total                          Min: 0, Avg: 13.0, Max: 52, Diff: 52, Sum: 52, Workers: 4
[2202.244s][debug][gc,phases      ] GC(47)   StringDedup Table Weak         Min:  0.0, Avg:  0.0, Max:  0.0, Diff:  0.0, Sum:  0.0, Workers: 4
[2202.244s][debug][gc,phases      ] GC(47)     Dead                           Min: 0, Avg:  0.0, Max: 0, Diff: 0, Sum: 0, Workers: 4
[2202.244s][debug][gc,phases      ] GC(47)     Total                          Min: 0, Avg:  0.0, Max: 0, Diff: 0, Sum: 0, Workers: 4
[2202.244s][debug][gc,phases      ] GC(47)   StringDedup Requests0 Weak     Min:  0.0, Avg:  0.0, Max:  0.0, Diff:  0.0, Sum:  0.0, Workers: 4
[2202.244s][debug][gc,phases      ] GC(47)     Dead                           Min: 0, Avg:  0.0, Max: 0, Diff: 0, Sum: 0, Workers: 4
[2202.244s][debug][gc,phases      ] GC(47)     Total                          Min: 0, Avg:  0.0, Max: 0, Diff: 0, Sum: 0, Workers: 4
[2202.244s][debug][gc,phases      ] GC(47)   StringDedup Requests1 Weak     Min:  0.0, Avg:  0.0, Max:  0.0, Diff:  0.0, Sum:  0.0, Workers: 4
[2202.244s][debug][gc,phases      ] GC(47)     Dead                           Min: 0, Avg:  0.0, Max: 0, Diff: 0, Sum: 0, Workers: 4
[2202.244s][debug][gc,phases      ] GC(47)     Total                          Min: 0, Avg:  0.0, Max: 0, Diff: 0, Sum: 0, Workers: 4
[2202.244s][debug][gc,phases      ] GC(47)   Weak JFR Old Object Samples    Min:  0.0, Avg:  0.0, Max:  0.0, Diff:  0.0, Sum:  0.0, Workers: 4
[2202.244s][debug][gc,phases      ] GC(47)     Dead                           Min: 0, Avg:  0.0, Max: 0, Diff: 0, Sum: 0, Workers: 4
[2202.244s][debug][gc,phases      ] GC(47)     Total                          Min: 0, Avg:  0.0, Max: 0, Diff: 0, Sum: 0, Workers: 4
[2202.244s][debug][gc,phases      ] GC(47) Weak Processing 0.368ms
[2202.244s][debug][gc,age         ] GC(47) Desired survivor size 68681728 bytes, new threshold 1 (max threshold 15)
[2202.244s][info ][gc,heap        ] GC(47) PSYoungGen: 2040313K(2040320K)->4089K(2019840K) Eden: 1985536K(1985536K)->0K(1963008K) From: 54777K(54784K)->4089K(56832K)
[2202.244s][info ][gc,heap        ] GC(47) ParOldGen: 340513K(347136K)->380030K(380416K)
[2202.244s][info ][gc,metaspace   ] GC(47) Metaspace: 110284K(111616K)->110284K(111616K) NonClass: 93760K(94528K)->93760K(94528K) Class: 16524K(17088K)->16524K(17088K)
[2202.244s][info ][gc             ] GC(47) Pause Young (Allocation Failure) 2325M->375M(2344M) 22.347ms
[2202.244s][info ][gc,cpu         ] GC(47) User=0.06s Sys=0.03s Real=0.02s
[2202.244s][info ][safepoint      ] Safepoint "ParallelGCFailedAllocation", Time since last: 13485108965 ns, Reaching safepoint: 81100 ns, Cleanup: 3500 ns, At safepoint: 22422457 ns, Total: 22507057 ns
[2213.245s][info ][safepoint      ] Safepoint "Cleanup", Time since last: 11000778817 ns, Reaching safepoint: 6300 ns, Cleanup: 11100 ns, At safepoint: 2100 ns, Total: 19500 ns
[2214.245s][info ][safepoint      ] Safepoint "Cleanup", Time since last: 1000142272 ns, Reaching safepoint: 7200 ns, Cleanup: 11900 ns, At safepoint: 2100 ns, Total: 21200 ns
[2225.246s][info ][safepoint      ] Safepoint "Cleanup", Time since last: 11000864246 ns, Reaching safepoint: 6600 ns, Cleanup: 31400 ns, At safepoint: 3000 ns, Total: 41000 ns
[2246.247s][info ][safepoint      ] Safepoint "Cleanup", Time since last: 21001505948 ns, Reaching safepoint: 5800 ns, Cleanup: 16599 ns, At safepoint: 2400 ns, Total: 24799 ns
[2258.248s][info ][safepoint      ] Safepoint "Cleanup", Time since last: 12000940489 ns, Reaching safepoint: 7000 ns, Cleanup: 11300 ns, At safepoint: 2100 ns, Total: 20400 ns
[2263.248s][info ][safepoint      ] Safepoint "Cleanup", Time since last: 5000400364 ns, Reaching safepoint: 6000 ns, Cleanup: 9400 ns, At safepoint: 2100 ns, Total: 17500 ns
[2265.249s][info ][safepoint      ] Safepoint "Cleanup", Time since last: 2000216893 ns, Reaching safepoint: 6500 ns, Cleanup: 11000 ns, At safepoint: 2600 ns, Total: 20100 ns
[2277.250s][info ][safepoint      ] Safepoint "Cleanup", Time since last: 12000895637 ns, Reaching safepoint: 6300 ns, Cleanup: 9400 ns, At safepoint: 2200 ns, Total: 17900 ns
[2282.250s][info ][safepoint      ] Safepoint "Cleanup", Time since last: 5000384876 ns, Reaching safepoint: 6100 ns, Cleanup: 10200 ns, At safepoint: 2300 ns, Total: 18600 ns
[2283.250s][info ][safepoint      ] Safepoint "Cleanup", Time since last: 1000107561 ns, Reaching safepoint: 5600 ns, Cleanup: 10900 ns, At safepoint: 2100 ns, Total: 18600 ns
[2286.250s][info ][safepoint      ] Safepoint "Cleanup", Time since last: 3000272385 ns, Reaching safepoint: 5800 ns, Cleanup: 10700 ns, At safepoint: 2100 ns, Total: 18600 ns
[2291.251s][info ][safepoint      ] Safepoint "Cleanup", Time since last: 5000408707 ns, Reaching safepoint: 5400 ns, Cleanup: 9000 ns, At safepoint: 2100 ns, Total: 16500 ns
[2302.252s][info ][safepoint      ] Safepoint "Cleanup", Time since last: 11000792719 ns, Reaching safepoint: 6599 ns, Cleanup: 9800 ns, At safepoint: 1900 ns, Total: 18299 ns
[2304.243s][info ][gc,start       ] GC(48) Pause Young (Allocation Failure)
[2304.246s][debug][gc,phases      ] GC(48) Scavenge 2.993ms
[2304.246s][debug][gc,ref         ] GC(48) ReferenceProcessor::execute queues: 1, RefProcThreadModel::Single, marks_oops_alive: false
[2304.246s][debug][gc,ref         ] GC(48) Skipped KeepAliveFinalRefsPhase of Reference Processing: no references
[2304.246s][debug][gc,ref         ] GC(48) ReferenceProcessor::execute queues: 1, RefProcThreadModel::Single, marks_oops_alive: false
[2304.246s][debug][gc,phases      ] GC(48) Reference Processing 0.083ms
[2304.246s][debug][gc,phases      ] GC(48)   VM Weak                        Min:  0.0, Avg:  0.0, Max:  0.0, Diff:  0.0, Sum:  0.0, Workers: 4
[2304.246s][debug][gc,phases      ] GC(48)     Dead                           Min: 0, Avg:  0.0, Max: 0, Diff: 0, Sum: 0, Workers: 4
[2304.246s][debug][gc,phases      ] GC(48)     Total                          Min: 0, Avg: 248.5, Max: 384, Diff: 384, Sum: 994, Workers: 4
[2304.246s][debug][gc,phases      ] GC(48)   ObjectSynchronizer Weak        Min:  0.0, Avg:  0.0, Max:  0.0, Diff:  0.0, Sum:  0.0, Workers: 4
[2304.246s][debug][gc,phases      ] GC(48)     Dead                           Min: 0, Avg:  0.0, Max: 0, Diff: 0, Sum: 0, Workers: 4
[2304.246s][debug][gc,phases      ] GC(48)     Total                          Min: 0, Avg:  0.8, Max: 3, Diff: 3, Sum: 3, Workers: 4
[2304.246s][debug][gc,phases      ] GC(48)   JVMTI Tag Weak OopStorage      Min:  0.0, Avg:  0.0, Max:  0.0, Diff:  0.0, Sum:  0.0, Workers: 4
[2304.246s][debug][gc,phases      ] GC(48)     Dead                           Min: 0, Avg:  0.0, Max: 0, Diff: 0, Sum: 0, Workers: 4
[2304.246s][debug][gc,phases      ] GC(48)     Total                          Min: 0, Avg:  0.0, Max: 0, Diff: 0, Sum: 0, Workers: 4
[2304.246s][debug][gc,phases      ] GC(48)   StringTable Weak               Min:  0.0, Avg:  0.1, Max:  0.2, Diff:  0.1, Sum:  0.4, Workers: 4
[2304.246s][debug][gc,phases      ] GC(48)     Dead                           Min: 0, Avg:  0.0, Max: 0, Diff: 0, Sum: 0, Workers: 4
[2304.246s][debug][gc,phases      ] GC(48)     Total                          Min: 0, Avg: 11897.5, Max: 16320, Diff: 16320, Sum: 47590, Workers: 4
[2304.246s][debug][gc,phases      ] GC(48)   ResolvedMethodTable Weak       Min:  0.0, Avg:  0.0, Max:  0.0, Diff:  0.0, Sum:  0.1, Workers: 4
[2304.246s][debug][gc,phases      ] GC(48)     Dead                           Min: 0, Avg:  4.0, Max: 12, Diff: 12, Sum: 16, Workers: 4
[2304.246s][debug][gc,phases      ] GC(48)     Total                          Min: 0, Avg: 3890.0, Max: 5825, Diff: 5825, Sum: 15560, Workers: 4
[2304.246s][debug][gc,phases      ] GC(48)   JNI Weak                       Min:  0.0, Avg:  0.0, Max:  0.0, Diff:  0.0, Sum:  0.0, Workers: 4
[2304.246s][debug][gc,phases      ] GC(48)     Dead                           Min: 0, Avg:  0.0, Max: 0, Diff: 0, Sum: 0, Workers: 4
[2304.246s][debug][gc,phases      ] GC(48)     Total                          Min: 0, Avg: 13.0, Max: 52, Diff: 52, Sum: 52, Workers: 4
[2304.246s][debug][gc,phases      ] GC(48)   StringDedup Table Weak         Min:  0.0, Avg:  0.0, Max:  0.0, Diff:  0.0, Sum:  0.0, Workers: 4
[2304.246s][debug][gc,phases      ] GC(48)     Dead                           Min: 0, Avg:  0.0, Max: 0, Diff: 0, Sum: 0, Workers: 4
[2304.246s][debug][gc,phases      ] GC(48)     Total                          Min: 0, Avg:  0.0, Max: 0, Diff: 0, Sum: 0, Workers: 4
[2304.246s][debug][gc,phases      ] GC(48)   StringDedup Requests0 Weak     Min:  0.0, Avg:  0.0, Max:  0.0, Diff:  0.0, Sum:  0.0, Workers: 4
[2304.246s][debug][gc,phases      ] GC(48)     Dead                           Min: 0, Avg:  0.0, Max: 0, Diff: 0, Sum: 0, Workers: 4
[2304.246s][debug][gc,phases      ] GC(48)     Total                          Min: 0, Avg:  0.0, Max: 0, Diff: 0, Sum: 0, Workers: 4
[2304.246s][debug][gc,phases      ] GC(48)   StringDedup Requests1 Weak     Min:  0.0, Avg:  0.0, Max:  0.0, Diff:  0.0, Sum:  0.0, Workers: 4
[2304.246s][debug][gc,phases      ] GC(48)     Dead                           Min: 0, Avg:  0.0, Max: 0, Diff: 0, Sum: 0, Workers: 4
[2304.246s][debug][gc,phases      ] GC(48)     Total                          Min: 0, Avg:  0.0, Max: 0, Diff: 0, Sum: 0, Workers: 4
[2304.246s][debug][gc,phases      ] GC(48)   Weak JFR Old Object Samples    Min:  0.0, Avg:  0.0, Max:  0.0, Diff:  0.0, Sum:  0.0, Workers: 4
[2304.246s][debug][gc,phases      ] GC(48)     Dead                           Min: 0, Avg:  0.0, Max: 0, Diff: 0, Sum: 0, Workers: 4
[2304.246s][debug][gc,phases      ] GC(48)     Total                          Min: 0, Avg:  0.0, Max: 0, Diff: 0, Sum: 0, Workers: 4
[2304.246s][debug][gc,phases      ] GC(48) Weak Processing 0.445ms
[2304.246s][debug][gc,age         ] GC(48) Desired survivor size 66060288 bytes, new threshold 1 (max threshold 15)
[2304.246s][info ][gc,heap        ] GC(48) PSYoungGen: 1967097K(2019840K)->3154K(2030080K) Eden: 1963008K(1963008K)->0K(1963008K) From: 4089K(56832K)->3154K(67072K)
[2304.246s][info ][gc,heap        ] GC(48) ParOldGen: 380030K(380416K)->381587K(381952K)
[2304.246s][info ][gc,metaspace   ] GC(48) Metaspace: 110294K(111616K)->110294K(111616K) NonClass: 93770K(94528K)->93770K(94528K) Class: 16524K(17088K)->16524K(17088K)
[2304.246s][info ][gc             ] GC(48) Pause Young (Allocation Failure) 2292M->375M(2355M) 3.627ms
[2304.246s][info ][gc,cpu         ] GC(48) User=0.01s Sys=0.01s Real=0.01s
[2304.246s][info ][safepoint      ] Safepoint "ParallelGCFailedAllocation", Time since last: 1990925285 ns, Reaching safepoint: 6000 ns, Cleanup: 3400 ns, At safepoint: 3691776 ns, Total: 3701176 ns
[2317.247s][info ][safepoint      ] Safepoint "Cleanup", Time since last: 13000903776 ns, Reaching safepoint: 4600 ns, Cleanup: 9000 ns, At safepoint: 1900 ns, Total: 15500 ns
[2328.248s][info ][safepoint      ] Safepoint "Cleanup", Time since last: 11000856571 ns, Reaching safepoint: 6700 ns, Cleanup: 13800 ns, At safepoint: 6200 ns, Total: 26700 ns
[2335.249s][info ][safepoint      ] Safepoint "Cleanup", Time since last: 7000540529 ns, Reaching safepoint: 6200 ns, Cleanup: 9800 ns, At safepoint: 2300 ns, Total: 18300 ns
[2336.249s][info ][safepoint      ] Safepoint "Cleanup", Time since last: 1000115785 ns, Reaching safepoint: 6300 ns, Cleanup: 9299 ns, At safepoint: 2000 ns, Total: 17599 ns
[2346.250s][info ][safepoint      ] Safepoint "Cleanup", Time since last: 10000773021 ns, Reaching safepoint: 6500 ns, Cleanup: 9200 ns, At safepoint: 1900 ns, Total: 17600 ns
[2353.250s][info ][safepoint      ] Safepoint "Cleanup", Time since last: 7000543525 ns, Reaching safepoint: 6200 ns, Cleanup: 9300 ns, At safepoint: 2000 ns, Total: 17500 ns
[2364.251s][info ][safepoint      ] Safepoint "Cleanup", Time since last: 11000853130 ns, Reaching safepoint: 6000 ns, Cleanup: 10300 ns, At safepoint: 2100 ns, Total: 18400 ns
[2370.252s][info ][safepoint      ] Safepoint "Cleanup", Time since last: 6000472210 ns, Reaching safepoint: 6100 ns, Cleanup: 10800 ns, At safepoint: 1900 ns, Total: 18800 ns
[2376.252s][info ][safepoint      ] Safepoint "Cleanup", Time since last: 6000488556 ns, Reaching safepoint: 7000 ns, Cleanup: 12800 ns, At safepoint: 2400 ns, Total: 22200 ns
[2386.253s][info ][safepoint      ] Safepoint "Cleanup", Time since last: 10000744575 ns, Reaching safepoint: 7000 ns, Cleanup: 9900 ns, At safepoint: 2100 ns, Total: 19000 ns
[2402.254s][info ][safepoint      ] Safepoint "Cleanup", Time since last: 16001178651 ns, Reaching safepoint: 6200 ns, Cleanup: 12300 ns, At safepoint: 2300 ns, Total: 20800 ns
[2404.820s][info ][gc,start       ] GC(49) Pause Young (Allocation Failure)
[2404.822s][debug][gc,phases      ] GC(49) Scavenge 2.184ms
[2404.822s][debug][gc,ref         ] GC(49) ReferenceProcessor::execute queues: 1, RefProcThreadModel::Single, marks_oops_alive: false
[2404.823s][debug][gc,ref         ] GC(49) Skipped KeepAliveFinalRefsPhase of Reference Processing: no references
[2404.823s][debug][gc,ref         ] GC(49) ReferenceProcessor::execute queues: 1, RefProcThreadModel::Single, marks_oops_alive: false
[2404.823s][debug][gc,phases      ] GC(49) Reference Processing 0.096ms
[2404.823s][debug][gc,phases      ] GC(49)   VM Weak                        Min:  0.0, Avg:  0.0, Max:  0.0, Diff:  0.0, Sum:  0.0, Workers: 4
[2404.823s][debug][gc,phases      ] GC(49)     Dead                           Min: 0, Avg:  0.0, Max: 0, Diff: 0, Sum: 0, Workers: 4
[2404.823s][debug][gc,phases      ] GC(49)     Total                          Min: 0, Avg: 248.5, Max: 768, Diff: 768, Sum: 994, Workers: 4
[2404.823s][debug][gc,phases      ] GC(49)   ObjectSynchronizer Weak        Min:  0.0, Avg:  0.0, Max:  0.0, Diff:  0.0, Sum:  0.0, Workers: 4
[2404.823s][debug][gc,phases      ] GC(49)     Dead                           Min: 0, Avg:  0.0, Max: 0, Diff: 0, Sum: 0, Workers: 4
[2404.823s][debug][gc,phases      ] GC(49)     Total                          Min: 0, Avg:  0.8, Max: 3, Diff: 3, Sum: 3, Workers: 4
[2404.823s][debug][gc,phases      ] GC(49)   JVMTI Tag Weak OopStorage      Min:  0.0, Avg:  0.0, Max:  0.0, Diff:  0.0, Sum:  0.0, Workers: 4
[2404.823s][debug][gc,phases      ] GC(49)     Dead                           Min: 0, Avg:  0.0, Max: 0, Diff: 0, Sum: 0, Workers: 4
[2404.823s][debug][gc,phases      ] GC(49)     Total                          Min: 0, Avg:  0.0, Max: 0, Diff: 0, Sum: 0, Workers: 4
[2404.823s][debug][gc,phases      ] GC(49)   StringTable Weak               Min:  0.1, Avg:  0.1, Max:  0.1, Diff:  0.0, Sum:  0.5, Workers: 4
[2404.823s][debug][gc,phases      ] GC(49)     Dead                           Min: 0, Avg:  0.2, Max: 1, Diff: 1, Sum: 1, Workers: 4
[2404.823s][debug][gc,phases      ] GC(49)     Total                          Min: 10857, Avg: 11898.0, Max: 12416, Diff: 1559, Sum: 47592, Workers: 4
[2404.823s][debug][gc,phases      ] GC(49)   ResolvedMethodTable Weak       Min:  0.0, Avg:  0.0, Max:  0.0, Diff:  0.0, Sum:  0.2, Workers: 4
[2404.823s][debug][gc,phases      ] GC(49)     Dead                           Min: 0, Avg:  4.2, Max: 14, Diff: 14, Sum: 17, Workers: 4
[2404.823s][debug][gc,phases      ] GC(49)     Total                          Min: 3824, Avg: 3890.5, Max: 3993, Diff: 169, Sum: 15562, Workers: 4
[2404.823s][debug][gc,phases      ] GC(49)   JNI Weak                       Min:  0.0, Avg:  0.0, Max:  0.0, Diff:  0.0, Sum:  0.0, Workers: 4
[2404.823s][debug][gc,phases      ] GC(49)     Dead                           Min: 0, Avg:  0.0, Max: 0, Diff: 0, Sum: 0, Workers: 4
[2404.823s][debug][gc,phases      ] GC(49)     Total                          Min: 0, Avg: 13.0, Max: 52, Diff: 52, Sum: 52, Workers: 4
[2404.823s][debug][gc,phases      ] GC(49)   StringDedup Table Weak         Min:  0.0, Avg:  0.0, Max:  0.0, Diff:  0.0, Sum:  0.0, Workers: 4
[2404.823s][debug][gc,phases      ] GC(49)     Dead                           Min: 0, Avg:  0.0, Max: 0, Diff: 0, Sum: 0, Workers: 4
[2404.823s][debug][gc,phases      ] GC(49)     Total                          Min: 0, Avg:  0.0, Max: 0, Diff: 0, Sum: 0, Workers: 4
[2404.823s][debug][gc,phases      ] GC(49)   StringDedup Requests0 Weak     Min:  0.0, Avg:  0.0, Max:  0.0, Diff:  0.0, Sum:  0.0, Workers: 4
[2404.823s][debug][gc,phases      ] GC(49)     Dead                           Min: 0, Avg:  0.0, Max: 0, Diff: 0, Sum: 0, Workers: 4
[2404.823s][debug][gc,phases      ] GC(49)     Total                          Min: 0, Avg:  0.0, Max: 0, Diff: 0, Sum: 0, Workers: 4
[2404.823s][debug][gc,phases      ] GC(49)   StringDedup Requests1 Weak     Min:  0.0, Avg:  0.0, Max:  0.0, Diff:  0.0, Sum:  0.0, Workers: 4
[2404.823s][debug][gc,phases      ] GC(49)     Dead                           Min: 0, Avg:  0.0, Max: 0, Diff: 0, Sum: 0, Workers: 4
[2404.823s][debug][gc,phases      ] GC(49)     Total                          Min: 0, Avg:  0.0, Max: 0, Diff: 0, Sum: 0, Workers: 4
[2404.823s][debug][gc,phases      ] GC(49)   Weak JFR Old Object Samples    Min:  0.0, Avg:  0.0, Max:  0.0, Diff:  0.0, Sum:  0.0, Workers: 4
[2404.823s][debug][gc,phases      ] GC(49)     Dead                           Min: 0, Avg:  0.0, Max: 0, Diff: 0, Sum: 0, Workers: 4
[2404.823s][debug][gc,phases      ] GC(49)     Total                          Min: 0, Avg:  0.0, Max: 0, Diff: 0, Sum: 0, Workers: 4
[2404.823s][debug][gc,phases      ] GC(49) Weak Processing 0.350ms
[2404.823s][debug][gc,age         ] GC(49) Desired survivor size 62914560 bytes, new threshold 1 (max threshold 15)
[2404.823s][info ][gc,heap        ] GC(49) PSYoungGen: 1966162K(2030080K)->3355K(2035712K) Eden: 1963008K(1963008K)->0K(1971200K) From: 3154K(67072K)->3355K(64512K)
[2404.823s][info ][gc,heap        ] GC(49) ParOldGen: 381587K(381952K)->382071K(382464K)
[2404.823s][info ][gc,metaspace   ] GC(49) Metaspace: 110310K(111616K)->110310K(111616K) NonClass: 93786K(94528K)->93786K(94528K) Class: 16524K(17088K)->16524K(17088K)
[2404.823s][info ][gc             ] GC(49) Pause Young (Allocation Failure) 2292M->376M(2361M) 2.730ms
[2404.823s][info ][gc,cpu         ] GC(49) User=0.01s Sys=0.00s Real=0.00s
[2404.823s][info ][safepoint      ] Safepoint "ParallelGCFailedAllocation", Time since last: 2566037299 ns, Reaching safepoint: 82499 ns, Cleanup: 4000 ns, At safepoint: 2797780 ns, Total: 2884279 ns
[2411.823s][info ][safepoint      ] Safepoint "Cleanup", Time since last: 7000504082 ns, Reaching safepoint: 6600 ns, Cleanup: 27999 ns, At safepoint: 2200 ns, Total: 36799 ns
[2434.825s][info ][safepoint      ] Safepoint "Cleanup", Time since last: 23001593867 ns, Reaching safepoint: 6500 ns, Cleanup: 8800 ns, At safepoint: 2200 ns, Total: 17500 ns
[2435.825s][info ][safepoint      ] Safepoint "Cleanup", Time since last: 1000111243 ns, Reaching safepoint: 6900 ns, Cleanup: 11800 ns, At safepoint: 2000 ns, Total: 20700 ns
[2465.827s][info ][safepoint      ] Safepoint "Cleanup", Time since last: 30002175279 ns, Reaching safepoint: 6700 ns, Cleanup: 10600 ns, At safepoint: 2100 ns, Total: 19400 ns
[2472.828s][info ][safepoint      ] Safepoint "Cleanup", Time since last: 7000541260 ns, Reaching safepoint: 4900 ns, Cleanup: 11000 ns, At safepoint: 2100 ns, Total: 18000 ns
[2477.828s][info ][safepoint      ] Safepoint "Cleanup", Time since last: 5000381865 ns, Reaching safepoint: 5700 ns, Cleanup: 10200 ns, At safepoint: 2200 ns, Total: 18100 ns
[2478.829s][info ][safepoint      ] Safepoint "Cleanup", Time since last: 1000117013 ns, Reaching safepoint: 5800 ns, Cleanup: 9800 ns, At safepoint: 2000 ns, Total: 17600 ns
[2480.829s][info ][safepoint      ] Safepoint "Cleanup", Time since last: 2000173307 ns, Reaching safepoint: 5200 ns, Cleanup: 8800 ns, At safepoint: 2000 ns, Total: 16000 ns
[2502.286s][info ][gc,start       ] GC(50) Pause Young (Allocation Failure)
[2502.288s][debug][gc,phases      ] GC(50) Scavenge 2.273ms
[2502.288s][debug][gc,ref         ] GC(50) ReferenceProcessor::execute queues: 1, RefProcThreadModel::Single, marks_oops_alive: false
[2502.288s][debug][gc,ref         ] GC(50) Skipped KeepAliveFinalRefsPhase of Reference Processing: no references
[2502.288s][debug][gc,ref         ] GC(50) ReferenceProcessor::execute queues: 1, RefProcThreadModel::Single, marks_oops_alive: false
[2502.288s][debug][gc,phases      ] GC(50) Reference Processing 0.097ms
[2502.288s][debug][gc,phases      ] GC(50)   VM Weak                        Min:  0.0, Avg:  0.0, Max:  0.0, Diff:  0.0, Sum:  0.0, Workers: 4
[2502.288s][debug][gc,phases      ] GC(50)     Dead                           Min: 0, Avg:  0.0, Max: 0, Diff: 0, Sum: 0, Workers: 4
[2502.288s][debug][gc,phases      ] GC(50)     Total                          Min: 0, Avg: 248.5, Max: 994, Diff: 994, Sum: 994, Workers: 4
[2502.288s][debug][gc,phases      ] GC(50)   ObjectSynchronizer Weak        Min:  0.0, Avg:  0.0, Max:  0.0, Diff:  0.0, Sum:  0.0, Workers: 4
[2502.288s][debug][gc,phases      ] GC(50)     Dead                           Min: 0, Avg:  0.0, Max: 0, Diff: 0, Sum: 0, Workers: 4
[2502.288s][debug][gc,phases      ] GC(50)     Total                          Min: 0, Avg:  0.8, Max: 3, Diff: 3, Sum: 3, Workers: 4
[2502.288s][debug][gc,phases      ] GC(50)   JVMTI Tag Weak OopStorage      Min:  0.0, Avg:  0.0, Max:  0.0, Diff:  0.0, Sum:  0.0, Workers: 4
[2502.288s][debug][gc,phases      ] GC(50)     Dead                           Min: 0, Avg:  0.0, Max: 0, Diff: 0, Sum: 0, Workers: 4
[2502.288s][debug][gc,phases      ] GC(50)     Total                          Min: 0, Avg:  0.0, Max: 0, Diff: 0, Sum: 0, Workers: 4
[2502.288s][debug][gc,phases      ] GC(50)   StringTable Weak               Min:  0.0, Avg:  0.1, Max:  0.1, Diff:  0.1, Sum:  0.4, Workers: 4
[2502.288s][debug][gc,phases      ] GC(50)     Dead                           Min: 0, Avg:  0.0, Max: 0, Diff: 0, Sum: 0, Workers: 4
[2502.288s][debug][gc,phases      ] GC(50)     Total                          Min: 0, Avg: 11898.0, Max: 20607, Diff: 20607, Sum: 47592, Workers: 4
[2502.288s][debug][gc,phases      ] GC(50)   ResolvedMethodTable Weak       Min:  0.0, Avg:  0.0, Max:  0.0, Diff:  0.0, Sum:  0.1, Workers: 4
[2502.288s][debug][gc,phases      ] GC(50)     Dead                           Min: 0, Avg:  4.0, Max: 11, Diff: 11, Sum: 16, Workers: 4
[2502.288s][debug][gc,phases      ] GC(50)     Total                          Min: 0, Avg: 3890.5, Max: 6536, Diff: 6536, Sum: 15562, Workers: 4
[2502.288s][debug][gc,phases      ] GC(50)   JNI Weak                       Min:  0.0, Avg:  0.0, Max:  0.0, Diff:  0.0, Sum:  0.0, Workers: 4
[2502.288s][debug][gc,phases      ] GC(50)     Dead                           Min: 0, Avg:  0.0, Max: 0, Diff: 0, Sum: 0, Workers: 4
[2502.288s][debug][gc,phases      ] GC(50)     Total                          Min: 0, Avg: 13.0, Max: 52, Diff: 52, Sum: 52, Workers: 4
[2502.288s][debug][gc,phases      ] GC(50)   StringDedup Table Weak         Min:  0.0, Avg:  0.0, Max:  0.0, Diff:  0.0, Sum:  0.0, Workers: 4
[2502.288s][debug][gc,phases      ] GC(50)     Dead                           Min: 0, Avg:  0.0, Max: 0, Diff: 0, Sum: 0, Workers: 4
[2502.288s][debug][gc,phases      ] GC(50)     Total                          Min: 0, Avg:  0.0, Max: 0, Diff: 0, Sum: 0, Workers: 4
[2502.288s][debug][gc,phases      ] GC(50)   StringDedup Requests0 Weak     Min:  0.0, Avg:  0.0, Max:  0.0, Diff:  0.0, Sum:  0.0, Workers: 4
[2502.288s][debug][gc,phases      ] GC(50)     Dead                           Min: 0, Avg:  0.0, Max: 0, Diff: 0, Sum: 0, Workers: 4
[2502.288s][debug][gc,phases      ] GC(50)     Total                          Min: 0, Avg:  0.0, Max: 0, Diff: 0, Sum: 0, Workers: 4
[2502.288s][debug][gc,phases      ] GC(50)   StringDedup Requests1 Weak     Min:  0.0, Avg:  0.0, Max:  0.0, Diff:  0.0, Sum:  0.0, Workers: 4
[2502.288s][debug][gc,phases      ] GC(50)     Dead                           Min: 0, Avg:  0.0, Max: 0, Diff: 0, Sum: 0, Workers: 4
[2502.288s][debug][gc,phases      ] GC(50)     Total                          Min: 0, Avg:  0.0, Max: 0, Diff: 0, Sum: 0, Workers: 4
[2502.288s][debug][gc,phases      ] GC(50)   Weak JFR Old Object Samples    Min:  0.0, Avg:  0.0, Max:  0.0, Diff:  0.0, Sum:  0.0, Workers: 4
[2502.288s][debug][gc,phases      ] GC(50)     Dead                           Min: 0, Avg:  0.0, Max: 0, Diff: 0, Sum: 0, Workers: 4
[2502.288s][debug][gc,phases      ] GC(50)     Total                          Min: 0, Avg:  0.0, Max: 0, Diff: 0, Sum: 0, Workers: 4
[2502.288s][debug][gc,phases      ] GC(50) Weak Processing 0.363ms
[2502.288s][debug][gc,age         ] GC(50) Desired survivor size 60293120 bytes, new threshold 1 (max threshold 15)
[2502.288s][info ][gc,heap        ] GC(50) PSYoungGen: 1974555K(2035712K)->3056K(2032640K) Eden: 1971200K(1971200K)->0K(1971200K) From: 3355K(64512K)->3056K(61440K)
[2502.288s][info ][gc,heap        ] GC(50) ParOldGen: 382071K(382464K)->382754K(382976K)
[2502.288s][info ][gc,metaspace   ] GC(50) Metaspace: 110325K(111680K)->110325K(111680K) NonClass: 93801K(94592K)->93801K(94592K) Class: 16524K(17088K)->16524K(17088K)
[2502.288s][info ][gc             ] GC(50) Pause Young (Allocation Failure) 2301M->376M(2359M) 2.836ms
[2502.289s][info ][gc,cpu         ] GC(50) User=0.01s Sys=0.00s Real=0.00s
[2502.289s][info ][safepoint      ] Safepoint "ParallelGCFailedAllocation", Time since last: 21456917690 ns, Reaching safepoint: 5600 ns, Cleanup: 3600 ns, At safepoint: 2899980 ns, Total: 2909180 ns
[2523.290s][info ][safepoint      ] Safepoint "Cleanup", Time since last: 21001552498 ns, Reaching safepoint: 7200 ns, Cleanup: 10999 ns, At safepoint: 2100 ns, Total: 20299 ns
[2528.291s][info ][safepoint      ] Safepoint "Cleanup", Time since last: 5000410385 ns, Reaching safepoint: 5600 ns, Cleanup: 9900 ns, At safepoint: 2000 ns, Total: 17500 ns
[2553.292s][info ][safepoint      ] Safepoint "Cleanup", Time since last: 25001801636 ns, Reaching safepoint: 6500 ns, Cleanup: 10200 ns, At safepoint: 2099 ns, Total: 18799 ns
[2559.293s][info ][safepoint      ] Safepoint "Cleanup", Time since last: 6000486719 ns, Reaching safepoint: 7400 ns, Cleanup: 10900 ns, At safepoint: 2300 ns, Total: 20600 ns
[2562.293s][info ][safepoint      ] Safepoint "Cleanup", Time since last: 3000275408 ns, Reaching safepoint: 7000 ns, Cleanup: 12200 ns, At safepoint: 1999 ns, Total: 21199 ns
[2586.295s][info ][safepoint      ] Safepoint "Cleanup", Time since last: 24001778206 ns, Reaching safepoint: 6200 ns, Cleanup: 12400 ns, At safepoint: 2200 ns, Total: 20800 ns
[2588.295s][info ][safepoint      ] Safepoint "Cleanup", Time since last: 2000201439 ns, Reaching safepoint: 6500 ns, Cleanup: 15900 ns, At safepoint: 2300 ns, Total: 24700 ns
[2597.296s][info ][safepoint      ] Safepoint "Cleanup", Time since last: 9000695509 ns, Reaching safepoint: 6699 ns, Cleanup: 14000 ns, At safepoint: 2600 ns, Total: 23299 ns
[2598.296s][info ][safepoint      ] Safepoint "Cleanup", Time since last: 1000119179 ns, Reaching safepoint: 5600 ns, Cleanup: 9700 ns, At safepoint: 1800 ns, Total: 17100 ns
[2601.070s][info ][gc,start       ] GC(51) Pause Young (Allocation Failure)
[2601.073s][debug][gc,phases      ] GC(51) Scavenge 2.701ms
[2601.073s][debug][gc,ref         ] GC(51) ReferenceProcessor::execute queues: 1, RefProcThreadModel::Single, marks_oops_alive: false
[2601.073s][debug][gc,ref         ] GC(51) Skipped KeepAliveFinalRefsPhase of Reference Processing: no references
[2601.073s][debug][gc,ref         ] GC(51) ReferenceProcessor::execute queues: 1, RefProcThreadModel::Single, marks_oops_alive: false
[2601.073s][debug][gc,phases      ] GC(51) Reference Processing 0.098ms
[2601.073s][debug][gc,phases      ] GC(51)   VM Weak                        Min:  0.0, Avg:  0.0, Max:  0.0, Diff:  0.0, Sum:  0.0, Workers: 4
[2601.073s][debug][gc,phases      ] GC(51)     Dead                           Min: 0, Avg:  0.0, Max: 0, Diff: 0, Sum: 0, Workers: 4
[2601.073s][debug][gc,phases      ] GC(51)     Total                          Min: 0, Avg: 248.5, Max: 546, Diff: 546, Sum: 994, Workers: 4
[2601.073s][debug][gc,phases      ] GC(51)   ObjectSynchronizer Weak        Min:  0.0, Avg:  0.0, Max:  0.0, Diff:  0.0, Sum:  0.0, Workers: 4
[2601.073s][debug][gc,phases      ] GC(51)     Dead                           Min: 0, Avg:  0.0, Max: 0, Diff: 0, Sum: 0, Workers: 4
[2601.073s][debug][gc,phases      ] GC(51)     Total                          Min: 0, Avg:  0.8, Max: 3, Diff: 3, Sum: 3, Workers: 4
[2601.073s][debug][gc,phases      ] GC(51)   JVMTI Tag Weak OopStorage      Min:  0.0, Avg:  0.0, Max:  0.0, Diff:  0.0, Sum:  0.0, Workers: 4
[2601.073s][debug][gc,phases      ] GC(51)     Dead                           Min: 0, Avg:  0.0, Max: 0, Diff: 0, Sum: 0, Workers: 4
[2601.073s][debug][gc,phases      ] GC(51)     Total                          Min: 0, Avg:  0.0, Max: 0, Diff: 0, Sum: 0, Workers: 4
[2601.073s][debug][gc,phases      ] GC(51)   StringTable Weak               Min:  0.0, Avg:  0.1, Max:  0.1, Diff:  0.1, Sum:  0.4, Workers: 4
[2601.073s][debug][gc,phases      ] GC(51)     Dead                           Min: 0, Avg:  0.2, Max: 1, Diff: 1, Sum: 1, Workers: 4
[2601.073s][debug][gc,phases      ] GC(51)     Total                          Min: 0, Avg: 11898.8, Max: 20864, Diff: 20864, Sum: 47595, Workers: 4
[2601.073s][debug][gc,phases      ] GC(51)   ResolvedMethodTable Weak       Min:  0.0, Avg:  0.0, Max:  0.0, Diff:  0.0, Sum:  0.1, Workers: 4
[2601.073s][debug][gc,phases      ] GC(51)     Dead                           Min: 0, Avg:  4.2, Max: 13, Diff: 13, Sum: 17, Workers: 4
[2601.073s][debug][gc,phases      ] GC(51)     Total                          Min: 0, Avg: 3892.0, Max: 6305, Diff: 6305, Sum: 15568, Workers: 4
[2601.073s][debug][gc,phases      ] GC(51)   JNI Weak                       Min:  0.0, Avg:  0.0, Max:  0.0, Diff:  0.0, Sum:  0.0, Workers: 4
[2601.073s][debug][gc,phases      ] GC(51)     Dead                           Min: 0, Avg:  0.0, Max: 0, Diff: 0, Sum: 0, Workers: 4
[2601.073s][debug][gc,phases      ] GC(51)     Total                          Min: 0, Avg: 13.0, Max: 52, Diff: 52, Sum: 52, Workers: 4
[2601.073s][debug][gc,phases      ] GC(51)   StringDedup Table Weak         Min:  0.0, Avg:  0.0, Max:  0.0, Diff:  0.0, Sum:  0.0, Workers: 4
[2601.073s][debug][gc,phases      ] GC(51)     Dead                           Min: 0, Avg:  0.0, Max: 0, Diff: 0, Sum: 0, Workers: 4
[2601.073s][debug][gc,phases      ] GC(51)     Total                          Min: 0, Avg:  0.0, Max: 0, Diff: 0, Sum: 0, Workers: 4
[2601.073s][debug][gc,phases      ] GC(51)   StringDedup Requests0 Weak     Min:  0.0, Avg:  0.0, Max:  0.0, Diff:  0.0, Sum:  0.0, Workers: 4
[2601.073s][debug][gc,phases      ] GC(51)     Dead                           Min: 0, Avg:  0.0, Max: 0, Diff: 0, Sum: 0, Workers: 4
[2601.073s][debug][gc,phases      ] GC(51)     Total                          Min: 0, Avg:  0.0, Max: 0, Diff: 0, Sum: 0, Workers: 4
[2601.073s][debug][gc,phases      ] GC(51)   StringDedup Requests1 Weak     Min:  0.0, Avg:  0.0, Max:  0.0, Diff:  0.0, Sum:  0.0, Workers: 4
[2601.073s][debug][gc,phases      ] GC(51)     Dead                           Min: 0, Avg:  0.0, Max: 0, Diff: 0, Sum: 0, Workers: 4
[2601.073s][debug][gc,phases      ] GC(51)     Total                          Min: 0, Avg:  0.0, Max: 0, Diff: 0, Sum: 0, Workers: 4
[2601.073s][debug][gc,phases      ] GC(51)   Weak JFR Old Object Samples    Min:  0.0, Avg:  0.0, Max:  0.0, Diff:  0.0, Sum:  0.0, Workers: 4
[2601.073s][debug][gc,phases      ] GC(51)     Dead                           Min: 0, Avg:  0.0, Max: 0, Diff: 0, Sum: 0, Workers: 4
[2601.073s][debug][gc,phases      ] GC(51)     Total                          Min: 0, Avg:  0.0, Max: 0, Diff: 0, Sum: 0, Workers: 4
[2601.073s][debug][gc,phases      ] GC(51) Weak Processing 0.362ms
[2601.073s][debug][gc,age         ] GC(51) Desired survivor size 57671680 bytes, new threshold 1 (max threshold 15)
[2601.073s][info ][gc,heap        ] GC(51) PSYoungGen: 1974256K(2032640K)->3250K(2040832K) Eden: 1971200K(1971200K)->0K(1981952K) From: 3056K(61440K)->3250K(58880K)
[2601.073s][info ][gc,heap        ] GC(51) ParOldGen: 382754K(382976K)->383226K(383488K)
[2601.073s][info ][gc,metaspace   ] GC(51) Metaspace: 110339K(111680K)->110339K(111680K) NonClass: 93812K(94592K)->93812K(94592K) Class: 16526K(17088K)->16526K(17088K)
[2601.073s][info ][gc             ] GC(51) Pause Young (Allocation Failure) 2301M->377M(2367M) 3.268ms
[2601.073s][info ][gc,cpu         ] GC(51) User=0.01s Sys=0.00s Real=0.00s
[2601.073s][info ][safepoint      ] Safepoint "ParallelGCFailedAllocation", Time since last: 2773892791 ns, Reaching safepoint: 76601 ns, Cleanup: 3900 ns, At safepoint: 3330953 ns, Total: 3411454 ns
[2606.074s][info ][safepoint      ] Safepoint "Cleanup", Time since last: 5000353326 ns, Reaching safepoint: 5500 ns, Cleanup: 9000 ns, At safepoint: 2000 ns, Total: 16500 ns
[2610.074s][info ][safepoint      ] Safepoint "Cleanup", Time since last: 4000308068 ns, Reaching safepoint: 5901 ns, Cleanup: 11000 ns, At safepoint: 2000 ns, Total: 18901 ns
[2611.074s][info ][safepoint      ] Safepoint "Cleanup", Time since last: 1000104809 ns, Reaching safepoint: 5800 ns, Cleanup: 9100 ns, At safepoint: 1700 ns, Total: 16600 ns
[2618.075s][info ][safepoint      ] Safepoint "Cleanup", Time since last: 7000521329 ns, Reaching safepoint: 5900 ns, Cleanup: 10300 ns, At safepoint: 2000 ns, Total: 18200 ns
[2632.076s][info ][safepoint      ] Safepoint "Cleanup", Time since last: 14000974115 ns, Reaching safepoint: 5900 ns, Cleanup: 8400 ns, At safepoint: 2000 ns, Total: 16300 ns
[2640.076s][info ][safepoint      ] Safepoint "Cleanup", Time since last: 8000597992 ns, Reaching safepoint: 6000 ns, Cleanup: 10700 ns, At safepoint: 2100 ns, Total: 18800 ns
[2655.077s][info ][safepoint      ] Safepoint "Cleanup", Time since last: 15001084292 ns, Reaching safepoint: 5600 ns, Cleanup: 8500 ns, At safepoint: 2000 ns, Total: 16100 ns
[2663.078s][info ][safepoint      ] Safepoint "Cleanup", Time since last: 8000599500 ns, Reaching safepoint: 6600 ns, Cleanup: 31700 ns, At safepoint: 2100 ns, Total: 40400 ns
[2679.079s][info ][safepoint      ] Safepoint "Cleanup", Time since last: 16001180338 ns, Reaching safepoint: 5900 ns, Cleanup: 9900 ns, At safepoint: 2200 ns, Total: 18000 ns
[2698.330s][info ][gc,start       ] GC(52) Pause Young (Allocation Failure)
[2698.332s][debug][gc,phases      ] GC(52) Scavenge 2.693ms
[2698.332s][debug][gc,ref         ] GC(52) ReferenceProcessor::execute queues: 1, RefProcThreadModel::Single, marks_oops_alive: false
[2698.332s][debug][gc,ref         ] GC(52) Skipped KeepAliveFinalRefsPhase of Reference Processing: no references
[2698.332s][debug][gc,ref         ] GC(52) ReferenceProcessor::execute queues: 1, RefProcThreadModel::Single, marks_oops_alive: false
[2698.332s][debug][gc,phases      ] GC(52) Reference Processing 0.112ms
[2698.333s][debug][gc,phases      ] GC(52)   VM Weak                        Min:  0.0, Avg:  0.0, Max:  0.0, Diff:  0.0, Sum:  0.0, Workers: 4
[2698.333s][debug][gc,phases      ] GC(52)     Dead                           Min: 0, Avg:  0.0, Max: 0, Diff: 0, Sum: 0, Workers: 4
[2698.333s][debug][gc,phases      ] GC(52)     Total                          Min: 0, Avg: 248.5, Max: 994, Diff: 994, Sum: 994, Workers: 4
[2698.333s][debug][gc,phases      ] GC(52)   ObjectSynchronizer Weak        Min:  0.0, Avg:  0.0, Max:  0.0, Diff:  0.0, Sum:  0.0, Workers: 4
[2698.333s][debug][gc,phases      ] GC(52)     Dead                           Min: 0, Avg:  0.0, Max: 0, Diff: 0, Sum: 0, Workers: 4
[2698.333s][debug][gc,phases      ] GC(52)     Total                          Min: 0, Avg:  0.8, Max: 3, Diff: 3, Sum: 3, Workers: 4
[2698.333s][debug][gc,phases      ] GC(52)   JVMTI Tag Weak OopStorage      Min:  0.0, Avg:  0.0, Max:  0.0, Diff:  0.0, Sum:  0.0, Workers: 4
[2698.333s][debug][gc,phases      ] GC(52)     Dead                           Min: 0, Avg:  0.0, Max: 0, Diff: 0, Sum: 0, Workers: 4
[2698.333s][debug][gc,phases      ] GC(52)     Total                          Min: 0, Avg:  0.0, Max: 0, Diff: 0, Sum: 0, Workers: 4
[2698.333s][debug][gc,phases      ] GC(52)   StringTable Weak               Min:  0.0, Avg:  0.1, Max:  0.1, Diff:  0.1, Sum:  0.4, Workers: 4
[2698.333s][debug][gc,phases      ] GC(52)     Dead                           Min: 0, Avg:  0.0, Max: 0, Diff: 0, Sum: 0, Workers: 4
[2698.333s][debug][gc,phases      ] GC(52)     Total                          Min: 0, Avg: 11901.5, Max: 21504, Diff: 21504, Sum: 47606, Workers: 4
[2698.333s][debug][gc,phases      ] GC(52)   ResolvedMethodTable Weak       Min:  0.0, Avg:  0.0, Max:  0.1, Diff:  0.1, Sum:  0.2, Workers: 4
[2698.333s][debug][gc,phases      ] GC(52)     Dead                           Min: 0, Avg:  4.0, Max: 11, Diff: 11, Sum: 16, Workers: 4
[2698.333s][debug][gc,phases      ] GC(52)     Total                          Min: 0, Avg: 3892.0, Max: 5865, Diff: 5865, Sum: 15568, Workers: 4
[2698.333s][debug][gc,phases      ] GC(52)   JNI Weak                       Min:  0.0, Avg:  0.0, Max:  0.0, Diff:  0.0, Sum:  0.0, Workers: 4
[2698.333s][debug][gc,phases      ] GC(52)     Dead                           Min: 0, Avg:  0.0, Max: 0, Diff: 0, Sum: 0, Workers: 4
[2698.333s][debug][gc,phases      ] GC(52)     Total                          Min: 0, Avg: 13.0, Max: 52, Diff: 52, Sum: 52, Workers: 4
[2698.333s][debug][gc,phases      ] GC(52)   StringDedup Table Weak         Min:  0.0, Avg:  0.0, Max:  0.0, Diff:  0.0, Sum:  0.0, Workers: 4
[2698.333s][debug][gc,phases      ] GC(52)     Dead                           Min: 0, Avg:  0.0, Max: 0, Diff: 0, Sum: 0, Workers: 4
[2698.333s][debug][gc,phases      ] GC(52)     Total                          Min: 0, Avg:  0.0, Max: 0, Diff: 0, Sum: 0, Workers: 4
[2698.333s][debug][gc,phases      ] GC(52)   StringDedup Requests0 Weak     Min:  0.0, Avg:  0.0, Max:  0.0, Diff:  0.0, Sum:  0.0, Workers: 4
[2698.333s][debug][gc,phases      ] GC(52)     Dead                           Min: 0, Avg:  0.0, Max: 0, Diff: 0, Sum: 0, Workers: 4
[2698.333s][debug][gc,phases      ] GC(52)     Total                          Min: 0, Avg:  0.0, Max: 0, Diff: 0, Sum: 0, Workers: 4
[2698.333s][debug][gc,phases      ] GC(52)   StringDedup Requests1 Weak     Min:  0.0, Avg:  0.0, Max:  0.0, Diff:  0.0, Sum:  0.0, Workers: 4
[2698.333s][debug][gc,phases      ] GC(52)     Dead                           Min: 0, Avg:  0.0, Max: 0, Diff: 0, Sum: 0, Workers: 4
[2698.333s][debug][gc,phases      ] GC(52)     Total                          Min: 0, Avg:  0.0, Max: 0, Diff: 0, Sum: 0, Workers: 4
[2698.333s][debug][gc,phases      ] GC(52)   Weak JFR Old Object Samples    Min:  0.0, Avg:  0.0, Max:  0.0, Diff:  0.0, Sum:  0.0, Workers: 4
[2698.333s][debug][gc,phases      ] GC(52)     Dead                           Min: 0, Avg:  0.0, Max: 0, Diff: 0, Sum: 0, Workers: 4
[2698.333s][debug][gc,phases      ] GC(52)     Total                          Min: 0, Avg:  0.0, Max: 0, Diff: 0, Sum: 0, Workers: 4
[2698.333s][debug][gc,phases      ] GC(52) Weak Processing 0.364ms
[2698.333s][debug][gc,age         ] GC(52) Desired survivor size 54525952 bytes, new threshold 1 (max threshold 15)
[2698.333s][info ][gc,heap        ] GC(52) PSYoungGen: 1985202K(2040832K)->3591K(2038272K) Eden: 1981952K(1981952K)->0K(1981952K) From: 3250K(58880K)->3591K(56320K)
[2698.333s][info ][gc,heap        ] GC(52) ParOldGen: 383226K(383488K)->383737K(384000K)
[2698.333s][info ][gc,metaspace   ] GC(52) Metaspace: 110348K(111680K)->110348K(111680K) NonClass: 93821K(94592K)->93821K(94592K) Class: 16526K(17088K)->16526K(17088K)
[2698.333s][info ][gc             ] GC(52) Pause Young (Allocation Failure) 2312M->378M(2365M) 3.273ms
[2698.333s][info ][gc,cpu         ] GC(52) User=0.01s Sys=0.00s Real=0.00s
[2698.333s][info ][safepoint      ] Safepoint "ParallelGCFailedAllocation", Time since last: 19250218510 ns, Reaching safepoint: 5100 ns, Cleanup: 4200 ns, At safepoint: 3339995 ns, Total: 3349295 ns
[2711.334s][info ][safepoint      ] Safepoint "Cleanup", Time since last: 13000932926 ns, Reaching safepoint: 7000 ns, Cleanup: 18500 ns, At safepoint: 2100 ns, Total: 27600 ns
[2716.334s][info ][safepoint      ] Safepoint "Cleanup", Time since last: 5000404152 ns, Reaching safepoint: 7300 ns, Cleanup: 13000 ns, At safepoint: 2100 ns, Total: 22400 ns
[2732.335s][info ][safepoint      ] Safepoint "Cleanup", Time since last: 16001167354 ns, Reaching safepoint: 5700 ns, Cleanup: 9700 ns, At safepoint: 2100 ns, Total: 17500 ns
[2739.336s][info ][safepoint      ] Safepoint "Cleanup", Time since last: 7000580898 ns, Reaching safepoint: 7600 ns, Cleanup: 12300 ns, At safepoint: 2600 ns, Total: 22500 ns
[2742.336s][info ][safepoint      ] Safepoint "Cleanup", Time since last: 3000268153 ns, Reaching safepoint: 7000 ns, Cleanup: 10300 ns, At safepoint: 2400 ns, Total: 19700 ns
[2757.337s][info ][safepoint      ] Safepoint "Cleanup", Time since last: 15001124199 ns, Reaching safepoint: 6900 ns, Cleanup: 11100 ns, At safepoint: 2500 ns, Total: 20500 ns
[2763.338s][info ][safepoint      ] Safepoint "Cleanup", Time since last: 6000468655 ns, Reaching safepoint: 6900 ns, Cleanup: 12600 ns, At safepoint: 2700 ns, Total: 22200 ns
[2773.339s][info ][safepoint      ] Safepoint "Cleanup", Time since last: 10000769847 ns, Reaching safepoint: 6200 ns, Cleanup: 11400 ns, At safepoint: 2299 ns, Total: 19899 ns
[2775.339s][info ][safepoint      ] Safepoint "Cleanup", Time since last: 2000193993 ns, Reaching safepoint: 6000 ns, Cleanup: 15200 ns, At safepoint: 2100 ns, Total: 23300 ns
[2776.339s][info ][safepoint      ] Safepoint "Cleanup", Time since last: 1000123427 ns, Reaching safepoint: 5600 ns, Cleanup: 11800 ns, At safepoint: 2100 ns, Total: 19500 ns
[2797.170s][info ][gc,start       ] GC(53) Pause Young (Allocation Failure)
[2797.173s][debug][gc,phases      ] GC(53) Scavenge 2.653ms
[2797.173s][debug][gc,ref         ] GC(53) ReferenceProcessor::execute queues: 1, RefProcThreadModel::Single, marks_oops_alive: false
[2797.173s][debug][gc,ref         ] GC(53) Skipped KeepAliveFinalRefsPhase of Reference Processing: no references
[2797.173s][debug][gc,ref         ] GC(53) Skipped PhantomRefsPhase of Reference Processing: no references
[2797.173s][debug][gc,phases      ] GC(53) Reference Processing 0.097ms
[2797.173s][debug][gc,phases      ] GC(53)   VM Weak                        Min:  0.0, Avg:  0.0, Max:  0.0, Diff:  0.0, Sum:  0.0, Workers: 4
[2797.173s][debug][gc,phases      ] GC(53)     Dead                           Min: 0, Avg:  0.0, Max: 0, Diff: 0, Sum: 0, Workers: 4
[2797.173s][debug][gc,phases      ] GC(53)     Total                          Min: 0, Avg: 248.5, Max: 802, Diff: 802, Sum: 994, Workers: 4
[2797.173s][debug][gc,phases      ] GC(53)   ObjectSynchronizer Weak        Min:  0.0, Avg:  0.0, Max:  0.0, Diff:  0.0, Sum:  0.0, Workers: 4
[2797.173s][debug][gc,phases      ] GC(53)     Dead                           Min: 0, Avg:  0.0, Max: 0, Diff: 0, Sum: 0, Workers: 4
[2797.173s][debug][gc,phases      ] GC(53)     Total                          Min: 0, Avg:  0.8, Max: 3, Diff: 3, Sum: 3, Workers: 4
[2797.173s][debug][gc,phases      ] GC(53)   JVMTI Tag Weak OopStorage      Min:  0.0, Avg:  0.0, Max:  0.0, Diff:  0.0, Sum:  0.0, Workers: 4
[2797.173s][debug][gc,phases      ] GC(53)     Dead                           Min: 0, Avg:  0.0, Max: 0, Diff: 0, Sum: 0, Workers: 4
[2797.173s][debug][gc,phases      ] GC(53)     Total                          Min: 0, Avg:  0.0, Max: 0, Diff: 0, Sum: 0, Workers: 4
[2797.173s][debug][gc,phases      ] GC(53)   StringTable Weak               Min:  0.0, Avg:  0.1, Max:  0.1, Diff:  0.1, Sum:  0.4, Workers: 4
[2797.173s][debug][gc,phases      ] GC(53)     Dead                           Min: 0, Avg:  0.0, Max: 0, Diff: 0, Sum: 0, Workers: 4
[2797.173s][debug][gc,phases      ] GC(53)     Total                          Min: 0, Avg: 11904.0, Max: 20864, Diff: 20864, Sum: 47616, Workers: 4
[2797.173s][debug][gc,phases      ] GC(53)   ResolvedMethodTable Weak       Min:  0.0, Avg:  0.0, Max:  0.0, Diff:  0.0, Sum:  0.1, Workers: 4
[2797.173s][debug][gc,phases      ] GC(53)     Dead                           Min: 0, Avg:  4.0, Max: 15, Diff: 15, Sum: 16, Workers: 4
[2797.173s][debug][gc,phases      ] GC(53)     Total                          Min: 0, Avg: 3892.0, Max: 6330, Diff: 6330, Sum: 15568, Workers: 4
[2797.173s][debug][gc,phases      ] GC(53)   JNI Weak                       Min:  0.0, Avg:  0.0, Max:  0.0, Diff:  0.0, Sum:  0.0, Workers: 4
[2797.173s][debug][gc,phases      ] GC(53)     Dead                           Min: 0, Avg:  0.0, Max: 0, Diff: 0, Sum: 0, Workers: 4
[2797.173s][debug][gc,phases      ] GC(53)     Total                          Min: 0, Avg: 13.0, Max: 52, Diff: 52, Sum: 52, Workers: 4
[2797.173s][debug][gc,phases      ] GC(53)   StringDedup Table Weak         Min:  0.0, Avg:  0.0, Max:  0.0, Diff:  0.0, Sum:  0.0, Workers: 4
[2797.173s][debug][gc,phases      ] GC(53)     Dead                           Min: 0, Avg:  0.0, Max: 0, Diff: 0, Sum: 0, Workers: 4
[2797.173s][debug][gc,phases      ] GC(53)     Total                          Min: 0, Avg:  0.0, Max: 0, Diff: 0, Sum: 0, Workers: 4
[2797.173s][debug][gc,phases      ] GC(53)   StringDedup Requests0 Weak     Min:  0.0, Avg:  0.0, Max:  0.0, Diff:  0.0, Sum:  0.0, Workers: 4
[2797.173s][debug][gc,phases      ] GC(53)     Dead                           Min: 0, Avg:  0.0, Max: 0, Diff: 0, Sum: 0, Workers: 4
[2797.173s][debug][gc,phases      ] GC(53)     Total                          Min: 0, Avg:  0.0, Max: 0, Diff: 0, Sum: 0, Workers: 4
[2797.173s][debug][gc,phases      ] GC(53)   StringDedup Requests1 Weak     Min:  0.0, Avg:  0.0, Max:  0.0, Diff:  0.0, Sum:  0.0, Workers: 4
[2797.173s][debug][gc,phases      ] GC(53)     Dead                           Min: 0, Avg:  0.0, Max: 0, Diff: 0, Sum: 0, Workers: 4
[2797.173s][debug][gc,phases      ] GC(53)     Total                          Min: 0, Avg:  0.0, Max: 0, Diff: 0, Sum: 0, Workers: 4
[2797.173s][debug][gc,phases      ] GC(53)   Weak JFR Old Object Samples    Min:  0.0, Avg:  0.0, Max:  0.0, Diff:  0.0, Sum:  0.0, Workers: 4
[2797.173s][debug][gc,phases      ] GC(53)     Dead                           Min: 0, Avg:  0.0, Max: 0, Diff: 0, Sum: 0, Workers: 4
[2797.173s][debug][gc,phases      ] GC(53)     Total                          Min: 0, Avg:  0.0, Max: 0, Diff: 0, Sum: 0, Workers: 4
[2797.173s][debug][gc,phases      ] GC(53) Weak Processing 0.341ms
[2797.173s][debug][gc,age         ] GC(53) Desired survivor size 51904512 bytes, new threshold 1 (max threshold 15)
[2797.173s][info ][gc,heap        ] GC(53) PSYoungGen: 1985543K(2038272K)->3712K(2046464K) Eden: 1981952K(1981952K)->0K(1993216K) From: 3591K(56320K)->3712K(53248K)
[2797.173s][info ][gc,heap        ] GC(53) ParOldGen: 383737K(384000K)->384620K(385024K)
[2797.173s][info ][gc,metaspace   ] GC(53) Metaspace: 110357K(111680K)->110357K(111680K) NonClass: 93831K(94592K)->93831K(94592K) Class: 16526K(17088K)->16526K(17088K)
[2797.173s][info ][gc             ] GC(53) Pause Young (Allocation Failure) 2313M->379M(2374M) 3.202ms
[2797.173s][info ][gc,cpu         ] GC(53) User=0.01s Sys=0.00s Real=0.00s
[2797.173s][info ][safepoint      ] Safepoint "ParallelGCFailedAllocation", Time since last: 20830810551 ns, Reaching safepoint: 76300 ns, Cleanup: 3700 ns, At safepoint: 3265891 ns, Total: 3345891 ns
[2798.173s][info ][safepoint      ] Safepoint "Cleanup", Time since last: 1000081368 ns, Reaching safepoint: 76500 ns, Cleanup: 9600 ns, At safepoint: 8300 ns, Total: 94400 ns
[2831.176s][info ][safepoint      ] Safepoint "Cleanup", Time since last: 33002281359 ns, Reaching safepoint: 5900 ns, Cleanup: 10000 ns, At safepoint: 2000 ns, Total: 17900 ns
[2834.176s][info ][safepoint      ] Safepoint "Cleanup", Time since last: 3000252945 ns, Reaching safepoint: 5800 ns, Cleanup: 9899 ns, At safepoint: 2200 ns, Total: 17899 ns
[2838.176s][info ][safepoint      ] Safepoint "Cleanup", Time since last: 4000313968 ns, Reaching safepoint: 6000 ns, Cleanup: 10000 ns, At safepoint: 1700 ns, Total: 17700 ns
[2877.179s][info ][safepoint      ] Safepoint "Cleanup", Time since last: 39002762134 ns, Reaching safepoint: 5000 ns, Cleanup: 8200 ns, At safepoint: 2000 ns, Total: 15200 ns
[2878.179s][info ][safepoint      ] Safepoint "Cleanup", Time since last: 1000108417 ns, Reaching safepoint: 6000 ns, Cleanup: 16200 ns, At safepoint: 2300 ns, Total: 24500 ns
[2879.179s][info ][safepoint      ] Safepoint "Cleanup", Time since last: 1000107916 ns, Reaching safepoint: 5500 ns, Cleanup: 9200 ns, At safepoint: 2100 ns, Total: 16800 ns
[2891.182s][info ][safepoint      ] Safepoint "Cleanup", Time since last: 12002799307 ns, Reaching safepoint: 6700 ns, Cleanup: 11700 ns, At safepoint: 2300 ns, Total: 20700 ns
[2892.182s][info ][safepoint      ] Safepoint "Cleanup", Time since last: 1000124607 ns, Reaching safepoint: 6300 ns, Cleanup: 11900 ns, At safepoint: 2400 ns, Total: 20600 ns
[2893.182s][info ][safepoint      ] Safepoint "Cleanup", Time since last: 1000107208 ns, Reaching safepoint: 6600 ns, Cleanup: 15999 ns, At safepoint: 2300 ns, Total: 24899 ns
[2894.183s][info ][safepoint      ] Safepoint "Cleanup", Time since last: 1000104347 ns, Reaching safepoint: 6900 ns, Cleanup: 15000 ns, At safepoint: 2200 ns, Total: 24100 ns
[2898.832s][info ][gc,start       ] GC(54) Pause Young (Allocation Failure)
[2898.839s][debug][gc,phases      ] GC(54) Scavenge 7.649ms
[2898.839s][debug][gc,ref         ] GC(54) ReferenceProcessor::execute queues: 1, RefProcThreadModel::Single, marks_oops_alive: false
[2898.839s][debug][gc,ref         ] GC(54) Skipped KeepAliveFinalRefsPhase of Reference Processing: no references
[2898.839s][debug][gc,ref         ] GC(54) ReferenceProcessor::execute queues: 1, RefProcThreadModel::Single, marks_oops_alive: false
[2898.839s][debug][gc,phases      ] GC(54) Reference Processing 0.123ms
[2898.842s][debug][gc,phases      ] GC(54)   VM Weak                        Min:  0.0, Avg:  0.0, Max:  0.0, Diff:  0.0, Sum:  0.0, Workers: 4
[2898.842s][debug][gc,phases      ] GC(54)     Dead                           Min: 0, Avg:  0.0, Max: 0, Diff: 0, Sum: 0, Workers: 4
[2898.842s][debug][gc,phases      ] GC(54)     Total                          Min: 0, Avg: 248.5, Max: 994, Diff: 994, Sum: 994, Workers: 4
[2898.842s][debug][gc,phases      ] GC(54)   ObjectSynchronizer Weak        Min:  0.0, Avg:  0.0, Max:  0.0, Diff:  0.0, Sum:  0.0, Workers: 4
[2898.842s][debug][gc,phases      ] GC(54)     Dead                           Min: 0, Avg:  0.0, Max: 0, Diff: 0, Sum: 0, Workers: 4
[2898.842s][debug][gc,phases      ] GC(54)     Total                          Min: 0, Avg:  0.8, Max: 3, Diff: 3, Sum: 3, Workers: 4
[2898.842s][debug][gc,phases      ] GC(54)   JVMTI Tag Weak OopStorage      Min:  0.0, Avg:  0.0, Max:  0.0, Diff:  0.0, Sum:  0.0, Workers: 4
[2898.842s][debug][gc,phases      ] GC(54)     Dead                           Min: 0, Avg:  0.0, Max: 0, Diff: 0, Sum: 0, Workers: 4
[2898.842s][debug][gc,phases      ] GC(54)     Total                          Min: 0, Avg:  0.0, Max: 0, Diff: 0, Sum: 0, Workers: 4
[2898.842s][debug][gc,phases      ] GC(54)   StringTable Weak               Min:  0.0, Avg:  0.1, Max:  0.4, Diff:  0.4, Sum:  0.4, Workers: 4
[2898.842s][debug][gc,phases      ] GC(54)     Dead                           Min: 0, Avg:  0.0, Max: 0, Diff: 0, Sum: 0, Workers: 4
[2898.842s][debug][gc,phases      ] GC(54)     Total                          Min: 0, Avg: 11914.2, Max: 47657, Diff: 47657, Sum: 47657, Workers: 4
[2898.842s][debug][gc,phases      ] GC(54)   ResolvedMethodTable Weak       Min:  0.0, Avg:  0.0, Max:  0.1, Diff:  0.1, Sum:  0.1, Workers: 4
[2898.842s][debug][gc,phases      ] GC(54)     Dead                           Min: 0, Avg:  4.2, Max: 17, Diff: 17, Sum: 17, Workers: 4
[2898.842s][debug][gc,phases      ] GC(54)     Total                          Min: 0, Avg: 3893.5, Max: 15574, Diff: 15574, Sum: 15574, Workers: 4
[2898.842s][debug][gc,phases      ] GC(54)   JNI Weak                       Min:  0.0, Avg:  0.0, Max:  0.0, Diff:  0.0, Sum:  0.0, Workers: 4
[2898.842s][debug][gc,phases      ] GC(54)     Dead                           Min: 0, Avg:  0.0, Max: 0, Diff: 0, Sum: 0, Workers: 4
[2898.842s][debug][gc,phases      ] GC(54)     Total                          Min: 0, Avg: 13.0, Max: 52, Diff: 52, Sum: 52, Workers: 4
[2898.842s][debug][gc,phases      ] GC(54)   StringDedup Table Weak         Min:  0.0, Avg:  0.0, Max:  0.0, Diff:  0.0, Sum:  0.0, Workers: 4
[2898.842s][debug][gc,phases      ] GC(54)     Dead                           Min: 0, Avg:  0.0, Max: 0, Diff: 0, Sum: 0, Workers: 4
[2898.842s][debug][gc,phases      ] GC(54)     Total                          Min: 0, Avg:  0.0, Max: 0, Diff: 0, Sum: 0, Workers: 4
[2898.842s][debug][gc,phases      ] GC(54)   StringDedup Requests0 Weak     Min:  0.0, Avg:  0.0, Max:  0.0, Diff:  0.0, Sum:  0.0, Workers: 4
[2898.842s][debug][gc,phases      ] GC(54)     Dead                           Min: 0, Avg:  0.0, Max: 0, Diff: 0, Sum: 0, Workers: 4
[2898.842s][debug][gc,phases      ] GC(54)     Total                          Min: 0, Avg:  0.0, Max: 0, Diff: 0, Sum: 0, Workers: 4
[2898.842s][debug][gc,phases      ] GC(54)   StringDedup Requests1 Weak     Min:  0.0, Avg:  0.0, Max:  0.0, Diff:  0.0, Sum:  0.0, Workers: 4
[2898.842s][debug][gc,phases      ] GC(54)     Dead                           Min: 0, Avg:  0.0, Max: 0, Diff: 0, Sum: 0, Workers: 4
[2898.842s][debug][gc,phases      ] GC(54)     Total                          Min: 0, Avg:  0.0, Max: 0, Diff: 0, Sum: 0, Workers: 4
[2898.842s][debug][gc,phases      ] GC(54)   Weak JFR Old Object Samples    Min:  0.0, Avg:  0.0, Max:  0.0, Diff:  0.0, Sum:  0.0, Workers: 4
[2898.842s][debug][gc,phases      ] GC(54)     Dead                           Min: 0, Avg:  0.0, Max: 0, Diff: 0, Sum: 0, Workers: 4
[2898.842s][debug][gc,phases      ] GC(54)     Total                          Min: 0, Avg:  0.0, Max: 0, Diff: 0, Sum: 0, Workers: 4
[2898.842s][debug][gc,phases      ] GC(54) Weak Processing 2.310ms
[2898.842s][debug][gc,age         ] GC(54) Desired survivor size 48758784 bytes, new threshold 1 (max threshold 15)
[2898.842s][info ][gc,heap        ] GC(54) PSYoungGen: 1996928K(2046464K)->3408K(2043904K) Eden: 1993216K(1993216K)->0K(1993216K) From: 3712K(53248K)->3408K(50688K)
[2898.842s][info ][gc,heap        ] GC(54) ParOldGen: 384620K(385024K)->385960K(386048K)
[2898.842s][info ][gc,metaspace   ] GC(54) Metaspace: 110375K(111680K)->110375K(111680K) NonClass: 93846K(94592K)->93846K(94592K) Class: 16528K(17088K)->16528K(17088K)
[2898.842s][info ][gc             ] GC(54) Pause Young (Allocation Failure) 2325M->380M(2373M) 10.214ms
[2898.842s][info ][gc,cpu         ] GC(54) User=0.01s Sys=0.00s Real=0.01s
[2898.842s][info ][safepoint      ] Safepoint "ParallelGCFailedAllocation", Time since last: 4649037668 ns, Reaching safepoint: 6400 ns, Cleanup: 4000 ns, At safepoint: 10291458 ns, Total: 10301858 ns
[2906.842s][info ][safepoint      ] Safepoint "Cleanup", Time since last: 8000577949 ns, Reaching safepoint: 6000 ns, Cleanup: 11000 ns, At safepoint: 2400 ns, Total: 19400 ns
[2912.843s][info ][safepoint      ] Safepoint "Cleanup", Time since last: 6000450475 ns, Reaching safepoint: 6500 ns, Cleanup: 9900 ns, At safepoint: 2200 ns, Total: 18600 ns
[2927.844s][info ][safepoint      ] Safepoint "Cleanup", Time since last: 15001074729 ns, Reaching safepoint: 6500 ns, Cleanup: 10899 ns, At safepoint: 2200 ns, Total: 19599 ns
[2937.845s][info ][safepoint      ] Safepoint "Cleanup", Time since last: 10000772447 ns, Reaching safepoint: 6700 ns, Cleanup: 13800 ns, At safepoint: 2500 ns, Total: 23000 ns
[2947.965s][info ][safepoint      ] Safepoint "Cleanup", Time since last: 10119815900 ns, Reaching safepoint: 5700 ns, Cleanup: 10400 ns, At safepoint: 2000 ns, Total: 18100 ns
[2948.965s][info ][safepoint      ] Safepoint "Cleanup", Time since last: 1000120257 ns, Reaching safepoint: 6300 ns, Cleanup: 13400 ns, At safepoint: 2100 ns, Total: 21800 ns
[2950.965s][info ][safepoint      ] Safepoint "Cleanup", Time since last: 2000183115 ns, Reaching safepoint: 5300 ns, Cleanup: 15200 ns, At safepoint: 2000 ns, Total: 22500 ns
[2954.965s][info ][safepoint      ] Safepoint "Cleanup", Time since last: 4000338709 ns, Reaching safepoint: 7600 ns, Cleanup: 16300 ns, At safepoint: 2300 ns, Total: 26200 ns
[2962.966s][info ][safepoint      ] Safepoint "Cleanup", Time since last: 8000654054 ns, Reaching safepoint: 5400 ns, Cleanup: 9700 ns, At safepoint: 2700 ns, Total: 17800 ns
[2966.966s][info ][safepoint      ] Safepoint "Cleanup", Time since last: 4000314668 ns, Reaching safepoint: 6300 ns, Cleanup: 12300 ns, At safepoint: 2500 ns, Total: 21100 ns
[2973.967s][info ][safepoint      ] Safepoint "Cleanup", Time since last: 7000559851 ns, Reaching safepoint: 5400 ns, Cleanup: 24400 ns, At safepoint: 2000 ns, Total: 31800 ns
[2974.967s][info ][safepoint      ] Safepoint "Cleanup", Time since last: 1000112515 ns, Reaching safepoint: 5100 ns, Cleanup: 21100 ns, At safepoint: 2600 ns, Total: 28800 ns
[2978.967s][info ][safepoint      ] Safepoint "Cleanup", Time since last: 4000316902 ns, Reaching safepoint: 5900 ns, Cleanup: 9500 ns, At safepoint: 2000 ns, Total: 17400 ns
[2989.968s][info ][safepoint      ] Safepoint "Cleanup", Time since last: 11000828075 ns, Reaching safepoint: 6200 ns, Cleanup: 9400 ns, At safepoint: 1900 ns, Total: 17500 ns
[2991.969s][info ][safepoint      ] Safepoint "Cleanup", Time since last: 2000201174 ns, Reaching safepoint: 81400 ns, Cleanup: 9400 ns, At safepoint: 7900 ns, Total: 98700 ns
[2992.969s][info ][gc,start       ] GC(55) Pause Young (Allocation Failure)
[2992.972s][debug][gc,phases      ] GC(55) Scavenge 2.781ms
[2992.972s][debug][gc,ref         ] GC(55) ReferenceProcessor::execute queues: 1, RefProcThreadModel::Single, marks_oops_alive: false
[2992.972s][debug][gc,ref         ] GC(55) Skipped KeepAliveFinalRefsPhase of Reference Processing: no references
[2992.972s][debug][gc,ref         ] GC(55) Skipped PhantomRefsPhase of Reference Processing: no references
[2992.972s][debug][gc,phases      ] GC(55) Reference Processing 0.094ms
[2992.972s][debug][gc,phases      ] GC(55)   VM Weak                        Min:  0.0, Avg:  0.0, Max:  0.0, Diff:  0.0, Sum:  0.0, Workers: 4
[2992.972s][debug][gc,phases      ] GC(55)     Dead                           Min: 0, Avg:  0.0, Max: 0, Diff: 0, Sum: 0, Workers: 4
[2992.972s][debug][gc,phases      ] GC(55)     Total                          Min: 0, Avg: 248.5, Max: 994, Diff: 994, Sum: 994, Workers: 4
[2992.972s][debug][gc,phases      ] GC(55)   ObjectSynchronizer Weak        Min:  0.0, Avg:  0.0, Max:  0.0, Diff:  0.0, Sum:  0.0, Workers: 4
[2992.972s][debug][gc,phases      ] GC(55)     Dead                           Min: 0, Avg:  0.0, Max: 0, Diff: 0, Sum: 0, Workers: 4
[2992.972s][debug][gc,phases      ] GC(55)     Total                          Min: 0, Avg:  1.0, Max: 4, Diff: 4, Sum: 4, Workers: 4
[2992.972s][debug][gc,phases      ] GC(55)   JVMTI Tag Weak OopStorage      Min:  0.0, Avg:  0.0, Max:  0.0, Diff:  0.0, Sum:  0.0, Workers: 4
[2992.972s][debug][gc,phases      ] GC(55)     Dead                           Min: 0, Avg:  0.0, Max: 0, Diff: 0, Sum: 0, Workers: 4
[2992.972s][debug][gc,phases      ] GC(55)     Total                          Min: 0, Avg:  0.0, Max: 0, Diff: 0, Sum: 0, Workers: 4
[2992.972s][debug][gc,phases      ] GC(55)   StringTable Weak               Min:  0.0, Avg:  0.1, Max:  0.1, Diff:  0.1, Sum:  0.4, Workers: 4
[2992.972s][debug][gc,phases      ] GC(55)     Dead                           Min: 0, Avg:  0.0, Max: 0, Diff: 0, Sum: 0, Workers: 4
[2992.972s][debug][gc,phases      ] GC(55)     Total                          Min: 0, Avg: 11914.2, Max: 20521, Diff: 20521, Sum: 47657, Workers: 4
[2992.972s][debug][gc,phases      ] GC(55)   ResolvedMethodTable Weak       Min:  0.0, Avg:  0.0, Max:  0.0, Diff:  0.0, Sum:  0.1, Workers: 4
[2992.973s][debug][gc,phases      ] GC(55)     Dead                           Min: 0, Avg:  8.2, Max: 18, Diff: 18, Sum: 33, Workers: 4
[2992.973s][debug][gc,phases      ] GC(55)     Total                          Min: 0, Avg: 3894.8, Max: 6696, Diff: 6696, Sum: 15579, Workers: 4
[2992.973s][debug][gc,phases      ] GC(55)   JNI Weak                       Min:  0.0, Avg:  0.0, Max:  0.0, Diff:  0.0, Sum:  0.0, Workers: 4
[2992.973s][debug][gc,phases      ] GC(55)     Dead                           Min: 0, Avg:  0.0, Max: 0, Diff: 0, Sum: 0, Workers: 4
[2992.973s][debug][gc,phases      ] GC(55)     Total                          Min: 0, Avg: 13.0, Max: 52, Diff: 52, Sum: 52, Workers: 4
[2992.973s][debug][gc,phases      ] GC(55)   StringDedup Table Weak         Min:  0.0, Avg:  0.0, Max:  0.0, Diff:  0.0, Sum:  0.0, Workers: 4
[2992.973s][debug][gc,phases      ] GC(55)     Dead                           Min: 0, Avg:  0.0, Max: 0, Diff: 0, Sum: 0, Workers: 4
[2992.973s][debug][gc,phases      ] GC(55)     Total                          Min: 0, Avg:  0.0, Max: 0, Diff: 0, Sum: 0, Workers: 4
[2992.973s][debug][gc,phases      ] GC(55)   StringDedup Requests0 Weak     Min:  0.0, Avg:  0.0, Max:  0.0, Diff:  0.0, Sum:  0.0, Workers: 4
[2992.973s][debug][gc,phases      ] GC(55)     Dead                           Min: 0, Avg:  0.0, Max: 0, Diff: 0, Sum: 0, Workers: 4
[2992.973s][debug][gc,phases      ] GC(55)     Total                          Min: 0, Avg:  0.0, Max: 0, Diff: 0, Sum: 0, Workers: 4
[2992.973s][debug][gc,phases      ] GC(55)   StringDedup Requests1 Weak     Min:  0.0, Avg:  0.0, Max:  0.0, Diff:  0.0, Sum:  0.0, Workers: 4
[2992.973s][debug][gc,phases      ] GC(55)     Dead                           Min: 0, Avg:  0.0, Max: 0, Diff: 0, Sum: 0, Workers: 4
[2992.973s][debug][gc,phases      ] GC(55)     Total                          Min: 0, Avg:  0.0, Max: 0, Diff: 0, Sum: 0, Workers: 4
[2992.973s][debug][gc,phases      ] GC(55)   Weak JFR Old Object Samples    Min:  0.0, Avg:  0.0, Max:  0.0, Diff:  0.0, Sum:  0.0, Workers: 4
[2992.973s][debug][gc,phases      ] GC(55)     Dead                           Min: 0, Avg:  0.0, Max: 0, Diff: 0, Sum: 0, Workers: 4
[2992.973s][debug][gc,phases      ] GC(55)     Total                          Min: 0, Avg:  0.0, Max: 0, Diff: 0, Sum: 0, Workers: 4
[2992.973s][debug][gc,phases      ] GC(55) Weak Processing 0.338ms
[2992.973s][debug][gc,age         ] GC(55) Desired survivor size 46137344 bytes, new threshold 1 (max threshold 15)
[2992.973s][info ][gc,heap        ] GC(55) PSYoungGen: 1996624K(2043904K)->4078K(2052096K) Eden: 1993216K(1993216K)->0K(2004480K) From: 3408K(50688K)->4078K(47616K)
[2992.973s][info ][gc,heap        ] GC(55) ParOldGen: 385960K(386048K)->386440K(386560K)
[2992.973s][info ][gc,metaspace   ] GC(55) Metaspace: 110397K(111744K)->110397K(111744K) NonClass: 93869K(94656K)->93869K(94656K) Class: 16528K(17088K)->16528K(17088K)
[2992.973s][info ][gc             ] GC(55) Pause Young (Allocation Failure) 2326M->381M(2381M) 3.324ms
[2992.973s][info ][gc,cpu         ] GC(55) User=0.01s Sys=0.00s Real=0.00s
[2992.973s][info ][safepoint      ] Safepoint "ParallelGCFailedAllocation", Time since last: 1000610176 ns, Reaching safepoint: 5000 ns, Cleanup: 4000 ns, At safepoint: 3409182 ns, Total: 3418182 ns
[3001.982s][info ][safepoint      ] Safepoint "Cleanup", Time since last: 9009058665 ns, Reaching safepoint: 7100 ns, Cleanup: 10700 ns, At safepoint: 2800 ns, Total: 20600 ns
[3003.982s][info ][safepoint      ] Safepoint "Cleanup", Time since last: 2000188905 ns, Reaching safepoint: 6800 ns, Cleanup: 12700 ns, At safepoint: 2400 ns, Total: 21900 ns
[3009.982s][info ][safepoint      ] Safepoint "Cleanup", Time since last: 6000472442 ns, Reaching safepoint: 7200 ns, Cleanup: 17699 ns, At safepoint: 2600 ns, Total: 27499 ns
[3011.983s][info ][safepoint      ] Safepoint "Cleanup", Time since last: 2000185159 ns, Reaching safepoint: 6400 ns, Cleanup: 20600 ns, At safepoint: 2000 ns, Total: 29000 ns
[3012.983s][info ][safepoint      ] Safepoint "Cleanup", Time since last: 1000118679 ns, Reaching safepoint: 81000 ns, Cleanup: 11699 ns, At safepoint: 6800 ns, Total: 99499 ns
[3022.984s][info ][safepoint      ] Safepoint "Cleanup", Time since last: 10000724447 ns, Reaching safepoint: 6200 ns, Cleanup: 8500 ns, At safepoint: 33700 ns, Total: 48400 ns
[3024.984s][info ][safepoint      ] Safepoint "Cleanup", Time since last: 2000166828 ns, Reaching safepoint: 5800 ns, Cleanup: 12199 ns, At safepoint: 2100 ns, Total: 20099 ns
[3025.984s][info ][safepoint      ] Safepoint "Cleanup", Time since last: 1000110040 ns, Reaching safepoint: 6600 ns, Cleanup: 13100 ns, At safepoint: 2200 ns, Total: 21900 ns
[3028.984s][info ][safepoint      ] Safepoint "Cleanup", Time since last: 3000257120 ns, Reaching safepoint: 6700 ns, Cleanup: 11700 ns, At safepoint: 2100 ns, Total: 20500 ns
[3031.984s][info ][safepoint      ] Safepoint "Cleanup", Time since last: 3000243821 ns, Reaching safepoint: 6100 ns, Cleanup: 11100 ns, At safepoint: 1900 ns, Total: 19100 ns
[3037.985s][info ][safepoint      ] Safepoint "Cleanup", Time since last: 6000489899 ns, Reaching safepoint: 7100 ns, Cleanup: 12500 ns, At safepoint: 2100 ns, Total: 21700 ns
[3043.985s][info ][safepoint      ] Safepoint "Cleanup", Time since last: 6000463162 ns, Reaching safepoint: 7200 ns, Cleanup: 10100 ns, At safepoint: 2000 ns, Total: 19300 ns
[3046.986s][info ][safepoint      ] Safepoint "Cleanup", Time since last: 3000254059 ns, Reaching safepoint: 7200 ns, Cleanup: 11700 ns, At safepoint: 2300 ns, Total: 21200 ns
[3066.999s][info ][safepoint      ] Safepoint "Cleanup", Time since last: 20013597947 ns, Reaching safepoint: 7300 ns, Cleanup: 9100 ns, At safepoint: 2200 ns, Total: 18600 ns
[3083.872s][info ][gc,start       ] GC(56) Pause Young (Allocation Failure)
[3083.876s][debug][gc,phases      ] GC(56) Scavenge 3.465ms
[3083.876s][debug][gc,ref         ] GC(56) ReferenceProcessor::execute queues: 1, RefProcThreadModel::Single, marks_oops_alive: false
[3083.876s][debug][gc,ref         ] GC(56) Skipped KeepAliveFinalRefsPhase of Reference Processing: no references
[3083.876s][debug][gc,ref         ] GC(56) ReferenceProcessor::execute queues: 1, RefProcThreadModel::Single, marks_oops_alive: false
[3083.876s][debug][gc,phases      ] GC(56) Reference Processing 0.099ms
[3083.876s][debug][gc,phases      ] GC(56)   VM Weak                        Min:  0.0, Avg:  0.0, Max:  0.0, Diff:  0.0, Sum:  0.0, Workers: 4
[3083.876s][debug][gc,phases      ] GC(56)     Dead                           Min: 0, Avg:  0.0, Max: 0, Diff: 0, Sum: 0, Workers: 4
[3083.876s][debug][gc,phases      ] GC(56)     Total                          Min: 0, Avg: 248.5, Max: 640, Diff: 640, Sum: 994, Workers: 4
[3083.876s][debug][gc,phases      ] GC(56)   ObjectSynchronizer Weak        Min:  0.0, Avg:  0.0, Max:  0.0, Diff:  0.0, Sum:  0.0, Workers: 4
[3083.876s][debug][gc,phases      ] GC(56)     Dead                           Min: 0, Avg:  0.0, Max: 0, Diff: 0, Sum: 0, Workers: 4
[3083.876s][debug][gc,phases      ] GC(56)     Total                          Min: 0, Avg:  0.8, Max: 3, Diff: 3, Sum: 3, Workers: 4
[3083.876s][debug][gc,phases      ] GC(56)   JVMTI Tag Weak OopStorage      Min:  0.0, Avg:  0.0, Max:  0.0, Diff:  0.0, Sum:  0.0, Workers: 4
[3083.876s][debug][gc,phases      ] GC(56)     Dead                           Min: 0, Avg:  0.0, Max: 0, Diff: 0, Sum: 0, Workers: 4
[3083.876s][debug][gc,phases      ] GC(56)     Total                          Min: 0, Avg:  0.0, Max: 0, Diff: 0, Sum: 0, Workers: 4
[3083.876s][debug][gc,phases      ] GC(56)   StringTable Weak               Min:  0.0, Avg:  0.1, Max:  0.1, Diff:  0.1, Sum:  0.4, Workers: 4
[3083.876s][debug][gc,phases      ] GC(56)     Dead                           Min: 0, Avg:  0.5, Max: 2, Diff: 2, Sum: 2, Workers: 4
[3083.876s][debug][gc,phases      ] GC(56)     Total                          Min: 0, Avg: 11918.0, Max: 20984, Diff: 20984, Sum: 47672, Workers: 4
[3083.876s][debug][gc,phases      ] GC(56)   ResolvedMethodTable Weak       Min:  0.0, Avg:  0.0, Max:  0.0, Diff:  0.0, Sum:  0.1, Workers: 4
[3083.876s][debug][gc,phases      ] GC(56)     Dead                           Min: 0, Avg:  9.2, Max: 23, Diff: 23, Sum: 37, Workers: 4
[3083.876s][debug][gc,phases      ] GC(56)     Total                          Min: 0, Avg: 3901.0, Max: 6730, Diff: 6730, Sum: 15604, Workers: 4
[3083.876s][debug][gc,phases      ] GC(56)   JNI Weak                       Min:  0.0, Avg:  0.0, Max:  0.0, Diff:  0.0, Sum:  0.0, Workers: 4
[3083.876s][debug][gc,phases      ] GC(56)     Dead                           Min: 0, Avg:  0.0, Max: 0, Diff: 0, Sum: 0, Workers: 4
[3083.876s][debug][gc,phases      ] GC(56)     Total                          Min: 0, Avg: 13.0, Max: 52, Diff: 52, Sum: 52, Workers: 4
[3083.876s][debug][gc,phases      ] GC(56)   StringDedup Table Weak         Min:  0.0, Avg:  0.0, Max:  0.0, Diff:  0.0, Sum:  0.0, Workers: 4
[3083.876s][debug][gc,phases      ] GC(56)     Dead                           Min: 0, Avg:  0.0, Max: 0, Diff: 0, Sum: 0, Workers: 4
[3083.876s][debug][gc,phases      ] GC(56)     Total                          Min: 0, Avg:  0.0, Max: 0, Diff: 0, Sum: 0, Workers: 4
[3083.876s][debug][gc,phases      ] GC(56)   StringDedup Requests0 Weak     Min:  0.0, Avg:  0.0, Max:  0.0, Diff:  0.0, Sum:  0.0, Workers: 4
[3083.876s][debug][gc,phases      ] GC(56)     Dead                           Min: 0, Avg:  0.0, Max: 0, Diff: 0, Sum: 0, Workers: 4
[3083.876s][debug][gc,phases      ] GC(56)     Total                          Min: 0, Avg:  0.0, Max: 0, Diff: 0, Sum: 0, Workers: 4
[3083.876s][debug][gc,phases      ] GC(56)   StringDedup Requests1 Weak     Min:  0.0, Avg:  0.0, Max:  0.0, Diff:  0.0, Sum:  0.0, Workers: 4
[3083.876s][debug][gc,phases      ] GC(56)     Dead                           Min: 0, Avg:  0.0, Max: 0, Diff: 0, Sum: 0, Workers: 4
[3083.876s][debug][gc,phases      ] GC(56)     Total                          Min: 0, Avg:  0.0, Max: 0, Diff: 0, Sum: 0, Workers: 4
[3083.876s][debug][gc,phases      ] GC(56)   Weak JFR Old Object Samples    Min:  0.0, Avg:  0.0, Max:  0.0, Diff:  0.0, Sum:  0.0, Workers: 4
[3083.876s][debug][gc,phases      ] GC(56)     Dead                           Min: 0, Avg:  0.0, Max: 0, Diff: 0, Sum: 0, Workers: 4
[3083.876s][debug][gc,phases      ] GC(56)     Total                          Min: 0, Avg:  0.0, Max: 0, Diff: 0, Sum: 0, Workers: 4
[3083.876s][debug][gc,phases      ] GC(56) Weak Processing 0.338ms
[3083.876s][debug][gc,age         ] GC(56) Desired survivor size 43515904 bytes, new threshold 1 (max threshold 15)
[3083.876s][info ][gc,heap        ] GC(56) PSYoungGen: 2008558K(2052096K)->4400K(2049536K) Eden: 2004480K(2004480K)->0K(2004480K) From: 4078K(47616K)->4400K(45056K)
[3083.876s][info ][gc,heap        ] GC(56) ParOldGen: 386440K(386560K)->387727K(388096K)
[3083.876s][info ][gc,metaspace   ] GC(56) Metaspace: 110476K(111808K)->110476K(111808K) NonClass: 93941K(94720K)->93941K(94720K) Class: 16534K(17088K)->16534K(17088K)
[3083.876s][info ][gc             ] GC(56) Pause Young (Allocation Failure) 2338M->382M(2380M) 4.007ms
[3083.876s][info ][gc,cpu         ] GC(56) User=0.02s Sys=0.00s Real=0.01s
[3083.877s][info ][safepoint      ] Safepoint "ParallelGCFailedAllocation", Time since last: 16873057031 ns, Reaching safepoint: 6000 ns, Cleanup: 3800 ns, At safepoint: 4069475 ns, Total: 4079275 ns
[3089.877s][info ][safepoint      ] Safepoint "Cleanup", Time since last: 6000444035 ns, Reaching safepoint: 5700 ns, Cleanup: 9800 ns, At safepoint: 2400 ns, Total: 17900 ns
[3106.878s][info ][safepoint      ] Safepoint "Cleanup", Time since last: 17001268475 ns, Reaching safepoint: 5500 ns, Cleanup: 11500 ns, At safepoint: 2200 ns, Total: 19200 ns
[3109.879s][info ][safepoint      ] Safepoint "Cleanup", Time since last: 3000250154 ns, Reaching safepoint: 5600 ns, Cleanup: 9400 ns, At safepoint: 1800 ns, Total: 16800 ns
[3116.879s][info ][safepoint      ] Safepoint "Cleanup", Time since last: 7000549925 ns, Reaching safepoint: 6100 ns, Cleanup: 9300 ns, At safepoint: 22499 ns, Total: 37899 ns
[3129.017s][info ][safepoint      ] Safepoint "Cleanup", Time since last: 12137512975 ns, Reaching safepoint: 5500 ns, Cleanup: 14099 ns, At safepoint: 2000 ns, Total: 21599 ns
[3152.018s][info ][safepoint      ] Safepoint "Cleanup", Time since last: 23001597161 ns, Reaching safepoint: 5800 ns, Cleanup: 8800 ns, At safepoint: 1800 ns, Total: 16400 ns
[3153.018s][info ][safepoint      ] Safepoint "Cleanup", Time since last: 1000106736 ns, Reaching safepoint: 77199 ns, Cleanup: 8800 ns, At safepoint: 5600 ns, Total: 91599 ns
[3157.019s][info ][safepoint      ] Safepoint "Cleanup", Time since last: 4000349910 ns, Reaching safepoint: 81599 ns, Cleanup: 11500 ns, At safepoint: 7400 ns, Total: 100499 ns
[3163.020s][info ][safepoint      ] Safepoint "Cleanup", Time since last: 6000483201 ns, Reaching safepoint: 87400 ns, Cleanup: 9700 ns, At safepoint: 11400 ns, Total: 108500 ns
[3167.020s][info ][safepoint      ] Safepoint "Cleanup", Time since last: 4000335375 ns, Reaching safepoint: 75200 ns, Cleanup: 9100 ns, At safepoint: 5400 ns, Total: 89700 ns
[3170.820s][info ][gc,start       ] GC(57) Pause Young (Allocation Failure)
[3170.823s][debug][gc,phases      ] GC(57) Scavenge 3.207ms
[3170.823s][debug][gc,ref         ] GC(57) ReferenceProcessor::execute queues: 1, RefProcThreadModel::Single, marks_oops_alive: false
[3170.823s][debug][gc,ref         ] GC(57) Skipped KeepAliveFinalRefsPhase of Reference Processing: no references
[3170.823s][debug][gc,ref         ] GC(57) Skipped PhantomRefsPhase of Reference Processing: no references
[3170.823s][debug][gc,phases      ] GC(57) Reference Processing 0.096ms
[3170.823s][debug][gc,phases      ] GC(57)   VM Weak                        Min:  0.0, Avg:  0.0, Max:  0.0, Diff:  0.0, Sum:  0.0, Workers: 4
[3170.824s][debug][gc,phases      ] GC(57)     Dead                           Min: 0, Avg:  0.0, Max: 0, Diff: 0, Sum: 0, Workers: 4
[3170.824s][debug][gc,phases      ] GC(57)     Total                          Min: 0, Avg: 248.5, Max: 994, Diff: 994, Sum: 994, Workers: 4
[3170.824s][debug][gc,phases      ] GC(57)   ObjectSynchronizer Weak        Min:  0.0, Avg:  0.0, Max:  0.0, Diff:  0.0, Sum:  0.0, Workers: 4
[3170.824s][debug][gc,phases      ] GC(57)     Dead                           Min: 0, Avg:  0.0, Max: 0, Diff: 0, Sum: 0, Workers: 4
[3170.824s][debug][gc,phases      ] GC(57)     Total                          Min: 0, Avg:  1.0, Max: 4, Diff: 4, Sum: 4, Workers: 4
[3170.824s][debug][gc,phases      ] GC(57)   JVMTI Tag Weak OopStorage      Min:  0.0, Avg:  0.0, Max:  0.0, Diff:  0.0, Sum:  0.0, Workers: 4
[3170.824s][debug][gc,phases      ] GC(57)     Dead                           Min: 0, Avg:  0.0, Max: 0, Diff: 0, Sum: 0, Workers: 4
[3170.824s][debug][gc,phases      ] GC(57)     Total                          Min: 0, Avg:  0.0, Max: 0, Diff: 0, Sum: 0, Workers: 4
[3170.824s][debug][gc,phases      ] GC(57)   StringTable Weak               Min:  0.0, Avg:  0.1, Max:  0.1, Diff:  0.1, Sum:  0.4, Workers: 4
[3170.824s][debug][gc,phases      ] GC(57)     Dead                           Min: 0, Avg:  0.0, Max: 0, Diff: 0, Sum: 0, Workers: 4
[3170.824s][debug][gc,phases      ] GC(57)     Total                          Min: 0, Avg: 11919.2, Max: 21119, Diff: 21119, Sum: 47677, Workers: 4
[3170.824s][debug][gc,phases      ] GC(57)   ResolvedMethodTable Weak       Min:  0.0, Avg:  0.0, Max:  0.1, Diff:  0.1, Sum:  0.2, Workers: 4
[3170.824s][debug][gc,phases      ] GC(57)     Dead                           Min: 0, Avg:  4.0, Max: 13, Diff: 13, Sum: 16, Workers: 4
[3170.824s][debug][gc,phases      ] GC(57)     Total                          Min: 0, Avg: 3901.0, Max: 6893, Diff: 6893, Sum: 15604, Workers: 4
[3170.824s][debug][gc,phases      ] GC(57)   JNI Weak                       Min:  0.0, Avg:  0.0, Max:  0.0, Diff:  0.0, Sum:  0.0, Workers: 4
[3170.824s][debug][gc,phases      ] GC(57)     Dead                           Min: 0, Avg:  0.0, Max: 0, Diff: 0, Sum: 0, Workers: 4
[3170.824s][debug][gc,phases      ] GC(57)     Total                          Min: 0, Avg: 13.0, Max: 52, Diff: 52, Sum: 52, Workers: 4
[3170.824s][debug][gc,phases      ] GC(57)   StringDedup Table Weak         Min:  0.0, Avg:  0.0, Max:  0.0, Diff:  0.0, Sum:  0.0, Workers: 4
[3170.824s][debug][gc,phases      ] GC(57)     Dead                           Min: 0, Avg:  0.0, Max: 0, Diff: 0, Sum: 0, Workers: 4
[3170.824s][debug][gc,phases      ] GC(57)     Total                          Min: 0, Avg:  0.0, Max: 0, Diff: 0, Sum: 0, Workers: 4
[3170.824s][debug][gc,phases      ] GC(57)   StringDedup Requests0 Weak     Min:  0.0, Avg:  0.0, Max:  0.0, Diff:  0.0, Sum:  0.0, Workers: 4
[3170.824s][debug][gc,phases      ] GC(57)     Dead                           Min: 0, Avg:  0.0, Max: 0, Diff: 0, Sum: 0, Workers: 4
[3170.824s][debug][gc,phases      ] GC(57)     Total                          Min: 0, Avg:  0.0, Max: 0, Diff: 0, Sum: 0, Workers: 4
[3170.824s][debug][gc,phases      ] GC(57)   StringDedup Requests1 Weak     Min:  0.0, Avg:  0.0, Max:  0.0, Diff:  0.0, Sum:  0.0, Workers: 4
[3170.824s][debug][gc,phases      ] GC(57)     Dead                           Min: 0, Avg:  0.0, Max: 0, Diff: 0, Sum: 0, Workers: 4
[3170.824s][debug][gc,phases      ] GC(57)     Total                          Min: 0, Avg:  0.0, Max: 0, Diff: 0, Sum: 0, Workers: 4
[3170.824s][debug][gc,phases      ] GC(57)   Weak JFR Old Object Samples    Min:  0.0, Avg:  0.0, Max:  0.0, Diff:  0.0, Sum:  0.0, Workers: 4
[3170.824s][debug][gc,phases      ] GC(57)     Dead                           Min: 0, Avg:  0.0, Max: 0, Diff: 0, Sum: 0, Workers: 4
[3170.824s][debug][gc,phases      ] GC(57)     Total                          Min: 0, Avg:  0.0, Max: 0, Diff: 0, Sum: 0, Workers: 4
[3170.824s][debug][gc,phases      ] GC(57) Weak Processing 0.391ms
[3170.824s][debug][gc,age         ] GC(57) Desired survivor size 40894464 bytes, new threshold 1 (max threshold 15)
[3170.824s][info ][gc,heap        ] GC(57) PSYoungGen: 2008880K(2049536K)->4560K(2057216K) Eden: 2004480K(2004480K)->0K(2014720K) From: 4400K(45056K)->4560K(42496K)
[3170.824s][info ][gc,heap        ] GC(57) ParOldGen: 387727K(388096K)->388483K(388608K)
[3170.824s][info ][gc,metaspace   ] GC(57) Metaspace: 110486K(111808K)->110486K(111808K) NonClass: 93951K(94720K)->93951K(94720K) Class: 16534K(17088K)->16534K(17088K)
[3170.824s][info ][gc             ] GC(57) Pause Young (Allocation Failure) 2340M->383M(2388M) 3.795ms
[3170.824s][info ][gc,cpu         ] GC(57) User=0.01s Sys=0.00s Real=0.00s
[3170.824s][info ][safepoint      ] Safepoint "ParallelGCFailedAllocation", Time since last: 3799833295 ns, Reaching safepoint: 80400 ns, Cleanup: 3800 ns, At safepoint: 3858077 ns, Total: 3942277 ns
[3217.036s][info ][safepoint      ] Safepoint "Cleanup", Time since last: 46211909546 ns, Reaching safepoint: 5300 ns, Cleanup: 16400 ns, At safepoint: 2000 ns, Total: 23700 ns
[3220.036s][info ][safepoint      ] Safepoint "Cleanup", Time since last: 3000241056 ns, Reaching safepoint: 5700 ns, Cleanup: 10499 ns, At safepoint: 1700 ns, Total: 17899 ns
[3227.036s][info ][safepoint      ] Safepoint "Cleanup", Time since last: 7000515973 ns, Reaching safepoint: 6300 ns, Cleanup: 11100 ns, At safepoint: 2100 ns, Total: 19500 ns
[3228.037s][info ][safepoint      ] Safepoint "Cleanup", Time since last: 1000140396 ns, Reaching safepoint: 6000 ns, Cleanup: 10300 ns, At safepoint: 3300 ns, Total: 19600 ns
[3231.037s][info ][safepoint      ] Safepoint "Cleanup", Time since last: 3000268189 ns, Reaching safepoint: 5800 ns, Cleanup: 9100 ns, At safepoint: 2500 ns, Total: 17400 ns
[3236.037s][info ][safepoint      ] Safepoint "Cleanup", Time since last: 5000389934 ns, Reaching safepoint: 6200 ns, Cleanup: 19300 ns, At safepoint: 2200 ns, Total: 27700 ns
[3239.038s][info ][safepoint      ] Safepoint "Cleanup", Time since last: 3000252140 ns, Reaching safepoint: 5700 ns, Cleanup: 32400 ns, At safepoint: 2400 ns, Total: 40500 ns
[3241.038s][info ][safepoint      ] Safepoint "Cleanup", Time since last: 2000175123 ns, Reaching safepoint: 5500 ns, Cleanup: 16100 ns, At safepoint: 1900 ns, Total: 23500 ns
[3248.051s][info ][safepoint      ] Safepoint "Cleanup", Time since last: 7013025094 ns, Reaching safepoint: 5100 ns, Cleanup: 9500 ns, At safepoint: 2100 ns, Total: 16700 ns
[3255.051s][info ][safepoint      ] Safepoint "Cleanup", Time since last: 7000536395 ns, Reaching safepoint: 6300 ns, Cleanup: 10700 ns, At safepoint: 1900 ns, Total: 18900 ns
[3255.720s][info ][gc,start       ] GC(58) Pause Young (Allocation Failure)
[3255.724s][debug][gc,phases      ] GC(58) Scavenge 3.304ms
[3255.724s][debug][gc,ref         ] GC(58) ReferenceProcessor::execute queues: 1, RefProcThreadModel::Single, marks_oops_alive: false
[3255.724s][debug][gc,ref         ] GC(58) Skipped KeepAliveFinalRefsPhase of Reference Processing: no references
[3255.724s][debug][gc,ref         ] GC(58) Skipped PhantomRefsPhase of Reference Processing: no references
[3255.724s][debug][gc,phases      ] GC(58) Reference Processing 0.094ms
[3255.724s][debug][gc,phases      ] GC(58)   VM Weak                        Min:  0.0, Avg:  0.0, Max:  0.0, Diff:  0.0, Sum:  0.0, Workers: 4
[3255.724s][debug][gc,phases      ] GC(58)     Dead                           Min: 0, Avg:  0.0, Max: 0, Diff: 0, Sum: 0, Workers: 4
[3255.724s][debug][gc,phases      ] GC(58)     Total                          Min: 0, Avg: 248.5, Max: 674, Diff: 674, Sum: 994, Workers: 4
[3255.724s][debug][gc,phases      ] GC(58)   ObjectSynchronizer Weak        Min:  0.0, Avg:  0.0, Max:  0.0, Diff:  0.0, Sum:  0.0, Workers: 4
[3255.724s][debug][gc,phases      ] GC(58)     Dead                           Min: 0, Avg:  0.0, Max: 0, Diff: 0, Sum: 0, Workers: 4
[3255.724s][debug][gc,phases      ] GC(58)     Total                          Min: 0, Avg:  1.0, Max: 4, Diff: 4, Sum: 4, Workers: 4
[3255.724s][debug][gc,phases      ] GC(58)   JVMTI Tag Weak OopStorage      Min:  0.0, Avg:  0.0, Max:  0.0, Diff:  0.0, Sum:  0.0, Workers: 4
[3255.724s][debug][gc,phases      ] GC(58)     Dead                           Min: 0, Avg:  0.0, Max: 0, Diff: 0, Sum: 0, Workers: 4
[3255.724s][debug][gc,phases      ] GC(58)     Total                          Min: 0, Avg:  0.0, Max: 0, Diff: 0, Sum: 0, Workers: 4
[3255.724s][debug][gc,phases      ] GC(58)   StringTable Weak               Min:  0.0, Avg:  0.1, Max:  0.1, Diff:  0.1, Sum:  0.4, Workers: 4
[3255.724s][debug][gc,phases      ] GC(58)     Dead                           Min: 0, Avg:  0.0, Max: 0, Diff: 0, Sum: 0, Workers: 4
[3255.724s][debug][gc,phases      ] GC(58)     Total                          Min: 0, Avg: 11919.2, Max: 20798, Diff: 20798, Sum: 47677, Workers: 4
[3255.724s][debug][gc,phases      ] GC(58)   ResolvedMethodTable Weak       Min:  0.0, Avg:  0.0, Max:  0.0, Diff:  0.0, Sum:  0.1, Workers: 4
[3255.724s][debug][gc,phases      ] GC(58)     Dead                           Min: 0, Avg:  4.0, Max: 16, Diff: 16, Sum: 16, Workers: 4
[3255.724s][debug][gc,phases      ] GC(58)     Total                          Min: 0, Avg: 3901.0, Max: 6604, Diff: 6604, Sum: 15604, Workers: 4
[3255.724s][debug][gc,phases      ] GC(58)   JNI Weak                       Min:  0.0, Avg:  0.0, Max:  0.0, Diff:  0.0, Sum:  0.0, Workers: 4
[3255.724s][debug][gc,phases      ] GC(58)     Dead                           Min: 0, Avg:  0.0, Max: 0, Diff: 0, Sum: 0, Workers: 4
[3255.724s][debug][gc,phases      ] GC(58)     Total                          Min: 0, Avg: 13.0, Max: 52, Diff: 52, Sum: 52, Workers: 4
[3255.724s][debug][gc,phases      ] GC(58)   StringDedup Table Weak         Min:  0.0, Avg:  0.0, Max:  0.0, Diff:  0.0, Sum:  0.0, Workers: 4
[3255.724s][debug][gc,phases      ] GC(58)     Dead                           Min: 0, Avg:  0.0, Max: 0, Diff: 0, Sum: 0, Workers: 4
[3255.724s][debug][gc,phases      ] GC(58)     Total                          Min: 0, Avg:  0.0, Max: 0, Diff: 0, Sum: 0, Workers: 4
[3255.724s][debug][gc,phases      ] GC(58)   StringDedup Requests0 Weak     Min:  0.0, Avg:  0.0, Max:  0.0, Diff:  0.0, Sum:  0.0, Workers: 4
[3255.724s][debug][gc,phases      ] GC(58)     Dead                           Min: 0, Avg:  0.0, Max: 0, Diff: 0, Sum: 0, Workers: 4
[3255.724s][debug][gc,phases      ] GC(58)     Total                          Min: 0, Avg:  0.0, Max: 0, Diff: 0, Sum: 0, Workers: 4
[3255.724s][debug][gc,phases      ] GC(58)   StringDedup Requests1 Weak     Min:  0.0, Avg:  0.0, Max:  0.0, Diff:  0.0, Sum:  0.0, Workers: 4
[3255.724s][debug][gc,phases      ] GC(58)     Dead                           Min: 0, Avg:  0.0, Max: 0, Diff: 0, Sum: 0, Workers: 4
[3255.724s][debug][gc,phases      ] GC(58)     Total                          Min: 0, Avg:  0.0, Max: 0, Diff: 0, Sum: 0, Workers: 4
[3255.724s][debug][gc,phases      ] GC(58)   Weak JFR Old Object Samples    Min:  0.0, Avg:  0.0, Max:  0.0, Diff:  0.0, Sum:  0.0, Workers: 4
[3255.724s][debug][gc,phases      ] GC(58)     Dead                           Min: 0, Avg:  0.0, Max: 0, Diff: 0, Sum: 0, Workers: 4
[3255.724s][debug][gc,phases      ] GC(58)     Total                          Min: 0, Avg:  0.0, Max: 0, Diff: 0, Sum: 0, Workers: 4
[3255.724s][debug][gc,phases      ] GC(58) Weak Processing 0.359ms
[3255.724s][debug][gc,age         ] GC(58) Desired survivor size 38273024 bytes, new threshold 1 (max threshold 15)
[3255.724s][info ][gc,heap        ] GC(58) PSYoungGen: 2019280K(2057216K)->3680K(2054656K) Eden: 2014720K(2014720K)->0K(2014720K) From: 4560K(42496K)->3680K(39936K)
[3255.724s][info ][gc,heap        ] GC(58) ParOldGen: 388483K(388608K)->390107K(390144K)
[3255.724s][info ][gc,metaspace   ] GC(58) Metaspace: 110497K(111808K)->110497K(111808K) NonClass: 93963K(94720K)->93963K(94720K) Class: 16534K(17088K)->16534K(17088K)
[3255.724s][info ][gc             ] GC(58) Pause Young (Allocation Failure) 2351M->384M(2387M) 3.862ms
[3255.724s][info ][gc,cpu         ] GC(58) User=0.01s Sys=0.01s Real=0.00s
[3255.724s][info ][safepoint      ] Safepoint "ParallelGCFailedAllocation", Time since last: 668943835 ns, Reaching safepoint: 81699 ns, Cleanup: 4100 ns, At safepoint: 3926775 ns, Total: 4012574 ns
[3269.725s][info ][safepoint      ] Safepoint "Cleanup", Time since last: 14001069185 ns, Reaching safepoint: 6100 ns, Cleanup: 13100 ns, At safepoint: 2400 ns, Total: 21600 ns
[3270.726s][info ][safepoint      ] Safepoint "Cleanup", Time since last: 1000112050 ns, Reaching safepoint: 5399 ns, Cleanup: 24100 ns, At safepoint: 2400 ns, Total: 31899 ns
[3273.726s][info ][safepoint      ] Safepoint "Cleanup", Time since last: 3000240494 ns, Reaching safepoint: 4900 ns, Cleanup: 7200 ns, At safepoint: 1600 ns, Total: 13700 ns
[3280.726s][info ][safepoint      ] Safepoint "Cleanup", Time since last: 7000522520 ns, Reaching safepoint: 6200 ns, Cleanup: 9400 ns, At safepoint: 2100 ns, Total: 17700 ns
[3287.727s][info ][safepoint      ] Safepoint "Cleanup", Time since last: 7000563797 ns, Reaching safepoint: 5300 ns, Cleanup: 9400 ns, At safepoint: 2600 ns, Total: 17300 ns
[3309.068s][info ][safepoint      ] Safepoint "Cleanup", Time since last: 21341212267 ns, Reaching safepoint: 6200 ns, Cleanup: 10200 ns, At safepoint: 2000 ns, Total: 18400 ns
[3312.069s][info ][safepoint      ] Safepoint "Cleanup", Time since last: 3000253804 ns, Reaching safepoint: 76699 ns, Cleanup: 10200 ns, At safepoint: 5700 ns, Total: 92599 ns
[3320.069s][info ][safepoint      ] Safepoint "Cleanup", Time since last: 8000645906 ns, Reaching safepoint: 79299 ns, Cleanup: 13800 ns, At safepoint: 5900 ns, Total: 98999 ns
[3322.070s][info ][safepoint      ] Safepoint "Cleanup", Time since last: 2000197931 ns, Reaching safepoint: 79299 ns, Cleanup: 26500 ns, At safepoint: 5400 ns, Total: 111199 ns
[3323.070s][info ][safepoint      ] Safepoint "Cleanup", Time since last: 1000113709 ns, Reaching safepoint: 83099 ns, Cleanup: 13900 ns, At safepoint: 10000 ns, Total: 106999 ns
[3339.071s][info ][safepoint      ] Safepoint "Cleanup", Time since last: 16001229474 ns, Reaching safepoint: 80600 ns, Cleanup: 8600 ns, At safepoint: 6299 ns, Total: 95499 ns
[3341.071s][info ][safepoint      ] Safepoint "Cleanup", Time since last: 2000205999 ns, Reaching safepoint: 82699 ns, Cleanup: 9100 ns, At safepoint: 6300 ns, Total: 98099 ns
[3348.472s][info ][gc,start       ] GC(59) Pause Young (Allocation Failure)
[3348.475s][debug][gc,phases      ] GC(59) Scavenge 2.978ms
[3348.475s][debug][gc,ref         ] GC(59) ReferenceProcessor::execute queues: 1, RefProcThreadModel::Single, marks_oops_alive: false
[3348.475s][debug][gc,ref         ] GC(59) Skipped KeepAliveFinalRefsPhase of Reference Processing: no references
[3348.475s][debug][gc,ref         ] GC(59) ReferenceProcessor::execute queues: 1, RefProcThreadModel::Single, marks_oops_alive: false
[3348.475s][debug][gc,phases      ] GC(59) Reference Processing 0.095ms
[3348.475s][debug][gc,phases      ] GC(59)   VM Weak                        Min:  0.0, Avg:  0.0, Max:  0.0, Diff:  0.0, Sum:  0.0, Workers: 4
[3348.475s][debug][gc,phases      ] GC(59)     Dead                           Min: 0, Avg:  0.0, Max: 0, Diff: 0, Sum: 0, Workers: 4
[3348.475s][debug][gc,phases      ] GC(59)     Total                          Min: 0, Avg: 248.5, Max: 896, Diff: 896, Sum: 994, Workers: 4
[3348.475s][debug][gc,phases      ] GC(59)   ObjectSynchronizer Weak        Min:  0.0, Avg:  0.0, Max:  0.0, Diff:  0.0, Sum:  0.0, Workers: 4
[3348.475s][debug][gc,phases      ] GC(59)     Dead                           Min: 0, Avg:  0.0, Max: 0, Diff: 0, Sum: 0, Workers: 4
[3348.475s][debug][gc,phases      ] GC(59)     Total                          Min: 0, Avg:  1.0, Max: 4, Diff: 4, Sum: 4, Workers: 4
[3348.475s][debug][gc,phases      ] GC(59)   JVMTI Tag Weak OopStorage      Min:  0.0, Avg:  0.0, Max:  0.0, Diff:  0.0, Sum:  0.0, Workers: 4
[3348.475s][debug][gc,phases      ] GC(59)     Dead                           Min: 0, Avg:  0.0, Max: 0, Diff: 0, Sum: 0, Workers: 4
[3348.475s][debug][gc,phases      ] GC(59)     Total                          Min: 0, Avg:  0.0, Max: 0, Diff: 0, Sum: 0, Workers: 4
[3348.475s][debug][gc,phases      ] GC(59)   StringTable Weak               Min:  0.0, Avg:  0.1, Max:  0.1, Diff:  0.1, Sum:  0.4, Workers: 4
[3348.475s][debug][gc,phases      ] GC(59)     Dead                           Min: 0, Avg:  0.0, Max: 0, Diff: 0, Sum: 0, Workers: 4
[3348.475s][debug][gc,phases      ] GC(59)     Total                          Min: 0, Avg: 11919.8, Max: 21888, Diff: 21888, Sum: 47679, Workers: 4
[3348.475s][debug][gc,phases      ] GC(59)   ResolvedMethodTable Weak       Min:  0.0, Avg:  0.0, Max:  0.0, Diff:  0.0, Sum:  0.1, Workers: 4
[3348.475s][debug][gc,phases      ] GC(59)     Dead                           Min: 0, Avg:  4.0, Max: 16, Diff: 16, Sum: 16, Workers: 4
[3348.475s][debug][gc,phases      ] GC(59)     Total                          Min: 0, Avg: 3901.0, Max: 6714, Diff: 6714, Sum: 15604, Workers: 4
[3348.475s][debug][gc,phases      ] GC(59)   JNI Weak                       Min:  0.0, Avg:  0.0, Max:  0.0, Diff:  0.0, Sum:  0.0, Workers: 4
[3348.475s][debug][gc,phases      ] GC(59)     Dead                           Min: 0, Avg:  0.0, Max: 0, Diff: 0, Sum: 0, Workers: 4
[3348.475s][debug][gc,phases      ] GC(59)     Total                          Min: 0, Avg: 13.0, Max: 52, Diff: 52, Sum: 52, Workers: 4
[3348.475s][debug][gc,phases      ] GC(59)   StringDedup Table Weak         Min:  0.0, Avg:  0.0, Max:  0.0, Diff:  0.0, Sum:  0.0, Workers: 4
[3348.475s][debug][gc,phases      ] GC(59)     Dead                           Min: 0, Avg:  0.0, Max: 0, Diff: 0, Sum: 0, Workers: 4
[3348.475s][debug][gc,phases      ] GC(59)     Total                          Min: 0, Avg:  0.0, Max: 0, Diff: 0, Sum: 0, Workers: 4
[3348.475s][debug][gc,phases      ] GC(59)   StringDedup Requests0 Weak     Min:  0.0, Avg:  0.0, Max:  0.0, Diff:  0.0, Sum:  0.0, Workers: 4
[3348.475s][debug][gc,phases      ] GC(59)     Dead                           Min: 0, Avg:  0.0, Max: 0, Diff: 0, Sum: 0, Workers: 4
[3348.475s][debug][gc,phases      ] GC(59)     Total                          Min: 0, Avg:  0.0, Max: 0, Diff: 0, Sum: 0, Workers: 4
[3348.475s][debug][gc,phases      ] GC(59)   StringDedup Requests1 Weak     Min:  0.0, Avg:  0.0, Max:  0.0, Diff:  0.0, Sum:  0.0, Workers: 4
[3348.475s][debug][gc,phases      ] GC(59)     Dead                           Min: 0, Avg:  0.0, Max: 0, Diff: 0, Sum: 0, Workers: 4
[3348.475s][debug][gc,phases      ] GC(59)     Total                          Min: 0, Avg:  0.0, Max: 0, Diff: 0, Sum: 0, Workers: 4
[3348.475s][debug][gc,phases      ] GC(59)   Weak JFR Old Object Samples    Min:  0.0, Avg:  0.0, Max:  0.0, Diff:  0.0, Sum:  0.0, Workers: 4
[3348.475s][debug][gc,phases      ] GC(59)     Dead                           Min: 0, Avg:  0.0, Max: 0, Diff: 0, Sum: 0, Workers: 4
[3348.475s][debug][gc,phases      ] GC(59)     Total                          Min: 0, Avg:  0.0, Max: 0, Diff: 0, Sum: 0, Workers: 4
[3348.475s][debug][gc,phases      ] GC(59) Weak Processing 0.367ms
[3348.475s][debug][gc,age         ] GC(59) Desired survivor size 36175872 bytes, new threshold 1 (max threshold 15)
[3348.475s][info ][gc,heap        ] GC(59) PSYoungGen: 2018400K(2054656K)->3360K(2061824K) Eden: 2014720K(2014720K)->0K(2024448K) From: 3680K(39936K)->3360K(37376K)
[3348.475s][info ][gc,heap        ] GC(59) ParOldGen: 390107K(390144K)->390815K(391168K)
[3348.475s][info ][gc,metaspace   ] GC(59) Metaspace: 110522K(111808K)->110522K(111808K) NonClass: 93987K(94720K)->93987K(94720K) Class: 16534K(17088K)->16534K(17088K)
[3348.475s][info ][gc             ] GC(59) Pause Young (Allocation Failure) 2352M->384M(2395M) 3.535ms
[3348.475s][info ][gc,cpu         ] GC(59) User=0.02s Sys=0.00s Real=0.01s
[3348.475s][info ][safepoint      ] Safepoint "ParallelGCFailedAllocation", Time since last: 7400188475 ns, Reaching safepoint: 76699 ns, Cleanup: 3700 ns, At safepoint: 3602176 ns, Total: 3682575 ns
[3349.475s][info ][safepoint      ] Safepoint "Cleanup", Time since last: 1000087337 ns, Reaching safepoint: 4900 ns, Cleanup: 8700 ns, At safepoint: 2200 ns, Total: 15800 ns
[3356.476s][info ][safepoint      ] Safepoint "Cleanup", Time since last: 7000528589 ns, Reaching safepoint: 5800 ns, Cleanup: 9100 ns, At safepoint: 2000 ns, Total: 16900 ns
[3379.086s][info ][safepoint      ] Safepoint "Cleanup", Time since last: 22610287865 ns, Reaching safepoint: 6200 ns, Cleanup: 10200 ns, At safepoint: 1900 ns, Total: 18300 ns
[3387.087s][info ][safepoint      ] Safepoint "Cleanup", Time since last: 8000599125 ns, Reaching safepoint: 6800 ns, Cleanup: 13300 ns, At safepoint: 2100 ns, Total: 22200 ns
[3409.088s][info ][safepoint      ] Safepoint "Cleanup", Time since last: 22001584290 ns, Reaching safepoint: 5900 ns, Cleanup: 10399 ns, At safepoint: 1800 ns, Total: 18099 ns
[3422.103s][info ][safepoint      ] Safepoint "Cleanup", Time since last: 13014040166 ns, Reaching safepoint: 6300 ns, Cleanup: 13000 ns, At safepoint: 1900 ns, Total: 21200 ns
[3423.103s][info ][safepoint      ] Safepoint "Cleanup", Time since last: 1000129752 ns, Reaching safepoint: 78199 ns, Cleanup: 51400 ns, At safepoint: 18000 ns, Total: 147599 ns
[3423.132s][info ][safepoint      ] Safepoint "ParallelGCFailedAllocation", Time since last: 29191903 ns, Reaching safepoint: 76399 ns, Cleanup: 11300 ns, At safepoint: 9200 ns, Total: 96899 ns
[3423.132s][info ][gc,start       ] GC(60) Pause Young (GCLocker Initiated GC)
[3423.151s][debug][gc,phases      ] GC(60) Scavenge 18.903ms
[3423.151s][debug][gc,ref         ] GC(60) ReferenceProcessor::execute queues: 1, RefProcThreadModel::Single, marks_oops_alive: false
[3423.151s][debug][gc,ref         ] GC(60) Skipped KeepAliveFinalRefsPhase of Reference Processing: no references
[3423.151s][debug][gc,ref         ] GC(60) ReferenceProcessor::execute queues: 1, RefProcThreadModel::Single, marks_oops_alive: false
[3423.151s][debug][gc,phases      ] GC(60) Reference Processing 0.107ms
[3423.152s][debug][gc,phases      ] GC(60)   VM Weak                        Min:  0.0, Avg:  0.0, Max:  0.0, Diff:  0.0, Sum:  0.0, Workers: 4
[3423.152s][debug][gc,phases      ] GC(60)     Dead                           Min: 0, Avg:  0.0, Max: 0, Diff: 0, Sum: 0, Workers: 4
[3423.152s][debug][gc,phases      ] GC(60)     Total                          Min: 128, Avg: 248.5, Max: 418, Diff: 290, Sum: 994, Workers: 4
[3423.152s][debug][gc,phases      ] GC(60)   ObjectSynchronizer Weak        Min:  0.0, Avg:  0.0, Max:  0.0, Diff:  0.0, Sum:  0.0, Workers: 4
[3423.152s][debug][gc,phases      ] GC(60)     Dead                           Min: 0, Avg:  0.0, Max: 0, Diff: 0, Sum: 0, Workers: 4
[3423.152s][debug][gc,phases      ] GC(60)     Total                          Min: 0, Avg:  1.2, Max: 5, Diff: 5, Sum: 5, Workers: 4
[3423.152s][debug][gc,phases      ] GC(60)   JVMTI Tag Weak OopStorage      Min:  0.0, Avg:  0.0, Max:  0.0, Diff:  0.0, Sum:  0.0, Workers: 4
[3423.152s][debug][gc,phases      ] GC(60)     Dead                           Min: 0, Avg:  0.0, Max: 0, Diff: 0, Sum: 0, Workers: 4
[3423.152s][debug][gc,phases      ] GC(60)     Total                          Min: 0, Avg:  0.0, Max: 0, Diff: 0, Sum: 0, Workers: 4
[3423.152s][debug][gc,phases      ] GC(60)   StringTable Weak               Min:  0.1, Avg:  0.1, Max:  0.1, Diff:  0.0, Sum:  0.5, Workers: 4
[3423.152s][debug][gc,phases      ] GC(60)     Dead                           Min: 0, Avg:  0.0, Max: 0, Diff: 0, Sum: 0, Workers: 4
[3423.152s][debug][gc,phases      ] GC(60)     Total                          Min: 11776, Avg: 11921.5, Max: 12096, Diff: 320, Sum: 47686, Workers: 4
[3423.152s][debug][gc,phases      ] GC(60)   ResolvedMethodTable Weak       Min:  0.0, Avg:  0.0, Max:  0.0, Diff:  0.0, Sum:  0.2, Workers: 4
[3423.152s][debug][gc,phases      ] GC(60)     Dead                           Min: 0, Avg:  4.0, Max: 16, Diff: 16, Sum: 16, Workers: 4
[3423.152s][debug][gc,phases      ] GC(60)     Total                          Min: 3859, Avg: 3901.0, Max: 3929, Diff: 70, Sum: 15604, Workers: 4
[3423.152s][debug][gc,phases      ] GC(60)   JNI Weak                       Min:  0.0, Avg:  0.0, Max:  0.0, Diff:  0.0, Sum:  0.0, Workers: 4
[3423.152s][debug][gc,phases      ] GC(60)     Dead                           Min: 0, Avg:  0.0, Max: 0, Diff: 0, Sum: 0, Workers: 4
[3423.152s][debug][gc,phases      ] GC(60)     Total                          Min: 0, Avg: 13.0, Max: 52, Diff: 52, Sum: 52, Workers: 4
[3423.152s][debug][gc,phases      ] GC(60)   StringDedup Table Weak         Min:  0.0, Avg:  0.0, Max:  0.0, Diff:  0.0, Sum:  0.0, Workers: 4
[3423.152s][debug][gc,phases      ] GC(60)     Dead                           Min: 0, Avg:  0.0, Max: 0, Diff: 0, Sum: 0, Workers: 4
[3423.152s][debug][gc,phases      ] GC(60)     Total                          Min: 0, Avg:  0.0, Max: 0, Diff: 0, Sum: 0, Workers: 4
[3423.152s][debug][gc,phases      ] GC(60)   StringDedup Requests0 Weak     Min:  0.0, Avg:  0.0, Max:  0.0, Diff:  0.0, Sum:  0.0, Workers: 4
[3423.152s][debug][gc,phases      ] GC(60)     Dead                           Min: 0, Avg:  0.0, Max: 0, Diff: 0, Sum: 0, Workers: 4
[3423.152s][debug][gc,phases      ] GC(60)     Total                          Min: 0, Avg:  0.0, Max: 0, Diff: 0, Sum: 0, Workers: 4
[3423.152s][debug][gc,phases      ] GC(60)   StringDedup Requests1 Weak     Min:  0.0, Avg:  0.0, Max:  0.0, Diff:  0.0, Sum:  0.0, Workers: 4
[3423.152s][debug][gc,phases      ] GC(60)     Dead                           Min: 0, Avg:  0.0, Max: 0, Diff: 0, Sum: 0, Workers: 4
[3423.152s][debug][gc,phases      ] GC(60)     Total                          Min: 0, Avg:  0.0, Max: 0, Diff: 0, Sum: 0, Workers: 4
[3423.152s][debug][gc,phases      ] GC(60)   Weak JFR Old Object Samples    Min:  0.0, Avg:  0.0, Max:  0.0, Diff:  0.0, Sum:  0.0, Workers: 4
[3423.152s][debug][gc,phases      ] GC(60)     Dead                           Min: 0, Avg:  0.0, Max: 0, Diff: 0, Sum: 0, Workers: 4
[3423.152s][debug][gc,phases      ] GC(60)     Total                          Min: 0, Avg:  0.0, Max: 0, Diff: 0, Sum: 0, Workers: 4
[3423.152s][debug][gc,phases      ] GC(60) Weak Processing 0.318ms
[3423.152s][debug][gc,age         ] GC(60) Desired survivor size 50331648 bytes, new threshold 1 (max threshold 15)
[3423.152s][info ][gc,heap        ] GC(60) PSYoungGen: 2027808K(2061824K)->35316K(2059776K) Eden: 2024448K(2024448K)->0K(2024448K) From: 3360K(37376K)->35316K(35328K)
[3423.152s][info ][gc,heap        ] GC(60) ParOldGen: 391008K(391168K)->407582K(408064K)
[3423.152s][info ][gc,metaspace   ] GC(60) Metaspace: 110541K(111808K)->110541K(111808K) NonClass: 94006K(94720K)->94006K(94720K) Class: 16534K(17088K)->16534K(17088K)
[3423.152s][info ][gc             ] GC(60) Pause Young (GCLocker Initiated GC) 2362M->432M(2410M) 19.426ms
[3423.152s][info ][gc,cpu         ] GC(60) User=0.07s Sys=0.01s Real=0.02s
[3423.152s][info ][safepoint      ] Safepoint "ParallelGCSystemGC", Time since last: 207099 ns, Reaching safepoint: 74799 ns, Cleanup: 1500 ns, At safepoint: 19491069 ns, Total: 19567368 ns
[3424.152s][info ][safepoint      ] Safepoint "Cleanup", Time since last: 1000081552 ns, Reaching safepoint: 5200 ns, Cleanup: 17400 ns, At safepoint: 1800 ns, Total: 24400 ns
[3426.152s][info ][safepoint      ] Safepoint "Cleanup", Time since last: 2000164008 ns, Reaching safepoint: 6500 ns, Cleanup: 9300 ns, At safepoint: 2400 ns, Total: 18200 ns
[3428.152s][info ][safepoint      ] Safepoint "Cleanup", Time since last: 2000187689 ns, Reaching safepoint: 6600 ns, Cleanup: 13200 ns, At safepoint: 2200 ns, Total: 22000 ns
[3429.153s][info ][safepoint      ] Safepoint "Cleanup", Time since last: 1000112569 ns, Reaching safepoint: 7000 ns, Cleanup: 23299 ns, At safepoint: 2100 ns, Total: 32399 ns
[3430.153s][info ][safepoint      ] Safepoint "Cleanup", Time since last: 1000126269 ns, Reaching safepoint: 6600 ns, Cleanup: 15300 ns, At safepoint: 2200 ns, Total: 24100 ns
[3431.153s][info ][safepoint      ] Safepoint "Cleanup", Time since last: 1000118268 ns, Reaching safepoint: 6200 ns, Cleanup: 16200 ns, At safepoint: 2200 ns, Total: 24600 ns
[3432.153s][info ][safepoint      ] Safepoint "Cleanup", Time since last: 1000117169 ns, Reaching safepoint: 6100 ns, Cleanup: 9900 ns, At safepoint: 2400 ns, Total: 18400 ns
[3436.153s][info ][safepoint      ] Safepoint "Cleanup", Time since last: 4000315326 ns, Reaching safepoint: 6700 ns, Cleanup: 10999 ns, At safepoint: 2200 ns, Total: 19899 ns
[3437.153s][info ][safepoint      ] Safepoint "Cleanup", Time since last: 1000114876 ns, Reaching safepoint: 5800 ns, Cleanup: 11599 ns, At safepoint: 2100 ns, Total: 19499 ns
[3439.154s][info ][safepoint      ] Safepoint "Cleanup", Time since last: 2000186451 ns, Reaching safepoint: 6300 ns, Cleanup: 10100 ns, At safepoint: 2300 ns, Total: 18700 ns
[3440.154s][info ][safepoint      ] Safepoint "Cleanup", Time since last: 1000109375 ns, Reaching safepoint: 6300 ns, Cleanup: 10500 ns, At safepoint: 2200 ns, Total: 19000 ns
[3442.154s][info ][safepoint      ] Safepoint "Cleanup", Time since last: 2000184502 ns, Reaching safepoint: 6700 ns, Cleanup: 13300 ns, At safepoint: 2100 ns, Total: 22100 ns
[3444.154s][info ][safepoint      ] Safepoint "Cleanup", Time since last: 2000193110 ns, Reaching safepoint: 6000 ns, Cleanup: 10000 ns, At safepoint: 2500 ns, Total: 18500 ns
[3449.155s][info ][safepoint      ] Safepoint "Cleanup", Time since last: 5000430026 ns, Reaching safepoint: 6700 ns, Cleanup: 10500 ns, At safepoint: 2300 ns, Total: 19500 ns
[3452.155s][info ][safepoint      ] Safepoint "Cleanup", Time since last: 3000283124 ns, Reaching safepoint: 6600 ns, Cleanup: 11500 ns, At safepoint: 2300 ns, Total: 20400 ns
[3453.155s][info ][safepoint      ] Safepoint "Cleanup", Time since last: 1000109008 ns, Reaching safepoint: 6200 ns, Cleanup: 11400 ns, At safepoint: 23000 ns, Total: 40600 ns
[3454.155s][info ][safepoint      ] Safepoint "Cleanup", Time since last: 1000122708 ns, Reaching safepoint: 6800 ns, Cleanup: 12999 ns, At safepoint: 2100 ns, Total: 21899 ns
[3456.155s][info ][safepoint      ] Safepoint "Cleanup", Time since last: 2000189817 ns, Reaching safepoint: 6600 ns, Cleanup: 10400 ns, At safepoint: 2300 ns, Total: 19300 ns
[3457.156s][info ][safepoint      ] Safepoint "Cleanup", Time since last: 1000114504 ns, Reaching safepoint: 6300 ns, Cleanup: 22799 ns, At safepoint: 2100 ns, Total: 31199 ns
[3458.156s][info ][safepoint      ] Safepoint "Cleanup", Time since last: 1000105555 ns, Reaching safepoint: 6500 ns, Cleanup: 10300 ns, At safepoint: 2200 ns, Total: 19000 ns
[3459.156s][info ][safepoint      ] Safepoint "Cleanup", Time since last: 1000112255 ns, Reaching safepoint: 6200 ns, Cleanup: 9700 ns, At safepoint: 1900 ns, Total: 17800 ns
[3459.775s][info ][gc,start       ] GC(61) Pause Young (Allocation Failure)
[3459.796s][debug][gc,phases      ] GC(61) Scavenge 20.085ms
[3459.796s][debug][gc,ref         ] GC(61) ReferenceProcessor::execute queues: 1, RefProcThreadModel::Single, marks_oops_alive: false
[3459.796s][debug][gc,ref         ] GC(61) Skipped KeepAliveFinalRefsPhase of Reference Processing: no references
[3459.796s][debug][gc,ref         ] GC(61) Skipped PhantomRefsPhase of Reference Processing: no references
[3459.796s][debug][gc,phases      ] GC(61) Reference Processing 0.112ms
[3459.796s][debug][gc,phases      ] GC(61)   VM Weak                        Min:  0.0, Avg:  0.0, Max:  0.0, Diff:  0.0, Sum:  0.0, Workers: 4
[3459.796s][debug][gc,phases      ] GC(61)     Dead                           Min: 0, Avg:  0.0, Max: 0, Diff: 0, Sum: 0, Workers: 4
[3459.796s][debug][gc,phases      ] GC(61)     Total                          Min: 0, Avg: 248.5, Max: 866, Diff: 866, Sum: 994, Workers: 4
[3459.796s][debug][gc,phases      ] GC(61)   ObjectSynchronizer Weak        Min:  0.0, Avg:  0.0, Max:  0.0, Diff:  0.0, Sum:  0.0, Workers: 4
[3459.796s][debug][gc,phases      ] GC(61)     Dead                           Min: 0, Avg:  0.0, Max: 0, Diff: 0, Sum: 0, Workers: 4
[3459.796s][debug][gc,phases      ] GC(61)     Total                          Min: 0, Avg:  1.2, Max: 5, Diff: 5, Sum: 5, Workers: 4
[3459.796s][debug][gc,phases      ] GC(61)   JVMTI Tag Weak OopStorage      Min:  0.0, Avg:  0.0, Max:  0.0, Diff:  0.0, Sum:  0.0, Workers: 4
[3459.796s][debug][gc,phases      ] GC(61)     Dead                           Min: 0, Avg:  0.0, Max: 0, Diff: 0, Sum: 0, Workers: 4
[3459.796s][debug][gc,phases      ] GC(61)     Total                          Min: 0, Avg:  0.0, Max: 0, Diff: 0, Sum: 0, Workers: 4
[3459.796s][debug][gc,phases      ] GC(61)   StringTable Weak               Min:  0.1, Avg:  0.1, Max:  0.1, Diff:  0.0, Sum:  0.4, Workers: 4
[3459.796s][debug][gc,phases      ] GC(61)     Dead                           Min: 0, Avg:  0.0, Max: 0, Diff: 0, Sum: 0, Workers: 4
[3459.796s][debug][gc,phases      ] GC(61)     Total                          Min: 11721, Avg: 11922.2, Max: 12160, Diff: 439, Sum: 47689, Workers: 4
[3459.796s][debug][gc,phases      ] GC(61)   ResolvedMethodTable Weak       Min:  0.0, Avg:  0.0, Max:  0.0, Diff:  0.0, Sum:  0.2, Workers: 4
[3459.796s][debug][gc,phases      ] GC(61)     Dead                           Min: 0, Avg:  4.0, Max: 16, Diff: 16, Sum: 16, Workers: 4
[3459.796s][debug][gc,phases      ] GC(61)     Total                          Min: 3865, Avg: 3901.0, Max: 3961, Diff: 96, Sum: 15604, Workers: 4
[3459.796s][debug][gc,phases      ] GC(61)   JNI Weak                       Min:  0.0, Avg:  0.0, Max:  0.0, Diff:  0.0, Sum:  0.0, Workers: 4
[3459.796s][debug][gc,phases      ] GC(61)     Dead                           Min: 0, Avg:  0.0, Max: 0, Diff: 0, Sum: 0, Workers: 4
[3459.796s][debug][gc,phases      ] GC(61)     Total                          Min: 0, Avg: 13.0, Max: 52, Diff: 52, Sum: 52, Workers: 4
[3459.796s][debug][gc,phases      ] GC(61)   StringDedup Table Weak         Min:  0.0, Avg:  0.0, Max:  0.0, Diff:  0.0, Sum:  0.0, Workers: 4
[3459.796s][debug][gc,phases      ] GC(61)     Dead                           Min: 0, Avg:  0.0, Max: 0, Diff: 0, Sum: 0, Workers: 4
[3459.796s][debug][gc,phases      ] GC(61)     Total                          Min: 0, Avg:  0.0, Max: 0, Diff: 0, Sum: 0, Workers: 4
[3459.796s][debug][gc,phases      ] GC(61)   StringDedup Requests0 Weak     Min:  0.0, Avg:  0.0, Max:  0.0, Diff:  0.0, Sum:  0.0, Workers: 4
[3459.796s][debug][gc,phases      ] GC(61)     Dead                           Min: 0, Avg:  0.0, Max: 0, Diff: 0, Sum: 0, Workers: 4
[3459.796s][debug][gc,phases      ] GC(61)     Total                          Min: 0, Avg:  0.0, Max: 0, Diff: 0, Sum: 0, Workers: 4
[3459.796s][debug][gc,phases      ] GC(61)   StringDedup Requests1 Weak     Min:  0.0, Avg:  0.0, Max:  0.0, Diff:  0.0, Sum:  0.0, Workers: 4
[3459.796s][debug][gc,phases      ] GC(61)     Dead                           Min: 0, Avg:  0.0, Max: 0, Diff: 0, Sum: 0, Workers: 4
[3459.796s][debug][gc,phases      ] GC(61)     Total                          Min: 0, Avg:  0.0, Max: 0, Diff: 0, Sum: 0, Workers: 4
[3459.796s][debug][gc,phases      ] GC(61)   Weak JFR Old Object Samples    Min:  0.0, Avg:  0.0, Max:  0.0, Diff:  0.0, Sum:  0.0, Workers: 4
[3459.796s][debug][gc,phases      ] GC(61)     Dead                           Min: 0, Avg:  0.0, Max: 0, Diff: 0, Sum: 0, Workers: 4
[3459.796s][debug][gc,phases      ] GC(61)     Total                          Min: 0, Avg:  0.0, Max: 0, Diff: 0, Sum: 0, Workers: 4
[3459.796s][debug][gc,phases      ] GC(61) Weak Processing 0.306ms
[3459.796s][debug][gc,age         ] GC(61) Desired survivor size 47710208 bytes, new threshold 1 (max threshold 15)
[3459.796s][info ][gc,heap        ] GC(61) PSYoungGen: 2059764K(2059776K)->15504K(2041344K) Eden: 2024448K(2024448K)->0K(2003968K) From: 35316K(35328K)->15504K(37376K)
[3459.796s][info ][gc,heap        ] GC(61) ParOldGen: 407584K(408064K)->444908K(444928K)
[3459.796s][info ][gc,metaspace   ] GC(61) Metaspace: 110565K(111872K)->110565K(111872K) NonClass: 94030K(94784K)->94030K(94784K) Class: 16534K(17088K)->16534K(17088K)
[3459.796s][info ][gc             ] GC(61) Pause Young (Allocation Failure) 2409M->449M(2428M) 20.620ms
[3459.796s][info ][gc,cpu         ] GC(61) User=0.06s Sys=0.02s Real=0.02s
[3459.796s][info ][safepoint      ] Safepoint "ParallelGCFailedAllocation", Time since last: 619406599 ns, Reaching safepoint: 80899 ns, Cleanup: 11200 ns, At safepoint: 20692156 ns, Total: 20784255 ns
[3462.796s][info ][safepoint      ] Safepoint "Cleanup", Time since last: 3000224666 ns, Reaching safepoint: 6400 ns, Cleanup: 9800 ns, At safepoint: 2100 ns, Total: 18300 ns
[3463.796s][info ][safepoint      ] Safepoint "Cleanup", Time since last: 1000116355 ns, Reaching safepoint: 6700 ns, Cleanup: 12800 ns, At safepoint: 2600 ns, Total: 22100 ns
[3465.797s][info ][safepoint      ] Safepoint "Cleanup", Time since last: 2000179814 ns, Reaching safepoint: 6200 ns, Cleanup: 9400 ns, At safepoint: 2000 ns, Total: 17600 ns
[3466.797s][info ][safepoint      ] Safepoint "Cleanup", Time since last: 1000115470 ns, Reaching safepoint: 6000 ns, Cleanup: 10000 ns, At safepoint: 2000 ns, Total: 18000 ns
[3471.797s][info ][safepoint      ] Safepoint "Cleanup", Time since last: 5000397838 ns, Reaching safepoint: 6300 ns, Cleanup: 12500 ns, At safepoint: 2600 ns, Total: 21400 ns
[3482.120s][info ][safepoint      ] Safepoint "Cleanup", Time since last: 10322906924 ns, Reaching safepoint: 80500 ns, Cleanup: 11300 ns, At safepoint: 6300 ns, Total: 98100 ns
[3484.120s][info ][safepoint      ] Safepoint "Cleanup", Time since last: 2000187132 ns, Reaching safepoint: 77099 ns, Cleanup: 10800 ns, At safepoint: 5800 ns, Total: 93699 ns
[3485.121s][info ][safepoint      ] Safepoint "Cleanup", Time since last: 1000110116 ns, Reaching safepoint: 90200 ns, Cleanup: 12799 ns, At safepoint: 5200 ns, Total: 108199 ns
[3487.121s][info ][safepoint      ] Safepoint "Cleanup", Time since last: 2000174033 ns, Reaching safepoint: 8100 ns, Cleanup: 17800 ns, At safepoint: 8100 ns, Total: 34000 ns
[3488.121s][info ][safepoint      ] Safepoint "Cleanup", Time since last: 1000135315 ns, Reaching safepoint: 76800 ns, Cleanup: 9000 ns, At safepoint: 5800 ns, Total: 91600 ns
[3489.121s][info ][safepoint      ] Safepoint "Cleanup", Time since last: 1000121416 ns, Reaching safepoint: 81099 ns, Cleanup: 8100 ns, At safepoint: 6700 ns, Total: 95899 ns
[3490.122s][info ][safepoint      ] Safepoint "Cleanup", Time since last: 1000128490 ns, Reaching safepoint: 82699 ns, Cleanup: 11800 ns, At safepoint: 6800 ns, Total: 101299 ns
[3491.122s][info ][safepoint      ] Safepoint "Cleanup", Time since last: 1000140190 ns, Reaching safepoint: 81499 ns, Cleanup: 9100 ns, At safepoint: 6600 ns, Total: 97199 ns
[3492.122s][info ][safepoint      ] Safepoint "Cleanup", Time since last: 1000131290 ns, Reaching safepoint: 79899 ns, Cleanup: 9000 ns, At safepoint: 7100 ns, Total: 95999 ns
[3493.122s][info ][safepoint      ] Safepoint "Cleanup", Time since last: 1000135890 ns, Reaching safepoint: 81399 ns, Cleanup: 13800 ns, At safepoint: 7000 ns, Total: 102199 ns
[3496.123s][info ][safepoint      ] Safepoint "Cleanup", Time since last: 3000266370 ns, Reaching safepoint: 77200 ns, Cleanup: 9799 ns, At safepoint: 6500 ns, Total: 93499 ns
[3497.123s][info ][safepoint      ] Safepoint "Cleanup", Time since last: 1000115690 ns, Reaching safepoint: 80300 ns, Cleanup: 14900 ns, At safepoint: 6700 ns, Total: 101900 ns
[3498.123s][info ][safepoint      ] Safepoint "Cleanup", Time since last: 1000116260 ns, Reaching safepoint: 76500 ns, Cleanup: 11400 ns, At safepoint: 6100 ns, Total: 94000 ns
[3499.123s][info ][safepoint      ] Safepoint "Cleanup", Time since last: 1000107361 ns, Reaching safepoint: 78299 ns, Cleanup: 8800 ns, At safepoint: 6900 ns, Total: 93999 ns
[3500.123s][info ][safepoint      ] Safepoint "Cleanup", Time since last: 1000107862 ns, Reaching safepoint: 75899 ns, Cleanup: 13500 ns, At safepoint: 6000 ns, Total: 95399 ns
[3501.124s][info ][safepoint      ] Safepoint "Cleanup", Time since last: 1000108561 ns, Reaching safepoint: 76000 ns, Cleanup: 8700 ns, At safepoint: 6200 ns, Total: 90900 ns
[3503.878s][info ][gc,start       ] GC(62) Pause Young (Allocation Failure)
[3503.888s][debug][gc,phases      ] GC(62) Scavenge 10.115ms
[3503.888s][debug][gc,ref         ] GC(62) ReferenceProcessor::execute queues: 1, RefProcThreadModel::Single, marks_oops_alive: false
[3503.888s][debug][gc,ref         ] GC(62) Skipped KeepAliveFinalRefsPhase of Reference Processing: no references
[3503.888s][debug][gc,ref         ] GC(62) ReferenceProcessor::execute queues: 1, RefProcThreadModel::Single, marks_oops_alive: false
[3503.888s][debug][gc,phases      ] GC(62) Reference Processing 0.098ms
[3503.888s][debug][gc,phases      ] GC(62)   VM Weak                        Min:  0.0, Avg:  0.0, Max:  0.0, Diff:  0.0, Sum:  0.0, Workers: 4
[3503.888s][debug][gc,phases      ] GC(62)     Dead                           Min: 0, Avg:  0.0, Max: 0, Diff: 0, Sum: 0, Workers: 4
[3503.888s][debug][gc,phases      ] GC(62)     Total                          Min: 0, Avg: 248.5, Max: 930, Diff: 930, Sum: 994, Workers: 4
[3503.888s][debug][gc,phases      ] GC(62)   ObjectSynchronizer Weak        Min:  0.0, Avg:  0.0, Max:  0.0, Diff:  0.0, Sum:  0.0, Workers: 4
[3503.888s][debug][gc,phases      ] GC(62)     Dead                           Min: 0, Avg:  0.0, Max: 0, Diff: 0, Sum: 0, Workers: 4
[3503.888s][debug][gc,phases      ] GC(62)     Total                          Min: 0, Avg:  1.2, Max: 5, Diff: 5, Sum: 5, Workers: 4
[3503.888s][debug][gc,phases      ] GC(62)   JVMTI Tag Weak OopStorage      Min:  0.0, Avg:  0.0, Max:  0.0, Diff:  0.0, Sum:  0.0, Workers: 4
[3503.888s][debug][gc,phases      ] GC(62)     Dead                           Min: 0, Avg:  0.0, Max: 0, Diff: 0, Sum: 0, Workers: 4
[3503.888s][debug][gc,phases      ] GC(62)     Total                          Min: 0, Avg:  0.0, Max: 0, Diff: 0, Sum: 0, Workers: 4
[3503.888s][debug][gc,phases      ] GC(62)   StringTable Weak               Min:  0.0, Avg:  0.1, Max:  0.1, Diff:  0.1, Sum:  0.4, Workers: 4
[3503.888s][debug][gc,phases      ] GC(62)     Dead                           Min: 0, Avg:  0.2, Max: 1, Diff: 1, Sum: 1, Workers: 4
[3503.888s][debug][gc,phases      ] GC(62)     Total                          Min: 0, Avg: 11923.8, Max: 20880, Diff: 20880, Sum: 47695, Workers: 4
[3503.888s][debug][gc,phases      ] GC(62)   ResolvedMethodTable Weak       Min:  0.0, Avg:  0.0, Max:  0.0, Diff:  0.0, Sum:  0.1, Workers: 4
[3503.888s][debug][gc,phases      ] GC(62)     Dead                           Min: 0, Avg:  4.5, Max: 18, Diff: 18, Sum: 18, Workers: 4
[3503.888s][debug][gc,phases      ] GC(62)     Total                          Min: 0, Avg: 3903.0, Max: 6649, Diff: 6649, Sum: 15612, Workers: 4
[3503.888s][debug][gc,phases      ] GC(62)   JNI Weak                       Min:  0.0, Avg:  0.0, Max:  0.0, Diff:  0.0, Sum:  0.0, Workers: 4
[3503.888s][debug][gc,phases      ] GC(62)     Dead                           Min: 0, Avg:  0.0, Max: 0, Diff: 0, Sum: 0, Workers: 4
[3503.888s][debug][gc,phases      ] GC(62)     Total                          Min: 0, Avg: 13.0, Max: 52, Diff: 52, Sum: 52, Workers: 4
[3503.888s][debug][gc,phases      ] GC(62)   StringDedup Table Weak         Min:  0.0, Avg:  0.0, Max:  0.0, Diff:  0.0, Sum:  0.0, Workers: 4
[3503.888s][debug][gc,phases      ] GC(62)     Dead                           Min: 0, Avg:  0.0, Max: 0, Diff: 0, Sum: 0, Workers: 4
[3503.888s][debug][gc,phases      ] GC(62)     Total                          Min: 0, Avg:  0.0, Max: 0, Diff: 0, Sum: 0, Workers: 4
[3503.888s][debug][gc,phases      ] GC(62)   StringDedup Requests0 Weak     Min:  0.0, Avg:  0.0, Max:  0.0, Diff:  0.0, Sum:  0.0, Workers: 4
[3503.888s][debug][gc,phases      ] GC(62)     Dead                           Min: 0, Avg:  0.0, Max: 0, Diff: 0, Sum: 0, Workers: 4
[3503.888s][debug][gc,phases      ] GC(62)     Total                          Min: 0, Avg:  0.0, Max: 0, Diff: 0, Sum: 0, Workers: 4
[3503.888s][debug][gc,phases      ] GC(62)   StringDedup Requests1 Weak     Min:  0.0, Avg:  0.0, Max:  0.0, Diff:  0.0, Sum:  0.0, Workers: 4
[3503.888s][debug][gc,phases      ] GC(62)     Dead                           Min: 0, Avg:  0.0, Max: 0, Diff: 0, Sum: 0, Workers: 4
[3503.888s][debug][gc,phases      ] GC(62)     Total                          Min: 0, Avg:  0.0, Max: 0, Diff: 0, Sum: 0, Workers: 4
[3503.888s][debug][gc,phases      ] GC(62)   Weak JFR Old Object Samples    Min:  0.0, Avg:  0.0, Max:  0.0, Diff:  0.0, Sum:  0.0, Workers: 4
[3503.888s][debug][gc,phases      ] GC(62)     Dead                           Min: 0, Avg:  0.0, Max: 0, Diff: 0, Sum: 0, Workers: 4
[3503.888s][debug][gc,phases      ] GC(62)     Total                          Min: 0, Avg:  0.0, Max: 0, Diff: 0, Sum: 0, Workers: 4
[3503.888s][debug][gc,phases      ] GC(62) Weak Processing 0.342ms
[3503.888s][debug][gc,age         ] GC(62) Desired survivor size 45613056 bytes, new threshold 1 (max threshold 15)
[3503.888s][info ][gc,heap        ] GC(62) PSYoungGen: 2019472K(2041344K)->5052K(2050560K) Eden: 2003968K(2003968K)->0K(2003968K) From: 15504K(37376K)->5052K(46592K)
[3503.888s][info ][gc,heap        ] GC(62) ParOldGen: 444908K(444928K)->459790K(460288K)
[3503.888s][info ][gc,metaspace   ] GC(62) Metaspace: 110590K(111872K)->110590K(111872K) NonClass: 94053K(94784K)->94053K(94784K) Class: 16537K(17088K)->16537K(17088K)
[3503.888s][info ][gc             ] GC(62) Pause Young (Allocation Failure) 2406M->453M(2452M) 10.696ms
[3503.888s][info ][gc,cpu         ] GC(62) User=0.03s Sys=0.01s Real=0.01s
[3503.888s][info ][safepoint      ] Safepoint "ParallelGCFailedAllocation", Time since last: 2753779169 ns, Reaching safepoint: 81900 ns, Cleanup: 4100 ns, At safepoint: 10767126 ns, Total: 10853126 ns
[3504.888s][info ][safepoint      ] Safepoint "Cleanup", Time since last: 1000094261 ns, Reaching safepoint: 5900 ns, Cleanup: 9900 ns, At safepoint: 1800 ns, Total: 17600 ns
[3509.889s][info ][safepoint      ] Safepoint "Cleanup", Time since last: 5000384300 ns, Reaching safepoint: 6000 ns, Cleanup: 9000 ns, At safepoint: 1700 ns, Total: 16700 ns
[3511.889s][info ][safepoint      ] Safepoint "Cleanup", Time since last: 2000196125 ns, Reaching safepoint: 6300 ns, Cleanup: 8999 ns, At safepoint: 1900 ns, Total: 17199 ns
[3512.889s][info ][safepoint      ] Safepoint "Cleanup", Time since last: 1000107013 ns, Reaching safepoint: 5100 ns, Cleanup: 8800 ns, At safepoint: 1800 ns, Total: 15700 ns
[3514.889s][info ][safepoint      ] Safepoint "Cleanup", Time since last: 2000173344 ns, Reaching safepoint: 6400 ns, Cleanup: 10200 ns, At safepoint: 2800 ns, Total: 19400 ns
[3515.889s][info ][safepoint      ] Safepoint "Cleanup", Time since last: 1000115981 ns, Reaching safepoint: 6400 ns, Cleanup: 9300 ns, At safepoint: 2000 ns, Total: 17700 ns
[3516.890s][info ][safepoint      ] Safepoint "Cleanup", Time since last: 1000131581 ns, Reaching safepoint: 6000 ns, Cleanup: 28100 ns, At safepoint: 2000 ns, Total: 36100 ns
[3517.890s][info ][safepoint      ] Safepoint "Cleanup", Time since last: 1000111581 ns, Reaching safepoint: 6000 ns, Cleanup: 25400 ns, At safepoint: 2000 ns, Total: 33400 ns
[3519.890s][info ][safepoint      ] Safepoint "Cleanup", Time since last: 2000187562 ns, Reaching safepoint: 6200 ns, Cleanup: 12800 ns, At safepoint: 2300 ns, Total: 21300 ns
[3523.890s][info ][safepoint      ] Safepoint "Cleanup", Time since last: 4000355628 ns, Reaching safepoint: 6500 ns, Cleanup: 10900 ns, At safepoint: 2300 ns, Total: 19700 ns
[3524.890s][info ][safepoint      ] Safepoint "Cleanup", Time since last: 1000120745 ns, Reaching safepoint: 6900 ns, Cleanup: 18600 ns, At safepoint: 2300 ns, Total: 27800 ns
[3534.891s][info ][safepoint      ] Safepoint "Cleanup", Time since last: 10000735208 ns, Reaching safepoint: 7300 ns, Cleanup: 12700 ns, At safepoint: 2200 ns, Total: 22200 ns
[3538.892s][info ][safepoint      ] Safepoint "Cleanup", Time since last: 4000332417 ns, Reaching safepoint: 7100 ns, Cleanup: 11400 ns, At safepoint: 2400 ns, Total: 20900 ns
[3540.892s][info ][safepoint      ] Safepoint "Cleanup", Time since last: 2000189908 ns, Reaching safepoint: 6500 ns, Cleanup: 12700 ns, At safepoint: 2400 ns, Total: 21600 ns
[3543.137s][info ][safepoint      ] Safepoint "Cleanup", Time since last: 2245358605 ns, Reaching safepoint: 6100 ns, Cleanup: 8900 ns, At safepoint: 1900 ns, Total: 16900 ns
[3544.470s][info ][gc,start       ] GC(63) Pause Young (Allocation Failure)
[3544.477s][debug][gc,phases      ] GC(63) Scavenge 6.822ms
[3544.477s][debug][gc,ref         ] GC(63) ReferenceProcessor::execute queues: 1, RefProcThreadModel::Single, marks_oops_alive: false
[3544.477s][debug][gc,ref         ] GC(63) Skipped KeepAliveFinalRefsPhase of Reference Processing: no references
[3544.477s][debug][gc,ref         ] GC(63) ReferenceProcessor::execute queues: 1, RefProcThreadModel::Single, marks_oops_alive: false
[3544.477s][debug][gc,phases      ] GC(63) Reference Processing 0.098ms
[3544.478s][debug][gc,phases      ] GC(63)   VM Weak                        Min:  0.0, Avg:  0.0, Max:  0.0, Diff:  0.0, Sum:  0.0, Workers: 4
[3544.478s][debug][gc,phases      ] GC(63)     Dead                           Min: 0, Avg:  0.0, Max: 0, Diff: 0, Sum: 0, Workers: 4
[3544.478s][debug][gc,phases      ] GC(63)     Total                          Min: 0, Avg: 248.5, Max: 896, Diff: 896, Sum: 994, Workers: 4
[3544.478s][debug][gc,phases      ] GC(63)   ObjectSynchronizer Weak        Min:  0.0, Avg:  0.0, Max:  0.0, Diff:  0.0, Sum:  0.0, Workers: 4
[3544.478s][debug][gc,phases      ] GC(63)     Dead                           Min: 0, Avg:  0.0, Max: 0, Diff: 0, Sum: 0, Workers: 4
[3544.478s][debug][gc,phases      ] GC(63)     Total                          Min: 0, Avg:  1.2, Max: 5, Diff: 5, Sum: 5, Workers: 4
[3544.478s][debug][gc,phases      ] GC(63)   JVMTI Tag Weak OopStorage      Min:  0.0, Avg:  0.0, Max:  0.0, Diff:  0.0, Sum:  0.0, Workers: 4
[3544.478s][debug][gc,phases      ] GC(63)     Dead                           Min: 0, Avg:  0.0, Max: 0, Diff: 0, Sum: 0, Workers: 4
[3544.478s][debug][gc,phases      ] GC(63)     Total                          Min: 0, Avg:  0.0, Max: 0, Diff: 0, Sum: 0, Workers: 4
[3544.478s][debug][gc,phases      ] GC(63)   StringTable Weak               Min:  0.0, Avg:  0.1, Max:  0.1, Diff:  0.1, Sum:  0.4, Workers: 4
[3544.478s][debug][gc,phases      ] GC(63)     Dead                           Min: 0, Avg:  0.0, Max: 0, Diff: 0, Sum: 0, Workers: 4
[3544.478s][debug][gc,phases      ] GC(63)     Total                          Min: 0, Avg: 11923.8, Max: 21520, Diff: 21520, Sum: 47695, Workers: 4
[3544.478s][debug][gc,phases      ] GC(63)   ResolvedMethodTable Weak       Min:  0.0, Avg:  0.0, Max:  0.0, Diff:  0.0, Sum:  0.1, Workers: 4
[3544.478s][debug][gc,phases      ] GC(63)     Dead                           Min: 0, Avg:  4.2, Max: 17, Diff: 17, Sum: 17, Workers: 4
[3544.478s][debug][gc,phases      ] GC(63)     Total                          Min: 0, Avg: 3903.2, Max: 6822, Diff: 6822, Sum: 15613, Workers: 4
[3544.478s][debug][gc,phases      ] GC(63)   JNI Weak                       Min:  0.0, Avg:  0.0, Max:  0.0, Diff:  0.0, Sum:  0.0, Workers: 4
[3544.478s][debug][gc,phases      ] GC(63)     Dead                           Min: 0, Avg:  0.0, Max: 0, Diff: 0, Sum: 0, Workers: 4
[3544.478s][debug][gc,phases      ] GC(63)     Total                          Min: 0, Avg: 13.0, Max: 52, Diff: 52, Sum: 52, Workers: 4
[3544.478s][debug][gc,phases      ] GC(63)   StringDedup Table Weak         Min:  0.0, Avg:  0.0, Max:  0.0, Diff:  0.0, Sum:  0.0, Workers: 4
[3544.478s][debug][gc,phases      ] GC(63)     Dead                           Min: 0, Avg:  0.0, Max: 0, Diff: 0, Sum: 0, Workers: 4
[3544.478s][debug][gc,phases      ] GC(63)     Total                          Min: 0, Avg:  0.0, Max: 0, Diff: 0, Sum: 0, Workers: 4
[3544.478s][debug][gc,phases      ] GC(63)   StringDedup Requests0 Weak     Min:  0.0, Avg:  0.0, Max:  0.0, Diff:  0.0, Sum:  0.0, Workers: 4
[3544.478s][debug][gc,phases      ] GC(63)     Dead                           Min: 0, Avg:  0.0, Max: 0, Diff: 0, Sum: 0, Workers: 4
[3544.478s][debug][gc,phases      ] GC(63)     Total                          Min: 0, Avg:  0.0, Max: 0, Diff: 0, Sum: 0, Workers: 4
[3544.478s][debug][gc,phases      ] GC(63)   StringDedup Requests1 Weak     Min:  0.0, Avg:  0.0, Max:  0.0, Diff:  0.0, Sum:  0.0, Workers: 4
[3544.478s][debug][gc,phases      ] GC(63)     Dead                           Min: 0, Avg:  0.0, Max: 0, Diff: 0, Sum: 0, Workers: 4
[3544.478s][debug][gc,phases      ] GC(63)     Total                          Min: 0, Avg:  0.0, Max: 0, Diff: 0, Sum: 0, Workers: 4
[3544.478s][debug][gc,phases      ] GC(63)   Weak JFR Old Object Samples    Min:  0.0, Avg:  0.0, Max:  0.0, Diff:  0.0, Sum:  0.0, Workers: 4
[3544.478s][debug][gc,phases      ] GC(63)     Dead                           Min: 0, Avg:  0.0, Max: 0, Diff: 0, Sum: 0, Workers: 4
[3544.478s][debug][gc,phases      ] GC(63)     Total                          Min: 0, Avg:  0.0, Max: 0, Diff: 0, Sum: 0, Workers: 4
[3544.478s][debug][gc,phases      ] GC(63) Weak Processing 0.367ms
[3544.478s][debug][gc,age         ] GC(63) Desired survivor size 42991616 bytes, new threshold 1 (max threshold 15)
[3544.478s][info ][gc,heap        ] GC(63) PSYoungGen: 2009020K(2050560K)->8425K(2055168K) Eden: 2003968K(2003968K)->0K(2010624K) From: 5052K(46592K)->8425K(44544K)
[3544.478s][info ][gc,heap        ] GC(63) ParOldGen: 459790K(460288K)->461790K(461824K)
[3544.478s][info ][gc,metaspace   ] GC(63) Metaspace: 110617K(111936K)->110617K(111936K) NonClass: 94080K(94848K)->94080K(94848K) Class: 16537K(17088K)->16537K(17088K)
[3544.478s][info ][gc             ] GC(63) Pause Young (Allocation Failure) 2410M->459M(2458M) 7.400ms
[3544.478s][info ][gc,cpu         ] GC(63) User=0.03s Sys=0.01s Real=0.01s
[3544.478s][info ][safepoint      ] Safepoint "ParallelGCFailedAllocation", Time since last: 1333005142 ns, Reaching safepoint: 78699 ns, Cleanup: 4100 ns, At safepoint: 7476348 ns, Total: 7559147 ns
[3549.478s][info ][safepoint      ] Safepoint "Cleanup", Time since last: 5000416158 ns, Reaching safepoint: 5600 ns, Cleanup: 22600 ns, At safepoint: 1800 ns, Total: 30000 ns
[3551.478s][info ][safepoint      ] Safepoint "Cleanup", Time since last: 2000176462 ns, Reaching safepoint: 5100 ns, Cleanup: 8600 ns, At safepoint: 2000 ns, Total: 15700 ns
[3554.479s][info ][safepoint      ] Safepoint "Cleanup", Time since last: 3000256842 ns, Reaching safepoint: 76600 ns, Cleanup: 7999 ns, At safepoint: 6500 ns, Total: 91099 ns
[3555.479s][info ][safepoint      ] Safepoint "Cleanup", Time since last: 1000111558 ns, Reaching safepoint: 5600 ns, Cleanup: 36100 ns, At safepoint: 2200 ns, Total: 43900 ns
[3557.479s][info ][safepoint      ] Safepoint "Cleanup", Time since last: 2000185016 ns, Reaching safepoint: 6000 ns, Cleanup: 10500 ns, At safepoint: 2900 ns, Total: 19400 ns
[3564.480s][info ][safepoint      ] Safepoint "Cleanup", Time since last: 7000544483 ns, Reaching safepoint: 5400 ns, Cleanup: 9400 ns, At safepoint: 2100 ns, Total: 16900 ns
[3567.480s][info ][safepoint      ] Safepoint "Cleanup", Time since last: 3000239353 ns, Reaching safepoint: 4900 ns, Cleanup: 8500 ns, At safepoint: 2000 ns, Total: 15400 ns
[3569.480s][info ][safepoint      ] Safepoint "Cleanup", Time since last: 2000174502 ns, Reaching safepoint: 5300 ns, Cleanup: 9300 ns, At safepoint: 2000 ns, Total: 16600 ns
[3573.480s][info ][safepoint      ] Safepoint "Cleanup", Time since last: 4000317713 ns, Reaching safepoint: 4700 ns, Cleanup: 9600 ns, At safepoint: 1700 ns, Total: 16000 ns
[3576.481s][info ][safepoint      ] Safepoint "Cleanup", Time since last: 3000243359 ns, Reaching safepoint: 5200 ns, Cleanup: 9800 ns, At safepoint: 1900 ns, Total: 16900 ns
[3579.481s][info ][safepoint      ] Safepoint "Cleanup", Time since last: 3000245027 ns, Reaching safepoint: 5600 ns, Cleanup: 15600 ns, At safepoint: 2100 ns, Total: 23300 ns
[3580.478s][info ][gc,start       ] GC(64) Pause Young (Allocation Failure)
[3580.496s][debug][gc,phases      ] GC(64) Scavenge 18.265ms
[3580.496s][debug][gc,ref         ] GC(64) ReferenceProcessor::execute queues: 1, RefProcThreadModel::Single, marks_oops_alive: false
[3580.496s][debug][gc,ref         ] GC(64) Skipped KeepAliveFinalRefsPhase of Reference Processing: no references
[3580.496s][debug][gc,ref         ] GC(64) ReferenceProcessor::execute queues: 1, RefProcThreadModel::Single, marks_oops_alive: false
[3580.496s][debug][gc,phases      ] GC(64) Reference Processing 0.102ms
[3580.496s][debug][gc,phases      ] GC(64)   VM Weak                        Min:  0.0, Avg:  0.0, Max:  0.0, Diff:  0.0, Sum:  0.0, Workers: 4
[3580.496s][debug][gc,phases      ] GC(64)     Dead                           Min: 0, Avg:  0.0, Max: 0, Diff: 0, Sum: 0, Workers: 4
[3580.496s][debug][gc,phases      ] GC(64)     Total                          Min: 0, Avg: 248.5, Max: 704, Diff: 704, Sum: 994, Workers: 4
[3580.496s][debug][gc,phases      ] GC(64)   ObjectSynchronizer Weak        Min:  0.0, Avg:  0.0, Max:  0.0, Diff:  0.0, Sum:  0.0, Workers: 4
[3580.496s][debug][gc,phases      ] GC(64)     Dead                           Min: 0, Avg:  0.0, Max: 0, Diff: 0, Sum: 0, Workers: 4
[3580.496s][debug][gc,phases      ] GC(64)     Total                          Min: 0, Avg:  1.2, Max: 5, Diff: 5, Sum: 5, Workers: 4
[3580.496s][debug][gc,phases      ] GC(64)   JVMTI Tag Weak OopStorage      Min:  0.0, Avg:  0.0, Max:  0.0, Diff:  0.0, Sum:  0.0, Workers: 4
[3580.496s][debug][gc,phases      ] GC(64)     Dead                           Min: 0, Avg:  0.0, Max: 0, Diff: 0, Sum: 0, Workers: 4
[3580.496s][debug][gc,phases      ] GC(64)     Total                          Min: 0, Avg:  0.0, Max: 0, Diff: 0, Sum: 0, Workers: 4
[3580.496s][debug][gc,phases      ] GC(64)   StringTable Weak               Min:  0.0, Avg:  0.1, Max:  0.1, Diff:  0.1, Sum:  0.4, Workers: 4
[3580.496s][debug][gc,phases      ] GC(64)     Dead                           Min: 0, Avg:  0.0, Max: 0, Diff: 0, Sum: 0, Workers: 4
[3580.496s][debug][gc,phases      ] GC(64)     Total                          Min: 0, Avg: 11924.2, Max: 21312, Diff: 21312, Sum: 47697, Workers: 4
[3580.496s][debug][gc,phases      ] GC(64)   ResolvedMethodTable Weak       Min:  0.0, Avg:  0.0, Max:  0.0, Diff:  0.0, Sum:  0.1, Workers: 4
[3580.496s][debug][gc,phases      ] GC(64)     Dead                           Min: 0, Avg:  4.0, Max: 16, Diff: 16, Sum: 16, Workers: 4
[3580.496s][debug][gc,phases      ] GC(64)     Total                          Min: 0, Avg: 3903.2, Max: 6669, Diff: 6669, Sum: 15613, Workers: 4
[3580.496s][debug][gc,phases      ] GC(64)   JNI Weak                       Min:  0.0, Avg:  0.0, Max:  0.0, Diff:  0.0, Sum:  0.0, Workers: 4
[3580.496s][debug][gc,phases      ] GC(64)     Dead                           Min: 0, Avg:  0.0, Max: 0, Diff: 0, Sum: 0, Workers: 4
[3580.496s][debug][gc,phases      ] GC(64)     Total                          Min: 0, Avg: 13.0, Max: 52, Diff: 52, Sum: 52, Workers: 4
[3580.496s][debug][gc,phases      ] GC(64)   StringDedup Table Weak         Min:  0.0, Avg:  0.0, Max:  0.0, Diff:  0.0, Sum:  0.0, Workers: 4
[3580.496s][debug][gc,phases      ] GC(64)     Dead                           Min: 0, Avg:  0.0, Max: 0, Diff: 0, Sum: 0, Workers: 4
[3580.496s][debug][gc,phases      ] GC(64)     Total                          Min: 0, Avg:  0.0, Max: 0, Diff: 0, Sum: 0, Workers: 4
[3580.496s][debug][gc,phases      ] GC(64)   StringDedup Requests0 Weak     Min:  0.0, Avg:  0.0, Max:  0.0, Diff:  0.0, Sum:  0.0, Workers: 4
[3580.496s][debug][gc,phases      ] GC(64)     Dead                           Min: 0, Avg:  0.0, Max: 0, Diff: 0, Sum: 0, Workers: 4
[3580.496s][debug][gc,phases      ] GC(64)     Total                          Min: 0, Avg:  0.0, Max: 0, Diff: 0, Sum: 0, Workers: 4
[3580.496s][debug][gc,phases      ] GC(64)   StringDedup Requests1 Weak     Min:  0.0, Avg:  0.0, Max:  0.0, Diff:  0.0, Sum:  0.0, Workers: 4
[3580.496s][debug][gc,phases      ] GC(64)     Dead                           Min: 0, Avg:  0.0, Max: 0, Diff: 0, Sum: 0, Workers: 4
[3580.496s][debug][gc,phases      ] GC(64)     Total                          Min: 0, Avg:  0.0, Max: 0, Diff: 0, Sum: 0, Workers: 4
[3580.496s][debug][gc,phases      ] GC(64)   Weak JFR Old Object Samples    Min:  0.0, Avg:  0.0, Max:  0.0, Diff:  0.0, Sum:  0.0, Workers: 4
[3580.496s][debug][gc,phases      ] GC(64)     Dead                           Min: 0, Avg:  0.0, Max: 0, Diff: 0, Sum: 0, Workers: 4
[3580.496s][debug][gc,phases      ] GC(64)     Total                          Min: 0, Avg:  0.0, Max: 0, Diff: 0, Sum: 0, Workers: 4
[3580.496s][debug][gc,phases      ] GC(64) Weak Processing 0.353ms
[3580.496s][debug][gc,age         ] GC(64) Desired survivor size 49283072 bytes, new threshold 1 (max threshold 15)
[3580.496s][info ][gc,heap        ] GC(64) PSYoungGen: 2019049K(2055168K)->36000K(2046976K) Eden: 2010624K(2010624K)->0K(2010624K) From: 8425K(44544K)->36000K(36352K)
[3580.496s][info ][gc,heap        ] GC(64) ParOldGen: 461790K(461824K)->465909K(465920K)
[3580.496s][info ][gc,metaspace   ] GC(64) Metaspace: 110645K(111936K)->110645K(111936K) NonClass: 94108K(94848K)->94108K(94848K) Class: 16537K(17088K)->16537K(17088K)
[3580.496s][info ][gc             ] GC(64) Pause Young (Allocation Failure) 2422M->490M(2454M) 18.838ms
[3580.496s][info ][gc,cpu         ] GC(64) User=0.07s Sys=0.01s Real=0.02s
[3580.497s][info ][safepoint      ] Safepoint "ParallelGCFailedAllocation", Time since last: 996503964 ns, Reaching safepoint: 85400 ns, Cleanup: 51199 ns, At safepoint: 18996768 ns, Total: 19133367 ns
[3581.497s][info ][safepoint      ] Safepoint "Cleanup", Time since last: 1000092839 ns, Reaching safepoint: 77900 ns, Cleanup: 17299 ns, At safepoint: 6300 ns, Total: 101499 ns
[3582.497s][info ][safepoint      ] Safepoint "Cleanup", Time since last: 1000096639 ns, Reaching safepoint: 4800 ns, Cleanup: 9300 ns, At safepoint: 1700 ns, Total: 15800 ns
[3583.497s][info ][safepoint      ] Safepoint "Cleanup", Time since last: 1000094639 ns, Reaching safepoint: 6900 ns, Cleanup: 15700 ns, At safepoint: 2400 ns, Total: 25000 ns
[3585.497s][info ][safepoint      ] Safepoint "Cleanup", Time since last: 2000192964 ns, Reaching safepoint: 6200 ns, Cleanup: 14600 ns, At safepoint: 2200 ns, Total: 23000 ns
[3589.498s][info ][safepoint      ] Safepoint "Cleanup", Time since last: 4000331342 ns, Reaching safepoint: 6199 ns, Cleanup: 12400 ns, At safepoint: 2400 ns, Total: 20999 ns
[3590.498s][info ][safepoint      ] Safepoint "Cleanup", Time since last: 1000130085 ns, Reaching safepoint: 6400 ns, Cleanup: 13000 ns, At safepoint: 2300 ns, Total: 21700 ns
[3591.498s][info ][safepoint      ] Safepoint "Cleanup", Time since last: 1000115185 ns, Reaching safepoint: 7300 ns, Cleanup: 13700 ns, At safepoint: 2400 ns, Total: 23400 ns
[3594.498s][info ][safepoint      ] Safepoint "Cleanup", Time since last: 3000250397 ns, Reaching safepoint: 6300 ns, Cleanup: 10200 ns, At safepoint: 2200 ns, Total: 18700 ns
[3595.498s][info ][safepoint      ] Safepoint "Cleanup", Time since last: 1000119617 ns, Reaching safepoint: 6800 ns, Cleanup: 12800 ns, At safepoint: 2400 ns, Total: 22000 ns
[3596.498s][info ][safepoint      ] Safepoint "Cleanup", Time since last: 1000115318 ns, Reaching safepoint: 7100 ns, Cleanup: 12500 ns, At safepoint: 2300 ns, Total: 21900 ns
[3600.499s][info ][safepoint      ] Safepoint "Cleanup", Time since last: 4000334071 ns, Reaching safepoint: 7200 ns, Cleanup: 11899 ns, At safepoint: 2400 ns, Total: 21499 ns
[3602.154s][info ][safepoint      ] Safepoint "Cleanup", Time since last: 1655575472 ns, Reaching safepoint: 6899 ns, Cleanup: 11600 ns, At safepoint: 2000 ns, Total: 20499 ns
[3603.155s][info ][safepoint      ] Safepoint "Cleanup", Time since last: 1000112214 ns, Reaching safepoint: 6599 ns, Cleanup: 11300 ns, At safepoint: 2100 ns, Total: 19999 ns
[3603.371s][info ][gc,start       ] GC(65) Pause Young (Allocation Failure)
[3603.400s][debug][gc,phases      ] GC(65) Scavenge 28.895ms
[3603.400s][debug][gc,ref         ] GC(65) ReferenceProcessor::execute queues: 1, RefProcThreadModel::Single, marks_oops_alive: false
[3603.400s][debug][gc,ref         ] GC(65) Skipped KeepAliveFinalRefsPhase of Reference Processing: no references
[3603.400s][debug][gc,ref         ] GC(65) ReferenceProcessor::execute queues: 1, RefProcThreadModel::Single, marks_oops_alive: false
[3603.400s][debug][gc,phases      ] GC(65) Reference Processing 0.102ms
[3603.400s][debug][gc,phases      ] GC(65)   VM Weak                        Min:  0.0, Avg:  0.0, Max:  0.0, Diff:  0.0, Sum:  0.0, Workers: 4
[3603.400s][debug][gc,phases      ] GC(65)     Dead                           Min: 0, Avg:  0.0, Max: 0, Diff: 0, Sum: 0, Workers: 4
[3603.400s][debug][gc,phases      ] GC(65)     Total                          Min: 0, Avg: 248.5, Max: 832, Diff: 832, Sum: 994, Workers: 4
[3603.400s][debug][gc,phases      ] GC(65)   ObjectSynchronizer Weak        Min:  0.0, Avg:  0.0, Max:  0.0, Diff:  0.0, Sum:  0.0, Workers: 4
[3603.400s][debug][gc,phases      ] GC(65)     Dead                           Min: 0, Avg:  0.0, Max: 0, Diff: 0, Sum: 0, Workers: 4
[3603.400s][debug][gc,phases      ] GC(65)     Total                          Min: 0, Avg:  1.0, Max: 4, Diff: 4, Sum: 4, Workers: 4
[3603.400s][debug][gc,phases      ] GC(65)   JVMTI Tag Weak OopStorage      Min:  0.0, Avg:  0.0, Max:  0.0, Diff:  0.0, Sum:  0.0, Workers: 4
[3603.400s][debug][gc,phases      ] GC(65)     Dead                           Min: 0, Avg:  0.0, Max: 0, Diff: 0, Sum: 0, Workers: 4
[3603.400s][debug][gc,phases      ] GC(65)     Total                          Min: 0, Avg:  0.0, Max: 0, Diff: 0, Sum: 0, Workers: 4
[3603.400s][debug][gc,phases      ] GC(65)   StringTable Weak               Min:  0.0, Avg:  0.1, Max:  0.1, Diff:  0.1, Sum:  0.4, Workers: 4
[3603.400s][debug][gc,phases      ] GC(65)     Dead                           Min: 0, Avg:  0.0, Max: 0, Diff: 0, Sum: 0, Workers: 4
[3603.400s][debug][gc,phases      ] GC(65)     Total                          Min: 0, Avg: 11924.5, Max: 21311, Diff: 21311, Sum: 47698, Workers: 4
[3603.400s][debug][gc,phases      ] GC(65)   ResolvedMethodTable Weak       Min:  0.0, Avg:  0.0, Max:  0.0, Diff:  0.0, Sum:  0.1, Workers: 4
[3603.400s][debug][gc,phases      ] GC(65)     Dead                           Min: 0, Avg:  4.0, Max: 16, Diff: 16, Sum: 16, Workers: 4
[3603.400s][debug][gc,phases      ] GC(65)     Total                          Min: 0, Avg: 3903.2, Max: 6710, Diff: 6710, Sum: 15613, Workers: 4
[3603.400s][debug][gc,phases      ] GC(65)   JNI Weak                       Min:  0.0, Avg:  0.0, Max:  0.0, Diff:  0.0, Sum:  0.0, Workers: 4
[3603.400s][debug][gc,phases      ] GC(65)     Dead                           Min: 0, Avg:  0.0, Max: 0, Diff: 0, Sum: 0, Workers: 4
[3603.400s][debug][gc,phases      ] GC(65)     Total                          Min: 0, Avg: 13.0, Max: 52, Diff: 52, Sum: 52, Workers: 4
[3603.400s][debug][gc,phases      ] GC(65)   StringDedup Table Weak         Min:  0.0, Avg:  0.0, Max:  0.0, Diff:  0.0, Sum:  0.0, Workers: 4
[3603.400s][debug][gc,phases      ] GC(65)     Dead                           Min: 0, Avg:  0.0, Max: 0, Diff: 0, Sum: 0, Workers: 4
[3603.400s][debug][gc,phases      ] GC(65)     Total                          Min: 0, Avg:  0.0, Max: 0, Diff: 0, Sum: 0, Workers: 4
[3603.400s][debug][gc,phases      ] GC(65)   StringDedup Requests0 Weak     Min:  0.0, Avg:  0.0, Max:  0.0, Diff:  0.0, Sum:  0.0, Workers: 4
[3603.400s][debug][gc,phases      ] GC(65)     Dead                           Min: 0, Avg:  0.0, Max: 0, Diff: 0, Sum: 0, Workers: 4
[3603.400s][debug][gc,phases      ] GC(65)     Total                          Min: 0, Avg:  0.0, Max: 0, Diff: 0, Sum: 0, Workers: 4
[3603.400s][debug][gc,phases      ] GC(65)   StringDedup Requests1 Weak     Min:  0.0, Avg:  0.0, Max:  0.0, Diff:  0.0, Sum:  0.0, Workers: 4
[3603.400s][debug][gc,phases      ] GC(65)     Dead                           Min: 0, Avg:  0.0, Max: 0, Diff: 0, Sum: 0, Workers: 4
[3603.400s][debug][gc,phases      ] GC(65)     Total                          Min: 0, Avg:  0.0, Max: 0, Diff: 0, Sum: 0, Workers: 4
[3603.400s][debug][gc,phases      ] GC(65)   Weak JFR Old Object Samples    Min:  0.0, Avg:  0.0, Max:  0.0, Diff:  0.0, Sum:  0.0, Workers: 4
[3603.400s][debug][gc,phases      ] GC(65)     Dead                           Min: 0, Avg:  0.0, Max: 0, Diff: 0, Sum: 0, Workers: 4
[3603.400s][debug][gc,phases      ] GC(65)     Total                          Min: 0, Avg:  0.0, Max: 0, Diff: 0, Sum: 0, Workers: 4
[3603.400s][debug][gc,phases      ] GC(65) Weak Processing 0.352ms
[3603.400s][debug][gc,age         ] GC(65) Desired survivor size 57671680 bytes, new threshold 1 (max threshold 15)
[3603.400s][info ][gc,heap        ] GC(65) PSYoungGen: 2046624K(2046976K)->45328K(2032640K) Eden: 2010624K(2010624K)->0K(1984512K) From: 36000K(36352K)->45328K(48128K)
[3603.400s][info ][gc,heap        ] GC(65) ParOldGen: 465909K(465920K)->499682K(499712K)
[3603.400s][info ][gc,metaspace   ] GC(65) Metaspace: 110651K(111936K)->110651K(111936K) NonClass: 94114K(94848K)->94114K(94848K) Class: 16537K(17088K)->16537K(17088K)
[3603.400s][info ][gc             ] GC(65) Pause Young (Allocation Failure) 2453M->532M(2473M) 29.481ms
[3603.400s][info ][gc,cpu         ] GC(65) User=0.07s Sys=0.03s Real=0.03s
[3603.400s][info ][safepoint      ] Safepoint "ParallelGCFailedAllocation", Time since last: 215961379 ns, Reaching safepoint: 80499 ns, Cleanup: 3800 ns, At safepoint: 29556196 ns, Total: 29640495 ns
[3611.401s][info ][safepoint      ] Safepoint "Cleanup", Time since last: 8000571458 ns, Reaching safepoint: 6200 ns, Cleanup: 18200 ns, At safepoint: 2500 ns, Total: 26900 ns
[3612.401s][info ][safepoint      ] Safepoint "Cleanup", Time since last: 1000113390 ns, Reaching safepoint: 6300 ns, Cleanup: 9300 ns, At safepoint: 1900 ns, Total: 17500 ns
[3613.401s][info ][safepoint      ] Safepoint "Cleanup", Time since last: 1000112589 ns, Reaching safepoint: 6500 ns, Cleanup: 11300 ns, At safepoint: 2200 ns, Total: 20000 ns
[3614.401s][info ][safepoint      ] Safepoint "Cleanup", Time since last: 1000110864 ns, Reaching safepoint: 6800 ns, Cleanup: 12400 ns, At safepoint: 2200 ns, Total: 21400 ns
[3615.401s][info ][safepoint      ] Safepoint "Cleanup", Time since last: 1000108938 ns, Reaching safepoint: 6700 ns, Cleanup: 17500 ns, At safepoint: 2099 ns, Total: 26299 ns
[3616.401s][info ][safepoint      ] Safepoint "Cleanup", Time since last: 1000113538 ns, Reaching safepoint: 6700 ns, Cleanup: 12000 ns, At safepoint: 2300 ns, Total: 21000 ns
[3619.402s][info ][safepoint      ] Safepoint "Cleanup", Time since last: 3000352903 ns, Reaching safepoint: 5400 ns, Cleanup: 13200 ns, At safepoint: 2300 ns, Total: 20900 ns
[3620.405s][info ][safepoint      ] Safepoint "Cleanup", Time since last: 1002819626 ns, Reaching safepoint: 6900 ns, Cleanup: 14500 ns, At safepoint: 2400 ns, Total: 23800 ns
[3621.405s][info ][safepoint      ] Safepoint "Cleanup", Time since last: 1000099759 ns, Reaching safepoint: 7000 ns, Cleanup: 11700 ns, At safepoint: 2500 ns, Total: 21200 ns
[3626.405s][info ][safepoint      ] Safepoint "Cleanup", Time since last: 5000365419 ns, Reaching safepoint: 7500 ns, Cleanup: 12300 ns, At safepoint: 2501 ns, Total: 22301 ns
[3631.406s][info ][safepoint      ] Safepoint "Cleanup", Time since last: 5000389434 ns, Reaching safepoint: 7100 ns, Cleanup: 16700 ns, At safepoint: 2200 ns, Total: 26000 ns
[3632.406s][info ][safepoint      ] Safepoint "Cleanup", Time since last: 1000128351 ns, Reaching safepoint: 6800 ns, Cleanup: 10100 ns, At safepoint: 2500 ns, Total: 19400 ns
[3634.406s][info ][safepoint      ] Safepoint "Cleanup", Time since last: 2000181091 ns, Reaching safepoint: 6600 ns, Cleanup: 12801 ns, At safepoint: 2700 ns, Total: 22101 ns
[3636.406s][info ][safepoint      ] Safepoint "Cleanup", Time since last: 2000204626 ns, Reaching safepoint: 7100 ns, Cleanup: 10500 ns, At safepoint: 2600 ns, Total: 20200 ns
[3637.406s][info ][safepoint      ] Safepoint "Cleanup", Time since last: 1000117664 ns, Reaching safepoint: 7100 ns, Cleanup: 9600 ns, At safepoint: 24599 ns, Total: 41299 ns
[3638.406s][info ][safepoint      ] Safepoint "Cleanup", Time since last: 1000107864 ns, Reaching safepoint: 7300 ns, Cleanup: 10700 ns, At safepoint: 2500 ns, Total: 20500 ns
[3642.407s][info ][safepoint      ] Safepoint "Cleanup", Time since last: 4000326152 ns, Reaching safepoint: 6900 ns, Cleanup: 10199 ns, At safepoint: 3100 ns, Total: 20199 ns
[3644.407s][info ][safepoint      ] Safepoint "Cleanup", Time since last: 2000200812 ns, Reaching safepoint: 7400 ns, Cleanup: 10700 ns, At safepoint: 2500 ns, Total: 20600 ns
[3645.521s][info ][gc,start       ] GC(66) Pause Young (Allocation Failure)
[3645.542s][debug][gc,phases      ] GC(66) Scavenge 21.351ms
[3645.542s][debug][gc,ref         ] GC(66) ReferenceProcessor::execute queues: 1, RefProcThreadModel::Single, marks_oops_alive: false
[3645.542s][debug][gc,ref         ] GC(66) Skipped KeepAliveFinalRefsPhase of Reference Processing: no references
[3645.542s][debug][gc,ref         ] GC(66) ReferenceProcessor::execute queues: 1, RefProcThreadModel::Single, marks_oops_alive: false
[3645.542s][debug][gc,phases      ] GC(66) Reference Processing 0.100ms
[3645.543s][debug][gc,phases      ] GC(66)   VM Weak                        Min:  0.0, Avg:  0.0, Max:  0.0, Diff:  0.0, Sum:  0.0, Workers: 4
[3645.543s][debug][gc,phases      ] GC(66)     Dead                           Min: 0, Avg:  0.0, Max: 0, Diff: 0, Sum: 0, Workers: 4
[3645.543s][debug][gc,phases      ] GC(66)     Total                          Min: 0, Avg: 248.5, Max: 610, Diff: 610, Sum: 994, Workers: 4
[3645.543s][debug][gc,phases      ] GC(66)   ObjectSynchronizer Weak        Min:  0.0, Avg:  0.0, Max:  0.0, Diff:  0.0, Sum:  0.0, Workers: 4
[3645.543s][debug][gc,phases      ] GC(66)     Dead                           Min: 0, Avg:  0.0, Max: 0, Diff: 0, Sum: 0, Workers: 4
[3645.543s][debug][gc,phases      ] GC(66)     Total                          Min: 0, Avg:  1.2, Max: 5, Diff: 5, Sum: 5, Workers: 4
[3645.543s][debug][gc,phases      ] GC(66)   JVMTI Tag Weak OopStorage      Min:  0.0, Avg:  0.0, Max:  0.0, Diff:  0.0, Sum:  0.0, Workers: 4
[3645.543s][debug][gc,phases      ] GC(66)     Dead                           Min: 0, Avg:  0.0, Max: 0, Diff: 0, Sum: 0, Workers: 4
[3645.543s][debug][gc,phases      ] GC(66)     Total                          Min: 0, Avg:  0.0, Max: 0, Diff: 0, Sum: 0, Workers: 4
[3645.543s][debug][gc,phases      ] GC(66)   StringTable Weak               Min:  0.0, Avg:  0.1, Max:  0.1, Diff:  0.1, Sum:  0.4, Workers: 4
[3645.543s][debug][gc,phases      ] GC(66)     Dead                           Min: 0, Avg:  0.0, Max: 0, Diff: 0, Sum: 0, Workers: 4
[3645.543s][debug][gc,phases      ] GC(66)     Total                          Min: 0, Avg: 11925.0, Max: 20309, Diff: 20309, Sum: 47700, Workers: 4
[3645.543s][debug][gc,phases      ] GC(66)   ResolvedMethodTable Weak       Min:  0.0, Avg:  0.0, Max:  0.0, Diff:  0.0, Sum:  0.2, Workers: 4
[3645.543s][debug][gc,phases      ] GC(66)     Dead                           Min: 0, Avg:  6.0, Max: 19, Diff: 19, Sum: 24, Workers: 4
[3645.543s][debug][gc,phases      ] GC(66)     Total                          Min: 2747, Avg: 3903.2, Max: 4599, Diff: 1852, Sum: 15613, Workers: 4
[3645.543s][debug][gc,phases      ] GC(66)   JNI Weak                       Min:  0.0, Avg:  0.0, Max:  0.0, Diff:  0.0, Sum:  0.0, Workers: 4
[3645.543s][debug][gc,phases      ] GC(66)     Dead                           Min: 0, Avg:  0.0, Max: 0, Diff: 0, Sum: 0, Workers: 4
[3645.543s][debug][gc,phases      ] GC(66)     Total                          Min: 0, Avg: 13.0, Max: 52, Diff: 52, Sum: 52, Workers: 4
[3645.543s][debug][gc,phases      ] GC(66)   StringDedup Table Weak         Min:  0.0, Avg:  0.0, Max:  0.0, Diff:  0.0, Sum:  0.0, Workers: 4
[3645.543s][debug][gc,phases      ] GC(66)     Dead                           Min: 0, Avg:  0.0, Max: 0, Diff: 0, Sum: 0, Workers: 4
[3645.543s][debug][gc,phases      ] GC(66)     Total                          Min: 0, Avg:  0.0, Max: 0, Diff: 0, Sum: 0, Workers: 4
[3645.543s][debug][gc,phases      ] GC(66)   StringDedup Requests0 Weak     Min:  0.0, Avg:  0.0, Max:  0.0, Diff:  0.0, Sum:  0.0, Workers: 4
[3645.543s][debug][gc,phases      ] GC(66)     Dead                           Min: 0, Avg:  0.0, Max: 0, Diff: 0, Sum: 0, Workers: 4
[3645.543s][debug][gc,phases      ] GC(66)     Total                          Min: 0, Avg:  0.0, Max: 0, Diff: 0, Sum: 0, Workers: 4
[3645.543s][debug][gc,phases      ] GC(66)   StringDedup Requests1 Weak     Min:  0.0, Avg:  0.0, Max:  0.0, Diff:  0.0, Sum:  0.0, Workers: 4
[3645.543s][debug][gc,phases      ] GC(66)     Dead                           Min: 0, Avg:  0.0, Max: 0, Diff: 0, Sum: 0, Workers: 4
[3645.543s][debug][gc,phases      ] GC(66)     Total                          Min: 0, Avg:  0.0, Max: 0, Diff: 0, Sum: 0, Workers: 4
[3645.543s][debug][gc,phases      ] GC(66)   Weak JFR Old Object Samples    Min:  0.0, Avg:  0.0, Max:  0.0, Diff:  0.0, Sum:  0.0, Workers: 4
[3645.543s][debug][gc,phases      ] GC(66)     Dead                           Min: 0, Avg:  0.0, Max: 0, Diff: 0, Sum: 0, Workers: 4
[3645.543s][debug][gc,phases      ] GC(66)     Total                          Min: 0, Avg:  0.0, Max: 0, Diff: 0, Sum: 0, Workers: 4
[3645.543s][debug][gc,phases      ] GC(66) Weak Processing 0.364ms
[3645.543s][debug][gc,age         ] GC(66) Desired survivor size 55050240 bytes, new threshold 1 (max threshold 15)
[3645.543s][info ][gc,heap        ] GC(66) PSYoungGen: 2029840K(2032640K)->7152K(2040832K) Eden: 1984512K(1984512K)->0K(1984512K) From: 45328K(48128K)->7152K(56320K)
[3645.543s][info ][gc,heap        ] GC(66) ParOldGen: 499682K(499712K)->533199K(533504K)
[3645.543s][info ][gc,metaspace   ] GC(66) Metaspace: 110678K(111936K)->110678K(111936K) NonClass: 94141K(94848K)->94141K(94848K) Class: 16537K(17088K)->16537K(17088K)
[3645.543s][info ][gc             ] GC(66) Pause Young (Allocation Failure) 2470M->527M(2514M) 21.937ms
[3645.543s][info ][gc,cpu         ] GC(66) User=0.06s Sys=0.02s Real=0.02s
[3645.543s][info ][safepoint      ] Safepoint "ParallelGCFailedAllocation", Time since last: 1113802258 ns, Reaching safepoint: 77700 ns, Cleanup: 3600 ns, At safepoint: 22020371 ns, Total: 22101671 ns
[3647.543s][info ][safepoint      ] Safepoint "Cleanup", Time since last: 2000163112 ns, Reaching safepoint: 6700 ns, Cleanup: 13199 ns, At safepoint: 2800 ns, Total: 22699 ns
[3654.544s][info ][safepoint      ] Safepoint "Cleanup", Time since last: 7000536487 ns, Reaching safepoint: 6400 ns, Cleanup: 14400 ns, At safepoint: 2100 ns, Total: 22900 ns
[3655.544s][info ][safepoint      ] Safepoint "Cleanup", Time since last: 1000132292 ns, Reaching safepoint: 7100 ns, Cleanup: 10800 ns, At safepoint: 2300 ns, Total: 20200 ns
[3657.544s][info ][safepoint      ] Safepoint "Cleanup", Time since last: 2000188199 ns, Reaching safepoint: 7500 ns, Cleanup: 11900 ns, At safepoint: 2400 ns, Total: 21800 ns
[3658.544s][info ][safepoint      ] Safepoint "Cleanup", Time since last: 1000122251 ns, Reaching safepoint: 7500 ns, Cleanup: 10500 ns, At safepoint: 2300 ns, Total: 20300 ns
[3659.544s][info ][safepoint      ] Safepoint "Cleanup", Time since last: 1000130950 ns, Reaching safepoint: 8000 ns, Cleanup: 16200 ns, At safepoint: 1900 ns, Total: 26100 ns
[3665.174s][info ][safepoint      ] Safepoint "Cleanup", Time since last: 5629168546 ns, Reaching safepoint: 79200 ns, Cleanup: 12300 ns, At safepoint: 7700 ns, Total: 99200 ns
[3666.174s][info ][safepoint      ] Safepoint "Cleanup", Time since last: 1000129995 ns, Reaching safepoint: 79500 ns, Cleanup: 13700 ns, At safepoint: 6200 ns, Total: 99400 ns
[3667.174s][info ][safepoint      ] Safepoint "Cleanup", Time since last: 1000113201 ns, Reaching safepoint: 79200 ns, Cleanup: 20600 ns, At safepoint: 7300 ns, Total: 107100 ns
[3673.175s][info ][safepoint      ] Safepoint "Cleanup", Time since last: 6000466607 ns, Reaching safepoint: 79600 ns, Cleanup: 11000 ns, At safepoint: 6900 ns, Total: 97500 ns
[3675.175s][info ][safepoint      ] Safepoint "Cleanup", Time since last: 2000197446 ns, Reaching safepoint: 77200 ns, Cleanup: 9100 ns, At safepoint: 7200 ns, Total: 93500 ns
[3676.175s][info ][safepoint      ] Safepoint "Cleanup", Time since last: 1000116134 ns, Reaching safepoint: 78800 ns, Cleanup: 8800 ns, At safepoint: 6000 ns, Total: 93600 ns
[3680.175s][info ][safepoint      ] Safepoint "Cleanup", Time since last: 4000297632 ns, Reaching safepoint: 79900 ns, Cleanup: 8700 ns, At safepoint: 6600 ns, Total: 95200 ns
[3681.176s][info ][safepoint      ] Safepoint "Cleanup", Time since last: 1000137896 ns, Reaching safepoint: 82700 ns, Cleanup: 12200 ns, At safepoint: 7900 ns, Total: 102800 ns
[3682.176s][info ][safepoint      ] Safepoint "Cleanup", Time since last: 1000106309 ns, Reaching safepoint: 75100 ns, Cleanup: 10000 ns, At safepoint: 5700 ns, Total: 90800 ns
[3685.551s][info ][gc,start       ] GC(67) Pause Young (Allocation Failure)
[3685.558s][debug][gc,phases      ] GC(67) Scavenge 7.168ms
[3685.558s][debug][gc,ref         ] GC(67) ReferenceProcessor::execute queues: 1, RefProcThreadModel::Single, marks_oops_alive: false
[3685.558s][debug][gc,ref         ] GC(67) Skipped KeepAliveFinalRefsPhase of Reference Processing: no references
[3685.558s][debug][gc,ref         ] GC(67) ReferenceProcessor::execute queues: 1, RefProcThreadModel::Single, marks_oops_alive: false
[3685.558s][debug][gc,phases      ] GC(67) Reference Processing 0.097ms
[3685.559s][debug][gc,phases      ] GC(67)   VM Weak                        Min:  0.0, Avg:  0.0, Max:  0.0, Diff:  0.0, Sum:  0.0, Workers: 4
[3685.559s][debug][gc,phases      ] GC(67)     Dead                           Min: 0, Avg:  0.0, Max: 0, Diff: 0, Sum: 0, Workers: 4
[3685.559s][debug][gc,phases      ] GC(67)     Total                          Min: 0, Avg: 248.5, Max: 576, Diff: 576, Sum: 994, Workers: 4
[3685.559s][debug][gc,phases      ] GC(67)   ObjectSynchronizer Weak        Min:  0.0, Avg:  0.0, Max:  0.0, Diff:  0.0, Sum:  0.0, Workers: 4
[3685.559s][debug][gc,phases      ] GC(67)     Dead                           Min: 0, Avg:  0.0, Max: 0, Diff: 0, Sum: 0, Workers: 4
[3685.559s][debug][gc,phases      ] GC(67)     Total                          Min: 0, Avg:  1.0, Max: 4, Diff: 4, Sum: 4, Workers: 4
[3685.559s][debug][gc,phases      ] GC(67)   JVMTI Tag Weak OopStorage      Min:  0.0, Avg:  0.0, Max:  0.0, Diff:  0.0, Sum:  0.0, Workers: 4
[3685.559s][debug][gc,phases      ] GC(67)     Dead                           Min: 0, Avg:  0.0, Max: 0, Diff: 0, Sum: 0, Workers: 4
[3685.559s][debug][gc,phases      ] GC(67)     Total                          Min: 0, Avg:  0.0, Max: 0, Diff: 0, Sum: 0, Workers: 4
[3685.559s][debug][gc,phases      ] GC(67)   StringTable Weak               Min:  0.0, Avg:  0.1, Max:  0.1, Diff:  0.1, Sum:  0.3, Workers: 4
[3685.559s][debug][gc,phases      ] GC(67)     Dead                           Min: 0, Avg:  0.0, Max: 0, Diff: 0, Sum: 0, Workers: 4
[3685.559s][debug][gc,phases      ] GC(67)     Total                          Min: 0, Avg: 11925.0, Max: 20544, Diff: 20544, Sum: 47700, Workers: 4
[3685.559s][debug][gc,phases      ] GC(67)   ResolvedMethodTable Weak       Min:  0.0, Avg:  0.0, Max:  0.0, Diff:  0.0, Sum:  0.1, Workers: 4
[3685.559s][debug][gc,phases      ] GC(67)     Dead                           Min: 0, Avg:  4.0, Max: 14, Diff: 14, Sum: 16, Workers: 4
[3685.559s][debug][gc,phases      ] GC(67)     Total                          Min: 0, Avg: 3903.2, Max: 6339, Diff: 6339, Sum: 15613, Workers: 4
[3685.559s][debug][gc,phases      ] GC(67)   JNI Weak                       Min:  0.0, Avg:  0.0, Max:  0.0, Diff:  0.0, Sum:  0.0, Workers: 4
[3685.559s][debug][gc,phases      ] GC(67)     Dead                           Min: 0, Avg:  0.0, Max: 0, Diff: 0, Sum: 0, Workers: 4
[3685.559s][debug][gc,phases      ] GC(67)     Total                          Min: 0, Avg: 13.0, Max: 52, Diff: 52, Sum: 52, Workers: 4
[3685.559s][debug][gc,phases      ] GC(67)   StringDedup Table Weak         Min:  0.0, Avg:  0.0, Max:  0.0, Diff:  0.0, Sum:  0.0, Workers: 4
[3685.559s][debug][gc,phases      ] GC(67)     Dead                           Min: 0, Avg:  0.0, Max: 0, Diff: 0, Sum: 0, Workers: 4
[3685.559s][debug][gc,phases      ] GC(67)     Total                          Min: 0, Avg:  0.0, Max: 0, Diff: 0, Sum: 0, Workers: 4
[3685.559s][debug][gc,phases      ] GC(67)   StringDedup Requests0 Weak     Min:  0.0, Avg:  0.0, Max:  0.0, Diff:  0.0, Sum:  0.0, Workers: 4
[3685.559s][debug][gc,phases      ] GC(67)     Dead                           Min: 0, Avg:  0.0, Max: 0, Diff: 0, Sum: 0, Workers: 4
[3685.559s][debug][gc,phases      ] GC(67)     Total                          Min: 0, Avg:  0.0, Max: 0, Diff: 0, Sum: 0, Workers: 4
[3685.559s][debug][gc,phases      ] GC(67)   StringDedup Requests1 Weak     Min:  0.0, Avg:  0.0, Max:  0.0, Diff:  0.0, Sum:  0.0, Workers: 4
[3685.559s][debug][gc,phases      ] GC(67)     Dead                           Min: 0, Avg:  0.0, Max: 0, Diff: 0, Sum: 0, Workers: 4
[3685.559s][debug][gc,phases      ] GC(67)     Total                          Min: 0, Avg:  0.0, Max: 0, Diff: 0, Sum: 0, Workers: 4
[3685.559s][debug][gc,phases      ] GC(67)   Weak JFR Old Object Samples    Min:  0.0, Avg:  0.0, Max:  0.0, Diff:  0.0, Sum:  0.0, Workers: 4
[3685.559s][debug][gc,phases      ] GC(67)     Dead                           Min: 0, Avg:  0.0, Max: 0, Diff: 0, Sum: 0, Workers: 4
[3685.559s][debug][gc,phases      ] GC(67)     Total                          Min: 0, Avg:  0.0, Max: 0, Diff: 0, Sum: 0, Workers: 4
[3685.559s][debug][gc,phases      ] GC(67) Weak Processing 0.356ms
[3685.559s][debug][gc,age         ] GC(67) Desired survivor size 52428800 bytes, new threshold 1 (max threshold 15)
[3685.559s][info ][gc,heap        ] GC(67) PSYoungGen: 1991664K(2040832K)->9680K(2045952K) Eden: 1984512K(1984512K)->0K(1992192K) From: 7152K(56320K)->9680K(53760K)
[3685.559s][info ][gc,heap        ] GC(67) ParOldGen: 533199K(533504K)->536716K(537088K)
[3685.559s][info ][gc,metaspace   ] GC(67) Metaspace: 110695K(112000K)->110695K(112000K) NonClass: 94158K(94912K)->94158K(94912K) Class: 16537K(17088K)->16537K(17088K)
[3685.559s][info ][gc             ] GC(67) Pause Young (Allocation Failure) 2465M->533M(2522M) 7.733ms
[3685.559s][info ][gc,cpu         ] GC(67) User=0.03s Sys=0.00s Real=0.01s
[3685.559s][info ][safepoint      ] Safepoint "ParallelGCFailedAllocation", Time since last: 3375074343 ns, Reaching safepoint: 6300 ns, Cleanup: 3700 ns, At safepoint: 7799100 ns, Total: 7809100 ns
[3689.559s][info ][safepoint      ] Safepoint "Cleanup", Time since last: 4000304797 ns, Reaching safepoint: 6900 ns, Cleanup: 10700 ns, At safepoint: 3300 ns, Total: 20900 ns
[3692.559s][info ][safepoint      ] Safepoint "Cleanup", Time since last: 3000260053 ns, Reaching safepoint: 6100 ns, Cleanup: 9000 ns, At safepoint: 2400 ns, Total: 17500 ns
[3696.560s][info ][safepoint      ] Safepoint "Cleanup", Time since last: 4000339605 ns, Reaching safepoint: 6800 ns, Cleanup: 10300 ns, At safepoint: 2800 ns, Total: 19900 ns
[3699.560s][info ][safepoint      ] Safepoint "Cleanup", Time since last: 3000282193 ns, Reaching safepoint: 6900 ns, Cleanup: 14000 ns, At safepoint: 19700 ns, Total: 40600 ns
[3700.560s][info ][safepoint      ] Safepoint "Cleanup", Time since last: 1000113074 ns, Reaching safepoint: 6900 ns, Cleanup: 9800 ns, At safepoint: 2300 ns, Total: 19000 ns
[3702.560s][info ][safepoint      ] Safepoint "Cleanup", Time since last: 2000186246 ns, Reaching safepoint: 5700 ns, Cleanup: 13600 ns, At safepoint: 2400 ns, Total: 21700 ns
[3704.561s][info ][safepoint      ] Safepoint "Cleanup", Time since last: 2000183724 ns, Reaching safepoint: 6600 ns, Cleanup: 12900 ns, At safepoint: 2400 ns, Total: 21900 ns
[3710.561s][info ][safepoint      ] Safepoint "Cleanup", Time since last: 6000461682 ns, Reaching safepoint: 5900 ns, Cleanup: 8800 ns, At safepoint: 1600 ns, Total: 16300 ns
[3712.561s][info ][safepoint      ] Safepoint "Cleanup", Time since last: 2000166173 ns, Reaching safepoint: 6100 ns, Cleanup: 9100 ns, At safepoint: 1900 ns, Total: 17100 ns
[3713.561s][info ][safepoint      ] Safepoint "Cleanup", Time since last: 1000110357 ns, Reaching safepoint: 6300 ns, Cleanup: 9700 ns, At safepoint: 2500 ns, Total: 18500 ns
[3720.562s][info ][safepoint      ] Safepoint "Cleanup", Time since last: 7000529823 ns, Reaching safepoint: 5900 ns, Cleanup: 8600 ns, At safepoint: 1900 ns, Total: 16400 ns
[3722.191s][info ][safepoint      ] Safepoint "Cleanup", Time since last: 1629259854 ns, Reaching safepoint: 6100 ns, Cleanup: 11000 ns, At safepoint: 2300 ns, Total: 19400 ns
[3724.191s][info ][safepoint      ] Safepoint "Cleanup", Time since last: 2000182809 ns, Reaching safepoint: 7100 ns, Cleanup: 9900 ns, At safepoint: 2100 ns, Total: 19100 ns
[3729.221s][info ][gc,start       ] GC(68) Pause Young (Allocation Failure)
[3729.228s][debug][gc,phases      ] GC(68) Scavenge 6.814ms
[3729.228s][debug][gc,ref         ] GC(68) ReferenceProcessor::execute queues: 1, RefProcThreadModel::Single, marks_oops_alive: false
[3729.228s][debug][gc,ref         ] GC(68) Skipped KeepAliveFinalRefsPhase of Reference Processing: no references
[3729.228s][debug][gc,ref         ] GC(68) ReferenceProcessor::execute queues: 1, RefProcThreadModel::Single, marks_oops_alive: false
[3729.228s][debug][gc,phases      ] GC(68) Reference Processing 0.099ms
[3729.228s][debug][gc,phases      ] GC(68)   VM Weak                        Min:  0.0, Avg:  0.0, Max:  0.0, Diff:  0.0, Sum:  0.0, Workers: 4
[3729.228s][debug][gc,phases      ] GC(68)     Dead                           Min: 0, Avg:  0.0, Max: 0, Diff: 0, Sum: 0, Workers: 4
[3729.228s][debug][gc,phases      ] GC(68)     Total                          Min: 0, Avg: 248.5, Max: 546, Diff: 546, Sum: 994, Workers: 4
[3729.228s][debug][gc,phases      ] GC(68)   ObjectSynchronizer Weak        Min:  0.0, Avg:  0.0, Max:  0.0, Diff:  0.0, Sum:  0.0, Workers: 4
[3729.228s][debug][gc,phases      ] GC(68)     Dead                           Min: 0, Avg:  0.0, Max: 0, Diff: 0, Sum: 0, Workers: 4
[3729.228s][debug][gc,phases      ] GC(68)     Total                          Min: 0, Avg:  1.0, Max: 4, Diff: 4, Sum: 4, Workers: 4
[3729.228s][debug][gc,phases      ] GC(68)   JVMTI Tag Weak OopStorage      Min:  0.0, Avg:  0.0, Max:  0.0, Diff:  0.0, Sum:  0.0, Workers: 4
[3729.228s][debug][gc,phases      ] GC(68)     Dead                           Min: 0, Avg:  0.0, Max: 0, Diff: 0, Sum: 0, Workers: 4
[3729.228s][debug][gc,phases      ] GC(68)     Total                          Min: 0, Avg:  0.0, Max: 0, Diff: 0, Sum: 0, Workers: 4
[3729.228s][debug][gc,phases      ] GC(68)   StringTable Weak               Min:  0.0, Avg:  0.1, Max:  0.1, Diff:  0.1, Sum:  0.4, Workers: 4
[3729.228s][debug][gc,phases      ] GC(68)     Dead                           Min: 0, Avg:  0.0, Max: 0, Diff: 0, Sum: 0, Workers: 4
[3729.228s][debug][gc,phases      ] GC(68)     Total                          Min: 0, Avg: 11925.0, Max: 20927, Diff: 20927, Sum: 47700, Workers: 4
[3729.228s][debug][gc,phases      ] GC(68)   ResolvedMethodTable Weak       Min:  0.0, Avg:  0.0, Max:  0.0, Diff:  0.0, Sum:  0.1, Workers: 4
[3729.228s][debug][gc,phases      ] GC(68)     Dead                           Min: 0, Avg:  4.0, Max: 16, Diff: 16, Sum: 16, Workers: 4
[3729.228s][debug][gc,phases      ] GC(68)     Total                          Min: 0, Avg: 3903.2, Max: 6624, Diff: 6624, Sum: 15613, Workers: 4
[3729.228s][debug][gc,phases      ] GC(68)   JNI Weak                       Min:  0.0, Avg:  0.0, Max:  0.0, Diff:  0.0, Sum:  0.0, Workers: 4
[3729.228s][debug][gc,phases      ] GC(68)     Dead                           Min: 0, Avg:  0.0, Max: 0, Diff: 0, Sum: 0, Workers: 4
[3729.228s][debug][gc,phases      ] GC(68)     Total                          Min: 0, Avg: 13.0, Max: 52, Diff: 52, Sum: 52, Workers: 4
[3729.228s][debug][gc,phases      ] GC(68)   StringDedup Table Weak         Min:  0.0, Avg:  0.0, Max:  0.0, Diff:  0.0, Sum:  0.0, Workers: 4
[3729.228s][debug][gc,phases      ] GC(68)     Dead                           Min: 0, Avg:  0.0, Max: 0, Diff: 0, Sum: 0, Workers: 4
[3729.228s][debug][gc,phases      ] GC(68)     Total                          Min: 0, Avg:  0.0, Max: 0, Diff: 0, Sum: 0, Workers: 4
[3729.228s][debug][gc,phases      ] GC(68)   StringDedup Requests0 Weak     Min:  0.0, Avg:  0.0, Max:  0.0, Diff:  0.0, Sum:  0.0, Workers: 4
[3729.228s][debug][gc,phases      ] GC(68)     Dead                           Min: 0, Avg:  0.0, Max: 0, Diff: 0, Sum: 0, Workers: 4
[3729.228s][debug][gc,phases      ] GC(68)     Total                          Min: 0, Avg:  0.0, Max: 0, Diff: 0, Sum: 0, Workers: 4
[3729.228s][debug][gc,phases      ] GC(68)   StringDedup Requests1 Weak     Min:  0.0, Avg:  0.0, Max:  0.0, Diff:  0.0, Sum:  0.0, Workers: 4
[3729.228s][debug][gc,phases      ] GC(68)     Dead                           Min: 0, Avg:  0.0, Max: 0, Diff: 0, Sum: 0, Workers: 4
[3729.228s][debug][gc,phases      ] GC(68)     Total                          Min: 0, Avg:  0.0, Max: 0, Diff: 0, Sum: 0, Workers: 4
[3729.228s][debug][gc,phases      ] GC(68)   Weak JFR Old Object Samples    Min:  0.0, Avg:  0.0, Max:  0.0, Diff:  0.0, Sum:  0.0, Workers: 4
[3729.228s][debug][gc,phases      ] GC(68)     Dead                           Min: 0, Avg:  0.0, Max: 0, Diff: 0, Sum: 0, Workers: 4
[3729.228s][debug][gc,phases      ] GC(68)     Total                          Min: 0, Avg:  0.0, Max: 0, Diff: 0, Sum: 0, Workers: 4
[3729.228s][debug][gc,phases      ] GC(68) Weak Processing 0.341ms
[3729.228s][debug][gc,age         ] GC(68) Desired survivor size 50331648 bytes, new threshold 1 (max threshold 15)
[3729.228s][info ][gc,heap        ] GC(68) PSYoungGen: 2001872K(2045952K)->5472K(2043392K) Eden: 1992192K(1992192K)->0K(1992192K) From: 9680K(53760K)->5472K(51200K)
[3729.228s][info ][gc,heap        ] GC(68) ParOldGen: 536716K(537088K)->543388K(543744K)
[3729.228s][info ][gc,metaspace   ] GC(68) Metaspace: 110703K(112000K)->110703K(112000K) NonClass: 94166K(94912K)->94166K(94912K) Class: 16537K(17088K)->16537K(17088K)
[3729.228s][info ][gc             ] GC(68) Pause Young (Allocation Failure) 2479M->535M(2526M) 7.373ms
[3729.228s][info ][gc,cpu         ] GC(68) User=0.02s Sys=0.01s Real=0.01s
[3729.228s][info ][safepoint      ] Safepoint "ParallelGCFailedAllocation", Time since last: 5029501577 ns, Reaching safepoint: 80400 ns, Cleanup: 3700 ns, At safepoint: 7443288 ns, Total: 7527388 ns
[3736.229s][info ][safepoint      ] Safepoint "Cleanup", Time since last: 7000492309 ns, Reaching safepoint: 6300 ns, Cleanup: 9400 ns, At safepoint: 2000 ns, Total: 17700 ns
[3737.229s][info ][safepoint      ] Safepoint "Cleanup", Time since last: 1000117062 ns, Reaching safepoint: 5800 ns, Cleanup: 9700 ns, At safepoint: 2000 ns, Total: 17500 ns
[3738.229s][info ][safepoint      ] Safepoint "Cleanup", Time since last: 1000122730 ns, Reaching safepoint: 5700 ns, Cleanup: 9400 ns, At safepoint: 2100 ns, Total: 17200 ns
[3743.230s][info ][safepoint      ] Safepoint "Cleanup", Time since last: 5000384969 ns, Reaching safepoint: 5300 ns, Cleanup: 17400 ns, At safepoint: 1900 ns, Total: 24600 ns
[3744.230s][info ][safepoint      ] Safepoint "Cleanup", Time since last: 1000110804 ns, Reaching safepoint: 5600 ns, Cleanup: 11400 ns, At safepoint: 2400 ns, Total: 19400 ns
[3745.230s][info ][safepoint      ] Safepoint "Cleanup", Time since last: 1000122503 ns, Reaching safepoint: 5700 ns, Cleanup: 9800 ns, At safepoint: 2000 ns, Total: 17500 ns
[3748.230s][info ][safepoint      ] Safepoint "Cleanup", Time since last: 3000253654 ns, Reaching safepoint: 5899 ns, Cleanup: 8600 ns, At safepoint: 2200 ns, Total: 16699 ns
[3773.021s][info ][gc,start       ] GC(69) Pause Young (Allocation Failure)
[3773.026s][debug][gc,phases      ] GC(69) Scavenge 4.258ms
[3773.026s][debug][gc,ref         ] GC(69) ReferenceProcessor::execute queues: 1, RefProcThreadModel::Single, marks_oops_alive: false
[3773.026s][debug][gc,ref         ] GC(69) Skipped KeepAliveFinalRefsPhase of Reference Processing: no references
[3773.026s][debug][gc,ref         ] GC(69) Skipped PhantomRefsPhase of Reference Processing: no references
[3773.026s][debug][gc,phases      ] GC(69) Reference Processing 0.097ms
[3773.026s][debug][gc,phases      ] GC(69)   VM Weak                        Min:  0.0, Avg:  0.0, Max:  0.0, Diff:  0.0, Sum:  0.0, Workers: 4
[3773.026s][debug][gc,phases      ] GC(69)     Dead                           Min: 0, Avg:  0.0, Max: 0, Diff: 0, Sum: 0, Workers: 4
[3773.026s][debug][gc,phases      ] GC(69)     Total                          Min: 0, Avg: 248.5, Max: 994, Diff: 994, Sum: 994, Workers: 4
[3773.026s][debug][gc,phases      ] GC(69)   ObjectSynchronizer Weak        Min:  0.0, Avg:  0.0, Max:  0.0, Diff:  0.0, Sum:  0.0, Workers: 4
[3773.026s][debug][gc,phases      ] GC(69)     Dead                           Min: 0, Avg:  0.0, Max: 0, Diff: 0, Sum: 0, Workers: 4
[3773.026s][debug][gc,phases      ] GC(69)     Total                          Min: 0, Avg:  1.0, Max: 4, Diff: 4, Sum: 4, Workers: 4
[3773.026s][debug][gc,phases      ] GC(69)   JVMTI Tag Weak OopStorage      Min:  0.0, Avg:  0.0, Max:  0.0, Diff:  0.0, Sum:  0.0, Workers: 4
[3773.026s][debug][gc,phases      ] GC(69)     Dead                           Min: 0, Avg:  0.0, Max: 0, Diff: 0, Sum: 0, Workers: 4
[3773.026s][debug][gc,phases      ] GC(69)     Total                          Min: 0, Avg:  0.0, Max: 0, Diff: 0, Sum: 0, Workers: 4
[3773.026s][debug][gc,phases      ] GC(69)   StringTable Weak               Min:  0.0, Avg:  0.1, Max:  0.1, Diff:  0.1, Sum:  0.4, Workers: 4
[3773.026s][debug][gc,phases      ] GC(69)     Dead                           Min: 0, Avg:  0.0, Max: 0, Diff: 0, Sum: 0, Workers: 4
[3773.026s][debug][gc,phases      ] GC(69)     Total                          Min: 0, Avg: 11925.0, Max: 21567, Diff: 21567, Sum: 47700, Workers: 4
[3773.026s][debug][gc,phases      ] GC(69)   ResolvedMethodTable Weak       Min:  0.0, Avg:  0.0, Max:  0.0, Diff:  0.0, Sum:  0.1, Workers: 4
[3773.026s][debug][gc,phases      ] GC(69)     Dead                           Min: 0, Avg:  4.0, Max: 16, Diff: 16, Sum: 16, Workers: 4
[3773.026s][debug][gc,phases      ] GC(69)     Total                          Min: 0, Avg: 3903.2, Max: 6540, Diff: 6540, Sum: 15613, Workers: 4
[3773.026s][debug][gc,phases      ] GC(69)   JNI Weak                       Min:  0.0, Avg:  0.0, Max:  0.0, Diff:  0.0, Sum:  0.0, Workers: 4
[3773.026s][debug][gc,phases      ] GC(69)     Dead                           Min: 0, Avg:  0.0, Max: 0, Diff: 0, Sum: 0, Workers: 4
[3773.026s][debug][gc,phases      ] GC(69)     Total                          Min: 0, Avg: 13.0, Max: 52, Diff: 52, Sum: 52, Workers: 4
[3773.026s][debug][gc,phases      ] GC(69)   StringDedup Table Weak         Min:  0.0, Avg:  0.0, Max:  0.0, Diff:  0.0, Sum:  0.0, Workers: 4
[3773.026s][debug][gc,phases      ] GC(69)     Dead                           Min: 0, Avg:  0.0, Max: 0, Diff: 0, Sum: 0, Workers: 4
[3773.026s][debug][gc,phases      ] GC(69)     Total                          Min: 0, Avg:  0.0, Max: 0, Diff: 0, Sum: 0, Workers: 4
[3773.026s][debug][gc,phases      ] GC(69)   StringDedup Requests0 Weak     Min:  0.0, Avg:  0.0, Max:  0.0, Diff:  0.0, Sum:  0.0, Workers: 4
[3773.026s][debug][gc,phases      ] GC(69)     Dead                           Min: 0, Avg:  0.0, Max: 0, Diff: 0, Sum: 0, Workers: 4
[3773.026s][debug][gc,phases      ] GC(69)     Total                          Min: 0, Avg:  0.0, Max: 0, Diff: 0, Sum: 0, Workers: 4
[3773.026s][debug][gc,phases      ] GC(69)   StringDedup Requests1 Weak     Min:  0.0, Avg:  0.0, Max:  0.0, Diff:  0.0, Sum:  0.0, Workers: 4
[3773.026s][debug][gc,phases      ] GC(69)     Dead                           Min: 0, Avg:  0.0, Max: 0, Diff: 0, Sum: 0, Workers: 4
[3773.026s][debug][gc,phases      ] GC(69)     Total                          Min: 0, Avg:  0.0, Max: 0, Diff: 0, Sum: 0, Workers: 4
[3773.026s][debug][gc,phases      ] GC(69)   Weak JFR Old Object Samples    Min:  0.0, Avg:  0.0, Max:  0.0, Diff:  0.0, Sum:  0.0, Workers: 4
[3773.026s][debug][gc,phases      ] GC(69)     Dead                           Min: 0, Avg:  0.0, Max: 0, Diff: 0, Sum: 0, Workers: 4
[3773.026s][debug][gc,phases      ] GC(69)     Total                          Min: 0, Avg:  0.0, Max: 0, Diff: 0, Sum: 0, Workers: 4
[3773.026s][debug][gc,phases      ] GC(69) Weak Processing 0.354ms
[3773.026s][debug][gc,age         ] GC(69) Desired survivor size 48758784 bytes, new threshold 1 (max threshold 15)
[3773.026s][info ][gc,heap        ] GC(69) PSYoungGen: 1997664K(2043392K)->5136K(2049536K) Eden: 1992192K(1992192K)->0K(2000384K) From: 5472K(51200K)->5136K(49152K)
[3773.026s][info ][gc,heap        ] GC(69) ParOldGen: 543388K(543744K)->545561K(545792K)
[3773.026s][info ][gc,metaspace   ] GC(69) Metaspace: 110709K(112000K)->110709K(112000K) NonClass: 94172K(94912K)->94172K(94912K) Class: 16537K(17088K)->16537K(17088K)
[3773.026s][info ][gc             ] GC(69) Pause Young (Allocation Failure) 2481M->537M(2534M) 4.820ms
[3773.026s][info ][gc,cpu         ] GC(69) User=0.01s Sys=0.00s Real=0.01s
[3773.026s][info ][safepoint      ] Safepoint "ParallelGCFailedAllocation", Time since last: 24791204816 ns, Reaching safepoint: 76700 ns, Cleanup: 3600 ns, At safepoint: 4881985 ns, Total: 4962285 ns
[3777.027s][info ][safepoint      ] Safepoint "Cleanup", Time since last: 4000282585 ns, Reaching safepoint: 5400 ns, Cleanup: 8400 ns, At safepoint: 1800 ns, Total: 15600 ns
[3780.027s][info ][safepoint      ] Safepoint "Cleanup", Time since last: 3000245305 ns, Reaching safepoint: 5400 ns, Cleanup: 8200 ns, At safepoint: 2000 ns, Total: 15600 ns
[3781.027s][info ][safepoint      ] Safepoint "Cleanup", Time since last: 1000104575 ns, Reaching safepoint: 6000 ns, Cleanup: 9300 ns, At safepoint: 2000 ns, Total: 17300 ns
[3783.208s][info ][safepoint      ] Safepoint "Cleanup", Time since last: 2181291177 ns, Reaching safepoint: 6000 ns, Cleanup: 9600 ns, At safepoint: 2400 ns, Total: 18000 ns
[3806.210s][info ][safepoint      ] Safepoint "Cleanup", Time since last: 23001750894 ns, Reaching safepoint: 7000 ns, Cleanup: 11800 ns, At safepoint: 2200 ns, Total: 21000 ns
[3813.211s][info ][safepoint      ] Safepoint "Cleanup", Time since last: 7000556635 ns, Reaching safepoint: 6500 ns, Cleanup: 10900 ns, At safepoint: 2200 ns, Total: 19600 ns
[3819.211s][info ][safepoint      ] Safepoint "Cleanup", Time since last: 6000482107 ns, Reaching safepoint: 6600 ns, Cleanup: 10899 ns, At safepoint: 2100 ns, Total: 19599 ns
[3820.774s][info ][gc,start       ] GC(70) Pause Young (Allocation Failure)
[3820.778s][debug][gc,phases      ] GC(70) Scavenge 3.973ms
[3820.778s][debug][gc,ref         ] GC(70) ReferenceProcessor::execute queues: 1, RefProcThreadModel::Single, marks_oops_alive: false
[3820.778s][debug][gc,ref         ] GC(70) Skipped KeepAliveFinalRefsPhase of Reference Processing: no references
[3820.778s][debug][gc,ref         ] GC(70) Skipped PhantomRefsPhase of Reference Processing: no references
[3820.778s][debug][gc,phases      ] GC(70) Reference Processing 0.105ms
[3820.778s][debug][gc,phases      ] GC(70)   VM Weak                        Min:  0.0, Avg:  0.0, Max:  0.0, Diff:  0.0, Sum:  0.0, Workers: 4
[3820.778s][debug][gc,phases      ] GC(70)     Dead                           Min: 0, Avg:  0.0, Max: 0, Diff: 0, Sum: 0, Workers: 4
[3820.778s][debug][gc,phases      ] GC(70)     Total                          Min: 64, Avg: 248.5, Max: 704, Diff: 640, Sum: 994, Workers: 4
[3820.778s][debug][gc,phases      ] GC(70)   ObjectSynchronizer Weak        Min:  0.0, Avg:  0.0, Max:  0.0, Diff:  0.0, Sum:  0.0, Workers: 4
[3820.778s][debug][gc,phases      ] GC(70)     Dead                           Min: 0, Avg:  0.0, Max: 0, Diff: 0, Sum: 0, Workers: 4
[3820.778s][debug][gc,phases      ] GC(70)     Total                          Min: 0, Avg:  1.0, Max: 4, Diff: 4, Sum: 4, Workers: 4
[3820.779s][debug][gc,phases      ] GC(70)   JVMTI Tag Weak OopStorage      Min:  0.0, Avg:  0.0, Max:  0.0, Diff:  0.0, Sum:  0.0, Workers: 4
[3820.779s][debug][gc,phases      ] GC(70)     Dead                           Min: 0, Avg:  0.0, Max: 0, Diff: 0, Sum: 0, Workers: 4
[3820.779s][debug][gc,phases      ] GC(70)     Total                          Min: 0, Avg:  0.0, Max: 0, Diff: 0, Sum: 0, Workers: 4
[3820.779s][debug][gc,phases      ] GC(70)   StringTable Weak               Min:  0.1, Avg:  0.1, Max:  0.1, Diff:  0.0, Sum:  0.4, Workers: 4
[3820.779s][debug][gc,phases      ] GC(70)     Dead                           Min: 0, Avg:  0.0, Max: 0, Diff: 0, Sum: 0, Workers: 4
[3820.779s][debug][gc,phases      ] GC(70)     Total                          Min: 11861, Avg: 11925.0, Max: 11968, Diff: 107, Sum: 47700, Workers: 4
[3820.779s][debug][gc,phases      ] GC(70)   ResolvedMethodTable Weak       Min:  0.0, Avg:  0.0, Max:  0.0, Diff:  0.0, Sum:  0.2, Workers: 4
[3820.779s][debug][gc,phases      ] GC(70)     Dead                           Min: 0, Avg:  4.0, Max: 16, Diff: 16, Sum: 16, Workers: 4
[3820.779s][debug][gc,phases      ] GC(70)     Total                          Min: 3821, Avg: 3903.2, Max: 3974, Diff: 153, Sum: 15613, Workers: 4
[3820.779s][debug][gc,phases      ] GC(70)   JNI Weak                       Min:  0.0, Avg:  0.0, Max:  0.0, Diff:  0.0, Sum:  0.0, Workers: 4
[3820.779s][debug][gc,phases      ] GC(70)     Dead                           Min: 0, Avg:  0.0, Max: 0, Diff: 0, Sum: 0, Workers: 4
[3820.779s][debug][gc,phases      ] GC(70)     Total                          Min: 0, Avg: 13.0, Max: 52, Diff: 52, Sum: 52, Workers: 4
[3820.779s][debug][gc,phases      ] GC(70)   StringDedup Table Weak         Min:  0.0, Avg:  0.0, Max:  0.0, Diff:  0.0, Sum:  0.0, Workers: 4
[3820.779s][debug][gc,phases      ] GC(70)     Dead                           Min: 0, Avg:  0.0, Max: 0, Diff: 0, Sum: 0, Workers: 4
[3820.779s][debug][gc,phases      ] GC(70)     Total                          Min: 0, Avg:  0.0, Max: 0, Diff: 0, Sum: 0, Workers: 4
[3820.779s][debug][gc,phases      ] GC(70)   StringDedup Requests0 Weak     Min:  0.0, Avg:  0.0, Max:  0.0, Diff:  0.0, Sum:  0.0, Workers: 4
[3820.779s][debug][gc,phases      ] GC(70)     Dead                           Min: 0, Avg:  0.0, Max: 0, Diff: 0, Sum: 0, Workers: 4
[3820.779s][debug][gc,phases      ] GC(70)     Total                          Min: 0, Avg:  0.0, Max: 0, Diff: 0, Sum: 0, Workers: 4
[3820.779s][debug][gc,phases      ] GC(70)   StringDedup Requests1 Weak     Min:  0.0, Avg:  0.0, Max:  0.0, Diff:  0.0, Sum:  0.0, Workers: 4
[3820.779s][debug][gc,phases      ] GC(70)     Dead                           Min: 0, Avg:  0.0, Max: 0, Diff: 0, Sum: 0, Workers: 4
[3820.779s][debug][gc,phases      ] GC(70)     Total                          Min: 0, Avg:  0.0, Max: 0, Diff: 0, Sum: 0, Workers: 4
[3820.779s][debug][gc,phases      ] GC(70)   Weak JFR Old Object Samples    Min:  0.0, Avg:  0.0, Max:  0.0, Diff:  0.0, Sum:  0.0, Workers: 4
[3820.779s][debug][gc,phases      ] GC(70)     Dead                           Min: 0, Avg:  0.0, Max: 0, Diff: 0, Sum: 0, Workers: 4
[3820.779s][debug][gc,phases      ] GC(70)     Total                          Min: 0, Avg:  0.0, Max: 0, Diff: 0, Sum: 0, Workers: 4
[3820.779s][debug][gc,phases      ] GC(70) Weak Processing 0.339ms
[3820.779s][debug][gc,age         ] GC(70) Desired survivor size 46661632 bytes, new threshold 1 (max threshold 15)
[3820.779s][info ][gc,heap        ] GC(70) PSYoungGen: 2005520K(2049536K)->5152K(2048000K) Eden: 2000384K(2000384K)->0K(2000384K) From: 5136K(49152K)->5152K(47616K)
[3820.779s][info ][gc,heap        ] GC(70) ParOldGen: 545561K(545792K)->547101K(547328K)
[3820.779s][info ][gc,metaspace   ] GC(70) Metaspace: 110714K(112000K)->110714K(112000K) NonClass: 94177K(94912K)->94177K(94912K) Class: 16537K(17088K)->16537K(17088K)
[3820.779s][info ][gc             ] GC(70) Pause Young (Allocation Failure) 2491M->539M(2534M) 4.525ms
[3820.779s][info ][gc,cpu         ] GC(70) User=0.01s Sys=0.00s Real=0.01s
[3820.779s][info ][safepoint      ] Safepoint "ParallelGCFailedAllocation", Time since last: 1562891705 ns, Reaching safepoint: 5600 ns, Cleanup: 3700 ns, At safepoint: 4585580 ns, Total: 4594880 ns
[3830.779s][info ][safepoint      ] Safepoint "Cleanup", Time since last: 10000692260 ns, Reaching safepoint: 5000 ns, Cleanup: 9100 ns, At safepoint: 1900 ns, Total: 16000 ns
[3833.780s][info ][safepoint      ] Safepoint "Cleanup", Time since last: 3000273335 ns, Reaching safepoint: 5000 ns, Cleanup: 14700 ns, At safepoint: 1900 ns, Total: 21600 ns
[3834.780s][info ][safepoint      ] Safepoint "Cleanup", Time since last: 1000105882 ns, Reaching safepoint: 79299 ns, Cleanup: 11600 ns, At safepoint: 9400 ns, Total: 100299 ns
[3835.780s][info ][safepoint      ] Safepoint "Cleanup", Time since last: 1000101218 ns, Reaching safepoint: 5300 ns, Cleanup: 16100 ns, At safepoint: 2000 ns, Total: 23400 ns
[3838.780s][info ][safepoint      ] Safepoint "Cleanup", Time since last: 3000244253 ns, Reaching safepoint: 4700 ns, Cleanup: 9500 ns, At safepoint: 1700 ns, Total: 15900 ns
[3840.781s][info ][safepoint      ] Safepoint "Cleanup", Time since last: 2000182603 ns, Reaching safepoint: 76300 ns, Cleanup: 8800 ns, At safepoint: 5500 ns, Total: 90600 ns
[3849.227s][info ][safepoint      ] Safepoint "Cleanup", Time since last: 8446128672 ns, Reaching safepoint: 5600 ns, Cleanup: 16300 ns, At safepoint: 2000 ns, Total: 23900 ns
[3850.227s][info ][safepoint      ] Safepoint "Cleanup", Time since last: 1000111807 ns, Reaching safepoint: 6100 ns, Cleanup: 15500 ns, At safepoint: 2000 ns, Total: 23600 ns
[3853.227s][info ][safepoint      ] Safepoint "Cleanup", Time since last: 3000251295 ns, Reaching safepoint: 5200 ns, Cleanup: 8400 ns, At safepoint: 2200 ns, Total: 15800 ns
[3854.227s][info ][safepoint      ] Safepoint "Cleanup", Time since last: 1000115099 ns, Reaching safepoint: 78899 ns, Cleanup: 8800 ns, At safepoint: 6800 ns, Total: 94499 ns
[3863.227s][info ][gc,start       ] GC(71) Pause Young (Allocation Failure)
[3863.231s][debug][gc,phases      ] GC(71) Scavenge 4.215ms
[3863.231s][debug][gc,ref         ] GC(71) ReferenceProcessor::execute queues: 1, RefProcThreadModel::Single, marks_oops_alive: false
[3863.231s][debug][gc,ref         ] GC(71) Skipped KeepAliveFinalRefsPhase of Reference Processing: no references
[3863.231s][debug][gc,ref         ] GC(71) ReferenceProcessor::execute queues: 1, RefProcThreadModel::Single, marks_oops_alive: false
[3863.231s][debug][gc,phases      ] GC(71) Reference Processing 0.096ms
[3863.231s][debug][gc,phases      ] GC(71)   VM Weak                        Min:  0.0, Avg:  0.0, Max:  0.0, Diff:  0.0, Sum:  0.0, Workers: 4
[3863.231s][debug][gc,phases      ] GC(71)     Dead                           Min: 0, Avg:  0.0, Max: 0, Diff: 0, Sum: 0, Workers: 4
[3863.231s][debug][gc,phases      ] GC(71)     Total                          Min: 0, Avg: 248.5, Max: 994, Diff: 994, Sum: 994, Workers: 4
[3863.231s][debug][gc,phases      ] GC(71)   ObjectSynchronizer Weak        Min:  0.0, Avg:  0.0, Max:  0.0, Diff:  0.0, Sum:  0.0, Workers: 4
[3863.231s][debug][gc,phases      ] GC(71)     Dead                           Min: 0, Avg:  0.0, Max: 0, Diff: 0, Sum: 0, Workers: 4
[3863.231s][debug][gc,phases      ] GC(71)     Total                          Min: 0, Avg:  1.0, Max: 4, Diff: 4, Sum: 4, Workers: 4
[3863.231s][debug][gc,phases      ] GC(71)   JVMTI Tag Weak OopStorage      Min:  0.0, Avg:  0.0, Max:  0.0, Diff:  0.0, Sum:  0.0, Workers: 4
[3863.231s][debug][gc,phases      ] GC(71)     Dead                           Min: 0, Avg:  0.0, Max: 0, Diff: 0, Sum: 0, Workers: 4
[3863.231s][debug][gc,phases      ] GC(71)     Total                          Min: 0, Avg:  0.0, Max: 0, Diff: 0, Sum: 0, Workers: 4
[3863.231s][debug][gc,phases      ] GC(71)   StringTable Weak               Min:  0.1, Avg:  0.1, Max:  0.2, Diff:  0.1, Sum:  0.4, Workers: 4
[3863.231s][debug][gc,phases      ] GC(71)     Dead                           Min: 0, Avg:  0.0, Max: 0, Diff: 0, Sum: 0, Workers: 4
[3863.231s][debug][gc,phases      ] GC(71)     Total                          Min: 9023, Avg: 11925.8, Max: 20352, Diff: 11329, Sum: 47703, Workers: 4
[3863.231s][debug][gc,phases      ] GC(71)   ResolvedMethodTable Weak       Min:  0.0, Avg:  0.0, Max:  0.0, Diff:  0.0, Sum:  0.1, Workers: 4
[3863.231s][debug][gc,phases      ] GC(71)     Dead                           Min: 0, Avg:  4.0, Max: 16, Diff: 16, Sum: 16, Workers: 4
[3863.231s][debug][gc,phases      ] GC(71)     Total                          Min: 3759, Avg: 3904.2, Max: 4009, Diff: 250, Sum: 15617, Workers: 4
[3863.231s][debug][gc,phases      ] GC(71)   JNI Weak                       Min:  0.0, Avg:  0.0, Max:  0.0, Diff:  0.0, Sum:  0.0, Workers: 4
[3863.231s][debug][gc,phases      ] GC(71)     Dead                           Min: 0, Avg:  0.0, Max: 0, Diff: 0, Sum: 0, Workers: 4
[3863.231s][debug][gc,phases      ] GC(71)     Total                          Min: 0, Avg: 13.0, Max: 52, Diff: 52, Sum: 52, Workers: 4
[3863.231s][debug][gc,phases      ] GC(71)   StringDedup Table Weak         Min:  0.0, Avg:  0.0, Max:  0.0, Diff:  0.0, Sum:  0.0, Workers: 4
[3863.231s][debug][gc,phases      ] GC(71)     Dead                           Min: 0, Avg:  0.0, Max: 0, Diff: 0, Sum: 0, Workers: 4
[3863.231s][debug][gc,phases      ] GC(71)     Total                          Min: 0, Avg:  0.0, Max: 0, Diff: 0, Sum: 0, Workers: 4
[3863.231s][debug][gc,phases      ] GC(71)   StringDedup Requests0 Weak     Min:  0.0, Avg:  0.0, Max:  0.0, Diff:  0.0, Sum:  0.0, Workers: 4
[3863.231s][debug][gc,phases      ] GC(71)     Dead                           Min: 0, Avg:  0.0, Max: 0, Diff: 0, Sum: 0, Workers: 4
[3863.231s][debug][gc,phases      ] GC(71)     Total                          Min: 0, Avg:  0.0, Max: 0, Diff: 0, Sum: 0, Workers: 4
[3863.231s][debug][gc,phases      ] GC(71)   StringDedup Requests1 Weak     Min:  0.0, Avg:  0.0, Max:  0.0, Diff:  0.0, Sum:  0.0, Workers: 4
[3863.231s][debug][gc,phases      ] GC(71)     Dead                           Min: 0, Avg:  0.0, Max: 0, Diff: 0, Sum: 0, Workers: 4
[3863.231s][debug][gc,phases      ] GC(71)     Total                          Min: 0, Avg:  0.0, Max: 0, Diff: 0, Sum: 0, Workers: 4
[3863.231s][debug][gc,phases      ] GC(71)   Weak JFR Old Object Samples    Min:  0.0, Avg:  0.0, Max:  0.0, Diff:  0.0, Sum:  0.0, Workers: 4
[3863.231s][debug][gc,phases      ] GC(71)     Dead                           Min: 0, Avg:  0.0, Max: 0, Diff: 0, Sum: 0, Workers: 4
[3863.231s][debug][gc,phases      ] GC(71)     Total                          Min: 0, Avg:  0.0, Max: 0, Diff: 0, Sum: 0, Workers: 4
[3863.231s][debug][gc,phases      ] GC(71) Weak Processing 0.377ms
[3863.231s][debug][gc,age         ] GC(71) Desired survivor size 44564480 bytes, new threshold 1 (max threshold 15)
[3863.231s][info ][gc,heap        ] GC(71) PSYoungGen: 2005536K(2048000K)->5328K(2053632K) Eden: 2000384K(2000384K)->0K(2008064K) From: 5152K(47616K)->5328K(45568K)
[3863.231s][info ][gc,heap        ] GC(71) ParOldGen: 547101K(547328K)->548233K(548352K)
[3863.231s][info ][gc,metaspace   ] GC(71) Metaspace: 110746K(112000K)->110746K(112000K) NonClass: 94207K(94912K)->94207K(94912K) Class: 16538K(17088K)->16538K(17088K)
[3863.231s][info ][gc             ] GC(71) Pause Young (Allocation Failure) 2492M->540M(2541M) 4.796ms
[3863.231s][info ][gc,cpu         ] GC(71) User=0.01s Sys=0.01s Real=0.00s
[3863.231s][info ][safepoint      ] Safepoint "ParallelGCFailedAllocation", Time since last: 8999135366 ns, Reaching safepoint: 5000 ns, Cleanup: 3300 ns, At safepoint: 4881782 ns, Total: 4890082 ns
[3864.231s][info ][safepoint      ] Safepoint "Cleanup", Time since last: 1000083629 ns, Reaching safepoint: 5100 ns, Cleanup: 11700 ns, At safepoint: 1800 ns, Total: 18600 ns
[3865.232s][info ][safepoint      ] Safepoint "Cleanup", Time since last: 1000106228 ns, Reaching safepoint: 4500 ns, Cleanup: 26700 ns, At safepoint: 2000 ns, Total: 33200 ns
[3868.232s][info ][safepoint      ] Safepoint "Cleanup", Time since last: 3000247703 ns, Reaching safepoint: 5900 ns, Cleanup: 11000 ns, At safepoint: 2800 ns, Total: 19700 ns
[3870.232s][info ][safepoint      ] Safepoint "Cleanup", Time since last: 2000179267 ns, Reaching safepoint: 5200 ns, Cleanup: 8500 ns, At safepoint: 2000 ns, Total: 15700 ns
[3875.232s][info ][safepoint      ] Safepoint "Cleanup", Time since last: 5000386059 ns, Reaching safepoint: 5700 ns, Cleanup: 6500 ns, At safepoint: 2400 ns, Total: 14600 ns
[3877.233s][info ][safepoint      ] Safepoint "Cleanup", Time since last: 2000183374 ns, Reaching safepoint: 6500 ns, Cleanup: 11700 ns, At safepoint: 7200 ns, Total: 25400 ns
[3878.233s][info ][safepoint      ] Safepoint "Cleanup", Time since last: 1000113287 ns, Reaching safepoint: 5600 ns, Cleanup: 18000 ns, At safepoint: 2100 ns, Total: 25700 ns
[3879.233s][info ][safepoint      ] Safepoint "Cleanup", Time since last: 1000121687 ns, Reaching safepoint: 78600 ns, Cleanup: 10300 ns, At safepoint: 6000 ns, Total: 94900 ns
[3889.234s][info ][safepoint      ] Safepoint "Cleanup", Time since last: 10000754483 ns, Reaching safepoint: 5300 ns, Cleanup: 8700 ns, At safepoint: 1800 ns, Total: 15800 ns
[3891.234s][info ][safepoint      ] Safepoint "Cleanup", Time since last: 2000183846 ns, Reaching safepoint: 5800 ns, Cleanup: 10400 ns, At safepoint: 2300 ns, Total: 18500 ns
[3894.234s][info ][safepoint      ] Safepoint "Cleanup", Time since last: 3000246906 ns, Reaching safepoint: 6700 ns, Cleanup: 13000 ns, At safepoint: 24500 ns, Total: 44200 ns
[3903.243s][info ][safepoint      ] Safepoint "Cleanup", Time since last: 9008941130 ns, Reaching safepoint: 6500 ns, Cleanup: 10300 ns, At safepoint: 2100 ns, Total: 18900 ns
[3906.244s][info ][safepoint      ] Safepoint "Cleanup", Time since last: 3000257915 ns, Reaching safepoint: 6800 ns, Cleanup: 15699 ns, At safepoint: 2100 ns, Total: 24599 ns
[3907.244s][info ][safepoint      ] Safepoint "Cleanup", Time since last: 1000117346 ns, Reaching safepoint: 6000 ns, Cleanup: 11100 ns, At safepoint: 2100 ns, Total: 19200 ns
[3909.326s][info ][gc,start       ] GC(72) Pause Young (Allocation Failure)
[3909.330s][debug][gc,phases      ] GC(72) Scavenge 3.818ms
[3909.330s][debug][gc,ref         ] GC(72) ReferenceProcessor::execute queues: 1, RefProcThreadModel::Single, marks_oops_alive: false
[3909.330s][debug][gc,ref         ] GC(72) Skipped KeepAliveFinalRefsPhase of Reference Processing: no references
[3909.330s][debug][gc,ref         ] GC(72) Skipped PhantomRefsPhase of Reference Processing: no references
[3909.330s][debug][gc,phases      ] GC(72) Reference Processing 0.096ms
[3909.330s][debug][gc,phases      ] GC(72)   VM Weak                        Min:  0.0, Avg:  0.0, Max:  0.0, Diff:  0.0, Sum:  0.0, Workers: 4
[3909.330s][debug][gc,phases      ] GC(72)     Dead                           Min: 0, Avg:  0.0, Max: 0, Diff: 0, Sum: 0, Workers: 4
[3909.330s][debug][gc,phases      ] GC(72)     Total                          Min: 0, Avg: 248.5, Max: 832, Diff: 832, Sum: 994, Workers: 4
[3909.331s][debug][gc,phases      ] GC(72)   ObjectSynchronizer Weak        Min:  0.0, Avg:  0.0, Max:  0.0, Diff:  0.0, Sum:  0.0, Workers: 4
[3909.331s][debug][gc,phases      ] GC(72)     Dead                           Min: 0, Avg:  0.0, Max: 0, Diff: 0, Sum: 0, Workers: 4
[3909.331s][debug][gc,phases      ] GC(72)     Total                          Min: 0, Avg:  0.8, Max: 3, Diff: 3, Sum: 3, Workers: 4
[3909.331s][debug][gc,phases      ] GC(72)   JVMTI Tag Weak OopStorage      Min:  0.0, Avg:  0.0, Max:  0.0, Diff:  0.0, Sum:  0.0, Workers: 4
[3909.331s][debug][gc,phases      ] GC(72)     Dead                           Min: 0, Avg:  0.0, Max: 0, Diff: 0, Sum: 0, Workers: 4
[3909.331s][debug][gc,phases      ] GC(72)     Total                          Min: 0, Avg:  0.0, Max: 0, Diff: 0, Sum: 0, Workers: 4
[3909.331s][debug][gc,phases      ] GC(72)   StringTable Weak               Min:  0.0, Avg:  0.1, Max:  0.1, Diff:  0.1, Sum:  0.4, Workers: 4
[3909.331s][debug][gc,phases      ] GC(72)     Dead                           Min: 0, Avg:  0.0, Max: 0, Diff: 0, Sum: 0, Workers: 4
[3909.331s][debug][gc,phases      ] GC(72)     Total                          Min: 0, Avg: 11926.2, Max: 20543, Diff: 20543, Sum: 47705, Workers: 4
[3909.331s][debug][gc,phases      ] GC(72)   ResolvedMethodTable Weak       Min:  0.0, Avg:  0.0, Max:  0.0, Diff:  0.0, Sum:  0.1, Workers: 4
[3909.331s][debug][gc,phases      ] GC(72)     Dead                           Min: 0, Avg:  4.0, Max: 16, Diff: 16, Sum: 16, Workers: 4
[3909.331s][debug][gc,phases      ] GC(72)     Total                          Min: 0, Avg: 3904.2, Max: 6794, Diff: 6794, Sum: 15617, Workers: 4
[3909.331s][debug][gc,phases      ] GC(72)   JNI Weak                       Min:  0.0, Avg:  0.0, Max:  0.0, Diff:  0.0, Sum:  0.0, Workers: 4
[3909.331s][debug][gc,phases      ] GC(72)     Dead                           Min: 0, Avg:  0.0, Max: 0, Diff: 0, Sum: 0, Workers: 4
[3909.331s][debug][gc,phases      ] GC(72)     Total                          Min: 0, Avg: 13.0, Max: 52, Diff: 52, Sum: 52, Workers: 4
[3909.331s][debug][gc,phases      ] GC(72)   StringDedup Table Weak         Min:  0.0, Avg:  0.0, Max:  0.0, Diff:  0.0, Sum:  0.0, Workers: 4
[3909.331s][debug][gc,phases      ] GC(72)     Dead                           Min: 0, Avg:  0.0, Max: 0, Diff: 0, Sum: 0, Workers: 4
[3909.331s][debug][gc,phases      ] GC(72)     Total                          Min: 0, Avg:  0.0, Max: 0, Diff: 0, Sum: 0, Workers: 4
[3909.331s][debug][gc,phases      ] GC(72)   StringDedup Requests0 Weak     Min:  0.0, Avg:  0.0, Max:  0.0, Diff:  0.0, Sum:  0.0, Workers: 4
[3909.331s][debug][gc,phases      ] GC(72)     Dead                           Min: 0, Avg:  0.0, Max: 0, Diff: 0, Sum: 0, Workers: 4
[3909.331s][debug][gc,phases      ] GC(72)     Total                          Min: 0, Avg:  0.0, Max: 0, Diff: 0, Sum: 0, Workers: 4
[3909.331s][debug][gc,phases      ] GC(72)   StringDedup Requests1 Weak     Min:  0.0, Avg:  0.0, Max:  0.0, Diff:  0.0, Sum:  0.0, Workers: 4
[3909.331s][debug][gc,phases      ] GC(72)     Dead                           Min: 0, Avg:  0.0, Max: 0, Diff: 0, Sum: 0, Workers: 4
[3909.331s][debug][gc,phases      ] GC(72)     Total                          Min: 0, Avg:  0.0, Max: 0, Diff: 0, Sum: 0, Workers: 4
[3909.331s][debug][gc,phases      ] GC(72)   Weak JFR Old Object Samples    Min:  0.0, Avg:  0.0, Max:  0.0, Diff:  0.0, Sum:  0.0, Workers: 4
[3909.331s][debug][gc,phases      ] GC(72)     Dead                           Min: 0, Avg:  0.0, Max: 0, Diff: 0, Sum: 0, Workers: 4
[3909.331s][debug][gc,phases      ] GC(72)     Total                          Min: 0, Avg:  0.0, Max: 0, Diff: 0, Sum: 0, Workers: 4
[3909.331s][debug][gc,phases      ] GC(72) Weak Processing 0.366ms
[3909.331s][debug][gc,age         ] GC(72) Desired survivor size 42467328 bytes, new threshold 1 (max threshold 15)
[3909.331s][info ][gc,heap        ] GC(72) PSYoungGen: 2013392K(2053632K)->4832K(2051584K) Eden: 2008064K(2008064K)->0K(2008064K) From: 5328K(45568K)->4832K(43520K)
[3909.331s][info ][gc,heap        ] GC(72) ParOldGen: 548233K(548352K)->549806K(549888K)
[3909.331s][info ][gc,metaspace   ] GC(72) Metaspace: 110759K(112064K)->110759K(112064K) NonClass: 94221K(94976K)->94221K(94976K) Class: 16538K(17088K)->16538K(17088K)
[3909.331s][info ][gc             ] GC(72) Pause Young (Allocation Failure) 2501M->541M(2540M) 4.397ms
[3909.331s][info ][gc,cpu         ] GC(72) User=0.02s Sys=0.00s Real=0.00s
[3909.331s][info ][safepoint      ] Safepoint "ParallelGCFailedAllocation", Time since last: 2082585876 ns, Reaching safepoint: 4800 ns, Cleanup: 3300 ns, At safepoint: 4459578 ns, Total: 4467678 ns
[3911.331s][info ][safepoint      ] Safepoint "Cleanup", Time since last: 2000230791 ns, Reaching safepoint: 96900 ns, Cleanup: 11300 ns, At safepoint: 9000 ns, Total: 117200 ns
[3912.331s][info ][safepoint      ] Safepoint "Cleanup", Time since last: 1000099557 ns, Reaching safepoint: 4700 ns, Cleanup: 9900 ns, At safepoint: 2000 ns, Total: 16600 ns
[3918.332s][info ][safepoint      ] Safepoint "Cleanup", Time since last: 6000450559 ns, Reaching safepoint: 5200 ns, Cleanup: 10000 ns, At safepoint: 1600 ns, Total: 16800 ns
[3919.332s][info ][safepoint      ] Safepoint "Cleanup", Time since last: 1000108318 ns, Reaching safepoint: 5600 ns, Cleanup: 8300 ns, At safepoint: 1900 ns, Total: 15800 ns
[3921.332s][info ][safepoint      ] Safepoint "Cleanup", Time since last: 2000170235 ns, Reaching safepoint: 6700 ns, Cleanup: 11500 ns, At safepoint: 2200 ns, Total: 20400 ns
[3926.332s][info ][safepoint      ] Safepoint "Cleanup", Time since last: 5000387697 ns, Reaching safepoint: 6200 ns, Cleanup: 9400 ns, At safepoint: 26500 ns, Total: 42100 ns
[3928.333s][info ][safepoint      ] Safepoint "Cleanup", Time since last: 2000176782 ns, Reaching safepoint: 5500 ns, Cleanup: 25000 ns, At safepoint: 2500 ns, Total: 33000 ns
[3930.333s][info ][safepoint      ] Safepoint "Cleanup", Time since last: 2000184302 ns, Reaching safepoint: 6600 ns, Cleanup: 13600 ns, At safepoint: 2900 ns, Total: 23100 ns
[3933.333s][info ][safepoint      ] Safepoint "Cleanup", Time since last: 3000264213 ns, Reaching safepoint: 6100 ns, Cleanup: 10100 ns, At safepoint: 2500 ns, Total: 18700 ns
[3935.333s][info ][safepoint      ] Safepoint "Cleanup", Time since last: 2000192176 ns, Reaching safepoint: 6400 ns, Cleanup: 11700 ns, At safepoint: 2100 ns, Total: 20200 ns
[3936.333s][info ][safepoint      ] Safepoint "Cleanup", Time since last: 1000113137 ns, Reaching safepoint: 5900 ns, Cleanup: 13700 ns, At safepoint: 2000 ns, Total: 21600 ns
[3940.334s][info ][safepoint      ] Safepoint "Cleanup", Time since last: 4000304557 ns, Reaching safepoint: 6100 ns, Cleanup: 11199 ns, At safepoint: 2300 ns, Total: 19599 ns
[3942.334s][info ][safepoint      ] Safepoint "Cleanup", Time since last: 2000178885 ns, Reaching safepoint: 6000 ns, Cleanup: 11100 ns, At safepoint: 1600 ns, Total: 18700 ns
[3945.334s][info ][safepoint      ] Safepoint "Cleanup", Time since last: 3000246388 ns, Reaching safepoint: 6500 ns, Cleanup: 10800 ns, At safepoint: 2200 ns, Total: 19500 ns
[3954.321s][info ][gc,start       ] GC(73) Pause Young (Allocation Failure)
[3954.325s][debug][gc,phases      ] GC(73) Scavenge 4.204ms
[3954.325s][debug][gc,ref         ] GC(73) ReferenceProcessor::execute queues: 1, RefProcThreadModel::Single, marks_oops_alive: false
[3954.325s][debug][gc,ref         ] GC(73) Skipped KeepAliveFinalRefsPhase of Reference Processing: no references
[3954.325s][debug][gc,ref         ] GC(73) ReferenceProcessor::execute queues: 1, RefProcThreadModel::Single, marks_oops_alive: false
[3954.325s][debug][gc,phases      ] GC(73) Reference Processing 0.099ms
[3954.325s][debug][gc,phases      ] GC(73)   VM Weak                        Min:  0.0, Avg:  0.0, Max:  0.0, Diff:  0.0, Sum:  0.0, Workers: 4
[3954.325s][debug][gc,phases      ] GC(73)     Dead                           Min: 0, Avg:  0.0, Max: 0, Diff: 0, Sum: 0, Workers: 4
[3954.325s][debug][gc,phases      ] GC(73)     Total                          Min: 0, Avg: 248.5, Max: 866, Diff: 866, Sum: 994, Workers: 4
[3954.325s][debug][gc,phases      ] GC(73)   ObjectSynchronizer Weak        Min:  0.0, Avg:  0.0, Max:  0.0, Diff:  0.0, Sum:  0.0, Workers: 4
[3954.325s][debug][gc,phases      ] GC(73)     Dead                           Min: 0, Avg:  0.0, Max: 0, Diff: 0, Sum: 0, Workers: 4
[3954.325s][debug][gc,phases      ] GC(73)     Total                          Min: 0, Avg:  1.2, Max: 5, Diff: 5, Sum: 5, Workers: 4
[3954.325s][debug][gc,phases      ] GC(73)   JVMTI Tag Weak OopStorage      Min:  0.0, Avg:  0.0, Max:  0.0, Diff:  0.0, Sum:  0.0, Workers: 4
[3954.325s][debug][gc,phases      ] GC(73)     Dead                           Min: 0, Avg:  0.0, Max: 0, Diff: 0, Sum: 0, Workers: 4
[3954.325s][debug][gc,phases      ] GC(73)     Total                          Min: 0, Avg:  0.0, Max: 0, Diff: 0, Sum: 0, Workers: 4
[3954.325s][debug][gc,phases      ] GC(73)   StringTable Weak               Min:  0.0, Avg:  0.1, Max:  0.1, Diff:  0.1, Sum:  0.4, Workers: 4
[3954.325s][debug][gc,phases      ] GC(73)     Dead                           Min: 0, Avg:  0.2, Max: 1, Diff: 1, Sum: 1, Workers: 4
[3954.325s][debug][gc,phases      ] GC(73)     Total                          Min: 0, Avg: 11928.2, Max: 21311, Diff: 21311, Sum: 47713, Workers: 4
[3954.325s][debug][gc,phases      ] GC(73)   ResolvedMethodTable Weak       Min:  0.0, Avg:  0.0, Max:  0.0, Diff:  0.0, Sum:  0.1, Workers: 4
[3954.325s][debug][gc,phases      ] GC(73)     Dead                           Min: 0, Avg:  4.0, Max: 16, Diff: 16, Sum: 16, Workers: 4
[3954.325s][debug][gc,phases      ] GC(73)     Total                          Min: 0, Avg: 3905.5, Max: 6593, Diff: 6593, Sum: 15622, Workers: 4
[3954.325s][debug][gc,phases      ] GC(73)   JNI Weak                       Min:  0.0, Avg:  0.0, Max:  0.0, Diff:  0.0, Sum:  0.0, Workers: 4
[3954.325s][debug][gc,phases      ] GC(73)     Dead                           Min: 0, Avg:  0.0, Max: 0, Diff: 0, Sum: 0, Workers: 4
[3954.325s][debug][gc,phases      ] GC(73)     Total                          Min: 0, Avg: 13.0, Max: 52, Diff: 52, Sum: 52, Workers: 4
[3954.325s][debug][gc,phases      ] GC(73)   StringDedup Table Weak         Min:  0.0, Avg:  0.0, Max:  0.0, Diff:  0.0, Sum:  0.0, Workers: 4
[3954.325s][debug][gc,phases      ] GC(73)     Dead                           Min: 0, Avg:  0.0, Max: 0, Diff: 0, Sum: 0, Workers: 4
[3954.325s][debug][gc,phases      ] GC(73)     Total                          Min: 0, Avg:  0.0, Max: 0, Diff: 0, Sum: 0, Workers: 4
[3954.326s][debug][gc,phases      ] GC(73)   StringDedup Requests0 Weak     Min:  0.0, Avg:  0.0, Max:  0.0, Diff:  0.0, Sum:  0.0, Workers: 4
[3954.326s][debug][gc,phases      ] GC(73)     Dead                           Min: 0, Avg:  0.0, Max: 0, Diff: 0, Sum: 0, Workers: 4
[3954.326s][debug][gc,phases      ] GC(73)     Total                          Min: 0, Avg:  0.0, Max: 0, Diff: 0, Sum: 0, Workers: 4
[3954.326s][debug][gc,phases      ] GC(73)   StringDedup Requests1 Weak     Min:  0.0, Avg:  0.0, Max:  0.0, Diff:  0.0, Sum:  0.0, Workers: 4
[3954.326s][debug][gc,phases      ] GC(73)     Dead                           Min: 0, Avg:  0.0, Max: 0, Diff: 0, Sum: 0, Workers: 4
[3954.326s][debug][gc,phases      ] GC(73)     Total                          Min: 0, Avg:  0.0, Max: 0, Diff: 0, Sum: 0, Workers: 4
[3954.326s][debug][gc,phases      ] GC(73)   Weak JFR Old Object Samples    Min:  0.0, Avg:  0.0, Max:  0.0, Diff:  0.0, Sum:  0.0, Workers: 4
[3954.326s][debug][gc,phases      ] GC(73)     Dead                           Min: 0, Avg:  0.0, Max: 0, Diff: 0, Sum: 0, Workers: 4
[3954.326s][debug][gc,phases      ] GC(73)     Total                          Min: 0, Avg:  0.0, Max: 0, Diff: 0, Sum: 0, Workers: 4
[3954.326s][debug][gc,phases      ] GC(73) Weak Processing 0.363ms
[3954.326s][debug][gc,age         ] GC(73) Desired survivor size 40370176 bytes, new threshold 1 (max threshold 15)
[3954.326s][info ][gc,heap        ] GC(73) PSYoungGen: 2012896K(2051584K)->5008K(2057728K) Eden: 2008064K(2008064K)->0K(2016256K) From: 4832K(43520K)->5008K(41472K)
[3954.326s][info ][gc,heap        ] GC(73) ParOldGen: 549806K(549888K)->551182K(551424K)
[3954.326s][info ][gc,metaspace   ] GC(73) Metaspace: 110792K(112064K)->110792K(112064K) NonClass: 94251K(94976K)->94251K(94976K) Class: 16541K(17088K)->16541K(17088K)
[3954.326s][info ][gc             ] GC(73) Pause Young (Allocation Failure) 2502M->543M(2548M) 4.808ms
[3954.326s][info ][gc,cpu         ] GC(73) User=0.01s Sys=0.00s Real=0.01s
[3954.326s][info ][safepoint      ] Safepoint "ParallelGCFailedAllocation", Time since last: 8986457580 ns, Reaching safepoint: 82000 ns, Cleanup: 3600 ns, At safepoint: 4876776 ns, Total: 4962376 ns
[3956.326s][info ][safepoint      ] Safepoint "Cleanup", Time since last: 2000148668 ns, Reaching safepoint: 5600 ns, Cleanup: 9600 ns, At safepoint: 1800 ns, Total: 17000 ns
[3982.262s][info ][safepoint      ] Safepoint "Cleanup", Time since last: 25936411845 ns, Reaching safepoint: 7000 ns, Cleanup: 11000 ns, At safepoint: 2200 ns, Total: 20200 ns
[3984.262s][info ][safepoint      ] Safepoint "Cleanup", Time since last: 2000190153 ns, Reaching safepoint: 6000 ns, Cleanup: 11500 ns, At safepoint: 2100 ns, Total: 19600 ns
[3986.263s][info ][safepoint      ] Safepoint "Cleanup", Time since last: 2000195787 ns, Reaching safepoint: 6200 ns, Cleanup: 9600 ns, At safepoint: 24200 ns, Total: 40000 ns
[3987.263s][info ][safepoint      ] Safepoint "Cleanup", Time since last: 1000110938 ns, Reaching safepoint: 7300 ns, Cleanup: 11200 ns, At safepoint: 2700 ns, Total: 21200 ns
[3994.263s][info ][safepoint      ] Safepoint "Cleanup", Time since last: 7000535968 ns, Reaching safepoint: 6900 ns, Cleanup: 10700 ns, At safepoint: 1700 ns, Total: 19300 ns
[3997.264s][info ][safepoint      ] Safepoint "Cleanup", Time since last: 3000247159 ns, Reaching safepoint: 6000 ns, Cleanup: 12300 ns, At safepoint: 2100 ns, Total: 20400 ns
[4003.079s][info ][gc,start       ] GC(74) Pause Young (Allocation Failure)
[4003.083s][debug][gc,phases      ] GC(74) Scavenge 4.277ms
[4003.083s][debug][gc,ref         ] GC(74) ReferenceProcessor::execute queues: 1, RefProcThreadModel::Single, marks_oops_alive: false
[4003.083s][debug][gc,ref         ] GC(74) Skipped KeepAliveFinalRefsPhase of Reference Processing: no references
[4003.083s][debug][gc,ref         ] GC(74) Skipped PhantomRefsPhase of Reference Processing: no references
[4003.083s][debug][gc,phases      ] GC(74) Reference Processing 0.101ms
[4003.084s][debug][gc,phases      ] GC(74)   VM Weak                        Min:  0.0, Avg:  0.0, Max:  0.0, Diff:  0.0, Sum:  0.0, Workers: 4
[4003.084s][debug][gc,phases      ] GC(74)     Dead                           Min: 0, Avg:  0.0, Max: 0, Diff: 0, Sum: 0, Workers: 4
[4003.084s][debug][gc,phases      ] GC(74)     Total                          Min: 0, Avg: 248.5, Max: 512, Diff: 512, Sum: 994, Workers: 4
[4003.084s][debug][gc,phases      ] GC(74)   ObjectSynchronizer Weak        Min:  0.0, Avg:  0.0, Max:  0.0, Diff:  0.0, Sum:  0.0, Workers: 4
[4003.084s][debug][gc,phases      ] GC(74)     Dead                           Min: 0, Avg:  0.0, Max: 0, Diff: 0, Sum: 0, Workers: 4
[4003.084s][debug][gc,phases      ] GC(74)     Total                          Min: 0, Avg:  1.0, Max: 4, Diff: 4, Sum: 4, Workers: 4
[4003.084s][debug][gc,phases      ] GC(74)   JVMTI Tag Weak OopStorage      Min:  0.0, Avg:  0.0, Max:  0.0, Diff:  0.0, Sum:  0.0, Workers: 4
[4003.084s][debug][gc,phases      ] GC(74)     Dead                           Min: 0, Avg:  0.0, Max: 0, Diff: 0, Sum: 0, Workers: 4
[4003.084s][debug][gc,phases      ] GC(74)     Total                          Min: 0, Avg:  0.0, Max: 0, Diff: 0, Sum: 0, Workers: 4
[4003.084s][debug][gc,phases      ] GC(74)   StringTable Weak               Min:  0.0, Avg:  0.1, Max:  0.1, Diff:  0.1, Sum:  0.4, Workers: 4
[4003.084s][debug][gc,phases      ] GC(74)     Dead                           Min: 0, Avg:  0.0, Max: 0, Diff: 0, Sum: 0, Workers: 4
[4003.084s][debug][gc,phases      ] GC(74)     Total                          Min: 0, Avg: 11928.5, Max: 18019, Diff: 18019, Sum: 47714, Workers: 4
[4003.084s][debug][gc,phases      ] GC(74)   ResolvedMethodTable Weak       Min:  0.0, Avg:  0.0, Max:  0.0, Diff:  0.0, Sum:  0.1, Workers: 4
[4003.084s][debug][gc,phases      ] GC(74)     Dead                           Min: 0, Avg:  4.0, Max: 15, Diff: 15, Sum: 16, Workers: 4
[4003.084s][debug][gc,phases      ] GC(74)     Total                          Min: 0, Avg: 3905.5, Max: 6545, Diff: 6545, Sum: 15622, Workers: 4
[4003.084s][debug][gc,phases      ] GC(74)   JNI Weak                       Min:  0.0, Avg:  0.0, Max:  0.0, Diff:  0.0, Sum:  0.0, Workers: 4
[4003.084s][debug][gc,phases      ] GC(74)     Dead                           Min: 0, Avg:  0.0, Max: 0, Diff: 0, Sum: 0, Workers: 4
[4003.084s][debug][gc,phases      ] GC(74)     Total                          Min: 0, Avg: 13.0, Max: 52, Diff: 52, Sum: 52, Workers: 4
[4003.084s][debug][gc,phases      ] GC(74)   StringDedup Table Weak         Min:  0.0, Avg:  0.0, Max:  0.0, Diff:  0.0, Sum:  0.0, Workers: 4
[4003.084s][debug][gc,phases      ] GC(74)     Dead                           Min: 0, Avg:  0.0, Max: 0, Diff: 0, Sum: 0, Workers: 4
[4003.084s][debug][gc,phases      ] GC(74)     Total                          Min: 0, Avg:  0.0, Max: 0, Diff: 0, Sum: 0, Workers: 4
[4003.084s][debug][gc,phases      ] GC(74)   StringDedup Requests0 Weak     Min:  0.0, Avg:  0.0, Max:  0.0, Diff:  0.0, Sum:  0.0, Workers: 4
[4003.084s][debug][gc,phases      ] GC(74)     Dead                           Min: 0, Avg:  0.0, Max: 0, Diff: 0, Sum: 0, Workers: 4
[4003.084s][debug][gc,phases      ] GC(74)     Total                          Min: 0, Avg:  0.0, Max: 0, Diff: 0, Sum: 0, Workers: 4
[4003.084s][debug][gc,phases      ] GC(74)   StringDedup Requests1 Weak     Min:  0.0, Avg:  0.0, Max:  0.0, Diff:  0.0, Sum:  0.0, Workers: 4
[4003.084s][debug][gc,phases      ] GC(74)     Dead                           Min: 0, Avg:  0.0, Max: 0, Diff: 0, Sum: 0, Workers: 4
[4003.084s][debug][gc,phases      ] GC(74)     Total                          Min: 0, Avg:  0.0, Max: 0, Diff: 0, Sum: 0, Workers: 4
[4003.084s][debug][gc,phases      ] GC(74)   Weak JFR Old Object Samples    Min:  0.0, Avg:  0.0, Max:  0.0, Diff:  0.0, Sum:  0.0, Workers: 4
[4003.084s][debug][gc,phases      ] GC(74)     Dead                           Min: 0, Avg:  0.0, Max: 0, Diff: 0, Sum: 0, Workers: 4
[4003.084s][debug][gc,phases      ] GC(74)     Total                          Min: 0, Avg:  0.0, Max: 0, Diff: 0, Sum: 0, Workers: 4
[4003.084s][debug][gc,phases      ] GC(74) Weak Processing 0.424ms
[4003.084s][debug][gc,age         ] GC(74) Desired survivor size 38273024 bytes, new threshold 1 (max threshold 15)
[4003.084s][info ][gc,heap        ] GC(74) PSYoungGen: 2021264K(2057728K)->5641K(2055680K) Eden: 2016256K(2016256K)->0K(2016256K) From: 5008K(41472K)->5641K(39424K)
[4003.084s][info ][gc,heap        ] GC(74) ParOldGen: 551182K(551424K)->552606K(552960K)
[4003.084s][info ][gc,metaspace   ] GC(74) Metaspace: 110799K(112064K)->110799K(112064K) NonClass: 94258K(94976K)->94258K(94976K) Class: 16541K(17088K)->16541K(17088K)
[4003.084s][info ][gc             ] GC(74) Pause Young (Allocation Failure) 2512M->545M(2547M) 4.918ms
[4003.084s][info ][gc,cpu         ] GC(74) User=0.02s Sys=0.00s Real=0.00s
[4003.084s][info ][safepoint      ] Safepoint "ParallelGCFailedAllocation", Time since last: 5815214659 ns, Reaching safepoint: 5400 ns, Cleanup: 2800 ns, At safepoint: 4978739 ns, Total: 4986939 ns
[4004.084s][info ][safepoint      ] Safepoint "Cleanup", Time since last: 1000085333 ns, Reaching safepoint: 5000 ns, Cleanup: 9500 ns, At safepoint: 1700 ns, Total: 16200 ns
[4007.084s][info ][safepoint      ] Safepoint "Cleanup", Time since last: 3000243369 ns, Reaching safepoint: 5600 ns, Cleanup: 9500 ns, At safepoint: 2200 ns, Total: 17300 ns
[4010.084s][info ][safepoint      ] Safepoint "Cleanup", Time since last: 3000247209 ns, Reaching safepoint: 5700 ns, Cleanup: 13299 ns, At safepoint: 1900 ns, Total: 20899 ns
[4013.085s][info ][safepoint      ] Safepoint "Cleanup", Time since last: 3000265046 ns, Reaching safepoint: 6000 ns, Cleanup: 9100 ns, At safepoint: 1700 ns, Total: 16800 ns
[4019.085s][info ][safepoint      ] Safepoint "Cleanup", Time since last: 6000458459 ns, Reaching safepoint: 6000 ns, Cleanup: 10000 ns, At safepoint: 26500 ns, Total: 42500 ns
[4021.085s][info ][safepoint      ] Safepoint "Cleanup", Time since last: 2000204770 ns, Reaching safepoint: 5900 ns, Cleanup: 11500 ns, At safepoint: 2000 ns, Total: 19400 ns
[4034.279s][info ][safepoint      ] Safepoint "Cleanup", Time since last: 13193339643 ns, Reaching safepoint: 5400 ns, Cleanup: 8800 ns, At safepoint: 2000 ns, Total: 16200 ns
[4051.927s][info ][gc,start       ] GC(75) Pause Young (Allocation Failure)
[4051.932s][debug][gc,phases      ] GC(75) Scavenge 4.550ms
[4051.932s][debug][gc,ref         ] GC(75) ReferenceProcessor::execute queues: 1, RefProcThreadModel::Single, marks_oops_alive: false
[4051.932s][debug][gc,ref         ] GC(75) Skipped KeepAliveFinalRefsPhase of Reference Processing: no references
[4051.932s][debug][gc,ref         ] GC(75) Skipped PhantomRefsPhase of Reference Processing: no references
[4051.932s][debug][gc,phases      ] GC(75) Reference Processing 0.110ms
[4051.932s][debug][gc,phases      ] GC(75)   VM Weak                        Min:  0.0, Avg:  0.0, Max:  0.0, Diff:  0.0, Sum:  0.0, Workers: 4
[4051.932s][debug][gc,phases      ] GC(75)     Dead                           Min: 0, Avg:  0.0, Max: 0, Diff: 0, Sum: 0, Workers: 4
[4051.932s][debug][gc,phases      ] GC(75)     Total                          Min: 0, Avg: 248.5, Max: 896, Diff: 896, Sum: 994, Workers: 4
[4051.932s][debug][gc,phases      ] GC(75)   ObjectSynchronizer Weak        Min:  0.0, Avg:  0.0, Max:  0.0, Diff:  0.0, Sum:  0.0, Workers: 4
[4051.932s][debug][gc,phases      ] GC(75)     Dead                           Min: 0, Avg:  0.0, Max: 0, Diff: 0, Sum: 0, Workers: 4
[4051.932s][debug][gc,phases      ] GC(75)     Total                          Min: 0, Avg:  1.0, Max: 4, Diff: 4, Sum: 4, Workers: 4
[4051.932s][debug][gc,phases      ] GC(75)   JVMTI Tag Weak OopStorage      Min:  0.0, Avg:  0.0, Max:  0.0, Diff:  0.0, Sum:  0.0, Workers: 4
[4051.932s][debug][gc,phases      ] GC(75)     Dead                           Min: 0, Avg:  0.0, Max: 0, Diff: 0, Sum: 0, Workers: 4
[4051.932s][debug][gc,phases      ] GC(75)     Total                          Min: 0, Avg:  0.0, Max: 0, Diff: 0, Sum: 0, Workers: 4
[4051.932s][debug][gc,phases      ] GC(75)   StringTable Weak               Min:  0.0, Avg:  0.1, Max:  0.1, Diff:  0.1, Sum:  0.4, Workers: 4
[4051.932s][debug][gc,phases      ] GC(75)     Dead                           Min: 0, Avg:  0.0, Max: 0, Diff: 0, Sum: 0, Workers: 4
[4051.932s][debug][gc,phases      ] GC(75)     Total                          Min: 4416, Avg: 11931.8, Max: 15664, Diff: 11248, Sum: 47727, Workers: 4
[4051.932s][debug][gc,phases      ] GC(75)   ResolvedMethodTable Weak       Min:  0.0, Avg:  0.0, Max:  0.0, Diff:  0.0, Sum:  0.2, Workers: 4
[4051.932s][debug][gc,phases      ] GC(75)     Dead                           Min: 0, Avg:  4.0, Max: 16, Diff: 16, Sum: 16, Workers: 4
[4051.932s][debug][gc,phases      ] GC(75)     Total                          Min: 3825, Avg: 3905.5, Max: 3995, Diff: 170, Sum: 15622, Workers: 4
[4051.932s][debug][gc,phases      ] GC(75)   JNI Weak                       Min:  0.0, Avg:  0.0, Max:  0.0, Diff:  0.0, Sum:  0.0, Workers: 4
[4051.932s][debug][gc,phases      ] GC(75)     Dead                           Min: 0, Avg:  0.0, Max: 0, Diff: 0, Sum: 0, Workers: 4
[4051.932s][debug][gc,phases      ] GC(75)     Total                          Min: 0, Avg: 13.0, Max: 52, Diff: 52, Sum: 52, Workers: 4
[4051.932s][debug][gc,phases      ] GC(75)   StringDedup Table Weak         Min:  0.0, Avg:  0.0, Max:  0.0, Diff:  0.0, Sum:  0.0, Workers: 4
[4051.932s][debug][gc,phases      ] GC(75)     Dead                           Min: 0, Avg:  0.0, Max: 0, Diff: 0, Sum: 0, Workers: 4
[4051.932s][debug][gc,phases      ] GC(75)     Total                          Min: 0, Avg:  0.0, Max: 0, Diff: 0, Sum: 0, Workers: 4
[4051.932s][debug][gc,phases      ] GC(75)   StringDedup Requests0 Weak     Min:  0.0, Avg:  0.0, Max:  0.0, Diff:  0.0, Sum:  0.0, Workers: 4
[4051.932s][debug][gc,phases      ] GC(75)     Dead                           Min: 0, Avg:  0.0, Max: 0, Diff: 0, Sum: 0, Workers: 4
[4051.932s][debug][gc,phases      ] GC(75)     Total                          Min: 0, Avg:  0.0, Max: 0, Diff: 0, Sum: 0, Workers: 4
[4051.932s][debug][gc,phases      ] GC(75)   StringDedup Requests1 Weak     Min:  0.0, Avg:  0.0, Max:  0.0, Diff:  0.0, Sum:  0.0, Workers: 4
[4051.932s][debug][gc,phases      ] GC(75)     Dead                           Min: 0, Avg:  0.0, Max: 0, Diff: 0, Sum: 0, Workers: 4
[4051.932s][debug][gc,phases      ] GC(75)     Total                          Min: 0, Avg:  0.0, Max: 0, Diff: 0, Sum: 0, Workers: 4
[4051.932s][debug][gc,phases      ] GC(75)   Weak JFR Old Object Samples    Min:  0.0, Avg:  0.0, Max:  0.0, Diff:  0.0, Sum:  0.0, Workers: 4
[4051.932s][debug][gc,phases      ] GC(75)     Dead                           Min: 0, Avg:  0.0, Max: 0, Diff: 0, Sum: 0, Workers: 4
[4051.932s][debug][gc,phases      ] GC(75)     Total                          Min: 0, Avg:  0.0, Max: 0, Diff: 0, Sum: 0, Workers: 4
[4051.932s][debug][gc,phases      ] GC(75) Weak Processing 0.383ms
[4051.932s][debug][gc,age         ] GC(75) Desired survivor size 36700160 bytes, new threshold 1 (max threshold 15)
[4051.932s][info ][gc,heap        ] GC(75) PSYoungGen: 2021897K(2055680K)->5344K(2061312K) Eden: 2016256K(2016256K)->0K(2023936K) From: 5641K(39424K)->5344K(37376K)
[4051.932s][info ][gc,heap        ] GC(75) ParOldGen: 552606K(552960K)->554050K(554496K)
[4051.932s][info ][gc,metaspace   ] GC(75) Metaspace: 110802K(112064K)->110802K(112064K) NonClass: 94261K(94976K)->94261K(94976K) Class: 16541K(17088K)->16541K(17088K)
[4051.932s][info ][gc             ] GC(75) Pause Young (Allocation Failure) 2514M->546M(2554M) 5.173ms
[4051.932s][info ][gc,cpu         ] GC(75) User=0.02s Sys=0.00s Real=0.00s
[4051.932s][info ][safepoint      ] Safepoint "ParallelGCFailedAllocation", Time since last: 17648388096 ns, Reaching safepoint: 5400 ns, Cleanup: 3600 ns, At safepoint: 5253971 ns, Total: 5262971 ns
[4061.933s][info ][safepoint      ] Safepoint "Cleanup", Time since last: 10000688330 ns, Reaching safepoint: 5800 ns, Cleanup: 11700 ns, At safepoint: 1700 ns, Total: 19200 ns
[4079.935s][info ][safepoint      ] Safepoint "Cleanup", Time since last: 18001315245 ns, Reaching safepoint: 7800 ns, Cleanup: 12100 ns, At safepoint: 2800 ns, Total: 22700 ns
[4083.295s][info ][safepoint      ] Safepoint "Cleanup", Time since last: 3360584684 ns, Reaching safepoint: 5600 ns, Cleanup: 13500 ns, At safepoint: 2300 ns, Total: 21400 ns
[4090.296s][info ][safepoint      ] Safepoint "Cleanup", Time since last: 7000539498 ns, Reaching safepoint: 6100 ns, Cleanup: 10100 ns, At safepoint: 2400 ns, Total: 18600 ns
[4095.296s][info ][safepoint      ] Safepoint "Cleanup", Time since last: 5000403843 ns, Reaching safepoint: 5900 ns, Cleanup: 13800 ns, At safepoint: 2000 ns, Total: 21700 ns
[4098.526s][info ][gc,start       ] GC(76) Pause Young (Allocation Failure)
[4098.531s][debug][gc,phases      ] GC(76) Scavenge 4.652ms
[4098.531s][debug][gc,ref         ] GC(76) ReferenceProcessor::execute queues: 1, RefProcThreadModel::Single, marks_oops_alive: false
[4098.531s][debug][gc,ref         ] GC(76) Skipped KeepAliveFinalRefsPhase of Reference Processing: no references
[4098.531s][debug][gc,ref         ] GC(76) ReferenceProcessor::execute queues: 1, RefProcThreadModel::Single, marks_oops_alive: false
[4098.531s][debug][gc,phases      ] GC(76) Reference Processing 0.095ms
[4098.531s][debug][gc,phases      ] GC(76)   VM Weak                        Min:  0.0, Avg:  0.0, Max:  0.0, Diff:  0.0, Sum:  0.0, Workers: 4
[4098.531s][debug][gc,phases      ] GC(76)     Dead                           Min: 0, Avg:  0.0, Max: 0, Diff: 0, Sum: 0, Workers: 4
[4098.531s][debug][gc,phases      ] GC(76)     Total                          Min: 0, Avg: 248.5, Max: 802, Diff: 802, Sum: 994, Workers: 4
[4098.531s][debug][gc,phases      ] GC(76)   ObjectSynchronizer Weak        Min:  0.0, Avg:  0.0, Max:  0.0, Diff:  0.0, Sum:  0.0, Workers: 4
[4098.531s][debug][gc,phases      ] GC(76)     Dead                           Min: 0, Avg:  0.0, Max: 0, Diff: 0, Sum: 0, Workers: 4
[4098.531s][debug][gc,phases      ] GC(76)     Total                          Min: 0, Avg:  1.0, Max: 4, Diff: 4, Sum: 4, Workers: 4
[4098.531s][debug][gc,phases      ] GC(76)   JVMTI Tag Weak OopStorage      Min:  0.0, Avg:  0.0, Max:  0.0, Diff:  0.0, Sum:  0.0, Workers: 4
[4098.531s][debug][gc,phases      ] GC(76)     Dead                           Min: 0, Avg:  0.0, Max: 0, Diff: 0, Sum: 0, Workers: 4
[4098.531s][debug][gc,phases      ] GC(76)     Total                          Min: 0, Avg:  0.0, Max: 0, Diff: 0, Sum: 0, Workers: 4
[4098.531s][debug][gc,phases      ] GC(76)   StringTable Weak               Min:  0.0, Avg:  0.1, Max:  0.1, Diff:  0.1, Sum:  0.4, Workers: 4
[4098.531s][debug][gc,phases      ] GC(76)     Dead                           Min: 0, Avg:  0.2, Max: 1, Diff: 1, Sum: 1, Workers: 4
[4098.531s][debug][gc,phases      ] GC(76)     Total                          Min: 0, Avg: 11935.2, Max: 22335, Diff: 22335, Sum: 47741, Workers: 4
[4098.531s][debug][gc,phases      ] GC(76)   ResolvedMethodTable Weak       Min:  0.0, Avg:  0.0, Max:  0.0, Diff:  0.0, Sum:  0.1, Workers: 4
[4098.531s][debug][gc,phases      ] GC(76)     Dead                           Min: 0, Avg:  4.2, Max: 17, Diff: 17, Sum: 17, Workers: 4
[4098.531s][debug][gc,phases      ] GC(76)     Total                          Min: 0, Avg: 3909.2, Max: 6739, Diff: 6739, Sum: 15637, Workers: 4
[4098.531s][debug][gc,phases      ] GC(76)   JNI Weak                       Min:  0.0, Avg:  0.0, Max:  0.0, Diff:  0.0, Sum:  0.0, Workers: 4
[4098.531s][debug][gc,phases      ] GC(76)     Dead                           Min: 0, Avg:  0.0, Max: 0, Diff: 0, Sum: 0, Workers: 4
[4098.531s][debug][gc,phases      ] GC(76)     Total                          Min: 0, Avg: 13.0, Max: 52, Diff: 52, Sum: 52, Workers: 4
[4098.531s][debug][gc,phases      ] GC(76)   StringDedup Table Weak         Min:  0.0, Avg:  0.0, Max:  0.0, Diff:  0.0, Sum:  0.0, Workers: 4
[4098.531s][debug][gc,phases      ] GC(76)     Dead                           Min: 0, Avg:  0.0, Max: 0, Diff: 0, Sum: 0, Workers: 4
[4098.531s][debug][gc,phases      ] GC(76)     Total                          Min: 0, Avg:  0.0, Max: 0, Diff: 0, Sum: 0, Workers: 4
[4098.531s][debug][gc,phases      ] GC(76)   StringDedup Requests0 Weak     Min:  0.0, Avg:  0.0, Max:  0.0, Diff:  0.0, Sum:  0.0, Workers: 4
[4098.531s][debug][gc,phases      ] GC(76)     Dead                           Min: 0, Avg:  0.0, Max: 0, Diff: 0, Sum: 0, Workers: 4
[4098.531s][debug][gc,phases      ] GC(76)     Total                          Min: 0, Avg:  0.0, Max: 0, Diff: 0, Sum: 0, Workers: 4
[4098.531s][debug][gc,phases      ] GC(76)   StringDedup Requests1 Weak     Min:  0.0, Avg:  0.0, Max:  0.0, Diff:  0.0, Sum:  0.0, Workers: 4
[4098.531s][debug][gc,phases      ] GC(76)     Dead                           Min: 0, Avg:  0.0, Max: 0, Diff: 0, Sum: 0, Workers: 4
[4098.531s][debug][gc,phases      ] GC(76)     Total                          Min: 0, Avg:  0.0, Max: 0, Diff: 0, Sum: 0, Workers: 4
[4098.531s][debug][gc,phases      ] GC(76)   Weak JFR Old Object Samples    Min:  0.0, Avg:  0.0, Max:  0.0, Diff:  0.0, Sum:  0.0, Workers: 4
[4098.531s][debug][gc,phases      ] GC(76)     Dead                           Min: 0, Avg:  0.0, Max: 0, Diff: 0, Sum: 0, Workers: 4
[4098.531s][debug][gc,phases      ] GC(76)     Total                          Min: 0, Avg:  0.0, Max: 0, Diff: 0, Sum: 0, Workers: 4
[4098.531s][debug][gc,phases      ] GC(76) Weak Processing 0.349ms
[4098.531s][debug][gc,age         ] GC(76) Desired survivor size 34603008 bytes, new threshold 1 (max threshold 15)
[4098.531s][info ][gc,heap        ] GC(76) PSYoungGen: 2029280K(2061312K)->5440K(2059776K) Eden: 2023936K(2023936K)->0K(2023936K) From: 5344K(37376K)->5440K(35840K)
[4098.531s][info ][gc,heap        ] GC(76) ParOldGen: 554050K(554496K)->555351K(555520K)
[4098.531s][info ][gc,metaspace   ] GC(76) Metaspace: 110836K(112128K)->110836K(112128K) NonClass: 94288K(95040K)->94288K(95040K) Class: 16548K(17088K)->16548K(17088K)
[4098.531s][info ][gc             ] GC(76) Pause Young (Allocation Failure) 2522M->547M(2554M) 5.208ms
[4098.531s][info ][gc,cpu         ] GC(76) User=0.01s Sys=0.01s Real=0.00s
[4098.531s][info ][safepoint      ] Safepoint "ParallelGCFailedAllocation", Time since last: 3229775047 ns, Reaching safepoint: 5000 ns, Cleanup: 3600 ns, At safepoint: 5280140 ns, Total: 5288740 ns
[4103.532s][info ][safepoint      ] Safepoint "Cleanup", Time since last: 5000349766 ns, Reaching safepoint: 4700 ns, Cleanup: 11600 ns, At safepoint: 1900 ns, Total: 18200 ns
[4104.532s][info ][safepoint      ] Safepoint "Cleanup", Time since last: 1000126397 ns, Reaching safepoint: 5100 ns, Cleanup: 9000 ns, At safepoint: 2100 ns, Total: 16200 ns
[4107.532s][info ][safepoint      ] Safepoint "Cleanup", Time since last: 3000247493 ns, Reaching safepoint: 6400 ns, Cleanup: 9700 ns, At safepoint: 2200 ns, Total: 18300 ns
[4109.532s][info ][safepoint      ] Safepoint "Cleanup", Time since last: 2000177019 ns, Reaching safepoint: 5900 ns, Cleanup: 10499 ns, At safepoint: 23500 ns, Total: 39899 ns
[4115.533s][info ][safepoint      ] Safepoint "Cleanup", Time since last: 6000461830 ns, Reaching safepoint: 6300 ns, Cleanup: 11800 ns, At safepoint: 1900 ns, Total: 20000 ns
[4120.533s][info ][safepoint      ] Safepoint "Cleanup", Time since last: 5000392917 ns, Reaching safepoint: 4600 ns, Cleanup: 8100 ns, At safepoint: 1900 ns, Total: 14600 ns
[4122.533s][info ][safepoint      ] Safepoint "Cleanup", Time since last: 2000171521 ns, Reaching safepoint: 5200 ns, Cleanup: 9000 ns, At safepoint: 1700 ns, Total: 15900 ns
[4125.534s][info ][safepoint      ] Safepoint "Cleanup", Time since last: 3000258006 ns, Reaching safepoint: 5800 ns, Cleanup: 9700 ns, At safepoint: 2100 ns, Total: 17600 ns
[4126.534s][info ][safepoint      ] Safepoint "Cleanup", Time since last: 1000073268 ns, Reaching safepoint: 5600 ns, Cleanup: 11700 ns, At safepoint: 2000 ns, Total: 19300 ns
[4135.534s][info ][safepoint      ] Safepoint "Cleanup", Time since last: 9000678707 ns, Reaching safepoint: 6000 ns, Cleanup: 15899 ns, At safepoint: 2100 ns, Total: 23999 ns
[4136.534s][info ][safepoint      ] Safepoint "Cleanup", Time since last: 1000117348 ns, Reaching safepoint: 5900 ns, Cleanup: 26000 ns, At safepoint: 2300 ns, Total: 34200 ns
[4142.312s][info ][safepoint      ] Safepoint "Cleanup", Time since last: 5778010712 ns, Reaching safepoint: 6700 ns, Cleanup: 11100 ns, At safepoint: 1900 ns, Total: 19700 ns
[4144.313s][info ][safepoint      ] Safepoint "Cleanup", Time since last: 2000188178 ns, Reaching safepoint: 6300 ns, Cleanup: 14699 ns, At safepoint: 2200 ns, Total: 23199 ns
[4149.171s][info ][gc,start       ] GC(77) Pause Young (Allocation Failure)
[4149.175s][debug][gc,phases      ] GC(77) Scavenge 4.376ms
[4149.176s][debug][gc,ref         ] GC(77) ReferenceProcessor::execute queues: 1, RefProcThreadModel::Single, marks_oops_alive: false
[4149.176s][debug][gc,ref         ] GC(77) Skipped KeepAliveFinalRefsPhase of Reference Processing: no references
[4149.176s][debug][gc,ref         ] GC(77) ReferenceProcessor::execute queues: 1, RefProcThreadModel::Single, marks_oops_alive: false
[4149.176s][debug][gc,phases      ] GC(77) Reference Processing 0.106ms
[4149.176s][debug][gc,phases      ] GC(77)   VM Weak                        Min:  0.0, Avg:  0.0, Max:  0.0, Diff:  0.0, Sum:  0.0, Workers: 4
[4149.176s][debug][gc,phases      ] GC(77)     Dead                           Min: 0, Avg:  0.0, Max: 0, Diff: 0, Sum: 0, Workers: 4
[4149.176s][debug][gc,phases      ] GC(77)     Total                          Min: 0, Avg: 249.5, Max: 870, Diff: 870, Sum: 998, Workers: 4
[4149.176s][debug][gc,phases      ] GC(77)   ObjectSynchronizer Weak        Min:  0.0, Avg:  0.0, Max:  0.0, Diff:  0.0, Sum:  0.0, Workers: 4
[4149.176s][debug][gc,phases      ] GC(77)     Dead                           Min: 0, Avg:  0.0, Max: 0, Diff: 0, Sum: 0, Workers: 4
[4149.176s][debug][gc,phases      ] GC(77)     Total                          Min: 0, Avg:  0.8, Max: 3, Diff: 3, Sum: 3, Workers: 4
[4149.176s][debug][gc,phases      ] GC(77)   JVMTI Tag Weak OopStorage      Min:  0.0, Avg:  0.0, Max:  0.0, Diff:  0.0, Sum:  0.0, Workers: 4
[4149.176s][debug][gc,phases      ] GC(77)     Dead                           Min: 0, Avg:  0.0, Max: 0, Diff: 0, Sum: 0, Workers: 4
[4149.176s][debug][gc,phases      ] GC(77)     Total                          Min: 0, Avg:  0.0, Max: 0, Diff: 0, Sum: 0, Workers: 4
[4149.176s][debug][gc,phases      ] GC(77)   StringTable Weak               Min:  0.1, Avg:  0.1, Max:  0.1, Diff:  0.0, Sum:  0.4, Workers: 4
[4149.176s][debug][gc,phases      ] GC(77)     Dead                           Min: 0, Avg:  0.0, Max: 0, Diff: 0, Sum: 0, Workers: 4
[4149.176s][debug][gc,phases      ] GC(77)     Total                          Min: 11584, Avg: 11938.2, Max: 12288, Diff: 704, Sum: 47753, Workers: 4
[4149.176s][debug][gc,phases      ] GC(77)   ResolvedMethodTable Weak       Min:  0.0, Avg:  0.0, Max:  0.0, Diff:  0.0, Sum:  0.2, Workers: 4
[4149.176s][debug][gc,phases      ] GC(77)     Dead                           Min: 0, Avg:  4.0, Max: 11, Diff: 11, Sum: 16, Workers: 4
[4149.176s][debug][gc,phases      ] GC(77)     Total                          Min: 3712, Avg: 3915.8, Max: 4030, Diff: 318, Sum: 15663, Workers: 4
[4149.176s][debug][gc,phases      ] GC(77)   JNI Weak                       Min:  0.0, Avg:  0.0, Max:  0.0, Diff:  0.0, Sum:  0.0, Workers: 4
[4149.176s][debug][gc,phases      ] GC(77)     Dead                           Min: 0, Avg:  0.0, Max: 0, Diff: 0, Sum: 0, Workers: 4
[4149.176s][debug][gc,phases      ] GC(77)     Total                          Min: 0, Avg: 13.0, Max: 52, Diff: 52, Sum: 52, Workers: 4
[4149.176s][debug][gc,phases      ] GC(77)   StringDedup Table Weak         Min:  0.0, Avg:  0.0, Max:  0.0, Diff:  0.0, Sum:  0.0, Workers: 4
[4149.176s][debug][gc,phases      ] GC(77)     Dead                           Min: 0, Avg:  0.0, Max: 0, Diff: 0, Sum: 0, Workers: 4
[4149.176s][debug][gc,phases      ] GC(77)     Total                          Min: 0, Avg:  0.0, Max: 0, Diff: 0, Sum: 0, Workers: 4
[4149.176s][debug][gc,phases      ] GC(77)   StringDedup Requests0 Weak     Min:  0.0, Avg:  0.0, Max:  0.0, Diff:  0.0, Sum:  0.0, Workers: 4
[4149.176s][debug][gc,phases      ] GC(77)     Dead                           Min: 0, Avg:  0.0, Max: 0, Diff: 0, Sum: 0, Workers: 4
[4149.176s][debug][gc,phases      ] GC(77)     Total                          Min: 0, Avg:  0.0, Max: 0, Diff: 0, Sum: 0, Workers: 4
[4149.176s][debug][gc,phases      ] GC(77)   StringDedup Requests1 Weak     Min:  0.0, Avg:  0.0, Max:  0.0, Diff:  0.0, Sum:  0.0, Workers: 4
[4149.176s][debug][gc,phases      ] GC(77)     Dead                           Min: 0, Avg:  0.0, Max: 0, Diff: 0, Sum: 0, Workers: 4
[4149.176s][debug][gc,phases      ] GC(77)     Total                          Min: 0, Avg:  0.0, Max: 0, Diff: 0, Sum: 0, Workers: 4
[4149.176s][debug][gc,phases      ] GC(77)   Weak JFR Old Object Samples    Min:  0.0, Avg:  0.0, Max:  0.0, Diff:  0.0, Sum:  0.0, Workers: 4
[4149.176s][debug][gc,phases      ] GC(77)     Dead                           Min: 0, Avg:  0.0, Max: 0, Diff: 0, Sum: 0, Workers: 4
[4149.176s][debug][gc,phases      ] GC(77)     Total                          Min: 0, Avg:  0.0, Max: 0, Diff: 0, Sum: 0, Workers: 4
[4149.176s][debug][gc,phases      ] GC(77) Weak Processing 0.332ms
[4149.176s][debug][gc,age         ] GC(77) Desired survivor size 32505856 bytes, new threshold 1 (max threshold 15)
[4149.176s][info ][gc,heap        ] GC(77) PSYoungGen: 2029376K(2059776K)->5488K(2065408K) Eden: 2023936K(2023936K)->0K(2031616K) From: 5440K(35840K)->5488K(33792K)
[4149.176s][info ][gc,heap        ] GC(77) ParOldGen: 555351K(555520K)->556695K(557056K)
[4149.176s][info ][gc,metaspace   ] GC(77) Metaspace: 110867K(112192K)->110867K(112192K) NonClass: 94311K(95040K)->94311K(95040K) Class: 16555K(17152K)->16555K(17152K)
[4149.176s][info ][gc             ] GC(77) Pause Young (Allocation Failure) 2524M->549M(2561M) 4.929ms
[4149.176s][info ][gc,cpu         ] GC(77) User=0.01s Sys=0.00s Real=0.01s
[4149.176s][info ][safepoint      ] Safepoint "ParallelGCFailedAllocation", Time since last: 4858164515 ns, Reaching safepoint: 79799 ns, Cleanup: 3900 ns, At safepoint: 4999370 ns, Total: 5083069 ns
[4189.179s][info ][safepoint      ] Safepoint "Cleanup", Time since last: 40002776880 ns, Reaching safepoint: 5400 ns, Cleanup: 9400 ns, At safepoint: 2200 ns, Total: 17000 ns
[4192.179s][info ][safepoint      ] Safepoint "Cleanup", Time since last: 3000267379 ns, Reaching safepoint: 5400 ns, Cleanup: 12000 ns, At safepoint: 2200 ns, Total: 19600 ns
[4193.179s][info ][safepoint      ] Safepoint "Cleanup", Time since last: 1000112660 ns, Reaching safepoint: 5800 ns, Cleanup: 9500 ns, At safepoint: 2100 ns, Total: 17400 ns
[4198.976s][info ][gc,start       ] GC(78) Pause Young (Allocation Failure)
[4198.980s][debug][gc,phases      ] GC(78) Scavenge 4.201ms
[4198.981s][debug][gc,ref         ] GC(78) ReferenceProcessor::execute queues: 1, RefProcThreadModel::Single, marks_oops_alive: false
[4198.981s][debug][gc,ref         ] GC(78) Skipped KeepAliveFinalRefsPhase of Reference Processing: no references
[4198.981s][debug][gc,ref         ] GC(78) Skipped PhantomRefsPhase of Reference Processing: no references
[4198.981s][debug][gc,phases      ] GC(78) Reference Processing 0.121ms
[4198.981s][debug][gc,phases      ] GC(78)   VM Weak                        Min:  0.0, Avg:  0.0, Max:  0.0, Diff:  0.0, Sum:  0.0, Workers: 4
[4198.981s][debug][gc,phases      ] GC(78)     Dead                           Min: 0, Avg:  0.0, Max: 0, Diff: 0, Sum: 0, Workers: 4
[4198.981s][debug][gc,phases      ] GC(78)     Total                          Min: 0, Avg: 249.5, Max: 870, Diff: 870, Sum: 998, Workers: 4
[4198.981s][debug][gc,phases      ] GC(78)   ObjectSynchronizer Weak        Min:  0.0, Avg:  0.0, Max:  0.0, Diff:  0.0, Sum:  0.0, Workers: 4
[4198.981s][debug][gc,phases      ] GC(78)     Dead                           Min: 0, Avg:  0.0, Max: 0, Diff: 0, Sum: 0, Workers: 4
[4198.981s][debug][gc,phases      ] GC(78)     Total                          Min: 0, Avg:  1.0, Max: 4, Diff: 4, Sum: 4, Workers: 4
[4198.981s][debug][gc,phases      ] GC(78)   JVMTI Tag Weak OopStorage      Min:  0.0, Avg:  0.0, Max:  0.0, Diff:  0.0, Sum:  0.0, Workers: 4
[4198.981s][debug][gc,phases      ] GC(78)     Dead                           Min: 0, Avg:  0.0, Max: 0, Diff: 0, Sum: 0, Workers: 4
[4198.981s][debug][gc,phases      ] GC(78)     Total                          Min: 0, Avg:  0.0, Max: 0, Diff: 0, Sum: 0, Workers: 4
[4198.981s][debug][gc,phases      ] GC(78)   StringTable Weak               Min:  0.0, Avg:  0.1, Max:  0.1, Diff:  0.1, Sum:  0.3, Workers: 4
[4198.981s][debug][gc,phases      ] GC(78)     Dead                           Min: 0, Avg:  0.0, Max: 0, Diff: 0, Sum: 0, Workers: 4
[4198.981s][debug][gc,phases      ] GC(78)     Total                          Min: 0, Avg: 11938.2, Max: 20544, Diff: 20544, Sum: 47753, Workers: 4
[4198.981s][debug][gc,phases      ] GC(78)   ResolvedMethodTable Weak       Min:  0.0, Avg:  0.0, Max:  0.0, Diff:  0.0, Sum:  0.1, Workers: 4
[4198.981s][debug][gc,phases      ] GC(78)     Dead                           Min: 0, Avg:  4.0, Max: 16, Diff: 16, Sum: 16, Workers: 4
[4198.981s][debug][gc,phases      ] GC(78)     Total                          Min: 0, Avg: 3915.8, Max: 6581, Diff: 6581, Sum: 15663, Workers: 4
[4198.981s][debug][gc,phases      ] GC(78)   JNI Weak                       Min:  0.0, Avg:  0.0, Max:  0.0, Diff:  0.0, Sum:  0.0, Workers: 4
[4198.981s][debug][gc,phases      ] GC(78)     Dead                           Min: 0, Avg:  0.0, Max: 0, Diff: 0, Sum: 0, Workers: 4
[4198.981s][debug][gc,phases      ] GC(78)     Total                          Min: 0, Avg: 13.0, Max: 52, Diff: 52, Sum: 52, Workers: 4
[4198.981s][debug][gc,phases      ] GC(78)   StringDedup Table Weak         Min:  0.0, Avg:  0.0, Max:  0.0, Diff:  0.0, Sum:  0.0, Workers: 4
[4198.981s][debug][gc,phases      ] GC(78)     Dead                           Min: 0, Avg:  0.0, Max: 0, Diff: 0, Sum: 0, Workers: 4
[4198.981s][debug][gc,phases      ] GC(78)     Total                          Min: 0, Avg:  0.0, Max: 0, Diff: 0, Sum: 0, Workers: 4
[4198.981s][debug][gc,phases      ] GC(78)   StringDedup Requests0 Weak     Min:  0.0, Avg:  0.0, Max:  0.0, Diff:  0.0, Sum:  0.0, Workers: 4
[4198.981s][debug][gc,phases      ] GC(78)     Dead                           Min: 0, Avg:  0.0, Max: 0, Diff: 0, Sum: 0, Workers: 4
[4198.981s][debug][gc,phases      ] GC(78)     Total                          Min: 0, Avg:  0.0, Max: 0, Diff: 0, Sum: 0, Workers: 4
[4198.981s][debug][gc,phases      ] GC(78)   StringDedup Requests1 Weak     Min:  0.0, Avg:  0.0, Max:  0.0, Diff:  0.0, Sum:  0.0, Workers: 4
[4198.981s][debug][gc,phases      ] GC(78)     Dead                           Min: 0, Avg:  0.0, Max: 0, Diff: 0, Sum: 0, Workers: 4
[4198.981s][debug][gc,phases      ] GC(78)     Total                          Min: 0, Avg:  0.0, Max: 0, Diff: 0, Sum: 0, Workers: 4
[4198.981s][debug][gc,phases      ] GC(78)   Weak JFR Old Object Samples    Min:  0.0, Avg:  0.0, Max:  0.0, Diff:  0.0, Sum:  0.0, Workers: 4
[4198.981s][debug][gc,phases      ] GC(78)     Dead                           Min: 0, Avg:  0.0, Max: 0, Diff: 0, Sum: 0, Workers: 4
[4198.981s][debug][gc,phases      ] GC(78)     Total                          Min: 0, Avg:  0.0, Max: 0, Diff: 0, Sum: 0, Workers: 4
[4198.981s][debug][gc,phases      ] GC(78) Weak Processing 0.352ms
[4198.981s][debug][gc,age         ] GC(78) Desired survivor size 30932992 bytes, new threshold 1 (max threshold 15)
[4198.981s][info ][gc,heap        ] GC(78) PSYoungGen: 2037104K(2065408K)->5520K(2063360K) Eden: 2031616K(2031616K)->0K(2031616K) From: 5488K(33792K)->5520K(31744K)
[4198.981s][info ][gc,heap        ] GC(78) ParOldGen: 556695K(557056K)->558471K(558592K)
[4198.981s][info ][gc,metaspace   ] GC(78) Metaspace: 110878K(112192K)->110878K(112192K) NonClass: 94322K(95040K)->94322K(95040K) Class: 16555K(17152K)->16555K(17152K)
[4198.981s][info ][gc             ] GC(78) Pause Young (Allocation Failure) 2533M->550M(2560M) 4.791ms
[4198.981s][info ][gc,cpu         ] GC(78) User=0.01s Sys=0.00s Real=0.00s
[4198.981s][info ][safepoint      ] Safepoint "ParallelGCFailedAllocation", Time since last: 5797012480 ns, Reaching safepoint: 4700 ns, Cleanup: 3400 ns, At safepoint: 4851570 ns, Total: 4859670 ns
[4203.330s][info ][safepoint      ] Safepoint "Cleanup", Time since last: 4348863827 ns, Reaching safepoint: 5300 ns, Cleanup: 11100 ns, At safepoint: 1900 ns, Total: 18300 ns
[4205.330s][info ][safepoint      ] Safepoint "Cleanup", Time since last: 2000178450 ns, Reaching safepoint: 4900 ns, Cleanup: 9600 ns, At safepoint: 2000 ns, Total: 16500 ns
[4211.331s][info ][safepoint      ] Safepoint "Cleanup", Time since last: 6000459199 ns, Reaching safepoint: 5500 ns, Cleanup: 13900 ns, At safepoint: 2500 ns, Total: 21900 ns
[4216.331s][info ][safepoint      ] Safepoint "Cleanup", Time since last: 5000370610 ns, Reaching safepoint: 76800 ns, Cleanup: 9300 ns, At safepoint: 7199 ns, Total: 93299 ns
[4230.332s][info ][safepoint      ] Safepoint "Cleanup", Time since last: 14000995225 ns, Reaching safepoint: 6000 ns, Cleanup: 11800 ns, At safepoint: 1900 ns, Total: 19700 ns
[4231.332s][info ][safepoint      ] Safepoint "Cleanup", Time since last: 1000113885 ns, Reaching safepoint: 6300 ns, Cleanup: 12000 ns, At safepoint: 24600 ns, Total: 42900 ns
[4236.333s][info ][safepoint      ] Safepoint "Cleanup", Time since last: 5000425539 ns, Reaching safepoint: 6300 ns, Cleanup: 9300 ns, At safepoint: 2400 ns, Total: 18000 ns
[4241.272s][info ][gc,start       ] GC(79) Pause Young (Allocation Failure)
[4241.277s][debug][gc,phases      ] GC(79) Scavenge 5.070ms
[4241.277s][debug][gc,ref         ] GC(79) ReferenceProcessor::execute queues: 1, RefProcThreadModel::Single, marks_oops_alive: false
[4241.277s][debug][gc,ref         ] GC(79) Skipped KeepAliveFinalRefsPhase of Reference Processing: no references
[4241.277s][debug][gc,ref         ] GC(79) ReferenceProcessor::execute queues: 1, RefProcThreadModel::Single, marks_oops_alive: false
[4241.277s][debug][gc,phases      ] GC(79) Reference Processing 0.099ms
[4241.278s][debug][gc,phases      ] GC(79)   VM Weak                        Min:  0.0, Avg:  0.0, Max:  0.0, Diff:  0.0, Sum:  0.0, Workers: 4
[4241.278s][debug][gc,phases      ] GC(79)     Dead                           Min: 0, Avg:  0.0, Max: 0, Diff: 0, Sum: 0, Workers: 4
[4241.278s][debug][gc,phases      ] GC(79)     Total                          Min: 0, Avg: 249.5, Max: 998, Diff: 998, Sum: 998, Workers: 4
[4241.278s][debug][gc,phases      ] GC(79)   ObjectSynchronizer Weak        Min:  0.0, Avg:  0.0, Max:  0.0, Diff:  0.0, Sum:  0.0, Workers: 4
[4241.278s][debug][gc,phases      ] GC(79)     Dead                           Min: 0, Avg:  0.0, Max: 0, Diff: 0, Sum: 0, Workers: 4
[4241.278s][debug][gc,phases      ] GC(79)     Total                          Min: 0, Avg:  1.0, Max: 4, Diff: 4, Sum: 4, Workers: 4
[4241.278s][debug][gc,phases      ] GC(79)   JVMTI Tag Weak OopStorage      Min:  0.0, Avg:  0.0, Max:  0.0, Diff:  0.0, Sum:  0.0, Workers: 4
[4241.278s][debug][gc,phases      ] GC(79)     Dead                           Min: 0, Avg:  0.0, Max: 0, Diff: 0, Sum: 0, Workers: 4
[4241.278s][debug][gc,phases      ] GC(79)     Total                          Min: 0, Avg:  0.0, Max: 0, Diff: 0, Sum: 0, Workers: 4
[4241.278s][debug][gc,phases      ] GC(79)   StringTable Weak               Min:  0.0, Avg:  0.1, Max:  0.1, Diff:  0.1, Sum:  0.4, Workers: 4
[4241.278s][debug][gc,phases      ] GC(79)     Dead                           Min: 0, Avg:  0.0, Max: 0, Diff: 0, Sum: 0, Workers: 4
[4241.278s][debug][gc,phases      ] GC(79)     Total                          Min: 0, Avg: 11938.5, Max: 19850, Diff: 19850, Sum: 47754, Workers: 4
[4241.278s][debug][gc,phases      ] GC(79)   ResolvedMethodTable Weak       Min:  0.0, Avg:  0.0, Max:  0.0, Diff:  0.0, Sum:  0.1, Workers: 4
[4241.278s][debug][gc,phases      ] GC(79)     Dead                           Min: 0, Avg:  4.0, Max: 12, Diff: 12, Sum: 16, Workers: 4
[4241.278s][debug][gc,phases      ] GC(79)     Total                          Min: 0, Avg: 3915.8, Max: 6701, Diff: 6701, Sum: 15663, Workers: 4
[4241.278s][debug][gc,phases      ] GC(79)   JNI Weak                       Min:  0.0, Avg:  0.0, Max:  0.0, Diff:  0.0, Sum:  0.0, Workers: 4
[4241.278s][debug][gc,phases      ] GC(79)     Dead                           Min: 0, Avg:  0.0, Max: 0, Diff: 0, Sum: 0, Workers: 4
[4241.278s][debug][gc,phases      ] GC(79)     Total                          Min: 0, Avg: 13.2, Max: 53, Diff: 53, Sum: 53, Workers: 4
[4241.278s][debug][gc,phases      ] GC(79)   StringDedup Table Weak         Min:  0.0, Avg:  0.0, Max:  0.0, Diff:  0.0, Sum:  0.0, Workers: 4
[4241.278s][debug][gc,phases      ] GC(79)     Dead                           Min: 0, Avg:  0.0, Max: 0, Diff: 0, Sum: 0, Workers: 4
[4241.278s][debug][gc,phases      ] GC(79)     Total                          Min: 0, Avg:  0.0, Max: 0, Diff: 0, Sum: 0, Workers: 4
[4241.278s][debug][gc,phases      ] GC(79)   StringDedup Requests0 Weak     Min:  0.0, Avg:  0.0, Max:  0.0, Diff:  0.0, Sum:  0.0, Workers: 4
[4241.278s][debug][gc,phases      ] GC(79)     Dead                           Min: 0, Avg:  0.0, Max: 0, Diff: 0, Sum: 0, Workers: 4
[4241.278s][debug][gc,phases      ] GC(79)     Total                          Min: 0, Avg:  0.0, Max: 0, Diff: 0, Sum: 0, Workers: 4
[4241.278s][debug][gc,phases      ] GC(79)   StringDedup Requests1 Weak     Min:  0.0, Avg:  0.0, Max:  0.0, Diff:  0.0, Sum:  0.0, Workers: 4
[4241.278s][debug][gc,phases      ] GC(79)     Dead                           Min: 0, Avg:  0.0, Max: 0, Diff: 0, Sum: 0, Workers: 4
[4241.278s][debug][gc,phases      ] GC(79)     Total                          Min: 0, Avg:  0.0, Max: 0, Diff: 0, Sum: 0, Workers: 4
[4241.278s][debug][gc,phases      ] GC(79)   Weak JFR Old Object Samples    Min:  0.0, Avg:  0.0, Max:  0.0, Diff:  0.0, Sum:  0.0, Workers: 4
[4241.278s][debug][gc,phases      ] GC(79)     Dead                           Min: 0, Avg:  0.0, Max: 0, Diff: 0, Sum: 0, Workers: 4
[4241.278s][debug][gc,phases      ] GC(79)     Total                          Min: 0, Avg:  0.0, Max: 0, Diff: 0, Sum: 0, Workers: 4
[4241.278s][debug][gc,phases      ] GC(79) Weak Processing 0.353ms
[4241.278s][debug][gc,age         ] GC(79) Desired survivor size 28835840 bytes, new threshold 1 (max threshold 15)
[4241.278s][info ][gc,heap        ] GC(79) PSYoungGen: 2037136K(2063360K)->7728K(2068992K) Eden: 2031616K(2031616K)->0K(2038784K) From: 5520K(31744K)->7728K(30208K)
[4241.278s][info ][gc,heap        ] GC(79) ParOldGen: 558471K(558592K)->560204K(560640K)
[4241.278s][info ][gc,metaspace   ] GC(79) Metaspace: 110892K(112192K)->110892K(112192K) NonClass: 94335K(95040K)->94335K(95040K) Class: 16556K(17152K)->16556K(17152K)
[4241.278s][info ][gc             ] GC(79) Pause Young (Allocation Failure) 2534M->554M(2568M) 5.635ms
[4241.278s][info ][gc,cpu         ] GC(79) User=0.02s Sys=0.00s Real=0.01s
[4241.278s][info ][safepoint      ] Safepoint "ParallelGCFailedAllocation", Time since last: 4939448208 ns, Reaching safepoint: 81699 ns, Cleanup: 4200 ns, At safepoint: 5725064 ns, Total: 5810963 ns
[4242.278s][info ][safepoint      ] Safepoint "Cleanup", Time since last: 1000089930 ns, Reaching safepoint: 5800 ns, Cleanup: 9400 ns, At safepoint: 1900 ns, Total: 17100 ns
[4248.279s][info ][safepoint      ] Safepoint "Cleanup", Time since last: 6000453248 ns, Reaching safepoint: 6000 ns, Cleanup: 12400 ns, At safepoint: 2000 ns, Total: 20400 ns
[4265.347s][info ][safepoint      ] Safepoint "Cleanup", Time since last: 17068449829 ns, Reaching safepoint: 7200 ns, Cleanup: 10900 ns, At safepoint: 26700 ns, Total: 44800 ns
[4284.668s][info ][gc,start       ] GC(80) Pause Young (Allocation Failure)
[4284.674s][debug][gc,phases      ] GC(80) Scavenge 5.894ms
[4284.674s][debug][gc,ref         ] GC(80) ReferenceProcessor::execute queues: 1, RefProcThreadModel::Single, marks_oops_alive: false
[4284.674s][debug][gc,ref         ] GC(80) Skipped KeepAliveFinalRefsPhase of Reference Processing: no references
[4284.674s][debug][gc,ref         ] GC(80) ReferenceProcessor::execute queues: 1, RefProcThreadModel::Single, marks_oops_alive: false
[4284.674s][debug][gc,phases      ] GC(80) Reference Processing 0.100ms
[4284.674s][debug][gc,phases      ] GC(80)   VM Weak                        Min:  0.0, Avg:  0.0, Max:  0.0, Diff:  0.0, Sum:  0.0, Workers: 4
[4284.674s][debug][gc,phases      ] GC(80)     Dead                           Min: 0, Avg:  0.0, Max: 0, Diff: 0, Sum: 0, Workers: 4
[4284.674s][debug][gc,phases      ] GC(80)     Total                          Min: 0, Avg: 249.5, Max: 614, Diff: 614, Sum: 998, Workers: 4
[4284.674s][debug][gc,phases      ] GC(80)   ObjectSynchronizer Weak        Min:  0.0, Avg:  0.0, Max:  0.0, Diff:  0.0, Sum:  0.0, Workers: 4
[4284.674s][debug][gc,phases      ] GC(80)     Dead                           Min: 0, Avg:  0.0, Max: 0, Diff: 0, Sum: 0, Workers: 4
[4284.674s][debug][gc,phases      ] GC(80)     Total                          Min: 0, Avg:  1.0, Max: 4, Diff: 4, Sum: 4, Workers: 4
[4284.674s][debug][gc,phases      ] GC(80)   JVMTI Tag Weak OopStorage      Min:  0.0, Avg:  0.0, Max:  0.0, Diff:  0.0, Sum:  0.0, Workers: 4
[4284.674s][debug][gc,phases      ] GC(80)     Dead                           Min: 0, Avg:  0.0, Max: 0, Diff: 0, Sum: 0, Workers: 4
[4284.674s][debug][gc,phases      ] GC(80)     Total                          Min: 0, Avg:  0.0, Max: 0, Diff: 0, Sum: 0, Workers: 4
[4284.674s][debug][gc,phases      ] GC(80)   StringTable Weak               Min:  0.0, Avg:  0.1, Max:  0.1, Diff:  0.1, Sum:  0.4, Workers: 4
[4284.674s][debug][gc,phases      ] GC(80)     Dead                           Min: 0, Avg:  0.0, Max: 0, Diff: 0, Sum: 0, Workers: 4
[4284.674s][debug][gc,phases      ] GC(80)     Total                          Min: 0, Avg: 11938.5, Max: 21184, Diff: 21184, Sum: 47754, Workers: 4
[4284.674s][debug][gc,phases      ] GC(80)   ResolvedMethodTable Weak       Min:  0.0, Avg:  0.0, Max:  0.0, Diff:  0.0, Sum:  0.1, Workers: 4
[4284.674s][debug][gc,phases      ] GC(80)     Dead                           Min: 0, Avg:  4.0, Max: 9, Diff: 9, Sum: 16, Workers: 4
[4284.674s][debug][gc,phases      ] GC(80)     Total                          Min: 0, Avg: 3915.8, Max: 6738, Diff: 6738, Sum: 15663, Workers: 4
[4284.674s][debug][gc,phases      ] GC(80)   JNI Weak                       Min:  0.0, Avg:  0.0, Max:  0.0, Diff:  0.0, Sum:  0.0, Workers: 4
[4284.674s][debug][gc,phases      ] GC(80)     Dead                           Min: 0, Avg:  0.0, Max: 0, Diff: 0, Sum: 0, Workers: 4
[4284.674s][debug][gc,phases      ] GC(80)     Total                          Min: 0, Avg: 13.0, Max: 52, Diff: 52, Sum: 52, Workers: 4
[4284.674s][debug][gc,phases      ] GC(80)   StringDedup Table Weak         Min:  0.0, Avg:  0.0, Max:  0.0, Diff:  0.0, Sum:  0.0, Workers: 4
[4284.674s][debug][gc,phases      ] GC(80)     Dead                           Min: 0, Avg:  0.0, Max: 0, Diff: 0, Sum: 0, Workers: 4
[4284.674s][debug][gc,phases      ] GC(80)     Total                          Min: 0, Avg:  0.0, Max: 0, Diff: 0, Sum: 0, Workers: 4
[4284.674s][debug][gc,phases      ] GC(80)   StringDedup Requests0 Weak     Min:  0.0, Avg:  0.0, Max:  0.0, Diff:  0.0, Sum:  0.0, Workers: 4
[4284.674s][debug][gc,phases      ] GC(80)     Dead                           Min: 0, Avg:  0.0, Max: 0, Diff: 0, Sum: 0, Workers: 4
[4284.674s][debug][gc,phases      ] GC(80)     Total                          Min: 0, Avg:  0.0, Max: 0, Diff: 0, Sum: 0, Workers: 4
[4284.674s][debug][gc,phases      ] GC(80)   StringDedup Requests1 Weak     Min:  0.0, Avg:  0.0, Max:  0.0, Diff:  0.0, Sum:  0.0, Workers: 4
[4284.674s][debug][gc,phases      ] GC(80)     Dead                           Min: 0, Avg:  0.0, Max: 0, Diff: 0, Sum: 0, Workers: 4
[4284.674s][debug][gc,phases      ] GC(80)     Total                          Min: 0, Avg:  0.0, Max: 0, Diff: 0, Sum: 0, Workers: 4
[4284.674s][debug][gc,phases      ] GC(80)   Weak JFR Old Object Samples    Min:  0.0, Avg:  0.0, Max:  0.0, Diff:  0.0, Sum:  0.0, Workers: 4
[4284.674s][debug][gc,phases      ] GC(80)     Dead                           Min: 0, Avg:  0.0, Max: 0, Diff: 0, Sum: 0, Workers: 4
[4284.674s][debug][gc,phases      ] GC(80)     Total                          Min: 0, Avg:  0.0, Max: 0, Diff: 0, Sum: 0, Workers: 4
[4284.674s][debug][gc,phases      ] GC(80) Weak Processing 0.350ms
[4284.674s][debug][gc,age         ] GC(80) Desired survivor size 27262976 bytes, new threshold 1 (max threshold 15)
[4284.674s][info ][gc,heap        ] GC(80) PSYoungGen: 2046512K(2068992K)->7472K(2066944K) Eden: 2038784K(2038784K)->0K(2038784K) From: 7728K(30208K)->7472K(28160K)
[4284.674s][info ][gc,heap        ] GC(80) ParOldGen: 560204K(560640K)->563840K(564224K)
[4284.674s][info ][gc,metaspace   ] GC(80) Metaspace: 110898K(112192K)->110898K(112192K) NonClass: 94342K(95040K)->94342K(95040K) Class: 16556K(17152K)->16556K(17152K)
[4284.674s][info ][gc             ] GC(80) Pause Young (Allocation Failure) 2545M->557M(2569M) 6.454ms
[4284.674s][info ][gc,cpu         ] GC(80) User=0.03s Sys=0.00s Real=0.00s
[4284.674s][info ][safepoint      ] Safepoint "ParallelGCFailedAllocation", Time since last: 19320812587 ns, Reaching safepoint: 5400 ns, Cleanup: 3700 ns, At safepoint: 6522656 ns, Total: 6531756 ns
[4287.675s][info ][safepoint      ] Safepoint "Cleanup", Time since last: 3000202454 ns, Reaching safepoint: 90399 ns, Cleanup: 8400 ns, At safepoint: 5100 ns, Total: 103899 ns
[4302.676s][info ][safepoint      ] Safepoint "Cleanup", Time since last: 15001065315 ns, Reaching safepoint: 77000 ns, Cleanup: 9400 ns, At safepoint: 5399 ns, Total: 91799 ns
[4303.676s][info ][safepoint      ] Safepoint "Cleanup", Time since last: 1000100087 ns, Reaching safepoint: 77599 ns, Cleanup: 7300 ns, At safepoint: 5700 ns, Total: 90599 ns
[4305.676s][info ][safepoint      ] Safepoint "Cleanup", Time since last: 2000174873 ns, Reaching safepoint: 81200 ns, Cleanup: 9099 ns, At safepoint: 6300 ns, Total: 96599 ns
[4307.677s][info ][safepoint      ] Safepoint "Cleanup", Time since last: 2000170521 ns, Reaching safepoint: 76099 ns, Cleanup: 10800 ns, At safepoint: 5700 ns, Total: 92599 ns
[4309.677s][info ][safepoint      ] Safepoint "Cleanup", Time since last: 2000176233 ns, Reaching safepoint: 5700 ns, Cleanup: 10900 ns, At safepoint: 2100 ns, Total: 18700 ns
[4311.677s][info ][safepoint      ] Safepoint "Cleanup", Time since last: 2000186733 ns, Reaching safepoint: 5200 ns, Cleanup: 8700 ns, At safepoint: 2000 ns, Total: 15900 ns
[4315.677s][info ][safepoint      ] Safepoint "Cleanup", Time since last: 4000298586 ns, Reaching safepoint: 4800 ns, Cleanup: 13600 ns, At safepoint: 1900 ns, Total: 20300 ns
[4318.678s][info ][safepoint      ] Safepoint "Cleanup", Time since last: 3000235597 ns, Reaching safepoint: 4700 ns, Cleanup: 13200 ns, At safepoint: 1600 ns, Total: 19500 ns
[4325.364s][info ][safepoint      ] Safepoint "Cleanup", Time since last: 6686812856 ns, Reaching safepoint: 7000 ns, Cleanup: 10600 ns, At safepoint: 22400 ns, Total: 40000 ns
[4331.322s][info ][gc,start       ] GC(81) Pause Young (Allocation Failure)
[4331.327s][debug][gc,phases      ] GC(81) Scavenge 5.497ms
[4331.328s][debug][gc,ref         ] GC(81) ReferenceProcessor::execute queues: 1, RefProcThreadModel::Single, marks_oops_alive: false
[4331.328s][debug][gc,ref         ] GC(81) Skipped KeepAliveFinalRefsPhase of Reference Processing: no references
[4331.328s][debug][gc,ref         ] GC(81) Skipped PhantomRefsPhase of Reference Processing: no references
[4331.328s][debug][gc,phases      ] GC(81) Reference Processing 0.117ms
[4331.328s][debug][gc,phases      ] GC(81)   VM Weak                        Min:  0.0, Avg:  0.0, Max:  0.0, Diff:  0.0, Sum:  0.0, Workers: 4
[4331.328s][debug][gc,phases      ] GC(81)     Dead                           Min: 0, Avg:  0.0, Max: 0, Diff: 0, Sum: 0, Workers: 4
[4331.328s][debug][gc,phases      ] GC(81)     Total                          Min: 0, Avg: 249.5, Max: 806, Diff: 806, Sum: 998, Workers: 4
[4331.328s][debug][gc,phases      ] GC(81)   ObjectSynchronizer Weak        Min:  0.0, Avg:  0.0, Max:  0.0, Diff:  0.0, Sum:  0.0, Workers: 4
[4331.328s][debug][gc,phases      ] GC(81)     Dead                           Min: 0, Avg:  0.0, Max: 0, Diff: 0, Sum: 0, Workers: 4
[4331.328s][debug][gc,phases      ] GC(81)     Total                          Min: 0, Avg:  1.0, Max: 4, Diff: 4, Sum: 4, Workers: 4
[4331.328s][debug][gc,phases      ] GC(81)   JVMTI Tag Weak OopStorage      Min:  0.0, Avg:  0.0, Max:  0.0, Diff:  0.0, Sum:  0.0, Workers: 4
[4331.328s][debug][gc,phases      ] GC(81)     Dead                           Min: 0, Avg:  0.0, Max: 0, Diff: 0, Sum: 0, Workers: 4
[4331.328s][debug][gc,phases      ] GC(81)     Total                          Min: 0, Avg:  0.0, Max: 0, Diff: 0, Sum: 0, Workers: 4
[4331.328s][debug][gc,phases      ] GC(81)   StringTable Weak               Min:  0.0, Avg:  0.1, Max:  0.1, Diff:  0.1, Sum:  0.4, Workers: 4
[4331.328s][debug][gc,phases      ] GC(81)     Dead                           Min: 0, Avg:  0.0, Max: 0, Diff: 0, Sum: 0, Workers: 4
[4331.328s][debug][gc,phases      ] GC(81)     Total                          Min: 0, Avg: 11938.5, Max: 21578, Diff: 21578, Sum: 47754, Workers: 4
[4331.328s][debug][gc,phases      ] GC(81)   ResolvedMethodTable Weak       Min:  0.0, Avg:  0.0, Max:  0.0, Diff:  0.0, Sum:  0.1, Workers: 4
[4331.328s][debug][gc,phases      ] GC(81)     Dead                           Min: 0, Avg:  4.0, Max: 13, Diff: 13, Sum: 16, Workers: 4
[4331.328s][debug][gc,phases      ] GC(81)     Total                          Min: 0, Avg: 3915.8, Max: 6885, Diff: 6885, Sum: 15663, Workers: 4
[4331.328s][debug][gc,phases      ] GC(81)   JNI Weak                       Min:  0.0, Avg:  0.0, Max:  0.0, Diff:  0.0, Sum:  0.0, Workers: 4
[4331.328s][debug][gc,phases      ] GC(81)     Dead                           Min: 0, Avg:  0.0, Max: 0, Diff: 0, Sum: 0, Workers: 4
[4331.328s][debug][gc,phases      ] GC(81)     Total                          Min: 0, Avg: 13.0, Max: 52, Diff: 52, Sum: 52, Workers: 4
[4331.328s][debug][gc,phases      ] GC(81)   StringDedup Table Weak         Min:  0.0, Avg:  0.0, Max:  0.0, Diff:  0.0, Sum:  0.0, Workers: 4
[4331.328s][debug][gc,phases      ] GC(81)     Dead                           Min: 0, Avg:  0.0, Max: 0, Diff: 0, Sum: 0, Workers: 4
[4331.328s][debug][gc,phases      ] GC(81)     Total                          Min: 0, Avg:  0.0, Max: 0, Diff: 0, Sum: 0, Workers: 4
[4331.328s][debug][gc,phases      ] GC(81)   StringDedup Requests0 Weak     Min:  0.0, Avg:  0.0, Max:  0.0, Diff:  0.0, Sum:  0.0, Workers: 4
[4331.328s][debug][gc,phases      ] GC(81)     Dead                           Min: 0, Avg:  0.0, Max: 0, Diff: 0, Sum: 0, Workers: 4
[4331.328s][debug][gc,phases      ] GC(81)     Total                          Min: 0, Avg:  0.0, Max: 0, Diff: 0, Sum: 0, Workers: 4
[4331.328s][debug][gc,phases      ] GC(81)   StringDedup Requests1 Weak     Min:  0.0, Avg:  0.0, Max:  0.0, Diff:  0.0, Sum:  0.0, Workers: 4
[4331.328s][debug][gc,phases      ] GC(81)     Dead                           Min: 0, Avg:  0.0, Max: 0, Diff: 0, Sum: 0, Workers: 4
[4331.328s][debug][gc,phases      ] GC(81)     Total                          Min: 0, Avg:  0.0, Max: 0, Diff: 0, Sum: 0, Workers: 4
[4331.328s][debug][gc,phases      ] GC(81)   Weak JFR Old Object Samples    Min:  0.0, Avg:  0.0, Max:  0.0, Diff:  0.0, Sum:  0.0, Workers: 4
[4331.328s][debug][gc,phases      ] GC(81)     Dead                           Min: 0, Avg:  0.0, Max: 0, Diff: 0, Sum: 0, Workers: 4
[4331.328s][debug][gc,phases      ] GC(81)     Total                          Min: 0, Avg:  0.0, Max: 0, Diff: 0, Sum: 0, Workers: 4
[4331.328s][debug][gc,phases      ] GC(81) Weak Processing 0.357ms
[4331.328s][debug][gc,age         ] GC(81) Desired survivor size 25690112 bytes, new threshold 1 (max threshold 15)
[4331.328s][info ][gc,heap        ] GC(81) PSYoungGen: 2046256K(2066944K)->6038K(2072064K) Eden: 2038784K(2038784K)->0K(2045440K) From: 7472K(28160K)->6038K(26624K)
[4331.328s][info ][gc,heap        ] GC(81) ParOldGen: 563840K(564224K)->567609K(567808K)
[4331.328s][info ][gc,metaspace   ] GC(81) Metaspace: 110900K(112192K)->110900K(112192K) NonClass: 94343K(95040K)->94343K(95040K) Class: 16556K(17152K)->16556K(17152K)
[4331.328s][info ][gc             ] GC(81) Pause Young (Allocation Failure) 2548M->560M(2578M) 6.078ms
[4331.328s][info ][gc,cpu         ] GC(81) User=0.02s Sys=0.01s Real=0.01s
[4331.328s][info ][safepoint      ] Safepoint "ParallelGCFailedAllocation", Time since last: 5957442352 ns, Reaching safepoint: 80699 ns, Cleanup: 3400 ns, At safepoint: 6151460 ns, Total: 6235559 ns
[4334.328s][info ][safepoint      ] Safepoint "Cleanup", Time since last: 3000268399 ns, Reaching safepoint: 5900 ns, Cleanup: 9200 ns, At safepoint: 2000 ns, Total: 17100 ns
[4338.329s][info ][safepoint      ] Safepoint "Cleanup", Time since last: 4000338843 ns, Reaching safepoint: 5400 ns, Cleanup: 8200 ns, At safepoint: 1900 ns, Total: 15500 ns
[4342.329s][info ][safepoint      ] Safepoint "Cleanup", Time since last: 4000313663 ns, Reaching safepoint: 5500 ns, Cleanup: 9500 ns, At safepoint: 2400 ns, Total: 17400 ns
[4343.329s][info ][safepoint      ] Safepoint "Cleanup", Time since last: 1000108515 ns, Reaching safepoint: 6200 ns, Cleanup: 11200 ns, At safepoint: 2100 ns, Total: 19500 ns
[4346.329s][info ][safepoint      ] Safepoint "Cleanup", Time since last: 3000237939 ns, Reaching safepoint: 5200 ns, Cleanup: 8900 ns, At safepoint: 2600 ns, Total: 16700 ns
[4348.330s][info ][safepoint      ] Safepoint "Cleanup", Time since last: 2000186276 ns, Reaching safepoint: 4600 ns, Cleanup: 8100 ns, At safepoint: 2200 ns, Total: 14900 ns
[4349.330s][info ][safepoint      ] Safepoint "Cleanup", Time since last: 1000106609 ns, Reaching safepoint: 5200 ns, Cleanup: 9900 ns, At safepoint: 2100 ns, Total: 17200 ns
[4351.330s][info ][safepoint      ] Safepoint "Cleanup", Time since last: 2000177793 ns, Reaching safepoint: 4500 ns, Cleanup: 18100 ns, At safepoint: 1800 ns, Total: 24400 ns
[4352.330s][info ][safepoint      ] Safepoint "Cleanup", Time since last: 1000125396 ns, Reaching safepoint: 5400 ns, Cleanup: 10100 ns, At safepoint: 2300 ns, Total: 17800 ns
[4355.330s][info ][safepoint      ] Safepoint "Cleanup", Time since last: 3000250198 ns, Reaching safepoint: 6000 ns, Cleanup: 10800 ns, At safepoint: 2300 ns, Total: 19100 ns
[4364.331s][info ][safepoint      ] Safepoint "Cleanup", Time since last: 9000685697 ns, Reaching safepoint: 5800 ns, Cleanup: 9000 ns, At safepoint: 2300 ns, Total: 17100 ns
[4378.329s][info ][gc,start       ] GC(82) Pause Young (Allocation Failure)
[4378.334s][debug][gc,phases      ] GC(82) Scavenge 4.995ms
[4378.334s][debug][gc,ref         ] GC(82) ReferenceProcessor::execute queues: 1, RefProcThreadModel::Single, marks_oops_alive: false
[4378.334s][debug][gc,ref         ] GC(82) Skipped KeepAliveFinalRefsPhase of Reference Processing: no references
[4378.334s][debug][gc,ref         ] GC(82) ReferenceProcessor::execute queues: 1, RefProcThreadModel::Single, marks_oops_alive: false
[4378.334s][debug][gc,phases      ] GC(82) Reference Processing 0.099ms
[4378.335s][debug][gc,phases      ] GC(82)   VM Weak                        Min:  0.0, Avg:  0.0, Max:  0.0, Diff:  0.0, Sum:  0.0, Workers: 4
[4378.335s][debug][gc,phases      ] GC(82)     Dead                           Min: 0, Avg:  0.0, Max: 0, Diff: 0, Sum: 0, Workers: 4
[4378.335s][debug][gc,phases      ] GC(82)     Total                          Min: 0, Avg: 249.5, Max: 998, Diff: 998, Sum: 998, Workers: 4
[4378.335s][debug][gc,phases      ] GC(82)   ObjectSynchronizer Weak        Min:  0.0, Avg:  0.0, Max:  0.0, Diff:  0.0, Sum:  0.0, Workers: 4
[4378.335s][debug][gc,phases      ] GC(82)     Dead                           Min: 0, Avg:  0.0, Max: 0, Diff: 0, Sum: 0, Workers: 4
[4378.335s][debug][gc,phases      ] GC(82)     Total                          Min: 0, Avg:  1.0, Max: 4, Diff: 4, Sum: 4, Workers: 4
[4378.335s][debug][gc,phases      ] GC(82)   JVMTI Tag Weak OopStorage      Min:  0.0, Avg:  0.0, Max:  0.0, Diff:  0.0, Sum:  0.0, Workers: 4
[4378.335s][debug][gc,phases      ] GC(82)     Dead                           Min: 0, Avg:  0.0, Max: 0, Diff: 0, Sum: 0, Workers: 4
[4378.335s][debug][gc,phases      ] GC(82)     Total                          Min: 0, Avg:  0.0, Max: 0, Diff: 0, Sum: 0, Workers: 4
[4378.335s][debug][gc,phases      ] GC(82)   StringTable Weak               Min:  0.0, Avg:  0.1, Max:  0.2, Diff:  0.2, Sum:  0.5, Workers: 4
[4378.335s][debug][gc,phases      ] GC(82)     Dead                           Min: 0, Avg:  0.0, Max: 0, Diff: 0, Sum: 0, Workers: 4
[4378.335s][debug][gc,phases      ] GC(82)     Total                          Min: 0, Avg: 11938.5, Max: 17536, Diff: 17536, Sum: 47754, Workers: 4
[4378.335s][debug][gc,phases      ] GC(82)   ResolvedMethodTable Weak       Min:  0.0, Avg:  0.0, Max:  0.0, Diff:  0.0, Sum:  0.1, Workers: 4
[4378.335s][debug][gc,phases      ] GC(82)     Dead                           Min: 0, Avg:  4.0, Max: 16, Diff: 16, Sum: 16, Workers: 4
[4378.335s][debug][gc,phases      ] GC(82)     Total                          Min: 0, Avg: 3915.8, Max: 6766, Diff: 6766, Sum: 15663, Workers: 4
[4378.335s][debug][gc,phases      ] GC(82)   JNI Weak                       Min:  0.0, Avg:  0.0, Max:  0.0, Diff:  0.0, Sum:  0.0, Workers: 4
[4378.335s][debug][gc,phases      ] GC(82)     Dead                           Min: 0, Avg:  0.0, Max: 0, Diff: 0, Sum: 0, Workers: 4
[4378.335s][debug][gc,phases      ] GC(82)     Total                          Min: 0, Avg: 13.0, Max: 52, Diff: 52, Sum: 52, Workers: 4
[4378.335s][debug][gc,phases      ] GC(82)   StringDedup Table Weak         Min:  0.0, Avg:  0.0, Max:  0.0, Diff:  0.0, Sum:  0.0, Workers: 4
[4378.335s][debug][gc,phases      ] GC(82)     Dead                           Min: 0, Avg:  0.0, Max: 0, Diff: 0, Sum: 0, Workers: 4
[4378.335s][debug][gc,phases      ] GC(82)     Total                          Min: 0, Avg:  0.0, Max: 0, Diff: 0, Sum: 0, Workers: 4
[4378.335s][debug][gc,phases      ] GC(82)   StringDedup Requests0 Weak     Min:  0.0, Avg:  0.0, Max:  0.0, Diff:  0.0, Sum:  0.0, Workers: 4
[4378.335s][debug][gc,phases      ] GC(82)     Dead                           Min: 0, Avg:  0.0, Max: 0, Diff: 0, Sum: 0, Workers: 4
[4378.335s][debug][gc,phases      ] GC(82)     Total                          Min: 0, Avg:  0.0, Max: 0, Diff: 0, Sum: 0, Workers: 4
[4378.335s][debug][gc,phases      ] GC(82)   StringDedup Requests1 Weak     Min:  0.0, Avg:  0.0, Max:  0.0, Diff:  0.0, Sum:  0.0, Workers: 4
[4378.335s][debug][gc,phases      ] GC(82)     Dead                           Min: 0, Avg:  0.0, Max: 0, Diff: 0, Sum: 0, Workers: 4
[4378.335s][debug][gc,phases      ] GC(82)     Total                          Min: 0, Avg:  0.0, Max: 0, Diff: 0, Sum: 0, Workers: 4
[4378.335s][debug][gc,phases      ] GC(82)   Weak JFR Old Object Samples    Min:  0.0, Avg:  0.0, Max:  0.0, Diff:  0.0, Sum:  0.0, Workers: 4
[4378.335s][debug][gc,phases      ] GC(82)     Dead                           Min: 0, Avg:  0.0, Max: 0, Diff: 0, Sum: 0, Workers: 4
[4378.335s][debug][gc,phases      ] GC(82)     Total                          Min: 0, Avg:  0.0, Max: 0, Diff: 0, Sum: 0, Workers: 4
[4378.335s][debug][gc,phases      ] GC(82) Weak Processing 0.416ms
[4378.335s][debug][gc,age         ] GC(82) Desired survivor size 24117248 bytes, new threshold 1 (max threshold 15)
[4378.335s][info ][gc,heap        ] GC(82) PSYoungGen: 2051478K(2072064K)->6481K(2070528K) Eden: 2045440K(2045440K)->0K(2045440K) From: 6038K(26624K)->6481K(25088K)
[4378.335s][info ][gc,heap        ] GC(82) ParOldGen: 567609K(567808K)->569259K(569344K)
[4378.335s][info ][gc,metaspace   ] GC(82) Metaspace: 110916K(112320K)->110916K(112320K) NonClass: 94359K(95168K)->94359K(95168K) Class: 16556K(17152K)->16556K(17152K)
[4378.335s][info ][gc             ] GC(82) Pause Young (Allocation Failure) 2557M->562M(2578M) 5.631ms
[4378.335s][info ][gc,cpu         ] GC(82) User=0.02s Sys=0.00s Real=0.01s
[4378.335s][info ][safepoint      ] Safepoint "ParallelGCFailedAllocation", Time since last: 13998164911 ns, Reaching safepoint: 79099 ns, Cleanup: 3700 ns, At safepoint: 5699961 ns, Total: 5782760 ns
[4385.382s][info ][safepoint      ] Safepoint "Cleanup", Time since last: 7046627871 ns, Reaching safepoint: 5600 ns, Cleanup: 9800 ns, At safepoint: 21600 ns, Total: 37000 ns
[4413.384s][info ][safepoint      ] Safepoint "Cleanup", Time since last: 28001964447 ns, Reaching safepoint: 5700 ns, Cleanup: 10800 ns, At safepoint: 2300 ns, Total: 18800 ns
[4422.384s][info ][safepoint      ] Safepoint "Cleanup", Time since last: 9000665057 ns, Reaching safepoint: 5400 ns, Cleanup: 9300 ns, At safepoint: 1700 ns, Total: 16400 ns
[4426.371s][info ][gc,start       ] GC(83) Pause Young (Allocation Failure)
[4426.376s][debug][gc,phases      ] GC(83) Scavenge 4.850ms
[4426.376s][debug][gc,ref         ] GC(83) ReferenceProcessor::execute queues: 1, RefProcThreadModel::Single, marks_oops_alive: false
[4426.376s][debug][gc,ref         ] GC(83) Skipped KeepAliveFinalRefsPhase of Reference Processing: no references
[4426.376s][debug][gc,ref         ] GC(83) Skipped PhantomRefsPhase of Reference Processing: no references
[4426.376s][debug][gc,phases      ] GC(83) Reference Processing 0.095ms
[4426.377s][debug][gc,phases      ] GC(83)   VM Weak                        Min:  0.0, Avg:  0.0, Max:  0.0, Diff:  0.0, Sum:  0.0, Workers: 4
[4426.377s][debug][gc,phases      ] GC(83)     Dead                           Min: 0, Avg:  0.0, Max: 0, Diff: 0, Sum: 0, Workers: 4
[4426.377s][debug][gc,phases      ] GC(83)     Total                          Min: 0, Avg: 249.5, Max: 614, Diff: 614, Sum: 998, Workers: 4
[4426.377s][debug][gc,phases      ] GC(83)   ObjectSynchronizer Weak        Min:  0.0, Avg:  0.0, Max:  0.0, Diff:  0.0, Sum:  0.0, Workers: 4
[4426.377s][debug][gc,phases      ] GC(83)     Dead                           Min: 0, Avg:  0.0, Max: 0, Diff: 0, Sum: 0, Workers: 4
[4426.377s][debug][gc,phases      ] GC(83)     Total                          Min: 0, Avg:  1.0, Max: 4, Diff: 4, Sum: 4, Workers: 4
[4426.377s][debug][gc,phases      ] GC(83)   JVMTI Tag Weak OopStorage      Min:  0.0, Avg:  0.0, Max:  0.0, Diff:  0.0, Sum:  0.0, Workers: 4
[4426.377s][debug][gc,phases      ] GC(83)     Dead                           Min: 0, Avg:  0.0, Max: 0, Diff: 0, Sum: 0, Workers: 4
[4426.377s][debug][gc,phases      ] GC(83)     Total                          Min: 0, Avg:  0.0, Max: 0, Diff: 0, Sum: 0, Workers: 4
[4426.377s][debug][gc,phases      ] GC(83)   StringTable Weak               Min:  0.1, Avg:  0.1, Max:  0.1, Diff:  0.0, Sum:  0.4, Workers: 4
[4426.377s][debug][gc,phases      ] GC(83)     Dead                           Min: 0, Avg:  0.0, Max: 0, Diff: 0, Sum: 0, Workers: 4
[4426.377s][debug][gc,phases      ] GC(83)     Total                          Min: 11840, Avg: 11938.5, Max: 12032, Diff: 192, Sum: 47754, Workers: 4
[4426.377s][debug][gc,phases      ] GC(83)   ResolvedMethodTable Weak       Min:  0.1, Avg:  0.1, Max:  0.1, Diff:  0.0, Sum:  0.2, Workers: 4
[4426.377s][debug][gc,phases      ] GC(83)     Dead                           Min: 0, Avg:  4.0, Max: 16, Diff: 16, Sum: 16, Workers: 4
[4426.377s][debug][gc,phases      ] GC(83)     Total                          Min: 3852, Avg: 3915.8, Max: 4045, Diff: 193, Sum: 15663, Workers: 4
[4426.377s][debug][gc,phases      ] GC(83)   JNI Weak                       Min:  0.0, Avg:  0.0, Max:  0.0, Diff:  0.0, Sum:  0.0, Workers: 4
[4426.377s][debug][gc,phases      ] GC(83)     Dead                           Min: 0, Avg:  0.0, Max: 0, Diff: 0, Sum: 0, Workers: 4
[4426.377s][debug][gc,phases      ] GC(83)     Total                          Min: 0, Avg: 13.0, Max: 52, Diff: 52, Sum: 52, Workers: 4
[4426.377s][debug][gc,phases      ] GC(83)   StringDedup Table Weak         Min:  0.0, Avg:  0.0, Max:  0.0, Diff:  0.0, Sum:  0.0, Workers: 4
[4426.377s][debug][gc,phases      ] GC(83)     Dead                           Min: 0, Avg:  0.0, Max: 0, Diff: 0, Sum: 0, Workers: 4
[4426.377s][debug][gc,phases      ] GC(83)     Total                          Min: 0, Avg:  0.0, Max: 0, Diff: 0, Sum: 0, Workers: 4
[4426.377s][debug][gc,phases      ] GC(83)   StringDedup Requests0 Weak     Min:  0.0, Avg:  0.0, Max:  0.0, Diff:  0.0, Sum:  0.0, Workers: 4
[4426.377s][debug][gc,phases      ] GC(83)     Dead                           Min: 0, Avg:  0.0, Max: 0, Diff: 0, Sum: 0, Workers: 4
[4426.377s][debug][gc,phases      ] GC(83)     Total                          Min: 0, Avg:  0.0, Max: 0, Diff: 0, Sum: 0, Workers: 4
[4426.377s][debug][gc,phases      ] GC(83)   StringDedup Requests1 Weak     Min:  0.0, Avg:  0.0, Max:  0.0, Diff:  0.0, Sum:  0.0, Workers: 4
[4426.377s][debug][gc,phases      ] GC(83)     Dead                           Min: 0, Avg:  0.0, Max: 0, Diff: 0, Sum: 0, Workers: 4
[4426.377s][debug][gc,phases      ] GC(83)     Total                          Min: 0, Avg:  0.0, Max: 0, Diff: 0, Sum: 0, Workers: 4
[4426.377s][debug][gc,phases      ] GC(83)   Weak JFR Old Object Samples    Min:  0.0, Avg:  0.0, Max:  0.0, Diff:  0.0, Sum:  0.0, Workers: 4
[4426.377s][debug][gc,phases      ] GC(83)     Dead                           Min: 0, Avg:  0.0, Max: 0, Diff: 0, Sum: 0, Workers: 4
[4426.377s][debug][gc,phases      ] GC(83)     Total                          Min: 0, Avg:  0.0, Max: 0, Diff: 0, Sum: 0, Workers: 4
[4426.377s][debug][gc,phases      ] GC(83) Weak Processing 0.340ms
[4426.377s][debug][gc,age         ] GC(83) Desired survivor size 23068672 bytes, new threshold 1 (max threshold 15)
[4426.377s][info ][gc,heap        ] GC(83) PSYoungGen: 2051921K(2070528K)->5392K(2074624K) Eden: 2045440K(2045440K)->0K(2051072K) From: 6481K(25088K)->5392K(23552K)
[4426.377s][info ][gc,heap        ] GC(83) ParOldGen: 569259K(569344K)->571841K(571904K)
[4426.377s][info ][gc,metaspace   ] GC(83) Metaspace: 110929K(112320K)->110929K(112320K) NonClass: 94372K(95168K)->94372K(95168K) Class: 16556K(17152K)->16556K(17152K)
[4426.377s][info ][gc             ] GC(83) Pause Young (Allocation Failure) 2559M->563M(2584M) 5.394ms
[4426.377s][info ][gc,cpu         ] GC(83) User=0.02s Sys=0.01s Real=0.01s
[4426.377s][info ][safepoint      ] Safepoint "ParallelGCFailedAllocation", Time since last: 3986938970 ns, Reaching safepoint: 77100 ns, Cleanup: 10200 ns, At safepoint: 5456963 ns, Total: 5544263 ns
[4427.377s][info ][safepoint      ] Safepoint "Cleanup", Time since last: 1000083319 ns, Reaching safepoint: 5900 ns, Cleanup: 15200 ns, At safepoint: 1900 ns, Total: 23000 ns
[4428.377s][info ][safepoint      ] Safepoint "Cleanup", Time since last: 1000140519 ns, Reaching safepoint: 5500 ns, Cleanup: 11000 ns, At safepoint: 2100 ns, Total: 18600 ns
[4429.377s][info ][safepoint      ] Safepoint "Cleanup", Time since last: 1000111119 ns, Reaching safepoint: 5300 ns, Cleanup: 10200 ns, At safepoint: 1700 ns, Total: 17200 ns
[4430.377s][info ][safepoint      ] Safepoint "Cleanup", Time since last: 1000106719 ns, Reaching safepoint: 5700 ns, Cleanup: 8900 ns, At safepoint: 1900 ns, Total: 16500 ns
[4439.378s][info ][safepoint      ] Safepoint "Cleanup", Time since last: 9000635709 ns, Reaching safepoint: 4700 ns, Cleanup: 8400 ns, At safepoint: 1900 ns, Total: 15000 ns
[4442.398s][info ][safepoint      ] Safepoint "Cleanup", Time since last: 3020385378 ns, Reaching safepoint: 6700 ns, Cleanup: 11200 ns, At safepoint: 2200 ns, Total: 20100 ns
[4443.399s][info ][safepoint      ] Safepoint "Cleanup", Time since last: 1000111170 ns, Reaching safepoint: 5600 ns, Cleanup: 13100 ns, At safepoint: 2000 ns, Total: 20700 ns
[4449.399s][info ][safepoint      ] Safepoint "Cleanup", Time since last: 6000480221 ns, Reaching safepoint: 5700 ns, Cleanup: 17000 ns, At safepoint: 1800 ns, Total: 24500 ns
[4452.399s][info ][safepoint      ] Safepoint "Cleanup", Time since last: 3000258426 ns, Reaching safepoint: 6200 ns, Cleanup: 15800 ns, At safepoint: 2100 ns, Total: 24100 ns
[4455.400s][info ][safepoint      ] Safepoint "Cleanup", Time since last: 3000248634 ns, Reaching safepoint: 6700 ns, Cleanup: 10899 ns, At safepoint: 20900 ns, Total: 38499 ns
[4461.400s][info ][safepoint      ] Safepoint "Cleanup", Time since last: 6000475810 ns, Reaching safepoint: 6000 ns, Cleanup: 9500 ns, At safepoint: 2200 ns, Total: 17700 ns
[4464.400s][info ][safepoint      ] Safepoint "Cleanup", Time since last: 3000259682 ns, Reaching safepoint: 5500 ns, Cleanup: 11800 ns, At safepoint: 2400 ns, Total: 19700 ns
[4478.121s][info ][gc,start       ] GC(84) Pause Young (Allocation Failure)
[4478.125s][debug][gc,phases      ] GC(84) Scavenge 4.030ms
[4478.125s][debug][gc,ref         ] GC(84) ReferenceProcessor::execute queues: 1, RefProcThreadModel::Single, marks_oops_alive: false
[4478.125s][debug][gc,ref         ] GC(84) Skipped KeepAliveFinalRefsPhase of Reference Processing: no references
[4478.125s][debug][gc,ref         ] GC(84) ReferenceProcessor::execute queues: 1, RefProcThreadModel::Single, marks_oops_alive: false
[4478.125s][debug][gc,phases      ] GC(84) Reference Processing 0.098ms
[4478.126s][debug][gc,phases      ] GC(84)   VM Weak                        Min:  0.0, Avg:  0.0, Max:  0.0, Diff:  0.0, Sum:  0.0, Workers: 4
[4478.126s][debug][gc,phases      ] GC(84)     Dead                           Min: 0, Avg:  0.0, Max: 0, Diff: 0, Sum: 0, Workers: 4
[4478.126s][debug][gc,phases      ] GC(84)     Total                          Min: 0, Avg: 249.5, Max: 640, Diff: 640, Sum: 998, Workers: 4
[4478.126s][debug][gc,phases      ] GC(84)   ObjectSynchronizer Weak        Min:  0.0, Avg:  0.0, Max:  0.0, Diff:  0.0, Sum:  0.0, Workers: 4
[4478.126s][debug][gc,phases      ] GC(84)     Dead                           Min: 0, Avg:  0.0, Max: 0, Diff: 0, Sum: 0, Workers: 4
[4478.126s][debug][gc,phases      ] GC(84)     Total                          Min: 0, Avg:  1.0, Max: 4, Diff: 4, Sum: 4, Workers: 4
[4478.126s][debug][gc,phases      ] GC(84)   JVMTI Tag Weak OopStorage      Min:  0.0, Avg:  0.0, Max:  0.0, Diff:  0.0, Sum:  0.0, Workers: 4
[4478.126s][debug][gc,phases      ] GC(84)     Dead                           Min: 0, Avg:  0.0, Max: 0, Diff: 0, Sum: 0, Workers: 4
[4478.126s][debug][gc,phases      ] GC(84)     Total                          Min: 0, Avg:  0.0, Max: 0, Diff: 0, Sum: 0, Workers: 4
[4478.126s][debug][gc,phases      ] GC(84)   StringTable Weak               Min:  0.0, Avg:  0.1, Max:  0.1, Diff:  0.1, Sum:  0.4, Workers: 4
[4478.126s][debug][gc,phases      ] GC(84)     Dead                           Min: 0, Avg:  0.2, Max: 1, Diff: 1, Sum: 1, Workers: 4
[4478.126s][debug][gc,phases      ] GC(84)     Total                          Min: 0, Avg: 11940.0, Max: 19472, Diff: 19472, Sum: 47760, Workers: 4
[4478.126s][debug][gc,phases      ] GC(84)   ResolvedMethodTable Weak       Min:  0.0, Avg:  0.0, Max:  0.0, Diff:  0.0, Sum:  0.2, Workers: 4
[4478.126s][debug][gc,phases      ] GC(84)     Dead                           Min: 0, Avg:  4.2, Max: 16, Diff: 16, Sum: 17, Workers: 4
[4478.126s][debug][gc,phases      ] GC(84)     Total                          Min: 295, Avg: 3917.0, Max: 5389, Diff: 5094, Sum: 15668, Workers: 4
[4478.126s][debug][gc,phases      ] GC(84)   JNI Weak                       Min:  0.0, Avg:  0.0, Max:  0.0, Diff:  0.0, Sum:  0.0, Workers: 4
[4478.126s][debug][gc,phases      ] GC(84)     Dead                           Min: 0, Avg:  0.0, Max: 0, Diff: 0, Sum: 0, Workers: 4
[4478.126s][debug][gc,phases      ] GC(84)     Total                          Min: 0, Avg: 13.0, Max: 52, Diff: 52, Sum: 52, Workers: 4
[4478.126s][debug][gc,phases      ] GC(84)   StringDedup Table Weak         Min:  0.0, Avg:  0.0, Max:  0.0, Diff:  0.0, Sum:  0.0, Workers: 4
[4478.126s][debug][gc,phases      ] GC(84)     Dead                           Min: 0, Avg:  0.0, Max: 0, Diff: 0, Sum: 0, Workers: 4
[4478.126s][debug][gc,phases      ] GC(84)     Total                          Min: 0, Avg:  0.0, Max: 0, Diff: 0, Sum: 0, Workers: 4
[4478.126s][debug][gc,phases      ] GC(84)   StringDedup Requests0 Weak     Min:  0.0, Avg:  0.0, Max:  0.0, Diff:  0.0, Sum:  0.0, Workers: 4
[4478.126s][debug][gc,phases      ] GC(84)     Dead                           Min: 0, Avg:  0.0, Max: 0, Diff: 0, Sum: 0, Workers: 4
[4478.126s][debug][gc,phases      ] GC(84)     Total                          Min: 0, Avg:  0.0, Max: 0, Diff: 0, Sum: 0, Workers: 4
[4478.126s][debug][gc,phases      ] GC(84)   StringDedup Requests1 Weak     Min:  0.0, Avg:  0.0, Max:  0.0, Diff:  0.0, Sum:  0.0, Workers: 4
[4478.126s][debug][gc,phases      ] GC(84)     Dead                           Min: 0, Avg:  0.0, Max: 0, Diff: 0, Sum: 0, Workers: 4
[4478.126s][debug][gc,phases      ] GC(84)     Total                          Min: 0, Avg:  0.0, Max: 0, Diff: 0, Sum: 0, Workers: 4
[4478.126s][debug][gc,phases      ] GC(84)   Weak JFR Old Object Samples    Min:  0.0, Avg:  0.0, Max:  0.0, Diff:  0.0, Sum:  0.0, Workers: 4
[4478.126s][debug][gc,phases      ] GC(84)     Dead                           Min: 0, Avg:  0.0, Max: 0, Diff: 0, Sum: 0, Workers: 4
[4478.126s][debug][gc,phases      ] GC(84)     Total                          Min: 0, Avg:  0.0, Max: 0, Diff: 0, Sum: 0, Workers: 4
[4478.126s][debug][gc,phases      ] GC(84) Weak Processing 0.373ms
[4478.126s][debug][gc,age         ] GC(84) Desired survivor size 22020096 bytes, new threshold 1 (max threshold 15)
[4478.126s][info ][gc,heap        ] GC(84) PSYoungGen: 2056464K(2074624K)->5328K(2073600K) Eden: 2051072K(2051072K)->0K(2051072K) From: 5392K(23552K)->5328K(22528K)
[4478.126s][info ][gc,heap        ] GC(84) ParOldGen: 571841K(571904K)->573309K(573440K)
[4478.126s][info ][gc,metaspace   ] GC(84) Metaspace: 110945K(112320K)->110945K(112320K) NonClass: 94386K(95168K)->94386K(95168K) Class: 16558K(17152K)->16558K(17152K)
[4478.126s][info ][gc             ] GC(84) Pause Young (Allocation Failure) 2566M->565M(2585M) 4.599ms
[4478.126s][info ][gc,cpu         ] GC(84) User=0.01s Sys=0.00s Real=0.01s
[4478.126s][info ][safepoint      ] Safepoint "ParallelGCFailedAllocation", Time since last: 13720619440 ns, Reaching safepoint: 81100 ns, Cleanup: 4000 ns, At safepoint: 4690268 ns, Total: 4775368 ns
[4482.126s][info ][safepoint      ] Safepoint "Cleanup", Time since last: 4000299343 ns, Reaching safepoint: 78500 ns, Cleanup: 10900 ns, At safepoint: 6700 ns, Total: 96100 ns
[4485.126s][info ][safepoint      ] Safepoint "Cleanup", Time since last: 3000277004 ns, Reaching safepoint: 5700 ns, Cleanup: 11000 ns, At safepoint: 4700 ns, Total: 21400 ns
[4487.127s][info ][safepoint      ] Safepoint "Cleanup", Time since last: 2000179228 ns, Reaching safepoint: 30199 ns, Cleanup: 8800 ns, At safepoint: 1900 ns, Total: 40899 ns
[4488.127s][info ][safepoint      ] Safepoint "Cleanup", Time since last: 1000104764 ns, Reaching safepoint: 4900 ns, Cleanup: 9100 ns, At safepoint: 1700 ns, Total: 15700 ns
[4508.416s][info ][safepoint      ] Safepoint "Cleanup", Time since last: 20289531239 ns, Reaching safepoint: 6500 ns, Cleanup: 12099 ns, At safepoint: 24100 ns, Total: 42699 ns
[4514.417s][info ][safepoint      ] Safepoint "Cleanup", Time since last: 6000464629 ns, Reaching safepoint: 7100 ns, Cleanup: 12000 ns, At safepoint: 2000 ns, Total: 21100 ns
[4516.417s][info ][safepoint      ] Safepoint "Cleanup", Time since last: 2000217709 ns, Reaching safepoint: 7200 ns, Cleanup: 9900 ns, At safepoint: 1800 ns, Total: 18900 ns
[4519.417s][info ][safepoint      ] Safepoint "Cleanup", Time since last: 3000268363 ns, Reaching safepoint: 6600 ns, Cleanup: 10800 ns, At safepoint: 2200 ns, Total: 19600 ns
[4530.719s][info ][gc,start       ] GC(85) Pause Young (Allocation Failure)
[4530.723s][debug][gc,phases      ] GC(85) Scavenge 4.161ms
[4530.723s][debug][gc,ref         ] GC(85) ReferenceProcessor::execute queues: 1, RefProcThreadModel::Single, marks_oops_alive: false
[4530.723s][debug][gc,ref         ] GC(85) Skipped KeepAliveFinalRefsPhase of Reference Processing: no references
[4530.723s][debug][gc,ref         ] GC(85) ReferenceProcessor::execute queues: 1, RefProcThreadModel::Single, marks_oops_alive: false
[4530.723s][debug][gc,phases      ] GC(85) Reference Processing 0.097ms
[4530.724s][debug][gc,phases      ] GC(85)   VM Weak                        Min:  0.0, Avg:  0.0, Max:  0.0, Diff:  0.0, Sum:  0.0, Workers: 4
[4530.724s][debug][gc,phases      ] GC(85)     Dead                           Min: 0, Avg:  0.0, Max: 0, Diff: 0, Sum: 0, Workers: 4
[4530.724s][debug][gc,phases      ] GC(85)     Total                          Min: 0, Avg: 249.5, Max: 640, Diff: 640, Sum: 998, Workers: 4
[4530.724s][debug][gc,phases      ] GC(85)   ObjectSynchronizer Weak        Min:  0.0, Avg:  0.0, Max:  0.0, Diff:  0.0, Sum:  0.0, Workers: 4
[4530.724s][debug][gc,phases      ] GC(85)     Dead                           Min: 0, Avg:  0.0, Max: 0, Diff: 0, Sum: 0, Workers: 4
[4530.724s][debug][gc,phases      ] GC(85)     Total                          Min: 0, Avg:  1.0, Max: 4, Diff: 4, Sum: 4, Workers: 4
[4530.724s][debug][gc,phases      ] GC(85)   JVMTI Tag Weak OopStorage      Min:  0.0, Avg:  0.0, Max:  0.0, Diff:  0.0, Sum:  0.0, Workers: 4
[4530.724s][debug][gc,phases      ] GC(85)     Dead                           Min: 0, Avg:  0.0, Max: 0, Diff: 0, Sum: 0, Workers: 4
[4530.724s][debug][gc,phases      ] GC(85)     Total                          Min: 0, Avg:  0.0, Max: 0, Diff: 0, Sum: 0, Workers: 4
[4530.724s][debug][gc,phases      ] GC(85)   StringTable Weak               Min:  0.0, Avg:  0.1, Max:  0.1, Diff:  0.1, Sum:  0.4, Workers: 4
[4530.724s][debug][gc,phases      ] GC(85)     Dead                           Min: 0, Avg:  0.0, Max: 0, Diff: 0, Sum: 0, Workers: 4
[4530.724s][debug][gc,phases      ] GC(85)     Total                          Min: 0, Avg: 11941.8, Max: 20888, Diff: 20888, Sum: 47767, Workers: 4
[4530.724s][debug][gc,phases      ] GC(85)   ResolvedMethodTable Weak       Min:  0.0, Avg:  0.0, Max:  0.0, Diff:  0.0, Sum:  0.1, Workers: 4
[4530.724s][debug][gc,phases      ] GC(85)     Dead                           Min: 0, Avg:  4.0, Max: 16, Diff: 16, Sum: 16, Workers: 4
[4530.724s][debug][gc,phases      ] GC(85)     Total                          Min: 0, Avg: 3917.0, Max: 6507, Diff: 6507, Sum: 15668, Workers: 4
[4530.724s][debug][gc,phases      ] GC(85)   JNI Weak                       Min:  0.0, Avg:  0.0, Max:  0.0, Diff:  0.0, Sum:  0.0, Workers: 4
[4530.724s][debug][gc,phases      ] GC(85)     Dead                           Min: 0, Avg:  0.0, Max: 0, Diff: 0, Sum: 0, Workers: 4
[4530.724s][debug][gc,phases      ] GC(85)     Total                          Min: 0, Avg: 13.0, Max: 52, Diff: 52, Sum: 52, Workers: 4
[4530.724s][debug][gc,phases      ] GC(85)   StringDedup Table Weak         Min:  0.0, Avg:  0.0, Max:  0.0, Diff:  0.0, Sum:  0.0, Workers: 4
[4530.724s][debug][gc,phases      ] GC(85)     Dead                           Min: 0, Avg:  0.0, Max: 0, Diff: 0, Sum: 0, Workers: 4
[4530.724s][debug][gc,phases      ] GC(85)     Total                          Min: 0, Avg:  0.0, Max: 0, Diff: 0, Sum: 0, Workers: 4
[4530.724s][debug][gc,phases      ] GC(85)   StringDedup Requests0 Weak     Min:  0.0, Avg:  0.0, Max:  0.0, Diff:  0.0, Sum:  0.0, Workers: 4
[4530.724s][debug][gc,phases      ] GC(85)     Dead                           Min: 0, Avg:  0.0, Max: 0, Diff: 0, Sum: 0, Workers: 4
[4530.724s][debug][gc,phases      ] GC(85)     Total                          Min: 0, Avg:  0.0, Max: 0, Diff: 0, Sum: 0, Workers: 4
[4530.724s][debug][gc,phases      ] GC(85)   StringDedup Requests1 Weak     Min:  0.0, Avg:  0.0, Max:  0.0, Diff:  0.0, Sum:  0.0, Workers: 4
[4530.724s][debug][gc,phases      ] GC(85)     Dead                           Min: 0, Avg:  0.0, Max: 0, Diff: 0, Sum: 0, Workers: 4
[4530.724s][debug][gc,phases      ] GC(85)     Total                          Min: 0, Avg:  0.0, Max: 0, Diff: 0, Sum: 0, Workers: 4
[4530.724s][debug][gc,phases      ] GC(85)   Weak JFR Old Object Samples    Min:  0.0, Avg:  0.0, Max:  0.0, Diff:  0.0, Sum:  0.0, Workers: 4
[4530.724s][debug][gc,phases      ] GC(85)     Dead                           Min: 0, Avg:  0.0, Max: 0, Diff: 0, Sum: 0, Workers: 4
[4530.724s][debug][gc,phases      ] GC(85)     Total                          Min: 0, Avg:  0.0, Max: 0, Diff: 0, Sum: 0, Workers: 4
[4530.724s][debug][gc,phases      ] GC(85) Weak Processing 0.392ms
[4530.724s][debug][gc,age         ] GC(85) Desired survivor size 20971520 bytes, new threshold 1 (max threshold 15)
[4530.724s][info ][gc,heap        ] GC(85) PSYoungGen: 2056400K(2073600K)->5600K(2076672K) Eden: 2051072K(2051072K)->0K(2055168K) From: 5328K(22528K)->5600K(21504K)
[4530.724s][info ][gc,heap        ] GC(85) ParOldGen: 573309K(573440K)->574262K(574464K)
[4530.724s][info ][gc,metaspace   ] GC(85) Metaspace: 110961K(112320K)->110961K(112320K) NonClass: 94402K(95168K)->94402K(95168K) Class: 16558K(17152K)->16558K(17152K)
[4530.724s][info ][gc             ] GC(85) Pause Young (Allocation Failure) 2568M->566M(2589M) 4.759ms
[4530.724s][info ][gc,cpu         ] GC(85) User=0.01s Sys=0.00s Real=0.00s
[4530.724s][info ][safepoint      ] Safepoint "ParallelGCFailedAllocation", Time since last: 11301470885 ns, Reaching safepoint: 84500 ns, Cleanup: 4100 ns, At safepoint: 4832265 ns, Total: 4920865 ns
[4541.725s][info ][safepoint      ] Safepoint "Cleanup", Time since last: 11000828170 ns, Reaching safepoint: 79899 ns, Cleanup: 9300 ns, At safepoint: 22000 ns, Total: 111199 ns
[4550.725s][info ][safepoint      ] Safepoint "Cleanup", Time since last: 9000689844 ns, Reaching safepoint: 76000 ns, Cleanup: 8900 ns, At safepoint: 5600 ns, Total: 90500 ns
[4551.726s][info ][safepoint      ] Safepoint "Cleanup", Time since last: 1000106531 ns, Reaching safepoint: 76600 ns, Cleanup: 10600 ns, At safepoint: 5900 ns, Total: 93100 ns
[4553.726s][info ][safepoint      ] Safepoint "Cleanup", Time since last: 2000172963 ns, Reaching safepoint: 76700 ns, Cleanup: 8500 ns, At safepoint: 6399 ns, Total: 91599 ns
[4556.726s][info ][safepoint      ] Safepoint "Cleanup", Time since last: 3000242023 ns, Reaching safepoint: 78699 ns, Cleanup: 8900 ns, At safepoint: 6700 ns, Total: 94299 ns
[4579.434s][info ][safepoint      ] Safepoint "Cleanup", Time since last: 22708036498 ns, Reaching safepoint: 6100 ns, Cleanup: 10300 ns, At safepoint: 2200 ns, Total: 18600 ns
[4581.071s][info ][gc,start       ] GC(86) Pause Young (Allocation Failure)
[4581.076s][debug][gc,phases      ] GC(86) Scavenge 4.510ms
[4581.076s][debug][gc,ref         ] GC(86) ReferenceProcessor::execute queues: 1, RefProcThreadModel::Single, marks_oops_alive: false
[4581.076s][debug][gc,ref         ] GC(86) Skipped KeepAliveFinalRefsPhase of Reference Processing: no references
[4581.076s][debug][gc,ref         ] GC(86) ReferenceProcessor::execute queues: 1, RefProcThreadModel::Single, marks_oops_alive: false
[4581.076s][debug][gc,phases      ] GC(86) Reference Processing 0.096ms
[4581.076s][debug][gc,phases      ] GC(86)   VM Weak                        Min:  0.0, Avg:  0.0, Max:  0.0, Diff:  0.0, Sum:  0.0, Workers: 4
[4581.076s][debug][gc,phases      ] GC(86)     Dead                           Min: 0, Avg:  0.0, Max: 0, Diff: 0, Sum: 0, Workers: 4
[4581.076s][debug][gc,phases      ] GC(86)     Total                          Min: 0, Avg: 249.5, Max: 806, Diff: 806, Sum: 998, Workers: 4
[4581.076s][debug][gc,phases      ] GC(86)   ObjectSynchronizer Weak        Min:  0.0, Avg:  0.0, Max:  0.0, Diff:  0.0, Sum:  0.0, Workers: 4
[4581.076s][debug][gc,phases      ] GC(86)     Dead                           Min: 0, Avg:  0.0, Max: 0, Diff: 0, Sum: 0, Workers: 4
[4581.076s][debug][gc,phases      ] GC(86)     Total                          Min: 0, Avg:  1.0, Max: 4, Diff: 4, Sum: 4, Workers: 4
[4581.076s][debug][gc,phases      ] GC(86)   JVMTI Tag Weak OopStorage      Min:  0.0, Avg:  0.0, Max:  0.0, Diff:  0.0, Sum:  0.0, Workers: 4
[4581.076s][debug][gc,phases      ] GC(86)     Dead                           Min: 0, Avg:  0.0, Max: 0, Diff: 0, Sum: 0, Workers: 4
[4581.076s][debug][gc,phases      ] GC(86)     Total                          Min: 0, Avg:  0.0, Max: 0, Diff: 0, Sum: 0, Workers: 4
[4581.076s][debug][gc,phases      ] GC(86)   StringTable Weak               Min:  0.1, Avg:  0.1, Max:  0.1, Diff:  0.0, Sum:  0.4, Workers: 4
[4581.076s][debug][gc,phases      ] GC(86)     Dead                           Min: 0, Avg:  0.0, Max: 0, Diff: 0, Sum: 0, Workers: 4
[4581.076s][debug][gc,phases      ] GC(86)     Total                          Min: 11776, Avg: 11942.0, Max: 12121, Diff: 345, Sum: 47768, Workers: 4
[4581.076s][debug][gc,phases      ] GC(86)   ResolvedMethodTable Weak       Min:  0.0, Avg:  0.0, Max:  0.0, Diff:  0.0, Sum:  0.1, Workers: 4
[4581.076s][debug][gc,phases      ] GC(86)     Dead                           Min: 0, Avg:  4.0, Max: 16, Diff: 16, Sum: 16, Workers: 4
[4581.076s][debug][gc,phases      ] GC(86)     Total                          Min: 3741, Avg: 3917.0, Max: 4244, Diff: 503, Sum: 15668, Workers: 4
[4581.076s][debug][gc,phases      ] GC(86)   JNI Weak                       Min:  0.0, Avg:  0.0, Max:  0.0, Diff:  0.0, Sum:  0.0, Workers: 4
[4581.076s][debug][gc,phases      ] GC(86)     Dead                           Min: 0, Avg:  0.0, Max: 0, Diff: 0, Sum: 0, Workers: 4
[4581.076s][debug][gc,phases      ] GC(86)     Total                          Min: 0, Avg: 13.0, Max: 52, Diff: 52, Sum: 52, Workers: 4
[4581.076s][debug][gc,phases      ] GC(86)   StringDedup Table Weak         Min:  0.0, Avg:  0.0, Max:  0.0, Diff:  0.0, Sum:  0.0, Workers: 4
[4581.076s][debug][gc,phases      ] GC(86)     Dead                           Min: 0, Avg:  0.0, Max: 0, Diff: 0, Sum: 0, Workers: 4
[4581.076s][debug][gc,phases      ] GC(86)     Total                          Min: 0, Avg:  0.0, Max: 0, Diff: 0, Sum: 0, Workers: 4
[4581.076s][debug][gc,phases      ] GC(86)   StringDedup Requests0 Weak     Min:  0.0, Avg:  0.0, Max:  0.0, Diff:  0.0, Sum:  0.0, Workers: 4
[4581.076s][debug][gc,phases      ] GC(86)     Dead                           Min: 0, Avg:  0.0, Max: 0, Diff: 0, Sum: 0, Workers: 4
[4581.076s][debug][gc,phases      ] GC(86)     Total                          Min: 0, Avg:  0.0, Max: 0, Diff: 0, Sum: 0, Workers: 4
[4581.076s][debug][gc,phases      ] GC(86)   StringDedup Requests1 Weak     Min:  0.0, Avg:  0.0, Max:  0.0, Diff:  0.0, Sum:  0.0, Workers: 4
[4581.076s][debug][gc,phases      ] GC(86)     Dead                           Min: 0, Avg:  0.0, Max: 0, Diff: 0, Sum: 0, Workers: 4
[4581.076s][debug][gc,phases      ] GC(86)     Total                          Min: 0, Avg:  0.0, Max: 0, Diff: 0, Sum: 0, Workers: 4
[4581.076s][debug][gc,phases      ] GC(86)   Weak JFR Old Object Samples    Min:  0.0, Avg:  0.0, Max:  0.0, Diff:  0.0, Sum:  0.0, Workers: 4
[4581.076s][debug][gc,phases      ] GC(86)     Dead                           Min: 0, Avg:  0.0, Max: 0, Diff: 0, Sum: 0, Workers: 4
[4581.076s][debug][gc,phases      ] GC(86)     Total                          Min: 0, Avg:  0.0, Max: 0, Diff: 0, Sum: 0, Workers: 4
[4581.076s][debug][gc,phases      ] GC(86) Weak Processing 0.319ms
[4581.076s][debug][gc,age         ] GC(86) Desired survivor size 19922944 bytes, new threshold 1 (max threshold 15)
[4581.076s][info ][gc,heap        ] GC(86) PSYoungGen: 2060768K(2076672K)->5120K(2075648K) Eden: 2055168K(2055168K)->0K(2055168K) From: 5600K(21504K)->5120K(20480K)
[4581.076s][info ][gc,heap        ] GC(86) ParOldGen: 574262K(574464K)->576046K(576512K)
[4581.076s][info ][gc,metaspace   ] GC(86) Metaspace: 110971K(112320K)->110971K(112320K) NonClass: 94412K(95168K)->94412K(95168K) Class: 16558K(17152K)->16558K(17152K)
[4581.076s][info ][gc             ] GC(86) Pause Young (Allocation Failure) 2573M->567M(2590M) 5.049ms
[4581.076s][info ][gc,cpu         ] GC(86) User=0.02s Sys=0.00s Real=0.01s
[4581.077s][info ][safepoint      ] Safepoint "ParallelGCFailedAllocation", Time since last: 1636971685 ns, Reaching safepoint: 79799 ns, Cleanup: 3600 ns, At safepoint: 5118864 ns, Total: 5202263 ns
[4590.077s][info ][safepoint      ] Safepoint "Cleanup", Time since last: 9000635301 ns, Reaching safepoint: 5800 ns, Cleanup: 9300 ns, At safepoint: 2400 ns, Total: 17500 ns
[4599.078s][info ][safepoint      ] Safepoint "Cleanup", Time since last: 9000665447 ns, Reaching safepoint: 4700 ns, Cleanup: 9400 ns, At safepoint: 1800 ns, Total: 15900 ns
[4604.078s][info ][safepoint      ] Safepoint "Cleanup", Time since last: 5000384963 ns, Reaching safepoint: 5500 ns, Cleanup: 11799 ns, At safepoint: 1900 ns, Total: 19199 ns
[4606.079s][info ][safepoint      ] Safepoint "Cleanup", Time since last: 2000197873 ns, Reaching safepoint: 80000 ns, Cleanup: 9099 ns, At safepoint: 6700 ns, Total: 95799 ns
[4612.079s][info ][safepoint      ] Safepoint "Cleanup", Time since last: 6000481789 ns, Reaching safepoint: 7000 ns, Cleanup: 11300 ns, At safepoint: 3400 ns, Total: 21700 ns
[4614.079s][info ][safepoint      ] Safepoint "Cleanup", Time since last: 2000179235 ns, Reaching safepoint: 5500 ns, Cleanup: 8900 ns, At safepoint: 2200 ns, Total: 16600 ns
[4626.724s][info ][gc,start       ] GC(87) Pause Young (Allocation Failure)
[4626.731s][debug][gc,phases      ] GC(87) Scavenge 7.101ms
[4626.731s][debug][gc,ref         ] GC(87) ReferenceProcessor::execute queues: 1, RefProcThreadModel::Single, marks_oops_alive: false
[4626.731s][debug][gc,ref         ] GC(87) Skipped KeepAliveFinalRefsPhase of Reference Processing: no references
[4626.731s][debug][gc,ref         ] GC(87) ReferenceProcessor::execute queues: 1, RefProcThreadModel::Single, marks_oops_alive: false
[4626.731s][debug][gc,phases      ] GC(87) Reference Processing 0.095ms
[4626.732s][debug][gc,phases      ] GC(87)   VM Weak                        Min:  0.0, Avg:  0.0, Max:  0.0, Diff:  0.0, Sum:  0.0, Workers: 4
[4626.732s][debug][gc,phases      ] GC(87)     Dead                           Min: 0, Avg:  0.0, Max: 0, Diff: 0, Sum: 0, Workers: 4
[4626.732s][debug][gc,phases      ] GC(87)     Total                          Min: 0, Avg: 249.5, Max: 742, Diff: 742, Sum: 998, Workers: 4
[4626.732s][debug][gc,phases      ] GC(87)   ObjectSynchronizer Weak        Min:  0.0, Avg:  0.0, Max:  0.0, Diff:  0.0, Sum:  0.0, Workers: 4
[4626.732s][debug][gc,phases      ] GC(87)     Dead                           Min: 0, Avg:  0.0, Max: 0, Diff: 0, Sum: 0, Workers: 4
[4626.732s][debug][gc,phases      ] GC(87)     Total                          Min: 0, Avg:  1.0, Max: 4, Diff: 4, Sum: 4, Workers: 4
[4626.732s][debug][gc,phases      ] GC(87)   JVMTI Tag Weak OopStorage      Min:  0.0, Avg:  0.0, Max:  0.0, Diff:  0.0, Sum:  0.0, Workers: 4
[4626.732s][debug][gc,phases      ] GC(87)     Dead                           Min: 0, Avg:  0.0, Max: 0, Diff: 0, Sum: 0, Workers: 4
[4626.732s][debug][gc,phases      ] GC(87)     Total                          Min: 0, Avg:  0.0, Max: 0, Diff: 0, Sum: 0, Workers: 4
[4626.732s][debug][gc,phases      ] GC(87)   StringTable Weak               Min:  0.0, Avg:  0.1, Max:  0.1, Diff:  0.1, Sum:  0.4, Workers: 4
[4626.732s][debug][gc,phases      ] GC(87)     Dead                           Min: 0, Avg:  0.0, Max: 0, Diff: 0, Sum: 0, Workers: 4
[4626.732s][debug][gc,phases      ] GC(87)     Total                          Min: 0, Avg: 11942.2, Max: 20224, Diff: 20224, Sum: 47769, Workers: 4
[4626.732s][debug][gc,phases      ] GC(87)   ResolvedMethodTable Weak       Min:  0.0, Avg:  0.0, Max:  0.0, Diff:  0.0, Sum:  0.2, Workers: 4
[4626.732s][debug][gc,phases      ] GC(87)     Dead                           Min: 0, Avg:  4.0, Max: 16, Diff: 16, Sum: 16, Workers: 4
[4626.732s][debug][gc,phases      ] GC(87)     Total                          Min: 3105, Avg: 3917.0, Max: 4210, Diff: 1105, Sum: 15668, Workers: 4
[4626.732s][debug][gc,phases      ] GC(87)   JNI Weak                       Min:  0.0, Avg:  0.0, Max:  0.0, Diff:  0.0, Sum:  0.0, Workers: 4
[4626.732s][debug][gc,phases      ] GC(87)     Dead                           Min: 0, Avg:  0.0, Max: 0, Diff: 0, Sum: 0, Workers: 4
[4626.732s][debug][gc,phases      ] GC(87)     Total                          Min: 0, Avg: 13.0, Max: 52, Diff: 52, Sum: 52, Workers: 4
[4626.732s][debug][gc,phases      ] GC(87)   StringDedup Table Weak         Min:  0.0, Avg:  0.0, Max:  0.0, Diff:  0.0, Sum:  0.0, Workers: 4
[4626.732s][debug][gc,phases      ] GC(87)     Dead                           Min: 0, Avg:  0.0, Max: 0, Diff: 0, Sum: 0, Workers: 4
[4626.732s][debug][gc,phases      ] GC(87)     Total                          Min: 0, Avg:  0.0, Max: 0, Diff: 0, Sum: 0, Workers: 4
[4626.732s][debug][gc,phases      ] GC(87)   StringDedup Requests0 Weak     Min:  0.0, Avg:  0.0, Max:  0.0, Diff:  0.0, Sum:  0.0, Workers: 4
[4626.732s][debug][gc,phases      ] GC(87)     Dead                           Min: 0, Avg:  0.0, Max: 0, Diff: 0, Sum: 0, Workers: 4
[4626.732s][debug][gc,phases      ] GC(87)     Total                          Min: 0, Avg:  0.0, Max: 0, Diff: 0, Sum: 0, Workers: 4
[4626.732s][debug][gc,phases      ] GC(87)   StringDedup Requests1 Weak     Min:  0.0, Avg:  0.0, Max:  0.0, Diff:  0.0, Sum:  0.0, Workers: 4
[4626.732s][debug][gc,phases      ] GC(87)     Dead                           Min: 0, Avg:  0.0, Max: 0, Diff: 0, Sum: 0, Workers: 4
[4626.732s][debug][gc,phases      ] GC(87)     Total                          Min: 0, Avg:  0.0, Max: 0, Diff: 0, Sum: 0, Workers: 4
[4626.732s][debug][gc,phases      ] GC(87)   Weak JFR Old Object Samples    Min:  0.0, Avg:  0.0, Max:  0.0, Diff:  0.0, Sum:  0.0, Workers: 4
[4626.732s][debug][gc,phases      ] GC(87)     Dead                           Min: 0, Avg:  0.0, Max: 0, Diff: 0, Sum: 0, Workers: 4
[4626.732s][debug][gc,phases      ] GC(87)     Total                          Min: 0, Avg:  0.0, Max: 0, Diff: 0, Sum: 0, Workers: 4
[4626.732s][debug][gc,phases      ] GC(87) Weak Processing 0.363ms
[4626.732s][debug][gc,age         ] GC(87) Desired survivor size 19922944 bytes, new threshold 1 (max threshold 15)
[4626.732s][info ][gc,heap        ] GC(87) PSYoungGen: 2060288K(2075648K)->10416K(2077696K) Eden: 2055168K(2055168K)->0K(2058240K) From: 5120K(20480K)->10416K(19456K)
[4626.732s][info ][gc,heap        ] GC(87) ParOldGen: 576046K(576512K)->577227K(577536K)
[4626.732s][info ][gc,metaspace   ] GC(87) Metaspace: 110976K(112320K)->110976K(112320K) NonClass: 94418K(95168K)->94418K(95168K) Class: 16558K(17152K)->16558K(17152K)
[4626.732s][info ][gc             ] GC(87) Pause Young (Allocation Failure) 2574M->573M(2593M) 7.680ms
[4626.732s][info ][gc,cpu         ] GC(87) User=0.02s Sys=0.00s Real=0.01s
[4626.732s][info ][safepoint      ] Safepoint "ParallelGCFailedAllocation", Time since last: 12644857421 ns, Reaching safepoint: 4500 ns, Cleanup: 3800 ns, At safepoint: 7743037 ns, Total: 7751337 ns
[4628.732s][info ][safepoint      ] Safepoint "Cleanup", Time since last: 2000144601 ns, Reaching safepoint: 5500 ns, Cleanup: 11400 ns, At safepoint: 1700 ns, Total: 18600 ns
[4640.733s][info ][safepoint      ] Safepoint "Cleanup", Time since last: 12000861741 ns, Reaching safepoint: 4800 ns, Cleanup: 8000 ns, At safepoint: 20700 ns, Total: 33500 ns
[4652.734s][info ][safepoint      ] Safepoint "Cleanup", Time since last: 12000884706 ns, Reaching safepoint: 5300 ns, Cleanup: 11400 ns, At safepoint: 1800 ns, Total: 18500 ns
[4658.734s][info ][safepoint      ] Safepoint "Cleanup", Time since last: 6000472553 ns, Reaching safepoint: 6100 ns, Cleanup: 9500 ns, At safepoint: 2500 ns, Total: 18100 ns
[4681.371s][info ][gc,start       ] GC(88) Pause Young (Allocation Failure)
[4681.379s][debug][gc,phases      ] GC(88) Scavenge 7.852ms
[4681.379s][debug][gc,ref         ] GC(88) ReferenceProcessor::execute queues: 1, RefProcThreadModel::Single, marks_oops_alive: false
[4681.379s][debug][gc,ref         ] GC(88) Skipped KeepAliveFinalRefsPhase of Reference Processing: no references
[4681.379s][debug][gc,ref         ] GC(88) Skipped PhantomRefsPhase of Reference Processing: no references
[4681.379s][debug][gc,phases      ] GC(88) Reference Processing 0.098ms
[4681.379s][debug][gc,phases      ] GC(88)   VM Weak                        Min:  0.0, Avg:  0.0, Max:  0.0, Diff:  0.0, Sum:  0.0, Workers: 4
[4681.380s][debug][gc,phases      ] GC(88)     Dead                           Min: 0, Avg:  0.0, Max: 0, Diff: 0, Sum: 0, Workers: 4
[4681.380s][debug][gc,phases      ] GC(88)     Total                          Min: 0, Avg: 249.5, Max: 614, Diff: 614, Sum: 998, Workers: 4
[4681.380s][debug][gc,phases      ] GC(88)   ObjectSynchronizer Weak        Min:  0.0, Avg:  0.0, Max:  0.0, Diff:  0.0, Sum:  0.0, Workers: 4
[4681.380s][debug][gc,phases      ] GC(88)     Dead                           Min: 0, Avg:  0.0, Max: 0, Diff: 0, Sum: 0, Workers: 4
[4681.380s][debug][gc,phases      ] GC(88)     Total                          Min: 0, Avg:  1.0, Max: 4, Diff: 4, Sum: 4, Workers: 4
[4681.380s][debug][gc,phases      ] GC(88)   JVMTI Tag Weak OopStorage      Min:  0.0, Avg:  0.0, Max:  0.0, Diff:  0.0, Sum:  0.0, Workers: 4
[4681.380s][debug][gc,phases      ] GC(88)     Dead                           Min: 0, Avg:  0.0, Max: 0, Diff: 0, Sum: 0, Workers: 4
[4681.380s][debug][gc,phases      ] GC(88)     Total                          Min: 0, Avg:  0.0, Max: 0, Diff: 0, Sum: 0, Workers: 4
[4681.380s][debug][gc,phases      ] GC(88)   StringTable Weak               Min:  0.0, Avg:  0.1, Max:  0.1, Diff:  0.1, Sum:  0.4, Workers: 4
[4681.380s][debug][gc,phases      ] GC(88)     Dead                           Min: 0, Avg:  0.0, Max: 0, Diff: 0, Sum: 0, Workers: 4
[4681.380s][debug][gc,phases      ] GC(88)     Total                          Min: 0, Avg: 11942.2, Max: 21311, Diff: 21311, Sum: 47769, Workers: 4
[4681.380s][debug][gc,phases      ] GC(88)   ResolvedMethodTable Weak       Min:  0.0, Avg:  0.0, Max:  0.0, Diff:  0.0, Sum:  0.1, Workers: 4
[4681.380s][debug][gc,phases      ] GC(88)     Dead                           Min: 0, Avg:  4.0, Max: 16, Diff: 16, Sum: 16, Workers: 4
[4681.380s][debug][gc,phases      ] GC(88)     Total                          Min: 0, Avg: 3917.0, Max: 6408, Diff: 6408, Sum: 15668, Workers: 4
[4681.380s][debug][gc,phases      ] GC(88)   JNI Weak                       Min:  0.0, Avg:  0.0, Max:  0.0, Diff:  0.0, Sum:  0.0, Workers: 4
[4681.380s][debug][gc,phases      ] GC(88)     Dead                           Min: 0, Avg:  0.0, Max: 0, Diff: 0, Sum: 0, Workers: 4
[4681.380s][debug][gc,phases      ] GC(88)     Total                          Min: 0, Avg: 13.0, Max: 52, Diff: 52, Sum: 52, Workers: 4
[4681.380s][debug][gc,phases      ] GC(88)   StringDedup Table Weak         Min:  0.0, Avg:  0.0, Max:  0.0, Diff:  0.0, Sum:  0.0, Workers: 4
[4681.380s][debug][gc,phases      ] GC(88)     Dead                           Min: 0, Avg:  0.0, Max: 0, Diff: 0, Sum: 0, Workers: 4
[4681.380s][debug][gc,phases      ] GC(88)     Total                          Min: 0, Avg:  0.0, Max: 0, Diff: 0, Sum: 0, Workers: 4
[4681.380s][debug][gc,phases      ] GC(88)   StringDedup Requests0 Weak     Min:  0.0, Avg:  0.0, Max:  0.0, Diff:  0.0, Sum:  0.0, Workers: 4
[4681.380s][debug][gc,phases      ] GC(88)     Dead                           Min: 0, Avg:  0.0, Max: 0, Diff: 0, Sum: 0, Workers: 4
[4681.380s][debug][gc,phases      ] GC(88)     Total                          Min: 0, Avg:  0.0, Max: 0, Diff: 0, Sum: 0, Workers: 4
[4681.380s][debug][gc,phases      ] GC(88)   StringDedup Requests1 Weak     Min:  0.0, Avg:  0.0, Max:  0.0, Diff:  0.0, Sum:  0.0, Workers: 4
[4681.380s][debug][gc,phases      ] GC(88)     Dead                           Min: 0, Avg:  0.0, Max: 0, Diff: 0, Sum: 0, Workers: 4
[4681.380s][debug][gc,phases      ] GC(88)     Total                          Min: 0, Avg:  0.0, Max: 0, Diff: 0, Sum: 0, Workers: 4
[4681.380s][debug][gc,phases      ] GC(88)   Weak JFR Old Object Samples    Min:  0.0, Avg:  0.0, Max:  0.0, Diff:  0.0, Sum:  0.0, Workers: 4
[4681.380s][debug][gc,phases      ] GC(88)     Dead                           Min: 0, Avg:  0.0, Max: 0, Diff: 0, Sum: 0, Workers: 4
[4681.380s][debug][gc,phases      ] GC(88)     Total                          Min: 0, Avg:  0.0, Max: 0, Diff: 0, Sum: 0, Workers: 4
[4681.380s][debug][gc,phases      ] GC(88) Weak Processing 0.382ms
[4681.380s][debug][gc,age         ] GC(88) Desired survivor size 18874368 bytes, new threshold 1 (max threshold 15)
[4681.380s][info ][gc,heap        ] GC(88) PSYoungGen: 2068656K(2077696K)->6496K(2077696K) Eden: 2058240K(2058240K)->0K(2058240K) From: 10416K(19456K)->6496K(19456K)
[4681.380s][info ][gc,heap        ] GC(88) ParOldGen: 577227K(577536K)->584535K(584704K)
[4681.380s][info ][gc,metaspace   ] GC(88) Metaspace: 110980K(112320K)->110980K(112320K) NonClass: 94421K(95168K)->94421K(95168K) Class: 16558K(17152K)->16558K(17152K)
[4681.380s][info ][gc             ] GC(88) Pause Young (Allocation Failure) 2583M->577M(2600M) 8.452ms
[4681.380s][info ][gc,cpu         ] GC(88) User=0.03s Sys=0.00s Real=0.01s
[4681.380s][info ][safepoint      ] Safepoint "ParallelGCFailedAllocation", Time since last: 22636835032 ns, Reaching safepoint: 78999 ns, Cleanup: 3900 ns, At safepoint: 8525688 ns, Total: 8608587 ns
[4683.468s][info ][safepoint      ] Safepoint "Cleanup", Time since last: 2087792539 ns, Reaching safepoint: 6600 ns, Cleanup: 12900 ns, At safepoint: 2500 ns, Total: 22000 ns
[4686.468s][info ][safepoint      ] Safepoint "Cleanup", Time since last: 3000257310 ns, Reaching safepoint: 5800 ns, Cleanup: 18300 ns, At safepoint: 2500 ns, Total: 26600 ns
[4688.468s][info ][safepoint      ] Safepoint "Cleanup", Time since last: 2000180773 ns, Reaching safepoint: 6100 ns, Cleanup: 36200 ns, At safepoint: 2000 ns, Total: 44300 ns
[4689.468s][info ][safepoint      ] Safepoint "Cleanup", Time since last: 1000105136 ns, Reaching safepoint: 6200 ns, Cleanup: 14900 ns, At safepoint: 1800 ns, Total: 22900 ns
[4690.468s][info ][safepoint      ] Safepoint "Cleanup", Time since last: 1000126537 ns, Reaching safepoint: 80400 ns, Cleanup: 12899 ns, At safepoint: 5600 ns, Total: 98899 ns
[4694.469s][info ][safepoint      ] Safepoint "Cleanup", Time since last: 4000335604 ns, Reaching safepoint: 77000 ns, Cleanup: 8900 ns, At safepoint: 26700 ns, Total: 112600 ns
[4697.469s][info ][safepoint      ] Safepoint "Cleanup", Time since last: 3000243472 ns, Reaching safepoint: 80200 ns, Cleanup: 9700 ns, At safepoint: 6200 ns, Total: 96100 ns
[4705.470s][info ][safepoint      ] Safepoint "Cleanup", Time since last: 8000621531 ns, Reaching safepoint: 79900 ns, Cleanup: 10100 ns, At safepoint: 6300 ns, Total: 96300 ns
[4713.478s][info ][safepoint      ] Safepoint "Cleanup", Time since last: 8007724947 ns, Reaching safepoint: 154099 ns, Cleanup: 15000 ns, At safepoint: 14500 ns, Total: 183599 ns
[4722.482s][info ][safepoint      ] Safepoint "Cleanup", Time since last: 9003880909 ns, Reaching safepoint: 6700 ns, Cleanup: 10500 ns, At safepoint: 2500 ns, Total: 19700 ns
[4724.892s][info ][gc,start       ] GC(89) Pause Young (Allocation Failure)
[4724.907s][debug][gc,phases      ] GC(89) Scavenge 15.669ms
[4724.907s][debug][gc,ref         ] GC(89) ReferenceProcessor::execute queues: 1, RefProcThreadModel::Single, marks_oops_alive: false
[4724.907s][debug][gc,ref         ] GC(89) Skipped KeepAliveFinalRefsPhase of Reference Processing: no references
[4724.907s][debug][gc,ref         ] GC(89) ReferenceProcessor::execute queues: 1, RefProcThreadModel::Single, marks_oops_alive: false
[4724.908s][debug][gc,phases      ] GC(89) Reference Processing 0.132ms
[4724.908s][debug][gc,phases      ] GC(89)   VM Weak                        Min:  0.0, Avg:  0.0, Max:  0.0, Diff:  0.0, Sum:  0.0, Workers: 4
[4724.908s][debug][gc,phases      ] GC(89)     Dead                           Min: 0, Avg:  0.0, Max: 0, Diff: 0, Sum: 0, Workers: 4
[4724.908s][debug][gc,phases      ] GC(89)     Total                          Min: 0, Avg: 249.5, Max: 896, Diff: 896, Sum: 998, Workers: 4
[4724.908s][debug][gc,phases      ] GC(89)   ObjectSynchronizer Weak        Min:  0.0, Avg:  0.0, Max:  0.0, Diff:  0.0, Sum:  0.0, Workers: 4
[4724.908s][debug][gc,phases      ] GC(89)     Dead                           Min: 0, Avg:  0.0, Max: 0, Diff: 0, Sum: 0, Workers: 4
[4724.908s][debug][gc,phases      ] GC(89)     Total                          Min: 0, Avg:  1.0, Max: 4, Diff: 4, Sum: 4, Workers: 4
[4724.908s][debug][gc,phases      ] GC(89)   JVMTI Tag Weak OopStorage      Min:  0.0, Avg:  0.0, Max:  0.0, Diff:  0.0, Sum:  0.0, Workers: 4
[4724.908s][debug][gc,phases      ] GC(89)     Dead                           Min: 0, Avg:  0.0, Max: 0, Diff: 0, Sum: 0, Workers: 4
[4724.908s][debug][gc,phases      ] GC(89)     Total                          Min: 0, Avg:  0.0, Max: 0, Diff: 0, Sum: 0, Workers: 4
[4724.908s][debug][gc,phases      ] GC(89)   StringTable Weak               Min:  0.0, Avg:  0.1, Max:  0.2, Diff:  0.2, Sum:  0.5, Workers: 4
[4724.908s][debug][gc,phases      ] GC(89)     Dead                           Min: 0, Avg:  0.8, Max: 3, Diff: 3, Sum: 3, Workers: 4
[4724.908s][debug][gc,phases      ] GC(89)     Total                          Min: 0, Avg: 11947.5, Max: 17905, Diff: 17905, Sum: 47790, Workers: 4
[4724.908s][debug][gc,phases      ] GC(89)   ResolvedMethodTable Weak       Min:  0.0, Avg:  0.0, Max:  0.1, Diff:  0.1, Sum:  0.2, Workers: 4
[4724.908s][debug][gc,phases      ] GC(89)     Dead                           Min: 0, Avg:  6.2, Max: 13, Diff: 13, Sum: 25, Workers: 4
[4724.908s][debug][gc,phases      ] GC(89)     Total                          Min: 0, Avg: 3924.2, Max: 5532, Diff: 5532, Sum: 15697, Workers: 4
[4724.908s][debug][gc,phases      ] GC(89)   JNI Weak                       Min:  0.0, Avg:  0.0, Max:  0.0, Diff:  0.0, Sum:  0.0, Workers: 4
[4724.908s][debug][gc,phases      ] GC(89)     Dead                           Min: 0, Avg:  0.0, Max: 0, Diff: 0, Sum: 0, Workers: 4
[4724.908s][debug][gc,phases      ] GC(89)     Total                          Min: 0, Avg: 13.0, Max: 52, Diff: 52, Sum: 52, Workers: 4
[4724.908s][debug][gc,phases      ] GC(89)   StringDedup Table Weak         Min:  0.0, Avg:  0.0, Max:  0.0, Diff:  0.0, Sum:  0.0, Workers: 4
[4724.908s][debug][gc,phases      ] GC(89)     Dead                           Min: 0, Avg:  0.0, Max: 0, Diff: 0, Sum: 0, Workers: 4
[4724.908s][debug][gc,phases      ] GC(89)     Total                          Min: 0, Avg:  0.0, Max: 0, Diff: 0, Sum: 0, Workers: 4
[4724.908s][debug][gc,phases      ] GC(89)   StringDedup Requests0 Weak     Min:  0.0, Avg:  0.0, Max:  0.0, Diff:  0.0, Sum:  0.0, Workers: 4
[4724.908s][debug][gc,phases      ] GC(89)     Dead                           Min: 0, Avg:  0.0, Max: 0, Diff: 0, Sum: 0, Workers: 4
[4724.908s][debug][gc,phases      ] GC(89)     Total                          Min: 0, Avg:  0.0, Max: 0, Diff: 0, Sum: 0, Workers: 4
[4724.908s][debug][gc,phases      ] GC(89)   StringDedup Requests1 Weak     Min:  0.0, Avg:  0.0, Max:  0.0, Diff:  0.0, Sum:  0.0, Workers: 4
[4724.908s][debug][gc,phases      ] GC(89)     Dead                           Min: 0, Avg:  0.0, Max: 0, Diff: 0, Sum: 0, Workers: 4
[4724.908s][debug][gc,phases      ] GC(89)     Total                          Min: 0, Avg:  0.0, Max: 0, Diff: 0, Sum: 0, Workers: 4
[4724.908s][debug][gc,phases      ] GC(89)   Weak JFR Old Object Samples    Min:  0.0, Avg:  0.0, Max:  0.0, Diff:  0.0, Sum:  0.0, Workers: 4
[4724.908s][debug][gc,phases      ] GC(89)     Dead                           Min: 0, Avg:  0.0, Max: 0, Diff: 0, Sum: 0, Workers: 4
[4724.908s][debug][gc,phases      ] GC(89)     Total                          Min: 0, Avg:  0.0, Max: 0, Diff: 0, Sum: 0, Workers: 4
[4724.908s][debug][gc,phases      ] GC(89) Weak Processing 0.442ms
[4724.908s][debug][gc,age         ] GC(89) Desired survivor size 18350080 bytes, new threshold 1 (max threshold 15)
[4724.908s][info ][gc,heap        ] GC(89) PSYoungGen: 2064736K(2077696K)->8848K(2079232K) Eden: 2058240K(2058240K)->0K(2060800K) From: 6496K(19456K)->8848K(18432K)
[4724.908s][info ][gc,heap        ] GC(89) ParOldGen: 584535K(584704K)->585795K(586240K)
[4724.908s][info ][gc,metaspace   ] GC(89) Metaspace: 111034K(112384K)->111034K(112384K) NonClass: 94465K(95232K)->94465K(95232K) Class: 16569K(17152K)->16569K(17152K)
[4724.908s][info ][gc             ] GC(89) Pause Young (Allocation Failure) 2587M->580M(2603M) 16.358ms
[4724.908s][info ][gc,cpu         ] GC(89) User=0.03s Sys=0.00s Real=0.02s
[4724.908s][info ][safepoint      ] Safepoint "ParallelGCFailedAllocation", Time since last: 2407515679 ns, Reaching safepoint: 2324996 ns, Cleanup: 5800 ns, At safepoint: 16551674 ns, Total: 18882470 ns
[4739.910s][info ][safepoint      ] Safepoint "Cleanup", Time since last: 15001580934 ns, Reaching safepoint: 6300 ns, Cleanup: 11900 ns, At safepoint: 2800 ns, Total: 21000 ns
[4750.503s][info ][safepoint      ] Safepoint "Cleanup", Time since last: 10593119676 ns, Reaching safepoint: 7000 ns, Cleanup: 10100 ns, At safepoint: 2400 ns, Total: 19500 ns
[4751.503s][info ][safepoint      ] Safepoint "Cleanup", Time since last: 1000105380 ns, Reaching safepoint: 6300 ns, Cleanup: 11000 ns, At safepoint: 3700 ns, Total: 21000 ns
[4755.503s][info ][safepoint      ] Safepoint "Cleanup", Time since last: 4000355729 ns, Reaching safepoint: 7800 ns, Cleanup: 10300 ns, At safepoint: 26000 ns, Total: 44100 ns
[4758.504s][info ][safepoint      ] Safepoint "Cleanup", Time since last: 3000260267 ns, Reaching safepoint: 6900 ns, Cleanup: 11100 ns, At safepoint: 2700 ns, Total: 20700 ns
[4767.121s][info ][gc,start       ] GC(90) Pause Young (Allocation Failure)
[4767.129s][debug][gc,phases      ] GC(90) Scavenge 7.721ms
[4767.129s][debug][gc,ref         ] GC(90) ReferenceProcessor::execute queues: 1, RefProcThreadModel::Single, marks_oops_alive: false
[4767.129s][debug][gc,ref         ] GC(90) Skipped KeepAliveFinalRefsPhase of Reference Processing: no references
[4767.129s][debug][gc,ref         ] GC(90) ReferenceProcessor::execute queues: 1, RefProcThreadModel::Single, marks_oops_alive: false
[4767.129s][debug][gc,phases      ] GC(90) Reference Processing 0.099ms
[4767.129s][debug][gc,phases      ] GC(90)   VM Weak                        Min:  0.0, Avg:  0.0, Max:  0.0, Diff:  0.0, Sum:  0.0, Workers: 4
[4767.129s][debug][gc,phases      ] GC(90)     Dead                           Min: 0, Avg:  0.0, Max: 0, Diff: 0, Sum: 0, Workers: 4
[4767.129s][debug][gc,phases      ] GC(90)     Total                          Min: 0, Avg: 249.5, Max: 934, Diff: 934, Sum: 998, Workers: 4
[4767.129s][debug][gc,phases      ] GC(90)   ObjectSynchronizer Weak        Min:  0.0, Avg:  0.0, Max:  0.0, Diff:  0.0, Sum:  0.0, Workers: 4
[4767.129s][debug][gc,phases      ] GC(90)     Dead                           Min: 0, Avg:  0.0, Max: 0, Diff: 0, Sum: 0, Workers: 4
[4767.129s][debug][gc,phases      ] GC(90)     Total                          Min: 0, Avg:  1.0, Max: 4, Diff: 4, Sum: 4, Workers: 4
[4767.129s][debug][gc,phases      ] GC(90)   JVMTI Tag Weak OopStorage      Min:  0.0, Avg:  0.0, Max:  0.0, Diff:  0.0, Sum:  0.0, Workers: 4
[4767.129s][debug][gc,phases      ] GC(90)     Dead                           Min: 0, Avg:  0.0, Max: 0, Diff: 0, Sum: 0, Workers: 4
[4767.129s][debug][gc,phases      ] GC(90)     Total                          Min: 0, Avg:  0.0, Max: 0, Diff: 0, Sum: 0, Workers: 4
[4767.129s][debug][gc,phases      ] GC(90)   StringTable Weak               Min:  0.0, Avg:  0.1, Max:  0.1, Diff:  0.1, Sum:  0.4, Workers: 4
[4767.129s][debug][gc,phases      ] GC(90)     Dead                           Min: 0, Avg:  0.0, Max: 0, Diff: 0, Sum: 0, Workers: 4
[4767.129s][debug][gc,phases      ] GC(90)     Total                          Min: 0, Avg: 11947.5, Max: 20543, Diff: 20543, Sum: 47790, Workers: 4
[4767.129s][debug][gc,phases      ] GC(90)   ResolvedMethodTable Weak       Min:  0.0, Avg:  0.0, Max:  0.0, Diff:  0.0, Sum:  0.1, Workers: 4
[4767.129s][debug][gc,phases      ] GC(90)     Dead                           Min: 0, Avg:  4.0, Max: 8, Diff: 8, Sum: 16, Workers: 4
[4767.129s][debug][gc,phases      ] GC(90)     Total                          Min: 0, Avg: 3924.2, Max: 6647, Diff: 6647, Sum: 15697, Workers: 4
[4767.129s][debug][gc,phases      ] GC(90)   JNI Weak                       Min:  0.0, Avg:  0.0, Max:  0.0, Diff:  0.0, Sum:  0.0, Workers: 4
[4767.129s][debug][gc,phases      ] GC(90)     Dead                           Min: 0, Avg:  0.0, Max: 0, Diff: 0, Sum: 0, Workers: 4
[4767.129s][debug][gc,phases      ] GC(90)     Total                          Min: 0, Avg: 13.0, Max: 52, Diff: 52, Sum: 52, Workers: 4
[4767.129s][debug][gc,phases      ] GC(90)   StringDedup Table Weak         Min:  0.0, Avg:  0.0, Max:  0.0, Diff:  0.0, Sum:  0.0, Workers: 4
[4767.129s][debug][gc,phases      ] GC(90)     Dead                           Min: 0, Avg:  0.0, Max: 0, Diff: 0, Sum: 0, Workers: 4
[4767.129s][debug][gc,phases      ] GC(90)     Total                          Min: 0, Avg:  0.0, Max: 0, Diff: 0, Sum: 0, Workers: 4
[4767.129s][debug][gc,phases      ] GC(90)   StringDedup Requests0 Weak     Min:  0.0, Avg:  0.0, Max:  0.0, Diff:  0.0, Sum:  0.0, Workers: 4
[4767.129s][debug][gc,phases      ] GC(90)     Dead                           Min: 0, Avg:  0.0, Max: 0, Diff: 0, Sum: 0, Workers: 4
[4767.129s][debug][gc,phases      ] GC(90)     Total                          Min: 0, Avg:  0.0, Max: 0, Diff: 0, Sum: 0, Workers: 4
[4767.129s][debug][gc,phases      ] GC(90)   StringDedup Requests1 Weak     Min:  0.0, Avg:  0.0, Max:  0.0, Diff:  0.0, Sum:  0.0, Workers: 4
[4767.129s][debug][gc,phases      ] GC(90)     Dead                           Min: 0, Avg:  0.0, Max: 0, Diff: 0, Sum: 0, Workers: 4
[4767.129s][debug][gc,phases      ] GC(90)     Total                          Min: 0, Avg:  0.0, Max: 0, Diff: 0, Sum: 0, Workers: 4
[4767.129s][debug][gc,phases      ] GC(90)   Weak JFR Old Object Samples    Min:  0.0, Avg:  0.0, Max:  0.0, Diff:  0.0, Sum:  0.0, Workers: 4
[4767.129s][debug][gc,phases      ] GC(90)     Dead                           Min: 0, Avg:  0.0, Max: 0, Diff: 0, Sum: 0, Workers: 4
[4767.129s][debug][gc,phases      ] GC(90)     Total                          Min: 0, Avg:  0.0, Max: 0, Diff: 0, Sum: 0, Workers: 4
[4767.129s][debug][gc,phases      ] GC(90) Weak Processing 0.348ms
[4767.129s][debug][gc,age         ] GC(90) Desired survivor size 17825792 bytes, new threshold 1 (max threshold 15)
[4767.129s][info ][gc,heap        ] GC(90) PSYoungGen: 2069648K(2079232K)->9376K(2078720K) Eden: 2060800K(2060800K)->0K(2060800K) From: 8848K(18432K)->9376K(17920K)
[4767.129s][info ][gc,heap        ] GC(90) ParOldGen: 585795K(586240K)->590627K(590848K)
[4767.129s][info ][gc,metaspace   ] GC(90) Metaspace: 111037K(112384K)->111037K(112384K) NonClass: 94468K(95232K)->94468K(95232K) Class: 16569K(17152K)->16569K(17152K)
[4767.129s][info ][gc             ] GC(90) Pause Young (Allocation Failure) 2593M->585M(2607M) 8.292ms
[4767.129s][info ][gc,cpu         ] GC(90) User=0.03s Sys=0.00s Real=0.01s
[4767.129s][info ][safepoint      ] Safepoint "ParallelGCFailedAllocation", Time since last: 8617206046 ns, Reaching safepoint: 83400 ns, Cleanup: 3700 ns, At safepoint: 8369682 ns, Total: 8456782 ns
[4784.131s][info ][safepoint      ] Safepoint "Cleanup", Time since last: 17001239128 ns, Reaching safepoint: 28100 ns, Cleanup: 9500 ns, At safepoint: 5100 ns, Total: 42700 ns
[4787.131s][info ][safepoint      ] Safepoint "Cleanup", Time since last: 3000235038 ns, Reaching safepoint: 5400 ns, Cleanup: 9200 ns, At safepoint: 1900 ns, Total: 16500 ns
[4793.131s][info ][safepoint      ] Safepoint "Cleanup", Time since last: 6000461520 ns, Reaching safepoint: 6600 ns, Cleanup: 22900 ns, At safepoint: 3200 ns, Total: 32700 ns
[4794.132s][info ][safepoint      ] Safepoint "Cleanup", Time since last: 1000141322 ns, Reaching safepoint: 6100 ns, Cleanup: 21600 ns, At safepoint: 2200 ns, Total: 29900 ns
[4795.132s][info ][safepoint      ] Safepoint "Cleanup", Time since last: 1000137198 ns, Reaching safepoint: 6000 ns, Cleanup: 12200 ns, At safepoint: 2100 ns, Total: 20300 ns
[4796.132s][info ][safepoint      ] Safepoint "Cleanup", Time since last: 1000107862 ns, Reaching safepoint: 6200 ns, Cleanup: 14899 ns, At safepoint: 1700 ns, Total: 22799 ns
[4797.132s][info ][safepoint      ] Safepoint "Cleanup", Time since last: 1000108862 ns, Reaching safepoint: 6400 ns, Cleanup: 9300 ns, At safepoint: 1800 ns, Total: 17500 ns
[4806.520s][info ][safepoint      ] Safepoint "Cleanup", Time since last: 9388306454 ns, Reaching safepoint: 79899 ns, Cleanup: 12900 ns, At safepoint: 6500 ns, Total: 99299 ns
[4808.521s][info ][safepoint      ] Safepoint "Cleanup", Time since last: 2000192086 ns, Reaching safepoint: 29300 ns, Cleanup: 16800 ns, At safepoint: 6300 ns, Total: 52400 ns
[4811.521s][info ][safepoint      ] Safepoint "Cleanup", Time since last: 3000287938 ns, Reaching safepoint: 80500 ns, Cleanup: 12900 ns, At safepoint: 9200 ns, Total: 102600 ns
[4812.521s][info ][safepoint      ] Safepoint "Cleanup", Time since last: 1000118121 ns, Reaching safepoint: 77800 ns, Cleanup: 9500 ns, At safepoint: 6100 ns, Total: 93400 ns
[4818.784s][info ][gc,start       ] GC(91) Pause Young (Allocation Failure)
[4818.790s][debug][gc,phases      ] GC(91) Scavenge 6.431ms
[4818.790s][debug][gc,ref         ] GC(91) ReferenceProcessor::execute queues: 1, RefProcThreadModel::Single, marks_oops_alive: false
[4818.790s][debug][gc,ref         ] GC(91) Skipped KeepAliveFinalRefsPhase of Reference Processing: no references
[4818.790s][debug][gc,ref         ] GC(91) ReferenceProcessor::execute queues: 1, RefProcThreadModel::Single, marks_oops_alive: false
[4818.790s][debug][gc,phases      ] GC(91) Reference Processing 0.099ms
[4818.791s][debug][gc,phases      ] GC(91)   VM Weak                        Min:  0.0, Avg:  0.0, Max:  0.0, Diff:  0.0, Sum:  0.0, Workers: 4
[4818.791s][debug][gc,phases      ] GC(91)     Dead                           Min: 0, Avg:  0.0, Max: 0, Diff: 0, Sum: 0, Workers: 4
[4818.791s][debug][gc,phases      ] GC(91)     Total                          Min: 0, Avg: 249.5, Max: 998, Diff: 998, Sum: 998, Workers: 4
[4818.791s][debug][gc,phases      ] GC(91)   ObjectSynchronizer Weak        Min:  0.0, Avg:  0.0, Max:  0.0, Diff:  0.0, Sum:  0.0, Workers: 4
[4818.791s][debug][gc,phases      ] GC(91)     Dead                           Min: 0, Avg:  0.0, Max: 0, Diff: 0, Sum: 0, Workers: 4
[4818.791s][debug][gc,phases      ] GC(91)     Total                          Min: 0, Avg:  1.0, Max: 4, Diff: 4, Sum: 4, Workers: 4
[4818.791s][debug][gc,phases      ] GC(91)   JVMTI Tag Weak OopStorage      Min:  0.0, Avg:  0.0, Max:  0.0, Diff:  0.0, Sum:  0.0, Workers: 4
[4818.791s][debug][gc,phases      ] GC(91)     Dead                           Min: 0, Avg:  0.0, Max: 0, Diff: 0, Sum: 0, Workers: 4
[4818.791s][debug][gc,phases      ] GC(91)     Total                          Min: 0, Avg:  0.0, Max: 0, Diff: 0, Sum: 0, Workers: 4
[4818.791s][debug][gc,phases      ] GC(91)   StringTable Weak               Min:  0.0, Avg:  0.1, Max:  0.1, Diff:  0.1, Sum:  0.4, Workers: 4
[4818.791s][debug][gc,phases      ] GC(91)     Dead                           Min: 0, Avg:  0.0, Max: 0, Diff: 0, Sum: 0, Workers: 4
[4818.791s][debug][gc,phases      ] GC(91)     Total                          Min: 0, Avg: 11950.0, Max: 21566, Diff: 21566, Sum: 47800, Workers: 4
[4818.791s][debug][gc,phases      ] GC(91)   ResolvedMethodTable Weak       Min:  0.0, Avg:  0.0, Max:  0.0, Diff:  0.0, Sum:  0.1, Workers: 4
[4818.791s][debug][gc,phases      ] GC(91)     Dead                           Min: 0, Avg:  4.0, Max: 16, Diff: 16, Sum: 16, Workers: 4
[4818.791s][debug][gc,phases      ] GC(91)     Total                          Min: 0, Avg: 3924.2, Max: 6736, Diff: 6736, Sum: 15697, Workers: 4
[4818.791s][debug][gc,phases      ] GC(91)   JNI Weak                       Min:  0.0, Avg:  0.0, Max:  0.0, Diff:  0.0, Sum:  0.0, Workers: 4
[4818.791s][debug][gc,phases      ] GC(91)     Dead                           Min: 0, Avg:  0.0, Max: 0, Diff: 0, Sum: 0, Workers: 4
[4818.791s][debug][gc,phases      ] GC(91)     Total                          Min: 0, Avg: 13.0, Max: 52, Diff: 52, Sum: 52, Workers: 4
[4818.791s][debug][gc,phases      ] GC(91)   StringDedup Table Weak         Min:  0.0, Avg:  0.0, Max:  0.0, Diff:  0.0, Sum:  0.0, Workers: 4
[4818.791s][debug][gc,phases      ] GC(91)     Dead                           Min: 0, Avg:  0.0, Max: 0, Diff: 0, Sum: 0, Workers: 4
[4818.791s][debug][gc,phases      ] GC(91)     Total                          Min: 0, Avg:  0.0, Max: 0, Diff: 0, Sum: 0, Workers: 4
[4818.791s][debug][gc,phases      ] GC(91)   StringDedup Requests0 Weak     Min:  0.0, Avg:  0.0, Max:  0.0, Diff:  0.0, Sum:  0.0, Workers: 4
[4818.791s][debug][gc,phases      ] GC(91)     Dead                           Min: 0, Avg:  0.0, Max: 0, Diff: 0, Sum: 0, Workers: 4
[4818.791s][debug][gc,phases      ] GC(91)     Total                          Min: 0, Avg:  0.0, Max: 0, Diff: 0, Sum: 0, Workers: 4
[4818.791s][debug][gc,phases      ] GC(91)   StringDedup Requests1 Weak     Min:  0.0, Avg:  0.0, Max:  0.0, Diff:  0.0, Sum:  0.0, Workers: 4
[4818.791s][debug][gc,phases      ] GC(91)     Dead                           Min: 0, Avg:  0.0, Max: 0, Diff: 0, Sum: 0, Workers: 4
[4818.791s][debug][gc,phases      ] GC(91)     Total                          Min: 0, Avg:  0.0, Max: 0, Diff: 0, Sum: 0, Workers: 4
[4818.791s][debug][gc,phases      ] GC(91)   Weak JFR Old Object Samples    Min:  0.0, Avg:  0.0, Max:  0.0, Diff:  0.0, Sum:  0.0, Workers: 4
[4818.791s][debug][gc,phases      ] GC(91)     Dead                           Min: 0, Avg:  0.0, Max: 0, Diff: 0, Sum: 0, Workers: 4
[4818.791s][debug][gc,phases      ] GC(91)     Total                          Min: 0, Avg:  0.0, Max: 0, Diff: 0, Sum: 0, Workers: 4
[4818.791s][debug][gc,phases      ] GC(91) Weak Processing 0.366ms
[4818.791s][debug][gc,age         ] GC(91) Desired survivor size 17301504 bytes, new threshold 1 (max threshold 15)
[4818.791s][info ][gc,heap        ] GC(91) PSYoungGen: 2070176K(2078720K)->4992K(2080256K) Eden: 2060800K(2060800K)->0K(2062848K) From: 9376K(17920K)->4992K(17408K)
[4818.791s][info ][gc,heap        ] GC(91) ParOldGen: 590627K(590848K)->596572K(596992K)
[4818.791s][info ][gc,metaspace   ] GC(91) Metaspace: 111044K(112384K)->111044K(112384K) NonClass: 94474K(95232K)->94474K(95232K) Class: 16569K(17152K)->16569K(17152K)
[4818.791s][info ][gc             ] GC(91) Pause Young (Allocation Failure) 2598M->587M(2614M) 7.014ms
[4818.791s][info ][gc,cpu         ] GC(91) User=0.02s Sys=0.00s Real=0.01s
[4818.791s][info ][safepoint      ] Safepoint "ParallelGCFailedAllocation", Time since last: 6262545813 ns, Reaching safepoint: 5700 ns, Cleanup: 4100 ns, At safepoint: 7085362 ns, Total: 7095162 ns
[4821.791s][info ][safepoint      ] Safepoint "Cleanup", Time since last: 3000243452 ns, Reaching safepoint: 7100 ns, Cleanup: 11400 ns, At safepoint: 3200 ns, Total: 21700 ns
[4822.791s][info ][safepoint      ] Safepoint "Cleanup", Time since last: 1000115804 ns, Reaching safepoint: 6800 ns, Cleanup: 15100 ns, At safepoint: 2000 ns, Total: 23900 ns
[4823.791s][info ][safepoint      ] Safepoint "Cleanup", Time since last: 1000102004 ns, Reaching safepoint: 5900 ns, Cleanup: 11000 ns, At safepoint: 2000 ns, Total: 18900 ns
[4826.792s][info ][safepoint      ] Safepoint "Cleanup", Time since last: 3000250715 ns, Reaching safepoint: 5800 ns, Cleanup: 9400 ns, At safepoint: 2200 ns, Total: 17400 ns
[4842.793s][info ][safepoint      ] Safepoint "Cleanup", Time since last: 16001175067 ns, Reaching safepoint: 5400 ns, Cleanup: 11800 ns, At safepoint: 2600 ns, Total: 19800 ns
[4843.793s][info ][safepoint      ] Safepoint "Cleanup", Time since last: 1000116729 ns, Reaching safepoint: 5500 ns, Cleanup: 8800 ns, At safepoint: 1900 ns, Total: 16200 ns
[4849.793s][info ][safepoint      ] Safepoint "Cleanup", Time since last: 6000466472 ns, Reaching safepoint: 5000 ns, Cleanup: 8100 ns, At safepoint: 2200 ns, Total: 15300 ns
[4860.794s][info ][safepoint      ] Safepoint "Cleanup", Time since last: 11000795234 ns, Reaching safepoint: 4700 ns, Cleanup: 9400 ns, At safepoint: 2000 ns, Total: 16100 ns
[4864.793s][info ][gc,start       ] GC(92) Pause Young (Allocation Failure)
[4864.800s][debug][gc,phases      ] GC(92) Scavenge 6.686ms
[4864.800s][debug][gc,ref         ] GC(92) ReferenceProcessor::execute queues: 1, RefProcThreadModel::Single, marks_oops_alive: false
[4864.800s][debug][gc,ref         ] GC(92) Skipped KeepAliveFinalRefsPhase of Reference Processing: no references
[4864.800s][debug][gc,ref         ] GC(92) ReferenceProcessor::execute queues: 1, RefProcThreadModel::Single, marks_oops_alive: false
[4864.800s][debug][gc,phases      ] GC(92) Reference Processing 0.095ms
[4864.800s][debug][gc,phases      ] GC(92)   VM Weak                        Min:  0.0, Avg:  0.0, Max:  0.0, Diff:  0.0, Sum:  0.0, Workers: 4
[4864.800s][debug][gc,phases      ] GC(92)     Dead                           Min: 0, Avg:  0.0, Max: 0, Diff: 0, Sum: 0, Workers: 4
[4864.801s][debug][gc,phases      ] GC(92)     Total                          Min: 0, Avg: 249.5, Max: 998, Diff: 998, Sum: 998, Workers: 4
[4864.801s][debug][gc,phases      ] GC(92)   ObjectSynchronizer Weak        Min:  0.0, Avg:  0.0, Max:  0.0, Diff:  0.0, Sum:  0.0, Workers: 4
[4864.801s][debug][gc,phases      ] GC(92)     Dead                           Min: 0, Avg:  0.0, Max: 0, Diff: 0, Sum: 0, Workers: 4
[4864.801s][debug][gc,phases      ] GC(92)     Total                          Min: 0, Avg:  1.0, Max: 4, Diff: 4, Sum: 4, Workers: 4
[4864.801s][debug][gc,phases      ] GC(92)   JVMTI Tag Weak OopStorage      Min:  0.0, Avg:  0.0, Max:  0.0, Diff:  0.0, Sum:  0.0, Workers: 4
[4864.801s][debug][gc,phases      ] GC(92)     Dead                           Min: 0, Avg:  0.0, Max: 0, Diff: 0, Sum: 0, Workers: 4
[4864.801s][debug][gc,phases      ] GC(92)     Total                          Min: 0, Avg:  0.0, Max: 0, Diff: 0, Sum: 0, Workers: 4
[4864.801s][debug][gc,phases      ] GC(92)   StringTable Weak               Min:  0.0, Avg:  0.1, Max:  0.1, Diff:  0.1, Sum:  0.4, Workers: 4
[4864.801s][debug][gc,phases      ] GC(92)     Dead                           Min: 0, Avg:  0.0, Max: 0, Diff: 0, Sum: 0, Workers: 4
[4864.801s][debug][gc,phases      ] GC(92)     Total                          Min: 0, Avg: 11950.0, Max: 20601, Diff: 20601, Sum: 47800, Workers: 4
[4864.801s][debug][gc,phases      ] GC(92)   ResolvedMethodTable Weak       Min:  0.0, Avg:  0.0, Max:  0.0, Diff:  0.0, Sum:  0.1, Workers: 4
[4864.801s][debug][gc,phases      ] GC(92)     Dead                           Min: 0, Avg:  4.0, Max: 16, Diff: 16, Sum: 16, Workers: 4
[4864.801s][debug][gc,phases      ] GC(92)     Total                          Min: 0, Avg: 3924.2, Max: 6706, Diff: 6706, Sum: 15697, Workers: 4
[4864.801s][debug][gc,phases      ] GC(92)   JNI Weak                       Min:  0.0, Avg:  0.0, Max:  0.0, Diff:  0.0, Sum:  0.0, Workers: 4
[4864.801s][debug][gc,phases      ] GC(92)     Dead                           Min: 0, Avg:  0.0, Max: 0, Diff: 0, Sum: 0, Workers: 4
[4864.801s][debug][gc,phases      ] GC(92)     Total                          Min: 0, Avg: 13.0, Max: 52, Diff: 52, Sum: 52, Workers: 4
[4864.801s][debug][gc,phases      ] GC(92)   StringDedup Table Weak         Min:  0.0, Avg:  0.0, Max:  0.0, Diff:  0.0, Sum:  0.0, Workers: 4
[4864.801s][debug][gc,phases      ] GC(92)     Dead                           Min: 0, Avg:  0.0, Max: 0, Diff: 0, Sum: 0, Workers: 4
[4864.801s][debug][gc,phases      ] GC(92)     Total                          Min: 0, Avg:  0.0, Max: 0, Diff: 0, Sum: 0, Workers: 4
[4864.801s][debug][gc,phases      ] GC(92)   StringDedup Requests0 Weak     Min:  0.0, Avg:  0.0, Max:  0.0, Diff:  0.0, Sum:  0.0, Workers: 4
[4864.801s][debug][gc,phases      ] GC(92)     Dead                           Min: 0, Avg:  0.0, Max: 0, Diff: 0, Sum: 0, Workers: 4
[4864.801s][debug][gc,phases      ] GC(92)     Total                          Min: 0, Avg:  0.0, Max: 0, Diff: 0, Sum: 0, Workers: 4
[4864.801s][debug][gc,phases      ] GC(92)   StringDedup Requests1 Weak     Min:  0.0, Avg:  0.0, Max:  0.0, Diff:  0.0, Sum:  0.0, Workers: 4
[4864.801s][debug][gc,phases      ] GC(92)     Dead                           Min: 0, Avg:  0.0, Max: 0, Diff: 0, Sum: 0, Workers: 4
[4864.801s][debug][gc,phases      ] GC(92)     Total                          Min: 0, Avg:  0.0, Max: 0, Diff: 0, Sum: 0, Workers: 4
[4864.801s][debug][gc,phases      ] GC(92)   Weak JFR Old Object Samples    Min:  0.0, Avg:  0.0, Max:  0.0, Diff:  0.0, Sum:  0.0, Workers: 4
[4864.801s][debug][gc,phases      ] GC(92)     Dead                           Min: 0, Avg:  0.0, Max: 0, Diff: 0, Sum: 0, Workers: 4
[4864.801s][debug][gc,phases      ] GC(92)     Total                          Min: 0, Avg:  0.0, Max: 0, Diff: 0, Sum: 0, Workers: 4
[4864.801s][debug][gc,phases      ] GC(92) Weak Processing 0.387ms
[4864.801s][debug][gc,age         ] GC(92) Desired survivor size 16777216 bytes, new threshold 1 (max threshold 15)
[4864.801s][info ][gc,heap        ] GC(92) PSYoungGen: 2067840K(2080256K)->6208K(2079744K) Eden: 2062848K(2062848K)->0K(2062848K) From: 4992K(17408K)->6208K(16896K)
[4864.801s][info ][gc,heap        ] GC(92) ParOldGen: 596572K(596992K)->597760K(598016K)
[4864.801s][info ][gc,metaspace   ] GC(92) Metaspace: 111044K(112384K)->111044K(112384K) NonClass: 94474K(95232K)->94474K(95232K) Class: 16569K(17152K)->16569K(17152K)
[4864.801s][info ][gc             ] GC(92) Pause Young (Allocation Failure) 2601M->589M(2615M) 7.288ms
[4864.801s][info ][gc,cpu         ] GC(92) User=0.03s Sys=0.00s Real=0.01s
[4864.801s][info ][safepoint      ] Safepoint "ParallelGCFailedAllocation", Time since last: 3999083027 ns, Reaching safepoint: 6700 ns, Cleanup: 4600 ns, At safepoint: 7363272 ns, Total: 7374572 ns
[4897.803s][info ][safepoint      ] Safepoint "Cleanup", Time since last: 33002304368 ns, Reaching safepoint: 4800 ns, Cleanup: 9400 ns, At safepoint: 2100 ns, Total: 16300 ns
[4902.803s][info ][safepoint      ] Safepoint "Cleanup", Time since last: 5000375531 ns, Reaching safepoint: 5000 ns, Cleanup: 15500 ns, At safepoint: 2000 ns, Total: 22500 ns
[4925.554s][info ][safepoint      ] Safepoint "Cleanup", Time since last: 22750401664 ns, Reaching safepoint: 5100 ns, Cleanup: 9600 ns, At safepoint: 1900 ns, Total: 16600 ns
[4928.554s][info ][safepoint      ] Safepoint "Cleanup", Time since last: 3000250636 ns, Reaching safepoint: 5300 ns, Cleanup: 9100 ns, At safepoint: 1800 ns, Total: 16200 ns
[4936.320s][info ][gc,start       ] GC(93) Pause Young (Allocation Failure)
[4936.325s][debug][gc,phases      ] GC(93) Scavenge 4.954ms
[4936.325s][debug][gc,ref         ] GC(93) ReferenceProcessor::execute queues: 1, RefProcThreadModel::Single, marks_oops_alive: false
[4936.325s][debug][gc,ref         ] GC(93) Skipped KeepAliveFinalRefsPhase of Reference Processing: no references
[4936.325s][debug][gc,ref         ] GC(93) Skipped PhantomRefsPhase of Reference Processing: no references
[4936.325s][debug][gc,phases      ] GC(93) Reference Processing 0.098ms
[4936.326s][debug][gc,phases      ] GC(93)   VM Weak                        Min:  0.0, Avg:  0.0, Max:  0.0, Diff:  0.0, Sum:  0.0, Workers: 4
[4936.326s][debug][gc,phases      ] GC(93)     Dead                           Min: 0, Avg:  0.0, Max: 0, Diff: 0, Sum: 0, Workers: 4
[4936.326s][debug][gc,phases      ] GC(93)     Total                          Min: 0, Avg: 249.5, Max: 512, Diff: 512, Sum: 998, Workers: 4
[4936.326s][debug][gc,phases      ] GC(93)   ObjectSynchronizer Weak        Min:  0.0, Avg:  0.0, Max:  0.0, Diff:  0.0, Sum:  0.0, Workers: 4
[4936.326s][debug][gc,phases      ] GC(93)     Dead                           Min: 0, Avg:  0.0, Max: 0, Diff: 0, Sum: 0, Workers: 4
[4936.326s][debug][gc,phases      ] GC(93)     Total                          Min: 0, Avg:  1.0, Max: 4, Diff: 4, Sum: 4, Workers: 4
[4936.326s][debug][gc,phases      ] GC(93)   JVMTI Tag Weak OopStorage      Min:  0.0, Avg:  0.0, Max:  0.0, Diff:  0.0, Sum:  0.0, Workers: 4
[4936.326s][debug][gc,phases      ] GC(93)     Dead                           Min: 0, Avg:  0.0, Max: 0, Diff: 0, Sum: 0, Workers: 4
[4936.326s][debug][gc,phases      ] GC(93)     Total                          Min: 0, Avg:  0.0, Max: 0, Diff: 0, Sum: 0, Workers: 4
[4936.326s][debug][gc,phases      ] GC(93)   StringTable Weak               Min:  0.0, Avg:  0.1, Max:  0.1, Diff:  0.1, Sum:  0.4, Workers: 4
[4936.326s][debug][gc,phases      ] GC(93)     Dead                           Min: 0, Avg:  0.0, Max: 0, Diff: 0, Sum: 0, Workers: 4
[4936.326s][debug][gc,phases      ] GC(93)     Total                          Min: 0, Avg: 11950.0, Max: 20984, Diff: 20984, Sum: 47800, Workers: 4
[4936.326s][debug][gc,phases      ] GC(93)   ResolvedMethodTable Weak       Min:  0.0, Avg:  0.0, Max:  0.0, Diff:  0.0, Sum:  0.1, Workers: 4
[4936.326s][debug][gc,phases      ] GC(93)     Dead                           Min: 0, Avg:  4.0, Max: 16, Diff: 16, Sum: 16, Workers: 4
[4936.326s][debug][gc,phases      ] GC(93)     Total                          Min: 0, Avg: 3924.2, Max: 6726, Diff: 6726, Sum: 15697, Workers: 4
[4936.326s][debug][gc,phases      ] GC(93)   JNI Weak                       Min:  0.0, Avg:  0.0, Max:  0.0, Diff:  0.0, Sum:  0.0, Workers: 4
[4936.326s][debug][gc,phases      ] GC(93)     Dead                           Min: 0, Avg:  0.0, Max: 0, Diff: 0, Sum: 0, Workers: 4
[4936.326s][debug][gc,phases      ] GC(93)     Total                          Min: 0, Avg: 13.0, Max: 52, Diff: 52, Sum: 52, Workers: 4
[4936.326s][debug][gc,phases      ] GC(93)   StringDedup Table Weak         Min:  0.0, Avg:  0.0, Max:  0.0, Diff:  0.0, Sum:  0.0, Workers: 4
[4936.326s][debug][gc,phases      ] GC(93)     Dead                           Min: 0, Avg:  0.0, Max: 0, Diff: 0, Sum: 0, Workers: 4
[4936.326s][debug][gc,phases      ] GC(93)     Total                          Min: 0, Avg:  0.0, Max: 0, Diff: 0, Sum: 0, Workers: 4
[4936.326s][debug][gc,phases      ] GC(93)   StringDedup Requests0 Weak     Min:  0.0, Avg:  0.0, Max:  0.0, Diff:  0.0, Sum:  0.0, Workers: 4
[4936.326s][debug][gc,phases      ] GC(93)     Dead                           Min: 0, Avg:  0.0, Max: 0, Diff: 0, Sum: 0, Workers: 4
[4936.326s][debug][gc,phases      ] GC(93)     Total                          Min: 0, Avg:  0.0, Max: 0, Diff: 0, Sum: 0, Workers: 4
[4936.326s][debug][gc,phases      ] GC(93)   StringDedup Requests1 Weak     Min:  0.0, Avg:  0.0, Max:  0.0, Diff:  0.0, Sum:  0.0, Workers: 4
[4936.326s][debug][gc,phases      ] GC(93)     Dead                           Min: 0, Avg:  0.0, Max: 0, Diff: 0, Sum: 0, Workers: 4
[4936.326s][debug][gc,phases      ] GC(93)     Total                          Min: 0, Avg:  0.0, Max: 0, Diff: 0, Sum: 0, Workers: 4
[4936.326s][debug][gc,phases      ] GC(93)   Weak JFR Old Object Samples    Min:  0.0, Avg:  0.0, Max:  0.0, Diff:  0.0, Sum:  0.0, Workers: 4
[4936.326s][debug][gc,phases      ] GC(93)     Dead                           Min: 0, Avg:  0.0, Max: 0, Diff: 0, Sum: 0, Workers: 4
[4936.326s][debug][gc,phases      ] GC(93)     Total                          Min: 0, Avg:  0.0, Max: 0, Diff: 0, Sum: 0, Workers: 4
[4936.326s][debug][gc,phases      ] GC(93) Weak Processing 0.356ms
[4936.326s][debug][gc,age         ] GC(93) Desired survivor size 16252928 bytes, new threshold 1 (max threshold 15)
[4936.326s][info ][gc,heap        ] GC(93) PSYoungGen: 2069056K(2079744K)->4496K(2081280K) Eden: 2062848K(2062848K)->0K(2064896K) From: 6208K(16896K)->4496K(16384K)
[4936.326s][info ][gc,heap        ] GC(93) ParOldGen: 597760K(598016K)->599269K(599552K)
[4936.326s][info ][gc,metaspace   ] GC(93) Metaspace: 111047K(112384K)->111047K(112384K) NonClass: 94477K(95232K)->94477K(95232K) Class: 16569K(17152K)->16569K(17152K)
[4936.326s][info ][gc             ] GC(93) Pause Young (Allocation Failure) 2604M->589M(2618M) 5.522ms
[4936.326s][info ][gc,cpu         ] GC(93) User=0.02s Sys=0.00s Real=0.01s
[4936.326s][info ][safepoint      ] Safepoint "ParallelGCFailedAllocation", Time since last: 7765976660 ns, Reaching safepoint: 78400 ns, Cleanup: 3500 ns, At safepoint: 5593872 ns, Total: 5675772 ns
[4941.326s][info ][safepoint      ] Safepoint "Cleanup", Time since last: 5000358456 ns, Reaching safepoint: 5100 ns, Cleanup: 7600 ns, At safepoint: 1700 ns, Total: 14400 ns
[4942.326s][info ][safepoint      ] Safepoint "Cleanup", Time since last: 1000096974 ns, Reaching safepoint: 5900 ns, Cleanup: 13700 ns, At safepoint: 2100 ns, Total: 21700 ns
[4951.327s][info ][safepoint      ] Safepoint "Cleanup", Time since last: 9000646605 ns, Reaching safepoint: 5900 ns, Cleanup: 12100 ns, At safepoint: 2100 ns, Total: 20100 ns
[4954.327s][info ][safepoint      ] Safepoint "Cleanup", Time since last: 3000253692 ns, Reaching safepoint: 5700 ns, Cleanup: 10300 ns, At safepoint: 2000 ns, Total: 18000 ns
[4962.328s][info ][safepoint      ] Safepoint "Cleanup", Time since last: 8000590093 ns, Reaching safepoint: 5600 ns, Cleanup: 13500 ns, At safepoint: 2100 ns, Total: 21200 ns
[4975.329s][info ][safepoint      ] Safepoint "Cleanup", Time since last: 13000965152 ns, Reaching safepoint: 5500 ns, Cleanup: 12700 ns, At safepoint: 2000 ns, Total: 20200 ns
[4981.329s][info ][safepoint      ] Safepoint "Cleanup", Time since last: 6000479554 ns, Reaching safepoint: 5900 ns, Cleanup: 20700 ns, At safepoint: 2400 ns, Total: 29000 ns
[5002.470s][info ][gc,start       ] GC(94) Pause Young (Allocation Failure)
[5002.475s][debug][gc,phases      ] GC(94) Scavenge 4.136ms
[5002.475s][debug][gc,ref         ] GC(94) ReferenceProcessor::execute queues: 1, RefProcThreadModel::Single, marks_oops_alive: false
[5002.475s][debug][gc,ref         ] GC(94) Skipped KeepAliveFinalRefsPhase of Reference Processing: no references
[5002.475s][debug][gc,ref         ] GC(94) Skipped PhantomRefsPhase of Reference Processing: no references
[5002.475s][debug][gc,phases      ] GC(94) Reference Processing 0.096ms
[5002.475s][debug][gc,phases      ] GC(94)   VM Weak                        Min:  0.0, Avg:  0.0, Max:  0.0, Diff:  0.0, Sum:  0.0, Workers: 4
[5002.475s][debug][gc,phases      ] GC(94)     Dead                           Min: 0, Avg:  0.0, Max: 0, Diff: 0, Sum: 0, Workers: 4
[5002.475s][debug][gc,phases      ] GC(94)     Total                          Min: 0, Avg: 249.5, Max: 384, Diff: 384, Sum: 998, Workers: 4
[5002.475s][debug][gc,phases      ] GC(94)   ObjectSynchronizer Weak        Min:  0.0, Avg:  0.0, Max:  0.0, Diff:  0.0, Sum:  0.0, Workers: 4
[5002.475s][debug][gc,phases      ] GC(94)     Dead                           Min: 0, Avg:  0.0, Max: 0, Diff: 0, Sum: 0, Workers: 4
[5002.475s][debug][gc,phases      ] GC(94)     Total                          Min: 0, Avg:  0.8, Max: 3, Diff: 3, Sum: 3, Workers: 4
[5002.475s][debug][gc,phases      ] GC(94)   JVMTI Tag Weak OopStorage      Min:  0.0, Avg:  0.0, Max:  0.0, Diff:  0.0, Sum:  0.0, Workers: 4
[5002.475s][debug][gc,phases      ] GC(94)     Dead                           Min: 0, Avg:  0.0, Max: 0, Diff: 0, Sum: 0, Workers: 4
[5002.475s][debug][gc,phases      ] GC(94)     Total                          Min: 0, Avg:  0.0, Max: 0, Diff: 0, Sum: 0, Workers: 4
[5002.475s][debug][gc,phases      ] GC(94)   StringTable Weak               Min:  0.0, Avg:  0.1, Max:  0.1, Diff:  0.1, Sum:  0.4, Workers: 4
[5002.475s][debug][gc,phases      ] GC(94)     Dead                           Min: 0, Avg:  0.0, Max: 0, Diff: 0, Sum: 0, Workers: 4
[5002.475s][debug][gc,phases      ] GC(94)     Total                          Min: 0, Avg: 11950.0, Max: 20735, Diff: 20735, Sum: 47800, Workers: 4
[5002.475s][debug][gc,phases      ] GC(94)   ResolvedMethodTable Weak       Min:  0.0, Avg:  0.0, Max:  0.0, Diff:  0.0, Sum:  0.1, Workers: 4
[5002.475s][debug][gc,phases      ] GC(94)     Dead                           Min: 0, Avg:  4.0, Max: 16, Diff: 16, Sum: 16, Workers: 4
[5002.475s][debug][gc,phases      ] GC(94)     Total                          Min: 0, Avg: 3924.2, Max: 6520, Diff: 6520, Sum: 15697, Workers: 4
[5002.475s][debug][gc,phases      ] GC(94)   JNI Weak                       Min:  0.0, Avg:  0.0, Max:  0.0, Diff:  0.0, Sum:  0.0, Workers: 4
[5002.475s][debug][gc,phases      ] GC(94)     Dead                           Min: 0, Avg:  0.0, Max: 0, Diff: 0, Sum: 0, Workers: 4
[5002.475s][debug][gc,phases      ] GC(94)     Total                          Min: 0, Avg: 13.0, Max: 52, Diff: 52, Sum: 52, Workers: 4
[5002.475s][debug][gc,phases      ] GC(94)   StringDedup Table Weak         Min:  0.0, Avg:  0.0, Max:  0.0, Diff:  0.0, Sum:  0.0, Workers: 4
[5002.475s][debug][gc,phases      ] GC(94)     Dead                           Min: 0, Avg:  0.0, Max: 0, Diff: 0, Sum: 0, Workers: 4
[5002.475s][debug][gc,phases      ] GC(94)     Total                          Min: 0, Avg:  0.0, Max: 0, Diff: 0, Sum: 0, Workers: 4
[5002.475s][debug][gc,phases      ] GC(94)   StringDedup Requests0 Weak     Min:  0.0, Avg:  0.0, Max:  0.0, Diff:  0.0, Sum:  0.0, Workers: 4
[5002.475s][debug][gc,phases      ] GC(94)     Dead                           Min: 0, Avg:  0.0, Max: 0, Diff: 0, Sum: 0, Workers: 4
[5002.475s][debug][gc,phases      ] GC(94)     Total                          Min: 0, Avg:  0.0, Max: 0, Diff: 0, Sum: 0, Workers: 4
[5002.475s][debug][gc,phases      ] GC(94)   StringDedup Requests1 Weak     Min:  0.0, Avg:  0.0, Max:  0.0, Diff:  0.0, Sum:  0.0, Workers: 4
[5002.475s][debug][gc,phases      ] GC(94)     Dead                           Min: 0, Avg:  0.0, Max: 0, Diff: 0, Sum: 0, Workers: 4
[5002.475s][debug][gc,phases      ] GC(94)     Total                          Min: 0, Avg:  0.0, Max: 0, Diff: 0, Sum: 0, Workers: 4
[5002.475s][debug][gc,phases      ] GC(94)   Weak JFR Old Object Samples    Min:  0.0, Avg:  0.0, Max:  0.0, Diff:  0.0, Sum:  0.0, Workers: 4
[5002.475s][debug][gc,phases      ] GC(94)     Dead                           Min: 0, Avg:  0.0, Max: 0, Diff: 0, Sum: 0, Workers: 4
[5002.475s][debug][gc,phases      ] GC(94)     Total                          Min: 0, Avg:  0.0, Max: 0, Diff: 0, Sum: 0, Workers: 4
[5002.475s][debug][gc,phases      ] GC(94) Weak Processing 0.350ms
[5002.475s][debug][gc,age         ] GC(94) Desired survivor size 15728640 bytes, new threshold 1 (max threshold 15)
[5002.475s][info ][gc,heap        ] GC(94) PSYoungGen: 2069392K(2081280K)->4752K(2080768K) Eden: 2064896K(2064896K)->0K(2064896K) From: 4496K(16384K)->4752K(15872K)
[5002.475s][info ][gc,heap        ] GC(94) ParOldGen: 599269K(599552K)->600425K(600576K)
[5002.475s][info ][gc,metaspace   ] GC(94) Metaspace: 111057K(112384K)->111057K(112384K) NonClass: 94487K(95232K)->94487K(95232K) Class: 16569K(17152K)->16569K(17152K)
[5002.475s][info ][gc             ] GC(94) Pause Young (Allocation Failure) 2606M->590M(2618M) 4.703ms
[5002.475s][info ][gc,cpu         ] GC(94) User=0.02s Sys=0.00s Real=0.01s
[5002.475s][info ][safepoint      ] Safepoint "ParallelGCFailedAllocation", Time since last: 21140919486 ns, Reaching safepoint: 80000 ns, Cleanup: 3500 ns, At safepoint: 4793874 ns, Total: 4877374 ns
[5005.475s][info ][safepoint      ] Safepoint "Cleanup", Time since last: 3000217686 ns, Reaching safepoint: 5200 ns, Cleanup: 11300 ns, At safepoint: 1800 ns, Total: 18300 ns
[5006.475s][info ][safepoint      ] Safepoint "Cleanup", Time since last: 1000109006 ns, Reaching safepoint: 6200 ns, Cleanup: 15300 ns, At safepoint: 1999 ns, Total: 23499 ns
[5022.477s][info ][safepoint      ] Safepoint "Cleanup", Time since last: 16001144729 ns, Reaching safepoint: 5499 ns, Cleanup: 23100 ns, At safepoint: 1900 ns, Total: 30499 ns
[5025.477s][info ][safepoint      ] Safepoint "Cleanup", Time since last: 3000254847 ns, Reaching safepoint: 6000 ns, Cleanup: 10100 ns, At safepoint: 2200 ns, Total: 18300 ns
[5031.477s][info ][safepoint      ] Safepoint "Cleanup", Time since last: 6000463397 ns, Reaching safepoint: 5300 ns, Cleanup: 17400 ns, At safepoint: 2000 ns, Total: 24700 ns
[5032.478s][info ][safepoint      ] Safepoint "Cleanup", Time since last: 1000112270 ns, Reaching safepoint: 5600 ns, Cleanup: 13100 ns, At safepoint: 1700 ns, Total: 20400 ns
[5050.590s][info ][safepoint      ] Safepoint "Cleanup", Time since last: 18112285653 ns, Reaching safepoint: 5500 ns, Cleanup: 9400 ns, At safepoint: 2000 ns, Total: 16900 ns
[5055.590s][info ][safepoint      ] Safepoint "Cleanup", Time since last: 5000385835 ns, Reaching safepoint: 5400 ns, Cleanup: 9200 ns, At safepoint: 1700 ns, Total: 16300 ns
[5057.590s][info ][safepoint      ] Safepoint "Cleanup", Time since last: 2000174049 ns, Reaching safepoint: 5200 ns, Cleanup: 11100 ns, At safepoint: 1700 ns, Total: 18000 ns
[5067.591s][info ][safepoint      ] Safepoint "Cleanup", Time since last: 10000723032 ns, Reaching safepoint: 5200 ns, Cleanup: 9400 ns, At safepoint: 1900 ns, Total: 16500 ns
[5069.226s][info ][gc,start       ] GC(95) Pause Young (Allocation Failure)
[5069.230s][debug][gc,phases      ] GC(95) Scavenge 3.927ms
[5069.230s][debug][gc,ref         ] GC(95) ReferenceProcessor::execute queues: 1, RefProcThreadModel::Single, marks_oops_alive: false
[5069.230s][debug][gc,ref         ] GC(95) Skipped KeepAliveFinalRefsPhase of Reference Processing: no references
[5069.230s][debug][gc,ref         ] GC(95) ReferenceProcessor::execute queues: 1, RefProcThreadModel::Single, marks_oops_alive: false
[5069.230s][debug][gc,phases      ] GC(95) Reference Processing 0.097ms
[5069.230s][debug][gc,phases      ] GC(95)   VM Weak                        Min:  0.0, Avg:  0.0, Max:  0.0, Diff:  0.0, Sum:  0.0, Workers: 4
[5069.230s][debug][gc,phases      ] GC(95)     Dead                           Min: 0, Avg:  0.0, Max: 0, Diff: 0, Sum: 0, Workers: 4
[5069.230s][debug][gc,phases      ] GC(95)     Total                          Min: 0, Avg: 249.5, Max: 358, Diff: 358, Sum: 998, Workers: 4
[5069.230s][debug][gc,phases      ] GC(95)   ObjectSynchronizer Weak        Min:  0.0, Avg:  0.0, Max:  0.0, Diff:  0.0, Sum:  0.0, Workers: 4
[5069.230s][debug][gc,phases      ] GC(95)     Dead                           Min: 0, Avg:  0.0, Max: 0, Diff: 0, Sum: 0, Workers: 4
[5069.230s][debug][gc,phases      ] GC(95)     Total                          Min: 0, Avg:  1.0, Max: 4, Diff: 4, Sum: 4, Workers: 4
[5069.230s][debug][gc,phases      ] GC(95)   JVMTI Tag Weak OopStorage      Min:  0.0, Avg:  0.0, Max:  0.0, Diff:  0.0, Sum:  0.0, Workers: 4
[5069.230s][debug][gc,phases      ] GC(95)     Dead                           Min: 0, Avg:  0.0, Max: 0, Diff: 0, Sum: 0, Workers: 4
[5069.230s][debug][gc,phases      ] GC(95)     Total                          Min: 0, Avg:  0.0, Max: 0, Diff: 0, Sum: 0, Workers: 4
[5069.230s][debug][gc,phases      ] GC(95)   StringTable Weak               Min:  0.1, Avg:  0.1, Max:  0.1, Diff:  0.0, Sum:  0.4, Workers: 4
[5069.230s][debug][gc,phases      ] GC(95)     Dead                           Min: 0, Avg:  0.0, Max: 0, Diff: 0, Sum: 0, Workers: 4
[5069.230s][debug][gc,phases      ] GC(95)     Total                          Min: 11773, Avg: 11950.0, Max: 12155, Diff: 382, Sum: 47800, Workers: 4
[5069.230s][debug][gc,phases      ] GC(95)   ResolvedMethodTable Weak       Min:  0.0, Avg:  0.0, Max:  0.0, Diff:  0.0, Sum:  0.1, Workers: 4
[5069.230s][debug][gc,phases      ] GC(95)     Dead                           Min: 0, Avg:  4.0, Max: 16, Diff: 16, Sum: 16, Workers: 4
[5069.230s][debug][gc,phases      ] GC(95)     Total                          Min: 3738, Avg: 3924.2, Max: 4329, Diff: 591, Sum: 15697, Workers: 4
[5069.230s][debug][gc,phases      ] GC(95)   JNI Weak                       Min:  0.0, Avg:  0.0, Max:  0.0, Diff:  0.0, Sum:  0.0, Workers: 4
[5069.230s][debug][gc,phases      ] GC(95)     Dead                           Min: 0, Avg:  0.0, Max: 0, Diff: 0, Sum: 0, Workers: 4
[5069.230s][debug][gc,phases      ] GC(95)     Total                          Min: 0, Avg: 13.0, Max: 52, Diff: 52, Sum: 52, Workers: 4
[5069.230s][debug][gc,phases      ] GC(95)   StringDedup Table Weak         Min:  0.0, Avg:  0.0, Max:  0.0, Diff:  0.0, Sum:  0.0, Workers: 4
[5069.230s][debug][gc,phases      ] GC(95)     Dead                           Min: 0, Avg:  0.0, Max: 0, Diff: 0, Sum: 0, Workers: 4
[5069.230s][debug][gc,phases      ] GC(95)     Total                          Min: 0, Avg:  0.0, Max: 0, Diff: 0, Sum: 0, Workers: 4
[5069.230s][debug][gc,phases      ] GC(95)   StringDedup Requests0 Weak     Min:  0.0, Avg:  0.0, Max:  0.0, Diff:  0.0, Sum:  0.0, Workers: 4
[5069.230s][debug][gc,phases      ] GC(95)     Dead                           Min: 0, Avg:  0.0, Max: 0, Diff: 0, Sum: 0, Workers: 4
[5069.230s][debug][gc,phases      ] GC(95)     Total                          Min: 0, Avg:  0.0, Max: 0, Diff: 0, Sum: 0, Workers: 4
[5069.230s][debug][gc,phases      ] GC(95)   StringDedup Requests1 Weak     Min:  0.0, Avg:  0.0, Max:  0.0, Diff:  0.0, Sum:  0.0, Workers: 4
[5069.230s][debug][gc,phases      ] GC(95)     Dead                           Min: 0, Avg:  0.0, Max: 0, Diff: 0, Sum: 0, Workers: 4
[5069.230s][debug][gc,phases      ] GC(95)     Total                          Min: 0, Avg:  0.0, Max: 0, Diff: 0, Sum: 0, Workers: 4
[5069.230s][debug][gc,phases      ] GC(95)   Weak JFR Old Object Samples    Min:  0.0, Avg:  0.0, Max:  0.0, Diff:  0.0, Sum:  0.0, Workers: 4
[5069.230s][debug][gc,phases      ] GC(95)     Dead                           Min: 0, Avg:  0.0, Max: 0, Diff: 0, Sum: 0, Workers: 4
[5069.230s][debug][gc,phases      ] GC(95)     Total                          Min: 0, Avg:  0.0, Max: 0, Diff: 0, Sum: 0, Workers: 4
[5069.230s][debug][gc,phases      ] GC(95) Weak Processing 0.343ms
[5069.230s][debug][gc,age         ] GC(95) Desired survivor size 15204352 bytes, new threshold 1 (max threshold 15)
[5069.230s][info ][gc,heap        ] GC(95) PSYoungGen: 2069648K(2080768K)->4128K(2082304K) Eden: 2064896K(2064896K)->0K(2066944K) From: 4752K(15872K)->4128K(15360K)
[5069.230s][info ][gc,heap        ] GC(95) ParOldGen: 600425K(600576K)->601477K(601600K)
[5069.230s][info ][gc,metaspace   ] GC(95) Metaspace: 111067K(112448K)->111067K(112448K) NonClass: 94497K(95296K)->94497K(95296K) Class: 16569K(17152K)->16569K(17152K)
[5069.230s][info ][gc             ] GC(95) Pause Young (Allocation Failure) 2607M->591M(2621M) 4.470ms
[5069.230s][info ][gc,cpu         ] GC(95) User=0.02s Sys=0.00s Real=0.00s
[5069.230s][info ][safepoint      ] Safepoint "ParallelGCFailedAllocation", Time since last: 1634591220 ns, Reaching safepoint: 76999 ns, Cleanup: 3600 ns, At safepoint: 4537872 ns, Total: 4618471 ns
[5073.231s][info ][safepoint      ] Safepoint "Cleanup", Time since last: 4000296230 ns, Reaching safepoint: 5500 ns, Cleanup: 9100 ns, At safepoint: 1800 ns, Total: 16400 ns
[5087.232s][info ][safepoint      ] Safepoint "Cleanup", Time since last: 14000963401 ns, Reaching safepoint: 5500 ns, Cleanup: 9700 ns, At safepoint: 2000 ns, Total: 17200 ns
[5102.606s][info ][safepoint      ] Safepoint "Cleanup", Time since last: 15374210535 ns, Reaching safepoint: 6500 ns, Cleanup: 11700 ns, At safepoint: 2200 ns, Total: 20400 ns
[5111.607s][info ][safepoint      ] Safepoint "Cleanup", Time since last: 9000697830 ns, Reaching safepoint: 6200 ns, Cleanup: 9600 ns, At safepoint: 2300 ns, Total: 18100 ns
[5118.607s][info ][safepoint      ] Safepoint "Cleanup", Time since last: 7000526280 ns, Reaching safepoint: 6000 ns, Cleanup: 9100 ns, At safepoint: 2000 ns, Total: 17100 ns
[5121.607s][info ][safepoint      ] Safepoint "Cleanup", Time since last: 3000250157 ns, Reaching safepoint: 5700 ns, Cleanup: 8900 ns, At safepoint: 1900 ns, Total: 16500 ns
[5126.608s][info ][safepoint      ] Safepoint "Cleanup", Time since last: 5000375358 ns, Reaching safepoint: 5900 ns, Cleanup: 10800 ns, At safepoint: 21500 ns, Total: 38200 ns
[5138.851s][info ][gc,start       ] GC(96) Pause Young (Allocation Failure)
[5138.855s][debug][gc,phases      ] GC(96) Scavenge 3.730ms
[5138.855s][debug][gc,ref         ] GC(96) ReferenceProcessor::execute queues: 1, RefProcThreadModel::Single, marks_oops_alive: false
[5138.855s][debug][gc,ref         ] GC(96) Skipped KeepAliveFinalRefsPhase of Reference Processing: no references
[5138.855s][debug][gc,ref         ] GC(96) ReferenceProcessor::execute queues: 1, RefProcThreadModel::Single, marks_oops_alive: false
[5138.855s][debug][gc,phases      ] GC(96) Reference Processing 0.094ms
[5138.855s][debug][gc,phases      ] GC(96)   VM Weak                        Min:  0.0, Avg:  0.0, Max:  0.0, Diff:  0.0, Sum:  0.0, Workers: 4
[5138.855s][debug][gc,phases      ] GC(96)     Dead                           Min: 0, Avg:  0.0, Max: 0, Diff: 0, Sum: 0, Workers: 4
[5138.855s][debug][gc,phases      ] GC(96)     Total                          Min: 0, Avg: 249.5, Max: 998, Diff: 998, Sum: 998, Workers: 4
[5138.855s][debug][gc,phases      ] GC(96)   ObjectSynchronizer Weak        Min:  0.0, Avg:  0.0, Max:  0.0, Diff:  0.0, Sum:  0.0, Workers: 4
[5138.855s][debug][gc,phases      ] GC(96)     Dead                           Min: 0, Avg:  0.0, Max: 0, Diff: 0, Sum: 0, Workers: 4
[5138.855s][debug][gc,phases      ] GC(96)     Total                          Min: 0, Avg:  1.0, Max: 4, Diff: 4, Sum: 4, Workers: 4
[5138.855s][debug][gc,phases      ] GC(96)   JVMTI Tag Weak OopStorage      Min:  0.0, Avg:  0.0, Max:  0.0, Diff:  0.0, Sum:  0.0, Workers: 4
[5138.855s][debug][gc,phases      ] GC(96)     Dead                           Min: 0, Avg:  0.0, Max: 0, Diff: 0, Sum: 0, Workers: 4
[5138.855s][debug][gc,phases      ] GC(96)     Total                          Min: 0, Avg:  0.0, Max: 0, Diff: 0, Sum: 0, Workers: 4
[5138.855s][debug][gc,phases      ] GC(96)   StringTable Weak               Min:  0.0, Avg:  0.1, Max:  0.1, Diff:  0.1, Sum:  0.4, Workers: 4
[5138.855s][debug][gc,phases      ] GC(96)     Dead                           Min: 0, Avg:  0.0, Max: 0, Diff: 0, Sum: 0, Workers: 4
[5138.855s][debug][gc,phases      ] GC(96)     Total                          Min: 0, Avg: 11950.0, Max: 21565, Diff: 21565, Sum: 47800, Workers: 4
[5138.855s][debug][gc,phases      ] GC(96)   ResolvedMethodTable Weak       Min:  0.0, Avg:  0.0, Max:  0.0, Diff:  0.0, Sum:  0.1, Workers: 4
[5138.855s][debug][gc,phases      ] GC(96)     Dead                           Min: 0, Avg:  4.0, Max: 16, Diff: 16, Sum: 16, Workers: 4
[5138.855s][debug][gc,phases      ] GC(96)     Total                          Min: 0, Avg: 3924.2, Max: 6447, Diff: 6447, Sum: 15697, Workers: 4
[5138.855s][debug][gc,phases      ] GC(96)   JNI Weak                       Min:  0.0, Avg:  0.0, Max:  0.0, Diff:  0.0, Sum:  0.0, Workers: 4
[5138.855s][debug][gc,phases      ] GC(96)     Dead                           Min: 0, Avg:  0.0, Max: 0, Diff: 0, Sum: 0, Workers: 4
[5138.855s][debug][gc,phases      ] GC(96)     Total                          Min: 0, Avg: 13.0, Max: 52, Diff: 52, Sum: 52, Workers: 4
[5138.855s][debug][gc,phases      ] GC(96)   StringDedup Table Weak         Min:  0.0, Avg:  0.0, Max:  0.0, Diff:  0.0, Sum:  0.0, Workers: 4
[5138.855s][debug][gc,phases      ] GC(96)     Dead                           Min: 0, Avg:  0.0, Max: 0, Diff: 0, Sum: 0, Workers: 4
[5138.855s][debug][gc,phases      ] GC(96)     Total                          Min: 0, Avg:  0.0, Max: 0, Diff: 0, Sum: 0, Workers: 4
[5138.855s][debug][gc,phases      ] GC(96)   StringDedup Requests0 Weak     Min:  0.0, Avg:  0.0, Max:  0.0, Diff:  0.0, Sum:  0.0, Workers: 4
[5138.855s][debug][gc,phases      ] GC(96)     Dead                           Min: 0, Avg:  0.0, Max: 0, Diff: 0, Sum: 0, Workers: 4
[5138.855s][debug][gc,phases      ] GC(96)     Total                          Min: 0, Avg:  0.0, Max: 0, Diff: 0, Sum: 0, Workers: 4
[5138.855s][debug][gc,phases      ] GC(96)   StringDedup Requests1 Weak     Min:  0.0, Avg:  0.0, Max:  0.0, Diff:  0.0, Sum:  0.0, Workers: 4
[5138.855s][debug][gc,phases      ] GC(96)     Dead                           Min: 0, Avg:  0.0, Max: 0, Diff: 0, Sum: 0, Workers: 4
[5138.855s][debug][gc,phases      ] GC(96)     Total                          Min: 0, Avg:  0.0, Max: 0, Diff: 0, Sum: 0, Workers: 4
[5138.855s][debug][gc,phases      ] GC(96)   Weak JFR Old Object Samples    Min:  0.0, Avg:  0.0, Max:  0.0, Diff:  0.0, Sum:  0.0, Workers: 4
[5138.855s][debug][gc,phases      ] GC(96)     Dead                           Min: 0, Avg:  0.0, Max: 0, Diff: 0, Sum: 0, Workers: 4
[5138.855s][debug][gc,phases      ] GC(96)     Total                          Min: 0, Avg:  0.0, Max: 0, Diff: 0, Sum: 0, Workers: 4
[5138.855s][debug][gc,phases      ] GC(96) Weak Processing 0.326ms
[5138.855s][debug][gc,age         ] GC(96) Desired survivor size 15204352 bytes, new threshold 1 (max threshold 15)
[5138.855s][info ][gc,heap        ] GC(96) PSYoungGen: 2071072K(2082304K)->3872K(2081792K) Eden: 2066944K(2066944K)->0K(2066944K) From: 4128K(15360K)->3872K(14848K)
[5138.855s][info ][gc,heap        ] GC(96) ParOldGen: 601477K(601600K)->602373K(602624K)
[5138.855s][info ][gc,metaspace   ] GC(96) Metaspace: 111071K(112448K)->111071K(112448K) NonClass: 94501K(95296K)->94501K(95296K) Class: 16569K(17152K)->16569K(17152K)
[5138.855s][info ][gc             ] GC(96) Pause Young (Allocation Failure) 2609M->592M(2621M) 4.256ms
[5138.855s][info ][gc,cpu         ] GC(96) User=0.01s Sys=0.00s Real=0.01s
[5138.855s][info ][safepoint      ] Safepoint "ParallelGCFailedAllocation", Time since last: 12243076801 ns, Reaching safepoint: 5500 ns, Cleanup: 3900 ns, At safepoint: 4320175 ns, Total: 4329575 ns
[5148.856s][info ][safepoint      ] Safepoint "Cleanup", Time since last: 10000705689 ns, Reaching safepoint: 6000 ns, Cleanup: 8200 ns, At safepoint: 2100 ns, Total: 16300 ns
[5174.624s][info ][safepoint      ] Safepoint "Cleanup", Time since last: 25768018856 ns, Reaching safepoint: 5900 ns, Cleanup: 9700 ns, At safepoint: 2300 ns, Total: 17900 ns
[5184.625s][info ][safepoint      ] Safepoint "Cleanup", Time since last: 10000723353 ns, Reaching safepoint: 5700 ns, Cleanup: 9000 ns, At safepoint: 22400 ns, Total: 37100 ns
[5191.625s][info ][safepoint      ] Safepoint "Cleanup", Time since last: 7000514818 ns, Reaching safepoint: 5800 ns, Cleanup: 11700 ns, At safepoint: 2300 ns, Total: 19800 ns
[5202.529s][info ][gc,start       ] GC(97) Pause Young (Allocation Failure)
[5202.534s][debug][gc,phases      ] GC(97) Scavenge 4.465ms
[5202.534s][debug][gc,ref         ] GC(97) ReferenceProcessor::execute queues: 1, RefProcThreadModel::Single, marks_oops_alive: false
[5202.534s][debug][gc,ref         ] GC(97) Skipped KeepAliveFinalRefsPhase of Reference Processing: no references
[5202.534s][debug][gc,ref         ] GC(97) Skipped PhantomRefsPhase of Reference Processing: no references
[5202.534s][debug][gc,phases      ] GC(97) Reference Processing 0.103ms
[5202.534s][debug][gc,phases      ] GC(97)   VM Weak                        Min:  0.0, Avg:  0.0, Max:  0.0, Diff:  0.0, Sum:  0.0, Workers: 4
[5202.534s][debug][gc,phases      ] GC(97)     Dead                           Min: 0, Avg:  0.0, Max: 0, Diff: 0, Sum: 0, Workers: 4
[5202.534s][debug][gc,phases      ] GC(97)     Total                          Min: 0, Avg: 249.5, Max: 768, Diff: 768, Sum: 998, Workers: 4
[5202.534s][debug][gc,phases      ] GC(97)   ObjectSynchronizer Weak        Min:  0.0, Avg:  0.0, Max:  0.0, Diff:  0.0, Sum:  0.0, Workers: 4
[5202.534s][debug][gc,phases      ] GC(97)     Dead                           Min: 0, Avg:  0.0, Max: 0, Diff: 0, Sum: 0, Workers: 4
[5202.534s][debug][gc,phases      ] GC(97)     Total                          Min: 0, Avg:  1.0, Max: 4, Diff: 4, Sum: 4, Workers: 4
[5202.534s][debug][gc,phases      ] GC(97)   JVMTI Tag Weak OopStorage      Min:  0.0, Avg:  0.0, Max:  0.0, Diff:  0.0, Sum:  0.0, Workers: 4
[5202.534s][debug][gc,phases      ] GC(97)     Dead                           Min: 0, Avg:  0.0, Max: 0, Diff: 0, Sum: 0, Workers: 4
[5202.534s][debug][gc,phases      ] GC(97)     Total                          Min: 0, Avg:  0.0, Max: 0, Diff: 0, Sum: 0, Workers: 4
[5202.534s][debug][gc,phases      ] GC(97)   StringTable Weak               Min:  0.1, Avg:  0.1, Max:  0.1, Diff:  0.0, Sum:  0.4, Workers: 4
[5202.534s][debug][gc,phases      ] GC(97)     Dead                           Min: 0, Avg:  0.0, Max: 0, Diff: 0, Sum: 0, Workers: 4
[5202.534s][debug][gc,phases      ] GC(97)     Total                          Min: 11709, Avg: 11950.0, Max: 12219, Diff: 510, Sum: 47800, Workers: 4
[5202.534s][debug][gc,phases      ] GC(97)   ResolvedMethodTable Weak       Min:  0.0, Avg:  0.0, Max:  0.0, Diff:  0.0, Sum:  0.1, Workers: 4
[5202.534s][debug][gc,phases      ] GC(97)     Dead                           Min: 0, Avg:  4.0, Max: 16, Diff: 16, Sum: 16, Workers: 4
[5202.534s][debug][gc,phases      ] GC(97)     Total                          Min: 3458, Avg: 3924.2, Max: 4315, Diff: 857, Sum: 15697, Workers: 4
[5202.534s][debug][gc,phases      ] GC(97)   JNI Weak                       Min:  0.0, Avg:  0.0, Max:  0.0, Diff:  0.0, Sum:  0.0, Workers: 4
[5202.534s][debug][gc,phases      ] GC(97)     Dead                           Min: 0, Avg:  0.0, Max: 0, Diff: 0, Sum: 0, Workers: 4
[5202.534s][debug][gc,phases      ] GC(97)     Total                          Min: 0, Avg: 13.0, Max: 52, Diff: 52, Sum: 52, Workers: 4
[5202.534s][debug][gc,phases      ] GC(97)   StringDedup Table Weak         Min:  0.0, Avg:  0.0, Max:  0.0, Diff:  0.0, Sum:  0.0, Workers: 4
[5202.534s][debug][gc,phases      ] GC(97)     Dead                           Min: 0, Avg:  0.0, Max: 0, Diff: 0, Sum: 0, Workers: 4
[5202.534s][debug][gc,phases      ] GC(97)     Total                          Min: 0, Avg:  0.0, Max: 0, Diff: 0, Sum: 0, Workers: 4
[5202.534s][debug][gc,phases      ] GC(97)   StringDedup Requests0 Weak     Min:  0.0, Avg:  0.0, Max:  0.0, Diff:  0.0, Sum:  0.0, Workers: 4
[5202.534s][debug][gc,phases      ] GC(97)     Dead                           Min: 0, Avg:  0.0, Max: 0, Diff: 0, Sum: 0, Workers: 4
[5202.534s][debug][gc,phases      ] GC(97)     Total                          Min: 0, Avg:  0.0, Max: 0, Diff: 0, Sum: 0, Workers: 4
[5202.534s][debug][gc,phases      ] GC(97)   StringDedup Requests1 Weak     Min:  0.0, Avg:  0.0, Max:  0.0, Diff:  0.0, Sum:  0.0, Workers: 4
[5202.534s][debug][gc,phases      ] GC(97)     Dead                           Min: 0, Avg:  0.0, Max: 0, Diff: 0, Sum: 0, Workers: 4
[5202.534s][debug][gc,phases      ] GC(97)     Total                          Min: 0, Avg:  0.0, Max: 0, Diff: 0, Sum: 0, Workers: 4
[5202.534s][debug][gc,phases      ] GC(97)   Weak JFR Old Object Samples    Min:  0.0, Avg:  0.0, Max:  0.0, Diff:  0.0, Sum:  0.0, Workers: 4
[5202.534s][debug][gc,phases      ] GC(97)     Dead                           Min: 0, Avg:  0.0, Max: 0, Diff: 0, Sum: 0, Workers: 4
[5202.534s][debug][gc,phases      ] GC(97)     Total                          Min: 0, Avg:  0.0, Max: 0, Diff: 0, Sum: 0, Workers: 4
[5202.534s][debug][gc,phases      ] GC(97) Weak Processing 0.335ms
[5202.534s][debug][gc,age         ] GC(97) Desired survivor size 14155776 bytes, new threshold 1 (max threshold 15)
[5202.534s][info ][gc,heap        ] GC(97) PSYoungGen: 2070816K(2081792K)->4848K(2083328K) Eden: 2066944K(2066944K)->0K(2068480K) From: 3872K(14848K)->4848K(14848K)
[5202.534s][info ][gc,heap        ] GC(97) ParOldGen: 602373K(602624K)->602721K(603136K)
[5202.534s][info ][gc,metaspace   ] GC(97) Metaspace: 111075K(112448K)->111075K(112448K) NonClass: 94505K(95296K)->94505K(95296K) Class: 16569K(17152K)->16569K(17152K)
[5202.534s][info ][gc             ] GC(97) Pause Young (Allocation Failure) 2610M->593M(2623M) 5.045ms
[5202.534s][info ][gc,cpu         ] GC(97) User=0.02s Sys=0.00s Real=0.00s
[5202.534s][info ][safepoint      ] Safepoint "ParallelGCFailedAllocation", Time since last: 10903646566 ns, Reaching safepoint: 5200 ns, Cleanup: 4000 ns, At safepoint: 5108167 ns, Total: 5117367 ns
[5252.642s][info ][safepoint      ] Safepoint "Cleanup", Time since last: 50107943638 ns, Reaching safepoint: 6400 ns, Cleanup: 9800 ns, At safepoint: 2300 ns, Total: 18500 ns
[5258.643s][info ][safepoint      ] Safepoint "Cleanup", Time since last: 6000493873 ns, Reaching safepoint: 6200 ns, Cleanup: 39100 ns, At safepoint: 3900 ns, Total: 49200 ns
[5266.643s][info ][safepoint      ] Safepoint "Cleanup", Time since last: 8000635832 ns, Reaching safepoint: 6300 ns, Cleanup: 16399 ns, At safepoint: 2300 ns, Total: 24999 ns
[5267.229s][info ][gc,start       ] GC(98) Pause Young (Allocation Failure)
[5267.233s][debug][gc,phases      ] GC(98) Scavenge 4.035ms
[5267.233s][debug][gc,ref         ] GC(98) ReferenceProcessor::execute queues: 1, RefProcThreadModel::Single, marks_oops_alive: false
[5267.233s][debug][gc,ref         ] GC(98) Skipped KeepAliveFinalRefsPhase of Reference Processing: no references
[5267.233s][debug][gc,ref         ] GC(98) Skipped PhantomRefsPhase of Reference Processing: no references
[5267.233s][debug][gc,phases      ] GC(98) Reference Processing 0.102ms
[5267.233s][debug][gc,phases      ] GC(98)   VM Weak                        Min:  0.0, Avg:  0.0, Max:  0.0, Diff:  0.0, Sum:  0.0, Workers: 4
[5267.233s][debug][gc,phases      ] GC(98)     Dead                           Min: 0, Avg:  0.0, Max: 0, Diff: 0, Sum: 0, Workers: 4
[5267.233s][debug][gc,phases      ] GC(98)     Total                          Min: 0, Avg: 249.5, Max: 768, Diff: 768, Sum: 998, Workers: 4
[5267.233s][debug][gc,phases      ] GC(98)   ObjectSynchronizer Weak        Min:  0.0, Avg:  0.0, Max:  0.0, Diff:  0.0, Sum:  0.0, Workers: 4
[5267.233s][debug][gc,phases      ] GC(98)     Dead                           Min: 0, Avg:  0.0, Max: 0, Diff: 0, Sum: 0, Workers: 4
[5267.233s][debug][gc,phases      ] GC(98)     Total                          Min: 0, Avg:  1.0, Max: 4, Diff: 4, Sum: 4, Workers: 4
[5267.233s][debug][gc,phases      ] GC(98)   JVMTI Tag Weak OopStorage      Min:  0.0, Avg:  0.0, Max:  0.0, Diff:  0.0, Sum:  0.0, Workers: 4
[5267.233s][debug][gc,phases      ] GC(98)     Dead                           Min: 0, Avg:  0.0, Max: 0, Diff: 0, Sum: 0, Workers: 4
[5267.233s][debug][gc,phases      ] GC(98)     Total                          Min: 0, Avg:  0.0, Max: 0, Diff: 0, Sum: 0, Workers: 4
[5267.233s][debug][gc,phases      ] GC(98)   StringTable Weak               Min:  0.1, Avg:  0.1, Max:  0.1, Diff:  0.0, Sum:  0.4, Workers: 4
[5267.233s][debug][gc,phases      ] GC(98)     Dead                           Min: 0, Avg:  0.0, Max: 0, Diff: 0, Sum: 0, Workers: 4
[5267.233s][debug][gc,phases      ] GC(98)     Total                          Min: 11646, Avg: 11950.5, Max: 12159, Diff: 513, Sum: 47802, Workers: 4
[5267.233s][debug][gc,phases      ] GC(98)   ResolvedMethodTable Weak       Min:  0.0, Avg:  0.0, Max:  0.0, Diff:  0.0, Sum:  0.1, Workers: 4
[5267.233s][debug][gc,phases      ] GC(98)     Dead                           Min: 0, Avg:  4.0, Max: 16, Diff: 16, Sum: 16, Workers: 4
[5267.233s][debug][gc,phases      ] GC(98)     Total                          Min: 3780, Avg: 3924.2, Max: 4065, Diff: 285, Sum: 15697, Workers: 4
[5267.233s][debug][gc,phases      ] GC(98)   JNI Weak                       Min:  0.0, Avg:  0.0, Max:  0.0, Diff:  0.0, Sum:  0.0, Workers: 4
[5267.233s][debug][gc,phases      ] GC(98)     Dead                           Min: 0, Avg:  0.0, Max: 0, Diff: 0, Sum: 0, Workers: 4
[5267.233s][debug][gc,phases      ] GC(98)     Total                          Min: 0, Avg: 13.0, Max: 52, Diff: 52, Sum: 52, Workers: 4
[5267.233s][debug][gc,phases      ] GC(98)   StringDedup Table Weak         Min:  0.0, Avg:  0.0, Max:  0.0, Diff:  0.0, Sum:  0.0, Workers: 4
[5267.233s][debug][gc,phases      ] GC(98)     Dead                           Min: 0, Avg:  0.0, Max: 0, Diff: 0, Sum: 0, Workers: 4
[5267.233s][debug][gc,phases      ] GC(98)     Total                          Min: 0, Avg:  0.0, Max: 0, Diff: 0, Sum: 0, Workers: 4
[5267.233s][debug][gc,phases      ] GC(98)   StringDedup Requests0 Weak     Min:  0.0, Avg:  0.0, Max:  0.0, Diff:  0.0, Sum:  0.0, Workers: 4
[5267.233s][debug][gc,phases      ] GC(98)     Dead                           Min: 0, Avg:  0.0, Max: 0, Diff: 0, Sum: 0, Workers: 4
[5267.233s][debug][gc,phases      ] GC(98)     Total                          Min: 0, Avg:  0.0, Max: 0, Diff: 0, Sum: 0, Workers: 4
[5267.233s][debug][gc,phases      ] GC(98)   StringDedup Requests1 Weak     Min:  0.0, Avg:  0.0, Max:  0.0, Diff:  0.0, Sum:  0.0, Workers: 4
[5267.233s][debug][gc,phases      ] GC(98)     Dead                           Min: 0, Avg:  0.0, Max: 0, Diff: 0, Sum: 0, Workers: 4
[5267.233s][debug][gc,phases      ] GC(98)     Total                          Min: 0, Avg:  0.0, Max: 0, Diff: 0, Sum: 0, Workers: 4
[5267.233s][debug][gc,phases      ] GC(98)   Weak JFR Old Object Samples    Min:  0.0, Avg:  0.0, Max:  0.0, Diff:  0.0, Sum:  0.0, Workers: 4
[5267.233s][debug][gc,phases      ] GC(98)     Dead                           Min: 0, Avg:  0.0, Max: 0, Diff: 0, Sum: 0, Workers: 4
[5267.233s][debug][gc,phases      ] GC(98)     Total                          Min: 0, Avg:  0.0, Max: 0, Diff: 0, Sum: 0, Workers: 4
[5267.233s][debug][gc,phases      ] GC(98) Weak Processing 0.316ms
[5267.233s][debug][gc,age         ] GC(98) Desired survivor size 14155776 bytes, new threshold 1 (max threshold 15)
[5267.233s][info ][gc,heap        ] GC(98) PSYoungGen: 2073328K(2083328K)->4496K(2082304K) Eden: 2068480K(2068480K)->0K(2068480K) From: 4848K(14848K)->4496K(13824K)
[5267.233s][info ][gc,heap        ] GC(98) ParOldGen: 602721K(603136K)->603566K(603648K)
[5267.233s][info ][gc,metaspace   ] GC(98) Metaspace: 111095K(112448K)->111095K(112448K) NonClass: 94524K(95296K)->94524K(95296K) Class: 16570K(17152K)->16570K(17152K)
[5267.233s][info ][gc             ] GC(98) Pause Young (Allocation Failure) 2613M->593M(2623M) 4.560ms
[5267.234s][info ][gc,cpu         ] GC(98) User=0.02s Sys=0.00s Real=0.00s
[5267.234s][info ][safepoint      ] Safepoint "ParallelGCFailedAllocation", Time since last: 585638544 ns, Reaching safepoint: 6100 ns, Cleanup: 5300 ns, At safepoint: 4624070 ns, Total: 4635470 ns
[5287.657s][info ][safepoint      ] Safepoint "Cleanup", Time since last: 20423841928 ns, Reaching safepoint: 5200 ns, Cleanup: 10000 ns, At safepoint: 2100 ns, Total: 17300 ns
[5294.658s][info ][safepoint      ] Safepoint "Cleanup", Time since last: 7000540067 ns, Reaching safepoint: 5600 ns, Cleanup: 10400 ns, At safepoint: 2200 ns, Total: 18200 ns
[5299.658s][info ][safepoint      ] Safepoint "Cleanup", Time since last: 5000441018 ns, Reaching safepoint: 5000 ns, Cleanup: 20299 ns, At safepoint: 2000 ns, Total: 27299 ns
[5300.659s][info ][safepoint      ] Safepoint "Cleanup", Time since last: 1000106627 ns, Reaching safepoint: 6100 ns, Cleanup: 19100 ns, At safepoint: 2100 ns, Total: 27300 ns
[5302.659s][info ][safepoint      ] Safepoint "Cleanup", Time since last: 2000222752 ns, Reaching safepoint: 6000 ns, Cleanup: 11900 ns, At safepoint: 2200 ns, Total: 20100 ns
[5325.660s][info ][safepoint      ] Safepoint "Cleanup", Time since last: 23001680963 ns, Reaching safepoint: 6100 ns, Cleanup: 10500 ns, At safepoint: 2300 ns, Total: 18900 ns
[5330.661s][info ][safepoint      ] Safepoint "Cleanup", Time since last: 5000400978 ns, Reaching safepoint: 6000 ns, Cleanup: 10300 ns, At safepoint: 2900 ns, Total: 19200 ns
[5332.661s][info ][safepoint      ] Safepoint "Cleanup", Time since last: 2000209895 ns, Reaching safepoint: 6300 ns, Cleanup: 10200 ns, At safepoint: 2800 ns, Total: 19300 ns
[5339.370s][info ][gc,start       ] GC(99) Pause Young (Allocation Failure)
[5339.374s][debug][gc,phases      ] GC(99) Scavenge 3.815ms
[5339.374s][debug][gc,ref         ] GC(99) ReferenceProcessor::execute queues: 1, RefProcThreadModel::Single, marks_oops_alive: false
[5339.374s][debug][gc,ref         ] GC(99) Skipped KeepAliveFinalRefsPhase of Reference Processing: no references
[5339.374s][debug][gc,ref         ] GC(99) Skipped PhantomRefsPhase of Reference Processing: no references
[5339.374s][debug][gc,phases      ] GC(99) Reference Processing 0.092ms
[5339.374s][debug][gc,phases      ] GC(99)   VM Weak                        Min:  0.0, Avg:  0.0, Max:  0.0, Diff:  0.0, Sum:  0.0, Workers: 4
[5339.374s][debug][gc,phases      ] GC(99)     Dead                           Min: 0, Avg:  0.0, Max: 0, Diff: 0, Sum: 0, Workers: 4
[5339.374s][debug][gc,phases      ] GC(99)     Total                          Min: 0, Avg: 249.5, Max: 512, Diff: 512, Sum: 998, Workers: 4
[5339.374s][debug][gc,phases      ] GC(99)   ObjectSynchronizer Weak        Min:  0.0, Avg:  0.0, Max:  0.0, Diff:  0.0, Sum:  0.0, Workers: 4
[5339.374s][debug][gc,phases      ] GC(99)     Dead                           Min: 0, Avg:  0.0, Max: 0, Diff: 0, Sum: 0, Workers: 4
[5339.374s][debug][gc,phases      ] GC(99)     Total                          Min: 0, Avg:  1.0, Max: 4, Diff: 4, Sum: 4, Workers: 4
[5339.374s][debug][gc,phases      ] GC(99)   JVMTI Tag Weak OopStorage      Min:  0.0, Avg:  0.0, Max:  0.0, Diff:  0.0, Sum:  0.0, Workers: 4
[5339.374s][debug][gc,phases      ] GC(99)     Dead                           Min: 0, Avg:  0.0, Max: 0, Diff: 0, Sum: 0, Workers: 4
[5339.374s][debug][gc,phases      ] GC(99)     Total                          Min: 0, Avg:  0.0, Max: 0, Diff: 0, Sum: 0, Workers: 4
[5339.375s][debug][gc,phases      ] GC(99)   StringTable Weak               Min:  0.0, Avg:  0.1, Max:  0.1, Diff:  0.1, Sum:  0.4, Workers: 4
[5339.375s][debug][gc,phases      ] GC(99)     Dead                           Min: 0, Avg:  0.0, Max: 0, Diff: 0, Sum: 0, Workers: 4
[5339.375s][debug][gc,phases      ] GC(99)     Total                          Min: 0, Avg: 11950.8, Max: 20989, Diff: 20989, Sum: 47803, Workers: 4
[5339.375s][debug][gc,phases      ] GC(99)   ResolvedMethodTable Weak       Min:  0.0, Avg:  0.0, Max:  0.0, Diff:  0.0, Sum:  0.1, Workers: 4
[5339.375s][debug][gc,phases      ] GC(99)     Dead                           Min: 0, Avg:  4.0, Max: 16, Diff: 16, Sum: 16, Workers: 4
[5339.375s][debug][gc,phases      ] GC(99)     Total                          Min: 0, Avg: 3924.2, Max: 6752, Diff: 6752, Sum: 15697, Workers: 4
[5339.375s][debug][gc,phases      ] GC(99)   JNI Weak                       Min:  0.0, Avg:  0.0, Max:  0.0, Diff:  0.0, Sum:  0.0, Workers: 4
[5339.375s][debug][gc,phases      ] GC(99)     Dead                           Min: 0, Avg:  0.0, Max: 0, Diff: 0, Sum: 0, Workers: 4
[5339.375s][debug][gc,phases      ] GC(99)     Total                          Min: 0, Avg: 13.0, Max: 52, Diff: 52, Sum: 52, Workers: 4
[5339.375s][debug][gc,phases      ] GC(99)   StringDedup Table Weak         Min:  0.0, Avg:  0.0, Max:  0.0, Diff:  0.0, Sum:  0.0, Workers: 4
[5339.375s][debug][gc,phases      ] GC(99)     Dead                           Min: 0, Avg:  0.0, Max: 0, Diff: 0, Sum: 0, Workers: 4
[5339.375s][debug][gc,phases      ] GC(99)     Total                          Min: 0, Avg:  0.0, Max: 0, Diff: 0, Sum: 0, Workers: 4
[5339.375s][debug][gc,phases      ] GC(99)   StringDedup Requests0 Weak     Min:  0.0, Avg:  0.0, Max:  0.0, Diff:  0.0, Sum:  0.0, Workers: 4
[5339.375s][debug][gc,phases      ] GC(99)     Dead                           Min: 0, Avg:  0.0, Max: 0, Diff: 0, Sum: 0, Workers: 4
[5339.375s][debug][gc,phases      ] GC(99)     Total                          Min: 0, Avg:  0.0, Max: 0, Diff: 0, Sum: 0, Workers: 4
[5339.375s][debug][gc,phases      ] GC(99)   StringDedup Requests1 Weak     Min:  0.0, Avg:  0.0, Max:  0.0, Diff:  0.0, Sum:  0.0, Workers: 4
[5339.375s][debug][gc,phases      ] GC(99)     Dead                           Min: 0, Avg:  0.0, Max: 0, Diff: 0, Sum: 0, Workers: 4
[5339.375s][debug][gc,phases      ] GC(99)     Total                          Min: 0, Avg:  0.0, Max: 0, Diff: 0, Sum: 0, Workers: 4
[5339.375s][debug][gc,phases      ] GC(99)   Weak JFR Old Object Samples    Min:  0.0, Avg:  0.0, Max:  0.0, Diff:  0.0, Sum:  0.0, Workers: 4
[5339.375s][debug][gc,phases      ] GC(99)     Dead                           Min: 0, Avg:  0.0, Max: 0, Diff: 0, Sum: 0, Workers: 4
[5339.375s][debug][gc,phases      ] GC(99)     Total                          Min: 0, Avg:  0.0, Max: 0, Diff: 0, Sum: 0, Workers: 4
[5339.375s][debug][gc,phases      ] GC(99) Weak Processing 0.368ms
[5339.375s][debug][gc,age         ] GC(99) Desired survivor size 13631488 bytes, new threshold 1 (max threshold 15)
[5339.375s][info ][gc,heap        ] GC(99) PSYoungGen: 2072976K(2082304K)->4176K(2083840K) Eden: 2068480K(2068480K)->0K(2070016K) From: 4496K(13824K)->4176K(13824K)
[5339.375s][info ][gc,heap        ] GC(99) ParOldGen: 603566K(603648K)->604242K(604672K)
[5339.375s][info ][gc,metaspace   ] GC(99) Metaspace: 111101K(112448K)->111101K(112448K) NonClass: 94531K(95296K)->94531K(95296K) Class: 16570K(17152K)->16570K(17152K)
[5339.375s][info ][gc             ] GC(99) Pause Young (Allocation Failure) 2613M->594M(2625M) 4.389ms
[5339.375s][info ][gc,cpu         ] GC(99) User=0.01s Sys=0.00s Real=0.01s
[5339.375s][info ][safepoint      ] Safepoint "ParallelGCFailedAllocation", Time since last: 6708990192 ns, Reaching safepoint: 78999 ns, Cleanup: 3700 ns, At safepoint: 4479059 ns, Total: 4561758 ns
[5350.675s][info ][safepoint      ] Safepoint "Cleanup", Time since last: 11299979906 ns, Reaching safepoint: 5500 ns, Cleanup: 12800 ns, At safepoint: 2200 ns, Total: 20500 ns
[5364.676s][info ][safepoint      ] Safepoint "Cleanup", Time since last: 14000972810 ns, Reaching safepoint: 5700 ns, Cleanup: 9200 ns, At safepoint: 1500 ns, Total: 16400 ns
[5376.677s][info ][safepoint      ] Safepoint "Cleanup", Time since last: 12000858405 ns, Reaching safepoint: 6300 ns, Cleanup: 10700 ns, At safepoint: 2000 ns, Total: 19000 ns
[5385.677s][info ][safepoint      ] Safepoint "Cleanup", Time since last: 9000700588 ns, Reaching safepoint: 5600 ns, Cleanup: 9600 ns, At safepoint: 2000 ns, Total: 17200 ns
[5401.905s][info ][gc,start       ] GC(100) Pause Young (Allocation Failure)
[5401.912s][debug][gc,phases      ] GC(100) Scavenge 6.183ms
[5401.912s][debug][gc,ref         ] GC(100) ReferenceProcessor::execute queues: 1, RefProcThreadModel::Single, marks_oops_alive: false
[5401.912s][debug][gc,ref         ] GC(100) Skipped KeepAliveFinalRefsPhase of Reference Processing: no references
[5401.912s][debug][gc,ref         ] GC(100) Skipped PhantomRefsPhase of Reference Processing: no references
[5401.912s][debug][gc,phases      ] GC(100) Reference Processing 0.116ms
[5401.912s][debug][gc,phases      ] GC(100)   VM Weak                        Min:  0.0, Avg:  0.0, Max:  0.0, Diff:  0.0, Sum:  0.0, Workers: 4
[5401.912s][debug][gc,phases      ] GC(100)     Dead                           Min: 0, Avg:  0.0, Max: 0, Diff: 0, Sum: 0, Workers: 4
[5401.912s][debug][gc,phases      ] GC(100)     Total                          Min: 0, Avg: 249.5, Max: 614, Diff: 614, Sum: 998, Workers: 4
[5401.912s][debug][gc,phases      ] GC(100)   ObjectSynchronizer Weak        Min:  0.0, Avg:  0.0, Max:  0.0, Diff:  0.0, Sum:  0.0, Workers: 4
[5401.912s][debug][gc,phases      ] GC(100)     Dead                           Min: 0, Avg:  0.0, Max: 0, Diff: 0, Sum: 0, Workers: 4
[5401.912s][debug][gc,phases      ] GC(100)     Total                          Min: 0, Avg:  0.8, Max: 3, Diff: 3, Sum: 3, Workers: 4
[5401.912s][debug][gc,phases      ] GC(100)   JVMTI Tag Weak OopStorage      Min:  0.0, Avg:  0.0, Max:  0.0, Diff:  0.0, Sum:  0.0, Workers: 4
[5401.912s][debug][gc,phases      ] GC(100)     Dead                           Min: 0, Avg:  0.0, Max: 0, Diff: 0, Sum: 0, Workers: 4
[5401.912s][debug][gc,phases      ] GC(100)     Total                          Min: 0, Avg:  0.0, Max: 0, Diff: 0, Sum: 0, Workers: 4
[5401.912s][debug][gc,phases      ] GC(100)   StringTable Weak               Min:  0.0, Avg:  0.1, Max:  0.2, Diff:  0.2, Sum:  0.4, Workers: 4
[5401.912s][debug][gc,phases      ] GC(100)     Dead                           Min: 0, Avg:  0.0, Max: 0, Diff: 0, Sum: 0, Workers: 4
[5401.912s][debug][gc,phases      ] GC(100)     Total                          Min: 0, Avg: 11956.0, Max: 24640, Diff: 24640, Sum: 47824, Workers: 4
[5401.912s][debug][gc,phases      ] GC(100)   ResolvedMethodTable Weak       Min:  0.0, Avg:  0.0, Max:  0.1, Diff:  0.1, Sum:  0.1, Workers: 4
[5401.912s][debug][gc,phases      ] GC(100)     Dead                           Min: 0, Avg:  4.0, Max: 16, Diff: 16, Sum: 16, Workers: 4
[5401.912s][debug][gc,phases      ] GC(100)     Total                          Min: 0, Avg: 3924.2, Max: 8496, Diff: 8496, Sum: 15697, Workers: 4
[5401.912s][debug][gc,phases      ] GC(100)   JNI Weak                       Min:  0.0, Avg:  0.0, Max:  0.0, Diff:  0.0, Sum:  0.0, Workers: 4
[5401.912s][debug][gc,phases      ] GC(100)     Dead                           Min: 0, Avg:  0.0, Max: 0, Diff: 0, Sum: 0, Workers: 4
[5401.912s][debug][gc,phases      ] GC(100)     Total                          Min: 0, Avg: 13.0, Max: 52, Diff: 52, Sum: 52, Workers: 4
[5401.912s][debug][gc,phases      ] GC(100)   StringDedup Table Weak         Min:  0.0, Avg:  0.0, Max:  0.0, Diff:  0.0, Sum:  0.0, Workers: 4
[5401.912s][debug][gc,phases      ] GC(100)     Dead                           Min: 0, Avg:  0.0, Max: 0, Diff: 0, Sum: 0, Workers: 4
[5401.912s][debug][gc,phases      ] GC(100)     Total                          Min: 0, Avg:  0.0, Max: 0, Diff: 0, Sum: 0, Workers: 4
[5401.912s][debug][gc,phases      ] GC(100)   StringDedup Requests0 Weak     Min:  0.0, Avg:  0.0, Max:  0.0, Diff:  0.0, Sum:  0.0, Workers: 4
[5401.912s][debug][gc,phases      ] GC(100)     Dead                           Min: 0, Avg:  0.0, Max: 0, Diff: 0, Sum: 0, Workers: 4
[5401.912s][debug][gc,phases      ] GC(100)     Total                          Min: 0, Avg:  0.0, Max: 0, Diff: 0, Sum: 0, Workers: 4
[5401.912s][debug][gc,phases      ] GC(100)   StringDedup Requests1 Weak     Min:  0.0, Avg:  0.0, Max:  0.0, Diff:  0.0, Sum:  0.0, Workers: 4
[5401.912s][debug][gc,phases      ] GC(100)     Dead                           Min: 0, Avg:  0.0, Max: 0, Diff: 0, Sum: 0, Workers: 4
[5401.912s][debug][gc,phases      ] GC(100)     Total                          Min: 0, Avg:  0.0, Max: 0, Diff: 0, Sum: 0, Workers: 4
[5401.912s][debug][gc,phases      ] GC(100)   Weak JFR Old Object Samples    Min:  0.0, Avg:  0.0, Max:  0.0, Diff:  0.0, Sum:  0.0, Workers: 4
[5401.912s][debug][gc,phases      ] GC(100)     Dead                           Min: 0, Avg:  0.0, Max: 0, Diff: 0, Sum: 0, Workers: 4
[5401.912s][debug][gc,phases      ] GC(100)     Total                          Min: 0, Avg:  0.0, Max: 0, Diff: 0, Sum: 0, Workers: 4
[5401.912s][debug][gc,phases      ] GC(100) Weak Processing 0.567ms
[5401.912s][debug][gc,age         ] GC(100) Desired survivor size 13107200 bytes, new threshold 1 (max threshold 15)
[5401.912s][info ][gc,heap        ] GC(100) PSYoungGen: 2074192K(2083840K)->4536K(2083328K) Eden: 2070016K(2070016K)->0K(2070016K) From: 4176K(13824K)->4536K(13312K)
[5401.912s][info ][gc,heap        ] GC(100) ParOldGen: 604242K(604672K)->604938K(605184K)
[5401.912s][info ][gc,metaspace   ] GC(100) Metaspace: 111104K(112448K)->111104K(112448K) NonClass: 94533K(95296K)->94533K(95296K) Class: 16570K(17152K)->16570K(17152K)
[5401.912s][info ][gc             ] GC(100) Pause Young (Allocation Failure) 2615M->595M(2625M) 6.990ms
[5401.912s][info ][gc,cpu         ] GC(100) User=0.02s Sys=0.00s Real=0.00s
[5401.912s][info ][safepoint      ] Safepoint "ParallelGCFailedAllocation", Time since last: 16228110632 ns, Reaching safepoint: 4900 ns, Cleanup: 3800 ns, At safepoint: 7052752 ns, Total: 7061452 ns
[5406.913s][info ][safepoint      ] Safepoint "Cleanup", Time since last: 5000359548 ns, Reaching safepoint: 5200 ns, Cleanup: 15800 ns, At safepoint: 1900 ns, Total: 22900 ns
[5411.913s][info ][safepoint      ] Safepoint "Cleanup", Time since last: 5000384531 ns, Reaching safepoint: 4800 ns, Cleanup: 10500 ns, At safepoint: 2000 ns, Total: 17300 ns
[5430.915s][info ][safepoint      ] Safepoint "Cleanup", Time since last: 19001346738 ns, Reaching safepoint: 5400 ns, Cleanup: 9000 ns, At safepoint: 16900 ns, Total: 31300 ns
[5433.915s][info ][safepoint      ] Safepoint "Cleanup", Time since last: 3000298073 ns, Reaching safepoint: 6500 ns, Cleanup: 13900 ns, At safepoint: 2900 ns, Total: 23300 ns
[5439.916s][info ][safepoint      ] Safepoint "Cleanup", Time since last: 6000826829 ns, Reaching safepoint: 8000 ns, Cleanup: 12200 ns, At safepoint: 2400 ns, Total: 22600 ns
[5449.917s][info ][safepoint      ] Safepoint "Cleanup", Time since last: 10000764885 ns, Reaching safepoint: 6600 ns, Cleanup: 9700 ns, At safepoint: 15400 ns, Total: 31700 ns
[5460.922s][info ][gc,start       ] GC(101) Pause Young (Allocation Failure)
[5460.926s][debug][gc,phases      ] GC(101) Scavenge 4.790ms
[5460.927s][debug][gc,ref         ] GC(101) ReferenceProcessor::execute queues: 1, RefProcThreadModel::Single, marks_oops_alive: false
[5460.927s][debug][gc,ref         ] GC(101) Skipped KeepAliveFinalRefsPhase of Reference Processing: no references
[5460.927s][debug][gc,ref         ] GC(101) ReferenceProcessor::execute queues: 1, RefProcThreadModel::Single, marks_oops_alive: false
[5460.927s][debug][gc,phases      ] GC(101) Reference Processing 0.107ms
[5460.927s][debug][gc,phases      ] GC(101)   VM Weak                        Min:  0.0, Avg:  0.0, Max:  0.0, Diff:  0.0, Sum:  0.0, Workers: 4
[5460.927s][debug][gc,phases      ] GC(101)     Dead                           Min: 0, Avg:  0.0, Max: 0, Diff: 0, Sum: 0, Workers: 4
[5460.927s][debug][gc,phases      ] GC(101)     Total                          Min: 0, Avg: 249.5, Max: 998, Diff: 998, Sum: 998, Workers: 4
[5460.927s][debug][gc,phases      ] GC(101)   ObjectSynchronizer Weak        Min:  0.0, Avg:  0.0, Max:  0.0, Diff:  0.0, Sum:  0.0, Workers: 4
[5460.927s][debug][gc,phases      ] GC(101)     Dead                           Min: 0, Avg:  0.0, Max: 0, Diff: 0, Sum: 0, Workers: 4
[5460.927s][debug][gc,phases      ] GC(101)     Total                          Min: 0, Avg:  1.0, Max: 4, Diff: 4, Sum: 4, Workers: 4
[5460.927s][debug][gc,phases      ] GC(101)   JVMTI Tag Weak OopStorage      Min:  0.0, Avg:  0.0, Max:  0.0, Diff:  0.0, Sum:  0.0, Workers: 4
[5460.927s][debug][gc,phases      ] GC(101)     Dead                           Min: 0, Avg:  0.0, Max: 0, Diff: 0, Sum: 0, Workers: 4
[5460.927s][debug][gc,phases      ] GC(101)     Total                          Min: 0, Avg:  0.0, Max: 0, Diff: 0, Sum: 0, Workers: 4
[5460.927s][debug][gc,phases      ] GC(101)   StringTable Weak               Min:  0.0, Avg:  0.1, Max:  0.1, Diff:  0.1, Sum:  0.4, Workers: 4
[5460.927s][debug][gc,phases      ] GC(101)     Dead                           Min: 0, Avg:  0.5, Max: 2, Diff: 2, Sum: 2, Workers: 4
[5460.927s][debug][gc,phases      ] GC(101)     Total                          Min: 0, Avg: 11957.8, Max: 19711, Diff: 19711, Sum: 47831, Workers: 4
[5460.927s][debug][gc,phases      ] GC(101)   ResolvedMethodTable Weak       Min:  0.0, Avg:  0.0, Max:  0.0, Diff:  0.0, Sum:  0.1, Workers: 4
[5460.927s][debug][gc,phases      ] GC(101)     Dead                           Min: 0, Avg:  6.5, Max: 26, Diff: 26, Sum: 26, Workers: 4
[5460.927s][debug][gc,phases      ] GC(101)     Total                          Min: 0, Avg: 3927.2, Max: 6824, Diff: 6824, Sum: 15709, Workers: 4
[5460.927s][debug][gc,phases      ] GC(101)   JNI Weak                       Min:  0.0, Avg:  0.0, Max:  0.0, Diff:  0.0, Sum:  0.0, Workers: 4
[5460.927s][debug][gc,phases      ] GC(101)     Dead                           Min: 0, Avg:  0.0, Max: 0, Diff: 0, Sum: 0, Workers: 4
[5460.927s][debug][gc,phases      ] GC(101)     Total                          Min: 0, Avg: 13.0, Max: 52, Diff: 52, Sum: 52, Workers: 4
[5460.927s][debug][gc,phases      ] GC(101)   StringDedup Table Weak         Min:  0.0, Avg:  0.0, Max:  0.0, Diff:  0.0, Sum:  0.0, Workers: 4
[5460.927s][debug][gc,phases      ] GC(101)     Dead                           Min: 0, Avg:  0.0, Max: 0, Diff: 0, Sum: 0, Workers: 4
[5460.927s][debug][gc,phases      ] GC(101)     Total                          Min: 0, Avg:  0.0, Max: 0, Diff: 0, Sum: 0, Workers: 4
[5460.927s][debug][gc,phases      ] GC(101)   StringDedup Requests0 Weak     Min:  0.0, Avg:  0.0, Max:  0.0, Diff:  0.0, Sum:  0.0, Workers: 4
[5460.927s][debug][gc,phases      ] GC(101)     Dead                           Min: 0, Avg:  0.0, Max: 0, Diff: 0, Sum: 0, Workers: 4
[5460.927s][debug][gc,phases      ] GC(101)     Total                          Min: 0, Avg:  0.0, Max: 0, Diff: 0, Sum: 0, Workers: 4
[5460.927s][debug][gc,phases      ] GC(101)   StringDedup Requests1 Weak     Min:  0.0, Avg:  0.0, Max:  0.0, Diff:  0.0, Sum:  0.0, Workers: 4
[5460.927s][debug][gc,phases      ] GC(101)     Dead                           Min: 0, Avg:  0.0, Max: 0, Diff: 0, Sum: 0, Workers: 4
[5460.927s][debug][gc,phases      ] GC(101)     Total                          Min: 0, Avg:  0.0, Max: 0, Diff: 0, Sum: 0, Workers: 4
[5460.927s][debug][gc,phases      ] GC(101)   Weak JFR Old Object Samples    Min:  0.0, Avg:  0.0, Max:  0.0, Diff:  0.0, Sum:  0.0, Workers: 4
[5460.927s][debug][gc,phases      ] GC(101)     Dead                           Min: 0, Avg:  0.0, Max: 0, Diff: 0, Sum: 0, Workers: 4
[5460.927s][debug][gc,phases      ] GC(101)     Total                          Min: 0, Avg:  0.0, Max: 0, Diff: 0, Sum: 0, Workers: 4
[5460.927s][debug][gc,phases      ] GC(101) Weak Processing 0.352ms
[5460.927s][debug][gc,age         ] GC(101) Desired survivor size 12582912 bytes, new threshold 1 (max threshold 15)
[5460.927s][info ][gc,heap        ] GC(101) PSYoungGen: 2074552K(2083328K)->4592K(2084864K) Eden: 2070016K(2070016K)->0K(2072064K) From: 4536K(13312K)->4592K(12800K)
[5460.927s][info ][gc,heap        ] GC(101) ParOldGen: 604938K(605184K)->605399K(605696K)
[5460.927s][info ][gc,metaspace   ] GC(101) Metaspace: 111122K(112448K)->111122K(112448K) NonClass: 94547K(95296K)->94547K(95296K) Class: 16574K(17152K)->16574K(17152K)
[5460.927s][info ][gc             ] GC(101) Pause Young (Allocation Failure) 2616M->595M(2627M) 5.356ms
[5460.927s][info ][gc,cpu         ] GC(101) User=0.02s Sys=0.00s Real=0.01s
[5460.927s][info ][safepoint      ] Safepoint "ParallelGCFailedAllocation", Time since last: 11004879163 ns, Reaching safepoint: 76700 ns, Cleanup: 3400 ns, At safepoint: 5435662 ns, Total: 5515762 ns
[5466.711s][info ][safepoint      ] Safepoint "Cleanup", Time since last: 5783922340 ns, Reaching safepoint: 6000 ns, Cleanup: 9900 ns, At safepoint: 2200 ns, Total: 18100 ns
[5470.711s][info ][safepoint      ] Safepoint "Cleanup", Time since last: 4000330947 ns, Reaching safepoint: 7100 ns, Cleanup: 9800 ns, At safepoint: 2400 ns, Total: 19300 ns
[5473.712s][info ][safepoint      ] Safepoint "Cleanup", Time since last: 3000257218 ns, Reaching safepoint: 5500 ns, Cleanup: 9700 ns, At safepoint: 1800 ns, Total: 17000 ns
[5476.712s][info ][safepoint      ] Safepoint "Cleanup", Time since last: 3000259090 ns, Reaching safepoint: 5600 ns, Cleanup: 19100 ns, At safepoint: 2200 ns, Total: 26900 ns
[5486.713s][info ][safepoint      ] Safepoint "Cleanup", Time since last: 10000720604 ns, Reaching safepoint: 5800 ns, Cleanup: 9400 ns, At safepoint: 2300 ns, Total: 17500 ns
[5514.715s][info ][safepoint      ] Safepoint "Cleanup", Time since last: 28002028236 ns, Reaching safepoint: 6000 ns, Cleanup: 9600 ns, At safepoint: 2299 ns, Total: 17899 ns
[5515.715s][info ][safepoint      ] Safepoint "Cleanup", Time since last: 1000112210 ns, Reaching safepoint: 4800 ns, Cleanup: 9500 ns, At safepoint: 2000 ns, Total: 16300 ns
[5526.270s][info ][gc,start       ] GC(102) Pause Young (Allocation Failure)
[5526.274s][debug][gc,phases      ] GC(102) Scavenge 4.328ms
[5526.275s][debug][gc,ref         ] GC(102) ReferenceProcessor::execute queues: 1, RefProcThreadModel::Single, marks_oops_alive: false
[5526.275s][debug][gc,ref         ] GC(102) Skipped KeepAliveFinalRefsPhase of Reference Processing: no references
[5526.275s][debug][gc,ref         ] GC(102) ReferenceProcessor::execute queues: 1, RefProcThreadModel::Single, marks_oops_alive: false
[5526.275s][debug][gc,phases      ] GC(102) Reference Processing 0.113ms
[5526.275s][debug][gc,phases      ] GC(102)   VM Weak                        Min:  0.0, Avg:  0.0, Max:  0.0, Diff:  0.0, Sum:  0.0, Workers: 4
[5526.275s][debug][gc,phases      ] GC(102)     Dead                           Min: 0, Avg:  0.0, Max: 0, Diff: 0, Sum: 0, Workers: 4
[5526.275s][debug][gc,phases      ] GC(102)     Total                          Min: 0, Avg: 249.5, Max: 512, Diff: 512, Sum: 998, Workers: 4
[5526.275s][debug][gc,phases      ] GC(102)   ObjectSynchronizer Weak        Min:  0.0, Avg:  0.0, Max:  0.0, Diff:  0.0, Sum:  0.0, Workers: 4
[5526.275s][debug][gc,phases      ] GC(102)     Dead                           Min: 0, Avg:  0.0, Max: 0, Diff: 0, Sum: 0, Workers: 4
[5526.275s][debug][gc,phases      ] GC(102)     Total                          Min: 0, Avg:  1.0, Max: 4, Diff: 4, Sum: 4, Workers: 4
[5526.275s][debug][gc,phases      ] GC(102)   JVMTI Tag Weak OopStorage      Min:  0.0, Avg:  0.0, Max:  0.0, Diff:  0.0, Sum:  0.0, Workers: 4
[5526.275s][debug][gc,phases      ] GC(102)     Dead                           Min: 0, Avg:  0.0, Max: 0, Diff: 0, Sum: 0, Workers: 4
[5526.275s][debug][gc,phases      ] GC(102)     Total                          Min: 0, Avg:  0.0, Max: 0, Diff: 0, Sum: 0, Workers: 4
[5526.275s][debug][gc,phases      ] GC(102)   StringTable Weak               Min:  0.0, Avg:  0.1, Max:  0.1, Diff:  0.1, Sum:  0.3, Workers: 4
[5526.275s][debug][gc,phases      ] GC(102)     Dead                           Min: 0, Avg:  0.0, Max: 0, Diff: 0, Sum: 0, Workers: 4
[5526.275s][debug][gc,phases      ] GC(102)     Total                          Min: 0, Avg: 11958.0, Max: 21120, Diff: 21120, Sum: 47832, Workers: 4
[5526.275s][debug][gc,phases      ] GC(102)   ResolvedMethodTable Weak       Min:  0.0, Avg:  0.0, Max:  0.1, Diff:  0.1, Sum:  0.2, Workers: 4
[5526.275s][debug][gc,phases      ] GC(102)     Dead                           Min: 0, Avg:  8.2, Max: 20, Diff: 20, Sum: 33, Workers: 4
[5526.275s][debug][gc,phases      ] GC(102)     Total                          Min: 0, Avg: 3928.5, Max: 7755, Diff: 7755, Sum: 15714, Workers: 4
[5526.275s][debug][gc,phases      ] GC(102)   JNI Weak                       Min:  0.0, Avg:  0.0, Max:  0.0, Diff:  0.0, Sum:  0.0, Workers: 4
[5526.275s][debug][gc,phases      ] GC(102)     Dead                           Min: 0, Avg:  0.0, Max: 0, Diff: 0, Sum: 0, Workers: 4
[5526.275s][debug][gc,phases      ] GC(102)     Total                          Min: 0, Avg: 13.0, Max: 52, Diff: 52, Sum: 52, Workers: 4
[5526.275s][debug][gc,phases      ] GC(102)   StringDedup Table Weak         Min:  0.0, Avg:  0.0, Max:  0.0, Diff:  0.0, Sum:  0.0, Workers: 4
[5526.275s][debug][gc,phases      ] GC(102)     Dead                           Min: 0, Avg:  0.0, Max: 0, Diff: 0, Sum: 0, Workers: 4
[5526.275s][debug][gc,phases      ] GC(102)     Total                          Min: 0, Avg:  0.0, Max: 0, Diff: 0, Sum: 0, Workers: 4
[5526.275s][debug][gc,phases      ] GC(102)   StringDedup Requests0 Weak     Min:  0.0, Avg:  0.0, Max:  0.0, Diff:  0.0, Sum:  0.0, Workers: 4
[5526.275s][debug][gc,phases      ] GC(102)     Dead                           Min: 0, Avg:  0.0, Max: 0, Diff: 0, Sum: 0, Workers: 4
[5526.275s][debug][gc,phases      ] GC(102)     Total                          Min: 0, Avg:  0.0, Max: 0, Diff: 0, Sum: 0, Workers: 4
[5526.275s][debug][gc,phases      ] GC(102)   StringDedup Requests1 Weak     Min:  0.0, Avg:  0.0, Max:  0.0, Diff:  0.0, Sum:  0.0, Workers: 4
[5526.275s][debug][gc,phases      ] GC(102)     Dead                           Min: 0, Avg:  0.0, Max: 0, Diff: 0, Sum: 0, Workers: 4
[5526.275s][debug][gc,phases      ] GC(102)     Total                          Min: 0, Avg:  0.0, Max: 0, Diff: 0, Sum: 0, Workers: 4
[5526.275s][debug][gc,phases      ] GC(102)   Weak JFR Old Object Samples    Min:  0.0, Avg:  0.0, Max:  0.0, Diff:  0.0, Sum:  0.0, Workers: 4
[5526.275s][debug][gc,phases      ] GC(102)     Dead                           Min: 0, Avg:  0.0, Max: 0, Diff: 0, Sum: 0, Workers: 4
[5526.275s][debug][gc,phases      ] GC(102)     Total                          Min: 0, Avg:  0.0, Max: 0, Diff: 0, Sum: 0, Workers: 4
[5526.275s][debug][gc,phases      ] GC(102) Weak Processing 0.376ms
[5526.275s][debug][gc,age         ] GC(102) Desired survivor size 12058624 bytes, new threshold 1 (max threshold 15)
[5526.275s][info ][gc,heap        ] GC(102) PSYoungGen: 2076656K(2084864K)->4100K(2084352K) Eden: 2072064K(2072064K)->0K(2072064K) From: 4592K(12800K)->4100K(12288K)
[5526.275s][info ][gc,heap        ] GC(102) ParOldGen: 605399K(605696K)->606302K(606720K)
[5526.275s][info ][gc,metaspace   ] GC(102) Metaspace: 111130K(112448K)->111130K(112448K) NonClass: 94555K(95296K)->94555K(95296K) Class: 16574K(17152K)->16574K(17152K)
[5526.275s][info ][gc             ] GC(102) Pause Young (Allocation Failure) 2619M->596M(2628M) 4.929ms
[5526.275s][info ][gc,cpu         ] GC(102) User=0.01s Sys=0.00s Real=0.01s
[5526.275s][info ][safepoint      ] Safepoint "ParallelGCFailedAllocation", Time since last: 10555184322 ns, Reaching safepoint: 78899 ns, Cleanup: 3900 ns, At safepoint: 4996766 ns, Total: 5079565 ns
[5570.278s][info ][safepoint      ] Safepoint "Cleanup", Time since last: 44003135530 ns, Reaching safepoint: 4800 ns, Cleanup: 10800 ns, At safepoint: 1700 ns, Total: 17300 ns
[5576.279s][info ][safepoint      ] Safepoint "Cleanup", Time since last: 6000461828 ns, Reaching safepoint: 6000 ns, Cleanup: 10900 ns, At safepoint: 2200 ns, Total: 19100 ns
[5582.745s][info ][safepoint      ] Safepoint "Cleanup", Time since last: 6465957376 ns, Reaching safepoint: 7000 ns, Cleanup: 15900 ns, At safepoint: 2200 ns, Total: 25100 ns
[5586.745s][info ][safepoint      ] Safepoint "Cleanup", Time since last: 4000330267 ns, Reaching safepoint: 5400 ns, Cleanup: 12500 ns, At safepoint: 2000 ns, Total: 19900 ns
[5587.745s][info ][safepoint      ] Safepoint "Cleanup", Time since last: 1000115899 ns, Reaching safepoint: 6800 ns, Cleanup: 10200 ns, At safepoint: 2100 ns, Total: 19100 ns
[5588.948s][info ][gc,start       ] GC(103) Pause Young (Allocation Failure)
[5588.955s][debug][gc,phases      ] GC(103) Scavenge 6.528ms
[5588.955s][debug][gc,ref         ] GC(103) ReferenceProcessor::execute queues: 1, RefProcThreadModel::Single, marks_oops_alive: false
[5588.955s][debug][gc,ref         ] GC(103) Skipped KeepAliveFinalRefsPhase of Reference Processing: no references
[5588.955s][debug][gc,ref         ] GC(103) ReferenceProcessor::execute queues: 1, RefProcThreadModel::Single, marks_oops_alive: false
[5588.955s][debug][gc,phases      ] GC(103) Reference Processing 0.096ms
[5588.955s][debug][gc,phases      ] GC(103)   VM Weak                        Min:  0.0, Avg:  0.0, Max:  0.0, Diff:  0.0, Sum:  0.0, Workers: 4
[5588.955s][debug][gc,phases      ] GC(103)     Dead                           Min: 0, Avg:  0.0, Max: 0, Diff: 0, Sum: 0, Workers: 4
[5588.955s][debug][gc,phases      ] GC(103)     Total                          Min: 0, Avg: 249.5, Max: 640, Diff: 640, Sum: 998, Workers: 4
[5588.955s][debug][gc,phases      ] GC(103)   ObjectSynchronizer Weak        Min:  0.0, Avg:  0.0, Max:  0.0, Diff:  0.0, Sum:  0.0, Workers: 4
[5588.955s][debug][gc,phases      ] GC(103)     Dead                           Min: 0, Avg:  0.0, Max: 0, Diff: 0, Sum: 0, Workers: 4
[5588.955s][debug][gc,phases      ] GC(103)     Total                          Min: 0, Avg:  1.0, Max: 4, Diff: 4, Sum: 4, Workers: 4
[5588.955s][debug][gc,phases      ] GC(103)   JVMTI Tag Weak OopStorage      Min:  0.0, Avg:  0.0, Max:  0.0, Diff:  0.0, Sum:  0.0, Workers: 4
[5588.955s][debug][gc,phases      ] GC(103)     Dead                           Min: 0, Avg:  0.0, Max: 0, Diff: 0, Sum: 0, Workers: 4
[5588.955s][debug][gc,phases      ] GC(103)     Total                          Min: 0, Avg:  0.0, Max: 0, Diff: 0, Sum: 0, Workers: 4
[5588.955s][debug][gc,phases      ] GC(103)   StringTable Weak               Min:  0.1, Avg:  0.1, Max:  0.1, Diff:  0.0, Sum:  0.5, Workers: 4
[5588.955s][debug][gc,phases      ] GC(103)     Dead                           Min: 0, Avg:  0.0, Max: 0, Diff: 0, Sum: 0, Workers: 4
[5588.955s][debug][gc,phases      ] GC(103)     Total                          Min: 5632, Avg: 11958.0, Max: 15642, Diff: 10010, Sum: 47832, Workers: 4
[5588.955s][debug][gc,phases      ] GC(103)   ResolvedMethodTable Weak       Min:  0.0, Avg:  0.0, Max:  0.0, Diff:  0.0, Sum:  0.1, Workers: 4
[5588.955s][debug][gc,phases      ] GC(103)     Dead                           Min: 0, Avg:  4.0, Max: 8, Diff: 8, Sum: 16, Workers: 4
[5588.955s][debug][gc,phases      ] GC(103)     Total                          Min: 3613, Avg: 3928.5, Max: 4175, Diff: 562, Sum: 15714, Workers: 4
[5588.955s][debug][gc,phases      ] GC(103)   JNI Weak                       Min:  0.0, Avg:  0.0, Max:  0.0, Diff:  0.0, Sum:  0.0, Workers: 4
[5588.955s][debug][gc,phases      ] GC(103)     Dead                           Min: 0, Avg:  0.0, Max: 0, Diff: 0, Sum: 0, Workers: 4
[5588.955s][debug][gc,phases      ] GC(103)     Total                          Min: 0, Avg: 13.0, Max: 52, Diff: 52, Sum: 52, Workers: 4
[5588.955s][debug][gc,phases      ] GC(103)   StringDedup Table Weak         Min:  0.0, Avg:  0.0, Max:  0.0, Diff:  0.0, Sum:  0.0, Workers: 4
[5588.955s][debug][gc,phases      ] GC(103)     Dead                           Min: 0, Avg:  0.0, Max: 0, Diff: 0, Sum: 0, Workers: 4
[5588.955s][debug][gc,phases      ] GC(103)     Total                          Min: 0, Avg:  0.0, Max: 0, Diff: 0, Sum: 0, Workers: 4
[5588.955s][debug][gc,phases      ] GC(103)   StringDedup Requests0 Weak     Min:  0.0, Avg:  0.0, Max:  0.0, Diff:  0.0, Sum:  0.0, Workers: 4
[5588.955s][debug][gc,phases      ] GC(103)     Dead                           Min: 0, Avg:  0.0, Max: 0, Diff: 0, Sum: 0, Workers: 4
[5588.955s][debug][gc,phases      ] GC(103)     Total                          Min: 0, Avg:  0.0, Max: 0, Diff: 0, Sum: 0, Workers: 4
[5588.955s][debug][gc,phases      ] GC(103)   StringDedup Requests1 Weak     Min:  0.0, Avg:  0.0, Max:  0.0, Diff:  0.0, Sum:  0.0, Workers: 4
[5588.955s][debug][gc,phases      ] GC(103)     Dead                           Min: 0, Avg:  0.0, Max: 0, Diff: 0, Sum: 0, Workers: 4
[5588.955s][debug][gc,phases      ] GC(103)     Total                          Min: 0, Avg:  0.0, Max: 0, Diff: 0, Sum: 0, Workers: 4
[5588.955s][debug][gc,phases      ] GC(103)   Weak JFR Old Object Samples    Min:  0.0, Avg:  0.0, Max:  0.0, Diff:  0.0, Sum:  0.0, Workers: 4
[5588.955s][debug][gc,phases      ] GC(103)     Dead                           Min: 0, Avg:  0.0, Max: 0, Diff: 0, Sum: 0, Workers: 4
[5588.955s][debug][gc,phases      ] GC(103)     Total                          Min: 0, Avg:  0.0, Max: 0, Diff: 0, Sum: 0, Workers: 4
[5588.955s][debug][gc,phases      ] GC(103) Weak Processing 0.356ms
[5588.955s][debug][gc,age         ] GC(103) Desired survivor size 14155776 bytes, new threshold 1 (max threshold 15)
[5588.955s][info ][gc,heap        ] GC(103) PSYoungGen: 2076164K(2084352K)->11760K(2081280K) Eden: 2072064K(2072064K)->0K(2069504K) From: 4100K(12288K)->11760K(11776K)
[5588.955s][info ][gc,heap        ] GC(103) ParOldGen: 606302K(606720K)->607250K(607744K)
[5588.955s][info ][gc,metaspace   ] GC(103) Metaspace: 111132K(112448K)->111132K(112448K) NonClass: 94557K(95296K)->94557K(95296K) Class: 16574K(17152K)->16574K(17152K)
[5588.955s][info ][gc             ] GC(103) Pause Young (Allocation Failure) 2619M->604M(2626M) 7.088ms
[5588.955s][info ][gc,cpu         ] GC(103) User=0.03s Sys=0.00s Real=0.01s
[5588.955s][info ][safepoint      ] Safepoint "ParallelGCFailedAllocation", Time since last: 1203075019 ns, Reaching safepoint: 6300 ns, Cleanup: 4400 ns, At safepoint: 7152850 ns, Total: 7163550 ns
[5591.956s][info ][safepoint      ] Safepoint "Cleanup", Time since last: 3000222953 ns, Reaching safepoint: 23499 ns, Cleanup: 9500 ns, At safepoint: 2000 ns, Total: 34999 ns
[5596.956s][info ][safepoint      ] Safepoint "Cleanup", Time since last: 5000372362 ns, Reaching safepoint: 5600 ns, Cleanup: 8800 ns, At safepoint: 2100 ns, Total: 16500 ns
[5616.957s][info ][safepoint      ] Safepoint "Cleanup", Time since last: 20001396325 ns, Reaching safepoint: 5500 ns, Cleanup: 11600 ns, At safepoint: 3600 ns, Total: 20700 ns
[5629.958s][info ][safepoint      ] Safepoint "Cleanup", Time since last: 13000953219 ns, Reaching safepoint: 5100 ns, Cleanup: 9100 ns, At safepoint: 2000 ns, Total: 16200 ns
[5633.959s][info ][safepoint      ] Safepoint "Cleanup", Time since last: 4000306484 ns, Reaching safepoint: 5600 ns, Cleanup: 9200 ns, At safepoint: 2000 ns, Total: 16800 ns
[5642.973s][info ][gc,start       ] GC(104) Pause Young (Allocation Failure)
[5642.983s][debug][gc,phases      ] GC(104) Scavenge 9.354ms
[5642.983s][debug][gc,ref         ] GC(104) ReferenceProcessor::execute queues: 1, RefProcThreadModel::Single, marks_oops_alive: false
[5642.983s][debug][gc,ref         ] GC(104) Skipped KeepAliveFinalRefsPhase of Reference Processing: no references
[5642.983s][debug][gc,ref         ] GC(104) Skipped PhantomRefsPhase of Reference Processing: no references
[5642.983s][debug][gc,phases      ] GC(104) Reference Processing 0.102ms
[5642.983s][debug][gc,phases      ] GC(104)   VM Weak                        Min:  0.0, Avg:  0.0, Max:  0.0, Diff:  0.0, Sum:  0.0, Workers: 4
[5642.983s][debug][gc,phases      ] GC(104)     Dead                           Min: 0, Avg:  0.0, Max: 0, Diff: 0, Sum: 0, Workers: 4
[5642.983s][debug][gc,phases      ] GC(104)     Total                          Min: 0, Avg: 249.5, Max: 768, Diff: 768, Sum: 998, Workers: 4
[5642.983s][debug][gc,phases      ] GC(104)   ObjectSynchronizer Weak        Min:  0.0, Avg:  0.0, Max:  0.0, Diff:  0.0, Sum:  0.0, Workers: 4
[5642.983s][debug][gc,phases      ] GC(104)     Dead                           Min: 0, Avg:  0.0, Max: 0, Diff: 0, Sum: 0, Workers: 4
[5642.983s][debug][gc,phases      ] GC(104)     Total                          Min: 0, Avg:  0.8, Max: 3, Diff: 3, Sum: 3, Workers: 4
[5642.983s][debug][gc,phases      ] GC(104)   JVMTI Tag Weak OopStorage      Min:  0.0, Avg:  0.0, Max:  0.0, Diff:  0.0, Sum:  0.0, Workers: 4
[5642.983s][debug][gc,phases      ] GC(104)     Dead                           Min: 0, Avg:  0.0, Max: 0, Diff: 0, Sum: 0, Workers: 4
[5642.983s][debug][gc,phases      ] GC(104)     Total                          Min: 0, Avg:  0.0, Max: 0, Diff: 0, Sum: 0, Workers: 4
[5642.983s][debug][gc,phases      ] GC(104)   StringTable Weak               Min:  0.1, Avg:  0.1, Max:  0.1, Diff:  0.0, Sum:  0.4, Workers: 4
[5642.983s][debug][gc,phases      ] GC(104)     Dead                           Min: 0, Avg:  0.0, Max: 0, Diff: 0, Sum: 0, Workers: 4
[5642.983s][debug][gc,phases      ] GC(104)     Total                          Min: 11839, Avg: 11958.0, Max: 12095, Diff: 256, Sum: 47832, Workers: 4
[5642.983s][debug][gc,phases      ] GC(104)   ResolvedMethodTable Weak       Min:  0.0, Avg:  0.0, Max:  0.0, Diff:  0.0, Sum:  0.2, Workers: 4
[5642.983s][debug][gc,phases      ] GC(104)     Dead                           Min: 0, Avg:  4.0, Max: 16, Diff: 16, Sum: 16, Workers: 4
[5642.983s][debug][gc,phases      ] GC(104)     Total                          Min: 3874, Avg: 3928.5, Max: 3991, Diff: 117, Sum: 15714, Workers: 4
[5642.983s][debug][gc,phases      ] GC(104)   JNI Weak                       Min:  0.0, Avg:  0.0, Max:  0.0, Diff:  0.0, Sum:  0.0, Workers: 4
[5642.983s][debug][gc,phases      ] GC(104)     Dead                           Min: 0, Avg:  0.0, Max: 0, Diff: 0, Sum: 0, Workers: 4
[5642.983s][debug][gc,phases      ] GC(104)     Total                          Min: 0, Avg: 13.0, Max: 52, Diff: 52, Sum: 52, Workers: 4
[5642.983s][debug][gc,phases      ] GC(104)   StringDedup Table Weak         Min:  0.0, Avg:  0.0, Max:  0.0, Diff:  0.0, Sum:  0.0, Workers: 4
[5642.983s][debug][gc,phases      ] GC(104)     Dead                           Min: 0, Avg:  0.0, Max: 0, Diff: 0, Sum: 0, Workers: 4
[5642.983s][debug][gc,phases      ] GC(104)     Total                          Min: 0, Avg:  0.0, Max: 0, Diff: 0, Sum: 0, Workers: 4
[5642.983s][debug][gc,phases      ] GC(104)   StringDedup Requests0 Weak     Min:  0.0, Avg:  0.0, Max:  0.0, Diff:  0.0, Sum:  0.0, Workers: 4
[5642.983s][debug][gc,phases      ] GC(104)     Dead                           Min: 0, Avg:  0.0, Max: 0, Diff: 0, Sum: 0, Workers: 4
[5642.983s][debug][gc,phases      ] GC(104)     Total                          Min: 0, Avg:  0.0, Max: 0, Diff: 0, Sum: 0, Workers: 4
[5642.983s][debug][gc,phases      ] GC(104)   StringDedup Requests1 Weak     Min:  0.0, Avg:  0.0, Max:  0.0, Diff:  0.0, Sum:  0.0, Workers: 4
[5642.983s][debug][gc,phases      ] GC(104)     Dead                           Min: 0, Avg:  0.0, Max: 0, Diff: 0, Sum: 0, Workers: 4
[5642.983s][debug][gc,phases      ] GC(104)     Total                          Min: 0, Avg:  0.0, Max: 0, Diff: 0, Sum: 0, Workers: 4
[5642.983s][debug][gc,phases      ] GC(104)   Weak JFR Old Object Samples    Min:  0.0, Avg:  0.0, Max:  0.0, Diff:  0.0, Sum:  0.0, Workers: 4
[5642.983s][debug][gc,phases      ] GC(104)     Dead                           Min: 0, Avg:  0.0, Max: 0, Diff: 0, Sum: 0, Workers: 4
[5642.983s][debug][gc,phases      ] GC(104)     Total                          Min: 0, Avg:  0.0, Max: 0, Diff: 0, Sum: 0, Workers: 4
[5642.983s][debug][gc,phases      ] GC(104) Weak Processing 0.323ms
[5642.983s][debug][gc,age         ] GC(104) Desired survivor size 14680064 bytes, new threshold 1 (max threshold 15)
[5642.983s][info ][gc,heap        ] GC(104) PSYoungGen: 2081264K(2081280K)->9040K(2078720K) Eden: 2069504K(2069504K)->0K(2069504K) From: 11760K(11776K)->9040K(9216K)
[5642.983s][info ][gc,heap        ] GC(104) ParOldGen: 607250K(607744K)->615419K(615424K)
[5642.983s][info ][gc,metaspace   ] GC(104) Metaspace: 111140K(112448K)->111140K(112448K) NonClass: 94565K(95296K)->94565K(95296K) Class: 16574K(17152K)->16574K(17152K)
[5642.983s][info ][gc             ] GC(104) Pause Young (Allocation Failure) 2625M->609M(2631M) 9.896ms
[5642.983s][info ][gc,cpu         ] GC(104) User=0.03s Sys=0.01s Real=0.01s
[5642.983s][info ][safepoint      ] Safepoint "ParallelGCFailedAllocation", Time since last: 9014390236 ns, Reaching safepoint: 5200 ns, Cleanup: 3900 ns, At safepoint: 9963231 ns, Total: 9972331 ns
[5647.983s][info ][safepoint      ] Safepoint "Cleanup", Time since last: 5000358898 ns, Reaching safepoint: 5700 ns, Cleanup: 11300 ns, At safepoint: 2000 ns, Total: 19000 ns
[5663.985s][info ][safepoint      ] Safepoint "Cleanup", Time since last: 16001186615 ns, Reaching safepoint: 5600 ns, Cleanup: 9200 ns, At safepoint: 1900 ns, Total: 16700 ns
[5691.987s][info ][safepoint      ] Safepoint "Cleanup", Time since last: 28002011956 ns, Reaching safepoint: 6000 ns, Cleanup: 13000 ns, At safepoint: 1900 ns, Total: 20900 ns
[5693.987s][info ][safepoint      ] Safepoint "Cleanup", Time since last: 2000183988 ns, Reaching safepoint: 5400 ns, Cleanup: 16100 ns, At safepoint: 2100 ns, Total: 23600 ns
[5703.071s][info ][gc,start       ] GC(105) Pause Young (Allocation Failure)
[5703.077s][debug][gc,phases      ] GC(105) Scavenge 5.631ms
[5703.077s][debug][gc,ref         ] GC(105) ReferenceProcessor::execute queues: 1, RefProcThreadModel::Single, marks_oops_alive: false
[5703.077s][debug][gc,ref         ] GC(105) Skipped KeepAliveFinalRefsPhase of Reference Processing: no references
[5703.077s][debug][gc,ref         ] GC(105) Skipped PhantomRefsPhase of Reference Processing: no references
[5703.077s][debug][gc,phases      ] GC(105) Reference Processing 0.095ms
[5703.077s][debug][gc,phases      ] GC(105)   VM Weak                        Min:  0.0, Avg:  0.0, Max:  0.0, Diff:  0.0, Sum:  0.0, Workers: 4
[5703.077s][debug][gc,phases      ] GC(105)     Dead                           Min: 0, Avg:  0.0, Max: 0, Diff: 0, Sum: 0, Workers: 4
[5703.077s][debug][gc,phases      ] GC(105)     Total                          Min: 0, Avg: 249.5, Max: 960, Diff: 960, Sum: 998, Workers: 4
[5703.077s][debug][gc,phases      ] GC(105)   ObjectSynchronizer Weak        Min:  0.0, Avg:  0.0, Max:  0.0, Diff:  0.0, Sum:  0.0, Workers: 4
[5703.077s][debug][gc,phases      ] GC(105)     Dead                           Min: 0, Avg:  0.0, Max: 0, Diff: 0, Sum: 0, Workers: 4
[5703.077s][debug][gc,phases      ] GC(105)     Total                          Min: 0, Avg:  0.8, Max: 3, Diff: 3, Sum: 3, Workers: 4
[5703.077s][debug][gc,phases      ] GC(105)   JVMTI Tag Weak OopStorage      Min:  0.0, Avg:  0.0, Max:  0.0, Diff:  0.0, Sum:  0.0, Workers: 4
[5703.077s][debug][gc,phases      ] GC(105)     Dead                           Min: 0, Avg:  0.0, Max: 0, Diff: 0, Sum: 0, Workers: 4
[5703.077s][debug][gc,phases      ] GC(105)     Total                          Min: 0, Avg:  0.0, Max: 0, Diff: 0, Sum: 0, Workers: 4
[5703.077s][debug][gc,phases      ] GC(105)   StringTable Weak               Min:  0.0, Avg:  0.1, Max:  0.1, Diff:  0.1, Sum:  0.4, Workers: 4
[5703.077s][debug][gc,phases      ] GC(105)     Dead                           Min: 0, Avg:  0.0, Max: 0, Diff: 0, Sum: 0, Workers: 4
[5703.077s][debug][gc,phases      ] GC(105)     Total                          Min: 0, Avg: 11958.0, Max: 21120, Diff: 21120, Sum: 47832, Workers: 4
[5703.077s][debug][gc,phases      ] GC(105)   ResolvedMethodTable Weak       Min:  0.0, Avg:  0.0, Max:  0.0, Diff:  0.0, Sum:  0.1, Workers: 4
[5703.077s][debug][gc,phases      ] GC(105)     Dead                           Min: 0, Avg:  4.0, Max: 16, Diff: 16, Sum: 16, Workers: 4
[5703.077s][debug][gc,phases      ] GC(105)     Total                          Min: 0, Avg: 3928.5, Max: 6482, Diff: 6482, Sum: 15714, Workers: 4
[5703.077s][debug][gc,phases      ] GC(105)   JNI Weak                       Min:  0.0, Avg:  0.0, Max:  0.0, Diff:  0.0, Sum:  0.0, Workers: 4
[5703.077s][debug][gc,phases      ] GC(105)     Dead                           Min: 0, Avg:  0.0, Max: 0, Diff: 0, Sum: 0, Workers: 4
[5703.077s][debug][gc,phases      ] GC(105)     Total                          Min: 0, Avg: 13.0, Max: 52, Diff: 52, Sum: 52, Workers: 4
[5703.077s][debug][gc,phases      ] GC(105)   StringDedup Table Weak         Min:  0.0, Avg:  0.0, Max:  0.0, Diff:  0.0, Sum:  0.0, Workers: 4
[5703.077s][debug][gc,phases      ] GC(105)     Dead                           Min: 0, Avg:  0.0, Max: 0, Diff: 0, Sum: 0, Workers: 4
[5703.077s][debug][gc,phases      ] GC(105)     Total                          Min: 0, Avg:  0.0, Max: 0, Diff: 0, Sum: 0, Workers: 4
[5703.077s][debug][gc,phases      ] GC(105)   StringDedup Requests0 Weak     Min:  0.0, Avg:  0.0, Max:  0.0, Diff:  0.0, Sum:  0.0, Workers: 4
[5703.077s][debug][gc,phases      ] GC(105)     Dead                           Min: 0, Avg:  0.0, Max: 0, Diff: 0, Sum: 0, Workers: 4
[5703.077s][debug][gc,phases      ] GC(105)     Total                          Min: 0, Avg:  0.0, Max: 0, Diff: 0, Sum: 0, Workers: 4
[5703.077s][debug][gc,phases      ] GC(105)   StringDedup Requests1 Weak     Min:  0.0, Avg:  0.0, Max:  0.0, Diff:  0.0, Sum:  0.0, Workers: 4
[5703.077s][debug][gc,phases      ] GC(105)     Dead                           Min: 0, Avg:  0.0, Max: 0, Diff: 0, Sum: 0, Workers: 4
[5703.077s][debug][gc,phases      ] GC(105)     Total                          Min: 0, Avg:  0.0, Max: 0, Diff: 0, Sum: 0, Workers: 4
[5703.077s][debug][gc,phases      ] GC(105)   Weak JFR Old Object Samples    Min:  0.0, Avg:  0.0, Max:  0.0, Diff:  0.0, Sum:  0.0, Workers: 4
[5703.077s][debug][gc,phases      ] GC(105)     Dead                           Min: 0, Avg:  0.0, Max: 0, Diff: 0, Sum: 0, Workers: 4
[5703.077s][debug][gc,phases      ] GC(105)     Total                          Min: 0, Avg:  0.0, Max: 0, Diff: 0, Sum: 0, Workers: 4
[5703.077s][debug][gc,phases      ] GC(105) Weak Processing 0.354ms
[5703.077s][debug][gc,age         ] GC(105) Desired survivor size 14155776 bytes, new threshold 1 (max threshold 15)
[5703.077s][info ][gc,heap        ] GC(105) PSYoungGen: 2078544K(2078720K)->5039K(2083328K) Eden: 2069504K(2069504K)->0K(2068992K) From: 9040K(9216K)->5039K(14336K)
[5703.077s][info ][gc,heap        ] GC(105) ParOldGen: 615419K(615424K)->620595K(621056K)
[5703.077s][info ][gc,metaspace   ] GC(105) Metaspace: 111141K(112448K)->111141K(112448K) NonClass: 94566K(95296K)->94566K(95296K) Class: 16574K(17152K)->16574K(17152K)
[5703.077s][info ][gc             ] GC(105) Pause Young (Allocation Failure) 2630M->610M(2641M) 6.209ms
[5703.077s][info ][gc,cpu         ] GC(105) User=0.02s Sys=0.00s Real=0.01s
[5703.077s][info ][safepoint      ] Safepoint "ParallelGCFailedAllocation", Time since last: 9083895568 ns, Reaching safepoint: 74700 ns, Cleanup: 4100 ns, At safepoint: 6272690 ns, Total: 6351490 ns
[5712.078s][info ][safepoint      ] Safepoint "Cleanup", Time since last: 9000607343 ns, Reaching safepoint: 6200 ns, Cleanup: 11600 ns, At safepoint: 2500 ns, Total: 20300 ns
[5719.078s][info ][safepoint      ] Safepoint "Cleanup", Time since last: 7000512443 ns, Reaching safepoint: 93200 ns, Cleanup: 10000 ns, At safepoint: 8100 ns, Total: 111300 ns
[5744.080s][info ][safepoint      ] Safepoint "Cleanup", Time since last: 25001794427 ns, Reaching safepoint: 6200 ns, Cleanup: 9400 ns, At safepoint: 2300 ns, Total: 17900 ns
[5745.080s][info ][safepoint      ] Safepoint "Cleanup", Time since last: 1000114799 ns, Reaching safepoint: 5800 ns, Cleanup: 9700 ns, At safepoint: 2400 ns, Total: 17900 ns
[5750.772s][info ][gc,start       ] GC(106) Pause Young (Allocation Failure)
[5750.778s][debug][gc,phases      ] GC(106) Scavenge 5.968ms
[5750.778s][debug][gc,ref         ] GC(106) ReferenceProcessor::execute queues: 1, RefProcThreadModel::Single, marks_oops_alive: false
[5750.778s][debug][gc,ref         ] GC(106) Skipped KeepAliveFinalRefsPhase of Reference Processing: no references
[5750.778s][debug][gc,ref         ] GC(106) ReferenceProcessor::execute queues: 1, RefProcThreadModel::Single, marks_oops_alive: false
[5750.778s][debug][gc,phases      ] GC(106) Reference Processing 0.093ms
[5750.778s][debug][gc,phases      ] GC(106)   VM Weak                        Min:  0.0, Avg:  0.0, Max:  0.0, Diff:  0.0, Sum:  0.0, Workers: 4
[5750.778s][debug][gc,phases      ] GC(106)     Dead                           Min: 0, Avg:  0.0, Max: 0, Diff: 0, Sum: 0, Workers: 4
[5750.778s][debug][gc,phases      ] GC(106)     Total                          Min: 0, Avg: 249.5, Max: 512, Diff: 512, Sum: 998, Workers: 4
[5750.778s][debug][gc,phases      ] GC(106)   ObjectSynchronizer Weak        Min:  0.0, Avg:  0.0, Max:  0.0, Diff:  0.0, Sum:  0.0, Workers: 4
[5750.778s][debug][gc,phases      ] GC(106)     Dead                           Min: 0, Avg:  0.0, Max: 0, Diff: 0, Sum: 0, Workers: 4
[5750.778s][debug][gc,phases      ] GC(106)     Total                          Min: 0, Avg:  1.0, Max: 4, Diff: 4, Sum: 4, Workers: 4
[5750.778s][debug][gc,phases      ] GC(106)   JVMTI Tag Weak OopStorage      Min:  0.0, Avg:  0.0, Max:  0.0, Diff:  0.0, Sum:  0.0, Workers: 4
[5750.778s][debug][gc,phases      ] GC(106)     Dead                           Min: 0, Avg:  0.0, Max: 0, Diff: 0, Sum: 0, Workers: 4
[5750.778s][debug][gc,phases      ] GC(106)     Total                          Min: 0, Avg:  0.0, Max: 0, Diff: 0, Sum: 0, Workers: 4
[5750.778s][debug][gc,phases      ] GC(106)   StringTable Weak               Min:  0.0, Avg:  0.1, Max:  0.1, Diff:  0.1, Sum:  0.4, Workers: 4
[5750.778s][debug][gc,phases      ] GC(106)     Dead                           Min: 0, Avg:  0.0, Max: 0, Diff: 0, Sum: 0, Workers: 4
[5750.778s][debug][gc,phases      ] GC(106)     Total                          Min: 0, Avg: 11958.0, Max: 20991, Diff: 20991, Sum: 47832, Workers: 4
[5750.778s][debug][gc,phases      ] GC(106)   ResolvedMethodTable Weak       Min:  0.0, Avg:  0.0, Max:  0.0, Diff:  0.0, Sum:  0.1, Workers: 4
[5750.778s][debug][gc,phases      ] GC(106)     Dead                           Min: 0, Avg:  4.0, Max: 16, Diff: 16, Sum: 16, Workers: 4
[5750.778s][debug][gc,phases      ] GC(106)     Total                          Min: 0, Avg: 3928.5, Max: 6485, Diff: 6485, Sum: 15714, Workers: 4
[5750.778s][debug][gc,phases      ] GC(106)   JNI Weak                       Min:  0.0, Avg:  0.0, Max:  0.0, Diff:  0.0, Sum:  0.0, Workers: 4
[5750.778s][debug][gc,phases      ] GC(106)     Dead                           Min: 0, Avg:  0.0, Max: 0, Diff: 0, Sum: 0, Workers: 4
[5750.778s][debug][gc,phases      ] GC(106)     Total                          Min: 0, Avg: 13.0, Max: 52, Diff: 52, Sum: 52, Workers: 4
[5750.778s][debug][gc,phases      ] GC(106)   StringDedup Table Weak         Min:  0.0, Avg:  0.0, Max:  0.0, Diff:  0.0, Sum:  0.0, Workers: 4
[5750.778s][debug][gc,phases      ] GC(106)     Dead                           Min: 0, Avg:  0.0, Max: 0, Diff: 0, Sum: 0, Workers: 4
[5750.778s][debug][gc,phases      ] GC(106)     Total                          Min: 0, Avg:  0.0, Max: 0, Diff: 0, Sum: 0, Workers: 4
[5750.778s][debug][gc,phases      ] GC(106)   StringDedup Requests0 Weak     Min:  0.0, Avg:  0.0, Max:  0.0, Diff:  0.0, Sum:  0.0, Workers: 4
[5750.778s][debug][gc,phases      ] GC(106)     Dead                           Min: 0, Avg:  0.0, Max: 0, Diff: 0, Sum: 0, Workers: 4
[5750.778s][debug][gc,phases      ] GC(106)     Total                          Min: 0, Avg:  0.0, Max: 0, Diff: 0, Sum: 0, Workers: 4
[5750.778s][debug][gc,phases      ] GC(106)   StringDedup Requests1 Weak     Min:  0.0, Avg:  0.0, Max:  0.0, Diff:  0.0, Sum:  0.0, Workers: 4
[5750.778s][debug][gc,phases      ] GC(106)     Dead                           Min: 0, Avg:  0.0, Max: 0, Diff: 0, Sum: 0, Workers: 4
[5750.778s][debug][gc,phases      ] GC(106)     Total                          Min: 0, Avg:  0.0, Max: 0, Diff: 0, Sum: 0, Workers: 4
[5750.778s][debug][gc,phases      ] GC(106)   Weak JFR Old Object Samples    Min:  0.0, Avg:  0.0, Max:  0.0, Diff:  0.0, Sum:  0.0, Workers: 4
[5750.778s][debug][gc,phases      ] GC(106)     Dead                           Min: 0, Avg:  0.0, Max: 0, Diff: 0, Sum: 0, Workers: 4
[5750.778s][debug][gc,phases      ] GC(106)     Total                          Min: 0, Avg:  0.0, Max: 0, Diff: 0, Sum: 0, Workers: 4
[5750.778s][debug][gc,phases      ] GC(106) Weak Processing 0.330ms
[5750.778s][debug][gc,age         ] GC(106) Desired survivor size 14680064 bytes, new threshold 1 (max threshold 15)
[5750.778s][info ][gc,heap        ] GC(106) PSYoungGen: 2074031K(2083328K)->9905K(2082816K) Eden: 2068992K(2068992K)->0K(2068992K) From: 5039K(14336K)->9905K(13824K)
[5750.778s][info ][gc,heap        ] GC(106) ParOldGen: 620595K(621056K)->622159K(622592K)
[5750.778s][info ][gc,metaspace   ] GC(106) Metaspace: 111153K(112512K)->111153K(112512K) NonClass: 94578K(95360K)->94578K(95360K) Class: 16574K(17152K)->16574K(17152K)
[5750.778s][info ][gc             ] GC(106) Pause Young (Allocation Failure) 2631M->617M(2642M) 6.516ms
[5750.778s][info ][gc,cpu         ] GC(106) User=0.03s Sys=0.01s Real=0.01s
[5750.778s][info ][safepoint      ] Safepoint "ParallelGCFailedAllocation", Time since last: 5691273454 ns, Reaching safepoint: 78000 ns, Cleanup: 3600 ns, At safepoint: 6587689 ns, Total: 6669289 ns
[5753.779s][info ][safepoint      ] Safepoint "Cleanup", Time since last: 3000225909 ns, Reaching safepoint: 6300 ns, Cleanup: 9900 ns, At safepoint: 2500 ns, Total: 18700 ns
[5756.779s][info ][safepoint      ] Safepoint "Cleanup", Time since last: 3000250094 ns, Reaching safepoint: 6200 ns, Cleanup: 9500 ns, At safepoint: 2300 ns, Total: 18000 ns
[5761.779s][info ][safepoint      ] Safepoint "Cleanup", Time since last: 5000394575 ns, Reaching safepoint: 5800 ns, Cleanup: 9000 ns, At safepoint: 2200 ns, Total: 17000 ns
[5766.797s][info ][safepoint      ] Safepoint "Cleanup", Time since last: 5017454645 ns, Reaching safepoint: 6100 ns, Cleanup: 13500 ns, At safepoint: 2100 ns, Total: 21700 ns
[5769.797s][info ][safepoint      ] Safepoint "Cleanup", Time since last: 3000248759 ns, Reaching safepoint: 6100 ns, Cleanup: 9600 ns, At safepoint: 1800 ns, Total: 17500 ns
[5770.797s][info ][safepoint      ] Safepoint "Cleanup", Time since last: 1000108586 ns, Reaching safepoint: 6100 ns, Cleanup: 11300 ns, At safepoint: 2000 ns, Total: 19400 ns
[5771.797s][info ][safepoint      ] Safepoint "Cleanup", Time since last: 1000112386 ns, Reaching safepoint: 6000 ns, Cleanup: 9700 ns, At safepoint: 2100 ns, Total: 17800 ns
[5774.797s][info ][safepoint      ] Safepoint "Cleanup", Time since last: 3000252655 ns, Reaching safepoint: 5800 ns, Cleanup: 11800 ns, At safepoint: 2400 ns, Total: 20000 ns
[5790.799s][info ][safepoint      ] Safepoint "Cleanup", Time since last: 16001192548 ns, Reaching safepoint: 5500 ns, Cleanup: 11300 ns, At safepoint: 2400 ns, Total: 19200 ns
[5791.799s][info ][safepoint      ] Safepoint "Cleanup", Time since last: 1000118417 ns, Reaching safepoint: 6100 ns, Cleanup: 11300 ns, At safepoint: 2200 ns, Total: 19600 ns
[5795.799s][info ][safepoint      ] Safepoint "Cleanup", Time since last: 4000329952 ns, Reaching safepoint: 6900 ns, Cleanup: 10800 ns, At safepoint: 2100 ns, Total: 19800 ns
[5797.425s][info ][gc,start       ] GC(107) Pause Young (Allocation Failure)
[5797.434s][debug][gc,phases      ] GC(107) Scavenge 9.267ms
[5797.434s][debug][gc,ref         ] GC(107) ReferenceProcessor::execute queues: 1, RefProcThreadModel::Single, marks_oops_alive: false
[5797.434s][debug][gc,ref         ] GC(107) Skipped KeepAliveFinalRefsPhase of Reference Processing: no references
[5797.434s][debug][gc,ref         ] GC(107) ReferenceProcessor::execute queues: 1, RefProcThreadModel::Single, marks_oops_alive: false
[5797.434s][debug][gc,phases      ] GC(107) Reference Processing 0.100ms
[5797.434s][debug][gc,phases      ] GC(107)   VM Weak                        Min:  0.0, Avg:  0.0, Max:  0.0, Diff:  0.0, Sum:  0.0, Workers: 4
[5797.434s][debug][gc,phases      ] GC(107)     Dead                           Min: 0, Avg:  0.0, Max: 0, Diff: 0, Sum: 0, Workers: 4
[5797.434s][debug][gc,phases      ] GC(107)     Total                          Min: 0, Avg: 249.5, Max: 806, Diff: 806, Sum: 998, Workers: 4
[5797.434s][debug][gc,phases      ] GC(107)   ObjectSynchronizer Weak        Min:  0.0, Avg:  0.0, Max:  0.0, Diff:  0.0, Sum:  0.0, Workers: 4
[5797.434s][debug][gc,phases      ] GC(107)     Dead                           Min: 0, Avg:  0.0, Max: 0, Diff: 0, Sum: 0, Workers: 4
[5797.434s][debug][gc,phases      ] GC(107)     Total                          Min: 0, Avg:  1.0, Max: 4, Diff: 4, Sum: 4, Workers: 4
[5797.434s][debug][gc,phases      ] GC(107)   JVMTI Tag Weak OopStorage      Min:  0.0, Avg:  0.0, Max:  0.0, Diff:  0.0, Sum:  0.0, Workers: 4
[5797.434s][debug][gc,phases      ] GC(107)     Dead                           Min: 0, Avg:  0.0, Max: 0, Diff: 0, Sum: 0, Workers: 4
[5797.434s][debug][gc,phases      ] GC(107)     Total                          Min: 0, Avg:  0.0, Max: 0, Diff: 0, Sum: 0, Workers: 4
[5797.434s][debug][gc,phases      ] GC(107)   StringTable Weak               Min:  0.1, Avg:  0.1, Max:  0.1, Diff:  0.0, Sum:  0.4, Workers: 4
[5797.434s][debug][gc,phases      ] GC(107)     Dead                           Min: 0, Avg:  0.0, Max: 0, Diff: 0, Sum: 0, Workers: 4
[5797.434s][debug][gc,phases      ] GC(107)     Total                          Min: 11392, Avg: 11958.0, Max: 13055, Diff: 1663, Sum: 47832, Workers: 4
[5797.434s][debug][gc,phases      ] GC(107)   ResolvedMethodTable Weak       Min:  0.0, Avg:  0.0, Max:  0.0, Diff:  0.0, Sum:  0.1, Workers: 4
[5797.434s][debug][gc,phases      ] GC(107)     Dead                           Min: 0, Avg:  4.0, Max: 16, Diff: 16, Sum: 16, Workers: 4
[5797.434s][debug][gc,phases      ] GC(107)     Total                          Min: 3755, Avg: 3928.5, Max: 4424, Diff: 669, Sum: 15714, Workers: 4
[5797.434s][debug][gc,phases      ] GC(107)   JNI Weak                       Min:  0.0, Avg:  0.0, Max:  0.0, Diff:  0.0, Sum:  0.0, Workers: 4
[5797.434s][debug][gc,phases      ] GC(107)     Dead                           Min: 0, Avg:  0.0, Max: 0, Diff: 0, Sum: 0, Workers: 4
[5797.434s][debug][gc,phases      ] GC(107)     Total                          Min: 0, Avg: 13.0, Max: 52, Diff: 52, Sum: 52, Workers: 4
[5797.434s][debug][gc,phases      ] GC(107)   StringDedup Table Weak         Min:  0.0, Avg:  0.0, Max:  0.0, Diff:  0.0, Sum:  0.0, Workers: 4
[5797.434s][debug][gc,phases      ] GC(107)     Dead                           Min: 0, Avg:  0.0, Max: 0, Diff: 0, Sum: 0, Workers: 4
[5797.434s][debug][gc,phases      ] GC(107)     Total                          Min: 0, Avg:  0.0, Max: 0, Diff: 0, Sum: 0, Workers: 4
[5797.434s][debug][gc,phases      ] GC(107)   StringDedup Requests0 Weak     Min:  0.0, Avg:  0.0, Max:  0.0, Diff:  0.0, Sum:  0.0, Workers: 4
[5797.434s][debug][gc,phases      ] GC(107)     Dead                           Min: 0, Avg:  0.0, Max: 0, Diff: 0, Sum: 0, Workers: 4
[5797.434s][debug][gc,phases      ] GC(107)     Total                          Min: 0, Avg:  0.0, Max: 0, Diff: 0, Sum: 0, Workers: 4
[5797.434s][debug][gc,phases      ] GC(107)   StringDedup Requests1 Weak     Min:  0.0, Avg:  0.0, Max:  0.0, Diff:  0.0, Sum:  0.0, Workers: 4
[5797.435s][debug][gc,phases      ] GC(107)     Dead                           Min: 0, Avg:  0.0, Max: 0, Diff: 0, Sum: 0, Workers: 4
[5797.435s][debug][gc,phases      ] GC(107)     Total                          Min: 0, Avg:  0.0, Max: 0, Diff: 0, Sum: 0, Workers: 4
[5797.435s][debug][gc,phases      ] GC(107)   Weak JFR Old Object Samples    Min:  0.0, Avg:  0.0, Max:  0.0, Diff:  0.0, Sum:  0.0, Workers: 4
[5797.435s][debug][gc,phases      ] GC(107)     Dead                           Min: 0, Avg:  0.0, Max: 0, Diff: 0, Sum: 0, Workers: 4
[5797.435s][debug][gc,phases      ] GC(107)     Total                          Min: 0, Avg:  0.0, Max: 0, Diff: 0, Sum: 0, Workers: 4
[5797.435s][debug][gc,phases      ] GC(107) Weak Processing 0.324ms
[5797.435s][debug][gc,age         ] GC(107) Desired survivor size 15204352 bytes, new threshold 1 (max threshold 15)
[5797.435s][info ][gc,heap        ] GC(107) PSYoungGen: 2078897K(2082816K)->9560K(2081792K) Eden: 2068992K(2068992K)->0K(2067456K) From: 9905K(13824K)->9560K(14336K)
[5797.435s][info ][gc,heap        ] GC(107) ParOldGen: 622159K(622592K)->628464K(628736K)
[5797.435s][info ][gc,metaspace   ] GC(107) Metaspace: 111162K(112512K)->111162K(112512K) NonClass: 94587K(95360K)->94587K(95360K) Class: 16574K(17152K)->16574K(17152K)
[5797.435s][info ][gc             ] GC(107) Pause Young (Allocation Failure) 2637M->623M(2647M) 9.799ms
[5797.435s][info ][gc,cpu         ] GC(107) User=0.03s Sys=0.01s Real=0.01s
[5797.435s][info ][safepoint      ] Safepoint "ParallelGCFailedAllocation", Time since last: 1625490179 ns, Reaching safepoint: 76900 ns, Cleanup: 3500 ns, At safepoint: 9888269 ns, Total: 9968669 ns
[5798.435s][info ][safepoint      ] Safepoint "Cleanup", Time since last: 1000084168 ns, Reaching safepoint: 5900 ns, Cleanup: 11100 ns, At safepoint: 23100 ns, Total: 40100 ns
[5804.435s][info ][safepoint      ] Safepoint "Cleanup", Time since last: 6000446526 ns, Reaching safepoint: 6300 ns, Cleanup: 11700 ns, At safepoint: 2100 ns, Total: 20100 ns
[5816.436s][info ][safepoint      ] Safepoint "Cleanup", Time since last: 12000902412 ns, Reaching safepoint: 5700 ns, Cleanup: 11600 ns, At safepoint: 1900 ns, Total: 19200 ns
[5825.814s][info ][safepoint      ] Safepoint "Cleanup", Time since last: 9377546931 ns, Reaching safepoint: 5900 ns, Cleanup: 10900 ns, At safepoint: 2200 ns, Total: 19000 ns
[5835.814s][info ][safepoint      ] Safepoint "Cleanup", Time since last: 10000751594 ns, Reaching safepoint: 5800 ns, Cleanup: 9400 ns, At safepoint: 1900 ns, Total: 17100 ns
[5836.815s][info ][safepoint      ] Safepoint "Cleanup", Time since last: 1000121067 ns, Reaching safepoint: 6500 ns, Cleanup: 10000 ns, At safepoint: 2300 ns, Total: 18800 ns
[5852.816s][info ][safepoint      ] Safepoint "Cleanup", Time since last: 16001162981 ns, Reaching safepoint: 6600 ns, Cleanup: 13900 ns, At safepoint: 2300 ns, Total: 22800 ns
[5853.816s][info ][safepoint      ] Safepoint "Cleanup", Time since last: 1000119314 ns, Reaching safepoint: 6400 ns, Cleanup: 17300 ns, At safepoint: 2200 ns, Total: 25900 ns
[5857.816s][info ][safepoint      ] Safepoint "Cleanup", Time since last: 4000353853 ns, Reaching safepoint: 6100 ns, Cleanup: 10600 ns, At safepoint: 2200 ns, Total: 18900 ns
[5858.816s][info ][safepoint      ] Safepoint "Cleanup", Time since last: 1000119914 ns, Reaching safepoint: 6200 ns, Cleanup: 13600 ns, At safepoint: 2200 ns, Total: 22000 ns
[5863.817s][info ][safepoint      ] Safepoint "Cleanup", Time since last: 5000465457 ns, Reaching safepoint: 5900 ns, Cleanup: 13300 ns, At safepoint: 27300 ns, Total: 46500 ns
[5873.818s][info ][safepoint      ] Safepoint "Cleanup", Time since last: 10000758605 ns, Reaching safepoint: 5400 ns, Cleanup: 9600 ns, At safepoint: 2200 ns, Total: 17200 ns
[5878.010s][info ][gc,start       ] GC(108) Pause Young (Allocation Failure)
[5878.017s][debug][gc,phases      ] GC(108) Scavenge 7.338ms
[5878.017s][debug][gc,ref         ] GC(108) ReferenceProcessor::execute queues: 1, RefProcThreadModel::Single, marks_oops_alive: false
[5878.017s][debug][gc,ref         ] GC(108) Skipped KeepAliveFinalRefsPhase of Reference Processing: no references
[5878.017s][debug][gc,ref         ] GC(108) ReferenceProcessor::execute queues: 1, RefProcThreadModel::Single, marks_oops_alive: false
[5878.017s][debug][gc,phases      ] GC(108) Reference Processing 0.096ms
[5878.018s][debug][gc,phases      ] GC(108)   VM Weak                        Min:  0.0, Avg:  0.0, Max:  0.0, Diff:  0.0, Sum:  0.0, Workers: 4
[5878.018s][debug][gc,phases      ] GC(108)     Dead                           Min: 0, Avg:  0.0, Max: 0, Diff: 0, Sum: 0, Workers: 4
[5878.018s][debug][gc,phases      ] GC(108)     Total                          Min: 0, Avg: 250.5, Max: 704, Diff: 704, Sum: 1002, Workers: 4
[5878.018s][debug][gc,phases      ] GC(108)   ObjectSynchronizer Weak        Min:  0.0, Avg:  0.0, Max:  0.0, Diff:  0.0, Sum:  0.0, Workers: 4
[5878.018s][debug][gc,phases      ] GC(108)     Dead                           Min: 0, Avg:  0.0, Max: 0, Diff: 0, Sum: 0, Workers: 4
[5878.018s][debug][gc,phases      ] GC(108)     Total                          Min: 0, Avg:  1.0, Max: 4, Diff: 4, Sum: 4, Workers: 4
[5878.018s][debug][gc,phases      ] GC(108)   JVMTI Tag Weak OopStorage      Min:  0.0, Avg:  0.0, Max:  0.0, Diff:  0.0, Sum:  0.0, Workers: 4
[5878.018s][debug][gc,phases      ] GC(108)     Dead                           Min: 0, Avg:  0.0, Max: 0, Diff: 0, Sum: 0, Workers: 4
[5878.018s][debug][gc,phases      ] GC(108)     Total                          Min: 0, Avg:  0.0, Max: 0, Diff: 0, Sum: 0, Workers: 4
[5878.018s][debug][gc,phases      ] GC(108)   StringTable Weak               Min:  0.0, Avg:  0.1, Max:  0.1, Diff:  0.1, Sum:  0.4, Workers: 4
[5878.018s][debug][gc,phases      ] GC(108)     Dead                           Min: 0, Avg:  0.0, Max: 0, Diff: 0, Sum: 0, Workers: 4
[5878.018s][debug][gc,phases      ] GC(108)     Total                          Min: 0, Avg: 11958.2, Max: 21851, Diff: 21851, Sum: 47833, Workers: 4
[5878.018s][debug][gc,phases      ] GC(108)   ResolvedMethodTable Weak       Min:  0.0, Avg:  0.0, Max:  0.1, Diff:  0.1, Sum:  0.2, Workers: 4
[5878.018s][debug][gc,phases      ] GC(108)     Dead                           Min: 0, Avg:  4.0, Max: 16, Diff: 16, Sum: 16, Workers: 4
[5878.018s][debug][gc,phases      ] GC(108)     Total                          Min: 0, Avg: 3930.5, Max: 6642, Diff: 6642, Sum: 15722, Workers: 4
[5878.018s][debug][gc,phases      ] GC(108)   JNI Weak                       Min:  0.0, Avg:  0.0, Max:  0.0, Diff:  0.0, Sum:  0.0, Workers: 4
[5878.018s][debug][gc,phases      ] GC(108)     Dead                           Min: 0, Avg:  0.0, Max: 0, Diff: 0, Sum: 0, Workers: 4
[5878.018s][debug][gc,phases      ] GC(108)     Total                          Min: 0, Avg: 13.0, Max: 52, Diff: 52, Sum: 52, Workers: 4
[5878.018s][debug][gc,phases      ] GC(108)   StringDedup Table Weak         Min:  0.0, Avg:  0.0, Max:  0.0, Diff:  0.0, Sum:  0.0, Workers: 4
[5878.018s][debug][gc,phases      ] GC(108)     Dead                           Min: 0, Avg:  0.0, Max: 0, Diff: 0, Sum: 0, Workers: 4
[5878.018s][debug][gc,phases      ] GC(108)     Total                          Min: 0, Avg:  0.0, Max: 0, Diff: 0, Sum: 0, Workers: 4
[5878.018s][debug][gc,phases      ] GC(108)   StringDedup Requests0 Weak     Min:  0.0, Avg:  0.0, Max:  0.0, Diff:  0.0, Sum:  0.0, Workers: 4
[5878.018s][debug][gc,phases      ] GC(108)     Dead                           Min: 0, Avg:  0.0, Max: 0, Diff: 0, Sum: 0, Workers: 4
[5878.018s][debug][gc,phases      ] GC(108)     Total                          Min: 0, Avg:  0.0, Max: 0, Diff: 0, Sum: 0, Workers: 4
[5878.018s][debug][gc,phases      ] GC(108)   StringDedup Requests1 Weak     Min:  0.0, Avg:  0.0, Max:  0.0, Diff:  0.0, Sum:  0.0, Workers: 4
[5878.018s][debug][gc,phases      ] GC(108)     Dead                           Min: 0, Avg:  0.0, Max: 0, Diff: 0, Sum: 0, Workers: 4
[5878.018s][debug][gc,phases      ] GC(108)     Total                          Min: 0, Avg:  0.0, Max: 0, Diff: 0, Sum: 0, Workers: 4
[5878.018s][debug][gc,phases      ] GC(108)   Weak JFR Old Object Samples    Min:  0.0, Avg:  0.0, Max:  0.0, Diff:  0.0, Sum:  0.0, Workers: 4
[5878.018s][debug][gc,phases      ] GC(108)     Dead                           Min: 0, Avg:  0.0, Max: 0, Diff: 0, Sum: 0, Workers: 4
[5878.018s][debug][gc,phases      ] GC(108)     Total                          Min: 0, Avg:  0.0, Max: 0, Diff: 0, Sum: 0, Workers: 4
[5878.018s][debug][gc,phases      ] GC(108) Weak Processing 0.352ms
[5878.018s][debug][gc,age         ] GC(108) Desired survivor size 14680064 bytes, new threshold 1 (max threshold 15)
[5878.018s][info ][gc,heap        ] GC(108) PSYoungGen: 2077016K(2081792K)->4688K(2082304K) Eden: 2067456K(2067456K)->0K(2067456K) From: 9560K(14336K)->4688K(14848K)
[5878.018s][info ][gc,heap        ] GC(108) ParOldGen: 628464K(628736K)->633901K(634368K)
[5878.018s][info ][gc,metaspace   ] GC(108) Metaspace: 111200K(112512K)->111200K(112512K) NonClass: 94623K(95360K)->94623K(95360K) Class: 16577K(17152K)->16577K(17152K)
[5878.018s][info ][gc             ] GC(108) Pause Young (Allocation Failure) 2642M->623M(2653M) 7.900ms
[5878.018s][info ][gc,cpu         ] GC(108) User=0.02s Sys=0.01s Real=0.01s
[5878.018s][info ][safepoint      ] Safepoint "ParallelGCFailedAllocation", Time since last: 4192113196 ns, Reaching safepoint: 5200 ns, Cleanup: 4200 ns, At safepoint: 7969252 ns, Total: 7978652 ns
[5897.831s][info ][safepoint      ] Safepoint "Cleanup", Time since last: 19813649728 ns, Reaching safepoint: 5000 ns, Cleanup: 6900 ns, At safepoint: 2100 ns, Total: 14000 ns
[5902.832s][info ][safepoint      ] Safepoint "Cleanup", Time since last: 5000382164 ns, Reaching safepoint: 4600 ns, Cleanup: 9400 ns, At safepoint: 1700 ns, Total: 15700 ns
[5933.834s][info ][safepoint      ] Safepoint "Cleanup", Time since last: 31002182857 ns, Reaching safepoint: 5700 ns, Cleanup: 12300 ns, At safepoint: 26200 ns, Total: 44200 ns
[5936.834s][info ][safepoint      ] Safepoint "Cleanup", Time since last: 3000242360 ns, Reaching safepoint: 5000 ns, Cleanup: 6400 ns, At safepoint: 2000 ns, Total: 13400 ns
[5947.848s][info ][safepoint      ] Safepoint "Cleanup", Time since last: 11013444509 ns, Reaching safepoint: 4600 ns, Cleanup: 8400 ns, At safepoint: 1500 ns, Total: 14500 ns
[5949.848s][info ][safepoint      ] Safepoint "Cleanup", Time since last: 2000182451 ns, Reaching safepoint: 5900 ns, Cleanup: 9600 ns, At safepoint: 1900 ns, Total: 17400 ns
[5956.849s][info ][safepoint      ] Safepoint "Cleanup", Time since last: 7000553390 ns, Reaching safepoint: 5100 ns, Cleanup: 58000 ns, At safepoint: 2400 ns, Total: 65500 ns
[5957.849s][info ][safepoint      ] Safepoint "Cleanup", Time since last: 1000097433 ns, Reaching safepoint: 4700 ns, Cleanup: 8700 ns, At safepoint: 3100 ns, Total: 16500 ns
[5958.849s][info ][safepoint      ] Safepoint "Cleanup", Time since last: 1000108332 ns, Reaching safepoint: 4500 ns, Cleanup: 40600 ns, At safepoint: 2000 ns, Total: 47100 ns
[5959.849s][info ][safepoint      ] Safepoint "Cleanup", Time since last: 1000113832 ns, Reaching safepoint: 5500 ns, Cleanup: 16300 ns, At safepoint: 2300 ns, Total: 24100 ns
[5961.027s][info ][gc,start       ] GC(109) Pause Young (Allocation Failure)
[5961.031s][debug][gc,phases      ] GC(109) Scavenge 4.521ms
[5961.031s][debug][gc,ref         ] GC(109) ReferenceProcessor::execute queues: 1, RefProcThreadModel::Single, marks_oops_alive: false
[5961.031s][debug][gc,ref         ] GC(109) Skipped KeepAliveFinalRefsPhase of Reference Processing: no references
[5961.031s][debug][gc,ref         ] GC(109) ReferenceProcessor::execute queues: 1, RefProcThreadModel::Single, marks_oops_alive: false
[5961.031s][debug][gc,phases      ] GC(109) Reference Processing 0.096ms
[5961.032s][debug][gc,phases      ] GC(109)   VM Weak                        Min:  0.0, Avg:  0.0, Max:  0.0, Diff:  0.0, Sum:  0.0, Workers: 4
[5961.032s][debug][gc,phases      ] GC(109)     Dead                           Min: 0, Avg:  0.0, Max: 0, Diff: 0, Sum: 0, Workers: 4
[5961.032s][debug][gc,phases      ] GC(109)     Total                          Min: 0, Avg: 250.5, Max: 746, Diff: 746, Sum: 1002, Workers: 4
[5961.032s][debug][gc,phases      ] GC(109)   ObjectSynchronizer Weak        Min:  0.0, Avg:  0.0, Max:  0.0, Diff:  0.0, Sum:  0.0, Workers: 4
[5961.032s][debug][gc,phases      ] GC(109)     Dead                           Min: 0, Avg:  0.0, Max: 0, Diff: 0, Sum: 0, Workers: 4
[5961.032s][debug][gc,phases      ] GC(109)     Total                          Min: 0, Avg:  1.0, Max: 4, Diff: 4, Sum: 4, Workers: 4
[5961.032s][debug][gc,phases      ] GC(109)   JVMTI Tag Weak OopStorage      Min:  0.0, Avg:  0.0, Max:  0.0, Diff:  0.0, Sum:  0.0, Workers: 4
[5961.032s][debug][gc,phases      ] GC(109)     Dead                           Min: 0, Avg:  0.0, Max: 0, Diff: 0, Sum: 0, Workers: 4
[5961.032s][debug][gc,phases      ] GC(109)     Total                          Min: 0, Avg:  0.0, Max: 0, Diff: 0, Sum: 0, Workers: 4
[5961.032s][debug][gc,phases      ] GC(109)   StringTable Weak               Min:  0.0, Avg:  0.1, Max:  0.1, Diff:  0.1, Sum:  0.4, Workers: 4
[5961.032s][debug][gc,phases      ] GC(109)     Dead                           Min: 0, Avg:  0.0, Max: 0, Diff: 0, Sum: 0, Workers: 4
[5961.032s][debug][gc,phases      ] GC(109)     Total                          Min: 0, Avg: 11958.5, Max: 21084, Diff: 21084, Sum: 47834, Workers: 4
[5961.032s][debug][gc,phases      ] GC(109)   ResolvedMethodTable Weak       Min:  0.0, Avg:  0.0, Max:  0.0, Diff:  0.0, Sum:  0.1, Workers: 4
[5961.032s][debug][gc,phases      ] GC(109)     Dead                           Min: 0, Avg:  4.0, Max: 9, Diff: 9, Sum: 16, Workers: 4
[5961.032s][debug][gc,phases      ] GC(109)     Total                          Min: 0, Avg: 3931.0, Max: 7028, Diff: 7028, Sum: 15724, Workers: 4
[5961.032s][debug][gc,phases      ] GC(109)   JNI Weak                       Min:  0.0, Avg:  0.0, Max:  0.0, Diff:  0.0, Sum:  0.0, Workers: 4
[5961.032s][debug][gc,phases      ] GC(109)     Dead                           Min: 0, Avg:  0.0, Max: 0, Diff: 0, Sum: 0, Workers: 4
[5961.032s][debug][gc,phases      ] GC(109)     Total                          Min: 0, Avg: 13.0, Max: 52, Diff: 52, Sum: 52, Workers: 4
[5961.032s][debug][gc,phases      ] GC(109)   StringDedup Table Weak         Min:  0.0, Avg:  0.0, Max:  0.0, Diff:  0.0, Sum:  0.0, Workers: 4
[5961.032s][debug][gc,phases      ] GC(109)     Dead                           Min: 0, Avg:  0.0, Max: 0, Diff: 0, Sum: 0, Workers: 4
[5961.032s][debug][gc,phases      ] GC(109)     Total                          Min: 0, Avg:  0.0, Max: 0, Diff: 0, Sum: 0, Workers: 4
[5961.032s][debug][gc,phases      ] GC(109)   StringDedup Requests0 Weak     Min:  0.0, Avg:  0.0, Max:  0.0, Diff:  0.0, Sum:  0.0, Workers: 4
[5961.032s][debug][gc,phases      ] GC(109)     Dead                           Min: 0, Avg:  0.0, Max: 0, Diff: 0, Sum: 0, Workers: 4
[5961.032s][debug][gc,phases      ] GC(109)     Total                          Min: 0, Avg:  0.0, Max: 0, Diff: 0, Sum: 0, Workers: 4
[5961.032s][debug][gc,phases      ] GC(109)   StringDedup Requests1 Weak     Min:  0.0, Avg:  0.0, Max:  0.0, Diff:  0.0, Sum:  0.0, Workers: 4
[5961.032s][debug][gc,phases      ] GC(109)     Dead                           Min: 0, Avg:  0.0, Max: 0, Diff: 0, Sum: 0, Workers: 4
[5961.032s][debug][gc,phases      ] GC(109)     Total                          Min: 0, Avg:  0.0, Max: 0, Diff: 0, Sum: 0, Workers: 4
[5961.032s][debug][gc,phases      ] GC(109)   Weak JFR Old Object Samples    Min:  0.0, Avg:  0.0, Max:  0.0, Diff:  0.0, Sum:  0.0, Workers: 4
[5961.032s][debug][gc,phases      ] GC(109)     Dead                           Min: 0, Avg:  0.0, Max: 0, Diff: 0, Sum: 0, Workers: 4
[5961.032s][debug][gc,phases      ] GC(109)     Total                          Min: 0, Avg:  0.0, Max: 0, Diff: 0, Sum: 0, Workers: 4
[5961.032s][debug][gc,phases      ] GC(109) Weak Processing 0.357ms
[5961.032s][debug][gc,age         ] GC(109) Desired survivor size 14155776 bytes, new threshold 1 (max threshold 15)
[5961.032s][info ][gc,heap        ] GC(109) PSYoungGen: 2072144K(2082304K)->5209K(2083328K) Eden: 2067456K(2067456K)->0K(2068992K) From: 4688K(14848K)->5209K(14336K)
[5961.032s][info ][gc,heap        ] GC(109) ParOldGen: 633901K(634368K)->634461K(634880K)
[5961.032s][info ][gc,metaspace   ] GC(109) Metaspace: 111211K(112576K)->111211K(112576K) NonClass: 94634K(95424K)->94634K(95424K) Class: 16577K(17152K)->16577K(17152K)
[5961.032s][info ][gc             ] GC(109) Pause Young (Allocation Failure) 2642M->624M(2654M) 5.068ms
[5961.032s][info ][gc,cpu         ] GC(109) User=0.02s Sys=0.00s Real=0.00s
[5961.032s][info ][safepoint      ] Safepoint "ParallelGCFailedAllocation", Time since last: 1177554104 ns, Reaching safepoint: 4900 ns, Cleanup: 3800 ns, At safepoint: 5127276 ns, Total: 5135976 ns
[5962.032s][info ][safepoint      ] Safepoint "Cleanup", Time since last: 1000085633 ns, Reaching safepoint: 4400 ns, Cleanup: 8500 ns, At safepoint: 1800 ns, Total: 14700 ns
[5964.032s][info ][safepoint      ] Safepoint "Cleanup", Time since last: 2000175965 ns, Reaching safepoint: 5000 ns, Cleanup: 11600 ns, At safepoint: 2000 ns, Total: 18600 ns
[5984.034s][info ][safepoint      ] Safepoint "Cleanup", Time since last: 20001442494 ns, Reaching safepoint: 4600 ns, Cleanup: 8900 ns, At safepoint: 1900 ns, Total: 15400 ns
[5989.034s][info ][safepoint      ] Safepoint "Cleanup", Time since last: 5000384916 ns, Reaching safepoint: 4500 ns, Cleanup: 9000 ns, At safepoint: 1700 ns, Total: 15200 ns
[6011.865s][info ][safepoint      ] Safepoint "Cleanup", Time since last: 22831305181 ns, Reaching safepoint: 5700 ns, Cleanup: 11000 ns, At safepoint: 1900 ns, Total: 18600 ns
[6016.866s][info ][safepoint      ] Safepoint "Cleanup", Time since last: 5000383226 ns, Reaching safepoint: 6400 ns, Cleanup: 9900 ns, At safepoint: 2100 ns, Total: 18400 ns
[6041.867s][info ][safepoint      ] Safepoint "Cleanup", Time since last: 25001796494 ns, Reaching safepoint: 5600 ns, Cleanup: 9200 ns, At safepoint: 1900 ns, Total: 16700 ns
[6047.720s][info ][gc,start       ] GC(110) Pause Young (Allocation Failure)
[6047.724s][debug][gc,phases      ] GC(110) Scavenge 4.111ms
[6047.724s][debug][gc,ref         ] GC(110) ReferenceProcessor::execute queues: 1, RefProcThreadModel::Single, marks_oops_alive: false
[6047.724s][debug][gc,ref         ] GC(110) Skipped KeepAliveFinalRefsPhase of Reference Processing: no references
[6047.724s][debug][gc,ref         ] GC(110) ReferenceProcessor::execute queues: 1, RefProcThreadModel::Single, marks_oops_alive: false
[6047.724s][debug][gc,phases      ] GC(110) Reference Processing 0.096ms
[6047.725s][debug][gc,phases      ] GC(110)   VM Weak                        Min:  0.0, Avg:  0.0, Max:  0.0, Diff:  0.0, Sum:  0.0, Workers: 4
[6047.725s][debug][gc,phases      ] GC(110)     Dead                           Min: 0, Avg:  0.0, Max: 0, Diff: 0, Sum: 0, Workers: 4
[6047.725s][debug][gc,phases      ] GC(110)     Total                          Min: 0, Avg: 250.5, Max: 576, Diff: 576, Sum: 1002, Workers: 4
[6047.725s][debug][gc,phases      ] GC(110)   ObjectSynchronizer Weak        Min:  0.0, Avg:  0.0, Max:  0.0, Diff:  0.0, Sum:  0.0, Workers: 4
[6047.725s][debug][gc,phases      ] GC(110)     Dead                           Min: 0, Avg:  0.0, Max: 0, Diff: 0, Sum: 0, Workers: 4
[6047.725s][debug][gc,phases      ] GC(110)     Total                          Min: 0, Avg:  0.8, Max: 3, Diff: 3, Sum: 3, Workers: 4
[6047.725s][debug][gc,phases      ] GC(110)   JVMTI Tag Weak OopStorage      Min:  0.0, Avg:  0.0, Max:  0.0, Diff:  0.0, Sum:  0.0, Workers: 4
[6047.725s][debug][gc,phases      ] GC(110)     Dead                           Min: 0, Avg:  0.0, Max: 0, Diff: 0, Sum: 0, Workers: 4
[6047.725s][debug][gc,phases      ] GC(110)     Total                          Min: 0, Avg:  0.0, Max: 0, Diff: 0, Sum: 0, Workers: 4
[6047.725s][debug][gc,phases      ] GC(110)   StringTable Weak               Min:  0.0, Avg:  0.1, Max:  0.1, Diff:  0.1, Sum:  0.4, Workers: 4
[6047.725s][debug][gc,phases      ] GC(110)     Dead                           Min: 0, Avg:  0.0, Max: 0, Diff: 0, Sum: 0, Workers: 4
[6047.725s][debug][gc,phases      ] GC(110)     Total                          Min: 0, Avg: 11960.0, Max: 20671, Diff: 20671, Sum: 47840, Workers: 4
[6047.725s][debug][gc,phases      ] GC(110)   ResolvedMethodTable Weak       Min:  0.0, Avg:  0.0, Max:  0.0, Diff:  0.0, Sum:  0.1, Workers: 4
[6047.725s][debug][gc,phases      ] GC(110)     Dead                           Min: 0, Avg:  4.0, Max: 16, Diff: 16, Sum: 16, Workers: 4
[6047.725s][debug][gc,phases      ] GC(110)     Total                          Min: 0, Avg: 3931.0, Max: 6572, Diff: 6572, Sum: 15724, Workers: 4
[6047.725s][debug][gc,phases      ] GC(110)   JNI Weak                       Min:  0.0, Avg:  0.0, Max:  0.0, Diff:  0.0, Sum:  0.0, Workers: 4
[6047.725s][debug][gc,phases      ] GC(110)     Dead                           Min: 0, Avg:  0.0, Max: 0, Diff: 0, Sum: 0, Workers: 4
[6047.725s][debug][gc,phases      ] GC(110)     Total                          Min: 0, Avg: 13.0, Max: 52, Diff: 52, Sum: 52, Workers: 4
[6047.725s][debug][gc,phases      ] GC(110)   StringDedup Table Weak         Min:  0.0, Avg:  0.0, Max:  0.0, Diff:  0.0, Sum:  0.0, Workers: 4
[6047.725s][debug][gc,phases      ] GC(110)     Dead                           Min: 0, Avg:  0.0, Max: 0, Diff: 0, Sum: 0, Workers: 4
[6047.725s][debug][gc,phases      ] GC(110)     Total                          Min: 0, Avg:  0.0, Max: 0, Diff: 0, Sum: 0, Workers: 4
[6047.725s][debug][gc,phases      ] GC(110)   StringDedup Requests0 Weak     Min:  0.0, Avg:  0.0, Max:  0.0, Diff:  0.0, Sum:  0.0, Workers: 4
[6047.725s][debug][gc,phases      ] GC(110)     Dead                           Min: 0, Avg:  0.0, Max: 0, Diff: 0, Sum: 0, Workers: 4
[6047.725s][debug][gc,phases      ] GC(110)     Total                          Min: 0, Avg:  0.0, Max: 0, Diff: 0, Sum: 0, Workers: 4
[6047.725s][debug][gc,phases      ] GC(110)   StringDedup Requests1 Weak     Min:  0.0, Avg:  0.0, Max:  0.0, Diff:  0.0, Sum:  0.0, Workers: 4
[6047.725s][debug][gc,phases      ] GC(110)     Dead                           Min: 0, Avg:  0.0, Max: 0, Diff: 0, Sum: 0, Workers: 4
[6047.725s][debug][gc,phases      ] GC(110)     Total                          Min: 0, Avg:  0.0, Max: 0, Diff: 0, Sum: 0, Workers: 4
[6047.725s][debug][gc,phases      ] GC(110)   Weak JFR Old Object Samples    Min:  0.0, Avg:  0.0, Max:  0.0, Diff:  0.0, Sum:  0.0, Workers: 4
[6047.725s][debug][gc,phases      ] GC(110)     Dead                           Min: 0, Avg:  0.0, Max: 0, Diff: 0, Sum: 0, Workers: 4
[6047.725s][debug][gc,phases      ] GC(110)     Total                          Min: 0, Avg:  0.0, Max: 0, Diff: 0, Sum: 0, Workers: 4
[6047.725s][debug][gc,phases      ] GC(110) Weak Processing 0.374ms
[6047.725s][debug][gc,age         ] GC(110) Desired survivor size 13631488 bytes, new threshold 1 (max threshold 15)
[6047.725s][info ][gc,heap        ] GC(110) PSYoungGen: 2074201K(2083328K)->4336K(2082816K) Eden: 2068992K(2068992K)->0K(2068992K) From: 5209K(14336K)->4336K(13824K)
[6047.725s][info ][gc,heap        ] GC(110) ParOldGen: 634461K(634880K)->635622K(635904K)
[6047.725s][info ][gc,metaspace   ] GC(110) Metaspace: 111232K(112576K)->111232K(112576K) NonClass: 94654K(95424K)->94654K(95424K) Class: 16577K(17152K)->16577K(17152K)
[6047.725s][info ][gc             ] GC(110) Pause Young (Allocation Failure) 2645M->624M(2655M) 4.686ms
[6047.725s][info ][gc,cpu         ] GC(110) User=0.02s Sys=0.01s Real=0.01s
[6047.725s][info ][safepoint      ] Safepoint "ParallelGCFailedAllocation", Time since last: 5852507830 ns, Reaching safepoint: 77799 ns, Cleanup: 3400 ns, At safepoint: 4753475 ns, Total: 4834674 ns
[6066.726s][info ][safepoint      ] Safepoint "Cleanup", Time since last: 19001323975 ns, Reaching safepoint: 5300 ns, Cleanup: 8700 ns, At safepoint: 2100 ns, Total: 16100 ns
[6125.899s][info ][safepoint      ] Safepoint "Cleanup", Time since last: 59172655307 ns, Reaching safepoint: 5200 ns, Cleanup: 8800 ns, At safepoint: 23100 ns, Total: 37100 ns
[6133.899s][info ][safepoint      ] Safepoint "Cleanup", Time since last: 8000597569 ns, Reaching safepoint: 7000 ns, Cleanup: 10100 ns, At safepoint: 2000 ns, Total: 19100 ns
[6135.900s][info ][safepoint      ] Safepoint "Cleanup", Time since last: 2000194123 ns, Reaching safepoint: 5600 ns, Cleanup: 9900 ns, At safepoint: 2600 ns, Total: 18100 ns
[6143.920s][info ][gc,start       ] GC(111) Pause Young (Allocation Failure)
[6143.924s][debug][gc,phases      ] GC(111) Scavenge 3.679ms
[6143.924s][debug][gc,ref         ] GC(111) ReferenceProcessor::execute queues: 1, RefProcThreadModel::Single, marks_oops_alive: false
[6143.924s][debug][gc,ref         ] GC(111) Skipped KeepAliveFinalRefsPhase of Reference Processing: no references
[6143.924s][debug][gc,ref         ] GC(111) Skipped PhantomRefsPhase of Reference Processing: no references
[6143.924s][debug][gc,phases      ] GC(111) Reference Processing 0.098ms
[6143.924s][debug][gc,phases      ] GC(111)   VM Weak                        Min:  0.0, Avg:  0.0, Max:  0.0, Diff:  0.0, Sum:  0.0, Workers: 4
[6143.924s][debug][gc,phases      ] GC(111)     Dead                           Min: 0, Avg:  0.0, Max: 0, Diff: 0, Sum: 0, Workers: 4
[6143.924s][debug][gc,phases      ] GC(111)     Total                          Min: 0, Avg: 250.5, Max: 746, Diff: 746, Sum: 1002, Workers: 4
[6143.924s][debug][gc,phases      ] GC(111)   ObjectSynchronizer Weak        Min:  0.0, Avg:  0.0, Max:  0.0, Diff:  0.0, Sum:  0.0, Workers: 4
[6143.924s][debug][gc,phases      ] GC(111)     Dead                           Min: 0, Avg:  0.0, Max: 0, Diff: 0, Sum: 0, Workers: 4
[6143.924s][debug][gc,phases      ] GC(111)     Total                          Min: 0, Avg:  0.8, Max: 3, Diff: 3, Sum: 3, Workers: 4
[6143.924s][debug][gc,phases      ] GC(111)   JVMTI Tag Weak OopStorage      Min:  0.0, Avg:  0.0, Max:  0.0, Diff:  0.0, Sum:  0.0, Workers: 4
[6143.924s][debug][gc,phases      ] GC(111)     Dead                           Min: 0, Avg:  0.0, Max: 0, Diff: 0, Sum: 0, Workers: 4
[6143.924s][debug][gc,phases      ] GC(111)     Total                          Min: 0, Avg:  0.0, Max: 0, Diff: 0, Sum: 0, Workers: 4
[6143.924s][debug][gc,phases      ] GC(111)   StringTable Weak               Min:  0.0, Avg:  0.1, Max:  0.1, Diff:  0.1, Sum:  0.4, Workers: 4
[6143.924s][debug][gc,phases      ] GC(111)     Dead                           Min: 0, Avg:  0.0, Max: 0, Diff: 0, Sum: 0, Workers: 4
[6143.924s][debug][gc,phases      ] GC(111)     Total                          Min: 0, Avg: 11960.0, Max: 21026, Diff: 21026, Sum: 47840, Workers: 4
[6143.924s][debug][gc,phases      ] GC(111)   ResolvedMethodTable Weak       Min:  0.0, Avg:  0.0, Max:  0.0, Diff:  0.0, Sum:  0.1, Workers: 4
[6143.924s][debug][gc,phases      ] GC(111)     Dead                           Min: 0, Avg:  4.0, Max: 16, Diff: 16, Sum: 16, Workers: 4
[6143.924s][debug][gc,phases      ] GC(111)     Total                          Min: 0, Avg: 3931.0, Max: 6779, Diff: 6779, Sum: 15724, Workers: 4
[6143.924s][debug][gc,phases      ] GC(111)   JNI Weak                       Min:  0.0, Avg:  0.0, Max:  0.0, Diff:  0.0, Sum:  0.0, Workers: 4
[6143.924s][debug][gc,phases      ] GC(111)     Dead                           Min: 0, Avg:  0.0, Max: 0, Diff: 0, Sum: 0, Workers: 4
[6143.924s][debug][gc,phases      ] GC(111)     Total                          Min: 0, Avg: 13.0, Max: 52, Diff: 52, Sum: 52, Workers: 4
[6143.924s][debug][gc,phases      ] GC(111)   StringDedup Table Weak         Min:  0.0, Avg:  0.0, Max:  0.0, Diff:  0.0, Sum:  0.0, Workers: 4
[6143.924s][debug][gc,phases      ] GC(111)     Dead                           Min: 0, Avg:  0.0, Max: 0, Diff: 0, Sum: 0, Workers: 4
[6143.924s][debug][gc,phases      ] GC(111)     Total                          Min: 0, Avg:  0.0, Max: 0, Diff: 0, Sum: 0, Workers: 4
[6143.924s][debug][gc,phases      ] GC(111)   StringDedup Requests0 Weak     Min:  0.0, Avg:  0.0, Max:  0.0, Diff:  0.0, Sum:  0.0, Workers: 4
[6143.924s][debug][gc,phases      ] GC(111)     Dead                           Min: 0, Avg:  0.0, Max: 0, Diff: 0, Sum: 0, Workers: 4
[6143.924s][debug][gc,phases      ] GC(111)     Total                          Min: 0, Avg:  0.0, Max: 0, Diff: 0, Sum: 0, Workers: 4
[6143.924s][debug][gc,phases      ] GC(111)   StringDedup Requests1 Weak     Min:  0.0, Avg:  0.0, Max:  0.0, Diff:  0.0, Sum:  0.0, Workers: 4
[6143.924s][debug][gc,phases      ] GC(111)     Dead                           Min: 0, Avg:  0.0, Max: 0, Diff: 0, Sum: 0, Workers: 4
[6143.924s][debug][gc,phases      ] GC(111)     Total                          Min: 0, Avg:  0.0, Max: 0, Diff: 0, Sum: 0, Workers: 4
[6143.924s][debug][gc,phases      ] GC(111)   Weak JFR Old Object Samples    Min:  0.0, Avg:  0.0, Max:  0.0, Diff:  0.0, Sum:  0.0, Workers: 4
[6143.924s][debug][gc,phases      ] GC(111)     Dead                           Min: 0, Avg:  0.0, Max: 0, Diff: 0, Sum: 0, Workers: 4
[6143.924s][debug][gc,phases      ] GC(111)     Total                          Min: 0, Avg:  0.0, Max: 0, Diff: 0, Sum: 0, Workers: 4
[6143.924s][debug][gc,phases      ] GC(111) Weak Processing 0.337ms
[6143.924s][debug][gc,age         ] GC(111) Desired survivor size 13631488 bytes, new threshold 1 (max threshold 15)
[6143.924s][info ][gc,heap        ] GC(111) PSYoungGen: 2073328K(2082816K)->2624K(2083840K) Eden: 2068992K(2068992K)->0K(2070528K) From: 4336K(13824K)->2624K(13312K)
[6143.924s][info ][gc,heap        ] GC(111) ParOldGen: 635622K(635904K)->638010K(638464K)
[6143.924s][info ][gc,metaspace   ] GC(111) Metaspace: 111233K(112576K)->111233K(112576K) NonClass: 94656K(95424K)->94656K(95424K) Class: 16577K(17152K)->16577K(17152K)
[6143.924s][info ][gc             ] GC(111) Pause Young (Allocation Failure) 2645M->625M(2658M) 4.244ms
[6143.924s][info ][gc,cpu         ] GC(111) User=0.01s Sys=0.00s Real=0.00s
[6143.924s][info ][safepoint      ] Safepoint "ParallelGCFailedAllocation", Time since last: 8020271008 ns, Reaching safepoint: 90299 ns, Cleanup: 4400 ns, At safepoint: 4314074 ns, Total: 4408773 ns
[6179.927s][info ][safepoint      ] Safepoint "Cleanup", Time since last: 36002748774 ns, Reaching safepoint: 5600 ns, Cleanup: 10000 ns, At safepoint: 2200 ns, Total: 17800 ns
[6188.917s][info ][safepoint      ] Safepoint "Cleanup", Time since last: 8990081913 ns, Reaching safepoint: 6200 ns, Cleanup: 9600 ns, At safepoint: 24400 ns, Total: 40200 ns
[6208.919s][info ][safepoint      ] Safepoint "Cleanup", Time since last: 20001472663 ns, Reaching safepoint: 78799 ns, Cleanup: 12600 ns, At safepoint: 5800 ns, Total: 97199 ns
[6209.919s][info ][safepoint      ] Safepoint "Cleanup", Time since last: 1000114880 ns, Reaching safepoint: 78400 ns, Cleanup: 10400 ns, At safepoint: 5700 ns, Total: 94500 ns
[6233.820s][info ][gc,start       ] GC(112) Pause Young (Allocation Failure)
[6233.824s][debug][gc,phases      ] GC(112) Scavenge 4.186ms
[6233.824s][debug][gc,ref         ] GC(112) ReferenceProcessor::execute queues: 1, RefProcThreadModel::Single, marks_oops_alive: false
[6233.824s][debug][gc,ref         ] GC(112) Skipped KeepAliveFinalRefsPhase of Reference Processing: no references
[6233.824s][debug][gc,ref         ] GC(112) ReferenceProcessor::execute queues: 1, RefProcThreadModel::Single, marks_oops_alive: false
[6233.824s][debug][gc,phases      ] GC(112) Reference Processing 0.100ms
[6233.825s][debug][gc,phases      ] GC(112)   VM Weak                        Min:  0.0, Avg:  0.0, Max:  0.0, Diff:  0.0, Sum:  0.0, Workers: 4
[6233.825s][debug][gc,phases      ] GC(112)     Dead                           Min: 0, Avg:  0.0, Max: 0, Diff: 0, Sum: 0, Workers: 4
[6233.825s][debug][gc,phases      ] GC(112)     Total                          Min: 0, Avg: 250.5, Max: 640, Diff: 640, Sum: 1002, Workers: 4
[6233.825s][debug][gc,phases      ] GC(112)   ObjectSynchronizer Weak        Min:  0.0, Avg:  0.0, Max:  0.0, Diff:  0.0, Sum:  0.0, Workers: 4
[6233.825s][debug][gc,phases      ] GC(112)     Dead                           Min: 0, Avg:  0.0, Max: 0, Diff: 0, Sum: 0, Workers: 4
[6233.825s][debug][gc,phases      ] GC(112)     Total                          Min: 0, Avg:  1.0, Max: 4, Diff: 4, Sum: 4, Workers: 4
[6233.825s][debug][gc,phases      ] GC(112)   JVMTI Tag Weak OopStorage      Min:  0.0, Avg:  0.0, Max:  0.0, Diff:  0.0, Sum:  0.0, Workers: 4
[6233.825s][debug][gc,phases      ] GC(112)     Dead                           Min: 0, Avg:  0.0, Max: 0, Diff: 0, Sum: 0, Workers: 4
[6233.825s][debug][gc,phases      ] GC(112)     Total                          Min: 0, Avg:  0.0, Max: 0, Diff: 0, Sum: 0, Workers: 4
[6233.825s][debug][gc,phases      ] GC(112)   StringTable Weak               Min:  0.1, Avg:  0.1, Max:  0.1, Diff:  0.0, Sum:  0.4, Workers: 4
[6233.825s][debug][gc,phases      ] GC(112)     Dead                           Min: 0, Avg:  0.0, Max: 0, Diff: 0, Sum: 0, Workers: 4
[6233.825s][debug][gc,phases      ] GC(112)     Total                          Min: 11105, Avg: 11960.0, Max: 12351, Diff: 1246, Sum: 47840, Workers: 4
[6233.825s][debug][gc,phases      ] GC(112)   ResolvedMethodTable Weak       Min:  0.0, Avg:  0.0, Max:  0.0, Diff:  0.0, Sum:  0.2, Workers: 4
[6233.825s][debug][gc,phases      ] GC(112)     Dead                           Min: 0, Avg:  4.0, Max: 16, Diff: 16, Sum: 16, Workers: 4
[6233.825s][debug][gc,phases      ] GC(112)     Total                          Min: 3838, Avg: 3931.0, Max: 4028, Diff: 190, Sum: 15724, Workers: 4
[6233.825s][debug][gc,phases      ] GC(112)   JNI Weak                       Min:  0.0, Avg:  0.0, Max:  0.0, Diff:  0.0, Sum:  0.0, Workers: 4
[6233.825s][debug][gc,phases      ] GC(112)     Dead                           Min: 0, Avg:  0.0, Max: 0, Diff: 0, Sum: 0, Workers: 4
[6233.825s][debug][gc,phases      ] GC(112)     Total                          Min: 0, Avg: 13.0, Max: 52, Diff: 52, Sum: 52, Workers: 4
[6233.825s][debug][gc,phases      ] GC(112)   StringDedup Table Weak         Min:  0.0, Avg:  0.0, Max:  0.0, Diff:  0.0, Sum:  0.0, Workers: 4
[6233.825s][debug][gc,phases      ] GC(112)     Dead                           Min: 0, Avg:  0.0, Max: 0, Diff: 0, Sum: 0, Workers: 4
[6233.825s][debug][gc,phases      ] GC(112)     Total                          Min: 0, Avg:  0.0, Max: 0, Diff: 0, Sum: 0, Workers: 4
[6233.825s][debug][gc,phases      ] GC(112)   StringDedup Requests0 Weak     Min:  0.0, Avg:  0.0, Max:  0.0, Diff:  0.0, Sum:  0.0, Workers: 4
[6233.825s][debug][gc,phases      ] GC(112)     Dead                           Min: 0, Avg:  0.0, Max: 0, Diff: 0, Sum: 0, Workers: 4
[6233.825s][debug][gc,phases      ] GC(112)     Total                          Min: 0, Avg:  0.0, Max: 0, Diff: 0, Sum: 0, Workers: 4
[6233.825s][debug][gc,phases      ] GC(112)   StringDedup Requests1 Weak     Min:  0.0, Avg:  0.0, Max:  0.0, Diff:  0.0, Sum:  0.0, Workers: 4
[6233.825s][debug][gc,phases      ] GC(112)     Dead                           Min: 0, Avg:  0.0, Max: 0, Diff: 0, Sum: 0, Workers: 4
[6233.825s][debug][gc,phases      ] GC(112)     Total                          Min: 0, Avg:  0.0, Max: 0, Diff: 0, Sum: 0, Workers: 4
[6233.825s][debug][gc,phases      ] GC(112)   Weak JFR Old Object Samples    Min:  0.0, Avg:  0.0, Max:  0.0, Diff:  0.0, Sum:  0.0, Workers: 4
[6233.825s][debug][gc,phases      ] GC(112)     Dead                           Min: 0, Avg:  0.0, Max: 0, Diff: 0, Sum: 0, Workers: 4
[6233.825s][debug][gc,phases      ] GC(112)     Total                          Min: 0, Avg:  0.0, Max: 0, Diff: 0, Sum: 0, Workers: 4
[6233.825s][debug][gc,phases      ] GC(112) Weak Processing 0.364ms
[6233.825s][debug][gc,age         ] GC(112) Desired survivor size 13107200 bytes, new threshold 1 (max threshold 15)
[6233.825s][info ][gc,heap        ] GC(112) PSYoungGen: 2073152K(2083840K)->5043K(2083840K) Eden: 2070528K(2070528K)->0K(2070528K) From: 2624K(13312K)->5043K(13312K)
[6233.825s][info ][gc,heap        ] GC(112) ParOldGen: 638010K(638464K)->638515K(638976K)
[6233.825s][info ][gc,metaspace   ] GC(112) Metaspace: 111236K(112576K)->111236K(112576K) NonClass: 94658K(95424K)->94658K(95424K) Class: 16577K(17152K)->16577K(17152K)
[6233.825s][info ][gc             ] GC(112) Pause Young (Allocation Failure) 2647M->628M(2659M) 4.785ms
[6233.825s][info ][gc,cpu         ] GC(112) User=0.02s Sys=0.00s Real=0.01s
[6233.825s][info ][safepoint      ] Safepoint "ParallelGCFailedAllocation", Time since last: 23900867019 ns, Reaching safepoint: 81000 ns, Cleanup: 3900 ns, At safepoint: 4864770 ns, Total: 4949670 ns
[6241.825s][info ][safepoint      ] Safepoint "Cleanup", Time since last: 8000581615 ns, Reaching safepoint: 6000 ns, Cleanup: 10100 ns, At safepoint: 2200 ns, Total: 18300 ns
[6254.935s][info ][safepoint      ] Safepoint "Cleanup", Time since last: 13109123746 ns, Reaching safepoint: 5800 ns, Cleanup: 9700 ns, At safepoint: 2100 ns, Total: 17600 ns
[6263.935s][info ][safepoint      ] Safepoint "Cleanup", Time since last: 9000677705 ns, Reaching safepoint: 5299 ns, Cleanup: 12000 ns, At safepoint: 1700 ns, Total: 18999 ns
[6277.936s][info ][safepoint      ] Safepoint "Cleanup", Time since last: 14001079580 ns, Reaching safepoint: 6500 ns, Cleanup: 12200 ns, At safepoint: 2200 ns, Total: 20900 ns
[6290.937s][info ][safepoint      ] Safepoint "Cleanup", Time since last: 13000950883 ns, Reaching safepoint: 4900 ns, Cleanup: 9600 ns, At safepoint: 1800 ns, Total: 16300 ns
[6296.938s][info ][safepoint      ] Safepoint "Cleanup", Time since last: 6000486065 ns, Reaching safepoint: 5000 ns, Cleanup: 9200 ns, At safepoint: 2200 ns, Total: 16400 ns
[6304.951s][info ][safepoint      ] Safepoint "Cleanup", Time since last: 8012976443 ns, Reaching safepoint: 6700 ns, Cleanup: 20800 ns, At safepoint: 2400 ns, Total: 29900 ns
[6311.951s][info ][safepoint      ] Safepoint "Cleanup", Time since last: 7000594847 ns, Reaching safepoint: 5700 ns, Cleanup: 12300 ns, At safepoint: 1800 ns, Total: 19800 ns
[6320.437s][info ][gc,start       ] GC(113) Pause Young (Allocation Failure)
[6320.442s][debug][gc,phases      ] GC(113) Scavenge 4.400ms
[6320.442s][debug][gc,ref         ] GC(113) ReferenceProcessor::execute queues: 1, RefProcThreadModel::Single, marks_oops_alive: false
[6320.442s][debug][gc,ref         ] GC(113) Skipped KeepAliveFinalRefsPhase of Reference Processing: no references
[6320.442s][debug][gc,ref         ] GC(113) ReferenceProcessor::execute queues: 1, RefProcThreadModel::Single, marks_oops_alive: false
[6320.442s][debug][gc,phases      ] GC(113) Reference Processing 0.096ms
[6320.442s][debug][gc,phases      ] GC(113)   VM Weak                        Min:  0.0, Avg:  0.0, Max:  0.0, Diff:  0.0, Sum:  0.0, Workers: 4
[6320.442s][debug][gc,phases      ] GC(113)     Dead                           Min: 0, Avg:  0.0, Max: 0, Diff: 0, Sum: 0, Workers: 4
[6320.442s][debug][gc,phases      ] GC(113)     Total                          Min: 0, Avg: 250.5, Max: 640, Diff: 640, Sum: 1002, Workers: 4
[6320.442s][debug][gc,phases      ] GC(113)   ObjectSynchronizer Weak        Min:  0.0, Avg:  0.0, Max:  0.0, Diff:  0.0, Sum:  0.0, Workers: 4
[6320.442s][debug][gc,phases      ] GC(113)     Dead                           Min: 0, Avg:  0.0, Max: 0, Diff: 0, Sum: 0, Workers: 4
[6320.442s][debug][gc,phases      ] GC(113)     Total                          Min: 0, Avg:  1.0, Max: 4, Diff: 4, Sum: 4, Workers: 4
[6320.442s][debug][gc,phases      ] GC(113)   JVMTI Tag Weak OopStorage      Min:  0.0, Avg:  0.0, Max:  0.0, Diff:  0.0, Sum:  0.0, Workers: 4
[6320.442s][debug][gc,phases      ] GC(113)     Dead                           Min: 0, Avg:  0.0, Max: 0, Diff: 0, Sum: 0, Workers: 4
[6320.442s][debug][gc,phases      ] GC(113)     Total                          Min: 0, Avg:  0.0, Max: 0, Diff: 0, Sum: 0, Workers: 4
[6320.442s][debug][gc,phases      ] GC(113)   StringTable Weak               Min:  0.0, Avg:  0.1, Max:  0.1, Diff:  0.1, Sum:  0.4, Workers: 4
[6320.442s][debug][gc,phases      ] GC(113)     Dead                           Min: 0, Avg:  0.0, Max: 0, Diff: 0, Sum: 0, Workers: 4
[6320.442s][debug][gc,phases      ] GC(113)     Total                          Min: 0, Avg: 11960.2, Max: 21602, Diff: 21602, Sum: 47841, Workers: 4
[6320.442s][debug][gc,phases      ] GC(113)   ResolvedMethodTable Weak       Min:  0.0, Avg:  0.0, Max:  0.0, Diff:  0.0, Sum:  0.1, Workers: 4
[6320.442s][debug][gc,phases      ] GC(113)     Dead                           Min: 0, Avg:  4.0, Max: 16, Diff: 16, Sum: 16, Workers: 4
[6320.442s][debug][gc,phases      ] GC(113)     Total                          Min: 0, Avg: 3931.0, Max: 6984, Diff: 6984, Sum: 15724, Workers: 4
[6320.442s][debug][gc,phases      ] GC(113)   JNI Weak                       Min:  0.0, Avg:  0.0, Max:  0.0, Diff:  0.0, Sum:  0.0, Workers: 4
[6320.442s][debug][gc,phases      ] GC(113)     Dead                           Min: 0, Avg:  0.0, Max: 0, Diff: 0, Sum: 0, Workers: 4
[6320.442s][debug][gc,phases      ] GC(113)     Total                          Min: 0, Avg: 13.0, Max: 52, Diff: 52, Sum: 52, Workers: 4
[6320.442s][debug][gc,phases      ] GC(113)   StringDedup Table Weak         Min:  0.0, Avg:  0.0, Max:  0.0, Diff:  0.0, Sum:  0.0, Workers: 4
[6320.442s][debug][gc,phases      ] GC(113)     Dead                           Min: 0, Avg:  0.0, Max: 0, Diff: 0, Sum: 0, Workers: 4
[6320.442s][debug][gc,phases      ] GC(113)     Total                          Min: 0, Avg:  0.0, Max: 0, Diff: 0, Sum: 0, Workers: 4
[6320.442s][debug][gc,phases      ] GC(113)   StringDedup Requests0 Weak     Min:  0.0, Avg:  0.0, Max:  0.0, Diff:  0.0, Sum:  0.0, Workers: 4
[6320.442s][debug][gc,phases      ] GC(113)     Dead                           Min: 0, Avg:  0.0, Max: 0, Diff: 0, Sum: 0, Workers: 4
[6320.442s][debug][gc,phases      ] GC(113)     Total                          Min: 0, Avg:  0.0, Max: 0, Diff: 0, Sum: 0, Workers: 4
[6320.442s][debug][gc,phases      ] GC(113)   StringDedup Requests1 Weak     Min:  0.0, Avg:  0.0, Max:  0.0, Diff:  0.0, Sum:  0.0, Workers: 4
[6320.442s][debug][gc,phases      ] GC(113)     Dead                           Min: 0, Avg:  0.0, Max: 0, Diff: 0, Sum: 0, Workers: 4
[6320.442s][debug][gc,phases      ] GC(113)     Total                          Min: 0, Avg:  0.0, Max: 0, Diff: 0, Sum: 0, Workers: 4
[6320.442s][debug][gc,phases      ] GC(113)   Weak JFR Old Object Samples    Min:  0.0, Avg:  0.0, Max:  0.0, Diff:  0.0, Sum:  0.0, Workers: 4
[6320.442s][debug][gc,phases      ] GC(113)     Dead                           Min: 0, Avg:  0.0, Max: 0, Diff: 0, Sum: 0, Workers: 4
[6320.442s][debug][gc,phases      ] GC(113)     Total                          Min: 0, Avg:  0.0, Max: 0, Diff: 0, Sum: 0, Workers: 4
[6320.442s][debug][gc,phases      ] GC(113) Weak Processing 0.363ms
[6320.442s][debug][gc,age         ] GC(113) Desired survivor size 13107200 bytes, new threshold 1 (max threshold 15)
[6320.442s][info ][gc,heap        ] GC(113) PSYoungGen: 2075571K(2083840K)->2875K(2084352K) Eden: 2070528K(2070528K)->0K(2071552K) From: 5043K(13312K)->2875K(12800K)
[6320.442s][info ][gc,heap        ] GC(113) ParOldGen: 638515K(638976K)->641278K(641536K)
[6320.442s][info ][gc,metaspace   ] GC(113) Metaspace: 111242K(112576K)->111242K(112576K) NonClass: 94664K(95424K)->94664K(95424K) Class: 16577K(17152K)->16577K(17152K)
[6320.442s][info ][gc             ] GC(113) Pause Young (Allocation Failure) 2650M->629M(2662M) 4.967ms
[6320.442s][info ][gc,cpu         ] GC(113) User=0.02s Sys=0.00s Real=0.00s
[6320.442s][info ][safepoint      ] Safepoint "ParallelGCFailedAllocation", Time since last: 8485777790 ns, Reaching safepoint: 5200 ns, Cleanup: 3500 ns, At safepoint: 5034967 ns, Total: 5043667 ns
[6321.442s][info ][safepoint      ] Safepoint "Cleanup", Time since last: 1000085031 ns, Reaching safepoint: 5600 ns, Cleanup: 14800 ns, At safepoint: 2100 ns, Total: 22500 ns
[6322.442s][info ][safepoint      ] Safepoint "Cleanup", Time since last: 1000107430 ns, Reaching safepoint: 6700 ns, Cleanup: 10300 ns, At safepoint: 2200 ns, Total: 19200 ns
[6329.443s][info ][safepoint      ] Safepoint "Cleanup", Time since last: 7000544792 ns, Reaching safepoint: 7800 ns, Cleanup: 13099 ns, At safepoint: 2700 ns, Total: 23599 ns
[6333.443s][info ][safepoint      ] Safepoint "Cleanup", Time since last: 4000335146 ns, Reaching safepoint: 6400 ns, Cleanup: 9700 ns, At safepoint: 1900 ns, Total: 18000 ns
[6357.445s][info ][safepoint      ] Safepoint "Cleanup", Time since last: 24001821861 ns, Reaching safepoint: 6700 ns, Cleanup: 17300 ns, At safepoint: 2100 ns, Total: 26100 ns
[6359.445s][info ][safepoint      ] Safepoint "Cleanup", Time since last: 2000200595 ns, Reaching safepoint: 6200 ns, Cleanup: 10300 ns, At safepoint: 1900 ns, Total: 18400 ns
[6361.968s][info ][safepoint      ] Safepoint "Cleanup", Time since last: 2522535708 ns, Reaching safepoint: 4300 ns, Cleanup: 10499 ns, At safepoint: 5300 ns, Total: 20099 ns
[6362.968s][info ][safepoint      ] Safepoint "Cleanup", Time since last: 1000163273 ns, Reaching safepoint: 7000 ns, Cleanup: 12000 ns, At safepoint: 2000 ns, Total: 21000 ns
[6364.969s][info ][safepoint      ] Safepoint "Cleanup", Time since last: 2000172272 ns, Reaching safepoint: 84899 ns, Cleanup: 29700 ns, At safepoint: 7600 ns, Total: 122199 ns
[6366.969s][info ][safepoint      ] Safepoint "Cleanup", Time since last: 2000210940 ns, Reaching safepoint: 106800 ns, Cleanup: 12200 ns, At safepoint: 8699 ns, Total: 127699 ns
[6369.969s][info ][safepoint      ] Safepoint "Cleanup", Time since last: 3000260904 ns, Reaching safepoint: 76800 ns, Cleanup: 10500 ns, At safepoint: 5800 ns, Total: 93100 ns
[6371.970s][info ][safepoint      ] Safepoint "Cleanup", Time since last: 2000228844 ns, Reaching safepoint: 81800 ns, Cleanup: 10400 ns, At safepoint: 46899 ns, Total: 139099 ns
[6380.970s][info ][safepoint      ] Safepoint "Cleanup", Time since last: 9000761562 ns, Reaching safepoint: 104599 ns, Cleanup: 13900 ns, At safepoint: 8700 ns, Total: 127199 ns
[6390.971s][info ][safepoint      ] Safepoint "Cleanup", Time since last: 10000753573 ns, Reaching safepoint: 76999 ns, Cleanup: 9300 ns, At safepoint: 5700 ns, Total: 91999 ns
[6402.972s][info ][safepoint      ] Safepoint "Cleanup", Time since last: 12000975862 ns, Reaching safepoint: 79299 ns, Cleanup: 9400 ns, At safepoint: 27900 ns, Total: 116599 ns
[6408.973s][info ][safepoint      ] Safepoint "Cleanup", Time since last: 6000457667 ns, Reaching safepoint: 5600 ns, Cleanup: 8800 ns, At safepoint: 2100 ns, Total: 16500 ns
[6411.973s][info ][safepoint      ] Safepoint "Cleanup", Time since last: 3000244181 ns, Reaching safepoint: 5000 ns, Cleanup: 9100 ns, At safepoint: 1700 ns, Total: 15800 ns
[6413.973s][info ][safepoint      ] Safepoint "Cleanup", Time since last: 2000177555 ns, Reaching safepoint: 5100 ns, Cleanup: 8800 ns, At safepoint: 1800 ns, Total: 15700 ns
[6421.270s][info ][gc,start       ] GC(114) Pause Young (Allocation Failure)
[6421.274s][debug][gc,phases      ] GC(114) Scavenge 3.782ms
[6421.274s][debug][gc,ref         ] GC(114) ReferenceProcessor::execute queues: 1, RefProcThreadModel::Single, marks_oops_alive: false
[6421.274s][debug][gc,ref         ] GC(114) Skipped KeepAliveFinalRefsPhase of Reference Processing: no references
[6421.274s][debug][gc,ref         ] GC(114) ReferenceProcessor::execute queues: 1, RefProcThreadModel::Single, marks_oops_alive: false
[6421.274s][debug][gc,phases      ] GC(114) Reference Processing 0.098ms
[6421.274s][debug][gc,phases      ] GC(114)   VM Weak                        Min:  0.0, Avg:  0.0, Max:  0.0, Diff:  0.0, Sum:  0.0, Workers: 4
[6421.274s][debug][gc,phases      ] GC(114)     Dead                           Min: 0, Avg:  0.0, Max: 0, Diff: 0, Sum: 0, Workers: 4
[6421.274s][debug][gc,phases      ] GC(114)     Total                          Min: 0, Avg: 250.5, Max: 512, Diff: 512, Sum: 1002, Workers: 4
[6421.274s][debug][gc,phases      ] GC(114)   ObjectSynchronizer Weak        Min:  0.0, Avg:  0.0, Max:  0.0, Diff:  0.0, Sum:  0.0, Workers: 4
[6421.274s][debug][gc,phases      ] GC(114)     Dead                           Min: 0, Avg:  0.0, Max: 0, Diff: 0, Sum: 0, Workers: 4
[6421.274s][debug][gc,phases      ] GC(114)     Total                          Min: 0, Avg:  1.0, Max: 4, Diff: 4, Sum: 4, Workers: 4
[6421.274s][debug][gc,phases      ] GC(114)   JVMTI Tag Weak OopStorage      Min:  0.0, Avg:  0.0, Max:  0.0, Diff:  0.0, Sum:  0.0, Workers: 4
[6421.274s][debug][gc,phases      ] GC(114)     Dead                           Min: 0, Avg:  0.0, Max: 0, Diff: 0, Sum: 0, Workers: 4
[6421.274s][debug][gc,phases      ] GC(114)     Total                          Min: 0, Avg:  0.0, Max: 0, Diff: 0, Sum: 0, Workers: 4
[6421.274s][debug][gc,phases      ] GC(114)   StringTable Weak               Min:  0.0, Avg:  0.1, Max:  0.1, Diff:  0.1, Sum:  0.4, Workers: 4
[6421.274s][debug][gc,phases      ] GC(114)     Dead                           Min: 0, Avg:  0.2, Max: 1, Diff: 1, Sum: 1, Workers: 4
[6421.274s][debug][gc,phases      ] GC(114)     Total                          Min: 0, Avg: 11961.0, Max: 20606, Diff: 20606, Sum: 47844, Workers: 4
[6421.274s][debug][gc,phases      ] GC(114)   ResolvedMethodTable Weak       Min:  0.0, Avg:  0.0, Max:  0.0, Diff:  0.0, Sum:  0.1, Workers: 4
[6421.274s][debug][gc,phases      ] GC(114)     Dead                           Min: 0, Avg:  6.5, Max: 26, Diff: 26, Sum: 26, Workers: 4
[6421.274s][debug][gc,phases      ] GC(114)     Total                          Min: 0, Avg: 3932.8, Max: 6638, Diff: 6638, Sum: 15731, Workers: 4
[6421.274s][debug][gc,phases      ] GC(114)   JNI Weak                       Min:  0.0, Avg:  0.0, Max:  0.0, Diff:  0.0, Sum:  0.0, Workers: 4
[6421.274s][debug][gc,phases      ] GC(114)     Dead                           Min: 0, Avg:  0.0, Max: 0, Diff: 0, Sum: 0, Workers: 4
[6421.274s][debug][gc,phases      ] GC(114)     Total                          Min: 0, Avg: 13.0, Max: 52, Diff: 52, Sum: 52, Workers: 4
[6421.274s][debug][gc,phases      ] GC(114)   StringDedup Table Weak         Min:  0.0, Avg:  0.0, Max:  0.0, Diff:  0.0, Sum:  0.0, Workers: 4
[6421.274s][debug][gc,phases      ] GC(114)     Dead                           Min: 0, Avg:  0.0, Max: 0, Diff: 0, Sum: 0, Workers: 4
[6421.274s][debug][gc,phases      ] GC(114)     Total                          Min: 0, Avg:  0.0, Max: 0, Diff: 0, Sum: 0, Workers: 4
[6421.274s][debug][gc,phases      ] GC(114)   StringDedup Requests0 Weak     Min:  0.0, Avg:  0.0, Max:  0.0, Diff:  0.0, Sum:  0.0, Workers: 4
[6421.274s][debug][gc,phases      ] GC(114)     Dead                           Min: 0, Avg:  0.0, Max: 0, Diff: 0, Sum: 0, Workers: 4
[6421.274s][debug][gc,phases      ] GC(114)     Total                          Min: 0, Avg:  0.0, Max: 0, Diff: 0, Sum: 0, Workers: 4
[6421.274s][debug][gc,phases      ] GC(114)   StringDedup Requests1 Weak     Min:  0.0, Avg:  0.0, Max:  0.0, Diff:  0.0, Sum:  0.0, Workers: 4
[6421.274s][debug][gc,phases      ] GC(114)     Dead                           Min: 0, Avg:  0.0, Max: 0, Diff: 0, Sum: 0, Workers: 4
[6421.274s][debug][gc,phases      ] GC(114)     Total                          Min: 0, Avg:  0.0, Max: 0, Diff: 0, Sum: 0, Workers: 4
[6421.274s][debug][gc,phases      ] GC(114)   Weak JFR Old Object Samples    Min:  0.0, Avg:  0.0, Max:  0.0, Diff:  0.0, Sum:  0.0, Workers: 4
[6421.274s][debug][gc,phases      ] GC(114)     Dead                           Min: 0, Avg:  0.0, Max: 0, Diff: 0, Sum: 0, Workers: 4
[6421.274s][debug][gc,phases      ] GC(114)     Total                          Min: 0, Avg:  0.0, Max: 0, Diff: 0, Sum: 0, Workers: 4
[6421.274s][debug][gc,phases      ] GC(114) Weak Processing 0.354ms
[6421.274s][debug][gc,age         ] GC(114) Desired survivor size 12582912 bytes, new threshold 1 (max threshold 15)
[6421.274s][info ][gc,heap        ] GC(114) PSYoungGen: 2074427K(2084352K)->3648K(2084352K) Eden: 2071552K(2071552K)->0K(2071552K) From: 2875K(12800K)->3648K(12800K)
[6421.274s][info ][gc,heap        ] GC(114) ParOldGen: 641278K(641536K)->641862K(642048K)
[6421.274s][info ][gc,metaspace   ] GC(114) Metaspace: 111253K(112576K)->111253K(112576K) NonClass: 94675K(95424K)->94675K(95424K) Class: 16578K(17152K)->16578K(17152K)
[6421.274s][info ][gc             ] GC(114) Pause Young (Allocation Failure) 2652M->630M(2662M) 4.349ms
[6421.274s][info ][gc,cpu         ] GC(114) User=0.02s Sys=0.00s Real=0.00s
[6421.274s][info ][safepoint      ] Safepoint "ParallelGCFailedAllocation", Time since last: 7296623921 ns, Reaching safepoint: 75800 ns, Cleanup: 4100 ns, At safepoint: 4417970 ns, Total: 4497870 ns
[6446.987s][info ][safepoint      ] Safepoint "Cleanup", Time since last: 25712499739 ns, Reaching safepoint: 6700 ns, Cleanup: 13500 ns, At safepoint: 2100 ns, Total: 22300 ns
[6480.989s][info ][safepoint      ] Safepoint "Cleanup", Time since last: 34002446329 ns, Reaching safepoint: 6600 ns, Cleanup: 11400 ns, At safepoint: 2300 ns, Total: 20300 ns
[6508.005s][info ][safepoint      ] Safepoint "Cleanup", Time since last: 27015201755 ns, Reaching safepoint: 7100 ns, Cleanup: 13300 ns, At safepoint: 19800 ns, Total: 40200 ns
[6520.006s][info ][safepoint      ] Safepoint "Cleanup", Time since last: 12001044056 ns, Reaching safepoint: 5500 ns, Cleanup: 11500 ns, At safepoint: 2300 ns, Total: 19300 ns
[6521.006s][info ][safepoint      ] Safepoint "Cleanup", Time since last: 1000109207 ns, Reaching safepoint: 6500 ns, Cleanup: 12400 ns, At safepoint: 2700 ns, Total: 21600 ns
[6522.006s][info ][safepoint      ] Safepoint "Cleanup", Time since last: 1000107807 ns, Reaching safepoint: 6100 ns, Cleanup: 13000 ns, At safepoint: 2100 ns, Total: 21200 ns
[6523.151s][info ][gc,start       ] GC(115) Pause Young (Allocation Failure)
[6523.159s][debug][gc,phases      ] GC(115) Scavenge 7.993ms
[6523.160s][debug][gc,ref         ] GC(115) ReferenceProcessor::execute queues: 1, RefProcThreadModel::Single, marks_oops_alive: false
[6523.160s][debug][gc,ref         ] GC(115) Skipped KeepAliveFinalRefsPhase of Reference Processing: no references
[6523.160s][debug][gc,ref         ] GC(115) ReferenceProcessor::execute queues: 1, RefProcThreadModel::Single, marks_oops_alive: false
[6523.160s][debug][gc,phases      ] GC(115) Reference Processing 0.108ms
[6523.160s][debug][gc,phases      ] GC(115)   VM Weak                        Min:  0.0, Avg:  0.0, Max:  0.0, Diff:  0.0, Sum:  0.0, Workers: 4
[6523.160s][debug][gc,phases      ] GC(115)     Dead                           Min: 0, Avg:  0.0, Max: 0, Diff: 0, Sum: 0, Workers: 4
[6523.160s][debug][gc,phases      ] GC(115)     Total                          Min: 0, Avg: 250.5, Max: 810, Diff: 810, Sum: 1002, Workers: 4
[6523.160s][debug][gc,phases      ] GC(115)   ObjectSynchronizer Weak        Min:  0.0, Avg:  0.0, Max:  0.0, Diff:  0.0, Sum:  0.0, Workers: 4
[6523.160s][debug][gc,phases      ] GC(115)     Dead                           Min: 0, Avg:  0.0, Max: 0, Diff: 0, Sum: 0, Workers: 4
[6523.160s][debug][gc,phases      ] GC(115)     Total                          Min: 0, Avg:  1.0, Max: 4, Diff: 4, Sum: 4, Workers: 4
[6523.160s][debug][gc,phases      ] GC(115)   JVMTI Tag Weak OopStorage      Min:  0.0, Avg:  0.0, Max:  0.0, Diff:  0.0, Sum:  0.0, Workers: 4
[6523.160s][debug][gc,phases      ] GC(115)     Dead                           Min: 0, Avg:  0.0, Max: 0, Diff: 0, Sum: 0, Workers: 4
[6523.160s][debug][gc,phases      ] GC(115)     Total                          Min: 0, Avg:  0.0, Max: 0, Diff: 0, Sum: 0, Workers: 4
[6523.160s][debug][gc,phases      ] GC(115)   StringTable Weak               Min:  0.0, Avg:  0.1, Max:  0.1, Diff:  0.1, Sum:  0.4, Workers: 4
[6523.160s][debug][gc,phases      ] GC(115)     Dead                           Min: 0, Avg:  0.0, Max: 0, Diff: 0, Sum: 0, Workers: 4
[6523.160s][debug][gc,phases      ] GC(115)     Total                          Min: 0, Avg: 11961.0, Max: 16574, Diff: 16574, Sum: 47844, Workers: 4
[6523.160s][debug][gc,phases      ] GC(115)   ResolvedMethodTable Weak       Min:  0.0, Avg:  0.0, Max:  0.0, Diff:  0.0, Sum:  0.1, Workers: 4
[6523.160s][debug][gc,phases      ] GC(115)     Dead                           Min: 0, Avg:  4.0, Max: 16, Diff: 16, Sum: 16, Workers: 4
[6523.160s][debug][gc,phases      ] GC(115)     Total                          Min: 0, Avg: 3932.8, Max: 5305, Diff: 5305, Sum: 15731, Workers: 4
[6523.160s][debug][gc,phases      ] GC(115)   JNI Weak                       Min:  0.0, Avg:  0.0, Max:  0.0, Diff:  0.0, Sum:  0.0, Workers: 4
[6523.160s][debug][gc,phases      ] GC(115)     Dead                           Min: 0, Avg:  0.0, Max: 0, Diff: 0, Sum: 0, Workers: 4
[6523.160s][debug][gc,phases      ] GC(115)     Total                          Min: 0, Avg: 13.0, Max: 52, Diff: 52, Sum: 52, Workers: 4
[6523.160s][debug][gc,phases      ] GC(115)   StringDedup Table Weak         Min:  0.0, Avg:  0.0, Max:  0.0, Diff:  0.0, Sum:  0.0, Workers: 4
[6523.160s][debug][gc,phases      ] GC(115)     Dead                           Min: 0, Avg:  0.0, Max: 0, Diff: 0, Sum: 0, Workers: 4
[6523.160s][debug][gc,phases      ] GC(115)     Total                          Min: 0, Avg:  0.0, Max: 0, Diff: 0, Sum: 0, Workers: 4
[6523.160s][debug][gc,phases      ] GC(115)   StringDedup Requests0 Weak     Min:  0.0, Avg:  0.0, Max:  0.0, Diff:  0.0, Sum:  0.0, Workers: 4
[6523.160s][debug][gc,phases      ] GC(115)     Dead                           Min: 0, Avg:  0.0, Max: 0, Diff: 0, Sum: 0, Workers: 4
[6523.160s][debug][gc,phases      ] GC(115)     Total                          Min: 0, Avg:  0.0, Max: 0, Diff: 0, Sum: 0, Workers: 4
[6523.160s][debug][gc,phases      ] GC(115)   StringDedup Requests1 Weak     Min:  0.0, Avg:  0.0, Max:  0.0, Diff:  0.0, Sum:  0.0, Workers: 4
[6523.160s][debug][gc,phases      ] GC(115)     Dead                           Min: 0, Avg:  0.0, Max: 0, Diff: 0, Sum: 0, Workers: 4
[6523.160s][debug][gc,phases      ] GC(115)     Total                          Min: 0, Avg:  0.0, Max: 0, Diff: 0, Sum: 0, Workers: 4
[6523.160s][debug][gc,phases      ] GC(115)   Weak JFR Old Object Samples    Min:  0.0, Avg:  0.0, Max:  0.0, Diff:  0.0, Sum:  0.0, Workers: 4
[6523.160s][debug][gc,phases      ] GC(115)     Dead                           Min: 0, Avg:  0.0, Max: 0, Diff: 0, Sum: 0, Workers: 4
[6523.160s][debug][gc,phases      ] GC(115)     Total                          Min: 0, Avg:  0.0, Max: 0, Diff: 0, Sum: 0, Workers: 4
[6523.160s][debug][gc,phases      ] GC(115) Weak Processing 0.431ms
[6523.160s][debug][gc,age         ] GC(115) Desired survivor size 12058624 bytes, new threshold 1 (max threshold 15)
[6523.160s][info ][gc,heap        ] GC(115) PSYoungGen: 2075200K(2084352K)->3691K(2085376K) Eden: 2071552K(2071552K)->0K(2073088K) From: 3648K(12800K)->3691K(12288K)
[6523.160s][info ][gc,heap        ] GC(115) ParOldGen: 641862K(642048K)->642390K(642560K)
[6523.160s][info ][gc,metaspace   ] GC(115) Metaspace: 111264K(112576K)->111264K(112576K) NonClass: 94686K(95424K)->94686K(95424K) Class: 16578K(17152K)->16578K(17152K)
[6523.160s][info ][gc             ] GC(115) Pause Young (Allocation Failure) 2653M->630M(2664M) 8.643ms
[6523.160s][info ][gc,cpu         ] GC(115) User=0.01s Sys=0.00s Real=0.01s
[6523.160s][info ][safepoint      ] Safepoint "ParallelGCFailedAllocation", Time since last: 1145336605 ns, Reaching safepoint: 6000 ns, Cleanup: 4300 ns, At safepoint: 8719140 ns, Total: 8729440 ns
[6564.035s][info ][safepoint      ] Safepoint "Cleanup", Time since last: 40875271978 ns, Reaching safepoint: 5700 ns, Cleanup: 9200 ns, At safepoint: 2100 ns, Total: 17000 ns
[6569.036s][info ][safepoint      ] Safepoint "Cleanup", Time since last: 5000391002 ns, Reaching safepoint: 6000 ns, Cleanup: 9800 ns, At safepoint: 1900 ns, Total: 17700 ns
[6607.052s][info ][safepoint      ] Safepoint "Cleanup", Time since last: 38016306113 ns, Reaching safepoint: 6900 ns, Cleanup: 10400 ns, At safepoint: 2100 ns, Total: 19400 ns
[6621.970s][info ][gc,start       ] GC(116) Pause Young (Allocation Failure)
[6621.973s][debug][gc,phases      ] GC(116) Scavenge 3.527ms
[6621.973s][debug][gc,ref         ] GC(116) ReferenceProcessor::execute queues: 1, RefProcThreadModel::Single, marks_oops_alive: false
[6621.973s][debug][gc,ref         ] GC(116) Skipped KeepAliveFinalRefsPhase of Reference Processing: no references
[6621.973s][debug][gc,ref         ] GC(116) ReferenceProcessor::execute queues: 1, RefProcThreadModel::Single, marks_oops_alive: false
[6621.973s][debug][gc,phases      ] GC(116) Reference Processing 0.097ms
[6621.974s][debug][gc,phases      ] GC(116)   VM Weak                        Min:  0.0, Avg:  0.0, Max:  0.0, Diff:  0.0, Sum:  0.0, Workers: 4
[6621.974s][debug][gc,phases      ] GC(116)     Dead                           Min: 0, Avg:  0.0, Max: 0, Diff: 0, Sum: 0, Workers: 4
[6621.974s][debug][gc,phases      ] GC(116)     Total                          Min: 0, Avg: 250.5, Max: 960, Diff: 960, Sum: 1002, Workers: 4
[6621.974s][debug][gc,phases      ] GC(116)   ObjectSynchronizer Weak        Min:  0.0, Avg:  0.0, Max:  0.0, Diff:  0.0, Sum:  0.0, Workers: 4
[6621.974s][debug][gc,phases      ] GC(116)     Dead                           Min: 0, Avg:  0.0, Max: 0, Diff: 0, Sum: 0, Workers: 4
[6621.974s][debug][gc,phases      ] GC(116)     Total                          Min: 0, Avg:  1.0, Max: 4, Diff: 4, Sum: 4, Workers: 4
[6621.974s][debug][gc,phases      ] GC(116)   JVMTI Tag Weak OopStorage      Min:  0.0, Avg:  0.0, Max:  0.0, Diff:  0.0, Sum:  0.0, Workers: 4
[6621.974s][debug][gc,phases      ] GC(116)     Dead                           Min: 0, Avg:  0.0, Max: 0, Diff: 0, Sum: 0, Workers: 4
[6621.974s][debug][gc,phases      ] GC(116)     Total                          Min: 0, Avg:  0.0, Max: 0, Diff: 0, Sum: 0, Workers: 4
[6621.974s][debug][gc,phases      ] GC(116)   StringTable Weak               Min:  0.0, Avg:  0.1, Max:  0.1, Diff:  0.1, Sum:  0.4, Workers: 4
[6621.974s][debug][gc,phases      ] GC(116)     Dead                           Min: 0, Avg:  0.0, Max: 0, Diff: 0, Sum: 0, Workers: 4
[6621.974s][debug][gc,phases      ] GC(116)     Total                          Min: 0, Avg: 11962.0, Max: 19882, Diff: 19882, Sum: 47848, Workers: 4
[6621.974s][debug][gc,phases      ] GC(116)   ResolvedMethodTable Weak       Min:  0.0, Avg:  0.0, Max:  0.0, Diff:  0.0, Sum:  0.1, Workers: 4
[6621.974s][debug][gc,phases      ] GC(116)     Dead                           Min: 0, Avg:  4.0, Max: 16, Diff: 16, Sum: 16, Workers: 4
[6621.974s][debug][gc,phases      ] GC(116)     Total                          Min: 0, Avg: 3932.8, Max: 6413, Diff: 6413, Sum: 15731, Workers: 4
[6621.974s][debug][gc,phases      ] GC(116)   JNI Weak                       Min:  0.0, Avg:  0.0, Max:  0.0, Diff:  0.0, Sum:  0.0, Workers: 4
[6621.974s][debug][gc,phases      ] GC(116)     Dead                           Min: 0, Avg:  0.0, Max: 0, Diff: 0, Sum: 0, Workers: 4
[6621.974s][debug][gc,phases      ] GC(116)     Total                          Min: 0, Avg: 13.0, Max: 52, Diff: 52, Sum: 52, Workers: 4
[6621.974s][debug][gc,phases      ] GC(116)   StringDedup Table Weak         Min:  0.0, Avg:  0.0, Max:  0.0, Diff:  0.0, Sum:  0.0, Workers: 4
[6621.974s][debug][gc,phases      ] GC(116)     Dead                           Min: 0, Avg:  0.0, Max: 0, Diff: 0, Sum: 0, Workers: 4
[6621.974s][debug][gc,phases      ] GC(116)     Total                          Min: 0, Avg:  0.0, Max: 0, Diff: 0, Sum: 0, Workers: 4
[6621.974s][debug][gc,phases      ] GC(116)   StringDedup Requests0 Weak     Min:  0.0, Avg:  0.0, Max:  0.0, Diff:  0.0, Sum:  0.0, Workers: 4
[6621.974s][debug][gc,phases      ] GC(116)     Dead                           Min: 0, Avg:  0.0, Max: 0, Diff: 0, Sum: 0, Workers: 4
[6621.974s][debug][gc,phases      ] GC(116)     Total                          Min: 0, Avg:  0.0, Max: 0, Diff: 0, Sum: 0, Workers: 4
[6621.974s][debug][gc,phases      ] GC(116)   StringDedup Requests1 Weak     Min:  0.0, Avg:  0.0, Max:  0.0, Diff:  0.0, Sum:  0.0, Workers: 4
[6621.974s][debug][gc,phases      ] GC(116)     Dead                           Min: 0, Avg:  0.0, Max: 0, Diff: 0, Sum: 0, Workers: 4
[6621.974s][debug][gc,phases      ] GC(116)     Total                          Min: 0, Avg:  0.0, Max: 0, Diff: 0, Sum: 0, Workers: 4
[6621.974s][debug][gc,phases      ] GC(116)   Weak JFR Old Object Samples    Min:  0.0, Avg:  0.0, Max:  0.0, Diff:  0.0, Sum:  0.0, Workers: 4
[6621.974s][debug][gc,phases      ] GC(116)     Dead                           Min: 0, Avg:  0.0, Max: 0, Diff: 0, Sum: 0, Workers: 4
[6621.974s][debug][gc,phases      ] GC(116)     Total                          Min: 0, Avg:  0.0, Max: 0, Diff: 0, Sum: 0, Workers: 4
[6621.974s][debug][gc,phases      ] GC(116) Weak Processing 0.363ms
[6621.974s][debug][gc,age         ] GC(116) Desired survivor size 12058624 bytes, new threshold 1 (max threshold 15)
[6621.974s][info ][gc,heap        ] GC(116) PSYoungGen: 2076779K(2085376K)->3456K(2084864K) Eden: 2073088K(2073088K)->0K(2073088K) From: 3691K(12288K)->3456K(11776K)
[6621.974s][info ][gc,heap        ] GC(116) ParOldGen: 642390K(642560K)->643065K(643072K)
[6621.974s][info ][gc,metaspace   ] GC(116) Metaspace: 111272K(112576K)->111272K(112576K) NonClass: 94694K(95424K)->94694K(95424K) Class: 16578K(17152K)->16578K(17152K)
[6621.974s][info ][gc             ] GC(116) Pause Young (Allocation Failure) 2655M->631M(2664M) 4.099ms
[6621.974s][info ][gc,cpu         ] GC(116) User=0.02s Sys=0.00s Real=0.00s
[6621.974s][info ][safepoint      ] Safepoint "ParallelGCFailedAllocation", Time since last: 14917556089 ns, Reaching safepoint: 77499 ns, Cleanup: 4100 ns, At safepoint: 4171471 ns, Total: 4253070 ns
[6628.974s][info ][safepoint      ] Safepoint "Cleanup", Time since last: 7000507935 ns, Reaching safepoint: 5800 ns, Cleanup: 9900 ns, At safepoint: 2100 ns, Total: 17800 ns
[6654.976s][info ][safepoint      ] Safepoint "Cleanup", Time since last: 26001894592 ns, Reaching safepoint: 5500 ns, Cleanup: 9600 ns, At safepoint: 1700 ns, Total: 16800 ns
[6658.977s][info ][safepoint      ] Safepoint "Cleanup", Time since last: 4000328043 ns, Reaching safepoint: 5700 ns, Cleanup: 8900 ns, At safepoint: 2200 ns, Total: 16800 ns
[6708.073s][info ][safepoint      ] Safepoint "Cleanup", Time since last: 49096384775 ns, Reaching safepoint: 79800 ns, Cleanup: 10700 ns, At safepoint: 5500 ns, Total: 96000 ns
[6717.170s][info ][gc,start       ] GC(117) Pause Young (Allocation Failure)
[6717.173s][debug][gc,phases      ] GC(117) Scavenge 3.371ms
[6717.173s][debug][gc,ref         ] GC(117) ReferenceProcessor::execute queues: 1, RefProcThreadModel::Single, marks_oops_alive: false
[6717.173s][debug][gc,ref         ] GC(117) Skipped KeepAliveFinalRefsPhase of Reference Processing: no references
[6717.173s][debug][gc,ref         ] GC(117) Skipped PhantomRefsPhase of Reference Processing: no references
[6717.173s][debug][gc,phases      ] GC(117) Reference Processing 0.097ms
[6717.173s][debug][gc,phases      ] GC(117)   VM Weak                        Min:  0.0, Avg:  0.0, Max:  0.0, Diff:  0.0, Sum:  0.0, Workers: 4
[6717.173s][debug][gc,phases      ] GC(117)     Dead                           Min: 0, Avg:  0.0, Max: 0, Diff: 0, Sum: 0, Workers: 4
[6717.174s][debug][gc,phases      ] GC(117)     Total                          Min: 0, Avg: 250.5, Max: 682, Diff: 682, Sum: 1002, Workers: 4
[6717.174s][debug][gc,phases      ] GC(117)   ObjectSynchronizer Weak        Min:  0.0, Avg:  0.0, Max:  0.0, Diff:  0.0, Sum:  0.0, Workers: 4
[6717.174s][debug][gc,phases      ] GC(117)     Dead                           Min: 0, Avg:  0.0, Max: 0, Diff: 0, Sum: 0, Workers: 4
[6717.174s][debug][gc,phases      ] GC(117)     Total                          Min: 0, Avg:  1.0, Max: 4, Diff: 4, Sum: 4, Workers: 4
[6717.174s][debug][gc,phases      ] GC(117)   JVMTI Tag Weak OopStorage      Min:  0.0, Avg:  0.0, Max:  0.0, Diff:  0.0, Sum:  0.0, Workers: 4
[6717.174s][debug][gc,phases      ] GC(117)     Dead                           Min: 0, Avg:  0.0, Max: 0, Diff: 0, Sum: 0, Workers: 4
[6717.174s][debug][gc,phases      ] GC(117)     Total                          Min: 0, Avg:  0.0, Max: 0, Diff: 0, Sum: 0, Workers: 4
[6717.174s][debug][gc,phases      ] GC(117)   StringTable Weak               Min:  0.0, Avg:  0.1, Max:  0.1, Diff:  0.1, Sum:  0.4, Workers: 4
[6717.174s][debug][gc,phases      ] GC(117)     Dead                           Min: 0, Avg:  0.0, Max: 0, Diff: 0, Sum: 0, Workers: 4
[6717.174s][debug][gc,phases      ] GC(117)     Total                          Min: 0, Avg: 11962.0, Max: 20736, Diff: 20736, Sum: 47848, Workers: 4
[6717.174s][debug][gc,phases      ] GC(117)   ResolvedMethodTable Weak       Min:  0.0, Avg:  0.0, Max:  0.0, Diff:  0.0, Sum:  0.1, Workers: 4
[6717.174s][debug][gc,phases      ] GC(117)     Dead                           Min: 0, Avg:  4.0, Max: 16, Diff: 16, Sum: 16, Workers: 4
[6717.174s][debug][gc,phases      ] GC(117)     Total                          Min: 0, Avg: 3932.8, Max: 6743, Diff: 6743, Sum: 15731, Workers: 4
[6717.174s][debug][gc,phases      ] GC(117)   JNI Weak                       Min:  0.0, Avg:  0.0, Max:  0.0, Diff:  0.0, Sum:  0.0, Workers: 4
[6717.174s][debug][gc,phases      ] GC(117)     Dead                           Min: 0, Avg:  0.0, Max: 0, Diff: 0, Sum: 0, Workers: 4
[6717.174s][debug][gc,phases      ] GC(117)     Total                          Min: 0, Avg: 13.0, Max: 52, Diff: 52, Sum: 52, Workers: 4
[6717.174s][debug][gc,phases      ] GC(117)   StringDedup Table Weak         Min:  0.0, Avg:  0.0, Max:  0.0, Diff:  0.0, Sum:  0.0, Workers: 4
[6717.174s][debug][gc,phases      ] GC(117)     Dead                           Min: 0, Avg:  0.0, Max: 0, Diff: 0, Sum: 0, Workers: 4
[6717.174s][debug][gc,phases      ] GC(117)     Total                          Min: 0, Avg:  0.0, Max: 0, Diff: 0, Sum: 0, Workers: 4
[6717.174s][debug][gc,phases      ] GC(117)   StringDedup Requests0 Weak     Min:  0.0, Avg:  0.0, Max:  0.0, Diff:  0.0, Sum:  0.0, Workers: 4
[6717.174s][debug][gc,phases      ] GC(117)     Dead                           Min: 0, Avg:  0.0, Max: 0, Diff: 0, Sum: 0, Workers: 4
[6717.174s][debug][gc,phases      ] GC(117)     Total                          Min: 0, Avg:  0.0, Max: 0, Diff: 0, Sum: 0, Workers: 4
[6717.174s][debug][gc,phases      ] GC(117)   StringDedup Requests1 Weak     Min:  0.0, Avg:  0.0, Max:  0.0, Diff:  0.0, Sum:  0.0, Workers: 4
[6717.174s][debug][gc,phases      ] GC(117)     Dead                           Min: 0, Avg:  0.0, Max: 0, Diff: 0, Sum: 0, Workers: 4
[6717.174s][debug][gc,phases      ] GC(117)     Total                          Min: 0, Avg:  0.0, Max: 0, Diff: 0, Sum: 0, Workers: 4
[6717.174s][debug][gc,phases      ] GC(117)   Weak JFR Old Object Samples    Min:  0.0, Avg:  0.0, Max:  0.0, Diff:  0.0, Sum:  0.0, Workers: 4
[6717.174s][debug][gc,phases      ] GC(117)     Dead                           Min: 0, Avg:  0.0, Max: 0, Diff: 0, Sum: 0, Workers: 4
[6717.174s][debug][gc,phases      ] GC(117)     Total                          Min: 0, Avg:  0.0, Max: 0, Diff: 0, Sum: 0, Workers: 4
[6717.174s][debug][gc,phases      ] GC(117) Weak Processing 0.385ms
[6717.174s][debug][gc,age         ] GC(117) Desired survivor size 11534336 bytes, new threshold 1 (max threshold 15)
[6717.174s][info ][gc,heap        ] GC(117) PSYoungGen: 2076544K(2084864K)->3968K(2085888K) Eden: 2073088K(2073088K)->0K(2074112K) From: 3456K(11776K)->3968K(11776K)
[6717.174s][info ][gc,heap        ] GC(117) ParOldGen: 643065K(643072K)->643525K(643584K)
[6717.174s][info ][gc,metaspace   ] GC(117) Metaspace: 111277K(112576K)->111277K(112576K) NonClass: 94698K(95424K)->94698K(95424K) Class: 16578K(17152K)->16578K(17152K)
[6717.174s][info ][gc             ] GC(117) Pause Young (Allocation Failure) 2655M->632M(2665M) 3.960ms
[6717.174s][info ][gc,cpu         ] GC(117) User=0.01s Sys=0.00s Real=0.00s
[6717.174s][info ][safepoint      ] Safepoint "ParallelGCFailedAllocation", Time since last: 9096512142 ns, Reaching safepoint: 6701 ns, Cleanup: 3800 ns, At safepoint: 4032287 ns, Total: 4042788 ns
[6725.087s][info ][safepoint      ] Safepoint "Cleanup", Time since last: 7913220671 ns, Reaching safepoint: 6000 ns, Cleanup: 10200 ns, At safepoint: 2100 ns, Total: 18300 ns
[6743.088s][info ][safepoint      ] Safepoint "Cleanup", Time since last: 18001286502 ns, Reaching safepoint: 6500 ns, Cleanup: 14100 ns, At safepoint: 2300 ns, Total: 22900 ns
[6744.088s][info ][safepoint      ] Safepoint "Cleanup", Time since last: 1000160792 ns, Reaching safepoint: 6000 ns, Cleanup: 13300 ns, At safepoint: 2800 ns, Total: 22100 ns
[6748.089s][info ][safepoint      ] Safepoint "Cleanup", Time since last: 4000333570 ns, Reaching safepoint: 7000 ns, Cleanup: 12500 ns, At safepoint: 2600 ns, Total: 22100 ns
[6750.089s][info ][safepoint      ] Safepoint "Cleanup", Time since last: 2000145838 ns, Reaching safepoint: 5700 ns, Cleanup: 10900 ns, At safepoint: 1900 ns, Total: 18500 ns
[6764.090s][info ][safepoint      ] Safepoint "Cleanup", Time since last: 14001061924 ns, Reaching safepoint: 6300 ns, Cleanup: 16800 ns, At safepoint: 2300 ns, Total: 25400 ns
[6797.106s][info ][safepoint      ] Safepoint "Cleanup", Time since last: 33016301748 ns, Reaching safepoint: 6300 ns, Cleanup: 12600 ns, At safepoint: 2300 ns, Total: 21200 ns
[6803.107s][info ][safepoint      ] Safepoint "Cleanup", Time since last: 6000461805 ns, Reaching safepoint: 5300 ns, Cleanup: 11600 ns, At safepoint: 1700 ns, Total: 18600 ns
[6804.107s][info ][safepoint      ] Safepoint "Cleanup", Time since last: 1000106140 ns, Reaching safepoint: 6300 ns, Cleanup: 10100 ns, At safepoint: 27500 ns, Total: 43900 ns
[6805.107s][info ][safepoint      ] Safepoint "Cleanup", Time since last: 1000134696 ns, Reaching safepoint: 7000 ns, Cleanup: 11800 ns, At safepoint: 2699 ns, Total: 21499 ns
[6806.213s][info ][gc,start       ] GC(118) Pause Young (Allocation Failure)
[6806.216s][debug][gc,phases      ] GC(118) Scavenge 3.534ms
[6806.216s][debug][gc,ref         ] GC(118) ReferenceProcessor::execute queues: 1, RefProcThreadModel::Single, marks_oops_alive: false
[6806.216s][debug][gc,ref         ] GC(118) Skipped KeepAliveFinalRefsPhase of Reference Processing: no references
[6806.216s][debug][gc,ref         ] GC(118) ReferenceProcessor::execute queues: 1, RefProcThreadModel::Single, marks_oops_alive: false
[6806.216s][debug][gc,phases      ] GC(118) Reference Processing 0.102ms
[6806.216s][debug][gc,phases      ] GC(118)   VM Weak                        Min:  0.0, Avg:  0.0, Max:  0.0, Diff:  0.0, Sum:  0.0, Workers: 4
[6806.216s][debug][gc,phases      ] GC(118)     Dead                           Min: 0, Avg:  0.0, Max: 0, Diff: 0, Sum: 0, Workers: 4
[6806.216s][debug][gc,phases      ] GC(118)     Total                          Min: 0, Avg: 250.5, Max: 810, Diff: 810, Sum: 1002, Workers: 4
[6806.217s][debug][gc,phases      ] GC(118)   ObjectSynchronizer Weak        Min:  0.0, Avg:  0.0, Max:  0.0, Diff:  0.0, Sum:  0.0, Workers: 4
[6806.217s][debug][gc,phases      ] GC(118)     Dead                           Min: 0, Avg:  0.0, Max: 0, Diff: 0, Sum: 0, Workers: 4
[6806.217s][debug][gc,phases      ] GC(118)     Total                          Min: 0, Avg:  1.0, Max: 4, Diff: 4, Sum: 4, Workers: 4
[6806.217s][debug][gc,phases      ] GC(118)   JVMTI Tag Weak OopStorage      Min:  0.0, Avg:  0.0, Max:  0.0, Diff:  0.0, Sum:  0.0, Workers: 4
[6806.217s][debug][gc,phases      ] GC(118)     Dead                           Min: 0, Avg:  0.0, Max: 0, Diff: 0, Sum: 0, Workers: 4
[6806.217s][debug][gc,phases      ] GC(118)     Total                          Min: 0, Avg:  0.0, Max: 0, Diff: 0, Sum: 0, Workers: 4
[6806.217s][debug][gc,phases      ] GC(118)   StringTable Weak               Min:  0.1, Avg:  0.1, Max:  0.1, Diff:  0.0, Sum:  0.4, Workers: 4
[6806.217s][debug][gc,phases      ] GC(118)     Dead                           Min: 0, Avg:  0.0, Max: 0, Diff: 0, Sum: 0, Workers: 4
[6806.217s][debug][gc,phases      ] GC(118)     Total                          Min: 8958, Avg: 11962.2, Max: 15616, Diff: 6658, Sum: 47849, Workers: 4
[6806.217s][debug][gc,phases      ] GC(118)   ResolvedMethodTable Weak       Min:  0.0, Avg:  0.0, Max:  0.0, Diff:  0.0, Sum:  0.1, Workers: 4
[6806.217s][debug][gc,phases      ] GC(118)     Dead                           Min: 0, Avg:  4.2, Max: 17, Diff: 17, Sum: 17, Workers: 4
[6806.217s][debug][gc,phases      ] GC(118)     Total                          Min: 3634, Avg: 3933.2, Max: 4262, Diff: 628, Sum: 15733, Workers: 4
[6806.217s][debug][gc,phases      ] GC(118)   JNI Weak                       Min:  0.0, Avg:  0.0, Max:  0.0, Diff:  0.0, Sum:  0.0, Workers: 4
[6806.217s][debug][gc,phases      ] GC(118)     Dead                           Min: 0, Avg:  0.0, Max: 0, Diff: 0, Sum: 0, Workers: 4
[6806.217s][debug][gc,phases      ] GC(118)     Total                          Min: 0, Avg: 13.0, Max: 52, Diff: 52, Sum: 52, Workers: 4
[6806.217s][debug][gc,phases      ] GC(118)   StringDedup Table Weak         Min:  0.0, Avg:  0.0, Max:  0.0, Diff:  0.0, Sum:  0.0, Workers: 4
[6806.217s][debug][gc,phases      ] GC(118)     Dead                           Min: 0, Avg:  0.0, Max: 0, Diff: 0, Sum: 0, Workers: 4
[6806.217s][debug][gc,phases      ] GC(118)     Total                          Min: 0, Avg:  0.0, Max: 0, Diff: 0, Sum: 0, Workers: 4
[6806.217s][debug][gc,phases      ] GC(118)   StringDedup Requests0 Weak     Min:  0.0, Avg:  0.0, Max:  0.0, Diff:  0.0, Sum:  0.0, Workers: 4
[6806.217s][debug][gc,phases      ] GC(118)     Dead                           Min: 0, Avg:  0.0, Max: 0, Diff: 0, Sum: 0, Workers: 4
[6806.217s][debug][gc,phases      ] GC(118)     Total                          Min: 0, Avg:  0.0, Max: 0, Diff: 0, Sum: 0, Workers: 4
[6806.217s][debug][gc,phases      ] GC(118)   StringDedup Requests1 Weak     Min:  0.0, Avg:  0.0, Max:  0.0, Diff:  0.0, Sum:  0.0, Workers: 4
[6806.217s][debug][gc,phases      ] GC(118)     Dead                           Min: 0, Avg:  0.0, Max: 0, Diff: 0, Sum: 0, Workers: 4
[6806.217s][debug][gc,phases      ] GC(118)     Total                          Min: 0, Avg:  0.0, Max: 0, Diff: 0, Sum: 0, Workers: 4
[6806.217s][debug][gc,phases      ] GC(118)   Weak JFR Old Object Samples    Min:  0.0, Avg:  0.0, Max:  0.0, Diff:  0.0, Sum:  0.0, Workers: 4
[6806.217s][debug][gc,phases      ] GC(118)     Dead                           Min: 0, Avg:  0.0, Max: 0, Diff: 0, Sum: 0, Workers: 4
[6806.217s][debug][gc,phases      ] GC(118)     Total                          Min: 0, Avg:  0.0, Max: 0, Diff: 0, Sum: 0, Workers: 4
[6806.217s][debug][gc,phases      ] GC(118) Weak Processing 0.364ms
[6806.217s][debug][gc,age         ] GC(118) Desired survivor size 11010048 bytes, new threshold 1 (max threshold 15)
[6806.217s][info ][gc,heap        ] GC(118) PSYoungGen: 2078080K(2085888K)->4281K(2085376K) Eden: 2074112K(2074112K)->0K(2074112K) From: 3968K(11776K)->4281K(11264K)
[6806.217s][info ][gc,heap        ] GC(118) ParOldGen: 643525K(643584K)->644141K(644608K)
[6806.217s][info ][gc,metaspace   ] GC(118) Metaspace: 111282K(112640K)->111282K(112640K) NonClass: 94703K(95488K)->94703K(95488K) Class: 16578K(17152K)->16578K(17152K)
[6806.217s][info ][gc             ] GC(118) Pause Young (Allocation Failure) 2657M->633M(2666M) 4.114ms
[6806.217s][info ][gc,cpu         ] GC(118) User=0.01s Sys=0.00s Real=0.01s
[6806.217s][info ][safepoint      ] Safepoint "ParallelGCFailedAllocation", Time since last: 1105322106 ns, Reaching safepoint: 5900 ns, Cleanup: 3800 ns, At safepoint: 4180378 ns, Total: 4190078 ns
[6832.219s][info ][safepoint      ] Safepoint "Cleanup", Time since last: 26001835910 ns, Reaching safepoint: 101000 ns, Cleanup: 11300 ns, At safepoint: 9900 ns, Total: 122200 ns
[6897.127s][info ][safepoint      ] Safepoint "Cleanup", Time since last: 64908548056 ns, Reaching safepoint: 5900 ns, Cleanup: 8800 ns, At safepoint: 2200 ns, Total: 16900 ns
[6899.232s][info ][gc,start       ] GC(119) Pause Young (Allocation Failure)
[6899.235s][debug][gc,phases      ] GC(119) Scavenge 3.458ms
[6899.235s][debug][gc,ref         ] GC(119) ReferenceProcessor::execute queues: 1, RefProcThreadModel::Single, marks_oops_alive: false
[6899.235s][debug][gc,ref         ] GC(119) Skipped KeepAliveFinalRefsPhase of Reference Processing: no references
[6899.235s][debug][gc,ref         ] GC(119) Skipped PhantomRefsPhase of Reference Processing: no references
[6899.235s][debug][gc,phases      ] GC(119) Reference Processing 0.096ms
[6899.235s][debug][gc,phases      ] GC(119)   VM Weak                        Min:  0.0, Avg:  0.0, Max:  0.0, Diff:  0.0, Sum:  0.0, Workers: 4
[6899.235s][debug][gc,phases      ] GC(119)     Dead                           Min: 0, Avg:  0.0, Max: 0, Diff: 0, Sum: 0, Workers: 4
[6899.235s][debug][gc,phases      ] GC(119)     Total                          Min: 0, Avg: 250.5, Max: 512, Diff: 512, Sum: 1002, Workers: 4
[6899.235s][debug][gc,phases      ] GC(119)   ObjectSynchronizer Weak        Min:  0.0, Avg:  0.0, Max:  0.0, Diff:  0.0, Sum:  0.0, Workers: 4
[6899.235s][debug][gc,phases      ] GC(119)     Dead                           Min: 0, Avg:  0.0, Max: 0, Diff: 0, Sum: 0, Workers: 4
[6899.235s][debug][gc,phases      ] GC(119)     Total                          Min: 0, Avg:  1.0, Max: 4, Diff: 4, Sum: 4, Workers: 4
[6899.235s][debug][gc,phases      ] GC(119)   JVMTI Tag Weak OopStorage      Min:  0.0, Avg:  0.0, Max:  0.0, Diff:  0.0, Sum:  0.0, Workers: 4
[6899.235s][debug][gc,phases      ] GC(119)     Dead                           Min: 0, Avg:  0.0, Max: 0, Diff: 0, Sum: 0, Workers: 4
[6899.235s][debug][gc,phases      ] GC(119)     Total                          Min: 0, Avg:  0.0, Max: 0, Diff: 0, Sum: 0, Workers: 4
[6899.235s][debug][gc,phases      ] GC(119)   StringTable Weak               Min:  0.0, Avg:  0.1, Max:  0.1, Diff:  0.1, Sum:  0.4, Workers: 4
[6899.235s][debug][gc,phases      ] GC(119)     Dead                           Min: 0, Avg:  0.0, Max: 0, Diff: 0, Sum: 0, Workers: 4
[6899.235s][debug][gc,phases      ] GC(119)     Total                          Min: 0, Avg: 11963.2, Max: 20927, Diff: 20927, Sum: 47853, Workers: 4
[6899.235s][debug][gc,phases      ] GC(119)   ResolvedMethodTable Weak       Min:  0.0, Avg:  0.0, Max:  0.0, Diff:  0.0, Sum:  0.1, Workers: 4
[6899.235s][debug][gc,phases      ] GC(119)     Dead                           Min: 0, Avg:  4.0, Max: 16, Diff: 16, Sum: 16, Workers: 4
[6899.235s][debug][gc,phases      ] GC(119)     Total                          Min: 0, Avg: 3933.2, Max: 6363, Diff: 6363, Sum: 15733, Workers: 4
[6899.235s][debug][gc,phases      ] GC(119)   JNI Weak                       Min:  0.0, Avg:  0.0, Max:  0.0, Diff:  0.0, Sum:  0.0, Workers: 4
[6899.235s][debug][gc,phases      ] GC(119)     Dead                           Min: 0, Avg:  0.0, Max: 0, Diff: 0, Sum: 0, Workers: 4
[6899.235s][debug][gc,phases      ] GC(119)     Total                          Min: 0, Avg: 13.0, Max: 52, Diff: 52, Sum: 52, Workers: 4
[6899.236s][debug][gc,phases      ] GC(119)   StringDedup Table Weak         Min:  0.0, Avg:  0.0, Max:  0.0, Diff:  0.0, Sum:  0.0, Workers: 4
[6899.236s][debug][gc,phases      ] GC(119)     Dead                           Min: 0, Avg:  0.0, Max: 0, Diff: 0, Sum: 0, Workers: 4
[6899.236s][debug][gc,phases      ] GC(119)     Total                          Min: 0, Avg:  0.0, Max: 0, Diff: 0, Sum: 0, Workers: 4
[6899.236s][debug][gc,phases      ] GC(119)   StringDedup Requests0 Weak     Min:  0.0, Avg:  0.0, Max:  0.0, Diff:  0.0, Sum:  0.0, Workers: 4
[6899.236s][debug][gc,phases      ] GC(119)     Dead                           Min: 0, Avg:  0.0, Max: 0, Diff: 0, Sum: 0, Workers: 4
[6899.236s][debug][gc,phases      ] GC(119)     Total                          Min: 0, Avg:  0.0, Max: 0, Diff: 0, Sum: 0, Workers: 4
[6899.236s][debug][gc,phases      ] GC(119)   StringDedup Requests1 Weak     Min:  0.0, Avg:  0.0, Max:  0.0, Diff:  0.0, Sum:  0.0, Workers: 4
[6899.236s][debug][gc,phases      ] GC(119)     Dead                           Min: 0, Avg:  0.0, Max: 0, Diff: 0, Sum: 0, Workers: 4
[6899.236s][debug][gc,phases      ] GC(119)     Total                          Min: 0, Avg:  0.0, Max: 0, Diff: 0, Sum: 0, Workers: 4
[6899.236s][debug][gc,phases      ] GC(119)   Weak JFR Old Object Samples    Min:  0.0, Avg:  0.0, Max:  0.0, Diff:  0.0, Sum:  0.0, Workers: 4
[6899.236s][debug][gc,phases      ] GC(119)     Dead                           Min: 0, Avg:  0.0, Max: 0, Diff: 0, Sum: 0, Workers: 4
[6899.236s][debug][gc,phases      ] GC(119)     Total                          Min: 0, Avg:  0.0, Max: 0, Diff: 0, Sum: 0, Workers: 4
[6899.236s][debug][gc,phases      ] GC(119) Weak Processing 0.359ms
[6899.236s][debug][gc,age         ] GC(119) Desired survivor size 10485760 bytes, new threshold 1 (max threshold 15)
[6899.236s][info ][gc,heap        ] GC(119) PSYoungGen: 2078393K(2085376K)->2736K(2086912K) Eden: 2074112K(2074112K)->0K(2076160K) From: 4281K(11264K)->2736K(10752K)
[6899.236s][info ][gc,heap        ] GC(119) ParOldGen: 644141K(644608K)->646363K(646656K)
[6899.236s][info ][gc,metaspace   ] GC(119) Metaspace: 111291K(112640K)->111291K(112640K) NonClass: 94712K(95488K)->94712K(95488K) Class: 16578K(17152K)->16578K(17152K)
[6899.236s][info ][gc             ] GC(119) Pause Young (Allocation Failure) 2658M->633M(2669M) 4.058ms
[6899.236s][info ][gc,cpu         ] GC(119) User=0.01s Sys=0.00s Real=0.01s
[6899.236s][info ][safepoint      ] Safepoint "ParallelGCFailedAllocation", Time since last: 2104283923 ns, Reaching safepoint: 5900 ns, Cleanup: 4099 ns, At safepoint: 4121586 ns, Total: 4131585 ns
[6912.141s][info ][safepoint      ] Safepoint "Cleanup", Time since last: 12905580437 ns, Reaching safepoint: 7300 ns, Cleanup: 11600 ns, At safepoint: 2900 ns, Total: 21800 ns
[6979.160s][info ][safepoint      ] Safepoint "Cleanup", Time since last: 67018471752 ns, Reaching safepoint: 6400 ns, Cleanup: 11100 ns, At safepoint: 2200 ns, Total: 19700 ns
[6995.250s][info ][gc,start       ] GC(120) Pause Young (Allocation Failure)
[6995.253s][debug][gc,phases      ] GC(120) Scavenge 3.083ms
[6995.253s][debug][gc,ref         ] GC(120) ReferenceProcessor::execute queues: 1, RefProcThreadModel::Single, marks_oops_alive: false
[6995.253s][debug][gc,ref         ] GC(120) Skipped KeepAliveFinalRefsPhase of Reference Processing: no references
[6995.253s][debug][gc,ref         ] GC(120) ReferenceProcessor::execute queues: 1, RefProcThreadModel::Single, marks_oops_alive: false
[6995.253s][debug][gc,phases      ] GC(120) Reference Processing 0.102ms
[6995.253s][debug][gc,phases      ] GC(120)   VM Weak                        Min:  0.0, Avg:  0.0, Max:  0.0, Diff:  0.0, Sum:  0.0, Workers: 4
[6995.253s][debug][gc,phases      ] GC(120)     Dead                           Min: 0, Avg:  0.0, Max: 0, Diff: 0, Sum: 0, Workers: 4
[6995.253s][debug][gc,phases      ] GC(120)     Total                          Min: 0, Avg: 250.5, Max: 618, Diff: 618, Sum: 1002, Workers: 4
[6995.253s][debug][gc,phases      ] GC(120)   ObjectSynchronizer Weak        Min:  0.0, Avg:  0.0, Max:  0.0, Diff:  0.0, Sum:  0.0, Workers: 4
[6995.253s][debug][gc,phases      ] GC(120)     Dead                           Min: 0, Avg:  0.0, Max: 0, Diff: 0, Sum: 0, Workers: 4
[6995.253s][debug][gc,phases      ] GC(120)     Total                          Min: 0, Avg:  1.0, Max: 4, Diff: 4, Sum: 4, Workers: 4
[6995.253s][debug][gc,phases      ] GC(120)   JVMTI Tag Weak OopStorage      Min:  0.0, Avg:  0.0, Max:  0.0, Diff:  0.0, Sum:  0.0, Workers: 4
[6995.253s][debug][gc,phases      ] GC(120)     Dead                           Min: 0, Avg:  0.0, Max: 0, Diff: 0, Sum: 0, Workers: 4
[6995.253s][debug][gc,phases      ] GC(120)     Total                          Min: 0, Avg:  0.0, Max: 0, Diff: 0, Sum: 0, Workers: 4
[6995.253s][debug][gc,phases      ] GC(120)   StringTable Weak               Min:  0.0, Avg:  0.1, Max:  0.1, Diff:  0.1, Sum:  0.4, Workers: 4
[6995.253s][debug][gc,phases      ] GC(120)     Dead                           Min: 0, Avg:  0.0, Max: 0, Diff: 0, Sum: 0, Workers: 4
[6995.253s][debug][gc,phases      ] GC(120)     Total                          Min: 0, Avg: 11963.2, Max: 20734, Diff: 20734, Sum: 47853, Workers: 4
[6995.253s][debug][gc,phases      ] GC(120)   ResolvedMethodTable Weak       Min:  0.0, Avg:  0.0, Max:  0.0, Diff:  0.0, Sum:  0.1, Workers: 4
[6995.253s][debug][gc,phases      ] GC(120)     Dead                           Min: 0, Avg:  4.0, Max: 16, Diff: 16, Sum: 16, Workers: 4
[6995.253s][debug][gc,phases      ] GC(120)     Total                          Min: 0, Avg: 3933.2, Max: 6664, Diff: 6664, Sum: 15733, Workers: 4
[6995.254s][debug][gc,phases      ] GC(120)   JNI Weak                       Min:  0.0, Avg:  0.0, Max:  0.0, Diff:  0.0, Sum:  0.0, Workers: 4
[6995.254s][debug][gc,phases      ] GC(120)     Dead                           Min: 0, Avg:  0.0, Max: 0, Diff: 0, Sum: 0, Workers: 4
[6995.254s][debug][gc,phases      ] GC(120)     Total                          Min: 0, Avg: 13.0, Max: 52, Diff: 52, Sum: 52, Workers: 4
[6995.254s][debug][gc,phases      ] GC(120)   StringDedup Table Weak         Min:  0.0, Avg:  0.0, Max:  0.0, Diff:  0.0, Sum:  0.0, Workers: 4
[6995.254s][debug][gc,phases      ] GC(120)     Dead                           Min: 0, Avg:  0.0, Max: 0, Diff: 0, Sum: 0, Workers: 4
[6995.254s][debug][gc,phases      ] GC(120)     Total                          Min: 0, Avg:  0.0, Max: 0, Diff: 0, Sum: 0, Workers: 4
[6995.254s][debug][gc,phases      ] GC(120)   StringDedup Requests0 Weak     Min:  0.0, Avg:  0.0, Max:  0.0, Diff:  0.0, Sum:  0.0, Workers: 4
[6995.254s][debug][gc,phases      ] GC(120)     Dead                           Min: 0, Avg:  0.0, Max: 0, Diff: 0, Sum: 0, Workers: 4
[6995.254s][debug][gc,phases      ] GC(120)     Total                          Min: 0, Avg:  0.0, Max: 0, Diff: 0, Sum: 0, Workers: 4
[6995.254s][debug][gc,phases      ] GC(120)   StringDedup Requests1 Weak     Min:  0.0, Avg:  0.0, Max:  0.0, Diff:  0.0, Sum:  0.0, Workers: 4
[6995.254s][debug][gc,phases      ] GC(120)     Dead                           Min: 0, Avg:  0.0, Max: 0, Diff: 0, Sum: 0, Workers: 4
[6995.254s][debug][gc,phases      ] GC(120)     Total                          Min: 0, Avg:  0.0, Max: 0, Diff: 0, Sum: 0, Workers: 4
[6995.254s][debug][gc,phases      ] GC(120)   Weak JFR Old Object Samples    Min:  0.0, Avg:  0.0, Max:  0.0, Diff:  0.0, Sum:  0.0, Workers: 4
[6995.254s][debug][gc,phases      ] GC(120)     Dead                           Min: 0, Avg:  0.0, Max: 0, Diff: 0, Sum: 0, Workers: 4
[6995.254s][debug][gc,phases      ] GC(120)     Total                          Min: 0, Avg:  0.0, Max: 0, Diff: 0, Sum: 0, Workers: 4
[6995.254s][debug][gc,phases      ] GC(120) Weak Processing 0.330ms
[6995.254s][debug][gc,age         ] GC(120) Desired survivor size 10485760 bytes, new threshold 1 (max threshold 15)
[6995.254s][info ][gc,heap        ] GC(120) PSYoungGen: 2078896K(2086912K)->3520K(2086400K) Eden: 2076160K(2076160K)->0K(2076160K) From: 2736K(10752K)->3520K(10240K)
[6995.254s][info ][gc,heap        ] GC(120) ParOldGen: 646363K(646656K)->646839K(647168K)
[6995.254s][info ][gc,metaspace   ] GC(120) Metaspace: 111297K(112640K)->111297K(112640K) NonClass: 94718K(95488K)->94718K(95488K) Class: 16578K(17152K)->16578K(17152K)
[6995.254s][info ][gc             ] GC(120) Pause Young (Allocation Failure) 2661M->635M(2669M) 3.640ms
[6995.254s][info ][gc,cpu         ] GC(120) User=0.01s Sys=0.00s Real=0.00s
[6995.254s][info ][safepoint      ] Safepoint "ParallelGCFailedAllocation", Time since last: 16090212182 ns, Reaching safepoint: 5500 ns, Cleanup: 4200 ns, At safepoint: 3702982 ns, Total: 3712682 ns
[7022.177s][info ][safepoint      ] Safepoint "Cleanup", Time since last: 26923124039 ns, Reaching safepoint: 3900 ns, Cleanup: 11500 ns, At safepoint: 4700 ns, Total: 20100 ns
[7093.270s][info ][gc,start       ] GC(121) Pause Young (Allocation Failure)
[7093.273s][debug][gc,phases      ] GC(121) Scavenge 3.564ms
[7093.274s][debug][gc,ref         ] GC(121) ReferenceProcessor::execute queues: 1, RefProcThreadModel::Single, marks_oops_alive: false
[7093.274s][debug][gc,ref         ] GC(121) Skipped KeepAliveFinalRefsPhase of Reference Processing: no references
[7093.274s][debug][gc,ref         ] GC(121) ReferenceProcessor::execute queues: 1, RefProcThreadModel::Single, marks_oops_alive: false
[7093.274s][debug][gc,phases      ] GC(121) Reference Processing 0.093ms
[7093.274s][debug][gc,phases      ] GC(121)   VM Weak                        Min:  0.0, Avg:  0.0, Max:  0.0, Diff:  0.0, Sum:  0.0, Workers: 4
[7093.274s][debug][gc,phases      ] GC(121)     Dead                           Min: 0, Avg:  0.0, Max: 0, Diff: 0, Sum: 0, Workers: 4
[7093.274s][debug][gc,phases      ] GC(121)     Total                          Min: 0, Avg: 250.5, Max: 576, Diff: 576, Sum: 1002, Workers: 4
[7093.274s][debug][gc,phases      ] GC(121)   ObjectSynchronizer Weak        Min:  0.0, Avg:  0.0, Max:  0.0, Diff:  0.0, Sum:  0.0, Workers: 4
[7093.274s][debug][gc,phases      ] GC(121)     Dead                           Min: 0, Avg:  0.0, Max: 0, Diff: 0, Sum: 0, Workers: 4
[7093.274s][debug][gc,phases      ] GC(121)     Total                          Min: 0, Avg:  1.0, Max: 4, Diff: 4, Sum: 4, Workers: 4
[7093.274s][debug][gc,phases      ] GC(121)   JVMTI Tag Weak OopStorage      Min:  0.0, Avg:  0.0, Max:  0.0, Diff:  0.0, Sum:  0.0, Workers: 4
[7093.274s][debug][gc,phases      ] GC(121)     Dead                           Min: 0, Avg:  0.0, Max: 0, Diff: 0, Sum: 0, Workers: 4
[7093.274s][debug][gc,phases      ] GC(121)     Total                          Min: 0, Avg:  0.0, Max: 0, Diff: 0, Sum: 0, Workers: 4
[7093.274s][debug][gc,phases      ] GC(121)   StringTable Weak               Min:  0.0, Avg:  0.1, Max:  0.1, Diff:  0.1, Sum:  0.4, Workers: 4
[7093.274s][debug][gc,phases      ] GC(121)     Dead                           Min: 0, Avg:  0.0, Max: 0, Diff: 0, Sum: 0, Workers: 4
[7093.274s][debug][gc,phases      ] GC(121)     Total                          Min: 0, Avg: 11963.2, Max: 21359, Diff: 21359, Sum: 47853, Workers: 4
[7093.274s][debug][gc,phases      ] GC(121)   ResolvedMethodTable Weak       Min:  0.0, Avg:  0.0, Max:  0.0, Diff:  0.0, Sum:  0.1, Workers: 4
[7093.274s][debug][gc,phases      ] GC(121)     Dead                           Min: 0, Avg:  4.0, Max: 16, Diff: 16, Sum: 16, Workers: 4
[7093.274s][debug][gc,phases      ] GC(121)     Total                          Min: 0, Avg: 3933.2, Max: 6451, Diff: 6451, Sum: 15733, Workers: 4
[7093.274s][debug][gc,phases      ] GC(121)   JNI Weak                       Min:  0.0, Avg:  0.0, Max:  0.0, Diff:  0.0, Sum:  0.0, Workers: 4
[7093.274s][debug][gc,phases      ] GC(121)     Dead                           Min: 0, Avg:  0.0, Max: 0, Diff: 0, Sum: 0, Workers: 4
[7093.274s][debug][gc,phases      ] GC(121)     Total                          Min: 0, Avg: 13.0, Max: 52, Diff: 52, Sum: 52, Workers: 4
[7093.274s][debug][gc,phases      ] GC(121)   StringDedup Table Weak         Min:  0.0, Avg:  0.0, Max:  0.0, Diff:  0.0, Sum:  0.0, Workers: 4
[7093.274s][debug][gc,phases      ] GC(121)     Dead                           Min: 0, Avg:  0.0, Max: 0, Diff: 0, Sum: 0, Workers: 4
[7093.274s][debug][gc,phases      ] GC(121)     Total                          Min: 0, Avg:  0.0, Max: 0, Diff: 0, Sum: 0, Workers: 4
[7093.274s][debug][gc,phases      ] GC(121)   StringDedup Requests0 Weak     Min:  0.0, Avg:  0.0, Max:  0.0, Diff:  0.0, Sum:  0.0, Workers: 4
[7093.274s][debug][gc,phases      ] GC(121)     Dead                           Min: 0, Avg:  0.0, Max: 0, Diff: 0, Sum: 0, Workers: 4
[7093.274s][debug][gc,phases      ] GC(121)     Total                          Min: 0, Avg:  0.0, Max: 0, Diff: 0, Sum: 0, Workers: 4
[7093.274s][debug][gc,phases      ] GC(121)   StringDedup Requests1 Weak     Min:  0.0, Avg:  0.0, Max:  0.0, Diff:  0.0, Sum:  0.0, Workers: 4
[7093.274s][debug][gc,phases      ] GC(121)     Dead                           Min: 0, Avg:  0.0, Max: 0, Diff: 0, Sum: 0, Workers: 4
[7093.274s][debug][gc,phases      ] GC(121)     Total                          Min: 0, Avg:  0.0, Max: 0, Diff: 0, Sum: 0, Workers: 4
[7093.274s][debug][gc,phases      ] GC(121)   Weak JFR Old Object Samples    Min:  0.0, Avg:  0.0, Max:  0.0, Diff:  0.0, Sum:  0.0, Workers: 4
[7093.274s][debug][gc,phases      ] GC(121)     Dead                           Min: 0, Avg:  0.0, Max: 0, Diff: 0, Sum: 0, Workers: 4
[7093.274s][debug][gc,phases      ] GC(121)     Total                          Min: 0, Avg:  0.0, Max: 0, Diff: 0, Sum: 0, Workers: 4
[7093.274s][debug][gc,phases      ] GC(121) Weak Processing 0.367ms
[7093.274s][debug][gc,age         ] GC(121) Desired survivor size 9961472 bytes, new threshold 1 (max threshold 15)
[7093.274s][info ][gc,heap        ] GC(121) PSYoungGen: 2079680K(2086400K)->3801K(2087424K) Eden: 2076160K(2076160K)->0K(2077184K) From: 3520K(10240K)->3801K(10240K)
[7093.274s][info ][gc,heap        ] GC(121) ParOldGen: 646839K(647168K)->648099K(648192K)
[7093.274s][info ][gc,metaspace   ] GC(121) Metaspace: 111297K(112640K)->111297K(112640K) NonClass: 94718K(95488K)->94718K(95488K) Class: 16578K(17152K)->16578K(17152K)
[7093.274s][info ][gc             ] GC(121) Pause Young (Allocation Failure) 2662M->636M(2671M) 4.130ms
[7093.274s][info ][gc,cpu         ] GC(121) User=0.01s Sys=0.00s Real=0.00s
[7093.274s][info ][safepoint      ] Safepoint "ParallelGCFailedAllocation", Time since last: 71092915037 ns, Reaching safepoint: 76500 ns, Cleanup: 3900 ns, At safepoint: 4194476 ns, Total: 4274876 ns
[7128.277s][info ][safepoint      ] Safepoint "Cleanup", Time since last: 35002439953 ns, Reaching safepoint: 82200 ns, Cleanup: 10600 ns, At safepoint: 6800 ns, Total: 99600 ns
[7146.213s][info ][safepoint      ] Safepoint "Cleanup", Time since last: 17936388352 ns, Reaching safepoint: 6600 ns, Cleanup: 10200 ns, At safepoint: 2000 ns, Total: 18800 ns
[7160.214s][info ][safepoint      ] Safepoint "Cleanup", Time since last: 14001534704 ns, Reaching safepoint: 6500 ns, Cleanup: 14800 ns, At safepoint: 2200 ns, Total: 23500 ns
[7183.934s][info ][gc,start       ] GC(122) Pause Young (Allocation Failure)
[7183.938s][debug][gc,phases      ] GC(122) Scavenge 3.244ms
[7183.938s][debug][gc,ref         ] GC(122) ReferenceProcessor::execute queues: 1, RefProcThreadModel::Single, marks_oops_alive: false
[7183.938s][debug][gc,ref         ] GC(122) Skipped KeepAliveFinalRefsPhase of Reference Processing: no references
[7183.938s][debug][gc,ref         ] GC(122) Skipped PhantomRefsPhase of Reference Processing: no references
[7183.938s][debug][gc,phases      ] GC(122) Reference Processing 0.103ms
[7183.938s][debug][gc,phases      ] GC(122)   VM Weak                        Min:  0.0, Avg:  0.0, Max:  0.0, Diff:  0.0, Sum:  0.0, Workers: 4
[7183.938s][debug][gc,phases      ] GC(122)     Dead                           Min: 0, Avg:  0.0, Max: 0, Diff: 0, Sum: 0, Workers: 4
[7183.938s][debug][gc,phases      ] GC(122)     Total                          Min: 0, Avg: 250.5, Max: 512, Diff: 512, Sum: 1002, Workers: 4
[7183.938s][debug][gc,phases      ] GC(122)   ObjectSynchronizer Weak        Min:  0.0, Avg:  0.0, Max:  0.0, Diff:  0.0, Sum:  0.0, Workers: 4
[7183.938s][debug][gc,phases      ] GC(122)     Dead                           Min: 0, Avg:  0.0, Max: 0, Diff: 0, Sum: 0, Workers: 4
[7183.938s][debug][gc,phases      ] GC(122)     Total                          Min: 0, Avg:  1.0, Max: 4, Diff: 4, Sum: 4, Workers: 4
[7183.938s][debug][gc,phases      ] GC(122)   JVMTI Tag Weak OopStorage      Min:  0.0, Avg:  0.0, Max:  0.0, Diff:  0.0, Sum:  0.0, Workers: 4
[7183.938s][debug][gc,phases      ] GC(122)     Dead                           Min: 0, Avg:  0.0, Max: 0, Diff: 0, Sum: 0, Workers: 4
[7183.938s][debug][gc,phases      ] GC(122)     Total                          Min: 0, Avg:  0.0, Max: 0, Diff: 0, Sum: 0, Workers: 4
[7183.938s][debug][gc,phases      ] GC(122)   StringTable Weak               Min:  0.0, Avg:  0.1, Max:  0.1, Diff:  0.1, Sum:  0.4, Workers: 4
[7183.938s][debug][gc,phases      ] GC(122)     Dead                           Min: 0, Avg:  0.0, Max: 0, Diff: 0, Sum: 0, Workers: 4
[7183.938s][debug][gc,phases      ] GC(122)     Total                          Min: 0, Avg: 11963.5, Max: 20671, Diff: 20671, Sum: 47854, Workers: 4
[7183.938s][debug][gc,phases      ] GC(122)   ResolvedMethodTable Weak       Min:  0.0, Avg:  0.0, Max:  0.0, Diff:  0.0, Sum:  0.1, Workers: 4
[7183.938s][debug][gc,phases      ] GC(122)     Dead                           Min: 0, Avg:  4.0, Max: 16, Diff: 16, Sum: 16, Workers: 4
[7183.938s][debug][gc,phases      ] GC(122)     Total                          Min: 0, Avg: 3933.2, Max: 6710, Diff: 6710, Sum: 15733, Workers: 4
[7183.938s][debug][gc,phases      ] GC(122)   JNI Weak                       Min:  0.0, Avg:  0.0, Max:  0.0, Diff:  0.0, Sum:  0.0, Workers: 4
[7183.938s][debug][gc,phases      ] GC(122)     Dead                           Min: 0, Avg:  0.0, Max: 0, Diff: 0, Sum: 0, Workers: 4
[7183.938s][debug][gc,phases      ] GC(122)     Total                          Min: 0, Avg: 13.0, Max: 52, Diff: 52, Sum: 52, Workers: 4
[7183.938s][debug][gc,phases      ] GC(122)   StringDedup Table Weak         Min:  0.0, Avg:  0.0, Max:  0.0, Diff:  0.0, Sum:  0.0, Workers: 4
[7183.938s][debug][gc,phases      ] GC(122)     Dead                           Min: 0, Avg:  0.0, Max: 0, Diff: 0, Sum: 0, Workers: 4
[7183.938s][debug][gc,phases      ] GC(122)     Total                          Min: 0, Avg:  0.0, Max: 0, Diff: 0, Sum: 0, Workers: 4
[7183.938s][debug][gc,phases      ] GC(122)   StringDedup Requests0 Weak     Min:  0.0, Avg:  0.0, Max:  0.0, Diff:  0.0, Sum:  0.0, Workers: 4
[7183.938s][debug][gc,phases      ] GC(122)     Dead                           Min: 0, Avg:  0.0, Max: 0, Diff: 0, Sum: 0, Workers: 4
[7183.938s][debug][gc,phases      ] GC(122)     Total                          Min: 0, Avg:  0.0, Max: 0, Diff: 0, Sum: 0, Workers: 4
[7183.938s][debug][gc,phases      ] GC(122)   StringDedup Requests1 Weak     Min:  0.0, Avg:  0.0, Max:  0.0, Diff:  0.0, Sum:  0.0, Workers: 4
[7183.938s][debug][gc,phases      ] GC(122)     Dead                           Min: 0, Avg:  0.0, Max: 0, Diff: 0, Sum: 0, Workers: 4
[7183.938s][debug][gc,phases      ] GC(122)     Total                          Min: 0, Avg:  0.0, Max: 0, Diff: 0, Sum: 0, Workers: 4
[7183.938s][debug][gc,phases      ] GC(122)   Weak JFR Old Object Samples    Min:  0.0, Avg:  0.0, Max:  0.0, Diff:  0.0, Sum:  0.0, Workers: 4
[7183.938s][debug][gc,phases      ] GC(122)     Dead                           Min: 0, Avg:  0.0, Max: 0, Diff: 0, Sum: 0, Workers: 4
[7183.938s][debug][gc,phases      ] GC(122)     Total                          Min: 0, Avg:  0.0, Max: 0, Diff: 0, Sum: 0, Workers: 4
[7183.938s][debug][gc,phases      ] GC(122) Weak Processing 0.329ms
[7183.938s][debug][gc,age         ] GC(122) Desired survivor size 9437184 bytes, new threshold 1 (max threshold 15)
[7183.938s][info ][gc,heap        ] GC(122) PSYoungGen: 2080985K(2087424K)->3842K(2086912K) Eden: 2077184K(2077184K)->0K(2077184K) From: 3801K(10240K)->3842K(9728K)
[7183.938s][info ][gc,heap        ] GC(122) ParOldGen: 648099K(648192K)->649569K(649728K)
[7183.938s][info ][gc,metaspace   ] GC(122) Metaspace: 111308K(112640K)->111308K(112640K) NonClass: 94729K(95488K)->94729K(95488K) Class: 16579K(17152K)->16579K(17152K)
[7183.938s][info ][gc             ] GC(122) Pause Young (Allocation Failure) 2665M->638M(2672M) 3.781ms
[7183.938s][info ][gc,cpu         ] GC(122) User=0.02s Sys=0.00s Real=0.01s
[7183.938s][info ][safepoint      ] Safepoint "ParallelGCFailedAllocation", Time since last: 23719811355 ns, Reaching safepoint: 5500 ns, Cleanup: 3600 ns, At safepoint: 3843377 ns, Total: 3852477 ns
[7188.939s][info ][safepoint      ] Safepoint "Cleanup", Time since last: 5000373767 ns, Reaching safepoint: 6800 ns, Cleanup: 12800 ns, At safepoint: 2600 ns, Total: 22200 ns
[7212.232s][info ][safepoint      ] Safepoint "Cleanup", Time since last: 23293756812 ns, Reaching safepoint: 7000 ns, Cleanup: 11400 ns, At safepoint: 2200 ns, Total: 20600 ns
[7218.233s][info ][safepoint      ] Safepoint "Cleanup", Time since last: 6000481332 ns, Reaching safepoint: 7300 ns, Cleanup: 11300 ns, At safepoint: 2100 ns, Total: 20700 ns
[7232.234s][info ][safepoint      ] Safepoint "Cleanup", Time since last: 14001047936 ns, Reaching safepoint: 6500 ns, Cleanup: 17100 ns, At safepoint: 2000 ns, Total: 25600 ns
[7247.235s][info ][safepoint      ] Safepoint "Cleanup", Time since last: 15001090224 ns, Reaching safepoint: 7500 ns, Cleanup: 14000 ns, At safepoint: 2600 ns, Total: 24100 ns
[7260.237s][info ][safepoint      ] Safepoint "Cleanup", Time since last: 13001928654 ns, Reaching safepoint: 6600 ns, Cleanup: 12100 ns, At safepoint: 2100 ns, Total: 20800 ns
[7281.310s][info ][gc,start       ] GC(123) Pause Young (Allocation Failure)
[7281.315s][debug][gc,phases      ] GC(123) Scavenge 4.748ms
[7281.315s][debug][gc,ref         ] GC(123) ReferenceProcessor::execute queues: 1, RefProcThreadModel::Single, marks_oops_alive: false
[7281.315s][debug][gc,ref         ] GC(123) Skipped KeepAliveFinalRefsPhase of Reference Processing: no references
[7281.315s][debug][gc,ref         ] GC(123) ReferenceProcessor::execute queues: 1, RefProcThreadModel::Single, marks_oops_alive: false
[7281.315s][debug][gc,phases      ] GC(123) Reference Processing 0.101ms
[7281.315s][debug][gc,phases      ] GC(123)   VM Weak                        Min:  0.0, Avg:  0.0, Max:  0.0, Diff:  0.0, Sum:  0.0, Workers: 4
[7281.315s][debug][gc,phases      ] GC(123)     Dead                           Min: 0, Avg:  0.0, Max: 0, Diff: 0, Sum: 0, Workers: 4
[7281.315s][debug][gc,phases      ] GC(123)     Total                          Min: 0, Avg: 250.5, Max: 896, Diff: 896, Sum: 1002, Workers: 4
[7281.315s][debug][gc,phases      ] GC(123)   ObjectSynchronizer Weak        Min:  0.0, Avg:  0.0, Max:  0.0, Diff:  0.0, Sum:  0.0, Workers: 4
[7281.315s][debug][gc,phases      ] GC(123)     Dead                           Min: 0, Avg:  0.0, Max: 0, Diff: 0, Sum: 0, Workers: 4
[7281.315s][debug][gc,phases      ] GC(123)     Total                          Min: 0, Avg:  1.0, Max: 4, Diff: 4, Sum: 4, Workers: 4
[7281.315s][debug][gc,phases      ] GC(123)   JVMTI Tag Weak OopStorage      Min:  0.0, Avg:  0.0, Max:  0.0, Diff:  0.0, Sum:  0.0, Workers: 4
[7281.315s][debug][gc,phases      ] GC(123)     Dead                           Min: 0, Avg:  0.0, Max: 0, Diff: 0, Sum: 0, Workers: 4
[7281.315s][debug][gc,phases      ] GC(123)     Total                          Min: 0, Avg:  0.0, Max: 0, Diff: 0, Sum: 0, Workers: 4
[7281.315s][debug][gc,phases      ] GC(123)   StringTable Weak               Min:  0.1, Avg:  0.1, Max:  0.1, Diff:  0.0, Sum:  0.4, Workers: 4
[7281.315s][debug][gc,phases      ] GC(123)     Dead                           Min: 0, Avg:  0.0, Max: 0, Diff: 0, Sum: 0, Workers: 4
[7281.315s][debug][gc,phases      ] GC(123)     Total                          Min: 11712, Avg: 11963.5, Max: 12208, Diff: 496, Sum: 47854, Workers: 4
[7281.315s][debug][gc,phases      ] GC(123)   ResolvedMethodTable Weak       Min:  0.0, Avg:  0.0, Max:  0.0, Diff:  0.0, Sum:  0.1, Workers: 4
[7281.315s][debug][gc,phases      ] GC(123)     Dead                           Min: 0, Avg:  6.0, Max: 24, Diff: 24, Sum: 24, Workers: 4
[7281.315s][debug][gc,phases      ] GC(123)     Total                          Min: 3770, Avg: 3933.2, Max: 3994, Diff: 224, Sum: 15733, Workers: 4
[7281.315s][debug][gc,phases      ] GC(123)   JNI Weak                       Min:  0.0, Avg:  0.0, Max:  0.0, Diff:  0.0, Sum:  0.0, Workers: 4
[7281.315s][debug][gc,phases      ] GC(123)     Dead                           Min: 0, Avg:  0.0, Max: 0, Diff: 0, Sum: 0, Workers: 4
[7281.315s][debug][gc,phases      ] GC(123)     Total                          Min: 0, Avg: 13.0, Max: 52, Diff: 52, Sum: 52, Workers: 4
[7281.315s][debug][gc,phases      ] GC(123)   StringDedup Table Weak         Min:  0.0, Avg:  0.0, Max:  0.0, Diff:  0.0, Sum:  0.0, Workers: 4
[7281.315s][debug][gc,phases      ] GC(123)     Dead                           Min: 0, Avg:  0.0, Max: 0, Diff: 0, Sum: 0, Workers: 4
[7281.315s][debug][gc,phases      ] GC(123)     Total                          Min: 0, Avg:  0.0, Max: 0, Diff: 0, Sum: 0, Workers: 4
[7281.316s][debug][gc,phases      ] GC(123)   StringDedup Requests0 Weak     Min:  0.0, Avg:  0.0, Max:  0.0, Diff:  0.0, Sum:  0.0, Workers: 4
[7281.316s][debug][gc,phases      ] GC(123)     Dead                           Min: 0, Avg:  0.0, Max: 0, Diff: 0, Sum: 0, Workers: 4
[7281.316s][debug][gc,phases      ] GC(123)     Total                          Min: 0, Avg:  0.0, Max: 0, Diff: 0, Sum: 0, Workers: 4
[7281.316s][debug][gc,phases      ] GC(123)   StringDedup Requests1 Weak     Min:  0.0, Avg:  0.0, Max:  0.0, Diff:  0.0, Sum:  0.0, Workers: 4
[7281.316s][debug][gc,phases      ] GC(123)     Dead                           Min: 0, Avg:  0.0, Max: 0, Diff: 0, Sum: 0, Workers: 4
[7281.316s][debug][gc,phases      ] GC(123)     Total                          Min: 0, Avg:  0.0, Max: 0, Diff: 0, Sum: 0, Workers: 4
[7281.316s][debug][gc,phases      ] GC(123)   Weak JFR Old Object Samples    Min:  0.0, Avg:  0.0, Max:  0.0, Diff:  0.0, Sum:  0.0, Workers: 4
[7281.316s][debug][gc,phases      ] GC(123)     Dead                           Min: 0, Avg:  0.0, Max: 0, Diff: 0, Sum: 0, Workers: 4
[7281.316s][debug][gc,phases      ] GC(123)     Total                          Min: 0, Avg:  0.0, Max: 0, Diff: 0, Sum: 0, Workers: 4
[7281.316s][debug][gc,phases      ] GC(123) Weak Processing 0.331ms
[7281.316s][debug][gc,age         ] GC(123) Desired survivor size 8912896 bytes, new threshold 1 (max threshold 15)
[7281.316s][info ][gc,heap        ] GC(123) PSYoungGen: 2081026K(2086912K)->4352K(2088448K) Eden: 2077184K(2077184K)->0K(2079232K) From: 3842K(9728K)->4352K(9216K)
[7281.316s][info ][gc,heap        ] GC(123) ParOldGen: 649569K(649728K)->650185K(650240K)
[7281.316s][info ][gc,metaspace   ] GC(123) Metaspace: 111322K(112640K)->111322K(112640K) NonClass: 94743K(95488K)->94743K(95488K) Class: 16579K(17152K)->16579K(17152K)
[7281.316s][info ][gc             ] GC(123) Pause Young (Allocation Failure) 2666M->639M(2674M) 5.314ms
[7281.316s][info ][gc,cpu         ] GC(123) User=0.01s Sys=0.00s Real=0.01s
[7281.316s][info ][safepoint      ] Safepoint "ParallelGCFailedAllocation", Time since last: 21073262023 ns, Reaching safepoint: 6400 ns, Cleanup: 4400 ns, At safepoint: 5386560 ns, Total: 5397360 ns
[7286.316s][info ][safepoint      ] Safepoint "Cleanup", Time since last: 5000365307 ns, Reaching safepoint: 6900 ns, Cleanup: 11100 ns, At safepoint: 2300 ns, Total: 20300 ns
[7287.316s][info ][safepoint      ] Safepoint "Cleanup", Time since last: 1000130972 ns, Reaching safepoint: 6700 ns, Cleanup: 10300 ns, At safepoint: 2400 ns, Total: 19400 ns
[7293.317s][info ][safepoint      ] Safepoint "Cleanup", Time since last: 6000449294 ns, Reaching safepoint: 6600 ns, Cleanup: 10700 ns, At safepoint: 2300 ns, Total: 19600 ns
[7296.317s][info ][safepoint      ] Safepoint "Cleanup", Time since last: 3000249138 ns, Reaching safepoint: 6100 ns, Cleanup: 10200 ns, At safepoint: 17999 ns, Total: 34299 ns
[7297.317s][info ][safepoint      ] Safepoint "Cleanup", Time since last: 1000104218 ns, Reaching safepoint: 6300 ns, Cleanup: 12300 ns, At safepoint: 2200 ns, Total: 20800 ns
[7316.318s][info ][safepoint      ] Safepoint "Cleanup", Time since last: 19001372198 ns, Reaching safepoint: 77999 ns, Cleanup: 8900 ns, At safepoint: 5500 ns, Total: 92399 ns
[7350.270s][info ][safepoint      ] Safepoint "Cleanup", Time since last: 33951314507 ns, Reaching safepoint: 85699 ns, Cleanup: 14100 ns, At safepoint: 36600 ns, Total: 136399 ns
[7378.770s][info ][gc,start       ] GC(124) Pause Young (Allocation Failure)
[7378.773s][debug][gc,phases      ] GC(124) Scavenge 3.401ms
[7378.773s][debug][gc,ref         ] GC(124) ReferenceProcessor::execute queues: 1, RefProcThreadModel::Single, marks_oops_alive: false
[7378.773s][debug][gc,ref         ] GC(124) Skipped KeepAliveFinalRefsPhase of Reference Processing: no references
[7378.773s][debug][gc,ref         ] GC(124) Skipped PhantomRefsPhase of Reference Processing: no references
[7378.774s][debug][gc,phases      ] GC(124) Reference Processing 0.097ms
[7378.774s][debug][gc,phases      ] GC(124)   VM Weak                        Min:  0.0, Avg:  0.0, Max:  0.0, Diff:  0.0, Sum:  0.0, Workers: 4
[7378.774s][debug][gc,phases      ] GC(124)     Dead                           Min: 0, Avg:  0.0, Max: 0, Diff: 0, Sum: 0, Workers: 4
[7378.774s][debug][gc,phases      ] GC(124)     Total                          Min: 0, Avg: 250.5, Max: 938, Diff: 938, Sum: 1002, Workers: 4
[7378.774s][debug][gc,phases      ] GC(124)   ObjectSynchronizer Weak        Min:  0.0, Avg:  0.0, Max:  0.0, Diff:  0.0, Sum:  0.0, Workers: 4
[7378.774s][debug][gc,phases      ] GC(124)     Dead                           Min: 0, Avg:  0.0, Max: 0, Diff: 0, Sum: 0, Workers: 4
[7378.774s][debug][gc,phases      ] GC(124)     Total                          Min: 0, Avg:  1.0, Max: 4, Diff: 4, Sum: 4, Workers: 4
[7378.774s][debug][gc,phases      ] GC(124)   JVMTI Tag Weak OopStorage      Min:  0.0, Avg:  0.0, Max:  0.0, Diff:  0.0, Sum:  0.0, Workers: 4
[7378.774s][debug][gc,phases      ] GC(124)     Dead                           Min: 0, Avg:  0.0, Max: 0, Diff: 0, Sum: 0, Workers: 4
[7378.774s][debug][gc,phases      ] GC(124)     Total                          Min: 0, Avg:  0.0, Max: 0, Diff: 0, Sum: 0, Workers: 4
[7378.774s][debug][gc,phases      ] GC(124)   StringTable Weak               Min:  0.0, Avg:  0.1, Max:  0.1, Diff:  0.1, Sum:  0.4, Workers: 4
[7378.774s][debug][gc,phases      ] GC(124)     Dead                           Min: 0, Avg:  0.0, Max: 0, Diff: 0, Sum: 0, Workers: 4
[7378.774s][debug][gc,phases      ] GC(124)     Total                          Min: 0, Avg: 11963.5, Max: 20925, Diff: 20925, Sum: 47854, Workers: 4
[7378.774s][debug][gc,phases      ] GC(124)   ResolvedMethodTable Weak       Min:  0.0, Avg:  0.0, Max:  0.0, Diff:  0.0, Sum:  0.1, Workers: 4
[7378.774s][debug][gc,phases      ] GC(124)     Dead                           Min: 0, Avg:  4.0, Max: 15, Diff: 15, Sum: 16, Workers: 4
[7378.774s][debug][gc,phases      ] GC(124)     Total                          Min: 0, Avg: 3933.2, Max: 6825, Diff: 6825, Sum: 15733, Workers: 4
[7378.774s][debug][gc,phases      ] GC(124)   JNI Weak                       Min:  0.0, Avg:  0.0, Max:  0.0, Diff:  0.0, Sum:  0.0, Workers: 4
[7378.774s][debug][gc,phases      ] GC(124)     Dead                           Min: 0, Avg:  0.0, Max: 0, Diff: 0, Sum: 0, Workers: 4
[7378.774s][debug][gc,phases      ] GC(124)     Total                          Min: 0, Avg: 13.0, Max: 52, Diff: 52, Sum: 52, Workers: 4
[7378.774s][debug][gc,phases      ] GC(124)   StringDedup Table Weak         Min:  0.0, Avg:  0.0, Max:  0.0, Diff:  0.0, Sum:  0.0, Workers: 4
[7378.774s][debug][gc,phases      ] GC(124)     Dead                           Min: 0, Avg:  0.0, Max: 0, Diff: 0, Sum: 0, Workers: 4
[7378.774s][debug][gc,phases      ] GC(124)     Total                          Min: 0, Avg:  0.0, Max: 0, Diff: 0, Sum: 0, Workers: 4
[7378.774s][debug][gc,phases      ] GC(124)   StringDedup Requests0 Weak     Min:  0.0, Avg:  0.0, Max:  0.0, Diff:  0.0, Sum:  0.0, Workers: 4
[7378.774s][debug][gc,phases      ] GC(124)     Dead                           Min: 0, Avg:  0.0, Max: 0, Diff: 0, Sum: 0, Workers: 4
[7378.774s][debug][gc,phases      ] GC(124)     Total                          Min: 0, Avg:  0.0, Max: 0, Diff: 0, Sum: 0, Workers: 4
[7378.774s][debug][gc,phases      ] GC(124)   StringDedup Requests1 Weak     Min:  0.0, Avg:  0.0, Max:  0.0, Diff:  0.0, Sum:  0.0, Workers: 4
[7378.774s][debug][gc,phases      ] GC(124)     Dead                           Min: 0, Avg:  0.0, Max: 0, Diff: 0, Sum: 0, Workers: 4
[7378.774s][debug][gc,phases      ] GC(124)     Total                          Min: 0, Avg:  0.0, Max: 0, Diff: 0, Sum: 0, Workers: 4
[7378.774s][debug][gc,phases      ] GC(124)   Weak JFR Old Object Samples    Min:  0.0, Avg:  0.0, Max:  0.0, Diff:  0.0, Sum:  0.0, Workers: 4
[7378.774s][debug][gc,phases      ] GC(124)     Dead                           Min: 0, Avg:  0.0, Max: 0, Diff: 0, Sum: 0, Workers: 4
[7378.774s][debug][gc,phases      ] GC(124)     Total                          Min: 0, Avg:  0.0, Max: 0, Diff: 0, Sum: 0, Workers: 4
[7378.774s][debug][gc,phases      ] GC(124) Weak Processing 0.386ms
[7378.774s][debug][gc,age         ] GC(124) Desired survivor size 8912896 bytes, new threshold 1 (max threshold 15)
[7378.774s][info ][gc,heap        ] GC(124) PSYoungGen: 2083584K(2088448K)->4704K(2087936K) Eden: 2079232K(2079232K)->0K(2079232K) From: 4352K(9216K)->4704K(8704K)
[7378.774s][info ][gc,heap        ] GC(124) ParOldGen: 650185K(650240K)->650601K(650752K)
[7378.774s][info ][gc,metaspace   ] GC(124) Metaspace: 111325K(112640K)->111325K(112640K) NonClass: 94746K(95488K)->94746K(95488K) Class: 16579K(17152K)->16579K(17152K)
[7378.774s][info ][gc             ] GC(124) Pause Young (Allocation Failure) 2669M->639M(2674M) 4.002ms
[7378.774s][info ][gc,cpu         ] GC(124) User=0.01s Sys=0.00s Real=0.00s
[7378.774s][info ][safepoint      ] Safepoint "ParallelGCFailedAllocation", Time since last: 28499859256 ns, Reaching safepoint: 79600 ns, Cleanup: 4300 ns, At safepoint: 4072069 ns, Total: 4155969 ns
[7394.286s][info ][safepoint      ] Safepoint "Cleanup", Time since last: 15512332853 ns, Reaching safepoint: 6599 ns, Cleanup: 13400 ns, At safepoint: 28200 ns, Total: 48199 ns
[7427.289s][info ][safepoint      ] Safepoint "Cleanup", Time since last: 33002357068 ns, Reaching safepoint: 7100 ns, Cleanup: 11100 ns, At safepoint: 2400 ns, Total: 20600 ns
[7428.289s][info ][safepoint      ] Safepoint "Cleanup", Time since last: 1000121414 ns, Reaching safepoint: 7400 ns, Cleanup: 11400 ns, At safepoint: 2100 ns, Total: 20900 ns
[7429.289s][info ][safepoint      ] Safepoint "Cleanup", Time since last: 1000122314 ns, Reaching safepoint: 6500 ns, Cleanup: 11900 ns, At safepoint: 2700 ns, Total: 21100 ns
[7458.304s][info ][safepoint      ] Safepoint "Cleanup", Time since last: 29014714084 ns, Reaching safepoint: 7500 ns, Cleanup: 12800 ns, At safepoint: 29899 ns, Total: 50199 ns
[7459.304s][info ][safepoint      ] Safepoint "Cleanup", Time since last: 1000111963 ns, Reaching safepoint: 5800 ns, Cleanup: 11600 ns, At safepoint: 2100 ns, Total: 19500 ns
[7478.120s][info ][gc,start       ] GC(125) Pause Young (Allocation Failure)
[7478.124s][debug][gc,phases      ] GC(125) Scavenge 3.466ms
[7478.124s][debug][gc,ref         ] GC(125) ReferenceProcessor::execute queues: 1, RefProcThreadModel::Single, marks_oops_alive: false
[7478.124s][debug][gc,ref         ] GC(125) Skipped KeepAliveFinalRefsPhase of Reference Processing: no references
[7478.124s][debug][gc,ref         ] GC(125) Skipped PhantomRefsPhase of Reference Processing: no references
[7478.124s][debug][gc,phases      ] GC(125) Reference Processing 0.145ms
[7478.124s][debug][gc,phases      ] GC(125)   VM Weak                        Min:  0.0, Avg:  0.0, Max:  0.0, Diff:  0.0, Sum:  0.0, Workers: 4
[7478.124s][debug][gc,phases      ] GC(125)     Dead                           Min: 0, Avg:  0.0, Max: 0, Diff: 0, Sum: 0, Workers: 4
[7478.124s][debug][gc,phases      ] GC(125)     Total                          Min: 0, Avg: 250.5, Max: 618, Diff: 618, Sum: 1002, Workers: 4
[7478.124s][debug][gc,phases      ] GC(125)   ObjectSynchronizer Weak        Min:  0.0, Avg:  0.0, Max:  0.0, Diff:  0.0, Sum:  0.0, Workers: 4
[7478.124s][debug][gc,phases      ] GC(125)     Dead                           Min: 0, Avg:  0.0, Max: 0, Diff: 0, Sum: 0, Workers: 4
[7478.124s][debug][gc,phases      ] GC(125)     Total                          Min: 0, Avg:  0.8, Max: 3, Diff: 3, Sum: 3, Workers: 4
[7478.124s][debug][gc,phases      ] GC(125)   JVMTI Tag Weak OopStorage      Min:  0.0, Avg:  0.0, Max:  0.0, Diff:  0.0, Sum:  0.0, Workers: 4
[7478.124s][debug][gc,phases      ] GC(125)     Dead                           Min: 0, Avg:  0.0, Max: 0, Diff: 0, Sum: 0, Workers: 4
[7478.124s][debug][gc,phases      ] GC(125)     Total                          Min: 0, Avg:  0.0, Max: 0, Diff: 0, Sum: 0, Workers: 4
[7478.124s][debug][gc,phases      ] GC(125)   StringTable Weak               Min:  0.1, Avg:  0.1, Max:  0.1, Diff:  0.0, Sum:  0.4, Workers: 4
[7478.124s][debug][gc,phases      ] GC(125)     Dead                           Min: 0, Avg:  0.0, Max: 0, Diff: 0, Sum: 0, Workers: 4
[7478.124s][debug][gc,phases      ] GC(125)     Total                          Min: 11392, Avg: 11964.0, Max: 12912, Diff: 1520, Sum: 47856, Workers: 4
[7478.124s][debug][gc,phases      ] GC(125)   ResolvedMethodTable Weak       Min:  0.0, Avg:  0.0, Max:  0.0, Diff:  0.0, Sum:  0.2, Workers: 4
[7478.124s][debug][gc,phases      ] GC(125)     Dead                           Min: 0, Avg:  4.0, Max: 16, Diff: 16, Sum: 16, Workers: 4
[7478.124s][debug][gc,phases      ] GC(125)     Total                          Min: 3835, Avg: 3933.2, Max: 4208, Diff: 373, Sum: 15733, Workers: 4
[7478.124s][debug][gc,phases      ] GC(125)   JNI Weak                       Min:  0.0, Avg:  0.0, Max:  0.0, Diff:  0.0, Sum:  0.0, Workers: 4
[7478.124s][debug][gc,phases      ] GC(125)     Dead                           Min: 0, Avg:  0.0, Max: 0, Diff: 0, Sum: 0, Workers: 4
[7478.124s][debug][gc,phases      ] GC(125)     Total                          Min: 0, Avg: 13.0, Max: 52, Diff: 52, Sum: 52, Workers: 4
[7478.124s][debug][gc,phases      ] GC(125)   StringDedup Table Weak         Min:  0.0, Avg:  0.0, Max:  0.0, Diff:  0.0, Sum:  0.0, Workers: 4
[7478.124s][debug][gc,phases      ] GC(125)     Dead                           Min: 0, Avg:  0.0, Max: 0, Diff: 0, Sum: 0, Workers: 4
[7478.124s][debug][gc,phases      ] GC(125)     Total                          Min: 0, Avg:  0.0, Max: 0, Diff: 0, Sum: 0, Workers: 4
[7478.124s][debug][gc,phases      ] GC(125)   StringDedup Requests0 Weak     Min:  0.0, Avg:  0.0, Max:  0.0, Diff:  0.0, Sum:  0.0, Workers: 4
[7478.124s][debug][gc,phases      ] GC(125)     Dead                           Min: 0, Avg:  0.0, Max: 0, Diff: 0, Sum: 0, Workers: 4
[7478.124s][debug][gc,phases      ] GC(125)     Total                          Min: 0, Avg:  0.0, Max: 0, Diff: 0, Sum: 0, Workers: 4
[7478.124s][debug][gc,phases      ] GC(125)   StringDedup Requests1 Weak     Min:  0.0, Avg:  0.0, Max:  0.0, Diff:  0.0, Sum:  0.0, Workers: 4
[7478.124s][debug][gc,phases      ] GC(125)     Dead                           Min: 0, Avg:  0.0, Max: 0, Diff: 0, Sum: 0, Workers: 4
[7478.124s][debug][gc,phases      ] GC(125)     Total                          Min: 0, Avg:  0.0, Max: 0, Diff: 0, Sum: 0, Workers: 4
[7478.124s][debug][gc,phases      ] GC(125)   Weak JFR Old Object Samples    Min:  0.0, Avg:  0.0, Max:  0.0, Diff:  0.0, Sum:  0.0, Workers: 4
[7478.124s][debug][gc,phases      ] GC(125)     Dead                           Min: 0, Avg:  0.0, Max: 0, Diff: 0, Sum: 0, Workers: 4
[7478.124s][debug][gc,phases      ] GC(125)     Total                          Min: 0, Avg:  0.0, Max: 0, Diff: 0, Sum: 0, Workers: 4
[7478.124s][debug][gc,phases      ] GC(125) Weak Processing 0.309ms
[7478.124s][debug][gc,age         ] GC(125) Desired survivor size 8388608 bytes, new threshold 1 (max threshold 15)
[7478.124s][info ][gc,heap        ] GC(125) PSYoungGen: 2083936K(2087936K)->4592K(2088960K) Eden: 2079232K(2079232K)->0K(2080256K) From: 4704K(8704K)->4592K(8704K)
[7478.124s][info ][gc,heap        ] GC(125) ParOldGen: 650601K(650752K)->651189K(651264K)
[7478.124s][info ][gc,metaspace   ] GC(125) Metaspace: 111328K(112640K)->111328K(112640K) NonClass: 94748K(95488K)->94748K(95488K) Class: 16579K(17152K)->16579K(17152K)
[7478.124s][info ][gc             ] GC(125) Pause Young (Allocation Failure) 2670M->640M(2676M) 4.029ms
[7478.124s][info ][gc,cpu         ] GC(125) User=0.02s Sys=0.00s Real=0.00s
[7478.124s][info ][safepoint      ] Safepoint "ParallelGCFailedAllocation", Time since last: 18815962840 ns, Reaching safepoint: 77399 ns, Cleanup: 4000 ns, At safepoint: 4103167 ns, Total: 4184566 ns
[7487.125s][info ][safepoint      ] Safepoint "Cleanup", Time since last: 9000601271 ns, Reaching safepoint: 6300 ns, Cleanup: 9200 ns, At safepoint: 25400 ns, Total: 40900 ns
[7493.125s][info ][safepoint      ] Safepoint "Cleanup", Time since last: 6000448999 ns, Reaching safepoint: 5800 ns, Cleanup: 9800 ns, At safepoint: 2000 ns, Total: 17600 ns
[7505.321s][info ][safepoint      ] Safepoint "Cleanup", Time since last: 12195863266 ns, Reaching safepoint: 77199 ns, Cleanup: 9100 ns, At safepoint: 5300 ns, Total: 91599 ns
[7511.322s][info ][safepoint      ] Safepoint "Cleanup", Time since last: 6000494777 ns, Reaching safepoint: 75499 ns, Cleanup: 9200 ns, At safepoint: 6100 ns, Total: 90799 ns
[7529.323s][info ][safepoint      ] Safepoint "Cleanup", Time since last: 18001319041 ns, Reaching safepoint: 6500 ns, Cleanup: 10400 ns, At safepoint: 2200 ns, Total: 19100 ns
[7547.324s][info ][safepoint      ] Safepoint "Cleanup", Time since last: 18001258012 ns, Reaching safepoint: 5800 ns, Cleanup: 10200 ns, At safepoint: 22000 ns, Total: 38000 ns
[7554.325s][info ][safepoint      ] Safepoint "Cleanup", Time since last: 7000514099 ns, Reaching safepoint: 6200 ns, Cleanup: 9400 ns, At safepoint: 2200 ns, Total: 17800 ns
[7563.338s][info ][safepoint      ] Safepoint "Cleanup", Time since last: 9013173512 ns, Reaching safepoint: 7800 ns, Cleanup: 13400 ns, At safepoint: 2700 ns, Total: 23900 ns
[7569.871s][info ][gc,start       ] GC(126) Pause Young (Allocation Failure)
[7569.875s][debug][gc,phases      ] GC(126) Scavenge 4.316ms
[7569.876s][debug][gc,ref         ] GC(126) ReferenceProcessor::execute queues: 1, RefProcThreadModel::Single, marks_oops_alive: false
[7569.876s][debug][gc,ref         ] GC(126) Skipped KeepAliveFinalRefsPhase of Reference Processing: no references
[7569.876s][debug][gc,ref         ] GC(126) ReferenceProcessor::execute queues: 1, RefProcThreadModel::Single, marks_oops_alive: false
[7569.876s][debug][gc,phases      ] GC(126) Reference Processing 0.098ms
[7569.876s][debug][gc,phases      ] GC(126)   VM Weak                        Min:  0.0, Avg:  0.0, Max:  0.0, Diff:  0.0, Sum:  0.0, Workers: 4
[7569.876s][debug][gc,phases      ] GC(126)     Dead                           Min: 0, Avg:  0.0, Max: 0, Diff: 0, Sum: 0, Workers: 4
[7569.876s][debug][gc,phases      ] GC(126)     Total                          Min: 0, Avg: 250.5, Max: 832, Diff: 832, Sum: 1002, Workers: 4
[7569.876s][debug][gc,phases      ] GC(126)   ObjectSynchronizer Weak        Min:  0.0, Avg:  0.0, Max:  0.0, Diff:  0.0, Sum:  0.0, Workers: 4
[7569.876s][debug][gc,phases      ] GC(126)     Dead                           Min: 0, Avg:  0.0, Max: 0, Diff: 0, Sum: 0, Workers: 4
[7569.876s][debug][gc,phases      ] GC(126)     Total                          Min: 0, Avg:  1.0, Max: 4, Diff: 4, Sum: 4, Workers: 4
[7569.876s][debug][gc,phases      ] GC(126)   JVMTI Tag Weak OopStorage      Min:  0.0, Avg:  0.0, Max:  0.0, Diff:  0.0, Sum:  0.0, Workers: 4
[7569.876s][debug][gc,phases      ] GC(126)     Dead                           Min: 0, Avg:  0.0, Max: 0, Diff: 0, Sum: 0, Workers: 4
[7569.876s][debug][gc,phases      ] GC(126)     Total                          Min: 0, Avg:  0.0, Max: 0, Diff: 0, Sum: 0, Workers: 4
[7569.876s][debug][gc,phases      ] GC(126)   StringTable Weak               Min:  0.0, Avg:  0.1, Max:  0.1, Diff:  0.1, Sum:  0.4, Workers: 4
[7569.876s][debug][gc,phases      ] GC(126)     Dead                           Min: 0, Avg:  0.0, Max: 0, Diff: 0, Sum: 0, Workers: 4
[7569.876s][debug][gc,phases      ] GC(126)     Total                          Min: 0, Avg: 11964.0, Max: 21888, Diff: 21888, Sum: 47856, Workers: 4
[7569.876s][debug][gc,phases      ] GC(126)   ResolvedMethodTable Weak       Min:  0.0, Avg:  0.0, Max:  0.0, Diff:  0.0, Sum:  0.1, Workers: 4
[7569.876s][debug][gc,phases      ] GC(126)     Dead                           Min: 0, Avg:  4.0, Max: 16, Diff: 16, Sum: 16, Workers: 4
[7569.876s][debug][gc,phases      ] GC(126)     Total                          Min: 0, Avg: 3933.2, Max: 6936, Diff: 6936, Sum: 15733, Workers: 4
[7569.876s][debug][gc,phases      ] GC(126)   JNI Weak                       Min:  0.0, Avg:  0.0, Max:  0.0, Diff:  0.0, Sum:  0.0, Workers: 4
[7569.876s][debug][gc,phases      ] GC(126)     Dead                           Min: 0, Avg:  0.0, Max: 0, Diff: 0, Sum: 0, Workers: 4
[7569.876s][debug][gc,phases      ] GC(126)     Total                          Min: 0, Avg: 13.0, Max: 52, Diff: 52, Sum: 52, Workers: 4
[7569.876s][debug][gc,phases      ] GC(126)   StringDedup Table Weak         Min:  0.0, Avg:  0.0, Max:  0.0, Diff:  0.0, Sum:  0.0, Workers: 4
[7569.876s][debug][gc,phases      ] GC(126)     Dead                           Min: 0, Avg:  0.0, Max: 0, Diff: 0, Sum: 0, Workers: 4
[7569.876s][debug][gc,phases      ] GC(126)     Total                          Min: 0, Avg:  0.0, Max: 0, Diff: 0, Sum: 0, Workers: 4
[7569.876s][debug][gc,phases      ] GC(126)   StringDedup Requests0 Weak     Min:  0.0, Avg:  0.0, Max:  0.0, Diff:  0.0, Sum:  0.0, Workers: 4
[7569.876s][debug][gc,phases      ] GC(126)     Dead                           Min: 0, Avg:  0.0, Max: 0, Diff: 0, Sum: 0, Workers: 4
[7569.876s][debug][gc,phases      ] GC(126)     Total                          Min: 0, Avg:  0.0, Max: 0, Diff: 0, Sum: 0, Workers: 4
[7569.876s][debug][gc,phases      ] GC(126)   StringDedup Requests1 Weak     Min:  0.0, Avg:  0.0, Max:  0.0, Diff:  0.0, Sum:  0.0, Workers: 4
[7569.876s][debug][gc,phases      ] GC(126)     Dead                           Min: 0, Avg:  0.0, Max: 0, Diff: 0, Sum: 0, Workers: 4
[7569.876s][debug][gc,phases      ] GC(126)     Total                          Min: 0, Avg:  0.0, Max: 0, Diff: 0, Sum: 0, Workers: 4
[7569.876s][debug][gc,phases      ] GC(126)   Weak JFR Old Object Samples    Min:  0.0, Avg:  0.0, Max:  0.0, Diff:  0.0, Sum:  0.0, Workers: 4
[7569.876s][debug][gc,phases      ] GC(126)     Dead                           Min: 0, Avg:  0.0, Max: 0, Diff: 0, Sum: 0, Workers: 4
[7569.876s][debug][gc,phases      ] GC(126)     Total                          Min: 0, Avg:  0.0, Max: 0, Diff: 0, Sum: 0, Workers: 4
[7569.876s][debug][gc,phases      ] GC(126) Weak Processing 0.364ms
[7569.876s][debug][gc,age         ] GC(126) Desired survivor size 8388608 bytes, new threshold 1 (max threshold 15)
[7569.876s][info ][gc,heap        ] GC(126) PSYoungGen: 2084848K(2088960K)->5169K(2088448K) Eden: 2080256K(2080256K)->0K(2080256K) From: 4592K(8704K)->5169K(8192K)
[7569.876s][info ][gc,heap        ] GC(126) ParOldGen: 651189K(651264K)->651829K(652288K)
[7569.876s][info ][gc,metaspace   ] GC(126) Metaspace: 111342K(112640K)->111342K(112640K) NonClass: 94763K(95488K)->94763K(95488K) Class: 16579K(17152K)->16579K(17152K)
[7569.876s][info ][gc             ] GC(126) Pause Young (Allocation Failure) 2671M->641M(2676M) 4.894ms
[7569.876s][info ][gc,cpu         ] GC(126) User=0.02s Sys=0.00s Real=0.01s
[7569.876s][info ][safepoint      ] Safepoint "ParallelGCFailedAllocation", Time since last: 6532947114 ns, Reaching safepoint: 6200 ns, Cleanup: 3600 ns, At safepoint: 4966065 ns, Total: 4975865 ns
[7574.491s][info ][safepoint      ] Safepoint "Cleanup", Time since last: 4614501884 ns, Reaching safepoint: 6000 ns, Cleanup: 10599 ns, At safepoint: 2200 ns, Total: 18799 ns
[7578.491s][info ][safepoint      ] Safepoint "Cleanup", Time since last: 4000325134 ns, Reaching safepoint: 6000 ns, Cleanup: 11600 ns, At safepoint: 2299 ns, Total: 19899 ns
[7580.491s][info ][safepoint      ] Safepoint "Cleanup", Time since last: 2000203617 ns, Reaching safepoint: 6400 ns, Cleanup: 11000 ns, At safepoint: 3100 ns, Total: 20500 ns
[7581.491s][info ][safepoint      ] Safepoint "Cleanup", Time since last: 1000120758 ns, Reaching safepoint: 6600 ns, Cleanup: 10200 ns, At safepoint: 2300 ns, Total: 19100 ns
[7582.491s][info ][safepoint      ] Safepoint "Cleanup", Time since last: 1000120365 ns, Reaching safepoint: 6300 ns, Cleanup: 9800 ns, At safepoint: 2600 ns, Total: 18700 ns
[7583.491s][info ][safepoint      ] Safepoint "Cleanup", Time since last: 1000120572 ns, Reaching safepoint: 6600 ns, Cleanup: 12200 ns, At safepoint: 2800 ns, Total: 21600 ns
[7584.492s][info ][safepoint      ] Safepoint "Cleanup", Time since last: 1000118173 ns, Reaching safepoint: 6300 ns, Cleanup: 29599 ns, At safepoint: 2400 ns, Total: 38299 ns
[7585.492s][info ][safepoint      ] Safepoint "Cleanup", Time since last: 1000117373 ns, Reaching safepoint: 6600 ns, Cleanup: 24600 ns, At safepoint: 2500 ns, Total: 33700 ns
[7586.492s][info ][safepoint      ] Safepoint "Cleanup", Time since last: 1000117272 ns, Reaching safepoint: 7200 ns, Cleanup: 18500 ns, At safepoint: 2500 ns, Total: 28200 ns
[7587.492s][info ][safepoint      ] Safepoint "Cleanup", Time since last: 1000118073 ns, Reaching safepoint: 6500 ns, Cleanup: 15000 ns, At safepoint: 2699 ns, Total: 24199 ns
[7588.492s][info ][safepoint      ] Safepoint "Cleanup", Time since last: 1000110373 ns, Reaching safepoint: 6500 ns, Cleanup: 10700 ns, At safepoint: 2500 ns, Total: 19700 ns
[7591.492s][info ][safepoint      ] Safepoint "Cleanup", Time since last: 3000250134 ns, Reaching safepoint: 6400 ns, Cleanup: 17500 ns, At safepoint: 1900 ns, Total: 25800 ns
[7592.493s][info ][safepoint      ] Safepoint "Cleanup", Time since last: 1000111783 ns, Reaching safepoint: 7200 ns, Cleanup: 20000 ns, At safepoint: 2200 ns, Total: 29400 ns
[7593.493s][info ][safepoint      ] Safepoint "Cleanup", Time since last: 1000120083 ns, Reaching safepoint: 79299 ns, Cleanup: 9600 ns, At safepoint: 5400 ns, Total: 94299 ns
[7597.493s][info ][safepoint      ] Safepoint "Cleanup", Time since last: 4000351834 ns, Reaching safepoint: 6800 ns, Cleanup: 13799 ns, At safepoint: 2700 ns, Total: 23299 ns
[7598.493s][info ][safepoint      ] Safepoint "Cleanup", Time since last: 1000116384 ns, Reaching safepoint: 6300 ns, Cleanup: 9900 ns, At safepoint: 2200 ns, Total: 18400 ns
[7601.494s][info ][safepoint      ] Safepoint "Cleanup", Time since last: 3000258651 ns, Reaching safepoint: 6900 ns, Cleanup: 11500 ns, At safepoint: 2700 ns, Total: 21100 ns
[7602.494s][info ][safepoint      ] Safepoint "Cleanup", Time since last: 1000125283 ns, Reaching safepoint: 5100 ns, Cleanup: 12500 ns, At safepoint: 2100 ns, Total: 19700 ns
[7606.494s][info ][safepoint      ] Safepoint "Cleanup", Time since last: 4000314036 ns, Reaching safepoint: 6100 ns, Cleanup: 13700 ns, At safepoint: 2400 ns, Total: 22200 ns
[7607.494s][info ][safepoint      ] Safepoint "Cleanup", Time since last: 1000112886 ns, Reaching safepoint: 5800 ns, Cleanup: 13900 ns, At safepoint: 2300 ns, Total: 22000 ns
[7608.494s][info ][safepoint      ] Safepoint "Cleanup", Time since last: 1000113185 ns, Reaching safepoint: 6300 ns, Cleanup: 14400 ns, At safepoint: 2400 ns, Total: 23100 ns
[7611.495s][info ][safepoint      ] Safepoint "Cleanup", Time since last: 3000250358 ns, Reaching safepoint: 5400 ns, Cleanup: 9300 ns, At safepoint: 2300 ns, Total: 17000 ns
[7616.495s][info ][safepoint      ] Safepoint "Cleanup", Time since last: 5000418843 ns, Reaching safepoint: 6000 ns, Cleanup: 21000 ns, At safepoint: 2500 ns, Total: 29500 ns
[7618.495s][info ][safepoint      ] Safepoint "Cleanup", Time since last: 2000183870 ns, Reaching safepoint: 5600 ns, Cleanup: 14499 ns, At safepoint: 2100 ns, Total: 22199 ns
[7619.495s][info ][safepoint      ] Safepoint "Cleanup", Time since last: 1000114385 ns, Reaching safepoint: 5500 ns, Cleanup: 9600 ns, At safepoint: 2000 ns, Total: 17100 ns
[7621.496s][info ][safepoint      ] Safepoint "Cleanup", Time since last: 2000207746 ns, Reaching safepoint: 6000 ns, Cleanup: 11600 ns, At safepoint: 1900 ns, Total: 19500 ns
[7629.356s][info ][safepoint      ] Safepoint "Cleanup", Time since last: 7860204684 ns, Reaching safepoint: 6800 ns, Cleanup: 22600 ns, At safepoint: 2200 ns, Total: 31600 ns
[7630.356s][info ][safepoint      ] Safepoint "Cleanup", Time since last: 1000111176 ns, Reaching safepoint: 6200 ns, Cleanup: 11900 ns, At safepoint: 2100 ns, Total: 20200 ns
[7631.356s][info ][safepoint      ] Safepoint "Cleanup", Time since last: 1000106806 ns, Reaching safepoint: 6600 ns, Cleanup: 28300 ns, At safepoint: 2100 ns, Total: 37000 ns
[7632.356s][info ][safepoint      ] Safepoint "Cleanup", Time since last: 1000136305 ns, Reaching safepoint: 6300 ns, Cleanup: 12900 ns, At safepoint: 2200 ns, Total: 21400 ns
[7633.356s][info ][safepoint      ] Safepoint "Cleanup", Time since last: 1000110706 ns, Reaching safepoint: 5200 ns, Cleanup: 10700 ns, At safepoint: 1700 ns, Total: 17600 ns
[7634.357s][info ][safepoint      ] Safepoint "Cleanup", Time since last: 1000110006 ns, Reaching safepoint: 6400 ns, Cleanup: 11100 ns, At safepoint: 2200 ns, Total: 19700 ns
[7635.357s][info ][safepoint      ] Safepoint "Cleanup", Time since last: 1000108506 ns, Reaching safepoint: 6800 ns, Cleanup: 11000 ns, At safepoint: 2100 ns, Total: 19900 ns
[7637.357s][info ][safepoint      ] Safepoint "Cleanup", Time since last: 2000173113 ns, Reaching safepoint: 6900 ns, Cleanup: 11000 ns, At safepoint: 2600 ns, Total: 20500 ns
[7639.357s][info ][safepoint      ] Safepoint "Cleanup", Time since last: 2000228441 ns, Reaching safepoint: 6400 ns, Cleanup: 14800 ns, At safepoint: 2300 ns, Total: 23500 ns
[7640.357s][info ][safepoint      ] Safepoint "Cleanup", Time since last: 1000115751 ns, Reaching safepoint: 7100 ns, Cleanup: 14200 ns, At safepoint: 2500 ns, Total: 23800 ns
[7641.357s][info ][safepoint      ] Safepoint "Cleanup", Time since last: 1000121151 ns, Reaching safepoint: 7000 ns, Cleanup: 12400 ns, At safepoint: 2300 ns, Total: 21700 ns
[7643.358s][info ][safepoint      ] Safepoint "Cleanup", Time since last: 2000200403 ns, Reaching safepoint: 6300 ns, Cleanup: 61199 ns, At safepoint: 2300 ns, Total: 69799 ns
[7644.358s][info ][safepoint      ] Safepoint "Cleanup", Time since last: 1000117351 ns, Reaching safepoint: 6300 ns, Cleanup: 16600 ns, At safepoint: 2900 ns, Total: 25800 ns
[7645.358s][info ][safepoint      ] Safepoint "Cleanup", Time since last: 1000123651 ns, Reaching safepoint: 6700 ns, Cleanup: 22200 ns, At safepoint: 2400 ns, Total: 31300 ns
[7647.358s][info ][safepoint      ] Safepoint "Cleanup", Time since last: 2000187303 ns, Reaching safepoint: 6300 ns, Cleanup: 9700 ns, At safepoint: 2100 ns, Total: 18100 ns
[7649.358s][info ][safepoint      ] Safepoint "Cleanup", Time since last: 2000193602 ns, Reaching safepoint: 6800 ns, Cleanup: 11800 ns, At safepoint: 2100 ns, Total: 20700 ns
[7651.359s][info ][safepoint      ] Safepoint "Cleanup", Time since last: 2000186802 ns, Reaching safepoint: 7200 ns, Cleanup: 10200 ns, At safepoint: 2200 ns, Total: 19600 ns
[7652.359s][info ][safepoint      ] Safepoint "Cleanup", Time since last: 1000116251 ns, Reaching safepoint: 6400 ns, Cleanup: 11600 ns, At safepoint: 2700 ns, Total: 20700 ns
[7653.359s][info ][safepoint      ] Safepoint "Cleanup", Time since last: 1000124551 ns, Reaching safepoint: 7100 ns, Cleanup: 11300 ns, At safepoint: 2500 ns, Total: 20900 ns
[7653.387s][info ][gc,start       ] GC(127) Pause Young (Allocation Failure)
[7653.392s][debug][gc,phases      ] GC(127) Scavenge 4.407ms
[7653.392s][debug][gc,ref         ] GC(127) ReferenceProcessor::execute queues: 1, RefProcThreadModel::Single, marks_oops_alive: false
[7653.392s][debug][gc,ref         ] GC(127) Skipped KeepAliveFinalRefsPhase of Reference Processing: no references
[7653.392s][debug][gc,ref         ] GC(127) ReferenceProcessor::execute queues: 1, RefProcThreadModel::Single, marks_oops_alive: false
[7653.392s][debug][gc,phases      ] GC(127) Reference Processing 0.096ms
[7653.392s][debug][gc,phases      ] GC(127)   VM Weak                        Min:  0.0, Avg:  0.0, Max:  0.0, Diff:  0.0, Sum:  0.0, Workers: 4
[7653.392s][debug][gc,phases      ] GC(127)     Dead                           Min: 0, Avg:  0.0, Max: 0, Diff: 0, Sum: 0, Workers: 4
[7653.392s][debug][gc,phases      ] GC(127)     Total                          Min: 0, Avg: 250.5, Max: 1002, Diff: 1002, Sum: 1002, Workers: 4
[7653.392s][debug][gc,phases      ] GC(127)   ObjectSynchronizer Weak        Min:  0.0, Avg:  0.0, Max:  0.0, Diff:  0.0, Sum:  0.0, Workers: 4
[7653.392s][debug][gc,phases      ] GC(127)     Dead                           Min: 0, Avg:  0.0, Max: 0, Diff: 0, Sum: 0, Workers: 4
[7653.392s][debug][gc,phases      ] GC(127)     Total                          Min: 0, Avg:  1.0, Max: 4, Diff: 4, Sum: 4, Workers: 4
[7653.392s][debug][gc,phases      ] GC(127)   JVMTI Tag Weak OopStorage      Min:  0.0, Avg:  0.0, Max:  0.0, Diff:  0.0, Sum:  0.0, Workers: 4
[7653.392s][debug][gc,phases      ] GC(127)     Dead                           Min: 0, Avg:  0.0, Max: 0, Diff: 0, Sum: 0, Workers: 4
[7653.392s][debug][gc,phases      ] GC(127)     Total                          Min: 0, Avg:  0.0, Max: 0, Diff: 0, Sum: 0, Workers: 4
[7653.392s][debug][gc,phases      ] GC(127)   StringTable Weak               Min:  0.0, Avg:  0.1, Max:  0.1, Diff:  0.1, Sum:  0.4, Workers: 4
[7653.392s][debug][gc,phases      ] GC(127)     Dead                           Min: 0, Avg:  0.0, Max: 0, Diff: 0, Sum: 0, Workers: 4
[7653.392s][debug][gc,phases      ] GC(127)     Total                          Min: 0, Avg: 11966.0, Max: 20608, Diff: 20608, Sum: 47864, Workers: 4
[7653.392s][debug][gc,phases      ] GC(127)   ResolvedMethodTable Weak       Min:  0.0, Avg:  0.0, Max:  0.0, Diff:  0.0, Sum:  0.1, Workers: 4
[7653.392s][debug][gc,phases      ] GC(127)     Dead                           Min: 0, Avg:  4.0, Max: 16, Diff: 16, Sum: 16, Workers: 4
[7653.392s][debug][gc,phases      ] GC(127)     Total                          Min: 0, Avg: 3933.5, Max: 6551, Diff: 6551, Sum: 15734, Workers: 4
[7653.392s][debug][gc,phases      ] GC(127)   JNI Weak                       Min:  0.0, Avg:  0.0, Max:  0.0, Diff:  0.0, Sum:  0.0, Workers: 4
[7653.392s][debug][gc,phases      ] GC(127)     Dead                           Min: 0, Avg:  0.0, Max: 0, Diff: 0, Sum: 0, Workers: 4
[7653.392s][debug][gc,phases      ] GC(127)     Total                          Min: 0, Avg: 13.0, Max: 52, Diff: 52, Sum: 52, Workers: 4
[7653.392s][debug][gc,phases      ] GC(127)   StringDedup Table Weak         Min:  0.0, Avg:  0.0, Max:  0.0, Diff:  0.0, Sum:  0.0, Workers: 4
[7653.392s][debug][gc,phases      ] GC(127)     Dead                           Min: 0, Avg:  0.0, Max: 0, Diff: 0, Sum: 0, Workers: 4
[7653.392s][debug][gc,phases      ] GC(127)     Total                          Min: 0, Avg:  0.0, Max: 0, Diff: 0, Sum: 0, Workers: 4
[7653.392s][debug][gc,phases      ] GC(127)   StringDedup Requests0 Weak     Min:  0.0, Avg:  0.0, Max:  0.0, Diff:  0.0, Sum:  0.0, Workers: 4
[7653.392s][debug][gc,phases      ] GC(127)     Dead                           Min: 0, Avg:  0.0, Max: 0, Diff: 0, Sum: 0, Workers: 4
[7653.392s][debug][gc,phases      ] GC(127)     Total                          Min: 0, Avg:  0.0, Max: 0, Diff: 0, Sum: 0, Workers: 4
[7653.392s][debug][gc,phases      ] GC(127)   StringDedup Requests1 Weak     Min:  0.0, Avg:  0.0, Max:  0.0, Diff:  0.0, Sum:  0.0, Workers: 4
[7653.392s][debug][gc,phases      ] GC(127)     Dead                           Min: 0, Avg:  0.0, Max: 0, Diff: 0, Sum: 0, Workers: 4
[7653.392s][debug][gc,phases      ] GC(127)     Total                          Min: 0, Avg:  0.0, Max: 0, Diff: 0, Sum: 0, Workers: 4
[7653.392s][debug][gc,phases      ] GC(127)   Weak JFR Old Object Samples    Min:  0.0, Avg:  0.0, Max:  0.0, Diff:  0.0, Sum:  0.0, Workers: 4
[7653.392s][debug][gc,phases      ] GC(127)     Dead                           Min: 0, Avg:  0.0, Max: 0, Diff: 0, Sum: 0, Workers: 4
[7653.392s][debug][gc,phases      ] GC(127)     Total                          Min: 0, Avg:  0.0, Max: 0, Diff: 0, Sum: 0, Workers: 4
[7653.392s][debug][gc,phases      ] GC(127) Weak Processing 0.327ms
[7653.392s][debug][gc,age         ] GC(127) Desired survivor size 7864320 bytes, new threshold 1 (max threshold 15)
[7653.392s][info ][gc,heap        ] GC(127) PSYoungGen: 2085425K(2088448K)->4838K(2089472K) Eden: 2080256K(2080256K)->0K(2081280K) From: 5169K(8192K)->4838K(8192K)
[7653.392s][info ][gc,heap        ] GC(127) ParOldGen: 651829K(652288K)->653367K(653824K)
[7653.392s][info ][gc,metaspace   ] GC(127) Metaspace: 111398K(112704K)->111398K(112704K) NonClass: 94817K(95552K)->94817K(95552K) Class: 16581K(17152K)->16581K(17152K)
[7653.392s][info ][gc             ] GC(127) Pause Young (Allocation Failure) 2673M->642M(2679M) 4.947ms
[7653.392s][info ][gc,cpu         ] GC(127) User=0.02s Sys=0.01s Real=0.00s
[7653.392s][info ][safepoint      ] Safepoint "ParallelGCFailedAllocation", Time since last: 28126104 ns, Reaching safepoint: 5400 ns, Cleanup: 4200 ns, At safepoint: 5008665 ns, Total: 5018265 ns
[7654.392s][info ][safepoint      ] Safepoint "Cleanup", Time since last: 1000085045 ns, Reaching safepoint: 5600 ns, Cleanup: 9700 ns, At safepoint: 2100 ns, Total: 17400 ns
[7657.393s][info ][safepoint      ] Safepoint "Cleanup", Time since last: 3000262393 ns, Reaching safepoint: 78000 ns, Cleanup: 16600 ns, At safepoint: 5400 ns, Total: 100000 ns
[7659.393s][info ][safepoint      ] Safepoint "Cleanup", Time since last: 2000198662 ns, Reaching safepoint: 6000 ns, Cleanup: 26900 ns, At safepoint: 2200 ns, Total: 35100 ns
[7660.393s][info ][safepoint      ] Safepoint "Cleanup", Time since last: 1000103830 ns, Reaching safepoint: 6100 ns, Cleanup: 18700 ns, At safepoint: 2000 ns, Total: 26800 ns
[7661.393s][info ][safepoint      ] Safepoint "Cleanup", Time since last: 1000097631 ns, Reaching safepoint: 5600 ns, Cleanup: 10100 ns, At safepoint: 2000 ns, Total: 17700 ns
[7662.393s][info ][safepoint      ] Safepoint "Cleanup", Time since last: 1000100835 ns, Reaching safepoint: 6200 ns, Cleanup: 14400 ns, At safepoint: 2500 ns, Total: 23100 ns
[7667.394s][info ][safepoint      ] Safepoint "Cleanup", Time since last: 5000373927 ns, Reaching safepoint: 6200 ns, Cleanup: 9000 ns, At safepoint: 2000 ns, Total: 17200 ns
[7668.394s][info ][safepoint      ] Safepoint "Cleanup", Time since last: 1000124545 ns, Reaching safepoint: 6500 ns, Cleanup: 11400 ns, At safepoint: 2000 ns, Total: 19900 ns
[7671.394s][info ][safepoint      ] Safepoint "Cleanup", Time since last: 3000249640 ns, Reaching safepoint: 7000 ns, Cleanup: 16900 ns, At safepoint: 2300 ns, Total: 26200 ns
[7674.394s][info ][safepoint      ] Safepoint "Cleanup", Time since last: 3000244247 ns, Reaching safepoint: 6600 ns, Cleanup: 9400 ns, At safepoint: 2200 ns, Total: 18200 ns
[7677.395s][info ][safepoint      ] Safepoint "Cleanup", Time since last: 3000248048 ns, Reaching safepoint: 8699 ns, Cleanup: 18100 ns, At safepoint: 2700 ns, Total: 29499 ns
[7685.377s][info ][safepoint      ] Safepoint "Cleanup", Time since last: 7982432545 ns, Reaching safepoint: 6600 ns, Cleanup: 9300 ns, At safepoint: 2200 ns, Total: 18100 ns
[7687.377s][info ][safepoint      ] Safepoint "Cleanup", Time since last: 2000169294 ns, Reaching safepoint: 5700 ns, Cleanup: 9500 ns, At safepoint: 1700 ns, Total: 16900 ns
[7688.377s][info ][safepoint      ] Safepoint "Cleanup", Time since last: 1000123152 ns, Reaching safepoint: 6899 ns, Cleanup: 13300 ns, At safepoint: 2900 ns, Total: 23099 ns
[7691.378s][info ][safepoint      ] Safepoint "Cleanup", Time since last: 3000306356 ns, Reaching safepoint: 6000 ns, Cleanup: 13800 ns, At safepoint: 2300 ns, Total: 22100 ns
[7694.378s][info ][safepoint      ] Safepoint "Cleanup", Time since last: 3000319443 ns, Reaching safepoint: 5200 ns, Cleanup: 9200 ns, At safepoint: 1800 ns, Total: 16200 ns
[7699.378s][info ][safepoint      ] Safepoint "Cleanup", Time since last: 5000378095 ns, Reaching safepoint: 6100 ns, Cleanup: 10600 ns, At safepoint: 2300 ns, Total: 19000 ns
[7703.379s][info ][safepoint      ] Safepoint "Cleanup", Time since last: 4000330385 ns, Reaching safepoint: 5700 ns, Cleanup: 14500 ns, At safepoint: 2000 ns, Total: 22200 ns
[7708.379s][info ][safepoint      ] Safepoint "Cleanup", Time since last: 5000390464 ns, Reaching safepoint: 5700 ns, Cleanup: 9000 ns, At safepoint: 2500 ns, Total: 17200 ns
[7714.380s][info ][safepoint      ] Safepoint "Cleanup", Time since last: 6000478095 ns, Reaching safepoint: 7300 ns, Cleanup: 12300 ns, At safepoint: 2800 ns, Total: 22400 ns
[7716.380s][info ][safepoint      ] Safepoint "Cleanup", Time since last: 2000190323 ns, Reaching safepoint: 6600 ns, Cleanup: 10599 ns, At safepoint: 2400 ns, Total: 19599 ns
[7722.380s][info ][safepoint      ] Safepoint "Cleanup", Time since last: 6000480308 ns, Reaching safepoint: 6300 ns, Cleanup: 10400 ns, At safepoint: 2200 ns, Total: 18900 ns
[7724.373s][info ][gc,start       ] GC(128) Pause Young (Allocation Failure)
[7724.378s][debug][gc,phases      ] GC(128) Scavenge 4.220ms
[7724.378s][debug][gc,ref         ] GC(128) ReferenceProcessor::execute queues: 1, RefProcThreadModel::Single, marks_oops_alive: false
[7724.378s][debug][gc,ref         ] GC(128) Skipped KeepAliveFinalRefsPhase of Reference Processing: no references
[7724.378s][debug][gc,ref         ] GC(128) ReferenceProcessor::execute queues: 1, RefProcThreadModel::Single, marks_oops_alive: false
[7724.378s][debug][gc,phases      ] GC(128) Reference Processing 0.118ms
[7724.378s][debug][gc,phases      ] GC(128)   VM Weak                        Min:  0.0, Avg:  0.0, Max:  0.0, Diff:  0.0, Sum:  0.0, Workers: 4
[7724.378s][debug][gc,phases      ] GC(128)     Dead                           Min: 0, Avg:  0.0, Max: 0, Diff: 0, Sum: 0, Workers: 4
[7724.378s][debug][gc,phases      ] GC(128)     Total                          Min: 0, Avg: 250.5, Max: 746, Diff: 746, Sum: 1002, Workers: 4
[7724.378s][debug][gc,phases      ] GC(128)   ObjectSynchronizer Weak        Min:  0.0, Avg:  0.0, Max:  0.0, Diff:  0.0, Sum:  0.0, Workers: 4
[7724.378s][debug][gc,phases      ] GC(128)     Dead                           Min: 0, Avg:  0.0, Max: 0, Diff: 0, Sum: 0, Workers: 4
[7724.378s][debug][gc,phases      ] GC(128)     Total                          Min: 0, Avg:  1.0, Max: 4, Diff: 4, Sum: 4, Workers: 4
[7724.378s][debug][gc,phases      ] GC(128)   JVMTI Tag Weak OopStorage      Min:  0.0, Avg:  0.0, Max:  0.0, Diff:  0.0, Sum:  0.0, Workers: 4
[7724.378s][debug][gc,phases      ] GC(128)     Dead                           Min: 0, Avg:  0.0, Max: 0, Diff: 0, Sum: 0, Workers: 4
[7724.378s][debug][gc,phases      ] GC(128)     Total                          Min: 0, Avg:  0.0, Max: 0, Diff: 0, Sum: 0, Workers: 4
[7724.378s][debug][gc,phases      ] GC(128)   StringTable Weak               Min:  0.0, Avg:  0.1, Max:  0.1, Diff:  0.1, Sum:  0.4, Workers: 4
[7724.378s][debug][gc,phases      ] GC(128)     Dead                           Min: 0, Avg:  0.0, Max: 0, Diff: 0, Sum: 0, Workers: 4
[7724.378s][debug][gc,phases      ] GC(128)     Total                          Min: 0, Avg: 11966.5, Max: 20989, Diff: 20989, Sum: 47866, Workers: 4
[7724.378s][debug][gc,phases      ] GC(128)   ResolvedMethodTable Weak       Min:  0.0, Avg:  0.0, Max:  0.0, Diff:  0.0, Sum:  0.1, Workers: 4
[7724.378s][debug][gc,phases      ] GC(128)     Dead                           Min: 0, Avg:  4.0, Max: 16, Diff: 16, Sum: 16, Workers: 4
[7724.378s][debug][gc,phases      ] GC(128)     Total                          Min: 0, Avg: 3934.0, Max: 6767, Diff: 6767, Sum: 15736, Workers: 4
[7724.378s][debug][gc,phases      ] GC(128)   JNI Weak                       Min:  0.0, Avg:  0.0, Max:  0.0, Diff:  0.0, Sum:  0.0, Workers: 4
[7724.378s][debug][gc,phases      ] GC(128)     Dead                           Min: 0, Avg:  0.0, Max: 0, Diff: 0, Sum: 0, Workers: 4
[7724.378s][debug][gc,phases      ] GC(128)     Total                          Min: 0, Avg: 13.0, Max: 52, Diff: 52, Sum: 52, Workers: 4
[7724.378s][debug][gc,phases      ] GC(128)   StringDedup Table Weak         Min:  0.0, Avg:  0.0, Max:  0.0, Diff:  0.0, Sum:  0.0, Workers: 4
[7724.378s][debug][gc,phases      ] GC(128)     Dead                           Min: 0, Avg:  0.0, Max: 0, Diff: 0, Sum: 0, Workers: 4
[7724.378s][debug][gc,phases      ] GC(128)     Total                          Min: 0, Avg:  0.0, Max: 0, Diff: 0, Sum: 0, Workers: 4
[7724.378s][debug][gc,phases      ] GC(128)   StringDedup Requests0 Weak     Min:  0.0, Avg:  0.0, Max:  0.0, Diff:  0.0, Sum:  0.0, Workers: 4
[7724.378s][debug][gc,phases      ] GC(128)     Dead                           Min: 0, Avg:  0.0, Max: 0, Diff: 0, Sum: 0, Workers: 4
[7724.378s][debug][gc,phases      ] GC(128)     Total                          Min: 0, Avg:  0.0, Max: 0, Diff: 0, Sum: 0, Workers: 4
[7724.378s][debug][gc,phases      ] GC(128)   StringDedup Requests1 Weak     Min:  0.0, Avg:  0.0, Max:  0.0, Diff:  0.0, Sum:  0.0, Workers: 4
[7724.378s][debug][gc,phases      ] GC(128)     Dead                           Min: 0, Avg:  0.0, Max: 0, Diff: 0, Sum: 0, Workers: 4
[7724.378s][debug][gc,phases      ] GC(128)     Total                          Min: 0, Avg:  0.0, Max: 0, Diff: 0, Sum: 0, Workers: 4
[7724.378s][debug][gc,phases      ] GC(128)   Weak JFR Old Object Samples    Min:  0.0, Avg:  0.0, Max:  0.0, Diff:  0.0, Sum:  0.0, Workers: 4
[7724.378s][debug][gc,phases      ] GC(128)     Dead                           Min: 0, Avg:  0.0, Max: 0, Diff: 0, Sum: 0, Workers: 4
[7724.378s][debug][gc,phases      ] GC(128)     Total                          Min: 0, Avg:  0.0, Max: 0, Diff: 0, Sum: 0, Workers: 4
[7724.378s][debug][gc,phases      ] GC(128) Weak Processing 0.357ms
[7724.378s][debug][gc,age         ] GC(128) Desired survivor size 7864320 bytes, new threshold 1 (max threshold 15)
[7724.378s][info ][gc,heap        ] GC(128) PSYoungGen: 2086118K(2089472K)->4224K(2088960K) Eden: 2081280K(2081280K)->0K(2081280K) From: 4838K(8192K)->4224K(7680K)
[7724.378s][info ][gc,heap        ] GC(128) ParOldGen: 653367K(653824K)->654453K(654848K)
[7724.378s][info ][gc,metaspace   ] GC(128) Metaspace: 111401K(112704K)->111401K(112704K) NonClass: 94819K(95552K)->94819K(95552K) Class: 16582K(17152K)->16582K(17152K)
[7724.378s][info ][gc             ] GC(128) Pause Young (Allocation Failure) 2675M->643M(2679M) 4.802ms
[7724.378s][info ][gc,cpu         ] GC(128) User=0.02s Sys=0.00s Real=0.01s
[7724.378s][info ][safepoint      ] Safepoint "ParallelGCFailedAllocation", Time since last: 1992906674 ns, Reaching safepoint: 4900 ns, Cleanup: 3800 ns, At safepoint: 4861966 ns, Total: 4870666 ns
[7728.378s][info ][safepoint      ] Safepoint "Cleanup", Time since last: 4000295614 ns, Reaching safepoint: 6300 ns, Cleanup: 10001 ns, At safepoint: 24600 ns, Total: 40901 ns
[7730.379s][info ][safepoint      ] Safepoint "Cleanup", Time since last: 2000159208 ns, Reaching safepoint: 5600 ns, Cleanup: 8900 ns, At safepoint: 1600 ns, Total: 16100 ns
[7731.379s][info ][safepoint      ] Safepoint "Cleanup", Time since last: 1000088865 ns, Reaching safepoint: 7900 ns, Cleanup: 24900 ns, At safepoint: 2400 ns, Total: 35200 ns
[7733.379s][info ][safepoint      ] Safepoint "Cleanup", Time since last: 2000190330 ns, Reaching safepoint: 6300 ns, Cleanup: 8300 ns, At safepoint: 2100 ns, Total: 16700 ns
[7736.379s][info ][safepoint      ] Safepoint "Cleanup", Time since last: 3000238031 ns, Reaching safepoint: 5600 ns, Cleanup: 8500 ns, At safepoint: 1600 ns, Total: 15700 ns
[7743.395s][info ][safepoint      ] Safepoint "Cleanup", Time since last: 7015354339 ns, Reaching safepoint: 7000 ns, Cleanup: 32500 ns, At safepoint: 2900 ns, Total: 42400 ns
[7745.395s][info ][safepoint      ] Safepoint "Cleanup", Time since last: 2000204927 ns, Reaching safepoint: 6900 ns, Cleanup: 22000 ns, At safepoint: 2300 ns, Total: 31200 ns
[7746.395s][info ][safepoint      ] Safepoint "Cleanup", Time since last: 1000109113 ns, Reaching safepoint: 6600 ns, Cleanup: 9000 ns, At safepoint: 2100 ns, Total: 17700 ns
[7759.396s][info ][safepoint      ] Safepoint "Cleanup", Time since last: 13000988990 ns, Reaching safepoint: 6900 ns, Cleanup: 12700 ns, At safepoint: 2200 ns, Total: 21800 ns
[7778.397s][info ][safepoint      ] Safepoint "Cleanup", Time since last: 19001489665 ns, Reaching safepoint: 7000 ns, Cleanup: 11000 ns, At safepoint: 2400 ns, Total: 20400 ns
[7779.398s][info ][safepoint      ] Safepoint "Cleanup", Time since last: 1000119564 ns, Reaching safepoint: 7600 ns, Cleanup: 11600 ns, At safepoint: 2200 ns, Total: 21400 ns
[7795.971s][info ][gc,start       ] GC(129) Pause Young (Allocation Failure)
[7795.974s][debug][gc,phases      ] GC(129) Scavenge 3.715ms
[7795.975s][debug][gc,ref         ] GC(129) ReferenceProcessor::execute queues: 1, RefProcThreadModel::Single, marks_oops_alive: false
[7795.975s][debug][gc,ref         ] GC(129) Skipped KeepAliveFinalRefsPhase of Reference Processing: no references
[7795.975s][debug][gc,ref         ] GC(129) Skipped PhantomRefsPhase of Reference Processing: no references
[7795.975s][debug][gc,phases      ] GC(129) Reference Processing 0.097ms
[7795.975s][debug][gc,phases      ] GC(129)   VM Weak                        Min:  0.0, Avg:  0.0, Max:  0.0, Diff:  0.0, Sum:  0.0, Workers: 4
[7795.975s][debug][gc,phases      ] GC(129)     Dead                           Min: 0, Avg:  0.0, Max: 0, Diff: 0, Sum: 0, Workers: 4
[7795.975s][debug][gc,phases      ] GC(129)     Total                          Min: 0, Avg: 250.5, Max: 704, Diff: 704, Sum: 1002, Workers: 4
[7795.975s][debug][gc,phases      ] GC(129)   ObjectSynchronizer Weak        Min:  0.0, Avg:  0.0, Max:  0.0, Diff:  0.0, Sum:  0.0, Workers: 4
[7795.975s][debug][gc,phases      ] GC(129)     Dead                           Min: 0, Avg:  0.0, Max: 0, Diff: 0, Sum: 0, Workers: 4
[7795.975s][debug][gc,phases      ] GC(129)     Total                          Min: 0, Avg:  1.0, Max: 4, Diff: 4, Sum: 4, Workers: 4
[7795.975s][debug][gc,phases      ] GC(129)   JVMTI Tag Weak OopStorage      Min:  0.0, Avg:  0.0, Max:  0.0, Diff:  0.0, Sum:  0.0, Workers: 4
[7795.975s][debug][gc,phases      ] GC(129)     Dead                           Min: 0, Avg:  0.0, Max: 0, Diff: 0, Sum: 0, Workers: 4
[7795.975s][debug][gc,phases      ] GC(129)     Total                          Min: 0, Avg:  0.0, Max: 0, Diff: 0, Sum: 0, Workers: 4
[7795.975s][debug][gc,phases      ] GC(129)   StringTable Weak               Min:  0.1, Avg:  0.1, Max:  0.1, Diff:  0.0, Sum:  0.4, Workers: 4
[7795.975s][debug][gc,phases      ] GC(129)     Dead                           Min: 0, Avg:  0.0, Max: 0, Diff: 0, Sum: 0, Workers: 4
[7795.975s][debug][gc,phases      ] GC(129)     Total                          Min: 11519, Avg: 11967.0, Max: 12224, Diff: 705, Sum: 47868, Workers: 4
[7795.975s][debug][gc,phases      ] GC(129)   ResolvedMethodTable Weak       Min:  0.0, Avg:  0.0, Max:  0.0, Diff:  0.0, Sum:  0.1, Workers: 4
[7795.975s][debug][gc,phases      ] GC(129)     Dead                           Min: 0, Avg:  4.0, Max: 16, Diff: 16, Sum: 16, Workers: 4
[7795.975s][debug][gc,phases      ] GC(129)     Total                          Min: 3760, Avg: 3934.0, Max: 4106, Diff: 346, Sum: 15736, Workers: 4
[7795.975s][debug][gc,phases      ] GC(129)   JNI Weak                       Min:  0.0, Avg:  0.0, Max:  0.0, Diff:  0.0, Sum:  0.0, Workers: 4
[7795.975s][debug][gc,phases      ] GC(129)     Dead                           Min: 0, Avg:  0.0, Max: 0, Diff: 0, Sum: 0, Workers: 4
[7795.975s][debug][gc,phases      ] GC(129)     Total                          Min: 0, Avg: 13.0, Max: 52, Diff: 52, Sum: 52, Workers: 4
[7795.975s][debug][gc,phases      ] GC(129)   StringDedup Table Weak         Min:  0.0, Avg:  0.0, Max:  0.0, Diff:  0.0, Sum:  0.0, Workers: 4
[7795.975s][debug][gc,phases      ] GC(129)     Dead                           Min: 0, Avg:  0.0, Max: 0, Diff: 0, Sum: 0, Workers: 4
[7795.975s][debug][gc,phases      ] GC(129)     Total                          Min: 0, Avg:  0.0, Max: 0, Diff: 0, Sum: 0, Workers: 4
[7795.975s][debug][gc,phases      ] GC(129)   StringDedup Requests0 Weak     Min:  0.0, Avg:  0.0, Max:  0.0, Diff:  0.0, Sum:  0.0, Workers: 4
[7795.975s][debug][gc,phases      ] GC(129)     Dead                           Min: 0, Avg:  0.0, Max: 0, Diff: 0, Sum: 0, Workers: 4
[7795.975s][debug][gc,phases      ] GC(129)     Total                          Min: 0, Avg:  0.0, Max: 0, Diff: 0, Sum: 0, Workers: 4
[7795.975s][debug][gc,phases      ] GC(129)   StringDedup Requests1 Weak     Min:  0.0, Avg:  0.0, Max:  0.0, Diff:  0.0, Sum:  0.0, Workers: 4
[7795.975s][debug][gc,phases      ] GC(129)     Dead                           Min: 0, Avg:  0.0, Max: 0, Diff: 0, Sum: 0, Workers: 4
[7795.975s][debug][gc,phases      ] GC(129)     Total                          Min: 0, Avg:  0.0, Max: 0, Diff: 0, Sum: 0, Workers: 4
[7795.975s][debug][gc,phases      ] GC(129)   Weak JFR Old Object Samples    Min:  0.0, Avg:  0.0, Max:  0.0, Diff:  0.0, Sum:  0.0, Workers: 4
[7795.975s][debug][gc,phases      ] GC(129)     Dead                           Min: 0, Avg:  0.0, Max: 0, Diff: 0, Sum: 0, Workers: 4
[7795.975s][debug][gc,phases      ] GC(129)     Total                          Min: 0, Avg:  0.0, Max: 0, Diff: 0, Sum: 0, Workers: 4
[7795.975s][debug][gc,phases      ] GC(129) Weak Processing 0.360ms
[7795.975s][debug][gc,age         ] GC(129) Desired survivor size 7864320 bytes, new threshold 1 (max threshold 15)
[7795.975s][info ][gc,heap        ] GC(129) PSYoungGen: 2085504K(2088960K)->3440K(2089472K) Eden: 2081280K(2081280K)->0K(2081792K) From: 4224K(7680K)->3440K(7680K)
[7795.975s][info ][gc,heap        ] GC(129) ParOldGen: 654453K(654848K)->655937K(656384K)
[7795.975s][info ][gc,metaspace   ] GC(129) Metaspace: 111407K(112704K)->111407K(112704K) NonClass: 94825K(95552K)->94825K(95552K) Class: 16582K(17152K)->16582K(17152K)
[7795.975s][info ][gc             ] GC(129) Pause Young (Allocation Failure) 2675M->643M(2681M) 4.296ms
[7795.975s][info ][gc,cpu         ] GC(129) User=0.01s Sys=0.00s Real=0.01s
[7795.975s][info ][safepoint      ] Safepoint "ParallelGCFailedAllocation", Time since last: 16572937655 ns, Reaching safepoint: 34400 ns, Cleanup: 4700 ns, At safepoint: 4375196 ns, Total: 4414296 ns
[7801.975s][info ][safepoint      ] Safepoint "Cleanup", Time since last: 6000425798 ns, Reaching safepoint: 6000 ns, Cleanup: 11100 ns, At safepoint: 1700 ns, Total: 18800 ns
[7811.412s][info ][safepoint      ] Safepoint "Cleanup", Time since last: 9436569336 ns, Reaching safepoint: 7300 ns, Cleanup: 10000 ns, At safepoint: 2300 ns, Total: 19600 ns
[7836.414s][info ][safepoint      ] Safepoint "Cleanup", Time since last: 25001802049 ns, Reaching safepoint: 6700 ns, Cleanup: 12900 ns, At safepoint: 2200 ns, Total: 21800 ns
[7863.429s][info ][safepoint      ] Safepoint "Cleanup", Time since last: 27014792390 ns, Reaching safepoint: 7200 ns, Cleanup: 10300 ns, At safepoint: 5900 ns, Total: 23400 ns
[7874.081s][info ][gc,start       ] GC(130) Pause Young (Allocation Failure)
[7874.084s][debug][gc,phases      ] GC(130) Scavenge 3.672ms
[7874.085s][debug][gc,ref         ] GC(130) ReferenceProcessor::execute queues: 1, RefProcThreadModel::Single, marks_oops_alive: false
[7874.085s][debug][gc,ref         ] GC(130) Skipped KeepAliveFinalRefsPhase of Reference Processing: no references
[7874.085s][debug][gc,ref         ] GC(130) ReferenceProcessor::execute queues: 1, RefProcThreadModel::Single, marks_oops_alive: false
[7874.085s][debug][gc,phases      ] GC(130) Reference Processing 0.196ms
[7874.085s][debug][gc,phases      ] GC(130)   VM Weak                        Min:  0.0, Avg:  0.0, Max:  0.0, Diff:  0.0, Sum:  0.0, Workers: 4
[7874.085s][debug][gc,phases      ] GC(130)     Dead                           Min: 0, Avg:  0.0, Max: 0, Diff: 0, Sum: 0, Workers: 4
[7874.085s][debug][gc,phases      ] GC(130)     Total                          Min: 0, Avg: 250.5, Max: 704, Diff: 704, Sum: 1002, Workers: 4
[7874.085s][debug][gc,phases      ] GC(130)   ObjectSynchronizer Weak        Min:  0.0, Avg:  0.0, Max:  0.0, Diff:  0.0, Sum:  0.0, Workers: 4
[7874.085s][debug][gc,phases      ] GC(130)     Dead                           Min: 0, Avg:  0.0, Max: 0, Diff: 0, Sum: 0, Workers: 4
[7874.085s][debug][gc,phases      ] GC(130)     Total                          Min: 0, Avg:  1.0, Max: 4, Diff: 4, Sum: 4, Workers: 4
[7874.085s][debug][gc,phases      ] GC(130)   JVMTI Tag Weak OopStorage      Min:  0.0, Avg:  0.0, Max:  0.0, Diff:  0.0, Sum:  0.0, Workers: 4
[7874.085s][debug][gc,phases      ] GC(130)     Dead                           Min: 0, Avg:  0.0, Max: 0, Diff: 0, Sum: 0, Workers: 4
[7874.085s][debug][gc,phases      ] GC(130)     Total                          Min: 0, Avg:  0.0, Max: 0, Diff: 0, Sum: 0, Workers: 4
[7874.085s][debug][gc,phases      ] GC(130)   StringTable Weak               Min:  0.1, Avg:  0.1, Max:  0.1, Diff:  0.0, Sum:  0.4, Workers: 4
[7874.085s][debug][gc,phases      ] GC(130)     Dead                           Min: 0, Avg:  0.0, Max: 0, Diff: 0, Sum: 0, Workers: 4
[7874.085s][debug][gc,phases      ] GC(130)     Total                          Min: 11839, Avg: 11967.0, Max: 12094, Diff: 255, Sum: 47868, Workers: 4
[7874.085s][debug][gc,phases      ] GC(130)   ResolvedMethodTable Weak       Min:  0.0, Avg:  0.0, Max:  0.0, Diff:  0.0, Sum:  0.2, Workers: 4
[7874.085s][debug][gc,phases      ] GC(130)     Dead                           Min: 0, Avg:  4.0, Max: 16, Diff: 16, Sum: 16, Workers: 4
[7874.085s][debug][gc,phases      ] GC(130)     Total                          Min: 3892, Avg: 3934.0, Max: 3975, Diff: 83, Sum: 15736, Workers: 4
[7874.085s][debug][gc,phases      ] GC(130)   JNI Weak                       Min:  0.0, Avg:  0.0, Max:  0.0, Diff:  0.0, Sum:  0.0, Workers: 4
[7874.085s][debug][gc,phases      ] GC(130)     Dead                           Min: 0, Avg:  0.0, Max: 0, Diff: 0, Sum: 0, Workers: 4
[7874.085s][debug][gc,phases      ] GC(130)     Total                          Min: 0, Avg: 13.0, Max: 52, Diff: 52, Sum: 52, Workers: 4
[7874.085s][debug][gc,phases      ] GC(130)   StringDedup Table Weak         Min:  0.0, Avg:  0.0, Max:  0.0, Diff:  0.0, Sum:  0.0, Workers: 4
[7874.085s][debug][gc,phases      ] GC(130)     Dead                           Min: 0, Avg:  0.0, Max: 0, Diff: 0, Sum: 0, Workers: 4
[7874.085s][debug][gc,phases      ] GC(130)     Total                          Min: 0, Avg:  0.0, Max: 0, Diff: 0, Sum: 0, Workers: 4
[7874.085s][debug][gc,phases      ] GC(130)   StringDedup Requests0 Weak     Min:  0.0, Avg:  0.0, Max:  0.0, Diff:  0.0, Sum:  0.0, Workers: 4
[7874.085s][debug][gc,phases      ] GC(130)     Dead                           Min: 0, Avg:  0.0, Max: 0, Diff: 0, Sum: 0, Workers: 4
[7874.085s][debug][gc,phases      ] GC(130)     Total                          Min: 0, Avg:  0.0, Max: 0, Diff: 0, Sum: 0, Workers: 4
[7874.085s][debug][gc,phases      ] GC(130)   StringDedup Requests1 Weak     Min:  0.0, Avg:  0.0, Max:  0.0, Diff:  0.0, Sum:  0.0, Workers: 4
[7874.085s][debug][gc,phases      ] GC(130)     Dead                           Min: 0, Avg:  0.0, Max: 0, Diff: 0, Sum: 0, Workers: 4
[7874.085s][debug][gc,phases      ] GC(130)     Total                          Min: 0, Avg:  0.0, Max: 0, Diff: 0, Sum: 0, Workers: 4
[7874.085s][debug][gc,phases      ] GC(130)   Weak JFR Old Object Samples    Min:  0.0, Avg:  0.0, Max:  0.0, Diff:  0.0, Sum:  0.0, Workers: 4
[7874.085s][debug][gc,phases      ] GC(130)     Dead                           Min: 0, Avg:  0.0, Max: 0, Diff: 0, Sum: 0, Workers: 4
[7874.085s][debug][gc,phases      ] GC(130)     Total                          Min: 0, Avg:  0.0, Max: 0, Diff: 0, Sum: 0, Workers: 4
[7874.085s][debug][gc,phases      ] GC(130) Weak Processing 0.334ms
[7874.085s][debug][gc,age         ] GC(130) Desired survivor size 7340032 bytes, new threshold 1 (max threshold 15)
[7874.085s][info ][gc,heap        ] GC(130) PSYoungGen: 2085232K(2089472K)->4633K(2089472K) Eden: 2081792K(2081792K)->0K(2081792K) From: 3440K(7680K)->4633K(7680K)
[7874.085s][info ][gc,heap        ] GC(130) ParOldGen: 655937K(656384K)->656585K(656896K)
[7874.085s][info ][gc,metaspace   ] GC(130) Metaspace: 111408K(112704K)->111408K(112704K) NonClass: 94826K(95552K)->94826K(95552K) Class: 16582K(17152K)->16582K(17152K)
[7874.085s][info ][gc             ] GC(130) Pause Young (Allocation Failure) 2676M->645M(2682M) 4.326ms
[7874.085s][info ][gc,cpu         ] GC(130) User=0.01s Sys=0.00s Real=0.01s
[7874.085s][info ][safepoint      ] Safepoint "ParallelGCFailedAllocation", Time since last: 10652010986 ns, Reaching safepoint: 5700 ns, Cleanup: 3800 ns, At safepoint: 4395889 ns, Total: 4405389 ns
[7889.086s][info ][safepoint      ] Safepoint "Cleanup", Time since last: 15001126553 ns, Reaching safepoint: 6400 ns, Cleanup: 11200 ns, At safepoint: 2400 ns, Total: 20000 ns
[7926.446s][info ][safepoint      ] Safepoint "Cleanup", Time since last: 37359704073 ns, Reaching safepoint: 5400 ns, Cleanup: 10200 ns, At safepoint: 2600 ns, Total: 18200 ns
[7929.446s][info ][safepoint      ] Safepoint "Cleanup", Time since last: 3000252080 ns, Reaching safepoint: 6200 ns, Cleanup: 10100 ns, At safepoint: 2700 ns, Total: 19000 ns
[7931.446s][info ][safepoint      ] Safepoint "Cleanup", Time since last: 2000179253 ns, Reaching safepoint: 6100 ns, Cleanup: 9700 ns, At safepoint: 2100 ns, Total: 17900 ns
[7945.447s][info ][safepoint      ] Safepoint "Cleanup", Time since last: 14000979506 ns, Reaching safepoint: 4600 ns, Cleanup: 11400 ns, At safepoint: 2000 ns, Total: 18000 ns
[7952.448s][info ][safepoint      ] Safepoint "Cleanup", Time since last: 7000492772 ns, Reaching safepoint: 4900 ns, Cleanup: 9000 ns, At safepoint: 2400 ns, Total: 16300 ns
[7959.448s][info ][gc,start       ] GC(131) Pause Young (Allocation Failure)
[7959.451s][debug][gc,phases      ] GC(131) Scavenge 3.253ms
[7959.451s][debug][gc,ref         ] GC(131) ReferenceProcessor::execute queues: 1, RefProcThreadModel::Single, marks_oops_alive: false
[7959.451s][debug][gc,ref         ] GC(131) Skipped KeepAliveFinalRefsPhase of Reference Processing: no references
[7959.451s][debug][gc,ref         ] GC(131) ReferenceProcessor::execute queues: 1, RefProcThreadModel::Single, marks_oops_alive: false
[7959.451s][debug][gc,phases      ] GC(131) Reference Processing 0.098ms
[7959.452s][debug][gc,phases      ] GC(131)   VM Weak                        Min:  0.0, Avg:  0.0, Max:  0.0, Diff:  0.0, Sum:  0.0, Workers: 4
[7959.452s][debug][gc,phases      ] GC(131)     Dead                           Min: 0, Avg:  0.0, Max: 0, Diff: 0, Sum: 0, Workers: 4
[7959.452s][debug][gc,phases      ] GC(131)     Total                          Min: 0, Avg: 250.5, Max: 704, Diff: 704, Sum: 1002, Workers: 4
[7959.452s][debug][gc,phases      ] GC(131)   ObjectSynchronizer Weak        Min:  0.0, Avg:  0.0, Max:  0.0, Diff:  0.0, Sum:  0.0, Workers: 4
[7959.452s][debug][gc,phases      ] GC(131)     Dead                           Min: 0, Avg:  0.0, Max: 0, Diff: 0, Sum: 0, Workers: 4
[7959.452s][debug][gc,phases      ] GC(131)     Total                          Min: 0, Avg:  1.0, Max: 4, Diff: 4, Sum: 4, Workers: 4
[7959.452s][debug][gc,phases      ] GC(131)   JVMTI Tag Weak OopStorage      Min:  0.0, Avg:  0.0, Max:  0.0, Diff:  0.0, Sum:  0.0, Workers: 4
[7959.452s][debug][gc,phases      ] GC(131)     Dead                           Min: 0, Avg:  0.0, Max: 0, Diff: 0, Sum: 0, Workers: 4
[7959.452s][debug][gc,phases      ] GC(131)     Total                          Min: 0, Avg:  0.0, Max: 0, Diff: 0, Sum: 0, Workers: 4
[7959.452s][debug][gc,phases      ] GC(131)   StringTable Weak               Min:  0.0, Avg:  0.1, Max:  0.1, Diff:  0.1, Sum:  0.4, Workers: 4
[7959.452s][debug][gc,phases      ] GC(131)     Dead                           Min: 0, Avg:  0.0, Max: 0, Diff: 0, Sum: 0, Workers: 4
[7959.452s][debug][gc,phases      ] GC(131)     Total                          Min: 0, Avg: 11967.0, Max: 20798, Diff: 20798, Sum: 47868, Workers: 4
[7959.452s][debug][gc,phases      ] GC(131)   ResolvedMethodTable Weak       Min:  0.0, Avg:  0.0, Max:  0.1, Diff:  0.1, Sum:  0.2, Workers: 4
[7959.452s][debug][gc,phases      ] GC(131)     Dead                           Min: 0, Avg:  4.0, Max: 16, Diff: 16, Sum: 16, Workers: 4
[7959.452s][debug][gc,phases      ] GC(131)     Total                          Min: 0, Avg: 3934.0, Max: 6362, Diff: 6362, Sum: 15736, Workers: 4
[7959.452s][debug][gc,phases      ] GC(131)   JNI Weak                       Min:  0.0, Avg:  0.0, Max:  0.0, Diff:  0.0, Sum:  0.0, Workers: 4
[7959.452s][debug][gc,phases      ] GC(131)     Dead                           Min: 0, Avg:  0.0, Max: 0, Diff: 0, Sum: 0, Workers: 4
[7959.452s][debug][gc,phases      ] GC(131)     Total                          Min: 0, Avg: 13.0, Max: 52, Diff: 52, Sum: 52, Workers: 4
[7959.452s][debug][gc,phases      ] GC(131)   StringDedup Table Weak         Min:  0.0, Avg:  0.0, Max:  0.0, Diff:  0.0, Sum:  0.0, Workers: 4
[7959.452s][debug][gc,phases      ] GC(131)     Dead                           Min: 0, Avg:  0.0, Max: 0, Diff: 0, Sum: 0, Workers: 4
[7959.452s][debug][gc,phases      ] GC(131)     Total                          Min: 0, Avg:  0.0, Max: 0, Diff: 0, Sum: 0, Workers: 4
[7959.452s][debug][gc,phases      ] GC(131)   StringDedup Requests0 Weak     Min:  0.0, Avg:  0.0, Max:  0.0, Diff:  0.0, Sum:  0.0, Workers: 4
[7959.452s][debug][gc,phases      ] GC(131)     Dead                           Min: 0, Avg:  0.0, Max: 0, Diff: 0, Sum: 0, Workers: 4
[7959.452s][debug][gc,phases      ] GC(131)     Total                          Min: 0, Avg:  0.0, Max: 0, Diff: 0, Sum: 0, Workers: 4
[7959.452s][debug][gc,phases      ] GC(131)   StringDedup Requests1 Weak     Min:  0.0, Avg:  0.0, Max:  0.0, Diff:  0.0, Sum:  0.0, Workers: 4
[7959.452s][debug][gc,phases      ] GC(131)     Dead                           Min: 0, Avg:  0.0, Max: 0, Diff: 0, Sum: 0, Workers: 4
[7959.452s][debug][gc,phases      ] GC(131)     Total                          Min: 0, Avg:  0.0, Max: 0, Diff: 0, Sum: 0, Workers: 4
[7959.452s][debug][gc,phases      ] GC(131)   Weak JFR Old Object Samples    Min:  0.0, Avg:  0.0, Max:  0.0, Diff:  0.0, Sum:  0.0, Workers: 4
[7959.452s][debug][gc,phases      ] GC(131)     Dead                           Min: 0, Avg:  0.0, Max: 0, Diff: 0, Sum: 0, Workers: 4
[7959.452s][debug][gc,phases      ] GC(131)     Total                          Min: 0, Avg:  0.0, Max: 0, Diff: 0, Sum: 0, Workers: 4
[7959.452s][debug][gc,phases      ] GC(131) Weak Processing 0.386ms
[7959.452s][debug][gc,age         ] GC(131) Desired survivor size 7340032 bytes, new threshold 1 (max threshold 15)
[7959.452s][info ][gc,heap        ] GC(131) PSYoungGen: 2086425K(2089472K)->3360K(2089984K) Eden: 2081792K(2081792K)->0K(2082816K) From: 4633K(7680K)->3360K(7168K)
[7959.452s][info ][gc,heap        ] GC(131) ParOldGen: 656585K(656896K)->657343K(657408K)
[7959.452s][info ][gc,metaspace   ] GC(131) Metaspace: 111408K(112704K)->111408K(112704K) NonClass: 94826K(95552K)->94826K(95552K) Class: 16582K(17152K)->16582K(17152K)
[7959.452s][info ][gc             ] GC(131) Pause Young (Allocation Failure) 2678M->645M(2683M) 3.834ms
[7959.452s][info ][gc,cpu         ] GC(131) User=0.01s Sys=0.01s Real=0.00s
[7959.452s][info ][safepoint      ] Safepoint "ParallelGCFailedAllocation", Time since last: 7000009025 ns, Reaching safepoint: 7200 ns, Cleanup: 4300 ns, At safepoint: 3893981 ns, Total: 3905481 ns
[7978.453s][info ][safepoint      ] Safepoint "Cleanup", Time since last: 19001307849 ns, Reaching safepoint: 4500 ns, Cleanup: 9300 ns, At safepoint: 2600 ns, Total: 16400 ns
[7979.453s][info ][safepoint      ] Safepoint "Cleanup", Time since last: 1000101644 ns, Reaching safepoint: 4800 ns, Cleanup: 14000 ns, At safepoint: 2000 ns, Total: 20800 ns
[7987.463s][info ][safepoint      ] Safepoint "Cleanup", Time since last: 8009931525 ns, Reaching safepoint: 5800 ns, Cleanup: 10700 ns, At safepoint: 2000 ns, Total: 18500 ns
[7991.464s][info ][safepoint      ] Safepoint "Cleanup", Time since last: 4000309461 ns, Reaching safepoint: 5600 ns, Cleanup: 12100 ns, At safepoint: 2300 ns, Total: 20000 ns
[8016.465s][info ][safepoint      ] Safepoint "Cleanup", Time since last: 25001871939 ns, Reaching safepoint: 6500 ns, Cleanup: 10400 ns, At safepoint: 2000 ns, Total: 18900 ns
[8019.466s][info ][safepoint      ] Safepoint "Cleanup", Time since last: 3000254994 ns, Reaching safepoint: 7200 ns, Cleanup: 16200 ns, At safepoint: 3200 ns, Total: 26600 ns
[8025.466s][info ][safepoint      ] Safepoint "Cleanup", Time since last: 6000475402 ns, Reaching safepoint: 6300 ns, Cleanup: 11900 ns, At safepoint: 1800 ns, Total: 20000 ns
[8026.466s][info ][safepoint      ] Safepoint "Cleanup", Time since last: 1000109216 ns, Reaching safepoint: 6200 ns, Cleanup: 11900 ns, At safepoint: 2100 ns, Total: 20200 ns
[8027.466s][info ][safepoint      ] Safepoint "Cleanup", Time since last: 1000120317 ns, Reaching safepoint: 7700 ns, Cleanup: 11300 ns, At safepoint: 2900 ns, Total: 21900 ns
[8028.467s][info ][safepoint      ] Safepoint "Cleanup", Time since last: 1000127516 ns, Reaching safepoint: 8700 ns, Cleanup: 13900 ns, At safepoint: 2800 ns, Total: 25400 ns
[8029.467s][info ][safepoint      ] Safepoint "Cleanup", Time since last: 1000119117 ns, Reaching safepoint: 6900 ns, Cleanup: 10000 ns, At safepoint: 2299 ns, Total: 19199 ns
[8031.467s][info ][safepoint      ] Safepoint "Cleanup", Time since last: 2000176695 ns, Reaching safepoint: 6600 ns, Cleanup: 11700 ns, At safepoint: 1900 ns, Total: 20200 ns
[8032.420s][info ][gc,start       ] GC(132) Pause Young (Allocation Failure)
[8032.427s][debug][gc,phases      ] GC(132) Scavenge 7.148ms
[8032.427s][debug][gc,ref         ] GC(132) ReferenceProcessor::execute queues: 1, RefProcThreadModel::Single, marks_oops_alive: false
[8032.427s][debug][gc,ref         ] GC(132) Skipped KeepAliveFinalRefsPhase of Reference Processing: no references
[8032.427s][debug][gc,ref         ] GC(132) ReferenceProcessor::execute queues: 1, RefProcThreadModel::Single, marks_oops_alive: false
[8032.427s][debug][gc,phases      ] GC(132) Reference Processing 0.101ms
[8032.427s][debug][gc,phases      ] GC(132)   VM Weak                        Min:  0.0, Avg:  0.0, Max:  0.0, Diff:  0.0, Sum:  0.0, Workers: 4
[8032.427s][debug][gc,phases      ] GC(132)     Dead                           Min: 0, Avg:  0.0, Max: 0, Diff: 0, Sum: 0, Workers: 4
[8032.427s][debug][gc,phases      ] GC(132)     Total                          Min: 0, Avg: 250.5, Max: 874, Diff: 874, Sum: 1002, Workers: 4
[8032.427s][debug][gc,phases      ] GC(132)   ObjectSynchronizer Weak        Min:  0.0, Avg:  0.0, Max:  0.0, Diff:  0.0, Sum:  0.0, Workers: 4
[8032.427s][debug][gc,phases      ] GC(132)     Dead                           Min: 0, Avg:  0.0, Max: 0, Diff: 0, Sum: 0, Workers: 4
[8032.427s][debug][gc,phases      ] GC(132)     Total                          Min: 0, Avg:  1.2, Max: 5, Diff: 5, Sum: 5, Workers: 4
[8032.427s][debug][gc,phases      ] GC(132)   JVMTI Tag Weak OopStorage      Min:  0.0, Avg:  0.0, Max:  0.0, Diff:  0.0, Sum:  0.0, Workers: 4
[8032.427s][debug][gc,phases      ] GC(132)     Dead                           Min: 0, Avg:  0.0, Max: 0, Diff: 0, Sum: 0, Workers: 4
[8032.427s][debug][gc,phases      ] GC(132)     Total                          Min: 0, Avg:  0.0, Max: 0, Diff: 0, Sum: 0, Workers: 4
[8032.427s][debug][gc,phases      ] GC(132)   StringTable Weak               Min:  0.0, Avg:  0.1, Max:  0.1, Diff:  0.1, Sum:  0.4, Workers: 4
[8032.427s][debug][gc,phases      ] GC(132)     Dead                           Min: 0, Avg:  0.0, Max: 0, Diff: 0, Sum: 0, Workers: 4
[8032.427s][debug][gc,phases      ] GC(132)     Total                          Min: 0, Avg: 11967.5, Max: 20734, Diff: 20734, Sum: 47870, Workers: 4
[8032.427s][debug][gc,phases      ] GC(132)   ResolvedMethodTable Weak       Min:  0.0, Avg:  0.0, Max:  0.0, Diff:  0.0, Sum:  0.1, Workers: 4
[8032.427s][debug][gc,phases      ] GC(132)     Dead                           Min: 0, Avg:  4.2, Max: 17, Diff: 17, Sum: 17, Workers: 4
[8032.427s][debug][gc,phases      ] GC(132)     Total                          Min: 0, Avg: 3934.5, Max: 6730, Diff: 6730, Sum: 15738, Workers: 4
[8032.427s][debug][gc,phases      ] GC(132)   JNI Weak                       Min:  0.0, Avg:  0.0, Max:  0.0, Diff:  0.0, Sum:  0.0, Workers: 4
[8032.427s][debug][gc,phases      ] GC(132)     Dead                           Min: 0, Avg:  0.0, Max: 0, Diff: 0, Sum: 0, Workers: 4
[8032.427s][debug][gc,phases      ] GC(132)     Total                          Min: 0, Avg: 13.0, Max: 52, Diff: 52, Sum: 52, Workers: 4
[8032.427s][debug][gc,phases      ] GC(132)   StringDedup Table Weak         Min:  0.0, Avg:  0.0, Max:  0.0, Diff:  0.0, Sum:  0.0, Workers: 4
[8032.427s][debug][gc,phases      ] GC(132)     Dead                           Min: 0, Avg:  0.0, Max: 0, Diff: 0, Sum: 0, Workers: 4
[8032.427s][debug][gc,phases      ] GC(132)     Total                          Min: 0, Avg:  0.0, Max: 0, Diff: 0, Sum: 0, Workers: 4
[8032.428s][debug][gc,phases      ] GC(132)   StringDedup Requests0 Weak     Min:  0.0, Avg:  0.0, Max:  0.0, Diff:  0.0, Sum:  0.0, Workers: 4
[8032.428s][debug][gc,phases      ] GC(132)     Dead                           Min: 0, Avg:  0.0, Max: 0, Diff: 0, Sum: 0, Workers: 4
[8032.428s][debug][gc,phases      ] GC(132)     Total                          Min: 0, Avg:  0.0, Max: 0, Diff: 0, Sum: 0, Workers: 4
[8032.428s][debug][gc,phases      ] GC(132)   StringDedup Requests1 Weak     Min:  0.0, Avg:  0.0, Max:  0.0, Diff:  0.0, Sum:  0.0, Workers: 4
[8032.428s][debug][gc,phases      ] GC(132)     Dead                           Min: 0, Avg:  0.0, Max: 0, Diff: 0, Sum: 0, Workers: 4
[8032.428s][debug][gc,phases      ] GC(132)     Total                          Min: 0, Avg:  0.0, Max: 0, Diff: 0, Sum: 0, Workers: 4
[8032.428s][debug][gc,phases      ] GC(132)   Weak JFR Old Object Samples    Min:  0.0, Avg:  0.0, Max:  0.0, Diff:  0.0, Sum:  0.0, Workers: 4
[8032.428s][debug][gc,phases      ] GC(132)     Dead                           Min: 0, Avg:  0.0, Max: 0, Diff: 0, Sum: 0, Workers: 4
[8032.428s][debug][gc,phases      ] GC(132)     Total                          Min: 0, Avg:  0.0, Max: 0, Diff: 0, Sum: 0, Workers: 4
[8032.428s][debug][gc,phases      ] GC(132) Weak Processing 0.355ms
[8032.428s][debug][gc,age         ] GC(132) Desired survivor size 9437184 bytes, new threshold 1 (max threshold 15)
[8032.428s][info ][gc,heap        ] GC(132) PSYoungGen: 2086176K(2089984K)->7153K(2089984K) Eden: 2082816K(2082816K)->0K(2082816K) From: 3360K(7168K)->7153K(7168K)
[8032.428s][info ][gc,heap        ] GC(132) ParOldGen: 657343K(657408K)->660963K(660992K)
[8032.428s][info ][gc,metaspace   ] GC(132) Metaspace: 111424K(112704K)->111424K(112704K) NonClass: 94841K(95552K)->94841K(95552K) Class: 16582K(17152K)->16582K(17152K)
[8032.428s][info ][gc             ] GC(132) Pause Young (Allocation Failure) 2679M->652M(2686M) 7.752ms
[8032.428s][info ][gc,cpu         ] GC(132) User=0.02s Sys=0.00s Real=0.01s
[8032.428s][info ][safepoint      ] Safepoint "ParallelGCFailedAllocation", Time since last: 952761498 ns, Reaching safepoint: 79999 ns, Cleanup: 3800 ns, At safepoint: 7823663 ns, Total: 7907462 ns
[8035.428s][info ][safepoint      ] Safepoint "Cleanup", Time since last: 3000225624 ns, Reaching safepoint: 6800 ns, Cleanup: 10200 ns, At safepoint: 1800 ns, Total: 18800 ns
[8036.428s][info ][safepoint      ] Safepoint "Cleanup", Time since last: 1000103375 ns, Reaching safepoint: 5400 ns, Cleanup: 10100 ns, At safepoint: 1800 ns, Total: 17300 ns
[8037.428s][info ][safepoint      ] Safepoint "Cleanup", Time since last: 1000096174 ns, Reaching safepoint: 6200 ns, Cleanup: 9500 ns, At safepoint: 2000 ns, Total: 17700 ns
[8041.429s][info ][safepoint      ] Safepoint "Cleanup", Time since last: 4000327573 ns, Reaching safepoint: 79199 ns, Cleanup: 18500 ns, At safepoint: 7000 ns, Total: 104699 ns
[8043.481s][info ][safepoint      ] Safepoint "Cleanup", Time since last: 2051918581 ns, Reaching safepoint: 78900 ns, Cleanup: 10200 ns, At safepoint: 5200 ns, Total: 94300 ns
[8046.481s][info ][safepoint      ] Safepoint "Cleanup", Time since last: 3000252253 ns, Reaching safepoint: 5500 ns, Cleanup: 13200 ns, At safepoint: 2100 ns, Total: 20800 ns
[8047.481s][info ][safepoint      ] Safepoint "Cleanup", Time since last: 1000114602 ns, Reaching safepoint: 6700 ns, Cleanup: 10600 ns, At safepoint: 2100 ns, Total: 19400 ns
[8048.481s][info ][safepoint      ] Safepoint "Cleanup", Time since last: 1000107200 ns, Reaching safepoint: 6200 ns, Cleanup: 13000 ns, At safepoint: 1700 ns, Total: 20900 ns
[8049.481s][info ][safepoint      ] Safepoint "Cleanup", Time since last: 1000111300 ns, Reaching safepoint: 6500 ns, Cleanup: 19000 ns, At safepoint: 2100 ns, Total: 27600 ns
[8050.481s][info ][safepoint      ] Safepoint "Cleanup", Time since last: 1000111401 ns, Reaching safepoint: 6000 ns, Cleanup: 14500 ns, At safepoint: 1800 ns, Total: 22300 ns
[8051.873s][info ][safepoint      ] Safepoint "Cleanup", Time since last: 1391139423 ns, Reaching safepoint: 80300 ns, Cleanup: 17400 ns, At safepoint: 10200 ns, Total: 107900 ns
[8054.873s][info ][safepoint      ] Safepoint "Cleanup", Time since last: 3000269250 ns, Reaching safepoint: 81799 ns, Cleanup: 11600 ns, At safepoint: 7500 ns, Total: 100899 ns
[8055.873s][info ][safepoint      ] Safepoint "Cleanup", Time since last: 1000121491 ns, Reaching safepoint: 78099 ns, Cleanup: 26500 ns, At safepoint: 5800 ns, Total: 110399 ns
[8056.122s][info ][gc,start       ] GC(133) Pause Young (Allocation Failure)
[8056.140s][debug][gc,phases      ] GC(133) Scavenge 18.255ms
[8056.140s][debug][gc,ref         ] GC(133) ReferenceProcessor::execute queues: 1, RefProcThreadModel::Single, marks_oops_alive: false
[8056.140s][debug][gc,ref         ] GC(133) Skipped KeepAliveFinalRefsPhase of Reference Processing: no references
[8056.140s][debug][gc,ref         ] GC(133) ReferenceProcessor::execute queues: 1, RefProcThreadModel::Single, marks_oops_alive: false
[8056.140s][debug][gc,phases      ] GC(133) Reference Processing 0.100ms
[8056.140s][debug][gc,phases      ] GC(133)   VM Weak                        Min:  0.0, Avg:  0.0, Max:  0.0, Diff:  0.0, Sum:  0.0, Workers: 4
[8056.141s][debug][gc,phases      ] GC(133)     Dead                           Min: 0, Avg:  0.0, Max: 0, Diff: 0, Sum: 0, Workers: 4
[8056.141s][debug][gc,phases      ] GC(133)     Total                          Min: 0, Avg: 250.5, Max: 832, Diff: 832, Sum: 1002, Workers: 4
[8056.141s][debug][gc,phases      ] GC(133)   ObjectSynchronizer Weak        Min:  0.0, Avg:  0.0, Max:  0.0, Diff:  0.0, Sum:  0.0, Workers: 4
[8056.141s][debug][gc,phases      ] GC(133)     Dead                           Min: 0, Avg:  0.0, Max: 0, Diff: 0, Sum: 0, Workers: 4
[8056.141s][debug][gc,phases      ] GC(133)     Total                          Min: 0, Avg:  1.2, Max: 5, Diff: 5, Sum: 5, Workers: 4
[8056.141s][debug][gc,phases      ] GC(133)   JVMTI Tag Weak OopStorage      Min:  0.0, Avg:  0.0, Max:  0.0, Diff:  0.0, Sum:  0.0, Workers: 4
[8056.141s][debug][gc,phases      ] GC(133)     Dead                           Min: 0, Avg:  0.0, Max: 0, Diff: 0, Sum: 0, Workers: 4
[8056.141s][debug][gc,phases      ] GC(133)     Total                          Min: 0, Avg:  0.0, Max: 0, Diff: 0, Sum: 0, Workers: 4
[8056.141s][debug][gc,phases      ] GC(133)   StringTable Weak               Min:  0.0, Avg:  0.1, Max:  0.1, Diff:  0.1, Sum:  0.4, Workers: 4
[8056.141s][debug][gc,phases      ] GC(133)     Dead                           Min: 0, Avg:  0.2, Max: 1, Diff: 1, Sum: 1, Workers: 4
[8056.141s][debug][gc,phases      ] GC(133)     Total                          Min: 0, Avg: 11968.5, Max: 21891, Diff: 21891, Sum: 47874, Workers: 4
[8056.141s][debug][gc,phases      ] GC(133)   ResolvedMethodTable Weak       Min:  0.0, Avg:  0.0, Max:  0.0, Diff:  0.0, Sum:  0.1, Workers: 4
[8056.141s][debug][gc,phases      ] GC(133)     Dead                           Min: 0, Avg:  4.2, Max: 16, Diff: 16, Sum: 17, Workers: 4
[8056.141s][debug][gc,phases      ] GC(133)     Total                          Min: 0, Avg: 3935.5, Max: 6760, Diff: 6760, Sum: 15742, Workers: 4
[8056.141s][debug][gc,phases      ] GC(133)   JNI Weak                       Min:  0.0, Avg:  0.0, Max:  0.0, Diff:  0.0, Sum:  0.0, Workers: 4
[8056.141s][debug][gc,phases      ] GC(133)     Dead                           Min: 0, Avg:  0.0, Max: 0, Diff: 0, Sum: 0, Workers: 4
[8056.141s][debug][gc,phases      ] GC(133)     Total                          Min: 0, Avg: 13.0, Max: 52, Diff: 52, Sum: 52, Workers: 4
[8056.141s][debug][gc,phases      ] GC(133)   StringDedup Table Weak         Min:  0.0, Avg:  0.0, Max:  0.0, Diff:  0.0, Sum:  0.0, Workers: 4
[8056.141s][debug][gc,phases      ] GC(133)     Dead                           Min: 0, Avg:  0.0, Max: 0, Diff: 0, Sum: 0, Workers: 4
[8056.141s][debug][gc,phases      ] GC(133)     Total                          Min: 0, Avg:  0.0, Max: 0, Diff: 0, Sum: 0, Workers: 4
[8056.141s][debug][gc,phases      ] GC(133)   StringDedup Requests0 Weak     Min:  0.0, Avg:  0.0, Max:  0.0, Diff:  0.0, Sum:  0.0, Workers: 4
[8056.141s][debug][gc,phases      ] GC(133)     Dead                           Min: 0, Avg:  0.0, Max: 0, Diff: 0, Sum: 0, Workers: 4
[8056.141s][debug][gc,phases      ] GC(133)     Total                          Min: 0, Avg:  0.0, Max: 0, Diff: 0, Sum: 0, Workers: 4
[8056.141s][debug][gc,phases      ] GC(133)   StringDedup Requests1 Weak     Min:  0.0, Avg:  0.0, Max:  0.0, Diff:  0.0, Sum:  0.0, Workers: 4
[8056.141s][debug][gc,phases      ] GC(133)     Dead                           Min: 0, Avg:  0.0, Max: 0, Diff: 0, Sum: 0, Workers: 4
[8056.141s][debug][gc,phases      ] GC(133)     Total                          Min: 0, Avg:  0.0, Max: 0, Diff: 0, Sum: 0, Workers: 4
[8056.141s][debug][gc,phases      ] GC(133)   Weak JFR Old Object Samples    Min:  0.0, Avg:  0.0, Max:  0.0, Diff:  0.0, Sum:  0.0, Workers: 4
[8056.141s][debug][gc,phases      ] GC(133)     Dead                           Min: 0, Avg:  0.0, Max: 0, Diff: 0, Sum: 0, Workers: 4
[8056.141s][debug][gc,phases      ] GC(133)     Total                          Min: 0, Avg:  0.0, Max: 0, Diff: 0, Sum: 0, Workers: 4
[8056.141s][debug][gc,phases      ] GC(133) Weak Processing 0.376ms
[8056.141s][debug][gc,age         ] GC(133) Desired survivor size 20971520 bytes, new threshold 1 (max threshold 15)
[8056.141s][info ][gc,heap        ] GC(133) PSYoungGen: 2089969K(2089984K)->7136K(2063360K) Eden: 2082816K(2082816K)->0K(2056192K) From: 7153K(7168K)->7136K(7168K)
[8056.141s][info ][gc,heap        ] GC(133) ParOldGen: 660963K(660992K)->689650K(689664K)
[8056.141s][info ][gc,metaspace   ] GC(133) Metaspace: 111436K(112768K)->111436K(112768K) NonClass: 94852K(95616K)->94852K(95616K) Class: 16584K(17152K)->16584K(17152K)
[8056.141s][info ][gc             ] GC(133) Pause Young (Allocation Failure) 2686M->680M(2688M) 18.854ms
[8056.141s][info ][gc,cpu         ] GC(133) User=0.05s Sys=0.02s Real=0.02s
[8056.141s][info ][safepoint      ] Safepoint "ParallelGCFailedAllocation", Time since last: 248510207 ns, Reaching safepoint: 77199 ns, Cleanup: 8600 ns, At safepoint: 18930194 ns, Total: 19015993 ns
[8058.141s][info ][safepoint      ] Safepoint "Cleanup", Time since last: 2000160582 ns, Reaching safepoint: 6600 ns, Cleanup: 15300 ns, At safepoint: 2000 ns, Total: 23900 ns
[8059.141s][info ][safepoint      ] Safepoint "Cleanup", Time since last: 1000111191 ns, Reaching safepoint: 6499 ns, Cleanup: 13600 ns, At safepoint: 2300 ns, Total: 22399 ns
[8062.141s][info ][safepoint      ] Safepoint "Cleanup", Time since last: 3000244600 ns, Reaching safepoint: 7300 ns, Cleanup: 9300 ns, At safepoint: 2200 ns, Total: 18800 ns
[8063.141s][info ][safepoint      ] Safepoint "Cleanup", Time since last: 1000112017 ns, Reaching safepoint: 6900 ns, Cleanup: 9900 ns, At safepoint: 2300 ns, Total: 19100 ns
[8064.142s][info ][safepoint      ] Safepoint "Cleanup", Time since last: 1000124201 ns, Reaching safepoint: 7300 ns, Cleanup: 8300 ns, At safepoint: 5100 ns, Total: 20700 ns
[8065.142s][info ][safepoint      ] Safepoint "Cleanup", Time since last: 1000104601 ns, Reaching safepoint: 7400 ns, Cleanup: 11400 ns, At safepoint: 3000 ns, Total: 21800 ns
[8066.142s][info ][safepoint      ] Safepoint "Cleanup", Time since last: 1000129402 ns, Reaching safepoint: 6900 ns, Cleanup: 16600 ns, At safepoint: 2100 ns, Total: 25600 ns
[8067.142s][info ][safepoint      ] Safepoint "Cleanup", Time since last: 1000110101 ns, Reaching safepoint: 7300 ns, Cleanup: 14100 ns, At safepoint: 2400 ns, Total: 23800 ns
[8068.142s][info ][safepoint      ] Safepoint "Cleanup", Time since last: 1000109701 ns, Reaching safepoint: 7900 ns, Cleanup: 11100 ns, At safepoint: 2300 ns, Total: 21300 ns
[8071.142s][info ][safepoint      ] Safepoint "Cleanup", Time since last: 3000261045 ns, Reaching safepoint: 8400 ns, Cleanup: 13200 ns, At safepoint: 2400 ns, Total: 24000 ns
[8073.143s][info ][safepoint      ] Safepoint "Cleanup", Time since last: 2000176098 ns, Reaching safepoint: 7800 ns, Cleanup: 11300 ns, At safepoint: 2300 ns, Total: 21400 ns
[8075.143s][info ][safepoint      ] Safepoint "Cleanup", Time since last: 2000215254 ns, Reaching safepoint: 9700 ns, Cleanup: 16000 ns, At safepoint: 2800 ns, Total: 28500 ns
[8077.072s][info ][gc,start       ] GC(134) Pause Young (Allocation Failure)
[8077.087s][debug][gc,phases      ] GC(134) Scavenge 15.270ms
[8077.087s][debug][gc,ref         ] GC(134) ReferenceProcessor::execute queues: 1, RefProcThreadModel::Single, marks_oops_alive: false
[8077.087s][debug][gc,ref         ] GC(134) Skipped KeepAliveFinalRefsPhase of Reference Processing: no references
[8077.087s][debug][gc,ref         ] GC(134) ReferenceProcessor::execute queues: 1, RefProcThreadModel::Single, marks_oops_alive: false
[8077.087s][debug][gc,phases      ] GC(134) Reference Processing 0.098ms
[8077.088s][debug][gc,phases      ] GC(134)   VM Weak                        Min:  0.0, Avg:  0.0, Max:  0.0, Diff:  0.0, Sum:  0.0, Workers: 4
[8077.088s][debug][gc,phases      ] GC(134)     Dead                           Min: 0, Avg:  0.0, Max: 0, Diff: 0, Sum: 0, Workers: 4
[8077.088s][debug][gc,phases      ] GC(134)     Total                          Min: 0, Avg: 250.5, Max: 448, Diff: 448, Sum: 1002, Workers: 4
[8077.088s][debug][gc,phases      ] GC(134)   ObjectSynchronizer Weak        Min:  0.0, Avg:  0.0, Max:  0.0, Diff:  0.0, Sum:  0.0, Workers: 4
[8077.088s][debug][gc,phases      ] GC(134)     Dead                           Min: 0, Avg:  0.0, Max: 0, Diff: 0, Sum: 0, Workers: 4
[8077.088s][debug][gc,phases      ] GC(134)     Total                          Min: 0, Avg:  1.2, Max: 5, Diff: 5, Sum: 5, Workers: 4
[8077.088s][debug][gc,phases      ] GC(134)   JVMTI Tag Weak OopStorage      Min:  0.0, Avg:  0.0, Max:  0.0, Diff:  0.0, Sum:  0.0, Workers: 4
[8077.088s][debug][gc,phases      ] GC(134)     Dead                           Min: 0, Avg:  0.0, Max: 0, Diff: 0, Sum: 0, Workers: 4
[8077.088s][debug][gc,phases      ] GC(134)     Total                          Min: 0, Avg:  0.0, Max: 0, Diff: 0, Sum: 0, Workers: 4
[8077.088s][debug][gc,phases      ] GC(134)   StringTable Weak               Min:  0.0, Avg:  0.1, Max:  0.1, Diff:  0.1, Sum:  0.4, Workers: 4
[8077.088s][debug][gc,phases      ] GC(134)     Dead                           Min: 0, Avg:  0.2, Max: 1, Diff: 1, Sum: 1, Workers: 4
[8077.088s][debug][gc,phases      ] GC(134)     Total                          Min: 0, Avg: 11970.2, Max: 19594, Diff: 19594, Sum: 47881, Workers: 4
[8077.088s][debug][gc,phases      ] GC(134)   ResolvedMethodTable Weak       Min:  0.0, Avg:  0.0, Max:  0.0, Diff:  0.0, Sum:  0.1, Workers: 4
[8077.088s][debug][gc,phases      ] GC(134)     Dead                           Min: 0, Avg:  4.2, Max: 16, Diff: 16, Sum: 17, Workers: 4
[8077.088s][debug][gc,phases      ] GC(134)     Total                          Min: 0, Avg: 3936.0, Max: 6348, Diff: 6348, Sum: 15744, Workers: 4
[8077.088s][debug][gc,phases      ] GC(134)   JNI Weak                       Min:  0.0, Avg:  0.0, Max:  0.0, Diff:  0.0, Sum:  0.0, Workers: 4
[8077.088s][debug][gc,phases      ] GC(134)     Dead                           Min: 0, Avg:  0.0, Max: 0, Diff: 0, Sum: 0, Workers: 4
[8077.088s][debug][gc,phases      ] GC(134)     Total                          Min: 0, Avg: 13.0, Max: 52, Diff: 52, Sum: 52, Workers: 4
[8077.088s][debug][gc,phases      ] GC(134)   StringDedup Table Weak         Min:  0.0, Avg:  0.0, Max:  0.0, Diff:  0.0, Sum:  0.0, Workers: 4
[8077.088s][debug][gc,phases      ] GC(134)     Dead                           Min: 0, Avg:  0.0, Max: 0, Diff: 0, Sum: 0, Workers: 4
[8077.088s][debug][gc,phases      ] GC(134)     Total                          Min: 0, Avg:  0.0, Max: 0, Diff: 0, Sum: 0, Workers: 4
[8077.088s][debug][gc,phases      ] GC(134)   StringDedup Requests0 Weak     Min:  0.0, Avg:  0.0, Max:  0.0, Diff:  0.0, Sum:  0.0, Workers: 4
[8077.088s][debug][gc,phases      ] GC(134)     Dead                           Min: 0, Avg:  0.0, Max: 0, Diff: 0, Sum: 0, Workers: 4
[8077.088s][debug][gc,phases      ] GC(134)     Total                          Min: 0, Avg:  0.0, Max: 0, Diff: 0, Sum: 0, Workers: 4
[8077.088s][debug][gc,phases      ] GC(134)   StringDedup Requests1 Weak     Min:  0.0, Avg:  0.0, Max:  0.0, Diff:  0.0, Sum:  0.0, Workers: 4
[8077.088s][debug][gc,phases      ] GC(134)     Dead                           Min: 0, Avg:  0.0, Max: 0, Diff: 0, Sum: 0, Workers: 4
[8077.088s][debug][gc,phases      ] GC(134)     Total                          Min: 0, Avg:  0.0, Max: 0, Diff: 0, Sum: 0, Workers: 4
[8077.088s][debug][gc,phases      ] GC(134)   Weak JFR Old Object Samples    Min:  0.0, Avg:  0.0, Max:  0.0, Diff:  0.0, Sum:  0.0, Workers: 4
[8077.088s][debug][gc,phases      ] GC(134)     Dead                           Min: 0, Avg:  0.0, Max: 0, Diff: 0, Sum: 0, Workers: 4
[8077.088s][debug][gc,phases      ] GC(134)     Total                          Min: 0, Avg:  0.0, Max: 0, Diff: 0, Sum: 0, Workers: 4
[8077.088s][debug][gc,phases      ] GC(134) Weak Processing 0.370ms
[8077.088s][debug][gc,age         ] GC(134) Desired survivor size 30932992 bytes, new threshold 1 (max threshold 15)
[8077.088s][info ][gc,heap        ] GC(134) PSYoungGen: 2063328K(2063360K)->20464K(2076672K) Eden: 2056192K(2056192K)->0K(2056192K) From: 7136K(7168K)->20464K(20480K)
[8077.088s][info ][gc,heap        ] GC(134) ParOldGen: 689650K(689664K)->707154K(707584K)
[8077.088s][info ][gc,metaspace   ] GC(134) Metaspace: 111456K(112768K)->111456K(112768K) NonClass: 94871K(95616K)->94871K(95616K) Class: 16584K(17152K)->16584K(17152K)
[8077.088s][info ][gc             ] GC(134) Pause Young (Allocation Failure) 2688M->710M(2719M) 15.866ms
[8077.088s][info ][gc,cpu         ] GC(134) User=0.05s Sys=0.02s Real=0.02s
[8077.088s][info ][safepoint      ] Safepoint "ParallelGCFailedAllocation", Time since last: 1928838713 ns, Reaching safepoint: 81400 ns, Cleanup: 11400 ns, At safepoint: 16101119 ns, Total: 16193919 ns
[8078.088s][info ][safepoint      ] Safepoint "Cleanup", Time since last: 1000104277 ns, Reaching safepoint: 7100 ns, Cleanup: 20900 ns, At safepoint: 2100 ns, Total: 30100 ns
[8079.088s][info ][safepoint      ] Safepoint "Cleanup", Time since last: 1000112601 ns, Reaching safepoint: 6900 ns, Cleanup: 10300 ns, At safepoint: 2400 ns, Total: 19600 ns
[8080.088s][info ][safepoint      ] Safepoint "Cleanup", Time since last: 1000112924 ns, Reaching safepoint: 7100 ns, Cleanup: 12900 ns, At safepoint: 2700 ns, Total: 22700 ns
[8081.088s][info ][safepoint      ] Safepoint "Cleanup", Time since last: 1000122624 ns, Reaching safepoint: 7500 ns, Cleanup: 9700 ns, At safepoint: 2400 ns, Total: 19600 ns
[8082.089s][info ][safepoint      ] Safepoint "Cleanup", Time since last: 1000132424 ns, Reaching safepoint: 5900 ns, Cleanup: 9800 ns, At safepoint: 2500 ns, Total: 18200 ns
[8086.089s][info ][safepoint      ] Safepoint "Cleanup", Time since last: 4000326696 ns, Reaching safepoint: 6800 ns, Cleanup: 11000 ns, At safepoint: 2100 ns, Total: 19900 ns
[8087.089s][info ][safepoint      ] Safepoint "Cleanup", Time since last: 1000101562 ns, Reaching safepoint: 6300 ns, Cleanup: 20000 ns, At safepoint: 2700 ns, Total: 29000 ns
[8090.089s][info ][safepoint      ] Safepoint "Cleanup", Time since last: 3000247473 ns, Reaching safepoint: 8100 ns, Cleanup: 16100 ns, At safepoint: 2900 ns, Total: 27100 ns
[8091.090s][info ][safepoint      ] Safepoint "Cleanup", Time since last: 1000135091 ns, Reaching safepoint: 7000 ns, Cleanup: 16500 ns, At safepoint: 2600 ns, Total: 26100 ns
[8092.090s][info ][safepoint      ] Safepoint "Cleanup", Time since last: 1000110023 ns, Reaching safepoint: 6800 ns, Cleanup: 12999 ns, At safepoint: 2500 ns, Total: 22299 ns
[8093.090s][info ][safepoint      ] Safepoint "Cleanup", Time since last: 1000107850 ns, Reaching safepoint: 7400 ns, Cleanup: 25500 ns, At safepoint: 3200 ns, Total: 36100 ns
[8094.090s][info ][safepoint      ] Safepoint "Cleanup", Time since last: 1000122649 ns, Reaching safepoint: 7900 ns, Cleanup: 19300 ns, At safepoint: 2500 ns, Total: 29700 ns
[8096.090s][info ][safepoint      ] Safepoint "Cleanup", Time since last: 2000190157 ns, Reaching safepoint: 7400 ns, Cleanup: 10700 ns, At safepoint: 1800 ns, Total: 19900 ns
[8097.090s][info ][safepoint      ] Safepoint "Cleanup", Time since last: 1000101433 ns, Reaching safepoint: 8299 ns, Cleanup: 11200 ns, At safepoint: 3300 ns, Total: 22799 ns
[8098.090s][info ][safepoint      ] Safepoint "Cleanup", Time since last: 1000118733 ns, Reaching safepoint: 7400 ns, Cleanup: 11100 ns, At safepoint: 2200 ns, Total: 20700 ns
[8098.371s][info ][gc,start       ] GC(135) Pause Young (Allocation Failure)
[8098.388s][debug][gc,phases      ] GC(135) Scavenge 16.864ms
[8098.388s][debug][gc,ref         ] GC(135) Skipped SoftWeakFinalRefsPhase of Reference Processing: no references
[8098.388s][debug][gc,ref         ] GC(135) Skipped KeepAliveFinalRefsPhase of Reference Processing: no references
[8098.388s][debug][gc,ref         ] GC(135) Skipped PhantomRefsPhase of Reference Processing: no references
[8098.388s][debug][gc,phases      ] GC(135) Reference Processing 0.020ms
[8098.388s][debug][gc,phases      ] GC(135)   VM Weak                        Min:  0.0, Avg:  0.0, Max:  0.0, Diff:  0.0, Sum:  0.0, Workers: 4
[8098.388s][debug][gc,phases      ] GC(135)     Dead                           Min: 0, Avg:  0.0, Max: 0, Diff: 0, Sum: 0, Workers: 4
[8098.388s][debug][gc,phases      ] GC(135)     Total                          Min: 0, Avg: 250.5, Max: 618, Diff: 618, Sum: 1002, Workers: 4
[8098.388s][debug][gc,phases      ] GC(135)   ObjectSynchronizer Weak        Min:  0.0, Avg:  0.0, Max:  0.0, Diff:  0.0, Sum:  0.0, Workers: 4
[8098.388s][debug][gc,phases      ] GC(135)     Dead                           Min: 0, Avg:  0.0, Max: 0, Diff: 0, Sum: 0, Workers: 4
[8098.388s][debug][gc,phases      ] GC(135)     Total                          Min: 0, Avg:  1.2, Max: 5, Diff: 5, Sum: 5, Workers: 4
[8098.388s][debug][gc,phases      ] GC(135)   JVMTI Tag Weak OopStorage      Min:  0.0, Avg:  0.0, Max:  0.0, Diff:  0.0, Sum:  0.0, Workers: 4
[8098.388s][debug][gc,phases      ] GC(135)     Dead                           Min: 0, Avg:  0.0, Max: 0, Diff: 0, Sum: 0, Workers: 4
[8098.388s][debug][gc,phases      ] GC(135)     Total                          Min: 0, Avg:  0.0, Max: 0, Diff: 0, Sum: 0, Workers: 4
[8098.388s][debug][gc,phases      ] GC(135)   StringTable Weak               Min:  0.0, Avg:  0.1, Max:  0.1, Diff:  0.1, Sum:  0.4, Workers: 4
[8098.388s][debug][gc,phases      ] GC(135)     Dead                           Min: 0, Avg:  0.0, Max: 0, Diff: 0, Sum: 0, Workers: 4
[8098.388s][debug][gc,phases      ] GC(135)     Total                          Min: 0, Avg: 11971.0, Max: 20607, Diff: 20607, Sum: 47884, Workers: 4
[8098.388s][debug][gc,phases      ] GC(135)   ResolvedMethodTable Weak       Min:  0.0, Avg:  0.0, Max:  0.0, Diff:  0.0, Sum:  0.1, Workers: 4
[8098.388s][debug][gc,phases      ] GC(135)     Dead                           Min: 0, Avg:  4.0, Max: 16, Diff: 16, Sum: 16, Workers: 4
[8098.388s][debug][gc,phases      ] GC(135)     Total                          Min: 0, Avg: 3936.0, Max: 6592, Diff: 6592, Sum: 15744, Workers: 4
[8098.388s][debug][gc,phases      ] GC(135)   JNI Weak                       Min:  0.0, Avg:  0.0, Max:  0.0, Diff:  0.0, Sum:  0.0, Workers: 4
[8098.388s][debug][gc,phases      ] GC(135)     Dead                           Min: 0, Avg:  0.0, Max: 0, Diff: 0, Sum: 0, Workers: 4
[8098.388s][debug][gc,phases      ] GC(135)     Total                          Min: 0, Avg: 13.0, Max: 52, Diff: 52, Sum: 52, Workers: 4
[8098.388s][debug][gc,phases      ] GC(135)   StringDedup Table Weak         Min:  0.0, Avg:  0.0, Max:  0.0, Diff:  0.0, Sum:  0.0, Workers: 4
[8098.388s][debug][gc,phases      ] GC(135)     Dead                           Min: 0, Avg:  0.0, Max: 0, Diff: 0, Sum: 0, Workers: 4
[8098.388s][debug][gc,phases      ] GC(135)     Total                          Min: 0, Avg:  0.0, Max: 0, Diff: 0, Sum: 0, Workers: 4
[8098.388s][debug][gc,phases      ] GC(135)   StringDedup Requests0 Weak     Min:  0.0, Avg:  0.0, Max:  0.0, Diff:  0.0, Sum:  0.0, Workers: 4
[8098.388s][debug][gc,phases      ] GC(135)     Dead                           Min: 0, Avg:  0.0, Max: 0, Diff: 0, Sum: 0, Workers: 4
[8098.388s][debug][gc,phases      ] GC(135)     Total                          Min: 0, Avg:  0.0, Max: 0, Diff: 0, Sum: 0, Workers: 4
[8098.388s][debug][gc,phases      ] GC(135)   StringDedup Requests1 Weak     Min:  0.0, Avg:  0.0, Max:  0.0, Diff:  0.0, Sum:  0.0, Workers: 4
[8098.388s][debug][gc,phases      ] GC(135)     Dead                           Min: 0, Avg:  0.0, Max: 0, Diff: 0, Sum: 0, Workers: 4
[8098.388s][debug][gc,phases      ] GC(135)     Total                          Min: 0, Avg:  0.0, Max: 0, Diff: 0, Sum: 0, Workers: 4
[8098.388s][debug][gc,phases      ] GC(135)   Weak JFR Old Object Samples    Min:  0.0, Avg:  0.0, Max:  0.0, Diff:  0.0, Sum:  0.0, Workers: 4
[8098.388s][debug][gc,phases      ] GC(135)     Dead                           Min: 0, Avg:  0.0, Max: 0, Diff: 0, Sum: 0, Workers: 4
[8098.388s][debug][gc,phases      ] GC(135)     Total                          Min: 0, Avg:  0.0, Max: 0, Diff: 0, Sum: 0, Workers: 4
[8098.388s][debug][gc,phases      ] GC(135) Weak Processing 0.348ms
[8098.388s][debug][gc,age         ] GC(135) Desired survivor size 40894464 bytes, new threshold 1 (max threshold 15)
[8098.388s][info ][gc,heap        ] GC(135) PSYoungGen: 2076656K(2076672K)->20464K(2037760K) Eden: 2056192K(2056192K)->0K(2017280K) From: 20464K(20480K)->20464K(20480K)
[8098.388s][info ][gc,heap        ] GC(135) ParOldGen: 707154K(707584K)->729464K(729600K)
[8098.388s][info ][gc,metaspace   ] GC(135) Metaspace: 111493K(112768K)->111493K(112768K) NonClass: 94907K(95616K)->94907K(95616K) Class: 16586K(17152K)->16586K(17152K)
[8098.388s][info ][gc             ] GC(135) Pause Young (Allocation Failure) 2718M->732M(2702M) 17.358ms
[8098.388s][info ][gc,cpu         ] GC(135) User=0.05s Sys=0.02s Real=0.02s
[8098.388s][info ][safepoint      ] Safepoint "ParallelGCFailedAllocation", Time since last: 280378530 ns, Reaching safepoint: 82400 ns, Cleanup: 4200 ns, At safepoint: 17436384 ns, Total: 17522984 ns
[8100.389s][info ][safepoint      ] Safepoint "Cleanup", Time since last: 2000161458 ns, Reaching safepoint: 8300 ns, Cleanup: 13200 ns, At safepoint: 2700 ns, Total: 24200 ns
[8105.499s][info ][safepoint      ] Safepoint "Cleanup", Time since last: 5110422279 ns, Reaching safepoint: 6600 ns, Cleanup: 9200 ns, At safepoint: 2100 ns, Total: 17900 ns
[8111.499s][info ][safepoint      ] Safepoint "Cleanup", Time since last: 6000471179 ns, Reaching safepoint: 7100 ns, Cleanup: 25200 ns, At safepoint: 2700 ns, Total: 35000 ns
[8119.500s][info ][safepoint      ] Safepoint "Cleanup", Time since last: 8000638213 ns, Reaching safepoint: 7900 ns, Cleanup: 11900 ns, At safepoint: 2400 ns, Total: 22200 ns
[8124.501s][info ][safepoint      ] Safepoint "Cleanup", Time since last: 5000386254 ns, Reaching safepoint: 6300 ns, Cleanup: 17200 ns, At safepoint: 2300 ns, Total: 25800 ns
[8125.501s][info ][safepoint      ] Safepoint "Cleanup", Time since last: 1000108331 ns, Reaching safepoint: 5100 ns, Cleanup: 11300 ns, At safepoint: 1800 ns, Total: 18200 ns
[8126.501s][info ][safepoint      ] Safepoint "Cleanup", Time since last: 1000108730 ns, Reaching safepoint: 6100 ns, Cleanup: 8900 ns, At safepoint: 2800 ns, Total: 17800 ns
[8127.501s][info ][safepoint      ] Safepoint "Cleanup", Time since last: 1000121189 ns, Reaching safepoint: 6800 ns, Cleanup: 18500 ns, At safepoint: 2100 ns, Total: 27400 ns
[8135.502s][info ][safepoint      ] Safepoint "Cleanup", Time since last: 8000589030 ns, Reaching safepoint: 6400 ns, Cleanup: 12700 ns, At safepoint: 2000 ns, Total: 21100 ns
[8137.502s][info ][safepoint      ] Safepoint "Cleanup", Time since last: 2000196722 ns, Reaching safepoint: 6600 ns, Cleanup: 10400 ns, At safepoint: 2100 ns, Total: 19100 ns
[8141.329s][info ][gc,start       ] GC(136) Pause Young (Allocation Failure)
[8141.341s][debug][gc,phases      ] GC(136) Scavenge 11.644ms
[8141.341s][debug][gc,ref         ] GC(136) ReferenceProcessor::execute queues: 1, RefProcThreadModel::Single, marks_oops_alive: false
[8141.341s][debug][gc,ref         ] GC(136) Skipped KeepAliveFinalRefsPhase of Reference Processing: no references
[8141.341s][debug][gc,ref         ] GC(136) ReferenceProcessor::execute queues: 1, RefProcThreadModel::Single, marks_oops_alive: false
[8141.341s][debug][gc,phases      ] GC(136) Reference Processing 0.095ms
[8141.342s][debug][gc,phases      ] GC(136)   VM Weak                        Min:  0.0, Avg:  0.0, Max:  0.0, Diff:  0.0, Sum:  0.0, Workers: 4
[8141.342s][debug][gc,phases      ] GC(136)     Dead                           Min: 0, Avg:  0.0, Max: 0, Diff: 0, Sum: 0, Workers: 4
[8141.342s][debug][gc,phases      ] GC(136)     Total                          Min: 0, Avg: 250.5, Max: 960, Diff: 960, Sum: 1002, Workers: 4
[8141.342s][debug][gc,phases      ] GC(136)   ObjectSynchronizer Weak        Min:  0.0, Avg:  0.0, Max:  0.0, Diff:  0.0, Sum:  0.0, Workers: 4
[8141.342s][debug][gc,phases      ] GC(136)     Dead                           Min: 0, Avg:  0.0, Max: 0, Diff: 0, Sum: 0, Workers: 4
[8141.342s][debug][gc,phases      ] GC(136)     Total                          Min: 0, Avg:  1.2, Max: 5, Diff: 5, Sum: 5, Workers: 4
[8141.342s][debug][gc,phases      ] GC(136)   JVMTI Tag Weak OopStorage      Min:  0.0, Avg:  0.0, Max:  0.0, Diff:  0.0, Sum:  0.0, Workers: 4
[8141.342s][debug][gc,phases      ] GC(136)     Dead                           Min: 0, Avg:  0.0, Max: 0, Diff: 0, Sum: 0, Workers: 4
[8141.342s][debug][gc,phases      ] GC(136)     Total                          Min: 0, Avg:  0.0, Max: 0, Diff: 0, Sum: 0, Workers: 4
[8141.342s][debug][gc,phases      ] GC(136)   StringTable Weak               Min:  0.0, Avg:  0.1, Max:  0.1, Diff:  0.1, Sum:  0.4, Workers: 4
[8141.342s][debug][gc,phases      ] GC(136)     Dead                           Min: 0, Avg:  0.0, Max: 0, Diff: 0, Sum: 0, Workers: 4
[8141.342s][debug][gc,phases      ] GC(136)     Total                          Min: 0, Avg: 11971.2, Max: 21198, Diff: 21198, Sum: 47885, Workers: 4
[8141.342s][debug][gc,phases      ] GC(136)   ResolvedMethodTable Weak       Min:  0.0, Avg:  0.0, Max:  0.0, Diff:  0.0, Sum:  0.1, Workers: 4
[8141.342s][debug][gc,phases      ] GC(136)     Dead                           Min: 0, Avg:  4.0, Max: 16, Diff: 16, Sum: 16, Workers: 4
[8141.342s][debug][gc,phases      ] GC(136)     Total                          Min: 0, Avg: 3936.5, Max: 6482, Diff: 6482, Sum: 15746, Workers: 4
[8141.342s][debug][gc,phases      ] GC(136)   JNI Weak                       Min:  0.0, Avg:  0.0, Max:  0.0, Diff:  0.0, Sum:  0.0, Workers: 4
[8141.342s][debug][gc,phases      ] GC(136)     Dead                           Min: 0, Avg:  0.0, Max: 0, Diff: 0, Sum: 0, Workers: 4
[8141.342s][debug][gc,phases      ] GC(136)     Total                          Min: 0, Avg: 13.0, Max: 52, Diff: 52, Sum: 52, Workers: 4
[8141.342s][debug][gc,phases      ] GC(136)   StringDedup Table Weak         Min:  0.0, Avg:  0.0, Max:  0.0, Diff:  0.0, Sum:  0.0, Workers: 4
[8141.342s][debug][gc,phases      ] GC(136)     Dead                           Min: 0, Avg:  0.0, Max: 0, Diff: 0, Sum: 0, Workers: 4
[8141.342s][debug][gc,phases      ] GC(136)     Total                          Min: 0, Avg:  0.0, Max: 0, Diff: 0, Sum: 0, Workers: 4
[8141.342s][debug][gc,phases      ] GC(136)   StringDedup Requests0 Weak     Min:  0.0, Avg:  0.0, Max:  0.0, Diff:  0.0, Sum:  0.0, Workers: 4
[8141.342s][debug][gc,phases      ] GC(136)     Dead                           Min: 0, Avg:  0.0, Max: 0, Diff: 0, Sum: 0, Workers: 4
[8141.342s][debug][gc,phases      ] GC(136)     Total                          Min: 0, Avg:  0.0, Max: 0, Diff: 0, Sum: 0, Workers: 4
[8141.342s][debug][gc,phases      ] GC(136)   StringDedup Requests1 Weak     Min:  0.0, Avg:  0.0, Max:  0.0, Diff:  0.0, Sum:  0.0, Workers: 4
[8141.342s][debug][gc,phases      ] GC(136)     Dead                           Min: 0, Avg:  0.0, Max: 0, Diff: 0, Sum: 0, Workers: 4
[8141.342s][debug][gc,phases      ] GC(136)     Total                          Min: 0, Avg:  0.0, Max: 0, Diff: 0, Sum: 0, Workers: 4
[8141.342s][debug][gc,phases      ] GC(136)   Weak JFR Old Object Samples    Min:  0.0, Avg:  0.0, Max:  0.0, Diff:  0.0, Sum:  0.0, Workers: 4
[8141.342s][debug][gc,phases      ] GC(136)     Dead                           Min: 0, Avg:  0.0, Max: 0, Diff: 0, Sum: 0, Workers: 4
[8141.342s][debug][gc,phases      ] GC(136)     Total                          Min: 0, Avg:  0.0, Max: 0, Diff: 0, Sum: 0, Workers: 4
[8141.342s][debug][gc,phases      ] GC(136) Weak Processing 0.374ms
[8141.342s][debug][gc,age         ] GC(136) Desired survivor size 39845888 bytes, new threshold 1 (max threshold 15)
[8141.342s][info ][gc,heap        ] GC(136) PSYoungGen: 2037744K(2037760K)->5728K(2057216K) Eden: 2017280K(2017280K)->0K(2017280K) From: 20464K(20480K)->5728K(39936K)
[8141.342s][info ][gc,heap        ] GC(136) ParOldGen: 729464K(729600K)->748401K(748544K)
[8141.342s][info ][gc,metaspace   ] GC(136) Metaspace: 111508K(112832K)->111508K(112832K) NonClass: 94920K(95680K)->94920K(95680K) Class: 16587K(17152K)->16587K(17152K)
[8141.342s][info ][gc             ] GC(136) Pause Young (Allocation Failure) 2702M->736M(2740M) 12.219ms
[8141.342s][info ][gc,cpu         ] GC(136) User=0.02s Sys=0.02s Real=0.01s
[8141.342s][info ][safepoint      ] Safepoint "ParallelGCFailedAllocation", Time since last: 3827683965 ns, Reaching safepoint: 5200 ns, Cleanup: 3700 ns, At safepoint: 12281333 ns, Total: 12290233 ns
[8142.342s][info ][safepoint      ] Safepoint "Cleanup", Time since last: 1000091402 ns, Reaching safepoint: 7900 ns, Cleanup: 14200 ns, At safepoint: 2600 ns, Total: 24700 ns
[8146.342s][info ][safepoint      ] Safepoint "Cleanup", Time since last: 4000334419 ns, Reaching safepoint: 8000 ns, Cleanup: 16000 ns, At safepoint: 2800 ns, Total: 26800 ns
[8150.343s][info ][safepoint      ] Safepoint "Cleanup", Time since last: 4000326612 ns, Reaching safepoint: 7000 ns, Cleanup: 8800 ns, At safepoint: 2300 ns, Total: 18100 ns
[8154.343s][info ][safepoint      ] Safepoint "Cleanup", Time since last: 4000336343 ns, Reaching safepoint: 7000 ns, Cleanup: 9900 ns, At safepoint: 2100 ns, Total: 19000 ns
[8165.516s][info ][safepoint      ] Safepoint "Cleanup", Time since last: 11173119407 ns, Reaching safepoint: 8200 ns, Cleanup: 15700 ns, At safepoint: 2600 ns, Total: 26500 ns
[8171.517s][info ][safepoint      ] Safepoint "Cleanup", Time since last: 6000488534 ns, Reaching safepoint: 6800 ns, Cleanup: 39899 ns, At safepoint: 3200 ns, Total: 49899 ns
[8173.517s][info ][safepoint      ] Safepoint "Cleanup", Time since last: 2000183864 ns, Reaching safepoint: 6100 ns, Cleanup: 9400 ns, At safepoint: 1700 ns, Total: 17200 ns
[8176.517s][info ][safepoint      ] Safepoint "Cleanup", Time since last: 3000276681 ns, Reaching safepoint: 6800 ns, Cleanup: 13300 ns, At safepoint: 2100 ns, Total: 22200 ns
[8177.517s][info ][safepoint      ] Safepoint "Cleanup", Time since last: 1000129981 ns, Reaching safepoint: 6700 ns, Cleanup: 11800 ns, At safepoint: 3100 ns, Total: 21600 ns
[8187.518s][info ][safepoint      ] Safepoint "Cleanup", Time since last: 10000786918 ns, Reaching safepoint: 6500 ns, Cleanup: 11500 ns, At safepoint: 20399 ns, Total: 38399 ns
[8193.497s][info ][gc,start       ] GC(137) Pause Young (Allocation Failure)
[8193.501s][debug][gc,phases      ] GC(137) Scavenge 4.705ms
[8193.501s][debug][gc,ref         ] GC(137) ReferenceProcessor::execute queues: 1, RefProcThreadModel::Single, marks_oops_alive: false
[8193.501s][debug][gc,ref         ] GC(137) Skipped KeepAliveFinalRefsPhase of Reference Processing: no references
[8193.501s][debug][gc,ref         ] GC(137) ReferenceProcessor::execute queues: 1, RefProcThreadModel::Single, marks_oops_alive: false
[8193.501s][debug][gc,phases      ] GC(137) Reference Processing 0.102ms
[8193.502s][debug][gc,phases      ] GC(137)   VM Weak                        Min:  0.0, Avg:  0.0, Max:  0.0, Diff:  0.0, Sum:  0.0, Workers: 4
[8193.502s][debug][gc,phases      ] GC(137)     Dead                           Min: 0, Avg:  0.0, Max: 0, Diff: 0, Sum: 0, Workers: 4
[8193.502s][debug][gc,phases      ] GC(137)     Total                          Min: 0, Avg: 250.5, Max: 384, Diff: 384, Sum: 1002, Workers: 4
[8193.502s][debug][gc,phases      ] GC(137)   ObjectSynchronizer Weak        Min:  0.0, Avg:  0.0, Max:  0.0, Diff:  0.0, Sum:  0.0, Workers: 4
[8193.502s][debug][gc,phases      ] GC(137)     Dead                           Min: 0, Avg:  0.0, Max: 0, Diff: 0, Sum: 0, Workers: 4
[8193.502s][debug][gc,phases      ] GC(137)     Total                          Min: 0, Avg:  1.0, Max: 4, Diff: 4, Sum: 4, Workers: 4
[8193.502s][debug][gc,phases      ] GC(137)   JVMTI Tag Weak OopStorage      Min:  0.0, Avg:  0.0, Max:  0.0, Diff:  0.0, Sum:  0.0, Workers: 4
[8193.502s][debug][gc,phases      ] GC(137)     Dead                           Min: 0, Avg:  0.0, Max: 0, Diff: 0, Sum: 0, Workers: 4
[8193.502s][debug][gc,phases      ] GC(137)     Total                          Min: 0, Avg:  0.0, Max: 0, Diff: 0, Sum: 0, Workers: 4
[8193.502s][debug][gc,phases      ] GC(137)   StringTable Weak               Min:  0.1, Avg:  0.1, Max:  0.1, Diff:  0.0, Sum:  0.5, Workers: 4
[8193.502s][debug][gc,phases      ] GC(137)     Dead                           Min: 0, Avg:  0.2, Max: 1, Diff: 1, Sum: 1, Workers: 4
[8193.502s][debug][gc,phases      ] GC(137)     Total                          Min: 11840, Avg: 11972.8, Max: 12096, Diff: 256, Sum: 47891, Workers: 4
[8193.502s][debug][gc,phases      ] GC(137)   ResolvedMethodTable Weak       Min:  0.0, Avg:  0.0, Max:  0.0, Diff:  0.0, Sum:  0.2, Workers: 4
[8193.502s][debug][gc,phases      ] GC(137)     Dead                           Min: 0, Avg:  4.8, Max: 18, Diff: 18, Sum: 19, Workers: 4
[8193.502s][debug][gc,phases      ] GC(137)     Total                          Min: 3771, Avg: 3937.8, Max: 4144, Diff: 373, Sum: 15751, Workers: 4
[8193.502s][debug][gc,phases      ] GC(137)   JNI Weak                       Min:  0.0, Avg:  0.0, Max:  0.0, Diff:  0.0, Sum:  0.0, Workers: 4
[8193.502s][debug][gc,phases      ] GC(137)     Dead                           Min: 0, Avg:  0.0, Max: 0, Diff: 0, Sum: 0, Workers: 4
[8193.502s][debug][gc,phases      ] GC(137)     Total                          Min: 0, Avg: 13.0, Max: 52, Diff: 52, Sum: 52, Workers: 4
[8193.502s][debug][gc,phases      ] GC(137)   StringDedup Table Weak         Min:  0.0, Avg:  0.0, Max:  0.0, Diff:  0.0, Sum:  0.0, Workers: 4
[8193.502s][debug][gc,phases      ] GC(137)     Dead                           Min: 0, Avg:  0.0, Max: 0, Diff: 0, Sum: 0, Workers: 4
[8193.502s][debug][gc,phases      ] GC(137)     Total                          Min: 0, Avg:  0.0, Max: 0, Diff: 0, Sum: 0, Workers: 4
[8193.502s][debug][gc,phases      ] GC(137)   StringDedup Requests0 Weak     Min:  0.0, Avg:  0.0, Max:  0.0, Diff:  0.0, Sum:  0.0, Workers: 4
[8193.502s][debug][gc,phases      ] GC(137)     Dead                           Min: 0, Avg:  0.0, Max: 0, Diff: 0, Sum: 0, Workers: 4
[8193.502s][debug][gc,phases      ] GC(137)     Total                          Min: 0, Avg:  0.0, Max: 0, Diff: 0, Sum: 0, Workers: 4
[8193.502s][debug][gc,phases      ] GC(137)   StringDedup Requests1 Weak     Min:  0.0, Avg:  0.0, Max:  0.0, Diff:  0.0, Sum:  0.0, Workers: 4
[8193.502s][debug][gc,phases      ] GC(137)     Dead                           Min: 0, Avg:  0.0, Max: 0, Diff: 0, Sum: 0, Workers: 4
[8193.502s][debug][gc,phases      ] GC(137)     Total                          Min: 0, Avg:  0.0, Max: 0, Diff: 0, Sum: 0, Workers: 4
[8193.502s][debug][gc,phases      ] GC(137)   Weak JFR Old Object Samples    Min:  0.0, Avg:  0.0, Max:  0.0, Diff:  0.0, Sum:  0.0, Workers: 4
[8193.502s][debug][gc,phases      ] GC(137)     Dead                           Min: 0, Avg:  0.0, Max: 0, Diff: 0, Sum: 0, Workers: 4
[8193.502s][debug][gc,phases      ] GC(137)     Total                          Min: 0, Avg:  0.0, Max: 0, Diff: 0, Sum: 0, Workers: 4
[8193.502s][debug][gc,phases      ] GC(137) Weak Processing 0.326ms
[8193.502s][debug][gc,age         ] GC(137) Desired survivor size 38797312 bytes, new threshold 1 (max threshold 15)
[8193.502s][info ][gc,heap        ] GC(137) PSYoungGen: 2023008K(2057216K)->4464K(2059264K) Eden: 2017280K(2017280K)->0K(2020352K) From: 5728K(39936K)->4464K(38912K)
[8193.502s][info ][gc,heap        ] GC(137) ParOldGen: 748401K(748544K)->750701K(751104K)
[8193.502s][info ][gc,metaspace   ] GC(137) Metaspace: 111526K(112832K)->111526K(112832K) NonClass: 94937K(95680K)->94937K(95680K) Class: 16589K(17152K)->16589K(17152K)
[8193.502s][info ][gc             ] GC(137) Pause Young (Allocation Failure) 2706M->737M(2744M) 5.233ms
[8193.502s][info ][gc,cpu         ] GC(137) User=0.02s Sys=0.00s Real=0.00s
[8193.502s][info ][safepoint      ] Safepoint "ParallelGCFailedAllocation", Time since last: 5978513673 ns, Reaching safepoint: 6000 ns, Cleanup: 3700 ns, At safepoint: 5297470 ns, Total: 5307170 ns
[8209.503s][info ][safepoint      ] Safepoint "Cleanup", Time since last: 16001103208 ns, Reaching safepoint: 5600 ns, Cleanup: 9600 ns, At safepoint: 2000 ns, Total: 17200 ns
[8210.503s][info ][safepoint      ] Safepoint "Cleanup", Time since last: 1000106836 ns, Reaching safepoint: 5900 ns, Cleanup: 10300 ns, At safepoint: 2500 ns, Total: 18700 ns
[8213.503s][info ][safepoint      ] Safepoint "Cleanup", Time since last: 3000235010 ns, Reaching safepoint: 6000 ns, Cleanup: 13799 ns, At safepoint: 2400 ns, Total: 22199 ns
[8215.504s][info ][safepoint      ] Safepoint "Cleanup", Time since last: 2000174436 ns, Reaching safepoint: 22800 ns, Cleanup: 11000 ns, At safepoint: 2200 ns, Total: 36000 ns
[8216.504s][info ][safepoint      ] Safepoint "Cleanup", Time since last: 1000104952 ns, Reaching safepoint: 5000 ns, Cleanup: 8700 ns, At safepoint: 2000 ns, Total: 15700 ns
[8219.504s][info ][safepoint      ] Safepoint "Cleanup", Time since last: 3000206357 ns, Reaching safepoint: 81300 ns, Cleanup: 8799 ns, At safepoint: 5400 ns, Total: 95499 ns
[8222.504s][info ][safepoint      ] Safepoint "Cleanup", Time since last: 3000245255 ns, Reaching safepoint: 4800 ns, Cleanup: 11400 ns, At safepoint: 2300 ns, Total: 18500 ns
[8223.533s][info ][safepoint      ] Safepoint "Cleanup", Time since last: 1028959615 ns, Reaching safepoint: 5200 ns, Cleanup: 10100 ns, At safepoint: 2700 ns, Total: 18000 ns
[8225.533s][info ][safepoint      ] Safepoint "Cleanup", Time since last: 2000194570 ns, Reaching safepoint: 6100 ns, Cleanup: 9900 ns, At safepoint: 2300 ns, Total: 18300 ns
[8230.534s][info ][safepoint      ] Safepoint "Cleanup", Time since last: 5000396127 ns, Reaching safepoint: 5800 ns, Cleanup: 10000 ns, At safepoint: 2400 ns, Total: 18200 ns
[8231.534s][info ][safepoint      ] Safepoint "Cleanup", Time since last: 1000116010 ns, Reaching safepoint: 6800 ns, Cleanup: 9600 ns, At safepoint: 2500 ns, Total: 18900 ns
[8233.534s][info ][safepoint      ] Safepoint "Cleanup", Time since last: 2000180375 ns, Reaching safepoint: 7000 ns, Cleanup: 11500 ns, At safepoint: 2000 ns, Total: 20500 ns
[8238.170s][info ][gc,start       ] GC(138) Pause Young (Allocation Failure)
[8238.177s][debug][gc,phases      ] GC(138) Scavenge 6.629ms
[8238.177s][debug][gc,ref         ] GC(138) ReferenceProcessor::execute queues: 1, RefProcThreadModel::Single, marks_oops_alive: false
[8238.177s][debug][gc,ref         ] GC(138) Skipped KeepAliveFinalRefsPhase of Reference Processing: no references
[8238.177s][debug][gc,ref         ] GC(138) ReferenceProcessor::execute queues: 1, RefProcThreadModel::Single, marks_oops_alive: false
[8238.177s][debug][gc,phases      ] GC(138) Reference Processing 0.117ms
[8238.177s][debug][gc,phases      ] GC(138)   VM Weak                        Min:  0.0, Avg:  0.0, Max:  0.0, Diff:  0.0, Sum:  0.0, Workers: 4
[8238.177s][debug][gc,phases      ] GC(138)     Dead                           Min: 0, Avg:  0.0, Max: 0, Diff: 0, Sum: 0, Workers: 4
[8238.177s][debug][gc,phases      ] GC(138)     Total                          Min: 0, Avg: 250.5, Max: 640, Diff: 640, Sum: 1002, Workers: 4
[8238.177s][debug][gc,phases      ] GC(138)   ObjectSynchronizer Weak        Min:  0.0, Avg:  0.0, Max:  0.0, Diff:  0.0, Sum:  0.0, Workers: 4
[8238.177s][debug][gc,phases      ] GC(138)     Dead                           Min: 0, Avg:  0.0, Max: 0, Diff: 0, Sum: 0, Workers: 4
[8238.177s][debug][gc,phases      ] GC(138)     Total                          Min: 0, Avg:  1.0, Max: 4, Diff: 4, Sum: 4, Workers: 4
[8238.177s][debug][gc,phases      ] GC(138)   JVMTI Tag Weak OopStorage      Min:  0.0, Avg:  0.0, Max:  0.0, Diff:  0.0, Sum:  0.0, Workers: 4
[8238.177s][debug][gc,phases      ] GC(138)     Dead                           Min: 0, Avg:  0.0, Max: 0, Diff: 0, Sum: 0, Workers: 4
[8238.178s][debug][gc,phases      ] GC(138)     Total                          Min: 0, Avg:  0.0, Max: 0, Diff: 0, Sum: 0, Workers: 4
[8238.178s][debug][gc,phases      ] GC(138)   StringTable Weak               Min:  0.0, Avg:  0.1, Max:  0.1, Diff:  0.1, Sum:  0.4, Workers: 4
[8238.178s][debug][gc,phases      ] GC(138)     Dead                           Min: 0, Avg:  0.0, Max: 0, Diff: 0, Sum: 0, Workers: 4
[8238.178s][debug][gc,phases      ] GC(138)     Total                          Min: 0, Avg: 11982.8, Max: 16959, Diff: 16959, Sum: 47931, Workers: 4
[8238.178s][debug][gc,phases      ] GC(138)   ResolvedMethodTable Weak       Min:  0.0, Avg:  0.0, Max:  0.0, Diff:  0.0, Sum:  0.1, Workers: 4
[8238.178s][debug][gc,phases      ] GC(138)     Dead                           Min: 0, Avg:  4.0, Max: 16, Diff: 16, Sum: 16, Workers: 4
[8238.178s][debug][gc,phases      ] GC(138)     Total                          Min: 0, Avg: 3938.2, Max: 6907, Diff: 6907, Sum: 15753, Workers: 4
[8238.178s][debug][gc,phases      ] GC(138)   JNI Weak                       Min:  0.0, Avg:  0.0, Max:  0.0, Diff:  0.0, Sum:  0.0, Workers: 4
[8238.178s][debug][gc,phases      ] GC(138)     Dead                           Min: 0, Avg:  0.0, Max: 0, Diff: 0, Sum: 0, Workers: 4
[8238.178s][debug][gc,phases      ] GC(138)     Total                          Min: 0, Avg: 13.0, Max: 52, Diff: 52, Sum: 52, Workers: 4
[8238.178s][debug][gc,phases      ] GC(138)   StringDedup Table Weak         Min:  0.0, Avg:  0.0, Max:  0.0, Diff:  0.0, Sum:  0.0, Workers: 4
[8238.178s][debug][gc,phases      ] GC(138)     Dead                           Min: 0, Avg:  0.0, Max: 0, Diff: 0, Sum: 0, Workers: 4
[8238.178s][debug][gc,phases      ] GC(138)     Total                          Min: 0, Avg:  0.0, Max: 0, Diff: 0, Sum: 0, Workers: 4
[8238.178s][debug][gc,phases      ] GC(138)   StringDedup Requests0 Weak     Min:  0.0, Avg:  0.0, Max:  0.0, Diff:  0.0, Sum:  0.0, Workers: 4
[8238.178s][debug][gc,phases      ] GC(138)     Dead                           Min: 0, Avg:  0.0, Max: 0, Diff: 0, Sum: 0, Workers: 4
[8238.178s][debug][gc,phases      ] GC(138)     Total                          Min: 0, Avg:  0.0, Max: 0, Diff: 0, Sum: 0, Workers: 4
[8238.178s][debug][gc,phases      ] GC(138)   StringDedup Requests1 Weak     Min:  0.0, Avg:  0.0, Max:  0.0, Diff:  0.0, Sum:  0.0, Workers: 4
[8238.178s][debug][gc,phases      ] GC(138)     Dead                           Min: 0, Avg:  0.0, Max: 0, Diff: 0, Sum: 0, Workers: 4
[8238.178s][debug][gc,phases      ] GC(138)     Total                          Min: 0, Avg:  0.0, Max: 0, Diff: 0, Sum: 0, Workers: 4
[8238.178s][debug][gc,phases      ] GC(138)   Weak JFR Old Object Samples    Min:  0.0, Avg:  0.0, Max:  0.0, Diff:  0.0, Sum:  0.0, Workers: 4
[8238.178s][debug][gc,phases      ] GC(138)     Dead                           Min: 0, Avg:  0.0, Max: 0, Diff: 0, Sum: 0, Workers: 4
[8238.178s][debug][gc,phases      ] GC(138)     Total                          Min: 0, Avg:  0.0, Max: 0, Diff: 0, Sum: 0, Workers: 4
[8238.178s][debug][gc,phases      ] GC(138) Weak Processing 0.381ms
[8238.178s][debug][gc,age         ] GC(138) Desired survivor size 37748736 bytes, new threshold 1 (max threshold 15)
[8238.178s][info ][gc,heap        ] GC(138) PSYoungGen: 2024816K(2059264K)->4736K(2058240K) Eden: 2020352K(2020352K)->0K(2020352K) From: 4464K(38912K)->4736K(37888K)
[8238.178s][info ][gc,heap        ] GC(138) ParOldGen: 750701K(751104K)->751709K(752128K)
[8238.178s][info ][gc,metaspace   ] GC(138) Metaspace: 111556K(112832K)->111556K(112832K) NonClass: 94965K(95680K)->94965K(95680K) Class: 16590K(17152K)->16590K(17152K)
[8238.178s][info ][gc             ] GC(138) Pause Young (Allocation Failure) 2710M->738M(2744M) 7.251ms
[8238.178s][info ][gc,cpu         ] GC(138) User=0.02s Sys=0.00s Real=0.01s
[8238.178s][info ][safepoint      ] Safepoint "ParallelGCFailedAllocation", Time since last: 4636034927 ns, Reaching safepoint: 86400 ns, Cleanup: 4100 ns, At safepoint: 7325856 ns, Total: 7416356 ns
[8239.178s][info ][safepoint      ] Safepoint "Cleanup", Time since last: 1000093306 ns, Reaching safepoint: 6400 ns, Cleanup: 11000 ns, At safepoint: 6800 ns, Total: 24200 ns
[8242.178s][info ][safepoint      ] Safepoint "Cleanup", Time since last: 3000256902 ns, Reaching safepoint: 81500 ns, Cleanup: 9200 ns, At safepoint: 10500 ns, Total: 101200 ns
[8243.178s][info ][safepoint      ] Safepoint "Cleanup", Time since last: 1000116134 ns, Reaching safepoint: 5500 ns, Cleanup: 9299 ns, At safepoint: 1700 ns, Total: 16499 ns
[8245.178s][info ][safepoint      ] Safepoint "Cleanup", Time since last: 2000184469 ns, Reaching safepoint: 7400 ns, Cleanup: 20800 ns, At safepoint: 2200 ns, Total: 30400 ns
[8247.179s][info ][safepoint      ] Safepoint "Cleanup", Time since last: 2000604664 ns, Reaching safepoint: 83299 ns, Cleanup: 13500 ns, At safepoint: 12700 ns, Total: 109499 ns
[8248.179s][info ][safepoint      ] Safepoint "Cleanup", Time since last: 1000116529 ns, Reaching safepoint: 6700 ns, Cleanup: 13400 ns, At safepoint: 2200 ns, Total: 22300 ns
[8249.179s][info ][safepoint      ] Safepoint "Cleanup", Time since last: 1000110629 ns, Reaching safepoint: 6500 ns, Cleanup: 14400 ns, At safepoint: 2200 ns, Total: 23100 ns
[8250.180s][info ][safepoint      ] Safepoint "Cleanup", Time since last: 1000101729 ns, Reaching safepoint: 6000 ns, Cleanup: 9800 ns, At safepoint: 2000 ns, Total: 17800 ns
[8251.180s][info ][safepoint      ] Safepoint "Cleanup", Time since last: 1000101429 ns, Reaching safepoint: 6500 ns, Cleanup: 18699 ns, At safepoint: 2300 ns, Total: 27499 ns
[8254.180s][info ][safepoint      ] Safepoint "Cleanup", Time since last: 3000250088 ns, Reaching safepoint: 5900 ns, Cleanup: 62700 ns, At safepoint: 3300 ns, Total: 71900 ns
[8255.332s][info ][gc,start       ] GC(139) Pause Young (Allocation Failure)
[8255.354s][debug][gc,phases      ] GC(139) Scavenge 22.147ms
[8255.354s][debug][gc,ref         ] GC(139) ReferenceProcessor::execute queues: 1, RefProcThreadModel::Single, marks_oops_alive: false
[8255.354s][debug][gc,ref         ] GC(139) Skipped KeepAliveFinalRefsPhase of Reference Processing: no references
[8255.354s][debug][gc,ref         ] GC(139) ReferenceProcessor::execute queues: 1, RefProcThreadModel::Single, marks_oops_alive: false
[8255.354s][debug][gc,phases      ] GC(139) Reference Processing 0.099ms
[8255.355s][debug][gc,phases      ] GC(139)   VM Weak                        Min:  0.0, Avg:  0.0, Max:  0.0, Diff:  0.0, Sum:  0.0, Workers: 4
[8255.355s][debug][gc,phases      ] GC(139)     Dead                           Min: 0, Avg:  0.0, Max: 0, Diff: 0, Sum: 0, Workers: 4
[8255.355s][debug][gc,phases      ] GC(139)     Total                          Min: 0, Avg: 250.5, Max: 1002, Diff: 1002, Sum: 1002, Workers: 4
[8255.355s][debug][gc,phases      ] GC(139)   ObjectSynchronizer Weak        Min:  0.0, Avg:  0.0, Max:  0.0, Diff:  0.0, Sum:  0.0, Workers: 4
[8255.355s][debug][gc,phases      ] GC(139)     Dead                           Min: 0, Avg:  0.0, Max: 0, Diff: 0, Sum: 0, Workers: 4
[8255.355s][debug][gc,phases      ] GC(139)     Total                          Min: 0, Avg:  1.2, Max: 5, Diff: 5, Sum: 5, Workers: 4
[8255.355s][debug][gc,phases      ] GC(139)   JVMTI Tag Weak OopStorage      Min:  0.0, Avg:  0.0, Max:  0.0, Diff:  0.0, Sum:  0.0, Workers: 4
[8255.355s][debug][gc,phases      ] GC(139)     Dead                           Min: 0, Avg:  0.0, Max: 0, Diff: 0, Sum: 0, Workers: 4
[8255.355s][debug][gc,phases      ] GC(139)     Total                          Min: 0, Avg:  0.0, Max: 0, Diff: 0, Sum: 0, Workers: 4
[8255.355s][debug][gc,phases      ] GC(139)   StringTable Weak               Min:  0.1, Avg:  0.1, Max:  0.1, Diff:  0.0, Sum:  0.5, Workers: 4
[8255.355s][debug][gc,phases      ] GC(139)     Dead                           Min: 0, Avg:  0.0, Max: 0, Diff: 0, Sum: 0, Workers: 4
[8255.355s][debug][gc,phases      ] GC(139)     Total                          Min: 11072, Avg: 11987.0, Max: 12928, Diff: 1856, Sum: 47948, Workers: 4
[8255.355s][debug][gc,phases      ] GC(139)   ResolvedMethodTable Weak       Min:  0.0, Avg:  0.0, Max:  0.0, Diff:  0.0, Sum:  0.1, Workers: 4
[8255.355s][debug][gc,phases      ] GC(139)     Dead                           Min: 0, Avg:  4.2, Max: 17, Diff: 17, Sum: 17, Workers: 4
[8255.355s][debug][gc,phases      ] GC(139)     Total                          Min: 3793, Avg: 3939.2, Max: 4320, Diff: 527, Sum: 15757, Workers: 4
[8255.355s][debug][gc,phases      ] GC(139)   JNI Weak                       Min:  0.0, Avg:  0.0, Max:  0.0, Diff:  0.0, Sum:  0.0, Workers: 4
[8255.355s][debug][gc,phases      ] GC(139)     Dead                           Min: 0, Avg:  0.0, Max: 0, Diff: 0, Sum: 0, Workers: 4
[8255.355s][debug][gc,phases      ] GC(139)     Total                          Min: 0, Avg: 13.5, Max: 54, Diff: 54, Sum: 54, Workers: 4
[8255.355s][debug][gc,phases      ] GC(139)   StringDedup Table Weak         Min:  0.0, Avg:  0.0, Max:  0.0, Diff:  0.0, Sum:  0.0, Workers: 4
[8255.355s][debug][gc,phases      ] GC(139)     Dead                           Min: 0, Avg:  0.0, Max: 0, Diff: 0, Sum: 0, Workers: 4
[8255.355s][debug][gc,phases      ] GC(139)     Total                          Min: 0, Avg:  0.0, Max: 0, Diff: 0, Sum: 0, Workers: 4
[8255.355s][debug][gc,phases      ] GC(139)   StringDedup Requests0 Weak     Min:  0.0, Avg:  0.0, Max:  0.0, Diff:  0.0, Sum:  0.0, Workers: 4
[8255.355s][debug][gc,phases      ] GC(139)     Dead                           Min: 0, Avg:  0.0, Max: 0, Diff: 0, Sum: 0, Workers: 4
[8255.355s][debug][gc,phases      ] GC(139)     Total                          Min: 0, Avg:  0.0, Max: 0, Diff: 0, Sum: 0, Workers: 4
[8255.355s][debug][gc,phases      ] GC(139)   StringDedup Requests1 Weak     Min:  0.0, Avg:  0.0, Max:  0.0, Diff:  0.0, Sum:  0.0, Workers: 4
[8255.355s][debug][gc,phases      ] GC(139)     Dead                           Min: 0, Avg:  0.0, Max: 0, Diff: 0, Sum: 0, Workers: 4
[8255.355s][debug][gc,phases      ] GC(139)     Total                          Min: 0, Avg:  0.0, Max: 0, Diff: 0, Sum: 0, Workers: 4
[8255.355s][debug][gc,phases      ] GC(139)   Weak JFR Old Object Samples    Min:  0.0, Avg:  0.0, Max:  0.0, Diff:  0.0, Sum:  0.0, Workers: 4
[8255.355s][debug][gc,phases      ] GC(139)     Dead                           Min: 0, Avg:  0.0, Max: 0, Diff: 0, Sum: 0, Workers: 4
[8255.355s][debug][gc,phases      ] GC(139)     Total                          Min: 0, Avg:  0.0, Max: 0, Diff: 0, Sum: 0, Workers: 4
[8255.355s][debug][gc,phases      ] GC(139) Weak Processing 0.331ms
[8255.355s][debug][gc,age         ] GC(139) Desired survivor size 51380224 bytes, new threshold 1 (max threshold 15)
[8255.355s][info ][gc,heap        ] GC(139) PSYoungGen: 2025088K(2058240K)->36848K(2033664K) Eden: 2020352K(2020352K)->0K(1996800K) From: 4736K(37888K)->36848K(36864K)
[8255.355s][info ][gc,heap        ] GC(139) ParOldGen: 751709K(752128K)->769836K(770048K)
[8255.355s][info ][gc,metaspace   ] GC(139) Metaspace: 111620K(112896K)->111620K(112896K) NonClass: 95021K(95744K)->95021K(95744K) Class: 16599K(17152K)->16599K(17152K)
[8255.355s][info ][gc             ] GC(139) Pause Young (Allocation Failure) 2711M->787M(2738M) 22.698ms
[8255.355s][info ][gc,cpu         ] GC(139) User=0.07s Sys=0.01s Real=0.03s
[8255.358s][info ][safepoint      ] Safepoint "ParallelGCFailedAllocation", Time since last: 1151936970 ns, Reaching safepoint: 84600 ns, Cleanup: 30999 ns, At safepoint: 25469883 ns, Total: 25585482 ns
[8255.576s][info ][safepoint      ] Safepoint "ICBufferFull", Time since last: 218707437 ns, Reaching safepoint: 4400 ns, Cleanup: 118399 ns, At safepoint: 1800 ns, Total: 124599 ns
[8255.984s][info ][safepoint      ] Safepoint "ICBufferFull", Time since last: 406906134 ns, Reaching safepoint: 85199 ns, Cleanup: 116099 ns, At safepoint: 13400 ns, Total: 214698 ns
[8256.297s][info ][safepoint      ] Safepoint "ICBufferFull", Time since last: 312925934 ns, Reaching safepoint: 84000 ns, Cleanup: 131098 ns, At safepoint: 6200 ns, Total: 221298 ns
[8256.297s][info ][safepoint      ] Safepoint "ICBufferFull", Time since last: 433097 ns, Reaching safepoint: 80199 ns, Cleanup: 4600 ns, At safepoint: 9400 ns, Total: 94199 ns
[8257.078s][info ][gc,start       ] GC(140) Pause Young (CodeCache GC Threshold)
[8257.098s][debug][gc,phases      ] GC(140) Scavenge 19.749ms
[8257.098s][debug][gc,ref         ] GC(140) ReferenceProcessor::execute queues: 1, RefProcThreadModel::Single, marks_oops_alive: false
[8257.098s][debug][gc,ref         ] GC(140) Skipped KeepAliveFinalRefsPhase of Reference Processing: no references
[8257.098s][debug][gc,ref         ] GC(140) ReferenceProcessor::execute queues: 1, RefProcThreadModel::Single, marks_oops_alive: false
[8257.098s][debug][gc,phases      ] GC(140) Reference Processing 0.106ms
[8257.098s][debug][gc,phases      ] GC(140)   VM Weak                        Min:  0.0, Avg:  0.0, Max:  0.0, Diff:  0.0, Sum:  0.0, Workers: 4
[8257.098s][debug][gc,phases      ] GC(140)     Dead                           Min: 0, Avg:  0.0, Max: 0, Diff: 0, Sum: 0, Workers: 4
[8257.098s][debug][gc,phases      ] GC(140)     Total                          Min: 0, Avg: 253.2, Max: 565, Diff: 565, Sum: 1013, Workers: 4
[8257.098s][debug][gc,phases      ] GC(140)   ObjectSynchronizer Weak        Min:  0.0, Avg:  0.0, Max:  0.0, Diff:  0.0, Sum:  0.0, Workers: 4
[8257.098s][debug][gc,phases      ] GC(140)     Dead                           Min: 0, Avg:  0.2, Max: 1, Diff: 1, Sum: 1, Workers: 4
[8257.098s][debug][gc,phases      ] GC(140)     Total                          Min: 0, Avg:  2.0, Max: 8, Diff: 8, Sum: 8, Workers: 4
[8257.098s][debug][gc,phases      ] GC(140)   JVMTI Tag Weak OopStorage      Min:  0.0, Avg:  0.0, Max:  0.0, Diff:  0.0, Sum:  0.0, Workers: 4
[8257.098s][debug][gc,phases      ] GC(140)     Dead                           Min: 0, Avg:  0.0, Max: 0, Diff: 0, Sum: 0, Workers: 4
[8257.098s][debug][gc,phases      ] GC(140)     Total                          Min: 0, Avg:  0.0, Max: 0, Diff: 0, Sum: 0, Workers: 4
[8257.098s][debug][gc,phases      ] GC(140)   StringTable Weak               Min:  0.1, Avg:  0.1, Max:  0.1, Diff:  0.0, Sum:  0.4, Workers: 4
[8257.098s][debug][gc,phases      ] GC(140)     Dead                           Min: 0, Avg:  1.0, Max: 3, Diff: 3, Sum: 4, Workers: 4
[8257.098s][debug][gc,phases      ] GC(140)     Total                          Min: 11904, Avg: 12027.8, Max: 12160, Diff: 256, Sum: 48111, Workers: 4
[8257.098s][debug][gc,phases      ] GC(140)   ResolvedMethodTable Weak       Min:  0.0, Avg:  0.0, Max:  0.0, Diff:  0.0, Sum:  0.2, Workers: 4
[8257.098s][debug][gc,phases      ] GC(140)     Dead                           Min: 2, Avg:  7.8, Max: 13, Diff: 11, Sum: 31, Workers: 4
[8257.098s][debug][gc,phases      ] GC(140)     Total                          Min: 3832, Avg: 3966.0, Max: 4127, Diff: 295, Sum: 15864, Workers: 4
[8257.098s][debug][gc,phases      ] GC(140)   JNI Weak                       Min:  0.0, Avg:  0.0, Max:  0.0, Diff:  0.0, Sum:  0.0, Workers: 4
[8257.098s][debug][gc,phases      ] GC(140)     Dead                           Min: 0, Avg:  0.0, Max: 0, Diff: 0, Sum: 0, Workers: 4
[8257.098s][debug][gc,phases      ] GC(140)     Total                          Min: 0, Avg: 23.2, Max: 58, Diff: 58, Sum: 93, Workers: 4
[8257.098s][debug][gc,phases      ] GC(140)   StringDedup Table Weak         Min:  0.0, Avg:  0.0, Max:  0.0, Diff:  0.0, Sum:  0.0, Workers: 4
[8257.098s][debug][gc,phases      ] GC(140)     Dead                           Min: 0, Avg:  0.0, Max: 0, Diff: 0, Sum: 0, Workers: 4
[8257.098s][debug][gc,phases      ] GC(140)     Total                          Min: 0, Avg:  0.0, Max: 0, Diff: 0, Sum: 0, Workers: 4
[8257.098s][debug][gc,phases      ] GC(140)   StringDedup Requests0 Weak     Min:  0.0, Avg:  0.0, Max:  0.0, Diff:  0.0, Sum:  0.0, Workers: 4
[8257.098s][debug][gc,phases      ] GC(140)     Dead                           Min: 0, Avg:  0.0, Max: 0, Diff: 0, Sum: 0, Workers: 4
[8257.098s][debug][gc,phases      ] GC(140)     Total                          Min: 0, Avg:  0.0, Max: 0, Diff: 0, Sum: 0, Workers: 4
[8257.098s][debug][gc,phases      ] GC(140)   StringDedup Requests1 Weak     Min:  0.0, Avg:  0.0, Max:  0.0, Diff:  0.0, Sum:  0.0, Workers: 4
[8257.098s][debug][gc,phases      ] GC(140)     Dead                           Min: 0, Avg:  0.0, Max: 0, Diff: 0, Sum: 0, Workers: 4
[8257.098s][debug][gc,phases      ] GC(140)     Total                          Min: 0, Avg:  0.0, Max: 0, Diff: 0, Sum: 0, Workers: 4
[8257.098s][debug][gc,phases      ] GC(140)   Weak JFR Old Object Samples    Min:  0.0, Avg:  0.0, Max:  0.0, Diff:  0.0, Sum:  0.0, Workers: 4
[8257.098s][debug][gc,phases      ] GC(140)     Dead                           Min: 0, Avg:  0.0, Max: 0, Diff: 0, Sum: 0, Workers: 4
[8257.098s][debug][gc,phases      ] GC(140)     Total                          Min: 0, Avg:  0.0, Max: 0, Diff: 0, Sum: 0, Workers: 4
[8257.098s][debug][gc,phases      ] GC(140) Weak Processing 0.319ms
[8257.098s][debug][gc,age         ] GC(140) Desired survivor size 49283072 bytes, new threshold 1 (max threshold 15)
[8257.098s][info ][gc,heap        ] GC(140) PSYoungGen: 404038K(2033664K)->19268K(2046976K) Eden: 367190K(1996800K)->0K(1996800K) From: 36848K(36864K)->19268K(50176K)
[8257.098s][info ][gc,heap        ] GC(140) ParOldGen: 769836K(770048K)->797230K(797696K)
[8257.098s][info ][gc,metaspace   ] GC(140) Metaspace: 112193K(113536K)->112193K(113536K) NonClass: 95516K(96320K)->95516K(96320K) Class: 16676K(17216K)->16676K(17216K)
[8257.098s][info ][gc             ] GC(140) Pause Young (CodeCache GC Threshold) 1146M->797M(2778M) 20.280ms
[8257.098s][info ][gc,cpu         ] GC(140) User=0.06s Sys=0.02s Real=0.02s
[8257.098s][debug][gc,phases      ] GC(141) Pre Compact 0.014ms
[8257.098s][info ][gc,start       ] GC(141) Pause Full (CodeCache GC Threshold)
[8257.098s][info ][gc,phases,start] GC(141) Marking Phase
[8257.204s][debug][gc,phases      ] GC(141) Par Mark 105.832ms
[8257.205s][debug][gc,ref         ] GC(141) ReferenceProcessor::execute queues: 4, RefProcThreadModel::Multi, marks_oops_alive: false
[8257.205s][debug][gc,ref         ] GC(141) ReferenceProcessor::execute queues: 4, RefProcThreadModel::Multi, marks_oops_alive: true
[8257.205s][debug][gc,ref         ] GC(141) ReferenceProcessor::execute queues: 1, RefProcThreadModel::Single, marks_oops_alive: false
[8257.205s][debug][gc,phases      ] GC(141) Reference Processing 1.190ms
[8257.206s][debug][gc,phases      ] GC(141)   VM Weak                        Min:  0.0, Avg:  0.0, Max:  0.0, Diff:  0.0, Sum:  0.0, Workers: 4
[8257.206s][debug][gc,phases      ] GC(141)     Dead                           Min: 0, Avg: 43.8, Max: 126, Diff: 126, Sum: 175, Workers: 4
[8257.206s][debug][gc,phases      ] GC(141)     Total                          Min: 64, Avg: 253.2, Max: 565, Diff: 501, Sum: 1013, Workers: 4
[8257.206s][debug][gc,phases      ] GC(141)   ObjectSynchronizer Weak        Min:  0.0, Avg:  0.0, Max:  0.0, Diff:  0.0, Sum:  0.0, Workers: 4
[8257.206s][debug][gc,phases      ] GC(141)     Dead                           Min: 0, Avg:  0.0, Max: 0, Diff: 0, Sum: 0, Workers: 4
[8257.206s][debug][gc,phases      ] GC(141)     Total                          Min: 0, Avg:  2.0, Max: 8, Diff: 8, Sum: 8, Workers: 4
[8257.206s][debug][gc,phases      ] GC(141)   JVMTI Tag Weak OopStorage      Min:  0.0, Avg:  0.0, Max:  0.0, Diff:  0.0, Sum:  0.0, Workers: 4
[8257.206s][debug][gc,phases      ] GC(141)     Dead                           Min: 0, Avg:  0.0, Max: 0, Diff: 0, Sum: 0, Workers: 4
[8257.206s][debug][gc,phases      ] GC(141)     Total                          Min: 0, Avg:  0.0, Max: 0, Diff: 0, Sum: 0, Workers: 4
[8257.206s][debug][gc,phases      ] GC(141)   StringTable Weak               Min:  0.2, Avg:  0.2, Max:  0.2, Diff:  0.0, Sum:  0.7, Workers: 4
[8257.206s][debug][gc,phases      ] GC(141)     Dead                           Min: 168, Avg: 290.0, Max: 488, Diff: 320, Sum: 1160, Workers: 4
[8257.206s][debug][gc,phases      ] GC(141)     Total                          Min: 11776, Avg: 12027.8, Max: 12207, Diff: 431, Sum: 48111, Workers: 4
[8257.206s][debug][gc,phases      ] GC(141)   ResolvedMethodTable Weak       Min:  0.0, Avg:  0.0, Max:  0.0, Diff:  0.0, Sum:  0.2, Workers: 4
[8257.206s][debug][gc,phases      ] GC(141)     Dead                           Min: 48, Avg: 105.2, Max: 166, Diff: 118, Sum: 421, Workers: 4
[8257.206s][debug][gc,phases      ] GC(141)     Total                          Min: 3825, Avg: 3966.0, Max: 4240, Diff: 415, Sum: 15864, Workers: 4
[8257.206s][debug][gc,phases      ] GC(141)   JNI Weak                       Min:  0.0, Avg:  0.0, Max:  0.0, Diff:  0.0, Sum:  0.0, Workers: 4
[8257.206s][debug][gc,phases      ] GC(141)     Dead                           Min: 0, Avg:  0.0, Max: 0, Diff: 0, Sum: 0, Workers: 4
[8257.206s][debug][gc,phases      ] GC(141)     Total                          Min: 0, Avg: 23.2, Max: 58, Diff: 58, Sum: 93, Workers: 4
[8257.206s][debug][gc,phases      ] GC(141)   StringDedup Table Weak         Min:  0.0, Avg:  0.0, Max:  0.0, Diff:  0.0, Sum:  0.0, Workers: 4
[8257.206s][debug][gc,phases      ] GC(141)     Dead                           Min: 0, Avg:  0.0, Max: 0, Diff: 0, Sum: 0, Workers: 4
[8257.206s][debug][gc,phases      ] GC(141)     Total                          Min: 0, Avg:  0.0, Max: 0, Diff: 0, Sum: 0, Workers: 4
[8257.206s][debug][gc,phases      ] GC(141)   StringDedup Requests0 Weak     Min:  0.0, Avg:  0.0, Max:  0.0, Diff:  0.0, Sum:  0.0, Workers: 4
[8257.206s][debug][gc,phases      ] GC(141)     Dead                           Min: 0, Avg:  0.0, Max: 0, Diff: 0, Sum: 0, Workers: 4
[8257.206s][debug][gc,phases      ] GC(141)     Total                          Min: 0, Avg:  0.0, Max: 0, Diff: 0, Sum: 0, Workers: 4
[8257.206s][debug][gc,phases      ] GC(141)   StringDedup Requests1 Weak     Min:  0.0, Avg:  0.0, Max:  0.0, Diff:  0.0, Sum:  0.0, Workers: 4
[8257.206s][debug][gc,phases      ] GC(141)     Dead                           Min: 0, Avg:  0.0, Max: 0, Diff: 0, Sum: 0, Workers: 4
[8257.206s][debug][gc,phases      ] GC(141)     Total                          Min: 0, Avg:  0.0, Max: 0, Diff: 0, Sum: 0, Workers: 4
[8257.206s][debug][gc,phases      ] GC(141)   Weak JFR Old Object Samples    Min:  0.0, Avg:  0.0, Max:  0.0, Diff:  0.0, Sum:  0.0, Workers: 4
[8257.206s][debug][gc,phases      ] GC(141)     Dead                           Min: 0, Avg:  0.0, Max: 0, Diff: 0, Sum: 0, Workers: 4
[8257.206s][debug][gc,phases      ] GC(141)     Total                          Min: 0, Avg:  0.0, Max: 0, Diff: 0, Sum: 0, Workers: 4
[8257.206s][debug][gc,phases      ] GC(141) Weak Processing 0.397ms
[8257.206s][debug][gc,phases      ] GC(141) ClassLoaderData 0.286ms
[8257.206s][debug][gc,phases      ] GC(141) Trigger cleanups 0.007ms
[8257.266s][debug][gc,phases      ] GC(141) Purge Unlinked NMethods 2.106ms
[8257.266s][debug][gc,phases      ] GC(141) Unregister NMethods 0.009ms
[8257.266s][debug][gc,phases      ] GC(141) Free Code Blobs 0.347ms
[8257.278s][debug][gc,phases      ] GC(141) Class Unloading 71.891ms
[8257.278s][debug][gc,phases      ] GC(141) Report Object Count 0.001ms
[8257.278s][info ][gc,phases      ] GC(141) Marking Phase 179.407ms
[8257.278s][info ][gc,phases,start] GC(141) Summary Phase
[8257.278s][info ][gc,phases      ] GC(141) Summary Phase 0.022ms
[8257.278s][info ][gc,phases,start] GC(141) Adjust Roots
[8257.298s][info ][gc,phases      ] GC(141) Adjust Roots 19.903ms
[8257.298s][info ][gc,phases,start] GC(141) Compaction Phase
[8257.438s][info ][gc,phases      ] GC(141) Compaction Phase 140.113ms
[8257.438s][info ][gc,phases,start] GC(141) Post Compact
[8257.445s][debug][gc,phases      ] GC(141) Purge Class Loader Data 0.975ms
[8257.445s][info ][gc,phases      ] GC(141) Post Compact 7.348ms
[8257.445s][info ][gc,heap        ] GC(141) PSYoungGen: 19268K(2046976K)->0K(2046976K) Eden: 0K(1996800K)->0K(1996800K) From: 19268K(50176K)->0K(50176K)
[8257.445s][info ][gc,heap        ] GC(141) ParOldGen: 797230K(797696K)->326699K(797696K)
[8257.445s][info ][gc,metaspace   ] GC(141) Metaspace: 112193K(113536K)->111872K(113536K) NonClass: 95516K(96320K)->95281K(96320K) Class: 16676K(17216K)->16590K(17216K)
[8257.445s][info ][gc             ] GC(141) Pause Full (CodeCache GC Threshold) 797M->319M(2778M) 346.937ms
[8257.445s][info ][gc,cpu         ] GC(141) User=0.97s Sys=0.01s Real=0.35s
[8257.445s][info ][safepoint      ] Safepoint "ParallelGCSystemGC", Time since last: 780585950 ns, Reaching safepoint: 91400 ns, Cleanup: 43399 ns, At safepoint: 367366871 ns, Total: 367501670 ns
[8257.807s][info ][safepoint      ] Safepoint "ICBufferFull", Time since last: 361585902 ns, Reaching safepoint: 6600 ns, Cleanup: 202399 ns, At safepoint: 8400 ns, Total: 217399 ns
[8258.327s][info ][safepoint      ] Safepoint "ICBufferFull", Time since last: 519497170 ns, Reaching safepoint: 80500 ns, Cleanup: 116599 ns, At safepoint: 5500 ns, Total: 202599 ns
[8259.311s][info ][safepoint      ] Safepoint "ICBufferFull", Time since last: 983607875 ns, Reaching safepoint: 88199 ns, Cleanup: 163199 ns, At safepoint: 13900 ns, Total: 265298 ns
[8259.791s][info ][safepoint      ] Safepoint "ICBufferFull", Time since last: 480232107 ns, Reaching safepoint: 7100 ns, Cleanup: 117099 ns, At safepoint: 5000 ns, Total: 129199 ns
[8260.791s][info ][safepoint      ] Safepoint "Cleanup", Time since last: 1000129575 ns, Reaching safepoint: 81600 ns, Cleanup: 133599 ns, At safepoint: 9600 ns, Total: 224799 ns
[8261.792s][info ][safepoint      ] Safepoint "Cleanup", Time since last: 1000121275 ns, Reaching safepoint: 8200 ns, Cleanup: 74700 ns, At safepoint: 2800 ns, Total: 85700 ns
[8262.795s][info ][safepoint      ] Safepoint "Cleanup", Time since last: 1002997457 ns, Reaching safepoint: 83300 ns, Cleanup: 18300 ns, At safepoint: 15900 ns, Total: 117500 ns
[8263.795s][info ][safepoint      ] Safepoint "Cleanup", Time since last: 1000115222 ns, Reaching safepoint: 79199 ns, Cleanup: 85700 ns, At safepoint: 7900 ns, Total: 172799 ns
[8264.795s][info ][safepoint      ] Safepoint "Cleanup", Time since last: 1000111421 ns, Reaching safepoint: 8500 ns, Cleanup: 50399 ns, At safepoint: 2800 ns, Total: 61699 ns
[8265.795s][info ][safepoint      ] Safepoint "Cleanup", Time since last: 1000116221 ns, Reaching safepoint: 7100 ns, Cleanup: 20400 ns, At safepoint: 2300 ns, Total: 29800 ns
[8266.795s][info ][safepoint      ] Safepoint "Cleanup", Time since last: 1000122721 ns, Reaching safepoint: 8100 ns, Cleanup: 11800 ns, At safepoint: 2500 ns, Total: 22400 ns
[8267.796s][info ][safepoint      ] Safepoint "Cleanup", Time since last: 1000128521 ns, Reaching safepoint: 7999 ns, Cleanup: 13200 ns, At safepoint: 2600 ns, Total: 23799 ns
[8268.771s][info ][gc,start       ] GC(142) Pause Young (Allocation Failure)
[8268.785s][debug][gc,phases      ] GC(142) Scavenge 13.297ms
[8268.785s][debug][gc,ref         ] GC(142) ReferenceProcessor::execute queues: 1, RefProcThreadModel::Single, marks_oops_alive: false
[8268.785s][debug][gc,ref         ] GC(142) Skipped KeepAliveFinalRefsPhase of Reference Processing: no references
[8268.785s][debug][gc,ref         ] GC(142) ReferenceProcessor::execute queues: 1, RefProcThreadModel::Single, marks_oops_alive: false
[8268.785s][debug][gc,phases      ] GC(142) Reference Processing 0.130ms
[8268.785s][debug][gc,phases      ] GC(142)   VM Weak                        Min:  0.0, Avg:  0.0, Max:  0.0, Diff:  0.0, Sum:  0.0, Workers: 4
[8268.785s][debug][gc,phases      ] GC(142)     Dead                           Min: 0, Avg:  0.0, Max: 0, Diff: 0, Sum: 0, Workers: 4
[8268.785s][debug][gc,phases      ] GC(142)     Total                          Min: 0, Avg: 210.8, Max: 522, Diff: 522, Sum: 843, Workers: 4
[8268.785s][debug][gc,phases      ] GC(142)   ObjectSynchronizer Weak        Min:  0.0, Avg:  0.0, Max:  0.0, Diff:  0.0, Sum:  0.0, Workers: 4
[8268.785s][debug][gc,phases      ] GC(142)     Dead                           Min: 0, Avg:  0.0, Max: 0, Diff: 0, Sum: 0, Workers: 4
[8268.785s][debug][gc,phases      ] GC(142)     Total                          Min: 0, Avg:  2.5, Max: 10, Diff: 10, Sum: 10, Workers: 4
[8268.785s][debug][gc,phases      ] GC(142)   JVMTI Tag Weak OopStorage      Min:  0.0, Avg:  0.0, Max:  0.0, Diff:  0.0, Sum:  0.0, Workers: 4
[8268.785s][debug][gc,phases      ] GC(142)     Dead                           Min: 0, Avg:  0.0, Max: 0, Diff: 0, Sum: 0, Workers: 4
[8268.785s][debug][gc,phases      ] GC(142)     Total                          Min: 0, Avg:  0.0, Max: 0, Diff: 0, Sum: 0, Workers: 4
[8268.785s][debug][gc,phases      ] GC(142)   StringTable Weak               Min:  0.1, Avg:  0.1, Max:  0.1, Diff:  0.0, Sum:  0.5, Workers: 4
[8268.785s][debug][gc,phases      ] GC(142)     Dead                           Min: 0, Avg:  1.0, Max: 3, Diff: 3, Sum: 4, Workers: 4
[8268.785s][debug][gc,phases      ] GC(142)     Total                          Min: 11840, Avg: 12062.8, Max: 12224, Diff: 384, Sum: 48251, Workers: 4
[8268.785s][debug][gc,phases      ] GC(142)   ResolvedMethodTable Weak       Min:  0.0, Avg:  0.0, Max:  0.0, Diff:  0.0, Sum:  0.2, Workers: 4
[8268.785s][debug][gc,phases      ] GC(142)     Dead                           Min: 6, Avg: 11.5, Max: 23, Diff: 17, Sum: 46, Workers: 4
[8268.785s][debug][gc,phases      ] GC(142)     Total                          Min: 3759, Avg: 3997.8, Max: 4326, Diff: 567, Sum: 15991, Workers: 4
[8268.785s][debug][gc,phases      ] GC(142)   JNI Weak                       Min:  0.0, Avg:  0.0, Max:  0.0, Diff:  0.0, Sum:  0.0, Workers: 4
[8268.785s][debug][gc,phases      ] GC(142)     Dead                           Min: 0, Avg:  0.0, Max: 0, Diff: 0, Sum: 0, Workers: 4
[8268.785s][debug][gc,phases      ] GC(142)     Total                          Min: 0, Avg: 13.0, Max: 52, Diff: 52, Sum: 52, Workers: 4
[8268.785s][debug][gc,phases      ] GC(142)   StringDedup Table Weak         Min:  0.0, Avg:  0.0, Max:  0.0, Diff:  0.0, Sum:  0.0, Workers: 4
[8268.785s][debug][gc,phases      ] GC(142)     Dead                           Min: 0, Avg:  0.0, Max: 0, Diff: 0, Sum: 0, Workers: 4
[8268.785s][debug][gc,phases      ] GC(142)     Total                          Min: 0, Avg:  0.0, Max: 0, Diff: 0, Sum: 0, Workers: 4
[8268.785s][debug][gc,phases      ] GC(142)   StringDedup Requests0 Weak     Min:  0.0, Avg:  0.0, Max:  0.0, Diff:  0.0, Sum:  0.0, Workers: 4
[8268.785s][debug][gc,phases      ] GC(142)     Dead                           Min: 0, Avg:  0.0, Max: 0, Diff: 0, Sum: 0, Workers: 4
[8268.785s][debug][gc,phases      ] GC(142)     Total                          Min: 0, Avg:  0.0, Max: 0, Diff: 0, Sum: 0, Workers: 4
[8268.785s][debug][gc,phases      ] GC(142)   StringDedup Requests1 Weak     Min:  0.0, Avg:  0.0, Max:  0.0, Diff:  0.0, Sum:  0.0, Workers: 4
[8268.785s][debug][gc,phases      ] GC(142)     Dead                           Min: 0, Avg:  0.0, Max: 0, Diff: 0, Sum: 0, Workers: 4
[8268.785s][debug][gc,phases      ] GC(142)     Total                          Min: 0, Avg:  0.0, Max: 0, Diff: 0, Sum: 0, Workers: 4
[8268.785s][debug][gc,phases      ] GC(142)   Weak JFR Old Object Samples    Min:  0.0, Avg:  0.0, Max:  0.0, Diff:  0.0, Sum:  0.0, Workers: 4
[8268.785s][debug][gc,phases      ] GC(142)     Dead                           Min: 0, Avg:  0.0, Max: 0, Diff: 0, Sum: 0, Workers: 4
[8268.785s][debug][gc,phases      ] GC(142)     Total                          Min: 0, Avg:  0.0, Max: 0, Diff: 0, Sum: 0, Workers: 4
[8268.785s][debug][gc,phases      ] GC(142) Weak Processing 0.327ms
[8268.785s][debug][gc,age         ] GC(142) Desired survivor size 53477376 bytes, new threshold 1 (max threshold 15)
[8268.785s][info ][gc,heap        ] GC(142) PSYoungGen: 1996800K(2046976K)->36464K(2040832K) Eden: 1996800K(1996800K)->0K(1992704K) From: 0K(50176K)->36464K(48128K)
[8268.785s][info ][gc,heap        ] GC(142) ParOldGen: 326699K(797696K)->326699K(797696K)
[8268.785s][info ][gc,metaspace   ] GC(142) Metaspace: 112602K(113792K)->112602K(113792K) NonClass: 95934K(96576K)->95934K(96576K) Class: 16668K(17216K)->16668K(17216K)
[8268.785s][info ][gc             ] GC(142) Pause Young (Allocation Failure) 2269M->354M(2772M) 13.888ms
[8268.785s][info ][gc,cpu         ] GC(142) User=0.05s Sys=0.00s Real=0.02s
[8268.785s][info ][safepoint      ] Safepoint "ParallelGCFailedAllocation", Time since last: 975506371 ns, Reaching safepoint: 86699 ns, Cleanup: 4400 ns, At safepoint: 13973415 ns, Total: 14064514 ns
[8269.785s][info ][safepoint      ] Safepoint "Cleanup", Time since last: 1000100721 ns, Reaching safepoint: 7600 ns, Cleanup: 11300 ns, At safepoint: 2700 ns, Total: 21600 ns
[8270.785s][info ][safepoint      ] Safepoint "Cleanup", Time since last: 1000115821 ns, Reaching safepoint: 7400 ns, Cleanup: 18900 ns, At safepoint: 2100 ns, Total: 28400 ns
[8271.786s][info ][safepoint      ] Safepoint "Cleanup", Time since last: 1000136681 ns, Reaching safepoint: 7700 ns, Cleanup: 15800 ns, At safepoint: 2700 ns, Total: 26200 ns
[8272.789s][info ][safepoint      ] Safepoint "Cleanup", Time since last: 1002981163 ns, Reaching safepoint: 83199 ns, Cleanup: 21600 ns, At safepoint: 16100 ns, Total: 120899 ns
[8273.789s][info ][safepoint      ] Safepoint "Cleanup", Time since last: 1000124480 ns, Reaching safepoint: 7900 ns, Cleanup: 34799 ns, At safepoint: 2700 ns, Total: 45399 ns
[8276.789s][info ][safepoint      ] Safepoint "Cleanup", Time since last: 3000267041 ns, Reaching safepoint: 7499 ns, Cleanup: 20800 ns, At safepoint: 2400 ns, Total: 30699 ns
[8280.790s][info ][safepoint      ] Safepoint "Cleanup", Time since last: 4000334033 ns, Reaching safepoint: 7700 ns, Cleanup: 11400 ns, At safepoint: 2700 ns, Total: 21800 ns
[8281.790s][info ][safepoint      ] Safepoint "Cleanup", Time since last: 1000127283 ns, Reaching safepoint: 7100 ns, Cleanup: 26800 ns, At safepoint: 6200 ns, Total: 40100 ns
[8283.557s][info ][safepoint      ] Safepoint "Cleanup", Time since last: 1766828418 ns, Reaching safepoint: 7000 ns, Cleanup: 71900 ns, At safepoint: 2700 ns, Total: 81600 ns
[8285.557s][info ][safepoint      ] Safepoint "Cleanup", Time since last: 2000178967 ns, Reaching safepoint: 6700 ns, Cleanup: 19900 ns, At safepoint: 2500 ns, Total: 29100 ns
[8286.557s][info ][safepoint      ] Safepoint "Cleanup", Time since last: 1000113484 ns, Reaching safepoint: 6400 ns, Cleanup: 15200 ns, At safepoint: 1999 ns, Total: 23599 ns
[8291.557s][info ][safepoint      ] Safepoint "Cleanup", Time since last: 5000390823 ns, Reaching safepoint: 7900 ns, Cleanup: 16200 ns, At safepoint: 2300 ns, Total: 26400 ns
[8299.558s][info ][safepoint      ] Safepoint "Cleanup", Time since last: 8000613095 ns, Reaching safepoint: 7400 ns, Cleanup: 11100 ns, At safepoint: 2200 ns, Total: 20700 ns
[8301.558s][info ][safepoint      ] Safepoint "Cleanup", Time since last: 2000178319 ns, Reaching safepoint: 7400 ns, Cleanup: 11600 ns, At safepoint: 2300 ns, Total: 21300 ns
[8302.558s][info ][safepoint      ] Safepoint "Cleanup", Time since last: 1000115068 ns, Reaching safepoint: 6700 ns, Cleanup: 12400 ns, At safepoint: 2200 ns, Total: 21300 ns
[8304.559s][info ][safepoint      ] Safepoint "Cleanup", Time since last: 2000173809 ns, Reaching safepoint: 6400 ns, Cleanup: 9700 ns, At safepoint: 1900 ns, Total: 18000 ns
[8308.071s][info ][gc,start       ] GC(143) Pause Young (Allocation Failure)
[8308.085s][debug][gc,phases      ] GC(143) Scavenge 14.231ms
[8308.085s][debug][gc,ref         ] GC(143) ReferenceProcessor::execute queues: 1, RefProcThreadModel::Single, marks_oops_alive: false
[8308.085s][debug][gc,ref         ] GC(143) Skipped KeepAliveFinalRefsPhase of Reference Processing: no references
[8308.085s][debug][gc,ref         ] GC(143) ReferenceProcessor::execute queues: 1, RefProcThreadModel::Single, marks_oops_alive: false
[8308.085s][debug][gc,phases      ] GC(143) Reference Processing 0.105ms
[8308.085s][debug][gc,phases      ] GC(143)   VM Weak                        Min:  0.0, Avg:  0.0, Max:  0.0, Diff:  0.0, Sum:  0.0, Workers: 4
[8308.085s][debug][gc,phases      ] GC(143)     Dead                           Min: 0, Avg:  0.0, Max: 0, Diff: 0, Sum: 0, Workers: 4
[8308.085s][debug][gc,phases      ] GC(143)     Total                          Min: 0, Avg: 211.0, Max: 419, Diff: 419, Sum: 844, Workers: 4
[8308.085s][debug][gc,phases      ] GC(143)   ObjectSynchronizer Weak        Min:  0.0, Avg:  0.0, Max:  0.0, Diff:  0.0, Sum:  0.0, Workers: 4
[8308.085s][debug][gc,phases      ] GC(143)     Dead                           Min: 0, Avg:  0.0, Max: 0, Diff: 0, Sum: 0, Workers: 4
[8308.085s][debug][gc,phases      ] GC(143)     Total                          Min: 0, Avg:  1.0, Max: 4, Diff: 4, Sum: 4, Workers: 4
[8308.085s][debug][gc,phases      ] GC(143)   JVMTI Tag Weak OopStorage      Min:  0.0, Avg:  0.0, Max:  0.0, Diff:  0.0, Sum:  0.0, Workers: 4
[8308.085s][debug][gc,phases      ] GC(143)     Dead                           Min: 0, Avg:  0.0, Max: 0, Diff: 0, Sum: 0, Workers: 4
[8308.085s][debug][gc,phases      ] GC(143)     Total                          Min: 0, Avg:  0.0, Max: 0, Diff: 0, Sum: 0, Workers: 4
[8308.085s][debug][gc,phases      ] GC(143)   StringTable Weak               Min:  0.0, Avg:  0.1, Max:  0.1, Diff:  0.1, Sum:  0.4, Workers: 4
[8308.085s][debug][gc,phases      ] GC(143)     Dead                           Min: 0, Avg:  0.2, Max: 1, Diff: 1, Sum: 1, Workers: 4
[8308.085s][debug][gc,phases      ] GC(143)     Total                          Min: 0, Avg: 12075.8, Max: 20160, Diff: 20160, Sum: 48303, Workers: 4
[8308.085s][debug][gc,phases      ] GC(143)   ResolvedMethodTable Weak       Min:  0.0, Avg:  0.0, Max:  0.0, Diff:  0.0, Sum:  0.1, Workers: 4
[8308.085s][debug][gc,phases      ] GC(143)     Dead                           Min: 0, Avg:  7.0, Max: 21, Diff: 21, Sum: 28, Workers: 4
[8308.085s][debug][gc,phases      ] GC(143)     Total                          Min: 0, Avg: 4007.5, Max: 6472, Diff: 6472, Sum: 16030, Workers: 4
[8308.085s][debug][gc,phases      ] GC(143)   JNI Weak                       Min:  0.0, Avg:  0.0, Max:  0.0, Diff:  0.0, Sum:  0.0, Workers: 4
[8308.085s][debug][gc,phases      ] GC(143)     Dead                           Min: 0, Avg:  0.0, Max: 0, Diff: 0, Sum: 0, Workers: 4
[8308.085s][debug][gc,phases      ] GC(143)     Total                          Min: 0, Avg: 13.0, Max: 52, Diff: 52, Sum: 52, Workers: 4
[8308.085s][debug][gc,phases      ] GC(143)   StringDedup Table Weak         Min:  0.0, Avg:  0.0, Max:  0.0, Diff:  0.0, Sum:  0.0, Workers: 4
[8308.085s][debug][gc,phases      ] GC(143)     Dead                           Min: 0, Avg:  0.0, Max: 0, Diff: 0, Sum: 0, Workers: 4
[8308.085s][debug][gc,phases      ] GC(143)     Total                          Min: 0, Avg:  0.0, Max: 0, Diff: 0, Sum: 0, Workers: 4
[8308.085s][debug][gc,phases      ] GC(143)   StringDedup Requests0 Weak     Min:  0.0, Avg:  0.0, Max:  0.0, Diff:  0.0, Sum:  0.0, Workers: 4
[8308.085s][debug][gc,phases      ] GC(143)     Dead                           Min: 0, Avg:  0.0, Max: 0, Diff: 0, Sum: 0, Workers: 4
[8308.085s][debug][gc,phases      ] GC(143)     Total                          Min: 0, Avg:  0.0, Max: 0, Diff: 0, Sum: 0, Workers: 4
[8308.085s][debug][gc,phases      ] GC(143)   StringDedup Requests1 Weak     Min:  0.0, Avg:  0.0, Max:  0.0, Diff:  0.0, Sum:  0.0, Workers: 4
[8308.085s][debug][gc,phases      ] GC(143)     Dead                           Min: 0, Avg:  0.0, Max: 0, Diff: 0, Sum: 0, Workers: 4
[8308.085s][debug][gc,phases      ] GC(143)     Total                          Min: 0, Avg:  0.0, Max: 0, Diff: 0, Sum: 0, Workers: 4
[8308.085s][debug][gc,phases      ] GC(143)   Weak JFR Old Object Samples    Min:  0.0, Avg:  0.0, Max:  0.0, Diff:  0.0, Sum:  0.0, Workers: 4
[8308.085s][debug][gc,phases      ] GC(143)     Dead                           Min: 0, Avg:  0.0, Max: 0, Diff: 0, Sum: 0, Workers: 4
[8308.085s][debug][gc,phases      ] GC(143)     Total                          Min: 0, Avg:  0.0, Max: 0, Diff: 0, Sum: 0, Workers: 4
[8308.085s][debug][gc,phases      ] GC(143) Weak Processing 0.346ms
[8308.085s][debug][gc,age         ] GC(143) Desired survivor size 51380224 bytes, new threshold 1 (max threshold 15)
[8308.085s][info ][gc,heap        ] GC(143) PSYoungGen: 2029168K(2040832K)->10560K(2044928K) Eden: 1992704K(1992704K)->0K(1992704K) From: 36464K(48128K)->10560K(52224K)
[8308.085s][info ][gc,heap        ] GC(143) ParOldGen: 326699K(797696K)->361037K(797696K)
[8308.085s][info ][gc,metaspace   ] GC(143) Metaspace: 112773K(114048K)->112773K(114048K) NonClass: 96078K(96768K)->96078K(96768K) Class: 16694K(17280K)->16694K(17280K)
[8308.086s][info ][gc             ] GC(143) Pause Young (Allocation Failure) 2300M->362M(2776M) 14.829ms
[8308.086s][info ][gc,cpu         ] GC(143) User=0.05s Sys=0.00s Real=0.02s
[8308.086s][info ][safepoint      ] Safepoint "ParallelGCFailedAllocation", Time since last: 3512003110 ns, Reaching safepoint: 84599 ns, Cleanup: 4700 ns, At safepoint: 14910109 ns, Total: 14999408 ns
[8310.086s][info ][safepoint      ] Safepoint "Cleanup", Time since last: 2000151904 ns, Reaching safepoint: 7099 ns, Cleanup: 17900 ns, At safepoint: 2200 ns, Total: 27199 ns
[8311.086s][info ][safepoint      ] Safepoint "Cleanup", Time since last: 1000117587 ns, Reaching safepoint: 8299 ns, Cleanup: 11600 ns, At safepoint: 2600 ns, Total: 22499 ns
[8314.086s][info ][safepoint      ] Safepoint "Cleanup", Time since last: 3000257546 ns, Reaching safepoint: 8800 ns, Cleanup: 12399 ns, At safepoint: 2300 ns, Total: 23499 ns
[8316.086s][info ][safepoint      ] Safepoint "Cleanup", Time since last: 2000178047 ns, Reaching safepoint: 6500 ns, Cleanup: 10400 ns, At safepoint: 2500 ns, Total: 19400 ns
[8320.087s][info ][safepoint      ] Safepoint "Cleanup", Time since last: 4000322082 ns, Reaching safepoint: 8000 ns, Cleanup: 11100 ns, At safepoint: 3000 ns, Total: 22100 ns
[8321.087s][info ][safepoint      ] Safepoint "Cleanup", Time since last: 1000115089 ns, Reaching safepoint: 7400 ns, Cleanup: 11300 ns, At safepoint: 2200 ns, Total: 20900 ns
[8323.087s][info ][safepoint      ] Safepoint "Cleanup", Time since last: 2000189280 ns, Reaching safepoint: 7600 ns, Cleanup: 11300 ns, At safepoint: 2400 ns, Total: 21300 ns
[8325.087s][info ][safepoint      ] Safepoint "Cleanup", Time since last: 2000192479 ns, Reaching safepoint: 7700 ns, Cleanup: 19800 ns, At safepoint: 2600 ns, Total: 30100 ns
[8326.087s][info ][safepoint      ] Safepoint "Cleanup", Time since last: 1000115289 ns, Reaching safepoint: 6500 ns, Cleanup: 19300 ns, At safepoint: 2200 ns, Total: 28000 ns
[8327.088s][info ][safepoint      ] Safepoint "Cleanup", Time since last: 1000123483 ns, Reaching safepoint: 7300 ns, Cleanup: 11599 ns, At safepoint: 2300 ns, Total: 21199 ns
[8331.088s][info ][safepoint      ] Safepoint "Cleanup", Time since last: 4000357710 ns, Reaching safepoint: 7000 ns, Cleanup: 14400 ns, At safepoint: 2100 ns, Total: 23500 ns
[8334.088s][info ][safepoint      ] Safepoint "Cleanup", Time since last: 3000270657 ns, Reaching safepoint: 6700 ns, Cleanup: 17199 ns, At safepoint: 2900 ns, Total: 26799 ns
[8340.089s][info ][safepoint      ] Safepoint "Cleanup", Time since last: 6000542860 ns, Reaching safepoint: 7400 ns, Cleanup: 12900 ns, At safepoint: 21599 ns, Total: 41899 ns
[8350.581s][info ][safepoint      ] Safepoint "Cleanup", Time since last: 10491848259 ns, Reaching safepoint: 6200 ns, Cleanup: 12000 ns, At safepoint: 2200 ns, Total: 20400 ns
[8351.581s][info ][safepoint      ] Safepoint "Cleanup", Time since last: 1000104133 ns, Reaching safepoint: 6600 ns, Cleanup: 13999 ns, At safepoint: 2300 ns, Total: 22899 ns
[8355.581s][info ][safepoint      ] Safepoint "Cleanup", Time since last: 4000316845 ns, Reaching safepoint: 6300 ns, Cleanup: 14100 ns, At safepoint: 2200 ns, Total: 22600 ns
[8360.582s][info ][safepoint      ] Safepoint "Cleanup", Time since last: 5000392814 ns, Reaching safepoint: 6500 ns, Cleanup: 9500 ns, At safepoint: 2300 ns, Total: 18300 ns
[8362.582s][info ][safepoint      ] Safepoint "Cleanup", Time since last: 2000747567 ns, Reaching safepoint: 5800 ns, Cleanup: 9700 ns, At safepoint: 1800 ns, Total: 17300 ns
[8363.022s][info ][safepoint      ] Safepoint "ParallelGCFailedAllocation", Time since last: 440022278 ns, Reaching safepoint: 90699 ns, Cleanup: 5000 ns, At safepoint: 21700 ns, Total: 117399 ns
[8363.023s][info ][gc,start       ] GC(144) Pause Young (GCLocker Initiated GC)
[8363.029s][debug][gc,phases      ] GC(144) Scavenge 6.011ms
[8363.029s][debug][gc,ref         ] GC(144) ReferenceProcessor::execute queues: 1, RefProcThreadModel::Single, marks_oops_alive: false
[8363.029s][debug][gc,ref         ] GC(144) Skipped KeepAliveFinalRefsPhase of Reference Processing: no references
[8363.029s][debug][gc,ref         ] GC(144) ReferenceProcessor::execute queues: 1, RefProcThreadModel::Single, marks_oops_alive: false
[8363.029s][debug][gc,phases      ] GC(144) Reference Processing 0.121ms
[8363.029s][debug][gc,phases      ] GC(144)   VM Weak                        Min:  0.0, Avg:  0.0, Max:  0.0, Diff:  0.0, Sum:  0.0, Workers: 4
[8363.029s][debug][gc,phases      ] GC(144)     Dead                           Min: 0, Avg:  0.0, Max: 0, Diff: 0, Sum: 0, Workers: 4
[8363.029s][debug][gc,phases      ] GC(144)     Total                          Min: 0, Avg: 212.2, Max: 434, Diff: 434, Sum: 849, Workers: 4
[8363.029s][debug][gc,phases      ] GC(144)   ObjectSynchronizer Weak        Min:  0.0, Avg:  0.0, Max:  0.0, Diff:  0.0, Sum:  0.0, Workers: 4
[8363.029s][debug][gc,phases      ] GC(144)     Dead                           Min: 0, Avg:  0.0, Max: 0, Diff: 0, Sum: 0, Workers: 4
[8363.029s][debug][gc,phases      ] GC(144)     Total                          Min: 0, Avg:  1.0, Max: 4, Diff: 4, Sum: 4, Workers: 4
[8363.029s][debug][gc,phases      ] GC(144)   JVMTI Tag Weak OopStorage      Min:  0.0, Avg:  0.0, Max:  0.0, Diff:  0.0, Sum:  0.0, Workers: 4
[8363.029s][debug][gc,phases      ] GC(144)     Dead                           Min: 0, Avg:  0.0, Max: 0, Diff: 0, Sum: 0, Workers: 4
[8363.029s][debug][gc,phases      ] GC(144)     Total                          Min: 0, Avg:  0.0, Max: 0, Diff: 0, Sum: 0, Workers: 4
[8363.029s][debug][gc,phases      ] GC(144)   StringTable Weak               Min:  0.0, Avg:  0.1, Max:  0.2, Diff:  0.2, Sum:  0.4, Workers: 4
[8363.029s][debug][gc,phases      ] GC(144)     Dead                           Min: 0, Avg:  0.0, Max: 0, Diff: 0, Sum: 0, Workers: 4
[8363.029s][debug][gc,phases      ] GC(144)     Total                          Min: 0, Avg: 12077.5, Max: 24319, Diff: 24319, Sum: 48310, Workers: 4
[8363.029s][debug][gc,phases      ] GC(144)   ResolvedMethodTable Weak       Min:  0.0, Avg:  0.0, Max:  0.1, Diff:  0.1, Sum:  0.1, Workers: 4
[8363.029s][debug][gc,phases      ] GC(144)     Dead                           Min: 0, Avg:  4.0, Max: 16, Diff: 16, Sum: 16, Workers: 4
[8363.029s][debug][gc,phases      ] GC(144)     Total                          Min: 0, Avg: 4013.2, Max: 8073, Diff: 8073, Sum: 16053, Workers: 4
[8363.029s][debug][gc,phases      ] GC(144)   JNI Weak                       Min:  0.0, Avg:  0.0, Max:  0.0, Diff:  0.0, Sum:  0.0, Workers: 4
[8363.029s][debug][gc,phases      ] GC(144)     Dead                           Min: 0, Avg:  0.0, Max: 0, Diff: 0, Sum: 0, Workers: 4
[8363.029s][debug][gc,phases      ] GC(144)     Total                          Min: 0, Avg: 13.0, Max: 52, Diff: 52, Sum: 52, Workers: 4
[8363.029s][debug][gc,phases      ] GC(144)   StringDedup Table Weak         Min:  0.0, Avg:  0.0, Max:  0.0, Diff:  0.0, Sum:  0.0, Workers: 4
[8363.029s][debug][gc,phases      ] GC(144)     Dead                           Min: 0, Avg:  0.0, Max: 0, Diff: 0, Sum: 0, Workers: 4
[8363.029s][debug][gc,phases      ] GC(144)     Total                          Min: 0, Avg:  0.0, Max: 0, Diff: 0, Sum: 0, Workers: 4
[8363.029s][debug][gc,phases      ] GC(144)   StringDedup Requests0 Weak     Min:  0.0, Avg:  0.0, Max:  0.0, Diff:  0.0, Sum:  0.0, Workers: 4
[8363.029s][debug][gc,phases      ] GC(144)     Dead                           Min: 0, Avg:  0.0, Max: 0, Diff: 0, Sum: 0, Workers: 4
[8363.029s][debug][gc,phases      ] GC(144)     Total                          Min: 0, Avg:  0.0, Max: 0, Diff: 0, Sum: 0, Workers: 4
[8363.029s][debug][gc,phases      ] GC(144)   StringDedup Requests1 Weak     Min:  0.0, Avg:  0.0, Max:  0.0, Diff:  0.0, Sum:  0.0, Workers: 4
[8363.029s][debug][gc,phases      ] GC(144)     Dead                           Min: 0, Avg:  0.0, Max: 0, Diff: 0, Sum: 0, Workers: 4
[8363.029s][debug][gc,phases      ] GC(144)     Total                          Min: 0, Avg:  0.0, Max: 0, Diff: 0, Sum: 0, Workers: 4
[8363.029s][debug][gc,phases      ] GC(144)   Weak JFR Old Object Samples    Min:  0.0, Avg:  0.0, Max:  0.0, Diff:  0.0, Sum:  0.0, Workers: 4
[8363.029s][debug][gc,phases      ] GC(144)     Dead                           Min: 0, Avg:  0.0, Max: 0, Diff: 0, Sum: 0, Workers: 4
[8363.029s][debug][gc,phases      ] GC(144)     Total                          Min: 0, Avg:  0.0, Max: 0, Diff: 0, Sum: 0, Workers: 4
[8363.029s][debug][gc,phases      ] GC(144) Weak Processing 0.532ms
[8363.029s][debug][gc,age         ] GC(144) Desired survivor size 50331648 bytes, new threshold 1 (max threshold 15)
[8363.030s][info ][gc,heap        ] GC(144) PSYoungGen: 2003264K(2044928K)->4400K(2048000K) Eden: 1992704K(1992704K)->0K(1997824K) From: 10560K(52224K)->4400K(50176K)
[8363.030s][info ][gc,heap        ] GC(144) ParOldGen: 361037K(797696K)->368850K(797696K)
[8363.030s][info ][gc,metaspace   ] GC(144) Metaspace: 112800K(114048K)->112800K(114048K) NonClass: 96099K(96768K)->96099K(96768K) Class: 16701K(17280K)->16701K(17280K)
[8363.030s][info ][gc             ] GC(144) Pause Young (GCLocker Initiated GC) 2308M->364M(2779M) 6.785ms
[8363.030s][info ][gc,cpu         ] GC(144) User=0.02s Sys=0.00s Real=0.01s
[8363.030s][info ][safepoint      ] Safepoint "ParallelGCSystemGC", Time since last: 174799 ns, Reaching safepoint: 80899 ns, Cleanup: 2100 ns, At safepoint: 6876256 ns, Total: 6959255 ns
[8365.031s][info ][safepoint      ] Safepoint "Cleanup", Time since last: 2001189265 ns, Reaching safepoint: 6099 ns, Cleanup: 8900 ns, At safepoint: 2500 ns, Total: 17499 ns
[8366.031s][info ][safepoint      ] Safepoint "Cleanup", Time since last: 1000107286 ns, Reaching safepoint: 6000 ns, Cleanup: 14400 ns, At safepoint: 2000 ns, Total: 22400 ns
[8368.031s][info ][safepoint      ] Safepoint "Cleanup", Time since last: 2000164020 ns, Reaching safepoint: 6800 ns, Cleanup: 15200 ns, At safepoint: 2400 ns, Total: 24400 ns
[8372.031s][info ][safepoint      ] Safepoint "Cleanup", Time since last: 4000307610 ns, Reaching safepoint: 6300 ns, Cleanup: 13400 ns, At safepoint: 2700 ns, Total: 22400 ns
[8374.032s][info ][safepoint      ] Safepoint "Cleanup", Time since last: 2000184816 ns, Reaching safepoint: 6900 ns, Cleanup: 10800 ns, At safepoint: 2599 ns, Total: 20299 ns
[8380.032s][info ][safepoint      ] Safepoint "Cleanup", Time since last: 6000465164 ns, Reaching safepoint: 4800 ns, Cleanup: 13600 ns, At safepoint: 1800 ns, Total: 20200 ns
[8381.032s][info ][safepoint      ] Safepoint "Cleanup", Time since last: 1000108359 ns, Reaching safepoint: 6100 ns, Cleanup: 13000 ns, At safepoint: 1700 ns, Total: 20800 ns
[8382.032s][info ][safepoint      ] Safepoint "Cleanup", Time since last: 1000116837 ns, Reaching safepoint: 6900 ns, Cleanup: 8400 ns, At safepoint: 2600 ns, Total: 17900 ns
[8386.033s][info ][safepoint      ] Safepoint "Cleanup", Time since last: 4000356768 ns, Reaching safepoint: 5499 ns, Cleanup: 11600 ns, At safepoint: 1800 ns, Total: 18899 ns
[8395.034s][info ][safepoint      ] Safepoint "Cleanup", Time since last: 9000711633 ns, Reaching safepoint: 5400 ns, Cleanup: 10600 ns, At safepoint: 2000 ns, Total: 18000 ns
[8402.603s][info ][safepoint      ] Safepoint "Cleanup", Time since last: 7569702752 ns, Reaching safepoint: 4900 ns, Cleanup: 9200 ns, At safepoint: 4600 ns, Total: 18700 ns
[8411.604s][info ][safepoint      ] Safepoint "Cleanup", Time since last: 9000749421 ns, Reaching safepoint: 76699 ns, Cleanup: 24000 ns, At safepoint: 6000 ns, Total: 106699 ns
[8412.604s][info ][safepoint      ] Safepoint "Cleanup", Time since last: 1000121155 ns, Reaching safepoint: 6999 ns, Cleanup: 9300 ns, At safepoint: 2400 ns, Total: 18699 ns
[8415.604s][info ][safepoint      ] Safepoint "Cleanup", Time since last: 3000243227 ns, Reaching safepoint: 6400 ns, Cleanup: 9600 ns, At safepoint: 2100 ns, Total: 18100 ns
[8416.605s][info ][safepoint      ] Safepoint "Cleanup", Time since last: 1000116192 ns, Reaching safepoint: 7100 ns, Cleanup: 9300 ns, At safepoint: 2400 ns, Total: 18800 ns
[8417.170s][info ][gc,start       ] GC(145) Pause Young (Allocation Failure)
[8417.173s][debug][gc,phases      ] GC(145) Scavenge 2.997ms
[8417.173s][debug][gc,ref         ] GC(145) ReferenceProcessor::execute queues: 1, RefProcThreadModel::Single, marks_oops_alive: false
[8417.173s][debug][gc,ref         ] GC(145) Skipped KeepAliveFinalRefsPhase of Reference Processing: no references
[8417.173s][debug][gc,ref         ] GC(145) ReferenceProcessor::execute queues: 1, RefProcThreadModel::Single, marks_oops_alive: false
[8417.173s][debug][gc,phases      ] GC(145) Reference Processing 0.102ms
[8417.173s][debug][gc,phases      ] GC(145)   VM Weak                        Min:  0.0, Avg:  0.0, Max:  0.0, Diff:  0.0, Sum:  0.0, Workers: 4
[8417.173s][debug][gc,phases      ] GC(145)     Dead                           Min: 0, Avg:  0.0, Max: 0, Diff: 0, Sum: 0, Workers: 4
[8417.173s][debug][gc,phases      ] GC(145)     Total                          Min: 0, Avg: 213.0, Max: 474, Diff: 474, Sum: 852, Workers: 4
[8417.173s][debug][gc,phases      ] GC(145)   ObjectSynchronizer Weak        Min:  0.0, Avg:  0.0, Max:  0.0, Diff:  0.0, Sum:  0.0, Workers: 4
[8417.173s][debug][gc,phases      ] GC(145)     Dead                           Min: 0, Avg:  0.5, Max: 2, Diff: 2, Sum: 2, Workers: 4
[8417.173s][debug][gc,phases      ] GC(145)     Total                          Min: 0, Avg:  1.5, Max: 6, Diff: 6, Sum: 6, Workers: 4
[8417.173s][debug][gc,phases      ] GC(145)   JVMTI Tag Weak OopStorage      Min:  0.0, Avg:  0.0, Max:  0.0, Diff:  0.0, Sum:  0.0, Workers: 4
[8417.173s][debug][gc,phases      ] GC(145)     Dead                           Min: 0, Avg:  0.0, Max: 0, Diff: 0, Sum: 0, Workers: 4
[8417.173s][debug][gc,phases      ] GC(145)     Total                          Min: 0, Avg:  0.0, Max: 0, Diff: 0, Sum: 0, Workers: 4
[8417.173s][debug][gc,phases      ] GC(145)   StringTable Weak               Min:  0.1, Avg:  0.1, Max:  0.1, Diff:  0.1, Sum:  0.4, Workers: 4
[8417.173s][debug][gc,phases      ] GC(145)     Dead                           Min: 0, Avg:  0.2, Max: 1, Diff: 1, Sum: 1, Workers: 4
[8417.173s][debug][gc,phases      ] GC(145)     Total                          Min: 8640, Avg: 12079.0, Max: 14271, Diff: 5631, Sum: 48316, Workers: 4
[8417.173s][debug][gc,phases      ] GC(145)   ResolvedMethodTable Weak       Min:  0.0, Avg:  0.0, Max:  0.0, Diff:  0.0, Sum:  0.2, Workers: 4
[8417.173s][debug][gc,phases      ] GC(145)     Dead                           Min: 0, Avg:  4.2, Max: 16, Diff: 16, Sum: 17, Workers: 4
[8417.173s][debug][gc,phases      ] GC(145)     Total                          Min: 3872, Avg: 4016.0, Max: 4151, Diff: 279, Sum: 16064, Workers: 4
[8417.173s][debug][gc,phases      ] GC(145)   JNI Weak                       Min:  0.0, Avg:  0.0, Max:  0.0, Diff:  0.0, Sum:  0.0, Workers: 4
[8417.173s][debug][gc,phases      ] GC(145)     Dead                           Min: 0, Avg:  0.0, Max: 0, Diff: 0, Sum: 0, Workers: 4
[8417.173s][debug][gc,phases      ] GC(145)     Total                          Min: 0, Avg: 13.0, Max: 52, Diff: 52, Sum: 52, Workers: 4
[8417.173s][debug][gc,phases      ] GC(145)   StringDedup Table Weak         Min:  0.0, Avg:  0.0, Max:  0.0, Diff:  0.0, Sum:  0.0, Workers: 4
[8417.173s][debug][gc,phases      ] GC(145)     Dead                           Min: 0, Avg:  0.0, Max: 0, Diff: 0, Sum: 0, Workers: 4
[8417.173s][debug][gc,phases      ] GC(145)     Total                          Min: 0, Avg:  0.0, Max: 0, Diff: 0, Sum: 0, Workers: 4
[8417.174s][debug][gc,phases      ] GC(145)   StringDedup Requests0 Weak     Min:  0.0, Avg:  0.0, Max:  0.0, Diff:  0.0, Sum:  0.0, Workers: 4
[8417.174s][debug][gc,phases      ] GC(145)     Dead                           Min: 0, Avg:  0.0, Max: 0, Diff: 0, Sum: 0, Workers: 4
[8417.174s][debug][gc,phases      ] GC(145)     Total                          Min: 0, Avg:  0.0, Max: 0, Diff: 0, Sum: 0, Workers: 4
[8417.174s][debug][gc,phases      ] GC(145)   StringDedup Requests1 Weak     Min:  0.0, Avg:  0.0, Max:  0.0, Diff:  0.0, Sum:  0.0, Workers: 4
[8417.174s][debug][gc,phases      ] GC(145)     Dead                           Min: 0, Avg:  0.0, Max: 0, Diff: 0, Sum: 0, Workers: 4
[8417.174s][debug][gc,phases      ] GC(145)     Total                          Min: 0, Avg:  0.0, Max: 0, Diff: 0, Sum: 0, Workers: 4
[8417.174s][debug][gc,phases      ] GC(145)   Weak JFR Old Object Samples    Min:  0.0, Avg:  0.0, Max:  0.0, Diff:  0.0, Sum:  0.0, Workers: 4
[8417.174s][debug][gc,phases      ] GC(145)     Dead                           Min: 0, Avg:  0.0, Max: 0, Diff: 0, Sum: 0, Workers: 4
[8417.174s][debug][gc,phases      ] GC(145)     Total                          Min: 0, Avg:  0.0, Max: 0, Diff: 0, Sum: 0, Workers: 4
[8417.174s][debug][gc,phases      ] GC(145) Weak Processing 0.388ms
[8417.174s][debug][gc,age         ] GC(145) Desired survivor size 49283072 bytes, new threshold 1 (max threshold 15)
[8417.174s][info ][gc,heap        ] GC(145) PSYoungGen: 2002224K(2048000K)->4497K(2046976K) Eden: 1997824K(1997824K)->0K(1997824K) From: 4400K(50176K)->4497K(49152K)
[8417.174s][info ][gc,heap        ] GC(145) ParOldGen: 368852K(797696K)->369880K(797696K)
[8417.174s][info ][gc,metaspace   ] GC(145) Metaspace: 112827K(114048K)->112827K(114048K) NonClass: 96122K(96768K)->96122K(96768K) Class: 16704K(17280K)->16704K(17280K)
[8417.174s][info ][gc             ] GC(145) Pause Young (Allocation Failure) 2315M->365M(2778M) 3.619ms
[8417.174s][info ][gc,cpu         ] GC(145) User=0.01s Sys=0.00s Real=0.00s
[8417.174s][info ][safepoint      ] Safepoint "ParallelGCFailedAllocation", Time since last: 565225508 ns, Reaching safepoint: 83500 ns, Cleanup: 5100 ns, At safepoint: 3697075 ns, Total: 3785675 ns
[8420.174s][info ][safepoint      ] Safepoint "Cleanup", Time since last: 3000233175 ns, Reaching safepoint: 8600 ns, Cleanup: 9500 ns, At safepoint: 2100 ns, Total: 20200 ns
[8421.174s][info ][safepoint      ] Safepoint "Cleanup", Time since last: 1000107091 ns, Reaching safepoint: 7300 ns, Cleanup: 11300 ns, At safepoint: 1900 ns, Total: 20500 ns
[8422.174s][info ][safepoint      ] Safepoint "Cleanup", Time since last: 1000105391 ns, Reaching safepoint: 7400 ns, Cleanup: 11300 ns, At safepoint: 2200 ns, Total: 20900 ns
[8427.175s][info ][safepoint      ] Safepoint "Cleanup", Time since last: 5000384175 ns, Reaching safepoint: 6000 ns, Cleanup: 9000 ns, At safepoint: 2100 ns, Total: 17100 ns
[8430.175s][info ][safepoint      ] Safepoint "Cleanup", Time since last: 3000253121 ns, Reaching safepoint: 7400 ns, Cleanup: 11999 ns, At safepoint: 2400 ns, Total: 21799 ns
[8433.175s][info ][safepoint      ] Safepoint "Cleanup", Time since last: 3000275098 ns, Reaching safepoint: 8400 ns, Cleanup: 10300 ns, At safepoint: 3100 ns, Total: 21800 ns
[8470.020s][info ][gc,start       ] GC(146) Pause Young (Allocation Failure)
[8470.023s][debug][gc,phases      ] GC(146) Scavenge 2.745ms
[8470.023s][debug][gc,ref         ] GC(146) ReferenceProcessor::execute queues: 1, RefProcThreadModel::Single, marks_oops_alive: false
[8470.023s][debug][gc,ref         ] GC(146) Skipped KeepAliveFinalRefsPhase of Reference Processing: no references
[8470.023s][debug][gc,ref         ] GC(146) ReferenceProcessor::execute queues: 1, RefProcThreadModel::Single, marks_oops_alive: false
[8470.023s][debug][gc,phases      ] GC(146) Reference Processing 0.140ms
[8470.024s][debug][gc,phases      ] GC(146)   VM Weak                        Min:  0.0, Avg:  0.0, Max:  0.0, Diff:  0.0, Sum:  0.0, Workers: 4
[8470.024s][debug][gc,phases      ] GC(146)     Dead                           Min: 0, Avg:  0.0, Max: 0, Diff: 0, Sum: 0, Workers: 4
[8470.024s][debug][gc,phases      ] GC(146)     Total                          Min: 0, Avg: 213.0, Max: 685, Diff: 685, Sum: 852, Workers: 4
[8470.024s][debug][gc,phases      ] GC(146)   ObjectSynchronizer Weak        Min:  0.0, Avg:  0.0, Max:  0.0, Diff:  0.0, Sum:  0.0, Workers: 4
[8470.024s][debug][gc,phases      ] GC(146)     Dead                           Min: 0, Avg:  0.0, Max: 0, Diff: 0, Sum: 0, Workers: 4
[8470.024s][debug][gc,phases      ] GC(146)     Total                          Min: 0, Avg:  0.8, Max: 3, Diff: 3, Sum: 3, Workers: 4
[8470.024s][debug][gc,phases      ] GC(146)   JVMTI Tag Weak OopStorage      Min:  0.0, Avg:  0.0, Max:  0.0, Diff:  0.0, Sum:  0.0, Workers: 4
[8470.024s][debug][gc,phases      ] GC(146)     Dead                           Min: 0, Avg:  0.0, Max: 0, Diff: 0, Sum: 0, Workers: 4
[8470.024s][debug][gc,phases      ] GC(146)     Total                          Min: 0, Avg:  0.0, Max: 0, Diff: 0, Sum: 0, Workers: 4
[8470.024s][debug][gc,phases      ] GC(146)   StringTable Weak               Min:  0.1, Avg:  0.1, Max:  0.1, Diff:  0.0, Sum:  0.5, Workers: 4
[8470.024s][debug][gc,phases      ] GC(146)     Dead                           Min: 0, Avg:  0.0, Max: 0, Diff: 0, Sum: 0, Workers: 4
[8470.024s][debug][gc,phases      ] GC(146)     Total                          Min: 5120, Avg: 12080.2, Max: 14912, Diff: 9792, Sum: 48321, Workers: 4
[8470.024s][debug][gc,phases      ] GC(146)   ResolvedMethodTable Weak       Min:  0.0, Avg:  0.1, Max:  0.1, Diff:  0.0, Sum:  0.2, Workers: 4
[8470.024s][debug][gc,phases      ] GC(146)     Dead                           Min: 0, Avg:  4.0, Max: 15, Diff: 15, Sum: 16, Workers: 4
[8470.024s][debug][gc,phases      ] GC(146)     Total                          Min: 3583, Avg: 4016.0, Max: 4388, Diff: 805, Sum: 16064, Workers: 4
[8470.024s][debug][gc,phases      ] GC(146)   JNI Weak                       Min:  0.0, Avg:  0.0, Max:  0.0, Diff:  0.0, Sum:  0.0, Workers: 4
[8470.024s][debug][gc,phases      ] GC(146)     Dead                           Min: 0, Avg:  0.0, Max: 0, Diff: 0, Sum: 0, Workers: 4
[8470.024s][debug][gc,phases      ] GC(146)     Total                          Min: 0, Avg: 13.0, Max: 52, Diff: 52, Sum: 52, Workers: 4
[8470.024s][debug][gc,phases      ] GC(146)   StringDedup Table Weak         Min:  0.0, Avg:  0.0, Max:  0.0, Diff:  0.0, Sum:  0.0, Workers: 4
[8470.024s][debug][gc,phases      ] GC(146)     Dead                           Min: 0, Avg:  0.0, Max: 0, Diff: 0, Sum: 0, Workers: 4
[8470.024s][debug][gc,phases      ] GC(146)     Total                          Min: 0, Avg:  0.0, Max: 0, Diff: 0, Sum: 0, Workers: 4
[8470.024s][debug][gc,phases      ] GC(146)   StringDedup Requests0 Weak     Min:  0.0, Avg:  0.0, Max:  0.0, Diff:  0.0, Sum:  0.0, Workers: 4
[8470.024s][debug][gc,phases      ] GC(146)     Dead                           Min: 0, Avg:  0.0, Max: 0, Diff: 0, Sum: 0, Workers: 4
[8470.024s][debug][gc,phases      ] GC(146)     Total                          Min: 0, Avg:  0.0, Max: 0, Diff: 0, Sum: 0, Workers: 4
[8470.024s][debug][gc,phases      ] GC(146)   StringDedup Requests1 Weak     Min:  0.0, Avg:  0.0, Max:  0.0, Diff:  0.0, Sum:  0.0, Workers: 4
[8470.024s][debug][gc,phases      ] GC(146)     Dead                           Min: 0, Avg:  0.0, Max: 0, Diff: 0, Sum: 0, Workers: 4
[8470.024s][debug][gc,phases      ] GC(146)     Total                          Min: 0, Avg:  0.0, Max: 0, Diff: 0, Sum: 0, Workers: 4
[8470.024s][debug][gc,phases      ] GC(146)   Weak JFR Old Object Samples    Min:  0.0, Avg:  0.0, Max:  0.0, Diff:  0.0, Sum:  0.0, Workers: 4
[8470.024s][debug][gc,phases      ] GC(146)     Dead                           Min: 0, Avg:  0.0, Max: 0, Diff: 0, Sum: 0, Workers: 4
[8470.024s][debug][gc,phases      ] GC(146)     Total                          Min: 0, Avg:  0.0, Max: 0, Diff: 0, Sum: 0, Workers: 4
[8470.024s][debug][gc,phases      ] GC(146) Weak Processing 0.354ms
[8470.024s][debug][gc,age         ] GC(146) Desired survivor size 47710208 bytes, new threshold 1 (max threshold 15)
[8470.024s][info ][gc,heap        ] GC(146) PSYoungGen: 2002321K(2046976K)->3433K(2050560K) Eden: 1997824K(1997824K)->0K(2002432K) From: 4497K(49152K)->3433K(48128K)
[8470.024s][info ][gc,heap        ] GC(146) ParOldGen: 369880K(797696K)->371648K(797696K)
[8470.024s][info ][gc,metaspace   ] GC(146) Metaspace: 112830K(114048K)->112830K(114048K) NonClass: 96125K(96768K)->96125K(96768K) Class: 16704K(17280K)->16704K(17280K)
[8470.024s][info ][gc             ] GC(146) Pause Young (Allocation Failure) 2316M->366M(2781M) 3.351ms
[8470.024s][info ][gc,cpu         ] GC(146) User=0.01s Sys=0.00s Real=0.00s
[8470.024s][info ][safepoint      ] Safepoint "ParallelGCFailedAllocation", Time since last: 36845201228 ns, Reaching safepoint: 78500 ns, Cleanup: 4000 ns, At safepoint: 3421177 ns, Total: 3503677 ns
[8476.024s][info ][safepoint      ] Safepoint "Cleanup", Time since last: 6000425486 ns, Reaching safepoint: 4800 ns, Cleanup: 9400 ns, At safepoint: 2000 ns, Total: 16200 ns
[8496.026s][info ][safepoint      ] Safepoint "Cleanup", Time since last: 20001515615 ns, Reaching safepoint: 6200 ns, Cleanup: 25900 ns, At safepoint: 1800 ns, Total: 33900 ns
[8499.026s][info ][safepoint      ] Safepoint "Cleanup", Time since last: 3000251153 ns, Reaching safepoint: 5400 ns, Cleanup: 40000 ns, At safepoint: 2600 ns, Total: 48000 ns
[8500.026s][info ][safepoint      ] Safepoint "Cleanup", Time since last: 1000101584 ns, Reaching safepoint: 7000 ns, Cleanup: 13600 ns, At safepoint: 2100 ns, Total: 22700 ns
[8501.026s][info ][safepoint      ] Safepoint "Cleanup", Time since last: 1000113184 ns, Reaching safepoint: 6000 ns, Cleanup: 8700 ns, At safepoint: 2300 ns, Total: 17000 ns
[8502.027s][info ][safepoint      ] Safepoint "Cleanup", Time since last: 1000185784 ns, Reaching safepoint: 48299 ns, Cleanup: 41500 ns, At safepoint: 7600 ns, Total: 97399 ns
[8502.125s][info ][gc,start       ] GC(147) Pause Young (Allocation Failure)
[8502.143s][debug][gc,phases      ] GC(147) Scavenge 17.801ms
[8502.143s][debug][gc,ref         ] GC(147) ReferenceProcessor::execute queues: 1, RefProcThreadModel::Single, marks_oops_alive: false
[8502.143s][debug][gc,ref         ] GC(147) Skipped KeepAliveFinalRefsPhase of Reference Processing: no references
[8502.143s][debug][gc,ref         ] GC(147) ReferenceProcessor::execute queues: 1, RefProcThreadModel::Single, marks_oops_alive: false
[8502.143s][debug][gc,phases      ] GC(147) Reference Processing 0.142ms
[8502.143s][debug][gc,phases      ] GC(147)   VM Weak                        Min:  0.0, Avg:  0.0, Max:  0.0, Diff:  0.0, Sum:  0.0, Workers: 4
[8502.143s][debug][gc,phases      ] GC(147)     Dead                           Min: 0, Avg:  0.0, Max: 0, Diff: 0, Sum: 0, Workers: 4
[8502.143s][debug][gc,phases      ] GC(147)     Total                          Min: 0, Avg: 213.0, Max: 852, Diff: 852, Sum: 852, Workers: 4
[8502.144s][debug][gc,phases      ] GC(147)   ObjectSynchronizer Weak        Min:  0.0, Avg:  0.0, Max:  0.0, Diff:  0.0, Sum:  0.0, Workers: 4
[8502.144s][debug][gc,phases      ] GC(147)     Dead                           Min: 0, Avg:  0.0, Max: 0, Diff: 0, Sum: 0, Workers: 4
[8502.144s][debug][gc,phases      ] GC(147)     Total                          Min: 0, Avg:  1.0, Max: 4, Diff: 4, Sum: 4, Workers: 4
[8502.144s][debug][gc,phases      ] GC(147)   JVMTI Tag Weak OopStorage      Min:  0.0, Avg:  0.0, Max:  0.0, Diff:  0.0, Sum:  0.0, Workers: 4
[8502.144s][debug][gc,phases      ] GC(147)     Dead                           Min: 0, Avg:  0.0, Max: 0, Diff: 0, Sum: 0, Workers: 4
[8502.144s][debug][gc,phases      ] GC(147)     Total                          Min: 0, Avg:  0.0, Max: 0, Diff: 0, Sum: 0, Workers: 4
[8502.144s][debug][gc,phases      ] GC(147)   StringTable Weak               Min:  0.0, Avg:  0.1, Max:  0.3, Diff:  0.3, Sum:  0.4, Workers: 4
[8502.144s][debug][gc,phases      ] GC(147)     Dead                           Min: 0, Avg:  0.0, Max: 0, Diff: 0, Sum: 0, Workers: 4
[8502.144s][debug][gc,phases      ] GC(147)     Total                          Min: 0, Avg: 12082.2, Max: 34176, Diff: 34176, Sum: 48329, Workers: 4
[8502.144s][debug][gc,phases      ] GC(147)   ResolvedMethodTable Weak       Min:  0.0, Avg:  0.0, Max:  0.1, Diff:  0.1, Sum:  0.2, Workers: 4
[8502.144s][debug][gc,phases      ] GC(147)     Dead                           Min: 0, Avg:  4.0, Max: 10, Diff: 10, Sum: 16, Workers: 4
[8502.144s][debug][gc,phases      ] GC(147)     Total                          Min: 0, Avg: 4016.0, Max: 9173, Diff: 9173, Sum: 16064, Workers: 4
[8502.144s][debug][gc,phases      ] GC(147)   JNI Weak                       Min:  0.0, Avg:  0.0, Max:  0.0, Diff:  0.0, Sum:  0.0, Workers: 4
[8502.144s][debug][gc,phases      ] GC(147)     Dead                           Min: 0, Avg:  0.0, Max: 0, Diff: 0, Sum: 0, Workers: 4
[8502.144s][debug][gc,phases      ] GC(147)     Total                          Min: 0, Avg: 13.8, Max: 55, Diff: 55, Sum: 55, Workers: 4
[8502.144s][debug][gc,phases      ] GC(147)   StringDedup Table Weak         Min:  0.0, Avg:  0.0, Max:  0.0, Diff:  0.0, Sum:  0.0, Workers: 4
[8502.144s][debug][gc,phases      ] GC(147)     Dead                           Min: 0, Avg:  0.0, Max: 0, Diff: 0, Sum: 0, Workers: 4
[8502.144s][debug][gc,phases      ] GC(147)     Total                          Min: 0, Avg:  0.0, Max: 0, Diff: 0, Sum: 0, Workers: 4
[8502.144s][debug][gc,phases      ] GC(147)   StringDedup Requests0 Weak     Min:  0.0, Avg:  0.0, Max:  0.0, Diff:  0.0, Sum:  0.0, Workers: 4
[8502.144s][debug][gc,phases      ] GC(147)     Dead                           Min: 0, Avg:  0.0, Max: 0, Diff: 0, Sum: 0, Workers: 4
[8502.144s][debug][gc,phases      ] GC(147)     Total                          Min: 0, Avg:  0.0, Max: 0, Diff: 0, Sum: 0, Workers: 4
[8502.144s][debug][gc,phases      ] GC(147)   StringDedup Requests1 Weak     Min:  0.0, Avg:  0.0, Max:  0.0, Diff:  0.0, Sum:  0.0, Workers: 4
[8502.144s][debug][gc,phases      ] GC(147)     Dead                           Min: 0, Avg:  0.0, Max: 0, Diff: 0, Sum: 0, Workers: 4
[8502.144s][debug][gc,phases      ] GC(147)     Total                          Min: 0, Avg:  0.0, Max: 0, Diff: 0, Sum: 0, Workers: 4
[8502.144s][debug][gc,phases      ] GC(147)   Weak JFR Old Object Samples    Min:  0.0, Avg:  0.0, Max:  0.0, Diff:  0.0, Sum:  0.0, Workers: 4
[8502.144s][debug][gc,phases      ] GC(147)     Dead                           Min: 0, Avg:  0.0, Max: 0, Diff: 0, Sum: 0, Workers: 4
[8502.144s][debug][gc,phases      ] GC(147)     Total                          Min: 0, Avg:  0.0, Max: 0, Diff: 0, Sum: 0, Workers: 4
[8502.144s][debug][gc,phases      ] GC(147) Weak Processing 0.705ms
[8502.144s][debug][gc,age         ] GC(147) Desired survivor size 47710208 bytes, new threshold 1 (max threshold 15)
[8502.144s][info ][gc,heap        ] GC(147) PSYoungGen: 2005865K(2050560K)->22480K(2049024K) Eden: 2002432K(2002432K)->0K(2002432K) From: 3433K(48128K)->22480K(46592K)
[8502.144s][info ][gc,heap        ] GC(147) ParOldGen: 371648K(797696K)->373074K(797696K)
[8502.144s][info ][gc,metaspace   ] GC(147) Metaspace: 112853K(114112K)->112853K(114112K) NonClass: 96149K(96832K)->96149K(96832K) Class: 16704K(17280K)->16704K(17280K)
[8502.144s][info ][gc             ] GC(147) Pause Young (Allocation Failure) 2321M->386M(2780M) 18.790ms
[8502.144s][info ][gc,cpu         ] GC(147) User=0.06s Sys=0.00s Real=0.01s
[8502.144s][info ][safepoint      ] Safepoint "ParallelGCFailedAllocation", Time since last: 98193931 ns, Reaching safepoint: 81999 ns, Cleanup: 3900 ns, At safepoint: 18884571 ns, Total: 18970470 ns
[8503.144s][info ][safepoint      ] Safepoint "Cleanup", Time since last: 1000090486 ns, Reaching safepoint: 8400 ns, Cleanup: 11100 ns, At safepoint: 2300 ns, Total: 21800 ns
[8504.144s][info ][safepoint      ] Safepoint "Cleanup", Time since last: 1000136658 ns, Reaching safepoint: 8000 ns, Cleanup: 15500 ns, At safepoint: 2100 ns, Total: 25600 ns
[8505.144s][info ][safepoint      ] Safepoint "Cleanup", Time since last: 1000112257 ns, Reaching safepoint: 79200 ns, Cleanup: 25100 ns, At safepoint: 5500 ns, Total: 109800 ns
[8506.144s][info ][safepoint      ] Safepoint "Cleanup", Time since last: 1000132857 ns, Reaching safepoint: 8500 ns, Cleanup: 21400 ns, At safepoint: 2400 ns, Total: 32300 ns
[8507.145s][info ][safepoint      ] Safepoint "Cleanup", Time since last: 1000129358 ns, Reaching safepoint: 9500 ns, Cleanup: 13100 ns, At safepoint: 3000 ns, Total: 25600 ns
[8508.145s][info ][safepoint      ] Safepoint "Cleanup", Time since last: 1000126257 ns, Reaching safepoint: 7700 ns, Cleanup: 10000 ns, At safepoint: 2500 ns, Total: 20200 ns
[8509.145s][info ][safepoint      ] Safepoint "Cleanup", Time since last: 1000118358 ns, Reaching safepoint: 7500 ns, Cleanup: 10400 ns, At safepoint: 2400 ns, Total: 20300 ns
[8510.145s][info ][safepoint      ] Safepoint "Cleanup", Time since last: 1000111758 ns, Reaching safepoint: 85099 ns, Cleanup: 17500 ns, At safepoint: 13000 ns, Total: 115599 ns
[8511.145s][info ][safepoint      ] Safepoint "Cleanup", Time since last: 1000116658 ns, Reaching safepoint: 7400 ns, Cleanup: 65600 ns, At safepoint: 2700 ns, Total: 75700 ns
[8512.145s][info ][safepoint      ] Safepoint "Cleanup", Time since last: 1000104217 ns, Reaching safepoint: 16200 ns, Cleanup: 9299 ns, At safepoint: 1700 ns, Total: 27199 ns
[8513.146s][info ][safepoint      ] Safepoint "Cleanup", Time since last: 1000099718 ns, Reaching safepoint: 26599 ns, Cleanup: 16900 ns, At safepoint: 2900 ns, Total: 46399 ns
[8515.146s][info ][safepoint      ] Safepoint "Cleanup", Time since last: 2000186735 ns, Reaching safepoint: 7200 ns, Cleanup: 10799 ns, At safepoint: 2500 ns, Total: 20499 ns
[8517.146s][info ][safepoint      ] Safepoint "Cleanup", Time since last: 2000175435 ns, Reaching safepoint: 77499 ns, Cleanup: 15300 ns, At safepoint: 13400 ns, Total: 106199 ns
[8517.582s][info ][gc,start       ] GC(148) Pause Young (Allocation Failure)
[8517.599s][debug][gc,phases      ] GC(148) Scavenge 16.911ms
[8517.599s][debug][gc,ref         ] GC(148) Skipped SoftWeakFinalRefsPhase of Reference Processing: no references
[8517.599s][debug][gc,ref         ] GC(148) Skipped KeepAliveFinalRefsPhase of Reference Processing: no references
[8517.599s][debug][gc,ref         ] GC(148) ReferenceProcessor::execute queues: 1, RefProcThreadModel::Single, marks_oops_alive: false
[8517.599s][debug][gc,phases      ] GC(148) Reference Processing 0.099ms
[8517.599s][debug][gc,phases      ] GC(148)   VM Weak                        Min:  0.0, Avg:  0.0, Max:  0.0, Diff:  0.0, Sum:  0.0, Workers: 4
[8517.599s][debug][gc,phases      ] GC(148)     Dead                           Min: 0, Avg:  0.0, Max: 0, Diff: 0, Sum: 0, Workers: 4
[8517.599s][debug][gc,phases      ] GC(148)     Total                          Min: 0, Avg: 213.0, Max: 461, Diff: 461, Sum: 852, Workers: 4
[8517.599s][debug][gc,phases      ] GC(148)   ObjectSynchronizer Weak        Min:  0.0, Avg:  0.0, Max:  0.0, Diff:  0.0, Sum:  0.0, Workers: 4
[8517.599s][debug][gc,phases      ] GC(148)     Dead                           Min: 0, Avg:  0.0, Max: 0, Diff: 0, Sum: 0, Workers: 4
[8517.599s][debug][gc,phases      ] GC(148)     Total                          Min: 0, Avg:  1.2, Max: 5, Diff: 5, Sum: 5, Workers: 4
[8517.599s][debug][gc,phases      ] GC(148)   JVMTI Tag Weak OopStorage      Min:  0.0, Avg:  0.0, Max:  0.0, Diff:  0.0, Sum:  0.0, Workers: 4
[8517.599s][debug][gc,phases      ] GC(148)     Dead                           Min: 0, Avg:  0.0, Max: 0, Diff: 0, Sum: 0, Workers: 4
[8517.599s][debug][gc,phases      ] GC(148)     Total                          Min: 0, Avg:  0.0, Max: 0, Diff: 0, Sum: 0, Workers: 4
[8517.599s][debug][gc,phases      ] GC(148)   StringTable Weak               Min:  0.0, Avg:  0.1, Max:  0.1, Diff:  0.1, Sum:  0.4, Workers: 4
[8517.599s][debug][gc,phases      ] GC(148)     Dead                           Min: 0, Avg:  0.0, Max: 0, Diff: 0, Sum: 0, Workers: 4
[8517.599s][debug][gc,phases      ] GC(148)     Total                          Min: 0, Avg: 12083.0, Max: 21452, Diff: 21452, Sum: 48332, Workers: 4
[8517.599s][debug][gc,phases      ] GC(148)   ResolvedMethodTable Weak       Min:  0.0, Avg:  0.0, Max:  0.0, Diff:  0.0, Sum:  0.1, Workers: 4
[8517.599s][debug][gc,phases      ] GC(148)     Dead                           Min: 0, Avg:  4.0, Max: 9, Diff: 9, Sum: 16, Workers: 4
[8517.599s][debug][gc,phases      ] GC(148)     Total                          Min: 0, Avg: 4016.0, Max: 6638, Diff: 6638, Sum: 16064, Workers: 4
[8517.599s][debug][gc,phases      ] GC(148)   JNI Weak                       Min:  0.0, Avg:  0.0, Max:  0.0, Diff:  0.0, Sum:  0.0, Workers: 4
[8517.599s][debug][gc,phases      ] GC(148)     Dead                           Min: 0, Avg:  0.0, Max: 0, Diff: 0, Sum: 0, Workers: 4
[8517.599s][debug][gc,phases      ] GC(148)     Total                          Min: 0, Avg: 13.0, Max: 52, Diff: 52, Sum: 52, Workers: 4
[8517.599s][debug][gc,phases      ] GC(148)   StringDedup Table Weak         Min:  0.0, Avg:  0.0, Max:  0.0, Diff:  0.0, Sum:  0.0, Workers: 4
[8517.599s][debug][gc,phases      ] GC(148)     Dead                           Min: 0, Avg:  0.0, Max: 0, Diff: 0, Sum: 0, Workers: 4
[8517.599s][debug][gc,phases      ] GC(148)     Total                          Min: 0, Avg:  0.0, Max: 0, Diff: 0, Sum: 0, Workers: 4
[8517.599s][debug][gc,phases      ] GC(148)   StringDedup Requests0 Weak     Min:  0.0, Avg:  0.0, Max:  0.0, Diff:  0.0, Sum:  0.0, Workers: 4
[8517.599s][debug][gc,phases      ] GC(148)     Dead                           Min: 0, Avg:  0.0, Max: 0, Diff: 0, Sum: 0, Workers: 4
[8517.599s][debug][gc,phases      ] GC(148)     Total                          Min: 0, Avg:  0.0, Max: 0, Diff: 0, Sum: 0, Workers: 4
[8517.599s][debug][gc,phases      ] GC(148)   StringDedup Requests1 Weak     Min:  0.0, Avg:  0.0, Max:  0.0, Diff:  0.0, Sum:  0.0, Workers: 4
[8517.599s][debug][gc,phases      ] GC(148)     Dead                           Min: 0, Avg:  0.0, Max: 0, Diff: 0, Sum: 0, Workers: 4
[8517.599s][debug][gc,phases      ] GC(148)     Total                          Min: 0, Avg:  0.0, Max: 0, Diff: 0, Sum: 0, Workers: 4
[8517.599s][debug][gc,phases      ] GC(148)   Weak JFR Old Object Samples    Min:  0.0, Avg:  0.0, Max:  0.0, Diff:  0.0, Sum:  0.0, Workers: 4
[8517.599s][debug][gc,phases      ] GC(148)     Dead                           Min: 0, Avg:  0.0, Max: 0, Diff: 0, Sum: 0, Workers: 4
[8517.599s][debug][gc,phases      ] GC(148)     Total                          Min: 0, Avg:  0.0, Max: 0, Diff: 0, Sum: 0, Workers: 4
[8517.599s][debug][gc,phases      ] GC(148) Weak Processing 0.355ms
[8517.599s][debug][gc,age         ] GC(148) Desired survivor size 50855936 bytes, new threshold 1 (max threshold 15)
[8517.599s][info ][gc,heap        ] GC(148) PSYoungGen: 2024912K(2049024K)->30960K(2044416K) Eden: 2002432K(2002432K)->0K(1997824K) From: 22480K(46592K)->30960K(46592K)
[8517.599s][info ][gc,heap        ] GC(148) ParOldGen: 373074K(797696K)->391187K(797696K)
[8517.599s][info ][gc,metaspace   ] GC(148) Metaspace: 112925K(114176K)->112925K(114176K) NonClass: 96219K(96896K)->96219K(96896K) Class: 16705K(17280K)->16705K(17280K)
[8517.599s][info ][gc             ] GC(148) Pause Young (Allocation Failure) 2341M->412M(2775M) 17.494ms
[8517.599s][info ][gc,cpu         ] GC(148) User=0.06s Sys=0.00s Real=0.02s
[8517.602s][info ][safepoint      ] Safepoint "ParallelGCFailedAllocation", Time since last: 435349891 ns, Reaching safepoint: 85699 ns, Cleanup: 13200 ns, At safepoint: 20033766 ns, Total: 20132665 ns
[8518.602s][info ][safepoint      ] Safepoint "Cleanup", Time since last: 1000094818 ns, Reaching safepoint: 6700 ns, Cleanup: 28599 ns, At safepoint: 2400 ns, Total: 37699 ns
[8519.602s][info ][safepoint      ] Safepoint "Cleanup", Time since last: 1000098617 ns, Reaching safepoint: 6300 ns, Cleanup: 13700 ns, At safepoint: 2800 ns, Total: 22800 ns
[8521.602s][info ][safepoint      ] Safepoint "Cleanup", Time since last: 2000374330 ns, Reaching safepoint: 5200 ns, Cleanup: 20500 ns, At safepoint: 2600 ns, Total: 28300 ns
[8522.602s][info ][safepoint      ] Safepoint "Cleanup", Time since last: 1000098215 ns, Reaching safepoint: 6200 ns, Cleanup: 10300 ns, At safepoint: 3100 ns, Total: 19600 ns
[8523.656s][info ][safepoint      ] Safepoint "Cleanup", Time since last: 1053877456 ns, Reaching safepoint: 5500 ns, Cleanup: 8800 ns, At safepoint: 1900 ns, Total: 16200 ns
[8525.656s][info ][safepoint      ] Safepoint "Cleanup", Time since last: 2000187231 ns, Reaching safepoint: 6600 ns, Cleanup: 9100 ns, At safepoint: 25000 ns, Total: 40700 ns
[8527.657s][info ][safepoint      ] Safepoint "Cleanup", Time since last: 2000178233 ns, Reaching safepoint: 7800 ns, Cleanup: 11400 ns, At safepoint: 2200 ns, Total: 21400 ns
[8528.658s][info ][safepoint      ] Safepoint "Cleanup", Time since last: 1001401409 ns, Reaching safepoint: 109399 ns, Cleanup: 8200 ns, At safepoint: 49000 ns, Total: 166599 ns
[8529.658s][info ][safepoint      ] Safepoint "Cleanup", Time since last: 1000107217 ns, Reaching safepoint: 81000 ns, Cleanup: 28000 ns, At safepoint: 5799 ns, Total: 114799 ns
[8530.659s][info ][safepoint      ] Safepoint "Cleanup", Time since last: 1000125018 ns, Reaching safepoint: 6100 ns, Cleanup: 10300 ns, At safepoint: 2500 ns, Total: 18900 ns
[8531.191s][info ][gc,start       ] GC(149) Pause Young (Allocation Failure)
[8531.220s][debug][gc,phases      ] GC(149) Scavenge 28.943ms
[8531.220s][debug][gc,ref         ] GC(149) ReferenceProcessor::execute queues: 1, RefProcThreadModel::Single, marks_oops_alive: false
[8531.220s][debug][gc,ref         ] GC(149) Skipped KeepAliveFinalRefsPhase of Reference Processing: no references
[8531.220s][debug][gc,ref         ] GC(149) ReferenceProcessor::execute queues: 1, RefProcThreadModel::Single, marks_oops_alive: false
[8531.220s][debug][gc,phases      ] GC(149) Reference Processing 0.123ms
[8531.220s][debug][gc,phases      ] GC(149)   VM Weak                        Min:  0.0, Avg:  0.0, Max:  0.0, Diff:  0.0, Sum:  0.0, Workers: 4
[8531.220s][debug][gc,phases      ] GC(149)     Dead                           Min: 0, Avg:  0.0, Max: 0, Diff: 0, Sum: 0, Workers: 4
[8531.220s][debug][gc,phases      ] GC(149)     Total                          Min: 0, Avg: 214.8, Max: 859, Diff: 859, Sum: 859, Workers: 4
[8531.220s][debug][gc,phases      ] GC(149)   ObjectSynchronizer Weak        Min:  0.0, Avg:  0.0, Max:  0.0, Diff:  0.0, Sum:  0.0, Workers: 4
[8531.220s][debug][gc,phases      ] GC(149)     Dead                           Min: 0, Avg:  0.0, Max: 0, Diff: 0, Sum: 0, Workers: 4
[8531.220s][debug][gc,phases      ] GC(149)     Total                          Min: 0, Avg:  1.5, Max: 6, Diff: 6, Sum: 6, Workers: 4
[8531.220s][debug][gc,phases      ] GC(149)   JVMTI Tag Weak OopStorage      Min:  0.0, Avg:  0.0, Max:  0.0, Diff:  0.0, Sum:  0.0, Workers: 4
[8531.220s][debug][gc,phases      ] GC(149)     Dead                           Min: 0, Avg:  0.0, Max: 0, Diff: 0, Sum: 0, Workers: 4
[8531.220s][debug][gc,phases      ] GC(149)     Total                          Min: 0, Avg:  0.0, Max: 0, Diff: 0, Sum: 0, Workers: 4
[8531.220s][debug][gc,phases      ] GC(149)   StringTable Weak               Min:  0.0, Avg:  0.1, Max:  0.2, Diff:  0.2, Sum:  0.5, Workers: 4
[8531.220s][debug][gc,phases      ] GC(149)     Dead                           Min: 0, Avg:  0.2, Max: 1, Diff: 1, Sum: 1, Workers: 4
[8531.220s][debug][gc,phases      ] GC(149)     Total                          Min: 0, Avg: 12086.2, Max: 24666, Diff: 24666, Sum: 48345, Workers: 4
[8531.220s][debug][gc,phases      ] GC(149)   ResolvedMethodTable Weak       Min:  0.0, Avg:  0.0, Max:  0.1, Diff:  0.1, Sum:  0.2, Workers: 4
[8531.220s][debug][gc,phases      ] GC(149)     Dead                           Min: 0, Avg:  4.0, Max: 16, Diff: 16, Sum: 16, Workers: 4
[8531.220s][debug][gc,phases      ] GC(149)     Total                          Min: 0, Avg: 4021.8, Max: 8305, Diff: 8305, Sum: 16087, Workers: 4
[8531.220s][debug][gc,phases      ] GC(149)   JNI Weak                       Min:  0.0, Avg:  0.0, Max:  0.0, Diff:  0.0, Sum:  0.0, Workers: 4
[8531.220s][debug][gc,phases      ] GC(149)     Dead                           Min: 0, Avg:  0.0, Max: 0, Diff: 0, Sum: 0, Workers: 4
[8531.220s][debug][gc,phases      ] GC(149)     Total                          Min: 0, Avg: 13.5, Max: 54, Diff: 54, Sum: 54, Workers: 4
[8531.220s][debug][gc,phases      ] GC(149)   StringDedup Table Weak         Min:  0.0, Avg:  0.0, Max:  0.0, Diff:  0.0, Sum:  0.0, Workers: 4
[8531.220s][debug][gc,phases      ] GC(149)     Dead                           Min: 0, Avg:  0.0, Max: 0, Diff: 0, Sum: 0, Workers: 4
[8531.220s][debug][gc,phases      ] GC(149)     Total                          Min: 0, Avg:  0.0, Max: 0, Diff: 0, Sum: 0, Workers: 4
[8531.220s][debug][gc,phases      ] GC(149)   StringDedup Requests0 Weak     Min:  0.0, Avg:  0.0, Max:  0.0, Diff:  0.0, Sum:  0.0, Workers: 4
[8531.220s][debug][gc,phases      ] GC(149)     Dead                           Min: 0, Avg:  0.0, Max: 0, Diff: 0, Sum: 0, Workers: 4
[8531.220s][debug][gc,phases      ] GC(149)     Total                          Min: 0, Avg:  0.0, Max: 0, Diff: 0, Sum: 0, Workers: 4
[8531.220s][debug][gc,phases      ] GC(149)   StringDedup Requests1 Weak     Min:  0.0, Avg:  0.0, Max:  0.0, Diff:  0.0, Sum:  0.0, Workers: 4
[8531.220s][debug][gc,phases      ] GC(149)     Dead                           Min: 0, Avg:  0.0, Max: 0, Diff: 0, Sum: 0, Workers: 4
[8531.220s][debug][gc,phases      ] GC(149)     Total                          Min: 0, Avg:  0.0, Max: 0, Diff: 0, Sum: 0, Workers: 4
[8531.220s][debug][gc,phases      ] GC(149)   Weak JFR Old Object Samples    Min:  0.0, Avg:  0.0, Max:  0.0, Diff:  0.0, Sum:  0.0, Workers: 4
[8531.220s][debug][gc,phases      ] GC(149)     Dead                           Min: 0, Avg:  0.0, Max: 0, Diff: 0, Sum: 0, Workers: 4
[8531.220s][debug][gc,phases      ] GC(149)     Total                          Min: 0, Avg:  0.0, Max: 0, Diff: 0, Sum: 0, Workers: 4
[8531.220s][debug][gc,phases      ] GC(149) Weak Processing 0.560ms
[8531.220s][debug][gc,age         ] GC(149) Desired survivor size 54001664 bytes, new threshold 1 (max threshold 15)
[8531.220s][info ][gc,heap        ] GC(149) PSYoungGen: 2028784K(2044416K)->34074K(2032128K) Eden: 1997824K(1997824K)->0K(1997824K) From: 30960K(46592K)->34074K(34304K)
[8531.220s][info ][gc,heap        ] GC(149) ParOldGen: 391187K(797696K)->418054K(797696K)
[8531.220s][info ][gc,metaspace   ] GC(149) Metaspace: 113015K(114240K)->113015K(114240K) NonClass: 96302K(96960K)->96302K(96960K) Class: 16712K(17280K)->16712K(17280K)
[8531.220s][info ][gc             ] GC(149) Pause Young (Allocation Failure) 2363M->441M(2763M) 29.773ms
[8531.220s][info ][gc,cpu         ] GC(149) User=0.11s Sys=0.00s Real=0.03s
[8531.224s][info ][safepoint      ] Safepoint "ParallelGCFailedAllocation", Time since last: 531859646 ns, Reaching safepoint: 85000 ns, Cleanup: 26800 ns, At safepoint: 33198278 ns, Total: 33310078 ns
[8532.224s][info ][safepoint      ] Safepoint "Cleanup", Time since last: 1000124117 ns, Reaching safepoint: 81600 ns, Cleanup: 31200 ns, At safepoint: 16200 ns, Total: 129000 ns
[8533.224s][info ][safepoint      ] Safepoint "Cleanup", Time since last: 1000115617 ns, Reaching safepoint: 6500 ns, Cleanup: 11600 ns, At safepoint: 2300 ns, Total: 20400 ns
[8534.225s][info ][safepoint      ] Safepoint "Cleanup", Time since last: 1000415016 ns, Reaching safepoint: 82799 ns, Cleanup: 9200 ns, At safepoint: 9000 ns, Total: 100999 ns
[8535.225s][info ][safepoint      ] Safepoint "Cleanup", Time since last: 1000103708 ns, Reaching safepoint: 5300 ns, Cleanup: 39899 ns, At safepoint: 2000 ns, Total: 47199 ns
[8537.225s][info ][safepoint      ] Safepoint "Cleanup", Time since last: 2000177456 ns, Reaching safepoint: 5599 ns, Cleanup: 21700 ns, At safepoint: 1800 ns, Total: 29099 ns
[8538.225s][info ][safepoint      ] Safepoint "Cleanup", Time since last: 1000105128 ns, Reaching safepoint: 5100 ns, Cleanup: 12300 ns, At safepoint: 1900 ns, Total: 19300 ns
[8539.233s][info ][safepoint      ] Safepoint "Cleanup", Time since last: 1001280019 ns, Reaching safepoint: 97899 ns, Cleanup: 17000 ns, At safepoint: 6020359 ns, Total: 6135258 ns
[8539.840s][info ][gc,start       ] GC(150) Pause Young (Allocation Failure)
[8539.862s][debug][gc,phases      ] GC(150) Scavenge 22.193ms
[8539.862s][debug][gc,ref         ] GC(150) ReferenceProcessor::execute queues: 1, RefProcThreadModel::Single, marks_oops_alive: false
[8539.862s][debug][gc,ref         ] GC(150) Skipped KeepAliveFinalRefsPhase of Reference Processing: no references
[8539.862s][debug][gc,ref         ] GC(150) ReferenceProcessor::execute queues: 1, RefProcThreadModel::Single, marks_oops_alive: false
[8539.862s][debug][gc,phases      ] GC(150) Reference Processing 0.102ms
[8539.863s][debug][gc,phases      ] GC(150)   VM Weak                        Min:  0.0, Avg:  0.0, Max:  0.0, Diff:  0.0, Sum:  0.0, Workers: 4
[8539.863s][debug][gc,phases      ] GC(150)     Dead                           Min: 0, Avg:  0.0, Max: 0, Diff: 0, Sum: 0, Workers: 4
[8539.863s][debug][gc,phases      ] GC(150)     Total                          Min: 0, Avg: 214.8, Max: 481, Diff: 481, Sum: 859, Workers: 4
[8539.863s][debug][gc,phases      ] GC(150)   ObjectSynchronizer Weak        Min:  0.0, Avg:  0.0, Max:  0.0, Diff:  0.0, Sum:  0.0, Workers: 4
[8539.863s][debug][gc,phases      ] GC(150)     Dead                           Min: 0, Avg:  0.0, Max: 0, Diff: 0, Sum: 0, Workers: 4
[8539.863s][debug][gc,phases      ] GC(150)     Total                          Min: 0, Avg:  1.5, Max: 6, Diff: 6, Sum: 6, Workers: 4
[8539.863s][debug][gc,phases      ] GC(150)   JVMTI Tag Weak OopStorage      Min:  0.0, Avg:  0.0, Max:  0.0, Diff:  0.0, Sum:  0.0, Workers: 4
[8539.863s][debug][gc,phases      ] GC(150)     Dead                           Min: 0, Avg:  0.0, Max: 0, Diff: 0, Sum: 0, Workers: 4
[8539.863s][debug][gc,phases      ] GC(150)     Total                          Min: 0, Avg:  0.0, Max: 0, Diff: 0, Sum: 0, Workers: 4
[8539.863s][debug][gc,phases      ] GC(150)   StringTable Weak               Min:  0.0, Avg:  0.1, Max:  0.2, Diff:  0.2, Sum:  0.4, Workers: 4
[8539.863s][debug][gc,phases      ] GC(150)     Dead                           Min: 0, Avg:  0.2, Max: 1, Diff: 1, Sum: 1, Workers: 4
[8539.863s][debug][gc,phases      ] GC(150)     Total                          Min: 0, Avg: 12090.5, Max: 16363, Diff: 16363, Sum: 48362, Workers: 4
[8539.863s][debug][gc,phases      ] GC(150)   ResolvedMethodTable Weak       Min:  0.0, Avg:  0.0, Max:  0.1, Diff:  0.1, Sum:  0.2, Workers: 4
[8539.863s][debug][gc,phases      ] GC(150)     Dead                           Min: 0, Avg:  0.2, Max: 1, Diff: 1, Sum: 1, Workers: 4
[8539.863s][debug][gc,phases      ] GC(150)     Total                          Min: 0, Avg: 4024.2, Max: 5648, Diff: 5648, Sum: 16097, Workers: 4
[8539.863s][debug][gc,phases      ] GC(150)   JNI Weak                       Min:  0.0, Avg:  0.0, Max:  0.0, Diff:  0.0, Sum:  0.0, Workers: 4
[8539.863s][debug][gc,phases      ] GC(150)     Dead                           Min: 0, Avg:  0.0, Max: 0, Diff: 0, Sum: 0, Workers: 4
[8539.863s][debug][gc,phases      ] GC(150)     Total                          Min: 0, Avg: 13.0, Max: 52, Diff: 52, Sum: 52, Workers: 4
[8539.863s][debug][gc,phases      ] GC(150)   StringDedup Table Weak         Min:  0.0, Avg:  0.0, Max:  0.0, Diff:  0.0, Sum:  0.0, Workers: 4
[8539.863s][debug][gc,phases      ] GC(150)     Dead                           Min: 0, Avg:  0.0, Max: 0, Diff: 0, Sum: 0, Workers: 4
[8539.863s][debug][gc,phases      ] GC(150)     Total                          Min: 0, Avg:  0.0, Max: 0, Diff: 0, Sum: 0, Workers: 4
[8539.863s][debug][gc,phases      ] GC(150)   StringDedup Requests0 Weak     Min:  0.0, Avg:  0.0, Max:  0.0, Diff:  0.0, Sum:  0.0, Workers: 4
[8539.863s][debug][gc,phases      ] GC(150)     Dead                           Min: 0, Avg:  0.0, Max: 0, Diff: 0, Sum: 0, Workers: 4
[8539.863s][debug][gc,phases      ] GC(150)     Total                          Min: 0, Avg:  0.0, Max: 0, Diff: 0, Sum: 0, Workers: 4
[8539.863s][debug][gc,phases      ] GC(150)   StringDedup Requests1 Weak     Min:  0.0, Avg:  0.0, Max:  0.0, Diff:  0.0, Sum:  0.0, Workers: 4
[8539.863s][debug][gc,phases      ] GC(150)     Dead                           Min: 0, Avg:  0.0, Max: 0, Diff: 0, Sum: 0, Workers: 4
[8539.863s][debug][gc,phases      ] GC(150)     Total                          Min: 0, Avg:  0.0, Max: 0, Diff: 0, Sum: 0, Workers: 4
[8539.863s][debug][gc,phases      ] GC(150)   Weak JFR Old Object Samples    Min:  0.0, Avg:  0.0, Max:  0.0, Diff:  0.0, Sum:  0.0, Workers: 4
[8539.863s][debug][gc,phases      ] GC(150)     Dead                           Min: 0, Avg:  0.0, Max: 0, Diff: 0, Sum: 0, Workers: 4
[8539.863s][debug][gc,phases      ] GC(150)     Total                          Min: 0, Avg:  0.0, Max: 0, Diff: 0, Sum: 0, Workers: 4
[8539.863s][debug][gc,phases      ] GC(150) Weak Processing 0.391ms
[8539.863s][debug][gc,age         ] GC(150) Desired survivor size 57671680 bytes, new threshold 1 (max threshold 15)
[8539.863s][info ][gc,heap        ] GC(150) PSYoungGen: 2031898K(2032128K)->36825K(2037248K) Eden: 1997824K(1997824K)->0K(1984512K) From: 34074K(34304K)->36825K(52736K)
[8539.863s][info ][gc,heap        ] GC(150) ParOldGen: 418054K(797696K)->448204K(797696K)
[8539.863s][info ][gc,metaspace   ] GC(150) Metaspace: 113034K(114240K)->113034K(114240K) NonClass: 96318K(96960K)->96318K(96960K) Class: 16716K(17280K)->16716K(17280K)
[8539.863s][info ][gc             ] GC(150) Pause Young (Allocation Failure) 2392M->473M(2768M) 22.809ms
[8539.863s][info ][gc,cpu         ] GC(150) User=0.08s Sys=0.00s Real=0.02s
[8539.863s][info ][safepoint      ] Safepoint "ParallelGCFailedAllocation", Time since last: 607276827 ns, Reaching safepoint: 80699 ns, Cleanup: 22000 ns, At safepoint: 23031842 ns, Total: 23134541 ns
[8540.863s][info ][safepoint      ] Safepoint "Cleanup", Time since last: 1000099027 ns, Reaching safepoint: 8500 ns, Cleanup: 12600 ns, At safepoint: 2500 ns, Total: 23600 ns
[8541.863s][info ][safepoint      ] Safepoint "Cleanup", Time since last: 1000133027 ns, Reaching safepoint: 8100 ns, Cleanup: 23700 ns, At safepoint: 2600 ns, Total: 34400 ns
[8542.863s][info ][safepoint      ] Safepoint "Cleanup", Time since last: 1000122127 ns, Reaching safepoint: 6400 ns, Cleanup: 14100 ns, At safepoint: 2100 ns, Total: 22600 ns
[8544.864s][info ][safepoint      ] Safepoint "Cleanup", Time since last: 2000190854 ns, Reaching safepoint: 81400 ns, Cleanup: 13500 ns, At safepoint: 6100 ns, Total: 101000 ns
[8545.865s][info ][safepoint      ] Safepoint "Cleanup", Time since last: 1001174598 ns, Reaching safepoint: 88300 ns, Cleanup: 20299 ns, At safepoint: 16100 ns, Total: 124699 ns
[8546.865s][info ][safepoint      ] Safepoint "Cleanup", Time since last: 1000101106 ns, Reaching safepoint: 6800 ns, Cleanup: 12800 ns, At safepoint: 1900 ns, Total: 21500 ns
[8547.865s][info ][safepoint      ] Safepoint "Cleanup", Time since last: 1000112205 ns, Reaching safepoint: 80900 ns, Cleanup: 22999 ns, At safepoint: 6700 ns, Total: 110599 ns
[8548.209s][info ][gc,start       ] GC(151) Pause Young (Allocation Failure)
[8548.234s][debug][gc,phases      ] GC(151) Scavenge 24.662ms
[8548.234s][debug][gc,ref         ] GC(151) Skipped SoftWeakFinalRefsPhase of Reference Processing: no references
[8548.234s][debug][gc,ref         ] GC(151) Skipped KeepAliveFinalRefsPhase of Reference Processing: no references
[8548.234s][debug][gc,ref         ] GC(151) ReferenceProcessor::execute queues: 1, RefProcThreadModel::Single, marks_oops_alive: false
[8548.234s][debug][gc,phases      ] GC(151) Reference Processing 0.120ms
[8548.234s][debug][gc,phases      ] GC(151)   VM Weak                        Min:  0.0, Avg:  0.0, Max:  0.0, Diff:  0.0, Sum:  0.0, Workers: 4
[8548.234s][debug][gc,phases      ] GC(151)     Dead                           Min: 0, Avg:  0.0, Max: 0, Diff: 0, Sum: 0, Workers: 4
[8548.234s][debug][gc,phases      ] GC(151)     Total                          Min: 0, Avg: 214.8, Max: 859, Diff: 859, Sum: 859, Workers: 4
[8548.234s][debug][gc,phases      ] GC(151)   ObjectSynchronizer Weak        Min:  0.0, Avg:  0.0, Max:  0.0, Diff:  0.0, Sum:  0.0, Workers: 4
[8548.234s][debug][gc,phases      ] GC(151)     Dead                           Min: 0, Avg:  0.0, Max: 0, Diff: 0, Sum: 0, Workers: 4
[8548.234s][debug][gc,phases      ] GC(151)     Total                          Min: 0, Avg:  1.5, Max: 6, Diff: 6, Sum: 6, Workers: 4
[8548.234s][debug][gc,phases      ] GC(151)   JVMTI Tag Weak OopStorage      Min:  0.0, Avg:  0.0, Max:  0.0, Diff:  0.0, Sum:  0.0, Workers: 4
[8548.234s][debug][gc,phases      ] GC(151)     Dead                           Min: 0, Avg:  0.0, Max: 0, Diff: 0, Sum: 0, Workers: 4
[8548.234s][debug][gc,phases      ] GC(151)     Total                          Min: 0, Avg:  0.0, Max: 0, Diff: 0, Sum: 0, Workers: 4
[8548.234s][debug][gc,phases      ] GC(151)   StringTable Weak               Min:  0.1, Avg:  0.1, Max:  0.1, Diff:  0.1, Sum:  0.5, Workers: 4
[8548.234s][debug][gc,phases      ] GC(151)     Dead                           Min: 0, Avg:  0.0, Max: 0, Diff: 0, Sum: 0, Workers: 4
[8548.234s][debug][gc,phases      ] GC(151)     Total                          Min: 6208, Avg: 12091.2, Max: 14254, Diff: 8046, Sum: 48365, Workers: 4
[8548.234s][debug][gc,phases      ] GC(151)   ResolvedMethodTable Weak       Min:  0.0, Avg:  0.0, Max:  0.0, Diff:  0.0, Sum:  0.2, Workers: 4
[8548.234s][debug][gc,phases      ] GC(151)     Dead                           Min: 0, Avg:  4.0, Max: 16, Diff: 16, Sum: 16, Workers: 4
[8548.234s][debug][gc,phases      ] GC(151)     Total                          Min: 3919, Avg: 4024.2, Max: 4145, Diff: 226, Sum: 16097, Workers: 4
[8548.234s][debug][gc,phases      ] GC(151)   JNI Weak                       Min:  0.0, Avg:  0.0, Max:  0.0, Diff:  0.0, Sum:  0.0, Workers: 4
[8548.234s][debug][gc,phases      ] GC(151)     Dead                           Min: 0, Avg:  0.0, Max: 0, Diff: 0, Sum: 0, Workers: 4
[8548.234s][debug][gc,phases      ] GC(151)     Total                          Min: 0, Avg: 13.0, Max: 52, Diff: 52, Sum: 52, Workers: 4
[8548.234s][debug][gc,phases      ] GC(151)   StringDedup Table Weak         Min:  0.0, Avg:  0.0, Max:  0.0, Diff:  0.0, Sum:  0.0, Workers: 4
[8548.234s][debug][gc,phases      ] GC(151)     Dead                           Min: 0, Avg:  0.0, Max: 0, Diff: 0, Sum: 0, Workers: 4
[8548.234s][debug][gc,phases      ] GC(151)     Total                          Min: 0, Avg:  0.0, Max: 0, Diff: 0, Sum: 0, Workers: 4
[8548.234s][debug][gc,phases      ] GC(151)   StringDedup Requests0 Weak     Min:  0.0, Avg:  0.0, Max:  0.0, Diff:  0.0, Sum:  0.0, Workers: 4
[8548.234s][debug][gc,phases      ] GC(151)     Dead                           Min: 0, Avg:  0.0, Max: 0, Diff: 0, Sum: 0, Workers: 4
[8548.234s][debug][gc,phases      ] GC(151)     Total                          Min: 0, Avg:  0.0, Max: 0, Diff: 0, Sum: 0, Workers: 4
[8548.234s][debug][gc,phases      ] GC(151)   StringDedup Requests1 Weak     Min:  0.0, Avg:  0.0, Max:  0.0, Diff:  0.0, Sum:  0.0, Workers: 4
[8548.234s][debug][gc,phases      ] GC(151)     Dead                           Min: 0, Avg:  0.0, Max: 0, Diff: 0, Sum: 0, Workers: 4
[8548.234s][debug][gc,phases      ] GC(151)     Total                          Min: 0, Avg:  0.0, Max: 0, Diff: 0, Sum: 0, Workers: 4
[8548.234s][debug][gc,phases      ] GC(151)   Weak JFR Old Object Samples    Min:  0.0, Avg:  0.0, Max:  0.0, Diff:  0.0, Sum:  0.0, Workers: 4
[8548.234s][debug][gc,phases      ] GC(151)     Dead                           Min: 0, Avg:  0.0, Max: 0, Diff: 0, Sum: 0, Workers: 4
[8548.234s][debug][gc,phases      ] GC(151)     Total                          Min: 0, Avg:  0.0, Max: 0, Diff: 0, Sum: 0, Workers: 4
[8548.234s][debug][gc,phases      ] GC(151) Weak Processing 0.354ms
[8548.234s][debug][gc,age         ] GC(151) Desired survivor size 58720256 bytes, new threshold 1 (max threshold 15)
[8548.234s][info ][gc,heap        ] GC(151) PSYoungGen: 2021337K(2037248K)->32960K(2017792K) Eden: 1984512K(1984512K)->0K(1984512K) From: 36825K(52736K)->32960K(33280K)
[8548.234s][info ][gc,heap        ] GC(151) ParOldGen: 448204K(797696K)->482267K(797696K)
[8548.234s][info ][gc,metaspace   ] GC(151) Metaspace: 113073K(114304K)->113073K(114304K) NonClass: 96356K(97024K)->96356K(97024K) Class: 16716K(17280K)->16716K(17280K)
[8548.234s][info ][gc             ] GC(151) Pause Young (Allocation Failure) 2411M->503M(2749M) 25.261ms
[8548.234s][info ][gc,cpu         ] GC(151) User=0.08s Sys=0.00s Real=0.02s
[8548.234s][info ][safepoint      ] Safepoint "ParallelGCFailedAllocation", Time since last: 343305802 ns, Reaching safepoint: 85000 ns, Cleanup: 12200 ns, At safepoint: 25343330 ns, Total: 25440530 ns
[8549.234s][info ][safepoint      ] Safepoint "Cleanup", Time since last: 1000096006 ns, Reaching safepoint: 6900 ns, Cleanup: 13200 ns, At safepoint: 2200 ns, Total: 22300 ns
[8553.235s][info ][safepoint      ] Safepoint "Cleanup", Time since last: 4000368427 ns, Reaching safepoint: 78699 ns, Cleanup: 9900 ns, At safepoint: 5400 ns, Total: 93999 ns
[8554.245s][info ][safepoint      ] Safepoint "Cleanup", Time since last: 1009907943 ns, Reaching safepoint: 97900 ns, Cleanup: 12400 ns, At safepoint: 16799 ns, Total: 127099 ns
[8555.245s][info ][safepoint      ] Safepoint "Cleanup", Time since last: 1000114210 ns, Reaching safepoint: 76900 ns, Cleanup: 39399 ns, At safepoint: 5200 ns, Total: 121499 ns
[8556.245s][info ][safepoint      ] Safepoint "Cleanup", Time since last: 1000101810 ns, Reaching safepoint: 8400 ns, Cleanup: 16200 ns, At safepoint: 2600 ns, Total: 27200 ns
[8557.677s][info ][gc,start       ] GC(152) Pause Young (Allocation Failure)
[8557.699s][debug][gc,phases      ] GC(152) Scavenge 21.329ms
[8557.699s][debug][gc,ref         ] GC(152) ReferenceProcessor::execute queues: 1, RefProcThreadModel::Single, marks_oops_alive: false
[8557.699s][debug][gc,ref         ] GC(152) Skipped KeepAliveFinalRefsPhase of Reference Processing: no references
[8557.699s][debug][gc,ref         ] GC(152) ReferenceProcessor::execute queues: 1, RefProcThreadModel::Single, marks_oops_alive: false
[8557.699s][debug][gc,phases      ] GC(152) Reference Processing 0.100ms
[8557.699s][debug][gc,phases      ] GC(152)   VM Weak                        Min:  0.0, Avg:  0.0, Max:  0.0, Diff:  0.0, Sum:  0.0, Workers: 4
[8557.699s][debug][gc,phases      ] GC(152)     Dead                           Min: 0, Avg:  0.0, Max: 0, Diff: 0, Sum: 0, Workers: 4
[8557.699s][debug][gc,phases      ] GC(152)     Total                          Min: 0, Avg: 214.8, Max: 585, Diff: 585, Sum: 859, Workers: 4
[8557.699s][debug][gc,phases      ] GC(152)   ObjectSynchronizer Weak        Min:  0.0, Avg:  0.0, Max:  0.0, Diff:  0.0, Sum:  0.0, Workers: 4
[8557.699s][debug][gc,phases      ] GC(152)     Dead                           Min: 0, Avg:  0.0, Max: 0, Diff: 0, Sum: 0, Workers: 4
[8557.699s][debug][gc,phases      ] GC(152)     Total                          Min: 0, Avg:  1.5, Max: 6, Diff: 6, Sum: 6, Workers: 4
[8557.699s][debug][gc,phases      ] GC(152)   JVMTI Tag Weak OopStorage      Min:  0.0, Avg:  0.0, Max:  0.0, Diff:  0.0, Sum:  0.0, Workers: 4
[8557.699s][debug][gc,phases      ] GC(152)     Dead                           Min: 0, Avg:  0.0, Max: 0, Diff: 0, Sum: 0, Workers: 4
[8557.699s][debug][gc,phases      ] GC(152)     Total                          Min: 0, Avg:  0.0, Max: 0, Diff: 0, Sum: 0, Workers: 4
[8557.699s][debug][gc,phases      ] GC(152)   StringTable Weak               Min:  0.0, Avg:  0.1, Max:  0.1, Diff:  0.1, Sum:  0.4, Workers: 4
[8557.699s][debug][gc,phases      ] GC(152)     Dead                           Min: 0, Avg:  0.0, Max: 0, Diff: 0, Sum: 0, Workers: 4
[8557.699s][debug][gc,phases      ] GC(152)     Total                          Min: 0, Avg: 12091.8, Max: 21552, Diff: 21552, Sum: 48367, Workers: 4
[8557.699s][debug][gc,phases      ] GC(152)   ResolvedMethodTable Weak       Min:  0.0, Avg:  0.0, Max:  0.0, Diff:  0.0, Sum:  0.1, Workers: 4
[8557.699s][debug][gc,phases      ] GC(152)     Dead                           Min: 0, Avg:  0.0, Max: 0, Diff: 0, Sum: 0, Workers: 4
[8557.699s][debug][gc,phases      ] GC(152)     Total                          Min: 0, Avg: 4024.8, Max: 6867, Diff: 6867, Sum: 16099, Workers: 4
[8557.699s][debug][gc,phases      ] GC(152)   JNI Weak                       Min:  0.0, Avg:  0.0, Max:  0.0, Diff:  0.0, Sum:  0.0, Workers: 4
[8557.699s][debug][gc,phases      ] GC(152)     Dead                           Min: 0, Avg:  0.0, Max: 0, Diff: 0, Sum: 0, Workers: 4
[8557.699s][debug][gc,phases      ] GC(152)     Total                          Min: 0, Avg: 13.0, Max: 52, Diff: 52, Sum: 52, Workers: 4
[8557.699s][debug][gc,phases      ] GC(152)   StringDedup Table Weak         Min:  0.0, Avg:  0.0, Max:  0.0, Diff:  0.0, Sum:  0.0, Workers: 4
[8557.699s][debug][gc,phases      ] GC(152)     Dead                           Min: 0, Avg:  0.0, Max: 0, Diff: 0, Sum: 0, Workers: 4
[8557.699s][debug][gc,phases      ] GC(152)     Total                          Min: 0, Avg:  0.0, Max: 0, Diff: 0, Sum: 0, Workers: 4
[8557.699s][debug][gc,phases      ] GC(152)   StringDedup Requests0 Weak     Min:  0.0, Avg:  0.0, Max:  0.0, Diff:  0.0, Sum:  0.0, Workers: 4
[8557.699s][debug][gc,phases      ] GC(152)     Dead                           Min: 0, Avg:  0.0, Max: 0, Diff: 0, Sum: 0, Workers: 4
[8557.699s][debug][gc,phases      ] GC(152)     Total                          Min: 0, Avg:  0.0, Max: 0, Diff: 0, Sum: 0, Workers: 4
[8557.699s][debug][gc,phases      ] GC(152)   StringDedup Requests1 Weak     Min:  0.0, Avg:  0.0, Max:  0.0, Diff:  0.0, Sum:  0.0, Workers: 4
[8557.699s][debug][gc,phases      ] GC(152)     Dead                           Min: 0, Avg:  0.0, Max: 0, Diff: 0, Sum: 0, Workers: 4
[8557.699s][debug][gc,phases      ] GC(152)     Total                          Min: 0, Avg:  0.0, Max: 0, Diff: 0, Sum: 0, Workers: 4
[8557.699s][debug][gc,phases      ] GC(152)   Weak JFR Old Object Samples    Min:  0.0, Avg:  0.0, Max:  0.0, Diff:  0.0, Sum:  0.0, Workers: 4
[8557.699s][debug][gc,phases      ] GC(152)     Dead                           Min: 0, Avg:  0.0, Max: 0, Diff: 0, Sum: 0, Workers: 4
[8557.699s][debug][gc,phases      ] GC(152)     Total                          Min: 0, Avg:  0.0, Max: 0, Diff: 0, Sum: 0, Workers: 4
[8557.699s][debug][gc,phases      ] GC(152) Weak Processing 0.352ms
[8557.699s][debug][gc,age         ] GC(152) Desired survivor size 60817408 bytes, new threshold 1 (max threshold 15)
[8557.699s][info ][gc,heap        ] GC(152) PSYoungGen: 2017472K(2017792K)->36464K(2035712K) Eden: 1984512K(1984512K)->0K(1978368K) From: 32960K(33280K)->36464K(57344K)
[8557.699s][info ][gc,heap        ] GC(152) ParOldGen: 482267K(797696K)->512141K(797696K)
[8557.699s][info ][gc,metaspace   ] GC(152) Metaspace: 113085K(114304K)->113085K(114304K) NonClass: 96367K(97024K)->96367K(97024K) Class: 16717K(17280K)->16717K(17280K)
[8557.699s][info ][gc             ] GC(152) Pause Young (Allocation Failure) 2441M->535M(2767M) 21.901ms
[8557.699s][info ][gc,cpu         ] GC(152) User=0.08s Sys=0.00s Real=0.02s
[8557.702s][info ][safepoint      ] Safepoint "ParallelGCFailedAllocation", Time since last: 1432248276 ns, Reaching safepoint: 86599 ns, Cleanup: 12900 ns, At safepoint: 24370135 ns, Total: 24469634 ns
[8558.702s][info ][safepoint      ] Safepoint "Cleanup", Time since last: 1000108309 ns, Reaching safepoint: 7900 ns, Cleanup: 16000 ns, At safepoint: 2400 ns, Total: 26300 ns
[8559.703s][info ][safepoint      ] Safepoint "Cleanup", Time since last: 1000660041 ns, Reaching safepoint: 78900 ns, Cleanup: 14900 ns, At safepoint: 11699 ns, Total: 105499 ns
[8560.703s][info ][safepoint      ] Safepoint "Cleanup", Time since last: 1000115481 ns, Reaching safepoint: 78399 ns, Cleanup: 10200 ns, At safepoint: 10000 ns, Total: 98599 ns
[8561.703s][info ][safepoint      ] Safepoint "Cleanup", Time since last: 1000120780 ns, Reaching safepoint: 78600 ns, Cleanup: 31400 ns, At safepoint: 8800 ns, Total: 118800 ns
[8562.705s][info ][safepoint      ] Safepoint "Cleanup", Time since last: 1001427471 ns, Reaching safepoint: 82600 ns, Cleanup: 18400 ns, At safepoint: 12099 ns, Total: 113099 ns
[8563.705s][info ][safepoint      ] Safepoint "Cleanup", Time since last: 1000128681 ns, Reaching safepoint: 79699 ns, Cleanup: 41000 ns, At safepoint: 10100 ns, Total: 130799 ns
[8564.705s][info ][safepoint      ] Safepoint "Cleanup", Time since last: 1000122780 ns, Reaching safepoint: 80400 ns, Cleanup: 21199 ns, At safepoint: 10100 ns, Total: 111699 ns
[8565.000s][info ][gc,start       ] GC(153) Pause Young (Allocation Failure)
[8565.026s][debug][gc,phases      ] GC(153) Scavenge 25.596ms
[8565.026s][debug][gc,ref         ] GC(153) ReferenceProcessor::execute queues: 1, RefProcThreadModel::Single, marks_oops_alive: false
[8565.026s][debug][gc,ref         ] GC(153) Skipped KeepAliveFinalRefsPhase of Reference Processing: no references
[8565.026s][debug][gc,ref         ] GC(153) ReferenceProcessor::execute queues: 1, RefProcThreadModel::Single, marks_oops_alive: false
[8565.026s][debug][gc,phases      ] GC(153) Reference Processing 0.103ms
[8565.026s][debug][gc,phases      ] GC(153)   VM Weak                        Min:  0.0, Avg:  0.0, Max:  0.0, Diff:  0.0, Sum:  0.0, Workers: 4
[8565.026s][debug][gc,phases      ] GC(153)     Dead                           Min: 0, Avg:  0.0, Max: 0, Diff: 0, Sum: 0, Workers: 4
[8565.026s][debug][gc,phases      ] GC(153)     Total                          Min: 0, Avg: 214.8, Max: 649, Diff: 649, Sum: 859, Workers: 4
[8565.026s][debug][gc,phases      ] GC(153)   ObjectSynchronizer Weak        Min:  0.0, Avg:  0.0, Max:  0.0, Diff:  0.0, Sum:  0.0, Workers: 4
[8565.027s][debug][gc,phases      ] GC(153)     Dead                           Min: 0, Avg:  0.0, Max: 0, Diff: 0, Sum: 0, Workers: 4
[8565.027s][debug][gc,phases      ] GC(153)     Total                          Min: 0, Avg:  1.8, Max: 7, Diff: 7, Sum: 7, Workers: 4
[8565.027s][debug][gc,phases      ] GC(153)   JVMTI Tag Weak OopStorage      Min:  0.0, Avg:  0.0, Max:  0.0, Diff:  0.0, Sum:  0.0, Workers: 4
[8565.027s][debug][gc,phases      ] GC(153)     Dead                           Min: 0, Avg:  0.0, Max: 0, Diff: 0, Sum: 0, Workers: 4
[8565.027s][debug][gc,phases      ] GC(153)     Total                          Min: 0, Avg:  0.0, Max: 0, Diff: 0, Sum: 0, Workers: 4
[8565.027s][debug][gc,phases      ] GC(153)   StringTable Weak               Min:  0.0, Avg:  0.1, Max:  0.2, Diff:  0.2, Sum:  0.4, Workers: 4
[8565.027s][debug][gc,phases      ] GC(153)     Dead                           Min: 0, Avg:  0.0, Max: 0, Diff: 0, Sum: 0, Workers: 4
[8565.027s][debug][gc,phases      ] GC(153)     Total                          Min: 0, Avg: 12098.5, Max: 29503, Diff: 29503, Sum: 48394, Workers: 4
[8565.027s][debug][gc,phases      ] GC(153)   ResolvedMethodTable Weak       Min:  0.0, Avg:  0.0, Max:  0.1, Diff:  0.1, Sum:  0.2, Workers: 4
[8565.027s][debug][gc,phases      ] GC(153)     Dead                           Min: 0, Avg:  0.2, Max: 1, Diff: 1, Sum: 1, Workers: 4
[8565.027s][debug][gc,phases      ] GC(153)     Total                          Min: 0, Avg: 4029.2, Max: 8187, Diff: 8187, Sum: 16117, Workers: 4
[8565.027s][debug][gc,phases      ] GC(153)   JNI Weak                       Min:  0.0, Avg:  0.0, Max:  0.0, Diff:  0.0, Sum:  0.0, Workers: 4
[8565.027s][debug][gc,phases      ] GC(153)     Dead                           Min: 0, Avg:  0.0, Max: 0, Diff: 0, Sum: 0, Workers: 4
[8565.027s][debug][gc,phases      ] GC(153)     Total                          Min: 0, Avg: 13.0, Max: 52, Diff: 52, Sum: 52, Workers: 4
[8565.027s][debug][gc,phases      ] GC(153)   StringDedup Table Weak         Min:  0.0, Avg:  0.0, Max:  0.0, Diff:  0.0, Sum:  0.0, Workers: 4
[8565.027s][debug][gc,phases      ] GC(153)     Dead                           Min: 0, Avg:  0.0, Max: 0, Diff: 0, Sum: 0, Workers: 4
[8565.027s][debug][gc,phases      ] GC(153)     Total                          Min: 0, Avg:  0.0, Max: 0, Diff: 0, Sum: 0, Workers: 4
[8565.027s][debug][gc,phases      ] GC(153)   StringDedup Requests0 Weak     Min:  0.0, Avg:  0.0, Max:  0.0, Diff:  0.0, Sum:  0.0, Workers: 4
[8565.027s][debug][gc,phases      ] GC(153)     Dead                           Min: 0, Avg:  0.0, Max: 0, Diff: 0, Sum: 0, Workers: 4
[8565.027s][debug][gc,phases      ] GC(153)     Total                          Min: 0, Avg:  0.0, Max: 0, Diff: 0, Sum: 0, Workers: 4
[8565.027s][debug][gc,phases      ] GC(153)   StringDedup Requests1 Weak     Min:  0.0, Avg:  0.0, Max:  0.0, Diff:  0.0, Sum:  0.0, Workers: 4
[8565.027s][debug][gc,phases      ] GC(153)     Dead                           Min: 0, Avg:  0.0, Max: 0, Diff: 0, Sum: 0, Workers: 4
[8565.027s][debug][gc,phases      ] GC(153)     Total                          Min: 0, Avg:  0.0, Max: 0, Diff: 0, Sum: 0, Workers: 4
[8565.027s][debug][gc,phases      ] GC(153)   Weak JFR Old Object Samples    Min:  0.0, Avg:  0.0, Max:  0.0, Diff:  0.0, Sum:  0.0, Workers: 4
[8565.027s][debug][gc,phases      ] GC(153)     Dead                           Min: 0, Avg:  0.0, Max: 0, Diff: 0, Sum: 0, Workers: 4
[8565.027s][debug][gc,phases      ] GC(153)     Total                          Min: 0, Avg:  0.0, Max: 0, Diff: 0, Sum: 0, Workers: 4
[8565.027s][debug][gc,phases      ] GC(153) Weak Processing 0.490ms
[8565.027s][debug][gc,age         ] GC(153) Desired survivor size 62390272 bytes, new threshold 1 (max threshold 15)
[8565.027s][info ][gc,heap        ] GC(153) PSYoungGen: 2014832K(2035712K)->37229K(2015744K) Eden: 1978368K(1978368K)->0K(1978368K) From: 36464K(57344K)->37229K(37376K)
[8565.027s][info ][gc,heap        ] GC(153) ParOldGen: 512141K(797696K)->545269K(797696K)
[8565.027s][info ][gc,metaspace   ] GC(153) Metaspace: 113185K(114368K)->113185K(114368K) NonClass: 96458K(97088K)->96458K(97088K) Class: 16726K(17280K)->16726K(17280K)
[8565.027s][info ][gc             ] GC(153) Pause Young (Allocation Failure) 2467M->568M(2747M) 26.316ms
[8565.027s][info ][gc,cpu         ] GC(153) User=0.09s Sys=0.00s Real=0.03s
[8565.027s][info ][safepoint      ] Safepoint "ParallelGCFailedAllocation", Time since last: 295158717 ns, Reaching safepoint: 5000 ns, Cleanup: 8400 ns, At safepoint: 26399123 ns, Total: 26412523 ns
[8566.027s][info ][safepoint      ] Safepoint "Cleanup", Time since last: 1000085680 ns, Reaching safepoint: 5200 ns, Cleanup: 12400 ns, At safepoint: 1700 ns, Total: 19300 ns
[8568.027s][info ][safepoint      ] Safepoint "Cleanup", Time since last: 2000161770 ns, Reaching safepoint: 5700 ns, Cleanup: 20099 ns, At safepoint: 1900 ns, Total: 27699 ns
[8574.028s][info ][safepoint      ] Safepoint "Cleanup", Time since last: 6000436101 ns, Reaching safepoint: 80600 ns, Cleanup: 13400 ns, At safepoint: 9900 ns, Total: 103900 ns
[8575.028s][info ][safepoint      ] Safepoint "Cleanup", Time since last: 1000121366 ns, Reaching safepoint: 6400 ns, Cleanup: 19200 ns, At safepoint: 2200 ns, Total: 27800 ns
[8581.028s][info ][safepoint      ] Safepoint "Cleanup", Time since last: 6000451078 ns, Reaching safepoint: 6300 ns, Cleanup: 9400 ns, At safepoint: 2100 ns, Total: 17800 ns
[8583.727s][info ][safepoint      ] Safepoint "Cleanup", Time since last: 2698631508 ns, Reaching safepoint: 6100 ns, Cleanup: 10600 ns, At safepoint: 2100 ns, Total: 18800 ns
[8596.728s][info ][safepoint      ] Safepoint "Cleanup", Time since last: 13000961835 ns, Reaching safepoint: 7400 ns, Cleanup: 15300 ns, At safepoint: 2500 ns, Total: 25200 ns
[8598.728s][info ][safepoint      ] Safepoint "Cleanup", Time since last: 2000186851 ns, Reaching safepoint: 6400 ns, Cleanup: 10100 ns, At safepoint: 2000 ns, Total: 18500 ns
[8600.519s][info ][gc,start       ] GC(154) Pause Young (Allocation Failure)
[8600.536s][debug][gc,phases      ] GC(154) Scavenge 16.603ms
[8600.536s][debug][gc,ref         ] GC(154) ReferenceProcessor::execute queues: 1, RefProcThreadModel::Single, marks_oops_alive: false
[8600.536s][debug][gc,ref         ] GC(154) Skipped KeepAliveFinalRefsPhase of Reference Processing: no references
[8600.536s][debug][gc,ref         ] GC(154) Skipped PhantomRefsPhase of Reference Processing: no references
[8600.536s][debug][gc,phases      ] GC(154) Reference Processing 0.103ms
[8600.537s][debug][gc,phases      ] GC(154)   VM Weak                        Min:  0.0, Avg:  0.0, Max:  0.0, Diff:  0.0, Sum:  0.0, Workers: 4
[8600.537s][debug][gc,phases      ] GC(154)     Dead                           Min: 0, Avg:  0.0, Max: 0, Diff: 0, Sum: 0, Workers: 4
[8600.537s][debug][gc,phases      ] GC(154)     Total                          Min: 0, Avg: 214.8, Max: 739, Diff: 739, Sum: 859, Workers: 4
[8600.537s][debug][gc,phases      ] GC(154)   ObjectSynchronizer Weak        Min:  0.0, Avg:  0.0, Max:  0.0, Diff:  0.0, Sum:  0.0, Workers: 4
[8600.537s][debug][gc,phases      ] GC(154)     Dead                           Min: 0, Avg:  0.0, Max: 0, Diff: 0, Sum: 0, Workers: 4
[8600.537s][debug][gc,phases      ] GC(154)     Total                          Min: 0, Avg:  1.5, Max: 6, Diff: 6, Sum: 6, Workers: 4
[8600.537s][debug][gc,phases      ] GC(154)   JVMTI Tag Weak OopStorage      Min:  0.0, Avg:  0.0, Max:  0.0, Diff:  0.0, Sum:  0.0, Workers: 4
[8600.537s][debug][gc,phases      ] GC(154)     Dead                           Min: 0, Avg:  0.0, Max: 0, Diff: 0, Sum: 0, Workers: 4
[8600.537s][debug][gc,phases      ] GC(154)     Total                          Min: 0, Avg:  0.0, Max: 0, Diff: 0, Sum: 0, Workers: 4
[8600.537s][debug][gc,phases      ] GC(154)   StringTable Weak               Min:  0.0, Avg:  0.1, Max:  0.1, Diff:  0.1, Sum:  0.4, Workers: 4
[8600.537s][debug][gc,phases      ] GC(154)     Dead                           Min: 0, Avg:  0.0, Max: 0, Diff: 0, Sum: 0, Workers: 4
[8600.537s][debug][gc,phases      ] GC(154)     Total                          Min: 0, Avg: 12098.8, Max: 21312, Diff: 21312, Sum: 48395, Workers: 4
[8600.537s][debug][gc,phases      ] GC(154)   ResolvedMethodTable Weak       Min:  0.0, Avg:  0.0, Max:  0.0, Diff:  0.0, Sum:  0.1, Workers: 4
[8600.537s][debug][gc,phases      ] GC(154)     Dead                           Min: 0, Avg:  4.0, Max: 13, Diff: 13, Sum: 16, Workers: 4
[8600.537s][debug][gc,phases      ] GC(154)     Total                          Min: 0, Avg: 4029.2, Max: 7038, Diff: 7038, Sum: 16117, Workers: 4
[8600.537s][debug][gc,phases      ] GC(154)   JNI Weak                       Min:  0.0, Avg:  0.0, Max:  0.0, Diff:  0.0, Sum:  0.0, Workers: 4
[8600.537s][debug][gc,phases      ] GC(154)     Dead                           Min: 0, Avg:  0.0, Max: 0, Diff: 0, Sum: 0, Workers: 4
[8600.537s][debug][gc,phases      ] GC(154)     Total                          Min: 0, Avg: 13.0, Max: 52, Diff: 52, Sum: 52, Workers: 4
[8600.537s][debug][gc,phases      ] GC(154)   StringDedup Table Weak         Min:  0.0, Avg:  0.0, Max:  0.0, Diff:  0.0, Sum:  0.0, Workers: 4
[8600.537s][debug][gc,phases      ] GC(154)     Dead                           Min: 0, Avg:  0.0, Max: 0, Diff: 0, Sum: 0, Workers: 4
[8600.537s][debug][gc,phases      ] GC(154)     Total                          Min: 0, Avg:  0.0, Max: 0, Diff: 0, Sum: 0, Workers: 4
[8600.537s][debug][gc,phases      ] GC(154)   StringDedup Requests0 Weak     Min:  0.0, Avg:  0.0, Max:  0.0, Diff:  0.0, Sum:  0.0, Workers: 4
[8600.537s][debug][gc,phases      ] GC(154)     Dead                           Min: 0, Avg:  0.0, Max: 0, Diff: 0, Sum: 0, Workers: 4
[8600.537s][debug][gc,phases      ] GC(154)     Total                          Min: 0, Avg:  0.0, Max: 0, Diff: 0, Sum: 0, Workers: 4
[8600.537s][debug][gc,phases      ] GC(154)   StringDedup Requests1 Weak     Min:  0.0, Avg:  0.0, Max:  0.0, Diff:  0.0, Sum:  0.0, Workers: 4
[8600.537s][debug][gc,phases      ] GC(154)     Dead                           Min: 0, Avg:  0.0, Max: 0, Diff: 0, Sum: 0, Workers: 4
[8600.537s][debug][gc,phases      ] GC(154)     Total                          Min: 0, Avg:  0.0, Max: 0, Diff: 0, Sum: 0, Workers: 4
[8600.537s][debug][gc,phases      ] GC(154)   Weak JFR Old Object Samples    Min:  0.0, Avg:  0.0, Max:  0.0, Diff:  0.0, Sum:  0.0, Workers: 4
[8600.537s][debug][gc,phases      ] GC(154)     Dead                           Min: 0, Avg:  0.0, Max: 0, Diff: 0, Sum: 0, Workers: 4
[8600.537s][debug][gc,phases      ] GC(154)     Total                          Min: 0, Avg:  0.0, Max: 0, Diff: 0, Sum: 0, Workers: 4
[8600.537s][debug][gc,phases      ] GC(154) Weak Processing 0.375ms
[8600.537s][debug][gc,age         ] GC(154) Desired survivor size 60817408 bytes, new threshold 1 (max threshold 15)
[8600.537s][info ][gc,heap        ] GC(154) PSYoungGen: 2015597K(2015744K)->14192K(2037760K) Eden: 1978368K(1978368K)->0K(1976832K) From: 37229K(37376K)->14192K(60928K)
[8600.537s][info ][gc,heap        ] GC(154) ParOldGen: 545269K(797696K)->580272K(797696K)
[8600.537s][info ][gc,metaspace   ] GC(154) Metaspace: 113193K(114432K)->113193K(114432K) NonClass: 96466K(97152K)->96466K(97152K) Class: 16726K(17280K)->16726K(17280K)
[8600.537s][info ][gc             ] GC(154) Pause Young (Allocation Failure) 2500M->580M(2769M) 17.212ms
[8600.537s][info ][gc,cpu         ] GC(154) User=0.07s Sys=0.00s Real=0.02s
[8600.537s][info ][safepoint      ] Safepoint "ParallelGCFailedAllocation", Time since last: 1791375914 ns, Reaching safepoint: 6400 ns, Cleanup: 4100 ns, At safepoint: 17283629 ns, Total: 17294129 ns
[8607.537s][info ][safepoint      ] Safepoint "Cleanup", Time since last: 7000480535 ns, Reaching safepoint: 8000 ns, Cleanup: 14600 ns, At safepoint: 3300 ns, Total: 25900 ns
[8609.537s][info ][safepoint      ] Safepoint "Cleanup", Time since last: 2000188451 ns, Reaching safepoint: 7099 ns, Cleanup: 10100 ns, At safepoint: 2500 ns, Total: 19699 ns
[8610.538s][info ][safepoint      ] Safepoint "Cleanup", Time since last: 1000115476 ns, Reaching safepoint: 26300 ns, Cleanup: 15899 ns, At safepoint: 2200 ns, Total: 44399 ns
[8613.538s][info ][safepoint      ] Safepoint "Cleanup", Time since last: 3000249027 ns, Reaching safepoint: 8000 ns, Cleanup: 12300 ns, At safepoint: 2500 ns, Total: 22800 ns
[8627.539s][info ][safepoint      ] Safepoint "Cleanup", Time since last: 14001004811 ns, Reaching safepoint: 6900 ns, Cleanup: 10800 ns, At safepoint: 2000 ns, Total: 19700 ns
[8631.539s][info ][safepoint      ] Safepoint "Cleanup", Time since last: 4000327225 ns, Reaching safepoint: 7500 ns, Cleanup: 9700 ns, At safepoint: 2100 ns, Total: 19300 ns
[8632.539s][info ][safepoint      ] Safepoint "Cleanup", Time since last: 1000112951 ns, Reaching safepoint: 7700 ns, Cleanup: 11700 ns, At safepoint: 2300 ns, Total: 21700 ns
[8637.540s][info ][safepoint      ] Safepoint "Cleanup", Time since last: 5001035051 ns, Reaching safepoint: 8800 ns, Cleanup: 30400 ns, At safepoint: 3100 ns, Total: 42300 ns
[8644.746s][info ][safepoint      ] Safepoint "Cleanup", Time since last: 7205119063 ns, Reaching safepoint: 78000 ns, Cleanup: 12099 ns, At safepoint: 13200 ns, Total: 103299 ns
[8645.173s][info ][gc,start       ] GC(155) Pause Young (Allocation Failure)
[8645.182s][debug][gc,phases      ] GC(155) Scavenge 9.458ms
[8645.182s][debug][gc,ref         ] GC(155) ReferenceProcessor::execute queues: 1, RefProcThreadModel::Single, marks_oops_alive: false
[8645.182s][debug][gc,ref         ] GC(155) Skipped KeepAliveFinalRefsPhase of Reference Processing: no references
[8645.182s][debug][gc,ref         ] GC(155) ReferenceProcessor::execute queues: 1, RefProcThreadModel::Single, marks_oops_alive: false
[8645.182s][debug][gc,phases      ] GC(155) Reference Processing 0.104ms
[8645.183s][debug][gc,phases      ] GC(155)   VM Weak                        Min:  0.0, Avg:  0.0, Max:  0.0, Diff:  0.0, Sum:  0.0, Workers: 4
[8645.183s][debug][gc,phases      ] GC(155)     Dead                           Min: 0, Avg:  0.0, Max: 0, Diff: 0, Sum: 0, Workers: 4
[8645.183s][debug][gc,phases      ] GC(155)     Total                          Min: 0, Avg: 214.8, Max: 434, Diff: 434, Sum: 859, Workers: 4
[8645.183s][debug][gc,phases      ] GC(155)   ObjectSynchronizer Weak        Min:  0.0, Avg:  0.0, Max:  0.0, Diff:  0.0, Sum:  0.0, Workers: 4
[8645.183s][debug][gc,phases      ] GC(155)     Dead                           Min: 0, Avg:  0.0, Max: 0, Diff: 0, Sum: 0, Workers: 4
[8645.183s][debug][gc,phases      ] GC(155)     Total                          Min: 0, Avg:  1.0, Max: 4, Diff: 4, Sum: 4, Workers: 4
[8645.183s][debug][gc,phases      ] GC(155)   JVMTI Tag Weak OopStorage      Min:  0.0, Avg:  0.0, Max:  0.0, Diff:  0.0, Sum:  0.0, Workers: 4
[8645.183s][debug][gc,phases      ] GC(155)     Dead                           Min: 0, Avg:  0.0, Max: 0, Diff: 0, Sum: 0, Workers: 4
[8645.183s][debug][gc,phases      ] GC(155)     Total                          Min: 0, Avg:  0.0, Max: 0, Diff: 0, Sum: 0, Workers: 4
[8645.183s][debug][gc,phases      ] GC(155)   StringTable Weak               Min:  0.1, Avg:  0.1, Max:  0.1, Diff:  0.1, Sum:  0.5, Workers: 4
[8645.183s][debug][gc,phases      ] GC(155)     Dead                           Min: 0, Avg:  0.0, Max: 0, Diff: 0, Sum: 0, Workers: 4
[8645.183s][debug][gc,phases      ] GC(155)     Total                          Min: 5504, Avg: 12100.2, Max: 16128, Diff: 10624, Sum: 48401, Workers: 4
[8645.183s][debug][gc,phases      ] GC(155)   ResolvedMethodTable Weak       Min:  0.0, Avg:  0.0, Max:  0.0, Diff:  0.0, Sum:  0.2, Workers: 4
[8645.183s][debug][gc,phases      ] GC(155)     Dead                           Min: 0, Avg:  4.0, Max: 7, Diff: 7, Sum: 16, Workers: 4
[8645.183s][debug][gc,phases      ] GC(155)     Total                          Min: 3785, Avg: 4029.5, Max: 4185, Diff: 400, Sum: 16118, Workers: 4
[8645.183s][debug][gc,phases      ] GC(155)   JNI Weak                       Min:  0.0, Avg:  0.0, Max:  0.0, Diff:  0.0, Sum:  0.0, Workers: 4
[8645.183s][debug][gc,phases      ] GC(155)     Dead                           Min: 0, Avg:  0.0, Max: 0, Diff: 0, Sum: 0, Workers: 4
[8645.183s][debug][gc,phases      ] GC(155)     Total                          Min: 0, Avg: 13.0, Max: 52, Diff: 52, Sum: 52, Workers: 4
[8645.183s][debug][gc,phases      ] GC(155)   StringDedup Table Weak         Min:  0.0, Avg:  0.0, Max:  0.0, Diff:  0.0, Sum:  0.0, Workers: 4
[8645.183s][debug][gc,phases      ] GC(155)     Dead                           Min: 0, Avg:  0.0, Max: 0, Diff: 0, Sum: 0, Workers: 4
[8645.183s][debug][gc,phases      ] GC(155)     Total                          Min: 0, Avg:  0.0, Max: 0, Diff: 0, Sum: 0, Workers: 4
[8645.183s][debug][gc,phases      ] GC(155)   StringDedup Requests0 Weak     Min:  0.0, Avg:  0.0, Max:  0.0, Diff:  0.0, Sum:  0.0, Workers: 4
[8645.183s][debug][gc,phases      ] GC(155)     Dead                           Min: 0, Avg:  0.0, Max: 0, Diff: 0, Sum: 0, Workers: 4
[8645.183s][debug][gc,phases      ] GC(155)     Total                          Min: 0, Avg:  0.0, Max: 0, Diff: 0, Sum: 0, Workers: 4
[8645.183s][debug][gc,phases      ] GC(155)   StringDedup Requests1 Weak     Min:  0.0, Avg:  0.0, Max:  0.0, Diff:  0.0, Sum:  0.0, Workers: 4
[8645.183s][debug][gc,phases      ] GC(155)     Dead                           Min: 0, Avg:  0.0, Max: 0, Diff: 0, Sum: 0, Workers: 4
[8645.183s][debug][gc,phases      ] GC(155)     Total                          Min: 0, Avg:  0.0, Max: 0, Diff: 0, Sum: 0, Workers: 4
[8645.183s][debug][gc,phases      ] GC(155)   Weak JFR Old Object Samples    Min:  0.0, Avg:  0.0, Max:  0.0, Diff:  0.0, Sum:  0.0, Workers: 4
[8645.183s][debug][gc,phases      ] GC(155)     Dead                           Min: 0, Avg:  0.0, Max: 0, Diff: 0, Sum: 0, Workers: 4
[8645.183s][debug][gc,phases      ] GC(155)     Total                          Min: 0, Avg:  0.0, Max: 0, Diff: 0, Sum: 0, Workers: 4
[8645.183s][debug][gc,phases      ] GC(155) Weak Processing 0.362ms
[8645.183s][debug][gc,age         ] GC(155) Desired survivor size 58195968 bytes, new threshold 1 (max threshold 15)
[8645.183s][info ][gc,heap        ] GC(155) PSYoungGen: 1991024K(2037760K)->14784K(2036224K) Eden: 1976832K(1976832K)->0K(1976832K) From: 14192K(60928K)->14784K(59392K)
[8645.183s][info ][gc,heap        ] GC(155) ParOldGen: 580272K(797696K)->591210K(797696K)
[8645.183s][info ][gc,metaspace   ] GC(155) Metaspace: 113213K(114432K)->113213K(114432K) NonClass: 96484K(97152K)->96484K(97152K) Class: 16729K(17280K)->16729K(17280K)
[8645.183s][info ][gc             ] GC(155) Pause Young (Allocation Failure) 2511M->591M(2767M) 10.042ms
[8645.183s][info ][gc,cpu         ] GC(155) User=0.04s Sys=0.00s Real=0.01s
[8645.183s][info ][safepoint      ] Safepoint "ParallelGCFailedAllocation", Time since last: 427034163 ns, Reaching safepoint: 79099 ns, Cleanup: 3900 ns, At safepoint: 10111328 ns, Total: 10194327 ns
[8646.183s][info ][safepoint      ] Safepoint "Cleanup", Time since last: 1000086686 ns, Reaching safepoint: 6000 ns, Cleanup: 11300 ns, At safepoint: 2300 ns, Total: 19600 ns
[8647.183s][info ][safepoint      ] Safepoint "Cleanup", Time since last: 1000148686 ns, Reaching safepoint: 6700 ns, Cleanup: 11600 ns, At safepoint: 5900 ns, Total: 24200 ns
[8672.185s][info ][safepoint      ] Safepoint "Cleanup", Time since last: 25001803408 ns, Reaching safepoint: 6700 ns, Cleanup: 10100 ns, At safepoint: 1900 ns, Total: 18700 ns
[8681.186s][info ][safepoint      ] Safepoint "Cleanup", Time since last: 9000693258 ns, Reaching safepoint: 6500 ns, Cleanup: 21600 ns, At safepoint: 2300 ns, Total: 30400 ns
[8682.186s][info ][safepoint      ] Safepoint "Cleanup", Time since last: 1000115885 ns, Reaching safepoint: 5900 ns, Cleanup: 14200 ns, At safepoint: 2600 ns, Total: 22700 ns
[8683.186s][info ][safepoint      ] Safepoint "Cleanup", Time since last: 1000109585 ns, Reaching safepoint: 79799 ns, Cleanup: 12800 ns, At safepoint: 7300 ns, Total: 99899 ns
[8685.186s][info ][safepoint      ] Safepoint "Cleanup", Time since last: 2000213570 ns, Reaching safepoint: 91200 ns, Cleanup: 22099 ns, At safepoint: 13600 ns, Total: 126899 ns
[8685.276s][info ][gc,start       ] GC(156) Pause Young (Allocation Failure)
[8685.285s][debug][gc,phases      ] GC(156) Scavenge 9.540ms
[8685.285s][debug][gc,ref         ] GC(156) ReferenceProcessor::execute queues: 1, RefProcThreadModel::Single, marks_oops_alive: false
[8685.285s][debug][gc,ref         ] GC(156) Skipped KeepAliveFinalRefsPhase of Reference Processing: no references
[8685.285s][debug][gc,ref         ] GC(156) ReferenceProcessor::execute queues: 1, RefProcThreadModel::Single, marks_oops_alive: false
[8685.285s][debug][gc,phases      ] GC(156) Reference Processing 0.105ms
[8685.286s][debug][gc,phases      ] GC(156)   VM Weak                        Min:  0.0, Avg:  0.0, Max:  0.0, Diff:  0.0, Sum:  0.0, Workers: 4
[8685.286s][debug][gc,phases      ] GC(156)     Dead                           Min: 0, Avg:  0.0, Max: 0, Diff: 0, Sum: 0, Workers: 4
[8685.286s][debug][gc,phases      ] GC(156)     Total                          Min: 0, Avg: 214.8, Max: 675, Diff: 675, Sum: 859, Workers: 4
[8685.286s][debug][gc,phases      ] GC(156)   ObjectSynchronizer Weak        Min:  0.0, Avg:  0.0, Max:  0.0, Diff:  0.0, Sum:  0.0, Workers: 4
[8685.286s][debug][gc,phases      ] GC(156)     Dead                           Min: 0, Avg:  0.2, Max: 1, Diff: 1, Sum: 1, Workers: 4
[8685.286s][debug][gc,phases      ] GC(156)     Total                          Min: 0, Avg:  2.0, Max: 8, Diff: 8, Sum: 8, Workers: 4
[8685.286s][debug][gc,phases      ] GC(156)   JVMTI Tag Weak OopStorage      Min:  0.0, Avg:  0.0, Max:  0.0, Diff:  0.0, Sum:  0.0, Workers: 4
[8685.286s][debug][gc,phases      ] GC(156)     Dead                           Min: 0, Avg:  0.0, Max: 0, Diff: 0, Sum: 0, Workers: 4
[8685.286s][debug][gc,phases      ] GC(156)     Total                          Min: 0, Avg:  0.0, Max: 0, Diff: 0, Sum: 0, Workers: 4
[8685.286s][debug][gc,phases      ] GC(156)   StringTable Weak               Min:  0.0, Avg:  0.1, Max:  0.1, Diff:  0.1, Sum:  0.4, Workers: 4
[8685.286s][debug][gc,phases      ] GC(156)     Dead                           Min: 0, Avg:  0.2, Max: 1, Diff: 1, Sum: 1, Workers: 4
[8685.286s][debug][gc,phases      ] GC(156)     Total                          Min: 0, Avg: 12102.8, Max: 20607, Diff: 20607, Sum: 48411, Workers: 4
[8685.286s][debug][gc,phases      ] GC(156)   ResolvedMethodTable Weak       Min:  0.0, Avg:  0.0, Max:  0.0, Diff:  0.0, Sum:  0.1, Workers: 4
[8685.286s][debug][gc,phases      ] GC(156)     Dead                           Min: 0, Avg:  8.5, Max: 17, Diff: 17, Sum: 34, Workers: 4
[8685.286s][debug][gc,phases      ] GC(156)     Total                          Min: 0, Avg: 4032.8, Max: 6761, Diff: 6761, Sum: 16131, Workers: 4
[8685.286s][debug][gc,phases      ] GC(156)   JNI Weak                       Min:  0.0, Avg:  0.0, Max:  0.0, Diff:  0.0, Sum:  0.0, Workers: 4
[8685.286s][debug][gc,phases      ] GC(156)     Dead                           Min: 0, Avg:  0.0, Max: 0, Diff: 0, Sum: 0, Workers: 4
[8685.286s][debug][gc,phases      ] GC(156)     Total                          Min: 0, Avg: 13.0, Max: 52, Diff: 52, Sum: 52, Workers: 4
[8685.286s][debug][gc,phases      ] GC(156)   StringDedup Table Weak         Min:  0.0, Avg:  0.0, Max:  0.0, Diff:  0.0, Sum:  0.0, Workers: 4
[8685.286s][debug][gc,phases      ] GC(156)     Dead                           Min: 0, Avg:  0.0, Max: 0, Diff: 0, Sum: 0, Workers: 4
[8685.286s][debug][gc,phases      ] GC(156)     Total                          Min: 0, Avg:  0.0, Max: 0, Diff: 0, Sum: 0, Workers: 4
[8685.286s][debug][gc,phases      ] GC(156)   StringDedup Requests0 Weak     Min:  0.0, Avg:  0.0, Max:  0.0, Diff:  0.0, Sum:  0.0, Workers: 4
[8685.286s][debug][gc,phases      ] GC(156)     Dead                           Min: 0, Avg:  0.0, Max: 0, Diff: 0, Sum: 0, Workers: 4
[8685.286s][debug][gc,phases      ] GC(156)     Total                          Min: 0, Avg:  0.0, Max: 0, Diff: 0, Sum: 0, Workers: 4
[8685.286s][debug][gc,phases      ] GC(156)   StringDedup Requests1 Weak     Min:  0.0, Avg:  0.0, Max:  0.0, Diff:  0.0, Sum:  0.0, Workers: 4
[8685.286s][debug][gc,phases      ] GC(156)     Dead                           Min: 0, Avg:  0.0, Max: 0, Diff: 0, Sum: 0, Workers: 4
[8685.286s][debug][gc,phases      ] GC(156)     Total                          Min: 0, Avg:  0.0, Max: 0, Diff: 0, Sum: 0, Workers: 4
[8685.286s][debug][gc,phases      ] GC(156)   Weak JFR Old Object Samples    Min:  0.0, Avg:  0.0, Max:  0.0, Diff:  0.0, Sum:  0.0, Workers: 4
[8685.286s][debug][gc,phases      ] GC(156)     Dead                           Min: 0, Avg:  0.0, Max: 0, Diff: 0, Sum: 0, Workers: 4
[8685.286s][debug][gc,phases      ] GC(156)     Total                          Min: 0, Avg:  0.0, Max: 0, Diff: 0, Sum: 0, Workers: 4
[8685.286s][debug][gc,phases      ] GC(156) Weak Processing 0.373ms
[8685.286s][debug][gc,age         ] GC(156) Desired survivor size 56623104 bytes, new threshold 1 (max threshold 15)
[8685.286s][info ][gc,heap        ] GC(156) PSYoungGen: 1991616K(2036224K)->12336K(2041856K) Eden: 1976832K(1976832K)->0K(1985024K) From: 14784K(59392K)->12336K(56832K)
[8685.286s][info ][gc,heap        ] GC(156) ParOldGen: 591210K(797696K)->602799K(797696K)
[8685.286s][info ][gc,metaspace   ] GC(156) Metaspace: 113256K(114432K)->113256K(114432K) NonClass: 96518K(97152K)->96518K(97152K) Class: 16737K(17280K)->16737K(17280K)
[8685.286s][info ][gc             ] GC(156) Pause Young (Allocation Failure) 2522M->600M(2773M) 10.127ms
[8685.286s][info ][gc,cpu         ] GC(156) User=0.04s Sys=0.00s Real=0.01s
[8685.286s][info ][safepoint      ] Safepoint "ParallelGCFailedAllocation", Time since last: 89104484 ns, Reaching safepoint: 4800 ns, Cleanup: 6700 ns, At safepoint: 10200330 ns, Total: 10211830 ns
[8692.286s][info ][safepoint      ] Safepoint "Cleanup", Time since last: 7000541072 ns, Reaching safepoint: 7500 ns, Cleanup: 15500 ns, At safepoint: 2200 ns, Total: 25200 ns
[8693.286s][info ][safepoint      ] Safepoint "Cleanup", Time since last: 1000115600 ns, Reaching safepoint: 5900 ns, Cleanup: 14600 ns, At safepoint: 2300 ns, Total: 22800 ns
[8695.287s][info ][safepoint      ] Safepoint "Cleanup", Time since last: 2000188801 ns, Reaching safepoint: 7400 ns, Cleanup: 11700 ns, At safepoint: 2200 ns, Total: 21300 ns
[8711.235s][info ][safepoint      ] Safepoint "Cleanup", Time since last: 15948168178 ns, Reaching safepoint: 4200 ns, Cleanup: 8100 ns, At safepoint: 4400 ns, Total: 16700 ns
[8712.235s][info ][safepoint      ] Safepoint "Cleanup", Time since last: 1000097666 ns, Reaching safepoint: 7400 ns, Cleanup: 11600 ns, At safepoint: 2200 ns, Total: 21200 ns
[8714.235s][info ][safepoint      ] Safepoint "Cleanup", Time since last: 2000176232 ns, Reaching safepoint: 6400 ns, Cleanup: 9600 ns, At safepoint: 23100 ns, Total: 39100 ns
[8716.235s][info ][safepoint      ] Safepoint "Cleanup", Time since last: 2000174133 ns, Reaching safepoint: 7700 ns, Cleanup: 10300 ns, At safepoint: 2700 ns, Total: 20700 ns
[8720.236s][info ][safepoint      ] Safepoint "Cleanup", Time since last: 4000334765 ns, Reaching safepoint: 7700 ns, Cleanup: 10800 ns, At safepoint: 2100 ns, Total: 20600 ns
[8733.237s][info ][safepoint      ] Safepoint "Cleanup", Time since last: 13001048580 ns, Reaching safepoint: 11700 ns, Cleanup: 13000 ns, At safepoint: 3900 ns, Total: 28600 ns
[8756.239s][info ][safepoint      ] Safepoint "Cleanup", Time since last: 23001725000 ns, Reaching safepoint: 8600 ns, Cleanup: 10899 ns, At safepoint: 2100 ns, Total: 21599 ns
[8767.370s][info ][gc,start       ] GC(157) Pause Young (Allocation Failure)
[8767.375s][debug][gc,phases      ] GC(157) Scavenge 5.385ms
[8767.375s][debug][gc,ref         ] GC(157) ReferenceProcessor::execute queues: 1, RefProcThreadModel::Single, marks_oops_alive: false
[8767.375s][debug][gc,ref         ] GC(157) Skipped KeepAliveFinalRefsPhase of Reference Processing: no references
[8767.375s][debug][gc,ref         ] GC(157) ReferenceProcessor::execute queues: 1, RefProcThreadModel::Single, marks_oops_alive: false
[8767.375s][debug][gc,phases      ] GC(157) Reference Processing 0.102ms
[8767.376s][debug][gc,phases      ] GC(157)   VM Weak                        Min:  0.0, Avg:  0.0, Max:  0.0, Diff:  0.0, Sum:  0.0, Workers: 4
[8767.376s][debug][gc,phases      ] GC(157)     Dead                           Min: 0, Avg:  0.0, Max: 0, Diff: 0, Sum: 0, Workers: 4
[8767.376s][debug][gc,phases      ] GC(157)     Total                          Min: 0, Avg: 214.8, Max: 692, Diff: 692, Sum: 859, Workers: 4
[8767.376s][debug][gc,phases      ] GC(157)   ObjectSynchronizer Weak        Min:  0.0, Avg:  0.0, Max:  0.0, Diff:  0.0, Sum:  0.0, Workers: 4
[8767.376s][debug][gc,phases      ] GC(157)     Dead                           Min: 0, Avg:  0.0, Max: 0, Diff: 0, Sum: 0, Workers: 4
[8767.376s][debug][gc,phases      ] GC(157)     Total                          Min: 0, Avg:  0.8, Max: 3, Diff: 3, Sum: 3, Workers: 4
[8767.376s][debug][gc,phases      ] GC(157)   JVMTI Tag Weak OopStorage      Min:  0.0, Avg:  0.0, Max:  0.0, Diff:  0.0, Sum:  0.0, Workers: 4
[8767.376s][debug][gc,phases      ] GC(157)     Dead                           Min: 0, Avg:  0.0, Max: 0, Diff: 0, Sum: 0, Workers: 4
[8767.376s][debug][gc,phases      ] GC(157)     Total                          Min: 0, Avg:  0.0, Max: 0, Diff: 0, Sum: 0, Workers: 4
[8767.376s][debug][gc,phases      ] GC(157)   StringTable Weak               Min:  0.0, Avg:  0.1, Max:  0.1, Diff:  0.1, Sum:  0.4, Workers: 4
[8767.376s][debug][gc,phases      ] GC(157)     Dead                           Min: 0, Avg:  0.0, Max: 0, Diff: 0, Sum: 0, Workers: 4
[8767.376s][debug][gc,phases      ] GC(157)     Total                          Min: 0, Avg: 12102.8, Max: 21276, Diff: 21276, Sum: 48411, Workers: 4
[8767.376s][debug][gc,phases      ] GC(157)   ResolvedMethodTable Weak       Min:  0.0, Avg:  0.0, Max:  0.0, Diff:  0.0, Sum:  0.1, Workers: 4
[8767.376s][debug][gc,phases      ] GC(157)     Dead                           Min: 0, Avg:  4.0, Max: 10, Diff: 10, Sum: 16, Workers: 4
[8767.376s][debug][gc,phases      ] GC(157)     Total                          Min: 0, Avg: 4032.8, Max: 6621, Diff: 6621, Sum: 16131, Workers: 4
[8767.376s][debug][gc,phases      ] GC(157)   JNI Weak                       Min:  0.0, Avg:  0.0, Max:  0.0, Diff:  0.0, Sum:  0.0, Workers: 4
[8767.376s][debug][gc,phases      ] GC(157)     Dead                           Min: 0, Avg:  0.0, Max: 0, Diff: 0, Sum: 0, Workers: 4
[8767.376s][debug][gc,phases      ] GC(157)     Total                          Min: 0, Avg: 13.0, Max: 52, Diff: 52, Sum: 52, Workers: 4
[8767.376s][debug][gc,phases      ] GC(157)   StringDedup Table Weak         Min:  0.0, Avg:  0.0, Max:  0.0, Diff:  0.0, Sum:  0.0, Workers: 4
[8767.376s][debug][gc,phases      ] GC(157)     Dead                           Min: 0, Avg:  0.0, Max: 0, Diff: 0, Sum: 0, Workers: 4
[8767.376s][debug][gc,phases      ] GC(157)     Total                          Min: 0, Avg:  0.0, Max: 0, Diff: 0, Sum: 0, Workers: 4
[8767.376s][debug][gc,phases      ] GC(157)   StringDedup Requests0 Weak     Min:  0.0, Avg:  0.0, Max:  0.0, Diff:  0.0, Sum:  0.0, Workers: 4
[8767.376s][debug][gc,phases      ] GC(157)     Dead                           Min: 0, Avg:  0.0, Max: 0, Diff: 0, Sum: 0, Workers: 4
[8767.376s][debug][gc,phases      ] GC(157)     Total                          Min: 0, Avg:  0.0, Max: 0, Diff: 0, Sum: 0, Workers: 4
[8767.376s][debug][gc,phases      ] GC(157)   StringDedup Requests1 Weak     Min:  0.0, Avg:  0.0, Max:  0.0, Diff:  0.0, Sum:  0.0, Workers: 4
[8767.376s][debug][gc,phases      ] GC(157)     Dead                           Min: 0, Avg:  0.0, Max: 0, Diff: 0, Sum: 0, Workers: 4
[8767.376s][debug][gc,phases      ] GC(157)     Total                          Min: 0, Avg:  0.0, Max: 0, Diff: 0, Sum: 0, Workers: 4
[8767.376s][debug][gc,phases      ] GC(157)   Weak JFR Old Object Samples    Min:  0.0, Avg:  0.0, Max:  0.0, Diff:  0.0, Sum:  0.0, Workers: 4
[8767.376s][debug][gc,phases      ] GC(157)     Dead                           Min: 0, Avg:  0.0, Max: 0, Diff: 0, Sum: 0, Workers: 4
[8767.376s][debug][gc,phases      ] GC(157)     Total                          Min: 0, Avg:  0.0, Max: 0, Diff: 0, Sum: 0, Workers: 4
[8767.376s][debug][gc,phases      ] GC(157) Weak Processing 0.399ms
[8767.376s][debug][gc,age         ] GC(157) Desired survivor size 56623104 bytes, new threshold 1 (max threshold 15)
[8767.376s][info ][gc,heap        ] GC(157) PSYoungGen: 1997360K(2041856K)->3224K(2040320K) Eden: 1985024K(1985024K)->0K(1985024K) From: 12336K(56832K)->3224K(55296K)
[8767.376s][info ][gc,heap        ] GC(157) ParOldGen: 602799K(797696K)->612269K(797696K)
[8767.376s][info ][gc,metaspace   ] GC(157) Metaspace: 113269K(114432K)->113269K(114432K) NonClass: 96530K(97152K)->96530K(97152K) Class: 16738K(17280K)->16738K(17280K)
[8767.376s][info ][gc             ] GC(157) Pause Young (Allocation Failure) 2539M->601M(2771M) 6.017ms
[8767.376s][info ][gc,cpu         ] GC(157) User=0.02s Sys=0.00s Real=0.01s
[8767.376s][info ][safepoint      ] Safepoint "ParallelGCFailedAllocation", Time since last: 11131167544 ns, Reaching safepoint: 7400 ns, Cleanup: 4200 ns, At safepoint: 6092263 ns, Total: 6103863 ns
[8786.377s][info ][safepoint      ] Safepoint "Cleanup", Time since last: 19001329676 ns, Reaching safepoint: 6900 ns, Cleanup: 9699 ns, At safepoint: 2900 ns, Total: 19499 ns
[8791.378s][info ][safepoint      ] Safepoint "Cleanup", Time since last: 5000391890 ns, Reaching safepoint: 17000 ns, Cleanup: 7200 ns, At safepoint: 1800 ns, Total: 26000 ns
[8827.380s][info ][safepoint      ] Safepoint "Cleanup", Time since last: 36002549408 ns, Reaching safepoint: 6300 ns, Cleanup: 77500 ns, At safepoint: 2700 ns, Total: 86500 ns
[8828.380s][info ][safepoint      ] Safepoint "Cleanup", Time since last: 1000116309 ns, Reaching safepoint: 5300 ns, Cleanup: 102500 ns, At safepoint: 2000 ns, Total: 109800 ns
[8829.381s][info ][safepoint      ] Safepoint "Cleanup", Time since last: 1000113109 ns, Reaching safepoint: 22500 ns, Cleanup: 10500 ns, At safepoint: 2700 ns, Total: 35700 ns
[8830.381s][info ][safepoint      ] Safepoint "Cleanup", Time since last: 1000118609 ns, Reaching safepoint: 6200 ns, Cleanup: 14700 ns, At safepoint: 2300 ns, Total: 23200 ns
[8831.381s][info ][safepoint      ] Safepoint "Cleanup", Time since last: 1000115476 ns, Reaching safepoint: 78600 ns, Cleanup: 13100 ns, At safepoint: 6600 ns, Total: 98300 ns
[8831.477s][info ][gc,start       ] GC(158) Pause Young (Allocation Failure)
[8831.488s][debug][gc,phases      ] GC(158) Scavenge 10.525ms
[8831.488s][debug][gc,ref         ] GC(158) ReferenceProcessor::execute queues: 1, RefProcThreadModel::Single, marks_oops_alive: false
[8831.488s][debug][gc,ref         ] GC(158) ReferenceProcessor::execute queues: 4, RefProcThreadModel::Multi, marks_oops_alive: true
[8831.488s][debug][gc,ref         ] GC(158) ReferenceProcessor::execute queues: 1, RefProcThreadModel::Single, marks_oops_alive: false
[8831.488s][debug][gc,phases      ] GC(158) Reference Processing 0.188ms
[8831.488s][debug][gc,phases      ] GC(158)   VM Weak                        Min:  0.0, Avg:  0.0, Max:  0.0, Diff:  0.0, Sum:  0.0, Workers: 4
[8831.488s][debug][gc,phases      ] GC(158)     Dead                           Min: 0, Avg:  0.0, Max: 0, Diff: 0, Sum: 0, Workers: 4
[8831.488s][debug][gc,phases      ] GC(158)     Total                          Min: 0, Avg: 215.0, Max: 685, Diff: 685, Sum: 860, Workers: 4
[8831.488s][debug][gc,phases      ] GC(158)   ObjectSynchronizer Weak        Min:  0.0, Avg:  0.0, Max:  0.0, Diff:  0.0, Sum:  0.0, Workers: 4
[8831.488s][debug][gc,phases      ] GC(158)     Dead                           Min: 0, Avg:  0.5, Max: 2, Diff: 2, Sum: 2, Workers: 4
[8831.488s][debug][gc,phases      ] GC(158)     Total                          Min: 0, Avg:  1.5, Max: 6, Diff: 6, Sum: 6, Workers: 4
[8831.488s][debug][gc,phases      ] GC(158)   JVMTI Tag Weak OopStorage      Min:  0.0, Avg:  0.0, Max:  0.0, Diff:  0.0, Sum:  0.0, Workers: 4
[8831.488s][debug][gc,phases      ] GC(158)     Dead                           Min: 0, Avg:  0.0, Max: 0, Diff: 0, Sum: 0, Workers: 4
[8831.488s][debug][gc,phases      ] GC(158)     Total                          Min: 0, Avg:  0.0, Max: 0, Diff: 0, Sum: 0, Workers: 4
[8831.488s][debug][gc,phases      ] GC(158)   StringTable Weak               Min:  0.0, Avg:  0.1, Max:  0.1, Diff:  0.1, Sum:  0.4, Workers: 4
[8831.488s][debug][gc,phases      ] GC(158)     Dead                           Min: 0, Avg:  0.2, Max: 1, Diff: 1, Sum: 1, Workers: 4
[8831.488s][debug][gc,phases      ] GC(158)     Total                          Min: 0, Avg: 12106.2, Max: 21241, Diff: 21241, Sum: 48425, Workers: 4
[8831.488s][debug][gc,phases      ] GC(158)   ResolvedMethodTable Weak       Min:  0.0, Avg:  0.0, Max:  0.0, Diff:  0.0, Sum:  0.1, Workers: 4
[8831.488s][debug][gc,phases      ] GC(158)     Dead                           Min: 0, Avg:  8.5, Max: 30, Diff: 30, Sum: 34, Workers: 4
[8831.488s][debug][gc,phases      ] GC(158)     Total                          Min: 0, Avg: 4033.5, Max: 7048, Diff: 7048, Sum: 16134, Workers: 4
[8831.488s][debug][gc,phases      ] GC(158)   JNI Weak                       Min:  0.0, Avg:  0.0, Max:  0.0, Diff:  0.0, Sum:  0.0, Workers: 4
[8831.488s][debug][gc,phases      ] GC(158)     Dead                           Min: 0, Avg:  0.0, Max: 0, Diff: 0, Sum: 0, Workers: 4
[8831.488s][debug][gc,phases      ] GC(158)     Total                          Min: 0, Avg: 13.0, Max: 52, Diff: 52, Sum: 52, Workers: 4
[8831.488s][debug][gc,phases      ] GC(158)   StringDedup Table Weak         Min:  0.0, Avg:  0.0, Max:  0.0, Diff:  0.0, Sum:  0.0, Workers: 4
[8831.488s][debug][gc,phases      ] GC(158)     Dead                           Min: 0, Avg:  0.0, Max: 0, Diff: 0, Sum: 0, Workers: 4
[8831.488s][debug][gc,phases      ] GC(158)     Total                          Min: 0, Avg:  0.0, Max: 0, Diff: 0, Sum: 0, Workers: 4
[8831.488s][debug][gc,phases      ] GC(158)   StringDedup Requests0 Weak     Min:  0.0, Avg:  0.0, Max:  0.0, Diff:  0.0, Sum:  0.0, Workers: 4
[8831.488s][debug][gc,phases      ] GC(158)     Dead                           Min: 0, Avg:  0.0, Max: 0, Diff: 0, Sum: 0, Workers: 4
[8831.488s][debug][gc,phases      ] GC(158)     Total                          Min: 0, Avg:  0.0, Max: 0, Diff: 0, Sum: 0, Workers: 4
[8831.489s][debug][gc,phases      ] GC(158)   StringDedup Requests1 Weak     Min:  0.0, Avg:  0.0, Max:  0.0, Diff:  0.0, Sum:  0.0, Workers: 4
[8831.489s][debug][gc,phases      ] GC(158)     Dead                           Min: 0, Avg:  0.0, Max: 0, Diff: 0, Sum: 0, Workers: 4
[8831.489s][debug][gc,phases      ] GC(158)     Total                          Min: 0, Avg:  0.0, Max: 0, Diff: 0, Sum: 0, Workers: 4
[8831.489s][debug][gc,phases      ] GC(158)   Weak JFR Old Object Samples    Min:  0.0, Avg:  0.0, Max:  0.0, Diff:  0.0, Sum:  0.0, Workers: 4
[8831.489s][debug][gc,phases      ] GC(158)     Dead                           Min: 0, Avg:  0.0, Max: 0, Diff: 0, Sum: 0, Workers: 4
[8831.489s][debug][gc,phases      ] GC(158)     Total                          Min: 0, Avg:  0.0, Max: 0, Diff: 0, Sum: 0, Workers: 4
[8831.489s][debug][gc,phases      ] GC(158) Weak Processing 0.338ms
[8831.489s][debug][gc,age         ] GC(158) Desired survivor size 53477376 bytes, new threshold 1 (max threshold 15)
[8831.489s][info ][gc,heap        ] GC(158) PSYoungGen: 1988248K(2040320K)->21639K(2044928K) Eden: 1985024K(1985024K)->0K(1989632K) From: 3224K(55296K)->21639K(55296K)
[8831.489s][info ][gc,heap        ] GC(158) ParOldGen: 612269K(797696K)->613025K(797696K)
[8831.489s][info ][gc,metaspace   ] GC(158) Metaspace: 113310K(114496K)->113310K(114496K) NonClass: 96570K(97216K)->96570K(97216K) Class: 16740K(17280K)->16740K(17280K)
[8831.489s][info ][gc             ] GC(158) Pause Young (Allocation Failure) 2539M->619M(2776M) 11.189ms
[8831.489s][info ][gc,cpu         ] GC(158) User=0.05s Sys=0.00s Real=0.01s
[8831.489s][info ][safepoint      ] Safepoint "ParallelGCFailedAllocation", Time since last: 96337058 ns, Reaching safepoint: 81100 ns, Cleanup: 4000 ns, At safepoint: 11266084 ns, Total: 11351184 ns
[8832.489s][info ][safepoint      ] Safepoint "Cleanup", Time since last: 1000091246 ns, Reaching safepoint: 8200 ns, Cleanup: 10900 ns, At safepoint: 2600 ns, Total: 21700 ns
[8833.489s][info ][safepoint      ] Safepoint "Cleanup", Time since last: 1000116053 ns, Reaching safepoint: 8100 ns, Cleanup: 15200 ns, At safepoint: 2200 ns, Total: 25500 ns
[8835.493s][info ][safepoint      ] Safepoint "Cleanup", Time since last: 2004151074 ns, Reaching safepoint: 84500 ns, Cleanup: 18000 ns, At safepoint: 10500 ns, Total: 113000 ns
[8836.493s][info ][safepoint      ] Safepoint "Cleanup", Time since last: 1000120283 ns, Reaching safepoint: 8200 ns, Cleanup: 13400 ns, At safepoint: 2500 ns, Total: 24100 ns
[8837.493s][info ][safepoint      ] Safepoint "Cleanup", Time since last: 1000123083 ns, Reaching safepoint: 9200 ns, Cleanup: 15600 ns, At safepoint: 2600 ns, Total: 27400 ns
[8838.494s][info ][safepoint      ] Safepoint "Cleanup", Time since last: 1000142282 ns, Reaching safepoint: 7400 ns, Cleanup: 9700 ns, At safepoint: 2200 ns, Total: 19300 ns
[8839.494s][info ][safepoint      ] Safepoint "Cleanup", Time since last: 1000110783 ns, Reaching safepoint: 77300 ns, Cleanup: 11800 ns, At safepoint: 5300 ns, Total: 94400 ns
[8840.494s][info ][safepoint      ] Safepoint "Cleanup", Time since last: 1000116193 ns, Reaching safepoint: 81200 ns, Cleanup: 11500 ns, At safepoint: 13900 ns, Total: 106600 ns
[8841.494s][info ][safepoint      ] Safepoint "Cleanup", Time since last: 1000113850 ns, Reaching safepoint: 6400 ns, Cleanup: 12100 ns, At safepoint: 1900 ns, Total: 20400 ns
[8842.494s][info ][safepoint      ] Safepoint "Cleanup", Time since last: 1000099651 ns, Reaching safepoint: 9000 ns, Cleanup: 15900 ns, At safepoint: 2500 ns, Total: 27400 ns
[8842.936s][info ][gc,start       ] GC(159) Pause Young (Allocation Failure)
[8842.947s][debug][gc,phases      ] GC(159) Scavenge 11.432ms
[8842.947s][debug][gc,ref         ] GC(159) Skipped SoftWeakFinalRefsPhase of Reference Processing: no references
[8842.947s][debug][gc,ref         ] GC(159) Skipped KeepAliveFinalRefsPhase of Reference Processing: no references
[8842.947s][debug][gc,ref         ] GC(159) ReferenceProcessor::execute queues: 1, RefProcThreadModel::Single, marks_oops_alive: false
[8842.947s][debug][gc,phases      ] GC(159) Reference Processing 0.097ms
[8842.948s][debug][gc,phases      ] GC(159)   VM Weak                        Min:  0.0, Avg:  0.0, Max:  0.0, Diff:  0.0, Sum:  0.0, Workers: 4
[8842.948s][debug][gc,phases      ] GC(159)     Dead                           Min: 0, Avg:  0.0, Max: 0, Diff: 0, Sum: 0, Workers: 4
[8842.948s][debug][gc,phases      ] GC(159)     Total                          Min: 0, Avg: 215.0, Max: 418, Diff: 418, Sum: 860, Workers: 4
[8842.948s][debug][gc,phases      ] GC(159)   ObjectSynchronizer Weak        Min:  0.0, Avg:  0.0, Max:  0.0, Diff:  0.0, Sum:  0.0, Workers: 4
[8842.948s][debug][gc,phases      ] GC(159)     Dead                           Min: 0, Avg:  0.2, Max: 1, Diff: 1, Sum: 1, Workers: 4
[8842.948s][debug][gc,phases      ] GC(159)     Total                          Min: 0, Avg:  2.0, Max: 8, Diff: 8, Sum: 8, Workers: 4
[8842.948s][debug][gc,phases      ] GC(159)   JVMTI Tag Weak OopStorage      Min:  0.0, Avg:  0.0, Max:  0.0, Diff:  0.0, Sum:  0.0, Workers: 4
[8842.948s][debug][gc,phases      ] GC(159)     Dead                           Min: 0, Avg:  0.0, Max: 0, Diff: 0, Sum: 0, Workers: 4
[8842.948s][debug][gc,phases      ] GC(159)     Total                          Min: 0, Avg:  0.0, Max: 0, Diff: 0, Sum: 0, Workers: 4
[8842.948s][debug][gc,phases      ] GC(159)   StringTable Weak               Min:  0.0, Avg:  0.1, Max:  0.1, Diff:  0.1, Sum:  0.4, Workers: 4
[8842.948s][debug][gc,phases      ] GC(159)     Dead                           Min: 0, Avg:  0.0, Max: 0, Diff: 0, Sum: 0, Workers: 4
[8842.948s][debug][gc,phases      ] GC(159)     Total                          Min: 0, Avg: 12107.5, Max: 20924, Diff: 20924, Sum: 48430, Workers: 4
[8842.948s][debug][gc,phases      ] GC(159)   ResolvedMethodTable Weak       Min:  0.0, Avg:  0.0, Max:  0.0, Diff:  0.0, Sum:  0.1, Workers: 4
[8842.948s][debug][gc,phases      ] GC(159)     Dead                           Min: 0, Avg:  7.8, Max: 22, Diff: 22, Sum: 31, Workers: 4
[8842.948s][debug][gc,phases      ] GC(159)     Total                          Min: 0, Avg: 4033.5, Max: 7043, Diff: 7043, Sum: 16134, Workers: 4
[8842.948s][debug][gc,phases      ] GC(159)   JNI Weak                       Min:  0.0, Avg:  0.0, Max:  0.0, Diff:  0.0, Sum:  0.0, Workers: 4
[8842.948s][debug][gc,phases      ] GC(159)     Dead                           Min: 0, Avg:  0.0, Max: 0, Diff: 0, Sum: 0, Workers: 4
[8842.948s][debug][gc,phases      ] GC(159)     Total                          Min: 0, Avg: 13.0, Max: 52, Diff: 52, Sum: 52, Workers: 4
[8842.948s][debug][gc,phases      ] GC(159)   StringDedup Table Weak         Min:  0.0, Avg:  0.0, Max:  0.0, Diff:  0.0, Sum:  0.0, Workers: 4
[8842.948s][debug][gc,phases      ] GC(159)     Dead                           Min: 0, Avg:  0.0, Max: 0, Diff: 0, Sum: 0, Workers: 4
[8842.948s][debug][gc,phases      ] GC(159)     Total                          Min: 0, Avg:  0.0, Max: 0, Diff: 0, Sum: 0, Workers: 4
[8842.948s][debug][gc,phases      ] GC(159)   StringDedup Requests0 Weak     Min:  0.0, Avg:  0.0, Max:  0.0, Diff:  0.0, Sum:  0.0, Workers: 4
[8842.948s][debug][gc,phases      ] GC(159)     Dead                           Min: 0, Avg:  0.0, Max: 0, Diff: 0, Sum: 0, Workers: 4
[8842.948s][debug][gc,phases      ] GC(159)     Total                          Min: 0, Avg:  0.0, Max: 0, Diff: 0, Sum: 0, Workers: 4
[8842.948s][debug][gc,phases      ] GC(159)   StringDedup Requests1 Weak     Min:  0.0, Avg:  0.0, Max:  0.0, Diff:  0.0, Sum:  0.0, Workers: 4
[8842.948s][debug][gc,phases      ] GC(159)     Dead                           Min: 0, Avg:  0.0, Max: 0, Diff: 0, Sum: 0, Workers: 4
[8842.948s][debug][gc,phases      ] GC(159)     Total                          Min: 0, Avg:  0.0, Max: 0, Diff: 0, Sum: 0, Workers: 4
[8842.948s][debug][gc,phases      ] GC(159)   Weak JFR Old Object Samples    Min:  0.0, Avg:  0.0, Max:  0.0, Diff:  0.0, Sum:  0.0, Workers: 4
[8842.948s][debug][gc,phases      ] GC(159)     Dead                           Min: 0, Avg:  0.0, Max: 0, Diff: 0, Sum: 0, Workers: 4
[8842.948s][debug][gc,phases      ] GC(159)     Total                          Min: 0, Avg:  0.0, Max: 0, Diff: 0, Sum: 0, Workers: 4
[8842.948s][debug][gc,phases      ] GC(159) Weak Processing 0.361ms
[8842.948s][debug][gc,age         ] GC(159) Desired survivor size 51380224 bytes, new threshold 1 (max threshold 15)
[8842.948s][info ][gc,heap        ] GC(159) PSYoungGen: 2011271K(2044928K)->23024K(2041856K) Eden: 1989632K(1989632K)->0K(1989632K) From: 21639K(55296K)->23024K(52224K)
[8842.948s][info ][gc,heap        ] GC(159) ParOldGen: 613025K(797696K)->625555K(797696K)
[8842.948s][info ][gc,metaspace   ] GC(159) Metaspace: 113331K(114560K)->113331K(114560K) NonClass: 96590K(97280K)->96590K(97280K) Class: 16740K(17280K)->16740K(17280K)
[8842.948s][info ][gc             ] GC(159) Pause Young (Allocation Failure) 2562M->633M(2773M) 11.996ms
[8842.948s][info ][gc,cpu         ] GC(159) User=0.05s Sys=0.00s Real=0.01s
[8842.948s][info ][safepoint      ] Safepoint "ParallelGCFailedAllocation", Time since last: 441528762 ns, Reaching safepoint: 6200 ns, Cleanup: 3600 ns, At safepoint: 12057972 ns, Total: 12067772 ns
[8843.948s][info ][safepoint      ] Safepoint "Cleanup", Time since last: 1000092850 ns, Reaching safepoint: 8600 ns, Cleanup: 11200 ns, At safepoint: 2600 ns, Total: 22400 ns
[8846.948s][info ][safepoint      ] Safepoint "Cleanup", Time since last: 3000268160 ns, Reaching safepoint: 8000 ns, Cleanup: 12100 ns, At safepoint: 2200 ns, Total: 22300 ns
[8850.949s][info ][safepoint      ] Safepoint "Cleanup", Time since last: 4000294222 ns, Reaching safepoint: 82100 ns, Cleanup: 25800 ns, At safepoint: 13300 ns, Total: 121200 ns
[8851.949s][info ][safepoint      ] Safepoint "Cleanup", Time since last: 1000115249 ns, Reaching safepoint: 5700 ns, Cleanup: 23900 ns, At safepoint: 4800 ns, Total: 34400 ns
[8866.950s][info ][safepoint      ] Safepoint "Cleanup", Time since last: 15001139011 ns, Reaching safepoint: 8400 ns, Cleanup: 12300 ns, At safepoint: 2200 ns, Total: 22900 ns
[8884.825s][info ][safepoint      ] Safepoint "Cleanup", Time since last: 17874474416 ns, Reaching safepoint: 8500 ns, Cleanup: 12699 ns, At safepoint: 2700 ns, Total: 23899 ns
[8891.825s][info ][safepoint      ] Safepoint "Cleanup", Time since last: 7000548718 ns, Reaching safepoint: 5700 ns, Cleanup: 6300 ns, At safepoint: 2100 ns, Total: 14100 ns
[8895.521s][info ][gc,start       ] GC(160) Pause Young (Allocation Failure)
[8895.534s][debug][gc,phases      ] GC(160) Scavenge 12.724ms
[8895.534s][debug][gc,ref         ] GC(160) ReferenceProcessor::execute queues: 1, RefProcThreadModel::Single, marks_oops_alive: false
[8895.534s][debug][gc,ref         ] GC(160) Skipped KeepAliveFinalRefsPhase of Reference Processing: no references
[8895.534s][debug][gc,ref         ] GC(160) ReferenceProcessor::execute queues: 1, RefProcThreadModel::Single, marks_oops_alive: false
[8895.534s][debug][gc,phases      ] GC(160) Reference Processing 0.102ms
[8895.534s][debug][gc,phases      ] GC(160)   VM Weak                        Min:  0.0, Avg:  0.0, Max:  0.0, Diff:  0.0, Sum:  0.0, Workers: 4
[8895.534s][debug][gc,phases      ] GC(160)     Dead                           Min: 0, Avg:  0.0, Max: 0, Diff: 0, Sum: 0, Workers: 4
[8895.534s][debug][gc,phases      ] GC(160)     Total                          Min: 0, Avg: 215.0, Max: 860, Diff: 860, Sum: 860, Workers: 4
[8895.534s][debug][gc,phases      ] GC(160)   ObjectSynchronizer Weak        Min:  0.0, Avg:  0.0, Max:  0.0, Diff:  0.0, Sum:  0.0, Workers: 4
[8895.534s][debug][gc,phases      ] GC(160)     Dead                           Min: 0, Avg:  0.0, Max: 0, Diff: 0, Sum: 0, Workers: 4
[8895.534s][debug][gc,phases      ] GC(160)     Total                          Min: 0, Avg:  0.8, Max: 3, Diff: 3, Sum: 3, Workers: 4
[8895.534s][debug][gc,phases      ] GC(160)   JVMTI Tag Weak OopStorage      Min:  0.0, Avg:  0.0, Max:  0.0, Diff:  0.0, Sum:  0.0, Workers: 4
[8895.534s][debug][gc,phases      ] GC(160)     Dead                           Min: 0, Avg:  0.0, Max: 0, Diff: 0, Sum: 0, Workers: 4
[8895.534s][debug][gc,phases      ] GC(160)     Total                          Min: 0, Avg:  0.0, Max: 0, Diff: 0, Sum: 0, Workers: 4
[8895.534s][debug][gc,phases      ] GC(160)   StringTable Weak               Min:  0.0, Avg:  0.1, Max:  0.1, Diff:  0.1, Sum:  0.4, Workers: 4
[8895.534s][debug][gc,phases      ] GC(160)     Dead                           Min: 0, Avg:  0.0, Max: 0, Diff: 0, Sum: 0, Workers: 4
[8895.534s][debug][gc,phases      ] GC(160)     Total                          Min: 0, Avg: 12107.5, Max: 21172, Diff: 21172, Sum: 48430, Workers: 4
[8895.534s][debug][gc,phases      ] GC(160)   ResolvedMethodTable Weak       Min:  0.0, Avg:  0.0, Max:  0.0, Diff:  0.0, Sum:  0.1, Workers: 4
[8895.534s][debug][gc,phases      ] GC(160)     Dead                           Min: 0, Avg:  4.0, Max: 10, Diff: 10, Sum: 16, Workers: 4
[8895.534s][debug][gc,phases      ] GC(160)     Total                          Min: 0, Avg: 4033.5, Max: 6946, Diff: 6946, Sum: 16134, Workers: 4
[8895.534s][debug][gc,phases      ] GC(160)   JNI Weak                       Min:  0.0, Avg:  0.0, Max:  0.0, Diff:  0.0, Sum:  0.0, Workers: 4
[8895.534s][debug][gc,phases      ] GC(160)     Dead                           Min: 0, Avg:  0.0, Max: 0, Diff: 0, Sum: 0, Workers: 4
[8895.534s][debug][gc,phases      ] GC(160)     Total                          Min: 0, Avg: 13.0, Max: 52, Diff: 52, Sum: 52, Workers: 4
[8895.534s][debug][gc,phases      ] GC(160)   StringDedup Table Weak         Min:  0.0, Avg:  0.0, Max:  0.0, Diff:  0.0, Sum:  0.0, Workers: 4
[8895.534s][debug][gc,phases      ] GC(160)     Dead                           Min: 0, Avg:  0.0, Max: 0, Diff: 0, Sum: 0, Workers: 4
[8895.534s][debug][gc,phases      ] GC(160)     Total                          Min: 0, Avg:  0.0, Max: 0, Diff: 0, Sum: 0, Workers: 4
[8895.534s][debug][gc,phases      ] GC(160)   StringDedup Requests0 Weak     Min:  0.0, Avg:  0.0, Max:  0.0, Diff:  0.0, Sum:  0.0, Workers: 4
[8895.534s][debug][gc,phases      ] GC(160)     Dead                           Min: 0, Avg:  0.0, Max: 0, Diff: 0, Sum: 0, Workers: 4
[8895.534s][debug][gc,phases      ] GC(160)     Total                          Min: 0, Avg:  0.0, Max: 0, Diff: 0, Sum: 0, Workers: 4
[8895.534s][debug][gc,phases      ] GC(160)   StringDedup Requests1 Weak     Min:  0.0, Avg:  0.0, Max:  0.0, Diff:  0.0, Sum:  0.0, Workers: 4
[8895.534s][debug][gc,phases      ] GC(160)     Dead                           Min: 0, Avg:  0.0, Max: 0, Diff: 0, Sum: 0, Workers: 4
[8895.534s][debug][gc,phases      ] GC(160)     Total                          Min: 0, Avg:  0.0, Max: 0, Diff: 0, Sum: 0, Workers: 4
[8895.534s][debug][gc,phases      ] GC(160)   Weak JFR Old Object Samples    Min:  0.0, Avg:  0.0, Max:  0.0, Diff:  0.0, Sum:  0.0, Workers: 4
[8895.534s][debug][gc,phases      ] GC(160)     Dead                           Min: 0, Avg:  0.0, Max: 0, Diff: 0, Sum: 0, Workers: 4
[8895.534s][debug][gc,phases      ] GC(160)     Total                          Min: 0, Avg:  0.0, Max: 0, Diff: 0, Sum: 0, Workers: 4
[8895.534s][debug][gc,phases      ] GC(160) Weak Processing 0.366ms
[8895.534s][debug][gc,age         ] GC(160) Desired survivor size 49283072 bytes, new threshold 1 (max threshold 15)
[8895.534s][info ][gc,heap        ] GC(160) PSYoungGen: 2012656K(2041856K)->14425K(2049024K) Eden: 1989632K(1989632K)->0K(1998848K) From: 23024K(52224K)->14425K(50176K)
[8895.534s][info ][gc,heap        ] GC(160) ParOldGen: 625555K(797696K)->646564K(797696K)
[8895.534s][info ][gc,metaspace   ] GC(160) Metaspace: 113343K(114560K)->113343K(114560K) NonClass: 96603K(97280K)->96603K(97280K) Class: 16740K(17280K)->16740K(17280K)
[8895.534s][info ][gc             ] GC(160) Pause Young (Allocation Failure) 2576M->645M(2780M) 13.321ms
[8895.534s][info ][gc,cpu         ] GC(160) User=0.04s Sys=0.00s Real=0.01s
[8895.534s][info ][safepoint      ] Safepoint "ParallelGCFailedAllocation", Time since last: 3695648553 ns, Reaching safepoint: 80699 ns, Cleanup: 3900 ns, At safepoint: 13394065 ns, Total: 13478664 ns
[8905.535s][info ][safepoint      ] Safepoint "Cleanup", Time since last: 10000779760 ns, Reaching safepoint: 7800 ns, Cleanup: 10900 ns, At safepoint: 2200 ns, Total: 20900 ns
[8976.471s][info ][gc,start       ] GC(161) Pause Young (Allocation Failure)
[8976.478s][debug][gc,phases      ] GC(161) Scavenge 6.619ms
[8976.478s][debug][gc,ref         ] GC(161) ReferenceProcessor::execute queues: 1, RefProcThreadModel::Single, marks_oops_alive: false
[8976.478s][debug][gc,ref         ] GC(161) Skipped KeepAliveFinalRefsPhase of Reference Processing: no references
[8976.478s][debug][gc,ref         ] GC(161) Skipped PhantomRefsPhase of Reference Processing: no references
[8976.478s][debug][gc,phases      ] GC(161) Reference Processing 0.098ms
[8976.478s][debug][gc,phases      ] GC(161)   VM Weak                        Min:  0.0, Avg:  0.0, Max:  0.0, Diff:  0.0, Sum:  0.0, Workers: 4
[8976.478s][debug][gc,phases      ] GC(161)     Dead                           Min: 0, Avg:  0.0, Max: 0, Diff: 0, Sum: 0, Workers: 4
[8976.478s][debug][gc,phases      ] GC(161)     Total                          Min: 0, Avg: 215.0, Max: 732, Diff: 732, Sum: 860, Workers: 4
[8976.478s][debug][gc,phases      ] GC(161)   ObjectSynchronizer Weak        Min:  0.0, Avg:  0.0, Max:  0.0, Diff:  0.0, Sum:  0.0, Workers: 4
[8976.478s][debug][gc,phases      ] GC(161)     Dead                           Min: 0, Avg:  0.0, Max: 0, Diff: 0, Sum: 0, Workers: 4
[8976.478s][debug][gc,phases      ] GC(161)     Total                          Min: 0, Avg:  0.8, Max: 3, Diff: 3, Sum: 3, Workers: 4
[8976.478s][debug][gc,phases      ] GC(161)   JVMTI Tag Weak OopStorage      Min:  0.0, Avg:  0.0, Max:  0.0, Diff:  0.0, Sum:  0.0, Workers: 4
[8976.478s][debug][gc,phases      ] GC(161)     Dead                           Min: 0, Avg:  0.0, Max: 0, Diff: 0, Sum: 0, Workers: 4
[8976.478s][debug][gc,phases      ] GC(161)     Total                          Min: 0, Avg:  0.0, Max: 0, Diff: 0, Sum: 0, Workers: 4
[8976.478s][debug][gc,phases      ] GC(161)   StringTable Weak               Min:  0.1, Avg:  0.1, Max:  0.1, Diff:  0.0, Sum:  0.4, Workers: 4
[8976.478s][debug][gc,phases      ] GC(161)     Dead                           Min: 0, Avg:  0.0, Max: 0, Diff: 0, Sum: 0, Workers: 4
[8976.478s][debug][gc,phases      ] GC(161)     Total                          Min: 12023, Avg: 12107.5, Max: 12222, Diff: 199, Sum: 48430, Workers: 4
[8976.478s][debug][gc,phases      ] GC(161)   ResolvedMethodTable Weak       Min:  0.0, Avg:  0.0, Max:  0.0, Diff:  0.0, Sum:  0.2, Workers: 4
[8976.478s][debug][gc,phases      ] GC(161)     Dead                           Min: 0, Avg:  4.0, Max: 16, Diff: 16, Sum: 16, Workers: 4
[8976.478s][debug][gc,phases      ] GC(161)     Total                          Min: 3906, Avg: 4033.5, Max: 4320, Diff: 414, Sum: 16134, Workers: 4
[8976.478s][debug][gc,phases      ] GC(161)   JNI Weak                       Min:  0.0, Avg:  0.0, Max:  0.0, Diff:  0.0, Sum:  0.0, Workers: 4
[8976.478s][debug][gc,phases      ] GC(161)     Dead                           Min: 0, Avg:  0.0, Max: 0, Diff: 0, Sum: 0, Workers: 4
[8976.478s][debug][gc,phases      ] GC(161)     Total                          Min: 0, Avg: 13.0, Max: 52, Diff: 52, Sum: 52, Workers: 4
[8976.478s][debug][gc,phases      ] GC(161)   StringDedup Table Weak         Min:  0.0, Avg:  0.0, Max:  0.0, Diff:  0.0, Sum:  0.0, Workers: 4
[8976.478s][debug][gc,phases      ] GC(161)     Dead                           Min: 0, Avg:  0.0, Max: 0, Diff: 0, Sum: 0, Workers: 4
[8976.478s][debug][gc,phases      ] GC(161)     Total                          Min: 0, Avg:  0.0, Max: 0, Diff: 0, Sum: 0, Workers: 4
[8976.478s][debug][gc,phases      ] GC(161)   StringDedup Requests0 Weak     Min:  0.0, Avg:  0.0, Max:  0.0, Diff:  0.0, Sum:  0.0, Workers: 4
[8976.478s][debug][gc,phases      ] GC(161)     Dead                           Min: 0, Avg:  0.0, Max: 0, Diff: 0, Sum: 0, Workers: 4
[8976.478s][debug][gc,phases      ] GC(161)     Total                          Min: 0, Avg:  0.0, Max: 0, Diff: 0, Sum: 0, Workers: 4
[8976.478s][debug][gc,phases      ] GC(161)   StringDedup Requests1 Weak     Min:  0.0, Avg:  0.0, Max:  0.0, Diff:  0.0, Sum:  0.0, Workers: 4
[8976.478s][debug][gc,phases      ] GC(161)     Dead                           Min: 0, Avg:  0.0, Max: 0, Diff: 0, Sum: 0, Workers: 4
[8976.478s][debug][gc,phases      ] GC(161)     Total                          Min: 0, Avg:  0.0, Max: 0, Diff: 0, Sum: 0, Workers: 4
[8976.478s][debug][gc,phases      ] GC(161)   Weak JFR Old Object Samples    Min:  0.0, Avg:  0.0, Max:  0.0, Diff:  0.0, Sum:  0.0, Workers: 4
[8976.478s][debug][gc,phases      ] GC(161)     Dead                           Min: 0, Avg:  0.0, Max: 0, Diff: 0, Sum: 0, Workers: 4
[8976.478s][debug][gc,phases      ] GC(161)     Total                          Min: 0, Avg:  0.0, Max: 0, Diff: 0, Sum: 0, Workers: 4
[8976.478s][debug][gc,phases      ] GC(161) Weak Processing 0.339ms
[8976.478s][debug][gc,age         ] GC(161) Desired survivor size 49283072 bytes, new threshold 1 (max threshold 15)
[8976.478s][info ][gc,heap        ] GC(161) PSYoungGen: 2013273K(2049024K)->2960K(2046976K) Eden: 1998848K(1998848K)->0K(1998848K) From: 14425K(50176K)->2960K(48128K)
[8976.478s][info ][gc,heap        ] GC(161) ParOldGen: 646564K(797696K)->659271K(797696K)
[8976.478s][info ][gc,metaspace   ] GC(161) Metaspace: 113344K(114560K)->113344K(114560K) NonClass: 96604K(97280K)->96604K(97280K) Class: 16740K(17280K)->16740K(17280K)
[8976.479s][info ][gc             ] GC(161) Pause Young (Allocation Failure) 2597M->646M(2778M) 7.178ms
[8976.479s][info ][gc,cpu         ] GC(161) User=0.02s Sys=0.00s Real=0.01s
[8976.479s][info ][safepoint      ] Safepoint "ParallelGCFailedAllocation", Time since last: 70936148714 ns, Reaching safepoint: 86499 ns, Cleanup: 4500 ns, At safepoint: 7279464 ns, Total: 7370463 ns
[9011.481s][info ][safepoint      ] Safepoint "Cleanup", Time since last: 35002481666 ns, Reaching safepoint: 6800 ns, Cleanup: 11200 ns, At safepoint: 1900 ns, Total: 19900 ns
[9056.080s][info ][gc,start       ] GC(162) Pause Young (Allocation Failure)
[9056.083s][debug][gc,phases      ] GC(162) Scavenge 2.430ms
[9056.083s][debug][gc,ref         ] GC(162) ReferenceProcessor::execute queues: 1, RefProcThreadModel::Single, marks_oops_alive: false
[9056.083s][debug][gc,ref         ] GC(162) Skipped KeepAliveFinalRefsPhase of Reference Processing: no references
[9056.083s][debug][gc,ref         ] GC(162) ReferenceProcessor::execute queues: 1, RefProcThreadModel::Single, marks_oops_alive: false
[9056.083s][debug][gc,phases      ] GC(162) Reference Processing 0.095ms
[9056.083s][debug][gc,phases      ] GC(162)   VM Weak                        Min:  0.0, Avg:  0.0, Max:  0.0, Diff:  0.0, Sum:  0.0, Workers: 4
[9056.083s][debug][gc,phases      ] GC(162)     Dead                           Min: 0, Avg:  0.0, Max: 0, Diff: 0, Sum: 0, Workers: 4
[9056.083s][debug][gc,phases      ] GC(162)     Total                          Min: 64, Avg: 215.0, Max: 362, Diff: 298, Sum: 860, Workers: 4
[9056.083s][debug][gc,phases      ] GC(162)   ObjectSynchronizer Weak        Min:  0.0, Avg:  0.0, Max:  0.0, Diff:  0.0, Sum:  0.0, Workers: 4
[9056.083s][debug][gc,phases      ] GC(162)     Dead                           Min: 0, Avg:  0.0, Max: 0, Diff: 0, Sum: 0, Workers: 4
[9056.083s][debug][gc,phases      ] GC(162)     Total                          Min: 0, Avg:  0.8, Max: 3, Diff: 3, Sum: 3, Workers: 4
[9056.083s][debug][gc,phases      ] GC(162)   JVMTI Tag Weak OopStorage      Min:  0.0, Avg:  0.0, Max:  0.0, Diff:  0.0, Sum:  0.0, Workers: 4
[9056.083s][debug][gc,phases      ] GC(162)     Dead                           Min: 0, Avg:  0.0, Max: 0, Diff: 0, Sum: 0, Workers: 4
[9056.083s][debug][gc,phases      ] GC(162)     Total                          Min: 0, Avg:  0.0, Max: 0, Diff: 0, Sum: 0, Workers: 4
[9056.083s][debug][gc,phases      ] GC(162)   StringTable Weak               Min:  0.1, Avg:  0.1, Max:  0.1, Diff:  0.0, Sum:  0.5, Workers: 4
[9056.083s][debug][gc,phases      ] GC(162)     Dead                           Min: 0, Avg:  0.0, Max: 0, Diff: 0, Sum: 0, Workers: 4
[9056.083s][debug][gc,phases      ] GC(162)     Total                          Min: 11895, Avg: 12107.8, Max: 12282, Diff: 387, Sum: 48431, Workers: 4
[9056.083s][debug][gc,phases      ] GC(162)   ResolvedMethodTable Weak       Min:  0.0, Avg:  0.0, Max:  0.0, Diff:  0.0, Sum:  0.2, Workers: 4
[9056.083s][debug][gc,phases      ] GC(162)     Dead                           Min: 0, Avg:  4.0, Max: 16, Diff: 16, Sum: 16, Workers: 4
[9056.083s][debug][gc,phases      ] GC(162)     Total                          Min: 3962, Avg: 4033.5, Max: 4074, Diff: 112, Sum: 16134, Workers: 4
[9056.083s][debug][gc,phases      ] GC(162)   JNI Weak                       Min:  0.0, Avg:  0.0, Max:  0.0, Diff:  0.0, Sum:  0.0, Workers: 4
[9056.083s][debug][gc,phases      ] GC(162)     Dead                           Min: 0, Avg:  0.0, Max: 0, Diff: 0, Sum: 0, Workers: 4
[9056.083s][debug][gc,phases      ] GC(162)     Total                          Min: 0, Avg: 13.0, Max: 52, Diff: 52, Sum: 52, Workers: 4
[9056.083s][debug][gc,phases      ] GC(162)   StringDedup Table Weak         Min:  0.0, Avg:  0.0, Max:  0.0, Diff:  0.0, Sum:  0.0, Workers: 4
[9056.083s][debug][gc,phases      ] GC(162)     Dead                           Min: 0, Avg:  0.0, Max: 0, Diff: 0, Sum: 0, Workers: 4
[9056.083s][debug][gc,phases      ] GC(162)     Total                          Min: 0, Avg:  0.0, Max: 0, Diff: 0, Sum: 0, Workers: 4
[9056.083s][debug][gc,phases      ] GC(162)   StringDedup Requests0 Weak     Min:  0.0, Avg:  0.0, Max:  0.0, Diff:  0.0, Sum:  0.0, Workers: 4
[9056.083s][debug][gc,phases      ] GC(162)     Dead                           Min: 0, Avg:  0.0, Max: 0, Diff: 0, Sum: 0, Workers: 4
[9056.083s][debug][gc,phases      ] GC(162)     Total                          Min: 0, Avg:  0.0, Max: 0, Diff: 0, Sum: 0, Workers: 4
[9056.083s][debug][gc,phases      ] GC(162)   StringDedup Requests1 Weak     Min:  0.0, Avg:  0.0, Max:  0.0, Diff:  0.0, Sum:  0.0, Workers: 4
[9056.083s][debug][gc,phases      ] GC(162)     Dead                           Min: 0, Avg:  0.0, Max: 0, Diff: 0, Sum: 0, Workers: 4
[9056.083s][debug][gc,phases      ] GC(162)     Total                          Min: 0, Avg:  0.0, Max: 0, Diff: 0, Sum: 0, Workers: 4
[9056.083s][debug][gc,phases      ] GC(162)   Weak JFR Old Object Samples    Min:  0.0, Avg:  0.0, Max:  0.0, Diff:  0.0, Sum:  0.0, Workers: 4
[9056.083s][debug][gc,phases      ] GC(162)     Dead                           Min: 0, Avg:  0.0, Max: 0, Diff: 0, Sum: 0, Workers: 4
[9056.083s][debug][gc,phases      ] GC(162)     Total                          Min: 0, Avg:  0.0, Max: 0, Diff: 0, Sum: 0, Workers: 4
[9056.083s][debug][gc,phases      ] GC(162) Weak Processing 0.349ms
[9056.083s][debug][gc,age         ] GC(162) Desired survivor size 48758784 bytes, new threshold 1 (max threshold 15)
[9056.083s][info ][gc,heap        ] GC(162) PSYoungGen: 2001808K(2046976K)->2893K(2049536K) Eden: 1998848K(1998848K)->0K(2001408K) From: 2960K(48128K)->2893K(48128K)
[9056.083s][info ][gc,heap        ] GC(162) ParOldGen: 659271K(797696K)->659999K(797696K)
[9056.083s][info ][gc,metaspace   ] GC(162) Metaspace: 113347K(114560K)->113347K(114560K) NonClass: 96607K(97280K)->96607K(97280K) Class: 16740K(17280K)->16740K(17280K)
[9056.083s][info ][gc             ] GC(162) Pause Young (Allocation Failure) 2598M->647M(2780M) 2.970ms
[9056.083s][info ][gc,cpu         ] GC(162) User=0.01s Sys=0.00s Real=0.00s
[9056.083s][info ][safepoint      ] Safepoint "ParallelGCFailedAllocation", Time since last: 44599239965 ns, Reaching safepoint: 77099 ns, Cleanup: 3800 ns, At safepoint: 3032884 ns, Total: 3113783 ns
[9060.084s][info ][safepoint      ] Safepoint "Cleanup", Time since last: 4000283515 ns, Reaching safepoint: 6100 ns, Cleanup: 19800 ns, At safepoint: 1900 ns, Total: 27800 ns
[9061.087s][info ][safepoint      ] Safepoint "Cleanup", Time since last: 1002882014 ns, Reaching safepoint: 8600 ns, Cleanup: 18700 ns, At safepoint: 2400 ns, Total: 29700 ns
[9112.090s][info ][safepoint      ] Safepoint "Cleanup", Time since last: 51003753180 ns, Reaching safepoint: 8300 ns, Cleanup: 12500 ns, At safepoint: 2800 ns, Total: 23600 ns
[9131.092s][info ][safepoint      ] Safepoint "Cleanup", Time since last: 19001454338 ns, Reaching safepoint: 7400 ns, Cleanup: 11300 ns, At safepoint: 2599 ns, Total: 21299 ns
[9137.621s][info ][gc,start       ] GC(163) Pause Young (Allocation Failure)
[9137.625s][debug][gc,phases      ] GC(163) Scavenge 3.791ms
[9137.625s][debug][gc,ref         ] GC(163) ReferenceProcessor::execute queues: 1, RefProcThreadModel::Single, marks_oops_alive: false
[9137.625s][debug][gc,ref         ] GC(163) Skipped KeepAliveFinalRefsPhase of Reference Processing: no references
[9137.625s][debug][gc,ref         ] GC(163) Skipped PhantomRefsPhase of Reference Processing: no references
[9137.625s][debug][gc,phases      ] GC(163) Reference Processing 0.099ms
[9137.625s][debug][gc,phases      ] GC(163)   VM Weak                        Min:  0.0, Avg:  0.0, Max:  0.0, Diff:  0.0, Sum:  0.0, Workers: 4
[9137.625s][debug][gc,phases      ] GC(163)     Dead                           Min: 0, Avg:  0.0, Max: 0, Diff: 0, Sum: 0, Workers: 4
[9137.625s][debug][gc,phases      ] GC(163)     Total                          Min: 56, Avg: 215.0, Max: 469, Diff: 413, Sum: 860, Workers: 4
[9137.625s][debug][gc,phases      ] GC(163)   ObjectSynchronizer Weak        Min:  0.0, Avg:  0.0, Max:  0.0, Diff:  0.0, Sum:  0.0, Workers: 4
[9137.625s][debug][gc,phases      ] GC(163)     Dead                           Min: 0, Avg:  0.0, Max: 0, Diff: 0, Sum: 0, Workers: 4
[9137.625s][debug][gc,phases      ] GC(163)     Total                          Min: 0, Avg:  0.8, Max: 3, Diff: 3, Sum: 3, Workers: 4
[9137.625s][debug][gc,phases      ] GC(163)   JVMTI Tag Weak OopStorage      Min:  0.0, Avg:  0.0, Max:  0.0, Diff:  0.0, Sum:  0.0, Workers: 4
[9137.625s][debug][gc,phases      ] GC(163)     Dead                           Min: 0, Avg:  0.0, Max: 0, Diff: 0, Sum: 0, Workers: 4
[9137.625s][debug][gc,phases      ] GC(163)     Total                          Min: 0, Avg:  0.0, Max: 0, Diff: 0, Sum: 0, Workers: 4
[9137.625s][debug][gc,phases      ] GC(163)   StringTable Weak               Min:  0.1, Avg:  0.1, Max:  0.1, Diff:  0.0, Sum:  0.4, Workers: 4
[9137.625s][debug][gc,phases      ] GC(163)     Dead                           Min: 0, Avg:  0.0, Max: 0, Diff: 0, Sum: 0, Workers: 4
[9137.625s][debug][gc,phases      ] GC(163)     Total                          Min: 11518, Avg: 12108.5, Max: 13756, Diff: 2238, Sum: 48434, Workers: 4
[9137.625s][debug][gc,phases      ] GC(163)   ResolvedMethodTable Weak       Min:  0.0, Avg:  0.0, Max:  0.0, Diff:  0.0, Sum:  0.2, Workers: 4
[9137.625s][debug][gc,phases      ] GC(163)     Dead                           Min: 0, Avg:  6.0, Max: 24, Diff: 24, Sum: 24, Workers: 4
[9137.625s][debug][gc,phases      ] GC(163)     Total                          Min: 3876, Avg: 4033.0, Max: 4436, Diff: 560, Sum: 16132, Workers: 4
[9137.625s][debug][gc,phases      ] GC(163)   JNI Weak                       Min:  0.0, Avg:  0.0, Max:  0.0, Diff:  0.0, Sum:  0.0, Workers: 4
[9137.625s][debug][gc,phases      ] GC(163)     Dead                           Min: 0, Avg:  0.0, Max: 0, Diff: 0, Sum: 0, Workers: 4
[9137.625s][debug][gc,phases      ] GC(163)     Total                          Min: 0, Avg: 13.0, Max: 52, Diff: 52, Sum: 52, Workers: 4
[9137.625s][debug][gc,phases      ] GC(163)   StringDedup Table Weak         Min:  0.0, Avg:  0.0, Max:  0.0, Diff:  0.0, Sum:  0.0, Workers: 4
[9137.625s][debug][gc,phases      ] GC(163)     Dead                           Min: 0, Avg:  0.0, Max: 0, Diff: 0, Sum: 0, Workers: 4
[9137.625s][debug][gc,phases      ] GC(163)     Total                          Min: 0, Avg:  0.0, Max: 0, Diff: 0, Sum: 0, Workers: 4
[9137.625s][debug][gc,phases      ] GC(163)   StringDedup Requests0 Weak     Min:  0.0, Avg:  0.0, Max:  0.0, Diff:  0.0, Sum:  0.0, Workers: 4
[9137.625s][debug][gc,phases      ] GC(163)     Dead                           Min: 0, Avg:  0.0, Max: 0, Diff: 0, Sum: 0, Workers: 4
[9137.625s][debug][gc,phases      ] GC(163)     Total                          Min: 0, Avg:  0.0, Max: 0, Diff: 0, Sum: 0, Workers: 4
[9137.625s][debug][gc,phases      ] GC(163)   StringDedup Requests1 Weak     Min:  0.0, Avg:  0.0, Max:  0.0, Diff:  0.0, Sum:  0.0, Workers: 4
[9137.625s][debug][gc,phases      ] GC(163)     Dead                           Min: 0, Avg:  0.0, Max: 0, Diff: 0, Sum: 0, Workers: 4
[9137.625s][debug][gc,phases      ] GC(163)     Total                          Min: 0, Avg:  0.0, Max: 0, Diff: 0, Sum: 0, Workers: 4
[9137.625s][debug][gc,phases      ] GC(163)   Weak JFR Old Object Samples    Min:  0.0, Avg:  0.0, Max:  0.0, Diff:  0.0, Sum:  0.0, Workers: 4
[9137.625s][debug][gc,phases      ] GC(163)     Dead                           Min: 0, Avg:  0.0, Max: 0, Diff: 0, Sum: 0, Workers: 4
[9137.625s][debug][gc,phases      ] GC(163)     Total                          Min: 0, Avg:  0.0, Max: 0, Diff: 0, Sum: 0, Workers: 4
[9137.625s][debug][gc,phases      ] GC(163) Weak Processing 0.314ms
[9137.625s][debug][gc,age         ] GC(163) Desired survivor size 48234496 bytes, new threshold 1 (max threshold 15)
[9137.625s][info ][gc,heap        ] GC(163) PSYoungGen: 2004301K(2049536K)->3360K(2049024K) Eden: 2001408K(2001408K)->0K(2001408K) From: 2893K(48128K)->3360K(47616K)
[9137.625s][info ][gc,heap        ] GC(163) ParOldGen: 659999K(797696K)->660653K(797696K)
[9137.625s][info ][gc,metaspace   ] GC(163) Metaspace: 113359K(114560K)->113359K(114560K) NonClass: 96619K(97280K)->96619K(97280K) Class: 16740K(17280K)->16740K(17280K)
[9137.625s][info ][gc             ] GC(163) Pause Young (Allocation Failure) 2601M->648M(2780M) 4.332ms
[9137.625s][info ][gc,cpu         ] GC(163) User=0.01s Sys=0.00s Real=0.01s
[9137.625s][info ][safepoint      ] Safepoint "ParallelGCFailedAllocation", Time since last: 6529110965 ns, Reaching safepoint: 7300 ns, Cleanup: 4600 ns, At safepoint: 4403077 ns, Total: 4414977 ns
[9159.627s][info ][safepoint      ] Safepoint "Cleanup", Time since last: 22001578991 ns, Reaching safepoint: 5600 ns, Cleanup: 10100 ns, At safepoint: 21100 ns, Total: 36800 ns
[9187.629s][info ][safepoint      ] Safepoint "Cleanup", Time since last: 28001995365 ns, Reaching safepoint: 6200 ns, Cleanup: 13000 ns, At safepoint: 15000 ns, Total: 34200 ns
[9214.772s][info ][gc,start       ] GC(164) Pause Young (Allocation Failure)
[9214.775s][debug][gc,phases      ] GC(164) Scavenge 2.385ms
[9214.775s][debug][gc,ref         ] GC(164) ReferenceProcessor::execute queues: 1, RefProcThreadModel::Single, marks_oops_alive: false
[9214.775s][debug][gc,ref         ] GC(164) Skipped KeepAliveFinalRefsPhase of Reference Processing: no references
[9214.775s][debug][gc,ref         ] GC(164) Skipped PhantomRefsPhase of Reference Processing: no references
[9214.775s][debug][gc,phases      ] GC(164) Reference Processing 0.097ms
[9214.775s][debug][gc,phases      ] GC(164)   VM Weak                        Min:  0.0, Avg:  0.0, Max:  0.0, Diff:  0.0, Sum:  0.0, Workers: 4
[9214.775s][debug][gc,phases      ] GC(164)     Dead                           Min: 0, Avg:  0.0, Max: 0, Diff: 0, Sum: 0, Workers: 4
[9214.775s][debug][gc,phases      ] GC(164)     Total                          Min: 0, Avg: 215.0, Max: 732, Diff: 732, Sum: 860, Workers: 4
[9214.775s][debug][gc,phases      ] GC(164)   ObjectSynchronizer Weak        Min:  0.0, Avg:  0.0, Max:  0.0, Diff:  0.0, Sum:  0.0, Workers: 4
[9214.775s][debug][gc,phases      ] GC(164)     Dead                           Min: 0, Avg:  0.0, Max: 0, Diff: 0, Sum: 0, Workers: 4
[9214.775s][debug][gc,phases      ] GC(164)     Total                          Min: 0, Avg:  0.8, Max: 3, Diff: 3, Sum: 3, Workers: 4
[9214.775s][debug][gc,phases      ] GC(164)   JVMTI Tag Weak OopStorage      Min:  0.0, Avg:  0.0, Max:  0.0, Diff:  0.0, Sum:  0.0, Workers: 4
[9214.775s][debug][gc,phases      ] GC(164)     Dead                           Min: 0, Avg:  0.0, Max: 0, Diff: 0, Sum: 0, Workers: 4
[9214.775s][debug][gc,phases      ] GC(164)     Total                          Min: 0, Avg:  0.0, Max: 0, Diff: 0, Sum: 0, Workers: 4
[9214.775s][debug][gc,phases      ] GC(164)   StringTable Weak               Min:  0.0, Avg:  0.1, Max:  0.1, Diff:  0.1, Sum:  0.4, Workers: 4
[9214.775s][debug][gc,phases      ] GC(164)     Dead                           Min: 0, Avg:  0.0, Max: 0, Diff: 0, Sum: 0, Workers: 4
[9214.775s][debug][gc,phases      ] GC(164)     Total                          Min: 0, Avg: 12108.5, Max: 20982, Diff: 20982, Sum: 48434, Workers: 4
[9214.775s][debug][gc,phases      ] GC(164)   ResolvedMethodTable Weak       Min:  0.0, Avg:  0.0, Max:  0.0, Diff:  0.0, Sum:  0.1, Workers: 4
[9214.775s][debug][gc,phases      ] GC(164)     Dead                           Min: 0, Avg:  4.0, Max: 16, Diff: 16, Sum: 16, Workers: 4
[9214.775s][debug][gc,phases      ] GC(164)     Total                          Min: 0, Avg: 4033.0, Max: 6962, Diff: 6962, Sum: 16132, Workers: 4
[9214.775s][debug][gc,phases      ] GC(164)   JNI Weak                       Min:  0.0, Avg:  0.0, Max:  0.0, Diff:  0.0, Sum:  0.0, Workers: 4
[9214.775s][debug][gc,phases      ] GC(164)     Dead                           Min: 0, Avg:  0.0, Max: 0, Diff: 0, Sum: 0, Workers: 4
[9214.775s][debug][gc,phases      ] GC(164)     Total                          Min: 0, Avg: 13.0, Max: 52, Diff: 52, Sum: 52, Workers: 4
[9214.775s][debug][gc,phases      ] GC(164)   StringDedup Table Weak         Min:  0.0, Avg:  0.0, Max:  0.0, Diff:  0.0, Sum:  0.0, Workers: 4
[9214.775s][debug][gc,phases      ] GC(164)     Dead                           Min: 0, Avg:  0.0, Max: 0, Diff: 0, Sum: 0, Workers: 4
[9214.775s][debug][gc,phases      ] GC(164)     Total                          Min: 0, Avg:  0.0, Max: 0, Diff: 0, Sum: 0, Workers: 4
[9214.775s][debug][gc,phases      ] GC(164)   StringDedup Requests0 Weak     Min:  0.0, Avg:  0.0, Max:  0.0, Diff:  0.0, Sum:  0.0, Workers: 4
[9214.775s][debug][gc,phases      ] GC(164)     Dead                           Min: 0, Avg:  0.0, Max: 0, Diff: 0, Sum: 0, Workers: 4
[9214.775s][debug][gc,phases      ] GC(164)     Total                          Min: 0, Avg:  0.0, Max: 0, Diff: 0, Sum: 0, Workers: 4
[9214.775s][debug][gc,phases      ] GC(164)   StringDedup Requests1 Weak     Min:  0.0, Avg:  0.0, Max:  0.0, Diff:  0.0, Sum:  0.0, Workers: 4
[9214.775s][debug][gc,phases      ] GC(164)     Dead                           Min: 0, Avg:  0.0, Max: 0, Diff: 0, Sum: 0, Workers: 4
[9214.775s][debug][gc,phases      ] GC(164)     Total                          Min: 0, Avg:  0.0, Max: 0, Diff: 0, Sum: 0, Workers: 4
[9214.775s][debug][gc,phases      ] GC(164)   Weak JFR Old Object Samples    Min:  0.0, Avg:  0.0, Max:  0.0, Diff:  0.0, Sum:  0.0, Workers: 4
[9214.775s][debug][gc,phases      ] GC(164)     Dead                           Min: 0, Avg:  0.0, Max: 0, Diff: 0, Sum: 0, Workers: 4
[9214.775s][debug][gc,phases      ] GC(164)     Total                          Min: 0, Avg:  0.0, Max: 0, Diff: 0, Sum: 0, Workers: 4
[9214.775s][debug][gc,phases      ] GC(164) Weak Processing 0.369ms
[9214.775s][debug][gc,age         ] GC(164) Desired survivor size 47185920 bytes, new threshold 1 (max threshold 15)
[9214.775s][info ][gc,heap        ] GC(164) PSYoungGen: 2004768K(2049024K)->2624K(2051072K) Eden: 2001408K(2001408K)->0K(2003968K) From: 3360K(47616K)->2624K(47104K)
[9214.775s][info ][gc,heap        ] GC(164) ParOldGen: 660653K(797696K)->661702K(797696K)
[9214.775s][info ][gc,metaspace   ] GC(164) Metaspace: 113360K(114560K)->113360K(114560K) NonClass: 96620K(97280K)->96620K(97280K) Class: 16740K(17280K)->16740K(17280K)
[9214.775s][info ][gc             ] GC(164) Pause Young (Allocation Failure) 2602M->648M(2782M) 2.957ms
[9214.775s][info ][gc,cpu         ] GC(164) User=0.01s Sys=0.00s Real=0.01s
[9214.775s][info ][safepoint      ] Safepoint "ParallelGCFailedAllocation", Time since last: 27143087249 ns, Reaching safepoint: 6400 ns, Cleanup: 4800 ns, At safepoint: 3026782 ns, Total: 3037982 ns
[9216.775s][info ][safepoint      ] Safepoint "Cleanup", Time since last: 2000158724 ns, Reaching safepoint: 6200 ns, Cleanup: 7700 ns, At safepoint: 18600 ns, Total: 32500 ns
[9287.780s][info ][safepoint      ] Safepoint "Cleanup", Time since last: 71004989803 ns, Reaching safepoint: 5900 ns, Cleanup: 10100 ns, At safepoint: 2200 ns, Total: 18200 ns
[9291.786s][info ][gc,start       ] GC(165) Pause Young (Allocation Failure)
[9291.789s][debug][gc,phases      ] GC(165) Scavenge 2.437ms
[9291.789s][debug][gc,ref         ] GC(165) ReferenceProcessor::execute queues: 1, RefProcThreadModel::Single, marks_oops_alive: false
[9291.789s][debug][gc,ref         ] GC(165) Skipped KeepAliveFinalRefsPhase of Reference Processing: no references
[9291.789s][debug][gc,ref         ] GC(165) ReferenceProcessor::execute queues: 1, RefProcThreadModel::Single, marks_oops_alive: false
[9291.789s][debug][gc,phases      ] GC(165) Reference Processing 0.098ms
[9291.789s][debug][gc,phases      ] GC(165)   VM Weak                        Min:  0.0, Avg:  0.0, Max:  0.0, Diff:  0.0, Sum:  0.0, Workers: 4
[9291.789s][debug][gc,phases      ] GC(165)     Dead                           Min: 0, Avg:  0.0, Max: 0, Diff: 0, Sum: 0, Workers: 4
[9291.789s][debug][gc,phases      ] GC(165)     Total                          Min: 0, Avg: 215.0, Max: 525, Diff: 525, Sum: 860, Workers: 4
[9291.789s][debug][gc,phases      ] GC(165)   ObjectSynchronizer Weak        Min:  0.0, Avg:  0.0, Max:  0.0, Diff:  0.0, Sum:  0.0, Workers: 4
[9291.789s][debug][gc,phases      ] GC(165)     Dead                           Min: 0, Avg:  0.0, Max: 0, Diff: 0, Sum: 0, Workers: 4
[9291.789s][debug][gc,phases      ] GC(165)     Total                          Min: 0, Avg:  0.8, Max: 3, Diff: 3, Sum: 3, Workers: 4
[9291.789s][debug][gc,phases      ] GC(165)   JVMTI Tag Weak OopStorage      Min:  0.0, Avg:  0.0, Max:  0.0, Diff:  0.0, Sum:  0.0, Workers: 4
[9291.789s][debug][gc,phases      ] GC(165)     Dead                           Min: 0, Avg:  0.0, Max: 0, Diff: 0, Sum: 0, Workers: 4
[9291.789s][debug][gc,phases      ] GC(165)     Total                          Min: 0, Avg:  0.0, Max: 0, Diff: 0, Sum: 0, Workers: 4
[9291.789s][debug][gc,phases      ] GC(165)   StringTable Weak               Min:  0.0, Avg:  0.1, Max:  0.1, Diff:  0.1, Sum:  0.4, Workers: 4
[9291.789s][debug][gc,phases      ] GC(165)     Dead                           Min: 0, Avg:  0.0, Max: 0, Diff: 0, Sum: 0, Workers: 4
[9291.789s][debug][gc,phases      ] GC(165)     Total                          Min: 0, Avg: 12108.5, Max: 20793, Diff: 20793, Sum: 48434, Workers: 4
[9291.789s][debug][gc,phases      ] GC(165)   ResolvedMethodTable Weak       Min:  0.0, Avg:  0.0, Max:  0.0, Diff:  0.0, Sum:  0.1, Workers: 4
[9291.789s][debug][gc,phases      ] GC(165)     Dead                           Min: 0, Avg:  4.0, Max: 16, Diff: 16, Sum: 16, Workers: 4
[9291.789s][debug][gc,phases      ] GC(165)     Total                          Min: 0, Avg: 4033.0, Max: 6855, Diff: 6855, Sum: 16132, Workers: 4
[9291.789s][debug][gc,phases      ] GC(165)   JNI Weak                       Min:  0.0, Avg:  0.0, Max:  0.0, Diff:  0.0, Sum:  0.0, Workers: 4
[9291.789s][debug][gc,phases      ] GC(165)     Dead                           Min: 0, Avg:  0.0, Max: 0, Diff: 0, Sum: 0, Workers: 4
[9291.789s][debug][gc,phases      ] GC(165)     Total                          Min: 0, Avg: 13.0, Max: 52, Diff: 52, Sum: 52, Workers: 4
[9291.789s][debug][gc,phases      ] GC(165)   StringDedup Table Weak         Min:  0.0, Avg:  0.0, Max:  0.0, Diff:  0.0, Sum:  0.0, Workers: 4
[9291.789s][debug][gc,phases      ] GC(165)     Dead                           Min: 0, Avg:  0.0, Max: 0, Diff: 0, Sum: 0, Workers: 4
[9291.789s][debug][gc,phases      ] GC(165)     Total                          Min: 0, Avg:  0.0, Max: 0, Diff: 0, Sum: 0, Workers: 4
[9291.789s][debug][gc,phases      ] GC(165)   StringDedup Requests0 Weak     Min:  0.0, Avg:  0.0, Max:  0.0, Diff:  0.0, Sum:  0.0, Workers: 4
[9291.789s][debug][gc,phases      ] GC(165)     Dead                           Min: 0, Avg:  0.0, Max: 0, Diff: 0, Sum: 0, Workers: 4
[9291.789s][debug][gc,phases      ] GC(165)     Total                          Min: 0, Avg:  0.0, Max: 0, Diff: 0, Sum: 0, Workers: 4
[9291.789s][debug][gc,phases      ] GC(165)   StringDedup Requests1 Weak     Min:  0.0, Avg:  0.0, Max:  0.0, Diff:  0.0, Sum:  0.0, Workers: 4
[9291.789s][debug][gc,phases      ] GC(165)     Dead                           Min: 0, Avg:  0.0, Max: 0, Diff: 0, Sum: 0, Workers: 4
[9291.789s][debug][gc,phases      ] GC(165)     Total                          Min: 0, Avg:  0.0, Max: 0, Diff: 0, Sum: 0, Workers: 4
[9291.789s][debug][gc,phases      ] GC(165)   Weak JFR Old Object Samples    Min:  0.0, Avg:  0.0, Max:  0.0, Diff:  0.0, Sum:  0.0, Workers: 4
[9291.789s][debug][gc,phases      ] GC(165)     Dead                           Min: 0, Avg:  0.0, Max: 0, Diff: 0, Sum: 0, Workers: 4
[9291.789s][debug][gc,phases      ] GC(165)     Total                          Min: 0, Avg:  0.0, Max: 0, Diff: 0, Sum: 0, Workers: 4
[9291.789s][debug][gc,phases      ] GC(165) Weak Processing 0.344ms
[9291.789s][debug][gc,age         ] GC(165) Desired survivor size 45613056 bytes, new threshold 1 (max threshold 15)
[9291.789s][info ][gc,heap        ] GC(165) PSYoungGen: 2006592K(2051072K)->2884K(2050048K) Eden: 2003968K(2003968K)->0K(2003968K) From: 2624K(47104K)->2884K(46080K)
[9291.789s][info ][gc,heap        ] GC(165) ParOldGen: 661702K(797696K)->662266K(797696K)
[9291.789s][info ][gc,metaspace   ] GC(165) Metaspace: 113360K(114560K)->113360K(114560K) NonClass: 96620K(97280K)->96620K(97280K) Class: 16740K(17280K)->16740K(17280K)
[9291.789s][info ][gc             ] GC(165) Pause Young (Allocation Failure) 2605M->649M(2781M) 2.979ms
[9291.789s][info ][gc,cpu         ] GC(165) User=0.01s Sys=0.00s Real=0.00s
[9291.789s][info ][safepoint      ] Safepoint "ParallelGCFailedAllocation", Time since last: 4005983881 ns, Reaching safepoint: 6500 ns, Cleanup: 4300 ns, At safepoint: 3044282 ns, Total: 3055082 ns
[9300.790s][info ][safepoint      ] Safepoint "Cleanup", Time since last: 9000639194 ns, Reaching safepoint: 5300 ns, Cleanup: 8899 ns, At safepoint: 2500 ns, Total: 16699 ns
[9311.791s][info ][safepoint      ] Safepoint "Cleanup", Time since last: 11000802519 ns, Reaching safepoint: 7800 ns, Cleanup: 13600 ns, At safepoint: 3200 ns, Total: 24600 ns
[9369.471s][info ][gc,start       ] GC(166) Pause Young (Allocation Failure)
[9369.474s][debug][gc,phases      ] GC(166) Scavenge 2.768ms
[9369.474s][debug][gc,ref         ] GC(166) ReferenceProcessor::execute queues: 1, RefProcThreadModel::Single, marks_oops_alive: false
[9369.474s][debug][gc,ref         ] GC(166) Skipped KeepAliveFinalRefsPhase of Reference Processing: no references
[9369.474s][debug][gc,ref         ] GC(166) ReferenceProcessor::execute queues: 1, RefProcThreadModel::Single, marks_oops_alive: false
[9369.474s][debug][gc,phases      ] GC(166) Reference Processing 0.102ms
[9369.474s][debug][gc,phases      ] GC(166)   VM Weak                        Min:  0.0, Avg:  0.0, Max:  0.0, Diff:  0.0, Sum:  0.0, Workers: 4
[9369.474s][debug][gc,phases      ] GC(166)     Dead                           Min: 0, Avg:  0.0, Max: 0, Diff: 0, Sum: 0, Workers: 4
[9369.474s][debug][gc,phases      ] GC(166)     Total                          Min: 0, Avg: 215.0, Max: 525, Diff: 525, Sum: 860, Workers: 4
[9369.474s][debug][gc,phases      ] GC(166)   ObjectSynchronizer Weak        Min:  0.0, Avg:  0.0, Max:  0.0, Diff:  0.0, Sum:  0.0, Workers: 4
[9369.474s][debug][gc,phases      ] GC(166)     Dead                           Min: 0, Avg:  0.0, Max: 0, Diff: 0, Sum: 0, Workers: 4
[9369.474s][debug][gc,phases      ] GC(166)     Total                          Min: 0, Avg:  0.8, Max: 3, Diff: 3, Sum: 3, Workers: 4
[9369.474s][debug][gc,phases      ] GC(166)   JVMTI Tag Weak OopStorage      Min:  0.0, Avg:  0.0, Max:  0.0, Diff:  0.0, Sum:  0.0, Workers: 4
[9369.474s][debug][gc,phases      ] GC(166)     Dead                           Min: 0, Avg:  0.0, Max: 0, Diff: 0, Sum: 0, Workers: 4
[9369.474s][debug][gc,phases      ] GC(166)     Total                          Min: 0, Avg:  0.0, Max: 0, Diff: 0, Sum: 0, Workers: 4
[9369.474s][debug][gc,phases      ] GC(166)   StringTable Weak               Min:  0.0, Avg:  0.1, Max:  0.1, Diff:  0.1, Sum:  0.4, Workers: 4
[9369.474s][debug][gc,phases      ] GC(166)     Dead                           Min: 0, Avg:  0.0, Max: 0, Diff: 0, Sum: 0, Workers: 4
[9369.474s][debug][gc,phases      ] GC(166)     Total                          Min: 0, Avg: 12108.5, Max: 20734, Diff: 20734, Sum: 48434, Workers: 4
[9369.474s][debug][gc,phases      ] GC(166)   ResolvedMethodTable Weak       Min:  0.0, Avg:  0.0, Max:  0.0, Diff:  0.0, Sum:  0.1, Workers: 4
[9369.474s][debug][gc,phases      ] GC(166)     Dead                           Min: 0, Avg:  4.0, Max: 16, Diff: 16, Sum: 16, Workers: 4
[9369.474s][debug][gc,phases      ] GC(166)     Total                          Min: 0, Avg: 4033.0, Max: 6863, Diff: 6863, Sum: 16132, Workers: 4
[9369.474s][debug][gc,phases      ] GC(166)   JNI Weak                       Min:  0.0, Avg:  0.0, Max:  0.0, Diff:  0.0, Sum:  0.0, Workers: 4
[9369.474s][debug][gc,phases      ] GC(166)     Dead                           Min: 0, Avg:  0.0, Max: 0, Diff: 0, Sum: 0, Workers: 4
[9369.474s][debug][gc,phases      ] GC(166)     Total                          Min: 0, Avg: 13.0, Max: 52, Diff: 52, Sum: 52, Workers: 4
[9369.474s][debug][gc,phases      ] GC(166)   StringDedup Table Weak         Min:  0.0, Avg:  0.0, Max:  0.0, Diff:  0.0, Sum:  0.0, Workers: 4
[9369.474s][debug][gc,phases      ] GC(166)     Dead                           Min: 0, Avg:  0.0, Max: 0, Diff: 0, Sum: 0, Workers: 4
[9369.474s][debug][gc,phases      ] GC(166)     Total                          Min: 0, Avg:  0.0, Max: 0, Diff: 0, Sum: 0, Workers: 4
[9369.474s][debug][gc,phases      ] GC(166)   StringDedup Requests0 Weak     Min:  0.0, Avg:  0.0, Max:  0.0, Diff:  0.0, Sum:  0.0, Workers: 4
[9369.474s][debug][gc,phases      ] GC(166)     Dead                           Min: 0, Avg:  0.0, Max: 0, Diff: 0, Sum: 0, Workers: 4
[9369.474s][debug][gc,phases      ] GC(166)     Total                          Min: 0, Avg:  0.0, Max: 0, Diff: 0, Sum: 0, Workers: 4
[9369.474s][debug][gc,phases      ] GC(166)   StringDedup Requests1 Weak     Min:  0.0, Avg:  0.0, Max:  0.0, Diff:  0.0, Sum:  0.0, Workers: 4
[9369.474s][debug][gc,phases      ] GC(166)     Dead                           Min: 0, Avg:  0.0, Max: 0, Diff: 0, Sum: 0, Workers: 4
[9369.474s][debug][gc,phases      ] GC(166)     Total                          Min: 0, Avg:  0.0, Max: 0, Diff: 0, Sum: 0, Workers: 4
[9369.474s][debug][gc,phases      ] GC(166)   Weak JFR Old Object Samples    Min:  0.0, Avg:  0.0, Max:  0.0, Diff:  0.0, Sum:  0.0, Workers: 4
[9369.474s][debug][gc,phases      ] GC(166)     Dead                           Min: 0, Avg:  0.0, Max: 0, Diff: 0, Sum: 0, Workers: 4
[9369.474s][debug][gc,phases      ] GC(166)     Total                          Min: 0, Avg:  0.0, Max: 0, Diff: 0, Sum: 0, Workers: 4
[9369.474s][debug][gc,phases      ] GC(166) Weak Processing 0.377ms
[9369.474s][debug][gc,age         ] GC(166) Desired survivor size 44040192 bytes, new threshold 1 (max threshold 15)
[9369.474s][info ][gc,heap        ] GC(166) PSYoungGen: 2006852K(2050048K)->3120K(2054144K) Eden: 2003968K(2003968K)->0K(2009600K) From: 2884K(46080K)->3120K(44544K)
[9369.474s][info ][gc,heap        ] GC(166) ParOldGen: 662266K(797696K)->662938K(797696K)
[9369.474s][info ][gc,metaspace   ] GC(166) Metaspace: 113361K(114560K)->113361K(114560K) NonClass: 96621K(97280K)->96621K(97280K) Class: 16740K(17280K)->16740K(17280K)
[9369.474s][info ][gc             ] GC(166) Pause Young (Allocation Failure) 2606M->650M(2785M) 3.363ms
[9369.474s][info ][gc,cpu         ] GC(166) User=0.01s Sys=0.00s Real=0.00s
[9369.474s][info ][safepoint      ] Safepoint "ParallelGCFailedAllocation", Time since last: 57679964353 ns, Reaching safepoint: 78699 ns, Cleanup: 3700 ns, At safepoint: 3453379 ns, Total: 3535778 ns
[9409.477s][info ][safepoint      ] Safepoint "Cleanup", Time since last: 40002768270 ns, Reaching safepoint: 5900 ns, Cleanup: 9400 ns, At safepoint: 2500 ns, Total: 17800 ns
[9417.478s][info ][safepoint      ] Safepoint "Cleanup", Time since last: 8000638254 ns, Reaching safepoint: 6100 ns, Cleanup: 11200 ns, At safepoint: 2200 ns, Total: 19500 ns
[9449.819s][info ][gc,start       ] GC(167) Pause Young (Allocation Failure)
[9449.822s][debug][gc,phases      ] GC(167) Scavenge 2.649ms
[9449.822s][debug][gc,ref         ] GC(167) ReferenceProcessor::execute queues: 1, RefProcThreadModel::Single, marks_oops_alive: false
[9449.822s][debug][gc,ref         ] GC(167) Skipped KeepAliveFinalRefsPhase of Reference Processing: no references
[9449.822s][debug][gc,ref         ] GC(167) ReferenceProcessor::execute queues: 1, RefProcThreadModel::Single, marks_oops_alive: false
[9449.822s][debug][gc,phases      ] GC(167) Reference Processing 0.102ms
[9449.823s][debug][gc,phases      ] GC(167)   VM Weak                        Min:  0.0, Avg:  0.0, Max:  0.0, Diff:  0.0, Sum:  0.0, Workers: 4
[9449.823s][debug][gc,phases      ] GC(167)     Dead                           Min: 0, Avg:  0.0, Max: 0, Diff: 0, Sum: 0, Workers: 4
[9449.823s][debug][gc,phases      ] GC(167)     Total                          Min: 0, Avg: 215.0, Max: 362, Diff: 362, Sum: 860, Workers: 4
[9449.823s][debug][gc,phases      ] GC(167)   ObjectSynchronizer Weak        Min:  0.0, Avg:  0.0, Max:  0.0, Diff:  0.0, Sum:  0.0, Workers: 4
[9449.823s][debug][gc,phases      ] GC(167)     Dead                           Min: 0, Avg:  0.0, Max: 0, Diff: 0, Sum: 0, Workers: 4
[9449.823s][debug][gc,phases      ] GC(167)     Total                          Min: 0, Avg:  0.8, Max: 3, Diff: 3, Sum: 3, Workers: 4
[9449.823s][debug][gc,phases      ] GC(167)   JVMTI Tag Weak OopStorage      Min:  0.0, Avg:  0.0, Max:  0.0, Diff:  0.0, Sum:  0.0, Workers: 4
[9449.823s][debug][gc,phases      ] GC(167)     Dead                           Min: 0, Avg:  0.0, Max: 0, Diff: 0, Sum: 0, Workers: 4
[9449.823s][debug][gc,phases      ] GC(167)     Total                          Min: 0, Avg:  0.0, Max: 0, Diff: 0, Sum: 0, Workers: 4
[9449.823s][debug][gc,phases      ] GC(167)   StringTable Weak               Min:  0.1, Avg:  0.1, Max:  0.1, Diff:  0.0, Sum:  0.5, Workers: 4
[9449.823s][debug][gc,phases      ] GC(167)     Dead                           Min: 0, Avg:  0.0, Max: 0, Diff: 0, Sum: 0, Workers: 4
[9449.823s][debug][gc,phases      ] GC(167)     Total                          Min: 11518, Avg: 12108.5, Max: 12344, Diff: 826, Sum: 48434, Workers: 4
[9449.823s][debug][gc,phases      ] GC(167)   ResolvedMethodTable Weak       Min:  0.0, Avg:  0.0, Max:  0.0, Diff:  0.0, Sum:  0.2, Workers: 4
[9449.823s][debug][gc,phases      ] GC(167)     Dead                           Min: 0, Avg:  4.0, Max: 16, Diff: 16, Sum: 16, Workers: 4
[9449.823s][debug][gc,phases      ] GC(167)     Total                          Min: 3868, Avg: 4033.0, Max: 4401, Diff: 533, Sum: 16132, Workers: 4
[9449.823s][debug][gc,phases      ] GC(167)   JNI Weak                       Min:  0.0, Avg:  0.0, Max:  0.0, Diff:  0.0, Sum:  0.0, Workers: 4
[9449.823s][debug][gc,phases      ] GC(167)     Dead                           Min: 0, Avg:  0.0, Max: 0, Diff: 0, Sum: 0, Workers: 4
[9449.823s][debug][gc,phases      ] GC(167)     Total                          Min: 0, Avg: 13.0, Max: 52, Diff: 52, Sum: 52, Workers: 4
[9449.823s][debug][gc,phases      ] GC(167)   StringDedup Table Weak         Min:  0.0, Avg:  0.0, Max:  0.0, Diff:  0.0, Sum:  0.0, Workers: 4
[9449.823s][debug][gc,phases      ] GC(167)     Dead                           Min: 0, Avg:  0.0, Max: 0, Diff: 0, Sum: 0, Workers: 4
[9449.823s][debug][gc,phases      ] GC(167)     Total                          Min: 0, Avg:  0.0, Max: 0, Diff: 0, Sum: 0, Workers: 4
[9449.823s][debug][gc,phases      ] GC(167)   StringDedup Requests0 Weak     Min:  0.0, Avg:  0.0, Max:  0.0, Diff:  0.0, Sum:  0.0, Workers: 4
[9449.823s][debug][gc,phases      ] GC(167)     Dead                           Min: 0, Avg:  0.0, Max: 0, Diff: 0, Sum: 0, Workers: 4
[9449.823s][debug][gc,phases      ] GC(167)     Total                          Min: 0, Avg:  0.0, Max: 0, Diff: 0, Sum: 0, Workers: 4
[9449.823s][debug][gc,phases      ] GC(167)   StringDedup Requests1 Weak     Min:  0.0, Avg:  0.0, Max:  0.0, Diff:  0.0, Sum:  0.0, Workers: 4
[9449.823s][debug][gc,phases      ] GC(167)     Dead                           Min: 0, Avg:  0.0, Max: 0, Diff: 0, Sum: 0, Workers: 4
[9449.823s][debug][gc,phases      ] GC(167)     Total                          Min: 0, Avg:  0.0, Max: 0, Diff: 0, Sum: 0, Workers: 4
[9449.823s][debug][gc,phases      ] GC(167)   Weak JFR Old Object Samples    Min:  0.0, Avg:  0.0, Max:  0.0, Diff:  0.0, Sum:  0.0, Workers: 4
[9449.823s][debug][gc,phases      ] GC(167)     Dead                           Min: 0, Avg:  0.0, Max: 0, Diff: 0, Sum: 0, Workers: 4
[9449.823s][debug][gc,phases      ] GC(167)     Total                          Min: 0, Avg:  0.0, Max: 0, Diff: 0, Sum: 0, Workers: 4
[9449.823s][debug][gc,phases      ] GC(167) Weak Processing 0.354ms
[9449.823s][debug][gc,age         ] GC(167) Desired survivor size 42467328 bytes, new threshold 1 (max threshold 15)
[9449.823s][info ][gc,heap        ] GC(167) PSYoungGen: 2012720K(2054144K)->3008K(2052608K) Eden: 2009600K(2009600K)->0K(2009600K) From: 3120K(44544K)->3008K(43008K)
[9449.823s][info ][gc,heap        ] GC(167) ParOldGen: 662938K(797696K)->663378K(797696K)
[9449.823s][info ][gc,metaspace   ] GC(167) Metaspace: 113363K(114560K)->113363K(114560K) NonClass: 96623K(97280K)->96623K(97280K) Class: 16740K(17280K)->16740K(17280K)
[9449.823s][info ][gc             ] GC(167) Pause Young (Allocation Failure) 2612M->650M(2783M) 3.217ms
[9449.823s][info ][gc,cpu         ] GC(167) User=0.01s Sys=0.00s Real=0.00s
[9449.823s][info ][safepoint      ] Safepoint "ParallelGCFailedAllocation", Time since last: 32341499089 ns, Reaching safepoint: 85799 ns, Cleanup: 15400 ns, At safepoint: 3293578 ns, Total: 3394777 ns
[9484.825s][info ][safepoint      ] Safepoint "Cleanup", Time since last: 35002453910 ns, Reaching safepoint: 79299 ns, Cleanup: 36800 ns, At safepoint: 11000 ns, Total: 127099 ns
[9485.829s][info ][safepoint      ] Safepoint "Cleanup", Time since last: 1002296677 ns, Reaching safepoint: 83699 ns, Cleanup: 8400 ns, At safepoint: 991894 ns, Total: 1083993 ns
[9488.829s][info ][safepoint      ] Safepoint "Cleanup", Time since last: 3000250771 ns, Reaching safepoint: 7300 ns, Cleanup: 10400 ns, At safepoint: 2400 ns, Total: 20100 ns
[9490.829s][info ][safepoint      ] Safepoint "Cleanup", Time since last: 2000198973 ns, Reaching safepoint: 6300 ns, Cleanup: 21400 ns, At safepoint: 2300 ns, Total: 30000 ns
[9491.521s][info ][gc,start       ] GC(168) Pause Young (Allocation Failure)
[9491.531s][debug][gc,phases      ] GC(168) Scavenge 10.008ms
[9491.531s][debug][gc,ref         ] GC(168) ReferenceProcessor::execute queues: 1, RefProcThreadModel::Single, marks_oops_alive: false
[9491.531s][debug][gc,ref         ] GC(168) Skipped KeepAliveFinalRefsPhase of Reference Processing: no references
[9491.531s][debug][gc,ref         ] GC(168) ReferenceProcessor::execute queues: 1, RefProcThreadModel::Single, marks_oops_alive: false
[9491.531s][debug][gc,phases      ] GC(168) Reference Processing 0.102ms
[9491.531s][debug][gc,phases      ] GC(168)   VM Weak                        Min:  0.0, Avg:  0.0, Max:  0.0, Diff:  0.0, Sum:  0.0, Workers: 4
[9491.531s][debug][gc,phases      ] GC(168)     Dead                           Min: 0, Avg:  0.0, Max: 0, Diff: 0, Sum: 0, Workers: 4
[9491.531s][debug][gc,phases      ] GC(168)     Total                          Min: 0, Avg: 215.0, Max: 804, Diff: 804, Sum: 860, Workers: 4
[9491.531s][debug][gc,phases      ] GC(168)   ObjectSynchronizer Weak        Min:  0.0, Avg:  0.0, Max:  0.0, Diff:  0.0, Sum:  0.0, Workers: 4
[9491.531s][debug][gc,phases      ] GC(168)     Dead                           Min: 0, Avg:  0.0, Max: 0, Diff: 0, Sum: 0, Workers: 4
[9491.531s][debug][gc,phases      ] GC(168)     Total                          Min: 0, Avg:  1.2, Max: 5, Diff: 5, Sum: 5, Workers: 4
[9491.531s][debug][gc,phases      ] GC(168)   JVMTI Tag Weak OopStorage      Min:  0.0, Avg:  0.0, Max:  0.0, Diff:  0.0, Sum:  0.0, Workers: 4
[9491.531s][debug][gc,phases      ] GC(168)     Dead                           Min: 0, Avg:  0.0, Max: 0, Diff: 0, Sum: 0, Workers: 4
[9491.531s][debug][gc,phases      ] GC(168)     Total                          Min: 0, Avg:  0.0, Max: 0, Diff: 0, Sum: 0, Workers: 4
[9491.531s][debug][gc,phases      ] GC(168)   StringTable Weak               Min:  0.0, Avg:  0.1, Max:  0.1, Diff:  0.1, Sum:  0.4, Workers: 4
[9491.531s][debug][gc,phases      ] GC(168)     Dead                           Min: 0, Avg:  0.0, Max: 0, Diff: 0, Sum: 0, Workers: 4
[9491.531s][debug][gc,phases      ] GC(168)     Total                          Min: 0, Avg: 12109.5, Max: 21630, Diff: 21630, Sum: 48438, Workers: 4
[9491.531s][debug][gc,phases      ] GC(168)   ResolvedMethodTable Weak       Min:  0.0, Avg:  0.0, Max:  0.0, Diff:  0.0, Sum:  0.1, Workers: 4
[9491.531s][debug][gc,phases      ] GC(168)     Dead                           Min: 0, Avg:  4.5, Max: 18, Diff: 18, Sum: 18, Workers: 4
[9491.531s][debug][gc,phases      ] GC(168)     Total                          Min: 0, Avg: 4033.8, Max: 6892, Diff: 6892, Sum: 16135, Workers: 4
[9491.531s][debug][gc,phases      ] GC(168)   JNI Weak                       Min:  0.0, Avg:  0.0, Max:  0.0, Diff:  0.0, Sum:  0.0, Workers: 4
[9491.531s][debug][gc,phases      ] GC(168)     Dead                           Min: 0, Avg:  0.0, Max: 0, Diff: 0, Sum: 0, Workers: 4
[9491.531s][debug][gc,phases      ] GC(168)     Total                          Min: 0, Avg: 13.0, Max: 52, Diff: 52, Sum: 52, Workers: 4
[9491.531s][debug][gc,phases      ] GC(168)   StringDedup Table Weak         Min:  0.0, Avg:  0.0, Max:  0.0, Diff:  0.0, Sum:  0.0, Workers: 4
[9491.531s][debug][gc,phases      ] GC(168)     Dead                           Min: 0, Avg:  0.0, Max: 0, Diff: 0, Sum: 0, Workers: 4
[9491.531s][debug][gc,phases      ] GC(168)     Total                          Min: 0, Avg:  0.0, Max: 0, Diff: 0, Sum: 0, Workers: 4
[9491.531s][debug][gc,phases      ] GC(168)   StringDedup Requests0 Weak     Min:  0.0, Avg:  0.0, Max:  0.0, Diff:  0.0, Sum:  0.0, Workers: 4
[9491.531s][debug][gc,phases      ] GC(168)     Dead                           Min: 0, Avg:  0.0, Max: 0, Diff: 0, Sum: 0, Workers: 4
[9491.531s][debug][gc,phases      ] GC(168)     Total                          Min: 0, Avg:  0.0, Max: 0, Diff: 0, Sum: 0, Workers: 4
[9491.531s][debug][gc,phases      ] GC(168)   StringDedup Requests1 Weak     Min:  0.0, Avg:  0.0, Max:  0.0, Diff:  0.0, Sum:  0.0, Workers: 4
[9491.531s][debug][gc,phases      ] GC(168)     Dead                           Min: 0, Avg:  0.0, Max: 0, Diff: 0, Sum: 0, Workers: 4
[9491.531s][debug][gc,phases      ] GC(168)     Total                          Min: 0, Avg:  0.0, Max: 0, Diff: 0, Sum: 0, Workers: 4
[9491.531s][debug][gc,phases      ] GC(168)   Weak JFR Old Object Samples    Min:  0.0, Avg:  0.0, Max:  0.0, Diff:  0.0, Sum:  0.0, Workers: 4
[9491.531s][debug][gc,phases      ] GC(168)     Dead                           Min: 0, Avg:  0.0, Max: 0, Diff: 0, Sum: 0, Workers: 4
[9491.531s][debug][gc,phases      ] GC(168)     Total                          Min: 0, Avg:  0.0, Max: 0, Diff: 0, Sum: 0, Workers: 4
[9491.531s][debug][gc,phases      ] GC(168) Weak Processing 0.365ms
[9491.531s][debug][gc,age         ] GC(168) Desired survivor size 43515904 bytes, new threshold 1 (max threshold 15)
[9491.531s][info ][gc,heap        ] GC(168) PSYoungGen: 2012608K(2052608K)->22256K(2053632K) Eden: 2009600K(2009600K)->0K(2012160K) From: 3008K(43008K)->22256K(41472K)
[9491.531s][info ][gc,heap        ] GC(168) ParOldGen: 663378K(797696K)->664219K(797696K)
[9491.531s][info ][gc,metaspace   ] GC(168) Metaspace: 113385K(114624K)->113385K(114624K) NonClass: 96644K(97344K)->96644K(97344K) Class: 16741K(17280K)->16741K(17280K)
[9491.531s][info ][gc             ] GC(168) Pause Young (Allocation Failure) 2613M->670M(2784M) 10.602ms
[9491.531s][info ][gc,cpu         ] GC(168) User=0.04s Sys=0.00s Real=0.01s
[9491.531s][info ][safepoint      ] Safepoint "ParallelGCFailedAllocation", Time since last: 691500527 ns, Reaching safepoint: 80700 ns, Cleanup: 3200 ns, At safepoint: 10675129 ns, Total: 10759029 ns
[9497.532s][info ][safepoint      ] Safepoint "Cleanup", Time since last: 6000462487 ns, Reaching safepoint: 6100 ns, Cleanup: 10200 ns, At safepoint: 2300 ns, Total: 18600 ns
[9500.532s][info ][safepoint      ] Safepoint "Cleanup", Time since last: 3000256577 ns, Reaching safepoint: 6500 ns, Cleanup: 8100 ns, At safepoint: 3000 ns, Total: 17600 ns
[9502.532s][info ][safepoint      ] Safepoint "Cleanup", Time since last: 2000174718 ns, Reaching safepoint: 80999 ns, Cleanup: 9800 ns, At safepoint: 11500 ns, Total: 102299 ns
[9504.533s][info ][safepoint      ] Safepoint "Cleanup", Time since last: 2000185120 ns, Reaching safepoint: 5300 ns, Cleanup: 9300 ns, At safepoint: 2300 ns, Total: 16900 ns
[9510.533s][info ][safepoint      ] Safepoint "Cleanup", Time since last: 6000461939 ns, Reaching safepoint: 7000 ns, Cleanup: 15800 ns, At safepoint: 1800 ns, Total: 24600 ns
[9511.533s][info ][safepoint      ] Safepoint "Cleanup", Time since last: 1000129372 ns, Reaching safepoint: 7000 ns, Cleanup: 13000 ns, At safepoint: 2400 ns, Total: 22400 ns
[9517.534s][info ][safepoint      ] Safepoint "Cleanup", Time since last: 6000432635 ns, Reaching safepoint: 8000 ns, Cleanup: 11200 ns, At safepoint: 2800 ns, Total: 22000 ns
[9524.534s][info ][safepoint      ] Safepoint "Cleanup", Time since last: 7000663316 ns, Reaching safepoint: 7200 ns, Cleanup: 16200 ns, At safepoint: 27299 ns, Total: 50699 ns
[9525.535s][info ][safepoint      ] Safepoint "Cleanup", Time since last: 1000116142 ns, Reaching safepoint: 7100 ns, Cleanup: 9600 ns, At safepoint: 2300 ns, Total: 19000 ns
[9526.535s][info ][safepoint      ] Safepoint "Cleanup", Time since last: 1000117241 ns, Reaching safepoint: 7700 ns, Cleanup: 16700 ns, At safepoint: 2800 ns, Total: 27200 ns
[9527.535s][info ][safepoint      ] Safepoint "Cleanup", Time since last: 1000127341 ns, Reaching safepoint: 7400 ns, Cleanup: 10800 ns, At safepoint: 2600 ns, Total: 20800 ns
[9528.535s][info ][safepoint      ] Safepoint "Cleanup", Time since last: 1000110638 ns, Reaching safepoint: 7200 ns, Cleanup: 18200 ns, At safepoint: 2300 ns, Total: 27700 ns
[9529.223s][info ][gc,start       ] GC(169) Pause Young (Allocation Failure)
[9529.237s][debug][gc,phases      ] GC(169) Scavenge 14.648ms
[9529.237s][debug][gc,ref         ] GC(169) ReferenceProcessor::execute queues: 1, RefProcThreadModel::Single, marks_oops_alive: false
[9529.237s][debug][gc,ref         ] GC(169) Skipped KeepAliveFinalRefsPhase of Reference Processing: no references
[9529.237s][debug][gc,ref         ] GC(169) ReferenceProcessor::execute queues: 1, RefProcThreadModel::Single, marks_oops_alive: false
[9529.237s][debug][gc,phases      ] GC(169) Reference Processing 0.102ms
[9529.238s][debug][gc,phases      ] GC(169)   VM Weak                        Min:  0.0, Avg:  0.0, Max:  0.0, Diff:  0.0, Sum:  0.0, Workers: 4
[9529.238s][debug][gc,phases      ] GC(169)     Dead                           Min: 0, Avg:  0.0, Max: 0, Diff: 0, Sum: 0, Workers: 4
[9529.238s][debug][gc,phases      ] GC(169)     Total                          Min: 0, Avg: 215.0, Max: 443, Diff: 443, Sum: 860, Workers: 4
[9529.238s][debug][gc,phases      ] GC(169)   ObjectSynchronizer Weak        Min:  0.0, Avg:  0.0, Max:  0.0, Diff:  0.0, Sum:  0.0, Workers: 4
[9529.238s][debug][gc,phases      ] GC(169)     Dead                           Min: 0, Avg:  0.0, Max: 0, Diff: 0, Sum: 0, Workers: 4
[9529.238s][debug][gc,phases      ] GC(169)     Total                          Min: 0, Avg:  1.5, Max: 6, Diff: 6, Sum: 6, Workers: 4
[9529.238s][debug][gc,phases      ] GC(169)   JVMTI Tag Weak OopStorage      Min:  0.0, Avg:  0.0, Max:  0.0, Diff:  0.0, Sum:  0.0, Workers: 4
[9529.238s][debug][gc,phases      ] GC(169)     Dead                           Min: 0, Avg:  0.0, Max: 0, Diff: 0, Sum: 0, Workers: 4
[9529.238s][debug][gc,phases      ] GC(169)     Total                          Min: 0, Avg:  0.0, Max: 0, Diff: 0, Sum: 0, Workers: 4
[9529.238s][debug][gc,phases      ] GC(169)   StringTable Weak               Min:  0.1, Avg:  0.1, Max:  0.1, Diff:  0.1, Sum:  0.5, Workers: 4
[9529.238s][debug][gc,phases      ] GC(169)     Dead                           Min: 0, Avg:  0.0, Max: 0, Diff: 0, Sum: 0, Workers: 4
[9529.238s][debug][gc,phases      ] GC(169)     Total                          Min: 8447, Avg: 12109.5, Max: 13631, Diff: 5184, Sum: 48438, Workers: 4
[9529.238s][debug][gc,phases      ] GC(169)   ResolvedMethodTable Weak       Min:  0.0, Avg:  0.0, Max:  0.0, Diff:  0.0, Sum:  0.2, Workers: 4
[9529.238s][debug][gc,phases      ] GC(169)     Dead                           Min: 0, Avg:  4.0, Max: 16, Diff: 16, Sum: 16, Workers: 4
[9529.238s][debug][gc,phases      ] GC(169)     Total                          Min: 3942, Avg: 4033.8, Max: 4104, Diff: 162, Sum: 16135, Workers: 4
[9529.238s][debug][gc,phases      ] GC(169)   JNI Weak                       Min:  0.0, Avg:  0.0, Max:  0.0, Diff:  0.0, Sum:  0.0, Workers: 4
[9529.238s][debug][gc,phases      ] GC(169)     Dead                           Min: 0, Avg:  0.0, Max: 0, Diff: 0, Sum: 0, Workers: 4
[9529.238s][debug][gc,phases      ] GC(169)     Total                          Min: 0, Avg: 13.0, Max: 52, Diff: 52, Sum: 52, Workers: 4
[9529.238s][debug][gc,phases      ] GC(169)   StringDedup Table Weak         Min:  0.0, Avg:  0.0, Max:  0.0, Diff:  0.0, Sum:  0.0, Workers: 4
[9529.238s][debug][gc,phases      ] GC(169)     Dead                           Min: 0, Avg:  0.0, Max: 0, Diff: 0, Sum: 0, Workers: 4
[9529.238s][debug][gc,phases      ] GC(169)     Total                          Min: 0, Avg:  0.0, Max: 0, Diff: 0, Sum: 0, Workers: 4
[9529.238s][debug][gc,phases      ] GC(169)   StringDedup Requests0 Weak     Min:  0.0, Avg:  0.0, Max:  0.0, Diff:  0.0, Sum:  0.0, Workers: 4
[9529.238s][debug][gc,phases      ] GC(169)     Dead                           Min: 0, Avg:  0.0, Max: 0, Diff: 0, Sum: 0, Workers: 4
[9529.238s][debug][gc,phases      ] GC(169)     Total                          Min: 0, Avg:  0.0, Max: 0, Diff: 0, Sum: 0, Workers: 4
[9529.238s][debug][gc,phases      ] GC(169)   StringDedup Requests1 Weak     Min:  0.0, Avg:  0.0, Max:  0.0, Diff:  0.0, Sum:  0.0, Workers: 4
[9529.238s][debug][gc,phases      ] GC(169)     Dead                           Min: 0, Avg:  0.0, Max: 0, Diff: 0, Sum: 0, Workers: 4
[9529.238s][debug][gc,phases      ] GC(169)     Total                          Min: 0, Avg:  0.0, Max: 0, Diff: 0, Sum: 0, Workers: 4
[9529.238s][debug][gc,phases      ] GC(169)   Weak JFR Old Object Samples    Min:  0.0, Avg:  0.0, Max:  0.0, Diff:  0.0, Sum:  0.0, Workers: 4
[9529.238s][debug][gc,phases      ] GC(169)     Dead                           Min: 0, Avg:  0.0, Max: 0, Diff: 0, Sum: 0, Workers: 4
[9529.238s][debug][gc,phases      ] GC(169)     Total                          Min: 0, Avg:  0.0, Max: 0, Diff: 0, Sum: 0, Workers: 4
[9529.238s][debug][gc,phases      ] GC(169) Weak Processing 0.371ms
[9529.238s][debug][gc,age         ] GC(169) Desired survivor size 40894464 bytes, new threshold 1 (max threshold 15)
[9529.238s][info ][gc,heap        ] GC(169) PSYoungGen: 2034416K(2053632K)->13472K(2054656K) Eden: 2012160K(2012160K)->0K(2012160K) From: 22256K(41472K)->13472K(42496K)
[9529.238s][info ][gc,heap        ] GC(169) ParOldGen: 664219K(797696K)->679153K(797696K)
[9529.238s][info ][gc,metaspace   ] GC(169) Metaspace: 113388K(114624K)->113388K(114624K) NonClass: 96647K(97344K)->96647K(97344K) Class: 16741K(17280K)->16741K(17280K)
[9529.238s][info ][gc             ] GC(169) Pause Young (Allocation Failure) 2635M->676M(2785M) 15.239ms
[9529.238s][info ][gc,cpu         ] GC(169) User=0.06s Sys=0.00s Real=0.02s
[9529.238s][info ][safepoint      ] Safepoint "ParallelGCFailedAllocation", Time since last: 687560012 ns, Reaching safepoint: 7600 ns, Cleanup: 10600 ns, At safepoint: 15321597 ns, Total: 15339797 ns
[9532.240s][info ][safepoint      ] Safepoint "Cleanup", Time since last: 3001697269 ns, Reaching safepoint: 84299 ns, Cleanup: 12600 ns, At safepoint: 12100 ns, Total: 108999 ns
[9533.240s][info ][safepoint      ] Safepoint "Cleanup", Time since last: 1000119826 ns, Reaching safepoint: 80499 ns, Cleanup: 25800 ns, At safepoint: 12800 ns, Total: 119099 ns
[9534.240s][info ][safepoint      ] Safepoint "Cleanup", Time since last: 1000116526 ns, Reaching safepoint: 7200 ns, Cleanup: 11100 ns, At safepoint: 2600 ns, Total: 20900 ns
[9536.241s][info ][safepoint      ] Safepoint "Cleanup", Time since last: 2000812347 ns, Reaching safepoint: 81400 ns, Cleanup: 14899 ns, At safepoint: 12900 ns, Total: 109199 ns
[9537.241s][info ][safepoint      ] Safepoint "Cleanup", Time since last: 1000129173 ns, Reaching safepoint: 7600 ns, Cleanup: 11900 ns, At safepoint: 2700 ns, Total: 22200 ns
[9539.241s][info ][safepoint      ] Safepoint "Cleanup", Time since last: 2000185927 ns, Reaching safepoint: 79800 ns, Cleanup: 11400 ns, At safepoint: 9800 ns, Total: 101000 ns
[9540.242s][info ][safepoint      ] Safepoint "Cleanup", Time since last: 1000131563 ns, Reaching safepoint: 7600 ns, Cleanup: 32800 ns, At safepoint: 2300 ns, Total: 42700 ns
[9541.242s][info ][safepoint      ] Safepoint "Cleanup", Time since last: 1000127763 ns, Reaching safepoint: 78900 ns, Cleanup: 11500 ns, At safepoint: 6700 ns, Total: 97100 ns
[9541.321s][info ][gc,start       ] GC(170) Pause Young (Allocation Failure)
[9541.338s][debug][gc,phases      ] GC(170) Scavenge 17.426ms
[9541.338s][debug][gc,ref         ] GC(170) Skipped SoftWeakFinalRefsPhase of Reference Processing: no references
[9541.338s][debug][gc,ref         ] GC(170) Skipped KeepAliveFinalRefsPhase of Reference Processing: no references
[9541.338s][debug][gc,ref         ] GC(170) Skipped PhantomRefsPhase of Reference Processing: no references
[9541.338s][debug][gc,phases      ] GC(170) Reference Processing 0.019ms
[9541.338s][debug][gc,phases      ] GC(170)   VM Weak                        Min:  0.0, Avg:  0.0, Max:  0.0, Diff:  0.0, Sum:  0.0, Workers: 4
[9541.338s][debug][gc,phases      ] GC(170)     Dead                           Min: 0, Avg:  0.0, Max: 0, Diff: 0, Sum: 0, Workers: 4
[9541.338s][debug][gc,phases      ] GC(170)     Total                          Min: 0, Avg: 215.0, Max: 482, Diff: 482, Sum: 860, Workers: 4
[9541.338s][debug][gc,phases      ] GC(170)   ObjectSynchronizer Weak        Min:  0.0, Avg:  0.0, Max:  0.0, Diff:  0.0, Sum:  0.0, Workers: 4
[9541.338s][debug][gc,phases      ] GC(170)     Dead                           Min: 0, Avg:  0.0, Max: 0, Diff: 0, Sum: 0, Workers: 4
[9541.338s][debug][gc,phases      ] GC(170)     Total                          Min: 0, Avg:  1.5, Max: 6, Diff: 6, Sum: 6, Workers: 4
[9541.338s][debug][gc,phases      ] GC(170)   JVMTI Tag Weak OopStorage      Min:  0.0, Avg:  0.0, Max:  0.0, Diff:  0.0, Sum:  0.0, Workers: 4
[9541.338s][debug][gc,phases      ] GC(170)     Dead                           Min: 0, Avg:  0.0, Max: 0, Diff: 0, Sum: 0, Workers: 4
[9541.338s][debug][gc,phases      ] GC(170)     Total                          Min: 0, Avg:  0.0, Max: 0, Diff: 0, Sum: 0, Workers: 4
[9541.338s][debug][gc,phases      ] GC(170)   StringTable Weak               Min:  0.0, Avg:  0.1, Max:  0.1, Diff:  0.1, Sum:  0.4, Workers: 4
[9541.338s][debug][gc,phases      ] GC(170)     Dead                           Min: 0, Avg:  0.0, Max: 0, Diff: 0, Sum: 0, Workers: 4
[9541.338s][debug][gc,phases      ] GC(170)     Total                          Min: 0, Avg: 12109.5, Max: 21822, Diff: 21822, Sum: 48438, Workers: 4
[9541.338s][debug][gc,phases      ] GC(170)   ResolvedMethodTable Weak       Min:  0.0, Avg:  0.0, Max:  0.0, Diff:  0.0, Sum:  0.1, Workers: 4
[9541.338s][debug][gc,phases      ] GC(170)     Dead                           Min: 0, Avg:  4.0, Max: 16, Diff: 16, Sum: 16, Workers: 4
[9541.338s][debug][gc,phases      ] GC(170)     Total                          Min: 0, Avg: 4033.8, Max: 6982, Diff: 6982, Sum: 16135, Workers: 4
[9541.338s][debug][gc,phases      ] GC(170)   JNI Weak                       Min:  0.0, Avg:  0.0, Max:  0.0, Diff:  0.0, Sum:  0.0, Workers: 4
[9541.338s][debug][gc,phases      ] GC(170)     Dead                           Min: 0, Avg:  0.0, Max: 0, Diff: 0, Sum: 0, Workers: 4
[9541.338s][debug][gc,phases      ] GC(170)     Total                          Min: 0, Avg: 13.0, Max: 52, Diff: 52, Sum: 52, Workers: 4
[9541.338s][debug][gc,phases      ] GC(170)   StringDedup Table Weak         Min:  0.0, Avg:  0.0, Max:  0.0, Diff:  0.0, Sum:  0.0, Workers: 4
[9541.338s][debug][gc,phases      ] GC(170)     Dead                           Min: 0, Avg:  0.0, Max: 0, Diff: 0, Sum: 0, Workers: 4
[9541.338s][debug][gc,phases      ] GC(170)     Total                          Min: 0, Avg:  0.0, Max: 0, Diff: 0, Sum: 0, Workers: 4
[9541.338s][debug][gc,phases      ] GC(170)   StringDedup Requests0 Weak     Min:  0.0, Avg:  0.0, Max:  0.0, Diff:  0.0, Sum:  0.0, Workers: 4
[9541.338s][debug][gc,phases      ] GC(170)     Dead                           Min: 0, Avg:  0.0, Max: 0, Diff: 0, Sum: 0, Workers: 4
[9541.338s][debug][gc,phases      ] GC(170)     Total                          Min: 0, Avg:  0.0, Max: 0, Diff: 0, Sum: 0, Workers: 4
[9541.338s][debug][gc,phases      ] GC(170)   StringDedup Requests1 Weak     Min:  0.0, Avg:  0.0, Max:  0.0, Diff:  0.0, Sum:  0.0, Workers: 4
[9541.338s][debug][gc,phases      ] GC(170)     Dead                           Min: 0, Avg:  0.0, Max: 0, Diff: 0, Sum: 0, Workers: 4
[9541.338s][debug][gc,phases      ] GC(170)     Total                          Min: 0, Avg:  0.0, Max: 0, Diff: 0, Sum: 0, Workers: 4
[9541.338s][debug][gc,phases      ] GC(170)   Weak JFR Old Object Samples    Min:  0.0, Avg:  0.0, Max:  0.0, Diff:  0.0, Sum:  0.0, Workers: 4
[9541.338s][debug][gc,phases      ] GC(170)     Dead                           Min: 0, Avg:  0.0, Max: 0, Diff: 0, Sum: 0, Workers: 4
[9541.338s][debug][gc,phases      ] GC(170)     Total                          Min: 0, Avg:  0.0, Max: 0, Diff: 0, Sum: 0, Workers: 4
[9541.338s][debug][gc,phases      ] GC(170) Weak Processing 0.347ms
[9541.338s][debug][gc,age         ] GC(170) Desired survivor size 47185920 bytes, new threshold 1 (max threshold 15)
[9541.339s][info ][gc,heap        ] GC(170) PSYoungGen: 2025632K(2054656K)->36416K(2044928K) Eden: 2012160K(2012160K)->0K(2004992K) From: 13472K(42496K)->36416K(39936K)
[9541.339s][info ][gc,heap        ] GC(170) ParOldGen: 679153K(797696K)->686622K(797696K)
[9541.339s][info ][gc,metaspace   ] GC(170) Metaspace: 113392K(114624K)->113392K(114624K) NonClass: 96651K(97344K)->96651K(97344K) Class: 16741K(17280K)->16741K(17280K)
[9541.339s][info ][gc             ] GC(170) Pause Young (Allocation Failure) 2641M->706M(2776M) 17.916ms
[9541.339s][info ][gc,cpu         ] GC(170) User=0.07s Sys=0.00s Real=0.02s
[9541.339s][info ][safepoint      ] Safepoint "ParallelGCFailedAllocation", Time since last: 78586670 ns, Reaching safepoint: 82900 ns, Cleanup: 3800 ns, At safepoint: 18102578 ns, Total: 18189278 ns
[9542.339s][info ][safepoint      ] Safepoint "Cleanup", Time since last: 1000098463 ns, Reaching safepoint: 7700 ns, Cleanup: 11200 ns, At safepoint: 2500 ns, Total: 21400 ns
[9544.047s][info ][safepoint      ] Safepoint "Cleanup", Time since last: 1708459192 ns, Reaching safepoint: 82900 ns, Cleanup: 7100 ns, At safepoint: 13400 ns, Total: 103400 ns
[9551.048s][info ][safepoint      ] Safepoint "Cleanup", Time since last: 7000572271 ns, Reaching safepoint: 79699 ns, Cleanup: 11700 ns, At safepoint: 5600 ns, Total: 96999 ns
[9557.051s][info ][safepoint      ] Safepoint "Cleanup", Time since last: 6002561513 ns, Reaching safepoint: 83100 ns, Cleanup: 10600 ns, At safepoint: 12700 ns, Total: 106400 ns
[9558.832s][info ][gc,start       ] GC(171) Pause Young (Allocation Failure)
[9558.854s][debug][gc,phases      ] GC(171) Scavenge 22.687ms
[9558.854s][debug][gc,ref         ] GC(171) ReferenceProcessor::execute queues: 1, RefProcThreadModel::Single, marks_oops_alive: false
[9558.854s][debug][gc,ref         ] GC(171) Skipped KeepAliveFinalRefsPhase of Reference Processing: no references
[9558.854s][debug][gc,ref         ] GC(171) ReferenceProcessor::execute queues: 1, RefProcThreadModel::Single, marks_oops_alive: false
[9558.854s][debug][gc,phases      ] GC(171) Reference Processing 0.106ms
[9558.855s][debug][gc,phases      ] GC(171)   VM Weak                        Min:  0.0, Avg:  0.0, Max:  0.0, Diff:  0.0, Sum:  0.0, Workers: 4
[9558.855s][debug][gc,phases      ] GC(171)     Dead                           Min: 0, Avg:  0.0, Max: 0, Diff: 0, Sum: 0, Workers: 4
[9558.855s][debug][gc,phases      ] GC(171)     Total                          Min: 0, Avg: 215.0, Max: 629, Diff: 629, Sum: 860, Workers: 4
[9558.855s][debug][gc,phases      ] GC(171)   ObjectSynchronizer Weak        Min:  0.0, Avg:  0.0, Max:  0.0, Diff:  0.0, Sum:  0.0, Workers: 4
[9558.855s][debug][gc,phases      ] GC(171)     Dead                           Min: 0, Avg:  0.0, Max: 0, Diff: 0, Sum: 0, Workers: 4
[9558.855s][debug][gc,phases      ] GC(171)     Total                          Min: 0, Avg:  1.5, Max: 6, Diff: 6, Sum: 6, Workers: 4
[9558.855s][debug][gc,phases      ] GC(171)   JVMTI Tag Weak OopStorage      Min:  0.0, Avg:  0.0, Max:  0.0, Diff:  0.0, Sum:  0.0, Workers: 4
[9558.855s][debug][gc,phases      ] GC(171)     Dead                           Min: 0, Avg:  0.0, Max: 0, Diff: 0, Sum: 0, Workers: 4
[9558.855s][debug][gc,phases      ] GC(171)     Total                          Min: 0, Avg:  0.0, Max: 0, Diff: 0, Sum: 0, Workers: 4
[9558.855s][debug][gc,phases      ] GC(171)   StringTable Weak               Min:  0.0, Avg:  0.1, Max:  0.1, Diff:  0.1, Sum:  0.4, Workers: 4
[9558.855s][debug][gc,phases      ] GC(171)     Dead                           Min: 0, Avg:  0.0, Max: 0, Diff: 0, Sum: 0, Workers: 4
[9558.855s][debug][gc,phases      ] GC(171)     Total                          Min: 0, Avg: 12109.8, Max: 20863, Diff: 20863, Sum: 48439, Workers: 4
[9558.855s][debug][gc,phases      ] GC(171)   ResolvedMethodTable Weak       Min:  0.0, Avg:  0.0, Max:  0.0, Diff:  0.0, Sum:  0.1, Workers: 4
[9558.855s][debug][gc,phases      ] GC(171)     Dead                           Min: 0, Avg:  0.0, Max: 0, Diff: 0, Sum: 0, Workers: 4
[9558.855s][debug][gc,phases      ] GC(171)     Total                          Min: 0, Avg: 4034.2, Max: 6790, Diff: 6790, Sum: 16137, Workers: 4
[9558.855s][debug][gc,phases      ] GC(171)   JNI Weak                       Min:  0.0, Avg:  0.0, Max:  0.0, Diff:  0.0, Sum:  0.0, Workers: 4
[9558.855s][debug][gc,phases      ] GC(171)     Dead                           Min: 0, Avg:  0.0, Max: 0, Diff: 0, Sum: 0, Workers: 4
[9558.855s][debug][gc,phases      ] GC(171)     Total                          Min: 0, Avg: 13.0, Max: 52, Diff: 52, Sum: 52, Workers: 4
[9558.855s][debug][gc,phases      ] GC(171)   StringDedup Table Weak         Min:  0.0, Avg:  0.0, Max:  0.0, Diff:  0.0, Sum:  0.0, Workers: 4
[9558.855s][debug][gc,phases      ] GC(171)     Dead                           Min: 0, Avg:  0.0, Max: 0, Diff: 0, Sum: 0, Workers: 4
[9558.855s][debug][gc,phases      ] GC(171)     Total                          Min: 0, Avg:  0.0, Max: 0, Diff: 0, Sum: 0, Workers: 4
[9558.855s][debug][gc,phases      ] GC(171)   StringDedup Requests0 Weak     Min:  0.0, Avg:  0.0, Max:  0.0, Diff:  0.0, Sum:  0.0, Workers: 4
[9558.855s][debug][gc,phases      ] GC(171)     Dead                           Min: 0, Avg:  0.0, Max: 0, Diff: 0, Sum: 0, Workers: 4
[9558.855s][debug][gc,phases      ] GC(171)     Total                          Min: 0, Avg:  0.0, Max: 0, Diff: 0, Sum: 0, Workers: 4
[9558.855s][debug][gc,phases      ] GC(171)   StringDedup Requests1 Weak     Min:  0.0, Avg:  0.0, Max:  0.0, Diff:  0.0, Sum:  0.0, Workers: 4
[9558.855s][debug][gc,phases      ] GC(171)     Dead                           Min: 0, Avg:  0.0, Max: 0, Diff: 0, Sum: 0, Workers: 4
[9558.855s][debug][gc,phases      ] GC(171)     Total                          Min: 0, Avg:  0.0, Max: 0, Diff: 0, Sum: 0, Workers: 4
[9558.855s][debug][gc,phases      ] GC(171)   Weak JFR Old Object Samples    Min:  0.0, Avg:  0.0, Max:  0.0, Diff:  0.0, Sum:  0.0, Workers: 4
[9558.855s][debug][gc,phases      ] GC(171)     Dead                           Min: 0, Avg:  0.0, Max: 0, Diff: 0, Sum: 0, Workers: 4
[9558.855s][debug][gc,phases      ] GC(171)     Total                          Min: 0, Avg:  0.0, Max: 0, Diff: 0, Sum: 0, Workers: 4
[9558.855s][debug][gc,phases      ] GC(171) Weak Processing 0.372ms
[9558.855s][debug][gc,age         ] GC(171) Desired survivor size 52953088 bytes, new threshold 1 (max threshold 15)
[9558.855s][info ][gc,heap        ] GC(171) PSYoungGen: 2041408K(2044928K)->37812K(2042880K) Eden: 2004992K(2004992K)->0K(2004992K) From: 36416K(39936K)->37812K(37888K)
[9558.855s][info ][gc,heap        ] GC(171) ParOldGen: 686622K(797696K)->715998K(797696K)
[9558.855s][info ][gc,metaspace   ] GC(171) Metaspace: 113396K(114624K)->113396K(114624K) NonClass: 96654K(97344K)->96654K(97344K) Class: 16741K(17280K)->16741K(17280K)
[9558.855s][info ][gc             ] GC(171) Pause Young (Allocation Failure) 2664M->736M(2774M) 23.285ms
[9558.855s][info ][gc,cpu         ] GC(171) User=0.09s Sys=0.00s Real=0.03s
[9558.855s][info ][safepoint      ] Safepoint "ParallelGCFailedAllocation", Time since last: 1780745434 ns, Reaching safepoint: 81800 ns, Cleanup: 14400 ns, At safepoint: 23377341 ns, Total: 23473541 ns
[9559.855s][info ][safepoint      ] Safepoint "Cleanup", Time since last: 1000095724 ns, Reaching safepoint: 7300 ns, Cleanup: 28800 ns, At safepoint: 2700 ns, Total: 38800 ns
[9562.855s][info ][safepoint      ] Safepoint "Cleanup", Time since last: 3000253339 ns, Reaching safepoint: 7500 ns, Cleanup: 11200 ns, At safepoint: 2500 ns, Total: 21200 ns
[9568.856s][info ][safepoint      ] Safepoint "Cleanup", Time since last: 6000473878 ns, Reaching safepoint: 8200 ns, Cleanup: 11000 ns, At safepoint: 2200 ns, Total: 21400 ns
[9570.856s][info ][safepoint      ] Safepoint "Cleanup", Time since last: 2000176800 ns, Reaching safepoint: 6100 ns, Cleanup: 35500 ns, At safepoint: 2400 ns, Total: 44000 ns
[9612.068s][info ][safepoint      ] Safepoint "Cleanup", Time since last: 41212305125 ns, Reaching safepoint: 7000 ns, Cleanup: 11100 ns, At safepoint: 2300 ns, Total: 20400 ns
[9642.071s][info ][safepoint      ] Safepoint "Cleanup", Time since last: 30002138669 ns, Reaching safepoint: 6500 ns, Cleanup: 10800 ns, At safepoint: 2100 ns, Total: 19400 ns
[9691.511s][info ][safepoint      ] Safepoint "JFRCheckpoint", Time since last: 49440318508 ns, Reaching safepoint: 146299 ns, Cleanup: 13500 ns, At safepoint: 19700 ns, Total: 179499 ns
[9691.513s][info ][gc,heap,exit   ] Heap
[9691.513s][info ][gc,heap,exit   ]  PSYoungGen      total 2042880K, used 1351985K [0x0000000780000000, 0x0000000800000000, 0x0000000800000000)
[9691.513s][info ][gc,heap,exit   ]   eden space 2004992K, 65% used [0x0000000780000000,0x00000007d035f578,0x00000007fa600000)
[9691.513s][info ][gc,heap,exit   ]   from space 37888K, 99% used [0x00000007fa600000,0x00000007fcaed218,0x00000007fcb00000)
[9691.513s][info ][gc,heap,exit   ]   to   space 51712K, 0% used [0x00000007fcd80000,0x00000007fcd80000,0x0000000800000000)
[9691.513s][info ][gc,heap,exit   ]  ParOldGen       total 797696K, used 715998K [0x00000006c0000000, 0x00000006f0b00000, 0x0000000780000000)
[9691.513s][info ][gc,heap,exit   ]   object space 797696K, 89% used [0x00000006c0000000,0x00000006ebb37a20,0x00000006f0b00000)
[9691.513s][info ][gc,heap,exit   ]  Metaspace       used 113477K, committed 114624K, reserved 1179648K
[9691.513s][info ][gc,heap,exit   ]   class space    used 16754K, committed 17280K, reserved 1048576K
