[0.005s][info][gc,init] CardTable entry size: 512
[0.005s][info][gc     ] Using Parallel
[0.007s][info][gc,init] Version: 21.0.7+6-LTS (release)
[0.007s][info][gc,init] CPUs: 4 total, 4 available
[0.007s][info][gc,init] Memory: 15995M
[0.007s][info][gc,init] Large Page Support: Disabled
[0.007s][info][gc,init] NUMA Support: Disabled
[0.007s][info][gc,init] Compressed Oops: Enabled (Zero based)
[0.007s][info][gc,init] Alignments: Space 512K, Generation 512K, Heap 2M
[0.007s][info][gc,init] Heap Min Capacity: 2054M
[0.007s][info][gc,init] Heap Initial Capacity: 2054M
[0.007s][info][gc,init] Heap Max Capacity: 5G
[0.007s][info][gc,init] Pre-touch: Disabled
[0.007s][info][gc,init] Parallel Workers: 4
[0.017s][info][gc,metaspace] CDS archive(s) mapped at: [0x00007b0f9d000000-0x00007b0f9dc97000-0x00007b0f9dc97000), size 13201408, SharedBaseAddress: 0x00007b0f9d000000, ArchiveRelocationMode: 1.
[0.017s][info][gc,metaspace] Compressed class space mapped at: 0x00007b0f9e000000-0x00007b0fde000000, reserved size: 1073741824
[0.017s][info][gc,metaspace] Narrow klass base: 0x00007b0f9d000000, Narrow klass shift: 0, Narrow klass range: 0x100000000
[0.305s][info][safepoint   ] Safepoint "ICBufferFull", Time since last: 281656634 ns, Reaching safepoint: 76805 ns, Cleanup: 110306 ns, At safepoint: 8900 ns, Total: 196011 ns
[0.442s][info][safepoint   ] Safepoint "RedefineClasses", Time since last: 129877377 ns, Reaching safepoint: 85304 ns, Cleanup: 105804 ns, At safepoint: 6304147 ns, Total: 6495255 ns
[0.554s][info][safepoint   ] Safepoint "JFRCheckpoint", Time since last: 111773486 ns, Reaching safepoint: 81903 ns, Cleanup: 52802 ns, At safepoint: 8901 ns, Total: 143606 ns
[1.197s][info][safepoint   ] Safepoint "ICBufferFull", Time since last: 643610252 ns, Reaching safepoint: 4200 ns, Cleanup: 122805 ns, At safepoint: 2500 ns, Total: 129505 ns
[1.748s][info][safepoint   ] Safepoint "ICBufferFull", Time since last: 550256590 ns, Reaching safepoint: 4201 ns, Cleanup: 147605 ns, At safepoint: 2700 ns, Total: 154506 ns
[1.984s][info][gc,start    ] GC(0) Pause Young (Metadata GC Threshold)
[2.007s][debug][gc,phases   ] GC(0) Scavenge 22.260ms
[2.007s][debug][gc,ref      ] GC(0) ReferenceProcessor::execute queues: 2, RefProcThreadModel::Multi, marks_oops_alive: false
[2.007s][debug][gc,ref      ] GC(0) ReferenceProcessor::execute queues: 4, RefProcThreadModel::Multi, marks_oops_alive: true
[2.007s][debug][gc,ref      ] GC(0) ReferenceProcessor::execute queues: 1, RefProcThreadModel::Single, marks_oops_alive: false
[2.008s][debug][gc,phases   ] GC(0) Reference Processing 0.424ms
[2.008s][debug][gc,phases   ] GC(0)   VM Weak                        Min:  0.0, Avg:  0.0, Max:  0.0, Diff:  0.0, Sum:  0.0, Workers: 4
[2.008s][debug][gc,phases   ] GC(0)     Dead                           Min: 0, Avg:  0.0, Max: 0, Diff: 0, Sum: 0, Workers: 4
[2.008s][debug][gc,phases   ] GC(0)     Total                          Min: 0, Avg: 59.8, Max: 192, Diff: 192, Sum: 239, Workers: 4
[2.008s][debug][gc,phases   ] GC(0)   ObjectSynchronizer Weak        Min:  0.0, Avg:  0.0, Max:  0.0, Diff:  0.0, Sum:  0.0, Workers: 4
[2.008s][debug][gc,phases   ] GC(0)     Dead                           Min: 0, Avg:  1.5, Max: 6, Diff: 6, Sum: 6, Workers: 4
[2.008s][debug][gc,phases   ] GC(0)     Total                          Min: 0, Avg:  3.5, Max: 14, Diff: 14, Sum: 14, Workers: 4
[2.008s][debug][gc,phases   ] GC(0)   JVMTI Tag Weak OopStorage      Min:  0.0, Avg:  0.0, Max:  0.0, Diff:  0.0, Sum:  0.0, Workers: 4
[2.008s][debug][gc,phases   ] GC(0)     Dead                           Min: 0, Avg:  0.0, Max: 0, Diff: 0, Sum: 0, Workers: 4
[2.008s][debug][gc,phases   ] GC(0)     Total                          Min: 0, Avg:  0.0, Max: 0, Diff: 0, Sum: 0, Workers: 4
[2.008s][debug][gc,phases   ] GC(0)   StringTable Weak               Min:  0.0, Avg:  0.1, Max:  0.1, Diff:  0.1, Sum:  0.3, Workers: 4
[2.008s][debug][gc,phases   ] GC(0)     Dead                           Min: 0, Avg:  7.8, Max: 24, Diff: 24, Sum: 31, Workers: 4
[2.008s][debug][gc,phases   ] GC(0)     Total                          Min: 0, Avg: 1993.2, Max: 4288, Diff: 4288, Sum: 7973, Workers: 4
[2.008s][debug][gc,phases   ] GC(0)   ResolvedMethodTable Weak       Min:  0.0, Avg:  0.0, Max:  0.0, Diff:  0.0, Sum:  0.1, Workers: 4
[2.008s][debug][gc,phases   ] GC(0)     Dead                           Min: 0, Avg: 95.8, Max: 220, Diff: 220, Sum: 383, Workers: 4
[2.008s][debug][gc,phases   ] GC(0)     Total                          Min: 0, Avg: 468.2, Max: 960, Diff: 960, Sum: 1873, Workers: 4
[2.008s][debug][gc,phases   ] GC(0)   JNI Weak                       Min:  0.0, Avg:  0.0, Max:  0.0, Diff:  0.0, Sum:  0.0, Workers: 4
[2.008s][debug][gc,phases   ] GC(0)     Dead                           Min: 0, Avg:  0.0, Max: 0, Diff: 0, Sum: 0, Workers: 4
[2.008s][debug][gc,phases   ] GC(0)     Total                          Min: 0, Avg: 12.0, Max: 48, Diff: 48, Sum: 48, Workers: 4
[2.008s][debug][gc,phases   ] GC(0)   StringDedup Table Weak         Min:  0.0, Avg:  0.0, Max:  0.0, Diff:  0.0, Sum:  0.0, Workers: 4
[2.008s][debug][gc,phases   ] GC(0)     Dead                           Min: 0, Avg:  0.0, Max: 0, Diff: 0, Sum: 0, Workers: 4
[2.008s][debug][gc,phases   ] GC(0)     Total                          Min: 0, Avg:  0.0, Max: 0, Diff: 0, Sum: 0, Workers: 4
[2.008s][debug][gc,phases   ] GC(0)   StringDedup Requests0 Weak     Min:  0.0, Avg:  0.0, Max:  0.0, Diff:  0.0, Sum:  0.0, Workers: 4
[2.008s][debug][gc,phases   ] GC(0)     Dead                           Min: 0, Avg:  0.0, Max: 0, Diff: 0, Sum: 0, Workers: 4
[2.008s][debug][gc,phases   ] GC(0)     Total                          Min: 0, Avg:  0.0, Max: 0, Diff: 0, Sum: 0, Workers: 4
[2.008s][debug][gc,phases   ] GC(0)   StringDedup Requests1 Weak     Min:  0.0, Avg:  0.0, Max:  0.0, Diff:  0.0, Sum:  0.0, Workers: 4
[2.008s][debug][gc,phases   ] GC(0)     Dead                           Min: 0, Avg:  0.0, Max: 0, Diff: 0, Sum: 0, Workers: 4
[2.008s][debug][gc,phases   ] GC(0)     Total                          Min: 0, Avg:  0.0, Max: 0, Diff: 0, Sum: 0, Workers: 4
[2.008s][debug][gc,phases   ] GC(0)   Weak JFR Old Object Samples    Min:  0.0, Avg:  0.0, Max:  0.0, Diff:  0.0, Sum:  0.0, Workers: 4
[2.008s][debug][gc,phases   ] GC(0)     Dead                           Min: 0, Avg:  0.0, Max: 0, Diff: 0, Sum: 0, Workers: 4
[2.008s][debug][gc,phases   ] GC(0)     Total                          Min: 0, Avg:  0.0, Max: 0, Diff: 0, Sum: 0, Workers: 4
[2.008s][debug][gc,phases   ] GC(0) Weak Processing 0.382ms
[2.008s][debug][gc,age      ] GC(0) Desired survivor size 536870912 bytes, new threshold 7 (max threshold 15)
[2.008s][info ][gc,heap     ] GC(0) PSYoungGen: 372084K(1572864K)->37810K(1572864K) Eden: 372084K(1048576K)->0K(1048576K) From: 0K(524288K)->37810K(524288K)
[2.008s][info ][gc,heap     ] GC(0) ParOldGen: 1073K(6144K)->1153K(6144K)
[2.008s][info ][gc,metaspace] GC(0) Metaspace: 21106K(21504K)->21106K(21504K) NonClass: 18787K(19008K)->18787K(19008K) Class: 2319K(2496K)->2319K(2496K)
[2.008s][info ][gc          ] GC(0) Pause Young (Metadata GC Threshold) 364M->38M(1542M) 23.577ms
[2.008s][info ][gc,cpu      ] GC(0) User=0.08s Sys=0.01s Real=0.02s
[2.008s][debug][gc,phases   ] GC(1) Pre Compact 0.010ms
[2.008s][info ][gc,start    ] GC(1) Pause Full (Metadata GC Threshold)
[2.008s][info ][gc,phases,start] GC(1) Marking Phase
[2.018s][debug][gc,phases      ] GC(1) Par Mark 9.838ms
[2.018s][debug][gc,ref         ] GC(1) ReferenceProcessor::execute queues: 1, RefProcThreadModel::Single, marks_oops_alive: false
[2.018s][debug][gc,ref         ] GC(1) ReferenceProcessor::execute queues: 4, RefProcThreadModel::Multi, marks_oops_alive: true
[2.018s][debug][gc,ref         ] GC(1) ReferenceProcessor::execute queues: 1, RefProcThreadModel::Single, marks_oops_alive: false
[2.018s][debug][gc,phases      ] GC(1) Reference Processing 0.447ms
[2.018s][debug][gc,phases      ] GC(1)   VM Weak                        Min:  0.0, Avg:  0.0, Max:  0.0, Diff:  0.0, Sum:  0.0, Workers: 4
[2.018s][debug][gc,phases      ] GC(1)     Dead                           Min: 0, Avg:  0.0, Max: 0, Diff: 0, Sum: 0, Workers: 4
[2.019s][debug][gc,phases      ] GC(1)     Total                          Min: 0, Avg: 59.8, Max: 239, Diff: 239, Sum: 239, Workers: 4
[2.019s][debug][gc,phases      ] GC(1)   ObjectSynchronizer Weak        Min:  0.0, Avg:  0.0, Max:  0.0, Diff:  0.0, Sum:  0.0, Workers: 4
[2.019s][debug][gc,phases      ] GC(1)     Dead                           Min: 0, Avg:  0.0, Max: 0, Diff: 0, Sum: 0, Workers: 4
[2.019s][debug][gc,phases      ] GC(1)     Total                          Min: 0, Avg:  3.5, Max: 14, Diff: 14, Sum: 14, Workers: 4
[2.019s][debug][gc,phases      ] GC(1)   JVMTI Tag Weak OopStorage      Min:  0.0, Avg:  0.0, Max:  0.0, Diff:  0.0, Sum:  0.0, Workers: 4
[2.019s][debug][gc,phases      ] GC(1)     Dead                           Min: 0, Avg:  0.0, Max: 0, Diff: 0, Sum: 0, Workers: 4
[2.019s][debug][gc,phases      ] GC(1)     Total                          Min: 0, Avg:  0.0, Max: 0, Diff: 0, Sum: 0, Workers: 4
[2.019s][debug][gc,phases      ] GC(1)   StringTable Weak               Min:  0.0, Avg:  0.0, Max:  0.1, Diff:  0.1, Sum:  0.1, Workers: 4
[2.019s][debug][gc,phases      ] GC(1)     Dead                           Min: 0, Avg:  0.0, Max: 0, Diff: 0, Sum: 0, Workers: 4
[2.019s][debug][gc,phases      ] GC(1)     Total                          Min: 0, Avg: 1993.2, Max: 4160, Diff: 4160, Sum: 7973, Workers: 4
[2.019s][debug][gc,phases      ] GC(1)   ResolvedMethodTable Weak       Min:  0.0, Avg:  0.0, Max:  0.0, Diff:  0.0, Sum:  0.0, Workers: 4
[2.019s][debug][gc,phases      ] GC(1)     Dead                           Min: 0, Avg:  0.0, Max: 0, Diff: 0, Sum: 0, Workers: 4
[2.019s][debug][gc,phases      ] GC(1)     Total                          Min: 0, Avg: 468.2, Max: 704, Diff: 704, Sum: 1873, Workers: 4
[2.019s][debug][gc,phases      ] GC(1)   JNI Weak                       Min:  0.0, Avg:  0.0, Max:  0.0, Diff:  0.0, Sum:  0.0, Workers: 4
[2.019s][debug][gc,phases      ] GC(1)     Dead                           Min: 0, Avg:  0.0, Max: 0, Diff: 0, Sum: 0, Workers: 4
[2.019s][debug][gc,phases      ] GC(1)     Total                          Min: 0, Avg: 12.0, Max: 48, Diff: 48, Sum: 48, Workers: 4
[2.019s][debug][gc,phases      ] GC(1)   StringDedup Table Weak         Min:  0.0, Avg:  0.0, Max:  0.0, Diff:  0.0, Sum:  0.0, Workers: 4
[2.019s][debug][gc,phases      ] GC(1)     Dead                           Min: 0, Avg:  0.0, Max: 0, Diff: 0, Sum: 0, Workers: 4
[2.019s][debug][gc,phases      ] GC(1)     Total                          Min: 0, Avg:  0.0, Max: 0, Diff: 0, Sum: 0, Workers: 4
[2.019s][debug][gc,phases      ] GC(1)   StringDedup Requests0 Weak     Min:  0.0, Avg:  0.0, Max:  0.0, Diff:  0.0, Sum:  0.0, Workers: 4
[2.019s][debug][gc,phases      ] GC(1)     Dead                           Min: 0, Avg:  0.0, Max: 0, Diff: 0, Sum: 0, Workers: 4
[2.019s][debug][gc,phases      ] GC(1)     Total                          Min: 0, Avg:  0.0, Max: 0, Diff: 0, Sum: 0, Workers: 4
[2.019s][debug][gc,phases      ] GC(1)   StringDedup Requests1 Weak     Min:  0.0, Avg:  0.0, Max:  0.0, Diff:  0.0, Sum:  0.0, Workers: 4
[2.019s][debug][gc,phases      ] GC(1)     Dead                           Min: 0, Avg:  0.0, Max: 0, Diff: 0, Sum: 0, Workers: 4
[2.019s][debug][gc,phases      ] GC(1)     Total                          Min: 0, Avg:  0.0, Max: 0, Diff: 0, Sum: 0, Workers: 4
[2.019s][debug][gc,phases      ] GC(1)   Weak JFR Old Object Samples    Min:  0.0, Avg:  0.0, Max:  0.0, Diff:  0.0, Sum:  0.0, Workers: 4
[2.019s][debug][gc,phases      ] GC(1)     Dead                           Min: 0, Avg:  0.0, Max: 0, Diff: 0, Sum: 0, Workers: 4
[2.019s][debug][gc,phases      ] GC(1)     Total                          Min: 0, Avg:  0.0, Max: 0, Diff: 0, Sum: 0, Workers: 4
[2.019s][debug][gc,phases      ] GC(1) Weak Processing 0.306ms
[2.019s][debug][gc,phases      ] GC(1) ClassLoaderData 0.035ms
[2.019s][debug][gc,phases      ] GC(1) Trigger cleanups 0.000ms
[2.026s][debug][gc,phases      ] GC(1) Purge Unlinked NMethods 0.003ms
[2.026s][debug][gc,phases      ] GC(1) Unregister NMethods 0.018ms
[2.026s][debug][gc,phases      ] GC(1) Free Code Blobs 0.001ms
[2.026s][debug][gc,phases      ] GC(1) Class Unloading 7.126ms
[2.026s][debug][gc,phases      ] GC(1) Report Object Count 0.003ms
[2.026s][info ][gc,phases      ] GC(1) Marking Phase 17.790ms
[2.026s][info ][gc,phases,start] GC(1) Summary Phase
[2.026s][info ][gc,phases      ] GC(1) Summary Phase 0.007ms
[2.026s][info ][gc,phases,start] GC(1) Adjust Roots
[2.031s][info ][gc,phases      ] GC(1) Adjust Roots 5.447ms
[2.031s][info ][gc,phases,start] GC(1) Compaction Phase
[2.053s][info ][gc,phases      ] GC(1) Compaction Phase 21.440ms
[2.053s][info ][gc,phases,start] GC(1) Post Compact
[2.054s][debug][gc,phases      ] GC(1) Purge Class Loader Data 0.996ms
[2.055s][info ][gc,phases      ] GC(1) Post Compact 1.886ms
[2.055s][info ][gc,heap        ] GC(1) PSYoungGen: 37810K(1572864K)->32710K(1572864K) Eden: 0K(1048576K)->0K(1048576K) From: 37810K(524288K)->32710K(524288K)
[2.055s][info ][gc,heap        ] GC(1) ParOldGen: 1153K(6144K)->5914K(6144K)
[2.055s][info ][gc,metaspace   ] GC(1) Metaspace: 21106K(21504K)->21106K(21504K) NonClass: 18787K(19008K)->18787K(19008K) Class: 2319K(2496K)->2319K(2496K)
[2.055s][info ][gc             ] GC(1) Pause Full (Metadata GC Threshold) 38M->37M(1542M) 46.728ms
[2.055s][info ][gc,cpu         ] GC(1) User=0.13s Sys=0.01s Real=0.05s
[2.055s][info ][safepoint      ] Safepoint "CollectForMetadataAllocation", Time since last: 236525081 ns, Reaching safepoint: 3500 ns, Cleanup: 82403 ns, At safepoint: 70441264 ns, Total: 70527167 ns
[2.444s][info ][safepoint      ] Safepoint "ICBufferFull", Time since last: 389357577 ns, Reaching safepoint: 77903 ns, Cleanup: 113604 ns, At safepoint: 5601 ns, Total: 197108 ns
[2.687s][info ][safepoint      ] Safepoint "ICBufferFull", Time since last: 242691922 ns, Reaching safepoint: 6000 ns, Cleanup: 135005 ns, At safepoint: 7201 ns, Total: 148206 ns
[2.800s][info ][safepoint      ] Safepoint "ICBufferFull", Time since last: 112793225 ns, Reaching safepoint: 86504 ns, Cleanup: 102804 ns, At safepoint: 9300 ns, Total: 198608 ns
[2.931s][info ][safepoint      ] Safepoint "ICBufferFull", Time since last: 130717381 ns, Reaching safepoint: 4501 ns, Cleanup: 171609 ns, At safepoint: 7700 ns, Total: 183810 ns
[3.269s][info ][safepoint      ] Safepoint "ICBufferFull", Time since last: 337745057 ns, Reaching safepoint: 4300 ns, Cleanup: 147708 ns, At safepoint: 6300 ns, Total: 158308 ns
[3.426s][info ][gc,start       ] GC(2) Pause Young (Metadata GC Threshold)
[3.460s][debug][gc,phases      ] GC(2) Scavenge 34.734ms
[3.461s][debug][gc,ref         ] GC(2) ReferenceProcessor::execute queues: 4, RefProcThreadModel::Multi, marks_oops_alive: false
[3.461s][debug][gc,ref         ] GC(2) ReferenceProcessor::execute queues: 4, RefProcThreadModel::Multi, marks_oops_alive: true
[3.461s][debug][gc,ref         ] GC(2) ReferenceProcessor::execute queues: 2, RefProcThreadModel::Multi, marks_oops_alive: false
[3.461s][debug][gc,phases      ] GC(2) Reference Processing 0.748ms
[3.462s][debug][gc,phases      ] GC(2)   VM Weak                        Min:  0.0, Avg:  0.0, Max:  0.0, Diff:  0.0, Sum:  0.0, Workers: 4
[3.462s][debug][gc,phases      ] GC(2)     Dead                           Min: 0, Avg:  0.0, Max: 0, Diff: 0, Sum: 0, Workers: 4
[3.462s][debug][gc,phases      ] GC(2)     Total                          Min: 0, Avg: 72.2, Max: 256, Diff: 256, Sum: 289, Workers: 4
[3.462s][debug][gc,phases      ] GC(2)   ObjectSynchronizer Weak        Min:  0.0, Avg:  0.0, Max:  0.0, Diff:  0.0, Sum:  0.0, Workers: 4
[3.462s][debug][gc,phases      ] GC(2)     Dead                           Min: 0, Avg:  0.0, Max: 0, Diff: 0, Sum: 0, Workers: 4
[3.462s][debug][gc,phases      ] GC(2)     Total                          Min: 0, Avg:  3.5, Max: 14, Diff: 14, Sum: 14, Workers: 4
[3.462s][debug][gc,phases      ] GC(2)   JVMTI Tag Weak OopStorage      Min:  0.0, Avg:  0.0, Max:  0.0, Diff:  0.0, Sum:  0.0, Workers: 4
[3.462s][debug][gc,phases      ] GC(2)     Dead                           Min: 0, Avg:  0.0, Max: 0, Diff: 0, Sum: 0, Workers: 4
[3.462s][debug][gc,phases      ] GC(2)     Total                          Min: 0, Avg:  0.0, Max: 0, Diff: 0, Sum: 0, Workers: 4
[3.462s][debug][gc,phases      ] GC(2)   StringTable Weak               Min:  0.1, Avg:  0.1, Max:  0.1, Diff:  0.0, Sum:  0.6, Workers: 4
[3.462s][debug][gc,phases      ] GC(2)     Dead                           Min: 1, Avg:  2.8, Max: 5, Diff: 4, Sum: 11, Workers: 4
[3.462s][debug][gc,phases      ] GC(2)     Total                          Min: 3439, Avg: 3675.8, Max: 3840, Diff: 401, Sum: 14703, Workers: 4
[3.462s][debug][gc,phases      ] GC(2)   ResolvedMethodTable Weak       Min:  0.1, Avg:  0.1, Max:  0.1, Diff:  0.0, Sum:  0.2, Workers: 4
[3.462s][debug][gc,phases      ] GC(2)     Dead                           Min: 364, Avg: 439.2, Max: 570, Diff: 206, Sum: 1757, Workers: 4
[3.462s][debug][gc,phases      ] GC(2)     Total                          Min: 1088, Avg: 1197.5, Max: 1280, Diff: 192, Sum: 4790, Workers: 4
[3.462s][debug][gc,phases      ] GC(2)   JNI Weak                       Min:  0.0, Avg:  0.0, Max:  0.0, Diff:  0.0, Sum:  0.0, Workers: 4
[3.462s][debug][gc,phases      ] GC(2)     Dead                           Min: 0, Avg:  0.0, Max: 0, Diff: 0, Sum: 0, Workers: 4
[3.462s][debug][gc,phases      ] GC(2)     Total                          Min: 0, Avg: 12.2, Max: 48, Diff: 48, Sum: 49, Workers: 4
[3.462s][debug][gc,phases      ] GC(2)   StringDedup Table Weak         Min:  0.0, Avg:  0.0, Max:  0.0, Diff:  0.0, Sum:  0.0, Workers: 4
[3.462s][debug][gc,phases      ] GC(2)     Dead                           Min: 0, Avg:  0.0, Max: 0, Diff: 0, Sum: 0, Workers: 4
[3.462s][debug][gc,phases      ] GC(2)     Total                          Min: 0, Avg:  0.0, Max: 0, Diff: 0, Sum: 0, Workers: 4
[3.462s][debug][gc,phases      ] GC(2)   StringDedup Requests0 Weak     Min:  0.0, Avg:  0.0, Max:  0.0, Diff:  0.0, Sum:  0.0, Workers: 4
[3.462s][debug][gc,phases      ] GC(2)     Dead                           Min: 0, Avg:  0.0, Max: 0, Diff: 0, Sum: 0, Workers: 4
[3.462s][debug][gc,phases      ] GC(2)     Total                          Min: 0, Avg:  0.0, Max: 0, Diff: 0, Sum: 0, Workers: 4
[3.462s][debug][gc,phases      ] GC(2)   StringDedup Requests1 Weak     Min:  0.0, Avg:  0.0, Max:  0.0, Diff:  0.0, Sum:  0.0, Workers: 4
[3.462s][debug][gc,phases      ] GC(2)     Dead                           Min: 0, Avg:  0.0, Max: 0, Diff: 0, Sum: 0, Workers: 4
[3.462s][debug][gc,phases      ] GC(2)     Total                          Min: 0, Avg:  0.0, Max: 0, Diff: 0, Sum: 0, Workers: 4
[3.462s][debug][gc,phases      ] GC(2)   Weak JFR Old Object Samples    Min:  0.0, Avg:  0.0, Max:  0.0, Diff:  0.0, Sum:  0.0, Workers: 4
[3.462s][debug][gc,phases      ] GC(2)     Dead                           Min: 0, Avg:  0.0, Max: 0, Diff: 0, Sum: 0, Workers: 4
[3.462s][debug][gc,phases      ] GC(2)     Total                          Min: 0, Avg:  0.0, Max: 0, Diff: 0, Sum: 0, Workers: 4
[3.462s][debug][gc,phases      ] GC(2) Weak Processing 0.395ms
[3.462s][debug][gc,age         ] GC(2) Desired survivor size 536870912 bytes, new threshold 7 (max threshold 15)
[3.462s][info ][gc,heap        ] GC(2) PSYoungGen: 557120K(1572864K)->55564K(1572864K) Eden: 524409K(1048576K)->0K(1048576K) From: 32710K(524288K)->55564K(524288K)
[3.462s][info ][gc,heap        ] GC(2) ParOldGen: 5914K(6144K)->5930K(6144K)
[3.462s][info ][gc,metaspace   ] GC(2) Metaspace: 35428K(35840K)->35428K(35840K) NonClass: 30890K(31104K)->30890K(31104K) Class: 4537K(4736K)->4537K(4736K)
[3.462s][info ][gc             ] GC(2) Pause Young (Metadata GC Threshold) 549M->60M(1542M) 36.029ms
[3.462s][info ][gc,cpu         ] GC(2) User=0.09s Sys=0.03s Real=0.03s
[3.462s][debug][gc,phases      ] GC(3) Pre Compact 0.009ms
[3.462s][info ][gc,start       ] GC(3) Pause Full (Metadata GC Threshold)
[3.462s][info ][gc,phases,start] GC(3) Marking Phase
[3.486s][debug][gc,phases      ] GC(3) Par Mark 23.913ms
[3.486s][debug][gc,ref         ] GC(3) ReferenceProcessor::execute queues: 4, RefProcThreadModel::Multi, marks_oops_alive: false
[3.486s][debug][gc,ref         ] GC(3) ReferenceProcessor::execute queues: 4, RefProcThreadModel::Multi, marks_oops_alive: true
[3.486s][debug][gc,ref         ] GC(3) ReferenceProcessor::execute queues: 1, RefProcThreadModel::Single, marks_oops_alive: false
[3.486s][debug][gc,phases      ] GC(3) Reference Processing 0.407ms
[3.486s][debug][gc,phases      ] GC(3)   VM Weak                        Min:  0.0, Avg:  0.0, Max:  0.0, Diff:  0.0, Sum:  0.0, Workers: 4
[3.486s][debug][gc,phases      ] GC(3)     Dead                           Min: 0, Avg:  0.0, Max: 0, Diff: 0, Sum: 0, Workers: 4
[3.486s][debug][gc,phases      ] GC(3)     Total                          Min: 0, Avg: 72.2, Max: 225, Diff: 225, Sum: 289, Workers: 4
[3.486s][debug][gc,phases      ] GC(3)   ObjectSynchronizer Weak        Min:  0.0, Avg:  0.0, Max:  0.0, Diff:  0.0, Sum:  0.0, Workers: 4
[3.486s][debug][gc,phases      ] GC(3)     Dead                           Min: 0, Avg:  0.0, Max: 0, Diff: 0, Sum: 0, Workers: 4
[3.486s][debug][gc,phases      ] GC(3)     Total                          Min: 0, Avg:  3.5, Max: 14, Diff: 14, Sum: 14, Workers: 4
[3.486s][debug][gc,phases      ] GC(3)   JVMTI Tag Weak OopStorage      Min:  0.0, Avg:  0.0, Max:  0.0, Diff:  0.0, Sum:  0.0, Workers: 4
[3.486s][debug][gc,phases      ] GC(3)     Dead                           Min: 0, Avg:  0.0, Max: 0, Diff: 0, Sum: 0, Workers: 4
[3.486s][debug][gc,phases      ] GC(3)     Total                          Min: 0, Avg:  0.0, Max: 0, Diff: 0, Sum: 0, Workers: 4
[3.486s][debug][gc,phases      ] GC(3)   StringTable Weak               Min:  0.0, Avg:  0.1, Max:  0.1, Diff:  0.1, Sum:  0.2, Workers: 4
[3.486s][debug][gc,phases      ] GC(3)     Dead                           Min: 0, Avg:  0.0, Max: 0, Diff: 0, Sum: 0, Workers: 4
[3.486s][debug][gc,phases      ] GC(3)     Total                          Min: 0, Avg: 3675.8, Max: 5312, Diff: 5312, Sum: 14703, Workers: 4
[3.486s][debug][gc,phases      ] GC(3)   ResolvedMethodTable Weak       Min:  0.0, Avg:  0.0, Max:  0.0, Diff:  0.0, Sum:  0.1, Workers: 4
[3.486s][debug][gc,phases      ] GC(3)     Dead                           Min: 0, Avg:  0.0, Max: 0, Diff: 0, Sum: 0, Workers: 4
[3.486s][debug][gc,phases      ] GC(3)     Total                          Min: 0, Avg: 1197.5, Max: 1664, Diff: 1664, Sum: 4790, Workers: 4
[3.486s][debug][gc,phases      ] GC(3)   JNI Weak                       Min:  0.0, Avg:  0.0, Max:  0.0, Diff:  0.0, Sum:  0.0, Workers: 4
[3.486s][debug][gc,phases      ] GC(3)     Dead                           Min: 0, Avg:  0.0, Max: 0, Diff: 0, Sum: 0, Workers: 4
[3.486s][debug][gc,phases      ] GC(3)     Total                          Min: 0, Avg: 12.2, Max: 48, Diff: 48, Sum: 49, Workers: 4
[3.486s][debug][gc,phases      ] GC(3)   StringDedup Table Weak         Min:  0.0, Avg:  0.0, Max:  0.0, Diff:  0.0, Sum:  0.0, Workers: 4
[3.486s][debug][gc,phases      ] GC(3)     Dead                           Min: 0, Avg:  0.0, Max: 0, Diff: 0, Sum: 0, Workers: 4
[3.486s][debug][gc,phases      ] GC(3)     Total                          Min: 0, Avg:  0.0, Max: 0, Diff: 0, Sum: 0, Workers: 4
[3.486s][debug][gc,phases      ] GC(3)   StringDedup Requests0 Weak     Min:  0.0, Avg:  0.0, Max:  0.0, Diff:  0.0, Sum:  0.0, Workers: 4
[3.486s][debug][gc,phases      ] GC(3)     Dead                           Min: 0, Avg:  0.0, Max: 0, Diff: 0, Sum: 0, Workers: 4
[3.486s][debug][gc,phases      ] GC(3)     Total                          Min: 0, Avg:  0.0, Max: 0, Diff: 0, Sum: 0, Workers: 4
[3.486s][debug][gc,phases      ] GC(3)   StringDedup Requests1 Weak     Min:  0.0, Avg:  0.0, Max:  0.0, Diff:  0.0, Sum:  0.0, Workers: 4
[3.486s][debug][gc,phases      ] GC(3)     Dead                           Min: 0, Avg:  0.0, Max: 0, Diff: 0, Sum: 0, Workers: 4
[3.486s][debug][gc,phases      ] GC(3)     Total                          Min: 0, Avg:  0.0, Max: 0, Diff: 0, Sum: 0, Workers: 4
[3.486s][debug][gc,phases      ] GC(3)   Weak JFR Old Object Samples    Min:  0.0, Avg:  0.0, Max:  0.0, Diff:  0.0, Sum:  0.0, Workers: 4
[3.486s][debug][gc,phases      ] GC(3)     Dead                           Min: 0, Avg:  0.0, Max: 0, Diff: 0, Sum: 0, Workers: 4
[3.486s][debug][gc,phases      ] GC(3)     Total                          Min: 0, Avg:  0.0, Max: 0, Diff: 0, Sum: 0, Workers: 4
[3.486s][debug][gc,phases      ] GC(3) Weak Processing 0.275ms
[3.487s][debug][gc,phases      ] GC(3) ClassLoaderData 0.180ms
[3.487s][debug][gc,phases      ] GC(3) Trigger cleanups 0.000ms
[3.495s][debug][gc,phases      ] GC(3) Purge Unlinked NMethods 0.554ms
[3.495s][debug][gc,phases      ] GC(3) Unregister NMethods 0.026ms
[3.495s][debug][gc,phases      ] GC(3) Free Code Blobs 0.129ms
[3.495s][debug][gc,phases      ] GC(3) Class Unloading 9.065ms
[3.495s][debug][gc,phases      ] GC(3) Report Object Count 0.001ms
[3.495s][info ][gc,phases      ] GC(3) Marking Phase 33.732ms
[3.495s][info ][gc,phases,start] GC(3) Summary Phase
[3.495s][info ][gc,phases      ] GC(3) Summary Phase 0.007ms
[3.496s][info ][gc,phases,start] GC(3) Adjust Roots
[3.500s][info ][gc,phases      ] GC(3) Adjust Roots 4.170ms
[3.500s][info ][gc,phases,start] GC(3) Compaction Phase
[3.693s][info ][gc,phases      ] GC(3) Compaction Phase 193.011ms
[3.693s][info ][gc,phases,start] GC(3) Post Compact
[3.695s][debug][gc,phases      ] GC(3) Purge Class Loader Data 1.502ms
[3.695s][info ][gc,phases      ] GC(3) Post Compact 2.592ms
[3.695s][info ][gc,heap        ] GC(3) PSYoungGen: 55564K(1572864K)->55380K(1572864K) Eden: 0K(1048576K)->0K(1048576K) From: 55564K(524288K)->55380K(524288K)
[3.695s][info ][gc,heap        ] GC(3) ParOldGen: 5930K(6144K)->5896K(6144K)
[3.695s][info ][gc,metaspace   ] GC(3) Metaspace: 35428K(35840K)->35428K(35840K) NonClass: 30890K(31104K)->30890K(31104K) Class: 4537K(4736K)->4537K(4736K)
[3.695s][info ][gc             ] GC(3) Pause Full (Metadata GC Threshold) 60M->59M(1542M) 233.613ms
[3.695s][info ][gc,cpu         ] GC(3) User=0.49s Sys=0.01s Real=0.24s
[3.695s][info ][safepoint      ] Safepoint "CollectForMetadataAllocation", Time since last: 156607880 ns, Reaching safepoint: 4700 ns, Cleanup: 67804 ns, At safepoint: 269779563 ns, Total: 269852067 ns
[3.854s][info ][safepoint      ] Safepoint "ICBufferFull", Time since last: 157970352 ns, Reaching safepoint: 3100 ns, Cleanup: 156009 ns, At safepoint: 8400 ns, Total: 167509 ns
[3.969s][info ][safepoint      ] Safepoint "ICBufferFull", Time since last: 115771521 ns, Reaching safepoint: 4600 ns, Cleanup: 131207 ns, At safepoint: 7600 ns, Total: 143407 ns
[4.114s][info ][safepoint      ] Safepoint "ICBufferFull", Time since last: 144103819 ns, Reaching safepoint: 78304 ns, Cleanup: 137308 ns, At safepoint: 8600 ns, Total: 224212 ns
[4.617s][info ][safepoint      ] Safepoint "ICBufferFull", Time since last: 503421716 ns, Reaching safepoint: 3900 ns, Cleanup: 151108 ns, At safepoint: 3101 ns, Total: 158109 ns
[4.800s][info ][safepoint      ] Safepoint "ICBufferFull", Time since last: 182329839 ns, Reaching safepoint: 78605 ns, Cleanup: 121906 ns, At safepoint: 7300 ns, Total: 207811 ns
[4.936s][info ][safepoint      ] Safepoint "ICBufferFull", Time since last: 136019592 ns, Reaching safepoint: 4900 ns, Cleanup: 175509 ns, At safepoint: 3401 ns, Total: 183810 ns
[5.254s][info ][safepoint      ] Safepoint "ICBufferFull", Time since last: 317585090 ns, Reaching safepoint: 4601 ns, Cleanup: 135707 ns, At safepoint: 5100 ns, Total: 145408 ns
[5.759s][info ][safepoint      ] Safepoint "ICBufferFull", Time since last: 504624580 ns, Reaching safepoint: 4200 ns, Cleanup: 155408 ns, At safepoint: 2500 ns, Total: 162108 ns
[6.022s][info ][gc,start       ] GC(4) Pause Young (Metadata GC Threshold)
[6.066s][debug][gc,phases      ] GC(4) Scavenge 43.612ms
[6.066s][debug][gc,ref         ] GC(4) ReferenceProcessor::execute queues: 4, RefProcThreadModel::Multi, marks_oops_alive: false
[6.067s][debug][gc,ref         ] GC(4) ReferenceProcessor::execute queues: 4, RefProcThreadModel::Multi, marks_oops_alive: true
[6.067s][debug][gc,ref         ] GC(4) ReferenceProcessor::execute queues: 4, RefProcThreadModel::Multi, marks_oops_alive: false
[6.067s][debug][gc,phases      ] GC(4) Reference Processing 1.173ms
[6.068s][debug][gc,phases      ] GC(4)   VM Weak                        Min:  0.0, Avg:  0.0, Max:  0.0, Diff:  0.0, Sum:  0.0, Workers: 4
[6.068s][debug][gc,phases      ] GC(4)     Dead                           Min: 0, Avg:  0.0, Max: 0, Diff: 0, Sum: 0, Workers: 4
[6.068s][debug][gc,phases      ] GC(4)     Total                          Min: 0, Avg: 115.8, Max: 271, Diff: 271, Sum: 463, Workers: 4
[6.068s][debug][gc,phases      ] GC(4)   ObjectSynchronizer Weak        Min:  0.0, Avg:  0.0, Max:  0.0, Diff:  0.0, Sum:  0.0, Workers: 4
[6.068s][debug][gc,phases      ] GC(4)     Dead                           Min: 0, Avg:  0.0, Max: 0, Diff: 0, Sum: 0, Workers: 4
[6.068s][debug][gc,phases      ] GC(4)     Total                          Min: 0, Avg:  3.8, Max: 15, Diff: 15, Sum: 15, Workers: 4
[6.068s][debug][gc,phases      ] GC(4)   JVMTI Tag Weak OopStorage      Min:  0.0, Avg:  0.0, Max:  0.0, Diff:  0.0, Sum:  0.0, Workers: 4
[6.068s][debug][gc,phases      ] GC(4)     Dead                           Min: 0, Avg:  0.0, Max: 0, Diff: 0, Sum: 0, Workers: 4
[6.068s][debug][gc,phases      ] GC(4)     Total                          Min: 0, Avg:  0.0, Max: 0, Diff: 0, Sum: 0, Workers: 4
[6.068s][debug][gc,phases      ] GC(4)   StringTable Weak               Min:  0.3, Avg:  0.3, Max:  0.3, Diff:  0.0, Sum:  1.1, Workers: 4
[6.068s][debug][gc,phases      ] GC(4)     Dead                           Min: 2, Avg:  3.8, Max: 6, Diff: 4, Sum: 15, Workers: 4
[6.068s][debug][gc,phases      ] GC(4)     Total                          Min: 6720, Avg: 6949.2, Max: 7296, Diff: 576, Sum: 27797, Workers: 4
[6.068s][debug][gc,phases      ] GC(4)   ResolvedMethodTable Weak       Min:  0.1, Avg:  0.1, Max:  0.1, Diff:  0.0, Sum:  0.5, Workers: 4
[6.068s][debug][gc,phases      ] GC(4)     Dead                           Min: 790, Avg: 980.2, Max: 1173, Diff: 383, Sum: 3921, Workers: 4
[6.068s][debug][gc,phases      ] GC(4)     Total                          Min: 2812, Avg: 2863.0, Max: 2944, Diff: 132, Sum: 11452, Workers: 4
[6.068s][debug][gc,phases      ] GC(4)   JNI Weak                       Min:  0.0, Avg:  0.0, Max:  0.0, Diff:  0.0, Sum:  0.0, Workers: 4
[6.068s][debug][gc,phases      ] GC(4)     Dead                           Min: 0, Avg:  0.0, Max: 0, Diff: 0, Sum: 0, Workers: 4
[6.068s][debug][gc,phases      ] GC(4)     Total                          Min: 0, Avg: 12.0, Max: 48, Diff: 48, Sum: 48, Workers: 4
[6.068s][debug][gc,phases      ] GC(4)   StringDedup Table Weak         Min:  0.0, Avg:  0.0, Max:  0.0, Diff:  0.0, Sum:  0.0, Workers: 4
[6.068s][debug][gc,phases      ] GC(4)     Dead                           Min: 0, Avg:  0.0, Max: 0, Diff: 0, Sum: 0, Workers: 4
[6.068s][debug][gc,phases      ] GC(4)     Total                          Min: 0, Avg:  0.0, Max: 0, Diff: 0, Sum: 0, Workers: 4
[6.068s][debug][gc,phases      ] GC(4)   StringDedup Requests0 Weak     Min:  0.0, Avg:  0.0, Max:  0.0, Diff:  0.0, Sum:  0.0, Workers: 4
[6.068s][debug][gc,phases      ] GC(4)     Dead                           Min: 0, Avg:  0.0, Max: 0, Diff: 0, Sum: 0, Workers: 4
[6.068s][debug][gc,phases      ] GC(4)     Total                          Min: 0, Avg:  0.0, Max: 0, Diff: 0, Sum: 0, Workers: 4
[6.068s][debug][gc,phases      ] GC(4)   StringDedup Requests1 Weak     Min:  0.0, Avg:  0.0, Max:  0.0, Diff:  0.0, Sum:  0.0, Workers: 4
[6.068s][debug][gc,phases      ] GC(4)     Dead                           Min: 0, Avg:  0.0, Max: 0, Diff: 0, Sum: 0, Workers: 4
[6.068s][debug][gc,phases      ] GC(4)     Total                          Min: 0, Avg:  0.0, Max: 0, Diff: 0, Sum: 0, Workers: 4
[6.068s][debug][gc,phases      ] GC(4)   Weak JFR Old Object Samples    Min:  0.0, Avg:  0.0, Max:  0.0, Diff:  0.0, Sum:  0.0, Workers: 4
[6.068s][debug][gc,phases      ] GC(4)     Dead                           Min: 0, Avg:  0.0, Max: 0, Diff: 0, Sum: 0, Workers: 4
[6.068s][debug][gc,phases      ] GC(4)     Total                          Min: 0, Avg:  0.0, Max: 0, Diff: 0, Sum: 0, Workers: 4
[6.068s][debug][gc,phases      ] GC(4) Weak Processing 0.622ms
[6.068s][debug][gc,age         ] GC(4) Desired survivor size 536870912 bytes, new threshold 7 (max threshold 15)
[6.068s][info ][gc,heap        ] GC(4) PSYoungGen: 440007K(1572864K)->77436K(1572864K) Eden: 384627K(1048576K)->0K(1048576K) From: 55380K(524288K)->77436K(524288K)
[6.068s][info ][gc,heap        ] GC(4) ParOldGen: 5896K(6144K)->5920K(6144K)
[6.068s][info ][gc,metaspace   ] GC(4) Metaspace: 59152K(59776K)->59152K(59776K) NonClass: 49716K(50048K)->49716K(50048K) Class: 9435K(9728K)->9435K(9728K)
[6.068s][info ][gc             ] GC(4) Pause Young (Metadata GC Threshold) 435M->81M(1542M) 45.579ms
[6.068s][info ][gc,cpu         ] GC(4) User=0.14s Sys=0.02s Real=0.05s
[6.068s][debug][gc,phases      ] GC(5) Pre Compact 0.009ms
[6.068s][info ][gc,start       ] GC(5) Pause Full (Metadata GC Threshold)
[6.068s][info ][gc,phases,start] GC(5) Marking Phase
[6.105s][debug][gc,phases      ] GC(5) Par Mark 37.184ms
[6.105s][debug][gc,ref         ] GC(5) ReferenceProcessor::execute queues: 4, RefProcThreadModel::Multi, marks_oops_alive: false
[6.106s][debug][gc,ref         ] GC(5) ReferenceProcessor::execute queues: 4, RefProcThreadModel::Multi, marks_oops_alive: true
[6.106s][debug][gc,ref         ] GC(5) ReferenceProcessor::execute queues: 1, RefProcThreadModel::Single, marks_oops_alive: false
[6.106s][debug][gc,phases      ] GC(5) Reference Processing 0.612ms
[6.106s][debug][gc,phases      ] GC(5)   VM Weak                        Min:  0.0, Avg:  0.0, Max:  0.0, Diff:  0.0, Sum:  0.0, Workers: 4
[6.106s][debug][gc,phases      ] GC(5)     Dead                           Min: 0, Avg:  0.0, Max: 0, Diff: 0, Sum: 0, Workers: 4
[6.106s][debug][gc,phases      ] GC(5)     Total                          Min: 0, Avg: 115.8, Max: 384, Diff: 384, Sum: 463, Workers: 4
[6.106s][debug][gc,phases      ] GC(5)   ObjectSynchronizer Weak        Min:  0.0, Avg:  0.0, Max:  0.0, Diff:  0.0, Sum:  0.0, Workers: 4
[6.106s][debug][gc,phases      ] GC(5)     Dead                           Min: 0, Avg:  0.0, Max: 0, Diff: 0, Sum: 0, Workers: 4
[6.106s][debug][gc,phases      ] GC(5)     Total                          Min: 0, Avg:  3.8, Max: 15, Diff: 15, Sum: 15, Workers: 4
[6.106s][debug][gc,phases      ] GC(5)   JVMTI Tag Weak OopStorage      Min:  0.0, Avg:  0.0, Max:  0.0, Diff:  0.0, Sum:  0.0, Workers: 4
[6.106s][debug][gc,phases      ] GC(5)     Dead                           Min: 0, Avg:  0.0, Max: 0, Diff: 0, Sum: 0, Workers: 4
[6.106s][debug][gc,phases      ] GC(5)     Total                          Min: 0, Avg:  0.0, Max: 0, Diff: 0, Sum: 0, Workers: 4
[6.106s][debug][gc,phases      ] GC(5)   StringTable Weak               Min:  0.1, Avg:  0.1, Max:  0.1, Diff:  0.0, Sum:  0.4, Workers: 4
[6.106s][debug][gc,phases      ] GC(5)     Dead                           Min: 0, Avg:  0.0, Max: 0, Diff: 0, Sum: 0, Workers: 4
[6.106s][debug][gc,phases      ] GC(5)     Total                          Min: 6592, Avg: 6949.2, Max: 7232, Diff: 640, Sum: 27797, Workers: 4
[6.106s][debug][gc,phases      ] GC(5)   ResolvedMethodTable Weak       Min:  0.0, Avg:  0.0, Max:  0.0, Diff:  0.0, Sum:  0.1, Workers: 4
[6.106s][debug][gc,phases      ] GC(5)     Dead                           Min: 0, Avg:  0.0, Max: 0, Diff: 0, Sum: 0, Workers: 4
[6.106s][debug][gc,phases      ] GC(5)     Total                          Min: 2688, Avg: 2863.0, Max: 3200, Diff: 512, Sum: 11452, Workers: 4
[6.106s][debug][gc,phases      ] GC(5)   JNI Weak                       Min:  0.0, Avg:  0.0, Max:  0.0, Diff:  0.0, Sum:  0.0, Workers: 4
[6.106s][debug][gc,phases      ] GC(5)     Dead                           Min: 0, Avg:  0.0, Max: 0, Diff: 0, Sum: 0, Workers: 4
[6.106s][debug][gc,phases      ] GC(5)     Total                          Min: 0, Avg: 12.0, Max: 48, Diff: 48, Sum: 48, Workers: 4
[6.106s][debug][gc,phases      ] GC(5)   StringDedup Table Weak         Min:  0.0, Avg:  0.0, Max:  0.0, Diff:  0.0, Sum:  0.0, Workers: 4
[6.106s][debug][gc,phases      ] GC(5)     Dead                           Min: 0, Avg:  0.0, Max: 0, Diff: 0, Sum: 0, Workers: 4
[6.106s][debug][gc,phases      ] GC(5)     Total                          Min: 0, Avg:  0.0, Max: 0, Diff: 0, Sum: 0, Workers: 4
[6.106s][debug][gc,phases      ] GC(5)   StringDedup Requests0 Weak     Min:  0.0, Avg:  0.0, Max:  0.0, Diff:  0.0, Sum:  0.0, Workers: 4
[6.106s][debug][gc,phases      ] GC(5)     Dead                           Min: 0, Avg:  0.0, Max: 0, Diff: 0, Sum: 0, Workers: 4
[6.106s][debug][gc,phases      ] GC(5)     Total                          Min: 0, Avg:  0.0, Max: 0, Diff: 0, Sum: 0, Workers: 4
[6.106s][debug][gc,phases      ] GC(5)   StringDedup Requests1 Weak     Min:  0.0, Avg:  0.0, Max:  0.0, Diff:  0.0, Sum:  0.0, Workers: 4
[6.106s][debug][gc,phases      ] GC(5)     Dead                           Min: 0, Avg:  0.0, Max: 0, Diff: 0, Sum: 0, Workers: 4
[6.106s][debug][gc,phases      ] GC(5)     Total                          Min: 0, Avg:  0.0, Max: 0, Diff: 0, Sum: 0, Workers: 4
[6.106s][debug][gc,phases      ] GC(5)   Weak JFR Old Object Samples    Min:  0.0, Avg:  0.0, Max:  0.0, Diff:  0.0, Sum:  0.0, Workers: 4
[6.106s][debug][gc,phases      ] GC(5)     Dead                           Min: 0, Avg:  0.0, Max: 0, Diff: 0, Sum: 0, Workers: 4
[6.106s][debug][gc,phases      ] GC(5)     Total                          Min: 0, Avg:  0.0, Max: 0, Diff: 0, Sum: 0, Workers: 4
[6.106s][debug][gc,phases      ] GC(5) Weak Processing 0.342ms
[6.106s][debug][gc,phases      ] GC(5) ClassLoaderData 0.067ms
[6.106s][debug][gc,phases      ] GC(5) Trigger cleanups 0.000ms
[6.116s][debug][gc,phases      ] GC(5) Purge Unlinked NMethods 0.220ms
[6.116s][debug][gc,phases      ] GC(5) Unregister NMethods 0.060ms
[6.116s][debug][gc,phases      ] GC(5) Free Code Blobs 0.049ms
[6.116s][debug][gc,phases      ] GC(5) Class Unloading 9.781ms
[6.116s][debug][gc,phases      ] GC(5) Report Object Count 0.001ms
[6.116s][info ][gc,phases      ] GC(5) Marking Phase 47.990ms
[6.116s][info ][gc,phases,start] GC(5) Summary Phase
[6.116s][info ][gc,phases      ] GC(5) Summary Phase 0.007ms
[6.116s][info ][gc,phases,start] GC(5) Adjust Roots
[6.123s][info ][gc,phases      ] GC(5) Adjust Roots 6.997ms
[6.123s][info ][gc,phases,start] GC(5) Compaction Phase
[6.446s][info ][gc,phases      ] GC(5) Compaction Phase 323.513ms
[6.446s][info ][gc,phases,start] GC(5) Post Compact
[6.447s][debug][gc,phases      ] GC(5) Purge Class Loader Data 0.329ms
[6.449s][info ][gc,phases      ] GC(5) Post Compact 2.018ms
[6.449s][info ][gc,heap        ] GC(5) PSYoungGen: 77436K(1572864K)->77180K(1572864K) Eden: 0K(1048576K)->0K(1048576K) From: 77436K(524288K)->77180K(524288K)
[6.449s][info ][gc,heap        ] GC(5) ParOldGen: 5920K(6144K)->5883K(6144K)
[6.449s][info ][gc,metaspace   ] GC(5) Metaspace: 59152K(59776K)->59152K(59776K) NonClass: 49716K(50048K)->49716K(50048K) Class: 9435K(9728K)->9435K(9728K)
[6.449s][info ][gc             ] GC(5) Pause Full (Metadata GC Threshold) 81M->81M(1542M) 380.624ms
[6.449s][info ][gc,cpu         ] GC(5) User=0.81s Sys=0.01s Real=0.38s
[6.449s][info ][safepoint      ] Safepoint "CollectForMetadataAllocation", Time since last: 263578636 ns, Reaching safepoint: 3700 ns, Cleanup: 48503 ns, At safepoint: 426329240 ns, Total: 426381443 ns
[6.879s][info ][safepoint      ] Safepoint "ICBufferFull", Time since last: 430699271 ns, Reaching safepoint: 5900 ns, Cleanup: 177610 ns, At safepoint: 3700 ns, Total: 187210 ns
[7.070s][info ][safepoint      ] Safepoint "ICBufferFull", Time since last: 190401667 ns, Reaching safepoint: 87504 ns, Cleanup: 117706 ns, At safepoint: 8401 ns, Total: 213611 ns
[7.208s][info ][safepoint      ] Safepoint "ICBufferFull", Time since last: 137880290 ns, Reaching safepoint: 6300 ns, Cleanup: 167209 ns, At safepoint: 8200 ns, Total: 181709 ns
[7.288s][info ][safepoint      ] Safepoint "ICBufferFull", Time since last: 80012031 ns, Reaching safepoint: 83804 ns, Cleanup: 134307 ns, At safepoint: 9201 ns, Total: 227312 ns
[7.393s][info ][safepoint      ] Safepoint "ICBufferFull", Time since last: 104115404 ns, Reaching safepoint: 80904 ns, Cleanup: 116907 ns, At safepoint: 9100 ns, Total: 206911 ns
[7.528s][info ][safepoint      ] Safepoint "ICBufferFull", Time since last: 135352856 ns, Reaching safepoint: 5201 ns, Cleanup: 129606 ns, At safepoint: 2401 ns, Total: 137208 ns
[7.778s][info ][safepoint      ] Safepoint "ICBufferFull", Time since last: 249055767 ns, Reaching safepoint: 4500 ns, Cleanup: 152809 ns, At safepoint: 86804 ns, Total: 244113 ns
[7.946s][info ][safepoint      ] Safepoint "ICBufferFull", Time since last: 168442406 ns, Reaching safepoint: 96605 ns, Cleanup: 147908 ns, At safepoint: 7900 ns, Total: 252413 ns
[8.226s][info ][safepoint      ] Safepoint "ICBufferFull", Time since last: 279664486 ns, Reaching safepoint: 118106 ns, Cleanup: 133207 ns, At safepoint: 12001 ns, Total: 263314 ns
[8.449s][info ][safepoint      ] Safepoint "ICBufferFull", Time since last: 222509690 ns, Reaching safepoint: 6800 ns, Cleanup: 152106 ns, At safepoint: 9801 ns, Total: 168707 ns
[8.915s][info ][safepoint      ] Safepoint "ICBufferFull", Time since last: 466465488 ns, Reaching safepoint: 6000 ns, Cleanup: 162707 ns, At safepoint: 8100 ns, Total: 176807 ns
[9.205s][info ][safepoint      ] Safepoint "ICBufferFull", Time since last: 289031503 ns, Reaching safepoint: 81603 ns, Cleanup: 126006 ns, At safepoint: 10800 ns, Total: 218409 ns
[9.716s][info ][safepoint      ] Safepoint "ICBufferFull", Time since last: 510879786 ns, Reaching safepoint: 88804 ns, Cleanup: 137705 ns, At safepoint: 12401 ns, Total: 238910 ns
[9.716s][info ][safepoint      ] Safepoint "ICBufferFull", Time since last: 522321 ns, Reaching safepoint: 75303 ns, Cleanup: 3700 ns, At safepoint: 11201 ns, Total: 90204 ns
[10.718s][info ][safepoint      ] Safepoint "Cleanup", Time since last: 1001546154 ns, Reaching safepoint: 88403 ns, Cleanup: 35302 ns, At safepoint: 18300 ns, Total: 142005 ns
[11.720s][info ][safepoint      ] Safepoint "Cleanup", Time since last: 1001631758 ns, Reaching safepoint: 457418 ns, Cleanup: 12701 ns, At safepoint: 14600 ns, Total: 484719 ns
[12.167s][info ][safepoint      ] Safepoint "ICBufferFull", Time since last: 447034401 ns, Reaching safepoint: 91304 ns, Cleanup: 115505 ns, At safepoint: 13300 ns, Total: 220109 ns
[12.168s][info ][safepoint      ] Safepoint "ICBufferFull", Time since last: 79104 ns, Reaching safepoint: 77303 ns, Cleanup: 1100 ns, At safepoint: 10800 ns, Total: 89203 ns
[12.365s][info ][safepoint      ] Safepoint "ICBufferFull", Time since last: 196730666 ns, Reaching safepoint: 86804 ns, Cleanup: 128205 ns, At safepoint: 19301 ns, Total: 234310 ns
[12.557s][info ][safepoint      ] Safepoint "ICBufferFull", Time since last: 192557422 ns, Reaching safepoint: 6601 ns, Cleanup: 153908 ns, At safepoint: 16700 ns, Total: 177209 ns
[13.346s][info ][safepoint      ] Safepoint "ICBufferFull", Time since last: 788719359 ns, Reaching safepoint: 6600 ns, Cleanup: 119407 ns, At safepoint: 6400 ns, Total: 132407 ns
[14.886s][info ][safepoint      ] Safepoint "Cleanup", Time since last: 1539988468 ns, Reaching safepoint: 6900 ns, Cleanup: 73004 ns, At safepoint: 3000 ns, Total: 82904 ns
[16.312s][info ][safepoint      ] Safepoint "Cleanup", Time since last: 1425438205 ns, Reaching safepoint: 5900 ns, Cleanup: 123906 ns, At safepoint: 8201 ns, Total: 138007 ns
[16.462s][info ][safepoint      ] Safepoint "ICBufferFull", Time since last: 150190396 ns, Reaching safepoint: 7200 ns, Cleanup: 135905 ns, At safepoint: 5601 ns, Total: 148706 ns
[16.527s][info ][safepoint      ] Safepoint "ICBufferFull", Time since last: 61112719 ns, Reaching safepoint: 3204226 ns, Cleanup: 131006 ns, At safepoint: 10600 ns, Total: 3345832 ns
[16.605s][info ][safepoint      ] Safepoint "ICBufferFull", Time since last: 77656174 ns, Reaching safepoint: 93604 ns, Cleanup: 129005 ns, At safepoint: 20201 ns, Total: 242810 ns
[16.607s][info ][safepoint      ] Safepoint "ICBufferFull", Time since last: 2467697 ns, Reaching safepoint: 80904 ns, Cleanup: 4200 ns, At safepoint: 22801 ns, Total: 107905 ns
[16.771s][info ][safepoint      ] Safepoint "ICBufferFull", Time since last: 163668178 ns, Reaching safepoint: 178307 ns, Cleanup: 142606 ns, At safepoint: 15401 ns, Total: 336314 ns
[16.864s][info ][safepoint      ] Safepoint "ICBufferFull", Time since last: 92281452 ns, Reaching safepoint: 14601 ns, Cleanup: 204808 ns, At safepoint: 11001 ns, Total: 230410 ns
[17.143s][info ][safepoint      ] Safepoint "ICBufferFull", Time since last: 279475562 ns, Reaching safepoint: 91904 ns, Cleanup: 168407 ns, At safepoint: 7900 ns, Total: 268211 ns
[17.238s][info ][safepoint      ] Safepoint "ICBufferFull", Time since last: 94435338 ns, Reaching safepoint: 103004 ns, Cleanup: 181107 ns, At safepoint: 14301 ns, Total: 298412 ns
[17.379s][info ][safepoint      ] Safepoint "ICBufferFull", Time since last: 140382057 ns, Reaching safepoint: 8900 ns, Cleanup: 167107 ns, At safepoint: 14500 ns, Total: 190507 ns
[17.562s][info ][safepoint      ] Safepoint "ICBufferFull", Time since last: 183580367 ns, Reaching safepoint: 10001 ns, Cleanup: 148905 ns, At safepoint: 16201 ns, Total: 175107 ns
[17.592s][info ][gc,start       ] GC(6) Pause Young (Metadata GC Threshold)
[17.666s][debug][gc,phases      ] GC(6) Scavenge 73.826ms
[17.667s][debug][gc,ref         ] GC(6) ReferenceProcessor::execute queues: 4, RefProcThreadModel::Multi, marks_oops_alive: false
[17.667s][debug][gc,ref         ] GC(6) ReferenceProcessor::execute queues: 4, RefProcThreadModel::Multi, marks_oops_alive: true
[17.667s][debug][gc,ref         ] GC(6) ReferenceProcessor::execute queues: 4, RefProcThreadModel::Multi, marks_oops_alive: false
[17.667s][debug][gc,phases      ] GC(6) Reference Processing 0.996ms
[17.668s][debug][gc,phases      ] GC(6)   VM Weak                        Min:  0.0, Avg:  0.0, Max:  0.0, Diff:  0.0, Sum:  0.0, Workers: 4
[17.668s][debug][gc,phases      ] GC(6)     Dead                           Min: 0, Avg:  0.0, Max: 0, Diff: 0, Sum: 0, Workers: 4
[17.668s][debug][gc,phases      ] GC(6)     Total                          Min: 64, Avg: 209.0, Max: 388, Diff: 324, Sum: 836, Workers: 4
[17.668s][debug][gc,phases      ] GC(6)   ObjectSynchronizer Weak        Min:  0.0, Avg:  0.0, Max:  0.0, Diff:  0.0, Sum:  0.0, Workers: 4
[17.668s][debug][gc,phases      ] GC(6)     Dead                           Min: 0, Avg:  9.2, Max: 23, Diff: 23, Sum: 37, Workers: 4
[17.668s][debug][gc,phases      ] GC(6)     Total                          Min: 0, Avg: 25.8, Max: 64, Diff: 64, Sum: 103, Workers: 4
[17.668s][debug][gc,phases      ] GC(6)   JVMTI Tag Weak OopStorage      Min:  0.0, Avg:  0.0, Max:  0.0, Diff:  0.0, Sum:  0.0, Workers: 4
[17.668s][debug][gc,phases      ] GC(6)     Dead                           Min: 0, Avg:  0.0, Max: 0, Diff: 0, Sum: 0, Workers: 4
[17.668s][debug][gc,phases      ] GC(6)     Total                          Min: 0, Avg:  0.0, Max: 0, Diff: 0, Sum: 0, Workers: 4
[17.668s][debug][gc,phases      ] GC(6)   StringTable Weak               Min:  0.4, Avg:  0.4, Max:  0.4, Diff:  0.0, Sum:  1.8, Workers: 4
[17.668s][debug][gc,phases      ] GC(6)     Dead                           Min: 4, Avg:  9.5, Max: 14, Diff: 10, Sum: 38, Workers: 4
[17.668s][debug][gc,phases      ] GC(6)     Total                          Min: 10752, Avg: 10980.8, Max: 11136, Diff: 384, Sum: 43923, Workers: 4
[17.668s][debug][gc,phases      ] GC(6)   ResolvedMethodTable Weak       Min:  0.2, Avg:  0.2, Max:  0.2, Diff:  0.0, Sum:  0.9, Workers: 4
[17.668s][debug][gc,phases      ] GC(6)     Dead                           Min: 884, Avg: 1047.2, Max: 1132, Diff: 248, Sum: 4189, Workers: 4
[17.668s][debug][gc,phases      ] GC(6)     Total                          Min: 4361, Avg: 4450.2, Max: 4544, Diff: 183, Sum: 17801, Workers: 4
[17.668s][debug][gc,phases      ] GC(6)   JNI Weak                       Min:  0.0, Avg:  0.0, Max:  0.0, Diff:  0.0, Sum:  0.0, Workers: 4
[17.668s][debug][gc,phases      ] GC(6)     Dead                           Min: 0, Avg:  0.0, Max: 0, Diff: 0, Sum: 0, Workers: 4
[17.668s][debug][gc,phases      ] GC(6)     Total                          Min: 0, Avg: 36.0, Max: 100, Diff: 100, Sum: 144, Workers: 4
[17.668s][debug][gc,phases      ] GC(6)   StringDedup Table Weak         Min:  0.0, Avg:  0.0, Max:  0.0, Diff:  0.0, Sum:  0.0, Workers: 4
[17.668s][debug][gc,phases      ] GC(6)     Dead                           Min: 0, Avg:  0.0, Max: 0, Diff: 0, Sum: 0, Workers: 4
[17.668s][debug][gc,phases      ] GC(6)     Total                          Min: 0, Avg:  0.0, Max: 0, Diff: 0, Sum: 0, Workers: 4
[17.668s][debug][gc,phases      ] GC(6)   StringDedup Requests0 Weak     Min:  0.0, Avg:  0.0, Max:  0.0, Diff:  0.0, Sum:  0.0, Workers: 4
[17.668s][debug][gc,phases      ] GC(6)     Dead                           Min: 0, Avg:  0.0, Max: 0, Diff: 0, Sum: 0, Workers: 4
[17.668s][debug][gc,phases      ] GC(6)     Total                          Min: 0, Avg:  0.0, Max: 0, Diff: 0, Sum: 0, Workers: 4
[17.668s][debug][gc,phases      ] GC(6)   StringDedup Requests1 Weak     Min:  0.0, Avg:  0.0, Max:  0.0, Diff:  0.0, Sum:  0.0, Workers: 4
[17.668s][debug][gc,phases      ] GC(6)     Dead                           Min: 0, Avg:  0.0, Max: 0, Diff: 0, Sum: 0, Workers: 4
[17.668s][debug][gc,phases      ] GC(6)     Total                          Min: 0, Avg:  0.0, Max: 0, Diff: 0, Sum: 0, Workers: 4
[17.668s][debug][gc,phases      ] GC(6)   Weak JFR Old Object Samples    Min:  0.0, Avg:  0.0, Max:  0.0, Diff:  0.0, Sum:  0.0, Workers: 4
[17.668s][debug][gc,phases      ] GC(6)     Dead                           Min: 0, Avg:  0.0, Max: 0, Diff: 0, Sum: 0, Workers: 4
[17.668s][debug][gc,phases      ] GC(6)     Total                          Min: 0, Avg:  0.0, Max: 0, Diff: 0, Sum: 0, Workers: 4
[17.668s][debug][gc,phases      ] GC(6) Weak Processing 0.879ms
[17.668s][debug][gc,age         ] GC(6) Desired survivor size 536870912 bytes, new threshold 7 (max threshold 15)
[17.668s][info ][gc,heap        ] GC(6) PSYoungGen: 988045K(1572864K)->137377K(1572864K) Eden: 910864K(1048576K)->0K(1048576K) From: 77180K(524288K)->137377K(524288K)
[17.668s][info ][gc,heap        ] GC(6) ParOldGen: 5883K(6144K)->5928K(6144K)
[17.668s][info ][gc,metaspace   ] GC(6) Metaspace: 98523K(99648K)->98523K(99648K) NonClass: 83135K(83776K)->83135K(83776K) Class: 15387K(15872K)->15387K(15872K)
[17.668s][info ][gc             ] GC(6) Pause Young (Metadata GC Threshold) 970M->139M(1542M) 75.856ms
[17.668s][info ][gc,cpu         ] GC(6) User=0.25s Sys=0.03s Real=0.08s
[17.668s][debug][gc,phases      ] GC(7) Pre Compact 0.010ms
[17.668s][info ][gc,start       ] GC(7) Pause Full (Metadata GC Threshold)
[17.668s][info ][gc,phases,start] GC(7) Marking Phase
[17.726s][debug][gc,phases      ] GC(7) Par Mark 57.240ms
[17.726s][debug][gc,ref         ] GC(7) ReferenceProcessor::execute queues: 4, RefProcThreadModel::Multi, marks_oops_alive: false
[17.726s][debug][gc,ref         ] GC(7) Skipped KeepAliveFinalRefsPhase of Reference Processing: no references
[17.726s][debug][gc,ref         ] GC(7) ReferenceProcessor::execute queues: 1, RefProcThreadModel::Single, marks_oops_alive: false
[17.726s][debug][gc,phases      ] GC(7) Reference Processing 0.589ms
[17.727s][debug][gc,phases      ] GC(7)   VM Weak                        Min:  0.0, Avg:  0.0, Max:  0.0, Diff:  0.0, Sum:  0.0, Workers: 4
[17.727s][debug][gc,phases      ] GC(7)     Dead                           Min: 0, Avg:  0.5, Max: 2, Diff: 2, Sum: 2, Workers: 4
[17.727s][debug][gc,phases      ] GC(7)     Total                          Min: 0, Avg: 209.0, Max: 640, Diff: 640, Sum: 836, Workers: 4
[17.727s][debug][gc,phases      ] GC(7)   ObjectSynchronizer Weak        Min:  0.0, Avg:  0.0, Max:  0.0, Diff:  0.0, Sum:  0.0, Workers: 4
[17.727s][debug][gc,phases      ] GC(7)     Dead                           Min: 0, Avg:  0.0, Max: 0, Diff: 0, Sum: 0, Workers: 4
[17.727s][debug][gc,phases      ] GC(7)     Total                          Min: 0, Avg: 25.8, Max: 64, Diff: 64, Sum: 103, Workers: 4
[17.727s][debug][gc,phases      ] GC(7)   JVMTI Tag Weak OopStorage      Min:  0.0, Avg:  0.0, Max:  0.0, Diff:  0.0, Sum:  0.0, Workers: 4
[17.727s][debug][gc,phases      ] GC(7)     Dead                           Min: 0, Avg:  0.0, Max: 0, Diff: 0, Sum: 0, Workers: 4
[17.727s][debug][gc,phases      ] GC(7)     Total                          Min: 0, Avg:  0.0, Max: 0, Diff: 0, Sum: 0, Workers: 4
[17.727s][debug][gc,phases      ] GC(7)   StringTable Weak               Min:  0.0, Avg:  0.2, Max:  0.2, Diff:  0.2, Sum:  0.7, Workers: 4
[17.727s][debug][gc,phases      ] GC(7)     Dead                           Min: 0, Avg:  0.0, Max: 0, Diff: 0, Sum: 0, Workers: 4
[17.727s][debug][gc,phases      ] GC(7)     Total                          Min: 0, Avg: 10980.8, Max: 15552, Diff: 15552, Sum: 43923, Workers: 4
[17.727s][debug][gc,phases      ] GC(7)   ResolvedMethodTable Weak       Min:  0.0, Avg:  0.1, Max:  0.1, Diff:  0.1, Sum:  0.3, Workers: 4
[17.727s][debug][gc,phases      ] GC(7)     Dead                           Min: 0, Avg:  0.5, Max: 2, Diff: 2, Sum: 2, Workers: 4
[17.727s][debug][gc,phases      ] GC(7)     Total                          Min: 0, Avg: 4450.2, Max: 6080, Diff: 6080, Sum: 17801, Workers: 4
[17.727s][debug][gc,phases      ] GC(7)   JNI Weak                       Min:  0.0, Avg:  0.0, Max:  0.0, Diff:  0.0, Sum:  0.0, Workers: 4
[17.727s][debug][gc,phases      ] GC(7)     Dead                           Min: 0, Avg:  0.0, Max: 0, Diff: 0, Sum: 0, Workers: 4
[17.727s][debug][gc,phases      ] GC(7)     Total                          Min: 0, Avg: 36.0, Max: 51, Diff: 51, Sum: 144, Workers: 4
[17.727s][debug][gc,phases      ] GC(7)   StringDedup Table Weak         Min:  0.0, Avg:  0.0, Max:  0.0, Diff:  0.0, Sum:  0.0, Workers: 4
[17.727s][debug][gc,phases      ] GC(7)     Dead                           Min: 0, Avg:  0.0, Max: 0, Diff: 0, Sum: 0, Workers: 4
[17.727s][debug][gc,phases      ] GC(7)     Total                          Min: 0, Avg:  0.0, Max: 0, Diff: 0, Sum: 0, Workers: 4
[17.727s][debug][gc,phases      ] GC(7)   StringDedup Requests0 Weak     Min:  0.0, Avg:  0.0, Max:  0.0, Diff:  0.0, Sum:  0.0, Workers: 4
[17.727s][debug][gc,phases      ] GC(7)     Dead                           Min: 0, Avg:  0.0, Max: 0, Diff: 0, Sum: 0, Workers: 4
[17.727s][debug][gc,phases      ] GC(7)     Total                          Min: 0, Avg:  0.0, Max: 0, Diff: 0, Sum: 0, Workers: 4
[17.727s][debug][gc,phases      ] GC(7)   StringDedup Requests1 Weak     Min:  0.0, Avg:  0.0, Max:  0.0, Diff:  0.0, Sum:  0.0, Workers: 4
[17.727s][debug][gc,phases      ] GC(7)     Dead                           Min: 0, Avg:  0.0, Max: 0, Diff: 0, Sum: 0, Workers: 4
[17.727s][debug][gc,phases      ] GC(7)     Total                          Min: 0, Avg:  0.0, Max: 0, Diff: 0, Sum: 0, Workers: 4
[17.727s][debug][gc,phases      ] GC(7)   Weak JFR Old Object Samples    Min:  0.0, Avg:  0.0, Max:  0.0, Diff:  0.0, Sum:  0.0, Workers: 4
[17.727s][debug][gc,phases      ] GC(7)     Dead                           Min: 0, Avg:  0.0, Max: 0, Diff: 0, Sum: 0, Workers: 4
[17.727s][debug][gc,phases      ] GC(7)     Total                          Min: 0, Avg:  0.0, Max: 0, Diff: 0, Sum: 0, Workers: 4
[17.727s][debug][gc,phases      ] GC(7) Weak Processing 0.523ms
[17.727s][debug][gc,phases      ] GC(7) ClassLoaderData 0.218ms
[17.727s][debug][gc,phases      ] GC(7) Trigger cleanups 0.001ms
[17.752s][debug][gc,phases      ] GC(7) Purge Unlinked NMethods 0.402ms
[17.753s][debug][gc,phases      ] GC(7) Unregister NMethods 0.546ms
[17.753s][debug][gc,phases      ] GC(7) Free Code Blobs 0.060ms
[17.762s][debug][gc,phases      ] GC(7) Class Unloading 35.336ms
[17.762s][debug][gc,phases      ] GC(7) Report Object Count 0.001ms
[17.762s][info ][gc,phases      ] GC(7) Marking Phase 93.802ms
[17.762s][info ][gc,phases,start] GC(7) Summary Phase
[17.762s][info ][gc,phases      ] GC(7) Summary Phase 0.009ms
[17.762s][info ][gc,phases,start] GC(7) Adjust Roots
[17.780s][info ][gc,phases      ] GC(7) Adjust Roots 17.406ms
[17.780s][info ][gc,phases,start] GC(7) Compaction Phase
[18.280s][info ][gc,phases      ] GC(7) Compaction Phase 500.495ms
[18.280s][info ][gc,phases,start] GC(7) Post Compact
[18.282s][debug][gc,phases      ] GC(7) Purge Class Loader Data 1.524ms
[18.286s][info ][gc,phases      ] GC(7) Post Compact 6.166ms
[18.286s][info ][gc,heap        ] GC(7) PSYoungGen: 137377K(1572864K)->136730K(1572864K) Eden: 0K(1048576K)->0K(1048576K) From: 137377K(524288K)->136730K(524288K)
[18.286s][info ][gc,heap        ] GC(7) ParOldGen: 5928K(6144K)->5911K(6144K)
[18.286s][info ][gc,metaspace   ] GC(7) Metaspace: 98523K(99648K)->98520K(99648K) NonClass: 83135K(83776K)->83133K(83776K) Class: 15387K(15872K)->15386K(15872K)
[18.286s][info ][gc             ] GC(7) Pause Full (Metadata GC Threshold) 139M->139M(1542M) 618.064ms
[18.286s][info ][gc,cpu         ] GC(7) User=1.28s Sys=0.02s Real=0.62s
[18.288s][info ][safepoint      ] Safepoint "CollectForMetadataAllocation", Time since last: 29775079 ns, Reaching safepoint: 93403 ns, Cleanup: 32302 ns, At safepoint: 696037152 ns, Total: 696162857 ns
[18.410s][info ][safepoint      ] Safepoint "ICBufferFull", Time since last: 121343003 ns, Reaching safepoint: 89003 ns, Cleanup: 199308 ns, At safepoint: 13101 ns, Total: 301412 ns
[18.547s][info ][safepoint      ] Safepoint "ICBufferFull", Time since last: 136224492 ns, Reaching safepoint: 94504 ns, Cleanup: 177207 ns, At safepoint: 21501 ns, Total: 293212 ns
[18.691s][info ][safepoint      ] Safepoint "ICBufferFull", Time since last: 144353114 ns, Reaching safepoint: 97304 ns, Cleanup: 154406 ns, At safepoint: 14500 ns, Total: 266210 ns
[18.839s][info ][safepoint      ] Safepoint "ICBufferFull", Time since last: 147375234 ns, Reaching safepoint: 5900 ns, Cleanup: 159507 ns, At safepoint: 2100 ns, Total: 167507 ns
[18.842s][info ][safepoint      ] Safepoint "ICBufferFull", Time since last: 2781110 ns, Reaching safepoint: 87503 ns, Cleanup: 8101 ns, At safepoint: 15500 ns, Total: 111104 ns
[18.952s][info ][safepoint      ] Safepoint "ICBufferFull", Time since last: 109710643 ns, Reaching safepoint: 8300 ns, Cleanup: 172307 ns, At safepoint: 3800 ns, Total: 184407 ns
[19.144s][info ][safepoint      ] Safepoint "ICBufferFull", Time since last: 192290012 ns, Reaching safepoint: 6700 ns, Cleanup: 141106 ns, At safepoint: 12000 ns, Total: 159806 ns
[19.383s][info ][safepoint      ] Safepoint "ICBufferFull", Time since last: 238444539 ns, Reaching safepoint: 85903 ns, Cleanup: 144306 ns, At safepoint: 7300 ns, Total: 237509 ns
[19.551s][info ][safepoint      ] Safepoint "ICBufferFull", Time since last: 167722239 ns, Reaching safepoint: 85004 ns, Cleanup: 133305 ns, At safepoint: 9800 ns, Total: 228109 ns
[19.787s][info ][safepoint      ] Safepoint "ICBufferFull", Time since last: 232397300 ns, Reaching safepoint: 499019 ns, Cleanup: 141006 ns, At safepoint: 3396234 ns, Total: 4036259 ns
[20.193s][info ][safepoint      ] Safepoint "ICBufferFull", Time since last: 405979800 ns, Reaching safepoint: 6700 ns, Cleanup: 139507 ns, At safepoint: 9201 ns, Total: 155408 ns
[20.511s][info ][safepoint      ] Safepoint "ICBufferFull", Time since last: 317170919 ns, Reaching safepoint: 90205 ns, Cleanup: 136407 ns, At safepoint: 14200 ns, Total: 240812 ns
[20.939s][info ][safepoint      ] Safepoint "ICBufferFull", Time since last: 428726019 ns, Reaching safepoint: 8601 ns, Cleanup: 151707 ns, At safepoint: 20001 ns, Total: 180309 ns
[21.477s][info ][safepoint      ] Safepoint "ParallelGCFailedAllocation", Time since last: 537836196 ns, Reaching safepoint: 8000 ns, Cleanup: 135607 ns, At safepoint: 8300 ns, Total: 151907 ns
[21.478s][info ][gc,start       ] GC(8) Pause Young (GCLocker Initiated GC)
[21.571s][debug][gc,phases      ] GC(8) Scavenge 92.051ms
[21.571s][debug][gc,ref         ] GC(8) ReferenceProcessor::execute queues: 1, RefProcThreadModel::Single, marks_oops_alive: false
[21.571s][debug][gc,ref         ] GC(8) ReferenceProcessor::execute queues: 4, RefProcThreadModel::Multi, marks_oops_alive: true
[21.571s][debug][gc,ref         ] GC(8) ReferenceProcessor::execute queues: 1, RefProcThreadModel::Single, marks_oops_alive: false
[21.571s][debug][gc,phases      ] GC(8) Reference Processing 0.260ms
[21.571s][debug][gc,phases      ] GC(8)   VM Weak                        Min:  0.0, Avg:  0.0, Max:  0.0, Diff:  0.0, Sum:  0.0, Workers: 4
[21.571s][debug][gc,phases      ] GC(8)     Dead                           Min: 0, Avg:  0.0, Max: 0, Diff: 0, Sum: 0, Workers: 4
[21.571s][debug][gc,phases      ] GC(8)     Total                          Min: 64, Avg: 211.2, Max: 448, Diff: 384, Sum: 845, Workers: 4
[21.571s][debug][gc,phases      ] GC(8)   ObjectSynchronizer Weak        Min:  0.0, Avg:  0.0, Max:  0.0, Diff:  0.0, Sum:  0.0, Workers: 4
[21.572s][debug][gc,phases      ] GC(8)     Dead                           Min: 0, Avg:  0.0, Max: 0, Diff: 0, Sum: 0, Workers: 4
[21.572s][debug][gc,phases      ] GC(8)     Total                          Min: 0, Avg: 26.2, Max: 64, Diff: 64, Sum: 105, Workers: 4
[21.572s][debug][gc,phases      ] GC(8)   JVMTI Tag Weak OopStorage      Min:  0.0, Avg:  0.0, Max:  0.0, Diff:  0.0, Sum:  0.0, Workers: 4
[21.572s][debug][gc,phases      ] GC(8)     Dead                           Min: 0, Avg:  0.0, Max: 0, Diff: 0, Sum: 0, Workers: 4
[21.572s][debug][gc,phases      ] GC(8)     Total                          Min: 0, Avg:  0.0, Max: 0, Diff: 0, Sum: 0, Workers: 4
[21.572s][debug][gc,phases      ] GC(8)   StringTable Weak               Min:  0.4, Avg:  0.4, Max:  0.4, Diff:  0.0, Sum:  1.8, Workers: 4
[21.572s][debug][gc,phases      ] GC(8)     Dead                           Min: 0, Avg:  1.2, Max: 3, Diff: 3, Sum: 5, Workers: 4
[21.572s][debug][gc,phases      ] GC(8)     Total                          Min: 10240, Avg: 11072.8, Max: 11840, Diff: 1600, Sum: 44291, Workers: 4
[21.572s][debug][gc,phases      ] GC(8)   ResolvedMethodTable Weak       Min:  0.1, Avg:  0.1, Max:  0.1, Diff:  0.0, Sum:  0.5, Workers: 4
[21.572s][debug][gc,phases      ] GC(8)     Dead                           Min: 9, Avg:  9.8, Max: 10, Diff: 1, Sum: 39, Workers: 4
[21.572s][debug][gc,phases      ] GC(8)     Total                          Min: 3387, Avg: 3443.8, Max: 3526, Diff: 139, Sum: 13775, Workers: 4
[21.572s][debug][gc,phases      ] GC(8)   JNI Weak                       Min:  0.0, Avg:  0.0, Max:  0.0, Diff:  0.0, Sum:  0.0, Workers: 4
[21.572s][debug][gc,phases      ] GC(8)     Dead                           Min: 0, Avg:  0.0, Max: 0, Diff: 0, Sum: 0, Workers: 4
[21.572s][debug][gc,phases      ] GC(8)     Total                          Min: 0, Avg: 19.8, Max: 50, Diff: 50, Sum: 79, Workers: 4
[21.572s][debug][gc,phases      ] GC(8)   StringDedup Table Weak         Min:  0.0, Avg:  0.0, Max:  0.0, Diff:  0.0, Sum:  0.0, Workers: 4
[21.572s][debug][gc,phases      ] GC(8)     Dead                           Min: 0, Avg:  0.0, Max: 0, Diff: 0, Sum: 0, Workers: 4
[21.572s][debug][gc,phases      ] GC(8)     Total                          Min: 0, Avg:  0.0, Max: 0, Diff: 0, Sum: 0, Workers: 4
[21.572s][debug][gc,phases      ] GC(8)   StringDedup Requests0 Weak     Min:  0.0, Avg:  0.0, Max:  0.0, Diff:  0.0, Sum:  0.0, Workers: 4
[21.572s][debug][gc,phases      ] GC(8)     Dead                           Min: 0, Avg:  0.0, Max: 0, Diff: 0, Sum: 0, Workers: 4
[21.572s][debug][gc,phases      ] GC(8)     Total                          Min: 0, Avg:  0.0, Max: 0, Diff: 0, Sum: 0, Workers: 4
[21.572s][debug][gc,phases      ] GC(8)   StringDedup Requests1 Weak     Min:  0.0, Avg:  0.0, Max:  0.0, Diff:  0.0, Sum:  0.0, Workers: 4
[21.572s][debug][gc,phases      ] GC(8)     Dead                           Min: 0, Avg:  0.0, Max: 0, Diff: 0, Sum: 0, Workers: 4
[21.572s][debug][gc,phases      ] GC(8)     Total                          Min: 0, Avg:  0.0, Max: 0, Diff: 0, Sum: 0, Workers: 4
[21.572s][debug][gc,phases      ] GC(8)   Weak JFR Old Object Samples    Min:  0.0, Avg:  0.0, Max:  0.0, Diff:  0.0, Sum:  0.0, Workers: 4
[21.572s][debug][gc,phases      ] GC(8)     Dead                           Min: 0, Avg:  0.0, Max: 0, Diff: 0, Sum: 0, Workers: 4
[21.572s][debug][gc,phases      ] GC(8)     Total                          Min: 0, Avg:  0.0, Max: 0, Diff: 0, Sum: 0, Workers: 4
[21.572s][debug][gc,phases      ] GC(8) Weak Processing 0.790ms
[21.572s][debug][gc,age         ] GC(8) Desired survivor size 216530944 bytes, new threshold 6 (max threshold 15)
[21.572s][info ][gc,heap        ] GC(8) PSYoungGen: 1185306K(1572864K)->195317K(1572864K) Eden: 1048576K(1048576K)->0K(1048576K) From: 136730K(524288K)->195317K(524288K)
[21.572s][info ][gc,heap        ] GC(8) ParOldGen: 5960K(6144K)->5984K(6144K)
[21.572s][info ][gc,metaspace   ] GC(8) Metaspace: 100054K(101184K)->100054K(101184K) NonClass: 84607K(85248K)->84607K(85248K) Class: 15446K(15936K)->15446K(15936K)
[21.572s][info ][gc             ] GC(8) Pause Young (GCLocker Initiated GC) 1163M->196M(1542M) 93.227ms
[21.572s][info ][gc,cpu         ] GC(8) User=0.30s Sys=0.03s Real=0.09s
[21.572s][info ][safepoint      ] Safepoint "ParallelGCSystemGC", Time since last: 827542 ns, Reaching safepoint: 106905 ns, Cleanup: 1800 ns, At safepoint: 93332885 ns, Total: 93441590 ns
[21.905s][info ][safepoint      ] Safepoint "ICBufferFull", Time since last: 332962212 ns, Reaching safepoint: 7201 ns, Cleanup: 129606 ns, At safepoint: 9101 ns, Total: 145908 ns
[22.381s][info ][safepoint      ] Safepoint "ICBufferFull", Time since last: 473846683 ns, Reaching safepoint: 2355018 ns, Cleanup: 125207 ns, At safepoint: 23001 ns, Total: 2503226 ns
[22.911s][info ][safepoint      ] Safepoint "ICBufferFull", Time since last: 529232463 ns, Reaching safepoint: 9301 ns, Cleanup: 150007 ns, At safepoint: 10801 ns, Total: 170109 ns
[23.297s][info ][safepoint      ] Safepoint "ICBufferFull", Time since last: 386247287 ns, Reaching safepoint: 9000 ns, Cleanup: 150308 ns, At safepoint: 6000 ns, Total: 165308 ns
[24.248s][info ][safepoint      ] Safepoint "ICBufferFull", Time since last: 950839225 ns, Reaching safepoint: 8700 ns, Cleanup: 166609 ns, At safepoint: 2800 ns, Total: 178109 ns
[25.099s][info ][safepoint      ] Safepoint "ICBufferFull", Time since last: 851018981 ns, Reaching safepoint: 9101 ns, Cleanup: 173307 ns, At safepoint: 8701 ns, Total: 191109 ns
[25.502s][info ][safepoint      ] Safepoint "ICBufferFull", Time since last: 402757506 ns, Reaching safepoint: 8600 ns, Cleanup: 147406 ns, At safepoint: 7801 ns, Total: 163807 ns
[26.502s][info ][safepoint      ] Safepoint "Cleanup", Time since last: 1000118222 ns, Reaching safepoint: 6600 ns, Cleanup: 115005 ns, At safepoint: 2400 ns, Total: 124005 ns
[27.503s][info ][safepoint      ] Safepoint "Cleanup", Time since last: 1000116222 ns, Reaching safepoint: 85504 ns, Cleanup: 90904 ns, At safepoint: 11700 ns, Total: 188108 ns
[28.503s][info ][safepoint      ] Safepoint "Cleanup", Time since last: 1000117522 ns, Reaching safepoint: 7101 ns, Cleanup: 128005 ns, At safepoint: 3300 ns, Total: 138406 ns
[29.503s][info ][safepoint      ] Safepoint "Cleanup", Time since last: 1000129477 ns, Reaching safepoint: 7300 ns, Cleanup: 124607 ns, At safepoint: 2800 ns, Total: 134707 ns
[30.503s][info ][safepoint      ] Safepoint "Cleanup", Time since last: 1000112475 ns, Reaching safepoint: 7200 ns, Cleanup: 43002 ns, At safepoint: 2801 ns, Total: 53003 ns
[31.504s][info ][safepoint      ] Safepoint "Cleanup", Time since last: 1000116675 ns, Reaching safepoint: 81804 ns, Cleanup: 75204 ns, At safepoint: 10200 ns, Total: 167208 ns
[32.562s][info ][safepoint      ] Safepoint "Cleanup", Time since last: 1057784181 ns, Reaching safepoint: 6701 ns, Cleanup: 114703 ns, At safepoint: 3200 ns, Total: 124604 ns
[33.562s][info ][safepoint      ] Safepoint "Cleanup", Time since last: 1000109854 ns, Reaching safepoint: 7400 ns, Cleanup: 55602 ns, At safepoint: 2900 ns, Total: 65902 ns
[34.562s][info ][safepoint      ] Safepoint "Cleanup", Time since last: 1000115554 ns, Reaching safepoint: 7900 ns, Cleanup: 70202 ns, At safepoint: 6901 ns, Total: 85003 ns
[35.562s][info ][safepoint      ] Safepoint "Cleanup", Time since last: 1000131254 ns, Reaching safepoint: 6300 ns, Cleanup: 49602 ns, At safepoint: 2300 ns, Total: 58202 ns
[35.997s][info ][gc,start       ] GC(9) Pause Young (Allocation Failure)
[36.106s][debug][gc,phases      ] GC(9) Scavenge 108.088ms
[36.106s][debug][gc,ref         ] GC(9) ReferenceProcessor::execute queues: 1, RefProcThreadModel::Single, marks_oops_alive: false
[36.106s][debug][gc,ref         ] GC(9) ReferenceProcessor::execute queues: 4, RefProcThreadModel::Multi, marks_oops_alive: true
[36.106s][debug][gc,ref         ] GC(9) ReferenceProcessor::execute queues: 1, RefProcThreadModel::Single, marks_oops_alive: false
[36.106s][debug][gc,phases      ] GC(9) Reference Processing 0.327ms
[36.107s][debug][gc,phases      ] GC(9)   VM Weak                        Min:  0.0, Avg:  0.0, Max:  0.0, Diff:  0.0, Sum:  0.0, Workers: 4
[36.107s][debug][gc,phases      ] GC(9)     Dead                           Min: 0, Avg:  0.0, Max: 0, Diff: 0, Sum: 0, Workers: 4
[36.107s][debug][gc,phases      ] GC(9)     Total                          Min: 0, Avg: 215.0, Max: 512, Diff: 512, Sum: 860, Workers: 4
[36.107s][debug][gc,phases      ] GC(9)   ObjectSynchronizer Weak        Min:  0.0, Avg:  0.0, Max:  0.0, Diff:  0.0, Sum:  0.0, Workers: 4
[36.107s][debug][gc,phases      ] GC(9)     Dead                           Min: 0, Avg:  0.0, Max: 0, Diff: 0, Sum: 0, Workers: 4
[36.107s][debug][gc,phases      ] GC(9)     Total                          Min: 0, Avg: 26.2, Max: 64, Diff: 64, Sum: 105, Workers: 4
[36.107s][debug][gc,phases      ] GC(9)   JVMTI Tag Weak OopStorage      Min:  0.0, Avg:  0.0, Max:  0.0, Diff:  0.0, Sum:  0.0, Workers: 4
[36.107s][debug][gc,phases      ] GC(9)     Dead                           Min: 0, Avg:  0.0, Max: 0, Diff: 0, Sum: 0, Workers: 4
[36.107s][debug][gc,phases      ] GC(9)     Total                          Min: 0, Avg:  0.0, Max: 0, Diff: 0, Sum: 0, Workers: 4
[36.107s][debug][gc,phases      ] GC(9)   StringTable Weak               Min:  0.0, Avg:  0.4, Max:  0.5, Diff:  0.5, Sum:  1.6, Workers: 4
[36.107s][debug][gc,phases      ] GC(9)     Dead                           Min: 0, Avg:  0.5, Max: 1, Diff: 1, Sum: 2, Workers: 4
[36.107s][debug][gc,phases      ] GC(9)     Total                          Min: 0, Avg: 11232.0, Max: 15744, Diff: 15744, Sum: 44928, Workers: 4
[36.107s][debug][gc,phases      ] GC(9)   ResolvedMethodTable Weak       Min:  0.0, Avg:  0.1, Max:  0.2, Diff:  0.2, Sum:  0.5, Workers: 4
[36.107s][debug][gc,phases      ] GC(9)     Dead                           Min: 0, Avg: 16.5, Max: 30, Diff: 30, Sum: 66, Workers: 4
[36.107s][debug][gc,phases      ] GC(9)     Total                          Min: 0, Avg: 3502.8, Max: 4928, Diff: 4928, Sum: 14011, Workers: 4
[36.107s][debug][gc,phases      ] GC(9)   JNI Weak                       Min:  0.0, Avg:  0.0, Max:  0.0, Diff:  0.0, Sum:  0.0, Workers: 4
[36.107s][debug][gc,phases      ] GC(9)     Dead                           Min: 0, Avg:  0.0, Max: 0, Diff: 0, Sum: 0, Workers: 4
[36.107s][debug][gc,phases      ] GC(9)     Total                          Min: 0, Avg: 13.0, Max: 48, Diff: 48, Sum: 52, Workers: 4
[36.107s][debug][gc,phases      ] GC(9)   StringDedup Table Weak         Min:  0.0, Avg:  0.0, Max:  0.0, Diff:  0.0, Sum:  0.0, Workers: 4
[36.107s][debug][gc,phases      ] GC(9)     Dead                           Min: 0, Avg:  0.0, Max: 0, Diff: 0, Sum: 0, Workers: 4
[36.107s][debug][gc,phases      ] GC(9)     Total                          Min: 0, Avg:  0.0, Max: 0, Diff: 0, Sum: 0, Workers: 4
[36.107s][debug][gc,phases      ] GC(9)   StringDedup Requests0 Weak     Min:  0.0, Avg:  0.0, Max:  0.0, Diff:  0.0, Sum:  0.0, Workers: 4
[36.107s][debug][gc,phases      ] GC(9)     Dead                           Min: 0, Avg:  0.0, Max: 0, Diff: 0, Sum: 0, Workers: 4
[36.107s][debug][gc,phases      ] GC(9)     Total                          Min: 0, Avg:  0.0, Max: 0, Diff: 0, Sum: 0, Workers: 4
[36.107s][debug][gc,phases      ] GC(9)   StringDedup Requests1 Weak     Min:  0.0, Avg:  0.0, Max:  0.0, Diff:  0.0, Sum:  0.0, Workers: 4
[36.107s][debug][gc,phases      ] GC(9)     Dead                           Min: 0, Avg:  0.0, Max: 0, Diff: 0, Sum: 0, Workers: 4
[36.107s][debug][gc,phases      ] GC(9)     Total                          Min: 0, Avg:  0.0, Max: 0, Diff: 0, Sum: 0, Workers: 4
[36.107s][debug][gc,phases      ] GC(9)   Weak JFR Old Object Samples    Min:  0.0, Avg:  0.0, Max:  0.0, Diff:  0.0, Sum:  0.0, Workers: 4
[36.107s][debug][gc,phases      ] GC(9)     Dead                           Min: 0, Avg:  0.0, Max: 0, Diff: 0, Sum: 0, Workers: 4
[36.107s][debug][gc,phases      ] GC(9)     Total                          Min: 0, Avg:  0.0, Max: 0, Diff: 0, Sum: 0, Workers: 4
[36.107s][debug][gc,phases      ] GC(9) Weak Processing 0.979ms
[36.107s][debug][gc,age         ] GC(9) Desired survivor size 260046848 bytes, new threshold 5 (max threshold 15)
[36.107s][info ][gc,heap        ] GC(9) PSYoungGen: 1243893K(1572864K)->207611K(1800704K) Eden: 1048576K(1048576K)->0K(1589248K) From: 195317K(524288K)->207611K(211456K)
[36.107s][info ][gc,heap        ] GC(9) ParOldGen: 5986K(6144K)->5994K(6144K)
[36.107s][info ][gc,metaspace   ] GC(9) Metaspace: 101427K(102592K)->101427K(102592K) NonClass: 85875K(86528K)->85875K(86528K) Class: 15551K(16064K)->15551K(16064K)
[36.107s][info ][gc             ] GC(9) Pause Young (Allocation Failure) 1220M->208M(1764M) 109.566ms
[36.107s][info ][gc,cpu         ] GC(9) User=0.31s Sys=0.07s Real=0.11s
[36.107s][info ][safepoint      ] Safepoint "ParallelGCFailedAllocation", Time since last: 435130006 ns, Reaching safepoint: 89404 ns, Cleanup: 30401 ns, At safepoint: 109663749 ns, Total: 109783554 ns
[37.107s][info ][safepoint      ] Safepoint "Cleanup", Time since last: 1000090966 ns, Reaching safepoint: 7100 ns, Cleanup: 45402 ns, At safepoint: 2501 ns, Total: 55003 ns
[38.107s][info ][safepoint      ] Safepoint "Cleanup", Time since last: 1000114066 ns, Reaching safepoint: 6801 ns, Cleanup: 18101 ns, At safepoint: 2400 ns, Total: 27302 ns
[39.108s][info ][safepoint      ] Safepoint "Cleanup", Time since last: 1000115967 ns, Reaching safepoint: 9800 ns, Cleanup: 53303 ns, At safepoint: 4200 ns, Total: 67303 ns
[40.108s][info ][safepoint      ] Safepoint "Cleanup", Time since last: 1000120067 ns, Reaching safepoint: 6600 ns, Cleanup: 23301 ns, At safepoint: 2701 ns, Total: 32602 ns
[41.108s][info ][safepoint      ] Safepoint "Cleanup", Time since last: 1000118511 ns, Reaching safepoint: 6900 ns, Cleanup: 24101 ns, At safepoint: 2500 ns, Total: 33501 ns
[42.108s][info ][safepoint      ] Safepoint "Cleanup", Time since last: 1000107797 ns, Reaching safepoint: 7200 ns, Cleanup: 95904 ns, At safepoint: 2600 ns, Total: 105704 ns
[43.108s][info ][safepoint      ] Safepoint "Cleanup", Time since last: 1000104597 ns, Reaching safepoint: 6500 ns, Cleanup: 30201 ns, At safepoint: 2200 ns, Total: 38901 ns
[44.108s][info ][safepoint      ] Safepoint "Cleanup", Time since last: 1000105897 ns, Reaching safepoint: 6400 ns, Cleanup: 18801 ns, At safepoint: 2600 ns, Total: 27801 ns
[45.108s][info ][safepoint      ] Safepoint "Cleanup", Time since last: 1000108697 ns, Reaching safepoint: 6601 ns, Cleanup: 16800 ns, At safepoint: 2500 ns, Total: 25901 ns
[46.109s][info ][safepoint      ] Safepoint "Cleanup", Time since last: 1000121863 ns, Reaching safepoint: 6700 ns, Cleanup: 23801 ns, At safepoint: 3100 ns, Total: 33601 ns
[47.109s][info ][safepoint      ] Safepoint "Cleanup", Time since last: 1000115597 ns, Reaching safepoint: 7800 ns, Cleanup: 37802 ns, At safepoint: 2600 ns, Total: 48202 ns
[48.109s][info ][safepoint      ] Safepoint "Cleanup", Time since last: 1000108297 ns, Reaching safepoint: 8200 ns, Cleanup: 59803 ns, At safepoint: 18801 ns, Total: 86804 ns
[49.109s][info ][safepoint      ] Safepoint "Cleanup", Time since last: 1000120670 ns, Reaching safepoint: 8000 ns, Cleanup: 14401 ns, At safepoint: 2900 ns, Total: 25301 ns
[50.109s][info ][safepoint      ] Safepoint "Cleanup", Time since last: 1000121073 ns, Reaching safepoint: 8701 ns, Cleanup: 15600 ns, At safepoint: 2900 ns, Total: 27201 ns
[51.109s][info ][safepoint      ] Safepoint "Cleanup", Time since last: 1000115274 ns, Reaching safepoint: 7400 ns, Cleanup: 12200 ns, At safepoint: 2300 ns, Total: 21900 ns
[52.110s][info ][safepoint      ] Safepoint "Cleanup", Time since last: 1000123074 ns, Reaching safepoint: 7800 ns, Cleanup: 20901 ns, At safepoint: 2300 ns, Total: 31001 ns
[53.110s][info ][safepoint      ] Safepoint "Cleanup", Time since last: 1000105631 ns, Reaching safepoint: 6800 ns, Cleanup: 32301 ns, At safepoint: 2300 ns, Total: 41401 ns
[54.110s][info ][safepoint      ] Safepoint "Cleanup", Time since last: 1000113331 ns, Reaching safepoint: 7701 ns, Cleanup: 31601 ns, At safepoint: 2600 ns, Total: 41902 ns
[55.110s][info ][safepoint      ] Safepoint "Cleanup", Time since last: 1000139432 ns, Reaching safepoint: 8101 ns, Cleanup: 24001 ns, At safepoint: 3200 ns, Total: 35302 ns
[56.110s][info ][safepoint      ] Safepoint "Cleanup", Time since last: 1000112931 ns, Reaching safepoint: 7200 ns, Cleanup: 54502 ns, At safepoint: 2701 ns, Total: 64403 ns
[57.110s][info ][safepoint      ] Safepoint "Cleanup", Time since last: 1000125859 ns, Reaching safepoint: 7900 ns, Cleanup: 17701 ns, At safepoint: 3800 ns, Total: 29401 ns
[58.111s][info ][safepoint      ] Safepoint "Cleanup", Time since last: 1000119806 ns, Reaching safepoint: 6800 ns, Cleanup: 14201 ns, At safepoint: 2800 ns, Total: 23801 ns
[59.111s][info ][safepoint      ] Safepoint "Cleanup", Time since last: 1000108106 ns, Reaching safepoint: 7700 ns, Cleanup: 20201 ns, At safepoint: 2100 ns, Total: 30001 ns
[61.083s][info ][safepoint      ] Safepoint "Cleanup", Time since last: 1972554953 ns, Reaching safepoint: 8201 ns, Cleanup: 52702 ns, At safepoint: 2600 ns, Total: 63503 ns
[62.083s][info ][safepoint      ] Safepoint "Cleanup", Time since last: 1000121139 ns, Reaching safepoint: 8101 ns, Cleanup: 22301 ns, At safepoint: 3000 ns, Total: 33402 ns
[63.084s][info ][safepoint      ] Safepoint "Cleanup", Time since last: 1000132940 ns, Reaching safepoint: 8800 ns, Cleanup: 16601 ns, At safepoint: 3900 ns, Total: 29301 ns
[64.084s][info ][safepoint      ] Safepoint "Cleanup", Time since last: 1000118839 ns, Reaching safepoint: 7900 ns, Cleanup: 81404 ns, At safepoint: 2800 ns, Total: 92104 ns
[65.084s][info ][safepoint      ] Safepoint "Cleanup", Time since last: 1000123100 ns, Reaching safepoint: 8700 ns, Cleanup: 20501 ns, At safepoint: 3600 ns, Total: 32801 ns
[66.084s][info ][safepoint      ] Safepoint "Cleanup", Time since last: 1000133518 ns, Reaching safepoint: 11100 ns, Cleanup: 22801 ns, At safepoint: 4000 ns, Total: 37901 ns
[67.084s][info ][safepoint      ] Safepoint "Cleanup", Time since last: 1000135917 ns, Reaching safepoint: 9601 ns, Cleanup: 21100 ns, At safepoint: 3201 ns, Total: 33902 ns
[68.084s][info ][safepoint      ] Safepoint "Cleanup", Time since last: 1000120317 ns, Reaching safepoint: 7900 ns, Cleanup: 33101 ns, At safepoint: 2500 ns, Total: 43501 ns
[69.085s][info ][safepoint      ] Safepoint "Cleanup", Time since last: 1000120506 ns, Reaching safepoint: 8801 ns, Cleanup: 21801 ns, At safepoint: 2600 ns, Total: 33202 ns
[70.085s][info ][safepoint      ] Safepoint "Cleanup", Time since last: 1000118477 ns, Reaching safepoint: 7601 ns, Cleanup: 15500 ns, At safepoint: 2800 ns, Total: 25901 ns
[71.085s][info ][safepoint      ] Safepoint "Cleanup", Time since last: 1000114078 ns, Reaching safepoint: 8200 ns, Cleanup: 46802 ns, At safepoint: 3200 ns, Total: 58202 ns
[72.085s][info ][safepoint      ] Safepoint "Cleanup", Time since last: 1000135778 ns, Reaching safepoint: 8500 ns, Cleanup: 32602 ns, At safepoint: 3200 ns, Total: 44302 ns
[72.705s][info ][safepoint      ] Safepoint "ICBufferFull", Time since last: 619484329 ns, Reaching safepoint: 5800 ns, Cleanup: 160705 ns, At safepoint: 2600 ns, Total: 169105 ns
[73.030s][info ][safepoint      ] Safepoint "ICBufferFull", Time since last: 324732405 ns, Reaching safepoint: 8401 ns, Cleanup: 163205 ns, At safepoint: 3600 ns, Total: 175206 ns
[73.513s][info ][gc,start       ] GC(10) Pause Young (Allocation Failure)
[73.624s][debug][gc,phases      ] GC(10) Scavenge 110.705ms
[73.624s][debug][gc,ref         ] GC(10) ReferenceProcessor::execute queues: 4, RefProcThreadModel::Multi, marks_oops_alive: false
[73.628s][debug][gc,ref         ] GC(10) ReferenceProcessor::execute queues: 4, RefProcThreadModel::Multi, marks_oops_alive: true
[73.628s][debug][gc,ref         ] GC(10) ReferenceProcessor::execute queues: 1, RefProcThreadModel::Single, marks_oops_alive: false
[73.628s][debug][gc,phases      ] GC(10) Reference Processing 3.997ms
[73.629s][debug][gc,phases      ] GC(10)   VM Weak                        Min:  0.0, Avg:  0.0, Max:  0.0, Diff:  0.0, Sum:  0.0, Workers: 4
[73.629s][debug][gc,phases      ] GC(10)     Dead                           Min: 0, Avg:  0.0, Max: 0, Diff: 0, Sum: 0, Workers: 4
[73.629s][debug][gc,phases      ] GC(10)     Total                          Min: 0, Avg: 218.5, Max: 384, Diff: 384, Sum: 874, Workers: 4
[73.629s][debug][gc,phases      ] GC(10)   ObjectSynchronizer Weak        Min:  0.0, Avg:  0.0, Max:  0.0, Diff:  0.0, Sum:  0.0, Workers: 4
[73.629s][debug][gc,phases      ] GC(10)     Dead                           Min: 0, Avg:  0.0, Max: 0, Diff: 0, Sum: 0, Workers: 4
[73.629s][debug][gc,phases      ] GC(10)     Total                          Min: 0, Avg:  1.2, Max: 5, Diff: 5, Sum: 5, Workers: 4
[73.629s][debug][gc,phases      ] GC(10)   JVMTI Tag Weak OopStorage      Min:  0.0, Avg:  0.0, Max:  0.0, Diff:  0.0, Sum:  0.0, Workers: 4
[73.629s][debug][gc,phases      ] GC(10)     Dead                           Min: 0, Avg:  0.0, Max: 0, Diff: 0, Sum: 0, Workers: 4
[73.629s][debug][gc,phases      ] GC(10)     Total                          Min: 0, Avg:  0.0, Max: 0, Diff: 0, Sum: 0, Workers: 4
[73.629s][debug][gc,phases      ] GC(10)   StringTable Weak               Min:  0.0, Avg:  0.4, Max:  0.6, Diff:  0.6, Sum:  1.7, Workers: 4
[73.629s][debug][gc,phases      ] GC(10)     Dead                           Min: 0, Avg:  1.5, Max: 3, Diff: 3, Sum: 6, Workers: 4
[73.629s][debug][gc,phases      ] GC(10)     Total                          Min: 0, Avg: 11302.5, Max: 15131, Diff: 15131, Sum: 45210, Workers: 4
[73.629s][debug][gc,phases      ] GC(10)   ResolvedMethodTable Weak       Min:  0.0, Avg:  0.1, Max:  0.2, Diff:  0.2, Sum:  0.6, Workers: 4
[73.629s][debug][gc,phases      ] GC(10)     Dead                           Min: 0, Avg: 19.5, Max: 43, Diff: 43, Sum: 78, Workers: 4
[73.629s][debug][gc,phases      ] GC(10)     Total                          Min: 0, Avg: 3555.5, Max: 4802, Diff: 4802, Sum: 14222, Workers: 4
[73.629s][debug][gc,phases      ] GC(10)   JNI Weak                       Min:  0.0, Avg:  0.0, Max:  0.0, Diff:  0.0, Sum:  0.0, Workers: 4
[73.629s][debug][gc,phases      ] GC(10)     Dead                           Min: 0, Avg:  0.0, Max: 0, Diff: 0, Sum: 0, Workers: 4
[73.629s][debug][gc,phases      ] GC(10)     Total                          Min: 0, Avg: 17.5, Max: 48, Diff: 48, Sum: 70, Workers: 4
[73.629s][debug][gc,phases      ] GC(10)   StringDedup Table Weak         Min:  0.0, Avg:  0.0, Max:  0.0, Diff:  0.0, Sum:  0.0, Workers: 4
[73.629s][debug][gc,phases      ] GC(10)     Dead                           Min: 0, Avg:  0.0, Max: 0, Diff: 0, Sum: 0, Workers: 4
[73.629s][debug][gc,phases      ] GC(10)     Total                          Min: 0, Avg:  0.0, Max: 0, Diff: 0, Sum: 0, Workers: 4
[73.629s][debug][gc,phases      ] GC(10)   StringDedup Requests0 Weak     Min:  0.0, Avg:  0.0, Max:  0.0, Diff:  0.0, Sum:  0.0, Workers: 4
[73.629s][debug][gc,phases      ] GC(10)     Dead                           Min: 0, Avg:  0.0, Max: 0, Diff: 0, Sum: 0, Workers: 4
[73.629s][debug][gc,phases      ] GC(10)     Total                          Min: 0, Avg:  0.0, Max: 0, Diff: 0, Sum: 0, Workers: 4
[73.629s][debug][gc,phases      ] GC(10)   StringDedup Requests1 Weak     Min:  0.0, Avg:  0.0, Max:  0.0, Diff:  0.0, Sum:  0.0, Workers: 4
[73.629s][debug][gc,phases      ] GC(10)     Dead                           Min: 0, Avg:  0.0, Max: 0, Diff: 0, Sum: 0, Workers: 4
[73.629s][debug][gc,phases      ] GC(10)     Total                          Min: 0, Avg:  0.0, Max: 0, Diff: 0, Sum: 0, Workers: 4
[73.629s][debug][gc,phases      ] GC(10)   Weak JFR Old Object Samples    Min:  0.0, Avg:  0.0, Max:  0.0, Diff:  0.0, Sum:  0.0, Workers: 4
[73.629s][debug][gc,phases      ] GC(10)     Dead                           Min: 0, Avg:  0.0, Max: 0, Diff: 0, Sum: 0, Workers: 4
[73.629s][debug][gc,phases      ] GC(10)     Total                          Min: 0, Avg:  0.0, Max: 0, Diff: 0, Sum: 0, Workers: 4
[73.629s][debug][gc,phases      ] GC(10) Weak Processing 0.974ms
[73.629s][debug][gc,age         ] GC(10) Desired survivor size 279969792 bytes, new threshold 4 (max threshold 15)
[73.629s][info ][gc,heap        ] GC(10) PSYoungGen: 1796859K(1800704K)->194130K(1783808K) Eden: 1589248K(1589248K)->0K(1589248K) From: 207611K(211456K)->194130K(194560K)
[73.629s][info ][gc,heap        ] GC(10) ParOldGen: 5994K(6144K)->60481K(60928K)
[73.629s][info ][gc,metaspace   ] GC(10) Metaspace: 102198K(103360K)->102198K(103360K) NonClass: 86568K(87232K)->86568K(87232K) Class: 15630K(16128K)->15630K(16128K)
[73.629s][info ][gc             ] GC(10) Pause Young (Allocation Failure) 1760M->248M(1801M) 115.814ms
[73.629s][info ][gc,cpu         ] GC(10) User=0.34s Sys=0.07s Real=0.12s
[73.629s][info ][safepoint      ] Safepoint "ParallelGCFailedAllocation", Time since last: 483427294 ns, Reaching safepoint: 91903 ns, Cleanup: 92303 ns, At safepoint: 115921772 ns, Total: 116105978 ns
[74.451s][info ][safepoint      ] Safepoint "ICBufferFull", Time since last: 821623814 ns, Reaching safepoint: 7900 ns, Cleanup: 194906 ns, At safepoint: 6500 ns, Total: 209306 ns
[75.102s][info ][safepoint      ] Safepoint "ICBufferFull", Time since last: 650624546 ns, Reaching safepoint: 88503 ns, Cleanup: 158805 ns, At safepoint: 17001 ns, Total: 264309 ns
[76.102s][info ][safepoint      ] Safepoint "Cleanup", Time since last: 1000278219 ns, Reaching safepoint: 77702 ns, Cleanup: 98603 ns, At safepoint: 6000 ns, Total: 182305 ns
[77.103s][info ][safepoint      ] Safepoint "Cleanup", Time since last: 1000128526 ns, Reaching safepoint: 86104 ns, Cleanup: 70702 ns, At safepoint: 12501 ns, Total: 169307 ns
[78.103s][info ][safepoint      ] Safepoint "Cleanup", Time since last: 1000131396 ns, Reaching safepoint: 84803 ns, Cleanup: 106705 ns, At safepoint: 6300 ns, Total: 197808 ns
[79.103s][info ][safepoint      ] Safepoint "Cleanup", Time since last: 1000131996 ns, Reaching safepoint: 85203 ns, Cleanup: 55702 ns, At safepoint: 7501 ns, Total: 148406 ns
[80.104s][info ][safepoint      ] Safepoint "Cleanup", Time since last: 1000132296 ns, Reaching safepoint: 77803 ns, Cleanup: 25401 ns, At safepoint: 6300 ns, Total: 109504 ns
[81.104s][info ][safepoint      ] Safepoint "Cleanup", Time since last: 1000126431 ns, Reaching safepoint: 84003 ns, Cleanup: 119805 ns, At safepoint: 10800 ns, Total: 214608 ns
[81.510s][info ][gc,start       ] GC(11) Pause Young (Allocation Failure)
[81.606s][debug][gc,phases      ] GC(11) Scavenge 96.572ms
[81.606s][debug][gc,ref         ] GC(11) ReferenceProcessor::execute queues: 1, RefProcThreadModel::Single, marks_oops_alive: false
[81.606s][debug][gc,ref         ] GC(11) Skipped KeepAliveFinalRefsPhase of Reference Processing: no references
[81.606s][debug][gc,ref         ] GC(11) ReferenceProcessor::execute queues: 1, RefProcThreadModel::Single, marks_oops_alive: false
[81.606s][debug][gc,phases      ] GC(11) Reference Processing 0.165ms
[81.607s][debug][gc,phases      ] GC(11)   VM Weak                        Min:  0.0, Avg:  0.0, Max:  0.0, Diff:  0.0, Sum:  0.0, Workers: 4
[81.607s][debug][gc,phases      ] GC(11)     Dead                           Min: 0, Avg:  0.0, Max: 0, Diff: 0, Sum: 0, Workers: 4
[81.607s][debug][gc,phases      ] GC(11)     Total                          Min: 0, Avg: 219.0, Max: 556, Diff: 556, Sum: 876, Workers: 4
[81.607s][debug][gc,phases      ] GC(11)   ObjectSynchronizer Weak        Min:  0.0, Avg:  0.0, Max:  0.0, Diff:  0.0, Sum:  0.0, Workers: 4
[81.607s][debug][gc,phases      ] GC(11)     Dead                           Min: 0, Avg:  0.0, Max: 0, Diff: 0, Sum: 0, Workers: 4
[81.607s][debug][gc,phases      ] GC(11)     Total                          Min: 0, Avg:  1.5, Max: 6, Diff: 6, Sum: 6, Workers: 4
[81.607s][debug][gc,phases      ] GC(11)   JVMTI Tag Weak OopStorage      Min:  0.0, Avg:  0.0, Max:  0.0, Diff:  0.0, Sum:  0.0, Workers: 4
[81.607s][debug][gc,phases      ] GC(11)     Dead                           Min: 0, Avg:  0.0, Max: 0, Diff: 0, Sum: 0, Workers: 4
[81.607s][debug][gc,phases      ] GC(11)     Total                          Min: 0, Avg:  0.0, Max: 0, Diff: 0, Sum: 0, Workers: 4
[81.607s][debug][gc,phases      ] GC(11)   StringTable Weak               Min:  0.3, Avg:  0.3, Max:  0.3, Diff:  0.0, Sum:  1.2, Workers: 4
[81.607s][debug][gc,phases      ] GC(11)     Dead                           Min: 0, Avg:  0.5, Max: 2, Diff: 2, Sum: 2, Workers: 4
[81.607s][debug][gc,phases      ] GC(11)     Total                          Min: 10586, Avg: 11334.5, Max: 12032, Diff: 1446, Sum: 45338, Workers: 4
[81.607s][debug][gc,phases      ] GC(11)   ResolvedMethodTable Weak       Min:  0.1, Avg:  0.1, Max:  0.1, Diff:  0.0, Sum:  0.5, Workers: 4
[81.607s][debug][gc,phases      ] GC(11)     Dead                           Min: 0, Avg: 12.0, Max: 22, Diff: 22, Sum: 48, Workers: 4
[81.607s][debug][gc,phases      ] GC(11)     Total                          Min: 3377, Avg: 3573.2, Max: 3729, Diff: 352, Sum: 14293, Workers: 4
[81.607s][debug][gc,phases      ] GC(11)   JNI Weak                       Min:  0.0, Avg:  0.0, Max:  0.0, Diff:  0.0, Sum:  0.0, Workers: 4
[81.607s][debug][gc,phases      ] GC(11)     Dead                           Min: 0, Avg:  0.0, Max: 0, Diff: 0, Sum: 0, Workers: 4
[81.607s][debug][gc,phases      ] GC(11)     Total                          Min: 0, Avg: 13.0, Max: 48, Diff: 48, Sum: 52, Workers: 4
[81.607s][debug][gc,phases      ] GC(11)   StringDedup Table Weak         Min:  0.0, Avg:  0.0, Max:  0.0, Diff:  0.0, Sum:  0.0, Workers: 4
[81.607s][debug][gc,phases      ] GC(11)     Dead                           Min: 0, Avg:  0.0, Max: 0, Diff: 0, Sum: 0, Workers: 4
[81.607s][debug][gc,phases      ] GC(11)     Total                          Min: 0, Avg:  0.0, Max: 0, Diff: 0, Sum: 0, Workers: 4
[81.607s][debug][gc,phases      ] GC(11)   StringDedup Requests0 Weak     Min:  0.0, Avg:  0.0, Max:  0.0, Diff:  0.0, Sum:  0.0, Workers: 4
[81.607s][debug][gc,phases      ] GC(11)     Dead                           Min: 0, Avg:  0.0, Max: 0, Diff: 0, Sum: 0, Workers: 4
[81.607s][debug][gc,phases      ] GC(11)     Total                          Min: 0, Avg:  0.0, Max: 0, Diff: 0, Sum: 0, Workers: 4
[81.607s][debug][gc,phases      ] GC(11)   StringDedup Requests1 Weak     Min:  0.0, Avg:  0.0, Max:  0.0, Diff:  0.0, Sum:  0.0, Workers: 4
[81.607s][debug][gc,phases      ] GC(11)     Dead                           Min: 0, Avg:  0.0, Max: 0, Diff: 0, Sum: 0, Workers: 4
[81.607s][debug][gc,phases      ] GC(11)     Total                          Min: 0, Avg:  0.0, Max: 0, Diff: 0, Sum: 0, Workers: 4
[81.607s][debug][gc,phases      ] GC(11)   Weak JFR Old Object Samples    Min:  0.0, Avg:  0.0, Max:  0.0, Diff:  0.0, Sum:  0.0, Workers: 4
[81.607s][debug][gc,phases      ] GC(11)     Dead                           Min: 0, Avg:  0.0, Max: 0, Diff: 0, Sum: 0, Workers: 4
[81.607s][debug][gc,phases      ] GC(11)     Total                          Min: 0, Avg:  0.0, Max: 0, Diff: 0, Sum: 0, Workers: 4
[81.607s][debug][gc,phases      ] GC(11) Weak Processing 0.670ms
[81.607s][debug][gc,age         ] GC(11) Desired survivor size 265289728 bytes, new threshold 3 (max threshold 15)
[81.607s][info ][gc,heap        ] GC(11) PSYoungGen: 1783378K(1783808K)->135432K(1838080K) Eden: 1589248K(1589248K)->0K(1564672K) From: 194130K(194560K)->135432K(273408K)
[81.607s][info ][gc,heap        ] GC(11) ParOldGen: 60481K(60928K)->136721K(137216K)
[81.607s][info ][gc,metaspace   ] GC(11) Metaspace: 102730K(103936K)->102730K(103936K) NonClass: 87067K(87744K)->87067K(87744K) Class: 15662K(16192K)->15662K(16192K)
[81.607s][info ][gc             ] GC(11) Pause Young (Allocation Failure) 1800M->265M(1929M) 97.555ms
[81.607s][info ][gc,cpu         ] GC(11) User=0.28s Sys=0.07s Real=0.10s
[81.607s][info ][safepoint      ] Safepoint "ParallelGCFailedAllocation", Time since last: 405570218 ns, Reaching safepoint: 5900 ns, Cleanup: 74003 ns, At safepoint: 97635839 ns, Total: 97715742 ns
[82.607s][info ][safepoint      ] Safepoint "Cleanup", Time since last: 1000093279 ns, Reaching safepoint: 9000 ns, Cleanup: 93203 ns, At safepoint: 3501 ns, Total: 105704 ns
[83.608s][info ][safepoint      ] Safepoint "Cleanup", Time since last: 1000124679 ns, Reaching safepoint: 11301 ns, Cleanup: 55802 ns, At safepoint: 3500 ns, Total: 70603 ns
[84.608s][info ][safepoint      ] Safepoint "Cleanup", Time since last: 1000117680 ns, Reaching safepoint: 5800 ns, Cleanup: 54002 ns, At safepoint: 2300 ns, Total: 62102 ns
[85.608s][info ][safepoint      ] Safepoint "Cleanup", Time since last: 1000114479 ns, Reaching safepoint: 6101 ns, Cleanup: 33301 ns, At safepoint: 2400 ns, Total: 41802 ns
[86.608s][info ][safepoint      ] Safepoint "Cleanup", Time since last: 1000097579 ns, Reaching safepoint: 6000 ns, Cleanup: 45502 ns, At safepoint: 2500 ns, Total: 54002 ns
[87.608s][info ][safepoint      ] Safepoint "Cleanup", Time since last: 1000101153 ns, Reaching safepoint: 7100 ns, Cleanup: 43502 ns, At safepoint: 3000 ns, Total: 53602 ns
[88.608s][info ][safepoint      ] Safepoint "Cleanup", Time since last: 1000115576 ns, Reaching safepoint: 7300 ns, Cleanup: 103703 ns, At safepoint: 9400 ns, Total: 120403 ns
[89.020s][info ][safepoint      ] Safepoint "ICBufferFull", Time since last: 411073283 ns, Reaching safepoint: 86303 ns, Cleanup: 133203 ns, At safepoint: 12501 ns, Total: 232007 ns
[89.034s][info ][gc,start       ] GC(12) Pause Young (CodeCache GC Threshold)
[89.086s][debug][gc,phases      ] GC(12) Scavenge 52.032ms
[89.086s][debug][gc,ref         ] GC(12) ReferenceProcessor::execute queues: 1, RefProcThreadModel::Single, marks_oops_alive: false
[89.086s][debug][gc,ref         ] GC(12) Skipped KeepAliveFinalRefsPhase of Reference Processing: no references
[89.086s][debug][gc,ref         ] GC(12) ReferenceProcessor::execute queues: 1, RefProcThreadModel::Single, marks_oops_alive: false
[89.086s][debug][gc,phases      ] GC(12) Reference Processing 0.142ms
[89.087s][debug][gc,phases      ] GC(12)   VM Weak                        Min:  0.0, Avg:  0.0, Max:  0.0, Diff:  0.0, Sum:  0.0, Workers: 4
[89.087s][debug][gc,phases      ] GC(12)     Dead                           Min: 0, Avg:  0.0, Max: 0, Diff: 0, Sum: 0, Workers: 4
[89.087s][debug][gc,phases      ] GC(12)     Total                          Min: 0, Avg: 221.2, Max: 512, Diff: 512, Sum: 885, Workers: 4
[89.087s][debug][gc,phases      ] GC(12)   ObjectSynchronizer Weak        Min:  0.0, Avg:  0.0, Max:  0.0, Diff:  0.0, Sum:  0.0, Workers: 4
[89.087s][debug][gc,phases      ] GC(12)     Dead                           Min: 0, Avg:  0.0, Max: 0, Diff: 0, Sum: 0, Workers: 4
[89.087s][debug][gc,phases      ] GC(12)     Total                          Min: 0, Avg:  1.5, Max: 6, Diff: 6, Sum: 6, Workers: 4
[89.087s][debug][gc,phases      ] GC(12)   JVMTI Tag Weak OopStorage      Min:  0.0, Avg:  0.0, Max:  0.0, Diff:  0.0, Sum:  0.0, Workers: 4
[89.087s][debug][gc,phases      ] GC(12)     Dead                           Min: 0, Avg:  0.0, Max: 0, Diff: 0, Sum: 0, Workers: 4
[89.087s][debug][gc,phases      ] GC(12)     Total                          Min: 0, Avg:  0.0, Max: 0, Diff: 0, Sum: 0, Workers: 4
[89.087s][debug][gc,phases      ] GC(12)   StringTable Weak               Min:  0.1, Avg:  0.1, Max:  0.1, Diff:  0.0, Sum:  0.5, Workers: 4
[89.087s][debug][gc,phases      ] GC(12)     Dead                           Min: 0, Avg:  0.2, Max: 1, Diff: 1, Sum: 1, Workers: 4
[89.087s][debug][gc,phases      ] GC(12)     Total                          Min: 11200, Avg: 11367.8, Max: 11615, Diff: 415, Sum: 45471, Workers: 4
[89.087s][debug][gc,phases      ] GC(12)   ResolvedMethodTable Weak       Min:  0.0, Avg:  0.1, Max:  0.1, Diff:  0.0, Sum:  0.2, Workers: 4
[89.087s][debug][gc,phases      ] GC(12)     Dead                           Min: 0, Avg:  5.2, Max: 10, Diff: 10, Sum: 21, Workers: 4
[89.087s][debug][gc,phases      ] GC(12)     Total                          Min: 3376, Avg: 3589.5, Max: 3747, Diff: 371, Sum: 14358, Workers: 4
[89.087s][debug][gc,phases      ] GC(12)   JNI Weak                       Min:  0.0, Avg:  0.0, Max:  0.0, Diff:  0.0, Sum:  0.0, Workers: 4
[89.087s][debug][gc,phases      ] GC(12)     Dead                           Min: 0, Avg:  0.0, Max: 0, Diff: 0, Sum: 0, Workers: 4
[89.087s][debug][gc,phases      ] GC(12)     Total                          Min: 0, Avg: 15.0, Max: 48, Diff: 48, Sum: 60, Workers: 4
[89.087s][debug][gc,phases      ] GC(12)   StringDedup Table Weak         Min:  0.0, Avg:  0.0, Max:  0.0, Diff:  0.0, Sum:  0.0, Workers: 4
[89.087s][debug][gc,phases      ] GC(12)     Dead                           Min: 0, Avg:  0.0, Max: 0, Diff: 0, Sum: 0, Workers: 4
[89.087s][debug][gc,phases      ] GC(12)     Total                          Min: 0, Avg:  0.0, Max: 0, Diff: 0, Sum: 0, Workers: 4
[89.087s][debug][gc,phases      ] GC(12)   StringDedup Requests0 Weak     Min:  0.0, Avg:  0.0, Max:  0.0, Diff:  0.0, Sum:  0.0, Workers: 4
[89.087s][debug][gc,phases      ] GC(12)     Dead                           Min: 0, Avg:  0.0, Max: 0, Diff: 0, Sum: 0, Workers: 4
[89.087s][debug][gc,phases      ] GC(12)     Total                          Min: 0, Avg:  0.0, Max: 0, Diff: 0, Sum: 0, Workers: 4
[89.087s][debug][gc,phases      ] GC(12)   StringDedup Requests1 Weak     Min:  0.0, Avg:  0.0, Max:  0.0, Diff:  0.0, Sum:  0.0, Workers: 4
[89.087s][debug][gc,phases      ] GC(12)     Dead                           Min: 0, Avg:  0.0, Max: 0, Diff: 0, Sum: 0, Workers: 4
[89.087s][debug][gc,phases      ] GC(12)     Total                          Min: 0, Avg:  0.0, Max: 0, Diff: 0, Sum: 0, Workers: 4
[89.087s][debug][gc,phases      ] GC(12)   Weak JFR Old Object Samples    Min:  0.0, Avg:  0.0, Max:  0.0, Diff:  0.0, Sum:  0.0, Workers: 4
[89.087s][debug][gc,phases      ] GC(12)     Dead                           Min: 0, Avg:  0.0, Max: 0, Diff: 0, Sum: 0, Workers: 4
[89.087s][debug][gc,phases      ] GC(12)     Total                          Min: 0, Avg:  0.0, Max: 0, Diff: 0, Sum: 0, Workers: 4
[89.087s][debug][gc,phases      ] GC(12) Weak Processing 0.384ms
[89.087s][debug][gc,age         ] GC(12) Desired survivor size 254803968 bytes, new threshold 2 (max threshold 15)
[89.087s][info ][gc,heap        ] GC(12) PSYoungGen: 794347K(1838080K)->108181K(1823744K) Eden: 658915K(1564672K)->0K(1564672K) From: 135432K(273408K)->108181K(259072K)
[89.087s][info ][gc,heap        ] GC(12) ParOldGen: 136721K(137216K)->187363K(187392K)
[89.087s][info ][gc,metaspace   ] GC(12) Metaspace: 103139K(104320K)->103139K(104320K) NonClass: 87440K(88128K)->87440K(88128K) Class: 15698K(16192K)->15698K(16192K)
[89.087s][info ][gc             ] GC(12) Pause Young (CodeCache GC Threshold) 909M->288M(1964M) 52.703ms
[89.087s][info ][gc,cpu         ] GC(12) User=0.17s Sys=0.03s Real=0.05s
[89.087s][debug][gc,phases      ] GC(13) Pre Compact 0.010ms
[89.087s][info ][gc,start       ] GC(13) Pause Full (CodeCache GC Threshold)
[89.087s][info ][gc,phases,start] GC(13) Marking Phase
[89.175s][debug][gc,phases      ] GC(13) Par Mark 88.291ms
[89.176s][debug][gc,ref         ] GC(13) ReferenceProcessor::execute queues: 4, RefProcThreadModel::Multi, marks_oops_alive: false
[89.177s][debug][gc,ref         ] GC(13) Skipped KeepAliveFinalRefsPhase of Reference Processing: no references
[89.177s][debug][gc,ref         ] GC(13) ReferenceProcessor::execute queues: 1, RefProcThreadModel::Single, marks_oops_alive: false
[89.177s][debug][gc,phases      ] GC(13) Reference Processing 1.759ms
[89.177s][debug][gc,phases      ] GC(13)   VM Weak                        Min:  0.0, Avg:  0.0, Max:  0.0, Diff:  0.0, Sum:  0.0, Workers: 4
[89.177s][debug][gc,phases      ] GC(13)     Dead                           Min: 0, Avg:  0.0, Max: 0, Diff: 0, Sum: 0, Workers: 4
[89.177s][debug][gc,phases      ] GC(13)     Total                          Min: 0, Avg: 221.2, Max: 501, Diff: 501, Sum: 885, Workers: 4
[89.177s][debug][gc,phases      ] GC(13)   ObjectSynchronizer Weak        Min:  0.0, Avg:  0.0, Max:  0.0, Diff:  0.0, Sum:  0.0, Workers: 4
[89.177s][debug][gc,phases      ] GC(13)     Dead                           Min: 0, Avg:  0.0, Max: 0, Diff: 0, Sum: 0, Workers: 4
[89.177s][debug][gc,phases      ] GC(13)     Total                          Min: 0, Avg:  1.5, Max: 6, Diff: 6, Sum: 6, Workers: 4
[89.177s][debug][gc,phases      ] GC(13)   JVMTI Tag Weak OopStorage      Min:  0.0, Avg:  0.0, Max:  0.0, Diff:  0.0, Sum:  0.0, Workers: 4
[89.177s][debug][gc,phases      ] GC(13)     Dead                           Min: 0, Avg:  0.0, Max: 0, Diff: 0, Sum: 0, Workers: 4
[89.177s][debug][gc,phases      ] GC(13)     Total                          Min: 0, Avg:  0.0, Max: 0, Diff: 0, Sum: 0, Workers: 4
[89.177s][debug][gc,phases      ] GC(13)   StringTable Weak               Min:  0.0, Avg:  0.2, Max:  0.3, Diff:  0.3, Sum:  0.8, Workers: 4
[89.177s][debug][gc,phases      ] GC(13)     Dead                           Min: 0, Avg:  0.0, Max: 0, Diff: 0, Sum: 0, Workers: 4
[89.178s][debug][gc,phases      ] GC(13)     Total                          Min: 0, Avg: 11367.8, Max: 15263, Diff: 15263, Sum: 45471, Workers: 4
[89.178s][debug][gc,phases      ] GC(13)   ResolvedMethodTable Weak       Min:  0.0, Avg:  0.1, Max:  0.1, Diff:  0.1, Sum:  0.2, Workers: 4
[89.178s][debug][gc,phases      ] GC(13)     Dead                           Min: 0, Avg:  0.0, Max: 0, Diff: 0, Sum: 0, Workers: 4
[89.178s][debug][gc,phases      ] GC(13)     Total                          Min: 0, Avg: 3589.5, Max: 4839, Diff: 4839, Sum: 14358, Workers: 4
[89.178s][debug][gc,phases      ] GC(13)   JNI Weak                       Min:  0.0, Avg:  0.0, Max:  0.0, Diff:  0.0, Sum:  0.0, Workers: 4
[89.178s][debug][gc,phases      ] GC(13)     Dead                           Min: 0, Avg:  0.0, Max: 0, Diff: 0, Sum: 0, Workers: 4
[89.178s][debug][gc,phases      ] GC(13)     Total                          Min: 0, Avg: 15.0, Max: 48, Diff: 48, Sum: 60, Workers: 4
[89.178s][debug][gc,phases      ] GC(13)   StringDedup Table Weak         Min:  0.0, Avg:  0.0, Max:  0.0, Diff:  0.0, Sum:  0.0, Workers: 4
[89.178s][debug][gc,phases      ] GC(13)     Dead                           Min: 0, Avg:  0.0, Max: 0, Diff: 0, Sum: 0, Workers: 4
[89.178s][debug][gc,phases      ] GC(13)     Total                          Min: 0, Avg:  0.0, Max: 0, Diff: 0, Sum: 0, Workers: 4
[89.178s][debug][gc,phases      ] GC(13)   StringDedup Requests0 Weak     Min:  0.0, Avg:  0.0, Max:  0.0, Diff:  0.0, Sum:  0.0, Workers: 4
[89.178s][debug][gc,phases      ] GC(13)     Dead                           Min: 0, Avg:  0.0, Max: 0, Diff: 0, Sum: 0, Workers: 4
[89.178s][debug][gc,phases      ] GC(13)     Total                          Min: 0, Avg:  0.0, Max: 0, Diff: 0, Sum: 0, Workers: 4
[89.178s][debug][gc,phases      ] GC(13)   StringDedup Requests1 Weak     Min:  0.0, Avg:  0.0, Max:  0.0, Diff:  0.0, Sum:  0.0, Workers: 4
[89.178s][debug][gc,phases      ] GC(13)     Dead                           Min: 0, Avg:  0.0, Max: 0, Diff: 0, Sum: 0, Workers: 4
[89.178s][debug][gc,phases      ] GC(13)     Total                          Min: 0, Avg:  0.0, Max: 0, Diff: 0, Sum: 0, Workers: 4
[89.178s][debug][gc,phases      ] GC(13)   Weak JFR Old Object Samples    Min:  0.0, Avg:  0.0, Max:  0.0, Diff:  0.0, Sum:  0.0, Workers: 4
[89.178s][debug][gc,phases      ] GC(13)     Dead                           Min: 0, Avg:  0.0, Max: 0, Diff: 0, Sum: 0, Workers: 4
[89.178s][debug][gc,phases      ] GC(13)     Total                          Min: 0, Avg:  0.0, Max: 0, Diff: 0, Sum: 0, Workers: 4
[89.178s][debug][gc,phases      ] GC(13) Weak Processing 0.562ms
[89.178s][debug][gc,phases      ] GC(13) ClassLoaderData 0.131ms
[89.178s][debug][gc,phases      ] GC(13) Trigger cleanups 0.000ms
[89.225s][debug][gc,phases      ] GC(13) Purge Unlinked NMethods 1.608ms
[89.225s][debug][gc,phases      ] GC(13) Unregister NMethods 0.004ms
[89.226s][debug][gc,phases      ] GC(13) Free Code Blobs 0.301ms
[89.226s][debug][gc,phases      ] GC(13) Class Unloading 48.191ms
[89.226s][debug][gc,phases      ] GC(13) Report Object Count 0.001ms
[89.226s][info ][gc,phases      ] GC(13) Marking Phase 138.877ms
[89.226s][info ][gc,phases,start] GC(13) Summary Phase
[89.226s][info ][gc,phases      ] GC(13) Summary Phase 0.011ms
[89.226s][info ][gc,phases,start] GC(13) Adjust Roots
[89.254s][info ][gc,phases      ] GC(13) Adjust Roots 27.891ms
[89.254s][info ][gc,phases,start] GC(13) Compaction Phase
[89.522s][info ][gc,phases      ] GC(13) Compaction Phase 268.021ms
[89.522s][info ][gc,phases,start] GC(13) Post Compact
[89.524s][debug][gc,phases      ] GC(13) Purge Class Loader Data 0.396ms
[89.524s][info ][gc,phases      ] GC(13) Post Compact 1.914ms
[89.524s][info ][gc,heap        ] GC(13) PSYoungGen: 108181K(1823744K)->74331K(1823744K) Eden: 0K(1564672K)->0K(1564672K) From: 108181K(259072K)->74331K(259072K)
[89.524s][info ][gc,heap        ] GC(13) ParOldGen: 187363K(187392K)->187261K(187392K)
[89.524s][info ][gc,metaspace   ] GC(13) Metaspace: 103139K(104320K)->103139K(104320K) NonClass: 87440K(88128K)->87440K(88128K) Class: 15698K(16192K)->15698K(16192K)
[89.524s][info ][gc             ] GC(13) Pause Full (CodeCache GC Threshold) 288M->255M(1964M) 436.901ms
[89.524s][info ][gc,cpu         ] GC(13) User=1.43s Sys=0.01s Real=0.43s
[89.524s][info ][safepoint      ] Safepoint "ParallelGCSystemGC", Time since last: 14384791 ns, Reaching safepoint: 6000 ns, Cleanup: 10500 ns, At safepoint: 489962830 ns, Total: 489979330 ns
[89.801s][info ][safepoint      ] Safepoint "ICBufferFull", Time since last: 276590825 ns, Reaching safepoint: 83502 ns, Cleanup: 198306 ns, At safepoint: 5700 ns, Total: 287508 ns
[89.993s][info ][safepoint      ] Safepoint "ICBufferFull", Time since last: 191782818 ns, Reaching safepoint: 8100 ns, Cleanup: 128903 ns, At safepoint: 2700 ns, Total: 139703 ns
[90.136s][info ][safepoint      ] Safepoint "ICBufferFull", Time since last: 143334000 ns, Reaching safepoint: 7100 ns, Cleanup: 145004 ns, At safepoint: 11500 ns, Total: 163604 ns
[91.210s][info ][safepoint      ] Safepoint "Cleanup", Time since last: 1073435104 ns, Reaching safepoint: 7200 ns, Cleanup: 96203 ns, At safepoint: 2300 ns, Total: 105703 ns
[92.005s][info ][safepoint      ] Safepoint "ICBufferFull", Time since last: 794884024 ns, Reaching safepoint: 6300 ns, Cleanup: 170507 ns, At safepoint: 3100 ns, Total: 179907 ns
[93.005s][info ][safepoint      ] Safepoint "Cleanup", Time since last: 1000106178 ns, Reaching safepoint: 6300 ns, Cleanup: 32101 ns, At safepoint: 2100 ns, Total: 40501 ns
[94.005s][info ][safepoint      ] Safepoint "Cleanup", Time since last: 1000110678 ns, Reaching safepoint: 6300 ns, Cleanup: 129405 ns, At safepoint: 2200 ns, Total: 137905 ns
[95.006s][info ][safepoint      ] Safepoint "Cleanup", Time since last: 1000103478 ns, Reaching safepoint: 6400 ns, Cleanup: 36501 ns, At safepoint: 2700 ns, Total: 45601 ns
[96.006s][info ][safepoint      ] Safepoint "Cleanup", Time since last: 1000107078 ns, Reaching safepoint: 5600 ns, Cleanup: 71603 ns, At safepoint: 2400 ns, Total: 79603 ns
[97.006s][info ][safepoint      ] Safepoint "Cleanup", Time since last: 1000119932 ns, Reaching safepoint: 8400 ns, Cleanup: 28401 ns, At safepoint: 3200 ns, Total: 40001 ns
[98.006s][info ][safepoint      ] Safepoint "Cleanup", Time since last: 1000112793 ns, Reaching safepoint: 6400 ns, Cleanup: 10200 ns, At safepoint: 2600 ns, Total: 19200 ns
[99.006s][info ][safepoint      ] Safepoint "Cleanup", Time since last: 1000107593 ns, Reaching safepoint: 6200 ns, Cleanup: 30701 ns, At safepoint: 2200 ns, Total: 39101 ns
[100.006s][info ][safepoint      ] Safepoint "Cleanup", Time since last: 1000110432 ns, Reaching safepoint: 6300 ns, Cleanup: 117105 ns, At safepoint: 2100 ns, Total: 125505 ns
[101.007s][info ][safepoint      ] Safepoint "Cleanup", Time since last: 1000120049 ns, Reaching safepoint: 9000 ns, Cleanup: 28901 ns, At safepoint: 2600 ns, Total: 40501 ns
[102.007s][info ][safepoint      ] Safepoint "Cleanup", Time since last: 1000117650 ns, Reaching safepoint: 6400 ns, Cleanup: 35601 ns, At safepoint: 2100 ns, Total: 44101 ns
[103.007s][info ][safepoint      ] Safepoint "Cleanup", Time since last: 1000115849 ns, Reaching safepoint: 8701 ns, Cleanup: 73002 ns, At safepoint: 4600 ns, Total: 86303 ns
[104.007s][info ][safepoint      ] Safepoint "Cleanup", Time since last: 1000114049 ns, Reaching safepoint: 6101 ns, Cleanup: 24701 ns, At safepoint: 2700 ns, Total: 33502 ns
[105.007s][info ][safepoint      ] Safepoint "Cleanup", Time since last: 1000104522 ns, Reaching safepoint: 6500 ns, Cleanup: 28501 ns, At safepoint: 2700 ns, Total: 37701 ns
[106.007s][info ][safepoint      ] Safepoint "Cleanup", Time since last: 1000124936 ns, Reaching safepoint: 5700 ns, Cleanup: 75902 ns, At safepoint: 2600 ns, Total: 84202 ns
[107.008s][info ][safepoint      ] Safepoint "Cleanup", Time since last: 1000096136 ns, Reaching safepoint: 6000 ns, Cleanup: 15700 ns, At safepoint: 2400 ns, Total: 24100 ns
[108.008s][info ][safepoint      ] Safepoint "Cleanup", Time since last: 1000116636 ns, Reaching safepoint: 6800 ns, Cleanup: 21301 ns, At safepoint: 2300 ns, Total: 30401 ns
[109.008s][info ][safepoint      ] Safepoint "Cleanup", Time since last: 1000117291 ns, Reaching safepoint: 6501 ns, Cleanup: 22800 ns, At safepoint: 2500 ns, Total: 31801 ns
[110.008s][info ][safepoint      ] Safepoint "Cleanup", Time since last: 1000130579 ns, Reaching safepoint: 8900 ns, Cleanup: 35002 ns, At safepoint: 3000 ns, Total: 46902 ns
[111.008s][info ][safepoint      ] Safepoint "Cleanup", Time since last: 1000121478 ns, Reaching safepoint: 7100 ns, Cleanup: 12101 ns, At safepoint: 2600 ns, Total: 21801 ns
[112.008s][info ][safepoint      ] Safepoint "Cleanup", Time since last: 1000107777 ns, Reaching safepoint: 6901 ns, Cleanup: 10100 ns, At safepoint: 2800 ns, Total: 19801 ns
[113.008s][info ][safepoint      ] Safepoint "Cleanup", Time since last: 1000106711 ns, Reaching safepoint: 6200 ns, Cleanup: 23801 ns, At safepoint: 2900 ns, Total: 32901 ns
[114.009s][info ][safepoint      ] Safepoint "Cleanup", Time since last: 1000099028 ns, Reaching safepoint: 6601 ns, Cleanup: 38401 ns, At safepoint: 3200 ns, Total: 48202 ns
[115.009s][info ][safepoint      ] Safepoint "Cleanup", Time since last: 1000101528 ns, Reaching safepoint: 6900 ns, Cleanup: 16101 ns, At safepoint: 2700 ns, Total: 25701 ns
[116.009s][info ][safepoint      ] Safepoint "Cleanup", Time since last: 1000117928 ns, Reaching safepoint: 7101 ns, Cleanup: 35301 ns, At safepoint: 2800 ns, Total: 45202 ns
[117.009s][info ][safepoint      ] Safepoint "Cleanup", Time since last: 1000117710 ns, Reaching safepoint: 7501 ns, Cleanup: 15500 ns, At safepoint: 2400 ns, Total: 25401 ns
[117.841s][info ][gc,start       ] GC(14) Pause Young (Allocation Failure)
[117.905s][debug][gc,phases      ] GC(14) Scavenge 63.774ms
[117.905s][debug][gc,ref         ] GC(14) ReferenceProcessor::execute queues: 1, RefProcThreadModel::Single, marks_oops_alive: false
[117.905s][debug][gc,ref         ] GC(14) Skipped KeepAliveFinalRefsPhase of Reference Processing: no references
[117.905s][debug][gc,ref         ] GC(14) ReferenceProcessor::execute queues: 1, RefProcThreadModel::Single, marks_oops_alive: false
[117.905s][debug][gc,phases      ] GC(14) Reference Processing 0.159ms
[117.905s][debug][gc,phases      ] GC(14)   VM Weak                        Min:  0.0, Avg:  0.0, Max:  0.0, Diff:  0.0, Sum:  0.0, Workers: 4
[117.905s][debug][gc,phases      ] GC(14)     Dead                           Min: 0, Avg:  0.0, Max: 0, Diff: 0, Sum: 0, Workers: 4
[117.905s][debug][gc,phases      ] GC(14)     Total                          Min: 64, Avg: 227.5, Max: 334, Diff: 270, Sum: 910, Workers: 4
[117.905s][debug][gc,phases      ] GC(14)   ObjectSynchronizer Weak        Min:  0.0, Avg:  0.0, Max:  0.0, Diff:  0.0, Sum:  0.0, Workers: 4
[117.905s][debug][gc,phases      ] GC(14)     Dead                           Min: 0, Avg:  0.2, Max: 1, Diff: 1, Sum: 1, Workers: 4
[117.905s][debug][gc,phases      ] GC(14)     Total                          Min: 0, Avg:  2.2, Max: 9, Diff: 9, Sum: 9, Workers: 4
[117.905s][debug][gc,phases      ] GC(14)   JVMTI Tag Weak OopStorage      Min:  0.0, Avg:  0.0, Max:  0.0, Diff:  0.0, Sum:  0.0, Workers: 4
[117.905s][debug][gc,phases      ] GC(14)     Dead                           Min: 0, Avg:  0.0, Max: 0, Diff: 0, Sum: 0, Workers: 4
[117.905s][debug][gc,phases      ] GC(14)     Total                          Min: 0, Avg:  0.0, Max: 0, Diff: 0, Sum: 0, Workers: 4
[117.905s][debug][gc,phases      ] GC(14)   StringTable Weak               Min:  0.1, Avg:  0.1, Max:  0.1, Diff:  0.0, Sum:  0.5, Workers: 4
[117.905s][debug][gc,phases      ] GC(14)     Dead                           Min: 0, Avg:  2.0, Max: 5, Diff: 5, Sum: 8, Workers: 4
[117.905s][debug][gc,phases      ] GC(14)     Total                          Min: 10240, Avg: 11441.2, Max: 11973, Diff: 1733, Sum: 45765, Workers: 4
[117.905s][debug][gc,phases      ] GC(14)   ResolvedMethodTable Weak       Min:  0.1, Avg:  0.1, Max:  0.1, Diff:  0.0, Sum:  0.3, Workers: 4
[117.905s][debug][gc,phases      ] GC(14)     Dead                           Min: 3, Avg: 12.2, Max: 23, Diff: 20, Sum: 49, Workers: 4
[117.905s][debug][gc,phases      ] GC(14)     Total                          Min: 3377, Avg: 3649.8, Max: 4067, Diff: 690, Sum: 14599, Workers: 4
[117.905s][debug][gc,phases      ] GC(14)   JNI Weak                       Min:  0.0, Avg:  0.0, Max:  0.0, Diff:  0.0, Sum:  0.0, Workers: 4
[117.905s][debug][gc,phases      ] GC(14)     Dead                           Min: 0, Avg:  0.0, Max: 0, Diff: 0, Sum: 0, Workers: 4
[117.905s][debug][gc,phases      ] GC(14)     Total                          Min: 0, Avg: 13.0, Max: 48, Diff: 48, Sum: 52, Workers: 4
[117.905s][debug][gc,phases      ] GC(14)   StringDedup Table Weak         Min:  0.0, Avg:  0.0, Max:  0.0, Diff:  0.0, Sum:  0.0, Workers: 4
[117.905s][debug][gc,phases      ] GC(14)     Dead                           Min: 0, Avg:  0.0, Max: 0, Diff: 0, Sum: 0, Workers: 4
[117.905s][debug][gc,phases      ] GC(14)     Total                          Min: 0, Avg:  0.0, Max: 0, Diff: 0, Sum: 0, Workers: 4
[117.905s][debug][gc,phases      ] GC(14)   StringDedup Requests0 Weak     Min:  0.0, Avg:  0.0, Max:  0.0, Diff:  0.0, Sum:  0.0, Workers: 4
[117.905s][debug][gc,phases      ] GC(14)     Dead                           Min: 0, Avg:  0.0, Max: 0, Diff: 0, Sum: 0, Workers: 4
[117.905s][debug][gc,phases      ] GC(14)     Total                          Min: 0, Avg:  0.0, Max: 0, Diff: 0, Sum: 0, Workers: 4
[117.905s][debug][gc,phases      ] GC(14)   StringDedup Requests1 Weak     Min:  0.0, Avg:  0.0, Max:  0.0, Diff:  0.0, Sum:  0.0, Workers: 4
[117.905s][debug][gc,phases      ] GC(14)     Dead                           Min: 0, Avg:  0.0, Max: 0, Diff: 0, Sum: 0, Workers: 4
[117.905s][debug][gc,phases      ] GC(14)     Total                          Min: 0, Avg:  0.0, Max: 0, Diff: 0, Sum: 0, Workers: 4
[117.905s][debug][gc,phases      ] GC(14)   Weak JFR Old Object Samples    Min:  0.0, Avg:  0.0, Max:  0.0, Diff:  0.0, Sum:  0.0, Workers: 4
[117.905s][debug][gc,phases      ] GC(14)     Dead                           Min: 0, Avg:  0.0, Max: 0, Diff: 0, Sum: 0, Workers: 4
[117.905s][debug][gc,phases      ] GC(14)     Total                          Min: 0, Avg:  0.0, Max: 0, Diff: 0, Sum: 0, Workers: 4
[117.905s][debug][gc,phases      ] GC(14) Weak Processing 0.408ms
[117.905s][debug][gc,age         ] GC(14) Desired survivor size 257949696 bytes, new threshold 1 (max threshold 15)
[117.905s][info ][gc,heap        ] GC(14) PSYoungGen: 1639003K(1823744K)->35814K(1842176K) Eden: 1564672K(1564672K)->0K(1593344K) From: 74331K(259072K)->35814K(248832K)
[117.905s][info ][gc,heap        ] GC(14) ParOldGen: 187261K(187392K)->250861K(250880K)
[117.905s][info ][gc,metaspace   ] GC(14) Metaspace: 104309K(105472K)->104309K(105472K) NonClass: 88478K(89152K)->88478K(89152K) Class: 15830K(16320K)->15830K(16320K)
[117.905s][info ][gc             ] GC(14) Pause Young (Allocation Failure) 1783M->279M(2044M) 64.493ms
[117.905s][info ][gc,cpu         ] GC(14) User=0.21s Sys=0.03s Real=0.07s
[117.905s][info ][safepoint      ] Safepoint "ParallelGCFailedAllocation", Time since last: 831644486 ns, Reaching safepoint: 6900 ns, Cleanup: 32701 ns, At safepoint: 64577590 ns, Total: 64617191 ns
[118.905s][info ][safepoint      ] Safepoint "Cleanup", Time since last: 1000086557 ns, Reaching safepoint: 6300 ns, Cleanup: 19101 ns, At safepoint: 2500 ns, Total: 27901 ns
[120.114s][info ][safepoint      ] Safepoint "Cleanup", Time since last: 1208991064 ns, Reaching safepoint: 3600 ns, Cleanup: 23301 ns, At safepoint: 4500 ns, Total: 31401 ns
[121.115s][info ][safepoint      ] Safepoint "Cleanup", Time since last: 1000190030 ns, Reaching safepoint: 7300 ns, Cleanup: 10301 ns, At safepoint: 3000 ns, Total: 20601 ns
[122.115s][info ][safepoint      ] Safepoint "Cleanup", Time since last: 1000130140 ns, Reaching safepoint: 7300 ns, Cleanup: 66002 ns, At safepoint: 2900 ns, Total: 76202 ns
[123.115s][info ][safepoint      ] Safepoint "Cleanup", Time since last: 1000132340 ns, Reaching safepoint: 9801 ns, Cleanup: 38701 ns, At safepoint: 3300 ns, Total: 51802 ns
[124.115s][info ][safepoint      ] Safepoint "Cleanup", Time since last: 1000117539 ns, Reaching safepoint: 5901 ns, Cleanup: 104503 ns, At safepoint: 2300 ns, Total: 112704 ns
[125.115s][info ][safepoint      ] Safepoint "Cleanup", Time since last: 1000098439 ns, Reaching safepoint: 7700 ns, Cleanup: 62002 ns, At safepoint: 2600 ns, Total: 72302 ns
[126.116s][info ][safepoint      ] Safepoint "Cleanup", Time since last: 1000107540 ns, Reaching safepoint: 6100 ns, Cleanup: 10900 ns, At safepoint: 2600 ns, Total: 19600 ns
[127.116s][info ][safepoint      ] Safepoint "Cleanup", Time since last: 1000110970 ns, Reaching safepoint: 7000 ns, Cleanup: 10600 ns, At safepoint: 2801 ns, Total: 20401 ns
[128.116s][info ][safepoint      ] Safepoint "Cleanup", Time since last: 1000098882 ns, Reaching safepoint: 6400 ns, Cleanup: 53202 ns, At safepoint: 2600 ns, Total: 62202 ns
[129.116s][info ][safepoint      ] Safepoint "Cleanup", Time since last: 1000136394 ns, Reaching safepoint: 7401 ns, Cleanup: 17200 ns, At safepoint: 3000 ns, Total: 27601 ns
[130.116s][info ][safepoint      ] Safepoint "Cleanup", Time since last: 1000129162 ns, Reaching safepoint: 9700 ns, Cleanup: 31901 ns, At safepoint: 3400 ns, Total: 45001 ns
[131.116s][info ][safepoint      ] Safepoint "Cleanup", Time since last: 1000118362 ns, Reaching safepoint: 6000 ns, Cleanup: 10200 ns, At safepoint: 2600 ns, Total: 18800 ns
[132.116s][info ][safepoint      ] Safepoint "Cleanup", Time since last: 1000111747 ns, Reaching safepoint: 9200 ns, Cleanup: 18501 ns, At safepoint: 3100 ns, Total: 30801 ns
[133.117s][info ][safepoint      ] Safepoint "Cleanup", Time since last: 1000120143 ns, Reaching safepoint: 6500 ns, Cleanup: 7701 ns, At safepoint: 2600 ns, Total: 16801 ns
[134.117s][info ][safepoint      ] Safepoint "Cleanup", Time since last: 1000112442 ns, Reaching safepoint: 6001 ns, Cleanup: 25701 ns, At safepoint: 2400 ns, Total: 34102 ns
[135.117s][info ][safepoint      ] Safepoint "Cleanup", Time since last: 1000103442 ns, Reaching safepoint: 6700 ns, Cleanup: 53402 ns, At safepoint: 2700 ns, Total: 62802 ns
[136.117s][info ][safepoint      ] Safepoint "Cleanup", Time since last: 1000120543 ns, Reaching safepoint: 7801 ns, Cleanup: 26701 ns, At safepoint: 3300 ns, Total: 37802 ns
[137.555s][info ][safepoint      ] Safepoint "Cleanup", Time since last: 1438015080 ns, Reaching safepoint: 81303 ns, Cleanup: 83302 ns, At safepoint: 7000 ns, Total: 171605 ns
[138.555s][info ][safepoint      ] Safepoint "Cleanup", Time since last: 1000113070 ns, Reaching safepoint: 78102 ns, Cleanup: 46301 ns, At safepoint: 6100 ns, Total: 130503 ns
[139.556s][info ][safepoint      ] Safepoint "Cleanup", Time since last: 1000119670 ns, Reaching safepoint: 6000 ns, Cleanup: 26201 ns, At safepoint: 2600 ns, Total: 34801 ns
[140.560s][info ][safepoint      ] Safepoint "Cleanup", Time since last: 1000938792 ns, Reaching safepoint: 125903 ns, Cleanup: 123704 ns, At safepoint: 3534295 ns, Total: 3783902 ns
[140.820s][info ][safepoint      ] Safepoint "ParallelGCFailedAllocation", Time since last: 259222486 ns, Reaching safepoint: 7900 ns, Cleanup: 19301 ns, At safepoint: 11900 ns, Total: 39101 ns
[140.820s][info ][gc,start       ] GC(15) Pause Young (GCLocker Initiated GC)
[140.847s][debug][gc,phases      ] GC(15) Scavenge 26.264ms
[140.847s][debug][gc,ref         ] GC(15) ReferenceProcessor::execute queues: 1, RefProcThreadModel::Single, marks_oops_alive: false
[140.847s][debug][gc,ref         ] GC(15) Skipped KeepAliveFinalRefsPhase of Reference Processing: no references
[140.847s][debug][gc,ref         ] GC(15) ReferenceProcessor::execute queues: 1, RefProcThreadModel::Single, marks_oops_alive: false
[140.847s][debug][gc,phases      ] GC(15) Reference Processing 0.134ms
[140.847s][debug][gc,phases      ] GC(15)   VM Weak                        Min:  0.0, Avg:  0.0, Max:  0.0, Diff:  0.0, Sum:  0.0, Workers: 4
[140.847s][debug][gc,phases      ] GC(15)     Dead                           Min: 0, Avg:  0.0, Max: 0, Diff: 0, Sum: 0, Workers: 4
[140.847s][debug][gc,phases      ] GC(15)     Total                          Min: 0, Avg: 229.2, Max: 512, Diff: 512, Sum: 917, Workers: 4
[140.847s][debug][gc,phases      ] GC(15)   ObjectSynchronizer Weak        Min:  0.0, Avg:  0.0, Max:  0.0, Diff:  0.0, Sum:  0.0, Workers: 4
[140.847s][debug][gc,phases      ] GC(15)     Dead                           Min: 0, Avg:  0.0, Max: 0, Diff: 0, Sum: 0, Workers: 4
[140.847s][debug][gc,phases      ] GC(15)     Total                          Min: 0, Avg:  1.5, Max: 6, Diff: 6, Sum: 6, Workers: 4
[140.847s][debug][gc,phases      ] GC(15)   JVMTI Tag Weak OopStorage      Min:  0.0, Avg:  0.0, Max:  0.0, Diff:  0.0, Sum:  0.0, Workers: 4
[140.847s][debug][gc,phases      ] GC(15)     Dead                           Min: 0, Avg:  0.0, Max: 0, Diff: 0, Sum: 0, Workers: 4
[140.847s][debug][gc,phases      ] GC(15)     Total                          Min: 0, Avg:  0.0, Max: 0, Diff: 0, Sum: 0, Workers: 4
[140.847s][debug][gc,phases      ] GC(15)   StringTable Weak               Min:  0.1, Avg:  0.1, Max:  0.1, Diff:  0.0, Sum:  0.4, Workers: 4
[140.847s][debug][gc,phases      ] GC(15)     Dead                           Min: 0, Avg:  0.5, Max: 2, Diff: 2, Sum: 2, Workers: 4
[140.847s][debug][gc,phases      ] GC(15)     Total                          Min: 10240, Avg: 11462.0, Max: 12288, Diff: 2048, Sum: 45848, Workers: 4
[140.847s][debug][gc,phases      ] GC(15)   ResolvedMethodTable Weak       Min:  0.0, Avg:  0.0, Max:  0.0, Diff:  0.0, Sum:  0.2, Workers: 4
[140.847s][debug][gc,phases      ] GC(15)     Dead                           Min: 0, Avg:  5.8, Max: 16, Diff: 16, Sum: 23, Workers: 4
[140.847s][debug][gc,phases      ] GC(15)     Total                          Min: 3378, Avg: 3662.0, Max: 3771, Diff: 393, Sum: 14648, Workers: 4
[140.847s][debug][gc,phases      ] GC(15)   JNI Weak                       Min:  0.0, Avg:  0.0, Max:  0.0, Diff:  0.0, Sum:  0.0, Workers: 4
[140.847s][debug][gc,phases      ] GC(15)     Dead                           Min: 0, Avg:  0.0, Max: 0, Diff: 0, Sum: 0, Workers: 4
[140.847s][debug][gc,phases      ] GC(15)     Total                          Min: 0, Avg: 14.0, Max: 48, Diff: 48, Sum: 56, Workers: 4
[140.847s][debug][gc,phases      ] GC(15)   StringDedup Table Weak         Min:  0.0, Avg:  0.0, Max:  0.0, Diff:  0.0, Sum:  0.0, Workers: 4
[140.847s][debug][gc,phases      ] GC(15)     Dead                           Min: 0, Avg:  0.0, Max: 0, Diff: 0, Sum: 0, Workers: 4
[140.847s][debug][gc,phases      ] GC(15)     Total                          Min: 0, Avg:  0.0, Max: 0, Diff: 0, Sum: 0, Workers: 4
[140.847s][debug][gc,phases      ] GC(15)   StringDedup Requests0 Weak     Min:  0.0, Avg:  0.0, Max:  0.0, Diff:  0.0, Sum:  0.0, Workers: 4
[140.847s][debug][gc,phases      ] GC(15)     Dead                           Min: 0, Avg:  0.0, Max: 0, Diff: 0, Sum: 0, Workers: 4
[140.847s][debug][gc,phases      ] GC(15)     Total                          Min: 0, Avg:  0.0, Max: 0, Diff: 0, Sum: 0, Workers: 4
[140.847s][debug][gc,phases      ] GC(15)   StringDedup Requests1 Weak     Min:  0.0, Avg:  0.0, Max:  0.0, Diff:  0.0, Sum:  0.0, Workers: 4
[140.847s][debug][gc,phases      ] GC(15)     Dead                           Min: 0, Avg:  0.0, Max: 0, Diff: 0, Sum: 0, Workers: 4
[140.847s][debug][gc,phases      ] GC(15)     Total                          Min: 0, Avg:  0.0, Max: 0, Diff: 0, Sum: 0, Workers: 4
[140.847s][debug][gc,phases      ] GC(15)   Weak JFR Old Object Samples    Min:  0.0, Avg:  0.0, Max:  0.0, Diff:  0.0, Sum:  0.0, Workers: 4
[140.847s][debug][gc,phases      ] GC(15)     Dead                           Min: 0, Avg:  0.0, Max: 0, Diff: 0, Sum: 0, Workers: 4
[140.847s][debug][gc,phases      ] GC(15)     Total                          Min: 0, Avg:  0.0, Max: 0, Diff: 0, Sum: 0, Workers: 4
[140.847s][debug][gc,phases      ] GC(15) Weak Processing 0.354ms
[140.847s][debug][gc,age         ] GC(15) Desired survivor size 260046848 bytes, new threshold 1 (max threshold 15)
[140.847s][info ][gc,heap        ] GC(15) PSYoungGen: 1629158K(1842176K)->26485K(1619968K) Eden: 1593344K(1593344K)->0K(1593344K) From: 35814K(248832K)->26485K(26624K)
[140.847s][info ][gc,heap        ] GC(15) ParOldGen: 250895K(251392K)->277862K(278016K)
[140.847s][info ][gc,metaspace   ] GC(15) Metaspace: 104612K(105856K)->104612K(105856K) NonClass: 88760K(89472K)->88760K(89472K) Class: 15852K(16384K)->15852K(16384K)
[140.847s][info ][gc             ] GC(15) Pause Young (GCLocker Initiated GC) 1835M->297M(1853M) 26.868ms
[140.847s][info ][gc,cpu         ] GC(15) User=0.08s Sys=0.01s Real=0.03s
[140.847s][info ][safepoint      ] Safepoint "ParallelGCSystemGC", Time since last: 551718 ns, Reaching safepoint: 3000 ns, Cleanup: 1700 ns, At safepoint: 26949772 ns, Total: 26954472 ns
[141.874s][info ][safepoint      ] Safepoint "Cleanup", Time since last: 1026886928 ns, Reaching safepoint: 7300 ns, Cleanup: 155706 ns, At safepoint: 2700 ns, Total: 165706 ns
[142.874s][info ][safepoint      ] Safepoint "Cleanup", Time since last: 1000111561 ns, Reaching safepoint: 6700 ns, Cleanup: 14201 ns, At safepoint: 2400 ns, Total: 23301 ns
[143.874s][info ][safepoint      ] Safepoint "Cleanup", Time since last: 1000112261 ns, Reaching safepoint: 6601 ns, Cleanup: 15600 ns, At safepoint: 3300 ns, Total: 25501 ns
[144.875s][info ][safepoint      ] Safepoint "Cleanup", Time since last: 1000120945 ns, Reaching safepoint: 6900 ns, Cleanup: 32301 ns, At safepoint: 2400 ns, Total: 41601 ns
[145.875s][info ][safepoint      ] Safepoint "Cleanup", Time since last: 1000123523 ns, Reaching safepoint: 8900 ns, Cleanup: 24401 ns, At safepoint: 3300 ns, Total: 36601 ns
[146.875s][info ][safepoint      ] Safepoint "Cleanup", Time since last: 1000119323 ns, Reaching safepoint: 6700 ns, Cleanup: 8800 ns, At safepoint: 2500 ns, Total: 18000 ns
[147.882s][info ][safepoint      ] Safepoint "Cleanup", Time since last: 1007059919 ns, Reaching safepoint: 99003 ns, Cleanup: 22301 ns, At safepoint: 14400 ns, Total: 135704 ns
[148.882s][info ][safepoint      ] Safepoint "Cleanup", Time since last: 1000125723 ns, Reaching safepoint: 8700 ns, Cleanup: 26601 ns, At safepoint: 3400 ns, Total: 38701 ns
[149.883s][info ][safepoint      ] Safepoint "Cleanup", Time since last: 1000140124 ns, Reaching safepoint: 86902 ns, Cleanup: 111403 ns, At safepoint: 11401 ns, Total: 209706 ns
[150.883s][info ][safepoint      ] Safepoint "Cleanup", Time since last: 1000124463 ns, Reaching safepoint: 7300 ns, Cleanup: 44201 ns, At safepoint: 2500 ns, Total: 54001 ns
[151.883s][info ][safepoint      ] Safepoint "Cleanup", Time since last: 1000113621 ns, Reaching safepoint: 7300 ns, Cleanup: 46501 ns, At safepoint: 2900 ns, Total: 56701 ns
[152.884s][info ][safepoint      ] Safepoint "Cleanup", Time since last: 1000994357 ns, Reaching safepoint: 85602 ns, Cleanup: 48801 ns, At safepoint: 14400 ns, Total: 148803 ns
[153.707s][info ][gc,start       ] GC(16) Pause Young (Allocation Failure)
[153.741s][debug][gc,phases      ] GC(16) Scavenge 33.309ms
[153.741s][debug][gc,ref         ] GC(16) ReferenceProcessor::execute queues: 1, RefProcThreadModel::Single, marks_oops_alive: false
[153.741s][debug][gc,ref         ] GC(16) Skipped KeepAliveFinalRefsPhase of Reference Processing: no references
[153.741s][debug][gc,ref         ] GC(16) ReferenceProcessor::execute queues: 1, RefProcThreadModel::Single, marks_oops_alive: false
[153.741s][debug][gc,phases      ] GC(16) Reference Processing 0.135ms
[153.741s][debug][gc,phases      ] GC(16)   VM Weak                        Min:  0.0, Avg:  0.0, Max:  0.0, Diff:  0.0, Sum:  0.0, Workers: 4
[153.741s][debug][gc,phases      ] GC(16)     Dead                           Min: 0, Avg:  0.0, Max: 0, Diff: 0, Sum: 0, Workers: 4
[153.741s][debug][gc,phases      ] GC(16)     Total                          Min: 0, Avg: 229.2, Max: 597, Diff: 597, Sum: 917, Workers: 4
[153.741s][debug][gc,phases      ] GC(16)   ObjectSynchronizer Weak        Min:  0.0, Avg:  0.0, Max:  0.0, Diff:  0.0, Sum:  0.0, Workers: 4
[153.741s][debug][gc,phases      ] GC(16)     Dead                           Min: 0, Avg:  0.2, Max: 1, Diff: 1, Sum: 1, Workers: 4
[153.741s][debug][gc,phases      ] GC(16)     Total                          Min: 0, Avg:  1.8, Max: 7, Diff: 7, Sum: 7, Workers: 4
[153.741s][debug][gc,phases      ] GC(16)   JVMTI Tag Weak OopStorage      Min:  0.0, Avg:  0.0, Max:  0.0, Diff:  0.0, Sum:  0.0, Workers: 4
[153.741s][debug][gc,phases      ] GC(16)     Dead                           Min: 0, Avg:  0.0, Max: 0, Diff: 0, Sum: 0, Workers: 4
[153.741s][debug][gc,phases      ] GC(16)     Total                          Min: 0, Avg:  0.0, Max: 0, Diff: 0, Sum: 0, Workers: 4
[153.741s][debug][gc,phases      ] GC(16)   StringTable Weak               Min:  0.0, Avg:  0.1, Max:  0.2, Diff:  0.2, Sum:  0.5, Workers: 4
[153.741s][debug][gc,phases      ] GC(16)     Dead                           Min: 0, Avg:  0.5, Max: 2, Diff: 2, Sum: 2, Workers: 4
[153.741s][debug][gc,phases      ] GC(16)     Total                          Min: 0, Avg: 11477.8, Max: 20800, Diff: 20800, Sum: 45911, Workers: 4
[153.741s][debug][gc,phases      ] GC(16)   ResolvedMethodTable Weak       Min:  0.0, Avg:  0.0, Max:  0.1, Diff:  0.1, Sum:  0.2, Workers: 4
[153.741s][debug][gc,phases      ] GC(16)     Dead                           Min: 0, Avg:  0.8, Max: 2, Diff: 2, Sum: 3, Workers: 4
[153.741s][debug][gc,phases      ] GC(16)     Total                          Min: 0, Avg: 3668.0, Max: 5059, Diff: 5059, Sum: 14672, Workers: 4
[153.741s][debug][gc,phases      ] GC(16)   JNI Weak                       Min:  0.0, Avg:  0.0, Max:  0.0, Diff:  0.0, Sum:  0.0, Workers: 4
[153.741s][debug][gc,phases      ] GC(16)     Dead                           Min: 0, Avg:  0.0, Max: 0, Diff: 0, Sum: 0, Workers: 4
[153.741s][debug][gc,phases      ] GC(16)     Total                          Min: 0, Avg: 14.0, Max: 48, Diff: 48, Sum: 56, Workers: 4
[153.741s][debug][gc,phases      ] GC(16)   StringDedup Table Weak         Min:  0.0, Avg:  0.0, Max:  0.0, Diff:  0.0, Sum:  0.0, Workers: 4
[153.741s][debug][gc,phases      ] GC(16)     Dead                           Min: 0, Avg:  0.0, Max: 0, Diff: 0, Sum: 0, Workers: 4
[153.741s][debug][gc,phases      ] GC(16)     Total                          Min: 0, Avg:  0.0, Max: 0, Diff: 0, Sum: 0, Workers: 4
[153.741s][debug][gc,phases      ] GC(16)   StringDedup Requests0 Weak     Min:  0.0, Avg:  0.0, Max:  0.0, Diff:  0.0, Sum:  0.0, Workers: 4
[153.741s][debug][gc,phases      ] GC(16)     Dead                           Min: 0, Avg:  0.0, Max: 0, Diff: 0, Sum: 0, Workers: 4
[153.741s][debug][gc,phases      ] GC(16)     Total                          Min: 0, Avg:  0.0, Max: 0, Diff: 0, Sum: 0, Workers: 4
[153.741s][debug][gc,phases      ] GC(16)   StringDedup Requests1 Weak     Min:  0.0, Avg:  0.0, Max:  0.0, Diff:  0.0, Sum:  0.0, Workers: 4
[153.741s][debug][gc,phases      ] GC(16)     Dead                           Min: 0, Avg:  0.0, Max: 0, Diff: 0, Sum: 0, Workers: 4
[153.741s][debug][gc,phases      ] GC(16)     Total                          Min: 0, Avg:  0.0, Max: 0, Diff: 0, Sum: 0, Workers: 4
[153.741s][debug][gc,phases      ] GC(16)   Weak JFR Old Object Samples    Min:  0.0, Avg:  0.0, Max:  0.0, Diff:  0.0, Sum:  0.0, Workers: 4
[153.741s][debug][gc,phases      ] GC(16)     Dead                           Min: 0, Avg:  0.0, Max: 0, Diff: 0, Sum: 0, Workers: 4
[153.741s][debug][gc,phases      ] GC(16)     Total                          Min: 0, Avg:  0.0, Max: 0, Diff: 0, Sum: 0, Workers: 4
[153.741s][debug][gc,phases      ] GC(16) Weak Processing 0.490ms
[153.741s][debug][gc,age         ] GC(16) Desired survivor size 259522560 bytes, new threshold 1 (max threshold 15)
[153.741s][info ][gc,heap        ] GC(16) PSYoungGen: 1619829K(1619968K)->26832K(1843712K) Eden: 1593344K(1593344K)->0K(1589760K) From: 26485K(26624K)->26832K(253952K)
[153.741s][info ][gc,heap        ] GC(16) ParOldGen: 278631K(279040K)->301170K(301568K)
[153.741s][info ][gc,metaspace   ] GC(16) Metaspace: 104773K(105984K)->104773K(105984K) NonClass: 88912K(89600K)->88912K(89600K) Class: 15861K(16384K)->15861K(16384K)
[153.741s][info ][gc             ] GC(16) Pause Young (Allocation Failure) 1853M->320M(2095M) 34.125ms
[153.741s][info ][gc,cpu         ] GC(16) User=0.10s Sys=0.01s Real=0.03s
[153.741s][info ][safepoint      ] Safepoint "ParallelGCFailedAllocation", Time since last: 822814642 ns, Reaching safepoint: 38301 ns, Cleanup: 45301 ns, At safepoint: 34369857 ns, Total: 34453459 ns
[154.742s][info ][safepoint      ] Safepoint "Cleanup", Time since last: 1000092350 ns, Reaching safepoint: 6600 ns, Cleanup: 23401 ns, At safepoint: 2300 ns, Total: 32301 ns
[155.742s][info ][safepoint      ] Safepoint "Cleanup", Time since last: 1000126651 ns, Reaching safepoint: 7000 ns, Cleanup: 19000 ns, At safepoint: 2700 ns, Total: 28700 ns
[156.742s][info ][safepoint      ] Safepoint "Cleanup", Time since last: 1000117662 ns, Reaching safepoint: 87103 ns, Cleanup: 34801 ns, At safepoint: 12100 ns, Total: 134004 ns
[157.742s][info ][safepoint      ] Safepoint "Cleanup", Time since last: 1000129243 ns, Reaching safepoint: 80803 ns, Cleanup: 52602 ns, At safepoint: 6700 ns, Total: 140105 ns
[158.742s][info ][safepoint      ] Safepoint "Cleanup", Time since last: 1000112442 ns, Reaching safepoint: 10401 ns, Cleanup: 29201 ns, At safepoint: 5600 ns, Total: 45202 ns
[159.743s][info ][safepoint      ] Safepoint "Cleanup", Time since last: 1000128343 ns, Reaching safepoint: 6200 ns, Cleanup: 36101 ns, At safepoint: 2300 ns, Total: 44601 ns
[160.743s][info ][safepoint      ] Safepoint "Cleanup", Time since last: 1000110575 ns, Reaching safepoint: 6400 ns, Cleanup: 42001 ns, At safepoint: 2500 ns, Total: 50901 ns
[161.744s][info ][safepoint      ] Safepoint "Cleanup", Time since last: 1001291596 ns, Reaching safepoint: 86503 ns, Cleanup: 29900 ns, At safepoint: 13101 ns, Total: 129504 ns
[162.747s][info ][safepoint      ] Safepoint "Cleanup", Time since last: 1002875837 ns, Reaching safepoint: 93303 ns, Cleanup: 99402 ns, At safepoint: 21801 ns, Total: 214506 ns
[163.748s][info ][safepoint      ] Safepoint "Cleanup", Time since last: 1000118565 ns, Reaching safepoint: 79402 ns, Cleanup: 94103 ns, At safepoint: 6200 ns, Total: 179705 ns
[164.078s][info ][gc,start       ] GC(17) Pause Young (Allocation Failure)
[164.113s][debug][gc,phases      ] GC(17) Scavenge 35.603ms
[164.114s][debug][gc,ref         ] GC(17) ReferenceProcessor::execute queues: 1, RefProcThreadModel::Single, marks_oops_alive: false
[164.114s][debug][gc,ref         ] GC(17) Skipped KeepAliveFinalRefsPhase of Reference Processing: no references
[164.114s][debug][gc,ref         ] GC(17) ReferenceProcessor::execute queues: 1, RefProcThreadModel::Single, marks_oops_alive: false
[164.114s][debug][gc,phases      ] GC(17) Reference Processing 0.252ms
[164.114s][debug][gc,phases      ] GC(17)   VM Weak                        Min:  0.0, Avg:  0.0, Max:  0.0, Diff:  0.0, Sum:  0.0, Workers: 4
[164.114s][debug][gc,phases      ] GC(17)     Dead                           Min: 0, Avg:  0.0, Max: 0, Diff: 0, Sum: 0, Workers: 4
[164.114s][debug][gc,phases      ] GC(17)     Total                          Min: 0, Avg: 247.8, Max: 991, Diff: 991, Sum: 991, Workers: 4
[164.115s][debug][gc,phases      ] GC(17)   ObjectSynchronizer Weak        Min:  0.0, Avg:  0.0, Max:  0.0, Diff:  0.0, Sum:  0.0, Workers: 4
[164.115s][debug][gc,phases      ] GC(17)     Dead                           Min: 0, Avg:  0.0, Max: 0, Diff: 0, Sum: 0, Workers: 4
[164.115s][debug][gc,phases      ] GC(17)     Total                          Min: 0, Avg:  1.8, Max: 7, Diff: 7, Sum: 7, Workers: 4
[164.115s][debug][gc,phases      ] GC(17)   JVMTI Tag Weak OopStorage      Min:  0.0, Avg:  0.0, Max:  0.0, Diff:  0.0, Sum:  0.0, Workers: 4
[164.115s][debug][gc,phases      ] GC(17)     Dead                           Min: 0, Avg:  0.0, Max: 0, Diff: 0, Sum: 0, Workers: 4
[164.115s][debug][gc,phases      ] GC(17)     Total                          Min: 0, Avg:  0.0, Max: 0, Diff: 0, Sum: 0, Workers: 4
[164.115s][debug][gc,phases      ] GC(17)   StringTable Weak               Min:  0.0, Avg:  0.1, Max:  0.5, Diff:  0.5, Sum:  0.5, Workers: 4
[164.115s][debug][gc,phases      ] GC(17)     Dead                           Min: 0, Avg:  0.8, Max: 3, Diff: 3, Sum: 3, Workers: 4
[164.115s][debug][gc,phases      ] GC(17)     Total                          Min: 0, Avg: 11544.0, Max: 46176, Diff: 46176, Sum: 46176, Workers: 4
[164.115s][debug][gc,phases      ] GC(17)   ResolvedMethodTable Weak       Min:  0.0, Avg:  0.0, Max:  0.2, Diff:  0.2, Sum:  0.2, Workers: 4
[164.115s][debug][gc,phases      ] GC(17)     Dead                           Min: 0, Avg: 23.2, Max: 93, Diff: 93, Sum: 93, Workers: 4
[164.115s][debug][gc,phases      ] GC(17)     Total                          Min: 0, Avg: 3778.8, Max: 15115, Diff: 15115, Sum: 15115, Workers: 4
[164.115s][debug][gc,phases      ] GC(17)   JNI Weak                       Min:  0.0, Avg:  0.0, Max:  0.0, Diff:  0.0, Sum:  0.0, Workers: 4
[164.115s][debug][gc,phases      ] GC(17)     Dead                           Min: 0, Avg:  0.0, Max: 0, Diff: 0, Sum: 0, Workers: 4
[164.115s][debug][gc,phases      ] GC(17)     Total                          Min: 0, Avg: 13.2, Max: 53, Diff: 53, Sum: 53, Workers: 4
[164.115s][debug][gc,phases      ] GC(17)   StringDedup Table Weak         Min:  0.0, Avg:  0.0, Max:  0.0, Diff:  0.0, Sum:  0.0, Workers: 4
[164.115s][debug][gc,phases      ] GC(17)     Dead                           Min: 0, Avg:  0.0, Max: 0, Diff: 0, Sum: 0, Workers: 4
[164.115s][debug][gc,phases      ] GC(17)     Total                          Min: 0, Avg:  0.0, Max: 0, Diff: 0, Sum: 0, Workers: 4
[164.115s][debug][gc,phases      ] GC(17)   StringDedup Requests0 Weak     Min:  0.0, Avg:  0.0, Max:  0.0, Diff:  0.0, Sum:  0.0, Workers: 4
[164.115s][debug][gc,phases      ] GC(17)     Dead                           Min: 0, Avg:  0.0, Max: 0, Diff: 0, Sum: 0, Workers: 4
[164.115s][debug][gc,phases      ] GC(17)     Total                          Min: 0, Avg:  0.0, Max: 0, Diff: 0, Sum: 0, Workers: 4
[164.115s][debug][gc,phases      ] GC(17)   StringDedup Requests1 Weak     Min:  0.0, Avg:  0.0, Max:  0.0, Diff:  0.0, Sum:  0.0, Workers: 4
[164.115s][debug][gc,phases      ] GC(17)     Dead                           Min: 0, Avg:  0.0, Max: 0, Diff: 0, Sum: 0, Workers: 4
[164.115s][debug][gc,phases      ] GC(17)     Total                          Min: 0, Avg:  0.0, Max: 0, Diff: 0, Sum: 0, Workers: 4
[164.115s][debug][gc,phases      ] GC(17)   Weak JFR Old Object Samples    Min:  0.0, Avg:  0.0, Max:  0.0, Diff:  0.0, Sum:  0.0, Workers: 4
[164.115s][debug][gc,phases      ] GC(17)     Dead                           Min: 0, Avg:  0.0, Max: 0, Diff: 0, Sum: 0, Workers: 4
[164.115s][debug][gc,phases      ] GC(17)     Total                          Min: 0, Avg:  0.0, Max: 0, Diff: 0, Sum: 0, Workers: 4
[164.115s][debug][gc,phases      ] GC(17) Weak Processing 0.953ms
[164.115s][debug][gc,age         ] GC(17) Desired survivor size 256376832 bytes, new threshold 1 (max threshold 15)
[164.115s][info ][gc,heap        ] GC(17) PSYoungGen: 1616592K(1843712K)->29362K(1843200K) Eden: 1589760K(1589760K)->0K(1589760K) From: 26832K(253952K)->29362K(253440K)
[164.115s][info ][gc,heap        ] GC(17) ParOldGen: 301170K(301568K)->326212K(326656K)
[164.115s][info ][gc,metaspace   ] GC(17) Metaspace: 105720K(107008K)->105720K(107008K) NonClass: 89695K(90432K)->89695K(90432K) Class: 16024K(16576K)->16024K(16576K)
[164.115s][info ][gc             ] GC(17) Pause Young (Allocation Failure) 1872M->347M(2119M) 36.969ms
[164.115s][info ][gc,cpu         ] GC(17) User=0.12s Sys=0.01s Real=0.04s
[164.115s][info ][safepoint      ] Safepoint "ParallelGCFailedAllocation", Time since last: 330053002 ns, Reaching safepoint: 104203 ns, Cleanup: 54501 ns, At safepoint: 37317573 ns, Total: 37476277 ns
[165.115s][info ][safepoint      ] Safepoint "Cleanup", Time since last: 1000096565 ns, Reaching safepoint: 6400 ns, Cleanup: 54101 ns, At safepoint: 2800 ns, Total: 63301 ns
[166.116s][info ][safepoint      ] Safepoint "Cleanup", Time since last: 1000415422 ns, Reaching safepoint: 86903 ns, Cleanup: 48701 ns, At safepoint: 17801 ns, Total: 153405 ns
[167.117s][info ][safepoint      ] Safepoint "Cleanup", Time since last: 1001228425 ns, Reaching safepoint: 6700 ns, Cleanup: 64702 ns, At safepoint: 2600 ns, Total: 74002 ns
[168.117s][info ][safepoint      ] Safepoint "Cleanup", Time since last: 1000108992 ns, Reaching safepoint: 83903 ns, Cleanup: 47301 ns, At safepoint: 10100 ns, Total: 141304 ns
[169.120s][info ][safepoint      ] Safepoint "Cleanup", Time since last: 1002674525 ns, Reaching safepoint: 79802 ns, Cleanup: 129002 ns, At safepoint: 11101 ns, Total: 219905 ns
[170.120s][info ][safepoint      ] Safepoint "Cleanup", Time since last: 1000113162 ns, Reaching safepoint: 7700 ns, Cleanup: 61401 ns, At safepoint: 2801 ns, Total: 71902 ns
[171.121s][info ][safepoint      ] Safepoint "Cleanup", Time since last: 1000118562 ns, Reaching safepoint: 81202 ns, Cleanup: 60201 ns, At safepoint: 12900 ns, Total: 154303 ns
[172.121s][info ][safepoint      ] Safepoint "Cleanup", Time since last: 1000114863 ns, Reaching safepoint: 6600 ns, Cleanup: 60601 ns, At safepoint: 2400 ns, Total: 69601 ns
[172.806s][info ][gc,start       ] GC(18) Pause Young (Allocation Failure)
[172.832s][debug][gc,phases      ] GC(18) Scavenge 25.839ms
[172.832s][debug][gc,ref         ] GC(18) ReferenceProcessor::execute queues: 1, RefProcThreadModel::Single, marks_oops_alive: false
[172.832s][debug][gc,ref         ] GC(18) Skipped KeepAliveFinalRefsPhase of Reference Processing: no references
[172.832s][debug][gc,ref         ] GC(18) ReferenceProcessor::execute queues: 1, RefProcThreadModel::Single, marks_oops_alive: false
[172.832s][debug][gc,phases      ] GC(18) Reference Processing 0.125ms
[172.832s][debug][gc,phases      ] GC(18)   VM Weak                        Min:  0.0, Avg:  0.0, Max:  0.0, Diff:  0.0, Sum:  0.0, Workers: 4
[172.832s][debug][gc,phases      ] GC(18)     Dead                           Min: 0, Avg:  0.0, Max: 0, Diff: 0, Sum: 0, Workers: 4
[172.832s][debug][gc,phases      ] GC(18)     Total                          Min: 0, Avg: 248.8, Max: 704, Diff: 704, Sum: 995, Workers: 4
[172.832s][debug][gc,phases      ] GC(18)   ObjectSynchronizer Weak        Min:  0.0, Avg:  0.0, Max:  0.0, Diff:  0.0, Sum:  0.0, Workers: 4
[172.832s][debug][gc,phases      ] GC(18)     Dead                           Min: 0, Avg:  0.0, Max: 0, Diff: 0, Sum: 0, Workers: 4
[172.832s][debug][gc,phases      ] GC(18)     Total                          Min: 0, Avg:  2.2, Max: 9, Diff: 9, Sum: 9, Workers: 4
[172.832s][debug][gc,phases      ] GC(18)   JVMTI Tag Weak OopStorage      Min:  0.0, Avg:  0.0, Max:  0.0, Diff:  0.0, Sum:  0.0, Workers: 4
[172.832s][debug][gc,phases      ] GC(18)     Dead                           Min: 0, Avg:  0.0, Max: 0, Diff: 0, Sum: 0, Workers: 4
[172.832s][debug][gc,phases      ] GC(18)     Total                          Min: 0, Avg:  0.0, Max: 0, Diff: 0, Sum: 0, Workers: 4
[172.832s][debug][gc,phases      ] GC(18)   StringTable Weak               Min:  0.0, Avg:  0.1, Max:  0.1, Diff:  0.1, Sum:  0.4, Workers: 4
[172.832s][debug][gc,phases      ] GC(18)     Dead                           Min: 0, Avg:  0.5, Max: 1, Diff: 1, Sum: 2, Workers: 4
[172.832s][debug][gc,phases      ] GC(18)     Total                          Min: 0, Avg: 11554.5, Max: 18827, Diff: 18827, Sum: 46218, Workers: 4
[172.832s][debug][gc,phases      ] GC(18)   ResolvedMethodTable Weak       Min:  0.0, Avg:  0.0, Max:  0.1, Diff:  0.1, Sum:  0.2, Workers: 4
[172.832s][debug][gc,phases      ] GC(18)     Dead                           Min: 0, Avg:  5.5, Max: 20, Diff: 20, Sum: 22, Workers: 4
[172.832s][debug][gc,phases      ] GC(18)     Total                          Min: 0, Avg: 3790.2, Max: 5885, Diff: 5885, Sum: 15161, Workers: 4
[172.832s][debug][gc,phases      ] GC(18)   JNI Weak                       Min:  0.0, Avg:  0.0, Max:  0.0, Diff:  0.0, Sum:  0.0, Workers: 4
[172.832s][debug][gc,phases      ] GC(18)     Dead                           Min: 0, Avg:  0.0, Max: 0, Diff: 0, Sum: 0, Workers: 4
[172.832s][debug][gc,phases      ] GC(18)     Total                          Min: 0, Avg: 13.0, Max: 48, Diff: 48, Sum: 52, Workers: 4
[172.832s][debug][gc,phases      ] GC(18)   StringDedup Table Weak         Min:  0.0, Avg:  0.0, Max:  0.0, Diff:  0.0, Sum:  0.0, Workers: 4
[172.832s][debug][gc,phases      ] GC(18)     Dead                           Min: 0, Avg:  0.0, Max: 0, Diff: 0, Sum: 0, Workers: 4
[172.832s][debug][gc,phases      ] GC(18)     Total                          Min: 0, Avg:  0.0, Max: 0, Diff: 0, Sum: 0, Workers: 4
[172.832s][debug][gc,phases      ] GC(18)   StringDedup Requests0 Weak     Min:  0.0, Avg:  0.0, Max:  0.0, Diff:  0.0, Sum:  0.0, Workers: 4
[172.832s][debug][gc,phases      ] GC(18)     Dead                           Min: 0, Avg:  0.0, Max: 0, Diff: 0, Sum: 0, Workers: 4
[172.832s][debug][gc,phases      ] GC(18)     Total                          Min: 0, Avg:  0.0, Max: 0, Diff: 0, Sum: 0, Workers: 4
[172.832s][debug][gc,phases      ] GC(18)   StringDedup Requests1 Weak     Min:  0.0, Avg:  0.0, Max:  0.0, Diff:  0.0, Sum:  0.0, Workers: 4
[172.832s][debug][gc,phases      ] GC(18)     Dead                           Min: 0, Avg:  0.0, Max: 0, Diff: 0, Sum: 0, Workers: 4
[172.832s][debug][gc,phases      ] GC(18)     Total                          Min: 0, Avg:  0.0, Max: 0, Diff: 0, Sum: 0, Workers: 4
[172.832s][debug][gc,phases      ] GC(18)   Weak JFR Old Object Samples    Min:  0.0, Avg:  0.0, Max:  0.0, Diff:  0.0, Sum:  0.0, Workers: 4
[172.832s][debug][gc,phases      ] GC(18)     Dead                           Min: 0, Avg:  0.0, Max: 0, Diff: 0, Sum: 0, Workers: 4
[172.832s][debug][gc,phases      ] GC(18)     Total                          Min: 0, Avg:  0.0, Max: 0, Diff: 0, Sum: 0, Workers: 4
[172.832s][debug][gc,phases      ] GC(18) Weak Processing 0.469ms
[172.832s][debug][gc,age         ] GC(18) Desired survivor size 251658240 bytes, new threshold 1 (max threshold 15)
[172.832s][info ][gc,heap        ] GC(18) PSYoungGen: 1619122K(1843200K)->27089K(1851392K) Eden: 1589760K(1589760K)->0K(1601024K) From: 29362K(253440K)->27089K(250368K)
[172.832s][info ][gc,heap        ] GC(18) ParOldGen: 326212K(326656K)->350968K(351232K)
[172.832s][info ][gc,metaspace   ] GC(18) Metaspace: 105984K(107264K)->105984K(107264K) NonClass: 89944K(90688K)->89944K(90688K) Class: 16039K(16576K)->16039K(16576K)
[172.832s][info ][gc             ] GC(18) Pause Young (Allocation Failure) 1899M->369M(2151M) 26.569ms
[172.832s][info ][gc,cpu         ] GC(18) User=0.08s Sys=0.02s Real=0.02s
[172.833s][info ][safepoint      ] Safepoint "ParallelGCFailedAllocation", Time since last: 684927235 ns, Reaching safepoint: 80102 ns, Cleanup: 17401 ns, At safepoint: 26644880 ns, Total: 26742383 ns
[173.833s][info ][safepoint      ] Safepoint "Cleanup", Time since last: 1000088676 ns, Reaching safepoint: 87303 ns, Cleanup: 27901 ns, At safepoint: 11800 ns, Total: 127004 ns
[174.833s][info ][safepoint      ] Safepoint "Cleanup", Time since last: 1000126478 ns, Reaching safepoint: 7200 ns, Cleanup: 45701 ns, At safepoint: 2800 ns, Total: 55701 ns
[175.833s][info ][safepoint      ] Safepoint "Cleanup", Time since last: 1000086277 ns, Reaching safepoint: 84902 ns, Cleanup: 42901 ns, At safepoint: 7401 ns, Total: 135204 ns
[176.833s][info ][safepoint      ] Safepoint "Cleanup", Time since last: 1000124468 ns, Reaching safepoint: 7100 ns, Cleanup: 27201 ns, At safepoint: 2400 ns, Total: 36701 ns
[177.836s][info ][safepoint      ] Safepoint "Cleanup", Time since last: 1002074898 ns, Reaching safepoint: 95002 ns, Cleanup: 51201 ns, At safepoint: 15500 ns, Total: 161703 ns
[178.836s][info ][safepoint      ] Safepoint "Cleanup", Time since last: 1000120656 ns, Reaching safepoint: 8200 ns, Cleanup: 31901 ns, At safepoint: 2800 ns, Total: 42901 ns
[179.122s][info ][gc,start       ] GC(19) Pause Young (Allocation Failure)
[179.150s][debug][gc,phases      ] GC(19) Scavenge 27.078ms
[179.150s][debug][gc,ref         ] GC(19) ReferenceProcessor::execute queues: 1, RefProcThreadModel::Single, marks_oops_alive: false
[179.150s][debug][gc,ref         ] GC(19) Skipped KeepAliveFinalRefsPhase of Reference Processing: no references
[179.150s][debug][gc,ref         ] GC(19) ReferenceProcessor::execute queues: 1, RefProcThreadModel::Single, marks_oops_alive: false
[179.150s][debug][gc,phases      ] GC(19) Reference Processing 0.119ms
[179.150s][debug][gc,phases      ] GC(19)   VM Weak                        Min:  0.0, Avg:  0.0, Max:  0.0, Diff:  0.0, Sum:  0.0, Workers: 4
[179.150s][debug][gc,phases      ] GC(19)     Dead                           Min: 0, Avg:  0.0, Max: 0, Diff: 0, Sum: 0, Workers: 4
[179.150s][debug][gc,phases      ] GC(19)     Total                          Min: 0, Avg: 248.8, Max: 832, Diff: 832, Sum: 995, Workers: 4
[179.150s][debug][gc,phases      ] GC(19)   ObjectSynchronizer Weak        Min:  0.0, Avg:  0.0, Max:  0.0, Diff:  0.0, Sum:  0.0, Workers: 4
[179.150s][debug][gc,phases      ] GC(19)     Dead                           Min: 0, Avg:  0.0, Max: 0, Diff: 0, Sum: 0, Workers: 4
[179.150s][debug][gc,phases      ] GC(19)     Total                          Min: 0, Avg:  2.2, Max: 9, Diff: 9, Sum: 9, Workers: 4
[179.150s][debug][gc,phases      ] GC(19)   JVMTI Tag Weak OopStorage      Min:  0.0, Avg:  0.0, Max:  0.0, Diff:  0.0, Sum:  0.0, Workers: 4
[179.150s][debug][gc,phases      ] GC(19)     Dead                           Min: 0, Avg:  0.0, Max: 0, Diff: 0, Sum: 0, Workers: 4
[179.150s][debug][gc,phases      ] GC(19)     Total                          Min: 0, Avg:  0.0, Max: 0, Diff: 0, Sum: 0, Workers: 4
[179.150s][debug][gc,phases      ] GC(19)   StringTable Weak               Min:  0.0, Avg:  0.1, Max:  0.1, Diff:  0.1, Sum:  0.4, Workers: 4
[179.150s][debug][gc,phases      ] GC(19)     Dead                           Min: 0, Avg:  0.0, Max: 0, Diff: 0, Sum: 0, Workers: 4
[179.150s][debug][gc,phases      ] GC(19)     Total                          Min: 0, Avg: 11562.0, Max: 17064, Diff: 17064, Sum: 46248, Workers: 4
[179.150s][debug][gc,phases      ] GC(19)   ResolvedMethodTable Weak       Min:  0.0, Avg:  0.0, Max:  0.1, Diff:  0.1, Sum:  0.2, Workers: 4
[179.150s][debug][gc,phases      ] GC(19)     Dead                           Min: 0, Avg:  4.2, Max: 17, Diff: 17, Sum: 17, Workers: 4
[179.150s][debug][gc,phases      ] GC(19)     Total                          Min: 0, Avg: 3795.2, Max: 5420, Diff: 5420, Sum: 15181, Workers: 4
[179.150s][debug][gc,phases      ] GC(19)   JNI Weak                       Min:  0.0, Avg:  0.0, Max:  0.0, Diff:  0.0, Sum:  0.0, Workers: 4
[179.150s][debug][gc,phases      ] GC(19)     Dead                           Min: 0, Avg:  0.0, Max: 0, Diff: 0, Sum: 0, Workers: 4
[179.150s][debug][gc,phases      ] GC(19)     Total                          Min: 0, Avg: 13.0, Max: 48, Diff: 48, Sum: 52, Workers: 4
[179.150s][debug][gc,phases      ] GC(19)   StringDedup Table Weak         Min:  0.0, Avg:  0.0, Max:  0.0, Diff:  0.0, Sum:  0.0, Workers: 4
[179.150s][debug][gc,phases      ] GC(19)     Dead                           Min: 0, Avg:  0.0, Max: 0, Diff: 0, Sum: 0, Workers: 4
[179.150s][debug][gc,phases      ] GC(19)     Total                          Min: 0, Avg:  0.0, Max: 0, Diff: 0, Sum: 0, Workers: 4
[179.150s][debug][gc,phases      ] GC(19)   StringDedup Requests0 Weak     Min:  0.0, Avg:  0.0, Max:  0.0, Diff:  0.0, Sum:  0.0, Workers: 4
[179.150s][debug][gc,phases      ] GC(19)     Dead                           Min: 0, Avg:  0.0, Max: 0, Diff: 0, Sum: 0, Workers: 4
[179.150s][debug][gc,phases      ] GC(19)     Total                          Min: 0, Avg:  0.0, Max: 0, Diff: 0, Sum: 0, Workers: 4
[179.150s][debug][gc,phases      ] GC(19)   StringDedup Requests1 Weak     Min:  0.0, Avg:  0.0, Max:  0.0, Diff:  0.0, Sum:  0.0, Workers: 4
[179.150s][debug][gc,phases      ] GC(19)     Dead                           Min: 0, Avg:  0.0, Max: 0, Diff: 0, Sum: 0, Workers: 4
[179.150s][debug][gc,phases      ] GC(19)     Total                          Min: 0, Avg:  0.0, Max: 0, Diff: 0, Sum: 0, Workers: 4
[179.150s][debug][gc,phases      ] GC(19)   Weak JFR Old Object Samples    Min:  0.0, Avg:  0.0, Max:  0.0, Diff:  0.0, Sum:  0.0, Workers: 4
[179.150s][debug][gc,phases      ] GC(19)     Dead                           Min: 0, Avg:  0.0, Max: 0, Diff: 0, Sum: 0, Workers: 4
[179.150s][debug][gc,phases      ] GC(19)     Total                          Min: 0, Avg:  0.0, Max: 0, Diff: 0, Sum: 0, Workers: 4
[179.150s][debug][gc,phases      ] GC(19) Weak Processing 0.420ms
[179.150s][debug][gc,age         ] GC(19) Desired survivor size 245366784 bytes, new threshold 1 (max threshold 15)
[179.150s][info ][gc,heap        ] GC(19) PSYoungGen: 1628113K(1851392K)->29739K(1846784K) Eden: 1601024K(1601024K)->0K(1601024K) From: 27089K(250368K)->29739K(245760K)
[179.150s][info ][gc,heap        ] GC(19) ParOldGen: 350968K(351232K)->375296K(375808K)
[179.150s][info ][gc,metaspace   ] GC(19) Metaspace: 106135K(107456K)->106135K(107456K) NonClass: 90086K(90816K)->90086K(90816K) Class: 16049K(16640K)->16049K(16640K)
[179.150s][info ][gc             ] GC(19) Pause Young (Allocation Failure) 1932M->395M(2170M) 27.787ms
[179.150s][info ][gc,cpu         ] GC(19) User=0.08s Sys=0.02s Real=0.03s
[179.150s][info ][safepoint      ] Safepoint "ParallelGCFailedAllocation", Time since last: 286611506 ns, Reaching safepoint: 6300 ns, Cleanup: 10000 ns, At safepoint: 27875004 ns, Total: 27891304 ns
[180.150s][info ][safepoint      ] Safepoint "Cleanup", Time since last: 1000095747 ns, Reaching safepoint: 83802 ns, Cleanup: 43202 ns, At safepoint: 12400 ns, Total: 139404 ns
[181.166s][info ][safepoint      ] Safepoint "Cleanup", Time since last: 1015108655 ns, Reaching safepoint: 6500 ns, Cleanup: 15601 ns, At safepoint: 3100 ns, Total: 25201 ns
[182.167s][info ][safepoint      ] Safepoint "Cleanup", Time since last: 1001036661 ns, Reaching safepoint: 88502 ns, Cleanup: 16901 ns, At safepoint: 15000 ns, Total: 120403 ns
[183.781s][info ][safepoint      ] Safepoint "Cleanup", Time since last: 1614398254 ns, Reaching safepoint: 7201 ns, Cleanup: 42401 ns, At safepoint: 2500 ns, Total: 52102 ns
[184.784s][info ][safepoint      ] Safepoint "Cleanup", Time since last: 1002804713 ns, Reaching safepoint: 81602 ns, Cleanup: 52802 ns, At safepoint: 20300 ns, Total: 154704 ns
[185.784s][info ][safepoint      ] Safepoint "Cleanup", Time since last: 1000114889 ns, Reaching safepoint: 7700 ns, Cleanup: 32101 ns, At safepoint: 2700 ns, Total: 42501 ns
[186.524s][info ][gc,start       ] GC(20) Pause Young (Allocation Failure)
[186.552s][debug][gc,phases      ] GC(20) Scavenge 28.046ms
[186.552s][debug][gc,ref         ] GC(20) ReferenceProcessor::execute queues: 1, RefProcThreadModel::Single, marks_oops_alive: false
[186.552s][debug][gc,ref         ] GC(20) Skipped KeepAliveFinalRefsPhase of Reference Processing: no references
[186.552s][debug][gc,ref         ] GC(20) ReferenceProcessor::execute queues: 1, RefProcThreadModel::Single, marks_oops_alive: false
[186.552s][debug][gc,phases      ] GC(20) Reference Processing 0.119ms
[186.553s][debug][gc,phases      ] GC(20)   VM Weak                        Min:  0.0, Avg:  0.0, Max:  0.0, Diff:  0.0, Sum:  0.0, Workers: 4
[186.553s][debug][gc,phases      ] GC(20)     Dead                           Min: 0, Avg:  0.0, Max: 0, Diff: 0, Sum: 0, Workers: 4
[186.553s][debug][gc,phases      ] GC(20)     Total                          Min: 0, Avg: 249.0, Max: 996, Diff: 996, Sum: 996, Workers: 4
[186.553s][debug][gc,phases      ] GC(20)   ObjectSynchronizer Weak        Min:  0.0, Avg:  0.0, Max:  0.0, Diff:  0.0, Sum:  0.0, Workers: 4
[186.553s][debug][gc,phases      ] GC(20)     Dead                           Min: 0, Avg:  0.0, Max: 0, Diff: 0, Sum: 0, Workers: 4
[186.553s][debug][gc,phases      ] GC(20)     Total                          Min: 0, Avg:  1.0, Max: 4, Diff: 4, Sum: 4, Workers: 4
[186.553s][debug][gc,phases      ] GC(20)   JVMTI Tag Weak OopStorage      Min:  0.0, Avg:  0.0, Max:  0.0, Diff:  0.0, Sum:  0.0, Workers: 4
[186.553s][debug][gc,phases      ] GC(20)     Dead                           Min: 0, Avg:  0.0, Max: 0, Diff: 0, Sum: 0, Workers: 4
[186.553s][debug][gc,phases      ] GC(20)     Total                          Min: 0, Avg:  0.0, Max: 0, Diff: 0, Sum: 0, Workers: 4
[186.553s][debug][gc,phases      ] GC(20)   StringTable Weak               Min:  0.0, Avg:  0.1, Max:  0.2, Diff:  0.2, Sum:  0.5, Workers: 4
[186.553s][debug][gc,phases      ] GC(20)     Dead                           Min: 0, Avg:  0.2, Max: 1, Diff: 1, Sum: 1, Workers: 4
[186.553s][debug][gc,phases      ] GC(20)     Total                          Min: 0, Avg: 11588.2, Max: 16320, Diff: 16320, Sum: 46353, Workers: 4
[186.553s][debug][gc,phases      ] GC(20)   ResolvedMethodTable Weak       Min:  0.0, Avg:  0.0, Max:  0.1, Diff:  0.1, Sum:  0.2, Workers: 4
[186.553s][debug][gc,phases      ] GC(20)     Dead                           Min: 0, Avg:  1.0, Max: 4, Diff: 4, Sum: 4, Workers: 4
[186.553s][debug][gc,phases      ] GC(20)     Total                          Min: 0, Avg: 3799.8, Max: 5562, Diff: 5562, Sum: 15199, Workers: 4
[186.553s][debug][gc,phases      ] GC(20)   JNI Weak                       Min:  0.0, Avg:  0.0, Max:  0.0, Diff:  0.0, Sum:  0.0, Workers: 4
[186.553s][debug][gc,phases      ] GC(20)     Dead                           Min: 0, Avg:  0.0, Max: 0, Diff: 0, Sum: 0, Workers: 4
[186.553s][debug][gc,phases      ] GC(20)     Total                          Min: 0, Avg: 13.0, Max: 48, Diff: 48, Sum: 52, Workers: 4
[186.553s][debug][gc,phases      ] GC(20)   StringDedup Table Weak         Min:  0.0, Avg:  0.0, Max:  0.0, Diff:  0.0, Sum:  0.0, Workers: 4
[186.553s][debug][gc,phases      ] GC(20)     Dead                           Min: 0, Avg:  0.0, Max: 0, Diff: 0, Sum: 0, Workers: 4
[186.553s][debug][gc,phases      ] GC(20)     Total                          Min: 0, Avg:  0.0, Max: 0, Diff: 0, Sum: 0, Workers: 4
[186.553s][debug][gc,phases      ] GC(20)   StringDedup Requests0 Weak     Min:  0.0, Avg:  0.0, Max:  0.0, Diff:  0.0, Sum:  0.0, Workers: 4
[186.553s][debug][gc,phases      ] GC(20)     Dead                           Min: 0, Avg:  0.0, Max: 0, Diff: 0, Sum: 0, Workers: 4
[186.553s][debug][gc,phases      ] GC(20)     Total                          Min: 0, Avg:  0.0, Max: 0, Diff: 0, Sum: 0, Workers: 4
[186.553s][debug][gc,phases      ] GC(20)   StringDedup Requests1 Weak     Min:  0.0, Avg:  0.0, Max:  0.0, Diff:  0.0, Sum:  0.0, Workers: 4
[186.553s][debug][gc,phases      ] GC(20)     Dead                           Min: 0, Avg:  0.0, Max: 0, Diff: 0, Sum: 0, Workers: 4
[186.553s][debug][gc,phases      ] GC(20)     Total                          Min: 0, Avg:  0.0, Max: 0, Diff: 0, Sum: 0, Workers: 4
[186.553s][debug][gc,phases      ] GC(20)   Weak JFR Old Object Samples    Min:  0.0, Avg:  0.0, Max:  0.0, Diff:  0.0, Sum:  0.0, Workers: 4
[186.553s][debug][gc,phases      ] GC(20)     Dead                           Min: 0, Avg:  0.0, Max: 0, Diff: 0, Sum: 0, Workers: 4
[186.553s][debug][gc,phases      ] GC(20)     Total                          Min: 0, Avg:  0.0, Max: 0, Diff: 0, Sum: 0, Workers: 4
[186.553s][debug][gc,phases      ] GC(20) Weak Processing 0.423ms
[186.553s][debug][gc,age         ] GC(20) Desired survivor size 237502464 bytes, new threshold 1 (max threshold 15)
[186.553s][info ][gc,heap        ] GC(20) PSYoungGen: 1630763K(1846784K)->32976K(1865216K) Eden: 1601024K(1601024K)->0K(1625600K) From: 29739K(245760K)->32976K(239616K)
[186.553s][info ][gc,heap        ] GC(20) ParOldGen: 375296K(375808K)->402248K(402432K)
[186.553s][info ][gc,metaspace   ] GC(20) Metaspace: 106333K(107648K)->106333K(107648K) NonClass: 90265K(91008K)->90265K(91008K) Class: 16067K(16640K)->16067K(16640K)
[186.553s][info ][gc             ] GC(20) Pause Young (Allocation Failure) 1959M->425M(2214M) 28.739ms
[186.553s][info ][gc,cpu         ] GC(20) User=0.08s Sys=0.02s Real=0.02s
[186.553s][info ][safepoint      ] Safepoint "ParallelGCFailedAllocation", Time since last: 739857620 ns, Reaching safepoint: 6900 ns, Cleanup: 9700 ns, At safepoint: 28843795 ns, Total: 28860395 ns
[187.553s][info ][safepoint      ] Safepoint "Cleanup", Time since last: 1000091688 ns, Reaching safepoint: 5900 ns, Cleanup: 79902 ns, At safepoint: 3000 ns, Total: 88802 ns
[188.553s][info ][safepoint      ] Safepoint "Cleanup", Time since last: 1000119289 ns, Reaching safepoint: 5500 ns, Cleanup: 20000 ns, At safepoint: 3000 ns, Total: 28500 ns
[189.553s][info ][safepoint      ] Safepoint "Cleanup", Time since last: 1000101450 ns, Reaching safepoint: 7400 ns, Cleanup: 43601 ns, At safepoint: 3201 ns, Total: 54202 ns
[190.554s][info ][safepoint      ] Safepoint "Cleanup", Time since last: 1000100730 ns, Reaching safepoint: 6700 ns, Cleanup: 47601 ns, At safepoint: 6401 ns, Total: 60702 ns
[191.554s][info ][safepoint      ] Safepoint "Cleanup", Time since last: 1000115830 ns, Reaching safepoint: 7201 ns, Cleanup: 27200 ns, At safepoint: 2700 ns, Total: 37101 ns
[192.554s][info ][safepoint      ] Safepoint "Cleanup", Time since last: 1000122331 ns, Reaching safepoint: 79303 ns, Cleanup: 32300 ns, At safepoint: 6001 ns, Total: 117604 ns
[193.555s][info ][safepoint      ] Safepoint "Cleanup", Time since last: 1000934546 ns, Reaching safepoint: 90501 ns, Cleanup: 41401 ns, At safepoint: 25201 ns, Total: 157103 ns
[194.555s][info ][safepoint      ] Safepoint "Cleanup", Time since last: 1000122165 ns, Reaching safepoint: 6600 ns, Cleanup: 16801 ns, At safepoint: 2700 ns, Total: 26101 ns
[195.555s][info ][safepoint      ] Safepoint "Cleanup", Time since last: 1000118165 ns, Reaching safepoint: 6400 ns, Cleanup: 7400 ns, At safepoint: 3100 ns, Total: 16900 ns
[196.556s][info ][safepoint      ] Safepoint "Cleanup", Time since last: 1000114695 ns, Reaching safepoint: 5700 ns, Cleanup: 21800 ns, At safepoint: 2701 ns, Total: 30201 ns
[197.556s][info ][safepoint      ] Safepoint "Cleanup", Time since last: 1000121254 ns, Reaching safepoint: 85302 ns, Cleanup: 26601 ns, At safepoint: 10000 ns, Total: 121903 ns
[198.556s][info ][safepoint      ] Safepoint "Cleanup", Time since last: 1000102854 ns, Reaching safepoint: 5600 ns, Cleanup: 24401 ns, At safepoint: 3000 ns, Total: 33001 ns
[198.861s][info ][gc,start       ] GC(21) Pause Young (Allocation Failure)
[198.888s][debug][gc,phases      ] GC(21) Scavenge 26.494ms
[198.888s][debug][gc,ref         ] GC(21) ReferenceProcessor::execute queues: 1, RefProcThreadModel::Single, marks_oops_alive: false
[198.888s][debug][gc,ref         ] GC(21) Skipped KeepAliveFinalRefsPhase of Reference Processing: no references
[198.888s][debug][gc,ref         ] GC(21) ReferenceProcessor::execute queues: 1, RefProcThreadModel::Single, marks_oops_alive: false
[198.888s][debug][gc,phases      ] GC(21) Reference Processing 0.120ms
[198.888s][debug][gc,phases      ] GC(21)   VM Weak                        Min:  0.0, Avg:  0.0, Max:  0.0, Diff:  0.0, Sum:  0.0, Workers: 4
[198.888s][debug][gc,phases      ] GC(21)     Dead                           Min: 0, Avg:  0.0, Max: 0, Diff: 0, Sum: 0, Workers: 4
[198.888s][debug][gc,phases      ] GC(21)     Total                          Min: 36, Avg: 249.0, Max: 768, Diff: 732, Sum: 996, Workers: 4
[198.888s][debug][gc,phases      ] GC(21)   ObjectSynchronizer Weak        Min:  0.0, Avg:  0.0, Max:  0.0, Diff:  0.0, Sum:  0.0, Workers: 4
[198.888s][debug][gc,phases      ] GC(21)     Dead                           Min: 0, Avg:  0.0, Max: 0, Diff: 0, Sum: 0, Workers: 4
[198.888s][debug][gc,phases      ] GC(21)     Total                          Min: 0, Avg:  1.2, Max: 5, Diff: 5, Sum: 5, Workers: 4
[198.888s][debug][gc,phases      ] GC(21)   JVMTI Tag Weak OopStorage      Min:  0.0, Avg:  0.0, Max:  0.0, Diff:  0.0, Sum:  0.0, Workers: 4
[198.888s][debug][gc,phases      ] GC(21)     Dead                           Min: 0, Avg:  0.0, Max: 0, Diff: 0, Sum: 0, Workers: 4
[198.888s][debug][gc,phases      ] GC(21)     Total                          Min: 0, Avg:  0.0, Max: 0, Diff: 0, Sum: 0, Workers: 4
[198.888s][debug][gc,phases      ] GC(21)   StringTable Weak               Min:  0.1, Avg:  0.1, Max:  0.1, Diff:  0.0, Sum:  0.5, Workers: 4
[198.888s][debug][gc,phases      ] GC(21)     Dead                           Min: 0, Avg:  0.2, Max: 1, Diff: 1, Sum: 1, Workers: 4
[198.888s][debug][gc,phases      ] GC(21)     Total                          Min: 10560, Avg: 11592.5, Max: 12415, Diff: 1855, Sum: 46370, Workers: 4
[198.888s][debug][gc,phases      ] GC(21)   ResolvedMethodTable Weak       Min:  0.0, Avg:  0.0, Max:  0.0, Diff:  0.0, Sum:  0.2, Workers: 4
[198.888s][debug][gc,phases      ] GC(21)     Dead                           Min: 0, Avg:  0.0, Max: 0, Diff: 0, Sum: 0, Workers: 4
[198.888s][debug][gc,phases      ] GC(21)     Total                          Min: 3611, Avg: 3801.2, Max: 4147, Diff: 536, Sum: 15205, Workers: 4
[198.888s][debug][gc,phases      ] GC(21)   JNI Weak                       Min:  0.0, Avg:  0.0, Max:  0.0, Diff:  0.0, Sum:  0.0, Workers: 4
[198.888s][debug][gc,phases      ] GC(21)     Dead                           Min: 0, Avg:  0.0, Max: 0, Diff: 0, Sum: 0, Workers: 4
[198.888s][debug][gc,phases      ] GC(21)     Total                          Min: 0, Avg: 13.0, Max: 48, Diff: 48, Sum: 52, Workers: 4
[198.888s][debug][gc,phases      ] GC(21)   StringDedup Table Weak         Min:  0.0, Avg:  0.0, Max:  0.0, Diff:  0.0, Sum:  0.0, Workers: 4
[198.888s][debug][gc,phases      ] GC(21)     Dead                           Min: 0, Avg:  0.0, Max: 0, Diff: 0, Sum: 0, Workers: 4
[198.888s][debug][gc,phases      ] GC(21)     Total                          Min: 0, Avg:  0.0, Max: 0, Diff: 0, Sum: 0, Workers: 4
[198.888s][debug][gc,phases      ] GC(21)   StringDedup Requests0 Weak     Min:  0.0, Avg:  0.0, Max:  0.0, Diff:  0.0, Sum:  0.0, Workers: 4
[198.888s][debug][gc,phases      ] GC(21)     Dead                           Min: 0, Avg:  0.0, Max: 0, Diff: 0, Sum: 0, Workers: 4
[198.888s][debug][gc,phases      ] GC(21)     Total                          Min: 0, Avg:  0.0, Max: 0, Diff: 0, Sum: 0, Workers: 4
[198.888s][debug][gc,phases      ] GC(21)   StringDedup Requests1 Weak     Min:  0.0, Avg:  0.0, Max:  0.0, Diff:  0.0, Sum:  0.0, Workers: 4
[198.888s][debug][gc,phases      ] GC(21)     Dead                           Min: 0, Avg:  0.0, Max: 0, Diff: 0, Sum: 0, Workers: 4
[198.888s][debug][gc,phases      ] GC(21)     Total                          Min: 0, Avg:  0.0, Max: 0, Diff: 0, Sum: 0, Workers: 4
[198.888s][debug][gc,phases      ] GC(21)   Weak JFR Old Object Samples    Min:  0.0, Avg:  0.0, Max:  0.0, Diff:  0.0, Sum:  0.0, Workers: 4
[198.888s][debug][gc,phases      ] GC(21)     Dead                           Min: 0, Avg:  0.0, Max: 0, Diff: 0, Sum: 0, Workers: 4
[198.889s][debug][gc,phases      ] GC(21)     Total                          Min: 0, Avg:  0.0, Max: 0, Diff: 0, Sum: 0, Workers: 4
[198.889s][debug][gc,phases      ] GC(21) Weak Processing 0.362ms
[198.889s][debug][gc,age         ] GC(21) Desired survivor size 230686720 bytes, new threshold 1 (max threshold 15)
[198.889s][info ][gc,heap        ] GC(21) PSYoungGen: 1658576K(1865216K)->24800K(1857536K) Eden: 1625600K(1625600K)->0K(1625600K) From: 32976K(239616K)->24800K(231936K)
[198.889s][info ][gc,heap        ] GC(21) ParOldGen: 402248K(402432K)->432532K(432640K)
[198.889s][info ][gc,metaspace   ] GC(21) Metaspace: 106379K(107712K)->106379K(107712K) NonClass: 90309K(91072K)->90309K(91072K) Class: 16069K(16640K)->16069K(16640K)
[198.889s][info ][gc             ] GC(21) Pause Young (Allocation Failure) 2012M->446M(2236M) 27.125ms
[198.889s][info ][gc,cpu         ] GC(21) User=0.08s Sys=0.01s Real=0.03s
[198.889s][info ][safepoint      ] Safepoint "ParallelGCFailedAllocation", Time since last: 305345498 ns, Reaching safepoint: 84903 ns, Cleanup: 14400 ns, At safepoint: 27205031 ns, Total: 27304334 ns
[199.891s][info ][safepoint      ] Safepoint "Cleanup", Time since last: 1001824399 ns, Reaching safepoint: 85603 ns, Cleanup: 21500 ns, At safepoint: 16001 ns, Total: 123104 ns
[200.891s][info ][safepoint      ] Safepoint "Cleanup", Time since last: 1000117819 ns, Reaching safepoint: 5900 ns, Cleanup: 41001 ns, At safepoint: 2400 ns, Total: 49301 ns
[201.891s][info ][safepoint      ] Safepoint "Cleanup", Time since last: 1000113532 ns, Reaching safepoint: 9500 ns, Cleanup: 16800 ns, At safepoint: 3000 ns, Total: 29300 ns
[202.891s][info ][safepoint      ] Safepoint "Cleanup", Time since last: 1000145032 ns, Reaching safepoint: 6601 ns, Cleanup: 16200 ns, At safepoint: 2400 ns, Total: 25201 ns
[203.891s][info ][safepoint      ] Safepoint "Cleanup", Time since last: 1000116132 ns, Reaching safepoint: 81302 ns, Cleanup: 12100 ns, At safepoint: 10300 ns, Total: 103702 ns
[204.891s][info ][safepoint      ] Safepoint "Cleanup", Time since last: 1000085231 ns, Reaching safepoint: 7400 ns, Cleanup: 10600 ns, At safepoint: 2800 ns, Total: 20800 ns
[205.892s][info ][safepoint      ] Safepoint "Cleanup", Time since last: 1000117132 ns, Reaching safepoint: 49901 ns, Cleanup: 8600 ns, At safepoint: 7400 ns, Total: 65901 ns
[206.892s][info ][safepoint      ] Safepoint "Cleanup", Time since last: 1000120832 ns, Reaching safepoint: 82302 ns, Cleanup: 19901 ns, At safepoint: 12800 ns, Total: 115003 ns
[207.892s][info ][safepoint      ] Safepoint "Cleanup", Time since last: 1000119978 ns, Reaching safepoint: 6600 ns, Cleanup: 40701 ns, At safepoint: 2900 ns, Total: 50201 ns
[208.749s][info ][gc,start       ] GC(22) Pause Young (Allocation Failure)
[208.772s][debug][gc,phases      ] GC(22) Scavenge 22.597ms
[208.772s][debug][gc,ref         ] GC(22) Skipped SoftWeakFinalRefsPhase of Reference Processing: no references
[208.772s][debug][gc,ref         ] GC(22) Skipped KeepAliveFinalRefsPhase of Reference Processing: no references
[208.772s][debug][gc,ref         ] GC(22) Skipped PhantomRefsPhase of Reference Processing: no references
[208.772s][debug][gc,phases      ] GC(22) Reference Processing 0.021ms
[208.772s][debug][gc,phases      ] GC(22)   VM Weak                        Min:  0.0, Avg:  0.0, Max:  0.0, Diff:  0.0, Sum:  0.0, Workers: 4
[208.772s][debug][gc,phases      ] GC(22)     Dead                           Min: 0, Avg:  0.0, Max: 0, Diff: 0, Sum: 0, Workers: 4
[208.772s][debug][gc,phases      ] GC(22)     Total                          Min: 0, Avg: 249.0, Max: 612, Diff: 612, Sum: 996, Workers: 4
[208.772s][debug][gc,phases      ] GC(22)   ObjectSynchronizer Weak        Min:  0.0, Avg:  0.0, Max:  0.0, Diff:  0.0, Sum:  0.0, Workers: 4
[208.772s][debug][gc,phases      ] GC(22)     Dead                           Min: 0, Avg:  0.0, Max: 0, Diff: 0, Sum: 0, Workers: 4
[208.772s][debug][gc,phases      ] GC(22)     Total                          Min: 0, Avg:  1.2, Max: 5, Diff: 5, Sum: 5, Workers: 4
[208.772s][debug][gc,phases      ] GC(22)   JVMTI Tag Weak OopStorage      Min:  0.0, Avg:  0.0, Max:  0.0, Diff:  0.0, Sum:  0.0, Workers: 4
[208.772s][debug][gc,phases      ] GC(22)     Dead                           Min: 0, Avg:  0.0, Max: 0, Diff: 0, Sum: 0, Workers: 4
[208.772s][debug][gc,phases      ] GC(22)     Total                          Min: 0, Avg:  0.0, Max: 0, Diff: 0, Sum: 0, Workers: 4
[208.772s][debug][gc,phases      ] GC(22)   StringTable Weak               Min:  0.0, Avg:  0.1, Max:  0.1, Diff:  0.1, Sum:  0.4, Workers: 4
[208.772s][debug][gc,phases      ] GC(22)     Dead                           Min: 0, Avg:  0.0, Max: 0, Diff: 0, Sum: 0, Workers: 4
[208.772s][debug][gc,phases      ] GC(22)     Total                          Min: 0, Avg: 11593.5, Max: 16703, Diff: 16703, Sum: 46374, Workers: 4
[208.772s][debug][gc,phases      ] GC(22)   ResolvedMethodTable Weak       Min:  0.0, Avg:  0.0, Max:  0.1, Diff:  0.1, Sum:  0.2, Workers: 4
[208.772s][debug][gc,phases      ] GC(22)     Dead                           Min: 0, Avg:  4.0, Max: 10, Diff: 10, Sum: 16, Workers: 4
[208.772s][debug][gc,phases      ] GC(22)     Total                          Min: 0, Avg: 3801.2, Max: 5490, Diff: 5490, Sum: 15205, Workers: 4
[208.772s][debug][gc,phases      ] GC(22)   JNI Weak                       Min:  0.0, Avg:  0.0, Max:  0.0, Diff:  0.0, Sum:  0.0, Workers: 4
[208.772s][debug][gc,phases      ] GC(22)     Dead                           Min: 0, Avg:  0.0, Max: 0, Diff: 0, Sum: 0, Workers: 4
[208.772s][debug][gc,phases      ] GC(22)     Total                          Min: 0, Avg: 13.0, Max: 48, Diff: 48, Sum: 52, Workers: 4
[208.772s][debug][gc,phases      ] GC(22)   StringDedup Table Weak         Min:  0.0, Avg:  0.0, Max:  0.0, Diff:  0.0, Sum:  0.0, Workers: 4
[208.772s][debug][gc,phases      ] GC(22)     Dead                           Min: 0, Avg:  0.0, Max: 0, Diff: 0, Sum: 0, Workers: 4
[208.772s][debug][gc,phases      ] GC(22)     Total                          Min: 0, Avg:  0.0, Max: 0, Diff: 0, Sum: 0, Workers: 4
[208.772s][debug][gc,phases      ] GC(22)   StringDedup Requests0 Weak     Min:  0.0, Avg:  0.0, Max:  0.0, Diff:  0.0, Sum:  0.0, Workers: 4
[208.772s][debug][gc,phases      ] GC(22)     Dead                           Min: 0, Avg:  0.0, Max: 0, Diff: 0, Sum: 0, Workers: 4
[208.772s][debug][gc,phases      ] GC(22)     Total                          Min: 0, Avg:  0.0, Max: 0, Diff: 0, Sum: 0, Workers: 4
[208.772s][debug][gc,phases      ] GC(22)   StringDedup Requests1 Weak     Min:  0.0, Avg:  0.0, Max:  0.0, Diff:  0.0, Sum:  0.0, Workers: 4
[208.772s][debug][gc,phases      ] GC(22)     Dead                           Min: 0, Avg:  0.0, Max: 0, Diff: 0, Sum: 0, Workers: 4
[208.772s][debug][gc,phases      ] GC(22)     Total                          Min: 0, Avg:  0.0, Max: 0, Diff: 0, Sum: 0, Workers: 4
[208.772s][debug][gc,phases      ] GC(22)   Weak JFR Old Object Samples    Min:  0.0, Avg:  0.0, Max:  0.0, Diff:  0.0, Sum:  0.0, Workers: 4
[208.772s][debug][gc,phases      ] GC(22)     Dead                           Min: 0, Avg:  0.0, Max: 0, Diff: 0, Sum: 0, Workers: 4
[208.772s][debug][gc,phases      ] GC(22)     Total                          Min: 0, Avg:  0.0, Max: 0, Diff: 0, Sum: 0, Workers: 4
[208.772s][debug][gc,phases      ] GC(22) Weak Processing 0.416ms
[208.772s][debug][gc,age         ] GC(22) Desired survivor size 222298112 bytes, new threshold 1 (max threshold 15)
[208.772s][info ][gc,heap        ] GC(22) PSYoungGen: 1650400K(1857536K)->30144K(1880064K) Eden: 1625600K(1625600K)->0K(1654784K) From: 24800K(231936K)->30144K(225280K)
[208.772s][info ][gc,heap        ] GC(22) ParOldGen: 432532K(432640K)->454465K(454656K)
[208.772s][info ][gc,metaspace   ] GC(22) Metaspace: 106409K(107776K)->106409K(107776K) NonClass: 90338K(91136K)->90338K(91136K) Class: 16070K(16640K)->16070K(16640K)
[208.772s][info ][gc             ] GC(22) Pause Young (Allocation Failure) 2034M->473M(2280M) 23.180ms
[208.772s][info ][gc,cpu         ] GC(22) User=0.08s Sys=0.01s Real=0.02s
[208.772s][info ][safepoint      ] Safepoint "ParallelGCFailedAllocation", Time since last: 856788437 ns, Reaching safepoint: 84402 ns, Cleanup: 10800 ns, At safepoint: 23268206 ns, Total: 23363408 ns
[209.772s][info ][safepoint      ] Safepoint "Cleanup", Time since last: 1000223558 ns, Reaching safepoint: 6000 ns, Cleanup: 26501 ns, At safepoint: 2600 ns, Total: 35101 ns
[210.773s][info ][safepoint      ] Safepoint "Cleanup", Time since last: 1000112555 ns, Reaching safepoint: 6001 ns, Cleanup: 10100 ns, At safepoint: 2500 ns, Total: 18601 ns
[211.773s][info ][safepoint      ] Safepoint "Cleanup", Time since last: 1000134556 ns, Reaching safepoint: 6400 ns, Cleanup: 15700 ns, At safepoint: 3200 ns, Total: 25300 ns
[212.773s][info ][safepoint      ] Safepoint "Cleanup", Time since last: 1000118401 ns, Reaching safepoint: 78502 ns, Cleanup: 17401 ns, At safepoint: 5700 ns, Total: 101603 ns
[213.773s][info ][safepoint      ] Safepoint "Cleanup", Time since last: 1000113771 ns, Reaching safepoint: 6400 ns, Cleanup: 23901 ns, At safepoint: 3200 ns, Total: 33501 ns
[214.773s][info ][safepoint      ] Safepoint "Cleanup", Time since last: 1000118671 ns, Reaching safepoint: 8501 ns, Cleanup: 22100 ns, At safepoint: 3800 ns, Total: 34401 ns
[215.773s][info ][safepoint      ] Safepoint "Cleanup", Time since last: 1000123172 ns, Reaching safepoint: 83502 ns, Cleanup: 22401 ns, At safepoint: 12700 ns, Total: 118603 ns
[216.774s][info ][safepoint      ] Safepoint "Cleanup", Time since last: 1000128348 ns, Reaching safepoint: 6500 ns, Cleanup: 8901 ns, At safepoint: 3300 ns, Total: 18701 ns
[218.774s][info ][safepoint      ] Safepoint "Cleanup", Time since last: 2000205029 ns, Reaching safepoint: 5100 ns, Cleanup: 19300 ns, At safepoint: 2400 ns, Total: 26800 ns
[219.774s][info ][safepoint      ] Safepoint "Cleanup", Time since last: 1000096415 ns, Reaching safepoint: 5800 ns, Cleanup: 23600 ns, At safepoint: 2900 ns, Total: 32300 ns
[220.774s][info ][safepoint      ] Safepoint "Cleanup", Time since last: 1000107962 ns, Reaching safepoint: 6000 ns, Cleanup: 20601 ns, At safepoint: 2500 ns, Total: 29101 ns
[221.774s][info ][safepoint      ] Safepoint "Cleanup", Time since last: 1000110413 ns, Reaching safepoint: 6600 ns, Cleanup: 19301 ns, At safepoint: 3100 ns, Total: 29001 ns
[222.774s][info ][safepoint      ] Safepoint "Cleanup", Time since last: 1000112213 ns, Reaching safepoint: 78702 ns, Cleanup: 8000 ns, At safepoint: 11200 ns, Total: 97902 ns
[223.775s][info ][safepoint      ] Safepoint "Cleanup", Time since last: 1000116514 ns, Reaching safepoint: 6300 ns, Cleanup: 11800 ns, At safepoint: 2200 ns, Total: 20300 ns
[224.775s][info ][safepoint      ] Safepoint "Cleanup", Time since last: 1000114396 ns, Reaching safepoint: 6001 ns, Cleanup: 9700 ns, At safepoint: 2100 ns, Total: 17801 ns
[225.088s][info ][gc,start       ] GC(23) Pause Young (Allocation Failure)
[225.114s][debug][gc,phases      ] GC(23) Scavenge 25.396ms
[225.114s][debug][gc,ref         ] GC(23) ReferenceProcessor::execute queues: 1, RefProcThreadModel::Single, marks_oops_alive: false
[225.114s][debug][gc,ref         ] GC(23) Skipped KeepAliveFinalRefsPhase of Reference Processing: no references
[225.114s][debug][gc,ref         ] GC(23) ReferenceProcessor::execute queues: 1, RefProcThreadModel::Single, marks_oops_alive: false
[225.114s][debug][gc,phases      ] GC(23) Reference Processing 0.210ms
[225.114s][debug][gc,phases      ] GC(23)   VM Weak                        Min:  0.0, Avg:  0.0, Max:  0.0, Diff:  0.0, Sum:  0.0, Workers: 4
[225.114s][debug][gc,phases      ] GC(23)     Dead                           Min: 0, Avg:  0.0, Max: 0, Diff: 0, Sum: 0, Workers: 4
[225.114s][debug][gc,phases      ] GC(23)     Total                          Min: 0, Avg: 249.0, Max: 768, Diff: 768, Sum: 996, Workers: 4
[225.114s][debug][gc,phases      ] GC(23)   ObjectSynchronizer Weak        Min:  0.0, Avg:  0.0, Max:  0.0, Diff:  0.0, Sum:  0.0, Workers: 4
[225.114s][debug][gc,phases      ] GC(23)     Dead                           Min: 0, Avg:  0.0, Max: 0, Diff: 0, Sum: 0, Workers: 4
[225.114s][debug][gc,phases      ] GC(23)     Total                          Min: 0, Avg:  1.5, Max: 6, Diff: 6, Sum: 6, Workers: 4
[225.114s][debug][gc,phases      ] GC(23)   JVMTI Tag Weak OopStorage      Min:  0.0, Avg:  0.0, Max:  0.0, Diff:  0.0, Sum:  0.0, Workers: 4
[225.114s][debug][gc,phases      ] GC(23)     Dead                           Min: 0, Avg:  0.0, Max: 0, Diff: 0, Sum: 0, Workers: 4
[225.114s][debug][gc,phases      ] GC(23)     Total                          Min: 0, Avg:  0.0, Max: 0, Diff: 0, Sum: 0, Workers: 4
[225.114s][debug][gc,phases      ] GC(23)   StringTable Weak               Min:  0.0, Avg:  0.1, Max:  0.2, Diff:  0.2, Sum:  0.5, Workers: 4
[225.114s][debug][gc,phases      ] GC(23)     Dead                           Min: 0, Avg:  0.0, Max: 0, Diff: 0, Sum: 0, Workers: 4
[225.114s][debug][gc,phases      ] GC(23)     Total                          Min: 0, Avg: 11604.8, Max: 16019, Diff: 16019, Sum: 46419, Workers: 4
[225.114s][debug][gc,phases      ] GC(23)   ResolvedMethodTable Weak       Min:  0.0, Avg:  0.0, Max:  0.1, Diff:  0.1, Sum:  0.2, Workers: 4
[225.114s][debug][gc,phases      ] GC(23)     Dead                           Min: 0, Avg:  0.0, Max: 0, Diff: 0, Sum: 0, Workers: 4
[225.114s][debug][gc,phases      ] GC(23)     Total                          Min: 0, Avg: 3801.8, Max: 5570, Diff: 5570, Sum: 15207, Workers: 4
[225.114s][debug][gc,phases      ] GC(23)   JNI Weak                       Min:  0.0, Avg:  0.0, Max:  0.0, Diff:  0.0, Sum:  0.0, Workers: 4
[225.114s][debug][gc,phases      ] GC(23)     Dead                           Min: 0, Avg:  0.0, Max: 0, Diff: 0, Sum: 0, Workers: 4
[225.114s][debug][gc,phases      ] GC(23)     Total                          Min: 0, Avg: 13.0, Max: 48, Diff: 48, Sum: 52, Workers: 4
[225.114s][debug][gc,phases      ] GC(23)   StringDedup Table Weak         Min:  0.0, Avg:  0.0, Max:  0.0, Diff:  0.0, Sum:  0.0, Workers: 4
[225.114s][debug][gc,phases      ] GC(23)     Dead                           Min: 0, Avg:  0.0, Max: 0, Diff: 0, Sum: 0, Workers: 4
[225.114s][debug][gc,phases      ] GC(23)     Total                          Min: 0, Avg:  0.0, Max: 0, Diff: 0, Sum: 0, Workers: 4
[225.114s][debug][gc,phases      ] GC(23)   StringDedup Requests0 Weak     Min:  0.0, Avg:  0.0, Max:  0.0, Diff:  0.0, Sum:  0.0, Workers: 4
[225.114s][debug][gc,phases      ] GC(23)     Dead                           Min: 0, Avg:  0.0, Max: 0, Diff: 0, Sum: 0, Workers: 4
[225.114s][debug][gc,phases      ] GC(23)     Total                          Min: 0, Avg:  0.0, Max: 0, Diff: 0, Sum: 0, Workers: 4
[225.114s][debug][gc,phases      ] GC(23)   StringDedup Requests1 Weak     Min:  0.0, Avg:  0.0, Max:  0.0, Diff:  0.0, Sum:  0.0, Workers: 4
[225.114s][debug][gc,phases      ] GC(23)     Dead                           Min: 0, Avg:  0.0, Max: 0, Diff: 0, Sum: 0, Workers: 4
[225.114s][debug][gc,phases      ] GC(23)     Total                          Min: 0, Avg:  0.0, Max: 0, Diff: 0, Sum: 0, Workers: 4
[225.114s][debug][gc,phases      ] GC(23)   Weak JFR Old Object Samples    Min:  0.0, Avg:  0.0, Max:  0.0, Diff:  0.0, Sum:  0.0, Workers: 4
[225.114s][debug][gc,phases      ] GC(23)     Dead                           Min: 0, Avg:  0.0, Max: 0, Diff: 0, Sum: 0, Workers: 4
[225.114s][debug][gc,phases      ] GC(23)     Total                          Min: 0, Avg:  0.0, Max: 0, Diff: 0, Sum: 0, Workers: 4
[225.114s][debug][gc,phases      ] GC(23) Weak Processing 0.432ms
[225.114s][debug][gc,age         ] GC(23) Desired survivor size 212860928 bytes, new threshold 1 (max threshold 15)
[225.114s][info ][gc,heap        ] GC(23) PSYoungGen: 1684928K(1880064K)->30936K(1871872K) Eden: 1654784K(1654784K)->0K(1654784K) From: 30144K(225280K)->30936K(217088K)
[225.114s][info ][gc,heap        ] GC(23) ParOldGen: 454465K(454656K)->481847K(482304K)
[225.114s][info ][gc,metaspace   ] GC(23) Metaspace: 106493K(107840K)->106493K(107840K) NonClass: 90417K(91200K)->90417K(91200K) Class: 16076K(16640K)->16076K(16640K)
[225.114s][info ][gc             ] GC(23) Pause Young (Allocation Failure) 2089M->500M(2299M) 26.183ms
[225.114s][info ][gc,cpu         ] GC(23) User=0.08s Sys=0.02s Real=0.03s
[225.114s][info ][safepoint      ] Safepoint "ParallelGCFailedAllocation", Time since last: 313372807 ns, Reaching safepoint: 80401 ns, Cleanup: 20201 ns, At safepoint: 26278862 ns, Total: 26379464 ns
[226.115s][info ][safepoint      ] Safepoint "Cleanup", Time since last: 1000085605 ns, Reaching safepoint: 5500 ns, Cleanup: 14200 ns, At safepoint: 2500 ns, Total: 22200 ns
[227.115s][info ][safepoint      ] Safepoint "Cleanup", Time since last: 1000100405 ns, Reaching safepoint: 31300 ns, Cleanup: 9401 ns, At safepoint: 2900 ns, Total: 43601 ns
[228.115s][info ][safepoint      ] Safepoint "Cleanup", Time since last: 1000099504 ns, Reaching safepoint: 6400 ns, Cleanup: 10201 ns, At safepoint: 2900 ns, Total: 19501 ns
[229.115s][info ][safepoint      ] Safepoint "Cleanup", Time since last: 1000112705 ns, Reaching safepoint: 7000 ns, Cleanup: 14300 ns, At safepoint: 2800 ns, Total: 24100 ns
[230.115s][info ][safepoint      ] Safepoint "Cleanup", Time since last: 1000134406 ns, Reaching safepoint: 7100 ns, Cleanup: 8400 ns, At safepoint: 3800 ns, Total: 19300 ns
[231.115s][info ][safepoint      ] Safepoint "Cleanup", Time since last: 1000124535 ns, Reaching safepoint: 6700 ns, Cleanup: 14400 ns, At safepoint: 2900 ns, Total: 24000 ns
[232.115s][info ][safepoint      ] Safepoint "Cleanup", Time since last: 1000124771 ns, Reaching safepoint: 7000 ns, Cleanup: 10100 ns, At safepoint: 2901 ns, Total: 20001 ns
[233.116s][info ][safepoint      ] Safepoint "Cleanup", Time since last: 1000112110 ns, Reaching safepoint: 6100 ns, Cleanup: 10700 ns, At safepoint: 2000 ns, Total: 18800 ns
[234.116s][info ][safepoint      ] Safepoint "Cleanup", Time since last: 1000109127 ns, Reaching safepoint: 6701 ns, Cleanup: 14500 ns, At safepoint: 2500 ns, Total: 23701 ns
[235.116s][info ][safepoint      ] Safepoint "Cleanup", Time since last: 1000119628 ns, Reaching safepoint: 7000 ns, Cleanup: 9800 ns, At safepoint: 3000 ns, Total: 19800 ns
[236.116s][info ][safepoint      ] Safepoint "Cleanup", Time since last: 1000112828 ns, Reaching safepoint: 6700 ns, Cleanup: 11900 ns, At safepoint: 2700 ns, Total: 21300 ns
[237.116s][info ][safepoint      ] Safepoint "Cleanup", Time since last: 1000079572 ns, Reaching safepoint: 84102 ns, Cleanup: 9400 ns, At safepoint: 6400 ns, Total: 99902 ns
[238.116s][info ][safepoint      ] Safepoint "Cleanup", Time since last: 1000104686 ns, Reaching safepoint: 7200 ns, Cleanup: 16801 ns, At safepoint: 3100 ns, Total: 27101 ns
[240.116s][info ][safepoint      ] Safepoint "Cleanup", Time since last: 2000190071 ns, Reaching safepoint: 9300 ns, Cleanup: 40201 ns, At safepoint: 3000 ns, Total: 52501 ns
[241.197s][info ][safepoint      ] Safepoint "Cleanup", Time since last: 1080465219 ns, Reaching safepoint: 78201 ns, Cleanup: 20501 ns, At safepoint: 6100 ns, Total: 104802 ns
[242.197s][info ][safepoint      ] Safepoint "Cleanup", Time since last: 1000120511 ns, Reaching safepoint: 80402 ns, Cleanup: 39301 ns, At safepoint: 7300 ns, Total: 127003 ns
[245.198s][info ][safepoint      ] Safepoint "Cleanup", Time since last: 3000266131 ns, Reaching safepoint: 78102 ns, Cleanup: 11000 ns, At safepoint: 7000 ns, Total: 96102 ns
[246.198s][info ][safepoint      ] Safepoint "Cleanup", Time since last: 1000117511 ns, Reaching safepoint: 81402 ns, Cleanup: 20100 ns, At safepoint: 9100 ns, Total: 110602 ns
[247.198s][info ][safepoint      ] Safepoint "Cleanup", Time since last: 1000119811 ns, Reaching safepoint: 79002 ns, Cleanup: 31201 ns, At safepoint: 6300 ns, Total: 116503 ns
[248.198s][info ][safepoint      ] Safepoint "Cleanup", Time since last: 1000123308 ns, Reaching safepoint: 89102 ns, Cleanup: 28701 ns, At safepoint: 16000 ns, Total: 133803 ns
[249.199s][info ][safepoint      ] Safepoint "Cleanup", Time since last: 1000120333 ns, Reaching safepoint: 76201 ns, Cleanup: 19800 ns, At safepoint: 6800 ns, Total: 102801 ns
[250.199s][info ][safepoint      ] Safepoint "Cleanup", Time since last: 1000111849 ns, Reaching safepoint: 78301 ns, Cleanup: 6901 ns, At safepoint: 5600 ns, Total: 90802 ns
[251.199s][info ][safepoint      ] Safepoint "Cleanup", Time since last: 1000114449 ns, Reaching safepoint: 78601 ns, Cleanup: 17000 ns, At safepoint: 6900 ns, Total: 102501 ns
[252.199s][info ][safepoint      ] Safepoint "Cleanup", Time since last: 1000130450 ns, Reaching safepoint: 84201 ns, Cleanup: 12000 ns, At safepoint: 7801 ns, Total: 104002 ns
[253.199s][info ][safepoint      ] Safepoint "Cleanup", Time since last: 1000135658 ns, Reaching safepoint: 82502 ns, Cleanup: 10000 ns, At safepoint: 10400 ns, Total: 102902 ns
[254.200s][info ][safepoint      ] Safepoint "Cleanup", Time since last: 1000135805 ns, Reaching safepoint: 82802 ns, Cleanup: 14600 ns, At safepoint: 8100 ns, Total: 105502 ns
[254.998s][info ][gc,start       ] GC(24) Pause Young (Allocation Failure)
[255.017s][debug][gc,phases      ] GC(24) Scavenge 18.518ms
[255.017s][debug][gc,ref         ] GC(24) ReferenceProcessor::execute queues: 1, RefProcThreadModel::Single, marks_oops_alive: false
[255.017s][debug][gc,ref         ] GC(24) Skipped KeepAliveFinalRefsPhase of Reference Processing: no references
[255.017s][debug][gc,ref         ] GC(24) ReferenceProcessor::execute queues: 1, RefProcThreadModel::Single, marks_oops_alive: false
[255.017s][debug][gc,phases      ] GC(24) Reference Processing 0.113ms
[255.017s][debug][gc,phases      ] GC(24)   VM Weak                        Min:  0.0, Avg:  0.0, Max:  0.0, Diff:  0.0, Sum:  0.0, Workers: 4
[255.017s][debug][gc,phases      ] GC(24)     Dead                           Min: 0, Avg:  0.0, Max: 0, Diff: 0, Sum: 0, Workers: 4
[255.017s][debug][gc,phases      ] GC(24)     Total                          Min: 0, Avg: 249.0, Max: 612, Diff: 612, Sum: 996, Workers: 4
[255.017s][debug][gc,phases      ] GC(24)   ObjectSynchronizer Weak        Min:  0.0, Avg:  0.0, Max:  0.0, Diff:  0.0, Sum:  0.0, Workers: 4
[255.017s][debug][gc,phases      ] GC(24)     Dead                           Min: 0, Avg:  0.0, Max: 0, Diff: 0, Sum: 0, Workers: 4
[255.017s][debug][gc,phases      ] GC(24)     Total                          Min: 0, Avg:  1.0, Max: 4, Diff: 4, Sum: 4, Workers: 4
[255.017s][debug][gc,phases      ] GC(24)   JVMTI Tag Weak OopStorage      Min:  0.0, Avg:  0.0, Max:  0.0, Diff:  0.0, Sum:  0.0, Workers: 4
[255.017s][debug][gc,phases      ] GC(24)     Dead                           Min: 0, Avg:  0.0, Max: 0, Diff: 0, Sum: 0, Workers: 4
[255.017s][debug][gc,phases      ] GC(24)     Total                          Min: 0, Avg:  0.0, Max: 0, Diff: 0, Sum: 0, Workers: 4
[255.017s][debug][gc,phases      ] GC(24)   StringTable Weak               Min:  0.0, Avg:  0.1, Max:  0.1, Diff:  0.1, Sum:  0.4, Workers: 4
[255.017s][debug][gc,phases      ] GC(24)     Dead                           Min: 0, Avg:  0.0, Max: 0, Diff: 0, Sum: 0, Workers: 4
[255.017s][debug][gc,phases      ] GC(24)     Total                          Min: 0, Avg: 11606.5, Max: 17114, Diff: 17114, Sum: 46426, Workers: 4
[255.017s][debug][gc,phases      ] GC(24)   ResolvedMethodTable Weak       Min:  0.0, Avg:  0.0, Max:  0.1, Diff:  0.1, Sum:  0.2, Workers: 4
[255.017s][debug][gc,phases      ] GC(24)     Dead                           Min: 0, Avg:  4.0, Max: 16, Diff: 16, Sum: 16, Workers: 4
[255.017s][debug][gc,phases      ] GC(24)     Total                          Min: 0, Avg: 3801.8, Max: 5367, Diff: 5367, Sum: 15207, Workers: 4
[255.017s][debug][gc,phases      ] GC(24)   JNI Weak                       Min:  0.0, Avg:  0.0, Max:  0.0, Diff:  0.0, Sum:  0.0, Workers: 4
[255.017s][debug][gc,phases      ] GC(24)     Dead                           Min: 0, Avg:  0.0, Max: 0, Diff: 0, Sum: 0, Workers: 4
[255.017s][debug][gc,phases      ] GC(24)     Total                          Min: 0, Avg: 13.0, Max: 48, Diff: 48, Sum: 52, Workers: 4
[255.017s][debug][gc,phases      ] GC(24)   StringDedup Table Weak         Min:  0.0, Avg:  0.0, Max:  0.0, Diff:  0.0, Sum:  0.0, Workers: 4
[255.017s][debug][gc,phases      ] GC(24)     Dead                           Min: 0, Avg:  0.0, Max: 0, Diff: 0, Sum: 0, Workers: 4
[255.017s][debug][gc,phases      ] GC(24)     Total                          Min: 0, Avg:  0.0, Max: 0, Diff: 0, Sum: 0, Workers: 4
[255.017s][debug][gc,phases      ] GC(24)   StringDedup Requests0 Weak     Min:  0.0, Avg:  0.0, Max:  0.0, Diff:  0.0, Sum:  0.0, Workers: 4
[255.017s][debug][gc,phases      ] GC(24)     Dead                           Min: 0, Avg:  0.0, Max: 0, Diff: 0, Sum: 0, Workers: 4
[255.017s][debug][gc,phases      ] GC(24)     Total                          Min: 0, Avg:  0.0, Max: 0, Diff: 0, Sum: 0, Workers: 4
[255.017s][debug][gc,phases      ] GC(24)   StringDedup Requests1 Weak     Min:  0.0, Avg:  0.0, Max:  0.0, Diff:  0.0, Sum:  0.0, Workers: 4
[255.017s][debug][gc,phases      ] GC(24)     Dead                           Min: 0, Avg:  0.0, Max: 0, Diff: 0, Sum: 0, Workers: 4
[255.017s][debug][gc,phases      ] GC(24)     Total                          Min: 0, Avg:  0.0, Max: 0, Diff: 0, Sum: 0, Workers: 4
[255.017s][debug][gc,phases      ] GC(24)   Weak JFR Old Object Samples    Min:  0.0, Avg:  0.0, Max:  0.0, Diff:  0.0, Sum:  0.0, Workers: 4
[255.017s][debug][gc,phases      ] GC(24)     Dead                           Min: 0, Avg:  0.0, Max: 0, Diff: 0, Sum: 0, Workers: 4
[255.017s][debug][gc,phases      ] GC(24)     Total                          Min: 0, Avg:  0.0, Max: 0, Diff: 0, Sum: 0, Workers: 4
[255.017s][debug][gc,phases      ] GC(24) Weak Processing 0.407ms
[255.017s][debug][gc,age         ] GC(24) Desired survivor size 207618048 bytes, new threshold 1 (max threshold 15)
[255.017s][info ][gc,heap        ] GC(24) PSYoungGen: 1685720K(1871872K)->9072K(1894400K) Eden: 1654784K(1654784K)->0K(1686528K) From: 30936K(217088K)->9072K(207872K)
[255.017s][info ][gc,heap        ] GC(24) ParOldGen: 481847K(482304K)->508464K(508928K)
[255.017s][info ][gc,metaspace   ] GC(24) Metaspace: 106545K(107840K)->106545K(107840K) NonClass: 90469K(91200K)->90469K(91200K) Class: 16076K(16640K)->16076K(16640K)
[255.017s][info ][gc             ] GC(24) Pause Young (Allocation Failure) 2116M->505M(2347M) 19.186ms
[255.017s][info ][gc,cpu         ] GC(24) User=0.05s Sys=0.01s Real=0.02s
[255.017s][info ][safepoint      ] Safepoint "ParallelGCFailedAllocation", Time since last: 798132940 ns, Reaching safepoint: 79702 ns, Cleanup: 14200 ns, At safepoint: 19283126 ns, Total: 19377028 ns
[256.017s][info ][safepoint      ] Safepoint "Cleanup", Time since last: 1000099304 ns, Reaching safepoint: 7600 ns, Cleanup: 13201 ns, At safepoint: 3000 ns, Total: 23801 ns
[257.018s][info ][safepoint      ] Safepoint "Cleanup", Time since last: 1000117332 ns, Reaching safepoint: 6100 ns, Cleanup: 20700 ns, At safepoint: 2300 ns, Total: 29100 ns
[258.018s][info ][safepoint      ] Safepoint "Cleanup", Time since last: 1000098180 ns, Reaching safepoint: 6100 ns, Cleanup: 19100 ns, At safepoint: 2300 ns, Total: 27500 ns
[259.018s][info ][safepoint      ] Safepoint "Cleanup", Time since last: 1000107480 ns, Reaching safepoint: 5600 ns, Cleanup: 20900 ns, At safepoint: 2200 ns, Total: 28700 ns
[261.018s][info ][safepoint      ] Safepoint "Cleanup", Time since last: 2000166956 ns, Reaching safepoint: 6300 ns, Cleanup: 12501 ns, At safepoint: 2500 ns, Total: 21301 ns
[263.018s][info ][safepoint      ] Safepoint "Cleanup", Time since last: 2000184204 ns, Reaching safepoint: 6400 ns, Cleanup: 9400 ns, At safepoint: 3400 ns, Total: 19200 ns
[264.018s][info ][safepoint      ] Safepoint "Cleanup", Time since last: 1000101753 ns, Reaching safepoint: 6000 ns, Cleanup: 8800 ns, At safepoint: 2400 ns, Total: 17200 ns
[267.019s][info ][safepoint      ] Safepoint "Cleanup", Time since last: 3000231369 ns, Reaching safepoint: 6100 ns, Cleanup: 9300 ns, At safepoint: 29401 ns, Total: 44801 ns
[269.019s][info ][safepoint      ] Safepoint "Cleanup", Time since last: 2000168058 ns, Reaching safepoint: 5500 ns, Cleanup: 10600 ns, At safepoint: 2800 ns, Total: 18900 ns
[272.019s][info ][safepoint      ] Safepoint "Cleanup", Time since last: 3000238366 ns, Reaching safepoint: 5901 ns, Cleanup: 13200 ns, At safepoint: 2200 ns, Total: 21301 ns
[273.019s][info ][safepoint      ] Safepoint "Cleanup", Time since last: 1000103798 ns, Reaching safepoint: 6100 ns, Cleanup: 11400 ns, At safepoint: 2700 ns, Total: 20200 ns
[274.019s][info ][safepoint      ] Safepoint "Cleanup", Time since last: 1000111055 ns, Reaching safepoint: 5900 ns, Cleanup: 12700 ns, At safepoint: 2800 ns, Total: 21400 ns
[277.020s][info ][safepoint      ] Safepoint "Cleanup", Time since last: 3000242471 ns, Reaching safepoint: 7400 ns, Cleanup: 20001 ns, At safepoint: 38601 ns, Total: 66002 ns
[277.918s][info ][gc,start       ] GC(25) Pause Young (CodeCache GC Threshold)
[277.930s][debug][gc,phases      ] GC(25) Scavenge 11.478ms
[277.930s][debug][gc,ref         ] GC(25) ReferenceProcessor::execute queues: 1, RefProcThreadModel::Single, marks_oops_alive: false
[277.930s][debug][gc,ref         ] GC(25) Skipped KeepAliveFinalRefsPhase of Reference Processing: no references
[277.930s][debug][gc,ref         ] GC(25) Skipped PhantomRefsPhase of Reference Processing: no references
[277.930s][debug][gc,phases      ] GC(25) Reference Processing 0.127ms
[277.931s][debug][gc,phases      ] GC(25)   VM Weak                        Min:  0.0, Avg:  0.0, Max:  0.0, Diff:  0.0, Sum:  0.0, Workers: 4
[277.931s][debug][gc,phases      ] GC(25)     Dead                           Min: 0, Avg:  0.0, Max: 0, Diff: 0, Sum: 0, Workers: 4
[277.931s][debug][gc,phases      ] GC(25)     Total                          Min: 0, Avg: 249.0, Max: 832, Diff: 832, Sum: 996, Workers: 4
[277.931s][debug][gc,phases      ] GC(25)   ObjectSynchronizer Weak        Min:  0.0, Avg:  0.0, Max:  0.0, Diff:  0.0, Sum:  0.0, Workers: 4
[277.931s][debug][gc,phases      ] GC(25)     Dead                           Min: 0, Avg:  0.0, Max: 0, Diff: 0, Sum: 0, Workers: 4
[277.931s][debug][gc,phases      ] GC(25)     Total                          Min: 0, Avg:  1.5, Max: 6, Diff: 6, Sum: 6, Workers: 4
[277.931s][debug][gc,phases      ] GC(25)   JVMTI Tag Weak OopStorage      Min:  0.0, Avg:  0.0, Max:  0.0, Diff:  0.0, Sum:  0.0, Workers: 4
[277.931s][debug][gc,phases      ] GC(25)     Dead                           Min: 0, Avg:  0.0, Max: 0, Diff: 0, Sum: 0, Workers: 4
[277.931s][debug][gc,phases      ] GC(25)     Total                          Min: 0, Avg:  0.0, Max: 0, Diff: 0, Sum: 0, Workers: 4
[277.931s][debug][gc,phases      ] GC(25)   StringTable Weak               Min:  0.0, Avg:  0.1, Max:  0.2, Diff:  0.2, Sum:  0.6, Workers: 4
[277.931s][debug][gc,phases      ] GC(25)     Dead                           Min: 0, Avg:  0.0, Max: 0, Diff: 0, Sum: 0, Workers: 4
[277.931s][debug][gc,phases      ] GC(25)     Total                          Min: 0, Avg: 11614.2, Max: 16448, Diff: 16448, Sum: 46457, Workers: 4
[277.931s][debug][gc,phases      ] GC(25)   ResolvedMethodTable Weak       Min:  0.0, Avg:  0.1, Max:  0.1, Diff:  0.1, Sum:  0.2, Workers: 4
[277.931s][debug][gc,phases      ] GC(25)     Dead                           Min: 0, Avg:  0.0, Max: 0, Diff: 0, Sum: 0, Workers: 4
[277.931s][debug][gc,phases      ] GC(25)     Total                          Min: 0, Avg: 3801.8, Max: 5444, Diff: 5444, Sum: 15207, Workers: 4
[277.931s][debug][gc,phases      ] GC(25)   JNI Weak                       Min:  0.0, Avg:  0.0, Max:  0.0, Diff:  0.0, Sum:  0.0, Workers: 4
[277.931s][debug][gc,phases      ] GC(25)     Dead                           Min: 0, Avg:  0.0, Max: 0, Diff: 0, Sum: 0, Workers: 4
[277.931s][debug][gc,phases      ] GC(25)     Total                          Min: 0, Avg: 13.0, Max: 48, Diff: 48, Sum: 52, Workers: 4
[277.931s][debug][gc,phases      ] GC(25)   StringDedup Table Weak         Min:  0.0, Avg:  0.0, Max:  0.0, Diff:  0.0, Sum:  0.0, Workers: 4
[277.931s][debug][gc,phases      ] GC(25)     Dead                           Min: 0, Avg:  0.0, Max: 0, Diff: 0, Sum: 0, Workers: 4
[277.931s][debug][gc,phases      ] GC(25)     Total                          Min: 0, Avg:  0.0, Max: 0, Diff: 0, Sum: 0, Workers: 4
[277.931s][debug][gc,phases      ] GC(25)   StringDedup Requests0 Weak     Min:  0.0, Avg:  0.0, Max:  0.0, Diff:  0.0, Sum:  0.0, Workers: 4
[277.931s][debug][gc,phases      ] GC(25)     Dead                           Min: 0, Avg:  0.0, Max: 0, Diff: 0, Sum: 0, Workers: 4
[277.931s][debug][gc,phases      ] GC(25)     Total                          Min: 0, Avg:  0.0, Max: 0, Diff: 0, Sum: 0, Workers: 4
[277.931s][debug][gc,phases      ] GC(25)   StringDedup Requests1 Weak     Min:  0.0, Avg:  0.0, Max:  0.0, Diff:  0.0, Sum:  0.0, Workers: 4
[277.931s][debug][gc,phases      ] GC(25)     Dead                           Min: 0, Avg:  0.0, Max: 0, Diff: 0, Sum: 0, Workers: 4
[277.931s][debug][gc,phases      ] GC(25)     Total                          Min: 0, Avg:  0.0, Max: 0, Diff: 0, Sum: 0, Workers: 4
[277.931s][debug][gc,phases      ] GC(25)   Weak JFR Old Object Samples    Min:  0.0, Avg:  0.0, Max:  0.0, Diff:  0.0, Sum:  0.0, Workers: 4
[277.931s][debug][gc,phases      ] GC(25)     Dead                           Min: 0, Avg:  0.0, Max: 0, Diff: 0, Sum: 0, Workers: 4
[277.931s][debug][gc,phases      ] GC(25)     Total                          Min: 0, Avg:  0.0, Max: 0, Diff: 0, Sum: 0, Workers: 4
[277.931s][debug][gc,phases      ] GC(25) Weak Processing 0.482ms
[277.931s][debug][gc,age         ] GC(25) Desired survivor size 201326592 bytes, new threshold 1 (max threshold 15)
[277.931s][info ][gc,heap        ] GC(25) PSYoungGen: 1325582K(1894400K)->8640K(1889280K) Eden: 1316510K(1686528K)->0K(1686528K) From: 9072K(207872K)->8640K(202752K)
[277.931s][info ][gc,heap        ] GC(25) ParOldGen: 508464K(508928K)->514482K(514560K)
[277.931s][info ][gc,metaspace   ] GC(25) Metaspace: 106594K(107904K)->106594K(107904K) NonClass: 90518K(91264K)->90518K(91264K) Class: 16076K(16640K)->16076K(16640K)
[277.931s][info ][gc             ] GC(25) Pause Young (CodeCache GC Threshold) 1791M->510M(2347M) 12.258ms
[277.931s][info ][gc,cpu         ] GC(25) User=0.03s Sys=0.01s Real=0.01s
[277.931s][debug][gc,phases      ] GC(26) Pre Compact 0.011ms
[277.931s][info ][gc,start       ] GC(26) Pause Full (CodeCache GC Threshold)
[277.931s][info ][gc,phases,start] GC(26) Marking Phase
[278.063s][debug][gc,phases      ] GC(26) Par Mark 132.212ms
[278.064s][debug][gc,ref         ] GC(26) ReferenceProcessor::execute queues: 4, RefProcThreadModel::Multi, marks_oops_alive: false
[278.064s][debug][gc,ref         ] GC(26) ReferenceProcessor::execute queues: 4, RefProcThreadModel::Multi, marks_oops_alive: true
[278.064s][debug][gc,ref         ] GC(26) ReferenceProcessor::execute queues: 1, RefProcThreadModel::Single, marks_oops_alive: false
[278.064s][debug][gc,phases      ] GC(26) Reference Processing 1.337ms
[278.065s][debug][gc,phases      ] GC(26)   VM Weak                        Min:  0.0, Avg:  0.0, Max:  0.0, Diff:  0.0, Sum:  0.0, Workers: 4
[278.065s][debug][gc,phases      ] GC(26)     Dead                           Min: 0, Avg:  0.0, Max: 0, Diff: 0, Sum: 0, Workers: 4
[278.065s][debug][gc,phases      ] GC(26)     Total                          Min: 100, Avg: 249.0, Max: 320, Diff: 220, Sum: 996, Workers: 4
[278.065s][debug][gc,phases      ] GC(26)   ObjectSynchronizer Weak        Min:  0.0, Avg:  0.0, Max:  0.0, Diff:  0.0, Sum:  0.0, Workers: 4
[278.065s][debug][gc,phases      ] GC(26)     Dead                           Min: 0, Avg:  0.0, Max: 0, Diff: 0, Sum: 0, Workers: 4
[278.065s][debug][gc,phases      ] GC(26)     Total                          Min: 0, Avg:  1.5, Max: 6, Diff: 6, Sum: 6, Workers: 4
[278.065s][debug][gc,phases      ] GC(26)   JVMTI Tag Weak OopStorage      Min:  0.0, Avg:  0.0, Max:  0.0, Diff:  0.0, Sum:  0.0, Workers: 4
[278.065s][debug][gc,phases      ] GC(26)     Dead                           Min: 0, Avg:  0.0, Max: 0, Diff: 0, Sum: 0, Workers: 4
[278.065s][debug][gc,phases      ] GC(26)     Total                          Min: 0, Avg:  0.0, Max: 0, Diff: 0, Sum: 0, Workers: 4
[278.065s][debug][gc,phases      ] GC(26)   StringTable Weak               Min:  0.2, Avg:  0.2, Max:  0.2, Diff:  0.0, Sum:  0.9, Workers: 4
[278.065s][debug][gc,phases      ] GC(26)     Dead                           Min: 0, Avg:  0.0, Max: 0, Diff: 0, Sum: 0, Workers: 4
[278.065s][debug][gc,phases      ] GC(26)     Total                          Min: 11456, Avg: 11614.2, Max: 11776, Diff: 320, Sum: 46457, Workers: 4
[278.065s][debug][gc,phases      ] GC(26)   ResolvedMethodTable Weak       Min:  0.1, Avg:  0.1, Max:  0.1, Diff:  0.0, Sum:  0.3, Workers: 4
[278.065s][debug][gc,phases      ] GC(26)     Dead                           Min: 0, Avg:  0.0, Max: 0, Diff: 0, Sum: 0, Workers: 4
[278.065s][debug][gc,phases      ] GC(26)     Total                          Min: 3629, Avg: 3801.8, Max: 4072, Diff: 443, Sum: 15207, Workers: 4
[278.065s][debug][gc,phases      ] GC(26)   JNI Weak                       Min:  0.0, Avg:  0.0, Max:  0.0, Diff:  0.0, Sum:  0.0, Workers: 4
[278.065s][debug][gc,phases      ] GC(26)     Dead                           Min: 0, Avg:  0.0, Max: 0, Diff: 0, Sum: 0, Workers: 4
[278.065s][debug][gc,phases      ] GC(26)     Total                          Min: 0, Avg: 13.0, Max: 48, Diff: 48, Sum: 52, Workers: 4
[278.065s][debug][gc,phases      ] GC(26)   StringDedup Table Weak         Min:  0.0, Avg:  0.0, Max:  0.0, Diff:  0.0, Sum:  0.0, Workers: 4
[278.065s][debug][gc,phases      ] GC(26)     Dead                           Min: 0, Avg:  0.0, Max: 0, Diff: 0, Sum: 0, Workers: 4
[278.065s][debug][gc,phases      ] GC(26)     Total                          Min: 0, Avg:  0.0, Max: 0, Diff: 0, Sum: 0, Workers: 4
[278.065s][debug][gc,phases      ] GC(26)   StringDedup Requests0 Weak     Min:  0.0, Avg:  0.0, Max:  0.0, Diff:  0.0, Sum:  0.0, Workers: 4
[278.065s][debug][gc,phases      ] GC(26)     Dead                           Min: 0, Avg:  0.0, Max: 0, Diff: 0, Sum: 0, Workers: 4
[278.065s][debug][gc,phases      ] GC(26)     Total                          Min: 0, Avg:  0.0, Max: 0, Diff: 0, Sum: 0, Workers: 4
[278.065s][debug][gc,phases      ] GC(26)   StringDedup Requests1 Weak     Min:  0.0, Avg:  0.0, Max:  0.0, Diff:  0.0, Sum:  0.0, Workers: 4
[278.065s][debug][gc,phases      ] GC(26)     Dead                           Min: 0, Avg:  0.0, Max: 0, Diff: 0, Sum: 0, Workers: 4
[278.065s][debug][gc,phases      ] GC(26)     Total                          Min: 0, Avg:  0.0, Max: 0, Diff: 0, Sum: 0, Workers: 4
[278.065s][debug][gc,phases      ] GC(26)   Weak JFR Old Object Samples    Min:  0.0, Avg:  0.0, Max:  0.0, Diff:  0.0, Sum:  0.0, Workers: 4
[278.065s][debug][gc,phases      ] GC(26)     Dead                           Min: 0, Avg:  0.0, Max: 0, Diff: 0, Sum: 0, Workers: 4
[278.065s][debug][gc,phases      ] GC(26)     Total                          Min: 0, Avg:  0.0, Max: 0, Diff: 0, Sum: 0, Workers: 4
[278.065s][debug][gc,phases      ] GC(26) Weak Processing 0.492ms
[278.065s][debug][gc,phases      ] GC(26) ClassLoaderData 0.185ms
[278.065s][debug][gc,phases      ] GC(26) Trigger cleanups 0.000ms
[278.136s][debug][gc,phases      ] GC(26) Purge Unlinked NMethods 3.099ms
[278.136s][debug][gc,phases      ] GC(26) Unregister NMethods 0.001ms
[278.136s][debug][gc,phases      ] GC(26) Free Code Blobs 0.359ms
[278.136s][debug][gc,phases      ] GC(26) Class Unloading 71.176ms
[278.136s][debug][gc,phases      ] GC(26) Report Object Count 0.001ms
[278.136s][info ][gc,phases      ] GC(26) Marking Phase 205.299ms
[278.136s][info ][gc,phases,start] GC(26) Summary Phase
[278.136s][info ][gc,phases      ] GC(26) Summary Phase 0.021ms
[278.136s][info ][gc,phases,start] GC(26) Adjust Roots
[278.158s][info ][gc,phases      ] GC(26) Adjust Roots 21.829ms
[278.158s][info ][gc,phases,start] GC(26) Compaction Phase
[278.310s][info ][gc,phases      ] GC(26) Compaction Phase 151.510ms
[278.310s][info ][gc,phases,start] GC(26) Post Compact
[278.312s][debug][gc,phases      ] GC(26) Purge Class Loader Data 1.002ms
[278.312s][info ][gc,phases      ] GC(26) Post Compact 2.628ms
[278.312s][info ][gc,heap        ] GC(26) PSYoungGen: 8640K(1889280K)->0K(1889280K) Eden: 0K(1686528K)->0K(1686528K) From: 8640K(202752K)->0K(202752K)
[278.312s][info ][gc,heap        ] GC(26) ParOldGen: 514482K(514560K)->353895K(514560K)
[278.312s][info ][gc,metaspace   ] GC(26) Metaspace: 106594K(107904K)->106594K(107904K) NonClass: 90518K(91264K)->90518K(91264K) Class: 16076K(16640K)->16076K(16640K)
[278.312s][info ][gc             ] GC(26) Pause Full (CodeCache GC Threshold) 510M->345M(2347M) 381.483ms
[278.312s][info ][gc,cpu         ] GC(26) User=1.13s Sys=0.03s Real=0.38s
[278.312s][info ][safepoint      ] Safepoint "ParallelGCSystemGC", Time since last: 898837829 ns, Reaching safepoint: 9600 ns, Cleanup: 13600 ns, At safepoint: 393892432 ns, Total: 393915632 ns
[279.313s][info ][safepoint      ] Safepoint "Cleanup", Time since last: 1000088594 ns, Reaching safepoint: 5900 ns, Cleanup: 94302 ns, At safepoint: 3100 ns, Total: 103302 ns
[280.313s][info ][safepoint      ] Safepoint "Cleanup", Time since last: 1000112494 ns, Reaching safepoint: 6701 ns, Cleanup: 16000 ns, At safepoint: 2600 ns, Total: 25301 ns
[281.313s][info ][safepoint      ] Safepoint "Cleanup", Time since last: 1000108122 ns, Reaching safepoint: 7101 ns, Cleanup: 24100 ns, At safepoint: 2300 ns, Total: 33501 ns
[282.313s][info ][safepoint      ] Safepoint "Cleanup", Time since last: 1000112663 ns, Reaching safepoint: 6500 ns, Cleanup: 14600 ns, At safepoint: 2400 ns, Total: 23500 ns
[283.313s][info ][safepoint      ] Safepoint "Cleanup", Time since last: 1000130063 ns, Reaching safepoint: 6401 ns, Cleanup: 10000 ns, At safepoint: 2900 ns, Total: 19301 ns
[284.313s][info ][safepoint      ] Safepoint "Cleanup", Time since last: 1000113763 ns, Reaching safepoint: 6900 ns, Cleanup: 9800 ns, At safepoint: 3000 ns, Total: 19700 ns
[285.313s][info ][safepoint      ] Safepoint "Cleanup", Time since last: 1000118363 ns, Reaching safepoint: 7000 ns, Cleanup: 29501 ns, At safepoint: 2600 ns, Total: 39101 ns
[286.314s][info ][safepoint      ] Safepoint "Cleanup", Time since last: 1000127363 ns, Reaching safepoint: 6600 ns, Cleanup: 16700 ns, At safepoint: 2800 ns, Total: 26100 ns
[287.314s][info ][safepoint      ] Safepoint "Cleanup", Time since last: 1000112563 ns, Reaching safepoint: 6800 ns, Cleanup: 29701 ns, At safepoint: 2700 ns, Total: 39201 ns
[288.314s][info ][safepoint      ] Safepoint "Cleanup", Time since last: 1000112382 ns, Reaching safepoint: 7200 ns, Cleanup: 18300 ns, At safepoint: 6400 ns, Total: 31900 ns
[289.314s][info ][safepoint      ] Safepoint "Cleanup", Time since last: 1000125594 ns, Reaching safepoint: 7000 ns, Cleanup: 58601 ns, At safepoint: 3200 ns, Total: 68801 ns
[290.314s][info ][safepoint      ] Safepoint "Cleanup", Time since last: 1000120049 ns, Reaching safepoint: 6800 ns, Cleanup: 14500 ns, At safepoint: 2900 ns, Total: 24200 ns
[291.314s][info ][safepoint      ] Safepoint "Cleanup", Time since last: 1000115848 ns, Reaching safepoint: 6700 ns, Cleanup: 9000 ns, At safepoint: 3000 ns, Total: 18700 ns
[293.314s][info ][safepoint      ] Safepoint "Cleanup", Time since last: 2000184915 ns, Reaching safepoint: 6200 ns, Cleanup: 8800 ns, At safepoint: 2600 ns, Total: 17600 ns
[294.315s][info ][safepoint      ] Safepoint "Cleanup", Time since last: 1000117192 ns, Reaching safepoint: 6500 ns, Cleanup: 14300 ns, At safepoint: 3000 ns, Total: 23800 ns
[297.315s][info ][safepoint      ] Safepoint "Cleanup", Time since last: 3000260295 ns, Reaching safepoint: 6000 ns, Cleanup: 13500 ns, At safepoint: 2500 ns, Total: 22000 ns
[300.216s][info ][safepoint      ] Safepoint "Cleanup", Time since last: 2901134076 ns, Reaching safepoint: 5300 ns, Cleanup: 9700 ns, At safepoint: 5000 ns, Total: 20000 ns
[302.216s][info ][safepoint      ] Safepoint "Cleanup", Time since last: 2000215932 ns, Reaching safepoint: 6900 ns, Cleanup: 13500 ns, At safepoint: 2700 ns, Total: 23100 ns
[303.216s][info ][safepoint      ] Safepoint "Cleanup", Time since last: 1000106566 ns, Reaching safepoint: 6800 ns, Cleanup: 12100 ns, At safepoint: 2600 ns, Total: 21500 ns
[307.217s][info ][safepoint      ] Safepoint "Cleanup", Time since last: 4000325233 ns, Reaching safepoint: 6600 ns, Cleanup: 11601 ns, At safepoint: 3400 ns, Total: 21601 ns
[309.217s][info ][safepoint      ] Safepoint "Cleanup", Time since last: 2000202551 ns, Reaching safepoint: 6500 ns, Cleanup: 10100 ns, At safepoint: 3000 ns, Total: 19600 ns
[311.217s][info ][safepoint      ] Safepoint "Cleanup", Time since last: 2000184152 ns, Reaching safepoint: 6600 ns, Cleanup: 9000 ns, At safepoint: 2000 ns, Total: 17600 ns
[312.217s][info ][safepoint      ] Safepoint "Cleanup", Time since last: 1000127876 ns, Reaching safepoint: 6800 ns, Cleanup: 11100 ns, At safepoint: 3000 ns, Total: 20900 ns
[313.559s][info ][safepoint      ] Safepoint "Cleanup", Time since last: 1341637564 ns, Reaching safepoint: 5701 ns, Cleanup: 122401 ns, At safepoint: 2600 ns, Total: 130702 ns
[316.559s][info ][safepoint      ] Safepoint "Cleanup", Time since last: 3000237194 ns, Reaching safepoint: 5900 ns, Cleanup: 18000 ns, At safepoint: 2800 ns, Total: 26700 ns
[317.560s][info ][safepoint      ] Safepoint "Cleanup", Time since last: 1000113796 ns, Reaching safepoint: 5600 ns, Cleanup: 7600 ns, At safepoint: 2400 ns, Total: 15600 ns
[318.560s][info ][safepoint      ] Safepoint "Cleanup", Time since last: 1000113826 ns, Reaching safepoint: 6400 ns, Cleanup: 10400 ns, At safepoint: 3000 ns, Total: 19800 ns
[319.560s][info ][safepoint      ] Safepoint "Cleanup", Time since last: 1000119025 ns, Reaching safepoint: 6601 ns, Cleanup: 69201 ns, At safepoint: 3000 ns, Total: 78802 ns
[320.560s][info ][safepoint      ] Safepoint "Cleanup", Time since last: 1000124325 ns, Reaching safepoint: 6300 ns, Cleanup: 14101 ns, At safepoint: 2600 ns, Total: 23001 ns
[321.560s][info ][safepoint      ] Safepoint "Cleanup", Time since last: 1000116092 ns, Reaching safepoint: 7400 ns, Cleanup: 20500 ns, At safepoint: 2300 ns, Total: 30200 ns
[322.560s][info ][safepoint      ] Safepoint "Cleanup", Time since last: 1000129149 ns, Reaching safepoint: 5800 ns, Cleanup: 17600 ns, At safepoint: 2300 ns, Total: 25700 ns
[323.560s][info ][safepoint      ] Safepoint "Cleanup", Time since last: 1000098649 ns, Reaching safepoint: 6500 ns, Cleanup: 13100 ns, At safepoint: 3000 ns, Total: 22600 ns
[325.952s][info ][gc,start       ] GC(27) Pause Young (Allocation Failure)
[325.959s][debug][gc,phases      ] GC(27) Scavenge 6.679ms
[325.959s][debug][gc,ref         ] GC(27) ReferenceProcessor::execute queues: 1, RefProcThreadModel::Single, marks_oops_alive: false
[325.959s][debug][gc,ref         ] GC(27) Skipped KeepAliveFinalRefsPhase of Reference Processing: no references
[325.959s][debug][gc,ref         ] GC(27) ReferenceProcessor::execute queues: 1, RefProcThreadModel::Single, marks_oops_alive: false
[325.959s][debug][gc,phases      ] GC(27) Reference Processing 0.135ms
[325.959s][debug][gc,phases      ] GC(27)   VM Weak                        Min:  0.0, Avg:  0.0, Max:  0.0, Diff:  0.0, Sum:  0.0, Workers: 4
[325.959s][debug][gc,phases      ] GC(27)     Dead                           Min: 0, Avg:  0.0, Max: 0, Diff: 0, Sum: 0, Workers: 4
[325.959s][debug][gc,phases      ] GC(27)     Total                          Min: 0, Avg: 251.2, Max: 1005, Diff: 1005, Sum: 1005, Workers: 4
[325.959s][debug][gc,phases      ] GC(27)   ObjectSynchronizer Weak        Min:  0.0, Avg:  0.0, Max:  0.0, Diff:  0.0, Sum:  0.0, Workers: 4
[325.959s][debug][gc,phases      ] GC(27)     Dead                           Min: 0, Avg:  0.0, Max: 0, Diff: 0, Sum: 0, Workers: 4
[325.959s][debug][gc,phases      ] GC(27)     Total                          Min: 0, Avg:  1.2, Max: 5, Diff: 5, Sum: 5, Workers: 4
[325.959s][debug][gc,phases      ] GC(27)   JVMTI Tag Weak OopStorage      Min:  0.0, Avg:  0.0, Max:  0.0, Diff:  0.0, Sum:  0.0, Workers: 4
[325.959s][debug][gc,phases      ] GC(27)     Dead                           Min: 0, Avg:  0.0, Max: 0, Diff: 0, Sum: 0, Workers: 4
[325.959s][debug][gc,phases      ] GC(27)     Total                          Min: 0, Avg:  0.0, Max: 0, Diff: 0, Sum: 0, Workers: 4
[325.959s][debug][gc,phases      ] GC(27)   StringTable Weak               Min:  0.0, Avg:  0.1, Max:  0.1, Diff:  0.1, Sum:  0.4, Workers: 4
[325.959s][debug][gc,phases      ] GC(27)     Dead                           Min: 0, Avg:  0.5, Max: 1, Diff: 1, Sum: 2, Workers: 4
[325.959s][debug][gc,phases      ] GC(27)     Total                          Min: 0, Avg: 11634.2, Max: 16768, Diff: 16768, Sum: 46537, Workers: 4
[325.959s][debug][gc,phases      ] GC(27)   ResolvedMethodTable Weak       Min:  0.0, Avg:  0.0, Max:  0.0, Diff:  0.0, Sum:  0.1, Workers: 4
[325.959s][debug][gc,phases      ] GC(27)     Dead                           Min: 0, Avg:  7.5, Max: 17, Diff: 17, Sum: 30, Workers: 4
[325.959s][debug][gc,phases      ] GC(27)     Total                          Min: 0, Avg: 3822.5, Max: 5499, Diff: 5499, Sum: 15290, Workers: 4
[325.959s][debug][gc,phases      ] GC(27)   JNI Weak                       Min:  0.0, Avg:  0.0, Max:  0.0, Diff:  0.0, Sum:  0.0, Workers: 4
[325.959s][debug][gc,phases      ] GC(27)     Dead                           Min: 0, Avg:  0.0, Max: 0, Diff: 0, Sum: 0, Workers: 4
[325.959s][debug][gc,phases      ] GC(27)     Total                          Min: 0, Avg: 13.0, Max: 48, Diff: 48, Sum: 52, Workers: 4
[325.959s][debug][gc,phases      ] GC(27)   StringDedup Table Weak         Min:  0.0, Avg:  0.0, Max:  0.0, Diff:  0.0, Sum:  0.0, Workers: 4
[325.959s][debug][gc,phases      ] GC(27)     Dead                           Min: 0, Avg:  0.0, Max: 0, Diff: 0, Sum: 0, Workers: 4
[325.959s][debug][gc,phases      ] GC(27)     Total                          Min: 0, Avg:  0.0, Max: 0, Diff: 0, Sum: 0, Workers: 4
[325.959s][debug][gc,phases      ] GC(27)   StringDedup Requests0 Weak     Min:  0.0, Avg:  0.0, Max:  0.0, Diff:  0.0, Sum:  0.0, Workers: 4
[325.959s][debug][gc,phases      ] GC(27)     Dead                           Min: 0, Avg:  0.0, Max: 0, Diff: 0, Sum: 0, Workers: 4
[325.959s][debug][gc,phases      ] GC(27)     Total                          Min: 0, Avg:  0.0, Max: 0, Diff: 0, Sum: 0, Workers: 4
[325.959s][debug][gc,phases      ] GC(27)   StringDedup Requests1 Weak     Min:  0.0, Avg:  0.0, Max:  0.0, Diff:  0.0, Sum:  0.0, Workers: 4
[325.959s][debug][gc,phases      ] GC(27)     Dead                           Min: 0, Avg:  0.0, Max: 0, Diff: 0, Sum: 0, Workers: 4
[325.959s][debug][gc,phases      ] GC(27)     Total                          Min: 0, Avg:  0.0, Max: 0, Diff: 0, Sum: 0, Workers: 4
[325.959s][debug][gc,phases      ] GC(27)   Weak JFR Old Object Samples    Min:  0.0, Avg:  0.0, Max:  0.0, Diff:  0.0, Sum:  0.0, Workers: 4
[325.959s][debug][gc,phases      ] GC(27)     Dead                           Min: 0, Avg:  0.0, Max: 0, Diff: 0, Sum: 0, Workers: 4
[325.959s][debug][gc,phases      ] GC(27)     Total                          Min: 0, Avg:  0.0, Max: 0, Diff: 0, Sum: 0, Workers: 4
[325.959s][debug][gc,phases      ] GC(27) Weak Processing 0.412ms
[325.959s][debug][gc,age         ] GC(27) Desired survivor size 195035136 bytes, new threshold 1 (max threshold 15)
[325.959s][info ][gc,heap        ] GC(27) PSYoungGen: 1686528K(1889280K)->6400K(1906688K) Eden: 1686528K(1686528K)->0K(1710080K) From: 0K(202752K)->6400K(196608K)
[325.959s][info ][gc,heap        ] GC(27) ParOldGen: 353895K(514560K)->353895K(514560K)
[325.959s][info ][gc,metaspace   ] GC(27) Metaspace: 106948K(108288K)->106948K(108288K) NonClass: 90829K(91584K)->90829K(91584K) Class: 16118K(16704K)->16118K(16704K)
[325.959s][info ][gc             ] GC(27) Pause Young (Allocation Failure) 1992M->351M(2364M) 7.365ms
[325.959s][info ][gc,cpu         ] GC(27) User=0.02s Sys=0.01s Real=0.01s
[325.959s][info ][safepoint      ] Safepoint "ParallelGCFailedAllocation", Time since last: 2391562342 ns, Reaching safepoint: 6800 ns, Cleanup: 10401 ns, At safepoint: 7440529 ns, Total: 7457730 ns
[327.960s][info ][safepoint      ] Safepoint "Cleanup", Time since last: 2000160168 ns, Reaching safepoint: 6700 ns, Cleanup: 10700 ns, At safepoint: 2500 ns, Total: 19900 ns
[330.960s][info ][safepoint      ] Safepoint "Cleanup", Time since last: 3000278683 ns, Reaching safepoint: 7100 ns, Cleanup: 36300 ns, At safepoint: 2800 ns, Total: 46200 ns
[332.960s][info ][safepoint      ] Safepoint "Cleanup", Time since last: 2000196727 ns, Reaching safepoint: 6000 ns, Cleanup: 37200 ns, At safepoint: 2401 ns, Total: 45601 ns
[333.960s][info ][safepoint      ] Safepoint "Cleanup", Time since last: 1000105470 ns, Reaching safepoint: 7500 ns, Cleanup: 24100 ns, At safepoint: 3600 ns, Total: 35200 ns
[334.960s][info ][safepoint      ] Safepoint "Cleanup", Time since last: 1000123371 ns, Reaching safepoint: 7600 ns, Cleanup: 12800 ns, At safepoint: 3200 ns, Total: 23600 ns
[335.961s][info ][safepoint      ] Safepoint "Cleanup", Time since last: 1000117671 ns, Reaching safepoint: 6200 ns, Cleanup: 15800 ns, At safepoint: 2600 ns, Total: 24600 ns
[338.961s][info ][safepoint      ] Safepoint "Cleanup", Time since last: 3000266573 ns, Reaching safepoint: 7100 ns, Cleanup: 10500 ns, At safepoint: 3300 ns, Total: 20900 ns
[339.961s][info ][safepoint      ] Safepoint "Cleanup", Time since last: 1000130756 ns, Reaching safepoint: 6600 ns, Cleanup: 10300 ns, At safepoint: 2900 ns, Total: 19800 ns
[340.961s][info ][safepoint      ] Safepoint "Cleanup", Time since last: 1000118455 ns, Reaching safepoint: 6300 ns, Cleanup: 10100 ns, At safepoint: 3100 ns, Total: 19500 ns
[341.961s][info ][safepoint      ] Safepoint "Cleanup", Time since last: 1000110781 ns, Reaching safepoint: 6100 ns, Cleanup: 14301 ns, At safepoint: 2800 ns, Total: 23201 ns
[345.962s][info ][safepoint      ] Safepoint "Cleanup", Time since last: 4000301807 ns, Reaching safepoint: 6500 ns, Cleanup: 11700 ns, At safepoint: 3000 ns, Total: 21200 ns
[346.962s][info ][safepoint      ] Safepoint "Cleanup", Time since last: 1000119288 ns, Reaching safepoint: 6000 ns, Cleanup: 18901 ns, At safepoint: 2800 ns, Total: 27701 ns
[348.962s][info ][safepoint      ] Safepoint "Cleanup", Time since last: 2000192975 ns, Reaching safepoint: 6900 ns, Cleanup: 19801 ns, At safepoint: 3200 ns, Total: 29901 ns
[349.962s][info ][safepoint      ] Safepoint "Cleanup", Time since last: 1000120888 ns, Reaching safepoint: 6700 ns, Cleanup: 21200 ns, At safepoint: 3400 ns, Total: 31300 ns
[350.962s][info ][safepoint      ] Safepoint "Cleanup", Time since last: 1000113588 ns, Reaching safepoint: 7801 ns, Cleanup: 21900 ns, At safepoint: 2900 ns, Total: 32601 ns
[351.962s][info ][safepoint      ] Safepoint "Cleanup", Time since last: 1000104588 ns, Reaching safepoint: 6500 ns, Cleanup: 11400 ns, At safepoint: 2100 ns, Total: 20000 ns
[352.963s][info ][safepoint      ] Safepoint "Cleanup", Time since last: 1000099000 ns, Reaching safepoint: 6600 ns, Cleanup: 8700 ns, At safepoint: 2800 ns, Total: 18100 ns
[354.963s][info ][safepoint      ] Safepoint "Cleanup", Time since last: 2000178576 ns, Reaching safepoint: 6001 ns, Cleanup: 29600 ns, At safepoint: 2500 ns, Total: 38101 ns
[356.963s][info ][safepoint      ] Safepoint "Cleanup", Time since last: 2000202376 ns, Reaching safepoint: 7901 ns, Cleanup: 13000 ns, At safepoint: 2700 ns, Total: 23601 ns
[357.963s][info ][safepoint      ] Safepoint "Cleanup", Time since last: 1000115738 ns, Reaching safepoint: 6800 ns, Cleanup: 9400 ns, At safepoint: 3500 ns, Total: 19700 ns
[358.963s][info ][safepoint      ] Safepoint "Cleanup", Time since last: 1000115278 ns, Reaching safepoint: 7000 ns, Cleanup: 9800 ns, At safepoint: 3400 ns, Total: 20200 ns
[359.963s][info ][safepoint      ] Safepoint "Cleanup", Time since last: 1000123304 ns, Reaching safepoint: 7300 ns, Cleanup: 17900 ns, At safepoint: 3500 ns, Total: 28700 ns
[361.233s][info ][safepoint      ] Safepoint "Cleanup", Time since last: 1269925024 ns, Reaching safepoint: 7000 ns, Cleanup: 17300 ns, At safepoint: 2300 ns, Total: 26600 ns
[362.234s][info ][safepoint      ] Safepoint "Cleanup", Time since last: 1000120811 ns, Reaching safepoint: 7600 ns, Cleanup: 12600 ns, At safepoint: 2400 ns, Total: 22600 ns
[363.234s][info ][safepoint      ] Safepoint "Cleanup", Time since last: 1000122911 ns, Reaching safepoint: 7200 ns, Cleanup: 11100 ns, At safepoint: 2600 ns, Total: 20900 ns
[363.949s][info ][gc,start       ] GC(28) Pause Young (Allocation Failure)
[363.957s][debug][gc,phases      ] GC(28) Scavenge 7.371ms
[363.957s][debug][gc,ref         ] GC(28) ReferenceProcessor::execute queues: 1, RefProcThreadModel::Single, marks_oops_alive: false
[363.957s][debug][gc,ref         ] GC(28) Skipped KeepAliveFinalRefsPhase of Reference Processing: no references
[363.957s][debug][gc,ref         ] GC(28) ReferenceProcessor::execute queues: 1, RefProcThreadModel::Single, marks_oops_alive: false
[363.957s][debug][gc,phases      ] GC(28) Reference Processing 0.131ms
[363.957s][debug][gc,phases      ] GC(28)   VM Weak                        Min:  0.0, Avg:  0.0, Max:  0.0, Diff:  0.0, Sum:  0.0, Workers: 4
[363.957s][debug][gc,phases      ] GC(28)     Dead                           Min: 0, Avg:  0.0, Max: 0, Diff: 0, Sum: 0, Workers: 4
[363.957s][debug][gc,phases      ] GC(28)     Total                          Min: 0, Avg: 251.5, Max: 942, Diff: 942, Sum: 1006, Workers: 4
[363.957s][debug][gc,phases      ] GC(28)   ObjectSynchronizer Weak        Min:  0.0, Avg:  0.0, Max:  0.0, Diff:  0.0, Sum:  0.0, Workers: 4
[363.957s][debug][gc,phases      ] GC(28)     Dead                           Min: 0, Avg:  0.0, Max: 0, Diff: 0, Sum: 0, Workers: 4
[363.957s][debug][gc,phases      ] GC(28)     Total                          Min: 0, Avg:  1.0, Max: 4, Diff: 4, Sum: 4, Workers: 4
[363.957s][debug][gc,phases      ] GC(28)   JVMTI Tag Weak OopStorage      Min:  0.0, Avg:  0.0, Max:  0.0, Diff:  0.0, Sum:  0.0, Workers: 4
[363.957s][debug][gc,phases      ] GC(28)     Dead                           Min: 0, Avg:  0.0, Max: 0, Diff: 0, Sum: 0, Workers: 4
[363.957s][debug][gc,phases      ] GC(28)     Total                          Min: 0, Avg:  0.0, Max: 0, Diff: 0, Sum: 0, Workers: 4
[363.957s][debug][gc,phases      ] GC(28)   StringTable Weak               Min:  0.1, Avg:  0.1, Max:  0.2, Diff:  0.1, Sum:  0.5, Workers: 4
[363.957s][debug][gc,phases      ] GC(28)     Dead                           Min: 0, Avg:  0.2, Max: 1, Diff: 1, Sum: 1, Workers: 4
[363.957s][debug][gc,phases      ] GC(28)     Total                          Min: 7104, Avg: 11635.8, Max: 15296, Diff: 8192, Sum: 46543, Workers: 4
[363.957s][debug][gc,phases      ] GC(28)   ResolvedMethodTable Weak       Min:  0.0, Avg:  0.0, Max:  0.0, Diff:  0.0, Sum:  0.2, Workers: 4
[363.957s][debug][gc,phases      ] GC(28)     Dead                           Min: 0, Avg:  4.0, Max: 13, Diff: 13, Sum: 16, Workers: 4
[363.957s][debug][gc,phases      ] GC(28)     Total                          Min: 3710, Avg: 3823.5, Max: 3910, Diff: 200, Sum: 15294, Workers: 4
[363.957s][debug][gc,phases      ] GC(28)   JNI Weak                       Min:  0.0, Avg:  0.0, Max:  0.0, Diff:  0.0, Sum:  0.0, Workers: 4
[363.957s][debug][gc,phases      ] GC(28)     Dead                           Min: 0, Avg:  0.0, Max: 0, Diff: 0, Sum: 0, Workers: 4
[363.957s][debug][gc,phases      ] GC(28)     Total                          Min: 0, Avg: 13.0, Max: 48, Diff: 48, Sum: 52, Workers: 4
[363.957s][debug][gc,phases      ] GC(28)   StringDedup Table Weak         Min:  0.0, Avg:  0.0, Max:  0.0, Diff:  0.0, Sum:  0.0, Workers: 4
[363.957s][debug][gc,phases      ] GC(28)     Dead                           Min: 0, Avg:  0.0, Max: 0, Diff: 0, Sum: 0, Workers: 4
[363.957s][debug][gc,phases      ] GC(28)     Total                          Min: 0, Avg:  0.0, Max: 0, Diff: 0, Sum: 0, Workers: 4
[363.957s][debug][gc,phases      ] GC(28)   StringDedup Requests0 Weak     Min:  0.0, Avg:  0.0, Max:  0.0, Diff:  0.0, Sum:  0.0, Workers: 4
[363.957s][debug][gc,phases      ] GC(28)     Dead                           Min: 0, Avg:  0.0, Max: 0, Diff: 0, Sum: 0, Workers: 4
[363.957s][debug][gc,phases      ] GC(28)     Total                          Min: 0, Avg:  0.0, Max: 0, Diff: 0, Sum: 0, Workers: 4
[363.957s][debug][gc,phases      ] GC(28)   StringDedup Requests1 Weak     Min:  0.0, Avg:  0.0, Max:  0.0, Diff:  0.0, Sum:  0.0, Workers: 4
[363.957s][debug][gc,phases      ] GC(28)     Dead                           Min: 0, Avg:  0.0, Max: 0, Diff: 0, Sum: 0, Workers: 4
[363.957s][debug][gc,phases      ] GC(28)     Total                          Min: 0, Avg:  0.0, Max: 0, Diff: 0, Sum: 0, Workers: 4
[363.957s][debug][gc,phases      ] GC(28)   Weak JFR Old Object Samples    Min:  0.0, Avg:  0.0, Max:  0.0, Diff:  0.0, Sum:  0.0, Workers: 4
[363.957s][debug][gc,phases      ] GC(28)     Dead                           Min: 0, Avg:  0.0, Max: 0, Diff: 0, Sum: 0, Workers: 4
[363.957s][debug][gc,phases      ] GC(28)     Total                          Min: 0, Avg:  0.0, Max: 0, Diff: 0, Sum: 0, Workers: 4
[363.957s][debug][gc,phases      ] GC(28) Weak Processing 0.429ms
[363.957s][debug][gc,age         ] GC(28) Desired survivor size 187170816 bytes, new threshold 1 (max threshold 15)
[363.957s][info ][gc,heap        ] GC(28) PSYoungGen: 1716480K(1906688K)->9536K(1900544K) Eden: 1710080K(1710080K)->0K(1710080K) From: 6400K(196608K)->9536K(190464K)
[363.957s][info ][gc,heap        ] GC(28) ParOldGen: 353895K(514560K)->356547K(514560K)
[363.957s][info ][gc,metaspace   ] GC(28) Metaspace: 107006K(108352K)->107006K(108352K) NonClass: 90886K(91648K)->90886K(91648K) Class: 16119K(16704K)->16119K(16704K)
[363.957s][info ][gc             ] GC(28) Pause Young (Allocation Failure) 2021M->357M(2358M) 8.077ms
[363.957s][info ][gc,cpu         ] GC(28) User=0.03s Sys=0.00s Real=0.01s
[363.957s][info ][safepoint      ] Safepoint "ParallelGCFailedAllocation", Time since last: 715482776 ns, Reaching safepoint: 79001 ns, Cleanup: 10000 ns, At safepoint: 8161184 ns, Total: 8250185 ns
[365.958s][info ][safepoint      ] Safepoint "Cleanup", Time since last: 2000168636 ns, Reaching safepoint: 6300 ns, Cleanup: 29100 ns, At safepoint: 3001 ns, Total: 38401 ns
[367.958s][info ][safepoint      ] Safepoint "Cleanup", Time since last: 2000173257 ns, Reaching safepoint: 5900 ns, Cleanup: 11400 ns, At safepoint: 2300 ns, Total: 19600 ns
[368.958s][info ][safepoint      ] Safepoint "Cleanup", Time since last: 1000118620 ns, Reaching safepoint: 7000 ns, Cleanup: 18900 ns, At safepoint: 2700 ns, Total: 28600 ns
[370.958s][info ][safepoint      ] Safepoint "Cleanup", Time since last: 2000205594 ns, Reaching safepoint: 6600 ns, Cleanup: 10000 ns, At safepoint: 2701 ns, Total: 19301 ns
[373.959s][info ][safepoint      ] Safepoint "Cleanup", Time since last: 3000284420 ns, Reaching safepoint: 91101 ns, Cleanup: 9801 ns, At safepoint: 34800 ns, Total: 135702 ns
[376.959s][info ][safepoint      ] Safepoint "Cleanup", Time since last: 3000249104 ns, Reaching safepoint: 5400 ns, Cleanup: 14800 ns, At safepoint: 2001 ns, Total: 22201 ns
[377.959s][info ][safepoint      ] Safepoint "Cleanup", Time since last: 1000122912 ns, Reaching safepoint: 6800 ns, Cleanup: 9100 ns, At safepoint: 2900 ns, Total: 18800 ns
[378.959s][info ][safepoint      ] Safepoint "Cleanup", Time since last: 1000118612 ns, Reaching safepoint: 5900 ns, Cleanup: 15900 ns, At safepoint: 2200 ns, Total: 24000 ns
[379.959s][info ][safepoint      ] Safepoint "Cleanup", Time since last: 1000116712 ns, Reaching safepoint: 5600 ns, Cleanup: 17100 ns, At safepoint: 2500 ns, Total: 25200 ns
[380.959s][info ][safepoint      ] Safepoint "Cleanup", Time since last: 1000112912 ns, Reaching safepoint: 5401 ns, Cleanup: 11800 ns, At safepoint: 2300 ns, Total: 19501 ns
[381.960s][info ][safepoint      ] Safepoint "Cleanup", Time since last: 1000113353 ns, Reaching safepoint: 5600 ns, Cleanup: 9000 ns, At safepoint: 2400 ns, Total: 17000 ns
[382.960s][info ][safepoint      ] Safepoint "Cleanup", Time since last: 1000113641 ns, Reaching safepoint: 5700 ns, Cleanup: 15700 ns, At safepoint: 2800 ns, Total: 24200 ns
[383.960s][info ][safepoint      ] Safepoint "Cleanup", Time since last: 1000110742 ns, Reaching safepoint: 5700 ns, Cleanup: 11900 ns, At safepoint: 2800 ns, Total: 20400 ns
[384.960s][info ][safepoint      ] Safepoint "Cleanup", Time since last: 1000096570 ns, Reaching safepoint: 5301 ns, Cleanup: 11500 ns, At safepoint: 19600 ns, Total: 36401 ns
[385.960s][info ][safepoint      ] Safepoint "Cleanup", Time since last: 1000112600 ns, Reaching safepoint: 4900 ns, Cleanup: 15200 ns, At safepoint: 3000 ns, Total: 23100 ns
[386.960s][info ][safepoint      ] Safepoint "Cleanup", Time since last: 1000106500 ns, Reaching safepoint: 6200 ns, Cleanup: 10700 ns, At safepoint: 2800 ns, Total: 19700 ns
[387.960s][info ][safepoint      ] Safepoint "Cleanup", Time since last: 1000138700 ns, Reaching safepoint: 7300 ns, Cleanup: 12701 ns, At safepoint: 2800 ns, Total: 22801 ns
[390.961s][info ][safepoint      ] Safepoint "Cleanup", Time since last: 3000260492 ns, Reaching safepoint: 5800 ns, Cleanup: 10600 ns, At safepoint: 2701 ns, Total: 19101 ns
[391.961s][info ][safepoint      ] Safepoint "Cleanup", Time since last: 1000117120 ns, Reaching safepoint: 6400 ns, Cleanup: 33800 ns, At safepoint: 3300 ns, Total: 43500 ns
[395.961s][info ][safepoint      ] Safepoint "Cleanup", Time since last: 4000348933 ns, Reaching safepoint: 5901 ns, Cleanup: 8200 ns, At safepoint: 2200 ns, Total: 16301 ns
[397.961s][info ][safepoint      ] Safepoint "Cleanup", Time since last: 2000194443 ns, Reaching safepoint: 5800 ns, Cleanup: 19801 ns, At safepoint: 2300 ns, Total: 27901 ns
[398.962s][info ][safepoint      ] Safepoint "Cleanup", Time since last: 1000103023 ns, Reaching safepoint: 6800 ns, Cleanup: 16100 ns, At safepoint: 2900 ns, Total: 25800 ns
[400.962s][info ][safepoint      ] Safepoint "Cleanup", Time since last: 2000188551 ns, Reaching safepoint: 6400 ns, Cleanup: 15901 ns, At safepoint: 2600 ns, Total: 24901 ns
[401.962s][info ][safepoint      ] Safepoint "Cleanup", Time since last: 1000120577 ns, Reaching safepoint: 6201 ns, Cleanup: 17200 ns, At safepoint: 3200 ns, Total: 26601 ns
[402.962s][info ][safepoint      ] Safepoint "Cleanup", Time since last: 1000115177 ns, Reaching safepoint: 6200 ns, Cleanup: 10401 ns, At safepoint: 2900 ns, Total: 19501 ns
[404.962s][info ][safepoint      ] Safepoint "Cleanup", Time since last: 2000180254 ns, Reaching safepoint: 5100 ns, Cleanup: 11401 ns, At safepoint: 2400 ns, Total: 18901 ns
[405.454s][info ][gc,start       ] GC(29) Pause Young (Allocation Failure)
[405.463s][debug][gc,phases      ] GC(29) Scavenge 9.153ms
[405.464s][debug][gc,ref         ] GC(29) ReferenceProcessor::execute queues: 1, RefProcThreadModel::Single, marks_oops_alive: false
[405.464s][debug][gc,ref         ] GC(29) Skipped KeepAliveFinalRefsPhase of Reference Processing: no references
[405.464s][debug][gc,ref         ] GC(29) ReferenceProcessor::execute queues: 1, RefProcThreadModel::Single, marks_oops_alive: false
[405.464s][debug][gc,phases      ] GC(29) Reference Processing 0.115ms
[405.464s][debug][gc,phases      ] GC(29)   VM Weak                        Min:  0.0, Avg:  0.0, Max:  0.0, Diff:  0.0, Sum:  0.0, Workers: 4
[405.464s][debug][gc,phases      ] GC(29)     Dead                           Min: 0, Avg:  0.0, Max: 0, Diff: 0, Sum: 0, Workers: 4
[405.464s][debug][gc,phases      ] GC(29)     Total                          Min: 0, Avg: 251.5, Max: 622, Diff: 622, Sum: 1006, Workers: 4
[405.464s][debug][gc,phases      ] GC(29)   ObjectSynchronizer Weak        Min:  0.0, Avg:  0.0, Max:  0.0, Diff:  0.0, Sum:  0.0, Workers: 4
[405.464s][debug][gc,phases      ] GC(29)     Dead                           Min: 0, Avg:  0.0, Max: 0, Diff: 0, Sum: 0, Workers: 4
[405.464s][debug][gc,phases      ] GC(29)     Total                          Min: 0, Avg:  1.0, Max: 4, Diff: 4, Sum: 4, Workers: 4
[405.464s][debug][gc,phases      ] GC(29)   JVMTI Tag Weak OopStorage      Min:  0.0, Avg:  0.0, Max:  0.0, Diff:  0.0, Sum:  0.0, Workers: 4
[405.464s][debug][gc,phases      ] GC(29)     Dead                           Min: 0, Avg:  0.0, Max: 0, Diff: 0, Sum: 0, Workers: 4
[405.464s][debug][gc,phases      ] GC(29)     Total                          Min: 0, Avg:  0.0, Max: 0, Diff: 0, Sum: 0, Workers: 4
[405.464s][debug][gc,phases      ] GC(29)   StringTable Weak               Min:  0.0, Avg:  0.1, Max:  0.2, Diff:  0.2, Sum:  0.5, Workers: 4
[405.464s][debug][gc,phases      ] GC(29)     Dead                           Min: 0, Avg:  0.0, Max: 0, Diff: 0, Sum: 0, Workers: 4
[405.464s][debug][gc,phases      ] GC(29)     Total                          Min: 0, Avg: 11638.2, Max: 17753, Diff: 17753, Sum: 46553, Workers: 4
[405.464s][debug][gc,phases      ] GC(29)   ResolvedMethodTable Weak       Min:  0.0, Avg:  0.0, Max:  0.1, Diff:  0.1, Sum:  0.2, Workers: 4
[405.464s][debug][gc,phases      ] GC(29)     Dead                           Min: 0, Avg:  4.0, Max: 16, Diff: 16, Sum: 16, Workers: 4
[405.464s][debug][gc,phases      ] GC(29)     Total                          Min: 0, Avg: 3824.8, Max: 6202, Diff: 6202, Sum: 15299, Workers: 4
[405.464s][debug][gc,phases      ] GC(29)   JNI Weak                       Min:  0.0, Avg:  0.0, Max:  0.0, Diff:  0.0, Sum:  0.0, Workers: 4
[405.464s][debug][gc,phases      ] GC(29)     Dead                           Min: 0, Avg:  0.0, Max: 0, Diff: 0, Sum: 0, Workers: 4
[405.464s][debug][gc,phases      ] GC(29)     Total                          Min: 0, Avg: 13.0, Max: 48, Diff: 48, Sum: 52, Workers: 4
[405.464s][debug][gc,phases      ] GC(29)   StringDedup Table Weak         Min:  0.0, Avg:  0.0, Max:  0.0, Diff:  0.0, Sum:  0.0, Workers: 4
[405.464s][debug][gc,phases      ] GC(29)     Dead                           Min: 0, Avg:  0.0, Max: 0, Diff: 0, Sum: 0, Workers: 4
[405.464s][debug][gc,phases      ] GC(29)     Total                          Min: 0, Avg:  0.0, Max: 0, Diff: 0, Sum: 0, Workers: 4
[405.464s][debug][gc,phases      ] GC(29)   StringDedup Requests0 Weak     Min:  0.0, Avg:  0.0, Max:  0.0, Diff:  0.0, Sum:  0.0, Workers: 4
[405.464s][debug][gc,phases      ] GC(29)     Dead                           Min: 0, Avg:  0.0, Max: 0, Diff: 0, Sum: 0, Workers: 4
[405.464s][debug][gc,phases      ] GC(29)     Total                          Min: 0, Avg:  0.0, Max: 0, Diff: 0, Sum: 0, Workers: 4
[405.464s][debug][gc,phases      ] GC(29)   StringDedup Requests1 Weak     Min:  0.0, Avg:  0.0, Max:  0.0, Diff:  0.0, Sum:  0.0, Workers: 4
[405.464s][debug][gc,phases      ] GC(29)     Dead                           Min: 0, Avg:  0.0, Max: 0, Diff: 0, Sum: 0, Workers: 4
[405.464s][debug][gc,phases      ] GC(29)     Total                          Min: 0, Avg:  0.0, Max: 0, Diff: 0, Sum: 0, Workers: 4
[405.464s][debug][gc,phases      ] GC(29)   Weak JFR Old Object Samples    Min:  0.0, Avg:  0.0, Max:  0.0, Diff:  0.0, Sum:  0.0, Workers: 4
[405.464s][debug][gc,phases      ] GC(29)     Dead                           Min: 0, Avg:  0.0, Max: 0, Diff: 0, Sum: 0, Workers: 4
[405.464s][debug][gc,phases      ] GC(29)     Total                          Min: 0, Avg:  0.0, Max: 0, Diff: 0, Sum: 0, Workers: 4
[405.464s][debug][gc,phases      ] GC(29) Weak Processing 0.436ms
[405.464s][debug][gc,age         ] GC(29) Desired survivor size 179306496 bytes, new threshold 1 (max threshold 15)
[405.464s][info ][gc,heap        ] GC(29) PSYoungGen: 1719616K(1900544K)->9760K(1922048K) Eden: 1710080K(1710080K)->0K(1739264K) From: 9536K(190464K)->9760K(182784K)
[405.464s][info ][gc,heap        ] GC(29) ParOldGen: 356547K(514560K)->362808K(514560K)
[405.464s][info ][gc,metaspace   ] GC(29) Metaspace: 107058K(108416K)->107058K(108416K) NonClass: 90938K(91712K)->90938K(91712K) Class: 16120K(16704K)->16120K(16704K)
[405.464s][info ][gc             ] GC(29) Pause Young (Allocation Failure) 2027M->363M(2379M) 9.846ms
[405.464s][info ][gc,cpu         ] GC(29) User=0.03s Sys=0.01s Real=0.01s
[405.464s][info ][safepoint      ] Safepoint "ParallelGCFailedAllocation", Time since last: 491940485 ns, Reaching safepoint: 5800 ns, Cleanup: 3700 ns, At safepoint: 9921527 ns, Total: 9931027 ns
[406.464s][info ][safepoint      ] Safepoint "Cleanup", Time since last: 1000090177 ns, Reaching safepoint: 6600 ns, Cleanup: 11200 ns, At safepoint: 2300 ns, Total: 20100 ns
[407.464s][info ][safepoint      ] Safepoint "Cleanup", Time since last: 1000124178 ns, Reaching safepoint: 8900 ns, Cleanup: 12100 ns, At safepoint: 2900 ns, Total: 23900 ns
[408.464s][info ][safepoint      ] Safepoint "Cleanup", Time since last: 1000123578 ns, Reaching safepoint: 7500 ns, Cleanup: 10300 ns, At safepoint: 3500 ns, Total: 21300 ns
[409.465s][info ][safepoint      ] Safepoint "Cleanup", Time since last: 1000111753 ns, Reaching safepoint: 6300 ns, Cleanup: 15000 ns, At safepoint: 2900 ns, Total: 24200 ns
[410.465s][info ][safepoint      ] Safepoint "Cleanup", Time since last: 1000118142 ns, Reaching safepoint: 5300 ns, Cleanup: 10200 ns, At safepoint: 3200 ns, Total: 18700 ns
[412.470s][info ][safepoint      ] Safepoint "Cleanup", Time since last: 2002844792 ns, Reaching safepoint: 94401 ns, Cleanup: 17000 ns, At safepoint: 2709135 ns, Total: 2820536 ns
[413.471s][info ][safepoint      ] Safepoint "Cleanup", Time since last: 1000122506 ns, Reaching safepoint: 93801 ns, Cleanup: 29200 ns, At safepoint: 15901 ns, Total: 138902 ns
[414.471s][info ][safepoint      ] Safepoint "Cleanup", Time since last: 1000128205 ns, Reaching safepoint: 6200 ns, Cleanup: 18201 ns, At safepoint: 2700 ns, Total: 27101 ns
[415.471s][info ][safepoint      ] Safepoint "Cleanup", Time since last: 1000124705 ns, Reaching safepoint: 8300 ns, Cleanup: 12200 ns, At safepoint: 2700 ns, Total: 23200 ns
[416.471s][info ][safepoint      ] Safepoint "Cleanup", Time since last: 1000114006 ns, Reaching safepoint: 6400 ns, Cleanup: 9000 ns, At safepoint: 2900 ns, Total: 18300 ns
[419.471s][info ][safepoint      ] Safepoint "Cleanup", Time since last: 3000262828 ns, Reaching safepoint: 6100 ns, Cleanup: 22400 ns, At safepoint: 3200 ns, Total: 31700 ns
[421.254s][info ][safepoint      ] Safepoint "Cleanup", Time since last: 1782152671 ns, Reaching safepoint: 6600 ns, Cleanup: 10000 ns, At safepoint: 2500 ns, Total: 19100 ns
[424.254s][info ][safepoint      ] Safepoint "Cleanup", Time since last: 3000249646 ns, Reaching safepoint: 6800 ns, Cleanup: 11500 ns, At safepoint: 3300 ns, Total: 21600 ns
[426.254s][info ][safepoint      ] Safepoint "Cleanup", Time since last: 2000203893 ns, Reaching safepoint: 81901 ns, Cleanup: 13400 ns, At safepoint: 7800 ns, Total: 103101 ns
[436.052s][info ][gc,start       ] GC(30) Pause Young (Allocation Failure)
[436.067s][debug][gc,phases      ] GC(30) Scavenge 14.651ms
[436.067s][debug][gc,ref         ] GC(30) ReferenceProcessor::execute queues: 1, RefProcThreadModel::Single, marks_oops_alive: false
[436.067s][debug][gc,ref         ] GC(30) Skipped KeepAliveFinalRefsPhase of Reference Processing: no references
[436.067s][debug][gc,ref         ] GC(30) ReferenceProcessor::execute queues: 1, RefProcThreadModel::Single, marks_oops_alive: false
[436.067s][debug][gc,phases      ] GC(30) Reference Processing 0.143ms
[436.067s][debug][gc,phases      ] GC(30)   VM Weak                        Min:  0.0, Avg:  0.0, Max:  0.0, Diff:  0.0, Sum:  0.0, Workers: 4
[436.067s][debug][gc,phases      ] GC(30)     Dead                           Min: 0, Avg:  0.0, Max: 0, Diff: 0, Sum: 0, Workers: 4
[436.067s][debug][gc,phases      ] GC(30)     Total                          Min: 0, Avg: 251.8, Max: 431, Diff: 431, Sum: 1007, Workers: 4
[436.067s][debug][gc,phases      ] GC(30)   ObjectSynchronizer Weak        Min:  0.0, Avg:  0.0, Max:  0.0, Diff:  0.0, Sum:  0.0, Workers: 4
[436.067s][debug][gc,phases      ] GC(30)     Dead                           Min: 0, Avg:  0.0, Max: 0, Diff: 0, Sum: 0, Workers: 4
[436.067s][debug][gc,phases      ] GC(30)     Total                          Min: 0, Avg:  1.0, Max: 4, Diff: 4, Sum: 4, Workers: 4
[436.067s][debug][gc,phases      ] GC(30)   JVMTI Tag Weak OopStorage      Min:  0.0, Avg:  0.0, Max:  0.0, Diff:  0.0, Sum:  0.0, Workers: 4
[436.067s][debug][gc,phases      ] GC(30)     Dead                           Min: 0, Avg:  0.0, Max: 0, Diff: 0, Sum: 0, Workers: 4
[436.067s][debug][gc,phases      ] GC(30)     Total                          Min: 0, Avg:  0.0, Max: 0, Diff: 0, Sum: 0, Workers: 4
[436.067s][debug][gc,phases      ] GC(30)   StringTable Weak               Min:  0.0, Avg:  0.1, Max:  0.2, Diff:  0.2, Sum:  0.5, Workers: 4
[436.067s][debug][gc,phases      ] GC(30)     Dead                           Min: 0, Avg:  0.0, Max: 0, Diff: 0, Sum: 0, Workers: 4
[436.067s][debug][gc,phases      ] GC(30)     Total                          Min: 0, Avg: 11642.2, Max: 15680, Diff: 15680, Sum: 46569, Workers: 4
[436.067s][debug][gc,phases      ] GC(30)   ResolvedMethodTable Weak       Min:  0.0, Avg:  0.0, Max:  0.1, Diff:  0.1, Sum:  0.2, Workers: 4
[436.067s][debug][gc,phases      ] GC(30)     Dead                           Min: 0, Avg:  4.2, Max: 10, Diff: 10, Sum: 17, Workers: 4
[436.067s][debug][gc,phases      ] GC(30)     Total                          Min: 0, Avg: 3827.8, Max: 5686, Diff: 5686, Sum: 15311, Workers: 4
[436.067s][debug][gc,phases      ] GC(30)   JNI Weak                       Min:  0.0, Avg:  0.0, Max:  0.0, Diff:  0.0, Sum:  0.0, Workers: 4
[436.067s][debug][gc,phases      ] GC(30)     Dead                           Min: 0, Avg:  0.0, Max: 0, Diff: 0, Sum: 0, Workers: 4
[436.067s][debug][gc,phases      ] GC(30)     Total                          Min: 0, Avg: 13.0, Max: 48, Diff: 48, Sum: 52, Workers: 4
[436.067s][debug][gc,phases      ] GC(30)   StringDedup Table Weak         Min:  0.0, Avg:  0.0, Max:  0.0, Diff:  0.0, Sum:  0.0, Workers: 4
[436.067s][debug][gc,phases      ] GC(30)     Dead                           Min: 0, Avg:  0.0, Max: 0, Diff: 0, Sum: 0, Workers: 4
[436.067s][debug][gc,phases      ] GC(30)     Total                          Min: 0, Avg:  0.0, Max: 0, Diff: 0, Sum: 0, Workers: 4
[436.067s][debug][gc,phases      ] GC(30)   StringDedup Requests0 Weak     Min:  0.0, Avg:  0.0, Max:  0.0, Diff:  0.0, Sum:  0.0, Workers: 4
[436.067s][debug][gc,phases      ] GC(30)     Dead                           Min: 0, Avg:  0.0, Max: 0, Diff: 0, Sum: 0, Workers: 4
[436.067s][debug][gc,phases      ] GC(30)     Total                          Min: 0, Avg:  0.0, Max: 0, Diff: 0, Sum: 0, Workers: 4
[436.067s][debug][gc,phases      ] GC(30)   StringDedup Requests1 Weak     Min:  0.0, Avg:  0.0, Max:  0.0, Diff:  0.0, Sum:  0.0, Workers: 4
[436.067s][debug][gc,phases      ] GC(30)     Dead                           Min: 0, Avg:  0.0, Max: 0, Diff: 0, Sum: 0, Workers: 4
[436.067s][debug][gc,phases      ] GC(30)     Total                          Min: 0, Avg:  0.0, Max: 0, Diff: 0, Sum: 0, Workers: 4
[436.068s][debug][gc,phases      ] GC(30)   Weak JFR Old Object Samples    Min:  0.0, Avg:  0.0, Max:  0.0, Diff:  0.0, Sum:  0.0, Workers: 4
[436.068s][debug][gc,phases      ] GC(30)     Dead                           Min: 0, Avg:  0.0, Max: 0, Diff: 0, Sum: 0, Workers: 4
[436.068s][debug][gc,phases      ] GC(30)     Total                          Min: 0, Avg:  0.0, Max: 0, Diff: 0, Sum: 0, Workers: 4
[436.068s][debug][gc,phases      ] GC(30) Weak Processing 0.425ms
[436.068s][debug][gc,age         ] GC(30) Desired survivor size 168296448 bytes, new threshold 1 (max threshold 15)
[436.068s][info ][gc,heap        ] GC(30) PSYoungGen: 1749024K(1922048K)->24800K(1914368K) Eden: 1739264K(1739264K)->0K(1739264K) From: 9760K(182784K)->24800K(175104K)
[436.068s][info ][gc,heap        ] GC(30) ParOldGen: 362808K(514560K)->368711K(514560K)
[436.068s][info ][gc,metaspace   ] GC(30) Metaspace: 107091K(108480K)->107091K(108480K) NonClass: 90967K(91776K)->90967K(91776K) Class: 16123K(16704K)->16123K(16704K)
[436.068s][info ][gc             ] GC(30) Pause Young (Allocation Failure) 2062M->384M(2372M) 15.378ms
[436.068s][info ][gc,cpu         ] GC(30) User=0.06s Sys=0.00s Real=0.02s
[436.068s][info ][safepoint      ] Safepoint "ParallelGCFailedAllocation", Time since last: 9797954200 ns, Reaching safepoint: 9000 ns, Cleanup: 9700 ns, At safepoint: 15460625 ns, Total: 15479325 ns
[437.068s][info ][safepoint      ] Safepoint "Cleanup", Time since last: 1000086523 ns, Reaching safepoint: 5400 ns, Cleanup: 20201 ns, At safepoint: 2200 ns, Total: 27801 ns
[438.068s][info ][safepoint      ] Safepoint "Cleanup", Time since last: 1000102449 ns, Reaching safepoint: 7000 ns, Cleanup: 26200 ns, At safepoint: 2301 ns, Total: 35501 ns
[440.068s][info ][safepoint      ] Safepoint "Cleanup", Time since last: 2000197298 ns, Reaching safepoint: 6400 ns, Cleanup: 11501 ns, At safepoint: 3500 ns, Total: 21401 ns
[441.068s][info ][safepoint      ] Safepoint "Cleanup", Time since last: 1000142688 ns, Reaching safepoint: 7901 ns, Cleanup: 14100 ns, At safepoint: 3300 ns, Total: 25301 ns
[443.068s][info ][safepoint      ] Safepoint "Cleanup", Time since last: 2000196477 ns, Reaching safepoint: 6300 ns, Cleanup: 10900 ns, At safepoint: 2700 ns, Total: 19900 ns
[445.069s][info ][safepoint      ] Safepoint "Cleanup", Time since last: 2000193877 ns, Reaching safepoint: 6500 ns, Cleanup: 12000 ns, At safepoint: 2300 ns, Total: 20800 ns
[446.069s][info ][safepoint      ] Safepoint "Cleanup", Time since last: 1000116789 ns, Reaching safepoint: 6400 ns, Cleanup: 11600 ns, At safepoint: 30800 ns, Total: 48800 ns
[447.069s][info ][safepoint      ] Safepoint "Cleanup", Time since last: 1000110689 ns, Reaching safepoint: 19300 ns, Cleanup: 11600 ns, At safepoint: 2300 ns, Total: 33200 ns
[448.069s][info ][safepoint      ] Safepoint "Cleanup", Time since last: 1000101889 ns, Reaching safepoint: 6100 ns, Cleanup: 14300 ns, At safepoint: 2500 ns, Total: 22900 ns
[449.069s][info ][safepoint      ] Safepoint "Cleanup", Time since last: 1000113849 ns, Reaching safepoint: 6700 ns, Cleanup: 15600 ns, At safepoint: 2700 ns, Total: 25000 ns
[450.069s][info ][safepoint      ] Safepoint "Cleanup", Time since last: 1000114743 ns, Reaching safepoint: 5900 ns, Cleanup: 11500 ns, At safepoint: 2500 ns, Total: 19900 ns
[451.070s][info ][safepoint      ] Safepoint "Cleanup", Time since last: 1000120442 ns, Reaching safepoint: 6800 ns, Cleanup: 29701 ns, At safepoint: 3200 ns, Total: 39701 ns
[453.070s][info ][safepoint      ] Safepoint "Cleanup", Time since last: 2000180284 ns, Reaching safepoint: 6100 ns, Cleanup: 8600 ns, At safepoint: 2400 ns, Total: 17100 ns
[454.070s][info ][safepoint      ] Safepoint "Cleanup", Time since last: 1000118683 ns, Reaching safepoint: 7000 ns, Cleanup: 15700 ns, At safepoint: 2600 ns, Total: 25300 ns
[455.070s][info ][safepoint      ] Safepoint "Cleanup", Time since last: 1000129990 ns, Reaching safepoint: 6700 ns, Cleanup: 24701 ns, At safepoint: 2500 ns, Total: 33901 ns
[456.070s][info ][safepoint      ] Safepoint "Cleanup", Time since last: 1000111389 ns, Reaching safepoint: 6800 ns, Cleanup: 22801 ns, At safepoint: 2900 ns, Total: 32501 ns
[457.070s][info ][safepoint      ] Safepoint "Cleanup", Time since last: 1000113353 ns, Reaching safepoint: 6500 ns, Cleanup: 10300 ns, At safepoint: 2600 ns, Total: 19400 ns
[459.071s][info ][safepoint      ] Safepoint "Cleanup", Time since last: 2000186629 ns, Reaching safepoint: 6500 ns, Cleanup: 11600 ns, At safepoint: 3300 ns, Total: 21400 ns
[460.071s][info ][safepoint      ] Safepoint "Cleanup", Time since last: 1000110015 ns, Reaching safepoint: 5700 ns, Cleanup: 7400 ns, At safepoint: 2000 ns, Total: 15100 ns
[461.071s][info ][safepoint      ] Safepoint "Cleanup", Time since last: 1000103618 ns, Reaching safepoint: 6601 ns, Cleanup: 13000 ns, At safepoint: 2100 ns, Total: 21701 ns
[464.071s][info ][safepoint      ] Safepoint "Cleanup", Time since last: 3000269687 ns, Reaching safepoint: 6200 ns, Cleanup: 9600 ns, At safepoint: 3000 ns, Total: 18800 ns
[467.071s][info ][safepoint      ] Safepoint "Cleanup", Time since last: 3000254875 ns, Reaching safepoint: 5900 ns, Cleanup: 8500 ns, At safepoint: 3300 ns, Total: 17700 ns
[469.072s][info ][safepoint      ] Safepoint "Cleanup", Time since last: 2000185400 ns, Reaching safepoint: 5800 ns, Cleanup: 6000 ns, At safepoint: 2200 ns, Total: 14000 ns
[471.072s][info ][safepoint      ] Safepoint "Cleanup", Time since last: 2000152305 ns, Reaching safepoint: 6800 ns, Cleanup: 10600 ns, At safepoint: 2500 ns, Total: 19900 ns
[475.072s][info ][safepoint      ] Safepoint "Cleanup", Time since last: 4000474249 ns, Reaching safepoint: 5700 ns, Cleanup: 22000 ns, At safepoint: 3301 ns, Total: 31001 ns
[476.072s][info ][safepoint      ] Safepoint "Cleanup", Time since last: 1000109685 ns, Reaching safepoint: 6600 ns, Cleanup: 16501 ns, At safepoint: 2600 ns, Total: 25701 ns
[477.072s][info ][safepoint      ] Safepoint "Cleanup", Time since last: 1000114886 ns, Reaching safepoint: 5500 ns, Cleanup: 8600 ns, At safepoint: 2400 ns, Total: 16500 ns
[480.073s][info ][safepoint      ] Safepoint "Cleanup", Time since last: 3000240657 ns, Reaching safepoint: 5300 ns, Cleanup: 10400 ns, At safepoint: 2800 ns, Total: 18500 ns
[485.271s][info ][safepoint      ] Safepoint "Cleanup", Time since last: 5197930827 ns, Reaching safepoint: 6400 ns, Cleanup: 10800 ns, At safepoint: 2300 ns, Total: 19500 ns
[487.271s][info ][safepoint      ] Safepoint "Cleanup", Time since last: 2000189471 ns, Reaching safepoint: 4900 ns, Cleanup: 18101 ns, At safepoint: 2200 ns, Total: 25201 ns
[488.271s][info ][safepoint      ] Safepoint "Cleanup", Time since last: 1000101485 ns, Reaching safepoint: 5900 ns, Cleanup: 25701 ns, At safepoint: 3000 ns, Total: 34601 ns
[488.348s][info ][gc,start       ] GC(31) Pause Young (Allocation Failure)
[488.360s][debug][gc,phases      ] GC(31) Scavenge 11.978ms
[488.360s][debug][gc,ref         ] GC(31) ReferenceProcessor::execute queues: 1, RefProcThreadModel::Single, marks_oops_alive: false
[488.360s][debug][gc,ref         ] GC(31) Skipped KeepAliveFinalRefsPhase of Reference Processing: no references
[488.360s][debug][gc,ref         ] GC(31) Skipped PhantomRefsPhase of Reference Processing: no references
[488.360s][debug][gc,phases      ] GC(31) Reference Processing 0.128ms
[488.361s][debug][gc,phases      ] GC(31)   VM Weak                        Min:  0.0, Avg:  0.0, Max:  0.0, Diff:  0.0, Sum:  0.0, Workers: 4
[488.361s][debug][gc,phases      ] GC(31)     Dead                           Min: 0, Avg:  0.0, Max: 0, Diff: 0, Sum: 0, Workers: 4
[488.361s][debug][gc,phases      ] GC(31)     Total                          Min: 0, Avg: 251.8, Max: 687, Diff: 687, Sum: 1007, Workers: 4
[488.361s][debug][gc,phases      ] GC(31)   ObjectSynchronizer Weak        Min:  0.0, Avg:  0.0, Max:  0.0, Diff:  0.0, Sum:  0.0, Workers: 4
[488.361s][debug][gc,phases      ] GC(31)     Dead                           Min: 0, Avg:  0.0, Max: 0, Diff: 0, Sum: 0, Workers: 4
[488.361s][debug][gc,phases      ] GC(31)     Total                          Min: 0, Avg:  1.0, Max: 4, Diff: 4, Sum: 4, Workers: 4
[488.361s][debug][gc,phases      ] GC(31)   JVMTI Tag Weak OopStorage      Min:  0.0, Avg:  0.0, Max:  0.0, Diff:  0.0, Sum:  0.0, Workers: 4
[488.361s][debug][gc,phases      ] GC(31)     Dead                           Min: 0, Avg:  0.0, Max: 0, Diff: 0, Sum: 0, Workers: 4
[488.361s][debug][gc,phases      ] GC(31)     Total                          Min: 0, Avg:  0.0, Max: 0, Diff: 0, Sum: 0, Workers: 4
[488.361s][debug][gc,phases      ] GC(31)   StringTable Weak               Min:  0.0, Avg:  0.1, Max:  0.2, Diff:  0.2, Sum:  0.5, Workers: 4
[488.361s][debug][gc,phases      ] GC(31)     Dead                           Min: 0, Avg:  0.0, Max: 0, Diff: 0, Sum: 0, Workers: 4
[488.361s][debug][gc,phases      ] GC(31)     Total                          Min: 0, Avg: 11642.8, Max: 16000, Diff: 16000, Sum: 46571, Workers: 4
[488.361s][debug][gc,phases      ] GC(31)   ResolvedMethodTable Weak       Min:  0.0, Avg:  0.0, Max:  0.1, Diff:  0.1, Sum:  0.2, Workers: 4
[488.361s][debug][gc,phases      ] GC(31)     Dead                           Min: 0, Avg:  4.0, Max: 16, Diff: 16, Sum: 16, Workers: 4
[488.361s][debug][gc,phases      ] GC(31)     Total                          Min: 0, Avg: 3827.8, Max: 5537, Diff: 5537, Sum: 15311, Workers: 4
[488.361s][debug][gc,phases      ] GC(31)   JNI Weak                       Min:  0.0, Avg:  0.0, Max:  0.0, Diff:  0.0, Sum:  0.0, Workers: 4
[488.361s][debug][gc,phases      ] GC(31)     Dead                           Min: 0, Avg:  0.0, Max: 0, Diff: 0, Sum: 0, Workers: 4
[488.361s][debug][gc,phases      ] GC(31)     Total                          Min: 0, Avg: 13.0, Max: 48, Diff: 48, Sum: 52, Workers: 4
[488.361s][debug][gc,phases      ] GC(31)   StringDedup Table Weak         Min:  0.0, Avg:  0.0, Max:  0.0, Diff:  0.0, Sum:  0.0, Workers: 4
[488.361s][debug][gc,phases      ] GC(31)     Dead                           Min: 0, Avg:  0.0, Max: 0, Diff: 0, Sum: 0, Workers: 4
[488.361s][debug][gc,phases      ] GC(31)     Total                          Min: 0, Avg:  0.0, Max: 0, Diff: 0, Sum: 0, Workers: 4
[488.361s][debug][gc,phases      ] GC(31)   StringDedup Requests0 Weak     Min:  0.0, Avg:  0.0, Max:  0.0, Diff:  0.0, Sum:  0.0, Workers: 4
[488.361s][debug][gc,phases      ] GC(31)     Dead                           Min: 0, Avg:  0.0, Max: 0, Diff: 0, Sum: 0, Workers: 4
[488.361s][debug][gc,phases      ] GC(31)     Total                          Min: 0, Avg:  0.0, Max: 0, Diff: 0, Sum: 0, Workers: 4
[488.361s][debug][gc,phases      ] GC(31)   StringDedup Requests1 Weak     Min:  0.0, Avg:  0.0, Max:  0.0, Diff:  0.0, Sum:  0.0, Workers: 4
[488.361s][debug][gc,phases      ] GC(31)     Dead                           Min: 0, Avg:  0.0, Max: 0, Diff: 0, Sum: 0, Workers: 4
[488.361s][debug][gc,phases      ] GC(31)     Total                          Min: 0, Avg:  0.0, Max: 0, Diff: 0, Sum: 0, Workers: 4
[488.361s][debug][gc,phases      ] GC(31)   Weak JFR Old Object Samples    Min:  0.0, Avg:  0.0, Max:  0.0, Diff:  0.0, Sum:  0.0, Workers: 4
[488.361s][debug][gc,phases      ] GC(31)     Dead                           Min: 0, Avg:  0.0, Max: 0, Diff: 0, Sum: 0, Workers: 4
[488.361s][debug][gc,phases      ] GC(31)     Total                          Min: 0, Avg:  0.0, Max: 0, Diff: 0, Sum: 0, Workers: 4
[488.361s][debug][gc,phases      ] GC(31) Weak Processing 0.441ms
[488.361s][debug][gc,age         ] GC(31) Desired survivor size 161480704 bytes, new threshold 1 (max threshold 15)
[488.361s][info ][gc,heap        ] GC(31) PSYoungGen: 1764064K(1914368K)->4512K(1939456K) Eden: 1739264K(1739264K)->0K(1775104K) From: 24800K(175104K)->4512K(164352K)
[488.361s][info ][gc,heap        ] GC(31) ParOldGen: 368711K(514560K)->390662K(514560K)
[488.361s][info ][gc,metaspace   ] GC(31) Metaspace: 107112K(108480K)->107112K(108480K) NonClass: 90984K(91776K)->90984K(91776K) Class: 16128K(16704K)->16128K(16704K)
[488.361s][info ][gc             ] GC(31) Pause Young (Allocation Failure) 2082M->385M(2396M) 12.704ms
[488.361s][info ][gc,cpu         ] GC(31) User=0.05s Sys=0.00s Real=0.01s
[488.361s][info ][safepoint      ] Safepoint "ParallelGCFailedAllocation", Time since last: 76856782 ns, Reaching safepoint: 79001 ns, Cleanup: 4600 ns, At safepoint: 12785130 ns, Total: 12868731 ns
[489.361s][info ][safepoint      ] Safepoint "Cleanup", Time since last: 1000083709 ns, Reaching safepoint: 5400 ns, Cleanup: 11500 ns, At safepoint: 2600 ns, Total: 19500 ns
[491.361s][info ][safepoint      ] Safepoint "Cleanup", Time since last: 2000173085 ns, Reaching safepoint: 6300 ns, Cleanup: 11101 ns, At safepoint: 2800 ns, Total: 20201 ns
[492.361s][info ][safepoint      ] Safepoint "Cleanup", Time since last: 1000119142 ns, Reaching safepoint: 6501 ns, Cleanup: 10500 ns, At safepoint: 2400 ns, Total: 19401 ns
[494.362s][info ][safepoint      ] Safepoint "Cleanup", Time since last: 2000190585 ns, Reaching safepoint: 77701 ns, Cleanup: 11900 ns, At safepoint: 6300 ns, Total: 95901 ns
[497.362s][info ][safepoint      ] Safepoint "Cleanup", Time since last: 3000257108 ns, Reaching safepoint: 6400 ns, Cleanup: 10200 ns, At safepoint: 3000 ns, Total: 19600 ns
[498.362s][info ][safepoint      ] Safepoint "Cleanup", Time since last: 1000114536 ns, Reaching safepoint: 6500 ns, Cleanup: 8100 ns, At safepoint: 2800 ns, Total: 17400 ns
[500.362s][info ][safepoint      ] Safepoint "Cleanup", Time since last: 2000183371 ns, Reaching safepoint: 5900 ns, Cleanup: 10000 ns, At safepoint: 2200 ns, Total: 18100 ns
[506.363s][info ][safepoint      ] Safepoint "Cleanup", Time since last: 6000454913 ns, Reaching safepoint: 5800 ns, Cleanup: 13100 ns, At safepoint: 3000 ns, Total: 21900 ns
[507.363s][info ][safepoint      ] Safepoint "Cleanup", Time since last: 1000118404 ns, Reaching safepoint: 6400 ns, Cleanup: 11900 ns, At safepoint: 28300 ns, Total: 46600 ns
[508.363s][info ][safepoint      ] Safepoint "Cleanup", Time since last: 1000105704 ns, Reaching safepoint: 5700 ns, Cleanup: 9700 ns, At safepoint: 2300 ns, Total: 17700 ns
[509.363s][info ][safepoint      ] Safepoint "Cleanup", Time since last: 1000113503 ns, Reaching safepoint: 6000 ns, Cleanup: 10901 ns, At safepoint: 2200 ns, Total: 19101 ns
[510.363s][info ][safepoint      ] Safepoint "Cleanup", Time since last: 1000116703 ns, Reaching safepoint: 80801 ns, Cleanup: 23900 ns, At safepoint: 13000 ns, Total: 117701 ns
[511.363s][info ][safepoint      ] Safepoint "Cleanup", Time since last: 1000117804 ns, Reaching safepoint: 5500 ns, Cleanup: 34300 ns, At safepoint: 5000 ns, Total: 44800 ns
[512.364s][info ][safepoint      ] Safepoint "Cleanup", Time since last: 1000097584 ns, Reaching safepoint: 6101 ns, Cleanup: 21100 ns, At safepoint: 2900 ns, Total: 30101 ns
[513.364s][info ][safepoint      ] Safepoint "Cleanup", Time since last: 1000118331 ns, Reaching safepoint: 6200 ns, Cleanup: 13200 ns, At safepoint: 2800 ns, Total: 22200 ns
[516.364s][info ][safepoint      ] Safepoint "Cleanup", Time since last: 3000240547 ns, Reaching safepoint: 7100 ns, Cleanup: 14700 ns, At safepoint: 2500 ns, Total: 24300 ns
[517.364s][info ][safepoint      ] Safepoint "Cleanup", Time since last: 1000124741 ns, Reaching safepoint: 6700 ns, Cleanup: 15300 ns, At safepoint: 2200 ns, Total: 24200 ns
[518.364s][info ][safepoint      ] Safepoint "Cleanup", Time since last: 1000114540 ns, Reaching safepoint: 7100 ns, Cleanup: 11200 ns, At safepoint: 2200 ns, Total: 20500 ns
[520.364s][info ][safepoint      ] Safepoint "Cleanup", Time since last: 2000179480 ns, Reaching safepoint: 7000 ns, Cleanup: 9701 ns, At safepoint: 3100 ns, Total: 19801 ns
[521.365s][info ][safepoint      ] Safepoint "Cleanup", Time since last: 1000125594 ns, Reaching safepoint: 8600 ns, Cleanup: 15800 ns, At safepoint: 3400 ns, Total: 27800 ns
[522.365s][info ][safepoint      ] Safepoint "Cleanup", Time since last: 1000117319 ns, Reaching safepoint: 6800 ns, Cleanup: 10900 ns, At safepoint: 2700 ns, Total: 20400 ns
[524.365s][info ][safepoint      ] Safepoint "Cleanup", Time since last: 2000204647 ns, Reaching safepoint: 6000 ns, Cleanup: 10900 ns, At safepoint: 3000 ns, Total: 19900 ns
[525.365s][info ][safepoint      ] Safepoint "Cleanup", Time since last: 1000126128 ns, Reaching safepoint: 6500 ns, Cleanup: 10201 ns, At safepoint: 2700 ns, Total: 19401 ns
[526.365s][info ][safepoint      ] Safepoint "Cleanup", Time since last: 1000129728 ns, Reaching safepoint: 6400 ns, Cleanup: 11400 ns, At safepoint: 2800 ns, Total: 20600 ns
[530.366s][info ][safepoint      ] Safepoint "Cleanup", Time since last: 4000314431 ns, Reaching safepoint: 6600 ns, Cleanup: 12100 ns, At safepoint: 2500 ns, Total: 21200 ns
[534.366s][info ][safepoint      ] Safepoint "Cleanup", Time since last: 4000318425 ns, Reaching safepoint: 6901 ns, Cleanup: 11200 ns, At safepoint: 2800 ns, Total: 20901 ns
[536.366s][info ][safepoint      ] Safepoint "Cleanup", Time since last: 2000183577 ns, Reaching safepoint: 6000 ns, Cleanup: 10100 ns, At safepoint: 2300 ns, Total: 18400 ns
[539.366s][info ][safepoint      ] Safepoint "Cleanup", Time since last: 3000234669 ns, Reaching safepoint: 7700 ns, Cleanup: 17400 ns, At safepoint: 37100 ns, Total: 62200 ns
[540.598s][info ][gc,start       ] GC(32) Pause Young (Allocation Failure)
[540.606s][debug][gc,phases      ] GC(32) Scavenge 7.768ms
[540.606s][debug][gc,ref         ] GC(32) ReferenceProcessor::execute queues: 1, RefProcThreadModel::Single, marks_oops_alive: false
[540.606s][debug][gc,ref         ] GC(32) Skipped KeepAliveFinalRefsPhase of Reference Processing: no references
[540.606s][debug][gc,ref         ] GC(32) ReferenceProcessor::execute queues: 1, RefProcThreadModel::Single, marks_oops_alive: false
[540.606s][debug][gc,phases      ] GC(32) Reference Processing 0.119ms
[540.607s][debug][gc,phases      ] GC(32)   VM Weak                        Min:  0.0, Avg:  0.0, Max:  0.0, Diff:  0.0, Sum:  0.0, Workers: 4
[540.607s][debug][gc,phases      ] GC(32)     Dead                           Min: 0, Avg:  0.0, Max: 0, Diff: 0, Sum: 0, Workers: 4
[540.607s][debug][gc,phases      ] GC(32)     Total                          Min: 0, Avg: 251.8, Max: 751, Diff: 751, Sum: 1007, Workers: 4
[540.607s][debug][gc,phases      ] GC(32)   ObjectSynchronizer Weak        Min:  0.0, Avg:  0.0, Max:  0.0, Diff:  0.0, Sum:  0.0, Workers: 4
[540.607s][debug][gc,phases      ] GC(32)     Dead                           Min: 0, Avg:  0.0, Max: 0, Diff: 0, Sum: 0, Workers: 4
[540.607s][debug][gc,phases      ] GC(32)     Total                          Min: 0, Avg:  0.8, Max: 3, Diff: 3, Sum: 3, Workers: 4
[540.607s][debug][gc,phases      ] GC(32)   JVMTI Tag Weak OopStorage      Min:  0.0, Avg:  0.0, Max:  0.0, Diff:  0.0, Sum:  0.0, Workers: 4
[540.607s][debug][gc,phases      ] GC(32)     Dead                           Min: 0, Avg:  0.0, Max: 0, Diff: 0, Sum: 0, Workers: 4
[540.607s][debug][gc,phases      ] GC(32)     Total                          Min: 0, Avg:  0.0, Max: 0, Diff: 0, Sum: 0, Workers: 4
[540.607s][debug][gc,phases      ] GC(32)   StringTable Weak               Min:  0.1, Avg:  0.1, Max:  0.1, Diff:  0.0, Sum:  0.5, Workers: 4
[540.607s][debug][gc,phases      ] GC(32)     Dead                           Min: 0, Avg:  0.2, Max: 1, Diff: 1, Sum: 1, Workers: 4
[540.607s][debug][gc,phases      ] GC(32)     Total                          Min: 11250, Avg: 11644.2, Max: 11968, Diff: 718, Sum: 46577, Workers: 4
[540.607s][debug][gc,phases      ] GC(32)   ResolvedMethodTable Weak       Min:  0.0, Avg:  0.0, Max:  0.0, Diff:  0.0, Sum:  0.2, Workers: 4
[540.607s][debug][gc,phases      ] GC(32)     Dead                           Min: 0, Avg:  4.0, Max: 16, Diff: 16, Sum: 16, Workers: 4
[540.607s][debug][gc,phases      ] GC(32)     Total                          Min: 3729, Avg: 3830.2, Max: 4021, Diff: 292, Sum: 15321, Workers: 4
[540.607s][debug][gc,phases      ] GC(32)   JNI Weak                       Min:  0.0, Avg:  0.0, Max:  0.0, Diff:  0.0, Sum:  0.0, Workers: 4
[540.607s][debug][gc,phases      ] GC(32)     Dead                           Min: 0, Avg:  0.0, Max: 0, Diff: 0, Sum: 0, Workers: 4
[540.607s][debug][gc,phases      ] GC(32)     Total                          Min: 0, Avg: 13.0, Max: 48, Diff: 48, Sum: 52, Workers: 4
[540.607s][debug][gc,phases      ] GC(32)   StringDedup Table Weak         Min:  0.0, Avg:  0.0, Max:  0.0, Diff:  0.0, Sum:  0.0, Workers: 4
[540.607s][debug][gc,phases      ] GC(32)     Dead                           Min: 0, Avg:  0.0, Max: 0, Diff: 0, Sum: 0, Workers: 4
[540.607s][debug][gc,phases      ] GC(32)     Total                          Min: 0, Avg:  0.0, Max: 0, Diff: 0, Sum: 0, Workers: 4
[540.607s][debug][gc,phases      ] GC(32)   StringDedup Requests0 Weak     Min:  0.0, Avg:  0.0, Max:  0.0, Diff:  0.0, Sum:  0.0, Workers: 4
[540.607s][debug][gc,phases      ] GC(32)     Dead                           Min: 0, Avg:  0.0, Max: 0, Diff: 0, Sum: 0, Workers: 4
[540.607s][debug][gc,phases      ] GC(32)     Total                          Min: 0, Avg:  0.0, Max: 0, Diff: 0, Sum: 0, Workers: 4
[540.607s][debug][gc,phases      ] GC(32)   StringDedup Requests1 Weak     Min:  0.0, Avg:  0.0, Max:  0.0, Diff:  0.0, Sum:  0.0, Workers: 4
[540.607s][debug][gc,phases      ] GC(32)     Dead                           Min: 0, Avg:  0.0, Max: 0, Diff: 0, Sum: 0, Workers: 4
[540.607s][debug][gc,phases      ] GC(32)     Total                          Min: 0, Avg:  0.0, Max: 0, Diff: 0, Sum: 0, Workers: 4
[540.607s][debug][gc,phases      ] GC(32)   Weak JFR Old Object Samples    Min:  0.0, Avg:  0.0, Max:  0.0, Diff:  0.0, Sum:  0.0, Workers: 4
[540.607s][debug][gc,phases      ] GC(32)     Dead                           Min: 0, Avg:  0.0, Max: 0, Diff: 0, Sum: 0, Workers: 4
[540.607s][debug][gc,phases      ] GC(32)     Total                          Min: 0, Avg:  0.0, Max: 0, Diff: 0, Sum: 0, Workers: 4
[540.607s][debug][gc,phases      ] GC(32) Weak Processing 0.373ms
[540.607s][debug][gc,age         ] GC(32) Desired survivor size 153092096 bytes, new threshold 1 (max threshold 15)
[540.607s][info ][gc,heap        ] GC(32) PSYoungGen: 1779616K(1939456K)->11752K(1932800K) Eden: 1775104K(1775104K)->0K(1775104K) From: 4512K(164352K)->11752K(157696K)
[540.607s][info ][gc,heap        ] GC(32) ParOldGen: 390662K(514560K)->391947K(514560K)
[540.607s][info ][gc,metaspace   ] GC(32) Metaspace: 107146K(108480K)->107146K(108480K) NonClass: 91015K(91776K)->91015K(91776K) Class: 16131K(16704K)->16131K(16704K)
[540.607s][info ][gc             ] GC(32) Pause Young (Allocation Failure) 2119M->394M(2390M) 8.403ms
[540.607s][info ][gc,cpu         ] GC(32) User=0.03s Sys=0.01s Real=0.01s
[540.607s][info ][safepoint      ] Safepoint "ParallelGCFailedAllocation", Time since last: 1231862342 ns, Reaching safepoint: 78901 ns, Cleanup: 4700 ns, At safepoint: 8488075 ns, Total: 8571676 ns
[545.607s][info ][safepoint      ] Safepoint "Cleanup", Time since last: 5000368139 ns, Reaching safepoint: 6500 ns, Cleanup: 10400 ns, At safepoint: 2700 ns, Total: 19600 ns
[546.607s][info ][safepoint      ] Safepoint "Cleanup", Time since last: 1000116347 ns, Reaching safepoint: 6700 ns, Cleanup: 10500 ns, At safepoint: 3000 ns, Total: 20200 ns
[553.608s][info ][safepoint      ] Safepoint "Cleanup", Time since last: 7000542937 ns, Reaching safepoint: 6900 ns, Cleanup: 10300 ns, At safepoint: 2700 ns, Total: 19900 ns
[554.608s][info ][safepoint      ] Safepoint "Cleanup", Time since last: 1000137679 ns, Reaching safepoint: 6700 ns, Cleanup: 10500 ns, At safepoint: 2500 ns, Total: 19700 ns
[558.608s][info ][safepoint      ] Safepoint "Cleanup", Time since last: 4000337896 ns, Reaching safepoint: 6600 ns, Cleanup: 13300 ns, At safepoint: 2800 ns, Total: 22700 ns
[564.609s][info ][safepoint      ] Safepoint "Cleanup", Time since last: 6000475959 ns, Reaching safepoint: 7101 ns, Cleanup: 11600 ns, At safepoint: 2900 ns, Total: 21601 ns
[576.610s][info ][safepoint      ] Safepoint "Cleanup", Time since last: 12000875282 ns, Reaching safepoint: 6000 ns, Cleanup: 9000 ns, At safepoint: 2200 ns, Total: 17200 ns
[592.611s][info ][safepoint      ] Safepoint "Cleanup", Time since last: 16001187019 ns, Reaching safepoint: 6000 ns, Cleanup: 10200 ns, At safepoint: 2700 ns, Total: 18900 ns
[596.611s][info ][safepoint      ] Safepoint "Cleanup", Time since last: 4000349522 ns, Reaching safepoint: 6600 ns, Cleanup: 11800 ns, At safepoint: 3300 ns, Total: 21700 ns
[598.612s][info ][safepoint      ] Safepoint "Cleanup", Time since last: 2000195336 ns, Reaching safepoint: 6500 ns, Cleanup: 12500 ns, At safepoint: 3600 ns, Total: 22600 ns
[599.613s][info ][safepoint      ] Safepoint "Cleanup", Time since last: 1001406963 ns, Reaching safepoint: 83300 ns, Cleanup: 11300 ns, At safepoint: 12500 ns, Total: 107100 ns
[599.958s][info ][gc,start       ] GC(33) Pause Young (Allocation Failure)
[599.966s][debug][gc,phases      ] GC(33) Scavenge 7.614ms
[599.966s][debug][gc,ref         ] GC(33) ReferenceProcessor::execute queues: 1, RefProcThreadModel::Single, marks_oops_alive: false
[599.966s][debug][gc,ref         ] GC(33) Skipped KeepAliveFinalRefsPhase of Reference Processing: no references
[599.966s][debug][gc,ref         ] GC(33) Skipped PhantomRefsPhase of Reference Processing: no references
[599.966s][debug][gc,phases      ] GC(33) Reference Processing 0.138ms
[599.966s][debug][gc,phases      ] GC(33)   VM Weak                        Min:  0.0, Avg:  0.0, Max:  0.0, Diff:  0.0, Sum:  0.0, Workers: 4
[599.966s][debug][gc,phases      ] GC(33)     Dead                           Min: 0, Avg:  0.0, Max: 0, Diff: 0, Sum: 0, Workers: 4
[599.966s][debug][gc,phases      ] GC(33)     Total                          Min: 0, Avg: 251.8, Max: 1007, Diff: 1007, Sum: 1007, Workers: 4
[599.966s][debug][gc,phases      ] GC(33)   ObjectSynchronizer Weak        Min:  0.0, Avg:  0.0, Max:  0.0, Diff:  0.0, Sum:  0.0, Workers: 4
[599.966s][debug][gc,phases      ] GC(33)     Dead                           Min: 0, Avg:  0.0, Max: 0, Diff: 0, Sum: 0, Workers: 4
[599.966s][debug][gc,phases      ] GC(33)     Total                          Min: 0, Avg:  1.2, Max: 5, Diff: 5, Sum: 5, Workers: 4
[599.966s][debug][gc,phases      ] GC(33)   JVMTI Tag Weak OopStorage      Min:  0.0, Avg:  0.0, Max:  0.0, Diff:  0.0, Sum:  0.0, Workers: 4
[599.966s][debug][gc,phases      ] GC(33)     Dead                           Min: 0, Avg:  0.0, Max: 0, Diff: 0, Sum: 0, Workers: 4
[599.966s][debug][gc,phases      ] GC(33)     Total                          Min: 0, Avg:  0.0, Max: 0, Diff: 0, Sum: 0, Workers: 4
[599.966s][debug][gc,phases      ] GC(33)   StringTable Weak               Min:  0.1, Avg:  0.1, Max:  0.1, Diff:  0.0, Sum:  0.5, Workers: 4
[599.966s][debug][gc,phases      ] GC(33)     Dead                           Min: 0, Avg:  0.0, Max: 0, Diff: 0, Sum: 0, Workers: 4
[599.966s][debug][gc,phases      ] GC(33)     Total                          Min: 10752, Avg: 11649.2, Max: 12416, Diff: 1664, Sum: 46597, Workers: 4
[599.966s][debug][gc,phases      ] GC(33)   ResolvedMethodTable Weak       Min:  0.0, Avg:  0.1, Max:  0.1, Diff:  0.0, Sum:  0.2, Workers: 4
[599.966s][debug][gc,phases      ] GC(33)     Dead                           Min: 0, Avg:  4.0, Max: 16, Diff: 16, Sum: 16, Workers: 4
[599.966s][debug][gc,phases      ] GC(33)     Total                          Min: 3600, Avg: 3830.2, Max: 3996, Diff: 396, Sum: 15321, Workers: 4
[599.966s][debug][gc,phases      ] GC(33)   JNI Weak                       Min:  0.0, Avg:  0.0, Max:  0.0, Diff:  0.0, Sum:  0.0, Workers: 4
[599.966s][debug][gc,phases      ] GC(33)     Dead                           Min: 0, Avg:  0.0, Max: 0, Diff: 0, Sum: 0, Workers: 4
[599.966s][debug][gc,phases      ] GC(33)     Total                          Min: 0, Avg: 13.0, Max: 48, Diff: 48, Sum: 52, Workers: 4
[599.966s][debug][gc,phases      ] GC(33)   StringDedup Table Weak         Min:  0.0, Avg:  0.0, Max:  0.0, Diff:  0.0, Sum:  0.0, Workers: 4
[599.966s][debug][gc,phases      ] GC(33)     Dead                           Min: 0, Avg:  0.0, Max: 0, Diff: 0, Sum: 0, Workers: 4
[599.966s][debug][gc,phases      ] GC(33)     Total                          Min: 0, Avg:  0.0, Max: 0, Diff: 0, Sum: 0, Workers: 4
[599.967s][debug][gc,phases      ] GC(33)   StringDedup Requests0 Weak     Min:  0.0, Avg:  0.0, Max:  0.0, Diff:  0.0, Sum:  0.0, Workers: 4
[599.967s][debug][gc,phases      ] GC(33)     Dead                           Min: 0, Avg:  0.0, Max: 0, Diff: 0, Sum: 0, Workers: 4
[599.967s][debug][gc,phases      ] GC(33)     Total                          Min: 0, Avg:  0.0, Max: 0, Diff: 0, Sum: 0, Workers: 4
[599.967s][debug][gc,phases      ] GC(33)   StringDedup Requests1 Weak     Min:  0.0, Avg:  0.0, Max:  0.0, Diff:  0.0, Sum:  0.0, Workers: 4
[599.967s][debug][gc,phases      ] GC(33)     Dead                           Min: 0, Avg:  0.0, Max: 0, Diff: 0, Sum: 0, Workers: 4
[599.967s][debug][gc,phases      ] GC(33)     Total                          Min: 0, Avg:  0.0, Max: 0, Diff: 0, Sum: 0, Workers: 4
[599.967s][debug][gc,phases      ] GC(33)   Weak JFR Old Object Samples    Min:  0.0, Avg:  0.0, Max:  0.0, Diff:  0.0, Sum:  0.0, Workers: 4
[599.967s][debug][gc,phases      ] GC(33)     Dead                           Min: 0, Avg:  0.0, Max: 0, Diff: 0, Sum: 0, Workers: 4
[599.967s][debug][gc,phases      ] GC(33)     Total                          Min: 0, Avg:  0.0, Max: 0, Diff: 0, Sum: 0, Workers: 4
[599.967s][debug][gc,phases      ] GC(33) Weak Processing 0.423ms
[599.967s][debug][gc,age         ] GC(33) Desired survivor size 145752064 bytes, new threshold 1 (max threshold 15)
[599.967s][info ][gc,heap        ] GC(33) PSYoungGen: 1786856K(1932800K)->8320K(1954816K) Eden: 1775104K(1775104K)->0K(1805312K) From: 11752K(157696K)->8320K(149504K)
[599.967s][info ][gc,heap        ] GC(33) ParOldGen: 391947K(514560K)->400784K(514560K)
[599.967s][info ][gc,metaspace   ] GC(33) Metaspace: 107160K(108480K)->107160K(108480K) NonClass: 91029K(91776K)->91029K(91776K) Class: 16131K(16704K)->16131K(16704K)
[599.967s][info ][gc             ] GC(33) Pause Young (Allocation Failure) 2127M->399M(2411M) 8.343ms
[599.967s][info ][gc,cpu         ] GC(33) User=0.03s Sys=0.00s Real=0.01s
[599.967s][info ][safepoint      ] Safepoint "ParallelGCFailedAllocation", Time since last: 345049306 ns, Reaching safepoint: 7100 ns, Cleanup: 4900 ns, At safepoint: 8420064 ns, Total: 8432064 ns
[601.312s][info ][safepoint      ] Safepoint "Cleanup", Time since last: 1345544026 ns, Reaching safepoint: 7300 ns, Cleanup: 28801 ns, At safepoint: 3100 ns, Total: 39201 ns
[602.312s][info ][safepoint      ] Safepoint "Cleanup", Time since last: 1000106793 ns, Reaching safepoint: 5700 ns, Cleanup: 17200 ns, At safepoint: 2500 ns, Total: 25400 ns
[604.313s][info ][safepoint      ] Safepoint "Cleanup", Time since last: 2000185487 ns, Reaching safepoint: 6000 ns, Cleanup: 12200 ns, At safepoint: 2600 ns, Total: 20800 ns
[609.313s][info ][safepoint      ] Safepoint "Cleanup", Time since last: 5000395475 ns, Reaching safepoint: 6700 ns, Cleanup: 24800 ns, At safepoint: 2300 ns, Total: 33800 ns
[610.313s][info ][safepoint      ] Safepoint "Cleanup", Time since last: 1000111550 ns, Reaching safepoint: 5800 ns, Cleanup: 6900 ns, At safepoint: 2400 ns, Total: 15100 ns
[612.313s][info ][safepoint      ] Safepoint "Cleanup", Time since last: 2000165098 ns, Reaching safepoint: 5700 ns, Cleanup: 9500 ns, At safepoint: 2500 ns, Total: 17700 ns
[613.313s][info ][safepoint      ] Safepoint "Cleanup", Time since last: 1000111373 ns, Reaching safepoint: 7000 ns, Cleanup: 84501 ns, At safepoint: 3200 ns, Total: 94701 ns
[614.314s][info ][safepoint      ] Safepoint "Cleanup", Time since last: 1000113042 ns, Reaching safepoint: 6000 ns, Cleanup: 8300 ns, At safepoint: 2700 ns, Total: 17000 ns
[615.314s][info ][safepoint      ] Safepoint "Cleanup", Time since last: 1000110842 ns, Reaching safepoint: 7100 ns, Cleanup: 9700 ns, At safepoint: 2700 ns, Total: 19500 ns
[620.314s][info ][safepoint      ] Safepoint "Cleanup", Time since last: 5000395634 ns, Reaching safepoint: 6800 ns, Cleanup: 10400 ns, At safepoint: 2800 ns, Total: 20000 ns
[623.314s][info ][safepoint      ] Safepoint "Cleanup", Time since last: 3000252787 ns, Reaching safepoint: 7200 ns, Cleanup: 11900 ns, At safepoint: 3300 ns, Total: 22400 ns
[624.315s][info ][safepoint      ] Safepoint "Cleanup", Time since last: 1000136562 ns, Reaching safepoint: 6801 ns, Cleanup: 10700 ns, At safepoint: 2500 ns, Total: 20001 ns
[625.315s][info ][safepoint      ] Safepoint "Cleanup", Time since last: 1000118657 ns, Reaching safepoint: 7300 ns, Cleanup: 9600 ns, At safepoint: 2800 ns, Total: 19700 ns
[626.315s][info ][safepoint      ] Safepoint "Cleanup", Time since last: 1000118791 ns, Reaching safepoint: 7101 ns, Cleanup: 12100 ns, At safepoint: 2700 ns, Total: 21901 ns
[629.315s][info ][safepoint      ] Safepoint "Cleanup", Time since last: 3000224773 ns, Reaching safepoint: 6700 ns, Cleanup: 11301 ns, At safepoint: 3300 ns, Total: 21301 ns
[631.315s][info ][safepoint      ] Safepoint "Cleanup", Time since last: 2000170513 ns, Reaching safepoint: 6500 ns, Cleanup: 11200 ns, At safepoint: 2500 ns, Total: 20200 ns
[632.315s][info ][safepoint      ] Safepoint "Cleanup", Time since last: 1000115096 ns, Reaching safepoint: 6600 ns, Cleanup: 13100 ns, At safepoint: 3100 ns, Total: 22800 ns
[633.316s][info ][safepoint      ] Safepoint "Cleanup", Time since last: 1000114129 ns, Reaching safepoint: 6300 ns, Cleanup: 43300 ns, At safepoint: 3800 ns, Total: 53400 ns
[634.316s][info ][safepoint      ] Safepoint "Cleanup", Time since last: 1000114354 ns, Reaching safepoint: 6800 ns, Cleanup: 21000 ns, At safepoint: 3300 ns, Total: 31100 ns
[635.316s][info ][safepoint      ] Safepoint "Cleanup", Time since last: 1000124855 ns, Reaching safepoint: 7100 ns, Cleanup: 25300 ns, At safepoint: 3500 ns, Total: 35900 ns
[636.316s][info ][safepoint      ] Safepoint "Cleanup", Time since last: 1000144654 ns, Reaching safepoint: 6800 ns, Cleanup: 22400 ns, At safepoint: 2500 ns, Total: 31700 ns
[637.316s][info ][safepoint      ] Safepoint "Cleanup", Time since last: 1000115954 ns, Reaching safepoint: 7000 ns, Cleanup: 22000 ns, At safepoint: 2400 ns, Total: 31400 ns
[638.316s][info ][safepoint      ] Safepoint "Cleanup", Time since last: 1000114932 ns, Reaching safepoint: 6200 ns, Cleanup: 18500 ns, At safepoint: 2200 ns, Total: 26900 ns
[639.317s][info ][safepoint      ] Safepoint "Cleanup", Time since last: 1000111357 ns, Reaching safepoint: 5900 ns, Cleanup: 33100 ns, At safepoint: 2500 ns, Total: 41500 ns
[640.317s][info ][safepoint      ] Safepoint "Cleanup", Time since last: 1000098557 ns, Reaching safepoint: 6701 ns, Cleanup: 9400 ns, At safepoint: 2600 ns, Total: 18701 ns
[643.317s][info ][safepoint      ] Safepoint "Cleanup", Time since last: 3000249119 ns, Reaching safepoint: 6100 ns, Cleanup: 12200 ns, At safepoint: 2800 ns, Total: 21100 ns
[644.317s][info ][safepoint      ] Safepoint "Cleanup", Time since last: 1000127628 ns, Reaching safepoint: 7200 ns, Cleanup: 14200 ns, At safepoint: 2500 ns, Total: 23900 ns
[646.317s][info ][safepoint      ] Safepoint "Cleanup", Time since last: 2000180319 ns, Reaching safepoint: 6800 ns, Cleanup: 9700 ns, At safepoint: 2400 ns, Total: 18900 ns
[647.317s][info ][safepoint      ] Safepoint "Cleanup", Time since last: 1000116280 ns, Reaching safepoint: 6701 ns, Cleanup: 11300 ns, At safepoint: 2500 ns, Total: 20501 ns
[649.318s][info ][safepoint      ] Safepoint "Cleanup", Time since last: 2000184643 ns, Reaching safepoint: 6500 ns, Cleanup: 7700 ns, At safepoint: 2800 ns, Total: 17000 ns
[650.318s][info ][safepoint      ] Safepoint "Cleanup", Time since last: 1000119573 ns, Reaching safepoint: 7300 ns, Cleanup: 9700 ns, At safepoint: 3700 ns, Total: 20700 ns
[651.778s][info ][safepoint      ] Safepoint "ParallelGCFailedAllocation", Time since last: 1460174822 ns, Reaching safepoint: 53500 ns, Cleanup: 9300 ns, At safepoint: 15200 ns, Total: 78000 ns
[651.778s][info ][gc,start       ] GC(34) Pause Young (Allocation Failure)
[651.790s][debug][gc,phases      ] GC(34) Scavenge 11.102ms
[651.790s][debug][gc,ref         ] GC(34) ReferenceProcessor::execute queues: 1, RefProcThreadModel::Single, marks_oops_alive: false
[651.790s][debug][gc,ref         ] GC(34) Skipped KeepAliveFinalRefsPhase of Reference Processing: no references
[651.790s][debug][gc,ref         ] GC(34) ReferenceProcessor::execute queues: 1, RefProcThreadModel::Single, marks_oops_alive: false
[651.790s][debug][gc,phases      ] GC(34) Reference Processing 0.145ms
[651.790s][debug][gc,phases      ] GC(34)   VM Weak                        Min:  0.0, Avg:  0.0, Max:  0.0, Diff:  0.0, Sum:  0.0, Workers: 4
[651.790s][debug][gc,phases      ] GC(34)     Dead                           Min: 0, Avg:  0.0, Max: 0, Diff: 0, Sum: 0, Workers: 4
[651.790s][debug][gc,phases      ] GC(34)     Total                          Min: 0, Avg: 255.0, Max: 764, Diff: 764, Sum: 1020, Workers: 4
[651.790s][debug][gc,phases      ] GC(34)   ObjectSynchronizer Weak        Min:  0.0, Avg:  0.0, Max:  0.0, Diff:  0.0, Sum:  0.0, Workers: 4
[651.790s][debug][gc,phases      ] GC(34)     Dead                           Min: 0, Avg:  0.0, Max: 0, Diff: 0, Sum: 0, Workers: 4
[651.790s][debug][gc,phases      ] GC(34)     Total                          Min: 0, Avg:  1.5, Max: 6, Diff: 6, Sum: 6, Workers: 4
[651.790s][debug][gc,phases      ] GC(34)   JVMTI Tag Weak OopStorage      Min:  0.0, Avg:  0.0, Max:  0.0, Diff:  0.0, Sum:  0.0, Workers: 4
[651.790s][debug][gc,phases      ] GC(34)     Dead                           Min: 0, Avg:  0.0, Max: 0, Diff: 0, Sum: 0, Workers: 4
[651.790s][debug][gc,phases      ] GC(34)     Total                          Min: 0, Avg:  0.0, Max: 0, Diff: 0, Sum: 0, Workers: 4
[651.790s][debug][gc,phases      ] GC(34)   StringTable Weak               Min:  0.0, Avg:  0.1, Max:  0.2, Diff:  0.2, Sum:  0.5, Workers: 4
[651.790s][debug][gc,phases      ] GC(34)     Dead                           Min: 0, Avg:  0.5, Max: 2, Diff: 2, Sum: 2, Workers: 4
[651.790s][debug][gc,phases      ] GC(34)     Total                          Min: 0, Avg: 11661.8, Max: 25342, Diff: 25342, Sum: 46647, Workers: 4
[651.790s][debug][gc,phases      ] GC(34)   ResolvedMethodTable Weak       Min:  0.0, Avg:  0.0, Max:  0.1, Diff:  0.1, Sum:  0.2, Workers: 4
[651.790s][debug][gc,phases      ] GC(34)     Dead                           Min: 0, Avg:  4.8, Max: 17, Diff: 17, Sum: 19, Workers: 4
[651.790s][debug][gc,phases      ] GC(34)     Total                          Min: 0, Avg: 3847.0, Max: 8819, Diff: 8819, Sum: 15388, Workers: 4
[651.790s][debug][gc,phases      ] GC(34)   JNI Weak                       Min:  0.0, Avg:  0.0, Max:  0.0, Diff:  0.0, Sum:  0.0, Workers: 4
[651.790s][debug][gc,phases      ] GC(34)     Dead                           Min: 0, Avg:  0.0, Max: 0, Diff: 0, Sum: 0, Workers: 4
[651.790s][debug][gc,phases      ] GC(34)     Total                          Min: 0, Avg: 13.0, Max: 48, Diff: 48, Sum: 52, Workers: 4
[651.790s][debug][gc,phases      ] GC(34)   StringDedup Table Weak         Min:  0.0, Avg:  0.0, Max:  0.0, Diff:  0.0, Sum:  0.0, Workers: 4
[651.790s][debug][gc,phases      ] GC(34)     Dead                           Min: 0, Avg:  0.0, Max: 0, Diff: 0, Sum: 0, Workers: 4
[651.790s][debug][gc,phases      ] GC(34)     Total                          Min: 0, Avg:  0.0, Max: 0, Diff: 0, Sum: 0, Workers: 4
[651.790s][debug][gc,phases      ] GC(34)   StringDedup Requests0 Weak     Min:  0.0, Avg:  0.0, Max:  0.0, Diff:  0.0, Sum:  0.0, Workers: 4
[651.790s][debug][gc,phases      ] GC(34)     Dead                           Min: 0, Avg:  0.0, Max: 0, Diff: 0, Sum: 0, Workers: 4
[651.790s][debug][gc,phases      ] GC(34)     Total                          Min: 0, Avg:  0.0, Max: 0, Diff: 0, Sum: 0, Workers: 4
[651.790s][debug][gc,phases      ] GC(34)   StringDedup Requests1 Weak     Min:  0.0, Avg:  0.0, Max:  0.0, Diff:  0.0, Sum:  0.0, Workers: 4
[651.790s][debug][gc,phases      ] GC(34)     Dead                           Min: 0, Avg:  0.0, Max: 0, Diff: 0, Sum: 0, Workers: 4
[651.790s][debug][gc,phases      ] GC(34)     Total                          Min: 0, Avg:  0.0, Max: 0, Diff: 0, Sum: 0, Workers: 4
[651.790s][debug][gc,phases      ] GC(34)   Weak JFR Old Object Samples    Min:  0.0, Avg:  0.0, Max:  0.0, Diff:  0.0, Sum:  0.0, Workers: 4
[651.790s][debug][gc,phases      ] GC(34)     Dead                           Min: 0, Avg:  0.0, Max: 0, Diff: 0, Sum: 0, Workers: 4
[651.790s][debug][gc,phases      ] GC(34)     Total                          Min: 0, Avg:  0.0, Max: 0, Diff: 0, Sum: 0, Workers: 4
[651.790s][debug][gc,phases      ] GC(34) Weak Processing 0.542ms
[651.790s][debug][gc,age         ] GC(34) Desired survivor size 138412032 bytes, new threshold 1 (max threshold 15)
[651.790s][info ][gc,heap        ] GC(34) PSYoungGen: 1813632K(1954816K)->9403K(1947648K) Eden: 1805312K(1805312K)->0K(1805312K) From: 8320K(149504K)->9403K(142336K)
[651.790s][info ][gc,heap        ] GC(34) ParOldGen: 400787K(514560K)->405480K(514560K)
[651.790s][info ][gc,metaspace   ] GC(34) Metaspace: 107334K(108608K)->107334K(108608K) NonClass: 91180K(91904K)->91180K(91904K) Class: 16153K(16704K)->16153K(16704K)
[651.790s][info ][gc             ] GC(34) Pause Young (Allocation Failure) 2162M->405M(2404M) 11.912ms
[651.790s][info ][gc,cpu         ] GC(34) User=0.03s Sys=0.00s Real=0.01s
[651.790s][info ][safepoint      ] Safepoint "ParallelGCFailedAllocation", Time since last: 282002 ns, Reaching safepoint: 87500 ns, Cleanup: 1300 ns, At safepoint: 11994972 ns, Total: 12083772 ns
[652.790s][info ][safepoint      ] Safepoint "Cleanup", Time since last: 1000091773 ns, Reaching safepoint: 7701 ns, Cleanup: 11800 ns, At safepoint: 2500 ns, Total: 22001 ns
[653.791s][info ][safepoint      ] Safepoint "Cleanup", Time since last: 1000116973 ns, Reaching safepoint: 8600 ns, Cleanup: 13900 ns, At safepoint: 2500 ns, Total: 25000 ns
[654.791s][info ][safepoint      ] Safepoint "Cleanup", Time since last: 1000111474 ns, Reaching safepoint: 84000 ns, Cleanup: 13800 ns, At safepoint: 7000 ns, Total: 104800 ns
[655.791s][info ][safepoint      ] Safepoint "Cleanup", Time since last: 1000128774 ns, Reaching safepoint: 8300 ns, Cleanup: 27700 ns, At safepoint: 3500 ns, Total: 39500 ns
[657.791s][info ][safepoint      ] Safepoint "Cleanup", Time since last: 2000193433 ns, Reaching safepoint: 7900 ns, Cleanup: 25600 ns, At safepoint: 2900 ns, Total: 36400 ns
[658.791s][info ][safepoint      ] Safepoint "Cleanup", Time since last: 1000121044 ns, Reaching safepoint: 9100 ns, Cleanup: 13700 ns, At safepoint: 3500 ns, Total: 26300 ns
[659.792s][info ][safepoint      ] Safepoint "Cleanup", Time since last: 1000138444 ns, Reaching safepoint: 85000 ns, Cleanup: 18300 ns, At safepoint: 11701 ns, Total: 115001 ns
[661.340s][info ][safepoint      ] Safepoint "Cleanup", Time since last: 1548622668 ns, Reaching safepoint: 7700 ns, Cleanup: 25800 ns, At safepoint: 3000 ns, Total: 36500 ns
[663.341s][info ][safepoint      ] Safepoint "Cleanup", Time since last: 2000187687 ns, Reaching safepoint: 7000 ns, Cleanup: 11900 ns, At safepoint: 2300 ns, Total: 21200 ns
[666.341s][info ][safepoint      ] Safepoint "Cleanup", Time since last: 3000264282 ns, Reaching safepoint: 9700 ns, Cleanup: 14400 ns, At safepoint: 4300 ns, Total: 28400 ns
[667.341s][info ][safepoint      ] Safepoint "Cleanup", Time since last: 1000118871 ns, Reaching safepoint: 10600 ns, Cleanup: 27700 ns, At safepoint: 3700 ns, Total: 42000 ns
[670.341s][info ][safepoint      ] Safepoint "Cleanup", Time since last: 3000264811 ns, Reaching safepoint: 7700 ns, Cleanup: 13300 ns, At safepoint: 6000 ns, Total: 27000 ns
[676.588s][info ][gc,start       ] GC(35) Pause Young (Allocation Failure)
[676.602s][debug][gc,phases      ] GC(35) Scavenge 13.141ms
[676.602s][debug][gc,ref         ] GC(35) ReferenceProcessor::execute queues: 1, RefProcThreadModel::Single, marks_oops_alive: false
[676.602s][debug][gc,ref         ] GC(35) Skipped KeepAliveFinalRefsPhase of Reference Processing: no references
[676.602s][debug][gc,ref         ] GC(35) ReferenceProcessor::execute queues: 1, RefProcThreadModel::Single, marks_oops_alive: false
[676.602s][debug][gc,phases      ] GC(35) Reference Processing 0.126ms
[676.602s][debug][gc,phases      ] GC(35)   VM Weak                        Min:  0.0, Avg:  0.0, Max:  0.0, Diff:  0.0, Sum:  0.0, Workers: 4
[676.602s][debug][gc,phases      ] GC(35)     Dead                           Min: 0, Avg:  0.0, Max: 0, Diff: 0, Sum: 0, Workers: 4
[676.602s][debug][gc,phases      ] GC(35)     Total                          Min: 0, Avg: 255.0, Max: 700, Diff: 700, Sum: 1020, Workers: 4
[676.602s][debug][gc,phases      ] GC(35)   ObjectSynchronizer Weak        Min:  0.0, Avg:  0.0, Max:  0.0, Diff:  0.0, Sum:  0.0, Workers: 4
[676.602s][debug][gc,phases      ] GC(35)     Dead                           Min: 0, Avg:  0.0, Max: 0, Diff: 0, Sum: 0, Workers: 4
[676.602s][debug][gc,phases      ] GC(35)     Total                          Min: 0, Avg:  0.8, Max: 3, Diff: 3, Sum: 3, Workers: 4
[676.602s][debug][gc,phases      ] GC(35)   JVMTI Tag Weak OopStorage      Min:  0.0, Avg:  0.0, Max:  0.0, Diff:  0.0, Sum:  0.0, Workers: 4
[676.602s][debug][gc,phases      ] GC(35)     Dead                           Min: 0, Avg:  0.0, Max: 0, Diff: 0, Sum: 0, Workers: 4
[676.602s][debug][gc,phases      ] GC(35)     Total                          Min: 0, Avg:  0.0, Max: 0, Diff: 0, Sum: 0, Workers: 4
[676.602s][debug][gc,phases      ] GC(35)   StringTable Weak               Min:  0.0, Avg:  0.1, Max:  0.2, Diff:  0.2, Sum:  0.5, Workers: 4
[676.602s][debug][gc,phases      ] GC(35)     Dead                           Min: 0, Avg:  0.2, Max: 1, Diff: 1, Sum: 1, Workers: 4
[676.602s][debug][gc,phases      ] GC(35)     Total                          Min: 0, Avg: 11671.2, Max: 16606, Diff: 16606, Sum: 46685, Workers: 4
[676.602s][debug][gc,phases      ] GC(35)   ResolvedMethodTable Weak       Min:  0.0, Avg:  0.0, Max:  0.1, Diff:  0.1, Sum:  0.2, Workers: 4
[676.602s][debug][gc,phases      ] GC(35)     Dead                           Min: 0, Avg:  6.5, Max: 17, Diff: 17, Sum: 26, Workers: 4
[676.602s][debug][gc,phases      ] GC(35)     Total                          Min: 0, Avg: 3851.0, Max: 5780, Diff: 5780, Sum: 15404, Workers: 4
[676.602s][debug][gc,phases      ] GC(35)   JNI Weak                       Min:  0.0, Avg:  0.0, Max:  0.0, Diff:  0.0, Sum:  0.0, Workers: 4
[676.602s][debug][gc,phases      ] GC(35)     Dead                           Min: 0, Avg:  0.0, Max: 0, Diff: 0, Sum: 0, Workers: 4
[676.602s][debug][gc,phases      ] GC(35)     Total                          Min: 0, Avg: 13.0, Max: 48, Diff: 48, Sum: 52, Workers: 4
[676.602s][debug][gc,phases      ] GC(35)   StringDedup Table Weak         Min:  0.0, Avg:  0.0, Max:  0.0, Diff:  0.0, Sum:  0.0, Workers: 4
[676.602s][debug][gc,phases      ] GC(35)     Dead                           Min: 0, Avg:  0.0, Max: 0, Diff: 0, Sum: 0, Workers: 4
[676.602s][debug][gc,phases      ] GC(35)     Total                          Min: 0, Avg:  0.0, Max: 0, Diff: 0, Sum: 0, Workers: 4
[676.602s][debug][gc,phases      ] GC(35)   StringDedup Requests0 Weak     Min:  0.0, Avg:  0.0, Max:  0.0, Diff:  0.0, Sum:  0.0, Workers: 4
[676.602s][debug][gc,phases      ] GC(35)     Dead                           Min: 0, Avg:  0.0, Max: 0, Diff: 0, Sum: 0, Workers: 4
[676.602s][debug][gc,phases      ] GC(35)     Total                          Min: 0, Avg:  0.0, Max: 0, Diff: 0, Sum: 0, Workers: 4
[676.602s][debug][gc,phases      ] GC(35)   StringDedup Requests1 Weak     Min:  0.0, Avg:  0.0, Max:  0.0, Diff:  0.0, Sum:  0.0, Workers: 4
[676.602s][debug][gc,phases      ] GC(35)     Dead                           Min: 0, Avg:  0.0, Max: 0, Diff: 0, Sum: 0, Workers: 4
[676.602s][debug][gc,phases      ] GC(35)     Total                          Min: 0, Avg:  0.0, Max: 0, Diff: 0, Sum: 0, Workers: 4
[676.602s][debug][gc,phases      ] GC(35)   Weak JFR Old Object Samples    Min:  0.0, Avg:  0.0, Max:  0.0, Diff:  0.0, Sum:  0.0, Workers: 4
[676.602s][debug][gc,phases      ] GC(35)     Dead                           Min: 0, Avg:  0.0, Max: 0, Diff: 0, Sum: 0, Workers: 4
[676.602s][debug][gc,phases      ] GC(35)     Total                          Min: 0, Avg:  0.0, Max: 0, Diff: 0, Sum: 0, Workers: 4
[676.602s][debug][gc,phases      ] GC(35) Weak Processing 0.435ms
[676.602s][debug][gc,age         ] GC(35) Desired survivor size 127926272 bytes, new threshold 1 (max threshold 15)
[676.602s][info ][gc,heap        ] GC(35) PSYoungGen: 1814715K(1947648K)->26281K(1972224K) Eden: 1805312K(1805312K)->0K(1837056K) From: 9403K(142336K)->26281K(135168K)
[676.602s][info ][gc,heap        ] GC(35) ParOldGen: 405480K(514560K)->412090K(514560K)
[676.602s][info ][gc,metaspace   ] GC(35) Metaspace: 107369K(108672K)->107369K(108672K) NonClass: 91209K(91968K)->91209K(91968K) Class: 16160K(16704K)->16160K(16704K)
[676.602s][info ][gc             ] GC(35) Pause Young (Allocation Failure) 2168M->428M(2428M) 13.861ms
[676.602s][info ][gc,cpu         ] GC(35) User=0.05s Sys=0.00s Real=0.01s
[676.602s][info ][safepoint      ] Safepoint "ParallelGCFailedAllocation", Time since last: 6247150976 ns, Reaching safepoint: 7500 ns, Cleanup: 5000 ns, At safepoint: 13943866 ns, Total: 13956366 ns
[678.603s][info ][safepoint      ] Safepoint "Cleanup", Time since last: 2000168056 ns, Reaching safepoint: 7100 ns, Cleanup: 6800 ns, At safepoint: 2600 ns, Total: 16500 ns
[686.603s][info ][safepoint      ] Safepoint "Cleanup", Time since last: 8000587455 ns, Reaching safepoint: 6800 ns, Cleanup: 10000 ns, At safepoint: 3100 ns, Total: 19900 ns
[712.605s][info ][safepoint      ] Safepoint "Cleanup", Time since last: 26001873481 ns, Reaching safepoint: 6000 ns, Cleanup: 11000 ns, At safepoint: 2600 ns, Total: 19600 ns
[713.605s][info ][safepoint      ] Safepoint "Cleanup", Time since last: 1000103474 ns, Reaching safepoint: 8000 ns, Cleanup: 11000 ns, At safepoint: 3100 ns, Total: 22100 ns
[717.606s][info ][safepoint      ] Safepoint "Cleanup", Time since last: 4000327521 ns, Reaching safepoint: 7900 ns, Cleanup: 12600 ns, At safepoint: 3200 ns, Total: 23700 ns
[718.606s][info ][safepoint      ] Safepoint "Cleanup", Time since last: 1000108780 ns, Reaching safepoint: 7200 ns, Cleanup: 10600 ns, At safepoint: 2400 ns, Total: 20200 ns
[719.606s][info ][safepoint      ] Safepoint "Cleanup", Time since last: 1000120280 ns, Reaching safepoint: 7500 ns, Cleanup: 11900 ns, At safepoint: 3100 ns, Total: 22500 ns
[726.360s][info ][safepoint      ] Safepoint "Cleanup", Time since last: 6754032112 ns, Reaching safepoint: 6600 ns, Cleanup: 17700 ns, At safepoint: 2600 ns, Total: 26900 ns
[727.360s][info ][safepoint      ] Safepoint "Cleanup", Time since last: 1000110749 ns, Reaching safepoint: 5600 ns, Cleanup: 11800 ns, At safepoint: 2400 ns, Total: 19800 ns
[729.360s][info ][safepoint      ] Safepoint "Cleanup", Time since last: 2000178247 ns, Reaching safepoint: 6300 ns, Cleanup: 15100 ns, At safepoint: 2700 ns, Total: 24100 ns
[730.700s][info ][gc,start       ] GC(36) Pause Young (Allocation Failure)
[730.715s][debug][gc,phases      ] GC(36) Scavenge 14.489ms
[730.715s][debug][gc,ref         ] GC(36) ReferenceProcessor::execute queues: 1, RefProcThreadModel::Single, marks_oops_alive: false
[730.715s][debug][gc,ref         ] GC(36) Skipped KeepAliveFinalRefsPhase of Reference Processing: no references
[730.715s][debug][gc,ref         ] GC(36) ReferenceProcessor::execute queues: 1, RefProcThreadModel::Single, marks_oops_alive: false
[730.715s][debug][gc,phases      ] GC(36) Reference Processing 0.140ms
[730.715s][debug][gc,phases      ] GC(36)   VM Weak                        Min:  0.0, Avg:  0.0, Max:  0.0, Diff:  0.0, Sum:  0.0, Workers: 4
[730.715s][debug][gc,phases      ] GC(36)     Dead                           Min: 0, Avg:  0.0, Max: 0, Diff: 0, Sum: 0, Workers: 4
[730.715s][debug][gc,phases      ] GC(36)     Total                          Min: 0, Avg: 255.0, Max: 640, Diff: 640, Sum: 1020, Workers: 4
[730.715s][debug][gc,phases      ] GC(36)   ObjectSynchronizer Weak        Min:  0.0, Avg:  0.0, Max:  0.0, Diff:  0.0, Sum:  0.0, Workers: 4
[730.715s][debug][gc,phases      ] GC(36)     Dead                           Min: 0, Avg:  0.0, Max: 0, Diff: 0, Sum: 0, Workers: 4
[730.715s][debug][gc,phases      ] GC(36)     Total                          Min: 0, Avg:  1.5, Max: 6, Diff: 6, Sum: 6, Workers: 4
[730.715s][debug][gc,phases      ] GC(36)   JVMTI Tag Weak OopStorage      Min:  0.0, Avg:  0.0, Max:  0.0, Diff:  0.0, Sum:  0.0, Workers: 4
[730.715s][debug][gc,phases      ] GC(36)     Dead                           Min: 0, Avg:  0.0, Max: 0, Diff: 0, Sum: 0, Workers: 4
[730.715s][debug][gc,phases      ] GC(36)     Total                          Min: 0, Avg:  0.0, Max: 0, Diff: 0, Sum: 0, Workers: 4
[730.715s][debug][gc,phases      ] GC(36)   StringTable Weak               Min:  0.0, Avg:  0.1, Max:  0.2, Diff:  0.2, Sum:  0.5, Workers: 4
[730.715s][debug][gc,phases      ] GC(36)     Dead                           Min: 0, Avg:  0.0, Max: 0, Diff: 0, Sum: 0, Workers: 4
[730.715s][debug][gc,phases      ] GC(36)     Total                          Min: 0, Avg: 11671.5, Max: 16895, Diff: 16895, Sum: 46686, Workers: 4
[730.715s][debug][gc,phases      ] GC(36)   ResolvedMethodTable Weak       Min:  0.0, Avg:  0.0, Max:  0.1, Diff:  0.1, Sum:  0.2, Workers: 4
[730.715s][debug][gc,phases      ] GC(36)     Dead                           Min: 0, Avg:  4.2, Max: 17, Diff: 17, Sum: 17, Workers: 4
[730.715s][debug][gc,phases      ] GC(36)     Total                          Min: 0, Avg: 3851.2, Max: 6222, Diff: 6222, Sum: 15405, Workers: 4
[730.715s][debug][gc,phases      ] GC(36)   JNI Weak                       Min:  0.0, Avg:  0.0, Max:  0.0, Diff:  0.0, Sum:  0.0, Workers: 4
[730.715s][debug][gc,phases      ] GC(36)     Dead                           Min: 0, Avg:  0.0, Max: 0, Diff: 0, Sum: 0, Workers: 4
[730.715s][debug][gc,phases      ] GC(36)     Total                          Min: 0, Avg: 13.0, Max: 48, Diff: 48, Sum: 52, Workers: 4
[730.715s][debug][gc,phases      ] GC(36)   StringDedup Table Weak         Min:  0.0, Avg:  0.0, Max:  0.0, Diff:  0.0, Sum:  0.0, Workers: 4
[730.715s][debug][gc,phases      ] GC(36)     Dead                           Min: 0, Avg:  0.0, Max: 0, Diff: 0, Sum: 0, Workers: 4
[730.715s][debug][gc,phases      ] GC(36)     Total                          Min: 0, Avg:  0.0, Max: 0, Diff: 0, Sum: 0, Workers: 4
[730.715s][debug][gc,phases      ] GC(36)   StringDedup Requests0 Weak     Min:  0.0, Avg:  0.0, Max:  0.0, Diff:  0.0, Sum:  0.0, Workers: 4
[730.715s][debug][gc,phases      ] GC(36)     Dead                           Min: 0, Avg:  0.0, Max: 0, Diff: 0, Sum: 0, Workers: 4
[730.715s][debug][gc,phases      ] GC(36)     Total                          Min: 0, Avg:  0.0, Max: 0, Diff: 0, Sum: 0, Workers: 4
[730.715s][debug][gc,phases      ] GC(36)   StringDedup Requests1 Weak     Min:  0.0, Avg:  0.0, Max:  0.0, Diff:  0.0, Sum:  0.0, Workers: 4
[730.715s][debug][gc,phases      ] GC(36)     Dead                           Min: 0, Avg:  0.0, Max: 0, Diff: 0, Sum: 0, Workers: 4
[730.715s][debug][gc,phases      ] GC(36)     Total                          Min: 0, Avg:  0.0, Max: 0, Diff: 0, Sum: 0, Workers: 4
[730.715s][debug][gc,phases      ] GC(36)   Weak JFR Old Object Samples    Min:  0.0, Avg:  0.0, Max:  0.0, Diff:  0.0, Sum:  0.0, Workers: 4
[730.715s][debug][gc,phases      ] GC(36)     Dead                           Min: 0, Avg:  0.0, Max: 0, Diff: 0, Sum: 0, Workers: 4
[730.715s][debug][gc,phases      ] GC(36)     Total                          Min: 0, Avg:  0.0, Max: 0, Diff: 0, Sum: 0, Workers: 4
[730.715s][debug][gc,phases      ] GC(36) Weak Processing 0.441ms
[730.715s][debug][gc,age         ] GC(36) Desired survivor size 121110528 bytes, new threshold 1 (max threshold 15)
[730.715s][info ][gc,heap        ] GC(36) PSYoungGen: 1863337K(1972224K)->11712K(1961984K) Eden: 1837056K(1837056K)->0K(1837056K) From: 26281K(135168K)->11712K(124928K)
[730.715s][info ][gc,heap        ] GC(36) ParOldGen: 412090K(514560K)->434372K(514560K)
[730.715s][info ][gc,metaspace   ] GC(36) Metaspace: 107374K(108672K)->107374K(108672K) NonClass: 91214K(91968K)->91214K(91968K) Class: 16160K(16704K)->16160K(16704K)
[730.715s][info ][gc             ] GC(36) Pause Young (Allocation Failure) 2222M->435M(2418M) 15.223ms
[730.716s][info ][gc,cpu         ] GC(36) User=0.06s Sys=0.00s Real=0.02s
[730.716s][info ][safepoint      ] Safepoint "ParallelGCFailedAllocation", Time since last: 1339941670 ns, Reaching safepoint: 82100 ns, Cleanup: 4300 ns, At safepoint: 15307109 ns, Total: 15393509 ns
[731.716s][info ][safepoint      ] Safepoint "Cleanup", Time since last: 1000088647 ns, Reaching safepoint: 6200 ns, Cleanup: 13100 ns, At safepoint: 2800 ns, Total: 22100 ns
[732.716s][info ][safepoint      ] Safepoint "Cleanup", Time since last: 1000131351 ns, Reaching safepoint: 12200 ns, Cleanup: 30900 ns, At safepoint: 3900 ns, Total: 47000 ns
[733.716s][info ][safepoint      ] Safepoint "Cleanup", Time since last: 1000159151 ns, Reaching safepoint: 5700 ns, Cleanup: 12200 ns, At safepoint: 2500 ns, Total: 20400 ns
[735.718s][info ][safepoint      ] Safepoint "Cleanup", Time since last: 2001917112 ns, Reaching safepoint: 87200 ns, Cleanup: 15200 ns, At safepoint: 14000 ns, Total: 116400 ns
[736.718s][info ][safepoint      ] Safepoint "Cleanup", Time since last: 1000172052 ns, Reaching safepoint: 82500 ns, Cleanup: 9600 ns, At safepoint: 13100 ns, Total: 105200 ns
[737.718s][info ][safepoint      ] Safepoint "Cleanup", Time since last: 1000116935 ns, Reaching safepoint: 5200 ns, Cleanup: 22500 ns, At safepoint: 20900 ns, Total: 48600 ns
[739.719s][info ][safepoint      ] Safepoint "Cleanup", Time since last: 2000163632 ns, Reaching safepoint: 5600 ns, Cleanup: 12400 ns, At safepoint: 2800 ns, Total: 20800 ns
[741.719s][info ][safepoint      ] Safepoint "Cleanup", Time since last: 2000174532 ns, Reaching safepoint: 7100 ns, Cleanup: 11200 ns, At safepoint: 2100 ns, Total: 20400 ns
[742.719s][info ][safepoint      ] Safepoint "Cleanup", Time since last: 1000128916 ns, Reaching safepoint: 82901 ns, Cleanup: 10600 ns, At safepoint: 14000 ns, Total: 107501 ns
[743.719s][info ][safepoint      ] Safepoint "Cleanup", Time since last: 1000123516 ns, Reaching safepoint: 79600 ns, Cleanup: 12400 ns, At safepoint: 10000 ns, Total: 102000 ns
[743.951s][info ][gc,start       ] GC(37) Pause Young (Allocation Failure)
[743.970s][debug][gc,phases      ] GC(37) Scavenge 18.682ms
[743.970s][debug][gc,ref         ] GC(37) Skipped SoftWeakFinalRefsPhase of Reference Processing: no references
[743.970s][debug][gc,ref         ] GC(37) Skipped KeepAliveFinalRefsPhase of Reference Processing: no references
[743.970s][debug][gc,ref         ] GC(37) ReferenceProcessor::execute queues: 1, RefProcThreadModel::Single, marks_oops_alive: false
[743.970s][debug][gc,phases      ] GC(37) Reference Processing 0.112ms
[743.970s][debug][gc,phases      ] GC(37)   VM Weak                        Min:  0.0, Avg:  0.0, Max:  0.0, Diff:  0.0, Sum:  0.0, Workers: 4
[743.970s][debug][gc,phases      ] GC(37)     Dead                           Min: 0, Avg:  0.0, Max: 0, Diff: 0, Sum: 0, Workers: 4
[743.970s][debug][gc,phases      ] GC(37)     Total                          Min: 0, Avg: 255.0, Max: 640, Diff: 640, Sum: 1020, Workers: 4
[743.970s][debug][gc,phases      ] GC(37)   ObjectSynchronizer Weak        Min:  0.0, Avg:  0.0, Max:  0.0, Diff:  0.0, Sum:  0.0, Workers: 4
[743.971s][debug][gc,phases      ] GC(37)     Dead                           Min: 0, Avg:  0.0, Max: 0, Diff: 0, Sum: 0, Workers: 4
[743.971s][debug][gc,phases      ] GC(37)     Total                          Min: 0, Avg:  1.5, Max: 6, Diff: 6, Sum: 6, Workers: 4
[743.971s][debug][gc,phases      ] GC(37)   JVMTI Tag Weak OopStorage      Min:  0.0, Avg:  0.0, Max:  0.0, Diff:  0.0, Sum:  0.0, Workers: 4
[743.971s][debug][gc,phases      ] GC(37)     Dead                           Min: 0, Avg:  0.0, Max: 0, Diff: 0, Sum: 0, Workers: 4
[743.971s][debug][gc,phases      ] GC(37)     Total                          Min: 0, Avg:  0.0, Max: 0, Diff: 0, Sum: 0, Workers: 4
[743.971s][debug][gc,phases      ] GC(37)   StringTable Weak               Min:  0.0, Avg:  0.1, Max:  0.2, Diff:  0.2, Sum:  0.5, Workers: 4
[743.971s][debug][gc,phases      ] GC(37)     Dead                           Min: 0, Avg:  0.0, Max: 0, Diff: 0, Sum: 0, Workers: 4
[743.971s][debug][gc,phases      ] GC(37)     Total                          Min: 0, Avg: 11671.5, Max: 15902, Diff: 15902, Sum: 46686, Workers: 4
[743.971s][debug][gc,phases      ] GC(37)   ResolvedMethodTable Weak       Min:  0.0, Avg:  0.0, Max:  0.1, Diff:  0.1, Sum:  0.2, Workers: 4
[743.971s][debug][gc,phases      ] GC(37)     Dead                           Min: 0, Avg:  0.0, Max: 0, Diff: 0, Sum: 0, Workers: 4
[743.971s][debug][gc,phases      ] GC(37)     Total                          Min: 0, Avg: 3851.2, Max: 5727, Diff: 5727, Sum: 15405, Workers: 4
[743.971s][debug][gc,phases      ] GC(37)   JNI Weak                       Min:  0.0, Avg:  0.0, Max:  0.0, Diff:  0.0, Sum:  0.0, Workers: 4
[743.971s][debug][gc,phases      ] GC(37)     Dead                           Min: 0, Avg:  0.0, Max: 0, Diff: 0, Sum: 0, Workers: 4
[743.971s][debug][gc,phases      ] GC(37)     Total                          Min: 0, Avg: 13.0, Max: 48, Diff: 48, Sum: 52, Workers: 4
[743.971s][debug][gc,phases      ] GC(37)   StringDedup Table Weak         Min:  0.0, Avg:  0.0, Max:  0.0, Diff:  0.0, Sum:  0.0, Workers: 4
[743.971s][debug][gc,phases      ] GC(37)     Dead                           Min: 0, Avg:  0.0, Max: 0, Diff: 0, Sum: 0, Workers: 4
[743.971s][debug][gc,phases      ] GC(37)     Total                          Min: 0, Avg:  0.0, Max: 0, Diff: 0, Sum: 0, Workers: 4
[743.971s][debug][gc,phases      ] GC(37)   StringDedup Requests0 Weak     Min:  0.0, Avg:  0.0, Max:  0.0, Diff:  0.0, Sum:  0.0, Workers: 4
[743.971s][debug][gc,phases      ] GC(37)     Dead                           Min: 0, Avg:  0.0, Max: 0, Diff: 0, Sum: 0, Workers: 4
[743.971s][debug][gc,phases      ] GC(37)     Total                          Min: 0, Avg:  0.0, Max: 0, Diff: 0, Sum: 0, Workers: 4
[743.971s][debug][gc,phases      ] GC(37)   StringDedup Requests1 Weak     Min:  0.0, Avg:  0.0, Max:  0.0, Diff:  0.0, Sum:  0.0, Workers: 4
[743.971s][debug][gc,phases      ] GC(37)     Dead                           Min: 0, Avg:  0.0, Max: 0, Diff: 0, Sum: 0, Workers: 4
[743.971s][debug][gc,phases      ] GC(37)     Total                          Min: 0, Avg:  0.0, Max: 0, Diff: 0, Sum: 0, Workers: 4
[743.971s][debug][gc,phases      ] GC(37)   Weak JFR Old Object Samples    Min:  0.0, Avg:  0.0, Max:  0.0, Diff:  0.0, Sum:  0.0, Workers: 4
[743.971s][debug][gc,phases      ] GC(37)     Dead                           Min: 0, Avg:  0.0, Max: 0, Diff: 0, Sum: 0, Workers: 4
[743.971s][debug][gc,phases      ] GC(37)     Total                          Min: 0, Avg:  0.0, Max: 0, Diff: 0, Sum: 0, Workers: 4
[743.971s][debug][gc,phases      ] GC(37) Weak Processing 0.427ms
[743.971s][debug][gc,age         ] GC(37) Desired survivor size 114819072 bytes, new threshold 1 (max threshold 15)
[743.971s][info ][gc,heap        ] GC(37) PSYoungGen: 1848768K(1961984K)->35616K(1985024K) Eden: 1837056K(1837056K)->0K(1866752K) From: 11712K(124928K)->35616K(118272K)
[743.971s][info ][gc,heap        ] GC(37) ParOldGen: 434372K(514560K)->442429K(514560K)
[743.971s][info ][gc,metaspace   ] GC(37) Metaspace: 107386K(108672K)->107386K(108672K) NonClass: 91226K(91968K)->91226K(91968K) Class: 16160K(16704K)->16160K(16704K)
[743.971s][info ][gc             ] GC(37) Pause Young (Allocation Failure) 2229M->466M(2441M) 19.372ms
[743.971s][info ][gc,cpu         ] GC(37) User=0.07s Sys=0.00s Real=0.02s
[743.971s][info ][safepoint      ] Safepoint "ParallelGCFailedAllocation", Time since last: 231861279 ns, Reaching safepoint: 75501 ns, Cleanup: 5100 ns, At safepoint: 19464307 ns, Total: 19544908 ns
[745.971s][info ][safepoint      ] Safepoint "Cleanup", Time since last: 2000166089 ns, Reaching safepoint: 81600 ns, Cleanup: 18100 ns, At safepoint: 8500 ns, Total: 108200 ns
[746.971s][info ][safepoint      ] Safepoint "Cleanup", Time since last: 1000123450 ns, Reaching safepoint: 6200 ns, Cleanup: 18500 ns, At safepoint: 2900 ns, Total: 27600 ns
[747.971s][info ][safepoint      ] Safepoint "Cleanup", Time since last: 1000118749 ns, Reaching safepoint: 6101 ns, Cleanup: 10100 ns, At safepoint: 2600 ns, Total: 18801 ns
[748.971s][info ][safepoint      ] Safepoint "Cleanup", Time since last: 1000111149 ns, Reaching safepoint: 5200 ns, Cleanup: 31500 ns, At safepoint: 2000 ns, Total: 38700 ns
[749.972s][info ][safepoint      ] Safepoint "Cleanup", Time since last: 1000101750 ns, Reaching safepoint: 6300 ns, Cleanup: 13300 ns, At safepoint: 2300 ns, Total: 21900 ns
[750.972s][info ][safepoint      ] Safepoint "Cleanup", Time since last: 1000132653 ns, Reaching safepoint: 81800 ns, Cleanup: 24901 ns, At safepoint: 12000 ns, Total: 118701 ns
[751.972s][info ][safepoint      ] Safepoint "Cleanup", Time since last: 1000114072 ns, Reaching safepoint: 5800 ns, Cleanup: 46801 ns, At safepoint: 3500 ns, Total: 56101 ns
[752.972s][info ][safepoint      ] Safepoint "Cleanup", Time since last: 1000102272 ns, Reaching safepoint: 6801 ns, Cleanup: 10800 ns, At safepoint: 2500 ns, Total: 20101 ns
[754.977s][info ][safepoint      ] Safepoint "Cleanup", Time since last: 2004948179 ns, Reaching safepoint: 6500 ns, Cleanup: 23900 ns, At safepoint: 2700 ns, Total: 33100 ns
[756.854s][info ][safepoint      ] Safepoint "ParallelGCFailedAllocation", Time since last: 1876454406 ns, Reaching safepoint: 84901 ns, Cleanup: 15800 ns, At safepoint: 15500 ns, Total: 116201 ns
[756.854s][info ][gc,start       ] GC(38) Pause Young (GCLocker Initiated GC)
[756.880s][debug][gc,phases      ] GC(38) Scavenge 25.880ms
[756.880s][debug][gc,ref         ] GC(38) ReferenceProcessor::execute queues: 1, RefProcThreadModel::Single, marks_oops_alive: false
[756.880s][debug][gc,ref         ] GC(38) Skipped KeepAliveFinalRefsPhase of Reference Processing: no references
[756.880s][debug][gc,ref         ] GC(38) ReferenceProcessor::execute queues: 1, RefProcThreadModel::Single, marks_oops_alive: false
[756.880s][debug][gc,phases      ] GC(38) Reference Processing 0.126ms
[756.881s][debug][gc,phases      ] GC(38)   VM Weak                        Min:  0.0, Avg:  0.0, Max:  0.0, Diff:  0.0, Sum:  0.0, Workers: 4
[756.881s][debug][gc,phases      ] GC(38)     Dead                           Min: 0, Avg:  0.0, Max: 0, Diff: 0, Sum: 0, Workers: 4
[756.881s][debug][gc,phases      ] GC(38)     Total                          Min: 0, Avg: 255.0, Max: 704, Diff: 704, Sum: 1020, Workers: 4
[756.881s][debug][gc,phases      ] GC(38)   ObjectSynchronizer Weak        Min:  0.0, Avg:  0.0, Max:  0.0, Diff:  0.0, Sum:  0.0, Workers: 4
[756.881s][debug][gc,phases      ] GC(38)     Dead                           Min: 0, Avg:  0.0, Max: 0, Diff: 0, Sum: 0, Workers: 4
[756.881s][debug][gc,phases      ] GC(38)     Total                          Min: 0, Avg:  1.8, Max: 7, Diff: 7, Sum: 7, Workers: 4
[756.881s][debug][gc,phases      ] GC(38)   JVMTI Tag Weak OopStorage      Min:  0.0, Avg:  0.0, Max:  0.0, Diff:  0.0, Sum:  0.0, Workers: 4
[756.881s][debug][gc,phases      ] GC(38)     Dead                           Min: 0, Avg:  0.0, Max: 0, Diff: 0, Sum: 0, Workers: 4
[756.881s][debug][gc,phases      ] GC(38)     Total                          Min: 0, Avg:  0.0, Max: 0, Diff: 0, Sum: 0, Workers: 4
[756.881s][debug][gc,phases      ] GC(38)   StringTable Weak               Min:  0.0, Avg:  0.1, Max:  0.2, Diff:  0.2, Sum:  0.5, Workers: 4
[756.881s][debug][gc,phases      ] GC(38)     Dead                           Min: 0, Avg:  0.0, Max: 0, Diff: 0, Sum: 0, Workers: 4
[756.881s][debug][gc,phases      ] GC(38)     Total                          Min: 0, Avg: 11672.5, Max: 25890, Diff: 25890, Sum: 46690, Workers: 4
[756.881s][debug][gc,phases      ] GC(38)   ResolvedMethodTable Weak       Min:  0.0, Avg:  0.0, Max:  0.1, Diff:  0.1, Sum:  0.2, Workers: 4
[756.881s][debug][gc,phases      ] GC(38)     Dead                           Min: 0, Avg:  4.0, Max: 16, Diff: 16, Sum: 16, Workers: 4
[756.881s][debug][gc,phases      ] GC(38)     Total                          Min: 0, Avg: 3852.2, Max: 8598, Diff: 8598, Sum: 15409, Workers: 4
[756.881s][debug][gc,phases      ] GC(38)   JNI Weak                       Min:  0.0, Avg:  0.0, Max:  0.0, Diff:  0.0, Sum:  0.0, Workers: 4
[756.881s][debug][gc,phases      ] GC(38)     Dead                           Min: 0, Avg:  0.0, Max: 0, Diff: 0, Sum: 0, Workers: 4
[756.881s][debug][gc,phases      ] GC(38)     Total                          Min: 0, Avg: 13.0, Max: 52, Diff: 52, Sum: 52, Workers: 4
[756.881s][debug][gc,phases      ] GC(38)   StringDedup Table Weak         Min:  0.0, Avg:  0.0, Max:  0.0, Diff:  0.0, Sum:  0.0, Workers: 4
[756.881s][debug][gc,phases      ] GC(38)     Dead                           Min: 0, Avg:  0.0, Max: 0, Diff: 0, Sum: 0, Workers: 4
[756.881s][debug][gc,phases      ] GC(38)     Total                          Min: 0, Avg:  0.0, Max: 0, Diff: 0, Sum: 0, Workers: 4
[756.881s][debug][gc,phases      ] GC(38)   StringDedup Requests0 Weak     Min:  0.0, Avg:  0.0, Max:  0.0, Diff:  0.0, Sum:  0.0, Workers: 4
[756.881s][debug][gc,phases      ] GC(38)     Dead                           Min: 0, Avg:  0.0, Max: 0, Diff: 0, Sum: 0, Workers: 4
[756.881s][debug][gc,phases      ] GC(38)     Total                          Min: 0, Avg:  0.0, Max: 0, Diff: 0, Sum: 0, Workers: 4
[756.881s][debug][gc,phases      ] GC(38)   StringDedup Requests1 Weak     Min:  0.0, Avg:  0.0, Max:  0.0, Diff:  0.0, Sum:  0.0, Workers: 4
[756.881s][debug][gc,phases      ] GC(38)     Dead                           Min: 0, Avg:  0.0, Max: 0, Diff: 0, Sum: 0, Workers: 4
[756.881s][debug][gc,phases      ] GC(38)     Total                          Min: 0, Avg:  0.0, Max: 0, Diff: 0, Sum: 0, Workers: 4
[756.881s][debug][gc,phases      ] GC(38)   Weak JFR Old Object Samples    Min:  0.0, Avg:  0.0, Max:  0.0, Diff:  0.0, Sum:  0.0, Workers: 4
[756.881s][debug][gc,phases      ] GC(38)     Dead                           Min: 0, Avg:  0.0, Max: 0, Diff: 0, Sum: 0, Workers: 4
[756.881s][debug][gc,phases      ] GC(38)     Total                          Min: 0, Avg:  0.0, Max: 0, Diff: 0, Sum: 0, Workers: 4
[756.881s][debug][gc,phases      ] GC(38) Weak Processing 0.562ms
[756.881s][debug][gc,age         ] GC(38) Desired survivor size 110100480 bytes, new threshold 1 (max threshold 15)
[756.881s][info ][gc,heap        ] GC(38) PSYoungGen: 1902368K(1985024K)->37742K(1978880K) Eden: 1866752K(1866752K)->0K(1866752K) From: 35616K(118272K)->37742K(112128K)
[756.881s][info ][gc,heap        ] GC(38) ParOldGen: 442600K(514560K)->472239K(514560K)
[756.881s][info ][gc,metaspace   ] GC(38) Metaspace: 107411K(108672K)->107411K(108672K) NonClass: 91249K(91968K)->91249K(91968K) Class: 16161K(16704K)->16161K(16704K)
[756.881s][info ][gc             ] GC(38) Pause Young (GCLocker Initiated GC) 2290M->498M(2435M) 26.695ms
[756.881s][info ][gc,cpu         ] GC(38) User=0.10s Sys=0.00s Real=0.02s
[756.881s][info ][safepoint      ] Safepoint "ParallelGCSystemGC", Time since last: 407902 ns, Reaching safepoint: 76800 ns, Cleanup: 1600 ns, At safepoint: 26766932 ns, Total: 26845332 ns
[757.881s][info ][safepoint      ] Safepoint "Cleanup", Time since last: 1000089806 ns, Reaching safepoint: 8400 ns, Cleanup: 29100 ns, At safepoint: 2800 ns, Total: 40300 ns
[758.881s][info ][safepoint      ] Safepoint "Cleanup", Time since last: 1000113407 ns, Reaching safepoint: 81901 ns, Cleanup: 16000 ns, At safepoint: 13100 ns, Total: 111001 ns
[759.881s][info ][safepoint      ] Safepoint "Cleanup", Time since last: 1000126206 ns, Reaching safepoint: 7200 ns, Cleanup: 37201 ns, At safepoint: 2400 ns, Total: 46801 ns
[760.882s][info ][safepoint      ] Safepoint "Cleanup", Time since last: 1000116206 ns, Reaching safepoint: 85501 ns, Cleanup: 15100 ns, At safepoint: 14600 ns, Total: 115201 ns
[761.884s][info ][safepoint      ] Safepoint "Cleanup", Time since last: 1001649270 ns, Reaching safepoint: 87600 ns, Cleanup: 70901 ns, At safepoint: 20400 ns, Total: 178901 ns
[762.884s][info ][safepoint      ] Safepoint "Cleanup", Time since last: 1000110270 ns, Reaching safepoint: 81401 ns, Cleanup: 27200 ns, At safepoint: 6500 ns, Total: 115101 ns
[763.884s][info ][safepoint      ] Safepoint "Cleanup", Time since last: 1000128570 ns, Reaching safepoint: 64300 ns, Cleanup: 33701 ns, At safepoint: 31400 ns, Total: 129401 ns
[764.010s][info ][gc,start       ] GC(39) Pause Young (Allocation Failure)
[764.037s][debug][gc,phases      ] GC(39) Scavenge 26.926ms
[764.037s][debug][gc,ref         ] GC(39) Skipped SoftWeakFinalRefsPhase of Reference Processing: no references
[764.037s][debug][gc,ref         ] GC(39) Skipped KeepAliveFinalRefsPhase of Reference Processing: no references
[764.037s][debug][gc,ref         ] GC(39) ReferenceProcessor::execute queues: 1, RefProcThreadModel::Single, marks_oops_alive: false
[764.037s][debug][gc,phases      ] GC(39) Reference Processing 0.125ms
[764.037s][debug][gc,phases      ] GC(39)   VM Weak                        Min:  0.0, Avg:  0.0, Max:  0.0, Diff:  0.0, Sum:  0.0, Workers: 4
[764.037s][debug][gc,phases      ] GC(39)     Dead                           Min: 0, Avg:  0.0, Max: 0, Diff: 0, Sum: 0, Workers: 4
[764.037s][debug][gc,phases      ] GC(39)     Total                          Min: 0, Avg: 255.0, Max: 384, Diff: 384, Sum: 1020, Workers: 4
[764.037s][debug][gc,phases      ] GC(39)   ObjectSynchronizer Weak        Min:  0.0, Avg:  0.0, Max:  0.0, Diff:  0.0, Sum:  0.0, Workers: 4
[764.037s][debug][gc,phases      ] GC(39)     Dead                           Min: 0, Avg:  0.0, Max: 0, Diff: 0, Sum: 0, Workers: 4
[764.037s][debug][gc,phases      ] GC(39)     Total                          Min: 0, Avg:  1.8, Max: 7, Diff: 7, Sum: 7, Workers: 4
[764.037s][debug][gc,phases      ] GC(39)   JVMTI Tag Weak OopStorage      Min:  0.0, Avg:  0.0, Max:  0.0, Diff:  0.0, Sum:  0.0, Workers: 4
[764.037s][debug][gc,phases      ] GC(39)     Dead                           Min: 0, Avg:  0.0, Max: 0, Diff: 0, Sum: 0, Workers: 4
[764.037s][debug][gc,phases      ] GC(39)     Total                          Min: 0, Avg:  0.0, Max: 0, Diff: 0, Sum: 0, Workers: 4
[764.037s][debug][gc,phases      ] GC(39)   StringTable Weak               Min:  0.1, Avg:  0.1, Max:  0.1, Diff:  0.0, Sum:  0.5, Workers: 4
[764.037s][debug][gc,phases      ] GC(39)     Dead                           Min: 0, Avg:  0.0, Max: 0, Diff: 0, Sum: 0, Workers: 4
[764.037s][debug][gc,phases      ] GC(39)     Total                          Min: 10879, Avg: 11673.2, Max: 12928, Diff: 2049, Sum: 46693, Workers: 4
[764.037s][debug][gc,phases      ] GC(39)   ResolvedMethodTable Weak       Min:  0.0, Avg:  0.0, Max:  0.0, Diff:  0.0, Sum:  0.2, Workers: 4
[764.037s][debug][gc,phases      ] GC(39)     Dead                           Min: 0, Avg:  0.0, Max: 0, Diff: 0, Sum: 0, Workers: 4
[764.037s][debug][gc,phases      ] GC(39)     Total                          Min: 3631, Avg: 3852.2, Max: 4137, Diff: 506, Sum: 15409, Workers: 4
[764.037s][debug][gc,phases      ] GC(39)   JNI Weak                       Min:  0.0, Avg:  0.0, Max:  0.0, Diff:  0.0, Sum:  0.0, Workers: 4
[764.037s][debug][gc,phases      ] GC(39)     Dead                           Min: 0, Avg:  0.0, Max: 0, Diff: 0, Sum: 0, Workers: 4
[764.037s][debug][gc,phases      ] GC(39)     Total                          Min: 0, Avg: 13.0, Max: 48, Diff: 48, Sum: 52, Workers: 4
[764.037s][debug][gc,phases      ] GC(39)   StringDedup Table Weak         Min:  0.0, Avg:  0.0, Max:  0.0, Diff:  0.0, Sum:  0.0, Workers: 4
[764.037s][debug][gc,phases      ] GC(39)     Dead                           Min: 0, Avg:  0.0, Max: 0, Diff: 0, Sum: 0, Workers: 4
[764.037s][debug][gc,phases      ] GC(39)     Total                          Min: 0, Avg:  0.0, Max: 0, Diff: 0, Sum: 0, Workers: 4
[764.037s][debug][gc,phases      ] GC(39)   StringDedup Requests0 Weak     Min:  0.0, Avg:  0.0, Max:  0.0, Diff:  0.0, Sum:  0.0, Workers: 4
[764.037s][debug][gc,phases      ] GC(39)     Dead                           Min: 0, Avg:  0.0, Max: 0, Diff: 0, Sum: 0, Workers: 4
[764.037s][debug][gc,phases      ] GC(39)     Total                          Min: 0, Avg:  0.0, Max: 0, Diff: 0, Sum: 0, Workers: 4
[764.037s][debug][gc,phases      ] GC(39)   StringDedup Requests1 Weak     Min:  0.0, Avg:  0.0, Max:  0.0, Diff:  0.0, Sum:  0.0, Workers: 4
[764.038s][debug][gc,phases      ] GC(39)     Dead                           Min: 0, Avg:  0.0, Max: 0, Diff: 0, Sum: 0, Workers: 4
[764.038s][debug][gc,phases      ] GC(39)     Total                          Min: 0, Avg:  0.0, Max: 0, Diff: 0, Sum: 0, Workers: 4
[764.038s][debug][gc,phases      ] GC(39)   Weak JFR Old Object Samples    Min:  0.0, Avg:  0.0, Max:  0.0, Diff:  0.0, Sum:  0.0, Workers: 4
[764.038s][debug][gc,phases      ] GC(39)     Dead                           Min: 0, Avg:  0.0, Max: 0, Diff: 0, Sum: 0, Workers: 4
[764.038s][debug][gc,phases      ] GC(39)     Total                          Min: 0, Avg:  0.0, Max: 0, Diff: 0, Sum: 0, Workers: 4
[764.038s][debug][gc,phases      ] GC(39) Weak Processing 0.366ms
[764.038s][debug][gc,age         ] GC(39) Desired survivor size 105381888 bytes, new threshold 1 (max threshold 15)
[764.038s][info ][gc,heap        ] GC(39) PSYoungGen: 1904494K(1978880K)->37040K(1994240K) Eden: 1866752K(1866752K)->0K(1886720K) From: 37742K(112128K)->37040K(107520K)
[764.038s][info ][gc,heap        ] GC(39) ParOldGen: 472256K(514560K)->505081K(514560K)
[764.038s][info ][gc,metaspace   ] GC(39) Metaspace: 107424K(108736K)->107424K(108736K) NonClass: 91262K(92032K)->91262K(92032K) Class: 16161K(16704K)->16161K(16704K)
[764.038s][info ][gc             ] GC(39) Pause Young (Allocation Failure) 2321M->529M(2450M) 27.552ms
[764.038s][info ][gc,cpu         ] GC(39) User=0.09s Sys=0.00s Real=0.03s
[764.038s][info ][safepoint      ] Safepoint "ParallelGCFailedAllocation", Time since last: 125997751 ns, Reaching safepoint: 6000 ns, Cleanup: 11600 ns, At safepoint: 27621343 ns, Total: 27638943 ns
[765.038s][info ][safepoint      ] Safepoint "Cleanup", Time since last: 1000091370 ns, Reaching safepoint: 80500 ns, Cleanup: 17301 ns, At safepoint: 12500 ns, Total: 110301 ns
[766.038s][info ][safepoint      ] Safepoint "Cleanup", Time since last: 1000122970 ns, Reaching safepoint: 6600 ns, Cleanup: 60300 ns, At safepoint: 3100 ns, Total: 70000 ns
[767.038s][info ][safepoint      ] Safepoint "Cleanup", Time since last: 1000272371 ns, Reaching safepoint: 85001 ns, Cleanup: 26100 ns, At safepoint: 14000 ns, Total: 125101 ns
[768.039s][info ][safepoint      ] Safepoint "Cleanup", Time since last: 1000120970 ns, Reaching safepoint: 6600 ns, Cleanup: 35300 ns, At safepoint: 2900 ns, Total: 44800 ns
[769.039s][info ][safepoint      ] Safepoint "Cleanup", Time since last: 1000117171 ns, Reaching safepoint: 82700 ns, Cleanup: 11600 ns, At safepoint: 13300 ns, Total: 107600 ns
[770.039s][info ][safepoint      ] Safepoint "Cleanup", Time since last: 1000115863 ns, Reaching safepoint: 82800 ns, Cleanup: 14700 ns, At safepoint: 13600 ns, Total: 111100 ns
[771.039s][info ][safepoint      ] Safepoint "Cleanup", Time since last: 1000128224 ns, Reaching safepoint: 8500 ns, Cleanup: 43700 ns, At safepoint: 2800 ns, Total: 55000 ns
[771.451s][info ][gc,start       ] GC(40) Pause Young (Allocation Failure)
[771.481s][debug][gc,phases      ] GC(40) Scavenge 29.939ms
[771.481s][debug][gc,ref         ] GC(40) ReferenceProcessor::execute queues: 1, RefProcThreadModel::Single, marks_oops_alive: false
[771.481s][debug][gc,ref         ] GC(40) Skipped KeepAliveFinalRefsPhase of Reference Processing: no references
[771.481s][debug][gc,ref         ] GC(40) ReferenceProcessor::execute queues: 1, RefProcThreadModel::Single, marks_oops_alive: false
[771.481s][debug][gc,phases      ] GC(40) Reference Processing 0.180ms
[771.481s][debug][gc,phases      ] GC(40)   VM Weak                        Min:  0.0, Avg:  0.0, Max:  0.0, Diff:  0.0, Sum:  0.0, Workers: 4
[771.481s][debug][gc,phases      ] GC(40)     Dead                           Min: 0, Avg:  0.0, Max: 0, Diff: 0, Sum: 0, Workers: 4
[771.481s][debug][gc,phases      ] GC(40)     Total                          Min: 0, Avg: 256.5, Max: 832, Diff: 832, Sum: 1026, Workers: 4
[771.481s][debug][gc,phases      ] GC(40)   ObjectSynchronizer Weak        Min:  0.0, Avg:  0.0, Max:  0.0, Diff:  0.0, Sum:  0.0, Workers: 4
[771.481s][debug][gc,phases      ] GC(40)     Dead                           Min: 0, Avg:  0.0, Max: 0, Diff: 0, Sum: 0, Workers: 4
[771.481s][debug][gc,phases      ] GC(40)     Total                          Min: 0, Avg:  1.8, Max: 7, Diff: 7, Sum: 7, Workers: 4
[771.481s][debug][gc,phases      ] GC(40)   JVMTI Tag Weak OopStorage      Min:  0.0, Avg:  0.0, Max:  0.0, Diff:  0.0, Sum:  0.0, Workers: 4
[771.481s][debug][gc,phases      ] GC(40)     Dead                           Min: 0, Avg:  0.0, Max: 0, Diff: 0, Sum: 0, Workers: 4
[771.481s][debug][gc,phases      ] GC(40)     Total                          Min: 0, Avg:  0.0, Max: 0, Diff: 0, Sum: 0, Workers: 4
[771.481s][debug][gc,phases      ] GC(40)   StringTable Weak               Min:  0.0, Avg:  0.1, Max:  0.2, Diff:  0.2, Sum:  0.5, Workers: 4
[771.481s][debug][gc,phases      ] GC(40)     Dead                           Min: 0, Avg:  0.2, Max: 1, Diff: 1, Sum: 1, Workers: 4
[771.481s][debug][gc,phases      ] GC(40)     Total                          Min: 0, Avg: 11688.0, Max: 16160, Diff: 16160, Sum: 46752, Workers: 4
[771.481s][debug][gc,phases      ] GC(40)   ResolvedMethodTable Weak       Min:  0.0, Avg:  0.0, Max:  0.1, Diff:  0.1, Sum:  0.2, Workers: 4
[771.481s][debug][gc,phases      ] GC(40)     Dead                           Min: 0, Avg:  8.5, Max: 24, Diff: 24, Sum: 34, Workers: 4
[771.481s][debug][gc,phases      ] GC(40)     Total                          Min: 0, Avg: 3875.5, Max: 5304, Diff: 5304, Sum: 15502, Workers: 4
[771.481s][debug][gc,phases      ] GC(40)   JNI Weak                       Min:  0.0, Avg:  0.0, Max:  0.0, Diff:  0.0, Sum:  0.0, Workers: 4
[771.481s][debug][gc,phases      ] GC(40)     Dead                           Min: 0, Avg:  0.0, Max: 0, Diff: 0, Sum: 0, Workers: 4
[771.481s][debug][gc,phases      ] GC(40)     Total                          Min: 0, Avg: 13.0, Max: 48, Diff: 48, Sum: 52, Workers: 4
[771.481s][debug][gc,phases      ] GC(40)   StringDedup Table Weak         Min:  0.0, Avg:  0.0, Max:  0.0, Diff:  0.0, Sum:  0.0, Workers: 4
[771.481s][debug][gc,phases      ] GC(40)     Dead                           Min: 0, Avg:  0.0, Max: 0, Diff: 0, Sum: 0, Workers: 4
[771.481s][debug][gc,phases      ] GC(40)     Total                          Min: 0, Avg:  0.0, Max: 0, Diff: 0, Sum: 0, Workers: 4
[771.481s][debug][gc,phases      ] GC(40)   StringDedup Requests0 Weak     Min:  0.0, Avg:  0.0, Max:  0.0, Diff:  0.0, Sum:  0.0, Workers: 4
[771.481s][debug][gc,phases      ] GC(40)     Dead                           Min: 0, Avg:  0.0, Max: 0, Diff: 0, Sum: 0, Workers: 4
[771.481s][debug][gc,phases      ] GC(40)     Total                          Min: 0, Avg:  0.0, Max: 0, Diff: 0, Sum: 0, Workers: 4
[771.481s][debug][gc,phases      ] GC(40)   StringDedup Requests1 Weak     Min:  0.0, Avg:  0.0, Max:  0.0, Diff:  0.0, Sum:  0.0, Workers: 4
[771.481s][debug][gc,phases      ] GC(40)     Dead                           Min: 0, Avg:  0.0, Max: 0, Diff: 0, Sum: 0, Workers: 4
[771.481s][debug][gc,phases      ] GC(40)     Total                          Min: 0, Avg:  0.0, Max: 0, Diff: 0, Sum: 0, Workers: 4
[771.482s][debug][gc,phases      ] GC(40)   Weak JFR Old Object Samples    Min:  0.0, Avg:  0.0, Max:  0.0, Diff:  0.0, Sum:  0.0, Workers: 4
[771.482s][debug][gc,phases      ] GC(40)     Dead                           Min: 0, Avg:  0.0, Max: 0, Diff: 0, Sum: 0, Workers: 4
[771.482s][debug][gc,phases      ] GC(40)     Total                          Min: 0, Avg:  0.0, Max: 0, Diff: 0, Sum: 0, Workers: 4
[771.482s][debug][gc,phases      ] GC(40) Weak Processing 0.450ms
[771.482s][debug][gc,age         ] GC(40) Desired survivor size 100139008 bytes, new threshold 1 (max threshold 15)
[771.482s][info ][gc,heap        ] GC(40) PSYoungGen: 1923760K(1994240K)->35752K(1989632K) Eden: 1886720K(1886720K)->0K(1886720K) From: 37040K(107520K)->35752K(102912K)
[771.482s][info ][gc,heap        ] GC(40) ParOldGen: 505081K(514560K)->537308K(537600K)
[771.482s][info ][gc,metaspace   ] GC(40) Metaspace: 107588K(108928K)->107588K(108928K) NonClass: 91392K(92160K)->91392K(92160K) Class: 16195K(16768K)->16195K(16768K)
[771.482s][info ][gc             ] GC(40) Pause Young (Allocation Failure) 2371M->559M(2468M) 30.724ms
[771.482s][info ][gc,cpu         ] GC(40) User=0.11s Sys=0.02s Real=0.03s
[771.482s][info ][safepoint      ] Safepoint "ParallelGCFailedAllocation", Time since last: 411487267 ns, Reaching safepoint: 85600 ns, Cleanup: 17500 ns, At safepoint: 30815655 ns, Total: 30918755 ns
[772.482s][info ][safepoint      ] Safepoint "Cleanup", Time since last: 1000088823 ns, Reaching safepoint: 8100 ns, Cleanup: 18500 ns, At safepoint: 3100 ns, Total: 29700 ns
[773.482s][info ][safepoint      ] Safepoint "Cleanup", Time since last: 1000140024 ns, Reaching safepoint: 85600 ns, Cleanup: 11601 ns, At safepoint: 15700 ns, Total: 112901 ns
[775.482s][info ][safepoint      ] Safepoint "Cleanup", Time since last: 2000227847 ns, Reaching safepoint: 85600 ns, Cleanup: 17800 ns, At safepoint: 14500 ns, Total: 117900 ns
[776.483s][info ][safepoint      ] Safepoint "Cleanup", Time since last: 1000130624 ns, Reaching safepoint: 7400 ns, Cleanup: 24600 ns, At safepoint: 2300 ns, Total: 34300 ns
[777.483s][info ][safepoint      ] Safepoint "Cleanup", Time since last: 1000126135 ns, Reaching safepoint: 85400 ns, Cleanup: 39800 ns, At safepoint: 14600 ns, Total: 139800 ns
[778.483s][info ][safepoint      ] Safepoint "Cleanup", Time since last: 1000122993 ns, Reaching safepoint: 6400 ns, Cleanup: 26500 ns, At safepoint: 2500 ns, Total: 35400 ns
[779.483s][info ][safepoint      ] Safepoint "Cleanup", Time since last: 1000166492 ns, Reaching safepoint: 72601 ns, Cleanup: 22300 ns, At safepoint: 11200 ns, Total: 106101 ns
[779.768s][info ][gc,start       ] GC(41) Pause Young (Allocation Failure)
[779.800s][debug][gc,phases      ] GC(41) Scavenge 31.565ms
[779.800s][debug][gc,ref         ] GC(41) ReferenceProcessor::execute queues: 1, RefProcThreadModel::Single, marks_oops_alive: false
[779.800s][debug][gc,ref         ] GC(41) Skipped KeepAliveFinalRefsPhase of Reference Processing: no references
[779.800s][debug][gc,ref         ] GC(41) ReferenceProcessor::execute queues: 1, RefProcThreadModel::Single, marks_oops_alive: false
[779.800s][debug][gc,phases      ] GC(41) Reference Processing 0.120ms
[779.800s][debug][gc,phases      ] GC(41)   VM Weak                        Min:  0.0, Avg:  0.0, Max:  0.0, Diff:  0.0, Sum:  0.0, Workers: 4
[779.800s][debug][gc,phases      ] GC(41)     Dead                           Min: 0, Avg:  0.0, Max: 0, Diff: 0, Sum: 0, Workers: 4
[779.800s][debug][gc,phases      ] GC(41)     Total                          Min: 0, Avg: 256.5, Max: 1026, Diff: 1026, Sum: 1026, Workers: 4
[779.800s][debug][gc,phases      ] GC(41)   ObjectSynchronizer Weak        Min:  0.0, Avg:  0.0, Max:  0.0, Diff:  0.0, Sum:  0.0, Workers: 4
[779.800s][debug][gc,phases      ] GC(41)     Dead                           Min: 0, Avg:  0.0, Max: 0, Diff: 0, Sum: 0, Workers: 4
[779.800s][debug][gc,phases      ] GC(41)     Total                          Min: 0, Avg:  1.8, Max: 7, Diff: 7, Sum: 7, Workers: 4
[779.800s][debug][gc,phases      ] GC(41)   JVMTI Tag Weak OopStorage      Min:  0.0, Avg:  0.0, Max:  0.0, Diff:  0.0, Sum:  0.0, Workers: 4
[779.800s][debug][gc,phases      ] GC(41)     Dead                           Min: 0, Avg:  0.0, Max: 0, Diff: 0, Sum: 0, Workers: 4
[779.800s][debug][gc,phases      ] GC(41)     Total                          Min: 0, Avg:  0.0, Max: 0, Diff: 0, Sum: 0, Workers: 4
[779.800s][debug][gc,phases      ] GC(41)   StringTable Weak               Min:  0.0, Avg:  0.1, Max:  0.1, Diff:  0.1, Sum:  0.4, Workers: 4
[779.800s][debug][gc,phases      ] GC(41)     Dead                           Min: 0, Avg:  0.5, Max: 2, Diff: 2, Sum: 2, Workers: 4
[779.800s][debug][gc,phases      ] GC(41)     Total                          Min: 0, Avg: 11690.5, Max: 16320, Diff: 16320, Sum: 46762, Workers: 4
[779.800s][debug][gc,phases      ] GC(41)   ResolvedMethodTable Weak       Min:  0.0, Avg:  0.0, Max:  0.1, Diff:  0.1, Sum:  0.2, Workers: 4
[779.800s][debug][gc,phases      ] GC(41)     Dead                           Min: 0, Avg:  1.2, Max: 3, Diff: 3, Sum: 5, Workers: 4
[779.800s][debug][gc,phases      ] GC(41)     Total                          Min: 0, Avg: 3879.0, Max: 5669, Diff: 5669, Sum: 15516, Workers: 4
[779.800s][debug][gc,phases      ] GC(41)   JNI Weak                       Min:  0.0, Avg:  0.0, Max:  0.0, Diff:  0.0, Sum:  0.0, Workers: 4
[779.800s][debug][gc,phases      ] GC(41)     Dead                           Min: 0, Avg:  0.0, Max: 0, Diff: 0, Sum: 0, Workers: 4
[779.800s][debug][gc,phases      ] GC(41)     Total                          Min: 0, Avg: 13.0, Max: 48, Diff: 48, Sum: 52, Workers: 4
[779.800s][debug][gc,phases      ] GC(41)   StringDedup Table Weak         Min:  0.0, Avg:  0.0, Max:  0.0, Diff:  0.0, Sum:  0.0, Workers: 4
[779.800s][debug][gc,phases      ] GC(41)     Dead                           Min: 0, Avg:  0.0, Max: 0, Diff: 0, Sum: 0, Workers: 4
[779.800s][debug][gc,phases      ] GC(41)     Total                          Min: 0, Avg:  0.0, Max: 0, Diff: 0, Sum: 0, Workers: 4
[779.800s][debug][gc,phases      ] GC(41)   StringDedup Requests0 Weak     Min:  0.0, Avg:  0.0, Max:  0.0, Diff:  0.0, Sum:  0.0, Workers: 4
[779.800s][debug][gc,phases      ] GC(41)     Dead                           Min: 0, Avg:  0.0, Max: 0, Diff: 0, Sum: 0, Workers: 4
[779.800s][debug][gc,phases      ] GC(41)     Total                          Min: 0, Avg:  0.0, Max: 0, Diff: 0, Sum: 0, Workers: 4
[779.801s][debug][gc,phases      ] GC(41)   StringDedup Requests1 Weak     Min:  0.0, Avg:  0.0, Max:  0.0, Diff:  0.0, Sum:  0.0, Workers: 4
[779.801s][debug][gc,phases      ] GC(41)     Dead                           Min: 0, Avg:  0.0, Max: 0, Diff: 0, Sum: 0, Workers: 4
[779.801s][debug][gc,phases      ] GC(41)     Total                          Min: 0, Avg:  0.0, Max: 0, Diff: 0, Sum: 0, Workers: 4
[779.801s][debug][gc,phases      ] GC(41)   Weak JFR Old Object Samples    Min:  0.0, Avg:  0.0, Max:  0.0, Diff:  0.0, Sum:  0.0, Workers: 4
[779.801s][debug][gc,phases      ] GC(41)     Dead                           Min: 0, Avg:  0.0, Max: 0, Diff: 0, Sum: 0, Workers: 4
[779.801s][debug][gc,phases      ] GC(41)     Total                          Min: 0, Avg:  0.0, Max: 0, Diff: 0, Sum: 0, Workers: 4
[779.801s][debug][gc,phases      ] GC(41) Weak Processing 0.409ms
[779.801s][debug][gc,age         ] GC(41) Desired survivor size 94896128 bytes, new threshold 1 (max threshold 15)
[779.801s][info ][gc,heap        ] GC(41) PSYoungGen: 1922472K(1989632K)->34618K(2004480K) Eden: 1886720K(1886720K)->0K(1906688K) From: 35752K(102912K)->34618K(97792K)
[779.801s][info ][gc,heap        ] GC(41) ParOldGen: 537308K(537600K)->569497K(569856K)
[779.801s][info ][gc,metaspace   ] GC(41) Metaspace: 107621K(108928K)->107621K(108928K) NonClass: 91420K(92160K)->91420K(92160K) Class: 16200K(16768K)->16200K(16768K)
[779.801s][info ][gc             ] GC(41) Pause Young (Allocation Failure) 2402M->589M(2514M) 32.265ms
[779.801s][info ][gc,cpu         ] GC(41) User=0.10s Sys=0.02s Real=0.03s
[779.801s][info ][safepoint      ] Safepoint "ParallelGCFailedAllocation", Time since last: 285057251 ns, Reaching safepoint: 7800 ns, Cleanup: 9800 ns, At safepoint: 32353165 ns, Total: 32370765 ns
[781.396s][info ][safepoint      ] Safepoint "Cleanup", Time since last: 1595359323 ns, Reaching safepoint: 94101 ns, Cleanup: 12400 ns, At safepoint: 23100 ns, Total: 129601 ns
[782.396s][info ][safepoint      ] Safepoint "Cleanup", Time since last: 1000121392 ns, Reaching safepoint: 75800 ns, Cleanup: 21501 ns, At safepoint: 6000 ns, Total: 103301 ns
[783.398s][info ][safepoint      ] Safepoint "Cleanup", Time since last: 1001643900 ns, Reaching safepoint: 87300 ns, Cleanup: 14500 ns, At safepoint: 15900 ns, Total: 117700 ns
[786.401s][info ][safepoint      ] Safepoint "Cleanup", Time since last: 3002953311 ns, Reaching safepoint: 67401 ns, Cleanup: 10900 ns, At safepoint: 25100 ns, Total: 103401 ns
[787.401s][info ][safepoint      ] Safepoint "Cleanup", Time since last: 1000150312 ns, Reaching safepoint: 89000 ns, Cleanup: 14000 ns, At safepoint: 17000 ns, Total: 120000 ns
[788.242s][info ][gc,start       ] GC(42) Pause Young (Allocation Failure)
[788.271s][debug][gc,phases      ] GC(42) Scavenge 29.321ms
[788.272s][debug][gc,ref         ] GC(42) ReferenceProcessor::execute queues: 1, RefProcThreadModel::Single, marks_oops_alive: false
[788.272s][debug][gc,ref         ] GC(42) Skipped KeepAliveFinalRefsPhase of Reference Processing: no references
[788.272s][debug][gc,ref         ] GC(42) Skipped PhantomRefsPhase of Reference Processing: no references
[788.272s][debug][gc,phases      ] GC(42) Reference Processing 0.130ms
[788.272s][debug][gc,phases      ] GC(42)   VM Weak                        Min:  0.0, Avg:  0.0, Max:  0.0, Diff:  0.0, Sum:  0.0, Workers: 4
[788.272s][debug][gc,phases      ] GC(42)     Dead                           Min: 0, Avg:  0.0, Max: 0, Diff: 0, Sum: 0, Workers: 4
[788.272s][debug][gc,phases      ] GC(42)     Total                          Min: 0, Avg: 256.5, Max: 896, Diff: 896, Sum: 1026, Workers: 4
[788.272s][debug][gc,phases      ] GC(42)   ObjectSynchronizer Weak        Min:  0.0, Avg:  0.0, Max:  0.0, Diff:  0.0, Sum:  0.0, Workers: 4
[788.272s][debug][gc,phases      ] GC(42)     Dead                           Min: 0, Avg:  0.0, Max: 0, Diff: 0, Sum: 0, Workers: 4
[788.272s][debug][gc,phases      ] GC(42)     Total                          Min: 0, Avg:  1.0, Max: 4, Diff: 4, Sum: 4, Workers: 4
[788.272s][debug][gc,phases      ] GC(42)   JVMTI Tag Weak OopStorage      Min:  0.0, Avg:  0.0, Max:  0.0, Diff:  0.0, Sum:  0.0, Workers: 4
[788.272s][debug][gc,phases      ] GC(42)     Dead                           Min: 0, Avg:  0.0, Max: 0, Diff: 0, Sum: 0, Workers: 4
[788.272s][debug][gc,phases      ] GC(42)     Total                          Min: 0, Avg:  0.0, Max: 0, Diff: 0, Sum: 0, Workers: 4
[788.272s][debug][gc,phases      ] GC(42)   StringTable Weak               Min:  0.0, Avg:  0.1, Max:  0.1, Diff:  0.1, Sum:  0.4, Workers: 4
[788.272s][debug][gc,phases      ] GC(42)     Dead                           Min: 0, Avg:  0.0, Max: 0, Diff: 0, Sum: 0, Workers: 4
[788.272s][debug][gc,phases      ] GC(42)     Total                          Min: 0, Avg: 11690.8, Max: 16254, Diff: 16254, Sum: 46763, Workers: 4
[788.272s][debug][gc,phases      ] GC(42)   ResolvedMethodTable Weak       Min:  0.0, Avg:  0.0, Max:  0.1, Diff:  0.1, Sum:  0.1, Workers: 4
[788.272s][debug][gc,phases      ] GC(42)     Dead                           Min: 0, Avg:  4.0, Max: 10, Diff: 10, Sum: 16, Workers: 4
[788.272s][debug][gc,phases      ] GC(42)     Total                          Min: 0, Avg: 3879.0, Max: 5466, Diff: 5466, Sum: 15516, Workers: 4
[788.272s][debug][gc,phases      ] GC(42)   JNI Weak                       Min:  0.0, Avg:  0.0, Max:  0.0, Diff:  0.0, Sum:  0.0, Workers: 4
[788.272s][debug][gc,phases      ] GC(42)     Dead                           Min: 0, Avg:  0.0, Max: 0, Diff: 0, Sum: 0, Workers: 4
[788.272s][debug][gc,phases      ] GC(42)     Total                          Min: 0, Avg: 13.0, Max: 48, Diff: 48, Sum: 52, Workers: 4
[788.272s][debug][gc,phases      ] GC(42)   StringDedup Table Weak         Min:  0.0, Avg:  0.0, Max:  0.0, Diff:  0.0, Sum:  0.0, Workers: 4
[788.272s][debug][gc,phases      ] GC(42)     Dead                           Min: 0, Avg:  0.0, Max: 0, Diff: 0, Sum: 0, Workers: 4
[788.272s][debug][gc,phases      ] GC(42)     Total                          Min: 0, Avg:  0.0, Max: 0, Diff: 0, Sum: 0, Workers: 4
[788.272s][debug][gc,phases      ] GC(42)   StringDedup Requests0 Weak     Min:  0.0, Avg:  0.0, Max:  0.0, Diff:  0.0, Sum:  0.0, Workers: 4
[788.272s][debug][gc,phases      ] GC(42)     Dead                           Min: 0, Avg:  0.0, Max: 0, Diff: 0, Sum: 0, Workers: 4
[788.272s][debug][gc,phases      ] GC(42)     Total                          Min: 0, Avg:  0.0, Max: 0, Diff: 0, Sum: 0, Workers: 4
[788.272s][debug][gc,phases      ] GC(42)   StringDedup Requests1 Weak     Min:  0.0, Avg:  0.0, Max:  0.0, Diff:  0.0, Sum:  0.0, Workers: 4
[788.272s][debug][gc,phases      ] GC(42)     Dead                           Min: 0, Avg:  0.0, Max: 0, Diff: 0, Sum: 0, Workers: 4
[788.272s][debug][gc,phases      ] GC(42)     Total                          Min: 0, Avg:  0.0, Max: 0, Diff: 0, Sum: 0, Workers: 4
[788.272s][debug][gc,phases      ] GC(42)   Weak JFR Old Object Samples    Min:  0.0, Avg:  0.0, Max:  0.0, Diff:  0.0, Sum:  0.0, Workers: 4
[788.272s][debug][gc,phases      ] GC(42)     Dead                           Min: 0, Avg:  0.0, Max: 0, Diff: 0, Sum: 0, Workers: 4
[788.272s][debug][gc,phases      ] GC(42)     Total                          Min: 0, Avg:  0.0, Max: 0, Diff: 0, Sum: 0, Workers: 4
[788.272s][debug][gc,phases      ] GC(42) Weak Processing 0.431ms
[788.272s][debug][gc,age         ] GC(42) Desired survivor size 89653248 bytes, new threshold 1 (max threshold 15)
[788.272s][info ][gc,heap        ] GC(42) PSYoungGen: 1941306K(2004480K)->33168K(1999360K) Eden: 1906688K(1906688K)->0K(1906688K) From: 34618K(97792K)->33168K(92672K)
[788.272s][info ][gc,heap        ] GC(42) ParOldGen: 569497K(569856K)->601724K(602112K)
[788.272s][info ][gc,metaspace   ] GC(42) Metaspace: 107628K(108928K)->107628K(108928K) NonClass: 91427K(92160K)->91427K(92160K) Class: 16200K(16768K)->16200K(16768K)
[788.272s][info ][gc             ] GC(42) Pause Young (Allocation Failure) 2451M->620M(2540M) 30.032ms
[788.272s][info ][gc,cpu         ] GC(42) User=0.09s Sys=0.02s Real=0.03s
[788.272s][info ][safepoint      ] Safepoint "ParallelGCFailedAllocation", Time since last: 840625697 ns, Reaching safepoint: 7700 ns, Cleanup: 4800 ns, At safepoint: 30123554 ns, Total: 30136054 ns
[789.272s][info ][safepoint      ] Safepoint "Cleanup", Time since last: 1000087512 ns, Reaching safepoint: 6400 ns, Cleanup: 10700 ns, At safepoint: 3100 ns, Total: 20200 ns
[791.273s][info ][safepoint      ] Safepoint "Cleanup", Time since last: 2000191923 ns, Reaching safepoint: 6900 ns, Cleanup: 18800 ns, At safepoint: 3200 ns, Total: 28900 ns
[793.274s][info ][safepoint      ] Safepoint "Cleanup", Time since last: 2001525431 ns, Reaching safepoint: 82600 ns, Cleanup: 13100 ns, At safepoint: 10000 ns, Total: 105700 ns
[794.274s][info ][safepoint      ] Safepoint "Cleanup", Time since last: 1000116123 ns, Reaching safepoint: 6200 ns, Cleanup: 24400 ns, At safepoint: 2600 ns, Total: 33200 ns
[795.276s][info ][safepoint      ] Safepoint "Cleanup", Time since last: 1001682231 ns, Reaching safepoint: 89701 ns, Cleanup: 10900 ns, At safepoint: 13000 ns, Total: 113601 ns
[795.958s][info ][gc,start       ] GC(43) Pause Young (Allocation Failure)
[795.990s][debug][gc,phases      ] GC(43) Scavenge 31.879ms
[795.990s][debug][gc,ref         ] GC(43) ReferenceProcessor::execute queues: 1, RefProcThreadModel::Single, marks_oops_alive: false
[795.990s][debug][gc,ref         ] GC(43) Skipped KeepAliveFinalRefsPhase of Reference Processing: no references
[795.990s][debug][gc,ref         ] GC(43) ReferenceProcessor::execute queues: 1, RefProcThreadModel::Single, marks_oops_alive: false
[795.990s][debug][gc,phases      ] GC(43) Reference Processing 0.125ms
[795.990s][debug][gc,phases      ] GC(43)   VM Weak                        Min:  0.0, Avg:  0.0, Max:  0.0, Diff:  0.0, Sum:  0.0, Workers: 4
[795.990s][debug][gc,phases      ] GC(43)     Dead                           Min: 0, Avg:  0.0, Max: 0, Diff: 0, Sum: 0, Workers: 4
[795.990s][debug][gc,phases      ] GC(43)     Total                          Min: 0, Avg: 257.5, Max: 646, Diff: 646, Sum: 1030, Workers: 4
[795.990s][debug][gc,phases      ] GC(43)   ObjectSynchronizer Weak        Min:  0.0, Avg:  0.0, Max:  0.0, Diff:  0.0, Sum:  0.0, Workers: 4
[795.990s][debug][gc,phases      ] GC(43)     Dead                           Min: 0, Avg:  0.0, Max: 0, Diff: 0, Sum: 0, Workers: 4
[795.990s][debug][gc,phases      ] GC(43)     Total                          Min: 0, Avg:  1.5, Max: 6, Diff: 6, Sum: 6, Workers: 4
[795.990s][debug][gc,phases      ] GC(43)   JVMTI Tag Weak OopStorage      Min:  0.0, Avg:  0.0, Max:  0.0, Diff:  0.0, Sum:  0.0, Workers: 4
[795.990s][debug][gc,phases      ] GC(43)     Dead                           Min: 0, Avg:  0.0, Max: 0, Diff: 0, Sum: 0, Workers: 4
[795.990s][debug][gc,phases      ] GC(43)     Total                          Min: 0, Avg:  0.0, Max: 0, Diff: 0, Sum: 0, Workers: 4
[795.990s][debug][gc,phases      ] GC(43)   StringTable Weak               Min:  0.1, Avg:  0.1, Max:  0.1, Diff:  0.0, Sum:  0.5, Workers: 4
[795.990s][debug][gc,phases      ] GC(43)     Dead                           Min: 0, Avg:  0.2, Max: 1, Diff: 1, Sum: 1, Workers: 4
[795.990s][debug][gc,phases      ] GC(43)     Total                          Min: 11072, Avg: 11694.0, Max: 12473, Diff: 1401, Sum: 46776, Workers: 4
[795.990s][debug][gc,phases      ] GC(43)   ResolvedMethodTable Weak       Min:  0.0, Avg:  0.0, Max:  0.0, Diff:  0.0, Sum:  0.2, Workers: 4
[795.990s][debug][gc,phases      ] GC(43)     Dead                           Min: 0, Avg:  1.0, Max: 2, Diff: 2, Sum: 4, Workers: 4
[795.990s][debug][gc,phases      ] GC(43)     Total                          Min: 3602, Avg: 3885.8, Max: 4094, Diff: 492, Sum: 15543, Workers: 4
[795.990s][debug][gc,phases      ] GC(43)   JNI Weak                       Min:  0.0, Avg:  0.0, Max:  0.0, Diff:  0.0, Sum:  0.0, Workers: 4
[795.990s][debug][gc,phases      ] GC(43)     Dead                           Min: 0, Avg:  0.0, Max: 0, Diff: 0, Sum: 0, Workers: 4
[795.990s][debug][gc,phases      ] GC(43)     Total                          Min: 0, Avg: 13.0, Max: 48, Diff: 48, Sum: 52, Workers: 4
[795.990s][debug][gc,phases      ] GC(43)   StringDedup Table Weak         Min:  0.0, Avg:  0.0, Max:  0.0, Diff:  0.0, Sum:  0.0, Workers: 4
[795.990s][debug][gc,phases      ] GC(43)     Dead                           Min: 0, Avg:  0.0, Max: 0, Diff: 0, Sum: 0, Workers: 4
[795.990s][debug][gc,phases      ] GC(43)     Total                          Min: 0, Avg:  0.0, Max: 0, Diff: 0, Sum: 0, Workers: 4
[795.990s][debug][gc,phases      ] GC(43)   StringDedup Requests0 Weak     Min:  0.0, Avg:  0.0, Max:  0.0, Diff:  0.0, Sum:  0.0, Workers: 4
[795.990s][debug][gc,phases      ] GC(43)     Dead                           Min: 0, Avg:  0.0, Max: 0, Diff: 0, Sum: 0, Workers: 4
[795.990s][debug][gc,phases      ] GC(43)     Total                          Min: 0, Avg:  0.0, Max: 0, Diff: 0, Sum: 0, Workers: 4
[795.990s][debug][gc,phases      ] GC(43)   StringDedup Requests1 Weak     Min:  0.0, Avg:  0.0, Max:  0.0, Diff:  0.0, Sum:  0.0, Workers: 4
[795.990s][debug][gc,phases      ] GC(43)     Dead                           Min: 0, Avg:  0.0, Max: 0, Diff: 0, Sum: 0, Workers: 4
[795.990s][debug][gc,phases      ] GC(43)     Total                          Min: 0, Avg:  0.0, Max: 0, Diff: 0, Sum: 0, Workers: 4
[795.990s][debug][gc,phases      ] GC(43)   Weak JFR Old Object Samples    Min:  0.0, Avg:  0.0, Max:  0.0, Diff:  0.0, Sum:  0.0, Workers: 4
[795.990s][debug][gc,phases      ] GC(43)     Dead                           Min: 0, Avg:  0.0, Max: 0, Diff: 0, Sum: 0, Workers: 4
[795.990s][debug][gc,phases      ] GC(43)     Total                          Min: 0, Avg:  0.0, Max: 0, Diff: 0, Sum: 0, Workers: 4
[795.990s][debug][gc,phases      ] GC(43) Weak Processing 0.376ms
[795.990s][debug][gc,age         ] GC(43) Desired survivor size 84934656 bytes, new threshold 1 (max threshold 15)
[795.991s][info ][gc,heap        ] GC(43) PSYoungGen: 1939856K(1999360K)->34784K(2014208K) Eden: 1906688K(1906688K)->0K(1926656K) From: 33168K(92672K)->34784K(87552K)
[795.991s][info ][gc,heap        ] GC(43) ParOldGen: 601724K(602112K)->632396K(632832K)
[795.991s][info ][gc,metaspace   ] GC(43) Metaspace: 107663K(109056K)->107663K(109056K) NonClass: 91453K(92288K)->91453K(92288K) Class: 16209K(16768K)->16209K(16768K)
[795.991s][info ][gc             ] GC(43) Pause Young (Allocation Failure) 2482M->651M(2585M) 32.542ms
[795.991s][info ][gc,cpu         ] GC(43) User=0.09s Sys=0.02s Real=0.03s
[795.991s][info ][safepoint      ] Safepoint "ParallelGCFailedAllocation", Time since last: 681766893 ns, Reaching safepoint: 80800 ns, Cleanup: 10500 ns, At safepoint: 32717568 ns, Total: 32808868 ns
[796.991s][info ][safepoint      ] Safepoint "Cleanup", Time since last: 1000087423 ns, Reaching safepoint: 6500 ns, Cleanup: 18900 ns, At safepoint: 3200 ns, Total: 28600 ns
[797.991s][info ][safepoint      ] Safepoint "Cleanup", Time since last: 1000102524 ns, Reaching safepoint: 6500 ns, Cleanup: 17300 ns, At safepoint: 2900 ns, Total: 26700 ns
[798.991s][info ][safepoint      ] Safepoint "Cleanup", Time since last: 1000143423 ns, Reaching safepoint: 13701 ns, Cleanup: 17900 ns, At safepoint: 33900 ns, Total: 65501 ns
[800.991s][info ][safepoint      ] Safepoint "Cleanup", Time since last: 2000225947 ns, Reaching safepoint: 6300 ns, Cleanup: 24300 ns, At safepoint: 2300 ns, Total: 32900 ns
[801.992s][info ][safepoint      ] Safepoint "Cleanup", Time since last: 1000125833 ns, Reaching safepoint: 7600 ns, Cleanup: 49800 ns, At safepoint: 3200 ns, Total: 60600 ns
[803.992s][info ][safepoint      ] Safepoint "Cleanup", Time since last: 2000300878 ns, Reaching safepoint: 7000 ns, Cleanup: 27800 ns, At safepoint: 3000 ns, Total: 37800 ns
[804.992s][info ][safepoint      ] Safepoint "Cleanup", Time since last: 1000098739 ns, Reaching safepoint: 6800 ns, Cleanup: 12900 ns, At safepoint: 2700 ns, Total: 22400 ns
[805.992s][info ][safepoint      ] Safepoint "Cleanup", Time since last: 1000115239 ns, Reaching safepoint: 7400 ns, Cleanup: 11100 ns, At safepoint: 2800 ns, Total: 21300 ns
[806.992s][info ][safepoint      ] Safepoint "Cleanup", Time since last: 1000113939 ns, Reaching safepoint: 7300 ns, Cleanup: 13000 ns, At safepoint: 2700 ns, Total: 23000 ns
[808.993s][info ][safepoint      ] Safepoint "Cleanup", Time since last: 2000178977 ns, Reaching safepoint: 6800 ns, Cleanup: 13400 ns, At safepoint: 2500 ns, Total: 22700 ns
[809.993s][info ][safepoint      ] Safepoint "Cleanup", Time since last: 1000114963 ns, Reaching safepoint: 6900 ns, Cleanup: 10300 ns, At safepoint: 2400 ns, Total: 19600 ns
[810.993s][info ][safepoint      ] Safepoint "Cleanup", Time since last: 1000115077 ns, Reaching safepoint: 7000 ns, Cleanup: 11400 ns, At safepoint: 2500 ns, Total: 20900 ns
[813.993s][info ][safepoint      ] Safepoint "Cleanup", Time since last: 3000251931 ns, Reaching safepoint: 7100 ns, Cleanup: 14600 ns, At safepoint: 2900 ns, Total: 24600 ns
[814.993s][info ][safepoint      ] Safepoint "Cleanup", Time since last: 1000097077 ns, Reaching safepoint: 6100 ns, Cleanup: 7700 ns, At safepoint: 2900 ns, Total: 16700 ns
[816.993s][info ][safepoint      ] Safepoint "Cleanup", Time since last: 2000179254 ns, Reaching safepoint: 6900 ns, Cleanup: 9300 ns, At safepoint: 2400 ns, Total: 18600 ns
[820.994s][info ][safepoint      ] Safepoint "Cleanup", Time since last: 4000319798 ns, Reaching safepoint: 95400 ns, Cleanup: 27700 ns, At safepoint: 13700 ns, Total: 136800 ns
[821.994s][info ][safepoint      ] Safepoint "Cleanup", Time since last: 1000111558 ns, Reaching safepoint: 89100 ns, Cleanup: 21500 ns, At safepoint: 13700 ns, Total: 124300 ns
[824.349s][info ][gc,start       ] GC(44) Pause Young (Allocation Failure)
[824.373s][debug][gc,phases      ] GC(44) Scavenge 24.480ms
[824.374s][debug][gc,ref         ] GC(44) ReferenceProcessor::execute queues: 1, RefProcThreadModel::Single, marks_oops_alive: false
[824.374s][debug][gc,ref         ] GC(44) Skipped KeepAliveFinalRefsPhase of Reference Processing: no references
[824.374s][debug][gc,ref         ] GC(44) ReferenceProcessor::execute queues: 1, RefProcThreadModel::Single, marks_oops_alive: false
[824.374s][debug][gc,phases      ] GC(44) Reference Processing 0.120ms
[824.374s][debug][gc,phases      ] GC(44)   VM Weak                        Min:  0.0, Avg:  0.0, Max:  0.0, Diff:  0.0, Sum:  0.0, Workers: 4
[824.374s][debug][gc,phases      ] GC(44)     Dead                           Min: 0, Avg:  0.0, Max: 0, Diff: 0, Sum: 0, Workers: 4
[824.374s][debug][gc,phases      ] GC(44)     Total                          Min: 0, Avg: 257.5, Max: 710, Diff: 710, Sum: 1030, Workers: 4
[824.374s][debug][gc,phases      ] GC(44)   ObjectSynchronizer Weak        Min:  0.0, Avg:  0.0, Max:  0.0, Diff:  0.0, Sum:  0.0, Workers: 4
[824.374s][debug][gc,phases      ] GC(44)     Dead                           Min: 0, Avg:  0.0, Max: 0, Diff: 0, Sum: 0, Workers: 4
[824.374s][debug][gc,phases      ] GC(44)     Total                          Min: 0, Avg:  1.8, Max: 7, Diff: 7, Sum: 7, Workers: 4
[824.374s][debug][gc,phases      ] GC(44)   JVMTI Tag Weak OopStorage      Min:  0.0, Avg:  0.0, Max:  0.0, Diff:  0.0, Sum:  0.0, Workers: 4
[824.374s][debug][gc,phases      ] GC(44)     Dead                           Min: 0, Avg:  0.0, Max: 0, Diff: 0, Sum: 0, Workers: 4
[824.374s][debug][gc,phases      ] GC(44)     Total                          Min: 0, Avg:  0.0, Max: 0, Diff: 0, Sum: 0, Workers: 4
[824.374s][debug][gc,phases      ] GC(44)   StringTable Weak               Min:  0.0, Avg:  0.1, Max:  0.1, Diff:  0.1, Sum:  0.4, Workers: 4
[824.374s][debug][gc,phases      ] GC(44)     Dead                           Min: 0, Avg:  0.2, Max: 1, Diff: 1, Sum: 1, Workers: 4
[824.374s][debug][gc,phases      ] GC(44)     Total                          Min: 0, Avg: 11702.5, Max: 17023, Diff: 17023, Sum: 46810, Workers: 4
[824.374s][debug][gc,phases      ] GC(44)   ResolvedMethodTable Weak       Min:  0.0, Avg:  0.0, Max:  0.1, Diff:  0.1, Sum:  0.2, Workers: 4
[824.374s][debug][gc,phases      ] GC(44)     Dead                           Min: 0, Avg:  2.0, Max: 8, Diff: 8, Sum: 8, Workers: 4
[824.374s][debug][gc,phases      ] GC(44)     Total                          Min: 0, Avg: 3896.2, Max: 5484, Diff: 5484, Sum: 15585, Workers: 4
[824.374s][debug][gc,phases      ] GC(44)   JNI Weak                       Min:  0.0, Avg:  0.0, Max:  0.0, Diff:  0.0, Sum:  0.0, Workers: 4
[824.374s][debug][gc,phases      ] GC(44)     Dead                           Min: 0, Avg:  0.0, Max: 0, Diff: 0, Sum: 0, Workers: 4
[824.374s][debug][gc,phases      ] GC(44)     Total                          Min: 0, Avg: 13.0, Max: 48, Diff: 48, Sum: 52, Workers: 4
[824.374s][debug][gc,phases      ] GC(44)   StringDedup Table Weak         Min:  0.0, Avg:  0.0, Max:  0.0, Diff:  0.0, Sum:  0.0, Workers: 4
[824.374s][debug][gc,phases      ] GC(44)     Dead                           Min: 0, Avg:  0.0, Max: 0, Diff: 0, Sum: 0, Workers: 4
[824.374s][debug][gc,phases      ] GC(44)     Total                          Min: 0, Avg:  0.0, Max: 0, Diff: 0, Sum: 0, Workers: 4
[824.374s][debug][gc,phases      ] GC(44)   StringDedup Requests0 Weak     Min:  0.0, Avg:  0.0, Max:  0.0, Diff:  0.0, Sum:  0.0, Workers: 4
[824.374s][debug][gc,phases      ] GC(44)     Dead                           Min: 0, Avg:  0.0, Max: 0, Diff: 0, Sum: 0, Workers: 4
[824.374s][debug][gc,phases      ] GC(44)     Total                          Min: 0, Avg:  0.0, Max: 0, Diff: 0, Sum: 0, Workers: 4
[824.374s][debug][gc,phases      ] GC(44)   StringDedup Requests1 Weak     Min:  0.0, Avg:  0.0, Max:  0.0, Diff:  0.0, Sum:  0.0, Workers: 4
[824.374s][debug][gc,phases      ] GC(44)     Dead                           Min: 0, Avg:  0.0, Max: 0, Diff: 0, Sum: 0, Workers: 4
[824.374s][debug][gc,phases      ] GC(44)     Total                          Min: 0, Avg:  0.0, Max: 0, Diff: 0, Sum: 0, Workers: 4
[824.374s][debug][gc,phases      ] GC(44)   Weak JFR Old Object Samples    Min:  0.0, Avg:  0.0, Max:  0.0, Diff:  0.0, Sum:  0.0, Workers: 4
[824.374s][debug][gc,phases      ] GC(44)     Dead                           Min: 0, Avg:  0.0, Max: 0, Diff: 0, Sum: 0, Workers: 4
[824.374s][debug][gc,phases      ] GC(44)     Total                          Min: 0, Avg:  0.0, Max: 0, Diff: 0, Sum: 0, Workers: 4
[824.374s][debug][gc,phases      ] GC(44) Weak Processing 0.433ms
[824.374s][debug][gc,age         ] GC(44) Desired survivor size 82313216 bytes, new threshold 1 (max threshold 15)
[824.374s][info ][gc,heap        ] GC(44) PSYoungGen: 1961440K(2014208K)->17392K(2009600K) Eden: 1926656K(1926656K)->0K(1926656K) From: 34784K(87552K)->17392K(82944K)
[824.374s][info ][gc,heap        ] GC(44) ParOldGen: 632396K(632832K)->664164K(664576K)
[824.374s][info ][gc,metaspace   ] GC(44) Metaspace: 107755K(109184K)->107755K(109184K) NonClass: 91530K(92352K)->91530K(92352K) Class: 16225K(16832K)->16225K(16832K)
[824.374s][info ][gc             ] GC(44) Pause Young (Allocation Failure) 2533M->665M(2611M) 25.175ms
[824.374s][info ][gc,cpu         ] GC(44) User=0.08s Sys=0.01s Real=0.03s
[824.374s][info ][safepoint      ] Safepoint "ParallelGCFailedAllocation", Time since last: 2354705378 ns, Reaching safepoint: 83800 ns, Cleanup: 4800 ns, At safepoint: 25268633 ns, Total: 25357233 ns
[826.374s][info ][safepoint      ] Safepoint "Cleanup", Time since last: 2000171960 ns, Reaching safepoint: 6538 ns, Cleanup: 10863 ns, At safepoint: 2112 ns, Total: 19513 ns
[829.375s][info ][safepoint      ] Safepoint "Cleanup", Time since last: 3000280910 ns, Reaching safepoint: 8000 ns, Cleanup: 25700 ns, At safepoint: 4300 ns, Total: 38000 ns
[830.375s][info ][safepoint      ] Safepoint "Cleanup", Time since last: 1000127687 ns, Reaching safepoint: 6100 ns, Cleanup: 6300 ns, At safepoint: 3100 ns, Total: 15500 ns
[832.375s][info ][safepoint      ] Safepoint "Cleanup", Time since last: 2000180272 ns, Reaching safepoint: 20701 ns, Cleanup: 24700 ns, At safepoint: 3100 ns, Total: 48501 ns
[833.376s][info ][safepoint      ] Safepoint "Cleanup", Time since last: 1000979005 ns, Reaching safepoint: 84002 ns, Cleanup: 15101 ns, At safepoint: 10500 ns, Total: 109603 ns
[834.376s][info ][safepoint      ] Safepoint "Cleanup", Time since last: 1000118067 ns, Reaching safepoint: 6605 ns, Cleanup: 9307 ns, At safepoint: 2302 ns, Total: 18214 ns
[837.379s][info ][safepoint      ] Safepoint "Cleanup", Time since last: 3002763957 ns, Reaching safepoint: 85009 ns, Cleanup: 25203 ns, At safepoint: 17302 ns, Total: 127514 ns
[838.380s][info ][safepoint      ] Safepoint "Cleanup", Time since last: 1000868766 ns, Reaching safepoint: 85609 ns, Cleanup: 39604 ns, At safepoint: 18102 ns, Total: 143315 ns
[840.380s][info ][safepoint      ] Safepoint "Cleanup", Time since last: 2000182364 ns, Reaching safepoint: 8200 ns, Cleanup: 39005 ns, At safepoint: 2500 ns, Total: 49705 ns
[843.749s][info ][gc,start       ] GC(45) Pause Young (Allocation Failure)
[843.768s][debug][gc,phases      ] GC(45) Scavenge 19.226ms
[843.768s][debug][gc,ref         ] GC(45) ReferenceProcessor::execute queues: 1, RefProcThreadModel::Single, marks_oops_alive: false
[843.768s][debug][gc,ref         ] GC(45) Skipped KeepAliveFinalRefsPhase of Reference Processing: no references
[843.768s][debug][gc,ref         ] GC(45) ReferenceProcessor::execute queues: 1, RefProcThreadModel::Single, marks_oops_alive: false
[843.768s][debug][gc,phases      ] GC(45) Reference Processing 0.125ms
[843.768s][debug][gc,phases      ] GC(45)   VM Weak                        Min:  0.0, Avg:  0.0, Max:  0.0, Diff:  0.0, Sum:  0.0, Workers: 4
[843.768s][debug][gc,phases      ] GC(45)     Dead                           Min: 0, Avg:  0.0, Max: 0, Diff: 0, Sum: 0, Workers: 4
[843.768s][debug][gc,phases      ] GC(45)     Total                          Min: 0, Avg: 257.8, Max: 711, Diff: 711, Sum: 1031, Workers: 4
[843.768s][debug][gc,phases      ] GC(45)   ObjectSynchronizer Weak        Min:  0.0, Avg:  0.0, Max:  0.0, Diff:  0.0, Sum:  0.0, Workers: 4
[843.768s][debug][gc,phases      ] GC(45)     Dead                           Min: 0, Avg:  0.0, Max: 0, Diff: 0, Sum: 0, Workers: 4
[843.768s][debug][gc,phases      ] GC(45)     Total                          Min: 0, Avg:  0.8, Max: 3, Diff: 3, Sum: 3, Workers: 4
[843.768s][debug][gc,phases      ] GC(45)   JVMTI Tag Weak OopStorage      Min:  0.0, Avg:  0.0, Max:  0.0, Diff:  0.0, Sum:  0.0, Workers: 4
[843.768s][debug][gc,phases      ] GC(45)     Dead                           Min: 0, Avg:  0.0, Max: 0, Diff: 0, Sum: 0, Workers: 4
[843.768s][debug][gc,phases      ] GC(45)     Total                          Min: 0, Avg:  0.0, Max: 0, Diff: 0, Sum: 0, Workers: 4
[843.768s][debug][gc,phases      ] GC(45)   StringTable Weak               Min:  0.0, Avg:  0.1, Max:  0.1, Diff:  0.1, Sum:  0.4, Workers: 4
[843.768s][debug][gc,phases      ] GC(45)     Dead                           Min: 0, Avg:  0.8, Max: 3, Diff: 3, Sum: 3, Workers: 4
[843.768s][debug][gc,phases      ] GC(45)     Total                          Min: 0, Avg: 11708.2, Max: 17780, Diff: 17780, Sum: 46833, Workers: 4
[843.768s][debug][gc,phases      ] GC(45)   ResolvedMethodTable Weak       Min:  0.0, Avg:  0.0, Max:  0.1, Diff:  0.1, Sum:  0.2, Workers: 4
[843.768s][debug][gc,phases      ] GC(45)     Dead                           Min: 0, Avg:  4.5, Max: 13, Diff: 13, Sum: 18, Workers: 4
[843.768s][debug][gc,phases      ] GC(45)     Total                          Min: 0, Avg: 3902.8, Max: 5613, Diff: 5613, Sum: 15611, Workers: 4
[843.769s][debug][gc,phases      ] GC(45)   JNI Weak                       Min:  0.0, Avg:  0.0, Max:  0.0, Diff:  0.0, Sum:  0.0, Workers: 4
[843.769s][debug][gc,phases      ] GC(45)     Dead                           Min: 0, Avg:  0.0, Max: 0, Diff: 0, Sum: 0, Workers: 4
[843.769s][debug][gc,phases      ] GC(45)     Total                          Min: 0, Avg: 13.0, Max: 48, Diff: 48, Sum: 52, Workers: 4
[843.769s][debug][gc,phases      ] GC(45)   StringDedup Table Weak         Min:  0.0, Avg:  0.0, Max:  0.0, Diff:  0.0, Sum:  0.0, Workers: 4
[843.769s][debug][gc,phases      ] GC(45)     Dead                           Min: 0, Avg:  0.0, Max: 0, Diff: 0, Sum: 0, Workers: 4
[843.769s][debug][gc,phases      ] GC(45)     Total                          Min: 0, Avg:  0.0, Max: 0, Diff: 0, Sum: 0, Workers: 4
[843.769s][debug][gc,phases      ] GC(45)   StringDedup Requests0 Weak     Min:  0.0, Avg:  0.0, Max:  0.0, Diff:  0.0, Sum:  0.0, Workers: 4
[843.769s][debug][gc,phases      ] GC(45)     Dead                           Min: 0, Avg:  0.0, Max: 0, Diff: 0, Sum: 0, Workers: 4
[843.769s][debug][gc,phases      ] GC(45)     Total                          Min: 0, Avg:  0.0, Max: 0, Diff: 0, Sum: 0, Workers: 4
[843.769s][debug][gc,phases      ] GC(45)   StringDedup Requests1 Weak     Min:  0.0, Avg:  0.0, Max:  0.0, Diff:  0.0, Sum:  0.0, Workers: 4
[843.769s][debug][gc,phases      ] GC(45)     Dead                           Min: 0, Avg:  0.0, Max: 0, Diff: 0, Sum: 0, Workers: 4
[843.769s][debug][gc,phases      ] GC(45)     Total                          Min: 0, Avg:  0.0, Max: 0, Diff: 0, Sum: 0, Workers: 4
[843.769s][debug][gc,phases      ] GC(45)   Weak JFR Old Object Samples    Min:  0.0, Avg:  0.0, Max:  0.0, Diff:  0.0, Sum:  0.0, Workers: 4
[843.769s][debug][gc,phases      ] GC(45)     Dead                           Min: 0, Avg:  0.0, Max: 0, Diff: 0, Sum: 0, Workers: 4
[843.769s][debug][gc,phases      ] GC(45)     Total                          Min: 0, Avg:  0.0, Max: 0, Diff: 0, Sum: 0, Workers: 4
[843.769s][debug][gc,phases      ] GC(45) Weak Processing 0.423ms
[843.769s][debug][gc,age         ] GC(45) Desired survivor size 77594624 bytes, new threshold 1 (max threshold 15)
[843.769s][info ][gc,heap        ] GC(45) PSYoungGen: 1944048K(2009600K)->26624K(2021376K) Eden: 1926656K(1926656K)->0K(1940992K) From: 17392K(82944K)->26624K(80384K)
[843.769s][info ][gc,heap        ] GC(45) ParOldGen: 664164K(664576K)->677710K(677888K)
[843.769s][info ][gc,metaspace   ] GC(45) Metaspace: 107841K(109248K)->107841K(109248K) NonClass: 91605K(92416K)->91605K(92416K) Class: 16236K(16832K)->16236K(16832K)
[843.769s][info ][gc             ] GC(45) Pause Young (Allocation Failure) 2547M->687M(2636M) 19.948ms
[843.769s][info ][gc,cpu         ] GC(45) User=0.06s Sys=0.01s Real=0.02s
[843.769s][info ][safepoint      ] Safepoint "ParallelGCFailedAllocation", Time since last: 3368174156 ns, Reaching safepoint: 85407 ns, Cleanup: 10501 ns, At safepoint: 20049908 ns, Total: 20145816 ns
[844.769s][info ][safepoint      ] Safepoint "Cleanup", Time since last: 1000090574 ns, Reaching safepoint: 81707 ns, Cleanup: 10401 ns, At safepoint: 6500 ns, Total: 98608 ns
[845.769s][info ][safepoint      ] Safepoint "Cleanup", Time since last: 1000110876 ns, Reaching safepoint: 6101 ns, Cleanup: 7700 ns, At safepoint: 2900 ns, Total: 16701 ns
[847.769s][info ][safepoint      ] Safepoint "Cleanup", Time since last: 2000188584 ns, Reaching safepoint: 86209 ns, Cleanup: 32604 ns, At safepoint: 14601 ns, Total: 133414 ns
[849.770s][info ][safepoint      ] Safepoint "Cleanup", Time since last: 2000209991 ns, Reaching safepoint: 81507 ns, Cleanup: 9600 ns, At safepoint: 12901 ns, Total: 104008 ns
[850.771s][info ][safepoint      ] Safepoint "Cleanup", Time since last: 1001103234 ns, Reaching safepoint: 52704 ns, Cleanup: 22902 ns, At safepoint: 25302 ns, Total: 100908 ns
[851.771s][info ][safepoint      ] Safepoint "Cleanup", Time since last: 1000156359 ns, Reaching safepoint: 81307 ns, Cleanup: 18201 ns, At safepoint: 13601 ns, Total: 113109 ns
[852.771s][info ][safepoint      ] Safepoint "Cleanup", Time since last: 1000141658 ns, Reaching safepoint: 5601 ns, Cleanup: 16201 ns, At safepoint: 2400 ns, Total: 24202 ns
[854.399s][info ][gc,start       ] GC(46) Pause Young (Allocation Failure)
[854.425s][debug][gc,phases      ] GC(46) Scavenge 26.315ms
[854.425s][debug][gc,ref         ] GC(46) Skipped SoftWeakFinalRefsPhase of Reference Processing: no references
[854.425s][debug][gc,ref         ] GC(46) Skipped KeepAliveFinalRefsPhase of Reference Processing: no references
[854.425s][debug][gc,ref         ] GC(46) ReferenceProcessor::execute queues: 1, RefProcThreadModel::Single, marks_oops_alive: false
[854.425s][debug][gc,phases      ] GC(46) Reference Processing 0.127ms
[854.426s][debug][gc,phases      ] GC(46)   VM Weak                        Min:  0.0, Avg:  0.0, Max:  0.0, Diff:  0.0, Sum:  0.0, Workers: 4
[854.426s][debug][gc,phases      ] GC(46)     Dead                           Min: 0, Avg:  0.0, Max: 0, Diff: 0, Sum: 0, Workers: 4
[854.426s][debug][gc,phases      ] GC(46)     Total                          Min: 0, Avg: 257.8, Max: 647, Diff: 647, Sum: 1031, Workers: 4
[854.426s][debug][gc,phases      ] GC(46)   ObjectSynchronizer Weak        Min:  0.0, Avg:  0.0, Max:  0.0, Diff:  0.0, Sum:  0.0, Workers: 4
[854.426s][debug][gc,phases      ] GC(46)     Dead                           Min: 0, Avg:  0.0, Max: 0, Diff: 0, Sum: 0, Workers: 4
[854.426s][debug][gc,phases      ] GC(46)     Total                          Min: 0, Avg:  1.0, Max: 4, Diff: 4, Sum: 4, Workers: 4
[854.426s][debug][gc,phases      ] GC(46)   JVMTI Tag Weak OopStorage      Min:  0.0, Avg:  0.0, Max:  0.0, Diff:  0.0, Sum:  0.0, Workers: 4
[854.426s][debug][gc,phases      ] GC(46)     Dead                           Min: 0, Avg:  0.0, Max: 0, Diff: 0, Sum: 0, Workers: 4
[854.426s][debug][gc,phases      ] GC(46)     Total                          Min: 0, Avg:  0.0, Max: 0, Diff: 0, Sum: 0, Workers: 4
[854.426s][debug][gc,phases      ] GC(46)   StringTable Weak               Min:  0.0, Avg:  0.1, Max:  0.2, Diff:  0.2, Sum:  0.5, Workers: 4
[854.426s][debug][gc,phases      ] GC(46)     Dead                           Min: 0, Avg:  0.0, Max: 0, Diff: 0, Sum: 0, Workers: 4
[854.426s][debug][gc,phases      ] GC(46)     Total                          Min: 0, Avg: 11711.0, Max: 17534, Diff: 17534, Sum: 46844, Workers: 4
[854.426s][debug][gc,phases      ] GC(46)   ResolvedMethodTable Weak       Min:  0.0, Avg:  0.0, Max:  0.1, Diff:  0.1, Sum:  0.2, Workers: 4
[854.426s][debug][gc,phases      ] GC(46)     Dead                           Min: 0, Avg:  0.0, Max: 0, Diff: 0, Sum: 0, Workers: 4
[854.426s][debug][gc,phases      ] GC(46)     Total                          Min: 0, Avg: 3902.8, Max: 5878, Diff: 5878, Sum: 15611, Workers: 4
[854.426s][debug][gc,phases      ] GC(46)   JNI Weak                       Min:  0.0, Avg:  0.0, Max:  0.0, Diff:  0.0, Sum:  0.0, Workers: 4
[854.426s][debug][gc,phases      ] GC(46)     Dead                           Min: 0, Avg:  0.0, Max: 0, Diff: 0, Sum: 0, Workers: 4
[854.426s][debug][gc,phases      ] GC(46)     Total                          Min: 0, Avg: 13.0, Max: 48, Diff: 48, Sum: 52, Workers: 4
[854.426s][debug][gc,phases      ] GC(46)   StringDedup Table Weak         Min:  0.0, Avg:  0.0, Max:  0.0, Diff:  0.0, Sum:  0.0, Workers: 4
[854.426s][debug][gc,phases      ] GC(46)     Dead                           Min: 0, Avg:  0.0, Max: 0, Diff: 0, Sum: 0, Workers: 4
[854.426s][debug][gc,phases      ] GC(46)     Total                          Min: 0, Avg:  0.0, Max: 0, Diff: 0, Sum: 0, Workers: 4
[854.426s][debug][gc,phases      ] GC(46)   StringDedup Requests0 Weak     Min:  0.0, Avg:  0.0, Max:  0.0, Diff:  0.0, Sum:  0.0, Workers: 4
[854.426s][debug][gc,phases      ] GC(46)     Dead                           Min: 0, Avg:  0.0, Max: 0, Diff: 0, Sum: 0, Workers: 4
[854.426s][debug][gc,phases      ] GC(46)     Total                          Min: 0, Avg:  0.0, Max: 0, Diff: 0, Sum: 0, Workers: 4
[854.426s][debug][gc,phases      ] GC(46)   StringDedup Requests1 Weak     Min:  0.0, Avg:  0.0, Max:  0.0, Diff:  0.0, Sum:  0.0, Workers: 4
[854.426s][debug][gc,phases      ] GC(46)     Dead                           Min: 0, Avg:  0.0, Max: 0, Diff: 0, Sum: 0, Workers: 4
[854.426s][debug][gc,phases      ] GC(46)     Total                          Min: 0, Avg:  0.0, Max: 0, Diff: 0, Sum: 0, Workers: 4
[854.426s][debug][gc,phases      ] GC(46)   Weak JFR Old Object Samples    Min:  0.0, Avg:  0.0, Max:  0.0, Diff:  0.0, Sum:  0.0, Workers: 4
[854.426s][debug][gc,phases      ] GC(46)     Dead                           Min: 0, Avg:  0.0, Max: 0, Diff: 0, Sum: 0, Workers: 4
[854.426s][debug][gc,phases      ] GC(46)     Total                          Min: 0, Avg:  0.0, Max: 0, Diff: 0, Sum: 0, Workers: 4
[854.426s][debug][gc,phases      ] GC(46) Weak Processing 0.467ms
[854.426s][debug][gc,age         ] GC(46) Desired survivor size 73924608 bytes, new threshold 1 (max threshold 15)
[854.426s][info ][gc,heap        ] GC(46) PSYoungGen: 1967616K(2021376K)->31424K(2016768K) Eden: 1940992K(1940992K)->0K(1940992K) From: 26624K(80384K)->31424K(75776K)
[854.426s][info ][gc,heap        ] GC(46) ParOldGen: 677710K(677888K)->701665K(701952K)
[854.426s][info ][gc,metaspace   ] GC(46) Metaspace: 107860K(109248K)->107860K(109248K) NonClass: 91623K(92416K)->91623K(92416K) Class: 16236K(16832K)->16236K(16832K)
[854.426s][info ][gc             ] GC(46) Pause Young (Allocation Failure) 2583M->715M(2655M) 27.062ms
[854.426s][info ][gc,cpu         ] GC(46) User=0.10s Sys=0.01s Real=0.03s
[854.426s][info ][safepoint      ] Safepoint "ParallelGCFailedAllocation", Time since last: 1627374963 ns, Reaching safepoint: 83707 ns, Cleanup: 4700 ns, At safepoint: 27154530 ns, Total: 27242937 ns
[855.426s][info ][safepoint      ] Safepoint "Cleanup", Time since last: 1000097822 ns, Reaching safepoint: 81809 ns, Cleanup: 9701 ns, At safepoint: 12501 ns, Total: 104011 ns
[859.426s][info ][safepoint      ] Safepoint "Cleanup", Time since last: 4000332719 ns, Reaching safepoint: 7100 ns, Cleanup: 25202 ns, At safepoint: 2501 ns, Total: 34803 ns
[860.427s][info ][safepoint      ] Safepoint "Cleanup", Time since last: 1000115404 ns, Reaching safepoint: 6801 ns, Cleanup: 12701 ns, At safepoint: 3000 ns, Total: 22502 ns
[861.427s][info ][safepoint      ] Safepoint "Cleanup", Time since last: 1000107804 ns, Reaching safepoint: 6501 ns, Cleanup: 13201 ns, At safepoint: 2700 ns, Total: 22402 ns
[863.427s][info ][safepoint      ] Safepoint "Cleanup", Time since last: 2000182660 ns, Reaching safepoint: 9101 ns, Cleanup: 12001 ns, At safepoint: 3300 ns, Total: 24402 ns
[864.427s][info ][safepoint      ] Safepoint "Cleanup", Time since last: 1000139866 ns, Reaching safepoint: 88509 ns, Cleanup: 24002 ns, At safepoint: 7401 ns, Total: 119912 ns
[865.210s][info ][gc,start       ] GC(47) Pause Young (Allocation Failure)
[865.243s][debug][gc,phases      ] GC(47) Scavenge 32.739ms
[865.243s][debug][gc,ref         ] GC(47) ReferenceProcessor::execute queues: 1, RefProcThreadModel::Single, marks_oops_alive: false
[865.243s][debug][gc,ref         ] GC(47) Skipped KeepAliveFinalRefsPhase of Reference Processing: no references
[865.243s][debug][gc,ref         ] GC(47) ReferenceProcessor::execute queues: 1, RefProcThreadModel::Single, marks_oops_alive: false
[865.243s][debug][gc,phases      ] GC(47) Reference Processing 0.136ms
[865.243s][debug][gc,phases      ] GC(47)   VM Weak                        Min:  0.0, Avg:  0.0, Max:  0.0, Diff:  0.0, Sum:  0.0, Workers: 4
[865.243s][debug][gc,phases      ] GC(47)     Dead                           Min: 0, Avg:  0.0, Max: 0, Diff: 0, Sum: 0, Workers: 4
[865.243s][debug][gc,phases      ] GC(47)     Total                          Min: 0, Avg: 257.8, Max: 711, Diff: 711, Sum: 1031, Workers: 4
[865.243s][debug][gc,phases      ] GC(47)   ObjectSynchronizer Weak        Min:  0.0, Avg:  0.0, Max:  0.0, Diff:  0.0, Sum:  0.0, Workers: 4
[865.243s][debug][gc,phases      ] GC(47)     Dead                           Min: 0, Avg:  0.0, Max: 0, Diff: 0, Sum: 0, Workers: 4
[865.243s][debug][gc,phases      ] GC(47)     Total                          Min: 0, Avg:  1.2, Max: 5, Diff: 5, Sum: 5, Workers: 4
[865.243s][debug][gc,phases      ] GC(47)   JVMTI Tag Weak OopStorage      Min:  0.0, Avg:  0.0, Max:  0.0, Diff:  0.0, Sum:  0.0, Workers: 4
[865.243s][debug][gc,phases      ] GC(47)     Dead                           Min: 0, Avg:  0.0, Max: 0, Diff: 0, Sum: 0, Workers: 4
[865.243s][debug][gc,phases      ] GC(47)     Total                          Min: 0, Avg:  0.0, Max: 0, Diff: 0, Sum: 0, Workers: 4
[865.243s][debug][gc,phases      ] GC(47)   StringTable Weak               Min:  0.0, Avg:  0.1, Max:  0.2, Diff:  0.2, Sum:  0.6, Workers: 4
[865.243s][debug][gc,phases      ] GC(47)     Dead                           Min: 0, Avg:  0.0, Max: 0, Diff: 0, Sum: 0, Workers: 4
[865.243s][debug][gc,phases      ] GC(47)     Total                          Min: 0, Avg: 11711.5, Max: 15872, Diff: 15872, Sum: 46846, Workers: 4
[865.243s][debug][gc,phases      ] GC(47)   ResolvedMethodTable Weak       Min:  0.0, Avg:  0.1, Max:  0.1, Diff:  0.1, Sum:  0.2, Workers: 4
[865.243s][debug][gc,phases      ] GC(47)     Dead                           Min: 0, Avg:  0.0, Max: 0, Diff: 0, Sum: 0, Workers: 4
[865.243s][debug][gc,phases      ] GC(47)     Total                          Min: 545, Avg: 3903.2, Max: 5493, Diff: 4948, Sum: 15613, Workers: 4
[865.243s][debug][gc,phases      ] GC(47)   JNI Weak                       Min:  0.0, Avg:  0.0, Max:  0.0, Diff:  0.0, Sum:  0.0, Workers: 4
[865.243s][debug][gc,phases      ] GC(47)     Dead                           Min: 0, Avg:  0.0, Max: 0, Diff: 0, Sum: 0, Workers: 4
[865.243s][debug][gc,phases      ] GC(47)     Total                          Min: 0, Avg: 13.0, Max: 48, Diff: 48, Sum: 52, Workers: 4
[865.243s][debug][gc,phases      ] GC(47)   StringDedup Table Weak         Min:  0.0, Avg:  0.0, Max:  0.0, Diff:  0.0, Sum:  0.0, Workers: 4
[865.243s][debug][gc,phases      ] GC(47)     Dead                           Min: 0, Avg:  0.0, Max: 0, Diff: 0, Sum: 0, Workers: 4
[865.243s][debug][gc,phases      ] GC(47)     Total                          Min: 0, Avg:  0.0, Max: 0, Diff: 0, Sum: 0, Workers: 4
[865.243s][debug][gc,phases      ] GC(47)   StringDedup Requests0 Weak     Min:  0.0, Avg:  0.0, Max:  0.0, Diff:  0.0, Sum:  0.0, Workers: 4
[865.243s][debug][gc,phases      ] GC(47)     Dead                           Min: 0, Avg:  0.0, Max: 0, Diff: 0, Sum: 0, Workers: 4
[865.243s][debug][gc,phases      ] GC(47)     Total                          Min: 0, Avg:  0.0, Max: 0, Diff: 0, Sum: 0, Workers: 4
[865.243s][debug][gc,phases      ] GC(47)   StringDedup Requests1 Weak     Min:  0.0, Avg:  0.0, Max:  0.0, Diff:  0.0, Sum:  0.0, Workers: 4
[865.243s][debug][gc,phases      ] GC(47)     Dead                           Min: 0, Avg:  0.0, Max: 0, Diff: 0, Sum: 0, Workers: 4
[865.243s][debug][gc,phases      ] GC(47)     Total                          Min: 0, Avg:  0.0, Max: 0, Diff: 0, Sum: 0, Workers: 4
[865.243s][debug][gc,phases      ] GC(47)   Weak JFR Old Object Samples    Min:  0.0, Avg:  0.0, Max:  0.0, Diff:  0.0, Sum:  0.0, Workers: 4
[865.243s][debug][gc,phases      ] GC(47)     Dead                           Min: 0, Avg:  0.0, Max: 0, Diff: 0, Sum: 0, Workers: 4
[865.243s][debug][gc,phases      ] GC(47)     Total                          Min: 0, Avg:  0.0, Max: 0, Diff: 0, Sum: 0, Workers: 4
[865.243s][debug][gc,phases      ] GC(47) Weak Processing 0.468ms
[865.243s][debug][gc,age         ] GC(47) Desired survivor size 71303168 bytes, new threshold 1 (max threshold 15)
[865.243s][info ][gc,heap        ] GC(47) PSYoungGen: 1972416K(2016768K)->34143K(2027520K) Eden: 1940992K(1940992K)->0K(1955328K) From: 31424K(75776K)->34143K(72192K)
[865.243s][info ][gc,heap        ] GC(47) ParOldGen: 701665K(701952K)->730393K(730624K)
[865.243s][info ][gc,metaspace   ] GC(47) Metaspace: 107864K(109248K)->107864K(109248K) NonClass: 91627K(92416K)->91627K(92416K) Class: 16236K(16832K)->16236K(16832K)
[865.243s][info ][gc             ] GC(47) Pause Young (Allocation Failure) 2611M->746M(2693M) 33.522ms
[865.243s][info ][gc,cpu         ] GC(47) User=0.10s Sys=0.02s Real=0.03s
[865.243s][info ][safepoint      ] Safepoint "ParallelGCFailedAllocation", Time since last: 782352250 ns, Reaching safepoint: 93909 ns, Cleanup: 12301 ns, At safepoint: 33622238 ns, Total: 33728448 ns
[867.244s][info ][safepoint      ] Safepoint "Cleanup", Time since last: 2001015461 ns, Reaching safepoint: 81207 ns, Cleanup: 15802 ns, At safepoint: 9801 ns, Total: 106810 ns
[868.245s][info ][safepoint      ] Safepoint "Cleanup", Time since last: 1000109879 ns, Reaching safepoint: 78807 ns, Cleanup: 20202 ns, At safepoint: 6800 ns, Total: 105809 ns
[869.245s][info ][safepoint      ] Safepoint "Cleanup", Time since last: 1000118080 ns, Reaching safepoint: 83208 ns, Cleanup: 18001 ns, At safepoint: 12401 ns, Total: 113610 ns
[870.245s][info ][safepoint      ] Safepoint "Cleanup", Time since last: 1000122681 ns, Reaching safepoint: 76207 ns, Cleanup: 13801 ns, At safepoint: 6200 ns, Total: 96208 ns
[871.245s][info ][safepoint      ] Safepoint "Cleanup", Time since last: 1000114321 ns, Reaching safepoint: 6901 ns, Cleanup: 28803 ns, At safepoint: 3400 ns, Total: 39104 ns
[873.246s][info ][safepoint      ] Safepoint "Cleanup", Time since last: 2000192107 ns, Reaching safepoint: 80908 ns, Cleanup: 10001 ns, At safepoint: 14602 ns, Total: 105511 ns
[874.246s][info ][safepoint      ] Safepoint "Cleanup", Time since last: 1000113379 ns, Reaching safepoint: 80804 ns, Cleanup: 27302 ns, At safepoint: 6200 ns, Total: 114306 ns
[876.246s][info ][safepoint      ] Safepoint "Cleanup", Time since last: 2000236481 ns, Reaching safepoint: 82504 ns, Cleanup: 13001 ns, At safepoint: 6400 ns, Total: 101905 ns
[877.246s][info ][safepoint      ] Safepoint "Cleanup", Time since last: 1000124608 ns, Reaching safepoint: 77407 ns, Cleanup: 10701 ns, At safepoint: 5501 ns, Total: 93609 ns
[878.699s][info ][gc,start       ] GC(48) Pause Young (Allocation Failure)
[878.728s][debug][gc,phases      ] GC(48) Scavenge 28.446ms
[878.728s][debug][gc,ref         ] GC(48) ReferenceProcessor::execute queues: 1, RefProcThreadModel::Single, marks_oops_alive: false
[878.728s][debug][gc,ref         ] GC(48) Skipped KeepAliveFinalRefsPhase of Reference Processing: no references
[878.728s][debug][gc,ref         ] GC(48) ReferenceProcessor::execute queues: 1, RefProcThreadModel::Single, marks_oops_alive: false
[878.728s][debug][gc,phases      ] GC(48) Reference Processing 0.123ms
[878.728s][debug][gc,phases      ] GC(48)   VM Weak                        Min:  0.0, Avg:  0.0, Max:  0.0, Diff:  0.0, Sum:  0.0, Workers: 4
[878.728s][debug][gc,phases      ] GC(48)     Dead                           Min: 0, Avg:  0.0, Max: 0, Diff: 0, Sum: 0, Workers: 4
[878.728s][debug][gc,phases      ] GC(48)     Total                          Min: 0, Avg: 258.0, Max: 576, Diff: 576, Sum: 1032, Workers: 4
[878.728s][debug][gc,phases      ] GC(48)   ObjectSynchronizer Weak        Min:  0.0, Avg:  0.0, Max:  0.0, Diff:  0.0, Sum:  0.0, Workers: 4
[878.728s][debug][gc,phases      ] GC(48)     Dead                           Min: 0, Avg:  0.0, Max: 0, Diff: 0, Sum: 0, Workers: 4
[878.728s][debug][gc,phases      ] GC(48)     Total                          Min: 0, Avg:  1.2, Max: 5, Diff: 5, Sum: 5, Workers: 4
[878.728s][debug][gc,phases      ] GC(48)   JVMTI Tag Weak OopStorage      Min:  0.0, Avg:  0.0, Max:  0.0, Diff:  0.0, Sum:  0.0, Workers: 4
[878.728s][debug][gc,phases      ] GC(48)     Dead                           Min: 0, Avg:  0.0, Max: 0, Diff: 0, Sum: 0, Workers: 4
[878.728s][debug][gc,phases      ] GC(48)     Total                          Min: 0, Avg:  0.0, Max: 0, Diff: 0, Sum: 0, Workers: 4
[878.728s][debug][gc,phases      ] GC(48)   StringTable Weak               Min:  0.0, Avg:  0.1, Max:  0.2, Diff:  0.2, Sum:  0.5, Workers: 4
[878.728s][debug][gc,phases      ] GC(48)     Dead                           Min: 0, Avg:  0.2, Max: 1, Diff: 1, Sum: 1, Workers: 4
[878.728s][debug][gc,phases      ] GC(48)     Total                          Min: 0, Avg: 11716.2, Max: 17746, Diff: 17746, Sum: 46865, Workers: 4
[878.728s][debug][gc,phases      ] GC(48)   ResolvedMethodTable Weak       Min:  0.0, Avg:  0.0, Max:  0.1, Diff:  0.1, Sum:  0.2, Workers: 4
[878.728s][debug][gc,phases      ] GC(48)     Dead                           Min: 0, Avg:  0.2, Max: 1, Diff: 1, Sum: 1, Workers: 4
[878.728s][debug][gc,phases      ] GC(48)     Total                          Min: 0, Avg: 3904.5, Max: 5546, Diff: 5546, Sum: 15618, Workers: 4
[878.728s][debug][gc,phases      ] GC(48)   JNI Weak                       Min:  0.0, Avg:  0.0, Max:  0.0, Diff:  0.0, Sum:  0.0, Workers: 4
[878.728s][debug][gc,phases      ] GC(48)     Dead                           Min: 0, Avg:  0.0, Max: 0, Diff: 0, Sum: 0, Workers: 4
[878.728s][debug][gc,phases      ] GC(48)     Total                          Min: 0, Avg: 13.0, Max: 48, Diff: 48, Sum: 52, Workers: 4
[878.728s][debug][gc,phases      ] GC(48)   StringDedup Table Weak         Min:  0.0, Avg:  0.0, Max:  0.0, Diff:  0.0, Sum:  0.0, Workers: 4
[878.728s][debug][gc,phases      ] GC(48)     Dead                           Min: 0, Avg:  0.0, Max: 0, Diff: 0, Sum: 0, Workers: 4
[878.728s][debug][gc,phases      ] GC(48)     Total                          Min: 0, Avg:  0.0, Max: 0, Diff: 0, Sum: 0, Workers: 4
[878.728s][debug][gc,phases      ] GC(48)   StringDedup Requests0 Weak     Min:  0.0, Avg:  0.0, Max:  0.0, Diff:  0.0, Sum:  0.0, Workers: 4
[878.728s][debug][gc,phases      ] GC(48)     Dead                           Min: 0, Avg:  0.0, Max: 0, Diff: 0, Sum: 0, Workers: 4
[878.728s][debug][gc,phases      ] GC(48)     Total                          Min: 0, Avg:  0.0, Max: 0, Diff: 0, Sum: 0, Workers: 4
[878.728s][debug][gc,phases      ] GC(48)   StringDedup Requests1 Weak     Min:  0.0, Avg:  0.0, Max:  0.0, Diff:  0.0, Sum:  0.0, Workers: 4
[878.728s][debug][gc,phases      ] GC(48)     Dead                           Min: 0, Avg:  0.0, Max: 0, Diff: 0, Sum: 0, Workers: 4
[878.728s][debug][gc,phases      ] GC(48)     Total                          Min: 0, Avg:  0.0, Max: 0, Diff: 0, Sum: 0, Workers: 4
[878.728s][debug][gc,phases      ] GC(48)   Weak JFR Old Object Samples    Min:  0.0, Avg:  0.0, Max:  0.0, Diff:  0.0, Sum:  0.0, Workers: 4
[878.728s][debug][gc,phases      ] GC(48)     Dead                           Min: 0, Avg:  0.0, Max: 0, Diff: 0, Sum: 0, Workers: 4
[878.728s][debug][gc,phases      ] GC(48)     Total                          Min: 0, Avg:  0.0, Max: 0, Diff: 0, Sum: 0, Workers: 4
[878.728s][debug][gc,phases      ] GC(48) Weak Processing 0.449ms
[878.728s][debug][gc,age         ] GC(48) Desired survivor size 67633152 bytes, new threshold 1 (max threshold 15)
[878.728s][info ][gc,heap        ] GC(48) PSYoungGen: 1989471K(2027520K)->27776K(2024960K) Eden: 1955328K(1955328K)->0K(1955328K) From: 34143K(72192K)->27776K(69632K)
[878.728s][info ][gc,heap        ] GC(48) ParOldGen: 730393K(730624K)->761179K(761344K)
[878.728s][info ][gc,metaspace   ] GC(48) Metaspace: 107885K(109312K)->107885K(109312K) NonClass: 91645K(92480K)->91645K(92480K) Class: 16239K(16832K)->16239K(16832K)
[878.728s][info ][gc             ] GC(48) Pause Young (Allocation Failure) 2656M->770M(2721M) 29.170ms
[878.728s][info ][gc,cpu         ] GC(48) User=0.09s Sys=0.02s Real=0.03s
[878.728s][info ][safepoint      ] Safepoint "ParallelGCFailedAllocation", Time since last: 1452603841 ns, Reaching safepoint: 83808 ns, Cleanup: 10401 ns, At safepoint: 29271292 ns, Total: 29365501 ns
[879.729s][info ][safepoint      ] Safepoint "Cleanup", Time since last: 1000772848 ns, Reaching safepoint: 175016 ns, Cleanup: 16602 ns, At safepoint: 22302 ns, Total: 213920 ns
[880.732s][info ][safepoint      ] Safepoint "Cleanup", Time since last: 1002762438 ns, Reaching safepoint: 86708 ns, Cleanup: 33303 ns, At safepoint: 14201 ns, Total: 134212 ns
[882.732s][info ][safepoint      ] Safepoint "Cleanup", Time since last: 2000235291 ns, Reaching safepoint: 10101 ns, Cleanup: 12800 ns, At safepoint: 3301 ns, Total: 26202 ns
[883.733s][info ][safepoint      ] Safepoint "Cleanup", Time since last: 1000137255 ns, Reaching safepoint: 8901 ns, Cleanup: 20001 ns, At safepoint: 3700 ns, Total: 32602 ns
[884.733s][info ][safepoint      ] Safepoint "Cleanup", Time since last: 1000150494 ns, Reaching safepoint: 88208 ns, Cleanup: 14201 ns, At safepoint: 11301 ns, Total: 113710 ns
[885.733s][info ][safepoint      ] Safepoint "Cleanup", Time since last: 1000132093 ns, Reaching safepoint: 7001 ns, Cleanup: 11801 ns, At safepoint: 2900 ns, Total: 21702 ns
[886.733s][info ][safepoint      ] Safepoint "Cleanup", Time since last: 1000119493 ns, Reaching safepoint: 7700 ns, Cleanup: 11401 ns, At safepoint: 3001 ns, Total: 22102 ns
[887.733s][info ][safepoint      ] Safepoint "Cleanup", Time since last: 1000116291 ns, Reaching safepoint: 79008 ns, Cleanup: 12201 ns, At safepoint: 7500 ns, Total: 98709 ns
[888.734s][info ][safepoint      ] Safepoint "Cleanup", Time since last: 1000125493 ns, Reaching safepoint: 359433 ns, Cleanup: 16401 ns, At safepoint: 18102 ns, Total: 393936 ns
[888.864s][info ][gc,start       ] GC(49) Pause Young (Allocation Failure)
[888.896s][debug][gc,phases      ] GC(49) Scavenge 31.340ms
[888.896s][debug][gc,ref         ] GC(49) ReferenceProcessor::execute queues: 1, RefProcThreadModel::Single, marks_oops_alive: false
[888.896s][debug][gc,ref         ] GC(49) Skipped KeepAliveFinalRefsPhase of Reference Processing: no references
[888.896s][debug][gc,ref         ] GC(49) ReferenceProcessor::execute queues: 1, RefProcThreadModel::Single, marks_oops_alive: false
[888.896s][debug][gc,phases      ] GC(49) Reference Processing 0.129ms
[888.896s][debug][gc,phases      ] GC(49)   VM Weak                        Min:  0.0, Avg:  0.0, Max:  0.0, Diff:  0.0, Sum:  0.0, Workers: 4
[888.896s][debug][gc,phases      ] GC(49)     Dead                           Min: 0, Avg:  0.0, Max: 0, Diff: 0, Sum: 0, Workers: 4
[888.896s][debug][gc,phases      ] GC(49)     Total                          Min: 0, Avg: 258.0, Max: 512, Diff: 512, Sum: 1032, Workers: 4
[888.896s][debug][gc,phases      ] GC(49)   ObjectSynchronizer Weak        Min:  0.0, Avg:  0.0, Max:  0.0, Diff:  0.0, Sum:  0.0, Workers: 4
[888.896s][debug][gc,phases      ] GC(49)     Dead                           Min: 0, Avg:  0.0, Max: 0, Diff: 0, Sum: 0, Workers: 4
[888.896s][debug][gc,phases      ] GC(49)     Total                          Min: 0, Avg:  1.2, Max: 5, Diff: 5, Sum: 5, Workers: 4
[888.896s][debug][gc,phases      ] GC(49)   JVMTI Tag Weak OopStorage      Min:  0.0, Avg:  0.0, Max:  0.0, Diff:  0.0, Sum:  0.0, Workers: 4
[888.896s][debug][gc,phases      ] GC(49)     Dead                           Min: 0, Avg:  0.0, Max: 0, Diff: 0, Sum: 0, Workers: 4
[888.896s][debug][gc,phases      ] GC(49)     Total                          Min: 0, Avg:  0.0, Max: 0, Diff: 0, Sum: 0, Workers: 4
[888.896s][debug][gc,phases      ] GC(49)   StringTable Weak               Min:  0.1, Avg:  0.1, Max:  0.1, Diff:  0.0, Sum:  0.5, Workers: 4
[888.896s][debug][gc,phases      ] GC(49)     Dead                           Min: 0, Avg:  0.0, Max: 0, Diff: 0, Sum: 0, Workers: 4
[888.896s][debug][gc,phases      ] GC(49)     Total                          Min: 10771, Avg: 11716.8, Max: 12672, Diff: 1901, Sum: 46867, Workers: 4
[888.896s][debug][gc,phases      ] GC(49)   ResolvedMethodTable Weak       Min:  0.0, Avg:  0.0, Max:  0.0, Diff:  0.0, Sum:  0.2, Workers: 4
[888.896s][debug][gc,phases      ] GC(49)     Dead                           Min: 0, Avg:  4.2, Max: 15, Diff: 15, Sum: 17, Workers: 4
[888.896s][debug][gc,phases      ] GC(49)     Total                          Min: 3637, Avg: 3905.0, Max: 4335, Diff: 698, Sum: 15620, Workers: 4
[888.896s][debug][gc,phases      ] GC(49)   JNI Weak                       Min:  0.0, Avg:  0.0, Max:  0.0, Diff:  0.0, Sum:  0.0, Workers: 4
[888.896s][debug][gc,phases      ] GC(49)     Dead                           Min: 0, Avg:  0.0, Max: 0, Diff: 0, Sum: 0, Workers: 4
[888.896s][debug][gc,phases      ] GC(49)     Total                          Min: 0, Avg: 13.0, Max: 48, Diff: 48, Sum: 52, Workers: 4
[888.896s][debug][gc,phases      ] GC(49)   StringDedup Table Weak         Min:  0.0, Avg:  0.0, Max:  0.0, Diff:  0.0, Sum:  0.0, Workers: 4
[888.896s][debug][gc,phases      ] GC(49)     Dead                           Min: 0, Avg:  0.0, Max: 0, Diff: 0, Sum: 0, Workers: 4
[888.896s][debug][gc,phases      ] GC(49)     Total                          Min: 0, Avg:  0.0, Max: 0, Diff: 0, Sum: 0, Workers: 4
[888.896s][debug][gc,phases      ] GC(49)   StringDedup Requests0 Weak     Min:  0.0, Avg:  0.0, Max:  0.0, Diff:  0.0, Sum:  0.0, Workers: 4
[888.896s][debug][gc,phases      ] GC(49)     Dead                           Min: 0, Avg:  0.0, Max: 0, Diff: 0, Sum: 0, Workers: 4
[888.896s][debug][gc,phases      ] GC(49)     Total                          Min: 0, Avg:  0.0, Max: 0, Diff: 0, Sum: 0, Workers: 4
[888.896s][debug][gc,phases      ] GC(49)   StringDedup Requests1 Weak     Min:  0.0, Avg:  0.0, Max:  0.0, Diff:  0.0, Sum:  0.0, Workers: 4
[888.896s][debug][gc,phases      ] GC(49)     Dead                           Min: 0, Avg:  0.0, Max: 0, Diff: 0, Sum: 0, Workers: 4
[888.896s][debug][gc,phases      ] GC(49)     Total                          Min: 0, Avg:  0.0, Max: 0, Diff: 0, Sum: 0, Workers: 4
[888.896s][debug][gc,phases      ] GC(49)   Weak JFR Old Object Samples    Min:  0.0, Avg:  0.0, Max:  0.0, Diff:  0.0, Sum:  0.0, Workers: 4
[888.896s][debug][gc,phases      ] GC(49)     Dead                           Min: 0, Avg:  0.0, Max: 0, Diff: 0, Sum: 0, Workers: 4
[888.896s][debug][gc,phases      ] GC(49)     Total                          Min: 0, Avg:  0.0, Max: 0, Diff: 0, Sum: 0, Workers: 4
[888.896s][debug][gc,phases      ] GC(49) Weak Processing 0.382ms
[888.896s][debug][gc,age         ] GC(49) Desired survivor size 65011712 bytes, new threshold 1 (max threshold 15)
[888.896s][info ][gc,heap        ] GC(49) PSYoungGen: 1983104K(2024960K)->32880K(2033664K) Eden: 1955328K(1955328K)->0K(1967616K) From: 27776K(69632K)->32880K(66048K)
[888.896s][info ][gc,heap        ] GC(49) ParOldGen: 761179K(761344K)->786154K(786432K)
[888.896s][info ][gc,metaspace   ] GC(49) Metaspace: 107929K(109312K)->107929K(109312K) NonClass: 91687K(92480K)->91687K(92480K) Class: 16241K(16832K)->16241K(16832K)
[888.896s][info ][gc             ] GC(49) Pause Young (Allocation Failure) 2679M->799M(2754M) 31.998ms
[888.896s][info ][gc,cpu         ] GC(49) User=0.10s Sys=0.01s Real=0.03s
[888.896s][info ][safepoint      ] Safepoint "ParallelGCFailedAllocation", Time since last: 130215521 ns, Reaching safepoint: 6600 ns, Cleanup: 4301 ns, At safepoint: 32078712 ns, Total: 32089613 ns
[889.896s][info ][safepoint      ] Safepoint "Cleanup", Time since last: 1000092050 ns, Reaching safepoint: 97806 ns, Cleanup: 24001 ns, At safepoint: 15501 ns, Total: 137308 ns
[890.897s][info ][safepoint      ] Safepoint "Cleanup", Time since last: 1000128435 ns, Reaching safepoint: 77805 ns, Cleanup: 9900 ns, At safepoint: 5701 ns, Total: 93406 ns
[892.897s][info ][safepoint      ] Safepoint "Cleanup", Time since last: 2000174065 ns, Reaching safepoint: 78704 ns, Cleanup: 10401 ns, At safepoint: 8800 ns, Total: 97905 ns
[893.897s][info ][safepoint      ] Safepoint "Cleanup", Time since last: 1000084529 ns, Reaching safepoint: 79107 ns, Cleanup: 11101 ns, At safepoint: 6201 ns, Total: 96409 ns
[894.897s][info ][safepoint      ] Safepoint "Cleanup", Time since last: 1000124828 ns, Reaching safepoint: 82507 ns, Cleanup: 10501 ns, At safepoint: 9001 ns, Total: 102009 ns
[896.899s][info ][safepoint      ] Safepoint "Cleanup", Time since last: 2001668982 ns, Reaching safepoint: 89608 ns, Cleanup: 13101 ns, At safepoint: 19102 ns, Total: 121811 ns
[897.750s][info ][gc,start       ] GC(50) Pause Young (Allocation Failure)
[897.783s][debug][gc,phases      ] GC(50) Scavenge 31.966ms
[897.783s][debug][gc,ref         ] GC(50) ReferenceProcessor::execute queues: 1, RefProcThreadModel::Single, marks_oops_alive: false
[897.783s][debug][gc,ref         ] GC(50) Skipped KeepAliveFinalRefsPhase of Reference Processing: no references
[897.783s][debug][gc,ref         ] GC(50) ReferenceProcessor::execute queues: 1, RefProcThreadModel::Single, marks_oops_alive: false
[897.783s][debug][gc,phases      ] GC(50) Reference Processing 0.155ms
[897.783s][debug][gc,phases      ] GC(50)   VM Weak                        Min:  0.0, Avg:  0.0, Max:  0.0, Diff:  0.0, Sum:  0.0, Workers: 4
[897.783s][debug][gc,phases      ] GC(50)     Dead                           Min: 0, Avg:  0.0, Max: 0, Diff: 0, Sum: 0, Workers: 4
[897.783s][debug][gc,phases      ] GC(50)     Total                          Min: 0, Avg: 258.0, Max: 704, Diff: 704, Sum: 1032, Workers: 4
[897.783s][debug][gc,phases      ] GC(50)   ObjectSynchronizer Weak        Min:  0.0, Avg:  0.0, Max:  0.0, Diff:  0.0, Sum:  0.0, Workers: 4
[897.783s][debug][gc,phases      ] GC(50)     Dead                           Min: 0, Avg:  0.0, Max: 0, Diff: 0, Sum: 0, Workers: 4
[897.783s][debug][gc,phases      ] GC(50)     Total                          Min: 0, Avg:  1.2, Max: 5, Diff: 5, Sum: 5, Workers: 4
[897.783s][debug][gc,phases      ] GC(50)   JVMTI Tag Weak OopStorage      Min:  0.0, Avg:  0.0, Max:  0.0, Diff:  0.0, Sum:  0.0, Workers: 4
[897.783s][debug][gc,phases      ] GC(50)     Dead                           Min: 0, Avg:  0.0, Max: 0, Diff: 0, Sum: 0, Workers: 4
[897.783s][debug][gc,phases      ] GC(50)     Total                          Min: 0, Avg:  0.0, Max: 0, Diff: 0, Sum: 0, Workers: 4
[897.783s][debug][gc,phases      ] GC(50)   StringTable Weak               Min:  0.0, Avg:  0.1, Max:  0.2, Diff:  0.2, Sum:  0.5, Workers: 4
[897.783s][debug][gc,phases      ] GC(50)     Dead                           Min: 0, Avg:  0.0, Max: 0, Diff: 0, Sum: 0, Workers: 4
[897.783s][debug][gc,phases      ] GC(50)     Total                          Min: 0, Avg: 11719.2, Max: 16448, Diff: 16448, Sum: 46877, Workers: 4
[897.783s][debug][gc,phases      ] GC(50)   ResolvedMethodTable Weak       Min:  0.0, Avg:  0.1, Max:  0.1, Diff:  0.1, Sum:  0.2, Workers: 4
[897.783s][debug][gc,phases      ] GC(50)     Dead                           Min: 0, Avg:  0.0, Max: 0, Diff: 0, Sum: 0, Workers: 4
[897.783s][debug][gc,phases      ] GC(50)     Total                          Min: 0, Avg: 3905.5, Max: 6070, Diff: 6070, Sum: 15622, Workers: 4
[897.783s][debug][gc,phases      ] GC(50)   JNI Weak                       Min:  0.0, Avg:  0.0, Max:  0.0, Diff:  0.0, Sum:  0.0, Workers: 4
[897.783s][debug][gc,phases      ] GC(50)     Dead                           Min: 0, Avg:  0.0, Max: 0, Diff: 0, Sum: 0, Workers: 4
[897.783s][debug][gc,phases      ] GC(50)     Total                          Min: 0, Avg: 13.0, Max: 48, Diff: 48, Sum: 52, Workers: 4
[897.783s][debug][gc,phases      ] GC(50)   StringDedup Table Weak         Min:  0.0, Avg:  0.0, Max:  0.0, Diff:  0.0, Sum:  0.0, Workers: 4
[897.783s][debug][gc,phases      ] GC(50)     Dead                           Min: 0, Avg:  0.0, Max: 0, Diff: 0, Sum: 0, Workers: 4
[897.783s][debug][gc,phases      ] GC(50)     Total                          Min: 0, Avg:  0.0, Max: 0, Diff: 0, Sum: 0, Workers: 4
[897.783s][debug][gc,phases      ] GC(50)   StringDedup Requests0 Weak     Min:  0.0, Avg:  0.0, Max:  0.0, Diff:  0.0, Sum:  0.0, Workers: 4
[897.783s][debug][gc,phases      ] GC(50)     Dead                           Min: 0, Avg:  0.0, Max: 0, Diff: 0, Sum: 0, Workers: 4
[897.783s][debug][gc,phases      ] GC(50)     Total                          Min: 0, Avg:  0.0, Max: 0, Diff: 0, Sum: 0, Workers: 4
[897.783s][debug][gc,phases      ] GC(50)   StringDedup Requests1 Weak     Min:  0.0, Avg:  0.0, Max:  0.0, Diff:  0.0, Sum:  0.0, Workers: 4
[897.783s][debug][gc,phases      ] GC(50)     Dead                           Min: 0, Avg:  0.0, Max: 0, Diff: 0, Sum: 0, Workers: 4
[897.783s][debug][gc,phases      ] GC(50)     Total                          Min: 0, Avg:  0.0, Max: 0, Diff: 0, Sum: 0, Workers: 4
[897.783s][debug][gc,phases      ] GC(50)   Weak JFR Old Object Samples    Min:  0.0, Avg:  0.0, Max:  0.0, Diff:  0.0, Sum:  0.0, Workers: 4
[897.783s][debug][gc,phases      ] GC(50)     Dead                           Min: 0, Avg:  0.0, Max: 0, Diff: 0, Sum: 0, Workers: 4
[897.783s][debug][gc,phases      ] GC(50)     Total                          Min: 0, Avg:  0.0, Max: 0, Diff: 0, Sum: 0, Workers: 4
[897.783s][debug][gc,phases      ] GC(50) Weak Processing 0.482ms
[897.783s][debug][gc,age         ] GC(50) Desired survivor size 62914560 bytes, new threshold 1 (max threshold 15)
[897.783s][info ][gc,heap        ] GC(50) PSYoungGen: 2000496K(2033664K)->33296K(2031104K) Eden: 1967616K(1967616K)->0K(1967616K) From: 32880K(66048K)->33296K(63488K)
[897.783s][info ][gc,heap        ] GC(50) ParOldGen: 786154K(786432K)->816606K(816640K)
[897.783s][info ][gc,metaspace   ] GC(50) Metaspace: 107945K(109312K)->107945K(109312K) NonClass: 91702K(92480K)->91702K(92480K) Class: 16242K(16832K)->16242K(16832K)
[897.783s][info ][gc             ] GC(50) Pause Young (Allocation Failure) 2721M->829M(2781M) 32.772ms
[897.783s][info ][gc,cpu         ] GC(50) User=0.10s Sys=0.01s Real=0.03s
[897.783s][info ][safepoint      ] Safepoint "ParallelGCFailedAllocation", Time since last: 851247071 ns, Reaching safepoint: 84607 ns, Cleanup: 15001 ns, At safepoint: 32873343 ns, Total: 32972951 ns
[898.783s][info ][safepoint      ] Safepoint "Cleanup", Time since last: 1000093077 ns, Reaching safepoint: 8500 ns, Cleanup: 21302 ns, At safepoint: 2800 ns, Total: 32602 ns
[900.473s][info ][safepoint      ] Safepoint "Cleanup", Time since last: 1689888745 ns, Reaching safepoint: 76106 ns, Cleanup: 26802 ns, At safepoint: 7301 ns, Total: 110209 ns
[901.477s][info ][safepoint      ] Safepoint "Cleanup", Time since last: 1003536343 ns, Reaching safepoint: 104908 ns, Cleanup: 20401 ns, At safepoint: 16102 ns, Total: 141411 ns
[902.477s][info ][safepoint      ] Safepoint "Cleanup", Time since last: 1000135107 ns, Reaching safepoint: 84008 ns, Cleanup: 26602 ns, At safepoint: 6400 ns, Total: 117010 ns
[903.478s][info ][safepoint      ] Safepoint "Cleanup", Time since last: 1000129023 ns, Reaching safepoint: 83107 ns, Cleanup: 17501 ns, At safepoint: 7201 ns, Total: 107809 ns
[904.479s][info ][safepoint      ] Safepoint "Cleanup", Time since last: 1001366428 ns, Reaching safepoint: 85107 ns, Cleanup: 13001 ns, At safepoint: 10801 ns, Total: 108909 ns
[905.010s][info ][gc,start       ] GC(51) Pause Young (Allocation Failure)
[905.047s][debug][gc,phases      ] GC(51) Scavenge 36.701ms
[905.047s][debug][gc,ref         ] GC(51) ReferenceProcessor::execute queues: 1, RefProcThreadModel::Single, marks_oops_alive: false
[905.047s][debug][gc,ref         ] GC(51) Skipped KeepAliveFinalRefsPhase of Reference Processing: no references
[905.047s][debug][gc,ref         ] GC(51) ReferenceProcessor::execute queues: 1, RefProcThreadModel::Single, marks_oops_alive: false
[905.047s][debug][gc,phases      ] GC(51) Reference Processing 0.118ms
[905.047s][debug][gc,phases      ] GC(51)   VM Weak                        Min:  0.0, Avg:  0.0, Max:  0.0, Diff:  0.0, Sum:  0.0, Workers: 4
[905.047s][debug][gc,phases      ] GC(51)     Dead                           Min: 0, Avg:  0.0, Max: 0, Diff: 0, Sum: 0, Workers: 4
[905.047s][debug][gc,phases      ] GC(51)     Total                          Min: 0, Avg: 258.0, Max: 1032, Diff: 1032, Sum: 1032, Workers: 4
[905.047s][debug][gc,phases      ] GC(51)   ObjectSynchronizer Weak        Min:  0.0, Avg:  0.0, Max:  0.0, Diff:  0.0, Sum:  0.0, Workers: 4
[905.047s][debug][gc,phases      ] GC(51)     Dead                           Min: 0, Avg:  0.0, Max: 0, Diff: 0, Sum: 0, Workers: 4
[905.047s][debug][gc,phases      ] GC(51)     Total                          Min: 0, Avg:  1.0, Max: 4, Diff: 4, Sum: 4, Workers: 4
[905.047s][debug][gc,phases      ] GC(51)   JVMTI Tag Weak OopStorage      Min:  0.0, Avg:  0.0, Max:  0.0, Diff:  0.0, Sum:  0.0, Workers: 4
[905.047s][debug][gc,phases      ] GC(51)     Dead                           Min: 0, Avg:  0.0, Max: 0, Diff: 0, Sum: 0, Workers: 4
[905.047s][debug][gc,phases      ] GC(51)     Total                          Min: 0, Avg:  0.0, Max: 0, Diff: 0, Sum: 0, Workers: 4
[905.047s][debug][gc,phases      ] GC(51)   StringTable Weak               Min:  0.1, Avg:  0.1, Max:  0.1, Diff:  0.0, Sum:  0.5, Workers: 4
[905.047s][debug][gc,phases      ] GC(51)     Dead                           Min: 0, Avg:  0.0, Max: 0, Diff: 0, Sum: 0, Workers: 4
[905.047s][debug][gc,phases      ] GC(51)     Total                          Min: 10560, Avg: 11720.2, Max: 12322, Diff: 1762, Sum: 46881, Workers: 4
[905.047s][debug][gc,phases      ] GC(51)   ResolvedMethodTable Weak       Min:  0.0, Avg:  0.0, Max:  0.0, Diff:  0.0, Sum:  0.2, Workers: 4
[905.047s][debug][gc,phases      ] GC(51)     Dead                           Min: 0, Avg:  4.0, Max: 15, Diff: 15, Sum: 16, Workers: 4
[905.047s][debug][gc,phases      ] GC(51)     Total                          Min: 3634, Avg: 3905.8, Max: 4257, Diff: 623, Sum: 15623, Workers: 4
[905.047s][debug][gc,phases      ] GC(51)   JNI Weak                       Min:  0.0, Avg:  0.0, Max:  0.0, Diff:  0.0, Sum:  0.0, Workers: 4
[905.047s][debug][gc,phases      ] GC(51)     Dead                           Min: 0, Avg:  0.0, Max: 0, Diff: 0, Sum: 0, Workers: 4
[905.047s][debug][gc,phases      ] GC(51)     Total                          Min: 0, Avg: 13.0, Max: 48, Diff: 48, Sum: 52, Workers: 4
[905.047s][debug][gc,phases      ] GC(51)   StringDedup Table Weak         Min:  0.0, Avg:  0.0, Max:  0.0, Diff:  0.0, Sum:  0.0, Workers: 4
[905.047s][debug][gc,phases      ] GC(51)     Dead                           Min: 0, Avg:  0.0, Max: 0, Diff: 0, Sum: 0, Workers: 4
[905.047s][debug][gc,phases      ] GC(51)     Total                          Min: 0, Avg:  0.0, Max: 0, Diff: 0, Sum: 0, Workers: 4
[905.047s][debug][gc,phases      ] GC(51)   StringDedup Requests0 Weak     Min:  0.0, Avg:  0.0, Max:  0.0, Diff:  0.0, Sum:  0.0, Workers: 4
[905.047s][debug][gc,phases      ] GC(51)     Dead                           Min: 0, Avg:  0.0, Max: 0, Diff: 0, Sum: 0, Workers: 4
[905.047s][debug][gc,phases      ] GC(51)     Total                          Min: 0, Avg:  0.0, Max: 0, Diff: 0, Sum: 0, Workers: 4
[905.047s][debug][gc,phases      ] GC(51)   StringDedup Requests1 Weak     Min:  0.0, Avg:  0.0, Max:  0.0, Diff:  0.0, Sum:  0.0, Workers: 4
[905.047s][debug][gc,phases      ] GC(51)     Dead                           Min: 0, Avg:  0.0, Max: 0, Diff: 0, Sum: 0, Workers: 4
[905.047s][debug][gc,phases      ] GC(51)     Total                          Min: 0, Avg:  0.0, Max: 0, Diff: 0, Sum: 0, Workers: 4
[905.047s][debug][gc,phases      ] GC(51)   Weak JFR Old Object Samples    Min:  0.0, Avg:  0.0, Max:  0.0, Diff:  0.0, Sum:  0.0, Workers: 4
[905.047s][debug][gc,phases      ] GC(51)     Dead                           Min: 0, Avg:  0.0, Max: 0, Diff: 0, Sum: 0, Workers: 4
[905.047s][debug][gc,phases      ] GC(51)     Total                          Min: 0, Avg:  0.0, Max: 0, Diff: 0, Sum: 0, Workers: 4
[905.047s][debug][gc,phases      ] GC(51) Weak Processing 0.358ms
[905.047s][debug][gc,age         ] GC(51) Desired survivor size 63963136 bytes, new threshold 1 (max threshold 15)
[905.047s][info ][gc,heap        ] GC(51) PSYoungGen: 2000912K(2031104K)->42272K(2033664K) Eden: 1967616K(1967616K)->0K(1972224K) From: 33296K(63488K)->42272K(61440K)
[905.048s][info ][gc,heap        ] GC(51) ParOldGen: 816606K(816640K)->847577K(847872K)
[905.048s][info ][gc,metaspace   ] GC(51) Metaspace: 107990K(109376K)->107990K(109376K) NonClass: 91747K(92544K)->91747K(92544K) Class: 16243K(16832K)->16243K(16832K)
[905.048s][info ][gc             ] GC(51) Pause Young (Allocation Failure) 2751M->868M(2814M) 37.330ms
[905.048s][info ][gc,cpu         ] GC(51) User=0.12s Sys=0.02s Real=0.04s
[905.048s][info ][safepoint      ] Safepoint "ParallelGCFailedAllocation", Time since last: 530966951 ns, Reaching safepoint: 85507 ns, Cleanup: 10201 ns, At safepoint: 37413295 ns, Total: 37509003 ns
[906.048s][info ][safepoint      ] Safepoint "Cleanup", Time since last: 1000091481 ns, Reaching safepoint: 82905 ns, Cleanup: 15902 ns, At safepoint: 10100 ns, Total: 108907 ns
[907.049s][info ][safepoint      ] Safepoint "Cleanup", Time since last: 1001211524 ns, Reaching safepoint: 85106 ns, Cleanup: 17501 ns, At safepoint: 20201 ns, Total: 122808 ns
[908.049s][info ][safepoint      ] Safepoint "Cleanup", Time since last: 1000118846 ns, Reaching safepoint: 85006 ns, Cleanup: 12300 ns, At safepoint: 11901 ns, Total: 109207 ns
[909.052s][info ][safepoint      ] Safepoint "Cleanup", Time since last: 1002653127 ns, Reaching safepoint: 86006 ns, Cleanup: 24402 ns, At safepoint: 13901 ns, Total: 124309 ns
[911.407s][info ][gc,start       ] GC(52) Pause Young (Allocation Failure)
[911.444s][debug][gc,phases      ] GC(52) Scavenge 37.283ms
[911.444s][debug][gc,ref         ] GC(52) ReferenceProcessor::execute queues: 1, RefProcThreadModel::Single, marks_oops_alive: false
[911.444s][debug][gc,ref         ] GC(52) Skipped KeepAliveFinalRefsPhase of Reference Processing: no references
[911.444s][debug][gc,ref         ] GC(52) ReferenceProcessor::execute queues: 1, RefProcThreadModel::Single, marks_oops_alive: false
[911.444s][debug][gc,phases      ] GC(52) Reference Processing 0.119ms
[911.444s][debug][gc,phases      ] GC(52)   VM Weak                        Min:  0.0, Avg:  0.0, Max:  0.0, Diff:  0.0, Sum:  0.0, Workers: 4
[911.444s][debug][gc,phases      ] GC(52)     Dead                           Min: 0, Avg:  0.0, Max: 0, Diff: 0, Sum: 0, Workers: 4
[911.444s][debug][gc,phases      ] GC(52)     Total                          Min: 0, Avg: 258.0, Max: 768, Diff: 768, Sum: 1032, Workers: 4
[911.444s][debug][gc,phases      ] GC(52)   ObjectSynchronizer Weak        Min:  0.0, Avg:  0.0, Max:  0.0, Diff:  0.0, Sum:  0.0, Workers: 4
[911.444s][debug][gc,phases      ] GC(52)     Dead                           Min: 0, Avg:  0.0, Max: 0, Diff: 0, Sum: 0, Workers: 4
[911.444s][debug][gc,phases      ] GC(52)     Total                          Min: 0, Avg:  1.2, Max: 5, Diff: 5, Sum: 5, Workers: 4
[911.444s][debug][gc,phases      ] GC(52)   JVMTI Tag Weak OopStorage      Min:  0.0, Avg:  0.0, Max:  0.0, Diff:  0.0, Sum:  0.0, Workers: 4
[911.444s][debug][gc,phases      ] GC(52)     Dead                           Min: 0, Avg:  0.0, Max: 0, Diff: 0, Sum: 0, Workers: 4
[911.444s][debug][gc,phases      ] GC(52)     Total                          Min: 0, Avg:  0.0, Max: 0, Diff: 0, Sum: 0, Workers: 4
[911.444s][debug][gc,phases      ] GC(52)   StringTable Weak               Min:  0.0, Avg:  0.1, Max:  0.2, Diff:  0.2, Sum:  0.5, Workers: 4
[911.444s][debug][gc,phases      ] GC(52)     Dead                           Min: 0, Avg:  0.0, Max: 0, Diff: 0, Sum: 0, Workers: 4
[911.444s][debug][gc,phases      ] GC(52)     Total                          Min: 0, Avg: 11721.5, Max: 15910, Diff: 15910, Sum: 46886, Workers: 4
[911.444s][debug][gc,phases      ] GC(52)   ResolvedMethodTable Weak       Min:  0.0, Avg:  0.0, Max:  0.1, Diff:  0.1, Sum:  0.2, Workers: 4
[911.444s][debug][gc,phases      ] GC(52)     Dead                           Min: 0, Avg:  0.2, Max: 1, Diff: 1, Sum: 1, Workers: 4
[911.444s][debug][gc,phases      ] GC(52)     Total                          Min: 0, Avg: 3906.2, Max: 5657, Diff: 5657, Sum: 15625, Workers: 4
[911.444s][debug][gc,phases      ] GC(52)   JNI Weak                       Min:  0.0, Avg:  0.0, Max:  0.0, Diff:  0.0, Sum:  0.0, Workers: 4
[911.444s][debug][gc,phases      ] GC(52)     Dead                           Min: 0, Avg:  0.0, Max: 0, Diff: 0, Sum: 0, Workers: 4
[911.444s][debug][gc,phases      ] GC(52)     Total                          Min: 0, Avg: 13.0, Max: 48, Diff: 48, Sum: 52, Workers: 4
[911.444s][debug][gc,phases      ] GC(52)   StringDedup Table Weak         Min:  0.0, Avg:  0.0, Max:  0.0, Diff:  0.0, Sum:  0.0, Workers: 4
[911.444s][debug][gc,phases      ] GC(52)     Dead                           Min: 0, Avg:  0.0, Max: 0, Diff: 0, Sum: 0, Workers: 4
[911.444s][debug][gc,phases      ] GC(52)     Total                          Min: 0, Avg:  0.0, Max: 0, Diff: 0, Sum: 0, Workers: 4
[911.444s][debug][gc,phases      ] GC(52)   StringDedup Requests0 Weak     Min:  0.0, Avg:  0.0, Max:  0.0, Diff:  0.0, Sum:  0.0, Workers: 4
[911.444s][debug][gc,phases      ] GC(52)     Dead                           Min: 0, Avg:  0.0, Max: 0, Diff: 0, Sum: 0, Workers: 4
[911.444s][debug][gc,phases      ] GC(52)     Total                          Min: 0, Avg:  0.0, Max: 0, Diff: 0, Sum: 0, Workers: 4
[911.444s][debug][gc,phases      ] GC(52)   StringDedup Requests1 Weak     Min:  0.0, Avg:  0.0, Max:  0.0, Diff:  0.0, Sum:  0.0, Workers: 4
[911.445s][debug][gc,phases      ] GC(52)     Dead                           Min: 0, Avg:  0.0, Max: 0, Diff: 0, Sum: 0, Workers: 4
[911.445s][debug][gc,phases      ] GC(52)     Total                          Min: 0, Avg:  0.0, Max: 0, Diff: 0, Sum: 0, Workers: 4
[911.445s][debug][gc,phases      ] GC(52)   Weak JFR Old Object Samples    Min:  0.0, Avg:  0.0, Max:  0.0, Diff:  0.0, Sum:  0.0, Workers: 4
[911.445s][debug][gc,phases      ] GC(52)     Dead                           Min: 0, Avg:  0.0, Max: 0, Diff: 0, Sum: 0, Workers: 4
[911.445s][debug][gc,phases      ] GC(52)     Total                          Min: 0, Avg:  0.0, Max: 0, Diff: 0, Sum: 0, Workers: 4
[911.445s][debug][gc,phases      ] GC(52) Weak Processing 0.409ms
[911.445s][debug][gc,age         ] GC(52) Desired survivor size 62914560 bytes, new threshold 1 (max threshold 15)
[911.445s][info ][gc,heap        ] GC(52) PSYoungGen: 2014496K(2033664K)->37264K(2034688K) Eden: 1972224K(1972224K)->0K(1972224K) From: 42272K(61440K)->37264K(62464K)
[911.445s][info ][gc,heap        ] GC(52) ParOldGen: 847577K(847872K)->886071K(886272K)
[911.445s][info ][gc,metaspace   ] GC(52) Metaspace: 108018K(109376K)->108018K(109376K) NonClass: 91773K(92544K)->91773K(92544K) Class: 16245K(16832K)->16245K(16832K)
[911.445s][info ][gc             ] GC(52) Pause Young (Allocation Failure) 2794M->901M(2852M) 37.984ms
[911.445s][info ][gc,cpu         ] GC(52) User=0.11s Sys=0.02s Real=0.04s
[911.445s][info ][safepoint      ] Safepoint "ParallelGCFailedAllocation", Time since last: 2354338893 ns, Reaching safepoint: 89608 ns, Cleanup: 13601 ns, At safepoint: 38084297 ns, Total: 38187506 ns
[912.445s][info ][safepoint      ] Safepoint "Cleanup", Time since last: 1000092454 ns, Reaching safepoint: 83407 ns, Cleanup: 27003 ns, At safepoint: 8600 ns, Total: 119010 ns
[913.446s][info ][safepoint      ] Safepoint "Cleanup", Time since last: 1001134143 ns, Reaching safepoint: 86807 ns, Cleanup: 33203 ns, At safepoint: 14701 ns, Total: 134711 ns
[914.448s][info ][safepoint      ] Safepoint "Cleanup", Time since last: 1002148914 ns, Reaching safepoint: 97805 ns, Cleanup: 12601 ns, At safepoint: 13800 ns, Total: 124206 ns
[915.450s][info ][safepoint      ] Safepoint "Cleanup", Time since last: 1001593642 ns, Reaching safepoint: 87905 ns, Cleanup: 17601 ns, At safepoint: 16101 ns, Total: 121607 ns
[916.450s][info ][safepoint      ] Safepoint "Cleanup", Time since last: 1000130462 ns, Reaching safepoint: 85105 ns, Cleanup: 14400 ns, At safepoint: 9001 ns, Total: 108506 ns
[917.452s][info ][safepoint      ] Safepoint "Cleanup", Time since last: 1001640333 ns, Reaching safepoint: 88607 ns, Cleanup: 19502 ns, At safepoint: 16601 ns, Total: 124710 ns
[917.937s][info ][gc,start       ] GC(53) Pause Young (Allocation Failure)
[917.969s][debug][gc,phases      ] GC(53) Scavenge 31.901ms
[917.969s][debug][gc,ref         ] GC(53) ReferenceProcessor::execute queues: 1, RefProcThreadModel::Single, marks_oops_alive: false
[917.969s][debug][gc,ref         ] GC(53) Skipped KeepAliveFinalRefsPhase of Reference Processing: no references
[917.969s][debug][gc,ref         ] GC(53) ReferenceProcessor::execute queues: 1, RefProcThreadModel::Single, marks_oops_alive: false
[917.969s][debug][gc,phases      ] GC(53) Reference Processing 0.114ms
[917.969s][debug][gc,phases      ] GC(53)   VM Weak                        Min:  0.0, Avg:  0.0, Max:  0.0, Diff:  0.0, Sum:  0.0, Workers: 4
[917.969s][debug][gc,phases      ] GC(53)     Dead                           Min: 0, Avg:  0.0, Max: 0, Diff: 0, Sum: 0, Workers: 4
[917.969s][debug][gc,phases      ] GC(53)     Total                          Min: 0, Avg: 258.0, Max: 648, Diff: 648, Sum: 1032, Workers: 4
[917.969s][debug][gc,phases      ] GC(53)   ObjectSynchronizer Weak        Min:  0.0, Avg:  0.0, Max:  0.0, Diff:  0.0, Sum:  0.0, Workers: 4
[917.969s][debug][gc,phases      ] GC(53)     Dead                           Min: 0, Avg:  0.0, Max: 0, Diff: 0, Sum: 0, Workers: 4
[917.969s][debug][gc,phases      ] GC(53)     Total                          Min: 0, Avg:  1.2, Max: 5, Diff: 5, Sum: 5, Workers: 4
[917.969s][debug][gc,phases      ] GC(53)   JVMTI Tag Weak OopStorage      Min:  0.0, Avg:  0.0, Max:  0.0, Diff:  0.0, Sum:  0.0, Workers: 4
[917.969s][debug][gc,phases      ] GC(53)     Dead                           Min: 0, Avg:  0.0, Max: 0, Diff: 0, Sum: 0, Workers: 4
[917.969s][debug][gc,phases      ] GC(53)     Total                          Min: 0, Avg:  0.0, Max: 0, Diff: 0, Sum: 0, Workers: 4
[917.969s][debug][gc,phases      ] GC(53)   StringTable Weak               Min:  0.1, Avg:  0.1, Max:  0.1, Diff:  0.0, Sum:  0.5, Workers: 4
[917.969s][debug][gc,phases      ] GC(53)     Dead                           Min: 0, Avg:  0.2, Max: 1, Diff: 1, Sum: 1, Workers: 4
[917.969s][debug][gc,phases      ] GC(53)     Total                          Min: 10559, Avg: 11726.5, Max: 12480, Diff: 1921, Sum: 46906, Workers: 4
[917.969s][debug][gc,phases      ] GC(53)   ResolvedMethodTable Weak       Min:  0.0, Avg:  0.0, Max:  0.0, Diff:  0.0, Sum:  0.2, Workers: 4
[917.969s][debug][gc,phases      ] GC(53)     Dead                           Min: 0, Avg:  0.2, Max: 1, Diff: 1, Sum: 1, Workers: 4
[917.969s][debug][gc,phases      ] GC(53)     Total                          Min: 3649, Avg: 3906.8, Max: 4351, Diff: 702, Sum: 15627, Workers: 4
[917.969s][debug][gc,phases      ] GC(53)   JNI Weak                       Min:  0.0, Avg:  0.0, Max:  0.0, Diff:  0.0, Sum:  0.0, Workers: 4
[917.969s][debug][gc,phases      ] GC(53)     Dead                           Min: 0, Avg:  0.0, Max: 0, Diff: 0, Sum: 0, Workers: 4
[917.969s][debug][gc,phases      ] GC(53)     Total                          Min: 0, Avg: 13.0, Max: 48, Diff: 48, Sum: 52, Workers: 4
[917.969s][debug][gc,phases      ] GC(53)   StringDedup Table Weak         Min:  0.0, Avg:  0.0, Max:  0.0, Diff:  0.0, Sum:  0.0, Workers: 4
[917.969s][debug][gc,phases      ] GC(53)     Dead                           Min: 0, Avg:  0.0, Max: 0, Diff: 0, Sum: 0, Workers: 4
[917.969s][debug][gc,phases      ] GC(53)     Total                          Min: 0, Avg:  0.0, Max: 0, Diff: 0, Sum: 0, Workers: 4
[917.969s][debug][gc,phases      ] GC(53)   StringDedup Requests0 Weak     Min:  0.0, Avg:  0.0, Max:  0.0, Diff:  0.0, Sum:  0.0, Workers: 4
[917.969s][debug][gc,phases      ] GC(53)     Dead                           Min: 0, Avg:  0.0, Max: 0, Diff: 0, Sum: 0, Workers: 4
[917.969s][debug][gc,phases      ] GC(53)     Total                          Min: 0, Avg:  0.0, Max: 0, Diff: 0, Sum: 0, Workers: 4
[917.969s][debug][gc,phases      ] GC(53)   StringDedup Requests1 Weak     Min:  0.0, Avg:  0.0, Max:  0.0, Diff:  0.0, Sum:  0.0, Workers: 4
[917.969s][debug][gc,phases      ] GC(53)     Dead                           Min: 0, Avg:  0.0, Max: 0, Diff: 0, Sum: 0, Workers: 4
[917.969s][debug][gc,phases      ] GC(53)     Total                          Min: 0, Avg:  0.0, Max: 0, Diff: 0, Sum: 0, Workers: 4
[917.969s][debug][gc,phases      ] GC(53)   Weak JFR Old Object Samples    Min:  0.0, Avg:  0.0, Max:  0.0, Diff:  0.0, Sum:  0.0, Workers: 4
[917.969s][debug][gc,phases      ] GC(53)     Dead                           Min: 0, Avg:  0.0, Max: 0, Diff: 0, Sum: 0, Workers: 4
[917.969s][debug][gc,phases      ] GC(53)     Total                          Min: 0, Avg:  0.0, Max: 0, Diff: 0, Sum: 0, Workers: 4
[917.969s][debug][gc,phases      ] GC(53) Weak Processing 0.365ms
[917.969s][debug][gc,age         ] GC(53) Desired survivor size 62914560 bytes, new threshold 1 (max threshold 15)
[917.969s][info ][gc,heap        ] GC(53) PSYoungGen: 2009488K(2034688K)->39952K(2035712K) Eden: 1972224K(1972224K)->0K(1974272K) From: 37264K(62464K)->39952K(61440K)
[917.969s][info ][gc,heap        ] GC(53) ParOldGen: 886071K(886272K)->920825K(921088K)
[917.969s][info ][gc,metaspace   ] GC(53) Metaspace: 108052K(109440K)->108052K(109440K) NonClass: 91806K(92608K)->91806K(92608K) Class: 16246K(16832K)->16246K(16832K)
[917.969s][info ][gc             ] GC(53) Pause Young (Allocation Failure) 2827M->938M(2887M) 32.527ms
[917.969s][info ][gc,cpu         ] GC(53) User=0.10s Sys=0.02s Real=0.03s
[917.969s][info ][safepoint      ] Safepoint "ParallelGCFailedAllocation", Time since last: 484330196 ns, Reaching safepoint: 88607 ns, Cleanup: 4800 ns, At safepoint: 32789474 ns, Total: 32882881 ns
[919.173s][info ][safepoint      ] Safepoint "Cleanup", Time since last: 1204014383 ns, Reaching safepoint: 84107 ns, Cleanup: 29102 ns, At safepoint: 6901 ns, Total: 120110 ns
[920.174s][info ][safepoint      ] Safepoint "Cleanup", Time since last: 1000123256 ns, Reaching safepoint: 6801 ns, Cleanup: 11201 ns, At safepoint: 2700 ns, Total: 20702 ns
[921.174s][info ][safepoint      ] Safepoint "Cleanup", Time since last: 1000127257 ns, Reaching safepoint: 83007 ns, Cleanup: 11501 ns, At safepoint: 7100 ns, Total: 101608 ns
[922.174s][info ][safepoint      ] Safepoint "Cleanup", Time since last: 1000385798 ns, Reaching safepoint: 83605 ns, Cleanup: 35603 ns, At safepoint: 14601 ns, Total: 133809 ns
[923.175s][info ][safepoint      ] Safepoint "Cleanup", Time since last: 1000108239 ns, Reaching safepoint: 83005 ns, Cleanup: 9801 ns, At safepoint: 13001 ns, Total: 105807 ns
[924.741s][info ][gc,start       ] GC(54) Pause Young (Allocation Failure)
[924.771s][debug][gc,phases      ] GC(54) Scavenge 30.608ms
[924.772s][debug][gc,ref         ] GC(54) ReferenceProcessor::execute queues: 1, RefProcThreadModel::Single, marks_oops_alive: false
[924.772s][debug][gc,ref         ] GC(54) Skipped KeepAliveFinalRefsPhase of Reference Processing: no references
[924.772s][debug][gc,ref         ] GC(54) ReferenceProcessor::execute queues: 1, RefProcThreadModel::Single, marks_oops_alive: false
[924.772s][debug][gc,phases      ] GC(54) Reference Processing 0.114ms
[924.772s][debug][gc,phases      ] GC(54)   VM Weak                        Min:  0.0, Avg:  0.0, Max:  0.0, Diff:  0.0, Sum:  0.0, Workers: 4
[924.772s][debug][gc,phases      ] GC(54)     Dead                           Min: 0, Avg:  0.0, Max: 0, Diff: 0, Sum: 0, Workers: 4
[924.772s][debug][gc,phases      ] GC(54)     Total                          Min: 0, Avg: 258.0, Max: 840, Diff: 840, Sum: 1032, Workers: 4
[924.772s][debug][gc,phases      ] GC(54)   ObjectSynchronizer Weak        Min:  0.0, Avg:  0.0, Max:  0.0, Diff:  0.0, Sum:  0.0, Workers: 4
[924.772s][debug][gc,phases      ] GC(54)     Dead                           Min: 0, Avg:  0.0, Max: 0, Diff: 0, Sum: 0, Workers: 4
[924.772s][debug][gc,phases      ] GC(54)     Total                          Min: 0, Avg:  1.5, Max: 6, Diff: 6, Sum: 6, Workers: 4
[924.772s][debug][gc,phases      ] GC(54)   JVMTI Tag Weak OopStorage      Min:  0.0, Avg:  0.0, Max:  0.0, Diff:  0.0, Sum:  0.0, Workers: 4
[924.772s][debug][gc,phases      ] GC(54)     Dead                           Min: 0, Avg:  0.0, Max: 0, Diff: 0, Sum: 0, Workers: 4
[924.772s][debug][gc,phases      ] GC(54)     Total                          Min: 0, Avg:  0.0, Max: 0, Diff: 0, Sum: 0, Workers: 4
[924.772s][debug][gc,phases      ] GC(54)   StringTable Weak               Min:  0.0, Avg:  0.1, Max:  0.2, Diff:  0.2, Sum:  0.5, Workers: 4
[924.772s][debug][gc,phases      ] GC(54)     Dead                           Min: 0, Avg:  0.5, Max: 1, Diff: 1, Sum: 2, Workers: 4
[924.772s][debug][gc,phases      ] GC(54)     Total                          Min: 0, Avg: 11731.8, Max: 16144, Diff: 16144, Sum: 46927, Workers: 4
[924.772s][debug][gc,phases      ] GC(54)   ResolvedMethodTable Weak       Min:  0.0, Avg:  0.0, Max:  0.1, Diff:  0.1, Sum:  0.2, Workers: 4
[924.772s][debug][gc,phases      ] GC(54)     Dead                           Min: 0, Avg:  6.8, Max: 27, Diff: 27, Sum: 27, Workers: 4
[924.772s][debug][gc,phases      ] GC(54)     Total                          Min: 0, Avg: 3913.5, Max: 5530, Diff: 5530, Sum: 15654, Workers: 4
[924.772s][debug][gc,phases      ] GC(54)   JNI Weak                       Min:  0.0, Avg:  0.0, Max:  0.0, Diff:  0.0, Sum:  0.0, Workers: 4
[924.772s][debug][gc,phases      ] GC(54)     Dead                           Min: 0, Avg:  0.0, Max: 0, Diff: 0, Sum: 0, Workers: 4
[924.772s][debug][gc,phases      ] GC(54)     Total                          Min: 0, Avg: 13.2, Max: 48, Diff: 48, Sum: 53, Workers: 4
[924.772s][debug][gc,phases      ] GC(54)   StringDedup Table Weak         Min:  0.0, Avg:  0.0, Max:  0.0, Diff:  0.0, Sum:  0.0, Workers: 4
[924.772s][debug][gc,phases      ] GC(54)     Dead                           Min: 0, Avg:  0.0, Max: 0, Diff: 0, Sum: 0, Workers: 4
[924.772s][debug][gc,phases      ] GC(54)     Total                          Min: 0, Avg:  0.0, Max: 0, Diff: 0, Sum: 0, Workers: 4
[924.772s][debug][gc,phases      ] GC(54)   StringDedup Requests0 Weak     Min:  0.0, Avg:  0.0, Max:  0.0, Diff:  0.0, Sum:  0.0, Workers: 4
[924.772s][debug][gc,phases      ] GC(54)     Dead                           Min: 0, Avg:  0.0, Max: 0, Diff: 0, Sum: 0, Workers: 4
[924.772s][debug][gc,phases      ] GC(54)     Total                          Min: 0, Avg:  0.0, Max: 0, Diff: 0, Sum: 0, Workers: 4
[924.772s][debug][gc,phases      ] GC(54)   StringDedup Requests1 Weak     Min:  0.0, Avg:  0.0, Max:  0.0, Diff:  0.0, Sum:  0.0, Workers: 4
[924.772s][debug][gc,phases      ] GC(54)     Dead                           Min: 0, Avg:  0.0, Max: 0, Diff: 0, Sum: 0, Workers: 4
[924.772s][debug][gc,phases      ] GC(54)     Total                          Min: 0, Avg:  0.0, Max: 0, Diff: 0, Sum: 0, Workers: 4
[924.772s][debug][gc,phases      ] GC(54)   Weak JFR Old Object Samples    Min:  0.0, Avg:  0.0, Max:  0.0, Diff:  0.0, Sum:  0.0, Workers: 4
[924.772s][debug][gc,phases      ] GC(54)     Dead                           Min: 0, Avg:  0.0, Max: 0, Diff: 0, Sum: 0, Workers: 4
[924.772s][debug][gc,phases      ] GC(54)     Total                          Min: 0, Avg:  0.0, Max: 0, Diff: 0, Sum: 0, Workers: 4
[924.772s][debug][gc,phases      ] GC(54) Weak Processing 0.399ms
[924.772s][debug][gc,age         ] GC(54) Desired survivor size 60817408 bytes, new threshold 1 (max threshold 15)
[924.772s][info ][gc,heap        ] GC(54) PSYoungGen: 2014224K(2035712K)->35376K(2035712K) Eden: 1974272K(1974272K)->0K(1974272K) From: 39952K(61440K)->35376K(61440K)
[924.772s][info ][gc,heap        ] GC(54) ParOldGen: 920825K(921088K)->956853K(956928K)
[924.772s][info ][gc,metaspace   ] GC(54) Metaspace: 108126K(109440K)->108126K(109440K) NonClass: 91867K(92608K)->91867K(92608K) Class: 16258K(16832K)->16258K(16832K)
[924.772s][info ][gc             ] GC(54) Pause Young (Allocation Failure) 2866M->968M(2922M) 31.290ms
[924.772s][info ][gc,cpu         ] GC(54) User=0.09s Sys=0.03s Real=0.03s
[924.772s][info ][safepoint      ] Safepoint "ParallelGCFailedAllocation", Time since last: 1566078106 ns, Reaching safepoint: 9901 ns, Cleanup: 16901 ns, At safepoint: 31563034 ns, Total: 31589836 ns
[925.774s][info ][safepoint      ] Safepoint "Cleanup", Time since last: 1001142100 ns, Reaching safepoint: 87507 ns, Cleanup: 36403 ns, At safepoint: 17101 ns, Total: 141011 ns
[926.774s][info ][safepoint      ] Safepoint "Cleanup", Time since last: 1000111682 ns, Reaching safepoint: 78507 ns, Cleanup: 23401 ns, At safepoint: 7101 ns, Total: 109009 ns
[927.774s][info ][safepoint      ] Safepoint "Cleanup", Time since last: 1000123384 ns, Reaching safepoint: 81606 ns, Cleanup: 42803 ns, At safepoint: 11901 ns, Total: 136310 ns
[928.774s][info ][safepoint      ] Safepoint "Cleanup", Time since last: 1000100682 ns, Reaching safepoint: 6600 ns, Cleanup: 20702 ns, At safepoint: 3000 ns, Total: 30302 ns
[929.774s][info ][safepoint      ] Safepoint "Cleanup", Time since last: 1000116852 ns, Reaching safepoint: 6200 ns, Cleanup: 13600 ns, At safepoint: 2801 ns, Total: 22601 ns
[930.775s][info ][safepoint      ] Safepoint "Cleanup", Time since last: 1000641180 ns, Reaching safepoint: 151307 ns, Cleanup: 20601 ns, At safepoint: 20301 ns, Total: 192209 ns
[931.776s][info ][safepoint      ] Safepoint "Cleanup", Time since last: 1001097701 ns, Reaching safepoint: 87604 ns, Cleanup: 23901 ns, At safepoint: 15201 ns, Total: 126706 ns
[932.778s][info ][safepoint      ] Safepoint "Cleanup", Time since last: 1001663327 ns, Reaching safepoint: 99105 ns, Cleanup: 31901 ns, At safepoint: 13401 ns, Total: 144407 ns
[932.880s][info ][gc,start       ] GC(55) Pause Young (Allocation Failure)
[932.914s][debug][gc,phases      ] GC(55) Scavenge 33.672ms
[932.914s][debug][gc,ref         ] GC(55) ReferenceProcessor::execute queues: 1, RefProcThreadModel::Single, marks_oops_alive: false
[932.914s][debug][gc,ref         ] GC(55) Skipped KeepAliveFinalRefsPhase of Reference Processing: no references
[932.914s][debug][gc,ref         ] GC(55) ReferenceProcessor::execute queues: 1, RefProcThreadModel::Single, marks_oops_alive: false
[932.914s][debug][gc,phases      ] GC(55) Reference Processing 0.123ms
[932.914s][debug][gc,phases      ] GC(55)   VM Weak                        Min:  0.0, Avg:  0.0, Max:  0.0, Diff:  0.0, Sum:  0.0, Workers: 4
[932.914s][debug][gc,phases      ] GC(55)     Dead                           Min: 0, Avg:  0.0, Max: 0, Diff: 0, Sum: 0, Workers: 4
[932.914s][debug][gc,phases      ] GC(55)     Total                          Min: 0, Avg: 259.0, Max: 524, Diff: 524, Sum: 1036, Workers: 4
[932.914s][debug][gc,phases      ] GC(55)   ObjectSynchronizer Weak        Min:  0.0, Avg:  0.0, Max:  0.0, Diff:  0.0, Sum:  0.0, Workers: 4
[932.914s][debug][gc,phases      ] GC(55)     Dead                           Min: 0, Avg:  0.0, Max: 0, Diff: 0, Sum: 0, Workers: 4
[932.914s][debug][gc,phases      ] GC(55)     Total                          Min: 0, Avg:  1.5, Max: 6, Diff: 6, Sum: 6, Workers: 4
[932.914s][debug][gc,phases      ] GC(55)   JVMTI Tag Weak OopStorage      Min:  0.0, Avg:  0.0, Max:  0.0, Diff:  0.0, Sum:  0.0, Workers: 4
[932.914s][debug][gc,phases      ] GC(55)     Dead                           Min: 0, Avg:  0.0, Max: 0, Diff: 0, Sum: 0, Workers: 4
[932.914s][debug][gc,phases      ] GC(55)     Total                          Min: 0, Avg:  0.0, Max: 0, Diff: 0, Sum: 0, Workers: 4
[932.914s][debug][gc,phases      ] GC(55)   StringTable Weak               Min:  0.1, Avg:  0.1, Max:  0.1, Diff:  0.0, Sum:  0.5, Workers: 4
[932.914s][debug][gc,phases      ] GC(55)     Dead                           Min: 0, Avg:  0.5, Max: 2, Diff: 2, Sum: 2, Workers: 4
[932.914s][debug][gc,phases      ] GC(55)     Total                          Min: 10174, Avg: 11740.5, Max: 13364, Diff: 3190, Sum: 46962, Workers: 4
[932.914s][debug][gc,phases      ] GC(55)   ResolvedMethodTable Weak       Min:  0.0, Avg:  0.0, Max:  0.0, Diff:  0.0, Sum:  0.2, Workers: 4
[932.914s][debug][gc,phases      ] GC(55)     Dead                           Min: 0, Avg:  1.0, Max: 3, Diff: 3, Sum: 4, Workers: 4
[932.914s][debug][gc,phases      ] GC(55)     Total                          Min: 3600, Avg: 3922.5, Max: 4193, Diff: 593, Sum: 15690, Workers: 4
[932.914s][debug][gc,phases      ] GC(55)   JNI Weak                       Min:  0.0, Avg:  0.0, Max:  0.0, Diff:  0.0, Sum:  0.0, Workers: 4
[932.914s][debug][gc,phases      ] GC(55)     Dead                           Min: 0, Avg:  0.0, Max: 0, Diff: 0, Sum: 0, Workers: 4
[932.914s][debug][gc,phases      ] GC(55)     Total                          Min: 0, Avg: 13.0, Max: 48, Diff: 48, Sum: 52, Workers: 4
[932.915s][debug][gc,phases      ] GC(55)   StringDedup Table Weak         Min:  0.0, Avg:  0.0, Max:  0.0, Diff:  0.0, Sum:  0.0, Workers: 4
[932.915s][debug][gc,phases      ] GC(55)     Dead                           Min: 0, Avg:  0.0, Max: 0, Diff: 0, Sum: 0, Workers: 4
[932.915s][debug][gc,phases      ] GC(55)     Total                          Min: 0, Avg:  0.0, Max: 0, Diff: 0, Sum: 0, Workers: 4
[932.915s][debug][gc,phases      ] GC(55)   StringDedup Requests0 Weak     Min:  0.0, Avg:  0.0, Max:  0.0, Diff:  0.0, Sum:  0.0, Workers: 4
[932.915s][debug][gc,phases      ] GC(55)     Dead                           Min: 0, Avg:  0.0, Max: 0, Diff: 0, Sum: 0, Workers: 4
[932.915s][debug][gc,phases      ] GC(55)     Total                          Min: 0, Avg:  0.0, Max: 0, Diff: 0, Sum: 0, Workers: 4
[932.915s][debug][gc,phases      ] GC(55)   StringDedup Requests1 Weak     Min:  0.0, Avg:  0.0, Max:  0.0, Diff:  0.0, Sum:  0.0, Workers: 4
[932.915s][debug][gc,phases      ] GC(55)     Dead                           Min: 0, Avg:  0.0, Max: 0, Diff: 0, Sum: 0, Workers: 4
[932.915s][debug][gc,phases      ] GC(55)     Total                          Min: 0, Avg:  0.0, Max: 0, Diff: 0, Sum: 0, Workers: 4
[932.915s][debug][gc,phases      ] GC(55)   Weak JFR Old Object Samples    Min:  0.0, Avg:  0.0, Max:  0.0, Diff:  0.0, Sum:  0.0, Workers: 4
[932.915s][debug][gc,phases      ] GC(55)     Dead                           Min: 0, Avg:  0.0, Max: 0, Diff: 0, Sum: 0, Workers: 4
[932.915s][debug][gc,phases      ] GC(55)     Total                          Min: 0, Avg:  0.0, Max: 0, Diff: 0, Sum: 0, Workers: 4
[932.915s][debug][gc,phases      ] GC(55) Weak Processing 0.352ms
[932.915s][debug][gc,age         ] GC(55) Desired survivor size 58720256 bytes, new threshold 1 (max threshold 15)
[932.915s][info ][gc,heap        ] GC(55) PSYoungGen: 2009648K(2035712K)->33776K(2039808K) Eden: 1974272K(1974272K)->0K(1980416K) From: 35376K(61440K)->33776K(59392K)
[932.915s][info ][gc,heap        ] GC(55) ParOldGen: 956853K(956928K)->990199K(990208K)
[932.915s][info ][gc,metaspace   ] GC(55) Metaspace: 108198K(109504K)->108198K(109504K) NonClass: 91924K(92672K)->91924K(92672K) Class: 16273K(16832K)->16273K(16832K)
[932.915s][info ][gc             ] GC(55) Pause Young (Allocation Failure) 2896M->999M(2959M) 34.291ms
[932.915s][info ][gc,cpu         ] GC(55) User=0.11s Sys=0.02s Real=0.04s
[932.915s][info ][safepoint      ] Safepoint "ParallelGCFailedAllocation", Time since last: 102050699 ns, Reaching safepoint: 88304 ns, Cleanup: 12701 ns, At safepoint: 34384786 ns, Total: 34485791 ns
[933.915s][info ][safepoint      ] Safepoint "Cleanup", Time since last: 1000101024 ns, Reaching safepoint: 8600 ns, Cleanup: 24502 ns, At safepoint: 6601 ns, Total: 39703 ns
[934.915s][info ][safepoint      ] Safepoint "Cleanup", Time since last: 1000103724 ns, Reaching safepoint: 84206 ns, Cleanup: 20002 ns, At safepoint: 15301 ns, Total: 119509 ns
[935.915s][info ][safepoint      ] Safepoint "Cleanup", Time since last: 1000124825 ns, Reaching safepoint: 84707 ns, Cleanup: 15201 ns, At safepoint: 12401 ns, Total: 112309 ns
[936.917s][info ][safepoint      ] Safepoint "Cleanup", Time since last: 1001229210 ns, Reaching safepoint: 85306 ns, Cleanup: 16002 ns, At safepoint: 14401 ns, Total: 115709 ns
[937.918s][info ][safepoint      ] Safepoint "Cleanup", Time since last: 1001369276 ns, Reaching safepoint: 88106 ns, Cleanup: 12400 ns, At safepoint: 11001 ns, Total: 111507 ns
[938.932s][info ][safepoint      ] Safepoint "Cleanup", Time since last: 1002165962 ns, Reaching safepoint: 104206 ns, Cleanup: 9500 ns, At safepoint: 11509194 ns, Total: 11622900 ns
[939.932s][info ][safepoint      ] Safepoint "Cleanup", Time since last: 1000117538 ns, Reaching safepoint: 7300 ns, Cleanup: 17701 ns, At safepoint: 3001 ns, Total: 28002 ns
[940.932s][info ][safepoint      ] Safepoint "Cleanup", Time since last: 1000117638 ns, Reaching safepoint: 7300 ns, Cleanup: 10501 ns, At safepoint: 2800 ns, Total: 20601 ns
[941.932s][info ][safepoint      ] Safepoint "Cleanup", Time since last: 1000114739 ns, Reaching safepoint: 79105 ns, Cleanup: 42604 ns, At safepoint: 6400 ns, Total: 128109 ns
[941.973s][info ][gc,start       ] GC(56) Pause Young (Allocation Failure)
[942.005s][debug][gc,phases      ] GC(56) Scavenge 31.106ms
[942.005s][debug][gc,ref         ] GC(56) ReferenceProcessor::execute queues: 1, RefProcThreadModel::Single, marks_oops_alive: false
[942.005s][debug][gc,ref         ] GC(56) Skipped KeepAliveFinalRefsPhase of Reference Processing: no references
[942.005s][debug][gc,ref         ] GC(56) ReferenceProcessor::execute queues: 1, RefProcThreadModel::Single, marks_oops_alive: false
[942.005s][debug][gc,phases      ] GC(56) Reference Processing 0.121ms
[942.005s][debug][gc,phases      ] GC(56)   VM Weak                        Min:  0.0, Avg:  0.0, Max:  0.0, Diff:  0.0, Sum:  0.0, Workers: 4
[942.005s][debug][gc,phases      ] GC(56)     Dead                           Min: 0, Avg:  0.0, Max: 0, Diff: 0, Sum: 0, Workers: 4
[942.005s][debug][gc,phases      ] GC(56)     Total                          Min: 0, Avg: 260.0, Max: 896, Diff: 896, Sum: 1040, Workers: 4
[942.005s][debug][gc,phases      ] GC(56)   ObjectSynchronizer Weak        Min:  0.0, Avg:  0.0, Max:  0.0, Diff:  0.0, Sum:  0.0, Workers: 4
[942.005s][debug][gc,phases      ] GC(56)     Dead                           Min: 0, Avg:  0.0, Max: 0, Diff: 0, Sum: 0, Workers: 4
[942.005s][debug][gc,phases      ] GC(56)     Total                          Min: 0, Avg:  1.5, Max: 6, Diff: 6, Sum: 6, Workers: 4
[942.005s][debug][gc,phases      ] GC(56)   JVMTI Tag Weak OopStorage      Min:  0.0, Avg:  0.0, Max:  0.0, Diff:  0.0, Sum:  0.0, Workers: 4
[942.005s][debug][gc,phases      ] GC(56)     Dead                           Min: 0, Avg:  0.0, Max: 0, Diff: 0, Sum: 0, Workers: 4
[942.005s][debug][gc,phases      ] GC(56)     Total                          Min: 0, Avg:  0.0, Max: 0, Diff: 0, Sum: 0, Workers: 4
[942.005s][debug][gc,phases      ] GC(56)   StringTable Weak               Min:  0.0, Avg:  0.1, Max:  0.2, Diff:  0.2, Sum:  0.5, Workers: 4
[942.005s][debug][gc,phases      ] GC(56)     Dead                           Min: 0, Avg:  0.5, Max: 1, Diff: 1, Sum: 2, Workers: 4
[942.005s][debug][gc,phases      ] GC(56)     Total                          Min: 0, Avg: 11753.0, Max: 16064, Diff: 16064, Sum: 47012, Workers: 4
[942.005s][debug][gc,phases      ] GC(56)   ResolvedMethodTable Weak       Min:  0.0, Avg:  0.1, Max:  0.1, Diff:  0.1, Sum:  0.2, Workers: 4
[942.005s][debug][gc,phases      ] GC(56)     Dead                           Min: 0, Avg:  4.8, Max: 11, Diff: 11, Sum: 19, Workers: 4
[942.005s][debug][gc,phases      ] GC(56)     Total                          Min: 0, Avg: 3928.2, Max: 5497, Diff: 5497, Sum: 15713, Workers: 4
[942.005s][debug][gc,phases      ] GC(56)   JNI Weak                       Min:  0.0, Avg:  0.0, Max:  0.0, Diff:  0.0, Sum:  0.0, Workers: 4
[942.005s][debug][gc,phases      ] GC(56)     Dead                           Min: 0, Avg:  0.0, Max: 0, Diff: 0, Sum: 0, Workers: 4
[942.005s][debug][gc,phases      ] GC(56)     Total                          Min: 0, Avg: 13.0, Max: 48, Diff: 48, Sum: 52, Workers: 4
[942.005s][debug][gc,phases      ] GC(56)   StringDedup Table Weak         Min:  0.0, Avg:  0.0, Max:  0.0, Diff:  0.0, Sum:  0.0, Workers: 4
[942.005s][debug][gc,phases      ] GC(56)     Dead                           Min: 0, Avg:  0.0, Max: 0, Diff: 0, Sum: 0, Workers: 4
[942.005s][debug][gc,phases      ] GC(56)     Total                          Min: 0, Avg:  0.0, Max: 0, Diff: 0, Sum: 0, Workers: 4
[942.005s][debug][gc,phases      ] GC(56)   StringDedup Requests0 Weak     Min:  0.0, Avg:  0.0, Max:  0.0, Diff:  0.0, Sum:  0.0, Workers: 4
[942.005s][debug][gc,phases      ] GC(56)     Dead                           Min: 0, Avg:  0.0, Max: 0, Diff: 0, Sum: 0, Workers: 4
[942.005s][debug][gc,phases      ] GC(56)     Total                          Min: 0, Avg:  0.0, Max: 0, Diff: 0, Sum: 0, Workers: 4
[942.005s][debug][gc,phases      ] GC(56)   StringDedup Requests1 Weak     Min:  0.0, Avg:  0.0, Max:  0.0, Diff:  0.0, Sum:  0.0, Workers: 4
[942.005s][debug][gc,phases      ] GC(56)     Dead                           Min: 0, Avg:  0.0, Max: 0, Diff: 0, Sum: 0, Workers: 4
[942.005s][debug][gc,phases      ] GC(56)     Total                          Min: 0, Avg:  0.0, Max: 0, Diff: 0, Sum: 0, Workers: 4
[942.005s][debug][gc,phases      ] GC(56)   Weak JFR Old Object Samples    Min:  0.0, Avg:  0.0, Max:  0.0, Diff:  0.0, Sum:  0.0, Workers: 4
[942.005s][debug][gc,phases      ] GC(56)     Dead                           Min: 0, Avg:  0.0, Max: 0, Diff: 0, Sum: 0, Workers: 4
[942.005s][debug][gc,phases      ] GC(56)     Total                          Min: 0, Avg:  0.0, Max: 0, Diff: 0, Sum: 0, Workers: 4
[942.005s][debug][gc,phases      ] GC(56) Weak Processing 0.497ms
[942.005s][debug][gc,age         ] GC(56) Desired survivor size 57147392 bytes, new threshold 1 (max threshold 15)
[942.005s][info ][gc,heap        ] GC(56) PSYoungGen: 2014192K(2039808K)->27744K(2037760K) Eden: 1980416K(1980416K)->0K(1980416K) From: 33776K(59392K)->27744K(57344K)
[942.005s][info ][gc,heap        ] GC(56) ParOldGen: 990199K(990208K)->1021752K(1021952K)
[942.005s][info ][gc,metaspace   ] GC(56) Metaspace: 108273K(109568K)->108273K(109568K) NonClass: 91992K(92736K)->91992K(92736K) Class: 16281K(16832K)->16281K(16832K)
[942.005s][info ][gc             ] GC(56) Pause Young (Allocation Failure) 2933M->1024M(2988M) 31.867ms
[942.005s][info ][gc,cpu         ] GC(56) User=0.09s Sys=0.02s Real=0.04s
[942.005s][info ][safepoint      ] Safepoint "ParallelGCFailedAllocation", Time since last: 40943900 ns, Reaching safepoint: 6701 ns, Cleanup: 3700 ns, At safepoint: 31948041 ns, Total: 31958442 ns
[943.006s][info ][safepoint      ] Safepoint "Cleanup", Time since last: 1000104483 ns, Reaching safepoint: 83706 ns, Cleanup: 14301 ns, At safepoint: 6800 ns, Total: 104807 ns
[945.006s][info ][safepoint      ] Safepoint "Cleanup", Time since last: 2000210666 ns, Reaching safepoint: 83206 ns, Cleanup: 14401 ns, At safepoint: 6500 ns, Total: 104107 ns
[947.006s][info ][safepoint      ] Safepoint "Cleanup", Time since last: 2000158799 ns, Reaching safepoint: 78905 ns, Cleanup: 9401 ns, At safepoint: 7800 ns, Total: 96106 ns
[948.006s][info ][safepoint      ] Safepoint "Cleanup", Time since last: 1000102937 ns, Reaching safepoint: 7500 ns, Cleanup: 18601 ns, At safepoint: 2400 ns, Total: 28501 ns
[949.006s][info ][safepoint      ] Safepoint "Cleanup", Time since last: 1000116838 ns, Reaching safepoint: 8000 ns, Cleanup: 17401 ns, At safepoint: 2700 ns, Total: 28101 ns
[950.007s][info ][safepoint      ] Safepoint "Cleanup", Time since last: 1000118638 ns, Reaching safepoint: 7900 ns, Cleanup: 20701 ns, At safepoint: 3500 ns, Total: 32101 ns
[951.007s][info ][safepoint      ] Safepoint "Cleanup", Time since last: 1000116220 ns, Reaching safepoint: 7300 ns, Cleanup: 11301 ns, At safepoint: 3100 ns, Total: 21701 ns
[952.007s][info ][safepoint      ] Safepoint "Cleanup", Time since last: 1000115125 ns, Reaching safepoint: 6900 ns, Cleanup: 11601 ns, At safepoint: 3001 ns, Total: 21502 ns
[955.007s][info ][safepoint      ] Safepoint "Cleanup", Time since last: 3000257327 ns, Reaching safepoint: 6800 ns, Cleanup: 10801 ns, At safepoint: 2800 ns, Total: 20401 ns
[956.007s][info ][safepoint      ] Safepoint "Cleanup", Time since last: 1000119272 ns, Reaching safepoint: 7001 ns, Cleanup: 25001 ns, At safepoint: 2800 ns, Total: 34802 ns
[957.007s][info ][safepoint      ] Safepoint "Cleanup", Time since last: 1000115133 ns, Reaching safepoint: 6901 ns, Cleanup: 11500 ns, At safepoint: 2501 ns, Total: 20902 ns
[957.252s][info ][gc,start       ] GC(57) Pause Young (Allocation Failure)
[957.274s][debug][gc,phases      ] GC(57) Scavenge 22.684ms
[957.275s][debug][gc,ref         ] GC(57) ReferenceProcessor::execute queues: 1, RefProcThreadModel::Single, marks_oops_alive: false
[957.275s][debug][gc,ref         ] GC(57) Skipped KeepAliveFinalRefsPhase of Reference Processing: no references
[957.275s][debug][gc,ref         ] GC(57) ReferenceProcessor::execute queues: 1, RefProcThreadModel::Single, marks_oops_alive: false
[957.275s][debug][gc,phases      ] GC(57) Reference Processing 0.125ms
[957.275s][debug][gc,phases      ] GC(57)   VM Weak                        Min:  0.0, Avg:  0.0, Max:  0.0, Diff:  0.0, Sum:  0.0, Workers: 4
[957.275s][debug][gc,phases      ] GC(57)     Dead                           Min: 0, Avg:  0.0, Max: 0, Diff: 0, Sum: 0, Workers: 4
[957.275s][debug][gc,phases      ] GC(57)     Total                          Min: 0, Avg: 260.0, Max: 640, Diff: 640, Sum: 1040, Workers: 4
[957.275s][debug][gc,phases      ] GC(57)   ObjectSynchronizer Weak        Min:  0.0, Avg:  0.0, Max:  0.0, Diff:  0.0, Sum:  0.0, Workers: 4
[957.275s][debug][gc,phases      ] GC(57)     Dead                           Min: 0, Avg:  0.0, Max: 0, Diff: 0, Sum: 0, Workers: 4
[957.275s][debug][gc,phases      ] GC(57)     Total                          Min: 0, Avg:  1.5, Max: 6, Diff: 6, Sum: 6, Workers: 4
[957.275s][debug][gc,phases      ] GC(57)   JVMTI Tag Weak OopStorage      Min:  0.0, Avg:  0.0, Max:  0.0, Diff:  0.0, Sum:  0.0, Workers: 4
[957.275s][debug][gc,phases      ] GC(57)     Dead                           Min: 0, Avg:  0.0, Max: 0, Diff: 0, Sum: 0, Workers: 4
[957.275s][debug][gc,phases      ] GC(57)     Total                          Min: 0, Avg:  0.0, Max: 0, Diff: 0, Sum: 0, Workers: 4
[957.275s][debug][gc,phases      ] GC(57)   StringTable Weak               Min:  0.0, Avg:  0.1, Max:  0.2, Diff:  0.2, Sum:  0.5, Workers: 4
[957.275s][debug][gc,phases      ] GC(57)     Dead                           Min: 0, Avg:  0.2, Max: 1, Diff: 1, Sum: 1, Workers: 4
[957.275s][debug][gc,phases      ] GC(57)     Total                          Min: 0, Avg: 11755.0, Max: 24319, Diff: 24319, Sum: 47020, Workers: 4
[957.275s][debug][gc,phases      ] GC(57)   ResolvedMethodTable Weak       Min:  0.0, Avg:  0.1, Max:  0.1, Diff:  0.1, Sum:  0.2, Workers: 4
[957.275s][debug][gc,phases      ] GC(57)     Dead                           Min: 0, Avg:  0.2, Max: 1, Diff: 1, Sum: 1, Workers: 4
[957.275s][debug][gc,phases      ] GC(57)     Total                          Min: 0, Avg: 3931.8, Max: 7959, Diff: 7959, Sum: 15727, Workers: 4
[957.275s][debug][gc,phases      ] GC(57)   JNI Weak                       Min:  0.0, Avg:  0.0, Max:  0.0, Diff:  0.0, Sum:  0.0, Workers: 4
[957.275s][debug][gc,phases      ] GC(57)     Dead                           Min: 0, Avg:  0.0, Max: 0, Diff: 0, Sum: 0, Workers: 4
[957.275s][debug][gc,phases      ] GC(57)     Total                          Min: 0, Avg: 13.0, Max: 48, Diff: 48, Sum: 52, Workers: 4
[957.275s][debug][gc,phases      ] GC(57)   StringDedup Table Weak         Min:  0.0, Avg:  0.0, Max:  0.0, Diff:  0.0, Sum:  0.0, Workers: 4
[957.275s][debug][gc,phases      ] GC(57)     Dead                           Min: 0, Avg:  0.0, Max: 0, Diff: 0, Sum: 0, Workers: 4
[957.275s][debug][gc,phases      ] GC(57)     Total                          Min: 0, Avg:  0.0, Max: 0, Diff: 0, Sum: 0, Workers: 4
[957.275s][debug][gc,phases      ] GC(57)   StringDedup Requests0 Weak     Min:  0.0, Avg:  0.0, Max:  0.0, Diff:  0.0, Sum:  0.0, Workers: 4
[957.275s][debug][gc,phases      ] GC(57)     Dead                           Min: 0, Avg:  0.0, Max: 0, Diff: 0, Sum: 0, Workers: 4
[957.275s][debug][gc,phases      ] GC(57)     Total                          Min: 0, Avg:  0.0, Max: 0, Diff: 0, Sum: 0, Workers: 4
[957.275s][debug][gc,phases      ] GC(57)   StringDedup Requests1 Weak     Min:  0.0, Avg:  0.0, Max:  0.0, Diff:  0.0, Sum:  0.0, Workers: 4
[957.275s][debug][gc,phases      ] GC(57)     Dead                           Min: 0, Avg:  0.0, Max: 0, Diff: 0, Sum: 0, Workers: 4
[957.275s][debug][gc,phases      ] GC(57)     Total                          Min: 0, Avg:  0.0, Max: 0, Diff: 0, Sum: 0, Workers: 4
[957.275s][debug][gc,phases      ] GC(57)   Weak JFR Old Object Samples    Min:  0.0, Avg:  0.0, Max:  0.0, Diff:  0.0, Sum:  0.0, Workers: 4
[957.275s][debug][gc,phases      ] GC(57)     Dead                           Min: 0, Avg:  0.0, Max: 0, Diff: 0, Sum: 0, Workers: 4
[957.275s][debug][gc,phases      ] GC(57)     Total                          Min: 0, Avg:  0.0, Max: 0, Diff: 0, Sum: 0, Workers: 4
[957.275s][debug][gc,phases      ] GC(57) Weak Processing 0.521ms
[957.275s][debug][gc,age         ] GC(57) Desired survivor size 57147392 bytes, new threshold 1 (max threshold 15)
[957.275s][info ][gc,heap        ] GC(57) PSYoungGen: 2008160K(2037760K)->18464K(2041344K) Eden: 1980416K(1980416K)->0K(1985536K) From: 27744K(57344K)->18464K(55808K)
[957.275s][info ][gc,heap        ] GC(57) ParOldGen: 1021752K(1021952K)->1045014K(1045504K)
[957.275s][info ][gc,metaspace   ] GC(57) Metaspace: 108367K(109760K)->108367K(109760K) NonClass: 92081K(92864K)->92081K(92864K) Class: 16286K(16896K)->16286K(16896K)
[957.275s][info ][gc             ] GC(57) Pause Young (Allocation Failure) 2958M->1038M(3014M) 23.475ms
[957.275s][info ][gc,cpu         ] GC(57) User=0.08s Sys=0.01s Real=0.03s
[957.275s][info ][safepoint      ] Safepoint "ParallelGCFailedAllocation", Time since last: 244261952 ns, Reaching safepoint: 79106 ns, Cleanup: 4600 ns, At safepoint: 23569646 ns, Total: 23653352 ns
[958.275s][info ][safepoint      ] Safepoint "Cleanup", Time since last: 1000095519 ns, Reaching safepoint: 6301 ns, Cleanup: 9100 ns, At safepoint: 2600 ns, Total: 18001 ns
[959.276s][info ][safepoint      ] Safepoint "Cleanup", Time since last: 1000108721 ns, Reaching safepoint: 6900 ns, Cleanup: 13501 ns, At safepoint: 3000 ns, Total: 23401 ns
[960.276s][info ][safepoint      ] Safepoint "Cleanup", Time since last: 1000138023 ns, Reaching safepoint: 9401 ns, Cleanup: 18401 ns, At safepoint: 2900 ns, Total: 30702 ns
[961.535s][info ][safepoint      ] Safepoint "Cleanup", Time since last: 1259669241 ns, Reaching safepoint: 8301 ns, Cleanup: 12901 ns, At safepoint: 2500 ns, Total: 23702 ns
[962.536s][info ][safepoint      ] Safepoint "Cleanup", Time since last: 1000117558 ns, Reaching safepoint: 9001 ns, Cleanup: 26101 ns, At safepoint: 2401 ns, Total: 37503 ns
[963.536s][info ][safepoint      ] Safepoint "Cleanup", Time since last: 1000120361 ns, Reaching safepoint: 8200 ns, Cleanup: 23802 ns, At safepoint: 2900 ns, Total: 34902 ns
[964.536s][info ][safepoint      ] Safepoint "Cleanup", Time since last: 1000121461 ns, Reaching safepoint: 9201 ns, Cleanup: 22801 ns, At safepoint: 3600 ns, Total: 35602 ns
[966.536s][info ][safepoint      ] Safepoint "Cleanup", Time since last: 2000198977 ns, Reaching safepoint: 7301 ns, Cleanup: 28902 ns, At safepoint: 3200 ns, Total: 39403 ns
[967.536s][info ][safepoint      ] Safepoint "Cleanup", Time since last: 1000110218 ns, Reaching safepoint: 8801 ns, Cleanup: 19201 ns, At safepoint: 3100 ns, Total: 31102 ns
[968.536s][info ][safepoint      ] Safepoint "Cleanup", Time since last: 1000119920 ns, Reaching safepoint: 7300 ns, Cleanup: 63504 ns, At safepoint: 2701 ns, Total: 73505 ns
[969.537s][info ][safepoint      ] Safepoint "Cleanup", Time since last: 1000118919 ns, Reaching safepoint: 7600 ns, Cleanup: 57304 ns, At safepoint: 2600 ns, Total: 67504 ns
[970.537s][info ][safepoint      ] Safepoint "Cleanup", Time since last: 1000115536 ns, Reaching safepoint: 7500 ns, Cleanup: 11901 ns, At safepoint: 3000 ns, Total: 22401 ns
[974.537s][info ][safepoint      ] Safepoint "Cleanup", Time since last: 4000322736 ns, Reaching safepoint: 7201 ns, Cleanup: 10400 ns, At safepoint: 2901 ns, Total: 20502 ns
[976.537s][info ][safepoint      ] Safepoint "Cleanup", Time since last: 2000183886 ns, Reaching safepoint: 7000 ns, Cleanup: 11201 ns, At safepoint: 2900 ns, Total: 21101 ns
[977.537s][info ][safepoint      ] Safepoint "Cleanup", Time since last: 1000118445 ns, Reaching safepoint: 7401 ns, Cleanup: 13201 ns, At safepoint: 2400 ns, Total: 23002 ns
[978.538s][info ][safepoint      ] Safepoint "Cleanup", Time since last: 1000116570 ns, Reaching safepoint: 6601 ns, Cleanup: 32201 ns, At safepoint: 2600 ns, Total: 41402 ns
[979.538s][info ][safepoint      ] Safepoint "Cleanup", Time since last: 1000116409 ns, Reaching safepoint: 8000 ns, Cleanup: 33202 ns, At safepoint: 2800 ns, Total: 44002 ns
[980.538s][info ][safepoint      ] Safepoint "Cleanup", Time since last: 1000117909 ns, Reaching safepoint: 7200 ns, Cleanup: 14101 ns, At safepoint: 3000 ns, Total: 24301 ns
[981.538s][info ][safepoint      ] Safepoint "Cleanup", Time since last: 1000118347 ns, Reaching safepoint: 7200 ns, Cleanup: 11101 ns, At safepoint: 3200 ns, Total: 21501 ns
[982.538s][info ][safepoint      ] Safepoint "Cleanup", Time since last: 1000117319 ns, Reaching safepoint: 7900 ns, Cleanup: 13701 ns, At safepoint: 3400 ns, Total: 25001 ns
[983.151s][info ][gc,start       ] GC(58) Pause Young (Allocation Failure)
[983.166s][debug][gc,phases      ] GC(58) Scavenge 15.031ms
[983.166s][debug][gc,ref         ] GC(58) ReferenceProcessor::execute queues: 1, RefProcThreadModel::Single, marks_oops_alive: false
[983.166s][debug][gc,ref         ] GC(58) Skipped KeepAliveFinalRefsPhase of Reference Processing: no references
[983.166s][debug][gc,ref         ] GC(58) ReferenceProcessor::execute queues: 1, RefProcThreadModel::Single, marks_oops_alive: false
[983.166s][debug][gc,phases      ] GC(58) Reference Processing 0.124ms
[983.167s][debug][gc,phases      ] GC(58)   VM Weak                        Min:  0.0, Avg:  0.0, Max:  0.0, Diff:  0.0, Sum:  0.0, Workers: 4
[983.167s][debug][gc,phases      ] GC(58)     Dead                           Min: 0, Avg:  0.0, Max: 0, Diff: 0, Sum: 0, Workers: 4
[983.167s][debug][gc,phases      ] GC(58)     Total                          Min: 0, Avg: 260.0, Max: 1040, Diff: 1040, Sum: 1040, Workers: 4
[983.167s][debug][gc,phases      ] GC(58)   ObjectSynchronizer Weak        Min:  0.0, Avg:  0.0, Max:  0.0, Diff:  0.0, Sum:  0.0, Workers: 4
[983.167s][debug][gc,phases      ] GC(58)     Dead                           Min: 0, Avg:  0.0, Max: 0, Diff: 0, Sum: 0, Workers: 4
[983.167s][debug][gc,phases      ] GC(58)     Total                          Min: 0, Avg:  1.2, Max: 5, Diff: 5, Sum: 5, Workers: 4
[983.167s][debug][gc,phases      ] GC(58)   JVMTI Tag Weak OopStorage      Min:  0.0, Avg:  0.0, Max:  0.0, Diff:  0.0, Sum:  0.0, Workers: 4
[983.167s][debug][gc,phases      ] GC(58)     Dead                           Min: 0, Avg:  0.0, Max: 0, Diff: 0, Sum: 0, Workers: 4
[983.167s][debug][gc,phases      ] GC(58)     Total                          Min: 0, Avg:  0.0, Max: 0, Diff: 0, Sum: 0, Workers: 4
[983.167s][debug][gc,phases      ] GC(58)   StringTable Weak               Min:  0.0, Avg:  0.1, Max:  0.1, Diff:  0.1, Sum:  0.4, Workers: 4
[983.167s][debug][gc,phases      ] GC(58)     Dead                           Min: 0, Avg:  0.2, Max: 1, Diff: 1, Sum: 1, Workers: 4
[983.167s][debug][gc,phases      ] GC(58)     Total                          Min: 0, Avg: 11764.8, Max: 16896, Diff: 16896, Sum: 47059, Workers: 4
[983.167s][debug][gc,phases      ] GC(58)   ResolvedMethodTable Weak       Min:  0.0, Avg:  0.0, Max:  0.1, Diff:  0.1, Sum:  0.2, Workers: 4
[983.167s][debug][gc,phases      ] GC(58)     Dead                           Min: 0, Avg:  4.2, Max: 17, Diff: 17, Sum: 17, Workers: 4
[983.167s][debug][gc,phases      ] GC(58)     Total                          Min: 0, Avg: 3932.5, Max: 5614, Diff: 5614, Sum: 15730, Workers: 4
[983.167s][debug][gc,phases      ] GC(58)   JNI Weak                       Min:  0.0, Avg:  0.0, Max:  0.0, Diff:  0.0, Sum:  0.0, Workers: 4
[983.167s][debug][gc,phases      ] GC(58)     Dead                           Min: 0, Avg:  0.0, Max: 0, Diff: 0, Sum: 0, Workers: 4
[983.167s][debug][gc,phases      ] GC(58)     Total                          Min: 0, Avg: 13.0, Max: 48, Diff: 48, Sum: 52, Workers: 4
[983.167s][debug][gc,phases      ] GC(58)   StringDedup Table Weak         Min:  0.0, Avg:  0.0, Max:  0.0, Diff:  0.0, Sum:  0.0, Workers: 4
[983.167s][debug][gc,phases      ] GC(58)     Dead                           Min: 0, Avg:  0.0, Max: 0, Diff: 0, Sum: 0, Workers: 4
[983.167s][debug][gc,phases      ] GC(58)     Total                          Min: 0, Avg:  0.0, Max: 0, Diff: 0, Sum: 0, Workers: 4
[983.167s][debug][gc,phases      ] GC(58)   StringDedup Requests0 Weak     Min:  0.0, Avg:  0.0, Max:  0.0, Diff:  0.0, Sum:  0.0, Workers: 4
[983.167s][debug][gc,phases      ] GC(58)     Dead                           Min: 0, Avg:  0.0, Max: 0, Diff: 0, Sum: 0, Workers: 4
[983.167s][debug][gc,phases      ] GC(58)     Total                          Min: 0, Avg:  0.0, Max: 0, Diff: 0, Sum: 0, Workers: 4
[983.167s][debug][gc,phases      ] GC(58)   StringDedup Requests1 Weak     Min:  0.0, Avg:  0.0, Max:  0.0, Diff:  0.0, Sum:  0.0, Workers: 4
[983.167s][debug][gc,phases      ] GC(58)     Dead                           Min: 0, Avg:  0.0, Max: 0, Diff: 0, Sum: 0, Workers: 4
[983.167s][debug][gc,phases      ] GC(58)     Total                          Min: 0, Avg:  0.0, Max: 0, Diff: 0, Sum: 0, Workers: 4
[983.167s][debug][gc,phases      ] GC(58)   Weak JFR Old Object Samples    Min:  0.0, Avg:  0.0, Max:  0.0, Diff:  0.0, Sum:  0.0, Workers: 4
[983.167s][debug][gc,phases      ] GC(58)     Dead                           Min: 0, Avg:  0.0, Max: 0, Diff: 0, Sum: 0, Workers: 4
[983.167s][debug][gc,phases      ] GC(58)     Total                          Min: 0, Avg:  0.0, Max: 0, Diff: 0, Sum: 0, Workers: 4
[983.167s][debug][gc,phases      ] GC(58) Weak Processing 0.393ms
[983.167s][debug][gc,age         ] GC(58) Desired survivor size 58195968 bytes, new threshold 1 (max threshold 15)
[983.167s][info ][gc,heap        ] GC(58) PSYoungGen: 2004000K(2041344K)->11312K(1997312K) Eden: 1985536K(1985536K)->0K(1985536K) From: 18464K(55808K)->11312K(11776K)
[983.167s][info ][gc,heap        ] GC(58) ParOldGen: 1045014K(1045504K)->1060675K(1060864K)
[983.167s][info ][gc,metaspace   ] GC(58) Metaspace: 108405K(109760K)->108405K(109760K) NonClass: 92117K(92864K)->92117K(92864K) Class: 16288K(16896K)->16288K(16896K)
[983.167s][info ][gc             ] GC(58) Pause Young (Allocation Failure) 2977M->1046M(2986M) 15.688ms
[983.167s][info ][gc,cpu         ] GC(58) User=0.05s Sys=0.01s Real=0.02s
[983.167s][info ][safepoint      ] Safepoint "ParallelGCFailedAllocation", Time since last: 612916143 ns, Reaching safepoint: 80305 ns, Cleanup: 4301 ns, At safepoint: 15776597 ns, Total: 15861203 ns
[985.167s][info ][safepoint      ] Safepoint "Cleanup", Time since last: 2000187334 ns, Reaching safepoint: 6800 ns, Cleanup: 10501 ns, At safepoint: 2900 ns, Total: 20201 ns
[986.167s][info ][safepoint      ] Safepoint "Cleanup", Time since last: 1000114511 ns, Reaching safepoint: 6500 ns, Cleanup: 13201 ns, At safepoint: 2900 ns, Total: 22601 ns
[987.167s][info ][safepoint      ] Safepoint "Cleanup", Time since last: 1000114171 ns, Reaching safepoint: 6700 ns, Cleanup: 8401 ns, At safepoint: 3000 ns, Total: 18101 ns
[991.168s][info ][safepoint      ] Safepoint "Cleanup", Time since last: 4000317246 ns, Reaching safepoint: 6900 ns, Cleanup: 24602 ns, At safepoint: 2500 ns, Total: 34002 ns
[992.168s][info ][safepoint      ] Safepoint "Cleanup", Time since last: 1000118868 ns, Reaching safepoint: 6601 ns, Cleanup: 16001 ns, At safepoint: 2600 ns, Total: 25202 ns
[994.168s][info ][safepoint      ] Safepoint "Cleanup", Time since last: 2000192214 ns, Reaching safepoint: 6101 ns, Cleanup: 14100 ns, At safepoint: 2700 ns, Total: 22901 ns
[995.168s][info ][safepoint      ] Safepoint "Cleanup", Time since last: 1000101172 ns, Reaching safepoint: 6401 ns, Cleanup: 9600 ns, At safepoint: 3200 ns, Total: 19201 ns
[997.168s][info ][safepoint      ] Safepoint "Cleanup", Time since last: 2000167338 ns, Reaching safepoint: 7100 ns, Cleanup: 10601 ns, At safepoint: 2800 ns, Total: 20501 ns
[998.169s][info ][safepoint      ] Safepoint "Cleanup", Time since last: 1000105310 ns, Reaching safepoint: 8701 ns, Cleanup: 19701 ns, At safepoint: 2800 ns, Total: 31202 ns
[999.169s][info ][safepoint      ] Safepoint "Cleanup", Time since last: 1000110911 ns, Reaching safepoint: 6900 ns, Cleanup: 10501 ns, At safepoint: 2300 ns, Total: 19701 ns
[1002.169s][info ][safepoint      ] Safepoint "Cleanup", Time since last: 3000252128 ns, Reaching safepoint: 8301 ns, Cleanup: 12100 ns, At safepoint: 3100 ns, Total: 23501 ns
[1005.169s][info ][safepoint      ] Safepoint "Cleanup", Time since last: 3000258590 ns, Reaching safepoint: 5800 ns, Cleanup: 8200 ns, At safepoint: 2601 ns, Total: 16601 ns
[1006.169s][info ][safepoint      ] Safepoint "Cleanup", Time since last: 1000107630 ns, Reaching safepoint: 7101 ns, Cleanup: 12000 ns, At safepoint: 2801 ns, Total: 21902 ns
[1007.170s][info ][safepoint      ] Safepoint "Cleanup", Time since last: 1000106947 ns, Reaching safepoint: 7300 ns, Cleanup: 10701 ns, At safepoint: 2800 ns, Total: 20801 ns
[1008.170s][info ][safepoint      ] Safepoint "Cleanup", Time since last: 1000120776 ns, Reaching safepoint: 7700 ns, Cleanup: 11101 ns, At safepoint: 3300 ns, Total: 22101 ns
[1009.170s][info ][safepoint      ] Safepoint "Cleanup", Time since last: 1000588104 ns, Reaching safepoint: 83905 ns, Cleanup: 13400 ns, At safepoint: 13701 ns, Total: 111006 ns
[1009.304s][info ][gc,start       ] GC(59) Pause Young (Allocation Failure)
[1009.319s][debug][gc,phases      ] GC(59) Scavenge 14.072ms
[1009.319s][debug][gc,ref         ] GC(59) ReferenceProcessor::execute queues: 1, RefProcThreadModel::Single, marks_oops_alive: false
[1009.319s][debug][gc,ref         ] GC(59) Skipped KeepAliveFinalRefsPhase of Reference Processing: no references
[1009.319s][debug][gc,ref         ] GC(59) ReferenceProcessor::execute queues: 1, RefProcThreadModel::Single, marks_oops_alive: false
[1009.319s][debug][gc,phases      ] GC(59) Reference Processing 0.118ms
[1009.319s][debug][gc,phases      ] GC(59)   VM Weak                        Min:  0.0, Avg:  0.0, Max:  0.0, Diff:  0.0, Sum:  0.0, Workers: 4
[1009.319s][debug][gc,phases      ] GC(59)     Dead                           Min: 0, Avg:  0.0, Max: 0, Diff: 0, Sum: 0, Workers: 4
[1009.319s][debug][gc,phases      ] GC(59)     Total                          Min: 0, Avg: 260.0, Max: 640, Diff: 640, Sum: 1040, Workers: 4
[1009.319s][debug][gc,phases      ] GC(59)   ObjectSynchronizer Weak        Min:  0.0, Avg:  0.0, Max:  0.0, Diff:  0.0, Sum:  0.0, Workers: 4
[1009.319s][debug][gc,phases      ] GC(59)     Dead                           Min: 0, Avg:  0.0, Max: 0, Diff: 0, Sum: 0, Workers: 4
[1009.319s][debug][gc,phases      ] GC(59)     Total                          Min: 0, Avg:  1.5, Max: 6, Diff: 6, Sum: 6, Workers: 4
[1009.319s][debug][gc,phases      ] GC(59)   JVMTI Tag Weak OopStorage      Min:  0.0, Avg:  0.0, Max:  0.0, Diff:  0.0, Sum:  0.0, Workers: 4
[1009.319s][debug][gc,phases      ] GC(59)     Dead                           Min: 0, Avg:  0.0, Max: 0, Diff: 0, Sum: 0, Workers: 4
[1009.319s][debug][gc,phases      ] GC(59)     Total                          Min: 0, Avg:  0.0, Max: 0, Diff: 0, Sum: 0, Workers: 4
[1009.319s][debug][gc,phases      ] GC(59)   StringTable Weak               Min:  0.0, Avg:  0.1, Max:  0.1, Diff:  0.1, Sum:  0.4, Workers: 4
[1009.319s][debug][gc,phases      ] GC(59)     Dead                           Min: 0, Avg:  0.0, Max: 0, Diff: 0, Sum: 0, Workers: 4
[1009.319s][debug][gc,phases      ] GC(59)     Total                          Min: 0, Avg: 11765.2, Max: 16512, Diff: 16512, Sum: 47061, Workers: 4
[1009.319s][debug][gc,phases      ] GC(59)   ResolvedMethodTable Weak       Min:  0.0, Avg:  0.0, Max:  0.1, Diff:  0.1, Sum:  0.2, Workers: 4
[1009.319s][debug][gc,phases      ] GC(59)     Dead                           Min: 0, Avg:  4.0, Max: 16, Diff: 16, Sum: 16, Workers: 4
[1009.319s][debug][gc,phases      ] GC(59)     Total                          Min: 0, Avg: 3932.5, Max: 5469, Diff: 5469, Sum: 15730, Workers: 4
[1009.319s][debug][gc,phases      ] GC(59)   JNI Weak                       Min:  0.0, Avg:  0.0, Max:  0.0, Diff:  0.0, Sum:  0.0, Workers: 4
[1009.319s][debug][gc,phases      ] GC(59)     Dead                           Min: 0, Avg:  0.0, Max: 0, Diff: 0, Sum: 0, Workers: 4
[1009.319s][debug][gc,phases      ] GC(59)     Total                          Min: 0, Avg: 13.0, Max: 48, Diff: 48, Sum: 52, Workers: 4
[1009.319s][debug][gc,phases      ] GC(59)   StringDedup Table Weak         Min:  0.0, Avg:  0.0, Max:  0.0, Diff:  0.0, Sum:  0.0, Workers: 4
[1009.319s][debug][gc,phases      ] GC(59)     Dead                           Min: 0, Avg:  0.0, Max: 0, Diff: 0, Sum: 0, Workers: 4
[1009.319s][debug][gc,phases      ] GC(59)     Total                          Min: 0, Avg:  0.0, Max: 0, Diff: 0, Sum: 0, Workers: 4
[1009.319s][debug][gc,phases      ] GC(59)   StringDedup Requests0 Weak     Min:  0.0, Avg:  0.0, Max:  0.0, Diff:  0.0, Sum:  0.0, Workers: 4
[1009.319s][debug][gc,phases      ] GC(59)     Dead                           Min: 0, Avg:  0.0, Max: 0, Diff: 0, Sum: 0, Workers: 4
[1009.319s][debug][gc,phases      ] GC(59)     Total                          Min: 0, Avg:  0.0, Max: 0, Diff: 0, Sum: 0, Workers: 4
[1009.319s][debug][gc,phases      ] GC(59)   StringDedup Requests1 Weak     Min:  0.0, Avg:  0.0, Max:  0.0, Diff:  0.0, Sum:  0.0, Workers: 4
[1009.319s][debug][gc,phases      ] GC(59)     Dead                           Min: 0, Avg:  0.0, Max: 0, Diff: 0, Sum: 0, Workers: 4
[1009.319s][debug][gc,phases      ] GC(59)     Total                          Min: 0, Avg:  0.0, Max: 0, Diff: 0, Sum: 0, Workers: 4
[1009.319s][debug][gc,phases      ] GC(59)   Weak JFR Old Object Samples    Min:  0.0, Avg:  0.0, Max:  0.0, Diff:  0.0, Sum:  0.0, Workers: 4
[1009.319s][debug][gc,phases      ] GC(59)     Dead                           Min: 0, Avg:  0.0, Max: 0, Diff: 0, Sum: 0, Workers: 4
[1009.319s][debug][gc,phases      ] GC(59)     Total                          Min: 0, Avg:  0.0, Max: 0, Diff: 0, Sum: 0, Workers: 4
[1009.319s][debug][gc,phases      ] GC(59) Weak Processing 0.428ms
[1009.319s][debug][gc,age         ] GC(59) Desired survivor size 58195968 bytes, new threshold 1 (max threshold 15)
[1009.319s][info ][gc,heap        ] GC(59) PSYoungGen: 1996848K(1997312K)->12960K(2040320K) Eden: 1985536K(1985536K)->0K(1983488K) From: 11312K(11776K)->12960K(56832K)
[1009.319s][info ][gc,heap        ] GC(59) ParOldGen: 1060675K(1060864K)->1069005K(1069056K)
[1009.319s][info ][gc,metaspace   ] GC(59) Metaspace: 108431K(109824K)->108431K(109824K) NonClass: 92143K(92928K)->92143K(92928K) Class: 16288K(16896K)->16288K(16896K)
[1009.319s][info ][gc             ] GC(59) Pause Young (Allocation Failure) 2985M->1056M(3036M) 14.762ms
[1009.319s][info ][gc,cpu         ] GC(59) User=0.05s Sys=0.01s Real=0.01s
[1009.319s][info ][safepoint      ] Safepoint "ParallelGCFailedAllocation", Time since last: 133898716 ns, Reaching safepoint: 79404 ns, Cleanup: 4501 ns, At safepoint: 14837266 ns, Total: 14921171 ns
[1010.319s][info ][safepoint      ] Safepoint "Cleanup", Time since last: 1000086776 ns, Reaching safepoint: 6400 ns, Cleanup: 13100 ns, At safepoint: 3000 ns, Total: 22500 ns
[1013.320s][info ][safepoint      ] Safepoint "Cleanup", Time since last: 3000245522 ns, Reaching safepoint: 6600 ns, Cleanup: 15701 ns, At safepoint: 2800 ns, Total: 25101 ns
[1014.320s][info ][safepoint      ] Safepoint "Cleanup", Time since last: 1000105628 ns, Reaching safepoint: 6200 ns, Cleanup: 9701 ns, At safepoint: 2400 ns, Total: 18301 ns
[1015.320s][info ][safepoint      ] Safepoint "Cleanup", Time since last: 1000120528 ns, Reaching safepoint: 6801 ns, Cleanup: 15201 ns, At safepoint: 2800 ns, Total: 24802 ns
[1016.320s][info ][safepoint      ] Safepoint "Cleanup", Time since last: 1000138629 ns, Reaching safepoint: 7301 ns, Cleanup: 14300 ns, At safepoint: 3401 ns, Total: 25002 ns
[1020.320s][info ][safepoint      ] Safepoint "Cleanup", Time since last: 4000336703 ns, Reaching safepoint: 6800 ns, Cleanup: 11701 ns, At safepoint: 2600 ns, Total: 21101 ns
[1021.555s][info ][safepoint      ] Safepoint "Cleanup", Time since last: 1234376371 ns, Reaching safepoint: 78203 ns, Cleanup: 17901 ns, At safepoint: 6800 ns, Total: 102904 ns
[1022.555s][info ][safepoint      ] Safepoint "Cleanup", Time since last: 1000142367 ns, Reaching safepoint: 82704 ns, Cleanup: 22901 ns, At safepoint: 7901 ns, Total: 113506 ns
[1024.555s][info ][safepoint      ] Safepoint "Cleanup", Time since last: 2000201158 ns, Reaching safepoint: 81004 ns, Cleanup: 8701 ns, At safepoint: 7400 ns, Total: 97105 ns
[1025.556s][info ][safepoint      ] Safepoint "Cleanup", Time since last: 1000108980 ns, Reaching safepoint: 7900 ns, Cleanup: 15001 ns, At safepoint: 3400 ns, Total: 26301 ns
[1026.556s][info ][safepoint      ] Safepoint "Cleanup", Time since last: 1000121688 ns, Reaching safepoint: 7300 ns, Cleanup: 19501 ns, At safepoint: 3300 ns, Total: 30101 ns
[1029.556s][info ][safepoint      ] Safepoint "Cleanup", Time since last: 3000259527 ns, Reaching safepoint: 6401 ns, Cleanup: 31301 ns, At safepoint: 3500 ns, Total: 41202 ns
[1030.556s][info ][safepoint      ] Safepoint "Cleanup", Time since last: 1000122245 ns, Reaching safepoint: 7700 ns, Cleanup: 28701 ns, At safepoint: 3100 ns, Total: 39501 ns
[1031.556s][info ][safepoint      ] Safepoint "Cleanup", Time since last: 1000124352 ns, Reaching safepoint: 7900 ns, Cleanup: 32702 ns, At safepoint: 3200 ns, Total: 43802 ns
[1032.556s][info ][safepoint      ] Safepoint "Cleanup", Time since last: 1000119097 ns, Reaching safepoint: 7001 ns, Cleanup: 17201 ns, At safepoint: 3100 ns, Total: 27302 ns
[1033.557s][info ][safepoint      ] Safepoint "Cleanup", Time since last: 1000132497 ns, Reaching safepoint: 6801 ns, Cleanup: 15801 ns, At safepoint: 3100 ns, Total: 25702 ns
[1034.557s][info ][safepoint      ] Safepoint "Cleanup", Time since last: 1000111309 ns, Reaching safepoint: 5500 ns, Cleanup: 9200 ns, At safepoint: 2800 ns, Total: 17500 ns
[1035.557s][info ][safepoint      ] Safepoint "Cleanup", Time since last: 1000095206 ns, Reaching safepoint: 5800 ns, Cleanup: 9600 ns, At safepoint: 3000 ns, Total: 18400 ns
[1039.557s][info ][safepoint      ] Safepoint "Cleanup", Time since last: 4000308264 ns, Reaching safepoint: 7501 ns, Cleanup: 12100 ns, At safepoint: 2901 ns, Total: 22502 ns
[1040.557s][info ][safepoint      ] Safepoint "Cleanup", Time since last: 1000116194 ns, Reaching safepoint: 7101 ns, Cleanup: 22001 ns, At safepoint: 3300 ns, Total: 32402 ns
[1040.750s][info ][gc,start       ] GC(60) Pause Young (Allocation Failure)
[1040.760s][debug][gc,phases      ] GC(60) Scavenge 10.270ms
[1040.760s][debug][gc,ref         ] GC(60) ReferenceProcessor::execute queues: 1, RefProcThreadModel::Single, marks_oops_alive: false
[1040.760s][debug][gc,ref         ] GC(60) Skipped KeepAliveFinalRefsPhase of Reference Processing: no references
[1040.760s][debug][gc,ref         ] GC(60) ReferenceProcessor::execute queues: 1, RefProcThreadModel::Single, marks_oops_alive: false
[1040.760s][debug][gc,phases      ] GC(60) Reference Processing 0.113ms
[1040.760s][debug][gc,phases      ] GC(60)   VM Weak                        Min:  0.0, Avg:  0.0, Max:  0.0, Diff:  0.0, Sum:  0.0, Workers: 4
[1040.760s][debug][gc,phases      ] GC(60)     Dead                           Min: 0, Avg:  0.0, Max: 0, Diff: 0, Sum: 0, Workers: 4
[1040.760s][debug][gc,phases      ] GC(60)     Total                          Min: 0, Avg: 260.0, Max: 656, Diff: 656, Sum: 1040, Workers: 4
[1040.760s][debug][gc,phases      ] GC(60)   ObjectSynchronizer Weak        Min:  0.0, Avg:  0.0, Max:  0.0, Diff:  0.0, Sum:  0.0, Workers: 4
[1040.760s][debug][gc,phases      ] GC(60)     Dead                           Min: 0, Avg:  0.0, Max: 0, Diff: 0, Sum: 0, Workers: 4
[1040.760s][debug][gc,phases      ] GC(60)     Total                          Min: 0, Avg:  1.0, Max: 4, Diff: 4, Sum: 4, Workers: 4
[1040.760s][debug][gc,phases      ] GC(60)   JVMTI Tag Weak OopStorage      Min:  0.0, Avg:  0.0, Max:  0.0, Diff:  0.0, Sum:  0.0, Workers: 4
[1040.760s][debug][gc,phases      ] GC(60)     Dead                           Min: 0, Avg:  0.0, Max: 0, Diff: 0, Sum: 0, Workers: 4
[1040.760s][debug][gc,phases      ] GC(60)     Total                          Min: 0, Avg:  0.0, Max: 0, Diff: 0, Sum: 0, Workers: 4
[1040.760s][debug][gc,phases      ] GC(60)   StringTable Weak               Min:  0.0, Avg:  0.1, Max:  0.1, Diff:  0.1, Sum:  0.4, Workers: 4
[1040.760s][debug][gc,phases      ] GC(60)     Dead                           Min: 0, Avg:  0.2, Max: 1, Diff: 1, Sum: 1, Workers: 4
[1040.760s][debug][gc,phases      ] GC(60)     Total                          Min: 0, Avg: 11768.5, Max: 16355, Diff: 16355, Sum: 47074, Workers: 4
[1040.760s][debug][gc,phases      ] GC(60)   ResolvedMethodTable Weak       Min:  0.0, Avg:  0.0, Max:  0.1, Diff:  0.1, Sum:  0.2, Workers: 4
[1040.760s][debug][gc,phases      ] GC(60)     Dead                           Min: 0, Avg:  0.0, Max: 0, Diff: 0, Sum: 0, Workers: 4
[1040.760s][debug][gc,phases      ] GC(60)     Total                          Min: 0, Avg: 3935.0, Max: 5785, Diff: 5785, Sum: 15740, Workers: 4
[1040.760s][debug][gc,phases      ] GC(60)   JNI Weak                       Min:  0.0, Avg:  0.0, Max:  0.0, Diff:  0.0, Sum:  0.0, Workers: 4
[1040.760s][debug][gc,phases      ] GC(60)     Dead                           Min: 0, Avg:  0.0, Max: 0, Diff: 0, Sum: 0, Workers: 4
[1040.760s][debug][gc,phases      ] GC(60)     Total                          Min: 0, Avg: 13.0, Max: 52, Diff: 52, Sum: 52, Workers: 4
[1040.760s][debug][gc,phases      ] GC(60)   StringDedup Table Weak         Min:  0.0, Avg:  0.0, Max:  0.0, Diff:  0.0, Sum:  0.0, Workers: 4
[1040.760s][debug][gc,phases      ] GC(60)     Dead                           Min: 0, Avg:  0.0, Max: 0, Diff: 0, Sum: 0, Workers: 4
[1040.760s][debug][gc,phases      ] GC(60)     Total                          Min: 0, Avg:  0.0, Max: 0, Diff: 0, Sum: 0, Workers: 4
[1040.760s][debug][gc,phases      ] GC(60)   StringDedup Requests0 Weak     Min:  0.0, Avg:  0.0, Max:  0.0, Diff:  0.0, Sum:  0.0, Workers: 4
[1040.760s][debug][gc,phases      ] GC(60)     Dead                           Min: 0, Avg:  0.0, Max: 0, Diff: 0, Sum: 0, Workers: 4
[1040.760s][debug][gc,phases      ] GC(60)     Total                          Min: 0, Avg:  0.0, Max: 0, Diff: 0, Sum: 0, Workers: 4
[1040.760s][debug][gc,phases      ] GC(60)   StringDedup Requests1 Weak     Min:  0.0, Avg:  0.0, Max:  0.0, Diff:  0.0, Sum:  0.0, Workers: 4
[1040.760s][debug][gc,phases      ] GC(60)     Dead                           Min: 0, Avg:  0.0, Max: 0, Diff: 0, Sum: 0, Workers: 4
[1040.760s][debug][gc,phases      ] GC(60)     Total                          Min: 0, Avg:  0.0, Max: 0, Diff: 0, Sum: 0, Workers: 4
[1040.761s][debug][gc,phases      ] GC(60)   Weak JFR Old Object Samples    Min:  0.0, Avg:  0.0, Max:  0.0, Diff:  0.0, Sum:  0.0, Workers: 4
[1040.761s][debug][gc,phases      ] GC(60)     Dead                           Min: 0, Avg:  0.0, Max: 0, Diff: 0, Sum: 0, Workers: 4
[1040.761s][debug][gc,phases      ] GC(60)     Total                          Min: 0, Avg:  0.0, Max: 0, Diff: 0, Sum: 0, Workers: 4
[1040.761s][debug][gc,phases      ] GC(60) Weak Processing 0.387ms
[1040.761s][debug][gc,age         ] GC(60) Desired survivor size 59244544 bytes, new threshold 1 (max threshold 15)
[1040.761s][info ][gc,heap        ] GC(60) PSYoungGen: 1996448K(2040320K)->6593K(1990144K) Eden: 1983488K(1983488K)->0K(1983488K) From: 12960K(56832K)->6593K(6656K)
[1040.761s][info ][gc,heap        ] GC(60) ParOldGen: 1069005K(1069056K)->1076213K(1076224K)
[1040.761s][info ][gc,metaspace   ] GC(60) Metaspace: 108481K(109824K)->108481K(109824K) NonClass: 92190K(92928K)->92190K(92928K) Class: 16291K(16896K)->16291K(16896K)
[1040.761s][info ][gc             ] GC(60) Pause Young (Allocation Failure) 2993M->1057M(2994M) 10.921ms
[1040.761s][info ][gc,cpu         ] GC(60) User=0.04s Sys=0.00s Real=0.01s
[1040.761s][info ][safepoint      ] Safepoint "ParallelGCFailedAllocation", Time since last: 192177791 ns, Reaching safepoint: 80704 ns, Cleanup: 4600 ns, At safepoint: 11003572 ns, Total: 11088876 ns
[1041.761s][info ][safepoint      ] Safepoint "Cleanup", Time since last: 1000086157 ns, Reaching safepoint: 6601 ns, Cleanup: 11800 ns, At safepoint: 3100 ns, Total: 21501 ns
[1043.761s][info ][safepoint      ] Safepoint "Cleanup", Time since last: 2000177455 ns, Reaching safepoint: 6701 ns, Cleanup: 15400 ns, At safepoint: 2900 ns, Total: 25001 ns
[1044.761s][info ][safepoint      ] Safepoint "Cleanup", Time since last: 1000116579 ns, Reaching safepoint: 7300 ns, Cleanup: 12701 ns, At safepoint: 2600 ns, Total: 22601 ns
[1045.761s][info ][safepoint      ] Safepoint "Cleanup", Time since last: 1000114479 ns, Reaching safepoint: 5900 ns, Cleanup: 8900 ns, At safepoint: 2200 ns, Total: 17000 ns
[1047.761s][info ][safepoint      ] Safepoint "Cleanup", Time since last: 2000181304 ns, Reaching safepoint: 6401 ns, Cleanup: 13000 ns, At safepoint: 2700 ns, Total: 22101 ns
[1048.762s][info ][safepoint      ] Safepoint "Cleanup", Time since last: 1000111747 ns, Reaching safepoint: 5301 ns, Cleanup: 6400 ns, At safepoint: 2600 ns, Total: 14301 ns
[1052.762s][info ][safepoint      ] Safepoint "Cleanup", Time since last: 4000319057 ns, Reaching safepoint: 5800 ns, Cleanup: 10300 ns, At safepoint: 2200 ns, Total: 18300 ns
[1055.762s][info ][safepoint      ] Safepoint "Cleanup", Time since last: 3000272013 ns, Reaching safepoint: 6601 ns, Cleanup: 16400 ns, At safepoint: 2400 ns, Total: 25401 ns
[1057.762s][info ][safepoint      ] Safepoint "Cleanup", Time since last: 2000183047 ns, Reaching safepoint: 6100 ns, Cleanup: 9900 ns, At safepoint: 2800 ns, Total: 18800 ns
[1058.763s][info ][safepoint      ] Safepoint "Cleanup", Time since last: 1000131789 ns, Reaching safepoint: 6500 ns, Cleanup: 12401 ns, At safepoint: 3000 ns, Total: 21901 ns
[1059.763s][info ][safepoint      ] Safepoint "Cleanup", Time since last: 1000116088 ns, Reaching safepoint: 6200 ns, Cleanup: 10800 ns, At safepoint: 2801 ns, Total: 19801 ns
[1060.763s][info ][safepoint      ] Safepoint "Cleanup", Time since last: 1000106172 ns, Reaching safepoint: 7201 ns, Cleanup: 9500 ns, At safepoint: 2700 ns, Total: 19401 ns
[1064.763s][info ][safepoint      ] Safepoint "Cleanup", Time since last: 4000451648 ns, Reaching safepoint: 6001 ns, Cleanup: 9100 ns, At safepoint: 3000 ns, Total: 18101 ns
[1068.764s][info ][safepoint      ] Safepoint "Cleanup", Time since last: 4000311046 ns, Reaching safepoint: 6301 ns, Cleanup: 11000 ns, At safepoint: 2800 ns, Total: 20101 ns
[1070.764s][info ][safepoint      ] Safepoint "Cleanup", Time since last: 2000184837 ns, Reaching safepoint: 6300 ns, Cleanup: 11200 ns, At safepoint: 2200 ns, Total: 19700 ns
[1073.764s][info ][safepoint      ] Safepoint "Cleanup", Time since last: 3000265814 ns, Reaching safepoint: 7201 ns, Cleanup: 12100 ns, At safepoint: 3500 ns, Total: 22801 ns
[1074.764s][info ][safepoint      ] Safepoint "Cleanup", Time since last: 1000126542 ns, Reaching safepoint: 6900 ns, Cleanup: 9900 ns, At safepoint: 3500 ns, Total: 20300 ns
[1079.765s][info ][safepoint      ] Safepoint "Cleanup", Time since last: 5000417317 ns, Reaching safepoint: 7900 ns, Cleanup: 11801 ns, At safepoint: 8000 ns, Total: 27701 ns
[1080.799s][info ][gc,start       ] GC(61) Pause Young (Allocation Failure)
[1080.807s][debug][gc,phases      ] GC(61) Scavenge 7.941ms
[1080.808s][debug][gc,ref         ] GC(61) ReferenceProcessor::execute queues: 1, RefProcThreadModel::Single, marks_oops_alive: false
[1080.808s][debug][gc,ref         ] GC(61) Skipped KeepAliveFinalRefsPhase of Reference Processing: no references
[1080.808s][debug][gc,ref         ] GC(61) ReferenceProcessor::execute queues: 1, RefProcThreadModel::Single, marks_oops_alive: false
[1080.808s][debug][gc,phases      ] GC(61) Reference Processing 0.115ms
[1080.808s][debug][gc,phases      ] GC(61)   VM Weak                        Min:  0.0, Avg:  0.0, Max:  0.0, Diff:  0.0, Sum:  0.0, Workers: 4
[1080.808s][debug][gc,phases      ] GC(61)     Dead                           Min: 0, Avg:  0.0, Max: 0, Diff: 0, Sum: 0, Workers: 4
[1080.808s][debug][gc,phases      ] GC(61)     Total                          Min: 0, Avg: 260.0, Max: 640, Diff: 640, Sum: 1040, Workers: 4
[1080.808s][debug][gc,phases      ] GC(61)   ObjectSynchronizer Weak        Min:  0.0, Avg:  0.0, Max:  0.0, Diff:  0.0, Sum:  0.0, Workers: 4
[1080.808s][debug][gc,phases      ] GC(61)     Dead                           Min: 0, Avg:  0.0, Max: 0, Diff: 0, Sum: 0, Workers: 4
[1080.808s][debug][gc,phases      ] GC(61)     Total                          Min: 0, Avg:  0.8, Max: 3, Diff: 3, Sum: 3, Workers: 4
[1080.808s][debug][gc,phases      ] GC(61)   JVMTI Tag Weak OopStorage      Min:  0.0, Avg:  0.0, Max:  0.0, Diff:  0.0, Sum:  0.0, Workers: 4
[1080.808s][debug][gc,phases      ] GC(61)     Dead                           Min: 0, Avg:  0.0, Max: 0, Diff: 0, Sum: 0, Workers: 4
[1080.808s][debug][gc,phases      ] GC(61)     Total                          Min: 0, Avg:  0.0, Max: 0, Diff: 0, Sum: 0, Workers: 4
[1080.808s][debug][gc,phases      ] GC(61)   StringTable Weak               Min:  0.0, Avg:  0.1, Max:  0.1, Diff:  0.1, Sum:  0.4, Workers: 4
[1080.808s][debug][gc,phases      ] GC(61)     Dead                           Min: 0, Avg:  0.0, Max: 0, Diff: 0, Sum: 0, Workers: 4
[1080.808s][debug][gc,phases      ] GC(61)     Total                          Min: 0, Avg: 11769.0, Max: 17509, Diff: 17509, Sum: 47076, Workers: 4
[1080.808s][debug][gc,phases      ] GC(61)   ResolvedMethodTable Weak       Min:  0.0, Avg:  0.0, Max:  0.1, Diff:  0.1, Sum:  0.2, Workers: 4
[1080.808s][debug][gc,phases      ] GC(61)     Dead                           Min: 0, Avg:  4.0, Max: 16, Diff: 16, Sum: 16, Workers: 4
[1080.808s][debug][gc,phases      ] GC(61)     Total                          Min: 0, Avg: 3935.0, Max: 6325, Diff: 6325, Sum: 15740, Workers: 4
[1080.808s][debug][gc,phases      ] GC(61)   JNI Weak                       Min:  0.0, Avg:  0.0, Max:  0.0, Diff:  0.0, Sum:  0.0, Workers: 4
[1080.808s][debug][gc,phases      ] GC(61)     Dead                           Min: 0, Avg:  0.0, Max: 0, Diff: 0, Sum: 0, Workers: 4
[1080.808s][debug][gc,phases      ] GC(61)     Total                          Min: 0, Avg: 13.0, Max: 48, Diff: 48, Sum: 52, Workers: 4
[1080.808s][debug][gc,phases      ] GC(61)   StringDedup Table Weak         Min:  0.0, Avg:  0.0, Max:  0.0, Diff:  0.0, Sum:  0.0, Workers: 4
[1080.808s][debug][gc,phases      ] GC(61)     Dead                           Min: 0, Avg:  0.0, Max: 0, Diff: 0, Sum: 0, Workers: 4
[1080.808s][debug][gc,phases      ] GC(61)     Total                          Min: 0, Avg:  0.0, Max: 0, Diff: 0, Sum: 0, Workers: 4
[1080.808s][debug][gc,phases      ] GC(61)   StringDedup Requests0 Weak     Min:  0.0, Avg:  0.0, Max:  0.0, Diff:  0.0, Sum:  0.0, Workers: 4
[1080.808s][debug][gc,phases      ] GC(61)     Dead                           Min: 0, Avg:  0.0, Max: 0, Diff: 0, Sum: 0, Workers: 4
[1080.808s][debug][gc,phases      ] GC(61)     Total                          Min: 0, Avg:  0.0, Max: 0, Diff: 0, Sum: 0, Workers: 4
[1080.808s][debug][gc,phases      ] GC(61)   StringDedup Requests1 Weak     Min:  0.0, Avg:  0.0, Max:  0.0, Diff:  0.0, Sum:  0.0, Workers: 4
[1080.808s][debug][gc,phases      ] GC(61)     Dead                           Min: 0, Avg:  0.0, Max: 0, Diff: 0, Sum: 0, Workers: 4
[1080.808s][debug][gc,phases      ] GC(61)     Total                          Min: 0, Avg:  0.0, Max: 0, Diff: 0, Sum: 0, Workers: 4
[1080.808s][debug][gc,phases      ] GC(61)   Weak JFR Old Object Samples    Min:  0.0, Avg:  0.0, Max:  0.0, Diff:  0.0, Sum:  0.0, Workers: 4
[1080.808s][debug][gc,phases      ] GC(61)     Dead                           Min: 0, Avg:  0.0, Max: 0, Diff: 0, Sum: 0, Workers: 4
[1080.808s][debug][gc,phases      ] GC(61)     Total                          Min: 0, Avg:  0.0, Max: 0, Diff: 0, Sum: 0, Workers: 4
[1080.808s][debug][gc,phases      ] GC(61) Weak Processing 0.434ms
[1080.808s][debug][gc,age         ] GC(61) Desired survivor size 59244544 bytes, new threshold 1 (max threshold 15)
[1080.808s][info ][gc,heap        ] GC(61) PSYoungGen: 1990081K(1990144K)->5568K(2039296K) Eden: 1983488K(1983488K)->0K(1981440K) From: 6593K(6656K)->5568K(57856K)
[1080.808s][info ][gc,heap        ] GC(61) ParOldGen: 1076213K(1076224K)->1079374K(1079808K)
[1080.808s][info ][gc,metaspace   ] GC(61) Metaspace: 108514K(109888K)->108514K(109888K) NonClass: 92222K(92992K)->92222K(92992K) Class: 16291K(16896K)->16291K(16896K)
[1080.808s][info ][gc             ] GC(61) Pause Young (Allocation Failure) 2994M->1059M(3046M) 8.640ms
[1080.808s][info ][gc,cpu         ] GC(61) User=0.02s Sys=0.01s Real=0.01s
[1080.808s][info ][safepoint      ] Safepoint "ParallelGCFailedAllocation", Time since last: 1034663849 ns, Reaching safepoint: 78704 ns, Cleanup: 5000 ns, At safepoint: 8724289 ns, Total: 8807993 ns
[1082.808s][info ][safepoint      ] Safepoint "Cleanup", Time since last: 2000157622 ns, Reaching safepoint: 6900 ns, Cleanup: 11301 ns, At safepoint: 2800 ns, Total: 21001 ns
[1083.808s][info ][safepoint      ] Safepoint "Cleanup", Time since last: 1000118983 ns, Reaching safepoint: 6300 ns, Cleanup: 14100 ns, At safepoint: 2801 ns, Total: 23201 ns
[1085.809s][info ][safepoint      ] Safepoint "Cleanup", Time since last: 2000183536 ns, Reaching safepoint: 6200 ns, Cleanup: 9600 ns, At safepoint: 2501 ns, Total: 18301 ns
[1087.809s][info ][safepoint      ] Safepoint "Cleanup", Time since last: 2000174877 ns, Reaching safepoint: 7200 ns, Cleanup: 12601 ns, At safepoint: 3400 ns, Total: 23201 ns
[1091.809s][info ][safepoint      ] Safepoint "Cleanup", Time since last: 4000334416 ns, Reaching safepoint: 5601 ns, Cleanup: 10200 ns, At safepoint: 2700 ns, Total: 18501 ns
[1093.809s][info ][safepoint      ] Safepoint "Cleanup", Time since last: 2000188336 ns, Reaching safepoint: 6300 ns, Cleanup: 9300 ns, At safepoint: 2900 ns, Total: 18500 ns
[1095.810s][info ][safepoint      ] Safepoint "Cleanup", Time since last: 2000184743 ns, Reaching safepoint: 5600 ns, Cleanup: 14600 ns, At safepoint: 2601 ns, Total: 22801 ns
[1103.810s][info ][safepoint      ] Safepoint "Cleanup", Time since last: 8000583240 ns, Reaching safepoint: 6900 ns, Cleanup: 12001 ns, At safepoint: 2900 ns, Total: 21801 ns
[1106.810s][info ][safepoint      ] Safepoint "Cleanup", Time since last: 3000257133 ns, Reaching safepoint: 6600 ns, Cleanup: 11001 ns, At safepoint: 2800 ns, Total: 20401 ns
[1107.811s][info ][safepoint      ] Safepoint "Cleanup", Time since last: 1000125745 ns, Reaching safepoint: 7300 ns, Cleanup: 11801 ns, At safepoint: 3900 ns, Total: 23001 ns
[1110.811s][info ][safepoint      ] Safepoint "Cleanup", Time since last: 3000256730 ns, Reaching safepoint: 6000 ns, Cleanup: 7800 ns, At safepoint: 2500 ns, Total: 16300 ns
[1112.811s][info ][safepoint      ] Safepoint "Cleanup", Time since last: 2000184303 ns, Reaching safepoint: 5100 ns, Cleanup: 22801 ns, At safepoint: 3000 ns, Total: 30901 ns
[1113.811s][info ][safepoint      ] Safepoint "Cleanup", Time since last: 1000104317 ns, Reaching safepoint: 5700 ns, Cleanup: 9600 ns, At safepoint: 3300 ns, Total: 18600 ns
[1114.811s][info ][safepoint      ] Safepoint "Cleanup", Time since last: 1000116394 ns, Reaching safepoint: 6600 ns, Cleanup: 11101 ns, At safepoint: 2900 ns, Total: 20601 ns
[1115.812s][info ][safepoint      ] Safepoint "Cleanup", Time since last: 1000115194 ns, Reaching safepoint: 6200 ns, Cleanup: 16800 ns, At safepoint: 2900 ns, Total: 25900 ns
[1118.812s][info ][safepoint      ] Safepoint "Cleanup", Time since last: 3000251204 ns, Reaching safepoint: 6300 ns, Cleanup: 11600 ns, At safepoint: 3001 ns, Total: 20901 ns
[1121.812s][info ][safepoint      ] Safepoint "Cleanup", Time since last: 3000250072 ns, Reaching safepoint: 6400 ns, Cleanup: 12600 ns, At safepoint: 2800 ns, Total: 21800 ns
[1122.100s][info ][gc,start       ] GC(62) Pause Young (Allocation Failure)
[1122.108s][debug][gc,phases      ] GC(62) Scavenge 7.785ms
[1122.108s][debug][gc,ref         ] GC(62) ReferenceProcessor::execute queues: 1, RefProcThreadModel::Single, marks_oops_alive: false
[1122.108s][debug][gc,ref         ] GC(62) Skipped KeepAliveFinalRefsPhase of Reference Processing: no references
[1122.108s][debug][gc,ref         ] GC(62) ReferenceProcessor::execute queues: 1, RefProcThreadModel::Single, marks_oops_alive: false
[1122.108s][debug][gc,phases      ] GC(62) Reference Processing 0.141ms
[1122.108s][debug][gc,phases      ] GC(62)   VM Weak                        Min:  0.0, Avg:  0.0, Max:  0.0, Diff:  0.0, Sum:  0.0, Workers: 4
[1122.108s][debug][gc,phases      ] GC(62)     Dead                           Min: 0, Avg:  0.0, Max: 0, Diff: 0, Sum: 0, Workers: 4
[1122.108s][debug][gc,phases      ] GC(62)     Total                          Min: 0, Avg: 260.0, Max: 640, Diff: 640, Sum: 1040, Workers: 4
[1122.108s][debug][gc,phases      ] GC(62)   ObjectSynchronizer Weak        Min:  0.0, Avg:  0.0, Max:  0.0, Diff:  0.0, Sum:  0.0, Workers: 4
[1122.108s][debug][gc,phases      ] GC(62)     Dead                           Min: 0, Avg:  0.0, Max: 0, Diff: 0, Sum: 0, Workers: 4
[1122.108s][debug][gc,phases      ] GC(62)     Total                          Min: 0, Avg:  1.2, Max: 5, Diff: 5, Sum: 5, Workers: 4
[1122.108s][debug][gc,phases      ] GC(62)   JVMTI Tag Weak OopStorage      Min:  0.0, Avg:  0.0, Max:  0.0, Diff:  0.0, Sum:  0.0, Workers: 4
[1122.108s][debug][gc,phases      ] GC(62)     Dead                           Min: 0, Avg:  0.0, Max: 0, Diff: 0, Sum: 0, Workers: 4
[1122.108s][debug][gc,phases      ] GC(62)     Total                          Min: 0, Avg:  0.0, Max: 0, Diff: 0, Sum: 0, Workers: 4
[1122.108s][debug][gc,phases      ] GC(62)   StringTable Weak               Min:  0.0, Avg:  0.1, Max:  0.1, Diff:  0.1, Sum:  0.4, Workers: 4
[1122.108s][debug][gc,phases      ] GC(62)     Dead                           Min: 0, Avg:  0.2, Max: 1, Diff: 1, Sum: 1, Workers: 4
[1122.108s][debug][gc,phases      ] GC(62)     Total                          Min: 0, Avg: 11771.0, Max: 16191, Diff: 16191, Sum: 47084, Workers: 4
[1122.108s][debug][gc,phases      ] GC(62)   ResolvedMethodTable Weak       Min:  0.0, Avg:  0.0, Max:  0.1, Diff:  0.1, Sum:  0.2, Workers: 4
[1122.108s][debug][gc,phases      ] GC(62)     Dead                           Min: 0, Avg:  4.0, Max: 16, Diff: 16, Sum: 16, Workers: 4
[1122.108s][debug][gc,phases      ] GC(62)     Total                          Min: 0, Avg: 3937.8, Max: 5731, Diff: 5731, Sum: 15751, Workers: 4
[1122.108s][debug][gc,phases      ] GC(62)   JNI Weak                       Min:  0.0, Avg:  0.0, Max:  0.0, Diff:  0.0, Sum:  0.0, Workers: 4
[1122.108s][debug][gc,phases      ] GC(62)     Dead                           Min: 0, Avg:  0.0, Max: 0, Diff: 0, Sum: 0, Workers: 4
[1122.108s][debug][gc,phases      ] GC(62)     Total                          Min: 0, Avg: 13.0, Max: 48, Diff: 48, Sum: 52, Workers: 4
[1122.108s][debug][gc,phases      ] GC(62)   StringDedup Table Weak         Min:  0.0, Avg:  0.0, Max:  0.0, Diff:  0.0, Sum:  0.0, Workers: 4
[1122.108s][debug][gc,phases      ] GC(62)     Dead                           Min: 0, Avg:  0.0, Max: 0, Diff: 0, Sum: 0, Workers: 4
[1122.108s][debug][gc,phases      ] GC(62)     Total                          Min: 0, Avg:  0.0, Max: 0, Diff: 0, Sum: 0, Workers: 4
[1122.108s][debug][gc,phases      ] GC(62)   StringDedup Requests0 Weak     Min:  0.0, Avg:  0.0, Max:  0.0, Diff:  0.0, Sum:  0.0, Workers: 4
[1122.108s][debug][gc,phases      ] GC(62)     Dead                           Min: 0, Avg:  0.0, Max: 0, Diff: 0, Sum: 0, Workers: 4
[1122.108s][debug][gc,phases      ] GC(62)     Total                          Min: 0, Avg:  0.0, Max: 0, Diff: 0, Sum: 0, Workers: 4
[1122.108s][debug][gc,phases      ] GC(62)   StringDedup Requests1 Weak     Min:  0.0, Avg:  0.0, Max:  0.0, Diff:  0.0, Sum:  0.0, Workers: 4
[1122.108s][debug][gc,phases      ] GC(62)     Dead                           Min: 0, Avg:  0.0, Max: 0, Diff: 0, Sum: 0, Workers: 4
[1122.108s][debug][gc,phases      ] GC(62)     Total                          Min: 0, Avg:  0.0, Max: 0, Diff: 0, Sum: 0, Workers: 4
[1122.108s][debug][gc,phases      ] GC(62)   Weak JFR Old Object Samples    Min:  0.0, Avg:  0.0, Max:  0.0, Diff:  0.0, Sum:  0.0, Workers: 4
[1122.108s][debug][gc,phases      ] GC(62)     Dead                           Min: 0, Avg:  0.0, Max: 0, Diff: 0, Sum: 0, Workers: 4
[1122.108s][debug][gc,phases      ] GC(62)     Total                          Min: 0, Avg:  0.0, Max: 0, Diff: 0, Sum: 0, Workers: 4
[1122.108s][debug][gc,phases      ] GC(62) Weak Processing 0.411ms
[1122.108s][debug][gc,age         ] GC(62) Desired survivor size 58720256 bytes, new threshold 1 (max threshold 15)
[1122.108s][info ][gc,heap        ] GC(62) PSYoungGen: 1987008K(2039296K)->5618K(2039296K) Eden: 1981440K(1981440K)->0K(1981440K) From: 5568K(57856K)->5618K(57856K)
[1122.108s][info ][gc,heap        ] GC(62) ParOldGen: 1079374K(1079808K)->1081737K(1081856K)
[1122.108s][info ][gc,metaspace   ] GC(62) Metaspace: 108560K(109888K)->108560K(109888K) NonClass: 92264K(92992K)->92264K(92992K) Class: 16295K(16896K)->16295K(16896K)
[1122.108s][info ][gc             ] GC(62) Pause Young (Allocation Failure) 2994M->1061M(3048M) 8.484ms
[1122.109s][info ][gc,cpu         ] GC(62) User=0.02s Sys=0.00s Real=0.01s
[1122.109s][info ][safepoint      ] Safepoint "ParallelGCFailedAllocation", Time since last: 287817738 ns, Reaching safepoint: 79503 ns, Cleanup: 5200 ns, At safepoint: 8567575 ns, Total: 8652278 ns
[1123.109s][info ][safepoint      ] Safepoint "Cleanup", Time since last: 1000094400 ns, Reaching safepoint: 6500 ns, Cleanup: 10700 ns, At safepoint: 3200 ns, Total: 20400 ns
[1125.109s][info ][safepoint      ] Safepoint "Cleanup", Time since last: 2000181899 ns, Reaching safepoint: 5200 ns, Cleanup: 13401 ns, At safepoint: 2500 ns, Total: 21101 ns
[1126.109s][info ][safepoint      ] Safepoint "Cleanup", Time since last: 1000113700 ns, Reaching safepoint: 6600 ns, Cleanup: 10601 ns, At safepoint: 2400 ns, Total: 19601 ns
[1127.109s][info ][safepoint      ] Safepoint "Cleanup", Time since last: 1000122931 ns, Reaching safepoint: 6900 ns, Cleanup: 12900 ns, At safepoint: 2700 ns, Total: 22500 ns
[1129.109s][info ][safepoint      ] Safepoint "Cleanup", Time since last: 2000166958 ns, Reaching safepoint: 5800 ns, Cleanup: 9800 ns, At safepoint: 3300 ns, Total: 18900 ns
[1131.110s][info ][safepoint      ] Safepoint "Cleanup", Time since last: 2000177787 ns, Reaching safepoint: 6800 ns, Cleanup: 11001 ns, At safepoint: 3200 ns, Total: 21001 ns
[1133.110s][info ][safepoint      ] Safepoint "Cleanup", Time since last: 2000190202 ns, Reaching safepoint: 6100 ns, Cleanup: 12600 ns, At safepoint: 2900 ns, Total: 21600 ns
[1134.110s][info ][safepoint      ] Safepoint "Cleanup", Time since last: 1000101517 ns, Reaching safepoint: 6100 ns, Cleanup: 20601 ns, At safepoint: 3100 ns, Total: 29801 ns
[1138.110s][info ][safepoint      ] Safepoint "Cleanup", Time since last: 4000321091 ns, Reaching safepoint: 6800 ns, Cleanup: 12300 ns, At safepoint: 3201 ns, Total: 22301 ns
[1139.110s][info ][safepoint      ] Safepoint "Cleanup", Time since last: 1000111022 ns, Reaching safepoint: 6800 ns, Cleanup: 9600 ns, At safepoint: 4100 ns, Total: 20500 ns
[1143.589s][info ][safepoint      ] Safepoint "Cleanup", Time since last: 4478653681 ns, Reaching safepoint: 6600 ns, Cleanup: 13501 ns, At safepoint: 2700 ns, Total: 22801 ns
[1147.589s][info ][safepoint      ] Safepoint "Cleanup", Time since last: 4000326992 ns, Reaching safepoint: 6800 ns, Cleanup: 12601 ns, At safepoint: 2800 ns, Total: 22201 ns
[1148.590s][info ][safepoint      ] Safepoint "Cleanup", Time since last: 1000109420 ns, Reaching safepoint: 6000 ns, Cleanup: 13300 ns, At safepoint: 3300 ns, Total: 22600 ns
[1149.590s][info ][safepoint      ] Safepoint "Cleanup", Time since last: 1000114121 ns, Reaching safepoint: 6400 ns, Cleanup: 12300 ns, At safepoint: 3200 ns, Total: 21900 ns
[1150.590s][info ][safepoint      ] Safepoint "Cleanup", Time since last: 1000121506 ns, Reaching safepoint: 6200 ns, Cleanup: 10501 ns, At safepoint: 3500 ns, Total: 20201 ns
[1151.590s][info ][safepoint      ] Safepoint "Cleanup", Time since last: 1000119491 ns, Reaching safepoint: 6300 ns, Cleanup: 10901 ns, At safepoint: 2900 ns, Total: 20101 ns
[1153.590s][info ][safepoint      ] Safepoint "Cleanup", Time since last: 2000207481 ns, Reaching safepoint: 7601 ns, Cleanup: 13500 ns, At safepoint: 2600 ns, Total: 23701 ns
[1158.591s][info ][safepoint      ] Safepoint "Cleanup", Time since last: 5000386697 ns, Reaching safepoint: 6901 ns, Cleanup: 21100 ns, At safepoint: 3701 ns, Total: 31702 ns
[1160.809s][info ][gc,start       ] GC(63) Pause Young (Allocation Failure)
[1160.820s][debug][gc,phases      ] GC(63) Scavenge 10.798ms
[1160.820s][debug][gc,ref         ] GC(63) ReferenceProcessor::execute queues: 1, RefProcThreadModel::Single, marks_oops_alive: false
[1160.820s][debug][gc,ref         ] GC(63) Skipped KeepAliveFinalRefsPhase of Reference Processing: no references
[1160.820s][debug][gc,ref         ] GC(63) ReferenceProcessor::execute queues: 1, RefProcThreadModel::Single, marks_oops_alive: false
[1160.820s][debug][gc,phases      ] GC(63) Reference Processing 0.118ms
[1160.821s][debug][gc,phases      ] GC(63)   VM Weak                        Min:  0.0, Avg:  0.0, Max:  0.0, Diff:  0.0, Sum:  0.0, Workers: 4
[1160.821s][debug][gc,phases      ] GC(63)     Dead                           Min: 0, Avg:  0.0, Max: 0, Diff: 0, Sum: 0, Workers: 4
[1160.821s][debug][gc,phases      ] GC(63)     Total                          Min: 0, Avg: 260.0, Max: 528, Diff: 528, Sum: 1040, Workers: 4
[1160.821s][debug][gc,phases      ] GC(63)   ObjectSynchronizer Weak        Min:  0.0, Avg:  0.0, Max:  0.0, Diff:  0.0, Sum:  0.0, Workers: 4
[1160.821s][debug][gc,phases      ] GC(63)     Dead                           Min: 0, Avg:  0.0, Max: 0, Diff: 0, Sum: 0, Workers: 4
[1160.821s][debug][gc,phases      ] GC(63)     Total                          Min: 0, Avg:  1.0, Max: 4, Diff: 4, Sum: 4, Workers: 4
[1160.821s][debug][gc,phases      ] GC(63)   JVMTI Tag Weak OopStorage      Min:  0.0, Avg:  0.0, Max:  0.0, Diff:  0.0, Sum:  0.0, Workers: 4
[1160.821s][debug][gc,phases      ] GC(63)     Dead                           Min: 0, Avg:  0.0, Max: 0, Diff: 0, Sum: 0, Workers: 4
[1160.821s][debug][gc,phases      ] GC(63)     Total                          Min: 0, Avg:  0.0, Max: 0, Diff: 0, Sum: 0, Workers: 4
[1160.821s][debug][gc,phases      ] GC(63)   StringTable Weak               Min:  0.0, Avg:  0.1, Max:  0.2, Diff:  0.2, Sum:  0.5, Workers: 4
[1160.821s][debug][gc,phases      ] GC(63)     Dead                           Min: 0, Avg:  0.2, Max: 1, Diff: 1, Sum: 1, Workers: 4
[1160.821s][debug][gc,phases      ] GC(63)     Total                          Min: 0, Avg: 11774.2, Max: 15866, Diff: 15866, Sum: 47097, Workers: 4
[1160.821s][debug][gc,phases      ] GC(63)   ResolvedMethodTable Weak       Min:  0.0, Avg:  0.0, Max:  0.1, Diff:  0.1, Sum:  0.2, Workers: 4
[1160.821s][debug][gc,phases      ] GC(63)     Dead                           Min: 0, Avg:  4.8, Max: 18, Diff: 18, Sum: 19, Workers: 4
[1160.821s][debug][gc,phases      ] GC(63)     Total                          Min: 0, Avg: 3939.5, Max: 5835, Diff: 5835, Sum: 15758, Workers: 4
[1160.821s][debug][gc,phases      ] GC(63)   JNI Weak                       Min:  0.0, Avg:  0.0, Max:  0.0, Diff:  0.0, Sum:  0.0, Workers: 4
[1160.821s][debug][gc,phases      ] GC(63)     Dead                           Min: 0, Avg:  0.0, Max: 0, Diff: 0, Sum: 0, Workers: 4
[1160.821s][debug][gc,phases      ] GC(63)     Total                          Min: 0, Avg: 13.0, Max: 48, Diff: 48, Sum: 52, Workers: 4
[1160.821s][debug][gc,phases      ] GC(63)   StringDedup Table Weak         Min:  0.0, Avg:  0.0, Max:  0.0, Diff:  0.0, Sum:  0.0, Workers: 4
[1160.821s][debug][gc,phases      ] GC(63)     Dead                           Min: 0, Avg:  0.0, Max: 0, Diff: 0, Sum: 0, Workers: 4
[1160.821s][debug][gc,phases      ] GC(63)     Total                          Min: 0, Avg:  0.0, Max: 0, Diff: 0, Sum: 0, Workers: 4
[1160.821s][debug][gc,phases      ] GC(63)   StringDedup Requests0 Weak     Min:  0.0, Avg:  0.0, Max:  0.0, Diff:  0.0, Sum:  0.0, Workers: 4
[1160.821s][debug][gc,phases      ] GC(63)     Dead                           Min: 0, Avg:  0.0, Max: 0, Diff: 0, Sum: 0, Workers: 4
[1160.821s][debug][gc,phases      ] GC(63)     Total                          Min: 0, Avg:  0.0, Max: 0, Diff: 0, Sum: 0, Workers: 4
[1160.821s][debug][gc,phases      ] GC(63)   StringDedup Requests1 Weak     Min:  0.0, Avg:  0.0, Max:  0.0, Diff:  0.0, Sum:  0.0, Workers: 4
[1160.821s][debug][gc,phases      ] GC(63)     Dead                           Min: 0, Avg:  0.0, Max: 0, Diff: 0, Sum: 0, Workers: 4
[1160.821s][debug][gc,phases      ] GC(63)     Total                          Min: 0, Avg:  0.0, Max: 0, Diff: 0, Sum: 0, Workers: 4
[1160.821s][debug][gc,phases      ] GC(63)   Weak JFR Old Object Samples    Min:  0.0, Avg:  0.0, Max:  0.0, Diff:  0.0, Sum:  0.0, Workers: 4
[1160.821s][debug][gc,phases      ] GC(63)     Dead                           Min: 0, Avg:  0.0, Max: 0, Diff: 0, Sum: 0, Workers: 4
[1160.821s][debug][gc,phases      ] GC(63)     Total                          Min: 0, Avg:  0.0, Max: 0, Diff: 0, Sum: 0, Workers: 4
[1160.821s][debug][gc,phases      ] GC(63) Weak Processing 0.418ms
[1160.821s][debug][gc,age         ] GC(63) Desired survivor size 56098816 bytes, new threshold 1 (max threshold 15)
[1160.821s][info ][gc,heap        ] GC(63) PSYoungGen: 1987058K(2039296K)->17541K(2042368K) Eden: 1981440K(1981440K)->0K(1985024K) From: 5618K(57856K)->17541K(57344K)
[1160.821s][info ][gc,heap        ] GC(63) ParOldGen: 1081737K(1081856K)->1083962K(1084416K)
[1160.821s][info ][gc,metaspace   ] GC(63) Metaspace: 108627K(109952K)->108627K(109952K) NonClass: 92326K(93056K)->92326K(93056K) Class: 16300K(16896K)->16300K(16896K)
[1160.821s][info ][gc             ] GC(63) Pause Young (Allocation Failure) 2996M->1075M(3053M) 11.483ms
[1160.821s][info ][gc,cpu         ] GC(63) User=0.04s Sys=0.00s Real=0.01s
[1160.821s][info ][safepoint      ] Safepoint "ParallelGCFailedAllocation", Time since last: 2218690257 ns, Reaching safepoint: 78103 ns, Cleanup: 10200 ns, At safepoint: 11564984 ns, Total: 11653287 ns
[1161.821s][info ][safepoint      ] Safepoint "Cleanup", Time since last: 1000091247 ns, Reaching safepoint: 6900 ns, Cleanup: 40002 ns, At safepoint: 2300 ns, Total: 49202 ns
[1162.821s][info ][safepoint      ] Safepoint "Cleanup", Time since last: 1000118268 ns, Reaching safepoint: 6900 ns, Cleanup: 13100 ns, At safepoint: 2500 ns, Total: 22500 ns
[1163.821s][info ][safepoint      ] Safepoint "Cleanup", Time since last: 1000114839 ns, Reaching safepoint: 79002 ns, Cleanup: 16400 ns, At safepoint: 5501 ns, Total: 100903 ns
[1164.822s][info ][safepoint      ] Safepoint "Cleanup", Time since last: 1000113638 ns, Reaching safepoint: 7001 ns, Cleanup: 18900 ns, At safepoint: 3100 ns, Total: 29001 ns
[1167.822s][info ][safepoint      ] Safepoint "Cleanup", Time since last: 3000257454 ns, Reaching safepoint: 5800 ns, Cleanup: 14701 ns, At safepoint: 27800 ns, Total: 48301 ns
[1168.822s][info ][safepoint      ] Safepoint "Cleanup", Time since last: 1000119292 ns, Reaching safepoint: 6200 ns, Cleanup: 9400 ns, At safepoint: 2201 ns, Total: 17801 ns
[1170.822s][info ][safepoint      ] Safepoint "Cleanup", Time since last: 2000171971 ns, Reaching safepoint: 6000 ns, Cleanup: 18401 ns, At safepoint: 2500 ns, Total: 26901 ns
[1171.822s][info ][safepoint      ] Safepoint "Cleanup", Time since last: 1000114871 ns, Reaching safepoint: 6801 ns, Cleanup: 10500 ns, At safepoint: 2800 ns, Total: 20101 ns
[1172.822s][info ][safepoint      ] Safepoint "Cleanup", Time since last: 1000115271 ns, Reaching safepoint: 6101 ns, Cleanup: 14000 ns, At safepoint: 3200 ns, Total: 23301 ns
[1174.823s][info ][safepoint      ] Safepoint "Cleanup", Time since last: 2000188190 ns, Reaching safepoint: 6200 ns, Cleanup: 9601 ns, At safepoint: 3200 ns, Total: 19001 ns
[1176.823s][info ][safepoint      ] Safepoint "Cleanup", Time since last: 2000179987 ns, Reaching safepoint: 6001 ns, Cleanup: 12600 ns, At safepoint: 2800 ns, Total: 21401 ns
[1177.823s][info ][safepoint      ] Safepoint "Cleanup", Time since last: 1000116645 ns, Reaching safepoint: 6100 ns, Cleanup: 11400 ns, At safepoint: 2800 ns, Total: 20300 ns
[1179.201s][info ][gc,start       ] GC(64) Pause Young (Allocation Failure)
[1179.220s][debug][gc,phases      ] GC(64) Scavenge 19.665ms
[1179.220s][debug][gc,ref         ] GC(64) ReferenceProcessor::execute queues: 1, RefProcThreadModel::Single, marks_oops_alive: false
[1179.220s][debug][gc,ref         ] GC(64) Skipped KeepAliveFinalRefsPhase of Reference Processing: no references
[1179.220s][debug][gc,ref         ] GC(64) ReferenceProcessor::execute queues: 1, RefProcThreadModel::Single, marks_oops_alive: false
[1179.220s][debug][gc,phases      ] GC(64) Reference Processing 0.113ms
[1179.221s][debug][gc,phases      ] GC(64)   VM Weak                        Min:  0.0, Avg:  0.0, Max:  0.0, Diff:  0.0, Sum:  0.0, Workers: 4
[1179.221s][debug][gc,phases      ] GC(64)     Dead                           Min: 0, Avg:  0.0, Max: 0, Diff: 0, Sum: 0, Workers: 4
[1179.221s][debug][gc,phases      ] GC(64)     Total                          Min: 0, Avg: 260.2, Max: 785, Diff: 785, Sum: 1041, Workers: 4
[1179.221s][debug][gc,phases      ] GC(64)   ObjectSynchronizer Weak        Min:  0.0, Avg:  0.0, Max:  0.0, Diff:  0.0, Sum:  0.0, Workers: 4
[1179.221s][debug][gc,phases      ] GC(64)     Dead                           Min: 0, Avg:  0.0, Max: 0, Diff: 0, Sum: 0, Workers: 4
[1179.221s][debug][gc,phases      ] GC(64)     Total                          Min: 0, Avg:  1.0, Max: 4, Diff: 4, Sum: 4, Workers: 4
[1179.221s][debug][gc,phases      ] GC(64)   JVMTI Tag Weak OopStorage      Min:  0.0, Avg:  0.0, Max:  0.0, Diff:  0.0, Sum:  0.0, Workers: 4
[1179.221s][debug][gc,phases      ] GC(64)     Dead                           Min: 0, Avg:  0.0, Max: 0, Diff: 0, Sum: 0, Workers: 4
[1179.221s][debug][gc,phases      ] GC(64)     Total                          Min: 0, Avg:  0.0, Max: 0, Diff: 0, Sum: 0, Workers: 4
[1179.221s][debug][gc,phases      ] GC(64)   StringTable Weak               Min:  0.0, Avg:  0.1, Max:  0.2, Diff:  0.2, Sum:  0.5, Workers: 4
[1179.221s][debug][gc,phases      ] GC(64)     Dead                           Min: 0, Avg:  0.5, Max: 2, Diff: 2, Sum: 2, Workers: 4
[1179.221s][debug][gc,phases      ] GC(64)     Total                          Min: 0, Avg: 11777.8, Max: 16510, Diff: 16510, Sum: 47111, Workers: 4
[1179.221s][debug][gc,phases      ] GC(64)   ResolvedMethodTable Weak       Min:  0.0, Avg:  0.0, Max:  0.1, Diff:  0.1, Sum:  0.2, Workers: 4
[1179.221s][debug][gc,phases      ] GC(64)     Dead                           Min: 0, Avg:  0.2, Max: 1, Diff: 1, Sum: 1, Workers: 4
[1179.221s][debug][gc,phases      ] GC(64)     Total                          Min: 0, Avg: 3942.8, Max: 5539, Diff: 5539, Sum: 15771, Workers: 4
[1179.221s][debug][gc,phases      ] GC(64)   JNI Weak                       Min:  0.0, Avg:  0.0, Max:  0.0, Diff:  0.0, Sum:  0.0, Workers: 4
[1179.221s][debug][gc,phases      ] GC(64)     Dead                           Min: 0, Avg:  0.0, Max: 0, Diff: 0, Sum: 0, Workers: 4
[1179.221s][debug][gc,phases      ] GC(64)     Total                          Min: 0, Avg: 13.0, Max: 48, Diff: 48, Sum: 52, Workers: 4
[1179.221s][debug][gc,phases      ] GC(64)   StringDedup Table Weak         Min:  0.0, Avg:  0.0, Max:  0.0, Diff:  0.0, Sum:  0.0, Workers: 4
[1179.221s][debug][gc,phases      ] GC(64)     Dead                           Min: 0, Avg:  0.0, Max: 0, Diff: 0, Sum: 0, Workers: 4
[1179.221s][debug][gc,phases      ] GC(64)     Total                          Min: 0, Avg:  0.0, Max: 0, Diff: 0, Sum: 0, Workers: 4
[1179.221s][debug][gc,phases      ] GC(64)   StringDedup Requests0 Weak     Min:  0.0, Avg:  0.0, Max:  0.0, Diff:  0.0, Sum:  0.0, Workers: 4
[1179.221s][debug][gc,phases      ] GC(64)     Dead                           Min: 0, Avg:  0.0, Max: 0, Diff: 0, Sum: 0, Workers: 4
[1179.221s][debug][gc,phases      ] GC(64)     Total                          Min: 0, Avg:  0.0, Max: 0, Diff: 0, Sum: 0, Workers: 4
[1179.221s][debug][gc,phases      ] GC(64)   StringDedup Requests1 Weak     Min:  0.0, Avg:  0.0, Max:  0.0, Diff:  0.0, Sum:  0.0, Workers: 4
[1179.221s][debug][gc,phases      ] GC(64)     Dead                           Min: 0, Avg:  0.0, Max: 0, Diff: 0, Sum: 0, Workers: 4
[1179.221s][debug][gc,phases      ] GC(64)     Total                          Min: 0, Avg:  0.0, Max: 0, Diff: 0, Sum: 0, Workers: 4
[1179.221s][debug][gc,phases      ] GC(64)   Weak JFR Old Object Samples    Min:  0.0, Avg:  0.0, Max:  0.0, Diff:  0.0, Sum:  0.0, Workers: 4
[1179.221s][debug][gc,phases      ] GC(64)     Dead                           Min: 0, Avg:  0.0, Max: 0, Diff: 0, Sum: 0, Workers: 4
[1179.221s][debug][gc,phases      ] GC(64)     Total                          Min: 0, Avg:  0.0, Max: 0, Diff: 0, Sum: 0, Workers: 4
[1179.221s][debug][gc,phases      ] GC(64) Weak Processing 0.417ms
[1179.221s][debug][gc,age         ] GC(64) Desired survivor size 53477376 bytes, new threshold 1 (max threshold 15)
[1179.221s][info ][gc,heap        ] GC(64) PSYoungGen: 2002565K(2042368K)->24176K(2039808K) Eden: 1985024K(1985024K)->0K(1985024K) From: 17541K(57344K)->24176K(54784K)
[1179.221s][info ][gc,heap        ] GC(64) ParOldGen: 1083962K(1084416K)->1098424K(1098752K)
[1179.221s][info ][gc,metaspace   ] GC(64) Metaspace: 108667K(110016K)->108667K(110016K) NonClass: 92359K(93120K)->92359K(93120K) Class: 16307K(16896K)->16307K(16896K)
[1179.221s][info ][gc             ] GC(64) Pause Young (Allocation Failure) 3014M->1096M(3065M) 20.342ms
[1179.221s][info ][gc,cpu         ] GC(64) User=0.06s Sys=0.02s Real=0.02s
[1179.221s][info ][safepoint      ] Safepoint "ParallelGCFailedAllocation", Time since last: 1377415083 ns, Reaching safepoint: 83403 ns, Cleanup: 10700 ns, At safepoint: 20549584 ns, Total: 20643687 ns
[1181.221s][info ][safepoint      ] Safepoint "Cleanup", Time since last: 2000168216 ns, Reaching safepoint: 6100 ns, Cleanup: 9901 ns, At safepoint: 2700 ns, Total: 18701 ns
[1182.223s][info ][safepoint      ] Safepoint "Cleanup", Time since last: 1001263342 ns, Reaching safepoint: 84702 ns, Cleanup: 63702 ns, At safepoint: 24300 ns, Total: 172704 ns
[1183.223s][info ][safepoint      ] Safepoint "Cleanup", Time since last: 1000120510 ns, Reaching safepoint: 6000 ns, Cleanup: 54402 ns, At safepoint: 2800 ns, Total: 63202 ns
[1184.223s][info ][safepoint      ] Safepoint "Cleanup", Time since last: 1000111167 ns, Reaching safepoint: 7400 ns, Cleanup: 11801 ns, At safepoint: 2800 ns, Total: 22001 ns
[1185.360s][info ][safepoint      ] Safepoint "Cleanup", Time since last: 1136808439 ns, Reaching safepoint: 6501 ns, Cleanup: 10300 ns, At safepoint: 2200 ns, Total: 19001 ns
[1186.360s][info ][safepoint      ] Safepoint "Cleanup", Time since last: 1000129870 ns, Reaching safepoint: 79403 ns, Cleanup: 16100 ns, At safepoint: 5900 ns, Total: 101403 ns
[1187.360s][info ][safepoint      ] Safepoint "Cleanup", Time since last: 1000103878 ns, Reaching safepoint: 6400 ns, Cleanup: 15001 ns, At safepoint: 2900 ns, Total: 24301 ns
[1188.360s][info ][safepoint      ] Safepoint "Cleanup", Time since last: 1000118678 ns, Reaching safepoint: 6200 ns, Cleanup: 10700 ns, At safepoint: 3301 ns, Total: 20201 ns
[1190.361s][info ][safepoint      ] Safepoint "Cleanup", Time since last: 2000186755 ns, Reaching safepoint: 6000 ns, Cleanup: 8400 ns, At safepoint: 2800 ns, Total: 17200 ns
[1191.361s][info ][safepoint      ] Safepoint "Cleanup", Time since last: 1000117968 ns, Reaching safepoint: 6500 ns, Cleanup: 9700 ns, At safepoint: 2700 ns, Total: 18900 ns
[1192.361s][info ][safepoint      ] Safepoint "Cleanup", Time since last: 1000111703 ns, Reaching safepoint: 7000 ns, Cleanup: 13601 ns, At safepoint: 2700 ns, Total: 23301 ns
[1193.361s][info ][safepoint      ] Safepoint "Cleanup", Time since last: 1000115903 ns, Reaching safepoint: 7200 ns, Cleanup: 10700 ns, At safepoint: 2700 ns, Total: 20600 ns
[1194.361s][info ][safepoint      ] Safepoint "Cleanup", Time since last: 1000133971 ns, Reaching safepoint: 6400 ns, Cleanup: 23601 ns, At safepoint: 2400 ns, Total: 32401 ns
[1195.361s][info ][safepoint      ] Safepoint "Cleanup", Time since last: 1000112386 ns, Reaching safepoint: 7200 ns, Cleanup: 17700 ns, At safepoint: 2600 ns, Total: 27500 ns
[1196.361s][info ][safepoint      ] Safepoint "Cleanup", Time since last: 1000116286 ns, Reaching safepoint: 7600 ns, Cleanup: 19001 ns, At safepoint: 3300 ns, Total: 29901 ns
[1197.362s][info ][safepoint      ] Safepoint "Cleanup", Time since last: 1000120086 ns, Reaching safepoint: 6800 ns, Cleanup: 12000 ns, At safepoint: 3200 ns, Total: 22000 ns
[1199.362s][info ][safepoint      ] Safepoint "Cleanup", Time since last: 2000200255 ns, Reaching safepoint: 88202 ns, Cleanup: 18701 ns, At safepoint: 8500 ns, Total: 115403 ns
[1200.362s][info ][safepoint      ] Safepoint "Cleanup", Time since last: 1000120026 ns, Reaching safepoint: 6700 ns, Cleanup: 15501 ns, At safepoint: 2400 ns, Total: 24601 ns
[1201.202s][info ][gc,start       ] GC(65) Pause Young (Allocation Failure)
[1201.224s][debug][gc,phases      ] GC(65) Scavenge 22.363ms
[1201.224s][debug][gc,ref         ] GC(65) ReferenceProcessor::execute queues: 1, RefProcThreadModel::Single, marks_oops_alive: false
[1201.224s][debug][gc,ref         ] GC(65) Skipped KeepAliveFinalRefsPhase of Reference Processing: no references
[1201.224s][debug][gc,ref         ] GC(65) ReferenceProcessor::execute queues: 1, RefProcThreadModel::Single, marks_oops_alive: false
[1201.224s][debug][gc,phases      ] GC(65) Reference Processing 0.151ms
[1201.225s][debug][gc,phases      ] GC(65)   VM Weak                        Min:  0.0, Avg:  0.0, Max:  0.0, Diff:  0.0, Sum:  0.0, Workers: 4
[1201.225s][debug][gc,phases      ] GC(65)     Dead                           Min: 0, Avg:  0.0, Max: 0, Diff: 0, Sum: 0, Workers: 4
[1201.225s][debug][gc,phases      ] GC(65)     Total                          Min: 0, Avg: 269.8, Max: 823, Diff: 823, Sum: 1079, Workers: 4
[1201.225s][debug][gc,phases      ] GC(65)   ObjectSynchronizer Weak        Min:  0.0, Avg:  0.0, Max:  0.0, Diff:  0.0, Sum:  0.0, Workers: 4
[1201.225s][debug][gc,phases      ] GC(65)     Dead                           Min: 0, Avg:  0.0, Max: 0, Diff: 0, Sum: 0, Workers: 4
[1201.225s][debug][gc,phases      ] GC(65)     Total                          Min: 0, Avg:  0.8, Max: 3, Diff: 3, Sum: 3, Workers: 4
[1201.225s][debug][gc,phases      ] GC(65)   JVMTI Tag Weak OopStorage      Min:  0.0, Avg:  0.0, Max:  0.0, Diff:  0.0, Sum:  0.0, Workers: 4
[1201.225s][debug][gc,phases      ] GC(65)     Dead                           Min: 0, Avg:  0.0, Max: 0, Diff: 0, Sum: 0, Workers: 4
[1201.225s][debug][gc,phases      ] GC(65)     Total                          Min: 0, Avg:  0.0, Max: 0, Diff: 0, Sum: 0, Workers: 4
[1201.225s][debug][gc,phases      ] GC(65)   StringTable Weak               Min:  0.0, Avg:  0.1, Max:  0.2, Diff:  0.2, Sum:  0.5, Workers: 4
[1201.225s][debug][gc,phases      ] GC(65)     Dead                           Min: 0, Avg:  0.8, Max: 2, Diff: 2, Sum: 3, Workers: 4
[1201.225s][debug][gc,phases      ] GC(65)     Total                          Min: 0, Avg: 11804.8, Max: 17279, Diff: 17279, Sum: 47219, Workers: 4
[1201.225s][debug][gc,phases      ] GC(65)   ResolvedMethodTable Weak       Min:  0.0, Avg:  0.0, Max:  0.1, Diff:  0.1, Sum:  0.2, Workers: 4
[1201.225s][debug][gc,phases      ] GC(65)     Dead                           Min: 0, Avg:  8.8, Max: 14, Diff: 14, Sum: 35, Workers: 4
[1201.225s][debug][gc,phases      ] GC(65)     Total                          Min: 0, Avg: 3998.5, Max: 5685, Diff: 5685, Sum: 15994, Workers: 4
[1201.225s][debug][gc,phases      ] GC(65)   JNI Weak                       Min:  0.0, Avg:  0.0, Max:  0.0, Diff:  0.0, Sum:  0.0, Workers: 4
[1201.225s][debug][gc,phases      ] GC(65)     Dead                           Min: 0, Avg:  0.0, Max: 0, Diff: 0, Sum: 0, Workers: 4
[1201.225s][debug][gc,phases      ] GC(65)     Total                          Min: 0, Avg: 13.0, Max: 48, Diff: 48, Sum: 52, Workers: 4
[1201.225s][debug][gc,phases      ] GC(65)   StringDedup Table Weak         Min:  0.0, Avg:  0.0, Max:  0.0, Diff:  0.0, Sum:  0.0, Workers: 4
[1201.225s][debug][gc,phases      ] GC(65)     Dead                           Min: 0, Avg:  0.0, Max: 0, Diff: 0, Sum: 0, Workers: 4
[1201.225s][debug][gc,phases      ] GC(65)     Total                          Min: 0, Avg:  0.0, Max: 0, Diff: 0, Sum: 0, Workers: 4
[1201.225s][debug][gc,phases      ] GC(65)   StringDedup Requests0 Weak     Min:  0.0, Avg:  0.0, Max:  0.0, Diff:  0.0, Sum:  0.0, Workers: 4
[1201.225s][debug][gc,phases      ] GC(65)     Dead                           Min: 0, Avg:  0.0, Max: 0, Diff: 0, Sum: 0, Workers: 4
[1201.225s][debug][gc,phases      ] GC(65)     Total                          Min: 0, Avg:  0.0, Max: 0, Diff: 0, Sum: 0, Workers: 4
[1201.225s][debug][gc,phases      ] GC(65)   StringDedup Requests1 Weak     Min:  0.0, Avg:  0.0, Max:  0.0, Diff:  0.0, Sum:  0.0, Workers: 4
[1201.225s][debug][gc,phases      ] GC(65)     Dead                           Min: 0, Avg:  0.0, Max: 0, Diff: 0, Sum: 0, Workers: 4
[1201.225s][debug][gc,phases      ] GC(65)     Total                          Min: 0, Avg:  0.0, Max: 0, Diff: 0, Sum: 0, Workers: 4
[1201.225s][debug][gc,phases      ] GC(65)   Weak JFR Old Object Samples    Min:  0.0, Avg:  0.0, Max:  0.0, Diff:  0.0, Sum:  0.0, Workers: 4
[1201.225s][debug][gc,phases      ] GC(65)     Dead                           Min: 0, Avg:  0.0, Max: 0, Diff: 0, Sum: 0, Workers: 4
[1201.225s][debug][gc,phases      ] GC(65)     Total                          Min: 0, Avg:  0.0, Max: 0, Diff: 0, Sum: 0, Workers: 4
[1201.225s][debug][gc,phases      ] GC(65) Weak Processing 0.542ms
[1201.225s][debug][gc,age         ] GC(65) Desired survivor size 50855936 bytes, new threshold 1 (max threshold 15)
[1201.225s][info ][gc,heap        ] GC(65) PSYoungGen: 2009200K(2039808K)->20400K(2047488K) Eden: 1985024K(1985024K)->0K(1995264K) From: 24176K(54784K)->20400K(52224K)
[1201.225s][info ][gc,heap        ] GC(65) ParOldGen: 1098424K(1098752K)->1119917K(1120256K)
[1201.225s][info ][gc,metaspace   ] GC(65) Metaspace: 109054K(110464K)->109054K(110464K) NonClass: 92679K(93504K)->92679K(93504K) Class: 16374K(16960K)->16374K(16960K)
[1201.225s][info ][gc             ] GC(65) Pause Young (Allocation Failure) 3034M->1113M(3093M) 23.210ms
[1201.225s][info ][gc,cpu         ] GC(65) User=0.07s Sys=0.01s Real=0.03s
[1201.225s][info ][safepoint      ] Safepoint "ParallelGCFailedAllocation", Time since last: 839816758 ns, Reaching safepoint: 6300 ns, Cleanup: 13900 ns, At safepoint: 23303579 ns, Total: 23323779 ns
[1202.225s][info ][safepoint      ] Safepoint "Cleanup", Time since last: 1000097420 ns, Reaching safepoint: 8500 ns, Cleanup: 15601 ns, At safepoint: 3300 ns, Total: 27401 ns
[1203.225s][info ][safepoint      ] Safepoint "Cleanup", Time since last: 1000116015 ns, Reaching safepoint: 7200 ns, Cleanup: 26801 ns, At safepoint: 2400 ns, Total: 36401 ns
[1204.226s][info ][safepoint      ] Safepoint "Cleanup", Time since last: 1000114515 ns, Reaching safepoint: 5800 ns, Cleanup: 13900 ns, At safepoint: 2700 ns, Total: 22400 ns
[1205.226s][info ][safepoint      ] Safepoint "Cleanup", Time since last: 1000105515 ns, Reaching safepoint: 6600 ns, Cleanup: 10601 ns, At safepoint: 2900 ns, Total: 20101 ns
[1206.226s][info ][safepoint      ] Safepoint "Cleanup", Time since last: 1000123973 ns, Reaching safepoint: 8600 ns, Cleanup: 18800 ns, At safepoint: 3001 ns, Total: 30401 ns
[1207.226s][info ][safepoint      ] Safepoint "Cleanup", Time since last: 1000134196 ns, Reaching safepoint: 8800 ns, Cleanup: 14100 ns, At safepoint: 3500 ns, Total: 26400 ns
[1208.226s][info ][safepoint      ] Safepoint "Cleanup", Time since last: 1000128396 ns, Reaching safepoint: 9501 ns, Cleanup: 10900 ns, At safepoint: 3100 ns, Total: 23501 ns
[1209.226s][info ][safepoint      ] Safepoint "Cleanup", Time since last: 1000127896 ns, Reaching safepoint: 9000 ns, Cleanup: 13201 ns, At safepoint: 2500 ns, Total: 24701 ns
[1212.227s][info ][safepoint      ] Safepoint "Cleanup", Time since last: 3000281584 ns, Reaching safepoint: 7000 ns, Cleanup: 13101 ns, At safepoint: 3200 ns, Total: 23301 ns
[1213.227s][info ][safepoint      ] Safepoint "Cleanup", Time since last: 1000125195 ns, Reaching safepoint: 6600 ns, Cleanup: 40801 ns, At safepoint: 2800 ns, Total: 50201 ns
[1214.227s][info ][safepoint      ] Safepoint "Cleanup", Time since last: 1000128420 ns, Reaching safepoint: 6400 ns, Cleanup: 18400 ns, At safepoint: 2500 ns, Total: 27300 ns
[1215.227s][info ][safepoint      ] Safepoint "Cleanup", Time since last: 1000134132 ns, Reaching safepoint: 6700 ns, Cleanup: 22601 ns, At safepoint: 2800 ns, Total: 32101 ns
[1216.227s][info ][safepoint      ] Safepoint "Cleanup", Time since last: 1000111030 ns, Reaching safepoint: 6801 ns, Cleanup: 13300 ns, At safepoint: 2600 ns, Total: 22701 ns
[1217.228s][info ][safepoint      ] Safepoint "Cleanup", Time since last: 1000375838 ns, Reaching safepoint: 9600 ns, Cleanup: 10900 ns, At safepoint: 2901 ns, Total: 23401 ns
[1218.228s][info ][safepoint      ] Safepoint "Cleanup", Time since last: 1000119256 ns, Reaching safepoint: 7000 ns, Cleanup: 14701 ns, At safepoint: 2700 ns, Total: 24401 ns
[1219.228s][info ][safepoint      ] Safepoint "Cleanup", Time since last: 1000120413 ns, Reaching safepoint: 7501 ns, Cleanup: 12600 ns, At safepoint: 2700 ns, Total: 22801 ns
[1221.228s][info ][safepoint      ] Safepoint "Cleanup", Time since last: 2000192026 ns, Reaching safepoint: 7100 ns, Cleanup: 17901 ns, At safepoint: 3200 ns, Total: 28201 ns
[1222.500s][info ][gc,start       ] GC(66) Pause Young (Allocation Failure)
[1222.518s][debug][gc,phases      ] GC(66) Scavenge 18.348ms
[1222.518s][debug][gc,ref         ] GC(66) ReferenceProcessor::execute queues: 1, RefProcThreadModel::Single, marks_oops_alive: false
[1222.518s][debug][gc,ref         ] GC(66) Skipped KeepAliveFinalRefsPhase of Reference Processing: no references
[1222.518s][debug][gc,ref         ] GC(66) ReferenceProcessor::execute queues: 1, RefProcThreadModel::Single, marks_oops_alive: false
[1222.518s][debug][gc,phases      ] GC(66) Reference Processing 0.133ms
[1222.519s][debug][gc,phases      ] GC(66)   VM Weak                        Min:  0.0, Avg:  0.0, Max:  0.0, Diff:  0.0, Sum:  0.0, Workers: 4
[1222.519s][debug][gc,phases      ] GC(66)     Dead                           Min: 0, Avg:  0.0, Max: 0, Diff: 0, Sum: 0, Workers: 4
[1222.519s][debug][gc,phases      ] GC(66)     Total                          Min: 0, Avg: 270.8, Max: 704, Diff: 704, Sum: 1083, Workers: 4
[1222.519s][debug][gc,phases      ] GC(66)   ObjectSynchronizer Weak        Min:  0.0, Avg:  0.0, Max:  0.0, Diff:  0.0, Sum:  0.0, Workers: 4
[1222.519s][debug][gc,phases      ] GC(66)     Dead                           Min: 0, Avg:  0.0, Max: 0, Diff: 0, Sum: 0, Workers: 4
[1222.519s][debug][gc,phases      ] GC(66)     Total                          Min: 0, Avg:  1.2, Max: 5, Diff: 5, Sum: 5, Workers: 4
[1222.519s][debug][gc,phases      ] GC(66)   JVMTI Tag Weak OopStorage      Min:  0.0, Avg:  0.0, Max:  0.0, Diff:  0.0, Sum:  0.0, Workers: 4
[1222.519s][debug][gc,phases      ] GC(66)     Dead                           Min: 0, Avg:  0.0, Max: 0, Diff: 0, Sum: 0, Workers: 4
[1222.519s][debug][gc,phases      ] GC(66)     Total                          Min: 0, Avg:  0.0, Max: 0, Diff: 0, Sum: 0, Workers: 4
[1222.519s][debug][gc,phases      ] GC(66)   StringTable Weak               Min:  0.0, Avg:  0.1, Max:  0.2, Diff:  0.2, Sum:  0.5, Workers: 4
[1222.519s][debug][gc,phases      ] GC(66)     Dead                           Min: 0, Avg:  0.2, Max: 1, Diff: 1, Sum: 1, Workers: 4
[1222.519s][debug][gc,phases      ] GC(66)     Total                          Min: 0, Avg: 11809.5, Max: 17408, Diff: 17408, Sum: 47238, Workers: 4
[1222.519s][debug][gc,phases      ] GC(66)   ResolvedMethodTable Weak       Min:  0.0, Avg:  0.0, Max:  0.1, Diff:  0.1, Sum:  0.2, Workers: 4
[1222.519s][debug][gc,phases      ] GC(66)     Dead                           Min: 0, Avg:  4.8, Max: 18, Diff: 18, Sum: 19, Workers: 4
[1222.519s][debug][gc,phases      ] GC(66)     Total                          Min: 0, Avg: 4006.8, Max: 6343, Diff: 6343, Sum: 16027, Workers: 4
[1222.519s][debug][gc,phases      ] GC(66)   JNI Weak                       Min:  0.0, Avg:  0.0, Max:  0.0, Diff:  0.0, Sum:  0.0, Workers: 4
[1222.519s][debug][gc,phases      ] GC(66)     Dead                           Min: 0, Avg:  0.0, Max: 0, Diff: 0, Sum: 0, Workers: 4
[1222.519s][debug][gc,phases      ] GC(66)     Total                          Min: 0, Avg: 13.0, Max: 52, Diff: 52, Sum: 52, Workers: 4
[1222.519s][debug][gc,phases      ] GC(66)   StringDedup Table Weak         Min:  0.0, Avg:  0.0, Max:  0.0, Diff:  0.0, Sum:  0.0, Workers: 4
[1222.519s][debug][gc,phases      ] GC(66)     Dead                           Min: 0, Avg:  0.0, Max: 0, Diff: 0, Sum: 0, Workers: 4
[1222.519s][debug][gc,phases      ] GC(66)     Total                          Min: 0, Avg:  0.0, Max: 0, Diff: 0, Sum: 0, Workers: 4
[1222.519s][debug][gc,phases      ] GC(66)   StringDedup Requests0 Weak     Min:  0.0, Avg:  0.0, Max:  0.0, Diff:  0.0, Sum:  0.0, Workers: 4
[1222.519s][debug][gc,phases      ] GC(66)     Dead                           Min: 0, Avg:  0.0, Max: 0, Diff: 0, Sum: 0, Workers: 4
[1222.519s][debug][gc,phases      ] GC(66)     Total                          Min: 0, Avg:  0.0, Max: 0, Diff: 0, Sum: 0, Workers: 4
[1222.519s][debug][gc,phases      ] GC(66)   StringDedup Requests1 Weak     Min:  0.0, Avg:  0.0, Max:  0.0, Diff:  0.0, Sum:  0.0, Workers: 4
[1222.519s][debug][gc,phases      ] GC(66)     Dead                           Min: 0, Avg:  0.0, Max: 0, Diff: 0, Sum: 0, Workers: 4
[1222.519s][debug][gc,phases      ] GC(66)     Total                          Min: 0, Avg:  0.0, Max: 0, Diff: 0, Sum: 0, Workers: 4
[1222.519s][debug][gc,phases      ] GC(66)   Weak JFR Old Object Samples    Min:  0.0, Avg:  0.0, Max:  0.0, Diff:  0.0, Sum:  0.0, Workers: 4
[1222.519s][debug][gc,phases      ] GC(66)     Dead                           Min: 0, Avg:  0.0, Max: 0, Diff: 0, Sum: 0, Workers: 4
[1222.519s][debug][gc,phases      ] GC(66)     Total                          Min: 0, Avg:  0.0, Max: 0, Diff: 0, Sum: 0, Workers: 4
[1222.519s][debug][gc,phases      ] GC(66) Weak Processing 0.409ms
[1222.519s][debug][gc,age         ] GC(66) Desired survivor size 48234496 bytes, new threshold 1 (max threshold 15)
[1222.519s][info ][gc,heap        ] GC(66) PSYoungGen: 2015664K(2047488K)->20448K(2044928K) Eden: 1995264K(1995264K)->0K(1995264K) From: 20400K(52224K)->20448K(49664K)
[1222.519s][info ][gc,heap        ] GC(66) ParOldGen: 1119917K(1120256K)->1137505K(1137664K)
[1222.519s][info ][gc,metaspace   ] GC(66) Metaspace: 109189K(110592K)->109189K(110592K) NonClass: 92802K(93632K)->92802K(93632K) Class: 16386K(16960K)->16386K(16960K)
[1222.519s][info ][gc             ] GC(66) Pause Young (Allocation Failure) 3062M->1130M(3108M) 19.033ms
[1222.519s][info ][gc,cpu         ] GC(66) User=0.06s Sys=0.01s Real=0.02s
[1222.519s][info ][safepoint      ] Safepoint "ParallelGCFailedAllocation", Time since last: 1271449552 ns, Reaching safepoint: 85502 ns, Cleanup: 5200 ns, At safepoint: 19127304 ns, Total: 19218006 ns
[1223.519s][info ][safepoint      ] Safepoint "Cleanup", Time since last: 1000090212 ns, Reaching safepoint: 6701 ns, Cleanup: 16300 ns, At safepoint: 3100 ns, Total: 26101 ns
[1224.519s][info ][safepoint      ] Safepoint "Cleanup", Time since last: 1000131414 ns, Reaching safepoint: 6300 ns, Cleanup: 12300 ns, At safepoint: 2401 ns, Total: 21001 ns
[1225.519s][info ][safepoint      ] Safepoint "Cleanup", Time since last: 1000109313 ns, Reaching safepoint: 6500 ns, Cleanup: 8900 ns, At safepoint: 2300 ns, Total: 17700 ns
[1226.519s][info ][safepoint      ] Safepoint "Cleanup", Time since last: 1000114965 ns, Reaching safepoint: 7000 ns, Cleanup: 11600 ns, At safepoint: 2700 ns, Total: 21300 ns
[1227.519s][info ][safepoint      ] Safepoint "Cleanup", Time since last: 1000114042 ns, Reaching safepoint: 6400 ns, Cleanup: 11900 ns, At safepoint: 2800 ns, Total: 21100 ns
[1228.520s][info ][safepoint      ] Safepoint "Cleanup", Time since last: 1000114842 ns, Reaching safepoint: 6800 ns, Cleanup: 9500 ns, At safepoint: 2800 ns, Total: 19100 ns
[1229.520s][info ][safepoint      ] Safepoint "Cleanup", Time since last: 1000115742 ns, Reaching safepoint: 7700 ns, Cleanup: 11200 ns, At safepoint: 3200 ns, Total: 22100 ns
[1230.520s][info ][safepoint      ] Safepoint "Cleanup", Time since last: 1000115042 ns, Reaching safepoint: 6400 ns, Cleanup: 12600 ns, At safepoint: 2900 ns, Total: 21900 ns
[1232.520s][info ][safepoint      ] Safepoint "Cleanup", Time since last: 2000182878 ns, Reaching safepoint: 6301 ns, Cleanup: 14500 ns, At safepoint: 2300 ns, Total: 23101 ns
[1233.520s][info ][safepoint      ] Safepoint "Cleanup", Time since last: 1000112082 ns, Reaching safepoint: 6200 ns, Cleanup: 20400 ns, At safepoint: 2401 ns, Total: 29001 ns
[1234.520s][info ][safepoint      ] Safepoint "Cleanup", Time since last: 1000115678 ns, Reaching safepoint: 6400 ns, Cleanup: 11700 ns, At safepoint: 2500 ns, Total: 20600 ns
[1235.521s][info ][safepoint      ] Safepoint "Cleanup", Time since last: 1000112642 ns, Reaching safepoint: 5800 ns, Cleanup: 9100 ns, At safepoint: 2200 ns, Total: 17100 ns
[1236.521s][info ][safepoint      ] Safepoint "Cleanup", Time since last: 1000104241 ns, Reaching safepoint: 5600 ns, Cleanup: 9400 ns, At safepoint: 2600 ns, Total: 17600 ns
[1237.521s][info ][safepoint      ] Safepoint "Cleanup", Time since last: 1000109041 ns, Reaching safepoint: 7601 ns, Cleanup: 11400 ns, At safepoint: 3500 ns, Total: 22501 ns
[1238.521s][info ][safepoint      ] Safepoint "Cleanup", Time since last: 1000117849 ns, Reaching safepoint: 6500 ns, Cleanup: 7100 ns, At safepoint: 2800 ns, Total: 16400 ns
[1239.521s][info ][safepoint      ] Safepoint "Cleanup", Time since last: 1000112106 ns, Reaching safepoint: 6600 ns, Cleanup: 15600 ns, At safepoint: 3200 ns, Total: 25400 ns
[1240.521s][info ][safepoint      ] Safepoint "Cleanup", Time since last: 1000103905 ns, Reaching safepoint: 6000 ns, Cleanup: 9601 ns, At safepoint: 2300 ns, Total: 17901 ns
[1241.521s][info ][safepoint      ] Safepoint "Cleanup", Time since last: 1000133105 ns, Reaching safepoint: 5001 ns, Cleanup: 10400 ns, At safepoint: 2300 ns, Total: 17701 ns
[1242.521s][info ][safepoint      ] Safepoint "Cleanup", Time since last: 1000103191 ns, Reaching safepoint: 6800 ns, Cleanup: 16301 ns, At safepoint: 2700 ns, Total: 25801 ns
[1243.522s][info ][safepoint      ] Safepoint "Cleanup", Time since last: 1000115142 ns, Reaching safepoint: 6800 ns, Cleanup: 10900 ns, At safepoint: 2700 ns, Total: 20400 ns
[1244.522s][info ][safepoint      ] Safepoint "Cleanup", Time since last: 1000118243 ns, Reaching safepoint: 83601 ns, Cleanup: 12500 ns, At safepoint: 14500 ns, Total: 110601 ns
[1245.522s][info ][safepoint      ] Safepoint "Cleanup", Time since last: 1000117671 ns, Reaching safepoint: 6000 ns, Cleanup: 11300 ns, At safepoint: 2700 ns, Total: 20000 ns
[1247.522s][info ][safepoint      ] Safepoint "Cleanup", Time since last: 2000198301 ns, Reaching safepoint: 7700 ns, Cleanup: 13900 ns, At safepoint: 3700 ns, Total: 25300 ns
[1248.522s][info ][safepoint      ] Safepoint "Cleanup", Time since last: 1000126801 ns, Reaching safepoint: 7901 ns, Cleanup: 12500 ns, At safepoint: 3100 ns, Total: 23501 ns
[1251.199s][info ][gc,start       ] GC(67) Pause Young (Allocation Failure)
[1251.216s][debug][gc,phases      ] GC(67) Scavenge 16.318ms
[1251.216s][debug][gc,ref         ] GC(67) ReferenceProcessor::execute queues: 1, RefProcThreadModel::Single, marks_oops_alive: false
[1251.216s][debug][gc,ref         ] GC(67) Skipped KeepAliveFinalRefsPhase of Reference Processing: no references
[1251.216s][debug][gc,ref         ] GC(67) ReferenceProcessor::execute queues: 1, RefProcThreadModel::Single, marks_oops_alive: false
[1251.216s][debug][gc,phases      ] GC(67) Reference Processing 0.118ms
[1251.216s][debug][gc,phases      ] GC(67)   VM Weak                        Min:  0.0, Avg:  0.0, Max:  0.0, Diff:  0.0, Sum:  0.0, Workers: 4
[1251.216s][debug][gc,phases      ] GC(67)     Dead                           Min: 0, Avg:  0.0, Max: 0, Diff: 0, Sum: 0, Workers: 4
[1251.216s][debug][gc,phases      ] GC(67)     Total                          Min: 0, Avg: 270.8, Max: 512, Diff: 512, Sum: 1083, Workers: 4
[1251.216s][debug][gc,phases      ] GC(67)   ObjectSynchronizer Weak        Min:  0.0, Avg:  0.0, Max:  0.0, Diff:  0.0, Sum:  0.0, Workers: 4
[1251.216s][debug][gc,phases      ] GC(67)     Dead                           Min: 0, Avg:  0.0, Max: 0, Diff: 0, Sum: 0, Workers: 4
[1251.216s][debug][gc,phases      ] GC(67)     Total                          Min: 0, Avg:  1.2, Max: 5, Diff: 5, Sum: 5, Workers: 4
[1251.216s][debug][gc,phases      ] GC(67)   JVMTI Tag Weak OopStorage      Min:  0.0, Avg:  0.0, Max:  0.0, Diff:  0.0, Sum:  0.0, Workers: 4
[1251.216s][debug][gc,phases      ] GC(67)     Dead                           Min: 0, Avg:  0.0, Max: 0, Diff: 0, Sum: 0, Workers: 4
[1251.216s][debug][gc,phases      ] GC(67)     Total                          Min: 0, Avg:  0.0, Max: 0, Diff: 0, Sum: 0, Workers: 4
[1251.216s][debug][gc,phases      ] GC(67)   StringTable Weak               Min:  0.0, Avg:  0.1, Max:  0.1, Diff:  0.1, Sum:  0.4, Workers: 4
[1251.216s][debug][gc,phases      ] GC(67)     Dead                           Min: 0, Avg:  0.2, Max: 1, Diff: 1, Sum: 1, Workers: 4
[1251.216s][debug][gc,phases      ] GC(67)     Total                          Min: 0, Avg: 11813.8, Max: 16664, Diff: 16664, Sum: 47255, Workers: 4
[1251.216s][debug][gc,phases      ] GC(67)   ResolvedMethodTable Weak       Min:  0.0, Avg:  0.0, Max:  0.1, Diff:  0.1, Sum:  0.2, Workers: 4
[1251.216s][debug][gc,phases      ] GC(67)     Dead                           Min: 0, Avg:  4.2, Max: 13, Diff: 13, Sum: 17, Workers: 4
[1251.216s][debug][gc,phases      ] GC(67)     Total                          Min: 0, Avg: 4011.2, Max: 5749, Diff: 5749, Sum: 16045, Workers: 4
[1251.216s][debug][gc,phases      ] GC(67)   JNI Weak                       Min:  0.0, Avg:  0.0, Max:  0.0, Diff:  0.0, Sum:  0.0, Workers: 4
[1251.216s][debug][gc,phases      ] GC(67)     Dead                           Min: 0, Avg:  0.0, Max: 0, Diff: 0, Sum: 0, Workers: 4
[1251.216s][debug][gc,phases      ] GC(67)     Total                          Min: 0, Avg: 13.0, Max: 48, Diff: 48, Sum: 52, Workers: 4
[1251.216s][debug][gc,phases      ] GC(67)   StringDedup Table Weak         Min:  0.0, Avg:  0.0, Max:  0.0, Diff:  0.0, Sum:  0.0, Workers: 4
[1251.216s][debug][gc,phases      ] GC(67)     Dead                           Min: 0, Avg:  0.0, Max: 0, Diff: 0, Sum: 0, Workers: 4
[1251.216s][debug][gc,phases      ] GC(67)     Total                          Min: 0, Avg:  0.0, Max: 0, Diff: 0, Sum: 0, Workers: 4
[1251.216s][debug][gc,phases      ] GC(67)   StringDedup Requests0 Weak     Min:  0.0, Avg:  0.0, Max:  0.0, Diff:  0.0, Sum:  0.0, Workers: 4
[1251.216s][debug][gc,phases      ] GC(67)     Dead                           Min: 0, Avg:  0.0, Max: 0, Diff: 0, Sum: 0, Workers: 4
[1251.216s][debug][gc,phases      ] GC(67)     Total                          Min: 0, Avg:  0.0, Max: 0, Diff: 0, Sum: 0, Workers: 4
[1251.216s][debug][gc,phases      ] GC(67)   StringDedup Requests1 Weak     Min:  0.0, Avg:  0.0, Max:  0.0, Diff:  0.0, Sum:  0.0, Workers: 4
[1251.216s][debug][gc,phases      ] GC(67)     Dead                           Min: 0, Avg:  0.0, Max: 0, Diff: 0, Sum: 0, Workers: 4
[1251.216s][debug][gc,phases      ] GC(67)     Total                          Min: 0, Avg:  0.0, Max: 0, Diff: 0, Sum: 0, Workers: 4
[1251.216s][debug][gc,phases      ] GC(67)   Weak JFR Old Object Samples    Min:  0.0, Avg:  0.0, Max:  0.0, Diff:  0.0, Sum:  0.0, Workers: 4
[1251.216s][debug][gc,phases      ] GC(67)     Dead                           Min: 0, Avg:  0.0, Max: 0, Diff: 0, Sum: 0, Workers: 4
[1251.216s][debug][gc,phases      ] GC(67)     Total                          Min: 0, Avg:  0.0, Max: 0, Diff: 0, Sum: 0, Workers: 4
[1251.216s][debug][gc,phases      ] GC(67) Weak Processing 0.425ms
[1251.216s][debug][gc,age         ] GC(67) Desired survivor size 46661632 bytes, new threshold 1 (max threshold 15)
[1251.216s][info ][gc,heap        ] GC(67) PSYoungGen: 2015712K(2044928K)->13678K(2051584K) Eden: 1995264K(1995264K)->0K(2004480K) From: 20448K(49664K)->13678K(47104K)
[1251.216s][info ][gc,heap        ] GC(67) ParOldGen: 1137505K(1137664K)->1153906K(1154048K)
[1251.216s][info ][gc,metaspace   ] GC(67) Metaspace: 109271K(110720K)->109271K(110720K) NonClass: 92876K(93696K)->92876K(93696K) Class: 16394K(17024K)->16394K(17024K)
[1251.216s][info ][gc             ] GC(67) Pause Young (Allocation Failure) 3079M->1140M(3130M) 17.011ms
[1251.216s][info ][gc,cpu         ] GC(67) User=0.05s Sys=0.01s Real=0.02s
[1251.216s][info ][safepoint      ] Safepoint "ParallelGCFailedAllocation", Time since last: 2676732659 ns, Reaching safepoint: 84701 ns, Cleanup: 12601 ns, At safepoint: 17095687 ns, Total: 17192989 ns
[1252.216s][info ][safepoint      ] Safepoint "Cleanup", Time since last: 1000091225 ns, Reaching safepoint: 9900 ns, Cleanup: 10700 ns, At safepoint: 2700 ns, Total: 23300 ns
[1253.216s][info ][safepoint      ] Safepoint "Cleanup", Time since last: 1000119425 ns, Reaching safepoint: 8700 ns, Cleanup: 16900 ns, At safepoint: 3600 ns, Total: 29200 ns
[1254.217s][info ][safepoint      ] Safepoint "Cleanup", Time since last: 1000113425 ns, Reaching safepoint: 7700 ns, Cleanup: 13800 ns, At safepoint: 2600 ns, Total: 24100 ns
[1255.217s][info ][safepoint      ] Safepoint "Cleanup", Time since last: 1000123135 ns, Reaching safepoint: 6600 ns, Cleanup: 13301 ns, At safepoint: 2900 ns, Total: 22801 ns
[1256.217s][info ][safepoint      ] Safepoint "Cleanup", Time since last: 1000117145 ns, Reaching safepoint: 6600 ns, Cleanup: 10800 ns, At safepoint: 3000 ns, Total: 20400 ns
[1259.217s][info ][safepoint      ] Safepoint "Cleanup", Time since last: 3000310958 ns, Reaching safepoint: 7900 ns, Cleanup: 14700 ns, At safepoint: 2700 ns, Total: 25300 ns
[1260.217s][info ][safepoint      ] Safepoint "Cleanup", Time since last: 1000125765 ns, Reaching safepoint: 7000 ns, Cleanup: 15201 ns, At safepoint: 29200 ns, Total: 51401 ns
[1261.625s][info ][safepoint      ] Safepoint "Cleanup", Time since last: 1407916669 ns, Reaching safepoint: 8400 ns, Cleanup: 15701 ns, At safepoint: 2900 ns, Total: 27001 ns
[1262.626s][info ][safepoint      ] Safepoint "Cleanup", Time since last: 1000130565 ns, Reaching safepoint: 12600 ns, Cleanup: 23201 ns, At safepoint: 3500 ns, Total: 39301 ns
[1263.626s][info ][safepoint      ] Safepoint "Cleanup", Time since last: 1000134840 ns, Reaching safepoint: 6300 ns, Cleanup: 14901 ns, At safepoint: 3000 ns, Total: 24201 ns
[1265.626s][info ][safepoint      ] Safepoint "Cleanup", Time since last: 2000178061 ns, Reaching safepoint: 6300 ns, Cleanup: 10800 ns, At safepoint: 2501 ns, Total: 19601 ns
[1266.626s][info ][safepoint      ] Safepoint "Cleanup", Time since last: 1000085148 ns, Reaching safepoint: 6401 ns, Cleanup: 8400 ns, At safepoint: 2300 ns, Total: 17101 ns
[1267.626s][info ][safepoint      ] Safepoint "Cleanup", Time since last: 1000114188 ns, Reaching safepoint: 6200 ns, Cleanup: 10200 ns, At safepoint: 2700 ns, Total: 19100 ns
[1270.626s][info ][safepoint      ] Safepoint "Cleanup", Time since last: 3000271162 ns, Reaching safepoint: 6300 ns, Cleanup: 14701 ns, At safepoint: 3000 ns, Total: 24001 ns
[1271.627s][info ][safepoint      ] Safepoint "Cleanup", Time since last: 1000126288 ns, Reaching safepoint: 8400 ns, Cleanup: 11200 ns, At safepoint: 3100 ns, Total: 22700 ns
[1273.627s][info ][safepoint      ] Safepoint "Cleanup", Time since last: 2000178930 ns, Reaching safepoint: 6301 ns, Cleanup: 18100 ns, At safepoint: 2700 ns, Total: 27101 ns
[1274.627s][info ][safepoint      ] Safepoint "Cleanup", Time since last: 1000115754 ns, Reaching safepoint: 6100 ns, Cleanup: 13601 ns, At safepoint: 2700 ns, Total: 22401 ns
[1275.627s][info ][safepoint      ] Safepoint "Cleanup", Time since last: 1000132108 ns, Reaching safepoint: 6000 ns, Cleanup: 12201 ns, At safepoint: 2400 ns, Total: 20601 ns
[1276.627s][info ][safepoint      ] Safepoint "Cleanup", Time since last: 1000109808 ns, Reaching safepoint: 6200 ns, Cleanup: 19700 ns, At safepoint: 3200 ns, Total: 29100 ns
[1280.628s][info ][safepoint      ] Safepoint "Cleanup", Time since last: 4000324002 ns, Reaching safepoint: 6200 ns, Cleanup: 10400 ns, At safepoint: 3200 ns, Total: 19800 ns
[1281.049s][info ][gc,start       ] GC(68) Pause Young (Allocation Failure)
[1281.061s][debug][gc,phases      ] GC(68) Scavenge 11.828ms
[1281.061s][debug][gc,ref         ] GC(68) ReferenceProcessor::execute queues: 1, RefProcThreadModel::Single, marks_oops_alive: false
[1281.061s][debug][gc,ref         ] GC(68) Skipped KeepAliveFinalRefsPhase of Reference Processing: no references
[1281.061s][debug][gc,ref         ] GC(68) ReferenceProcessor::execute queues: 1, RefProcThreadModel::Single, marks_oops_alive: false
[1281.061s][debug][gc,phases      ] GC(68) Reference Processing 0.116ms
[1281.061s][debug][gc,phases      ] GC(68)   VM Weak                        Min:  0.0, Avg:  0.0, Max:  0.0, Diff:  0.0, Sum:  0.0, Workers: 4
[1281.061s][debug][gc,phases      ] GC(68)     Dead                           Min: 0, Avg:  0.0, Max: 0, Diff: 0, Sum: 0, Workers: 4
[1281.061s][debug][gc,phases      ] GC(68)     Total                          Min: 0, Avg: 270.8, Max: 640, Diff: 640, Sum: 1083, Workers: 4
[1281.061s][debug][gc,phases      ] GC(68)   ObjectSynchronizer Weak        Min:  0.0, Avg:  0.0, Max:  0.0, Diff:  0.0, Sum:  0.0, Workers: 4
[1281.061s][debug][gc,phases      ] GC(68)     Dead                           Min: 0, Avg:  0.0, Max: 0, Diff: 0, Sum: 0, Workers: 4
[1281.061s][debug][gc,phases      ] GC(68)     Total                          Min: 0, Avg:  1.0, Max: 4, Diff: 4, Sum: 4, Workers: 4
[1281.061s][debug][gc,phases      ] GC(68)   JVMTI Tag Weak OopStorage      Min:  0.0, Avg:  0.0, Max:  0.0, Diff:  0.0, Sum:  0.0, Workers: 4
[1281.061s][debug][gc,phases      ] GC(68)     Dead                           Min: 0, Avg:  0.0, Max: 0, Diff: 0, Sum: 0, Workers: 4
[1281.061s][debug][gc,phases      ] GC(68)     Total                          Min: 0, Avg:  0.0, Max: 0, Diff: 0, Sum: 0, Workers: 4
[1281.061s][debug][gc,phases      ] GC(68)   StringTable Weak               Min:  0.0, Avg:  0.1, Max:  0.2, Diff:  0.2, Sum:  0.5, Workers: 4
[1281.061s][debug][gc,phases      ] GC(68)     Dead                           Min: 0, Avg:  0.2, Max: 1, Diff: 1, Sum: 1, Workers: 4
[1281.061s][debug][gc,phases      ] GC(68)     Total                          Min: 0, Avg: 11817.2, Max: 16038, Diff: 16038, Sum: 47269, Workers: 4
[1281.061s][debug][gc,phases      ] GC(68)   ResolvedMethodTable Weak       Min:  0.0, Avg:  0.0, Max:  0.1, Diff:  0.1, Sum:  0.2, Workers: 4
[1281.061s][debug][gc,phases      ] GC(68)     Dead                           Min: 0, Avg:  4.8, Max: 17, Diff: 17, Sum: 19, Workers: 4
[1281.061s][debug][gc,phases      ] GC(68)     Total                          Min: 0, Avg: 4014.5, Max: 5662, Diff: 5662, Sum: 16058, Workers: 4
[1281.061s][debug][gc,phases      ] GC(68)   JNI Weak                       Min:  0.0, Avg:  0.0, Max:  0.0, Diff:  0.0, Sum:  0.0, Workers: 4
[1281.061s][debug][gc,phases      ] GC(68)     Dead                           Min: 0, Avg:  0.0, Max: 0, Diff: 0, Sum: 0, Workers: 4
[1281.061s][debug][gc,phases      ] GC(68)     Total                          Min: 0, Avg: 13.0, Max: 48, Diff: 48, Sum: 52, Workers: 4
[1281.061s][debug][gc,phases      ] GC(68)   StringDedup Table Weak         Min:  0.0, Avg:  0.0, Max:  0.0, Diff:  0.0, Sum:  0.0, Workers: 4
[1281.061s][debug][gc,phases      ] GC(68)     Dead                           Min: 0, Avg:  0.0, Max: 0, Diff: 0, Sum: 0, Workers: 4
[1281.061s][debug][gc,phases      ] GC(68)     Total                          Min: 0, Avg:  0.0, Max: 0, Diff: 0, Sum: 0, Workers: 4
[1281.061s][debug][gc,phases      ] GC(68)   StringDedup Requests0 Weak     Min:  0.0, Avg:  0.0, Max:  0.0, Diff:  0.0, Sum:  0.0, Workers: 4
[1281.061s][debug][gc,phases      ] GC(68)     Dead                           Min: 0, Avg:  0.0, Max: 0, Diff: 0, Sum: 0, Workers: 4
[1281.061s][debug][gc,phases      ] GC(68)     Total                          Min: 0, Avg:  0.0, Max: 0, Diff: 0, Sum: 0, Workers: 4
[1281.061s][debug][gc,phases      ] GC(68)   StringDedup Requests1 Weak     Min:  0.0, Avg:  0.0, Max:  0.0, Diff:  0.0, Sum:  0.0, Workers: 4
[1281.061s][debug][gc,phases      ] GC(68)     Dead                           Min: 0, Avg:  0.0, Max: 0, Diff: 0, Sum: 0, Workers: 4
[1281.061s][debug][gc,phases      ] GC(68)     Total                          Min: 0, Avg:  0.0, Max: 0, Diff: 0, Sum: 0, Workers: 4
[1281.061s][debug][gc,phases      ] GC(68)   Weak JFR Old Object Samples    Min:  0.0, Avg:  0.0, Max:  0.0, Diff:  0.0, Sum:  0.0, Workers: 4
[1281.061s][debug][gc,phases      ] GC(68)     Dead                           Min: 0, Avg:  0.0, Max: 0, Diff: 0, Sum: 0, Workers: 4
[1281.061s][debug][gc,phases      ] GC(68)     Total                          Min: 0, Avg:  0.0, Max: 0, Diff: 0, Sum: 0, Workers: 4
[1281.061s][debug][gc,phases      ] GC(68) Weak Processing 0.449ms
[1281.061s][debug][gc,age         ] GC(68) Desired survivor size 46137344 bytes, new threshold 1 (max threshold 15)
[1281.061s][info ][gc,heap        ] GC(68) PSYoungGen: 2018158K(2051584K)->10704K(2050048K) Eden: 2004480K(2004480K)->0K(2004480K) From: 13678K(47104K)->10704K(45568K)
[1281.061s][info ][gc,heap        ] GC(68) ParOldGen: 1153906K(1154048K)->1164256K(1164288K)
[1281.061s][info ][gc,metaspace   ] GC(68) Metaspace: 109327K(110784K)->109327K(110784K) NonClass: 92929K(93760K)->92929K(93760K) Class: 16398K(17024K)->16398K(17024K)
[1281.061s][info ][gc             ] GC(68) Pause Young (Allocation Failure) 3097M->1147M(3139M) 12.535ms
[1281.061s][info ][gc,cpu         ] GC(68) User=0.03s Sys=0.01s Real=0.01s
[1281.061s][info ][safepoint      ] Safepoint "ParallelGCFailedAllocation", Time since last: 421086273 ns, Reaching safepoint: 98702 ns, Cleanup: 12401 ns, At safepoint: 12619475 ns, Total: 12730578 ns
[1283.062s][info ][safepoint      ] Safepoint "Cleanup", Time since last: 2000156160 ns, Reaching safepoint: 9501 ns, Cleanup: 12800 ns, At safepoint: 3300 ns, Total: 25601 ns
[1287.062s][info ][safepoint      ] Safepoint "Cleanup", Time since last: 4000340971 ns, Reaching safepoint: 6601 ns, Cleanup: 11900 ns, At safepoint: 2600 ns, Total: 21101 ns
[1294.062s][info ][safepoint      ] Safepoint "Cleanup", Time since last: 7000536422 ns, Reaching safepoint: 5700 ns, Cleanup: 8900 ns, At safepoint: 2600 ns, Total: 17200 ns
[1295.063s][info ][safepoint      ] Safepoint "Cleanup", Time since last: 1000104551 ns, Reaching safepoint: 6000 ns, Cleanup: 11800 ns, At safepoint: 2800 ns, Total: 20600 ns
[1298.063s][info ][safepoint      ] Safepoint "Cleanup", Time since last: 3000256117 ns, Reaching safepoint: 5500 ns, Cleanup: 13401 ns, At safepoint: 2200 ns, Total: 21101 ns
[1299.063s][info ][safepoint      ] Safepoint "Cleanup", Time since last: 1000115366 ns, Reaching safepoint: 6000 ns, Cleanup: 12700 ns, At safepoint: 2700 ns, Total: 21400 ns
[1301.063s][info ][safepoint      ] Safepoint "Cleanup", Time since last: 2000184531 ns, Reaching safepoint: 6400 ns, Cleanup: 11100 ns, At safepoint: 31001 ns, Total: 48501 ns
[1302.063s][info ][safepoint      ] Safepoint "Cleanup", Time since last: 1000102065 ns, Reaching safepoint: 5501 ns, Cleanup: 9300 ns, At safepoint: 2800 ns, Total: 17601 ns
[1305.064s][info ][safepoint      ] Safepoint "Cleanup", Time since last: 3000247370 ns, Reaching safepoint: 6700 ns, Cleanup: 11000 ns, At safepoint: 2500 ns, Total: 20200 ns
[1308.064s][info ][safepoint      ] Safepoint "Cleanup", Time since last: 3000248236 ns, Reaching safepoint: 6700 ns, Cleanup: 10901 ns, At safepoint: 2300 ns, Total: 19901 ns
[1310.064s][info ][safepoint      ] Safepoint "Cleanup", Time since last: 2000189992 ns, Reaching safepoint: 7200 ns, Cleanup: 11800 ns, At safepoint: 2700 ns, Total: 21700 ns
[1312.064s][info ][safepoint      ] Safepoint "Cleanup", Time since last: 2000190256 ns, Reaching safepoint: 7100 ns, Cleanup: 11900 ns, At safepoint: 3400 ns, Total: 22400 ns
[1313.064s][info ][safepoint      ] Safepoint "Cleanup", Time since last: 1000119264 ns, Reaching safepoint: 7100 ns, Cleanup: 10201 ns, At safepoint: 2400 ns, Total: 19701 ns
[1317.065s][info ][safepoint      ] Safepoint "Cleanup", Time since last: 4000323019 ns, Reaching safepoint: 6200 ns, Cleanup: 12000 ns, At safepoint: 3001 ns, Total: 21201 ns
[1318.556s][info ][gc,start       ] GC(69) Pause Young (Allocation Failure)
[1318.565s][debug][gc,phases      ] GC(69) Scavenge 8.774ms
[1318.565s][debug][gc,ref         ] GC(69) ReferenceProcessor::execute queues: 1, RefProcThreadModel::Single, marks_oops_alive: false
[1318.565s][debug][gc,ref         ] GC(69) Skipped KeepAliveFinalRefsPhase of Reference Processing: no references
[1318.565s][debug][gc,ref         ] GC(69) Skipped PhantomRefsPhase of Reference Processing: no references
[1318.565s][debug][gc,phases      ] GC(69) Reference Processing 0.144ms
[1318.565s][debug][gc,phases      ] GC(69)   VM Weak                        Min:  0.0, Avg:  0.0, Max:  0.0, Diff:  0.0, Sum:  0.0, Workers: 4
[1318.565s][debug][gc,phases      ] GC(69)     Dead                           Min: 0, Avg:  0.0, Max: 0, Diff: 0, Sum: 0, Workers: 4
[1318.565s][debug][gc,phases      ] GC(69)     Total                          Min: 0, Avg: 270.8, Max: 640, Diff: 640, Sum: 1083, Workers: 4
[1318.565s][debug][gc,phases      ] GC(69)   ObjectSynchronizer Weak        Min:  0.0, Avg:  0.0, Max:  0.0, Diff:  0.0, Sum:  0.0, Workers: 4
[1318.565s][debug][gc,phases      ] GC(69)     Dead                           Min: 0, Avg:  0.0, Max: 0, Diff: 0, Sum: 0, Workers: 4
[1318.565s][debug][gc,phases      ] GC(69)     Total                          Min: 0, Avg:  1.0, Max: 4, Diff: 4, Sum: 4, Workers: 4
[1318.565s][debug][gc,phases      ] GC(69)   JVMTI Tag Weak OopStorage      Min:  0.0, Avg:  0.0, Max:  0.0, Diff:  0.0, Sum:  0.0, Workers: 4
[1318.565s][debug][gc,phases      ] GC(69)     Dead                           Min: 0, Avg:  0.0, Max: 0, Diff: 0, Sum: 0, Workers: 4
[1318.565s][debug][gc,phases      ] GC(69)     Total                          Min: 0, Avg:  0.0, Max: 0, Diff: 0, Sum: 0, Workers: 4
[1318.565s][debug][gc,phases      ] GC(69)   StringTable Weak               Min:  0.0, Avg:  0.1, Max:  0.2, Diff:  0.2, Sum:  0.5, Workers: 4
[1318.565s][debug][gc,phases      ] GC(69)     Dead                           Min: 0, Avg:  0.0, Max: 0, Diff: 0, Sum: 0, Workers: 4
[1318.565s][debug][gc,phases      ] GC(69)     Total                          Min: 0, Avg: 11817.5, Max: 16448, Diff: 16448, Sum: 47270, Workers: 4
[1318.565s][debug][gc,phases      ] GC(69)   ResolvedMethodTable Weak       Min:  0.0, Avg:  0.0, Max:  0.1, Diff:  0.1, Sum:  0.2, Workers: 4
[1318.565s][debug][gc,phases      ] GC(69)     Dead                           Min: 0, Avg:  4.0, Max: 16, Diff: 16, Sum: 16, Workers: 4
[1318.565s][debug][gc,phases      ] GC(69)     Total                          Min: 0, Avg: 4014.5, Max: 6005, Diff: 6005, Sum: 16058, Workers: 4
[1318.565s][debug][gc,phases      ] GC(69)   JNI Weak                       Min:  0.0, Avg:  0.0, Max:  0.0, Diff:  0.0, Sum:  0.0, Workers: 4
[1318.565s][debug][gc,phases      ] GC(69)     Dead                           Min: 0, Avg:  0.0, Max: 0, Diff: 0, Sum: 0, Workers: 4
[1318.565s][debug][gc,phases      ] GC(69)     Total                          Min: 0, Avg: 13.0, Max: 48, Diff: 48, Sum: 52, Workers: 4
[1318.565s][debug][gc,phases      ] GC(69)   StringDedup Table Weak         Min:  0.0, Avg:  0.0, Max:  0.0, Diff:  0.0, Sum:  0.0, Workers: 4
[1318.565s][debug][gc,phases      ] GC(69)     Dead                           Min: 0, Avg:  0.0, Max: 0, Diff: 0, Sum: 0, Workers: 4
[1318.565s][debug][gc,phases      ] GC(69)     Total                          Min: 0, Avg:  0.0, Max: 0, Diff: 0, Sum: 0, Workers: 4
[1318.565s][debug][gc,phases      ] GC(69)   StringDedup Requests0 Weak     Min:  0.0, Avg:  0.0, Max:  0.0, Diff:  0.0, Sum:  0.0, Workers: 4
[1318.565s][debug][gc,phases      ] GC(69)     Dead                           Min: 0, Avg:  0.0, Max: 0, Diff: 0, Sum: 0, Workers: 4
[1318.565s][debug][gc,phases      ] GC(69)     Total                          Min: 0, Avg:  0.0, Max: 0, Diff: 0, Sum: 0, Workers: 4
[1318.566s][debug][gc,phases      ] GC(69)   StringDedup Requests1 Weak     Min:  0.0, Avg:  0.0, Max:  0.0, Diff:  0.0, Sum:  0.0, Workers: 4
[1318.566s][debug][gc,phases      ] GC(69)     Dead                           Min: 0, Avg:  0.0, Max: 0, Diff: 0, Sum: 0, Workers: 4
[1318.566s][debug][gc,phases      ] GC(69)     Total                          Min: 0, Avg:  0.0, Max: 0, Diff: 0, Sum: 0, Workers: 4
[1318.566s][debug][gc,phases      ] GC(69)   Weak JFR Old Object Samples    Min:  0.0, Avg:  0.0, Max:  0.0, Diff:  0.0, Sum:  0.0, Workers: 4
[1318.566s][debug][gc,phases      ] GC(69)     Dead                           Min: 0, Avg:  0.0, Max: 0, Diff: 0, Sum: 0, Workers: 4
[1318.566s][debug][gc,phases      ] GC(69)     Total                          Min: 0, Avg:  0.0, Max: 0, Diff: 0, Sum: 0, Workers: 4
[1318.566s][debug][gc,phases      ] GC(69) Weak Processing 0.423ms
[1318.566s][debug][gc,age         ] GC(69) Desired survivor size 46137344 bytes, new threshold 1 (max threshold 15)
[1318.566s][info ][gc,heap        ] GC(69) PSYoungGen: 2015184K(2050048K)->4640K(2052096K) Eden: 2004480K(2004480K)->0K(2007040K) From: 10704K(45568K)->4640K(45056K)
[1318.566s][info ][gc,heap        ] GC(69) ParOldGen: 1164256K(1164288K)->1171821K(1171968K)
[1318.566s][info ][gc,metaspace   ] GC(69) Metaspace: 109365K(110784K)->109365K(110784K) NonClass: 92966K(93760K)->92966K(93760K) Class: 16398K(17024K)->16398K(17024K)
[1318.566s][info ][gc             ] GC(69) Pause Young (Allocation Failure) 3104M->1148M(3148M) 9.479ms
[1318.566s][info ][gc,cpu         ] GC(69) User=0.03s Sys=0.01s Real=0.01s
[1318.566s][info ][safepoint      ] Safepoint "ParallelGCFailedAllocation", Time since last: 1491166622 ns, Reaching safepoint: 78802 ns, Cleanup: 3900 ns, At safepoint: 9557183 ns, Total: 9639885 ns
[1328.643s][info ][safepoint      ] Safepoint "Cleanup", Time since last: 10077273532 ns, Reaching safepoint: 6600 ns, Cleanup: 20701 ns, At safepoint: 2700 ns, Total: 30001 ns
[1332.643s][info ][safepoint      ] Safepoint "Cleanup", Time since last: 4000375957 ns, Reaching safepoint: 6601 ns, Cleanup: 13700 ns, At safepoint: 3200 ns, Total: 23501 ns
[1337.644s][info ][safepoint      ] Safepoint "Cleanup", Time since last: 5000398289 ns, Reaching safepoint: 6700 ns, Cleanup: 12800 ns, At safepoint: 29201 ns, Total: 48701 ns
[1339.644s][info ][safepoint      ] Safepoint "Cleanup", Time since last: 2000231669 ns, Reaching safepoint: 6601 ns, Cleanup: 11200 ns, At safepoint: 2700 ns, Total: 20501 ns
[1355.645s][info ][safepoint      ] Safepoint "Cleanup", Time since last: 16001186655 ns, Reaching safepoint: 6600 ns, Cleanup: 11000 ns, At safepoint: 2200 ns, Total: 19800 ns
[1357.507s][info ][gc,start       ] GC(70) Pause Young (Allocation Failure)
[1357.514s][debug][gc,phases      ] GC(70) Scavenge 7.150ms
[1357.514s][debug][gc,ref         ] GC(70) ReferenceProcessor::execute queues: 1, RefProcThreadModel::Single, marks_oops_alive: false
[1357.514s][debug][gc,ref         ] GC(70) Skipped KeepAliveFinalRefsPhase of Reference Processing: no references
[1357.514s][debug][gc,ref         ] GC(70) ReferenceProcessor::execute queues: 1, RefProcThreadModel::Single, marks_oops_alive: false
[1357.514s][debug][gc,phases      ] GC(70) Reference Processing 0.115ms
[1357.514s][debug][gc,phases      ] GC(70)   VM Weak                        Min:  0.0, Avg:  0.0, Max:  0.0, Diff:  0.0, Sum:  0.0, Workers: 4
[1357.514s][debug][gc,phases      ] GC(70)     Dead                           Min: 0, Avg:  0.0, Max: 0, Diff: 0, Sum: 0, Workers: 4
[1357.514s][debug][gc,phases      ] GC(70)     Total                          Min: 0, Avg: 270.8, Max: 1024, Diff: 1024, Sum: 1083, Workers: 4
[1357.514s][debug][gc,phases      ] GC(70)   ObjectSynchronizer Weak        Min:  0.0, Avg:  0.0, Max:  0.0, Diff:  0.0, Sum:  0.0, Workers: 4
[1357.514s][debug][gc,phases      ] GC(70)     Dead                           Min: 0, Avg:  0.0, Max: 0, Diff: 0, Sum: 0, Workers: 4
[1357.514s][debug][gc,phases      ] GC(70)     Total                          Min: 0, Avg:  1.2, Max: 5, Diff: 5, Sum: 5, Workers: 4
[1357.514s][debug][gc,phases      ] GC(70)   JVMTI Tag Weak OopStorage      Min:  0.0, Avg:  0.0, Max:  0.0, Diff:  0.0, Sum:  0.0, Workers: 4
[1357.514s][debug][gc,phases      ] GC(70)     Dead                           Min: 0, Avg:  0.0, Max: 0, Diff: 0, Sum: 0, Workers: 4
[1357.514s][debug][gc,phases      ] GC(70)     Total                          Min: 0, Avg:  0.0, Max: 0, Diff: 0, Sum: 0, Workers: 4
[1357.514s][debug][gc,phases      ] GC(70)   StringTable Weak               Min:  0.0, Avg:  0.1, Max:  0.1, Diff:  0.1, Sum:  0.4, Workers: 4
[1357.514s][debug][gc,phases      ] GC(70)     Dead                           Min: 0, Avg:  0.0, Max: 0, Diff: 0, Sum: 0, Workers: 4
[1357.514s][debug][gc,phases      ] GC(70)     Total                          Min: 0, Avg: 11819.0, Max: 16941, Diff: 16941, Sum: 47276, Workers: 4
[1357.514s][debug][gc,phases      ] GC(70)   ResolvedMethodTable Weak       Min:  0.0, Avg:  0.0, Max:  0.1, Diff:  0.1, Sum:  0.2, Workers: 4
[1357.514s][debug][gc,phases      ] GC(70)     Dead                           Min: 0, Avg:  4.0, Max: 16, Diff: 16, Sum: 16, Workers: 4
[1357.514s][debug][gc,phases      ] GC(70)     Total                          Min: 0, Avg: 4015.0, Max: 5618, Diff: 5618, Sum: 16060, Workers: 4
[1357.514s][debug][gc,phases      ] GC(70)   JNI Weak                       Min:  0.0, Avg:  0.0, Max:  0.0, Diff:  0.0, Sum:  0.0, Workers: 4
[1357.514s][debug][gc,phases      ] GC(70)     Dead                           Min: 0, Avg:  0.0, Max: 0, Diff: 0, Sum: 0, Workers: 4
[1357.514s][debug][gc,phases      ] GC(70)     Total                          Min: 0, Avg: 13.0, Max: 48, Diff: 48, Sum: 52, Workers: 4
[1357.514s][debug][gc,phases      ] GC(70)   StringDedup Table Weak         Min:  0.0, Avg:  0.0, Max:  0.0, Diff:  0.0, Sum:  0.0, Workers: 4
[1357.515s][debug][gc,phases      ] GC(70)     Dead                           Min: 0, Avg:  0.0, Max: 0, Diff: 0, Sum: 0, Workers: 4
[1357.515s][debug][gc,phases      ] GC(70)     Total                          Min: 0, Avg:  0.0, Max: 0, Diff: 0, Sum: 0, Workers: 4
[1357.515s][debug][gc,phases      ] GC(70)   StringDedup Requests0 Weak     Min:  0.0, Avg:  0.0, Max:  0.0, Diff:  0.0, Sum:  0.0, Workers: 4
[1357.515s][debug][gc,phases      ] GC(70)     Dead                           Min: 0, Avg:  0.0, Max: 0, Diff: 0, Sum: 0, Workers: 4
[1357.515s][debug][gc,phases      ] GC(70)     Total                          Min: 0, Avg:  0.0, Max: 0, Diff: 0, Sum: 0, Workers: 4
[1357.515s][debug][gc,phases      ] GC(70)   StringDedup Requests1 Weak     Min:  0.0, Avg:  0.0, Max:  0.0, Diff:  0.0, Sum:  0.0, Workers: 4
[1357.515s][debug][gc,phases      ] GC(70)     Dead                           Min: 0, Avg:  0.0, Max: 0, Diff: 0, Sum: 0, Workers: 4
[1357.515s][debug][gc,phases      ] GC(70)     Total                          Min: 0, Avg:  0.0, Max: 0, Diff: 0, Sum: 0, Workers: 4
[1357.515s][debug][gc,phases      ] GC(70)   Weak JFR Old Object Samples    Min:  0.0, Avg:  0.0, Max:  0.0, Diff:  0.0, Sum:  0.0, Workers: 4
[1357.515s][debug][gc,phases      ] GC(70)     Dead                           Min: 0, Avg:  0.0, Max: 0, Diff: 0, Sum: 0, Workers: 4
[1357.515s][debug][gc,phases      ] GC(70)     Total                          Min: 0, Avg:  0.0, Max: 0, Diff: 0, Sum: 0, Workers: 4
[1357.515s][debug][gc,phases      ] GC(70) Weak Processing 0.429ms
[1357.515s][debug][gc,age         ] GC(70) Desired survivor size 45088768 bytes, new threshold 1 (max threshold 15)
[1357.515s][info ][gc,heap        ] GC(70) PSYoungGen: 2011680K(2052096K)->6832K(2052096K) Eden: 2007040K(2007040K)->0K(2007040K) From: 4640K(45056K)->6832K(45056K)
[1357.515s][info ][gc,heap        ] GC(70) ParOldGen: 1171821K(1171968K)->1173249K(1173504K)
[1357.515s][info ][gc,metaspace   ] GC(70) Metaspace: 109382K(110784K)->109382K(110784K) NonClass: 92982K(93760K)->92982K(93760K) Class: 16399K(17024K)->16399K(17024K)
[1357.515s][info ][gc             ] GC(70) Pause Young (Allocation Failure) 3108M->1152M(3150M) 7.842ms
[1357.515s][info ][gc,cpu         ] GC(70) User=0.02s Sys=0.00s Real=0.01s
[1357.515s][info ][safepoint      ] Safepoint "ParallelGCFailedAllocation", Time since last: 1861491909 ns, Reaching safepoint: 5900 ns, Cleanup: 4600 ns, At safepoint: 7919802 ns, Total: 7930302 ns
[1364.515s][info ][safepoint      ] Safepoint "Cleanup", Time since last: 7000500107 ns, Reaching safepoint: 5300 ns, Cleanup: 11101 ns, At safepoint: 2900 ns, Total: 19301 ns
[1369.516s][info ][safepoint      ] Safepoint "Cleanup", Time since last: 5000378954 ns, Reaching safepoint: 5800 ns, Cleanup: 10000 ns, At safepoint: 2800 ns, Total: 18600 ns
[1379.516s][info ][safepoint      ] Safepoint "Cleanup", Time since last: 10000732319 ns, Reaching safepoint: 6900 ns, Cleanup: 15601 ns, At safepoint: 3000 ns, Total: 25501 ns
[1381.662s][info ][safepoint      ] Safepoint "Cleanup", Time since last: 2145465333 ns, Reaching safepoint: 7600 ns, Cleanup: 11500 ns, At safepoint: 2900 ns, Total: 22000 ns
[1388.662s][info ][safepoint      ] Safepoint "Cleanup", Time since last: 7000530834 ns, Reaching safepoint: 7201 ns, Cleanup: 41600 ns, At safepoint: 2500 ns, Total: 51301 ns
[1389.497s][info ][gc,start       ] GC(71) Pause Young (Allocation Failure)
[1389.510s][debug][gc,phases      ] GC(71) Scavenge 13.160ms
[1389.511s][debug][gc,ref         ] GC(71) ReferenceProcessor::execute queues: 1, RefProcThreadModel::Single, marks_oops_alive: false
[1389.511s][debug][gc,ref         ] GC(71) Skipped KeepAliveFinalRefsPhase of Reference Processing: no references
[1389.511s][debug][gc,ref         ] GC(71) Skipped PhantomRefsPhase of Reference Processing: no references
[1389.511s][debug][gc,phases      ] GC(71) Reference Processing 0.120ms
[1389.511s][debug][gc,phases      ] GC(71)   VM Weak                        Min:  0.0, Avg:  0.0, Max:  0.0, Diff:  0.0, Sum:  0.0, Workers: 4
[1389.511s][debug][gc,phases      ] GC(71)     Dead                           Min: 0, Avg:  0.0, Max: 0, Diff: 0, Sum: 0, Workers: 4
[1389.511s][debug][gc,phases      ] GC(71)     Total                          Min: 0, Avg: 270.8, Max: 763, Diff: 763, Sum: 1083, Workers: 4
[1389.511s][debug][gc,phases      ] GC(71)   ObjectSynchronizer Weak        Min:  0.0, Avg:  0.0, Max:  0.0, Diff:  0.0, Sum:  0.0, Workers: 4
[1389.511s][debug][gc,phases      ] GC(71)     Dead                           Min: 0, Avg:  0.0, Max: 0, Diff: 0, Sum: 0, Workers: 4
[1389.511s][debug][gc,phases      ] GC(71)     Total                          Min: 0, Avg:  1.0, Max: 4, Diff: 4, Sum: 4, Workers: 4
[1389.511s][debug][gc,phases      ] GC(71)   JVMTI Tag Weak OopStorage      Min:  0.0, Avg:  0.0, Max:  0.0, Diff:  0.0, Sum:  0.0, Workers: 4
[1389.511s][debug][gc,phases      ] GC(71)     Dead                           Min: 0, Avg:  0.0, Max: 0, Diff: 0, Sum: 0, Workers: 4
[1389.511s][debug][gc,phases      ] GC(71)     Total                          Min: 0, Avg:  0.0, Max: 0, Diff: 0, Sum: 0, Workers: 4
[1389.511s][debug][gc,phases      ] GC(71)   StringTable Weak               Min:  0.1, Avg:  0.1, Max:  0.1, Diff:  0.0, Sum:  0.5, Workers: 4
[1389.511s][debug][gc,phases      ] GC(71)     Dead                           Min: 0, Avg:  0.0, Max: 0, Diff: 0, Sum: 0, Workers: 4
[1389.511s][debug][gc,phases      ] GC(71)     Total                          Min: 7743, Avg: 11819.2, Max: 14592, Diff: 6849, Sum: 47277, Workers: 4
[1389.511s][debug][gc,phases      ] GC(71)   ResolvedMethodTable Weak       Min:  0.1, Avg:  0.1, Max:  0.1, Diff:  0.0, Sum:  0.3, Workers: 4
[1389.511s][debug][gc,phases      ] GC(71)     Dead                           Min: 0, Avg:  0.0, Max: 0, Diff: 0, Sum: 0, Workers: 4
[1389.511s][debug][gc,phases      ] GC(71)     Total                          Min: 637, Avg: 4015.0, Max: 5580, Diff: 4943, Sum: 16060, Workers: 4
[1389.511s][debug][gc,phases      ] GC(71)   JNI Weak                       Min:  0.0, Avg:  0.0, Max:  0.0, Diff:  0.0, Sum:  0.0, Workers: 4
[1389.511s][debug][gc,phases      ] GC(71)     Dead                           Min: 0, Avg:  0.0, Max: 0, Diff: 0, Sum: 0, Workers: 4
[1389.511s][debug][gc,phases      ] GC(71)     Total                          Min: 0, Avg: 13.0, Max: 48, Diff: 48, Sum: 52, Workers: 4
[1389.511s][debug][gc,phases      ] GC(71)   StringDedup Table Weak         Min:  0.0, Avg:  0.0, Max:  0.0, Diff:  0.0, Sum:  0.0, Workers: 4
[1389.511s][debug][gc,phases      ] GC(71)     Dead                           Min: 0, Avg:  0.0, Max: 0, Diff: 0, Sum: 0, Workers: 4
[1389.511s][debug][gc,phases      ] GC(71)     Total                          Min: 0, Avg:  0.0, Max: 0, Diff: 0, Sum: 0, Workers: 4
[1389.511s][debug][gc,phases      ] GC(71)   StringDedup Requests0 Weak     Min:  0.0, Avg:  0.0, Max:  0.0, Diff:  0.0, Sum:  0.0, Workers: 4
[1389.511s][debug][gc,phases      ] GC(71)     Dead                           Min: 0, Avg:  0.0, Max: 0, Diff: 0, Sum: 0, Workers: 4
[1389.511s][debug][gc,phases      ] GC(71)     Total                          Min: 0, Avg:  0.0, Max: 0, Diff: 0, Sum: 0, Workers: 4
[1389.511s][debug][gc,phases      ] GC(71)   StringDedup Requests1 Weak     Min:  0.0, Avg:  0.0, Max:  0.0, Diff:  0.0, Sum:  0.0, Workers: 4
[1389.511s][debug][gc,phases      ] GC(71)     Dead                           Min: 0, Avg:  0.0, Max: 0, Diff: 0, Sum: 0, Workers: 4
[1389.511s][debug][gc,phases      ] GC(71)     Total                          Min: 0, Avg:  0.0, Max: 0, Diff: 0, Sum: 0, Workers: 4
[1389.511s][debug][gc,phases      ] GC(71)   Weak JFR Old Object Samples    Min:  0.0, Avg:  0.0, Max:  0.0, Diff:  0.0, Sum:  0.0, Workers: 4
[1389.511s][debug][gc,phases      ] GC(71)     Dead                           Min: 0, Avg:  0.0, Max: 0, Diff: 0, Sum: 0, Workers: 4
[1389.511s][debug][gc,phases      ] GC(71)     Total                          Min: 0, Avg:  0.0, Max: 0, Diff: 0, Sum: 0, Workers: 4
[1389.511s][debug][gc,phases      ] GC(71) Weak Processing 0.513ms
[1389.511s][debug][gc,age         ] GC(71) Desired survivor size 42467328 bytes, new threshold 1 (max threshold 15)
[1389.511s][info ][gc,heap        ] GC(71) PSYoungGen: 2013872K(2052096K)->16832K(2055680K) Eden: 2007040K(2007040K)->0K(2011648K) From: 6832K(45056K)->16832K(44032K)
[1389.511s][info ][gc,heap        ] GC(71) ParOldGen: 1173249K(1173504K)->1176209K(1176576K)
[1389.511s][info ][gc,metaspace   ] GC(71) Metaspace: 109392K(110784K)->109392K(110784K) NonClass: 92993K(93760K)->92993K(93760K) Class: 16399K(17024K)->16399K(17024K)
[1389.511s][info ][gc             ] GC(71) Pause Young (Allocation Failure) 3112M->1165M(3156M) 13.965ms
[1389.511s][info ][gc,cpu         ] GC(71) User=0.05s Sys=0.00s Real=0.01s
[1389.512s][info ][safepoint      ] Safepoint "ParallelGCFailedAllocation", Time since last: 834667839 ns, Reaching safepoint: 86601 ns, Cleanup: 28401 ns, At safepoint: 14574575 ns, Total: 14689577 ns
[1390.512s][info ][safepoint      ] Safepoint "Cleanup", Time since last: 1000094198 ns, Reaching safepoint: 77301 ns, Cleanup: 13701 ns, At safepoint: 6100 ns, Total: 97102 ns
[1394.513s][info ][safepoint      ] Safepoint "Cleanup", Time since last: 4001040610 ns, Reaching safepoint: 76201 ns, Cleanup: 10500 ns, At safepoint: 6000 ns, Total: 92701 ns
[1395.513s][info ][safepoint      ] Safepoint "Cleanup", Time since last: 1000105555 ns, Reaching safepoint: 10700 ns, Cleanup: 18400 ns, At safepoint: 4900 ns, Total: 34000 ns
[1396.514s][info ][safepoint      ] Safepoint "Cleanup", Time since last: 1000343758 ns, Reaching safepoint: 96301 ns, Cleanup: 14900 ns, At safepoint: 14400 ns, Total: 125601 ns
[1397.514s][info ][safepoint      ] Safepoint "Cleanup", Time since last: 1000109355 ns, Reaching safepoint: 6800 ns, Cleanup: 8200 ns, At safepoint: 2300 ns, Total: 17300 ns
[1398.514s][info ][safepoint      ] Safepoint "Cleanup", Time since last: 1000103455 ns, Reaching safepoint: 6600 ns, Cleanup: 11700 ns, At safepoint: 2500 ns, Total: 20800 ns
[1402.514s][info ][safepoint      ] Safepoint "Cleanup", Time since last: 4000328987 ns, Reaching safepoint: 6600 ns, Cleanup: 9500 ns, At safepoint: 3300 ns, Total: 19400 ns
[1402.804s][info ][gc,start       ] GC(72) Pause Young (Allocation Failure)
[1402.824s][debug][gc,phases      ] GC(72) Scavenge 20.002ms
[1402.824s][debug][gc,ref         ] GC(72) ReferenceProcessor::execute queues: 1, RefProcThreadModel::Single, marks_oops_alive: false
[1402.824s][debug][gc,ref         ] GC(72) Skipped KeepAliveFinalRefsPhase of Reference Processing: no references
[1402.824s][debug][gc,ref         ] GC(72) ReferenceProcessor::execute queues: 1, RefProcThreadModel::Single, marks_oops_alive: false
[1402.824s][debug][gc,phases      ] GC(72) Reference Processing 0.114ms
[1402.825s][debug][gc,phases      ] GC(72)   VM Weak                        Min:  0.0, Avg:  0.0, Max:  0.0, Diff:  0.0, Sum:  0.0, Workers: 4
[1402.825s][debug][gc,phases      ] GC(72)     Dead                           Min: 0, Avg:  0.0, Max: 0, Diff: 0, Sum: 0, Workers: 4
[1402.825s][debug][gc,phases      ] GC(72)     Total                          Min: 0, Avg: 270.8, Max: 571, Diff: 571, Sum: 1083, Workers: 4
[1402.825s][debug][gc,phases      ] GC(72)   ObjectSynchronizer Weak        Min:  0.0, Avg:  0.0, Max:  0.0, Diff:  0.0, Sum:  0.0, Workers: 4
[1402.825s][debug][gc,phases      ] GC(72)     Dead                           Min: 0, Avg:  0.0, Max: 0, Diff: 0, Sum: 0, Workers: 4
[1402.825s][debug][gc,phases      ] GC(72)     Total                          Min: 0, Avg:  1.0, Max: 4, Diff: 4, Sum: 4, Workers: 4
[1402.825s][debug][gc,phases      ] GC(72)   JVMTI Tag Weak OopStorage      Min:  0.0, Avg:  0.0, Max:  0.0, Diff:  0.0, Sum:  0.0, Workers: 4
[1402.825s][debug][gc,phases      ] GC(72)     Dead                           Min: 0, Avg:  0.0, Max: 0, Diff: 0, Sum: 0, Workers: 4
[1402.825s][debug][gc,phases      ] GC(72)     Total                          Min: 0, Avg:  0.0, Max: 0, Diff: 0, Sum: 0, Workers: 4
[1402.825s][debug][gc,phases      ] GC(72)   StringTable Weak               Min:  0.0, Avg:  0.1, Max:  0.1, Diff:  0.1, Sum:  0.4, Workers: 4
[1402.825s][debug][gc,phases      ] GC(72)     Dead                           Min: 0, Avg:  0.0, Max: 0, Diff: 0, Sum: 0, Workers: 4
[1402.825s][debug][gc,phases      ] GC(72)     Total                          Min: 0, Avg: 11819.8, Max: 16944, Diff: 16944, Sum: 47279, Workers: 4
[1402.825s][debug][gc,phases      ] GC(72)   ResolvedMethodTable Weak       Min:  0.0, Avg:  0.0, Max:  0.1, Diff:  0.1, Sum:  0.1, Workers: 4
[1402.825s][debug][gc,phases      ] GC(72)     Dead                           Min: 0, Avg:  0.0, Max: 0, Diff: 0, Sum: 0, Workers: 4
[1402.825s][debug][gc,phases      ] GC(72)     Total                          Min: 0, Avg: 4015.5, Max: 5709, Diff: 5709, Sum: 16062, Workers: 4
[1402.825s][debug][gc,phases      ] GC(72)   JNI Weak                       Min:  0.0, Avg:  0.0, Max:  0.0, Diff:  0.0, Sum:  0.0, Workers: 4
[1402.825s][debug][gc,phases      ] GC(72)     Dead                           Min: 0, Avg:  0.0, Max: 0, Diff: 0, Sum: 0, Workers: 4
[1402.825s][debug][gc,phases      ] GC(72)     Total                          Min: 0, Avg: 13.0, Max: 48, Diff: 48, Sum: 52, Workers: 4
[1402.825s][debug][gc,phases      ] GC(72)   StringDedup Table Weak         Min:  0.0, Avg:  0.0, Max:  0.0, Diff:  0.0, Sum:  0.0, Workers: 4
[1402.825s][debug][gc,phases      ] GC(72)     Dead                           Min: 0, Avg:  0.0, Max: 0, Diff: 0, Sum: 0, Workers: 4
[1402.825s][debug][gc,phases      ] GC(72)     Total                          Min: 0, Avg:  0.0, Max: 0, Diff: 0, Sum: 0, Workers: 4
[1402.825s][debug][gc,phases      ] GC(72)   StringDedup Requests0 Weak     Min:  0.0, Avg:  0.0, Max:  0.0, Diff:  0.0, Sum:  0.0, Workers: 4
[1402.825s][debug][gc,phases      ] GC(72)     Dead                           Min: 0, Avg:  0.0, Max: 0, Diff: 0, Sum: 0, Workers: 4
[1402.825s][debug][gc,phases      ] GC(72)     Total                          Min: 0, Avg:  0.0, Max: 0, Diff: 0, Sum: 0, Workers: 4
[1402.825s][debug][gc,phases      ] GC(72)   StringDedup Requests1 Weak     Min:  0.0, Avg:  0.0, Max:  0.0, Diff:  0.0, Sum:  0.0, Workers: 4
[1402.825s][debug][gc,phases      ] GC(72)     Dead                           Min: 0, Avg:  0.0, Max: 0, Diff: 0, Sum: 0, Workers: 4
[1402.825s][debug][gc,phases      ] GC(72)     Total                          Min: 0, Avg:  0.0, Max: 0, Diff: 0, Sum: 0, Workers: 4
[1402.825s][debug][gc,phases      ] GC(72)   Weak JFR Old Object Samples    Min:  0.0, Avg:  0.0, Max:  0.0, Diff:  0.0, Sum:  0.0, Workers: 4
[1402.825s][debug][gc,phases      ] GC(72)     Dead                           Min: 0, Avg:  0.0, Max: 0, Diff: 0, Sum: 0, Workers: 4
[1402.825s][debug][gc,phases      ] GC(72)     Total                          Min: 0, Avg:  0.0, Max: 0, Diff: 0, Sum: 0, Workers: 4
[1402.825s][debug][gc,phases      ] GC(72) Weak Processing 0.390ms
[1402.825s][debug][gc,age         ] GC(72) Desired survivor size 42991616 bytes, new threshold 1 (max threshold 15)
[1402.825s][info ][gc,heap        ] GC(72) PSYoungGen: 2028480K(2055680K)->25072K(2053120K) Eden: 2011648K(2011648K)->0K(2011648K) From: 16832K(44032K)->25072K(41472K)
[1402.825s][info ][gc,heap        ] GC(72) ParOldGen: 1176209K(1176576K)->1188791K(1188864K)
[1402.825s][info ][gc,metaspace   ] GC(72) Metaspace: 109402K(110848K)->109402K(110848K) NonClass: 93002K(93824K)->93002K(93824K) Class: 16399K(17024K)->16399K(17024K)
[1402.825s][info ][gc             ] GC(72) Pause Young (Allocation Failure) 3129M->1185M(3166M) 20.643ms
[1402.825s][info ][gc,cpu         ] GC(72) User=0.07s Sys=0.01s Real=0.02s
[1402.825s][info ][safepoint      ] Safepoint "ParallelGCFailedAllocation", Time since last: 289728731 ns, Reaching safepoint: 86301 ns, Cleanup: 5500 ns, At safepoint: 20743860 ns, Total: 20835661 ns
[1403.827s][info ][safepoint      ] Safepoint "Cleanup", Time since last: 1002145556 ns, Reaching safepoint: 87202 ns, Cleanup: 12900 ns, At safepoint: 17400 ns, Total: 117502 ns
[1404.827s][info ][safepoint      ] Safepoint "Cleanup", Time since last: 1000130432 ns, Reaching safepoint: 83601 ns, Cleanup: 9500 ns, At safepoint: 12500 ns, Total: 105601 ns
[1406.831s][info ][safepoint      ] Safepoint "Cleanup", Time since last: 2002090813 ns, Reaching safepoint: 93302 ns, Cleanup: 12700 ns, At safepoint: 1806526 ns, Total: 1912528 ns
[1407.832s][info ][safepoint      ] Safepoint "Cleanup", Time since last: 1000152204 ns, Reaching safepoint: 83101 ns, Cleanup: 21901 ns, At safepoint: 12400 ns, Total: 117402 ns
[1408.832s][info ][safepoint      ] Safepoint "Cleanup", Time since last: 1000123504 ns, Reaching safepoint: 7700 ns, Cleanup: 10600 ns, At safepoint: 3101 ns, Total: 21401 ns
[1409.783s][info ][gc,start       ] GC(73) Pause Young (Allocation Failure)
[1409.810s][debug][gc,phases      ] GC(73) Scavenge 26.624ms
[1409.810s][debug][gc,ref         ] GC(73) Skipped SoftWeakFinalRefsPhase of Reference Processing: no references
[1409.810s][debug][gc,ref         ] GC(73) Skipped KeepAliveFinalRefsPhase of Reference Processing: no references
[1409.810s][debug][gc,ref         ] GC(73) ReferenceProcessor::execute queues: 1, RefProcThreadModel::Single, marks_oops_alive: false
[1409.810s][debug][gc,phases      ] GC(73) Reference Processing 0.132ms
[1409.810s][debug][gc,phases      ] GC(73)   VM Weak                        Min:  0.0, Avg:  0.0, Max:  0.0, Diff:  0.0, Sum:  0.0, Workers: 4
[1409.810s][debug][gc,phases      ] GC(73)     Dead                           Min: 0, Avg:  0.0, Max: 0, Diff: 0, Sum: 0, Workers: 4
[1409.810s][debug][gc,phases      ] GC(73)     Total                          Min: 0, Avg: 270.8, Max: 827, Diff: 827, Sum: 1083, Workers: 4
[1409.810s][debug][gc,phases      ] GC(73)   ObjectSynchronizer Weak        Min:  0.0, Avg:  0.0, Max:  0.0, Diff:  0.0, Sum:  0.0, Workers: 4
[1409.810s][debug][gc,phases      ] GC(73)     Dead                           Min: 0, Avg:  0.0, Max: 0, Diff: 0, Sum: 0, Workers: 4
[1409.810s][debug][gc,phases      ] GC(73)     Total                          Min: 0, Avg:  1.0, Max: 4, Diff: 4, Sum: 4, Workers: 4
[1409.810s][debug][gc,phases      ] GC(73)   JVMTI Tag Weak OopStorage      Min:  0.0, Avg:  0.0, Max:  0.0, Diff:  0.0, Sum:  0.0, Workers: 4
[1409.810s][debug][gc,phases      ] GC(73)     Dead                           Min: 0, Avg:  0.0, Max: 0, Diff: 0, Sum: 0, Workers: 4
[1409.810s][debug][gc,phases      ] GC(73)     Total                          Min: 0, Avg:  0.0, Max: 0, Diff: 0, Sum: 0, Workers: 4
[1409.810s][debug][gc,phases      ] GC(73)   StringTable Weak               Min:  0.0, Avg:  0.1, Max:  0.2, Diff:  0.2, Sum:  0.5, Workers: 4
[1409.810s][debug][gc,phases      ] GC(73)     Dead                           Min: 0, Avg:  0.0, Max: 0, Diff: 0, Sum: 0, Workers: 4
[1409.810s][debug][gc,phases      ] GC(73)     Total                          Min: 0, Avg: 11819.8, Max: 16192, Diff: 16192, Sum: 47279, Workers: 4
[1409.810s][debug][gc,phases      ] GC(73)   ResolvedMethodTable Weak       Min:  0.0, Avg:  0.0, Max:  0.1, Diff:  0.1, Sum:  0.2, Workers: 4
[1409.810s][debug][gc,phases      ] GC(73)     Dead                           Min: 0, Avg:  4.0, Max: 14, Diff: 14, Sum: 16, Workers: 4
[1409.810s][debug][gc,phases      ] GC(73)     Total                          Min: 0, Avg: 4015.5, Max: 5752, Diff: 5752, Sum: 16062, Workers: 4
[1409.810s][debug][gc,phases      ] GC(73)   JNI Weak                       Min:  0.0, Avg:  0.0, Max:  0.0, Diff:  0.0, Sum:  0.0, Workers: 4
[1409.810s][debug][gc,phases      ] GC(73)     Dead                           Min: 0, Avg:  0.0, Max: 0, Diff: 0, Sum: 0, Workers: 4
[1409.810s][debug][gc,phases      ] GC(73)     Total                          Min: 0, Avg: 13.0, Max: 48, Diff: 48, Sum: 52, Workers: 4
[1409.810s][debug][gc,phases      ] GC(73)   StringDedup Table Weak         Min:  0.0, Avg:  0.0, Max:  0.0, Diff:  0.0, Sum:  0.0, Workers: 4
[1409.810s][debug][gc,phases      ] GC(73)     Dead                           Min: 0, Avg:  0.0, Max: 0, Diff: 0, Sum: 0, Workers: 4
[1409.810s][debug][gc,phases      ] GC(73)     Total                          Min: 0, Avg:  0.0, Max: 0, Diff: 0, Sum: 0, Workers: 4
[1409.810s][debug][gc,phases      ] GC(73)   StringDedup Requests0 Weak     Min:  0.0, Avg:  0.0, Max:  0.0, Diff:  0.0, Sum:  0.0, Workers: 4
[1409.810s][debug][gc,phases      ] GC(73)     Dead                           Min: 0, Avg:  0.0, Max: 0, Diff: 0, Sum: 0, Workers: 4
[1409.810s][debug][gc,phases      ] GC(73)     Total                          Min: 0, Avg:  0.0, Max: 0, Diff: 0, Sum: 0, Workers: 4
[1409.810s][debug][gc,phases      ] GC(73)   StringDedup Requests1 Weak     Min:  0.0, Avg:  0.0, Max:  0.0, Diff:  0.0, Sum:  0.0, Workers: 4
[1409.810s][debug][gc,phases      ] GC(73)     Dead                           Min: 0, Avg:  0.0, Max: 0, Diff: 0, Sum: 0, Workers: 4
[1409.810s][debug][gc,phases      ] GC(73)     Total                          Min: 0, Avg:  0.0, Max: 0, Diff: 0, Sum: 0, Workers: 4
[1409.810s][debug][gc,phases      ] GC(73)   Weak JFR Old Object Samples    Min:  0.0, Avg:  0.0, Max:  0.0, Diff:  0.0, Sum:  0.0, Workers: 4
[1409.810s][debug][gc,phases      ] GC(73)     Dead                           Min: 0, Avg:  0.0, Max: 0, Diff: 0, Sum: 0, Workers: 4
[1409.810s][debug][gc,phases      ] GC(73)     Total                          Min: 0, Avg:  0.0, Max: 0, Diff: 0, Sum: 0, Workers: 4
[1409.810s][debug][gc,phases      ] GC(73) Weak Processing 0.404ms
[1409.810s][debug][gc,age         ] GC(73) Desired survivor size 46137344 bytes, new threshold 1 (max threshold 15)
[1409.810s][info ][gc,heap        ] GC(73) PSYoungGen: 2036720K(2053120K)->32741K(2049024K) Eden: 2011648K(2011648K)->0K(2007040K) From: 25072K(41472K)->32741K(41984K)
[1409.810s][info ][gc,heap        ] GC(73) ParOldGen: 1188791K(1188864K)->1210926K(1211392K)
[1409.810s][info ][gc,metaspace   ] GC(73) Metaspace: 109406K(110848K)->109406K(110848K) NonClass: 93006K(93824K)->93006K(93824K) Class: 16399K(17024K)->16399K(17024K)
[1409.810s][info ][gc             ] GC(73) Pause Young (Allocation Failure) 3149M->1214M(3184M) 27.299ms
[1409.810s][info ][gc,cpu         ] GC(73) User=0.09s Sys=0.01s Real=0.03s
[1409.811s][info ][safepoint      ] Safepoint "ParallelGCFailedAllocation", Time since last: 951363511 ns, Reaching safepoint: 8000 ns, Cleanup: 11201 ns, At safepoint: 27383188 ns, Total: 27402389 ns
[1410.811s][info ][safepoint      ] Safepoint "Cleanup", Time since last: 1000085000 ns, Reaching safepoint: 6700 ns, Cleanup: 11400 ns, At safepoint: 2800 ns, Total: 20900 ns
[1411.811s][info ][safepoint      ] Safepoint "Cleanup", Time since last: 1000122647 ns, Reaching safepoint: 82101 ns, Cleanup: 12600 ns, At safepoint: 6501 ns, Total: 101202 ns
[1411.960s][info ][gc,start       ] GC(74) Pause Young (CodeCache GC Threshold)
[1411.985s][debug][gc,phases      ] GC(74) Scavenge 24.566ms
[1411.985s][debug][gc,ref         ] GC(74) ReferenceProcessor::execute queues: 1, RefProcThreadModel::Single, marks_oops_alive: false
[1411.985s][debug][gc,ref         ] GC(74) Skipped KeepAliveFinalRefsPhase of Reference Processing: no references
[1411.985s][debug][gc,ref         ] GC(74) ReferenceProcessor::execute queues: 1, RefProcThreadModel::Single, marks_oops_alive: false
[1411.985s][debug][gc,phases      ] GC(74) Reference Processing 0.113ms
[1411.985s][debug][gc,phases      ] GC(74)   VM Weak                        Min:  0.0, Avg:  0.0, Max:  0.0, Diff:  0.0, Sum:  0.0, Workers: 4
[1411.985s][debug][gc,phases      ] GC(74)     Dead                           Min: 0, Avg:  0.0, Max: 0, Diff: 0, Sum: 0, Workers: 4
[1411.985s][debug][gc,phases      ] GC(74)     Total                          Min: 0, Avg: 272.2, Max: 960, Diff: 960, Sum: 1089, Workers: 4
[1411.985s][debug][gc,phases      ] GC(74)   ObjectSynchronizer Weak        Min:  0.0, Avg:  0.0, Max:  0.0, Diff:  0.0, Sum:  0.0, Workers: 4
[1411.985s][debug][gc,phases      ] GC(74)     Dead                           Min: 0, Avg:  0.0, Max: 0, Diff: 0, Sum: 0, Workers: 4
[1411.985s][debug][gc,phases      ] GC(74)     Total                          Min: 0, Avg:  1.0, Max: 4, Diff: 4, Sum: 4, Workers: 4
[1411.985s][debug][gc,phases      ] GC(74)   JVMTI Tag Weak OopStorage      Min:  0.0, Avg:  0.0, Max:  0.0, Diff:  0.0, Sum:  0.0, Workers: 4
[1411.985s][debug][gc,phases      ] GC(74)     Dead                           Min: 0, Avg:  0.0, Max: 0, Diff: 0, Sum: 0, Workers: 4
[1411.985s][debug][gc,phases      ] GC(74)     Total                          Min: 0, Avg:  0.0, Max: 0, Diff: 0, Sum: 0, Workers: 4
[1411.985s][debug][gc,phases      ] GC(74)   StringTable Weak               Min:  0.1, Avg:  0.1, Max:  0.1, Diff:  0.1, Sum:  0.5, Workers: 4
[1411.985s][debug][gc,phases      ] GC(74)     Dead                           Min: 0, Avg:  0.5, Max: 2, Diff: 2, Sum: 2, Workers: 4
[1411.985s][debug][gc,phases      ] GC(74)     Total                          Min: 6848, Avg: 11823.0, Max: 13887, Diff: 7039, Sum: 47292, Workers: 4
[1411.985s][debug][gc,phases      ] GC(74)   ResolvedMethodTable Weak       Min:  0.0, Avg:  0.0, Max:  0.0, Diff:  0.0, Sum:  0.2, Workers: 4
[1411.985s][debug][gc,phases      ] GC(74)     Dead                           Min: 0, Avg:  1.0, Max: 2, Diff: 2, Sum: 4, Workers: 4
[1411.985s][debug][gc,phases      ] GC(74)     Total                          Min: 3767, Avg: 4024.0, Max: 4453, Diff: 686, Sum: 16096, Workers: 4
[1411.985s][debug][gc,phases      ] GC(74)   JNI Weak                       Min:  0.0, Avg:  0.0, Max:  0.0, Diff:  0.0, Sum:  0.0, Workers: 4
[1411.985s][debug][gc,phases      ] GC(74)     Dead                           Min: 0, Avg:  0.0, Max: 0, Diff: 0, Sum: 0, Workers: 4
[1411.985s][debug][gc,phases      ] GC(74)     Total                          Min: 0, Avg: 13.2, Max: 48, Diff: 48, Sum: 53, Workers: 4
[1411.985s][debug][gc,phases      ] GC(74)   StringDedup Table Weak         Min:  0.0, Avg:  0.0, Max:  0.0, Diff:  0.0, Sum:  0.0, Workers: 4
[1411.985s][debug][gc,phases      ] GC(74)     Dead                           Min: 0, Avg:  0.0, Max: 0, Diff: 0, Sum: 0, Workers: 4
[1411.985s][debug][gc,phases      ] GC(74)     Total                          Min: 0, Avg:  0.0, Max: 0, Diff: 0, Sum: 0, Workers: 4
[1411.985s][debug][gc,phases      ] GC(74)   StringDedup Requests0 Weak     Min:  0.0, Avg:  0.0, Max:  0.0, Diff:  0.0, Sum:  0.0, Workers: 4
[1411.985s][debug][gc,phases      ] GC(74)     Dead                           Min: 0, Avg:  0.0, Max: 0, Diff: 0, Sum: 0, Workers: 4
[1411.985s][debug][gc,phases      ] GC(74)     Total                          Min: 0, Avg:  0.0, Max: 0, Diff: 0, Sum: 0, Workers: 4
[1411.985s][debug][gc,phases      ] GC(74)   StringDedup Requests1 Weak     Min:  0.0, Avg:  0.0, Max:  0.0, Diff:  0.0, Sum:  0.0, Workers: 4
[1411.985s][debug][gc,phases      ] GC(74)     Dead                           Min: 0, Avg:  0.0, Max: 0, Diff: 0, Sum: 0, Workers: 4
[1411.985s][debug][gc,phases      ] GC(74)     Total                          Min: 0, Avg:  0.0, Max: 0, Diff: 0, Sum: 0, Workers: 4
[1411.985s][debug][gc,phases      ] GC(74)   Weak JFR Old Object Samples    Min:  0.0, Avg:  0.0, Max:  0.0, Diff:  0.0, Sum:  0.0, Workers: 4
[1411.985s][debug][gc,phases      ] GC(74)     Dead                           Min: 0, Avg:  0.0, Max: 0, Diff: 0, Sum: 0, Workers: 4
[1411.985s][debug][gc,phases      ] GC(74)     Total                          Min: 0, Avg:  0.0, Max: 0, Diff: 0, Sum: 0, Workers: 4
[1411.985s][debug][gc,phases      ] GC(74) Weak Processing 0.383ms
[1411.985s][debug][gc,age         ] GC(74) Desired survivor size 45613056 bytes, new threshold 1 (max threshold 15)
[1411.985s][info ][gc,heap        ] GC(74) PSYoungGen: 508567K(2049024K)->8832K(2052096K) Eden: 475826K(2007040K)->0K(2007040K) From: 32741K(41984K)->8832K(45056K)
[1411.985s][info ][gc,heap        ] GC(74) ParOldGen: 1210926K(1211392K)->1241515K(1241600K)
[1411.985s][info ][gc,metaspace   ] GC(74) Metaspace: 109449K(110848K)->109449K(110848K) NonClass: 93039K(93824K)->93039K(93824K) Class: 16410K(17024K)->16410K(17024K)
[1411.985s][info ][gc             ] GC(74) Pause Young (CodeCache GC Threshold) 1679M->1221M(3216M) 25.198ms
[1411.985s][info ][gc,cpu         ] GC(74) User=0.05s Sys=0.03s Real=0.03s
[1411.985s][debug][gc,phases      ] GC(75) Pre Compact 0.010ms
[1411.985s][info ][gc,start       ] GC(75) Pause Full (CodeCache GC Threshold)
[1411.985s][info ][gc,phases,start] GC(75) Marking Phase
[1412.162s][debug][gc,phases      ] GC(75) Par Mark 176.485ms
[1412.163s][debug][gc,ref         ] GC(75) ReferenceProcessor::execute queues: 4, RefProcThreadModel::Multi, marks_oops_alive: false
[1412.163s][debug][gc,ref         ] GC(75) Skipped KeepAliveFinalRefsPhase of Reference Processing: no references
[1412.163s][debug][gc,ref         ] GC(75) ReferenceProcessor::execute queues: 1, RefProcThreadModel::Single, marks_oops_alive: false
[1412.163s][debug][gc,phases      ] GC(75) Reference Processing 1.162ms
[1412.163s][debug][gc,phases      ] GC(75)   VM Weak                        Min:  0.0, Avg:  0.0, Max:  0.0, Diff:  0.0, Sum:  0.0, Workers: 4
[1412.163s][debug][gc,phases      ] GC(75)     Dead                           Min: 0, Avg:  0.0, Max: 0, Diff: 0, Sum: 0, Workers: 4
[1412.163s][debug][gc,phases      ] GC(75)     Total                          Min: 0, Avg: 272.2, Max: 577, Diff: 577, Sum: 1089, Workers: 4
[1412.163s][debug][gc,phases      ] GC(75)   ObjectSynchronizer Weak        Min:  0.0, Avg:  0.0, Max:  0.0, Diff:  0.0, Sum:  0.0, Workers: 4
[1412.163s][debug][gc,phases      ] GC(75)     Dead                           Min: 0, Avg:  0.0, Max: 0, Diff: 0, Sum: 0, Workers: 4
[1412.163s][debug][gc,phases      ] GC(75)     Total                          Min: 0, Avg:  1.0, Max: 4, Diff: 4, Sum: 4, Workers: 4
[1412.163s][debug][gc,phases      ] GC(75)   JVMTI Tag Weak OopStorage      Min:  0.0, Avg:  0.0, Max:  0.0, Diff:  0.0, Sum:  0.0, Workers: 4
[1412.163s][debug][gc,phases      ] GC(75)     Dead                           Min: 0, Avg:  0.0, Max: 0, Diff: 0, Sum: 0, Workers: 4
[1412.163s][debug][gc,phases      ] GC(75)     Total                          Min: 0, Avg:  0.0, Max: 0, Diff: 0, Sum: 0, Workers: 4
[1412.163s][debug][gc,phases      ] GC(75)   StringTable Weak               Min:  0.0, Avg:  0.2, Max:  0.2, Diff:  0.2, Sum:  0.7, Workers: 4
[1412.163s][debug][gc,phases      ] GC(75)     Dead                           Min: 0, Avg:  0.0, Max: 0, Diff: 0, Sum: 0, Workers: 4
[1412.164s][debug][gc,phases      ] GC(75)     Total                          Min: 0, Avg: 11823.0, Max: 18876, Diff: 18876, Sum: 47292, Workers: 4
[1412.164s][debug][gc,phases      ] GC(75)   ResolvedMethodTable Weak       Min:  0.0, Avg:  0.1, Max:  0.1, Diff:  0.1, Sum:  0.2, Workers: 4
[1412.164s][debug][gc,phases      ] GC(75)     Dead                           Min: 0, Avg:  0.0, Max: 0, Diff: 0, Sum: 0, Workers: 4
[1412.164s][debug][gc,phases      ] GC(75)     Total                          Min: 0, Avg: 4024.0, Max: 6078, Diff: 6078, Sum: 16096, Workers: 4
[1412.164s][debug][gc,phases      ] GC(75)   JNI Weak                       Min:  0.0, Avg:  0.0, Max:  0.0, Diff:  0.0, Sum:  0.0, Workers: 4
[1412.164s][debug][gc,phases      ] GC(75)     Dead                           Min: 0, Avg:  0.0, Max: 0, Diff: 0, Sum: 0, Workers: 4
[1412.164s][debug][gc,phases      ] GC(75)     Total                          Min: 0, Avg: 13.2, Max: 48, Diff: 48, Sum: 53, Workers: 4
[1412.164s][debug][gc,phases      ] GC(75)   StringDedup Table Weak         Min:  0.0, Avg:  0.0, Max:  0.0, Diff:  0.0, Sum:  0.0, Workers: 4
[1412.164s][debug][gc,phases      ] GC(75)     Dead                           Min: 0, Avg:  0.0, Max: 0, Diff: 0, Sum: 0, Workers: 4
[1412.164s][debug][gc,phases      ] GC(75)     Total                          Min: 0, Avg:  0.0, Max: 0, Diff: 0, Sum: 0, Workers: 4
[1412.164s][debug][gc,phases      ] GC(75)   StringDedup Requests0 Weak     Min:  0.0, Avg:  0.0, Max:  0.0, Diff:  0.0, Sum:  0.0, Workers: 4
[1412.164s][debug][gc,phases      ] GC(75)     Dead                           Min: 0, Avg:  0.0, Max: 0, Diff: 0, Sum: 0, Workers: 4
[1412.164s][debug][gc,phases      ] GC(75)     Total                          Min: 0, Avg:  0.0, Max: 0, Diff: 0, Sum: 0, Workers: 4
[1412.164s][debug][gc,phases      ] GC(75)   StringDedup Requests1 Weak     Min:  0.0, Avg:  0.0, Max:  0.0, Diff:  0.0, Sum:  0.0, Workers: 4
[1412.164s][debug][gc,phases      ] GC(75)     Dead                           Min: 0, Avg:  0.0, Max: 0, Diff: 0, Sum: 0, Workers: 4
[1412.164s][debug][gc,phases      ] GC(75)     Total                          Min: 0, Avg:  0.0, Max: 0, Diff: 0, Sum: 0, Workers: 4
[1412.164s][debug][gc,phases      ] GC(75)   Weak JFR Old Object Samples    Min:  0.0, Avg:  0.0, Max:  0.0, Diff:  0.0, Sum:  0.0, Workers: 4
[1412.164s][debug][gc,phases      ] GC(75)     Dead                           Min: 0, Avg:  0.0, Max: 0, Diff: 0, Sum: 0, Workers: 4
[1412.164s][debug][gc,phases      ] GC(75)     Total                          Min: 0, Avg:  0.0, Max: 0, Diff: 0, Sum: 0, Workers: 4
[1412.164s][debug][gc,phases      ] GC(75) Weak Processing 0.526ms
[1412.164s][debug][gc,phases      ] GC(75) ClassLoaderData 0.215ms
[1412.164s][debug][gc,phases      ] GC(75) Trigger cleanups 0.000ms
[1412.230s][debug][gc,phases      ] GC(75) Purge Unlinked NMethods 3.318ms
[1412.230s][debug][gc,phases      ] GC(75) Unregister NMethods 0.001ms
[1412.231s][debug][gc,phases      ] GC(75) Free Code Blobs 0.539ms
[1412.231s][debug][gc,phases      ] GC(75) Class Unloading 67.172ms
[1412.231s][debug][gc,phases      ] GC(75) Report Object Count 0.001ms
[1412.231s][info ][gc,phases      ] GC(75) Marking Phase 245.418ms
[1412.231s][info ][gc,phases,start] GC(75) Summary Phase
[1412.231s][info ][gc,phases      ] GC(75) Summary Phase 0.036ms
[1412.231s][info ][gc,phases,start] GC(75) Adjust Roots
[1412.252s][info ][gc,phases      ] GC(75) Adjust Roots 21.434ms
[1412.252s][info ][gc,phases,start] GC(75) Compaction Phase
[1412.485s][info ][gc,phases      ] GC(75) Compaction Phase 232.913ms
[1412.485s][info ][gc,phases,start] GC(75) Post Compact
[1412.491s][debug][gc,phases      ] GC(75) Purge Class Loader Data 1.069ms
[1412.491s][info ][gc,phases      ] GC(75) Post Compact 5.677ms
[1412.491s][info ][gc,heap        ] GC(75) PSYoungGen: 8832K(2052096K)->0K(2052096K) Eden: 0K(2007040K)->0K(2007040K) From: 8832K(45056K)->0K(45056K)
[1412.491s][info ][gc,heap        ] GC(75) ParOldGen: 1241515K(1241600K)->490225K(1241600K)
[1412.491s][info ][gc,metaspace   ] GC(75) Metaspace: 109449K(110848K)->109449K(110848K) NonClass: 93039K(93824K)->93039K(93824K) Class: 16410K(17024K)->16410K(17024K)
[1412.491s][info ][gc             ] GC(75) Pause Full (CodeCache GC Threshold) 1221M->478M(3216M) 505.651ms
[1412.491s][info ][gc,cpu         ] GC(75) User=1.59s Sys=0.06s Real=0.50s
[1412.491s][info ][safepoint      ] Safepoint "ParallelGCSystemGC", Time since last: 149122477 ns, Reaching safepoint: 84001 ns, Cleanup: 8900 ns, At safepoint: 531009271 ns, Total: 531102172 ns
[1413.491s][info ][safepoint      ] Safepoint "Cleanup", Time since last: 1000091248 ns, Reaching safepoint: 7800 ns, Cleanup: 116901 ns, At safepoint: 2700 ns, Total: 127401 ns
[1414.491s][info ][safepoint      ] Safepoint "Cleanup", Time since last: 1000109948 ns, Reaching safepoint: 8300 ns, Cleanup: 12500 ns, At safepoint: 3000 ns, Total: 23800 ns
[1419.492s][info ][safepoint      ] Safepoint "Cleanup", Time since last: 5000397673 ns, Reaching safepoint: 7100 ns, Cleanup: 18000 ns, At safepoint: 2600 ns, Total: 27700 ns
[1420.493s][info ][safepoint      ] Safepoint "Cleanup", Time since last: 1000828499 ns, Reaching safepoint: 10500 ns, Cleanup: 23101 ns, At safepoint: 2800 ns, Total: 36401 ns
[1422.494s][info ][safepoint      ] Safepoint "Cleanup", Time since last: 2001259393 ns, Reaching safepoint: 158002 ns, Cleanup: 12100 ns, At safepoint: 17500 ns, Total: 187602 ns
[1422.958s][info ][gc,start       ] GC(76) Pause Young (Allocation Failure)
[1423.002s][debug][gc,phases      ] GC(76) Scavenge 44.013ms
[1423.003s][debug][gc,ref         ] GC(76) ReferenceProcessor::execute queues: 1, RefProcThreadModel::Single, marks_oops_alive: false
[1423.003s][debug][gc,ref         ] GC(76) Skipped KeepAliveFinalRefsPhase of Reference Processing: no references
[1423.003s][debug][gc,ref         ] GC(76) ReferenceProcessor::execute queues: 1, RefProcThreadModel::Single, marks_oops_alive: false
[1423.003s][debug][gc,phases      ] GC(76) Reference Processing 0.127ms
[1423.003s][debug][gc,phases      ] GC(76)   VM Weak                        Min:  0.0, Avg:  0.0, Max:  0.0, Diff:  0.0, Sum:  0.0, Workers: 4
[1423.003s][debug][gc,phases      ] GC(76)     Dead                           Min: 0, Avg:  0.0, Max: 0, Diff: 0, Sum: 0, Workers: 4
[1423.003s][debug][gc,phases      ] GC(76)     Total                          Min: 0, Avg: 272.2, Max: 769, Diff: 769, Sum: 1089, Workers: 4
[1423.003s][debug][gc,phases      ] GC(76)   ObjectSynchronizer Weak        Min:  0.0, Avg:  0.0, Max:  0.0, Diff:  0.0, Sum:  0.0, Workers: 4
[1423.003s][debug][gc,phases      ] GC(76)     Dead                           Min: 0, Avg:  0.0, Max: 0, Diff: 0, Sum: 0, Workers: 4
[1423.003s][debug][gc,phases      ] GC(76)     Total                          Min: 0, Avg:  1.0, Max: 4, Diff: 4, Sum: 4, Workers: 4
[1423.003s][debug][gc,phases      ] GC(76)   JVMTI Tag Weak OopStorage      Min:  0.0, Avg:  0.0, Max:  0.0, Diff:  0.0, Sum:  0.0, Workers: 4
[1423.003s][debug][gc,phases      ] GC(76)     Dead                           Min: 0, Avg:  0.0, Max: 0, Diff: 0, Sum: 0, Workers: 4
[1423.003s][debug][gc,phases      ] GC(76)     Total                          Min: 0, Avg:  0.0, Max: 0, Diff: 0, Sum: 0, Workers: 4
[1423.003s][debug][gc,phases      ] GC(76)   StringTable Weak               Min:  0.0, Avg:  0.1, Max:  0.2, Diff:  0.2, Sum:  0.5, Workers: 4
[1423.003s][debug][gc,phases      ] GC(76)     Dead                           Min: 0, Avg:  0.0, Max: 0, Diff: 0, Sum: 0, Workers: 4
[1423.003s][debug][gc,phases      ] GC(76)     Total                          Min: 0, Avg: 11823.5, Max: 16320, Diff: 16320, Sum: 47294, Workers: 4
[1423.003s][debug][gc,phases      ] GC(76)   ResolvedMethodTable Weak       Min:  0.0, Avg:  0.0, Max:  0.1, Diff:  0.1, Sum:  0.2, Workers: 4
[1423.003s][debug][gc,phases      ] GC(76)     Dead                           Min: 0, Avg:  0.0, Max: 0, Diff: 0, Sum: 0, Workers: 4
[1423.003s][debug][gc,phases      ] GC(76)     Total                          Min: 0, Avg: 4024.8, Max: 5662, Diff: 5662, Sum: 16099, Workers: 4
[1423.003s][debug][gc,phases      ] GC(76)   JNI Weak                       Min:  0.0, Avg:  0.0, Max:  0.0, Diff:  0.0, Sum:  0.0, Workers: 4
[1423.003s][debug][gc,phases      ] GC(76)     Dead                           Min: 0, Avg:  0.0, Max: 0, Diff: 0, Sum: 0, Workers: 4
[1423.003s][debug][gc,phases      ] GC(76)     Total                          Min: 0, Avg: 13.0, Max: 48, Diff: 48, Sum: 52, Workers: 4
[1423.003s][debug][gc,phases      ] GC(76)   StringDedup Table Weak         Min:  0.0, Avg:  0.0, Max:  0.0, Diff:  0.0, Sum:  0.0, Workers: 4
[1423.003s][debug][gc,phases      ] GC(76)     Dead                           Min: 0, Avg:  0.0, Max: 0, Diff: 0, Sum: 0, Workers: 4
[1423.003s][debug][gc,phases      ] GC(76)     Total                          Min: 0, Avg:  0.0, Max: 0, Diff: 0, Sum: 0, Workers: 4
[1423.003s][debug][gc,phases      ] GC(76)   StringDedup Requests0 Weak     Min:  0.0, Avg:  0.0, Max:  0.0, Diff:  0.0, Sum:  0.0, Workers: 4
[1423.003s][debug][gc,phases      ] GC(76)     Dead                           Min: 0, Avg:  0.0, Max: 0, Diff: 0, Sum: 0, Workers: 4
[1423.003s][debug][gc,phases      ] GC(76)     Total                          Min: 0, Avg:  0.0, Max: 0, Diff: 0, Sum: 0, Workers: 4
[1423.003s][debug][gc,phases      ] GC(76)   StringDedup Requests1 Weak     Min:  0.0, Avg:  0.0, Max:  0.0, Diff:  0.0, Sum:  0.0, Workers: 4
[1423.003s][debug][gc,phases      ] GC(76)     Dead                           Min: 0, Avg:  0.0, Max: 0, Diff: 0, Sum: 0, Workers: 4
[1423.003s][debug][gc,phases      ] GC(76)     Total                          Min: 0, Avg:  0.0, Max: 0, Diff: 0, Sum: 0, Workers: 4
[1423.003s][debug][gc,phases      ] GC(76)   Weak JFR Old Object Samples    Min:  0.0, Avg:  0.0, Max:  0.0, Diff:  0.0, Sum:  0.0, Workers: 4
[1423.003s][debug][gc,phases      ] GC(76)     Dead                           Min: 0, Avg:  0.0, Max: 0, Diff: 0, Sum: 0, Workers: 4
[1423.003s][debug][gc,phases      ] GC(76)     Total                          Min: 0, Avg:  0.0, Max: 0, Diff: 0, Sum: 0, Workers: 4
[1423.003s][debug][gc,phases      ] GC(76) Weak Processing 0.474ms
[1423.003s][debug][gc,age         ] GC(76) Desired survivor size 47185920 bytes, new threshold 1 (max threshold 15)
[1423.003s][info ][gc,heap        ] GC(76) PSYoungGen: 2007040K(2052096K)->28944K(2049536K) Eden: 2007040K(2007040K)->0K(2004992K) From: 0K(45056K)->28944K(44544K)
[1423.003s][info ][gc,heap        ] GC(76) ParOldGen: 490225K(1241600K)->490225K(1241600K)
[1423.003s][info ][gc,metaspace   ] GC(76) Metaspace: 109482K(110912K)->109482K(110912K) NonClass: 93070K(93888K)->93070K(93888K) Class: 16411K(17024K)->16411K(17024K)
[1423.003s][info ][gc             ] GC(76) Pause Young (Allocation Failure) 2438M->507M(3214M) 44.758ms
[1423.003s][info ][gc,cpu         ] GC(76) User=0.07s Sys=0.00s Real=0.04s
[1423.003s][info ][safepoint      ] Safepoint "ParallelGCFailedAllocation", Time since last: 463964049 ns, Reaching safepoint: 98701 ns, Cleanup: 43301 ns, At safepoint: 44866006 ns, Total: 45008008 ns
[1424.004s][info ][safepoint      ] Safepoint "Cleanup", Time since last: 1000593015 ns, Reaching safepoint: 80201 ns, Cleanup: 8100 ns, At safepoint: 8301 ns, Total: 96602 ns
[1425.005s][info ][safepoint      ] Safepoint "Cleanup", Time since last: 1001151322 ns, Reaching safepoint: 80402 ns, Cleanup: 11400 ns, At safepoint: 8800 ns, Total: 100602 ns
[1426.005s][info ][safepoint      ] Safepoint "Cleanup", Time since last: 1000112009 ns, Reaching safepoint: 83701 ns, Cleanup: 14900 ns, At safepoint: 14700 ns, Total: 113301 ns
[1427.020s][info ][safepoint      ] Safepoint "Cleanup", Time since last: 1005560527 ns, Reaching safepoint: 3102337 ns, Cleanup: 10900 ns, At safepoint: 5858469 ns, Total: 8971706 ns
[1428.020s][info ][safepoint      ] Safepoint "Cleanup", Time since last: 1000110809 ns, Reaching safepoint: 18000 ns, Cleanup: 12000 ns, At safepoint: 3100 ns, Total: 33100 ns
[1433.029s][info ][safepoint      ] Safepoint "Cleanup", Time since last: 5008648395 ns, Reaching safepoint: 88801 ns, Cleanup: 14600 ns, At safepoint: 18600 ns, Total: 122001 ns
[1433.376s][info ][gc,start       ] GC(77) Pause Young (Allocation Failure)
[1433.421s][debug][gc,phases      ] GC(77) Scavenge 45.407ms
[1433.421s][debug][gc,ref         ] GC(77) Skipped SoftWeakFinalRefsPhase of Reference Processing: no references
[1433.421s][debug][gc,ref         ] GC(77) Skipped KeepAliveFinalRefsPhase of Reference Processing: no references
[1433.421s][debug][gc,ref         ] GC(77) ReferenceProcessor::execute queues: 1, RefProcThreadModel::Single, marks_oops_alive: false
[1433.421s][debug][gc,phases      ] GC(77) Reference Processing 0.129ms
[1433.422s][debug][gc,phases      ] GC(77)   VM Weak                        Min:  0.0, Avg:  0.0, Max:  0.0, Diff:  0.0, Sum:  0.0, Workers: 4
[1433.422s][debug][gc,phases      ] GC(77)     Dead                           Min: 0, Avg:  0.0, Max: 0, Diff: 0, Sum: 0, Workers: 4
[1433.422s][debug][gc,phases      ] GC(77)     Total                          Min: 0, Avg: 272.2, Max: 1025, Diff: 1025, Sum: 1089, Workers: 4
[1433.422s][debug][gc,phases      ] GC(77)   ObjectSynchronizer Weak        Min:  0.0, Avg:  0.0, Max:  0.0, Diff:  0.0, Sum:  0.0, Workers: 4
[1433.422s][debug][gc,phases      ] GC(77)     Dead                           Min: 0, Avg:  0.0, Max: 0, Diff: 0, Sum: 0, Workers: 4
[1433.422s][debug][gc,phases      ] GC(77)     Total                          Min: 0, Avg:  1.0, Max: 4, Diff: 4, Sum: 4, Workers: 4
[1433.422s][debug][gc,phases      ] GC(77)   JVMTI Tag Weak OopStorage      Min:  0.0, Avg:  0.0, Max:  0.0, Diff:  0.0, Sum:  0.0, Workers: 4
[1433.422s][debug][gc,phases      ] GC(77)     Dead                           Min: 0, Avg:  0.0, Max: 0, Diff: 0, Sum: 0, Workers: 4
[1433.422s][debug][gc,phases      ] GC(77)     Total                          Min: 0, Avg:  0.0, Max: 0, Diff: 0, Sum: 0, Workers: 4
[1433.422s][debug][gc,phases      ] GC(77)   StringTable Weak               Min:  0.0, Avg:  0.1, Max:  0.2, Diff:  0.2, Sum:  0.5, Workers: 4
[1433.422s][debug][gc,phases      ] GC(77)     Dead                           Min: 0, Avg:  0.0, Max: 0, Diff: 0, Sum: 0, Workers: 4
[1433.422s][debug][gc,phases      ] GC(77)     Total                          Min: 0, Avg: 11823.5, Max: 16767, Diff: 16767, Sum: 47294, Workers: 4
[1433.422s][debug][gc,phases      ] GC(77)   ResolvedMethodTable Weak       Min:  0.0, Avg:  0.0, Max:  0.1, Diff:  0.1, Sum:  0.2, Workers: 4
[1433.422s][debug][gc,phases      ] GC(77)     Dead                           Min: 0, Avg:  4.0, Max: 16, Diff: 16, Sum: 16, Workers: 4
[1433.422s][debug][gc,phases      ] GC(77)     Total                          Min: 0, Avg: 4024.8, Max: 5839, Diff: 5839, Sum: 16099, Workers: 4
[1433.422s][debug][gc,phases      ] GC(77)   JNI Weak                       Min:  0.0, Avg:  0.0, Max:  0.0, Diff:  0.0, Sum:  0.0, Workers: 4
[1433.422s][debug][gc,phases      ] GC(77)     Dead                           Min: 0, Avg:  0.0, Max: 0, Diff: 0, Sum: 0, Workers: 4
[1433.422s][debug][gc,phases      ] GC(77)     Total                          Min: 0, Avg: 13.0, Max: 48, Diff: 48, Sum: 52, Workers: 4
[1433.422s][debug][gc,phases      ] GC(77)   StringDedup Table Weak         Min:  0.0, Avg:  0.0, Max:  0.0, Diff:  0.0, Sum:  0.0, Workers: 4
[1433.422s][debug][gc,phases      ] GC(77)     Dead                           Min: 0, Avg:  0.0, Max: 0, Diff: 0, Sum: 0, Workers: 4
[1433.422s][debug][gc,phases      ] GC(77)     Total                          Min: 0, Avg:  0.0, Max: 0, Diff: 0, Sum: 0, Workers: 4
[1433.422s][debug][gc,phases      ] GC(77)   StringDedup Requests0 Weak     Min:  0.0, Avg:  0.0, Max:  0.0, Diff:  0.0, Sum:  0.0, Workers: 4
[1433.422s][debug][gc,phases      ] GC(77)     Dead                           Min: 0, Avg:  0.0, Max: 0, Diff: 0, Sum: 0, Workers: 4
[1433.422s][debug][gc,phases      ] GC(77)     Total                          Min: 0, Avg:  0.0, Max: 0, Diff: 0, Sum: 0, Workers: 4
[1433.422s][debug][gc,phases      ] GC(77)   StringDedup Requests1 Weak     Min:  0.0, Avg:  0.0, Max:  0.0, Diff:  0.0, Sum:  0.0, Workers: 4
[1433.422s][debug][gc,phases      ] GC(77)     Dead                           Min: 0, Avg:  0.0, Max: 0, Diff: 0, Sum: 0, Workers: 4
[1433.422s][debug][gc,phases      ] GC(77)     Total                          Min: 0, Avg:  0.0, Max: 0, Diff: 0, Sum: 0, Workers: 4
[1433.422s][debug][gc,phases      ] GC(77)   Weak JFR Old Object Samples    Min:  0.0, Avg:  0.0, Max:  0.0, Diff:  0.0, Sum:  0.0, Workers: 4
[1433.422s][debug][gc,phases      ] GC(77)     Dead                           Min: 0, Avg:  0.0, Max: 0, Diff: 0, Sum: 0, Workers: 4
[1433.422s][debug][gc,phases      ] GC(77)     Total                          Min: 0, Avg:  0.0, Max: 0, Diff: 0, Sum: 0, Workers: 4
[1433.422s][debug][gc,phases      ] GC(77) Weak Processing 0.470ms
[1433.422s][debug][gc,age         ] GC(77) Desired survivor size 48234496 bytes, new threshold 1 (max threshold 15)
[1433.422s][info ][gc,heap        ] GC(77) PSYoungGen: 2033936K(2049536K)->30448K(2035712K) Eden: 2004992K(2004992K)->0K(2004992K) From: 28944K(44544K)->30448K(30720K)
[1433.422s][info ][gc,heap        ] GC(77) ParOldGen: 490225K(1241600K)->515835K(1241600K)
[1433.422s][info ][gc,metaspace   ] GC(77) Metaspace: 109490K(110912K)->109490K(110912K) NonClass: 93079K(93888K)->93079K(93888K) Class: 16411K(17024K)->16411K(17024K)
[1433.422s][info ][gc             ] GC(77) Pause Young (Allocation Failure) 2465M->533M(3200M) 46.158ms
[1433.422s][info ][gc,cpu         ] GC(77) User=0.09s Sys=0.00s Real=0.04s
[1433.422s][info ][safepoint      ] Safepoint "ParallelGCFailedAllocation", Time since last: 346963794 ns, Reaching safepoint: 83102 ns, Cleanup: 4900 ns, At safepoint: 46460115 ns, Total: 46548117 ns
[1434.430s][info ][safepoint      ] Safepoint "Cleanup", Time since last: 1000096931 ns, Reaching safepoint: 82601 ns, Cleanup: 16701 ns, At safepoint: 7532579 ns, Total: 7631881 ns
[1435.430s][info ][safepoint      ] Safepoint "Cleanup", Time since last: 1000122097 ns, Reaching safepoint: 11300 ns, Cleanup: 16100 ns, At safepoint: 3200 ns, Total: 30600 ns
[1437.430s][info ][safepoint      ] Safepoint "Cleanup", Time since last: 2000180794 ns, Reaching safepoint: 9300 ns, Cleanup: 10900 ns, At safepoint: 2800 ns, Total: 23000 ns
[1439.431s][info ][safepoint      ] Safepoint "Cleanup", Time since last: 2000176228 ns, Reaching safepoint: 11400 ns, Cleanup: 15201 ns, At safepoint: 3200 ns, Total: 29801 ns
[1441.720s][info ][safepoint      ] Safepoint "Cleanup", Time since last: 2289677856 ns, Reaching safepoint: 8400 ns, Cleanup: 16500 ns, At safepoint: 3600 ns, Total: 28500 ns
[1442.720s][info ][safepoint      ] Safepoint "Cleanup", Time since last: 1000107317 ns, Reaching safepoint: 9000 ns, Cleanup: 16601 ns, At safepoint: 3100 ns, Total: 28701 ns
[1443.721s][info ][safepoint      ] Safepoint "Cleanup", Time since last: 1000797702 ns, Reaching safepoint: 89701 ns, Cleanup: 11800 ns, At safepoint: 18100 ns, Total: 119601 ns
[1445.722s][info ][safepoint      ] Safepoint "Cleanup", Time since last: 2000182787 ns, Reaching safepoint: 9700 ns, Cleanup: 13100 ns, At safepoint: 3700 ns, Total: 26500 ns
[1446.722s][info ][safepoint      ] Safepoint "Cleanup", Time since last: 1000118794 ns, Reaching safepoint: 9400 ns, Cleanup: 12000 ns, At safepoint: 3300 ns, Total: 24700 ns
[1452.651s][info ][gc,start       ] GC(78) Pause Young (Allocation Failure)
[1452.671s][debug][gc,phases      ] GC(78) Scavenge 20.396ms
[1452.671s][debug][gc,ref         ] GC(78) ReferenceProcessor::execute queues: 1, RefProcThreadModel::Single, marks_oops_alive: false
[1452.671s][debug][gc,ref         ] GC(78) Skipped KeepAliveFinalRefsPhase of Reference Processing: no references
[1452.671s][debug][gc,ref         ] GC(78) ReferenceProcessor::execute queues: 1, RefProcThreadModel::Single, marks_oops_alive: false
[1452.671s][debug][gc,phases      ] GC(78) Reference Processing 0.119ms
[1452.671s][debug][gc,phases      ] GC(78)   VM Weak                        Min:  0.0, Avg:  0.0, Max:  0.0, Diff:  0.0, Sum:  0.0, Workers: 4
[1452.671s][debug][gc,phases      ] GC(78)     Dead                           Min: 0, Avg:  0.0, Max: 0, Diff: 0, Sum: 0, Workers: 4
[1452.671s][debug][gc,phases      ] GC(78)     Total                          Min: 0, Avg: 272.5, Max: 770, Diff: 770, Sum: 1090, Workers: 4
[1452.671s][debug][gc,phases      ] GC(78)   ObjectSynchronizer Weak        Min:  0.0, Avg:  0.0, Max:  0.0, Diff:  0.0, Sum:  0.0, Workers: 4
[1452.671s][debug][gc,phases      ] GC(78)     Dead                           Min: 0, Avg:  0.0, Max: 0, Diff: 0, Sum: 0, Workers: 4
[1452.672s][debug][gc,phases      ] GC(78)     Total                          Min: 0, Avg:  1.0, Max: 4, Diff: 4, Sum: 4, Workers: 4
[1452.672s][debug][gc,phases      ] GC(78)   JVMTI Tag Weak OopStorage      Min:  0.0, Avg:  0.0, Max:  0.0, Diff:  0.0, Sum:  0.0, Workers: 4
[1452.672s][debug][gc,phases      ] GC(78)     Dead                           Min: 0, Avg:  0.0, Max: 0, Diff: 0, Sum: 0, Workers: 4
[1452.672s][debug][gc,phases      ] GC(78)     Total                          Min: 0, Avg:  0.0, Max: 0, Diff: 0, Sum: 0, Workers: 4
[1452.672s][debug][gc,phases      ] GC(78)   StringTable Weak               Min:  0.0, Avg:  0.1, Max:  0.2, Diff:  0.2, Sum:  0.5, Workers: 4
[1452.672s][debug][gc,phases      ] GC(78)     Dead                           Min: 0, Avg:  0.5, Max: 2, Diff: 2, Sum: 2, Workers: 4
[1452.672s][debug][gc,phases      ] GC(78)     Total                          Min: 0, Avg: 11828.8, Max: 17152, Diff: 17152, Sum: 47315, Workers: 4
[1452.672s][debug][gc,phases      ] GC(78)   ResolvedMethodTable Weak       Min:  0.0, Avg:  0.0, Max:  0.1, Diff:  0.1, Sum:  0.2, Workers: 4
[1452.672s][debug][gc,phases      ] GC(78)     Dead                           Min: 0, Avg:  1.0, Max: 4, Diff: 4, Sum: 4, Workers: 4
[1452.672s][debug][gc,phases      ] GC(78)     Total                          Min: 0, Avg: 4029.5, Max: 7402, Diff: 7402, Sum: 16118, Workers: 4
[1452.672s][debug][gc,phases      ] GC(78)   JNI Weak                       Min:  0.0, Avg:  0.0, Max:  0.0, Diff:  0.0, Sum:  0.0, Workers: 4
[1452.672s][debug][gc,phases      ] GC(78)     Dead                           Min: 0, Avg:  0.0, Max: 0, Diff: 0, Sum: 0, Workers: 4
[1452.672s][debug][gc,phases      ] GC(78)     Total                          Min: 0, Avg: 13.0, Max: 48, Diff: 48, Sum: 52, Workers: 4
[1452.672s][debug][gc,phases      ] GC(78)   StringDedup Table Weak         Min:  0.0, Avg:  0.0, Max:  0.0, Diff:  0.0, Sum:  0.0, Workers: 4
[1452.672s][debug][gc,phases      ] GC(78)     Dead                           Min: 0, Avg:  0.0, Max: 0, Diff: 0, Sum: 0, Workers: 4
[1452.672s][debug][gc,phases      ] GC(78)     Total                          Min: 0, Avg:  0.0, Max: 0, Diff: 0, Sum: 0, Workers: 4
[1452.672s][debug][gc,phases      ] GC(78)   StringDedup Requests0 Weak     Min:  0.0, Avg:  0.0, Max:  0.0, Diff:  0.0, Sum:  0.0, Workers: 4
[1452.672s][debug][gc,phases      ] GC(78)     Dead                           Min: 0, Avg:  0.0, Max: 0, Diff: 0, Sum: 0, Workers: 4
[1452.672s][debug][gc,phases      ] GC(78)     Total                          Min: 0, Avg:  0.0, Max: 0, Diff: 0, Sum: 0, Workers: 4
[1452.672s][debug][gc,phases      ] GC(78)   StringDedup Requests1 Weak     Min:  0.0, Avg:  0.0, Max:  0.0, Diff:  0.0, Sum:  0.0, Workers: 4
[1452.672s][debug][gc,phases      ] GC(78)     Dead                           Min: 0, Avg:  0.0, Max: 0, Diff: 0, Sum: 0, Workers: 4
[1452.672s][debug][gc,phases      ] GC(78)     Total                          Min: 0, Avg:  0.0, Max: 0, Diff: 0, Sum: 0, Workers: 4
[1452.672s][debug][gc,phases      ] GC(78)   Weak JFR Old Object Samples    Min:  0.0, Avg:  0.0, Max:  0.0, Diff:  0.0, Sum:  0.0, Workers: 4
[1452.672s][debug][gc,phases      ] GC(78)     Dead                           Min: 0, Avg:  0.0, Max: 0, Diff: 0, Sum: 0, Workers: 4
[1452.672s][debug][gc,phases      ] GC(78)     Total                          Min: 0, Avg:  0.0, Max: 0, Diff: 0, Sum: 0, Workers: 4
[1452.672s][debug][gc,phases      ] GC(78) Weak Processing 0.434ms
[1452.672s][debug][gc,age         ] GC(78) Desired survivor size 46137344 bytes, new threshold 1 (max threshold 15)
[1452.672s][info ][gc,heap        ] GC(78) PSYoungGen: 2035440K(2035712K)->18928K(2052096K) Eden: 2004992K(2004992K)->0K(2004992K) From: 30448K(30720K)->18928K(47104K)
[1452.672s][info ][gc,heap        ] GC(78) ParOldGen: 515835K(1241600K)->541100K(1241600K)
[1452.672s][info ][gc,metaspace   ] GC(78) Metaspace: 109527K(110912K)->109527K(110912K) NonClass: 93109K(93888K)->93109K(93888K) Class: 16417K(17024K)->16417K(17024K)
[1452.672s][info ][gc             ] GC(78) Pause Young (Allocation Failure) 2491M->546M(3216M) 21.154ms
[1452.672s][info ][gc,cpu         ] GC(78) User=0.07s Sys=0.01s Real=0.02s
[1452.672s][info ][safepoint      ] Safepoint "ParallelGCFailedAllocation", Time since last: 5928757969 ns, Reaching safepoint: 81600 ns, Cleanup: 8801 ns, At safepoint: 21245282 ns, Total: 21335683 ns
[1453.672s][info ][safepoint      ] Safepoint "Cleanup", Time since last: 1000090079 ns, Reaching safepoint: 6700 ns, Cleanup: 11400 ns, At safepoint: 2900 ns, Total: 21000 ns
[1455.672s][info ][safepoint      ] Safepoint "Cleanup", Time since last: 2000186692 ns, Reaching safepoint: 6200 ns, Cleanup: 11300 ns, At safepoint: 2800 ns, Total: 20300 ns
[1457.672s][info ][safepoint      ] Safepoint "Cleanup", Time since last: 2000170077 ns, Reaching safepoint: 7100 ns, Cleanup: 6400 ns, At safepoint: 3100 ns, Total: 16600 ns
[1468.673s][info ][safepoint      ] Safepoint "Cleanup", Time since last: 11000793638 ns, Reaching safepoint: 5900 ns, Cleanup: 9701 ns, At safepoint: 2100 ns, Total: 17701 ns
[1470.673s][info ][safepoint      ] Safepoint "Cleanup", Time since last: 2000179741 ns, Reaching safepoint: 7000 ns, Cleanup: 27200 ns, At safepoint: 2800 ns, Total: 37000 ns
[1471.673s][info ][safepoint      ] Safepoint "Cleanup", Time since last: 1000111171 ns, Reaching safepoint: 7100 ns, Cleanup: 12900 ns, At safepoint: 2800 ns, Total: 22800 ns
[1476.674s][info ][safepoint      ] Safepoint "Cleanup", Time since last: 5000392230 ns, Reaching safepoint: 6600 ns, Cleanup: 13100 ns, At safepoint: 2800 ns, Total: 22500 ns
[1478.674s][info ][safepoint      ] Safepoint "Cleanup", Time since last: 2000200206 ns, Reaching safepoint: 6500 ns, Cleanup: 8800 ns, At safepoint: 2600 ns, Total: 17900 ns
[1478.925s][info ][gc,start       ] GC(79) Pause Young (Allocation Failure)
[1478.939s][debug][gc,phases      ] GC(79) Scavenge 13.683ms
[1478.939s][debug][gc,ref         ] GC(79) ReferenceProcessor::execute queues: 1, RefProcThreadModel::Single, marks_oops_alive: false
[1478.939s][debug][gc,ref         ] GC(79) Skipped KeepAliveFinalRefsPhase of Reference Processing: no references
[1478.939s][debug][gc,ref         ] GC(79) ReferenceProcessor::execute queues: 1, RefProcThreadModel::Single, marks_oops_alive: false
[1478.939s][debug][gc,phases      ] GC(79) Reference Processing 0.118ms
[1478.940s][debug][gc,phases      ] GC(79)   VM Weak                        Min:  0.0, Avg:  0.0, Max:  0.0, Diff:  0.0, Sum:  0.0, Workers: 4
[1478.940s][debug][gc,phases      ] GC(79)     Dead                           Min: 0, Avg:  0.0, Max: 0, Diff: 0, Sum: 0, Workers: 4
[1478.940s][debug][gc,phases      ] GC(79)     Total                          Min: 0, Avg: 272.5, Max: 704, Diff: 704, Sum: 1090, Workers: 4
[1478.940s][debug][gc,phases      ] GC(79)   ObjectSynchronizer Weak        Min:  0.0, Avg:  0.0, Max:  0.0, Diff:  0.0, Sum:  0.0, Workers: 4
[1478.940s][debug][gc,phases      ] GC(79)     Dead                           Min: 0, Avg:  0.0, Max: 0, Diff: 0, Sum: 0, Workers: 4
[1478.940s][debug][gc,phases      ] GC(79)     Total                          Min: 0, Avg:  1.0, Max: 4, Diff: 4, Sum: 4, Workers: 4
[1478.940s][debug][gc,phases      ] GC(79)   JVMTI Tag Weak OopStorage      Min:  0.0, Avg:  0.0, Max:  0.0, Diff:  0.0, Sum:  0.0, Workers: 4
[1478.940s][debug][gc,phases      ] GC(79)     Dead                           Min: 0, Avg:  0.0, Max: 0, Diff: 0, Sum: 0, Workers: 4
[1478.940s][debug][gc,phases      ] GC(79)     Total                          Min: 0, Avg:  0.0, Max: 0, Diff: 0, Sum: 0, Workers: 4
[1478.940s][debug][gc,phases      ] GC(79)   StringTable Weak               Min:  0.0, Avg:  0.1, Max:  0.2, Diff:  0.2, Sum:  0.5, Workers: 4
[1478.940s][debug][gc,phases      ] GC(79)     Dead                           Min: 0, Avg:  0.0, Max: 0, Diff: 0, Sum: 0, Workers: 4
[1478.940s][debug][gc,phases      ] GC(79)     Total                          Min: 0, Avg: 11828.8, Max: 16704, Diff: 16704, Sum: 47315, Workers: 4
[1478.940s][debug][gc,phases      ] GC(79)   ResolvedMethodTable Weak       Min:  0.0, Avg:  0.0, Max:  0.1, Diff:  0.1, Sum:  0.2, Workers: 4
[1478.940s][debug][gc,phases      ] GC(79)     Dead                           Min: 0, Avg:  4.0, Max: 16, Diff: 16, Sum: 16, Workers: 4
[1478.940s][debug][gc,phases      ] GC(79)     Total                          Min: 0, Avg: 4029.5, Max: 5587, Diff: 5587, Sum: 16118, Workers: 4
[1478.940s][debug][gc,phases      ] GC(79)   JNI Weak                       Min:  0.0, Avg:  0.0, Max:  0.0, Diff:  0.0, Sum:  0.0, Workers: 4
[1478.940s][debug][gc,phases      ] GC(79)     Dead                           Min: 0, Avg:  0.0, Max: 0, Diff: 0, Sum: 0, Workers: 4
[1478.940s][debug][gc,phases      ] GC(79)     Total                          Min: 0, Avg: 13.0, Max: 52, Diff: 52, Sum: 52, Workers: 4
[1478.940s][debug][gc,phases      ] GC(79)   StringDedup Table Weak         Min:  0.0, Avg:  0.0, Max:  0.0, Diff:  0.0, Sum:  0.0, Workers: 4
[1478.940s][debug][gc,phases      ] GC(79)     Dead                           Min: 0, Avg:  0.0, Max: 0, Diff: 0, Sum: 0, Workers: 4
[1478.940s][debug][gc,phases      ] GC(79)     Total                          Min: 0, Avg:  0.0, Max: 0, Diff: 0, Sum: 0, Workers: 4
[1478.940s][debug][gc,phases      ] GC(79)   StringDedup Requests0 Weak     Min:  0.0, Avg:  0.0, Max:  0.0, Diff:  0.0, Sum:  0.0, Workers: 4
[1478.940s][debug][gc,phases      ] GC(79)     Dead                           Min: 0, Avg:  0.0, Max: 0, Diff: 0, Sum: 0, Workers: 4
[1478.940s][debug][gc,phases      ] GC(79)     Total                          Min: 0, Avg:  0.0, Max: 0, Diff: 0, Sum: 0, Workers: 4
[1478.940s][debug][gc,phases      ] GC(79)   StringDedup Requests1 Weak     Min:  0.0, Avg:  0.0, Max:  0.0, Diff:  0.0, Sum:  0.0, Workers: 4
[1478.940s][debug][gc,phases      ] GC(79)     Dead                           Min: 0, Avg:  0.0, Max: 0, Diff: 0, Sum: 0, Workers: 4
[1478.940s][debug][gc,phases      ] GC(79)     Total                          Min: 0, Avg:  0.0, Max: 0, Diff: 0, Sum: 0, Workers: 4
[1478.940s][debug][gc,phases      ] GC(79)   Weak JFR Old Object Samples    Min:  0.0, Avg:  0.0, Max:  0.0, Diff:  0.0, Sum:  0.0, Workers: 4
[1478.940s][debug][gc,phases      ] GC(79)     Dead                           Min: 0, Avg:  0.0, Max: 0, Diff: 0, Sum: 0, Workers: 4
[1478.940s][debug][gc,phases      ] GC(79)     Total                          Min: 0, Avg:  0.0, Max: 0, Diff: 0, Sum: 0, Workers: 4
[1478.940s][debug][gc,phases      ] GC(79) Weak Processing 0.409ms
[1478.940s][debug][gc,age         ] GC(79) Desired survivor size 45088768 bytes, new threshold 1 (max threshold 15)
[1478.940s][info ][gc,heap        ] GC(79) PSYoungGen: 2023920K(2052096K)->11744K(2050048K) Eden: 2004992K(2004992K)->0K(2004992K) From: 18928K(47104K)->11744K(45056K)
[1478.940s][info ][gc,heap        ] GC(79) ParOldGen: 541100K(1241600K)->556507K(1241600K)
[1478.940s][info ][gc,metaspace   ] GC(79) Metaspace: 109546K(110912K)->109546K(110912K) NonClass: 93129K(93888K)->93129K(93888K) Class: 16417K(17024K)->16417K(17024K)
[1478.940s][info ][gc             ] GC(79) Pause Young (Allocation Failure) 2504M->554M(3214M) 14.362ms
[1478.940s][info ][gc,cpu         ] GC(79) User=0.04s Sys=0.00s Real=0.01s
[1478.940s][info ][safepoint      ] Safepoint "ParallelGCFailedAllocation", Time since last: 251302226 ns, Reaching safepoint: 6100 ns, Cleanup: 14100 ns, At safepoint: 14433163 ns, Total: 14453363 ns
[1480.940s][info ][safepoint      ] Safepoint "Cleanup", Time since last: 2000162191 ns, Reaching safepoint: 7700 ns, Cleanup: 15200 ns, At safepoint: 3000 ns, Total: 25900 ns
[1481.940s][info ][safepoint      ] Safepoint "Cleanup", Time since last: 1000117446 ns, Reaching safepoint: 7600 ns, Cleanup: 11400 ns, At safepoint: 3100 ns, Total: 22100 ns
[1483.940s][info ][safepoint      ] Safepoint "Cleanup", Time since last: 2000188086 ns, Reaching safepoint: 7201 ns, Cleanup: 11300 ns, At safepoint: 2900 ns, Total: 21401 ns
[1484.941s][info ][safepoint      ] Safepoint "Cleanup", Time since last: 1000116736 ns, Reaching safepoint: 7100 ns, Cleanup: 13800 ns, At safepoint: 2900 ns, Total: 23800 ns
[1485.941s][info ][safepoint      ] Safepoint "Cleanup", Time since last: 1000121436 ns, Reaching safepoint: 7000 ns, Cleanup: 7200 ns, At safepoint: 2500 ns, Total: 16700 ns
[1491.941s][info ][safepoint      ] Safepoint "Cleanup", Time since last: 6000433467 ns, Reaching safepoint: 7700 ns, Cleanup: 11300 ns, At safepoint: 3300 ns, Total: 22300 ns
[1492.941s][info ][safepoint      ] Safepoint "Cleanup", Time since last: 1000129603 ns, Reaching safepoint: 78201 ns, Cleanup: 11800 ns, At safepoint: 6200 ns, Total: 96201 ns
[1493.941s][info ][safepoint      ] Safepoint "Cleanup", Time since last: 1000113102 ns, Reaching safepoint: 7800 ns, Cleanup: 10301 ns, At safepoint: 3100 ns, Total: 21201 ns
[1507.098s][info ][gc,start       ] GC(80) Pause Young (Allocation Failure)
[1507.109s][debug][gc,phases      ] GC(80) Scavenge 10.940ms
[1507.109s][debug][gc,ref         ] GC(80) ReferenceProcessor::execute queues: 1, RefProcThreadModel::Single, marks_oops_alive: false
[1507.109s][debug][gc,ref         ] GC(80) Skipped KeepAliveFinalRefsPhase of Reference Processing: no references
[1507.109s][debug][gc,ref         ] GC(80) ReferenceProcessor::execute queues: 1, RefProcThreadModel::Single, marks_oops_alive: false
[1507.109s][debug][gc,phases      ] GC(80) Reference Processing 0.112ms
[1507.109s][debug][gc,phases      ] GC(80)   VM Weak                        Min:  0.0, Avg:  0.0, Max:  0.0, Diff:  0.0, Sum:  0.0, Workers: 4
[1507.109s][debug][gc,phases      ] GC(80)     Dead                           Min: 0, Avg:  0.0, Max: 0, Diff: 0, Sum: 0, Workers: 4
[1507.109s][debug][gc,phases      ] GC(80)     Total                          Min: 0, Avg: 272.5, Max: 1090, Diff: 1090, Sum: 1090, Workers: 4
[1507.109s][debug][gc,phases      ] GC(80)   ObjectSynchronizer Weak        Min:  0.0, Avg:  0.0, Max:  0.0, Diff:  0.0, Sum:  0.0, Workers: 4
[1507.109s][debug][gc,phases      ] GC(80)     Dead                           Min: 0, Avg:  0.0, Max: 0, Diff: 0, Sum: 0, Workers: 4
[1507.109s][debug][gc,phases      ] GC(80)     Total                          Min: 0, Avg:  1.0, Max: 4, Diff: 4, Sum: 4, Workers: 4
[1507.109s][debug][gc,phases      ] GC(80)   JVMTI Tag Weak OopStorage      Min:  0.0, Avg:  0.0, Max:  0.0, Diff:  0.0, Sum:  0.0, Workers: 4
[1507.109s][debug][gc,phases      ] GC(80)     Dead                           Min: 0, Avg:  0.0, Max: 0, Diff: 0, Sum: 0, Workers: 4
[1507.109s][debug][gc,phases      ] GC(80)     Total                          Min: 0, Avg:  0.0, Max: 0, Diff: 0, Sum: 0, Workers: 4
[1507.109s][debug][gc,phases      ] GC(80)   StringTable Weak               Min:  0.0, Avg:  0.1, Max:  0.2, Diff:  0.2, Sum:  0.5, Workers: 4
[1507.109s][debug][gc,phases      ] GC(80)     Dead                           Min: 0, Avg:  0.0, Max: 0, Diff: 0, Sum: 0, Workers: 4
[1507.109s][debug][gc,phases      ] GC(80)     Total                          Min: 0, Avg: 11828.8, Max: 16958, Diff: 16958, Sum: 47315, Workers: 4
[1507.109s][debug][gc,phases      ] GC(80)   ResolvedMethodTable Weak       Min:  0.0, Avg:  0.0, Max:  0.1, Diff:  0.1, Sum:  0.2, Workers: 4
[1507.109s][debug][gc,phases      ] GC(80)     Dead                           Min: 0, Avg:  4.0, Max: 16, Diff: 16, Sum: 16, Workers: 4
[1507.109s][debug][gc,phases      ] GC(80)     Total                          Min: 0, Avg: 4029.5, Max: 5929, Diff: 5929, Sum: 16118, Workers: 4
[1507.109s][debug][gc,phases      ] GC(80)   JNI Weak                       Min:  0.0, Avg:  0.0, Max:  0.0, Diff:  0.0, Sum:  0.0, Workers: 4
[1507.109s][debug][gc,phases      ] GC(80)     Dead                           Min: 0, Avg:  0.0, Max: 0, Diff: 0, Sum: 0, Workers: 4
[1507.109s][debug][gc,phases      ] GC(80)     Total                          Min: 0, Avg: 13.0, Max: 48, Diff: 48, Sum: 52, Workers: 4
[1507.109s][debug][gc,phases      ] GC(80)   StringDedup Table Weak         Min:  0.0, Avg:  0.0, Max:  0.0, Diff:  0.0, Sum:  0.0, Workers: 4
[1507.109s][debug][gc,phases      ] GC(80)     Dead                           Min: 0, Avg:  0.0, Max: 0, Diff: 0, Sum: 0, Workers: 4
[1507.109s][debug][gc,phases      ] GC(80)     Total                          Min: 0, Avg:  0.0, Max: 0, Diff: 0, Sum: 0, Workers: 4
[1507.109s][debug][gc,phases      ] GC(80)   StringDedup Requests0 Weak     Min:  0.0, Avg:  0.0, Max:  0.0, Diff:  0.0, Sum:  0.0, Workers: 4
[1507.109s][debug][gc,phases      ] GC(80)     Dead                           Min: 0, Avg:  0.0, Max: 0, Diff: 0, Sum: 0, Workers: 4
[1507.109s][debug][gc,phases      ] GC(80)     Total                          Min: 0, Avg:  0.0, Max: 0, Diff: 0, Sum: 0, Workers: 4
[1507.109s][debug][gc,phases      ] GC(80)   StringDedup Requests1 Weak     Min:  0.0, Avg:  0.0, Max:  0.0, Diff:  0.0, Sum:  0.0, Workers: 4
[1507.109s][debug][gc,phases      ] GC(80)     Dead                           Min: 0, Avg:  0.0, Max: 0, Diff: 0, Sum: 0, Workers: 4
[1507.109s][debug][gc,phases      ] GC(80)     Total                          Min: 0, Avg:  0.0, Max: 0, Diff: 0, Sum: 0, Workers: 4
[1507.109s][debug][gc,phases      ] GC(80)   Weak JFR Old Object Samples    Min:  0.0, Avg:  0.0, Max:  0.0, Diff:  0.0, Sum:  0.0, Workers: 4
[1507.109s][debug][gc,phases      ] GC(80)     Dead                           Min: 0, Avg:  0.0, Max: 0, Diff: 0, Sum: 0, Workers: 4
[1507.109s][debug][gc,phases      ] GC(80)     Total                          Min: 0, Avg:  0.0, Max: 0, Diff: 0, Sum: 0, Workers: 4
[1507.109s][debug][gc,phases      ] GC(80) Weak Processing 0.449ms
[1507.109s][debug][gc,age         ] GC(80) Desired survivor size 43515904 bytes, new threshold 1 (max threshold 15)
[1507.109s][info ][gc,heap        ] GC(80) PSYoungGen: 2016736K(2050048K)->13824K(2054656K) Eden: 2004992K(2004992K)->0K(2010624K) From: 11744K(45056K)->13824K(44032K)
[1507.109s][info ][gc,heap        ] GC(80) ParOldGen: 556507K(1241600K)->564995K(1241600K)
[1507.109s][info ][gc,metaspace   ] GC(80) Metaspace: 109554K(110976K)->109554K(110976K) NonClass: 93136K(93952K)->93136K(93952K) Class: 16417K(17024K)->16417K(17024K)
[1507.109s][info ][gc             ] GC(80) Pause Young (Allocation Failure) 2512M->565M(3219M) 11.669ms
[1507.109s][info ][gc,cpu         ] GC(80) User=0.04s Sys=0.01s Real=0.01s
[1507.109s][info ][safepoint      ] Safepoint "ParallelGCFailedAllocation", Time since last: 13156275933 ns, Reaching safepoint: 7900 ns, Cleanup: 5300 ns, At safepoint: 11751506 ns, Total: 11764706 ns
[1512.111s][info ][safepoint      ] Safepoint "Cleanup", Time since last: 5001498063 ns, Reaching safepoint: 91401 ns, Cleanup: 12000 ns, At safepoint: 18800 ns, Total: 122201 ns
[1513.111s][info ][safepoint      ] Safepoint "Cleanup", Time since last: 1000120228 ns, Reaching safepoint: 6800 ns, Cleanup: 43701 ns, At safepoint: 3300 ns, Total: 53801 ns
[1514.111s][info ][safepoint      ] Safepoint "Cleanup", Time since last: 1000099727 ns, Reaching safepoint: 6901 ns, Cleanup: 19500 ns, At safepoint: 2900 ns, Total: 29301 ns
[1515.112s][info ][safepoint      ] Safepoint "Cleanup", Time since last: 1000122591 ns, Reaching safepoint: 8000 ns, Cleanup: 17300 ns, At safepoint: 2800 ns, Total: 28100 ns
[1517.112s][info ][safepoint      ] Safepoint "Cleanup", Time since last: 2000181693 ns, Reaching safepoint: 7900 ns, Cleanup: 11800 ns, At safepoint: 2600 ns, Total: 22300 ns
[1518.112s][info ][safepoint      ] Safepoint "Cleanup", Time since last: 1000111397 ns, Reaching safepoint: 7300 ns, Cleanup: 32500 ns, At safepoint: 3100 ns, Total: 42900 ns
[1519.112s][info ][safepoint      ] Safepoint "Cleanup", Time since last: 1000132397 ns, Reaching safepoint: 7000 ns, Cleanup: 19700 ns, At safepoint: 2500 ns, Total: 29200 ns
[1520.112s][info ][safepoint      ] Safepoint "Cleanup", Time since last: 1000113097 ns, Reaching safepoint: 6600 ns, Cleanup: 12000 ns, At safepoint: 2800 ns, Total: 21400 ns
[1521.112s][info ][safepoint      ] Safepoint "Cleanup", Time since last: 1000113497 ns, Reaching safepoint: 6800 ns, Cleanup: 17300 ns, At safepoint: 26500 ns, Total: 50600 ns
[1522.113s][info ][safepoint      ] Safepoint "Cleanup", Time since last: 1000104197 ns, Reaching safepoint: 5800 ns, Cleanup: 9000 ns, At safepoint: 2400 ns, Total: 17200 ns
[1524.113s][info ][safepoint      ] Safepoint "Cleanup", Time since last: 2000173792 ns, Reaching safepoint: 7800 ns, Cleanup: 10800 ns, At safepoint: 2400 ns, Total: 21000 ns
[1525.113s][info ][safepoint      ] Safepoint "Cleanup", Time since last: 1000109792 ns, Reaching safepoint: 84201 ns, Cleanup: 9600 ns, At safepoint: 13000 ns, Total: 106801 ns
[1527.113s][info ][safepoint      ] Safepoint "Cleanup", Time since last: 2000183185 ns, Reaching safepoint: 13500 ns, Cleanup: 18101 ns, At safepoint: 5300 ns, Total: 36901 ns
[1529.113s][info ][safepoint      ] Safepoint "Cleanup", Time since last: 2000229115 ns, Reaching safepoint: 6300 ns, Cleanup: 23100 ns, At safepoint: 2600 ns, Total: 32000 ns
[1530.114s][info ][safepoint      ] Safepoint "Cleanup", Time since last: 1000108029 ns, Reaching safepoint: 6800 ns, Cleanup: 21000 ns, At safepoint: 2500 ns, Total: 30300 ns
[1531.114s][info ][safepoint      ] Safepoint "Cleanup", Time since last: 1000117663 ns, Reaching safepoint: 7300 ns, Cleanup: 12900 ns, At safepoint: 3100 ns, Total: 23300 ns
[1531.747s][info ][gc,start       ] GC(81) Pause Young (Allocation Failure)
[1531.761s][debug][gc,phases      ] GC(81) Scavenge 13.410ms
[1531.761s][debug][gc,ref         ] GC(81) ReferenceProcessor::execute queues: 1, RefProcThreadModel::Single, marks_oops_alive: false
[1531.761s][debug][gc,ref         ] GC(81) Skipped KeepAliveFinalRefsPhase of Reference Processing: no references
[1531.761s][debug][gc,ref         ] GC(81) ReferenceProcessor::execute queues: 1, RefProcThreadModel::Single, marks_oops_alive: false
[1531.761s][debug][gc,phases      ] GC(81) Reference Processing 0.128ms
[1531.761s][debug][gc,phases      ] GC(81)   VM Weak                        Min:  0.0, Avg:  0.0, Max:  0.0, Diff:  0.0, Sum:  0.0, Workers: 4
[1531.761s][debug][gc,phases      ] GC(81)     Dead                           Min: 0, Avg:  0.0, Max: 0, Diff: 0, Sum: 0, Workers: 4
[1531.761s][debug][gc,phases      ] GC(81)     Total                          Min: 0, Avg: 274.0, Max: 1024, Diff: 1024, Sum: 1096, Workers: 4
[1531.761s][debug][gc,phases      ] GC(81)   ObjectSynchronizer Weak        Min:  0.0, Avg:  0.0, Max:  0.0, Diff:  0.0, Sum:  0.0, Workers: 4
[1531.761s][debug][gc,phases      ] GC(81)     Dead                           Min: 0, Avg:  0.0, Max: 0, Diff: 0, Sum: 0, Workers: 4
[1531.761s][debug][gc,phases      ] GC(81)     Total                          Min: 0, Avg:  1.2, Max: 5, Diff: 5, Sum: 5, Workers: 4
[1531.761s][debug][gc,phases      ] GC(81)   JVMTI Tag Weak OopStorage      Min:  0.0, Avg:  0.0, Max:  0.0, Diff:  0.0, Sum:  0.0, Workers: 4
[1531.761s][debug][gc,phases      ] GC(81)     Dead                           Min: 0, Avg:  0.0, Max: 0, Diff: 0, Sum: 0, Workers: 4
[1531.761s][debug][gc,phases      ] GC(81)     Total                          Min: 0, Avg:  0.0, Max: 0, Diff: 0, Sum: 0, Workers: 4
[1531.761s][debug][gc,phases      ] GC(81)   StringTable Weak               Min:  0.0, Avg:  0.1, Max:  0.1, Diff:  0.1, Sum:  0.4, Workers: 4
[1531.761s][debug][gc,phases      ] GC(81)     Dead                           Min: 0, Avg:  0.5, Max: 2, Diff: 2, Sum: 2, Workers: 4
[1531.761s][debug][gc,phases      ] GC(81)     Total                          Min: 0, Avg: 11836.2, Max: 16958, Diff: 16958, Sum: 47345, Workers: 4
[1531.761s][debug][gc,phases      ] GC(81)   ResolvedMethodTable Weak       Min:  0.0, Avg:  0.0, Max:  0.1, Diff:  0.1, Sum:  0.2, Workers: 4
[1531.761s][debug][gc,phases      ] GC(81)     Dead                           Min: 0, Avg:  6.2, Max: 20, Diff: 20, Sum: 25, Workers: 4
[1531.761s][debug][gc,phases      ] GC(81)     Total                          Min: 0, Avg: 4039.0, Max: 5672, Diff: 5672, Sum: 16156, Workers: 4
[1531.761s][debug][gc,phases      ] GC(81)   JNI Weak                       Min:  0.0, Avg:  0.0, Max:  0.0, Diff:  0.0, Sum:  0.0, Workers: 4
[1531.761s][debug][gc,phases      ] GC(81)     Dead                           Min: 0, Avg:  0.0, Max: 0, Diff: 0, Sum: 0, Workers: 4
[1531.761s][debug][gc,phases      ] GC(81)     Total                          Min: 0, Avg: 13.0, Max: 48, Diff: 48, Sum: 52, Workers: 4
[1531.761s][debug][gc,phases      ] GC(81)   StringDedup Table Weak         Min:  0.0, Avg:  0.0, Max:  0.0, Diff:  0.0, Sum:  0.0, Workers: 4
[1531.761s][debug][gc,phases      ] GC(81)     Dead                           Min: 0, Avg:  0.0, Max: 0, Diff: 0, Sum: 0, Workers: 4
[1531.762s][debug][gc,phases      ] GC(81)     Total                          Min: 0, Avg:  0.0, Max: 0, Diff: 0, Sum: 0, Workers: 4
[1531.762s][debug][gc,phases      ] GC(81)   StringDedup Requests0 Weak     Min:  0.0, Avg:  0.0, Max:  0.0, Diff:  0.0, Sum:  0.0, Workers: 4
[1531.762s][debug][gc,phases      ] GC(81)     Dead                           Min: 0, Avg:  0.0, Max: 0, Diff: 0, Sum: 0, Workers: 4
[1531.762s][debug][gc,phases      ] GC(81)     Total                          Min: 0, Avg:  0.0, Max: 0, Diff: 0, Sum: 0, Workers: 4
[1531.762s][debug][gc,phases      ] GC(81)   StringDedup Requests1 Weak     Min:  0.0, Avg:  0.0, Max:  0.0, Diff:  0.0, Sum:  0.0, Workers: 4
[1531.762s][debug][gc,phases      ] GC(81)     Dead                           Min: 0, Avg:  0.0, Max: 0, Diff: 0, Sum: 0, Workers: 4
[1531.762s][debug][gc,phases      ] GC(81)     Total                          Min: 0, Avg:  0.0, Max: 0, Diff: 0, Sum: 0, Workers: 4
[1531.762s][debug][gc,phases      ] GC(81)   Weak JFR Old Object Samples    Min:  0.0, Avg:  0.0, Max:  0.0, Diff:  0.0, Sum:  0.0, Workers: 4
[1531.762s][debug][gc,phases      ] GC(81)     Dead                           Min: 0, Avg:  0.0, Max: 0, Diff: 0, Sum: 0, Workers: 4
[1531.762s][debug][gc,phases      ] GC(81)     Total                          Min: 0, Avg:  0.0, Max: 0, Diff: 0, Sum: 0, Workers: 4
[1531.762s][debug][gc,phases      ] GC(81) Weak Processing 0.408ms
[1531.762s][debug][gc,age         ] GC(81) Desired survivor size 41418752 bytes, new threshold 1 (max threshold 15)
[1531.762s][info ][gc,heap        ] GC(81) PSYoungGen: 2024448K(2054656K)->17712K(2053120K) Eden: 2010624K(2010624K)->0K(2010624K) From: 13824K(44032K)->17712K(42496K)
[1531.762s][info ][gc,heap        ] GC(81) ParOldGen: 564995K(1241600K)->575650K(1241600K)
[1531.762s][info ][gc,metaspace   ] GC(81) Metaspace: 109645K(111040K)->109645K(111040K) NonClass: 93212K(94016K)->93212K(94016K) Class: 16433K(17024K)->16433K(17024K)
[1531.762s][info ][gc             ] GC(81) Pause Young (Allocation Failure) 2528M->579M(3217M) 14.122ms
[1531.762s][info ][gc,cpu         ] GC(81) User=0.06s Sys=0.00s Real=0.01s
[1531.762s][info ][safepoint      ] Safepoint "ParallelGCFailedAllocation", Time since last: 633664143 ns, Reaching safepoint: 84201 ns, Cleanup: 5300 ns, At safepoint: 14211104 ns, Total: 14300605 ns
[1532.762s][info ][safepoint      ] Safepoint "Cleanup", Time since last: 1000088229 ns, Reaching safepoint: 7300 ns, Cleanup: 11000 ns, At safepoint: 3700 ns, Total: 22000 ns
[1534.762s][info ][safepoint      ] Safepoint "Cleanup", Time since last: 2000188558 ns, Reaching safepoint: 6900 ns, Cleanup: 24000 ns, At safepoint: 2900 ns, Total: 33800 ns
[1536.762s][info ][safepoint      ] Safepoint "Cleanup", Time since last: 2000189415 ns, Reaching safepoint: 7700 ns, Cleanup: 11700 ns, At safepoint: 2300 ns, Total: 21700 ns
[1537.762s][info ][safepoint      ] Safepoint "Cleanup", Time since last: 1000122874 ns, Reaching safepoint: 6400 ns, Cleanup: 12300 ns, At safepoint: 2800 ns, Total: 21500 ns
[1538.762s][info ][safepoint      ] Safepoint "Cleanup", Time since last: 1000125244 ns, Reaching safepoint: 7600 ns, Cleanup: 18200 ns, At safepoint: 3300 ns, Total: 29100 ns
[1539.763s][info ][safepoint      ] Safepoint "Cleanup", Time since last: 1000118901 ns, Reaching safepoint: 8000 ns, Cleanup: 11500 ns, At safepoint: 2900 ns, Total: 22400 ns
[1541.763s][info ][safepoint      ] Safepoint "Cleanup", Time since last: 2000191900 ns, Reaching safepoint: 7100 ns, Cleanup: 11200 ns, At safepoint: 3400 ns, Total: 21700 ns
[1542.763s][info ][safepoint      ] Safepoint "Cleanup", Time since last: 1000105600 ns, Reaching safepoint: 9000 ns, Cleanup: 27301 ns, At safepoint: 3100 ns, Total: 39401 ns
[1543.763s][info ][safepoint      ] Safepoint "Cleanup", Time since last: 1000123000 ns, Reaching safepoint: 6700 ns, Cleanup: 12500 ns, At safepoint: 2900 ns, Total: 22100 ns
[1545.763s][info ][safepoint      ] Safepoint "Cleanup", Time since last: 2000183800 ns, Reaching safepoint: 7200 ns, Cleanup: 12900 ns, At safepoint: 2700 ns, Total: 22800 ns
[1546.763s][info ][safepoint      ] Safepoint "Cleanup", Time since last: 1000111899 ns, Reaching safepoint: 7100 ns, Cleanup: 8400 ns, At safepoint: 2300 ns, Total: 17800 ns
[1547.764s][info ][safepoint      ] Safepoint "Cleanup", Time since last: 1000114319 ns, Reaching safepoint: 8500 ns, Cleanup: 12700 ns, At safepoint: 2900 ns, Total: 24100 ns
[1549.764s][info ][safepoint      ] Safepoint "Cleanup", Time since last: 2000199838 ns, Reaching safepoint: 8600 ns, Cleanup: 11900 ns, At safepoint: 3000 ns, Total: 23500 ns
[1551.764s][info ][safepoint      ] Safepoint "Cleanup", Time since last: 2000200838 ns, Reaching safepoint: 34700 ns, Cleanup: 13700 ns, At safepoint: 5700 ns, Total: 54100 ns
[1554.764s][info ][safepoint      ] Safepoint "Cleanup", Time since last: 3000253524 ns, Reaching safepoint: 7100 ns, Cleanup: 17900 ns, At safepoint: 2600 ns, Total: 27600 ns
[1555.765s][info ][safepoint      ] Safepoint "Cleanup", Time since last: 1000108065 ns, Reaching safepoint: 7100 ns, Cleanup: 15401 ns, At safepoint: 3000 ns, Total: 25501 ns
[1556.765s][info ][safepoint      ] Safepoint "Cleanup", Time since last: 1000128965 ns, Reaching safepoint: 7900 ns, Cleanup: 12300 ns, At safepoint: 3100 ns, Total: 23300 ns
[1557.765s][info ][safepoint      ] Safepoint "Cleanup", Time since last: 1000122366 ns, Reaching safepoint: 6900 ns, Cleanup: 11800 ns, At safepoint: 2800 ns, Total: 21500 ns
[1559.765s][info ][safepoint      ] Safepoint "Cleanup", Time since last: 2000193278 ns, Reaching safepoint: 8100 ns, Cleanup: 10900 ns, At safepoint: 2700 ns, Total: 21700 ns
[1561.774s][info ][safepoint      ] Safepoint "Cleanup", Time since last: 2008534989 ns, Reaching safepoint: 7900 ns, Cleanup: 9201 ns, At safepoint: 4000 ns, Total: 21101 ns
[1567.000s][info ][gc,start       ] GC(82) Pause Young (Allocation Failure)
[1567.011s][debug][gc,phases      ] GC(82) Scavenge 10.492ms
[1567.011s][debug][gc,ref         ] GC(82) ReferenceProcessor::execute queues: 1, RefProcThreadModel::Single, marks_oops_alive: false
[1567.011s][debug][gc,ref         ] GC(82) Skipped KeepAliveFinalRefsPhase of Reference Processing: no references
[1567.011s][debug][gc,ref         ] GC(82) ReferenceProcessor::execute queues: 1, RefProcThreadModel::Single, marks_oops_alive: false
[1567.011s][debug][gc,phases      ] GC(82) Reference Processing 0.137ms
[1567.011s][debug][gc,phases      ] GC(82)   VM Weak                        Min:  0.0, Avg:  0.0, Max:  0.0, Diff:  0.0, Sum:  0.0, Workers: 4
[1567.011s][debug][gc,phases      ] GC(82)     Dead                           Min: 0, Avg:  0.0, Max: 0, Diff: 0, Sum: 0, Workers: 4
[1567.011s][debug][gc,phases      ] GC(82)     Total                          Min: 0, Avg: 274.0, Max: 960, Diff: 960, Sum: 1096, Workers: 4
[1567.011s][debug][gc,phases      ] GC(82)   ObjectSynchronizer Weak        Min:  0.0, Avg:  0.0, Max:  0.0, Diff:  0.0, Sum:  0.0, Workers: 4
[1567.011s][debug][gc,phases      ] GC(82)     Dead                           Min: 0, Avg:  0.0, Max: 0, Diff: 0, Sum: 0, Workers: 4
[1567.011s][debug][gc,phases      ] GC(82)     Total                          Min: 0, Avg:  0.8, Max: 3, Diff: 3, Sum: 3, Workers: 4
[1567.011s][debug][gc,phases      ] GC(82)   JVMTI Tag Weak OopStorage      Min:  0.0, Avg:  0.0, Max:  0.0, Diff:  0.0, Sum:  0.0, Workers: 4
[1567.011s][debug][gc,phases      ] GC(82)     Dead                           Min: 0, Avg:  0.0, Max: 0, Diff: 0, Sum: 0, Workers: 4
[1567.011s][debug][gc,phases      ] GC(82)     Total                          Min: 0, Avg:  0.0, Max: 0, Diff: 0, Sum: 0, Workers: 4
[1567.011s][debug][gc,phases      ] GC(82)   StringTable Weak               Min:  0.0, Avg:  0.1, Max:  0.2, Diff:  0.2, Sum:  0.5, Workers: 4
[1567.011s][debug][gc,phases      ] GC(82)     Dead                           Min: 0, Avg:  0.0, Max: 0, Diff: 0, Sum: 0, Workers: 4
[1567.011s][debug][gc,phases      ] GC(82)     Total                          Min: 0, Avg: 11836.2, Max: 18163, Diff: 18163, Sum: 47345, Workers: 4
[1567.011s][debug][gc,phases      ] GC(82)   ResolvedMethodTable Weak       Min:  0.0, Avg:  0.0, Max:  0.1, Diff:  0.1, Sum:  0.2, Workers: 4
[1567.011s][debug][gc,phases      ] GC(82)     Dead                           Min: 0, Avg:  4.0, Max: 16, Diff: 16, Sum: 16, Workers: 4
[1567.011s][debug][gc,phases      ] GC(82)     Total                          Min: 0, Avg: 4039.0, Max: 6788, Diff: 6788, Sum: 16156, Workers: 4
[1567.011s][debug][gc,phases      ] GC(82)   JNI Weak                       Min:  0.0, Avg:  0.0, Max:  0.0, Diff:  0.0, Sum:  0.0, Workers: 4
[1567.011s][debug][gc,phases      ] GC(82)     Dead                           Min: 0, Avg:  0.0, Max: 0, Diff: 0, Sum: 0, Workers: 4
[1567.011s][debug][gc,phases      ] GC(82)     Total                          Min: 0, Avg: 13.0, Max: 48, Diff: 48, Sum: 52, Workers: 4
[1567.011s][debug][gc,phases      ] GC(82)   StringDedup Table Weak         Min:  0.0, Avg:  0.0, Max:  0.0, Diff:  0.0, Sum:  0.0, Workers: 4
[1567.011s][debug][gc,phases      ] GC(82)     Dead                           Min: 0, Avg:  0.0, Max: 0, Diff: 0, Sum: 0, Workers: 4
[1567.011s][debug][gc,phases      ] GC(82)     Total                          Min: 0, Avg:  0.0, Max: 0, Diff: 0, Sum: 0, Workers: 4
[1567.011s][debug][gc,phases      ] GC(82)   StringDedup Requests0 Weak     Min:  0.0, Avg:  0.0, Max:  0.0, Diff:  0.0, Sum:  0.0, Workers: 4
[1567.011s][debug][gc,phases      ] GC(82)     Dead                           Min: 0, Avg:  0.0, Max: 0, Diff: 0, Sum: 0, Workers: 4
[1567.011s][debug][gc,phases      ] GC(82)     Total                          Min: 0, Avg:  0.0, Max: 0, Diff: 0, Sum: 0, Workers: 4
[1567.011s][debug][gc,phases      ] GC(82)   StringDedup Requests1 Weak     Min:  0.0, Avg:  0.0, Max:  0.0, Diff:  0.0, Sum:  0.0, Workers: 4
[1567.011s][debug][gc,phases      ] GC(82)     Dead                           Min: 0, Avg:  0.0, Max: 0, Diff: 0, Sum: 0, Workers: 4
[1567.011s][debug][gc,phases      ] GC(82)     Total                          Min: 0, Avg:  0.0, Max: 0, Diff: 0, Sum: 0, Workers: 4
[1567.011s][debug][gc,phases      ] GC(82)   Weak JFR Old Object Samples    Min:  0.0, Avg:  0.0, Max:  0.0, Diff:  0.0, Sum:  0.0, Workers: 4
[1567.011s][debug][gc,phases      ] GC(82)     Dead                           Min: 0, Avg:  0.0, Max: 0, Diff: 0, Sum: 0, Workers: 4
[1567.011s][debug][gc,phases      ] GC(82)     Total                          Min: 0, Avg:  0.0, Max: 0, Diff: 0, Sum: 0, Workers: 4
[1567.011s][debug][gc,phases      ] GC(82) Weak Processing 0.415ms
[1567.011s][debug][gc,age         ] GC(82) Desired survivor size 41418752 bytes, new threshold 1 (max threshold 15)
[1567.011s][info ][gc,heap        ] GC(82) PSYoungGen: 2028336K(2053120K)->6336K(2056704K) Eden: 2010624K(2010624K)->0K(2016256K) From: 17712K(42496K)->6336K(40448K)
[1567.011s][info ][gc,heap        ] GC(82) ParOldGen: 575650K(1241600K)->591065K(1241600K)
[1567.011s][info ][gc,metaspace   ] GC(82) Metaspace: 109689K(111040K)->109689K(111040K) NonClass: 93256K(94016K)->93256K(94016K) Class: 16433K(17024K)->16433K(17024K)
[1567.012s][info ][gc             ] GC(82) Pause Young (Allocation Failure) 2542M->583M(3221M) 11.192ms
[1567.012s][info ][gc,cpu         ] GC(82) User=0.03s Sys=0.00s Real=0.01s
[1567.012s][info ][safepoint      ] Safepoint "ParallelGCFailedAllocation", Time since last: 5226620823 ns, Reaching safepoint: 80600 ns, Cleanup: 7500 ns, At safepoint: 11287082 ns, Total: 11375182 ns
[1568.012s][info ][safepoint      ] Safepoint "Cleanup", Time since last: 1000088147 ns, Reaching safepoint: 6700 ns, Cleanup: 15600 ns, At safepoint: 2800 ns, Total: 25100 ns
[1569.012s][info ][safepoint      ] Safepoint "Cleanup", Time since last: 1000101332 ns, Reaching safepoint: 7000 ns, Cleanup: 15600 ns, At safepoint: 2800 ns, Total: 25400 ns
[1571.012s][info ][safepoint      ] Safepoint "Cleanup", Time since last: 2000183864 ns, Reaching safepoint: 7900 ns, Cleanup: 17200 ns, At safepoint: 2600 ns, Total: 27700 ns
[1572.012s][info ][safepoint      ] Safepoint "Cleanup", Time since last: 1000116509 ns, Reaching safepoint: 7100 ns, Cleanup: 10000 ns, At safepoint: 2400 ns, Total: 19500 ns
[1573.012s][info ][safepoint      ] Safepoint "Cleanup", Time since last: 1000113609 ns, Reaching safepoint: 5800 ns, Cleanup: 8100 ns, At safepoint: 3100 ns, Total: 17000 ns
[1574.012s][info ][safepoint      ] Safepoint "Cleanup", Time since last: 1000103309 ns, Reaching safepoint: 6400 ns, Cleanup: 13101 ns, At safepoint: 3100 ns, Total: 22601 ns
[1575.013s][info ][safepoint      ] Safepoint "Cleanup", Time since last: 1000105547 ns, Reaching safepoint: 6400 ns, Cleanup: 8900 ns, At safepoint: 2700 ns, Total: 18000 ns
[1577.013s][info ][safepoint      ] Safepoint "Cleanup", Time since last: 2000184951 ns, Reaching safepoint: 7600 ns, Cleanup: 11500 ns, At safepoint: 2900 ns, Total: 22000 ns
[1578.013s][info ][safepoint      ] Safepoint "Cleanup", Time since last: 1000107226 ns, Reaching safepoint: 7600 ns, Cleanup: 27300 ns, At safepoint: 2900 ns, Total: 37800 ns
[1580.013s][info ][safepoint      ] Safepoint "Cleanup", Time since last: 2000190319 ns, Reaching safepoint: 6500 ns, Cleanup: 9200 ns, At safepoint: 2900 ns, Total: 18600 ns
[1581.013s][info ][safepoint      ] Safepoint "Cleanup", Time since last: 1000128629 ns, Reaching safepoint: 7300 ns, Cleanup: 11300 ns, At safepoint: 3800 ns, Total: 22400 ns
[1583.013s][info ][safepoint      ] Safepoint "Cleanup", Time since last: 2000187058 ns, Reaching safepoint: 5800 ns, Cleanup: 11400 ns, At safepoint: 2500 ns, Total: 19700 ns
[1584.014s][info ][safepoint      ] Safepoint "Cleanup", Time since last: 1000114729 ns, Reaching safepoint: 6800 ns, Cleanup: 11300 ns, At safepoint: 3800 ns, Total: 21900 ns
[1585.014s][info ][safepoint      ] Safepoint "Cleanup", Time since last: 1000144530 ns, Reaching safepoint: 6600 ns, Cleanup: 11100 ns, At safepoint: 3000 ns, Total: 20700 ns
[1586.014s][info ][safepoint      ] Safepoint "Cleanup", Time since last: 1000117829 ns, Reaching safepoint: 6700 ns, Cleanup: 11700 ns, At safepoint: 2700 ns, Total: 21100 ns
[1587.014s][info ][safepoint      ] Safepoint "Cleanup", Time since last: 1000204630 ns, Reaching safepoint: 83200 ns, Cleanup: 12400 ns, At safepoint: 13701 ns, Total: 109301 ns
[1588.014s][info ][safepoint      ] Safepoint "Cleanup", Time since last: 1000110430 ns, Reaching safepoint: 6900 ns, Cleanup: 13201 ns, At safepoint: 2700 ns, Total: 22801 ns
[1589.014s][info ][safepoint      ] Safepoint "Cleanup", Time since last: 1000125930 ns, Reaching safepoint: 6600 ns, Cleanup: 11101 ns, At safepoint: 2700 ns, Total: 20401 ns
[1596.015s][info ][safepoint      ] Safepoint "Cleanup", Time since last: 7000527873 ns, Reaching safepoint: 6900 ns, Cleanup: 10800 ns, At safepoint: 3100 ns, Total: 20800 ns
[1598.708s][info ][gc,start       ] GC(83) Pause Young (Allocation Failure)
[1598.716s][debug][gc,phases      ] GC(83) Scavenge 7.968ms
[1598.716s][debug][gc,ref         ] GC(83) ReferenceProcessor::execute queues: 1, RefProcThreadModel::Single, marks_oops_alive: false
[1598.716s][debug][gc,ref         ] GC(83) Skipped KeepAliveFinalRefsPhase of Reference Processing: no references
[1598.716s][debug][gc,ref         ] GC(83) ReferenceProcessor::execute queues: 1, RefProcThreadModel::Single, marks_oops_alive: false
[1598.716s][debug][gc,phases      ] GC(83) Reference Processing 0.122ms
[1598.716s][debug][gc,phases      ] GC(83)   VM Weak                        Min:  0.0, Avg:  0.0, Max:  0.0, Diff:  0.0, Sum:  0.0, Workers: 4
[1598.716s][debug][gc,phases      ] GC(83)     Dead                           Min: 0, Avg:  0.0, Max: 0, Diff: 0, Sum: 0, Workers: 4
[1598.716s][debug][gc,phases      ] GC(83)     Total                          Min: 0, Avg: 274.0, Max: 712, Diff: 712, Sum: 1096, Workers: 4
[1598.716s][debug][gc,phases      ] GC(83)   ObjectSynchronizer Weak        Min:  0.0, Avg:  0.0, Max:  0.0, Diff:  0.0, Sum:  0.0, Workers: 4
[1598.716s][debug][gc,phases      ] GC(83)     Dead                           Min: 0, Avg:  0.0, Max: 0, Diff: 0, Sum: 0, Workers: 4
[1598.716s][debug][gc,phases      ] GC(83)     Total                          Min: 0, Avg:  1.5, Max: 6, Diff: 6, Sum: 6, Workers: 4
[1598.716s][debug][gc,phases      ] GC(83)   JVMTI Tag Weak OopStorage      Min:  0.0, Avg:  0.0, Max:  0.0, Diff:  0.0, Sum:  0.0, Workers: 4
[1598.716s][debug][gc,phases      ] GC(83)     Dead                           Min: 0, Avg:  0.0, Max: 0, Diff: 0, Sum: 0, Workers: 4
[1598.716s][debug][gc,phases      ] GC(83)     Total                          Min: 0, Avg:  0.0, Max: 0, Diff: 0, Sum: 0, Workers: 4
[1598.716s][debug][gc,phases      ] GC(83)   StringTable Weak               Min:  0.0, Avg:  0.1, Max:  0.1, Diff:  0.1, Sum:  0.4, Workers: 4
[1598.716s][debug][gc,phases      ] GC(83)     Dead                           Min: 0, Avg:  0.2, Max: 1, Diff: 1, Sum: 1, Workers: 4
[1598.716s][debug][gc,phases      ] GC(83)     Total                          Min: 0, Avg: 11837.2, Max: 16695, Diff: 16695, Sum: 47349, Workers: 4
[1598.717s][debug][gc,phases      ] GC(83)   ResolvedMethodTable Weak       Min:  0.0, Avg:  0.0, Max:  0.1, Diff:  0.1, Sum:  0.2, Workers: 4
[1598.717s][debug][gc,phases      ] GC(83)     Dead                           Min: 0, Avg:  4.2, Max: 17, Diff: 17, Sum: 17, Workers: 4
[1598.717s][debug][gc,phases      ] GC(83)     Total                          Min: 0, Avg: 4039.5, Max: 5599, Diff: 5599, Sum: 16158, Workers: 4
[1598.717s][debug][gc,phases      ] GC(83)   JNI Weak                       Min:  0.0, Avg:  0.0, Max:  0.0, Diff:  0.0, Sum:  0.0, Workers: 4
[1598.717s][debug][gc,phases      ] GC(83)     Dead                           Min: 0, Avg:  0.0, Max: 0, Diff: 0, Sum: 0, Workers: 4
[1598.717s][debug][gc,phases      ] GC(83)     Total                          Min: 0, Avg: 13.0, Max: 48, Diff: 48, Sum: 52, Workers: 4
[1598.717s][debug][gc,phases      ] GC(83)   StringDedup Table Weak         Min:  0.0, Avg:  0.0, Max:  0.0, Diff:  0.0, Sum:  0.0, Workers: 4
[1598.717s][debug][gc,phases      ] GC(83)     Dead                           Min: 0, Avg:  0.0, Max: 0, Diff: 0, Sum: 0, Workers: 4
[1598.717s][debug][gc,phases      ] GC(83)     Total                          Min: 0, Avg:  0.0, Max: 0, Diff: 0, Sum: 0, Workers: 4
[1598.717s][debug][gc,phases      ] GC(83)   StringDedup Requests0 Weak     Min:  0.0, Avg:  0.0, Max:  0.0, Diff:  0.0, Sum:  0.0, Workers: 4
[1598.717s][debug][gc,phases      ] GC(83)     Dead                           Min: 0, Avg:  0.0, Max: 0, Diff: 0, Sum: 0, Workers: 4
[1598.717s][debug][gc,phases      ] GC(83)     Total                          Min: 0, Avg:  0.0, Max: 0, Diff: 0, Sum: 0, Workers: 4
[1598.717s][debug][gc,phases      ] GC(83)   StringDedup Requests1 Weak     Min:  0.0, Avg:  0.0, Max:  0.0, Diff:  0.0, Sum:  0.0, Workers: 4
[1598.717s][debug][gc,phases      ] GC(83)     Dead                           Min: 0, Avg:  0.0, Max: 0, Diff: 0, Sum: 0, Workers: 4
[1598.717s][debug][gc,phases      ] GC(83)     Total                          Min: 0, Avg:  0.0, Max: 0, Diff: 0, Sum: 0, Workers: 4
[1598.717s][debug][gc,phases      ] GC(83)   Weak JFR Old Object Samples    Min:  0.0, Avg:  0.0, Max:  0.0, Diff:  0.0, Sum:  0.0, Workers: 4
[1598.717s][debug][gc,phases      ] GC(83)     Dead                           Min: 0, Avg:  0.0, Max: 0, Diff: 0, Sum: 0, Workers: 4
[1598.717s][debug][gc,phases      ] GC(83)     Total                          Min: 0, Avg:  0.0, Max: 0, Diff: 0, Sum: 0, Workers: 4
[1598.717s][debug][gc,phases      ] GC(83) Weak Processing 0.432ms
[1598.717s][debug][gc,age         ] GC(83) Desired survivor size 40370176 bytes, new threshold 1 (max threshold 15)
[1598.717s][info ][gc,heap        ] GC(83) PSYoungGen: 2022592K(2056704K)->10602K(2056704K) Eden: 2016256K(2016256K)->0K(2016256K) From: 6336K(40448K)->10602K(40448K)
[1598.717s][info ][gc,heap        ] GC(83) ParOldGen: 591065K(1241600K)->594541K(1241600K)
[1598.717s][info ][gc,metaspace   ] GC(83) Metaspace: 109767K(111168K)->109767K(111168K) NonClass: 93331K(94144K)->93331K(94144K) Class: 16436K(17024K)->16436K(17024K)
[1598.717s][info ][gc             ] GC(83) Pause Young (Allocation Failure) 2552M->590M(3221M) 8.651ms
[1598.717s][info ][gc,cpu         ] GC(83) User=0.03s Sys=0.01s Real=0.01s
[1598.717s][info ][safepoint      ] Safepoint "ParallelGCFailedAllocation", Time since last: 2692902921 ns, Reaching safepoint: 7900 ns, Cleanup: 4400 ns, At safepoint: 8739762 ns, Total: 8752062 ns
[1602.717s][info ][safepoint      ] Safepoint "Cleanup", Time since last: 4000297833 ns, Reaching safepoint: 8100 ns, Cleanup: 11400 ns, At safepoint: 2700 ns, Total: 22200 ns
[1605.717s][info ][safepoint      ] Safepoint "Cleanup", Time since last: 3000235644 ns, Reaching safepoint: 6300 ns, Cleanup: 12600 ns, At safepoint: 2700 ns, Total: 21600 ns
[1609.718s][info ][safepoint      ] Safepoint "Cleanup", Time since last: 4000318093 ns, Reaching safepoint: 7600 ns, Cleanup: 11000 ns, At safepoint: 3100 ns, Total: 21700 ns
[1615.718s][info ][safepoint      ] Safepoint "Cleanup", Time since last: 6000463114 ns, Reaching safepoint: 7000 ns, Cleanup: 14800 ns, At safepoint: 2500 ns, Total: 24300 ns
[1618.718s][info ][safepoint      ] Safepoint "Cleanup", Time since last: 3000254886 ns, Reaching safepoint: 6700 ns, Cleanup: 9700 ns, At safepoint: 3700 ns, Total: 20100 ns
[1619.719s][info ][safepoint      ] Safepoint "Cleanup", Time since last: 1000122195 ns, Reaching safepoint: 6400 ns, Cleanup: 9900 ns, At safepoint: 3000 ns, Total: 19300 ns
[1623.792s][info ][safepoint      ] Safepoint "Cleanup", Time since last: 4073311522 ns, Reaching safepoint: 8600 ns, Cleanup: 13200 ns, At safepoint: 3200 ns, Total: 25000 ns
[1624.792s][info ][safepoint      ] Safepoint "Cleanup", Time since last: 1000134595 ns, Reaching safepoint: 8700 ns, Cleanup: 11300 ns, At safepoint: 3900 ns, Total: 23900 ns
[1626.792s][info ][safepoint      ] Safepoint "Cleanup", Time since last: 2000196095 ns, Reaching safepoint: 7900 ns, Cleanup: 17100 ns, At safepoint: 3100 ns, Total: 28100 ns
[1635.793s][info ][safepoint      ] Safepoint "Cleanup", Time since last: 9000707789 ns, Reaching safepoint: 9800 ns, Cleanup: 30900 ns, At safepoint: 2900 ns, Total: 43600 ns
[1636.793s][info ][safepoint      ] Safepoint "Cleanup", Time since last: 1000120575 ns, Reaching safepoint: 7200 ns, Cleanup: 13700 ns, At safepoint: 3100 ns, Total: 24000 ns
[1637.793s][info ][safepoint      ] Safepoint "Cleanup", Time since last: 1000124974 ns, Reaching safepoint: 9500 ns, Cleanup: 18200 ns, At safepoint: 2800 ns, Total: 30500 ns
[1640.029s][info ][gc,start       ] GC(84) Pause Young (Allocation Failure)
[1640.038s][debug][gc,phases      ] GC(84) Scavenge 8.909ms
[1640.038s][debug][gc,ref         ] GC(84) ReferenceProcessor::execute queues: 1, RefProcThreadModel::Single, marks_oops_alive: false
[1640.038s][debug][gc,ref         ] GC(84) Skipped KeepAliveFinalRefsPhase of Reference Processing: no references
[1640.038s][debug][gc,ref         ] GC(84) ReferenceProcessor::execute queues: 1, RefProcThreadModel::Single, marks_oops_alive: false
[1640.038s][debug][gc,phases      ] GC(84) Reference Processing 0.118ms
[1640.038s][debug][gc,phases      ] GC(84)   VM Weak                        Min:  0.0, Avg:  0.0, Max:  0.0, Diff:  0.0, Sum:  0.0, Workers: 4
[1640.038s][debug][gc,phases      ] GC(84)     Dead                           Min: 0, Avg:  0.0, Max: 0, Diff: 0, Sum: 0, Workers: 4
[1640.038s][debug][gc,phases      ] GC(84)     Total                          Min: 0, Avg: 274.0, Max: 896, Diff: 896, Sum: 1096, Workers: 4
[1640.038s][debug][gc,phases      ] GC(84)   ObjectSynchronizer Weak        Min:  0.0, Avg:  0.0, Max:  0.0, Diff:  0.0, Sum:  0.0, Workers: 4
[1640.038s][debug][gc,phases      ] GC(84)     Dead                           Min: 0, Avg:  0.0, Max: 0, Diff: 0, Sum: 0, Workers: 4
[1640.038s][debug][gc,phases      ] GC(84)     Total                          Min: 0, Avg:  0.8, Max: 3, Diff: 3, Sum: 3, Workers: 4
[1640.038s][debug][gc,phases      ] GC(84)   JVMTI Tag Weak OopStorage      Min:  0.0, Avg:  0.0, Max:  0.0, Diff:  0.0, Sum:  0.0, Workers: 4
[1640.038s][debug][gc,phases      ] GC(84)     Dead                           Min: 0, Avg:  0.0, Max: 0, Diff: 0, Sum: 0, Workers: 4
[1640.038s][debug][gc,phases      ] GC(84)     Total                          Min: 0, Avg:  0.0, Max: 0, Diff: 0, Sum: 0, Workers: 4
[1640.038s][debug][gc,phases      ] GC(84)   StringTable Weak               Min:  0.0, Avg:  0.1, Max:  0.2, Diff:  0.2, Sum:  0.5, Workers: 4
[1640.038s][debug][gc,phases      ] GC(84)     Dead                           Min: 0, Avg:  0.0, Max: 0, Diff: 0, Sum: 0, Workers: 4
[1640.038s][debug][gc,phases      ] GC(84)     Total                          Min: 0, Avg: 11838.0, Max: 16766, Diff: 16766, Sum: 47352, Workers: 4
[1640.038s][debug][gc,phases      ] GC(84)   ResolvedMethodTable Weak       Min:  0.0, Avg:  0.1, Max:  0.1, Diff:  0.1, Sum:  0.2, Workers: 4
[1640.038s][debug][gc,phases      ] GC(84)     Dead                           Min: 0, Avg:  4.5, Max: 18, Diff: 18, Sum: 18, Workers: 4
[1640.038s][debug][gc,phases      ] GC(84)     Total                          Min: 0, Avg: 4040.0, Max: 5474, Diff: 5474, Sum: 16160, Workers: 4
[1640.038s][debug][gc,phases      ] GC(84)   JNI Weak                       Min:  0.0, Avg:  0.0, Max:  0.0, Diff:  0.0, Sum:  0.0, Workers: 4
[1640.038s][debug][gc,phases      ] GC(84)     Dead                           Min: 0, Avg:  0.0, Max: 0, Diff: 0, Sum: 0, Workers: 4
[1640.038s][debug][gc,phases      ] GC(84)     Total                          Min: 0, Avg: 13.0, Max: 48, Diff: 48, Sum: 52, Workers: 4
[1640.038s][debug][gc,phases      ] GC(84)   StringDedup Table Weak         Min:  0.0, Avg:  0.0, Max:  0.0, Diff:  0.0, Sum:  0.0, Workers: 4
[1640.038s][debug][gc,phases      ] GC(84)     Dead                           Min: 0, Avg:  0.0, Max: 0, Diff: 0, Sum: 0, Workers: 4
[1640.038s][debug][gc,phases      ] GC(84)     Total                          Min: 0, Avg:  0.0, Max: 0, Diff: 0, Sum: 0, Workers: 4
[1640.038s][debug][gc,phases      ] GC(84)   StringDedup Requests0 Weak     Min:  0.0, Avg:  0.0, Max:  0.0, Diff:  0.0, Sum:  0.0, Workers: 4
[1640.038s][debug][gc,phases      ] GC(84)     Dead                           Min: 0, Avg:  0.0, Max: 0, Diff: 0, Sum: 0, Workers: 4
[1640.038s][debug][gc,phases      ] GC(84)     Total                          Min: 0, Avg:  0.0, Max: 0, Diff: 0, Sum: 0, Workers: 4
[1640.038s][debug][gc,phases      ] GC(84)   StringDedup Requests1 Weak     Min:  0.0, Avg:  0.0, Max:  0.0, Diff:  0.0, Sum:  0.0, Workers: 4
[1640.038s][debug][gc,phases      ] GC(84)     Dead                           Min: 0, Avg:  0.0, Max: 0, Diff: 0, Sum: 0, Workers: 4
[1640.038s][debug][gc,phases      ] GC(84)     Total                          Min: 0, Avg:  0.0, Max: 0, Diff: 0, Sum: 0, Workers: 4
[1640.038s][debug][gc,phases      ] GC(84)   Weak JFR Old Object Samples    Min:  0.0, Avg:  0.0, Max:  0.0, Diff:  0.0, Sum:  0.0, Workers: 4
[1640.038s][debug][gc,phases      ] GC(84)     Dead                           Min: 0, Avg:  0.0, Max: 0, Diff: 0, Sum: 0, Workers: 4
[1640.038s][debug][gc,phases      ] GC(84)     Total                          Min: 0, Avg:  0.0, Max: 0, Diff: 0, Sum: 0, Workers: 4
[1640.038s][debug][gc,phases      ] GC(84) Weak Processing 0.430ms
[1640.038s][debug][gc,age         ] GC(84) Desired survivor size 39845888 bytes, new threshold 1 (max threshold 15)
[1640.038s][info ][gc,heap        ] GC(84) PSYoungGen: 2026858K(2056704K)->5954K(2058240K) Eden: 2016256K(2016256K)->0K(2018816K) From: 10602K(40448K)->5954K(39424K)
[1640.038s][info ][gc,heap        ] GC(84) ParOldGen: 594541K(1241600K)->602079K(1241600K)
[1640.038s][info ][gc,metaspace   ] GC(84) Metaspace: 109782K(111168K)->109782K(111168K) NonClass: 93345K(94144K)->93345K(94144K) Class: 16437K(17024K)->16437K(17024K)
[1640.038s][info ][gc             ] GC(84) Pause Young (Allocation Failure) 2559M->593M(3222M) 9.588ms
[1640.038s][info ][gc,cpu         ] GC(84) User=0.03s Sys=0.00s Real=0.01s
[1640.038s][info ][safepoint      ] Safepoint "ParallelGCFailedAllocation", Time since last: 2235307064 ns, Reaching safepoint: 6700 ns, Cleanup: 4600 ns, At safepoint: 9664367 ns, Total: 9675667 ns
[1662.040s][info ][safepoint      ] Safepoint "Cleanup", Time since last: 22001552824 ns, Reaching safepoint: 6300 ns, Cleanup: 12400 ns, At safepoint: 2400 ns, Total: 21100 ns
[1670.040s][info ][safepoint      ] Safepoint "Cleanup", Time since last: 8000591685 ns, Reaching safepoint: 6700 ns, Cleanup: 9400 ns, At safepoint: 3000 ns, Total: 19100 ns
[1672.041s][info ][safepoint      ] Safepoint "Cleanup", Time since last: 2000182269 ns, Reaching safepoint: 6700 ns, Cleanup: 10100 ns, At safepoint: 2501 ns, Total: 19301 ns
[1675.041s][info ][safepoint      ] Safepoint "Cleanup", Time since last: 3000253132 ns, Reaching safepoint: 7500 ns, Cleanup: 11400 ns, At safepoint: 2900 ns, Total: 21800 ns
[1679.901s][info ][gc,start       ] GC(85) Pause Young (Allocation Failure)
[1679.909s][debug][gc,phases      ] GC(85) Scavenge 7.923ms
[1679.910s][debug][gc,ref         ] GC(85) ReferenceProcessor::execute queues: 1, RefProcThreadModel::Single, marks_oops_alive: false
[1679.910s][debug][gc,ref         ] GC(85) Skipped KeepAliveFinalRefsPhase of Reference Processing: no references
[1679.910s][debug][gc,ref         ] GC(85) ReferenceProcessor::execute queues: 1, RefProcThreadModel::Single, marks_oops_alive: false
[1679.910s][debug][gc,phases      ] GC(85) Reference Processing 0.129ms
[1679.910s][debug][gc,phases      ] GC(85)   VM Weak                        Min:  0.0, Avg:  0.0, Max:  0.0, Diff:  0.0, Sum:  0.0, Workers: 4
[1679.910s][debug][gc,phases      ] GC(85)     Dead                           Min: 0, Avg:  0.0, Max: 0, Diff: 0, Sum: 0, Workers: 4
[1679.910s][debug][gc,phases      ] GC(85)     Total                          Min: 0, Avg: 274.0, Max: 960, Diff: 960, Sum: 1096, Workers: 4
[1679.910s][debug][gc,phases      ] GC(85)   ObjectSynchronizer Weak        Min:  0.0, Avg:  0.0, Max:  0.0, Diff:  0.0, Sum:  0.0, Workers: 4
[1679.910s][debug][gc,phases      ] GC(85)     Dead                           Min: 0, Avg:  0.0, Max: 0, Diff: 0, Sum: 0, Workers: 4
[1679.910s][debug][gc,phases      ] GC(85)     Total                          Min: 0, Avg:  1.5, Max: 6, Diff: 6, Sum: 6, Workers: 4
[1679.910s][debug][gc,phases      ] GC(85)   JVMTI Tag Weak OopStorage      Min:  0.0, Avg:  0.0, Max:  0.0, Diff:  0.0, Sum:  0.0, Workers: 4
[1679.910s][debug][gc,phases      ] GC(85)     Dead                           Min: 0, Avg:  0.0, Max: 0, Diff: 0, Sum: 0, Workers: 4
[1679.910s][debug][gc,phases      ] GC(85)     Total                          Min: 0, Avg:  0.0, Max: 0, Diff: 0, Sum: 0, Workers: 4
[1679.910s][debug][gc,phases      ] GC(85)   StringTable Weak               Min:  0.0, Avg:  0.1, Max:  0.1, Diff:  0.1, Sum:  0.4, Workers: 4
[1679.910s][debug][gc,phases      ] GC(85)     Dead                           Min: 0, Avg:  0.2, Max: 1, Diff: 1, Sum: 1, Workers: 4
[1679.910s][debug][gc,phases      ] GC(85)     Total                          Min: 0, Avg: 11838.5, Max: 17470, Diff: 17470, Sum: 47354, Workers: 4
[1679.910s][debug][gc,phases      ] GC(85)   ResolvedMethodTable Weak       Min:  0.0, Avg:  0.0, Max:  0.1, Diff:  0.1, Sum:  0.2, Workers: 4
[1679.910s][debug][gc,phases      ] GC(85)     Dead                           Min: 0, Avg:  4.2, Max: 17, Diff: 17, Sum: 17, Workers: 4
[1679.910s][debug][gc,phases      ] GC(85)     Total                          Min: 0, Avg: 4040.5, Max: 5874, Diff: 5874, Sum: 16162, Workers: 4
[1679.910s][debug][gc,phases      ] GC(85)   JNI Weak                       Min:  0.0, Avg:  0.0, Max:  0.0, Diff:  0.0, Sum:  0.0, Workers: 4
[1679.910s][debug][gc,phases      ] GC(85)     Dead                           Min: 0, Avg:  0.0, Max: 0, Diff: 0, Sum: 0, Workers: 4
[1679.910s][debug][gc,phases      ] GC(85)     Total                          Min: 0, Avg: 13.0, Max: 48, Diff: 48, Sum: 52, Workers: 4
[1679.910s][debug][gc,phases      ] GC(85)   StringDedup Table Weak         Min:  0.0, Avg:  0.0, Max:  0.0, Diff:  0.0, Sum:  0.0, Workers: 4
[1679.910s][debug][gc,phases      ] GC(85)     Dead                           Min: 0, Avg:  0.0, Max: 0, Diff: 0, Sum: 0, Workers: 4
[1679.910s][debug][gc,phases      ] GC(85)     Total                          Min: 0, Avg:  0.0, Max: 0, Diff: 0, Sum: 0, Workers: 4
[1679.910s][debug][gc,phases      ] GC(85)   StringDedup Requests0 Weak     Min:  0.0, Avg:  0.0, Max:  0.0, Diff:  0.0, Sum:  0.0, Workers: 4
[1679.910s][debug][gc,phases      ] GC(85)     Dead                           Min: 0, Avg:  0.0, Max: 0, Diff: 0, Sum: 0, Workers: 4
[1679.910s][debug][gc,phases      ] GC(85)     Total                          Min: 0, Avg:  0.0, Max: 0, Diff: 0, Sum: 0, Workers: 4
[1679.910s][debug][gc,phases      ] GC(85)   StringDedup Requests1 Weak     Min:  0.0, Avg:  0.0, Max:  0.0, Diff:  0.0, Sum:  0.0, Workers: 4
[1679.910s][debug][gc,phases      ] GC(85)     Dead                           Min: 0, Avg:  0.0, Max: 0, Diff: 0, Sum: 0, Workers: 4
[1679.910s][debug][gc,phases      ] GC(85)     Total                          Min: 0, Avg:  0.0, Max: 0, Diff: 0, Sum: 0, Workers: 4
[1679.910s][debug][gc,phases      ] GC(85)   Weak JFR Old Object Samples    Min:  0.0, Avg:  0.0, Max:  0.0, Diff:  0.0, Sum:  0.0, Workers: 4
[1679.910s][debug][gc,phases      ] GC(85)     Dead                           Min: 0, Avg:  0.0, Max: 0, Diff: 0, Sum: 0, Workers: 4
[1679.910s][debug][gc,phases      ] GC(85)     Total                          Min: 0, Avg:  0.0, Max: 0, Diff: 0, Sum: 0, Workers: 4
[1679.910s][debug][gc,phases      ] GC(85) Weak Processing 0.442ms
[1679.910s][debug][gc,age         ] GC(85) Desired survivor size 37748736 bytes, new threshold 1 (max threshold 15)
[1679.910s][info ][gc,heap        ] GC(85) PSYoungGen: 2024770K(2058240K)->13394K(2057728K) Eden: 2018816K(2018816K)->0K(2018816K) From: 5954K(39424K)->13394K(38912K)
[1679.910s][info ][gc,heap        ] GC(85) ParOldGen: 602079K(1241600K)->604301K(1241600K)
[1679.910s][info ][gc,metaspace   ] GC(85) Metaspace: 109794K(111168K)->109794K(111168K) NonClass: 93356K(94144K)->93356K(94144K) Class: 16438K(17024K)->16438K(17024K)
[1679.910s][info ][gc             ] GC(85) Pause Young (Allocation Failure) 2565M->603M(3222M) 8.653ms
[1679.910s][info ][gc,cpu         ] GC(85) User=0.03s Sys=0.00s Real=0.01s
[1679.910s][info ][safepoint      ] Safepoint "ParallelGCFailedAllocation", Time since last: 4860471756 ns, Reaching safepoint: 6700 ns, Cleanup: 5100 ns, At safepoint: 8735852 ns, Total: 8747652 ns
[1681.809s][info ][safepoint      ] Safepoint "Cleanup", Time since last: 1899097410 ns, Reaching safepoint: 6700 ns, Cleanup: 10000 ns, At safepoint: 3200 ns, Total: 19900 ns
[1684.810s][info ][safepoint      ] Safepoint "Cleanup", Time since last: 3000253213 ns, Reaching safepoint: 6200 ns, Cleanup: 11200 ns, At safepoint: 2800 ns, Total: 20200 ns
[1687.810s][info ][safepoint      ] Safepoint "Cleanup", Time since last: 3000266342 ns, Reaching safepoint: 6601 ns, Cleanup: 14700 ns, At safepoint: 2800 ns, Total: 24101 ns
[1688.810s][info ][safepoint      ] Safepoint "Cleanup", Time since last: 1000122014 ns, Reaching safepoint: 7000 ns, Cleanup: 21400 ns, At safepoint: 3500 ns, Total: 31900 ns
[1692.810s][info ][safepoint      ] Safepoint "Cleanup", Time since last: 4000332827 ns, Reaching safepoint: 81901 ns, Cleanup: 14800 ns, At safepoint: 7100 ns, Total: 103801 ns
[1695.813s][info ][safepoint      ] Safepoint "Cleanup", Time since last: 3002569790 ns, Reaching safepoint: 86601 ns, Cleanup: 10600 ns, At safepoint: 21200 ns, Total: 118401 ns
[1697.813s][info ][safepoint      ] Safepoint "Cleanup", Time since last: 2000192218 ns, Reaching safepoint: 5901 ns, Cleanup: 12800 ns, At safepoint: 2800 ns, Total: 21501 ns
[1704.032s][info ][gc,start       ] GC(86) Pause Young (Allocation Failure)
[1704.048s][debug][gc,phases      ] GC(86) Scavenge 15.098ms
[1704.048s][debug][gc,ref         ] GC(86) ReferenceProcessor::execute queues: 1, RefProcThreadModel::Single, marks_oops_alive: false
[1704.048s][debug][gc,ref         ] GC(86) Skipped KeepAliveFinalRefsPhase of Reference Processing: no references
[1704.048s][debug][gc,ref         ] GC(86) ReferenceProcessor::execute queues: 1, RefProcThreadModel::Single, marks_oops_alive: false
[1704.048s][debug][gc,phases      ] GC(86) Reference Processing 0.118ms
[1704.048s][debug][gc,phases      ] GC(86)   VM Weak                        Min:  0.0, Avg:  0.0, Max:  0.0, Diff:  0.0, Sum:  0.0, Workers: 4
[1704.048s][debug][gc,phases      ] GC(86)     Dead                           Min: 0, Avg:  0.0, Max: 0, Diff: 0, Sum: 0, Workers: 4
[1704.048s][debug][gc,phases      ] GC(86)     Total                          Min: 136, Avg: 274.0, Max: 576, Diff: 440, Sum: 1096, Workers: 4
[1704.048s][debug][gc,phases      ] GC(86)   ObjectSynchronizer Weak        Min:  0.0, Avg:  0.0, Max:  0.0, Diff:  0.0, Sum:  0.0, Workers: 4
[1704.048s][debug][gc,phases      ] GC(86)     Dead                           Min: 0, Avg:  0.0, Max: 0, Diff: 0, Sum: 0, Workers: 4
[1704.048s][debug][gc,phases      ] GC(86)     Total                          Min: 0, Avg:  1.5, Max: 6, Diff: 6, Sum: 6, Workers: 4
[1704.048s][debug][gc,phases      ] GC(86)   JVMTI Tag Weak OopStorage      Min:  0.0, Avg:  0.0, Max:  0.0, Diff:  0.0, Sum:  0.0, Workers: 4
[1704.048s][debug][gc,phases      ] GC(86)     Dead                           Min: 0, Avg:  0.0, Max: 0, Diff: 0, Sum: 0, Workers: 4
[1704.048s][debug][gc,phases      ] GC(86)     Total                          Min: 0, Avg:  0.0, Max: 0, Diff: 0, Sum: 0, Workers: 4
[1704.048s][debug][gc,phases      ] GC(86)   StringTable Weak               Min:  0.1, Avg:  0.1, Max:  0.1, Diff:  0.0, Sum:  0.4, Workers: 4
[1704.048s][debug][gc,phases      ] GC(86)     Dead                           Min: 0, Avg:  0.0, Max: 0, Diff: 0, Sum: 0, Workers: 4
[1704.048s][debug][gc,phases      ] GC(86)     Total                          Min: 11392, Avg: 11838.8, Max: 12480, Diff: 1088, Sum: 47355, Workers: 4
[1704.048s][debug][gc,phases      ] GC(86)   ResolvedMethodTable Weak       Min:  0.0, Avg:  0.0, Max:  0.0, Diff:  0.0, Sum:  0.2, Workers: 4
[1704.048s][debug][gc,phases      ] GC(86)     Dead                           Min: 0, Avg:  4.0, Max: 16, Diff: 16, Sum: 16, Workers: 4
[1704.048s][debug][gc,phases      ] GC(86)     Total                          Min: 3684, Avg: 4040.5, Max: 4352, Diff: 668, Sum: 16162, Workers: 4
[1704.048s][debug][gc,phases      ] GC(86)   JNI Weak                       Min:  0.0, Avg:  0.0, Max:  0.0, Diff:  0.0, Sum:  0.0, Workers: 4
[1704.048s][debug][gc,phases      ] GC(86)     Dead                           Min: 0, Avg:  0.0, Max: 0, Diff: 0, Sum: 0, Workers: 4
[1704.048s][debug][gc,phases      ] GC(86)     Total                          Min: 0, Avg: 13.0, Max: 48, Diff: 48, Sum: 52, Workers: 4
[1704.048s][debug][gc,phases      ] GC(86)   StringDedup Table Weak         Min:  0.0, Avg:  0.0, Max:  0.0, Diff:  0.0, Sum:  0.0, Workers: 4
[1704.048s][debug][gc,phases      ] GC(86)     Dead                           Min: 0, Avg:  0.0, Max: 0, Diff: 0, Sum: 0, Workers: 4
[1704.048s][debug][gc,phases      ] GC(86)     Total                          Min: 0, Avg:  0.0, Max: 0, Diff: 0, Sum: 0, Workers: 4
[1704.048s][debug][gc,phases      ] GC(86)   StringDedup Requests0 Weak     Min:  0.0, Avg:  0.0, Max:  0.0, Diff:  0.0, Sum:  0.0, Workers: 4
[1704.048s][debug][gc,phases      ] GC(86)     Dead                           Min: 0, Avg:  0.0, Max: 0, Diff: 0, Sum: 0, Workers: 4
[1704.048s][debug][gc,phases      ] GC(86)     Total                          Min: 0, Avg:  0.0, Max: 0, Diff: 0, Sum: 0, Workers: 4
[1704.048s][debug][gc,phases      ] GC(86)   StringDedup Requests1 Weak     Min:  0.0, Avg:  0.0, Max:  0.0, Diff:  0.0, Sum:  0.0, Workers: 4
[1704.048s][debug][gc,phases      ] GC(86)     Dead                           Min: 0, Avg:  0.0, Max: 0, Diff: 0, Sum: 0, Workers: 4
[1704.048s][debug][gc,phases      ] GC(86)     Total                          Min: 0, Avg:  0.0, Max: 0, Diff: 0, Sum: 0, Workers: 4
[1704.048s][debug][gc,phases      ] GC(86)   Weak JFR Old Object Samples    Min:  0.0, Avg:  0.0, Max:  0.0, Diff:  0.0, Sum:  0.0, Workers: 4
[1704.048s][debug][gc,phases      ] GC(86)     Dead                           Min: 0, Avg:  0.0, Max: 0, Diff: 0, Sum: 0, Workers: 4
[1704.048s][debug][gc,phases      ] GC(86)     Total                          Min: 0, Avg:  0.0, Max: 0, Diff: 0, Sum: 0, Workers: 4
[1704.048s][debug][gc,phases      ] GC(86) Weak Processing 0.393ms
[1704.048s][debug][gc,age         ] GC(86) Desired survivor size 37748736 bytes, new threshold 1 (max threshold 15)
[1704.048s][info ][gc,heap        ] GC(86) PSYoungGen: 2032210K(2057728K)->20704K(2060288K) Eden: 2018816K(2018816K)->0K(2023424K) From: 13394K(38912K)->20704K(36864K)
[1704.048s][info ][gc,heap        ] GC(86) ParOldGen: 604301K(1241600K)->614323K(1241600K)
[1704.048s][info ][gc,metaspace   ] GC(86) Metaspace: 109807K(111168K)->109807K(111168K) NonClass: 93369K(94144K)->93369K(94144K) Class: 16438K(17024K)->16438K(17024K)
[1704.048s][info ][gc             ] GC(86) Pause Young (Allocation Failure) 2574M->620M(3224M) 15.759ms
[1704.048s][info ][gc,cpu         ] GC(86) User=0.06s Sys=0.00s Real=0.02s
[1704.049s][info ][safepoint      ] Safepoint "ParallelGCFailedAllocation", Time since last: 6218980081 ns, Reaching safepoint: 87701 ns, Cleanup: 4000 ns, At safepoint: 16427604 ns, Total: 16519305 ns
[1705.049s][info ][safepoint      ] Safepoint "Cleanup", Time since last: 1000100030 ns, Reaching safepoint: 81001 ns, Cleanup: 12500 ns, At safepoint: 8600 ns, Total: 102101 ns
[1707.051s][info ][safepoint      ] Safepoint "Cleanup", Time since last: 2001633509 ns, Reaching safepoint: 89800 ns, Cleanup: 21100 ns, At safepoint: 26500 ns, Total: 137400 ns
[1708.051s][info ][safepoint      ] Safepoint "Cleanup", Time since last: 1000131120 ns, Reaching safepoint: 56000 ns, Cleanup: 11400 ns, At safepoint: 9700 ns, Total: 77100 ns
[1710.053s][info ][safepoint      ] Safepoint "Cleanup", Time since last: 2001005841 ns, Reaching safepoint: 84801 ns, Cleanup: 10900 ns, At safepoint: 918406 ns, Total: 1014107 ns
[1711.053s][info ][safepoint      ] Safepoint "Cleanup", Time since last: 1000138966 ns, Reaching safepoint: 80101 ns, Cleanup: 10600 ns, At safepoint: 6600 ns, Total: 97301 ns
[1713.054s][info ][safepoint      ] Safepoint "Cleanup", Time since last: 2000191732 ns, Reaching safepoint: 86000 ns, Cleanup: 12600 ns, At safepoint: 20101 ns, Total: 118701 ns
[1713.252s][info ][gc,start       ] GC(87) Pause Young (Allocation Failure)
[1713.275s][debug][gc,phases      ] GC(87) Scavenge 22.159ms
[1713.275s][debug][gc,ref         ] GC(87) ReferenceProcessor::execute queues: 1, RefProcThreadModel::Single, marks_oops_alive: false
[1713.275s][debug][gc,ref         ] GC(87) Skipped KeepAliveFinalRefsPhase of Reference Processing: no references
[1713.275s][debug][gc,ref         ] GC(87) ReferenceProcessor::execute queues: 1, RefProcThreadModel::Single, marks_oops_alive: false
[1713.275s][debug][gc,phases      ] GC(87) Reference Processing 0.120ms
[1713.275s][debug][gc,phases      ] GC(87)   VM Weak                        Min:  0.0, Avg:  0.0, Max:  0.0, Diff:  0.0, Sum:  0.0, Workers: 4
[1713.275s][debug][gc,phases      ] GC(87)     Dead                           Min: 0, Avg:  0.0, Max: 0, Diff: 0, Sum: 0, Workers: 4
[1713.275s][debug][gc,phases      ] GC(87)     Total                          Min: 0, Avg: 274.2, Max: 704, Diff: 704, Sum: 1097, Workers: 4
[1713.275s][debug][gc,phases      ] GC(87)   ObjectSynchronizer Weak        Min:  0.0, Avg:  0.0, Max:  0.0, Diff:  0.0, Sum:  0.0, Workers: 4
[1713.275s][debug][gc,phases      ] GC(87)     Dead                           Min: 0, Avg:  0.0, Max: 0, Diff: 0, Sum: 0, Workers: 4
[1713.275s][debug][gc,phases      ] GC(87)     Total                          Min: 0, Avg:  1.5, Max: 6, Diff: 6, Sum: 6, Workers: 4
[1713.275s][debug][gc,phases      ] GC(87)   JVMTI Tag Weak OopStorage      Min:  0.0, Avg:  0.0, Max:  0.0, Diff:  0.0, Sum:  0.0, Workers: 4
[1713.275s][debug][gc,phases      ] GC(87)     Dead                           Min: 0, Avg:  0.0, Max: 0, Diff: 0, Sum: 0, Workers: 4
[1713.275s][debug][gc,phases      ] GC(87)     Total                          Min: 0, Avg:  0.0, Max: 0, Diff: 0, Sum: 0, Workers: 4
[1713.275s][debug][gc,phases      ] GC(87)   StringTable Weak               Min:  0.0, Avg:  0.1, Max:  0.2, Diff:  0.2, Sum:  0.5, Workers: 4
[1713.275s][debug][gc,phases      ] GC(87)     Dead                           Min: 0, Avg:  0.0, Max: 0, Diff: 0, Sum: 0, Workers: 4
[1713.275s][debug][gc,phases      ] GC(87)     Total                          Min: 0, Avg: 11838.8, Max: 17022, Diff: 17022, Sum: 47355, Workers: 4
[1713.275s][debug][gc,phases      ] GC(87)   ResolvedMethodTable Weak       Min:  0.0, Avg:  0.0, Max:  0.1, Diff:  0.1, Sum:  0.2, Workers: 4
[1713.275s][debug][gc,phases      ] GC(87)     Dead                           Min: 0, Avg:  0.0, Max: 0, Diff: 0, Sum: 0, Workers: 4
[1713.275s][debug][gc,phases      ] GC(87)     Total                          Min: 0, Avg: 4040.8, Max: 5745, Diff: 5745, Sum: 16163, Workers: 4
[1713.275s][debug][gc,phases      ] GC(87)   JNI Weak                       Min:  0.0, Avg:  0.0, Max:  0.0, Diff:  0.0, Sum:  0.0, Workers: 4
[1713.275s][debug][gc,phases      ] GC(87)     Dead                           Min: 0, Avg:  0.0, Max: 0, Diff: 0, Sum: 0, Workers: 4
[1713.275s][debug][gc,phases      ] GC(87)     Total                          Min: 0, Avg: 13.0, Max: 48, Diff: 48, Sum: 52, Workers: 4
[1713.275s][debug][gc,phases      ] GC(87)   StringDedup Table Weak         Min:  0.0, Avg:  0.0, Max:  0.0, Diff:  0.0, Sum:  0.0, Workers: 4
[1713.275s][debug][gc,phases      ] GC(87)     Dead                           Min: 0, Avg:  0.0, Max: 0, Diff: 0, Sum: 0, Workers: 4
[1713.275s][debug][gc,phases      ] GC(87)     Total                          Min: 0, Avg:  0.0, Max: 0, Diff: 0, Sum: 0, Workers: 4
[1713.275s][debug][gc,phases      ] GC(87)   StringDedup Requests0 Weak     Min:  0.0, Avg:  0.0, Max:  0.0, Diff:  0.0, Sum:  0.0, Workers: 4
[1713.275s][debug][gc,phases      ] GC(87)     Dead                           Min: 0, Avg:  0.0, Max: 0, Diff: 0, Sum: 0, Workers: 4
[1713.275s][debug][gc,phases      ] GC(87)     Total                          Min: 0, Avg:  0.0, Max: 0, Diff: 0, Sum: 0, Workers: 4
[1713.275s][debug][gc,phases      ] GC(87)   StringDedup Requests1 Weak     Min:  0.0, Avg:  0.0, Max:  0.0, Diff:  0.0, Sum:  0.0, Workers: 4
[1713.275s][debug][gc,phases      ] GC(87)     Dead                           Min: 0, Avg:  0.0, Max: 0, Diff: 0, Sum: 0, Workers: 4
[1713.275s][debug][gc,phases      ] GC(87)     Total                          Min: 0, Avg:  0.0, Max: 0, Diff: 0, Sum: 0, Workers: 4
[1713.275s][debug][gc,phases      ] GC(87)   Weak JFR Old Object Samples    Min:  0.0, Avg:  0.0, Max:  0.0, Diff:  0.0, Sum:  0.0, Workers: 4
[1713.275s][debug][gc,phases      ] GC(87)     Dead                           Min: 0, Avg:  0.0, Max: 0, Diff: 0, Sum: 0, Workers: 4
[1713.275s][debug][gc,phases      ] GC(87)     Total                          Min: 0, Avg:  0.0, Max: 0, Diff: 0, Sum: 0, Workers: 4
[1713.275s][debug][gc,phases      ] GC(87) Weak Processing 0.436ms
[1713.275s][debug][gc,age         ] GC(87) Desired survivor size 42991616 bytes, new threshold 1 (max threshold 15)
[1713.275s][info ][gc,heap        ] GC(87) PSYoungGen: 2044128K(2060288K)->35184K(2058752K) Eden: 2023424K(2023424K)->0K(2023424K) From: 20704K(36864K)->35184K(35328K)
[1713.275s][info ][gc,heap        ] GC(87) ParOldGen: 614323K(1241600K)->631118K(1241600K)
[1713.275s][info ][gc,metaspace   ] GC(87) Metaspace: 109818K(111168K)->109818K(111168K) NonClass: 93379K(94144K)->93379K(94144K) Class: 16438K(17024K)->16438K(17024K)
[1713.275s][info ][gc             ] GC(87) Pause Young (Allocation Failure) 2596M->650M(3223M) 22.869ms
[1713.275s][info ][gc,cpu         ] GC(87) User=0.08s Sys=0.00s Real=0.03s
[1713.275s][info ][safepoint      ] Safepoint "ParallelGCFailedAllocation", Time since last: 198796625 ns, Reaching safepoint: 83701 ns, Cleanup: 5700 ns, At safepoint: 22960241 ns, Total: 23049642 ns
[1715.276s][info ][safepoint      ] Safepoint "Cleanup", Time since last: 2000160063 ns, Reaching safepoint: 8000 ns, Cleanup: 16100 ns, At safepoint: 3500 ns, Total: 27600 ns
[1716.276s][info ][safepoint      ] Safepoint "Cleanup", Time since last: 1000164553 ns, Reaching safepoint: 82801 ns, Cleanup: 8800 ns, At safepoint: 8500 ns, Total: 100101 ns
[1717.276s][info ][safepoint      ] Safepoint "Cleanup", Time since last: 1000123253 ns, Reaching safepoint: 7800 ns, Cleanup: 11300 ns, At safepoint: 2500 ns, Total: 21600 ns
[1719.277s][info ][safepoint      ] Safepoint "Cleanup", Time since last: 2000698309 ns, Reaching safepoint: 82800 ns, Cleanup: 11701 ns, At safepoint: 14400 ns, Total: 108901 ns
[1720.277s][info ][safepoint      ] Safepoint "Cleanup", Time since last: 1000126553 ns, Reaching safepoint: 7300 ns, Cleanup: 23200 ns, At safepoint: 2600 ns, Total: 33100 ns
[1722.277s][info ][safepoint      ] Safepoint "Cleanup", Time since last: 2000193701 ns, Reaching safepoint: 83101 ns, Cleanup: 11400 ns, At safepoint: 9900 ns, Total: 104401 ns
[1723.277s][info ][safepoint      ] Safepoint "Cleanup", Time since last: 1000127427 ns, Reaching safepoint: 8300 ns, Cleanup: 30300 ns, At safepoint: 3400 ns, Total: 42000 ns
[1724.278s][info ][safepoint      ] Safepoint "Cleanup", Time since last: 1000104765 ns, Reaching safepoint: 89101 ns, Cleanup: 16000 ns, At safepoint: 13300 ns, Total: 118401 ns
[1724.399s][info ][gc,start       ] GC(88) Pause Young (Allocation Failure)
[1724.422s][debug][gc,phases      ] GC(88) Scavenge 22.766ms
[1724.422s][debug][gc,ref         ] GC(88) ReferenceProcessor::execute queues: 1, RefProcThreadModel::Single, marks_oops_alive: false
[1724.422s][debug][gc,ref         ] GC(88) Skipped KeepAliveFinalRefsPhase of Reference Processing: no references
[1724.422s][debug][gc,ref         ] GC(88) ReferenceProcessor::execute queues: 1, RefProcThreadModel::Single, marks_oops_alive: false
[1724.422s][debug][gc,phases      ] GC(88) Reference Processing 0.120ms
[1724.422s][debug][gc,phases      ] GC(88)   VM Weak                        Min:  0.0, Avg:  0.0, Max:  0.0, Diff:  0.0, Sum:  0.0, Workers: 4
[1724.422s][debug][gc,phases      ] GC(88)     Dead                           Min: 0, Avg:  0.0, Max: 0, Diff: 0, Sum: 0, Workers: 4
[1724.422s][debug][gc,phases      ] GC(88)     Total                          Min: 0, Avg: 274.2, Max: 576, Diff: 576, Sum: 1097, Workers: 4
[1724.422s][debug][gc,phases      ] GC(88)   ObjectSynchronizer Weak        Min:  0.0, Avg:  0.0, Max:  0.0, Diff:  0.0, Sum:  0.0, Workers: 4
[1724.422s][debug][gc,phases      ] GC(88)     Dead                           Min: 0, Avg:  0.0, Max: 0, Diff: 0, Sum: 0, Workers: 4
[1724.422s][debug][gc,phases      ] GC(88)     Total                          Min: 0, Avg:  1.5, Max: 6, Diff: 6, Sum: 6, Workers: 4
[1724.422s][debug][gc,phases      ] GC(88)   JVMTI Tag Weak OopStorage      Min:  0.0, Avg:  0.0, Max:  0.0, Diff:  0.0, Sum:  0.0, Workers: 4
[1724.422s][debug][gc,phases      ] GC(88)     Dead                           Min: 0, Avg:  0.0, Max: 0, Diff: 0, Sum: 0, Workers: 4
[1724.422s][debug][gc,phases      ] GC(88)     Total                          Min: 0, Avg:  0.0, Max: 0, Diff: 0, Sum: 0, Workers: 4
[1724.422s][debug][gc,phases      ] GC(88)   StringTable Weak               Min:  0.0, Avg:  0.1, Max:  0.1, Diff:  0.1, Sum:  0.4, Workers: 4
[1724.422s][debug][gc,phases      ] GC(88)     Dead                           Min: 0, Avg:  0.0, Max: 0, Diff: 0, Sum: 0, Workers: 4
[1724.422s][debug][gc,phases      ] GC(88)     Total                          Min: 0, Avg: 11839.2, Max: 17407, Diff: 17407, Sum: 47357, Workers: 4
[1724.422s][debug][gc,phases      ] GC(88)   ResolvedMethodTable Weak       Min:  0.0, Avg:  0.0, Max:  0.1, Diff:  0.1, Sum:  0.2, Workers: 4
[1724.422s][debug][gc,phases      ] GC(88)     Dead                           Min: 0, Avg:  0.0, Max: 0, Diff: 0, Sum: 0, Workers: 4
[1724.422s][debug][gc,phases      ] GC(88)     Total                          Min: 0, Avg: 4041.5, Max: 6256, Diff: 6256, Sum: 16166, Workers: 4
[1724.422s][debug][gc,phases      ] GC(88)   JNI Weak                       Min:  0.0, Avg:  0.0, Max:  0.0, Diff:  0.0, Sum:  0.0, Workers: 4
[1724.422s][debug][gc,phases      ] GC(88)     Dead                           Min: 0, Avg:  0.0, Max: 0, Diff: 0, Sum: 0, Workers: 4
[1724.422s][debug][gc,phases      ] GC(88)     Total                          Min: 0, Avg: 13.0, Max: 48, Diff: 48, Sum: 52, Workers: 4
[1724.422s][debug][gc,phases      ] GC(88)   StringDedup Table Weak         Min:  0.0, Avg:  0.0, Max:  0.0, Diff:  0.0, Sum:  0.0, Workers: 4
[1724.422s][debug][gc,phases      ] GC(88)     Dead                           Min: 0, Avg:  0.0, Max: 0, Diff: 0, Sum: 0, Workers: 4
[1724.422s][debug][gc,phases      ] GC(88)     Total                          Min: 0, Avg:  0.0, Max: 0, Diff: 0, Sum: 0, Workers: 4
[1724.422s][debug][gc,phases      ] GC(88)   StringDedup Requests0 Weak     Min:  0.0, Avg:  0.0, Max:  0.0, Diff:  0.0, Sum:  0.0, Workers: 4
[1724.422s][debug][gc,phases      ] GC(88)     Dead                           Min: 0, Avg:  0.0, Max: 0, Diff: 0, Sum: 0, Workers: 4
[1724.422s][debug][gc,phases      ] GC(88)     Total                          Min: 0, Avg:  0.0, Max: 0, Diff: 0, Sum: 0, Workers: 4
[1724.422s][debug][gc,phases      ] GC(88)   StringDedup Requests1 Weak     Min:  0.0, Avg:  0.0, Max:  0.0, Diff:  0.0, Sum:  0.0, Workers: 4
[1724.422s][debug][gc,phases      ] GC(88)     Dead                           Min: 0, Avg:  0.0, Max: 0, Diff: 0, Sum: 0, Workers: 4
[1724.422s][debug][gc,phases      ] GC(88)     Total                          Min: 0, Avg:  0.0, Max: 0, Diff: 0, Sum: 0, Workers: 4
[1724.422s][debug][gc,phases      ] GC(88)   Weak JFR Old Object Samples    Min:  0.0, Avg:  0.0, Max:  0.0, Diff:  0.0, Sum:  0.0, Workers: 4
[1724.422s][debug][gc,phases      ] GC(88)     Dead                           Min: 0, Avg:  0.0, Max: 0, Diff: 0, Sum: 0, Workers: 4
[1724.422s][debug][gc,phases      ] GC(88)     Total                          Min: 0, Avg:  0.0, Max: 0, Diff: 0, Sum: 0, Workers: 4
[1724.422s][debug][gc,phases      ] GC(88) Weak Processing 0.428ms
[1724.422s][debug][gc,age         ] GC(88) Desired survivor size 44564480 bytes, new threshold 1 (max threshold 15)
[1724.422s][info ][gc,heap        ] GC(88) PSYoungGen: 2058608K(2058752K)->29472K(2048512K) Eden: 2023424K(2023424K)->0K(2010112K) From: 35184K(35328K)->29472K(38400K)
[1724.422s][info ][gc,heap        ] GC(88) ParOldGen: 631118K(1241600K)->661358K(1241600K)
[1724.422s][info ][gc,metaspace   ] GC(88) Metaspace: 109823K(111168K)->109823K(111168K) NonClass: 93384K(94144K)->93384K(94144K) Class: 16439K(17024K)->16439K(17024K)
[1724.422s][info ][gc             ] GC(88) Pause Young (Allocation Failure) 2626M->674M(3213M) 23.467ms
[1724.422s][info ][gc,cpu         ] GC(88) User=0.08s Sys=0.00s Real=0.02s
[1724.422s][info ][safepoint      ] Safepoint "ParallelGCFailedAllocation", Time since last: 120938097 ns, Reaching safepoint: 86101 ns, Cleanup: 9200 ns, At safepoint: 23741837 ns, Total: 23837138 ns
[1729.423s][info ][safepoint      ] Safepoint "Cleanup", Time since last: 5000377825 ns, Reaching safepoint: 7000 ns, Cleanup: 12300 ns, At safepoint: 2700 ns, Total: 22000 ns
[1730.423s][info ][safepoint      ] Safepoint "Cleanup", Time since last: 1000109266 ns, Reaching safepoint: 6100 ns, Cleanup: 25100 ns, At safepoint: 3000 ns, Total: 34200 ns
[1731.424s][info ][safepoint      ] Safepoint "Cleanup", Time since last: 1001251387 ns, Reaching safepoint: 83900 ns, Cleanup: 16500 ns, At safepoint: 13700 ns, Total: 114100 ns
[1732.425s][info ][safepoint      ] Safepoint "Cleanup", Time since last: 1000141857 ns, Reaching safepoint: 80501 ns, Cleanup: 10000 ns, At safepoint: 6300 ns, Total: 96801 ns
[1733.425s][info ][safepoint      ] Safepoint "Cleanup", Time since last: 1000108957 ns, Reaching safepoint: 8000 ns, Cleanup: 12500 ns, At safepoint: 2700 ns, Total: 23200 ns
[1735.250s][info ][gc,start       ] GC(89) Pause Young (Allocation Failure)
[1735.271s][debug][gc,phases      ] GC(89) Scavenge 21.765ms
[1735.272s][debug][gc,ref         ] GC(89) ReferenceProcessor::execute queues: 1, RefProcThreadModel::Single, marks_oops_alive: false
[1735.272s][debug][gc,ref         ] GC(89) Skipped KeepAliveFinalRefsPhase of Reference Processing: no references
[1735.272s][debug][gc,ref         ] GC(89) ReferenceProcessor::execute queues: 1, RefProcThreadModel::Single, marks_oops_alive: false
[1735.272s][debug][gc,phases      ] GC(89) Reference Processing 0.131ms
[1735.272s][debug][gc,phases      ] GC(89)   VM Weak                        Min:  0.0, Avg:  0.0, Max:  0.0, Diff:  0.0, Sum:  0.0, Workers: 4
[1735.272s][debug][gc,phases      ] GC(89)     Dead                           Min: 0, Avg:  0.0, Max: 0, Diff: 0, Sum: 0, Workers: 4
[1735.272s][debug][gc,phases      ] GC(89)     Total                          Min: 0, Avg: 274.2, Max: 704, Diff: 704, Sum: 1097, Workers: 4
[1735.272s][debug][gc,phases      ] GC(89)   ObjectSynchronizer Weak        Min:  0.0, Avg:  0.0, Max:  0.0, Diff:  0.0, Sum:  0.0, Workers: 4
[1735.272s][debug][gc,phases      ] GC(89)     Dead                           Min: 0, Avg:  0.0, Max: 0, Diff: 0, Sum: 0, Workers: 4
[1735.272s][debug][gc,phases      ] GC(89)     Total                          Min: 0, Avg:  1.5, Max: 6, Diff: 6, Sum: 6, Workers: 4
[1735.272s][debug][gc,phases      ] GC(89)   JVMTI Tag Weak OopStorage      Min:  0.0, Avg:  0.0, Max:  0.0, Diff:  0.0, Sum:  0.0, Workers: 4
[1735.272s][debug][gc,phases      ] GC(89)     Dead                           Min: 0, Avg:  0.0, Max: 0, Diff: 0, Sum: 0, Workers: 4
[1735.272s][debug][gc,phases      ] GC(89)     Total                          Min: 0, Avg:  0.0, Max: 0, Diff: 0, Sum: 0, Workers: 4
[1735.272s][debug][gc,phases      ] GC(89)   StringTable Weak               Min:  0.0, Avg:  0.1, Max:  0.2, Diff:  0.2, Sum:  0.5, Workers: 4
[1735.272s][debug][gc,phases      ] GC(89)     Dead                           Min: 0, Avg:  0.0, Max: 0, Diff: 0, Sum: 0, Workers: 4
[1735.272s][debug][gc,phases      ] GC(89)     Total                          Min: 0, Avg: 11840.0, Max: 18048, Diff: 18048, Sum: 47360, Workers: 4
[1735.272s][debug][gc,phases      ] GC(89)   ResolvedMethodTable Weak       Min:  0.0, Avg:  0.0, Max:  0.1, Diff:  0.1, Sum:  0.2, Workers: 4
[1735.272s][debug][gc,phases      ] GC(89)     Dead                           Min: 0, Avg:  4.8, Max: 19, Diff: 19, Sum: 19, Workers: 4
[1735.272s][debug][gc,phases      ] GC(89)     Total                          Min: 0, Avg: 4042.8, Max: 6333, Diff: 6333, Sum: 16171, Workers: 4
[1735.272s][debug][gc,phases      ] GC(89)   JNI Weak                       Min:  0.0, Avg:  0.0, Max:  0.0, Diff:  0.0, Sum:  0.0, Workers: 4
[1735.272s][debug][gc,phases      ] GC(89)     Dead                           Min: 0, Avg:  0.0, Max: 0, Diff: 0, Sum: 0, Workers: 4
[1735.272s][debug][gc,phases      ] GC(89)     Total                          Min: 0, Avg: 13.0, Max: 48, Diff: 48, Sum: 52, Workers: 4
[1735.272s][debug][gc,phases      ] GC(89)   StringDedup Table Weak         Min:  0.0, Avg:  0.0, Max:  0.0, Diff:  0.0, Sum:  0.0, Workers: 4
[1735.272s][debug][gc,phases      ] GC(89)     Dead                           Min: 0, Avg:  0.0, Max: 0, Diff: 0, Sum: 0, Workers: 4
[1735.272s][debug][gc,phases      ] GC(89)     Total                          Min: 0, Avg:  0.0, Max: 0, Diff: 0, Sum: 0, Workers: 4
[1735.272s][debug][gc,phases      ] GC(89)   StringDedup Requests0 Weak     Min:  0.0, Avg:  0.0, Max:  0.0, Diff:  0.0, Sum:  0.0, Workers: 4
[1735.272s][debug][gc,phases      ] GC(89)     Dead                           Min: 0, Avg:  0.0, Max: 0, Diff: 0, Sum: 0, Workers: 4
[1735.272s][debug][gc,phases      ] GC(89)     Total                          Min: 0, Avg:  0.0, Max: 0, Diff: 0, Sum: 0, Workers: 4
[1735.272s][debug][gc,phases      ] GC(89)   StringDedup Requests1 Weak     Min:  0.0, Avg:  0.0, Max:  0.0, Diff:  0.0, Sum:  0.0, Workers: 4
[1735.272s][debug][gc,phases      ] GC(89)     Dead                           Min: 0, Avg:  0.0, Max: 0, Diff: 0, Sum: 0, Workers: 4
[1735.272s][debug][gc,phases      ] GC(89)     Total                          Min: 0, Avg:  0.0, Max: 0, Diff: 0, Sum: 0, Workers: 4
[1735.272s][debug][gc,phases      ] GC(89)   Weak JFR Old Object Samples    Min:  0.0, Avg:  0.0, Max:  0.0, Diff:  0.0, Sum:  0.0, Workers: 4
[1735.272s][debug][gc,phases      ] GC(89)     Dead                           Min: 0, Avg:  0.0, Max: 0, Diff: 0, Sum: 0, Workers: 4
[1735.272s][debug][gc,phases      ] GC(89)     Total                          Min: 0, Avg:  0.0, Max: 0, Diff: 0, Sum: 0, Workers: 4
[1735.272s][debug][gc,phases      ] GC(89) Weak Processing 0.484ms
[1735.272s][debug][gc,age         ] GC(89) Desired survivor size 46137344 bytes, new threshold 1 (max threshold 15)
[1735.272s][info ][gc,heap        ] GC(89) PSYoungGen: 2039584K(2048512K)->28752K(2039296K) Eden: 2010112K(2010112K)->0K(2010112K) From: 29472K(38400K)->28752K(29184K)
[1735.272s][info ][gc,heap        ] GC(89) ParOldGen: 661358K(1241600K)->686717K(1241600K)
[1735.272s][info ][gc,metaspace   ] GC(89) Metaspace: 109833K(111168K)->109833K(111168K) NonClass: 93392K(94144K)->93392K(94144K) Class: 16441K(17024K)->16441K(17024K)
[1735.272s][info ][gc             ] GC(89) Pause Young (Allocation Failure) 2637M->698M(3204M) 22.548ms
[1735.272s][info ][gc,cpu         ] GC(89) User=0.08s Sys=0.00s Real=0.02s
[1735.272s][info ][safepoint      ] Safepoint "ParallelGCFailedAllocation", Time since last: 1824718184 ns, Reaching safepoint: 84301 ns, Cleanup: 14000 ns, At safepoint: 22644730 ns, Total: 22743031 ns
[1736.272s][info ][safepoint      ] Safepoint "Cleanup", Time since last: 1000088743 ns, Reaching safepoint: 7600 ns, Cleanup: 12700 ns, At safepoint: 21500 ns, Total: 41800 ns
[1737.273s][info ][safepoint      ] Safepoint "Cleanup", Time since last: 1000102843 ns, Reaching safepoint: 82501 ns, Cleanup: 7400 ns, At safepoint: 12100 ns, Total: 102001 ns
[1738.273s][info ][safepoint      ] Safepoint "Cleanup", Time since last: 1000097243 ns, Reaching safepoint: 6400 ns, Cleanup: 16700 ns, At safepoint: 2600 ns, Total: 25700 ns
[1740.273s][info ][safepoint      ] Safepoint "Cleanup", Time since last: 2000181036 ns, Reaching safepoint: 6100 ns, Cleanup: 34200 ns, At safepoint: 2600 ns, Total: 42900 ns
[1741.851s][info ][safepoint      ] Safepoint "Cleanup", Time since last: 1578463118 ns, Reaching safepoint: 6700 ns, Cleanup: 26100 ns, At safepoint: 2900 ns, Total: 35700 ns
[1742.852s][info ][safepoint      ] Safepoint "Cleanup", Time since last: 1000121514 ns, Reaching safepoint: 9500 ns, Cleanup: 12400 ns, At safepoint: 2900 ns, Total: 24800 ns
[1743.852s][info ][safepoint      ] Safepoint "Cleanup", Time since last: 1000113914 ns, Reaching safepoint: 85800 ns, Cleanup: 10300 ns, At safepoint: 12400 ns, Total: 108500 ns
[1744.623s][info ][safepoint      ] Safepoint "ParallelGCFailedAllocation", Time since last: 771478108 ns, Reaching safepoint: 88000 ns, Cleanup: 53601 ns, At safepoint: 23400 ns, Total: 165001 ns
[1744.624s][info ][gc,start       ] GC(90) Pause Young (Allocation Failure)
[1744.656s][debug][gc,phases      ] GC(90) Scavenge 32.156ms
[1744.656s][debug][gc,ref         ] GC(90) ReferenceProcessor::execute queues: 1, RefProcThreadModel::Single, marks_oops_alive: false
[1744.656s][debug][gc,ref         ] GC(90) Skipped KeepAliveFinalRefsPhase of Reference Processing: no references
[1744.656s][debug][gc,ref         ] GC(90) ReferenceProcessor::execute queues: 1, RefProcThreadModel::Single, marks_oops_alive: false
[1744.656s][debug][gc,phases      ] GC(90) Reference Processing 0.141ms
[1744.656s][debug][gc,phases      ] GC(90)   VM Weak                        Min:  0.0, Avg:  0.0, Max:  0.0, Diff:  0.0, Sum:  0.0, Workers: 4
[1744.656s][debug][gc,phases      ] GC(90)     Dead                           Min: 0, Avg:  0.0, Max: 0, Diff: 0, Sum: 0, Workers: 4
[1744.656s][debug][gc,phases      ] GC(90)     Total                          Min: 0, Avg: 274.2, Max: 1024, Diff: 1024, Sum: 1097, Workers: 4
[1744.656s][debug][gc,phases      ] GC(90)   ObjectSynchronizer Weak        Min:  0.0, Avg:  0.0, Max:  0.0, Diff:  0.0, Sum:  0.0, Workers: 4
[1744.656s][debug][gc,phases      ] GC(90)     Dead                           Min: 0, Avg:  0.0, Max: 0, Diff: 0, Sum: 0, Workers: 4
[1744.656s][debug][gc,phases      ] GC(90)     Total                          Min: 0, Avg:  1.0, Max: 4, Diff: 4, Sum: 4, Workers: 4
[1744.656s][debug][gc,phases      ] GC(90)   JVMTI Tag Weak OopStorage      Min:  0.0, Avg:  0.0, Max:  0.0, Diff:  0.0, Sum:  0.0, Workers: 4
[1744.656s][debug][gc,phases      ] GC(90)     Dead                           Min: 0, Avg:  0.0, Max: 0, Diff: 0, Sum: 0, Workers: 4
[1744.656s][debug][gc,phases      ] GC(90)     Total                          Min: 0, Avg:  0.0, Max: 0, Diff: 0, Sum: 0, Workers: 4
[1744.656s][debug][gc,phases      ] GC(90)   StringTable Weak               Min:  0.0, Avg:  0.1, Max:  0.2, Diff:  0.2, Sum:  0.5, Workers: 4
[1744.656s][debug][gc,phases      ] GC(90)     Dead                           Min: 0, Avg:  0.8, Max: 3, Diff: 3, Sum: 3, Workers: 4
[1744.656s][debug][gc,phases      ] GC(90)     Total                          Min: 0, Avg: 11853.8, Max: 16312, Diff: 16312, Sum: 47415, Workers: 4
[1744.656s][debug][gc,phases      ] GC(90)   ResolvedMethodTable Weak       Min:  0.0, Avg:  0.0, Max:  0.1, Diff:  0.1, Sum:  0.2, Workers: 4
[1744.656s][debug][gc,phases      ] GC(90)     Dead                           Min: 0, Avg:  8.0, Max: 24, Diff: 24, Sum: 32, Workers: 4
[1744.656s][debug][gc,phases      ] GC(90)     Total                          Min: 0, Avg: 4054.8, Max: 5937, Diff: 5937, Sum: 16219, Workers: 4
[1744.656s][debug][gc,phases      ] GC(90)   JNI Weak                       Min:  0.0, Avg:  0.0, Max:  0.0, Diff:  0.0, Sum:  0.0, Workers: 4
[1744.656s][debug][gc,phases      ] GC(90)     Dead                           Min: 0, Avg:  0.0, Max: 0, Diff: 0, Sum: 0, Workers: 4
[1744.656s][debug][gc,phases      ] GC(90)     Total                          Min: 0, Avg: 13.0, Max: 48, Diff: 48, Sum: 52, Workers: 4
[1744.656s][debug][gc,phases      ] GC(90)   StringDedup Table Weak         Min:  0.0, Avg:  0.0, Max:  0.0, Diff:  0.0, Sum:  0.0, Workers: 4
[1744.656s][debug][gc,phases      ] GC(90)     Dead                           Min: 0, Avg:  0.0, Max: 0, Diff: 0, Sum: 0, Workers: 4
[1744.657s][debug][gc,phases      ] GC(90)     Total                          Min: 0, Avg:  0.0, Max: 0, Diff: 0, Sum: 0, Workers: 4
[1744.657s][debug][gc,phases      ] GC(90)   StringDedup Requests0 Weak     Min:  0.0, Avg:  0.0, Max:  0.0, Diff:  0.0, Sum:  0.0, Workers: 4
[1744.657s][debug][gc,phases      ] GC(90)     Dead                           Min: 0, Avg:  0.0, Max: 0, Diff: 0, Sum: 0, Workers: 4
[1744.657s][debug][gc,phases      ] GC(90)     Total                          Min: 0, Avg:  0.0, Max: 0, Diff: 0, Sum: 0, Workers: 4
[1744.657s][debug][gc,phases      ] GC(90)   StringDedup Requests1 Weak     Min:  0.0, Avg:  0.0, Max:  0.0, Diff:  0.0, Sum:  0.0, Workers: 4
[1744.657s][debug][gc,phases      ] GC(90)     Dead                           Min: 0, Avg:  0.0, Max: 0, Diff: 0, Sum: 0, Workers: 4
[1744.657s][debug][gc,phases      ] GC(90)     Total                          Min: 0, Avg:  0.0, Max: 0, Diff: 0, Sum: 0, Workers: 4
[1744.657s][debug][gc,phases      ] GC(90)   Weak JFR Old Object Samples    Min:  0.0, Avg:  0.0, Max:  0.0, Diff:  0.0, Sum:  0.0, Workers: 4
[1744.657s][debug][gc,phases      ] GC(90)     Dead                           Min: 0, Avg:  0.0, Max: 0, Diff: 0, Sum: 0, Workers: 4
[1744.657s][debug][gc,phases      ] GC(90)     Total                          Min: 0, Avg:  0.0, Max: 0, Diff: 0, Sum: 0, Workers: 4
[1744.657s][debug][gc,phases      ] GC(90) Weak Processing 0.439ms
[1744.657s][debug][gc,age         ] GC(90) Desired survivor size 51380224 bytes, new threshold 1 (max threshold 15)
[1744.657s][info ][gc,heap        ] GC(90) PSYoungGen: 2038864K(2039296K)->41633K(2041856K) Eden: 2010112K(2010112K)->0K(1996800K) From: 28752K(29184K)->41633K(45056K)
[1744.657s][info ][gc,heap        ] GC(90) ParOldGen: 687518K(1241600K)->713485K(1241600K)
[1744.657s][info ][gc,metaspace   ] GC(90) Metaspace: 109965K(111360K)->109965K(111360K) NonClass: 93508K(94272K)->93508K(94272K) Class: 16457K(17088K)->16457K(17088K)
[1744.657s][info ][gc             ] GC(90) Pause Young (Allocation Failure) 2662M->737M(3206M) 32.887ms
[1744.657s][info ][gc,cpu         ] GC(90) User=0.11s Sys=0.00s Real=0.04s
[1744.657s][info ][safepoint      ] Safepoint "ParallelGCFailedAllocation", Time since last: 242101 ns, Reaching safepoint: 74001 ns, Cleanup: 1700 ns, At safepoint: 32975288 ns, Total: 33050989 ns
[1745.657s][info ][safepoint      ] Safepoint "Cleanup", Time since last: 1000092514 ns, Reaching safepoint: 82200 ns, Cleanup: 16900 ns, At safepoint: 8600 ns, Total: 107700 ns
[1746.657s][info ][safepoint      ] Safepoint "Cleanup", Time since last: 1000125319 ns, Reaching safepoint: 84601 ns, Cleanup: 18100 ns, At safepoint: 7000 ns, Total: 109701 ns
[1747.657s][info ][safepoint      ] Safepoint "Cleanup", Time since last: 1000113861 ns, Reaching safepoint: 80900 ns, Cleanup: 24600 ns, At safepoint: 7100 ns, Total: 112600 ns
[1748.658s][info ][safepoint      ] Safepoint "Cleanup", Time since last: 1000111261 ns, Reaching safepoint: 83001 ns, Cleanup: 33800 ns, At safepoint: 10000 ns, Total: 126801 ns
[1749.658s][info ][safepoint      ] Safepoint "Cleanup", Time since last: 1000144961 ns, Reaching safepoint: 8800 ns, Cleanup: 15600 ns, At safepoint: 15200 ns, Total: 39600 ns
[1750.658s][info ][safepoint      ] Safepoint "Cleanup", Time since last: 1000116561 ns, Reaching safepoint: 7800 ns, Cleanup: 8500 ns, At safepoint: 3200 ns, Total: 19500 ns
[1751.658s][info ][safepoint      ] Safepoint "Cleanup", Time since last: 1000130562 ns, Reaching safepoint: 9900 ns, Cleanup: 22300 ns, At safepoint: 3000 ns, Total: 35200 ns
[1752.663s][info ][safepoint      ] Safepoint "Cleanup", Time since last: 1001804170 ns, Reaching safepoint: 92801 ns, Cleanup: 26900 ns, At safepoint: 2993917 ns, Total: 3113618 ns
[1752.788s][info ][gc,start       ] GC(91) Pause Young (Allocation Failure)
[1752.819s][debug][gc,phases      ] GC(91) Scavenge 31.369ms
[1752.820s][debug][gc,ref         ] GC(91) ReferenceProcessor::execute queues: 1, RefProcThreadModel::Single, marks_oops_alive: false
[1752.820s][debug][gc,ref         ] GC(91) Skipped KeepAliveFinalRefsPhase of Reference Processing: no references
[1752.820s][debug][gc,ref         ] GC(91) ReferenceProcessor::execute queues: 1, RefProcThreadModel::Single, marks_oops_alive: false
[1752.820s][debug][gc,phases      ] GC(91) Reference Processing 0.134ms
[1752.820s][debug][gc,phases      ] GC(91)   VM Weak                        Min:  0.0, Avg:  0.0, Max:  0.0, Diff:  0.0, Sum:  0.0, Workers: 4
[1752.820s][debug][gc,phases      ] GC(91)     Dead                           Min: 0, Avg:  0.0, Max: 0, Diff: 0, Sum: 0, Workers: 4
[1752.820s][debug][gc,phases      ] GC(91)     Total                          Min: 0, Avg: 274.2, Max: 512, Diff: 512, Sum: 1097, Workers: 4
[1752.820s][debug][gc,phases      ] GC(91)   ObjectSynchronizer Weak        Min:  0.0, Avg:  0.0, Max:  0.0, Diff:  0.0, Sum:  0.0, Workers: 4
[1752.820s][debug][gc,phases      ] GC(91)     Dead                           Min: 0, Avg:  0.0, Max: 0, Diff: 0, Sum: 0, Workers: 4
[1752.820s][debug][gc,phases      ] GC(91)     Total                          Min: 0, Avg:  1.2, Max: 5, Diff: 5, Sum: 5, Workers: 4
[1752.820s][debug][gc,phases      ] GC(91)   JVMTI Tag Weak OopStorage      Min:  0.0, Avg:  0.0, Max:  0.0, Diff:  0.0, Sum:  0.0, Workers: 4
[1752.820s][debug][gc,phases      ] GC(91)     Dead                           Min: 0, Avg:  0.0, Max: 0, Diff: 0, Sum: 0, Workers: 4
[1752.820s][debug][gc,phases      ] GC(91)     Total                          Min: 0, Avg:  0.0, Max: 0, Diff: 0, Sum: 0, Workers: 4
[1752.820s][debug][gc,phases      ] GC(91)   StringTable Weak               Min:  0.1, Avg:  0.1, Max:  0.1, Diff:  0.0, Sum:  0.5, Workers: 4
[1752.820s][debug][gc,phases      ] GC(91)     Dead                           Min: 0, Avg:  0.2, Max: 1, Diff: 1, Sum: 1, Workers: 4
[1752.820s][debug][gc,phases      ] GC(91)     Total                          Min: 10880, Avg: 11855.8, Max: 13568, Diff: 2688, Sum: 47423, Workers: 4
[1752.820s][debug][gc,phases      ] GC(91)   ResolvedMethodTable Weak       Min:  0.0, Avg:  0.0, Max:  0.0, Diff:  0.0, Sum:  0.2, Workers: 4
[1752.820s][debug][gc,phases      ] GC(91)     Dead                           Min: 0, Avg:  1.2, Max: 3, Diff: 3, Sum: 5, Workers: 4
[1752.820s][debug][gc,phases      ] GC(91)     Total                          Min: 3728, Avg: 4056.8, Max: 4440, Diff: 712, Sum: 16227, Workers: 4
[1752.820s][debug][gc,phases      ] GC(91)   JNI Weak                       Min:  0.0, Avg:  0.0, Max:  0.0, Diff:  0.0, Sum:  0.0, Workers: 4
[1752.820s][debug][gc,phases      ] GC(91)     Dead                           Min: 0, Avg:  0.0, Max: 0, Diff: 0, Sum: 0, Workers: 4
[1752.820s][debug][gc,phases      ] GC(91)     Total                          Min: 0, Avg: 13.0, Max: 48, Diff: 48, Sum: 52, Workers: 4
[1752.820s][debug][gc,phases      ] GC(91)   StringDedup Table Weak         Min:  0.0, Avg:  0.0, Max:  0.0, Diff:  0.0, Sum:  0.0, Workers: 4
[1752.820s][debug][gc,phases      ] GC(91)     Dead                           Min: 0, Avg:  0.0, Max: 0, Diff: 0, Sum: 0, Workers: 4
[1752.820s][debug][gc,phases      ] GC(91)     Total                          Min: 0, Avg:  0.0, Max: 0, Diff: 0, Sum: 0, Workers: 4
[1752.820s][debug][gc,phases      ] GC(91)   StringDedup Requests0 Weak     Min:  0.0, Avg:  0.0, Max:  0.0, Diff:  0.0, Sum:  0.0, Workers: 4
[1752.820s][debug][gc,phases      ] GC(91)     Dead                           Min: 0, Avg:  0.0, Max: 0, Diff: 0, Sum: 0, Workers: 4
[1752.820s][debug][gc,phases      ] GC(91)     Total                          Min: 0, Avg:  0.0, Max: 0, Diff: 0, Sum: 0, Workers: 4
[1752.820s][debug][gc,phases      ] GC(91)   StringDedup Requests1 Weak     Min:  0.0, Avg:  0.0, Max:  0.0, Diff:  0.0, Sum:  0.0, Workers: 4
[1752.820s][debug][gc,phases      ] GC(91)     Dead                           Min: 0, Avg:  0.0, Max: 0, Diff: 0, Sum: 0, Workers: 4
[1752.820s][debug][gc,phases      ] GC(91)     Total                          Min: 0, Avg:  0.0, Max: 0, Diff: 0, Sum: 0, Workers: 4
[1752.820s][debug][gc,phases      ] GC(91)   Weak JFR Old Object Samples    Min:  0.0, Avg:  0.0, Max:  0.0, Diff:  0.0, Sum:  0.0, Workers: 4
[1752.820s][debug][gc,phases      ] GC(91)     Dead                           Min: 0, Avg:  0.0, Max: 0, Diff: 0, Sum: 0, Workers: 4
[1752.820s][debug][gc,phases      ] GC(91)     Total                          Min: 0, Avg:  0.0, Max: 0, Diff: 0, Sum: 0, Workers: 4
[1752.820s][debug][gc,phases      ] GC(91) Weak Processing 0.376ms
[1752.820s][debug][gc,age         ] GC(91) Desired survivor size 55574528 bytes, new threshold 1 (max threshold 15)
[1752.820s][info ][gc,heap        ] GC(91) PSYoungGen: 2038433K(2041856K)->39952K(2037248K) Eden: 1996800K(1996800K)->0K(1996800K) From: 41633K(45056K)->39952K(40448K)
[1752.820s][info ][gc,heap        ] GC(91) ParOldGen: 713485K(1241600K)->752817K(1241600K)
[1752.820s][info ][gc,metaspace   ] GC(91) Metaspace: 109995K(111424K)->109995K(111424K) NonClass: 93534K(94336K)->93534K(94336K) Class: 16461K(17088K)->16461K(17088K)
[1752.820s][info ][gc             ] GC(91) Pause Young (Allocation Failure) 2687M->774M(3202M) 32.036ms
[1752.820s][info ][gc,cpu         ] GC(91) User=0.12s Sys=0.01s Real=0.03s
[1752.820s][info ][safepoint      ] Safepoint "ParallelGCFailedAllocation", Time since last: 124960720 ns, Reaching safepoint: 7600 ns, Cleanup: 4500 ns, At safepoint: 32141685 ns, Total: 32153785 ns
[1753.820s][info ][safepoint      ] Safepoint "Cleanup", Time since last: 1000085361 ns, Reaching safepoint: 78701 ns, Cleanup: 23600 ns, At safepoint: 7400 ns, Total: 109701 ns
[1755.820s][info ][safepoint      ] Safepoint "Cleanup", Time since last: 2000185960 ns, Reaching safepoint: 7000 ns, Cleanup: 12700 ns, At safepoint: 3200 ns, Total: 22900 ns
[1757.821s][info ][safepoint      ] Safepoint "Cleanup", Time since last: 2000192007 ns, Reaching safepoint: 7100 ns, Cleanup: 12700 ns, At safepoint: 3400 ns, Total: 23200 ns
[1758.821s][info ][safepoint      ] Safepoint "Cleanup", Time since last: 1000117753 ns, Reaching safepoint: 8500 ns, Cleanup: 9800 ns, At safepoint: 2800 ns, Total: 21100 ns
[1759.821s][info ][safepoint      ] Safepoint "Cleanup", Time since last: 1000098154 ns, Reaching safepoint: 6500 ns, Cleanup: 9800 ns, At safepoint: 16300 ns, Total: 32600 ns
[1760.821s][info ][safepoint      ] Safepoint "Cleanup", Time since last: 1000117454 ns, Reaching safepoint: 6900 ns, Cleanup: 10300 ns, At safepoint: 3300 ns, Total: 20500 ns
[1761.821s][info ][safepoint      ] Safepoint "Cleanup", Time since last: 1000124653 ns, Reaching safepoint: 7400 ns, Cleanup: 12100 ns, At safepoint: 2400 ns, Total: 21900 ns
[1762.821s][info ][safepoint      ] Safepoint "Cleanup", Time since last: 1000115964 ns, Reaching safepoint: 5700 ns, Cleanup: 9000 ns, At safepoint: 2300 ns, Total: 17000 ns
[1766.822s][info ][safepoint      ] Safepoint "Cleanup", Time since last: 4000312014 ns, Reaching safepoint: 6200 ns, Cleanup: 20901 ns, At safepoint: 11200 ns, Total: 38301 ns
[1768.758s][info ][gc,start       ] GC(92) Pause Young (Allocation Failure)
[1768.778s][debug][gc,phases      ] GC(92) Scavenge 20.374ms
[1768.778s][debug][gc,ref         ] GC(92) ReferenceProcessor::execute queues: 1, RefProcThreadModel::Single, marks_oops_alive: false
[1768.778s][debug][gc,ref         ] GC(92) Skipped KeepAliveFinalRefsPhase of Reference Processing: no references
[1768.778s][debug][gc,ref         ] GC(92) ReferenceProcessor::execute queues: 1, RefProcThreadModel::Single, marks_oops_alive: false
[1768.778s][debug][gc,phases      ] GC(92) Reference Processing 0.128ms
[1768.779s][debug][gc,phases      ] GC(92)   VM Weak                        Min:  0.0, Avg:  0.0, Max:  0.0, Diff:  0.0, Sum:  0.0, Workers: 4
[1768.779s][debug][gc,phases      ] GC(92)     Dead                           Min: 0, Avg:  0.0, Max: 0, Diff: 0, Sum: 0, Workers: 4
[1768.779s][debug][gc,phases      ] GC(92)     Total                          Min: 0, Avg: 274.2, Max: 585, Diff: 585, Sum: 1097, Workers: 4
[1768.779s][debug][gc,phases      ] GC(92)   ObjectSynchronizer Weak        Min:  0.0, Avg:  0.0, Max:  0.0, Diff:  0.0, Sum:  0.0, Workers: 4
[1768.779s][debug][gc,phases      ] GC(92)     Dead                           Min: 0, Avg:  0.0, Max: 0, Diff: 0, Sum: 0, Workers: 4
[1768.779s][debug][gc,phases      ] GC(92)     Total                          Min: 0, Avg:  1.2, Max: 5, Diff: 5, Sum: 5, Workers: 4
[1768.779s][debug][gc,phases      ] GC(92)   JVMTI Tag Weak OopStorage      Min:  0.0, Avg:  0.0, Max:  0.0, Diff:  0.0, Sum:  0.0, Workers: 4
[1768.779s][debug][gc,phases      ] GC(92)     Dead                           Min: 0, Avg:  0.0, Max: 0, Diff: 0, Sum: 0, Workers: 4
[1768.779s][debug][gc,phases      ] GC(92)     Total                          Min: 0, Avg:  0.0, Max: 0, Diff: 0, Sum: 0, Workers: 4
[1768.779s][debug][gc,phases      ] GC(92)   StringTable Weak               Min:  0.0, Avg:  0.1, Max:  0.2, Diff:  0.2, Sum:  0.5, Workers: 4
[1768.779s][debug][gc,phases      ] GC(92)     Dead                           Min: 0, Avg:  0.2, Max: 1, Diff: 1, Sum: 1, Workers: 4
[1768.779s][debug][gc,phases      ] GC(92)     Total                          Min: 0, Avg: 11858.0, Max: 16137, Diff: 16137, Sum: 47432, Workers: 4
[1768.779s][debug][gc,phases      ] GC(92)   ResolvedMethodTable Weak       Min:  0.0, Avg:  0.0, Max:  0.1, Diff:  0.1, Sum:  0.2, Workers: 4
[1768.779s][debug][gc,phases      ] GC(92)     Dead                           Min: 0, Avg:  4.2, Max: 14, Diff: 14, Sum: 17, Workers: 4
[1768.779s][debug][gc,phases      ] GC(92)     Total                          Min: 0, Avg: 4059.5, Max: 5768, Diff: 5768, Sum: 16238, Workers: 4
[1768.779s][debug][gc,phases      ] GC(92)   JNI Weak                       Min:  0.0, Avg:  0.0, Max:  0.0, Diff:  0.0, Sum:  0.0, Workers: 4
[1768.779s][debug][gc,phases      ] GC(92)     Dead                           Min: 0, Avg:  0.0, Max: 0, Diff: 0, Sum: 0, Workers: 4
[1768.779s][debug][gc,phases      ] GC(92)     Total                          Min: 0, Avg: 13.0, Max: 48, Diff: 48, Sum: 52, Workers: 4
[1768.779s][debug][gc,phases      ] GC(92)   StringDedup Table Weak         Min:  0.0, Avg:  0.0, Max:  0.0, Diff:  0.0, Sum:  0.0, Workers: 4
[1768.779s][debug][gc,phases      ] GC(92)     Dead                           Min: 0, Avg:  0.0, Max: 0, Diff: 0, Sum: 0, Workers: 4
[1768.779s][debug][gc,phases      ] GC(92)     Total                          Min: 0, Avg:  0.0, Max: 0, Diff: 0, Sum: 0, Workers: 4
[1768.779s][debug][gc,phases      ] GC(92)   StringDedup Requests0 Weak     Min:  0.0, Avg:  0.0, Max:  0.0, Diff:  0.0, Sum:  0.0, Workers: 4
[1768.779s][debug][gc,phases      ] GC(92)     Dead                           Min: 0, Avg:  0.0, Max: 0, Diff: 0, Sum: 0, Workers: 4
[1768.779s][debug][gc,phases      ] GC(92)     Total                          Min: 0, Avg:  0.0, Max: 0, Diff: 0, Sum: 0, Workers: 4
[1768.779s][debug][gc,phases      ] GC(92)   StringDedup Requests1 Weak     Min:  0.0, Avg:  0.0, Max:  0.0, Diff:  0.0, Sum:  0.0, Workers: 4
[1768.779s][debug][gc,phases      ] GC(92)     Dead                           Min: 0, Avg:  0.0, Max: 0, Diff: 0, Sum: 0, Workers: 4
[1768.779s][debug][gc,phases      ] GC(92)     Total                          Min: 0, Avg:  0.0, Max: 0, Diff: 0, Sum: 0, Workers: 4
[1768.779s][debug][gc,phases      ] GC(92)   Weak JFR Old Object Samples    Min:  0.0, Avg:  0.0, Max:  0.0, Diff:  0.0, Sum:  0.0, Workers: 4
[1768.779s][debug][gc,phases      ] GC(92)     Dead                           Min: 0, Avg:  0.0, Max: 0, Diff: 0, Sum: 0, Workers: 4
[1768.779s][debug][gc,phases      ] GC(92)     Total                          Min: 0, Avg:  0.0, Max: 0, Diff: 0, Sum: 0, Workers: 4
[1768.779s][debug][gc,phases      ] GC(92) Weak Processing 0.438ms
[1768.779s][debug][gc,age         ] GC(92) Desired survivor size 52953088 bytes, new threshold 1 (max threshold 15)
[1768.779s][info ][gc,heap        ] GC(92) PSYoungGen: 2036752K(2037248K)->20416K(2045440K) Eden: 1996800K(1996800K)->0K(1991168K) From: 39952K(40448K)->20416K(54272K)
[1768.779s][info ][gc,heap        ] GC(92) ParOldGen: 752817K(1241600K)->789980K(1241600K)
[1768.779s][info ][gc,metaspace   ] GC(92) Metaspace: 110030K(111424K)->110030K(111424K) NonClass: 93564K(94336K)->93564K(94336K) Class: 16466K(17088K)->16466K(17088K)
[1768.779s][info ][gc             ] GC(92) Pause Young (Allocation Failure) 2724M->791M(3210M) 21.095ms
[1768.779s][info ][gc,cpu         ] GC(92) User=0.08s Sys=0.00s Real=0.02s
[1768.779s][info ][safepoint      ] Safepoint "ParallelGCFailedAllocation", Time since last: 1935930060 ns, Reaching safepoint: 6500 ns, Cleanup: 16100 ns, At safepoint: 21173514 ns, Total: 21196114 ns
[1769.779s][info ][safepoint      ] Safepoint "Cleanup", Time since last: 1000107504 ns, Reaching safepoint: 6800 ns, Cleanup: 17100 ns, At safepoint: 2700 ns, Total: 26600 ns
[1770.779s][info ][safepoint      ] Safepoint "Cleanup", Time since last: 1000122692 ns, Reaching safepoint: 7900 ns, Cleanup: 12800 ns, At safepoint: 2700 ns, Total: 23400 ns
[1771.779s][info ][safepoint      ] Safepoint "Cleanup", Time since last: 1000122014 ns, Reaching safepoint: 7400 ns, Cleanup: 14300 ns, At safepoint: 2400 ns, Total: 24100 ns
[1772.779s][info ][safepoint      ] Safepoint "Cleanup", Time since last: 1000133414 ns, Reaching safepoint: 10400 ns, Cleanup: 14800 ns, At safepoint: 2900 ns, Total: 28100 ns
[1774.780s][info ][safepoint      ] Safepoint "Cleanup", Time since last: 2000186429 ns, Reaching safepoint: 7300 ns, Cleanup: 16100 ns, At safepoint: 3000 ns, Total: 26400 ns
[1775.780s][info ][safepoint      ] Safepoint "Cleanup", Time since last: 1000117237 ns, Reaching safepoint: 6900 ns, Cleanup: 13001 ns, At safepoint: 2700 ns, Total: 22601 ns
[1776.780s][info ][safepoint      ] Safepoint "Cleanup", Time since last: 1000123896 ns, Reaching safepoint: 8301 ns, Cleanup: 10500 ns, At safepoint: 2900 ns, Total: 21701 ns
[1780.780s][info ][safepoint      ] Safepoint "Cleanup", Time since last: 4000366036 ns, Reaching safepoint: 9300 ns, Cleanup: 12900 ns, At safepoint: 3500 ns, Total: 25700 ns
[1781.780s][info ][safepoint      ] Safepoint "Cleanup", Time since last: 1000125354 ns, Reaching safepoint: 8000 ns, Cleanup: 11600 ns, At safepoint: 3000 ns, Total: 22600 ns
[1782.781s][info ][safepoint      ] Safepoint "Cleanup", Time since last: 1000116455 ns, Reaching safepoint: 6800 ns, Cleanup: 11800 ns, At safepoint: 3000 ns, Total: 21600 ns
[1783.781s][info ][safepoint      ] Safepoint "Cleanup", Time since last: 1000111656 ns, Reaching safepoint: 8000 ns, Cleanup: 13600 ns, At safepoint: 3300 ns, Total: 24900 ns
[1784.781s][info ][safepoint      ] Safepoint "Cleanup", Time since last: 1000119855 ns, Reaching safepoint: 8400 ns, Cleanup: 11200 ns, At safepoint: 3300 ns, Total: 22900 ns
[1786.781s][info ][safepoint      ] Safepoint "Cleanup", Time since last: 2000190094 ns, Reaching safepoint: 6400 ns, Cleanup: 22100 ns, At safepoint: 2500 ns, Total: 31000 ns
[1788.781s][info ][safepoint      ] Safepoint "Cleanup", Time since last: 2000188841 ns, Reaching safepoint: 7700 ns, Cleanup: 12101 ns, At safepoint: 2900 ns, Total: 22701 ns
[1790.121s][info ][gc,start       ] GC(93) Pause Young (Allocation Failure)
[1790.139s][debug][gc,phases      ] GC(93) Scavenge 17.695ms
[1790.139s][debug][gc,ref         ] GC(93) ReferenceProcessor::execute queues: 1, RefProcThreadModel::Single, marks_oops_alive: false
[1790.139s][debug][gc,ref         ] GC(93) Skipped KeepAliveFinalRefsPhase of Reference Processing: no references
[1790.139s][debug][gc,ref         ] GC(93) ReferenceProcessor::execute queues: 1, RefProcThreadModel::Single, marks_oops_alive: false
[1790.139s][debug][gc,phases      ] GC(93) Reference Processing 0.143ms
[1790.139s][debug][gc,phases      ] GC(93)   VM Weak                        Min:  0.0, Avg:  0.0, Max:  0.0, Diff:  0.0, Sum:  0.0, Workers: 4
[1790.139s][debug][gc,phases      ] GC(93)     Dead                           Min: 0, Avg:  0.0, Max: 0, Diff: 0, Sum: 0, Workers: 4
[1790.139s][debug][gc,phases      ] GC(93)     Total                          Min: 0, Avg: 274.2, Max: 777, Diff: 777, Sum: 1097, Workers: 4
[1790.139s][debug][gc,phases      ] GC(93)   ObjectSynchronizer Weak        Min:  0.0, Avg:  0.0, Max:  0.0, Diff:  0.0, Sum:  0.0, Workers: 4
[1790.139s][debug][gc,phases      ] GC(93)     Dead                           Min: 0, Avg:  0.0, Max: 0, Diff: 0, Sum: 0, Workers: 4
[1790.139s][debug][gc,phases      ] GC(93)     Total                          Min: 0, Avg:  1.5, Max: 6, Diff: 6, Sum: 6, Workers: 4
[1790.139s][debug][gc,phases      ] GC(93)   JVMTI Tag Weak OopStorage      Min:  0.0, Avg:  0.0, Max:  0.0, Diff:  0.0, Sum:  0.0, Workers: 4
[1790.139s][debug][gc,phases      ] GC(93)     Dead                           Min: 0, Avg:  0.0, Max: 0, Diff: 0, Sum: 0, Workers: 4
[1790.139s][debug][gc,phases      ] GC(93)     Total                          Min: 0, Avg:  0.0, Max: 0, Diff: 0, Sum: 0, Workers: 4
[1790.139s][debug][gc,phases      ] GC(93)   StringTable Weak               Min:  0.0, Avg:  0.1, Max:  0.3, Diff:  0.3, Sum:  0.5, Workers: 4
[1790.139s][debug][gc,phases      ] GC(93)     Dead                           Min: 0, Avg:  0.0, Max: 0, Diff: 0, Sum: 0, Workers: 4
[1790.139s][debug][gc,phases      ] GC(93)     Total                          Min: 0, Avg: 11858.8, Max: 24268, Diff: 24268, Sum: 47435, Workers: 4
[1790.139s][debug][gc,phases      ] GC(93)   ResolvedMethodTable Weak       Min:  0.0, Avg:  0.0, Max:  0.1, Diff:  0.1, Sum:  0.2, Workers: 4
[1790.139s][debug][gc,phases      ] GC(93)     Dead                           Min: 0, Avg:  4.0, Max: 16, Diff: 16, Sum: 16, Workers: 4
[1790.139s][debug][gc,phases      ] GC(93)     Total                          Min: 0, Avg: 4060.0, Max: 7522, Diff: 7522, Sum: 16240, Workers: 4
[1790.139s][debug][gc,phases      ] GC(93)   JNI Weak                       Min:  0.0, Avg:  0.0, Max:  0.0, Diff:  0.0, Sum:  0.0, Workers: 4
[1790.139s][debug][gc,phases      ] GC(93)     Dead                           Min: 0, Avg:  0.0, Max: 0, Diff: 0, Sum: 0, Workers: 4
[1790.139s][debug][gc,phases      ] GC(93)     Total                          Min: 0, Avg: 13.0, Max: 48, Diff: 48, Sum: 52, Workers: 4
[1790.139s][debug][gc,phases      ] GC(93)   StringDedup Table Weak         Min:  0.0, Avg:  0.0, Max:  0.0, Diff:  0.0, Sum:  0.0, Workers: 4
[1790.139s][debug][gc,phases      ] GC(93)     Dead                           Min: 0, Avg:  0.0, Max: 0, Diff: 0, Sum: 0, Workers: 4
[1790.139s][debug][gc,phases      ] GC(93)     Total                          Min: 0, Avg:  0.0, Max: 0, Diff: 0, Sum: 0, Workers: 4
[1790.139s][debug][gc,phases      ] GC(93)   StringDedup Requests0 Weak     Min:  0.0, Avg:  0.0, Max:  0.0, Diff:  0.0, Sum:  0.0, Workers: 4
[1790.139s][debug][gc,phases      ] GC(93)     Dead                           Min: 0, Avg:  0.0, Max: 0, Diff: 0, Sum: 0, Workers: 4
[1790.139s][debug][gc,phases      ] GC(93)     Total                          Min: 0, Avg:  0.0, Max: 0, Diff: 0, Sum: 0, Workers: 4
[1790.139s][debug][gc,phases      ] GC(93)   StringDedup Requests1 Weak     Min:  0.0, Avg:  0.0, Max:  0.0, Diff:  0.0, Sum:  0.0, Workers: 4
[1790.139s][debug][gc,phases      ] GC(93)     Dead                           Min: 0, Avg:  0.0, Max: 0, Diff: 0, Sum: 0, Workers: 4
[1790.139s][debug][gc,phases      ] GC(93)     Total                          Min: 0, Avg:  0.0, Max: 0, Diff: 0, Sum: 0, Workers: 4
[1790.139s][debug][gc,phases      ] GC(93)   Weak JFR Old Object Samples    Min:  0.0, Avg:  0.0, Max:  0.0, Diff:  0.0, Sum:  0.0, Workers: 4
[1790.139s][debug][gc,phases      ] GC(93)     Dead                           Min: 0, Avg:  0.0, Max: 0, Diff: 0, Sum: 0, Workers: 4
[1790.139s][debug][gc,phases      ] GC(93)     Total                          Min: 0, Avg:  0.0, Max: 0, Diff: 0, Sum: 0, Workers: 4
[1790.139s][debug][gc,phases      ] GC(93) Weak Processing 0.562ms
[1790.139s][debug][gc,age         ] GC(93) Desired survivor size 50855936 bytes, new threshold 1 (max threshold 15)
[1790.139s][info ][gc,heap        ] GC(93) PSYoungGen: 2011584K(2045440K)->18544K(2042880K) Eden: 1991168K(1991168K)->0K(1991168K) From: 20416K(54272K)->18544K(51712K)
[1790.139s][info ][gc,heap        ] GC(93) ParOldGen: 789980K(1241600K)->808263K(1241600K)
[1790.139s][info ][gc,metaspace   ] GC(93) Metaspace: 110038K(111424K)->110038K(111424K) NonClass: 93572K(94336K)->93572K(94336K) Class: 16466K(17088K)->16466K(17088K)
[1790.139s][info ][gc             ] GC(93) Pause Young (Allocation Failure) 2735M->807M(3207M) 18.550ms
[1790.139s][info ][gc,cpu         ] GC(93) User=0.06s Sys=0.00s Real=0.02s
[1790.139s][info ][safepoint      ] Safepoint "ParallelGCFailedAllocation", Time since last: 1339383618 ns, Reaching safepoint: 81100 ns, Cleanup: 3700 ns, At safepoint: 18634577 ns, Total: 18719377 ns
[1791.140s][info ][safepoint      ] Safepoint "Cleanup", Time since last: 1000090012 ns, Reaching safepoint: 8800 ns, Cleanup: 13600 ns, At safepoint: 3400 ns, Total: 25800 ns
[1792.140s][info ][safepoint      ] Safepoint "Cleanup", Time since last: 1000123516 ns, Reaching safepoint: 7600 ns, Cleanup: 11100 ns, At safepoint: 3100 ns, Total: 21800 ns
[1793.140s][info ][safepoint      ] Safepoint "Cleanup", Time since last: 1000121015 ns, Reaching safepoint: 7100 ns, Cleanup: 20900 ns, At safepoint: 2800 ns, Total: 30800 ns
[1796.140s][info ][safepoint      ] Safepoint "Cleanup", Time since last: 3000256816 ns, Reaching safepoint: 7800 ns, Cleanup: 11900 ns, At safepoint: 3200 ns, Total: 22900 ns
[1797.140s][info ][safepoint      ] Safepoint "Cleanup", Time since last: 1000123668 ns, Reaching safepoint: 8500 ns, Cleanup: 27700 ns, At safepoint: 3800 ns, Total: 40000 ns
[1798.140s][info ][safepoint      ] Safepoint "Cleanup", Time since last: 1000125068 ns, Reaching safepoint: 7200 ns, Cleanup: 11200 ns, At safepoint: 28200 ns, Total: 46600 ns
[1800.141s][info ][safepoint      ] Safepoint "Cleanup", Time since last: 2000170935 ns, Reaching safepoint: 8701 ns, Cleanup: 11300 ns, At safepoint: 3000 ns, Total: 23001 ns
[1801.887s][info ][safepoint      ] Safepoint "Cleanup", Time since last: 1746740727 ns, Reaching safepoint: 11300 ns, Cleanup: 23500 ns, At safepoint: 3200 ns, Total: 38000 ns
[1808.889s][info ][safepoint      ] Safepoint "Cleanup", Time since last: 7001988688 ns, Reaching safepoint: 10300 ns, Cleanup: 21200 ns, At safepoint: 4000 ns, Total: 35500 ns
[1810.890s][info ][safepoint      ] Safepoint "Cleanup", Time since last: 2000182986 ns, Reaching safepoint: 10700 ns, Cleanup: 12100 ns, At safepoint: 2800 ns, Total: 25600 ns
[1812.890s][info ][safepoint      ] Safepoint "Cleanup", Time since last: 2000171686 ns, Reaching safepoint: 11200 ns, Cleanup: 31800 ns, At safepoint: 3100 ns, Total: 46100 ns
[1820.891s][info ][safepoint      ] Safepoint "Cleanup", Time since last: 8000615047 ns, Reaching safepoint: 7700 ns, Cleanup: 12300 ns, At safepoint: 3000 ns, Total: 23000 ns
[1823.891s][info ][safepoint      ] Safepoint "Cleanup", Time since last: 3000267183 ns, Reaching safepoint: 8200 ns, Cleanup: 10800 ns, At safepoint: 3100 ns, Total: 22100 ns
[1826.891s][info ][safepoint      ] Safepoint "Cleanup", Time since last: 3000261284 ns, Reaching safepoint: 6700 ns, Cleanup: 12600 ns, At safepoint: 2700 ns, Total: 22000 ns
[1828.891s][info ][safepoint      ] Safepoint "Cleanup", Time since last: 2000190198 ns, Reaching safepoint: 7400 ns, Cleanup: 14200 ns, At safepoint: 29501 ns, Total: 51101 ns
[1830.892s][info ][safepoint      ] Safepoint "Cleanup", Time since last: 2000187198 ns, Reaching safepoint: 8000 ns, Cleanup: 12900 ns, At safepoint: 3500 ns, Total: 24400 ns
[1833.892s][info ][safepoint      ] Safepoint "Cleanup", Time since last: 3000254297 ns, Reaching safepoint: 7400 ns, Cleanup: 10100 ns, At safepoint: 2600 ns, Total: 20100 ns
[1834.892s][info ][safepoint      ] Safepoint "Cleanup", Time since last: 1000119237 ns, Reaching safepoint: 21700 ns, Cleanup: 11900 ns, At safepoint: 3200 ns, Total: 36800 ns
[1837.892s][info ][safepoint      ] Safepoint "Cleanup", Time since last: 3000245895 ns, Reaching safepoint: 6800 ns, Cleanup: 8900 ns, At safepoint: 2600 ns, Total: 18300 ns
[1846.893s][info ][safepoint      ] Safepoint "Cleanup", Time since last: 9000693967 ns, Reaching safepoint: 8000 ns, Cleanup: 27100 ns, At safepoint: 3200 ns, Total: 38300 ns
[1847.104s][info ][gc,start       ] GC(94) Pause Young (Allocation Failure)
[1847.118s][debug][gc,phases      ] GC(94) Scavenge 14.307ms
[1847.118s][debug][gc,ref         ] GC(94) ReferenceProcessor::execute queues: 1, RefProcThreadModel::Single, marks_oops_alive: false
[1847.118s][debug][gc,ref         ] GC(94) Skipped KeepAliveFinalRefsPhase of Reference Processing: no references
[1847.118s][debug][gc,ref         ] GC(94) ReferenceProcessor::execute queues: 1, RefProcThreadModel::Single, marks_oops_alive: false
[1847.118s][debug][gc,phases      ] GC(94) Reference Processing 0.134ms
[1847.119s][debug][gc,phases      ] GC(94)   VM Weak                        Min:  0.0, Avg:  0.0, Max:  0.0, Diff:  0.0, Sum:  0.0, Workers: 4
[1847.119s][debug][gc,phases      ] GC(94)     Dead                           Min: 0, Avg:  0.0, Max: 0, Diff: 0, Sum: 0, Workers: 4
[1847.119s][debug][gc,phases      ] GC(94)     Total                          Min: 0, Avg: 274.2, Max: 832, Diff: 832, Sum: 1097, Workers: 4
[1847.119s][debug][gc,phases      ] GC(94)   ObjectSynchronizer Weak        Min:  0.0, Avg:  0.0, Max:  0.0, Diff:  0.0, Sum:  0.0, Workers: 4
[1847.119s][debug][gc,phases      ] GC(94)     Dead                           Min: 0, Avg:  0.0, Max: 0, Diff: 0, Sum: 0, Workers: 4
[1847.119s][debug][gc,phases      ] GC(94)     Total                          Min: 0, Avg:  1.0, Max: 4, Diff: 4, Sum: 4, Workers: 4
[1847.119s][debug][gc,phases      ] GC(94)   JVMTI Tag Weak OopStorage      Min:  0.0, Avg:  0.0, Max:  0.0, Diff:  0.0, Sum:  0.0, Workers: 4
[1847.119s][debug][gc,phases      ] GC(94)     Dead                           Min: 0, Avg:  0.0, Max: 0, Diff: 0, Sum: 0, Workers: 4
[1847.119s][debug][gc,phases      ] GC(94)     Total                          Min: 0, Avg:  0.0, Max: 0, Diff: 0, Sum: 0, Workers: 4
[1847.119s][debug][gc,phases      ] GC(94)   StringTable Weak               Min:  0.0, Avg:  0.1, Max:  0.2, Diff:  0.2, Sum:  0.5, Workers: 4
[1847.119s][debug][gc,phases      ] GC(94)     Dead                           Min: 0, Avg:  0.5, Max: 2, Diff: 2, Sum: 2, Workers: 4
[1847.119s][debug][gc,phases      ] GC(94)     Total                          Min: 0, Avg: 11868.8, Max: 17535, Diff: 17535, Sum: 47475, Workers: 4
[1847.119s][debug][gc,phases      ] GC(94)   ResolvedMethodTable Weak       Min:  0.0, Avg:  0.0, Max:  0.1, Diff:  0.1, Sum:  0.2, Workers: 4
[1847.119s][debug][gc,phases      ] GC(94)     Dead                           Min: 0, Avg:  9.8, Max: 24, Diff: 24, Sum: 39, Workers: 4
[1847.119s][debug][gc,phases      ] GC(94)     Total                          Min: 0, Avg: 4073.5, Max: 5877, Diff: 5877, Sum: 16294, Workers: 4
[1847.119s][debug][gc,phases      ] GC(94)   JNI Weak                       Min:  0.0, Avg:  0.0, Max:  0.0, Diff:  0.0, Sum:  0.0, Workers: 4
[1847.119s][debug][gc,phases      ] GC(94)     Dead                           Min: 0, Avg:  0.0, Max: 0, Diff: 0, Sum: 0, Workers: 4
[1847.119s][debug][gc,phases      ] GC(94)     Total                          Min: 0, Avg: 13.0, Max: 48, Diff: 48, Sum: 52, Workers: 4
[1847.119s][debug][gc,phases      ] GC(94)   StringDedup Table Weak         Min:  0.0, Avg:  0.0, Max:  0.0, Diff:  0.0, Sum:  0.0, Workers: 4
[1847.119s][debug][gc,phases      ] GC(94)     Dead                           Min: 0, Avg:  0.0, Max: 0, Diff: 0, Sum: 0, Workers: 4
[1847.119s][debug][gc,phases      ] GC(94)     Total                          Min: 0, Avg:  0.0, Max: 0, Diff: 0, Sum: 0, Workers: 4
[1847.119s][debug][gc,phases      ] GC(94)   StringDedup Requests0 Weak     Min:  0.0, Avg:  0.0, Max:  0.0, Diff:  0.0, Sum:  0.0, Workers: 4
[1847.119s][debug][gc,phases      ] GC(94)     Dead                           Min: 0, Avg:  0.0, Max: 0, Diff: 0, Sum: 0, Workers: 4
[1847.119s][debug][gc,phases      ] GC(94)     Total                          Min: 0, Avg:  0.0, Max: 0, Diff: 0, Sum: 0, Workers: 4
[1847.119s][debug][gc,phases      ] GC(94)   StringDedup Requests1 Weak     Min:  0.0, Avg:  0.0, Max:  0.0, Diff:  0.0, Sum:  0.0, Workers: 4
[1847.119s][debug][gc,phases      ] GC(94)     Dead                           Min: 0, Avg:  0.0, Max: 0, Diff: 0, Sum: 0, Workers: 4
[1847.119s][debug][gc,phases      ] GC(94)     Total                          Min: 0, Avg:  0.0, Max: 0, Diff: 0, Sum: 0, Workers: 4
[1847.119s][debug][gc,phases      ] GC(94)   Weak JFR Old Object Samples    Min:  0.0, Avg:  0.0, Max:  0.0, Diff:  0.0, Sum:  0.0, Workers: 4
[1847.119s][debug][gc,phases      ] GC(94)     Dead                           Min: 0, Avg:  0.0, Max: 0, Diff: 0, Sum: 0, Workers: 4
[1847.119s][debug][gc,phases      ] GC(94)     Total                          Min: 0, Avg:  0.0, Max: 0, Diff: 0, Sum: 0, Workers: 4
[1847.119s][debug][gc,phases      ] GC(94) Weak Processing 0.412ms
[1847.119s][debug][gc,age         ] GC(94) Desired survivor size 50331648 bytes, new threshold 1 (max threshold 15)
[1847.119s][info ][gc,heap        ] GC(94) PSYoungGen: 2009712K(2042880K)->10560K(2048000K) Eden: 1991168K(1991168K)->0K(1998336K) From: 18544K(51712K)->10560K(49664K)
[1847.119s][info ][gc,heap        ] GC(94) ParOldGen: 808263K(1241600K)->821670K(1241600K)
[1847.119s][info ][gc,metaspace   ] GC(94) Metaspace: 110137K(111552K)->110137K(111552K) NonClass: 93653K(94464K)->93653K(94464K) Class: 16483K(17088K)->16483K(17088K)
[1847.119s][info ][gc             ] GC(94) Pause Young (Allocation Failure) 2751M->812M(3212M) 14.987ms
[1847.119s][info ][gc,cpu         ] GC(94) User=0.05s Sys=0.00s Real=0.02s
[1847.119s][info ][safepoint      ] Safepoint "ParallelGCFailedAllocation", Time since last: 210755543 ns, Reaching safepoint: 6800 ns, Cleanup: 4100 ns, At safepoint: 15061718 ns, Total: 15072618 ns
[1857.120s][info ][safepoint      ] Safepoint "Cleanup", Time since last: 10000703461 ns, Reaching safepoint: 7401 ns, Cleanup: 10601 ns, At safepoint: 3100 ns, Total: 21102 ns
[1865.907s][info ][safepoint      ] Safepoint "Cleanup", Time since last: 8787509339 ns, Reaching safepoint: 6901 ns, Cleanup: 11101 ns, At safepoint: 3201 ns, Total: 21203 ns
[1868.665s][info ][safepoint      ] Safepoint "Cleanup", Time since last: 2758145981 ns, Reaching safepoint: 80507 ns, Cleanup: 32103 ns, At safepoint: 6601 ns, Total: 119211 ns
[1869.665s][info ][safepoint      ] Safepoint "Cleanup", Time since last: 1000117754 ns, Reaching safepoint: 6300 ns, Cleanup: 24002 ns, At safepoint: 2801 ns, Total: 33103 ns
[1870.666s][info ][safepoint      ] Safepoint "Cleanup", Time since last: 1000114053 ns, Reaching safepoint: 6701 ns, Cleanup: 14501 ns, At safepoint: 2900 ns, Total: 24102 ns
[1871.666s][info ][safepoint      ] Safepoint "Cleanup", Time since last: 1000113754 ns, Reaching safepoint: 7401 ns, Cleanup: 11401 ns, At safepoint: 2400 ns, Total: 21202 ns
[1873.666s][info ][safepoint      ] Safepoint "Cleanup", Time since last: 2000182127 ns, Reaching safepoint: 6701 ns, Cleanup: 6801 ns, At safepoint: 12801 ns, Total: 26303 ns
[1874.666s][info ][safepoint      ] Safepoint "Cleanup", Time since last: 1000104823 ns, Reaching safepoint: 5401 ns, Cleanup: 11401 ns, At safepoint: 2100 ns, Total: 18902 ns
[1876.666s][info ][safepoint      ] Safepoint "Cleanup", Time since last: 2000163141 ns, Reaching safepoint: 5700 ns, Cleanup: 10801 ns, At safepoint: 2800 ns, Total: 19301 ns
[1878.666s][info ][safepoint      ] Safepoint "Cleanup", Time since last: 2000167645 ns, Reaching safepoint: 6501 ns, Cleanup: 10101 ns, At safepoint: 2400 ns, Total: 19002 ns
[1879.667s][info ][safepoint      ] Safepoint "Cleanup", Time since last: 1000112878 ns, Reaching safepoint: 7301 ns, Cleanup: 12701 ns, At safepoint: 2700 ns, Total: 22702 ns
[1882.667s][info ][safepoint      ] Safepoint "Cleanup", Time since last: 3000249324 ns, Reaching safepoint: 6901 ns, Cleanup: 10501 ns, At safepoint: 3300 ns, Total: 20702 ns
[1883.667s][info ][safepoint      ] Safepoint "Cleanup", Time since last: 1000111982 ns, Reaching safepoint: 7300 ns, Cleanup: 17202 ns, At safepoint: 3000 ns, Total: 27502 ns
[1889.667s][info ][safepoint      ] Safepoint "Cleanup", Time since last: 6000457159 ns, Reaching safepoint: 7300 ns, Cleanup: 11001 ns, At safepoint: 2601 ns, Total: 20902 ns
[1894.114s][info ][gc,start       ] GC(95) Pause Young (Allocation Failure)
[1894.126s][debug][gc,phases      ] GC(95) Scavenge 12.212ms
[1894.127s][debug][gc,ref         ] GC(95) ReferenceProcessor::execute queues: 1, RefProcThreadModel::Single, marks_oops_alive: false
[1894.127s][debug][gc,ref         ] GC(95) Skipped KeepAliveFinalRefsPhase of Reference Processing: no references
[1894.127s][debug][gc,ref         ] GC(95) ReferenceProcessor::execute queues: 1, RefProcThreadModel::Single, marks_oops_alive: false
[1894.127s][debug][gc,phases      ] GC(95) Reference Processing 0.141ms
[1894.127s][debug][gc,phases      ] GC(95)   VM Weak                        Min:  0.0, Avg:  0.0, Max:  0.0, Diff:  0.0, Sum:  0.0, Workers: 4
[1894.127s][debug][gc,phases      ] GC(95)     Dead                           Min: 0, Avg:  0.0, Max: 0, Diff: 0, Sum: 0, Workers: 4
[1894.127s][debug][gc,phases      ] GC(95)     Total                          Min: 0, Avg: 274.2, Max: 640, Diff: 640, Sum: 1097, Workers: 4
[1894.127s][debug][gc,phases      ] GC(95)   ObjectSynchronizer Weak        Min:  0.0, Avg:  0.0, Max:  0.0, Diff:  0.0, Sum:  0.0, Workers: 4
[1894.127s][debug][gc,phases      ] GC(95)     Dead                           Min: 0, Avg:  0.0, Max: 0, Diff: 0, Sum: 0, Workers: 4
[1894.127s][debug][gc,phases      ] GC(95)     Total                          Min: 0, Avg:  1.2, Max: 5, Diff: 5, Sum: 5, Workers: 4
[1894.127s][debug][gc,phases      ] GC(95)   JVMTI Tag Weak OopStorage      Min:  0.0, Avg:  0.0, Max:  0.0, Diff:  0.0, Sum:  0.0, Workers: 4
[1894.127s][debug][gc,phases      ] GC(95)     Dead                           Min: 0, Avg:  0.0, Max: 0, Diff: 0, Sum: 0, Workers: 4
[1894.127s][debug][gc,phases      ] GC(95)     Total                          Min: 0, Avg:  0.0, Max: 0, Diff: 0, Sum: 0, Workers: 4
[1894.127s][debug][gc,phases      ] GC(95)   StringTable Weak               Min:  0.0, Avg:  0.1, Max:  0.2, Diff:  0.2, Sum:  0.5, Workers: 4
[1894.127s][debug][gc,phases      ] GC(95)     Dead                           Min: 0, Avg:  0.2, Max: 1, Diff: 1, Sum: 1, Workers: 4
[1894.127s][debug][gc,phases      ] GC(95)     Total                          Min: 0, Avg: 11875.2, Max: 23296, Diff: 23296, Sum: 47501, Workers: 4
[1894.127s][debug][gc,phases      ] GC(95)   ResolvedMethodTable Weak       Min:  0.0, Avg:  0.1, Max:  0.1, Diff:  0.1, Sum:  0.2, Workers: 4
[1894.127s][debug][gc,phases      ] GC(95)     Dead                           Min: 0, Avg:  4.0, Max: 16, Diff: 16, Sum: 16, Workers: 4
[1894.127s][debug][gc,phases      ] GC(95)     Total                          Min: 0, Avg: 4077.5, Max: 5722, Diff: 5722, Sum: 16310, Workers: 4
[1894.127s][debug][gc,phases      ] GC(95)   JNI Weak                       Min:  0.0, Avg:  0.0, Max:  0.0, Diff:  0.0, Sum:  0.0, Workers: 4
[1894.127s][debug][gc,phases      ] GC(95)     Dead                           Min: 0, Avg:  0.0, Max: 0, Diff: 0, Sum: 0, Workers: 4
[1894.127s][debug][gc,phases      ] GC(95)     Total                          Min: 0, Avg: 13.0, Max: 48, Diff: 48, Sum: 52, Workers: 4
[1894.127s][debug][gc,phases      ] GC(95)   StringDedup Table Weak         Min:  0.0, Avg:  0.0, Max:  0.0, Diff:  0.0, Sum:  0.0, Workers: 4
[1894.127s][debug][gc,phases      ] GC(95)     Dead                           Min: 0, Avg:  0.0, Max: 0, Diff: 0, Sum: 0, Workers: 4
[1894.127s][debug][gc,phases      ] GC(95)     Total                          Min: 0, Avg:  0.0, Max: 0, Diff: 0, Sum: 0, Workers: 4
[1894.127s][debug][gc,phases      ] GC(95)   StringDedup Requests0 Weak     Min:  0.0, Avg:  0.0, Max:  0.0, Diff:  0.0, Sum:  0.0, Workers: 4
[1894.127s][debug][gc,phases      ] GC(95)     Dead                           Min: 0, Avg:  0.0, Max: 0, Diff: 0, Sum: 0, Workers: 4
[1894.127s][debug][gc,phases      ] GC(95)     Total                          Min: 0, Avg:  0.0, Max: 0, Diff: 0, Sum: 0, Workers: 4
[1894.127s][debug][gc,phases      ] GC(95)   StringDedup Requests1 Weak     Min:  0.0, Avg:  0.0, Max:  0.0, Diff:  0.0, Sum:  0.0, Workers: 4
[1894.127s][debug][gc,phases      ] GC(95)     Dead                           Min: 0, Avg:  0.0, Max: 0, Diff: 0, Sum: 0, Workers: 4
[1894.127s][debug][gc,phases      ] GC(95)     Total                          Min: 0, Avg:  0.0, Max: 0, Diff: 0, Sum: 0, Workers: 4
[1894.127s][debug][gc,phases      ] GC(95)   Weak JFR Old Object Samples    Min:  0.0, Avg:  0.0, Max:  0.0, Diff:  0.0, Sum:  0.0, Workers: 4
[1894.127s][debug][gc,phases      ] GC(95)     Dead                           Min: 0, Avg:  0.0, Max: 0, Diff: 0, Sum: 0, Workers: 4
[1894.127s][debug][gc,phases      ] GC(95)     Total                          Min: 0, Avg:  0.0, Max: 0, Diff: 0, Sum: 0, Workers: 4
[1894.127s][debug][gc,phases      ] GC(95) Weak Processing 0.497ms
[1894.127s][debug][gc,age         ] GC(95) Desired survivor size 49283072 bytes, new threshold 1 (max threshold 15)
[1894.127s][info ][gc,heap        ] GC(95) PSYoungGen: 2008896K(2048000K)->13872K(2047488K) Eden: 1998336K(1998336K)->0K(1998336K) From: 10560K(49664K)->13872K(49152K)
[1894.127s][info ][gc,heap        ] GC(95) ParOldGen: 821670K(1241600K)->828279K(1241600K)
[1894.127s][info ][gc,metaspace   ] GC(95) Metaspace: 110276K(111680K)->110276K(111680K) NonClass: 93782K(94592K)->93782K(94592K) Class: 16493K(17088K)->16493K(17088K)
[1894.127s][info ][gc             ] GC(95) Pause Young (Allocation Failure) 2764M->822M(3212M) 12.988ms
[1894.127s][info ][gc,cpu         ] GC(95) User=0.05s Sys=0.00s Real=0.01s
[1894.127s][info ][safepoint      ] Safepoint "ParallelGCFailedAllocation", Time since last: 4446694500 ns, Reaching safepoint: 5801 ns, Cleanup: 3700 ns, At safepoint: 13068601 ns, Total: 13078102 ns
[1898.128s][info ][safepoint      ] Safepoint "Cleanup", Time since last: 4000308525 ns, Reaching safepoint: 8901 ns, Cleanup: 12802 ns, At safepoint: 3400 ns, Total: 25103 ns
[1900.128s][info ][safepoint      ] Safepoint "Cleanup", Time since last: 2000190369 ns, Reaching safepoint: 6500 ns, Cleanup: 10600 ns, At safepoint: 2801 ns, Total: 19901 ns
[1901.128s][info ][safepoint      ] Safepoint "Cleanup", Time since last: 1000121583 ns, Reaching safepoint: 8301 ns, Cleanup: 11901 ns, At safepoint: 2800 ns, Total: 23002 ns
[1903.128s][info ][safepoint      ] Safepoint "Cleanup", Time since last: 2000207497 ns, Reaching safepoint: 8901 ns, Cleanup: 11101 ns, At safepoint: 3000 ns, Total: 23002 ns
[1907.129s][info ][safepoint      ] Safepoint "Cleanup", Time since last: 4000358559 ns, Reaching safepoint: 9701 ns, Cleanup: 11401 ns, At safepoint: 3000 ns, Total: 24102 ns
[1911.129s][info ][safepoint      ] Safepoint "Cleanup", Time since last: 4000325852 ns, Reaching safepoint: 6600 ns, Cleanup: 9801 ns, At safepoint: 3100 ns, Total: 19501 ns
[1919.130s][info ][safepoint      ] Safepoint "Cleanup", Time since last: 8000583151 ns, Reaching safepoint: 92409 ns, Cleanup: 11301 ns, At safepoint: 14801 ns, Total: 118511 ns
[1920.929s][info ][safepoint      ] Safepoint "Cleanup", Time since last: 1799046456 ns, Reaching safepoint: 4100 ns, Cleanup: 11501 ns, At safepoint: 3101 ns, Total: 18702 ns
[1923.929s][info ][safepoint      ] Safepoint "Cleanup", Time since last: 3000277563 ns, Reaching safepoint: 7800 ns, Cleanup: 22502 ns, At safepoint: 3400 ns, Total: 33702 ns
[1924.929s][info ][safepoint      ] Safepoint "Cleanup", Time since last: 1000124717 ns, Reaching safepoint: 8500 ns, Cleanup: 10401 ns, At safepoint: 3200 ns, Total: 22101 ns
[1932.930s][info ][safepoint      ] Safepoint "Cleanup", Time since last: 8000640196 ns, Reaching safepoint: 9900 ns, Cleanup: 14401 ns, At safepoint: 3600 ns, Total: 27901 ns
[1938.930s][info ][safepoint      ] Safepoint "Cleanup", Time since last: 6000480598 ns, Reaching safepoint: 9401 ns, Cleanup: 13201 ns, At safepoint: 3500 ns, Total: 26102 ns
[1950.128s][info ][gc,start       ] GC(96) Pause Young (Allocation Failure)
[1950.139s][debug][gc,phases      ] GC(96) Scavenge 11.423ms
[1950.139s][debug][gc,ref         ] GC(96) ReferenceProcessor::execute queues: 1, RefProcThreadModel::Single, marks_oops_alive: false
[1950.139s][debug][gc,ref         ] GC(96) Skipped KeepAliveFinalRefsPhase of Reference Processing: no references
[1950.139s][debug][gc,ref         ] GC(96) ReferenceProcessor::execute queues: 1, RefProcThreadModel::Single, marks_oops_alive: false
[1950.139s][debug][gc,phases      ] GC(96) Reference Processing 0.118ms
[1950.139s][debug][gc,phases      ] GC(96)   VM Weak                        Min:  0.0, Avg:  0.0, Max:  0.0, Diff:  0.0, Sum:  0.0, Workers: 4
[1950.139s][debug][gc,phases      ] GC(96)     Dead                           Min: 0, Avg:  0.0, Max: 0, Diff: 0, Sum: 0, Workers: 4
[1950.139s][debug][gc,phases      ] GC(96)     Total                          Min: 0, Avg: 274.2, Max: 713, Diff: 713, Sum: 1097, Workers: 4
[1950.139s][debug][gc,phases      ] GC(96)   ObjectSynchronizer Weak        Min:  0.0, Avg:  0.0, Max:  0.0, Diff:  0.0, Sum:  0.0, Workers: 4
[1950.140s][debug][gc,phases      ] GC(96)     Dead                           Min: 0, Avg:  0.0, Max: 0, Diff: 0, Sum: 0, Workers: 4
[1950.140s][debug][gc,phases      ] GC(96)     Total                          Min: 0, Avg:  1.5, Max: 6, Diff: 6, Sum: 6, Workers: 4
[1950.140s][debug][gc,phases      ] GC(96)   JVMTI Tag Weak OopStorage      Min:  0.0, Avg:  0.0, Max:  0.0, Diff:  0.0, Sum:  0.0, Workers: 4
[1950.140s][debug][gc,phases      ] GC(96)     Dead                           Min: 0, Avg:  0.0, Max: 0, Diff: 0, Sum: 0, Workers: 4
[1950.140s][debug][gc,phases      ] GC(96)     Total                          Min: 0, Avg:  0.0, Max: 0, Diff: 0, Sum: 0, Workers: 4
[1950.140s][debug][gc,phases      ] GC(96)   StringTable Weak               Min:  0.0, Avg:  0.1, Max:  0.1, Diff:  0.1, Sum:  0.4, Workers: 4
[1950.140s][debug][gc,phases      ] GC(96)     Dead                           Min: 0, Avg:  0.0, Max: 0, Diff: 0, Sum: 0, Workers: 4
[1950.140s][debug][gc,phases      ] GC(96)     Total                          Min: 0, Avg: 11875.2, Max: 17088, Diff: 17088, Sum: 47501, Workers: 4
[1950.140s][debug][gc,phases      ] GC(96)   ResolvedMethodTable Weak       Min:  0.0, Avg:  0.0, Max:  0.1, Diff:  0.1, Sum:  0.2, Workers: 4
[1950.140s][debug][gc,phases      ] GC(96)     Dead                           Min: 0, Avg:  4.0, Max: 16, Diff: 16, Sum: 16, Workers: 4
[1950.140s][debug][gc,phases      ] GC(96)     Total                          Min: 0, Avg: 4077.5, Max: 6420, Diff: 6420, Sum: 16310, Workers: 4
[1950.140s][debug][gc,phases      ] GC(96)   JNI Weak                       Min:  0.0, Avg:  0.0, Max:  0.0, Diff:  0.0, Sum:  0.0, Workers: 4
[1950.140s][debug][gc,phases      ] GC(96)     Dead                           Min: 0, Avg:  0.0, Max: 0, Diff: 0, Sum: 0, Workers: 4
[1950.140s][debug][gc,phases      ] GC(96)     Total                          Min: 0, Avg: 13.0, Max: 48, Diff: 48, Sum: 52, Workers: 4
[1950.140s][debug][gc,phases      ] GC(96)   StringDedup Table Weak         Min:  0.0, Avg:  0.0, Max:  0.0, Diff:  0.0, Sum:  0.0, Workers: 4
[1950.140s][debug][gc,phases      ] GC(96)     Dead                           Min: 0, Avg:  0.0, Max: 0, Diff: 0, Sum: 0, Workers: 4
[1950.140s][debug][gc,phases      ] GC(96)     Total                          Min: 0, Avg:  0.0, Max: 0, Diff: 0, Sum: 0, Workers: 4
[1950.140s][debug][gc,phases      ] GC(96)   StringDedup Requests0 Weak     Min:  0.0, Avg:  0.0, Max:  0.0, Diff:  0.0, Sum:  0.0, Workers: 4
[1950.140s][debug][gc,phases      ] GC(96)     Dead                           Min: 0, Avg:  0.0, Max: 0, Diff: 0, Sum: 0, Workers: 4
[1950.140s][debug][gc,phases      ] GC(96)     Total                          Min: 0, Avg:  0.0, Max: 0, Diff: 0, Sum: 0, Workers: 4
[1950.140s][debug][gc,phases      ] GC(96)   StringDedup Requests1 Weak     Min:  0.0, Avg:  0.0, Max:  0.0, Diff:  0.0, Sum:  0.0, Workers: 4
[1950.140s][debug][gc,phases      ] GC(96)     Dead                           Min: 0, Avg:  0.0, Max: 0, Diff: 0, Sum: 0, Workers: 4
[1950.140s][debug][gc,phases      ] GC(96)     Total                          Min: 0, Avg:  0.0, Max: 0, Diff: 0, Sum: 0, Workers: 4
[1950.140s][debug][gc,phases      ] GC(96)   Weak JFR Old Object Samples    Min:  0.0, Avg:  0.0, Max:  0.0, Diff:  0.0, Sum:  0.0, Workers: 4
[1950.140s][debug][gc,phases      ] GC(96)     Dead                           Min: 0, Avg:  0.0, Max: 0, Diff: 0, Sum: 0, Workers: 4
[1950.140s][debug][gc,phases      ] GC(96)     Total                          Min: 0, Avg:  0.0, Max: 0, Diff: 0, Sum: 0, Workers: 4
[1950.140s][debug][gc,phases      ] GC(96) Weak Processing 0.399ms
[1950.140s][debug][gc,age         ] GC(96) Desired survivor size 48758784 bytes, new threshold 1 (max threshold 15)
[1950.140s][info ][gc,heap        ] GC(96) PSYoungGen: 2012208K(2047488K)->8465K(2049536K) Eden: 1998336K(1998336K)->0K(2001408K) From: 13872K(49152K)->8465K(48128K)
[1950.140s][info ][gc,heap        ] GC(96) ParOldGen: 828279K(1241600K)->837300K(1241600K)
[1950.140s][info ][gc,metaspace   ] GC(96) Metaspace: 110296K(111680K)->110296K(111680K) NonClass: 93802K(94592K)->93802K(94592K) Class: 16493K(17088K)->16493K(17088K)
[1950.140s][info ][gc             ] GC(96) Pause Young (Allocation Failure) 2773M->825M(3214M) 12.103ms
[1950.140s][info ][gc,cpu         ] GC(96) User=0.03s Sys=0.00s Real=0.01s
[1950.140s][info ][safepoint      ] Safepoint "ParallelGCFailedAllocation", Time since last: 11197210886 ns, Reaching safepoint: 6001 ns, Cleanup: 4300 ns, At safepoint: 12178301 ns, Total: 12188602 ns
[1960.140s][info ][safepoint      ] Safepoint "Cleanup", Time since last: 10000719677 ns, Reaching safepoint: 7001 ns, Cleanup: 10601 ns, At safepoint: 2500 ns, Total: 20102 ns
[1983.946s][info ][safepoint      ] Safepoint "Cleanup", Time since last: 23805609165 ns, Reaching safepoint: 80906 ns, Cleanup: 10400 ns, At safepoint: 7901 ns, Total: 99207 ns
[1985.946s][info ][safepoint      ] Safepoint "Cleanup", Time since last: 2000175217 ns, Reaching safepoint: 83106 ns, Cleanup: 10701 ns, At safepoint: 6300 ns, Total: 100107 ns
[1995.947s][info ][safepoint      ] Safepoint "Cleanup", Time since last: 10000719411 ns, Reaching safepoint: 82604 ns, Cleanup: 10501 ns, At safepoint: 6600 ns, Total: 99705 ns
[2009.948s][info ][safepoint      ] Safepoint "Cleanup", Time since last: 14001141143 ns, Reaching safepoint: 78505 ns, Cleanup: 10401 ns, At safepoint: 6900 ns, Total: 95806 ns
[2011.949s][info ][safepoint      ] Safepoint "Cleanup", Time since last: 2000204343 ns, Reaching safepoint: 79504 ns, Cleanup: 12700 ns, At safepoint: 9301 ns, Total: 101505 ns
[2023.950s][info ][safepoint      ] Safepoint "Cleanup", Time since last: 12000937339 ns, Reaching safepoint: 77704 ns, Cleanup: 11501 ns, At safepoint: 6000 ns, Total: 95205 ns
[2028.950s][info ][safepoint      ] Safepoint "Cleanup", Time since last: 5000404586 ns, Reaching safepoint: 77504 ns, Cleanup: 9601 ns, At safepoint: 6000 ns, Total: 93105 ns
[2031.951s][info ][safepoint      ] Safepoint "Cleanup", Time since last: 3000257975 ns, Reaching safepoint: 79604 ns, Cleanup: 11001 ns, At safepoint: 6900 ns, Total: 97505 ns
[2032.408s][info ][gc,start       ] GC(97) Pause Young (Allocation Failure)
[2032.414s][debug][gc,phases      ] GC(97) Scavenge 5.800ms
[2032.414s][debug][gc,ref         ] GC(97) ReferenceProcessor::execute queues: 1, RefProcThreadModel::Single, marks_oops_alive: false
[2032.414s][debug][gc,ref         ] GC(97) Skipped KeepAliveFinalRefsPhase of Reference Processing: no references
[2032.414s][debug][gc,ref         ] GC(97) Skipped PhantomRefsPhase of Reference Processing: no references
[2032.414s][debug][gc,phases      ] GC(97) Reference Processing 0.127ms
[2032.414s][debug][gc,phases      ] GC(97)   VM Weak                        Min:  0.0, Avg:  0.0, Max:  0.0, Diff:  0.0, Sum:  0.0, Workers: 4
[2032.414s][debug][gc,phases      ] GC(97)     Dead                           Min: 0, Avg:  0.0, Max: 0, Diff: 0, Sum: 0, Workers: 4
[2032.414s][debug][gc,phases      ] GC(97)     Total                          Min: 0, Avg: 274.2, Max: 576, Diff: 576, Sum: 1097, Workers: 4
[2032.414s][debug][gc,phases      ] GC(97)   ObjectSynchronizer Weak        Min:  0.0, Avg:  0.0, Max:  0.0, Diff:  0.0, Sum:  0.0, Workers: 4
[2032.414s][debug][gc,phases      ] GC(97)     Dead                           Min: 0, Avg:  0.0, Max: 0, Diff: 0, Sum: 0, Workers: 4
[2032.414s][debug][gc,phases      ] GC(97)     Total                          Min: 0, Avg:  1.0, Max: 4, Diff: 4, Sum: 4, Workers: 4
[2032.414s][debug][gc,phases      ] GC(97)   JVMTI Tag Weak OopStorage      Min:  0.0, Avg:  0.0, Max:  0.0, Diff:  0.0, Sum:  0.0, Workers: 4
[2032.414s][debug][gc,phases      ] GC(97)     Dead                           Min: 0, Avg:  0.0, Max: 0, Diff: 0, Sum: 0, Workers: 4
[2032.414s][debug][gc,phases      ] GC(97)     Total                          Min: 0, Avg:  0.0, Max: 0, Diff: 0, Sum: 0, Workers: 4
[2032.414s][debug][gc,phases      ] GC(97)   StringTable Weak               Min:  0.0, Avg:  0.1, Max:  0.2, Diff:  0.2, Sum:  0.5, Workers: 4
[2032.414s][debug][gc,phases      ] GC(97)     Dead                           Min: 0, Avg:  0.0, Max: 0, Diff: 0, Sum: 0, Workers: 4
[2032.414s][debug][gc,phases      ] GC(97)     Total                          Min: 0, Avg: 11875.8, Max: 16960, Diff: 16960, Sum: 47503, Workers: 4
[2032.414s][debug][gc,phases      ] GC(97)   ResolvedMethodTable Weak       Min:  0.0, Avg:  0.0, Max:  0.1, Diff:  0.1, Sum:  0.2, Workers: 4
[2032.414s][debug][gc,phases      ] GC(97)     Dead                           Min: 0, Avg:  4.0, Max: 16, Diff: 16, Sum: 16, Workers: 4
[2032.414s][debug][gc,phases      ] GC(97)     Total                          Min: 0, Avg: 4077.5, Max: 5844, Diff: 5844, Sum: 16310, Workers: 4
[2032.414s][debug][gc,phases      ] GC(97)   JNI Weak                       Min:  0.0, Avg:  0.0, Max:  0.0, Diff:  0.0, Sum:  0.0, Workers: 4
[2032.414s][debug][gc,phases      ] GC(97)     Dead                           Min: 0, Avg:  0.0, Max: 0, Diff: 0, Sum: 0, Workers: 4
[2032.414s][debug][gc,phases      ] GC(97)     Total                          Min: 0, Avg: 13.0, Max: 48, Diff: 48, Sum: 52, Workers: 4
[2032.414s][debug][gc,phases      ] GC(97)   StringDedup Table Weak         Min:  0.0, Avg:  0.0, Max:  0.0, Diff:  0.0, Sum:  0.0, Workers: 4
[2032.414s][debug][gc,phases      ] GC(97)     Dead                           Min: 0, Avg:  0.0, Max: 0, Diff: 0, Sum: 0, Workers: 4
[2032.414s][debug][gc,phases      ] GC(97)     Total                          Min: 0, Avg:  0.0, Max: 0, Diff: 0, Sum: 0, Workers: 4
[2032.414s][debug][gc,phases      ] GC(97)   StringDedup Requests0 Weak     Min:  0.0, Avg:  0.0, Max:  0.0, Diff:  0.0, Sum:  0.0, Workers: 4
[2032.414s][debug][gc,phases      ] GC(97)     Dead                           Min: 0, Avg:  0.0, Max: 0, Diff: 0, Sum: 0, Workers: 4
[2032.414s][debug][gc,phases      ] GC(97)     Total                          Min: 0, Avg:  0.0, Max: 0, Diff: 0, Sum: 0, Workers: 4
[2032.414s][debug][gc,phases      ] GC(97)   StringDedup Requests1 Weak     Min:  0.0, Avg:  0.0, Max:  0.0, Diff:  0.0, Sum:  0.0, Workers: 4
[2032.414s][debug][gc,phases      ] GC(97)     Dead                           Min: 0, Avg:  0.0, Max: 0, Diff: 0, Sum: 0, Workers: 4
[2032.414s][debug][gc,phases      ] GC(97)     Total                          Min: 0, Avg:  0.0, Max: 0, Diff: 0, Sum: 0, Workers: 4
[2032.414s][debug][gc,phases      ] GC(97)   Weak JFR Old Object Samples    Min:  0.0, Avg:  0.0, Max:  0.0, Diff:  0.0, Sum:  0.0, Workers: 4
[2032.414s][debug][gc,phases      ] GC(97)     Dead                           Min: 0, Avg:  0.0, Max: 0, Diff: 0, Sum: 0, Workers: 4
[2032.414s][debug][gc,phases      ] GC(97)     Total                          Min: 0, Avg:  0.0, Max: 0, Diff: 0, Sum: 0, Workers: 4
[2032.414s][debug][gc,phases      ] GC(97) Weak Processing 0.468ms
[2032.414s][debug][gc,age         ] GC(97) Desired survivor size 48234496 bytes, new threshold 1 (max threshold 15)
[2032.414s][info ][gc,heap        ] GC(97) PSYoungGen: 2009873K(2049536K)->4364K(2049024K) Eden: 2001408K(2001408K)->0K(2001408K) From: 8465K(48128K)->4364K(47616K)
[2032.414s][info ][gc,heap        ] GC(97) ParOldGen: 837300K(1241600K)->842845K(1241600K)
[2032.414s][info ][gc,metaspace   ] GC(97) Metaspace: 110316K(111744K)->110316K(111744K) NonClass: 93822K(94656K)->93822K(94656K) Class: 16493K(17088K)->16493K(17088K)
[2032.414s][info ][gc             ] GC(97) Pause Young (Allocation Failure) 2780M->827M(3213M) 6.532ms
[2032.414s][info ][gc,cpu         ] GC(97) User=0.02s Sys=0.00s Real=0.01s
[2032.414s][info ][safepoint      ] Safepoint "ParallelGCFailedAllocation", Time since last: 457067104 ns, Reaching safepoint: 6600 ns, Cleanup: 4400 ns, At safepoint: 6605583 ns, Total: 6616583 ns
[2033.414s][info ][safepoint      ] Safepoint "Cleanup", Time since last: 1000091974 ns, Reaching safepoint: 5901 ns, Cleanup: 10900 ns, At safepoint: 2500 ns, Total: 19301 ns
[2061.964s][info ][safepoint      ] Safepoint "Cleanup", Time since last: 28549614673 ns, Reaching safepoint: 5700 ns, Cleanup: 10700 ns, At safepoint: 2901 ns, Total: 19301 ns
[2077.965s][info ][safepoint      ] Safepoint "Cleanup", Time since last: 16001168312 ns, Reaching safepoint: 6301 ns, Cleanup: 10800 ns, At safepoint: 2700 ns, Total: 19801 ns
[2112.980s][info ][safepoint      ] Safepoint "Cleanup", Time since last: 35015032792 ns, Reaching safepoint: 8000 ns, Cleanup: 18801 ns, At safepoint: 3300 ns, Total: 30101 ns
[2117.497s][info ][gc,start       ] GC(98) Pause Young (Allocation Failure)
[2117.501s][debug][gc,phases      ] GC(98) Scavenge 3.859ms
[2117.501s][debug][gc,ref         ] GC(98) ReferenceProcessor::execute queues: 1, RefProcThreadModel::Single, marks_oops_alive: false
[2117.501s][debug][gc,ref         ] GC(98) Skipped KeepAliveFinalRefsPhase of Reference Processing: no references
[2117.501s][debug][gc,ref         ] GC(98) ReferenceProcessor::execute queues: 1, RefProcThreadModel::Single, marks_oops_alive: false
[2117.501s][debug][gc,phases      ] GC(98) Reference Processing 0.117ms
[2117.501s][debug][gc,phases      ] GC(98)   VM Weak                        Min:  0.0, Avg:  0.0, Max:  0.0, Diff:  0.0, Sum:  0.0, Workers: 4
[2117.501s][debug][gc,phases      ] GC(98)     Dead                           Min: 0, Avg:  0.0, Max: 0, Diff: 0, Sum: 0, Workers: 4
[2117.501s][debug][gc,phases      ] GC(98)     Total                          Min: 0, Avg: 274.2, Max: 704, Diff: 704, Sum: 1097, Workers: 4
[2117.501s][debug][gc,phases      ] GC(98)   ObjectSynchronizer Weak        Min:  0.0, Avg:  0.0, Max:  0.0, Diff:  0.0, Sum:  0.0, Workers: 4
[2117.501s][debug][gc,phases      ] GC(98)     Dead                           Min: 0, Avg:  0.0, Max: 0, Diff: 0, Sum: 0, Workers: 4
[2117.501s][debug][gc,phases      ] GC(98)     Total                          Min: 0, Avg:  0.8, Max: 3, Diff: 3, Sum: 3, Workers: 4
[2117.501s][debug][gc,phases      ] GC(98)   JVMTI Tag Weak OopStorage      Min:  0.0, Avg:  0.0, Max:  0.0, Diff:  0.0, Sum:  0.0, Workers: 4
[2117.501s][debug][gc,phases      ] GC(98)     Dead                           Min: 0, Avg:  0.0, Max: 0, Diff: 0, Sum: 0, Workers: 4
[2117.501s][debug][gc,phases      ] GC(98)     Total                          Min: 0, Avg:  0.0, Max: 0, Diff: 0, Sum: 0, Workers: 4
[2117.501s][debug][gc,phases      ] GC(98)   StringTable Weak               Min:  0.1, Avg:  0.1, Max:  0.1, Diff:  0.0, Sum:  0.4, Workers: 4
[2117.501s][debug][gc,phases      ] GC(98)     Dead                           Min: 0, Avg:  0.0, Max: 0, Diff: 0, Sum: 0, Workers: 4
[2117.501s][debug][gc,phases      ] GC(98)     Total                          Min: 10816, Avg: 11876.2, Max: 13312, Diff: 2496, Sum: 47505, Workers: 4
[2117.501s][debug][gc,phases      ] GC(98)   ResolvedMethodTable Weak       Min:  0.0, Avg:  0.0, Max:  0.0, Diff:  0.0, Sum:  0.2, Workers: 4
[2117.501s][debug][gc,phases      ] GC(98)     Dead                           Min: 0, Avg:  4.0, Max: 16, Diff: 16, Sum: 16, Workers: 4
[2117.501s][debug][gc,phases      ] GC(98)     Total                          Min: 3682, Avg: 4077.5, Max: 4327, Diff: 645, Sum: 16310, Workers: 4
[2117.501s][debug][gc,phases      ] GC(98)   JNI Weak                       Min:  0.0, Avg:  0.0, Max:  0.0, Diff:  0.0, Sum:  0.0, Workers: 4
[2117.501s][debug][gc,phases      ] GC(98)     Dead                           Min: 0, Avg:  0.0, Max: 0, Diff: 0, Sum: 0, Workers: 4
[2117.501s][debug][gc,phases      ] GC(98)     Total                          Min: 0, Avg: 13.0, Max: 48, Diff: 48, Sum: 52, Workers: 4
[2117.501s][debug][gc,phases      ] GC(98)   StringDedup Table Weak         Min:  0.0, Avg:  0.0, Max:  0.0, Diff:  0.0, Sum:  0.0, Workers: 4
[2117.501s][debug][gc,phases      ] GC(98)     Dead                           Min: 0, Avg:  0.0, Max: 0, Diff: 0, Sum: 0, Workers: 4
[2117.501s][debug][gc,phases      ] GC(98)     Total                          Min: 0, Avg:  0.0, Max: 0, Diff: 0, Sum: 0, Workers: 4
[2117.501s][debug][gc,phases      ] GC(98)   StringDedup Requests0 Weak     Min:  0.0, Avg:  0.0, Max:  0.0, Diff:  0.0, Sum:  0.0, Workers: 4
[2117.501s][debug][gc,phases      ] GC(98)     Dead                           Min: 0, Avg:  0.0, Max: 0, Diff: 0, Sum: 0, Workers: 4
[2117.501s][debug][gc,phases      ] GC(98)     Total                          Min: 0, Avg:  0.0, Max: 0, Diff: 0, Sum: 0, Workers: 4
[2117.501s][debug][gc,phases      ] GC(98)   StringDedup Requests1 Weak     Min:  0.0, Avg:  0.0, Max:  0.0, Diff:  0.0, Sum:  0.0, Workers: 4
[2117.501s][debug][gc,phases      ] GC(98)     Dead                           Min: 0, Avg:  0.0, Max: 0, Diff: 0, Sum: 0, Workers: 4
[2117.501s][debug][gc,phases      ] GC(98)     Total                          Min: 0, Avg:  0.0, Max: 0, Diff: 0, Sum: 0, Workers: 4
[2117.501s][debug][gc,phases      ] GC(98)   Weak JFR Old Object Samples    Min:  0.0, Avg:  0.0, Max:  0.0, Diff:  0.0, Sum:  0.0, Workers: 4
[2117.501s][debug][gc,phases      ] GC(98)     Dead                           Min: 0, Avg:  0.0, Max: 0, Diff: 0, Sum: 0, Workers: 4
[2117.501s][debug][gc,phases      ] GC(98)     Total                          Min: 0, Avg:  0.0, Max: 0, Diff: 0, Sum: 0, Workers: 4
[2117.501s][debug][gc,phases      ] GC(98) Weak Processing 0.401ms
[2117.501s][debug][gc,age         ] GC(98) Desired survivor size 48234496 bytes, new threshold 1 (max threshold 15)
[2117.501s][info ][gc,heap        ] GC(98) PSYoungGen: 2005772K(2049024K)->3733K(2050048K) Eden: 2001408K(2001408K)->0K(2002944K) From: 4364K(47616K)->3733K(47104K)
[2117.501s][info ][gc,heap        ] GC(98) ParOldGen: 842845K(1241600K)->843394K(1241600K)
[2117.501s][info ][gc,metaspace   ] GC(98) Metaspace: 110342K(111744K)->110342K(111744K) NonClass: 93848K(94656K)->93848K(94656K) Class: 16493K(17088K)->16493K(17088K)
[2117.501s][info ][gc             ] GC(98) Pause Young (Allocation Failure) 2781M->827M(3214M) 4.522ms
[2117.501s][info ][gc,cpu         ] GC(98) User=0.01s Sys=0.00s Real=0.00s
[2117.501s][info ][safepoint      ] Safepoint "ParallelGCFailedAllocation", Time since last: 4516210116 ns, Reaching safepoint: 7000 ns, Cleanup: 4300 ns, At safepoint: 4597647 ns, Total: 4608947 ns
[2141.503s][info ][safepoint      ] Safepoint "Cleanup", Time since last: 24001677777 ns, Reaching safepoint: 6500 ns, Cleanup: 10600 ns, At safepoint: 3200 ns, Total: 20300 ns
[2162.997s][info ][safepoint      ] Safepoint "Cleanup", Time since last: 21494461308 ns, Reaching safepoint: 78903 ns, Cleanup: 11400 ns, At safepoint: 7000 ns, Total: 97303 ns
[2163.998s][info ][safepoint      ] Safepoint "Cleanup", Time since last: 1000147430 ns, Reaching safepoint: 84902 ns, Cleanup: 13400 ns, At safepoint: 12200 ns, Total: 110502 ns
[2172.999s][info ][safepoint      ] Safepoint "Cleanup", Time since last: 9001097831 ns, Reaching safepoint: 85002 ns, Cleanup: 11501 ns, At safepoint: 7400 ns, Total: 103903 ns
[2173.999s][info ][safepoint      ] Safepoint "Cleanup", Time since last: 1000103219 ns, Reaching safepoint: 79002 ns, Cleanup: 11700 ns, At safepoint: 6500 ns, Total: 97202 ns
[2176.999s][info ][safepoint      ] Safepoint "Cleanup", Time since last: 3000262311 ns, Reaching safepoint: 76903 ns, Cleanup: 10700 ns, At safepoint: 7100 ns, Total: 94703 ns
[2184.000s][info ][safepoint      ] Safepoint "Cleanup", Time since last: 7000556381 ns, Reaching safepoint: 84502 ns, Cleanup: 13201 ns, At safepoint: 7200 ns, Total: 104903 ns
[2190.001s][info ][safepoint      ] Safepoint "Cleanup", Time since last: 6000498666 ns, Reaching safepoint: 5900 ns, Cleanup: 11301 ns, At safepoint: 2900 ns, Total: 20101 ns
[2191.001s][info ][safepoint      ] Safepoint "Cleanup", Time since last: 1000120537 ns, Reaching safepoint: 5700 ns, Cleanup: 10601 ns, At safepoint: 2800 ns, Total: 19101 ns
[2195.702s][info ][gc,start       ] GC(99) Pause Young (Allocation Failure)
[2195.707s][debug][gc,phases      ] GC(99) Scavenge 5.162ms
[2195.707s][debug][gc,ref         ] GC(99) ReferenceProcessor::execute queues: 1, RefProcThreadModel::Single, marks_oops_alive: false
[2195.707s][debug][gc,ref         ] GC(99) Skipped KeepAliveFinalRefsPhase of Reference Processing: no references
[2195.707s][debug][gc,ref         ] GC(99) ReferenceProcessor::execute queues: 1, RefProcThreadModel::Single, marks_oops_alive: false
[2195.707s][debug][gc,phases      ] GC(99) Reference Processing 0.115ms
[2195.707s][debug][gc,phases      ] GC(99)   VM Weak                        Min:  0.0, Avg:  0.0, Max:  0.0, Diff:  0.0, Sum:  0.0, Workers: 4
[2195.707s][debug][gc,phases      ] GC(99)     Dead                           Min: 0, Avg:  0.0, Max: 0, Diff: 0, Sum: 0, Workers: 4
[2195.707s][debug][gc,phases      ] GC(99)     Total                          Min: 0, Avg: 274.2, Max: 768, Diff: 768, Sum: 1097, Workers: 4
[2195.707s][debug][gc,phases      ] GC(99)   ObjectSynchronizer Weak        Min:  0.0, Avg:  0.0, Max:  0.0, Diff:  0.0, Sum:  0.0, Workers: 4
[2195.707s][debug][gc,phases      ] GC(99)     Dead                           Min: 0, Avg:  0.0, Max: 0, Diff: 0, Sum: 0, Workers: 4
[2195.707s][debug][gc,phases      ] GC(99)     Total                          Min: 0, Avg:  1.5, Max: 6, Diff: 6, Sum: 6, Workers: 4
[2195.707s][debug][gc,phases      ] GC(99)   JVMTI Tag Weak OopStorage      Min:  0.0, Avg:  0.0, Max:  0.0, Diff:  0.0, Sum:  0.0, Workers: 4
[2195.707s][debug][gc,phases      ] GC(99)     Dead                           Min: 0, Avg:  0.0, Max: 0, Diff: 0, Sum: 0, Workers: 4
[2195.707s][debug][gc,phases      ] GC(99)     Total                          Min: 0, Avg:  0.0, Max: 0, Diff: 0, Sum: 0, Workers: 4
[2195.707s][debug][gc,phases      ] GC(99)   StringTable Weak               Min:  0.0, Avg:  0.1, Max:  0.2, Diff:  0.2, Sum:  0.5, Workers: 4
[2195.707s][debug][gc,phases      ] GC(99)     Dead                           Min: 0, Avg:  0.2, Max: 1, Diff: 1, Sum: 1, Workers: 4
[2195.707s][debug][gc,phases      ] GC(99)     Total                          Min: 0, Avg: 11877.2, Max: 17087, Diff: 17087, Sum: 47509, Workers: 4
[2195.707s][debug][gc,phases      ] GC(99)   ResolvedMethodTable Weak       Min:  0.0, Avg:  0.0, Max:  0.0, Diff:  0.0, Sum:  0.1, Workers: 4
[2195.707s][debug][gc,phases      ] GC(99)     Dead                           Min: 0, Avg:  4.0, Max: 16, Diff: 16, Sum: 16, Workers: 4
[2195.707s][debug][gc,phases      ] GC(99)     Total                          Min: 0, Avg: 4078.8, Max: 6089, Diff: 6089, Sum: 16315, Workers: 4
[2195.707s][debug][gc,phases      ] GC(99)   JNI Weak                       Min:  0.0, Avg:  0.0, Max:  0.0, Diff:  0.0, Sum:  0.0, Workers: 4
[2195.707s][debug][gc,phases      ] GC(99)     Dead                           Min: 0, Avg:  0.0, Max: 0, Diff: 0, Sum: 0, Workers: 4
[2195.707s][debug][gc,phases      ] GC(99)     Total                          Min: 0, Avg: 13.0, Max: 48, Diff: 48, Sum: 52, Workers: 4
[2195.707s][debug][gc,phases      ] GC(99)   StringDedup Table Weak         Min:  0.0, Avg:  0.0, Max:  0.0, Diff:  0.0, Sum:  0.0, Workers: 4
[2195.707s][debug][gc,phases      ] GC(99)     Dead                           Min: 0, Avg:  0.0, Max: 0, Diff: 0, Sum: 0, Workers: 4
[2195.707s][debug][gc,phases      ] GC(99)     Total                          Min: 0, Avg:  0.0, Max: 0, Diff: 0, Sum: 0, Workers: 4
[2195.707s][debug][gc,phases      ] GC(99)   StringDedup Requests0 Weak     Min:  0.0, Avg:  0.0, Max:  0.0, Diff:  0.0, Sum:  0.0, Workers: 4
[2195.707s][debug][gc,phases      ] GC(99)     Dead                           Min: 0, Avg:  0.0, Max: 0, Diff: 0, Sum: 0, Workers: 4
[2195.707s][debug][gc,phases      ] GC(99)     Total                          Min: 0, Avg:  0.0, Max: 0, Diff: 0, Sum: 0, Workers: 4
[2195.707s][debug][gc,phases      ] GC(99)   StringDedup Requests1 Weak     Min:  0.0, Avg:  0.0, Max:  0.0, Diff:  0.0, Sum:  0.0, Workers: 4
[2195.707s][debug][gc,phases      ] GC(99)     Dead                           Min: 0, Avg:  0.0, Max: 0, Diff: 0, Sum: 0, Workers: 4
[2195.707s][debug][gc,phases      ] GC(99)     Total                          Min: 0, Avg:  0.0, Max: 0, Diff: 0, Sum: 0, Workers: 4
[2195.707s][debug][gc,phases      ] GC(99)   Weak JFR Old Object Samples    Min:  0.0, Avg:  0.0, Max:  0.0, Diff:  0.0, Sum:  0.0, Workers: 4
[2195.707s][debug][gc,phases      ] GC(99)     Dead                           Min: 0, Avg:  0.0, Max: 0, Diff: 0, Sum: 0, Workers: 4
[2195.707s][debug][gc,phases      ] GC(99)     Total                          Min: 0, Avg:  0.0, Max: 0, Diff: 0, Sum: 0, Workers: 4
[2195.707s][debug][gc,phases      ] GC(99) Weak Processing 0.407ms
[2195.707s][debug][gc,age         ] GC(99) Desired survivor size 47185920 bytes, new threshold 1 (max threshold 15)
[2195.707s][info ][gc,heap        ] GC(99) PSYoungGen: 2006677K(2050048K)->3757K(2050048K) Eden: 2002944K(2002944K)->0K(2002944K) From: 3733K(47104K)->3757K(47104K)
[2195.707s][info ][gc,heap        ] GC(99) ParOldGen: 843394K(1241600K)->845779K(1241600K)
[2195.707s][info ][gc,metaspace   ] GC(99) Metaspace: 110417K(111808K)->110417K(111808K) NonClass: 93921K(94720K)->93921K(94720K) Class: 16496K(17088K)->16496K(17088K)
[2195.707s][info ][gc             ] GC(99) Pause Young (Allocation Failure) 2783M->829M(3214M) 5.823ms
[2195.707s][info ][gc,cpu         ] GC(99) User=0.02s Sys=0.00s Real=0.01s
[2195.707s][info ][safepoint      ] Safepoint "ParallelGCFailedAllocation", Time since last: 4700702880 ns, Reaching safepoint: 6900 ns, Cleanup: 4400 ns, At safepoint: 5898137 ns, Total: 5909437 ns
[2208.708s][info ][safepoint      ] Safepoint "Cleanup", Time since last: 13000893842 ns, Reaching safepoint: 6600 ns, Cleanup: 10701 ns, At safepoint: 2500 ns, Total: 19801 ns
[2209.708s][info ][safepoint      ] Safepoint "Cleanup", Time since last: 1000118054 ns, Reaching safepoint: 6901 ns, Cleanup: 11100 ns, At safepoint: 2300 ns, Total: 20301 ns
[2212.709s][info ][safepoint      ] Safepoint "Cleanup", Time since last: 3000235057 ns, Reaching safepoint: 8400 ns, Cleanup: 15201 ns, At safepoint: 3400 ns, Total: 27001 ns
[2232.015s][info ][safepoint      ] Safepoint "Cleanup", Time since last: 19306243538 ns, Reaching safepoint: 5800 ns, Cleanup: 10400 ns, At safepoint: 2600 ns, Total: 18800 ns
[2248.016s][info ][safepoint      ] Safepoint "Cleanup", Time since last: 16001160809 ns, Reaching safepoint: 6200 ns, Cleanup: 10100 ns, At safepoint: 2600 ns, Total: 18900 ns
[2249.016s][info ][safepoint      ] Safepoint "Cleanup", Time since last: 1000119945 ns, Reaching safepoint: 6400 ns, Cleanup: 11300 ns, At safepoint: 2100 ns, Total: 19800 ns
[2250.016s][info ][safepoint      ] Safepoint "Cleanup", Time since last: 1000110744 ns, Reaching safepoint: 5300 ns, Cleanup: 9801 ns, At safepoint: 2700 ns, Total: 17801 ns
[2272.111s][info ][gc,start       ] GC(100) Pause Young (Allocation Failure)
[2272.116s][debug][gc,phases      ] GC(100) Scavenge 5.165ms
[2272.116s][debug][gc,ref         ] GC(100) ReferenceProcessor::execute queues: 1, RefProcThreadModel::Single, marks_oops_alive: false
[2272.116s][debug][gc,ref         ] GC(100) Skipped KeepAliveFinalRefsPhase of Reference Processing: no references
[2272.116s][debug][gc,ref         ] GC(100) ReferenceProcessor::execute queues: 1, RefProcThreadModel::Single, marks_oops_alive: false
[2272.116s][debug][gc,phases      ] GC(100) Reference Processing 0.120ms
[2272.116s][debug][gc,phases      ] GC(100)   VM Weak                        Min:  0.0, Avg:  0.0, Max:  0.0, Diff:  0.0, Sum:  0.0, Workers: 4
[2272.116s][debug][gc,phases      ] GC(100)     Dead                           Min: 0, Avg:  0.0, Max: 0, Diff: 0, Sum: 0, Workers: 4
[2272.116s][debug][gc,phases      ] GC(100)     Total                          Min: 0, Avg: 274.2, Max: 640, Diff: 640, Sum: 1097, Workers: 4
[2272.116s][debug][gc,phases      ] GC(100)   ObjectSynchronizer Weak        Min:  0.0, Avg:  0.0, Max:  0.0, Diff:  0.0, Sum:  0.0, Workers: 4
[2272.116s][debug][gc,phases      ] GC(100)     Dead                           Min: 0, Avg:  0.0, Max: 0, Diff: 0, Sum: 0, Workers: 4
[2272.117s][debug][gc,phases      ] GC(100)     Total                          Min: 0, Avg:  1.5, Max: 6, Diff: 6, Sum: 6, Workers: 4
[2272.117s][debug][gc,phases      ] GC(100)   JVMTI Tag Weak OopStorage      Min:  0.0, Avg:  0.0, Max:  0.0, Diff:  0.0, Sum:  0.0, Workers: 4
[2272.117s][debug][gc,phases      ] GC(100)     Dead                           Min: 0, Avg:  0.0, Max: 0, Diff: 0, Sum: 0, Workers: 4
[2272.117s][debug][gc,phases      ] GC(100)     Total                          Min: 0, Avg:  0.0, Max: 0, Diff: 0, Sum: 0, Workers: 4
[2272.117s][debug][gc,phases      ] GC(100)   StringTable Weak               Min:  0.0, Avg:  0.1, Max:  0.2, Diff:  0.2, Sum:  0.5, Workers: 4
[2272.117s][debug][gc,phases      ] GC(100)     Dead                           Min: 0, Avg:  0.0, Max: 0, Diff: 0, Sum: 0, Workers: 4
[2272.117s][debug][gc,phases      ] GC(100)     Total                          Min: 0, Avg: 11877.2, Max: 16127, Diff: 16127, Sum: 47509, Workers: 4
[2272.117s][debug][gc,phases      ] GC(100)   ResolvedMethodTable Weak       Min:  0.0, Avg:  0.0, Max:  0.1, Diff:  0.1, Sum:  0.2, Workers: 4
[2272.117s][debug][gc,phases      ] GC(100)     Dead                           Min: 0, Avg:  4.0, Max: 16, Diff: 16, Sum: 16, Workers: 4
[2272.117s][debug][gc,phases      ] GC(100)     Total                          Min: 0, Avg: 4078.8, Max: 5721, Diff: 5721, Sum: 16315, Workers: 4
[2272.117s][debug][gc,phases      ] GC(100)   JNI Weak                       Min:  0.0, Avg:  0.0, Max:  0.0, Diff:  0.0, Sum:  0.0, Workers: 4
[2272.117s][debug][gc,phases      ] GC(100)     Dead                           Min: 0, Avg:  0.0, Max: 0, Diff: 0, Sum: 0, Workers: 4
[2272.117s][debug][gc,phases      ] GC(100)     Total                          Min: 0, Avg: 13.0, Max: 48, Diff: 48, Sum: 52, Workers: 4
[2272.117s][debug][gc,phases      ] GC(100)   StringDedup Table Weak         Min:  0.0, Avg:  0.0, Max:  0.0, Diff:  0.0, Sum:  0.0, Workers: 4
[2272.117s][debug][gc,phases      ] GC(100)     Dead                           Min: 0, Avg:  0.0, Max: 0, Diff: 0, Sum: 0, Workers: 4
[2272.117s][debug][gc,phases      ] GC(100)     Total                          Min: 0, Avg:  0.0, Max: 0, Diff: 0, Sum: 0, Workers: 4
[2272.117s][debug][gc,phases      ] GC(100)   StringDedup Requests0 Weak     Min:  0.0, Avg:  0.0, Max:  0.0, Diff:  0.0, Sum:  0.0, Workers: 4
[2272.117s][debug][gc,phases      ] GC(100)     Dead                           Min: 0, Avg:  0.0, Max: 0, Diff: 0, Sum: 0, Workers: 4
[2272.117s][debug][gc,phases      ] GC(100)     Total                          Min: 0, Avg:  0.0, Max: 0, Diff: 0, Sum: 0, Workers: 4
[2272.117s][debug][gc,phases      ] GC(100)   StringDedup Requests1 Weak     Min:  0.0, Avg:  0.0, Max:  0.0, Diff:  0.0, Sum:  0.0, Workers: 4
[2272.117s][debug][gc,phases      ] GC(100)     Dead                           Min: 0, Avg:  0.0, Max: 0, Diff: 0, Sum: 0, Workers: 4
[2272.117s][debug][gc,phases      ] GC(100)     Total                          Min: 0, Avg:  0.0, Max: 0, Diff: 0, Sum: 0, Workers: 4
[2272.117s][debug][gc,phases      ] GC(100)   Weak JFR Old Object Samples    Min:  0.0, Avg:  0.0, Max:  0.0, Diff:  0.0, Sum:  0.0, Workers: 4
[2272.117s][debug][gc,phases      ] GC(100)     Dead                           Min: 0, Avg:  0.0, Max: 0, Diff: 0, Sum: 0, Workers: 4
[2272.117s][debug][gc,phases      ] GC(100)     Total                          Min: 0, Avg:  0.0, Max: 0, Diff: 0, Sum: 0, Workers: 4
[2272.117s][debug][gc,phases      ] GC(100) Weak Processing 0.436ms
[2272.117s][debug][gc,age         ] GC(100) Desired survivor size 46137344 bytes, new threshold 1 (max threshold 15)
[2272.117s][info ][gc,heap        ] GC(100) PSYoungGen: 2006701K(2050048K)->4722K(2052096K) Eden: 2002944K(2002944K)->0K(2006016K) From: 3757K(47104K)->4722K(46080K)
[2272.117s][info ][gc,heap        ] GC(100) ParOldGen: 845779K(1241600K)->847189K(1241600K)
[2272.117s][info ][gc,metaspace   ] GC(100) Metaspace: 110434K(111808K)->110434K(111808K) NonClass: 93937K(94720K)->93937K(94720K) Class: 16496K(17088K)->16496K(17088K)
[2272.117s][info ][gc             ] GC(100) Pause Young (Allocation Failure) 2785M->831M(3216M) 5.864ms
[2272.117s][info ][gc,cpu         ] GC(100) User=0.02s Sys=0.00s Real=0.01s
[2272.117s][info ][safepoint      ] Safepoint "ParallelGCFailedAllocation", Time since last: 22094346458 ns, Reaching safepoint: 5500 ns, Cleanup: 4200 ns, At safepoint: 5946945 ns, Total: 5956645 ns
[2273.117s][info ][safepoint      ] Safepoint "Cleanup", Time since last: 1000092093 ns, Reaching safepoint: 6500 ns, Cleanup: 11000 ns, At safepoint: 2700 ns, Total: 20200 ns
[2276.117s][info ][safepoint      ] Safepoint "Cleanup", Time since last: 3000263366 ns, Reaching safepoint: 6301 ns, Cleanup: 11900 ns, At safepoint: 2900 ns, Total: 21101 ns
[2286.031s][info ][safepoint      ] Safepoint "Cleanup", Time since last: 9914208109 ns, Reaching safepoint: 7400 ns, Cleanup: 10000 ns, At safepoint: 2301 ns, Total: 19701 ns
[2329.035s][info ][safepoint      ] Safepoint "Cleanup", Time since last: 43003210550 ns, Reaching safepoint: 6200 ns, Cleanup: 10400 ns, At safepoint: 2500 ns, Total: 19100 ns
[2334.035s][info ][safepoint      ] Safepoint "Cleanup", Time since last: 5000422206 ns, Reaching safepoint: 6200 ns, Cleanup: 15300 ns, At safepoint: 2500 ns, Total: 24000 ns
[2337.035s][info ][safepoint      ] Safepoint "Cleanup", Time since last: 3000252847 ns, Reaching safepoint: 6300 ns, Cleanup: 14200 ns, At safepoint: 3100 ns, Total: 23600 ns
[2341.202s][info ][gc,start       ] GC(101) Pause Young (Allocation Failure)
[2341.209s][debug][gc,phases      ] GC(101) Scavenge 7.131ms
[2341.209s][debug][gc,ref         ] GC(101) ReferenceProcessor::execute queues: 1, RefProcThreadModel::Single, marks_oops_alive: false
[2341.209s][debug][gc,ref         ] GC(101) Skipped KeepAliveFinalRefsPhase of Reference Processing: no references
[2341.209s][debug][gc,ref         ] GC(101) ReferenceProcessor::execute queues: 1, RefProcThreadModel::Single, marks_oops_alive: false
[2341.209s][debug][gc,phases      ] GC(101) Reference Processing 0.327ms
[2341.210s][debug][gc,phases      ] GC(101)   VM Weak                        Min:  0.0, Avg:  0.0, Max:  0.0, Diff:  0.0, Sum:  0.0, Workers: 4
[2341.210s][debug][gc,phases      ] GC(101)     Dead                           Min: 0, Avg:  0.0, Max: 0, Diff: 0, Sum: 0, Workers: 4
[2341.210s][debug][gc,phases      ] GC(101)     Total                          Min: 0, Avg: 274.2, Max: 649, Diff: 649, Sum: 1097, Workers: 4
[2341.210s][debug][gc,phases      ] GC(101)   ObjectSynchronizer Weak        Min:  0.0, Avg:  0.0, Max:  0.0, Diff:  0.0, Sum:  0.0, Workers: 4
[2341.210s][debug][gc,phases      ] GC(101)     Dead                           Min: 0, Avg:  0.0, Max: 0, Diff: 0, Sum: 0, Workers: 4
[2341.210s][debug][gc,phases      ] GC(101)     Total                          Min: 0, Avg:  1.0, Max: 4, Diff: 4, Sum: 4, Workers: 4
[2341.210s][debug][gc,phases      ] GC(101)   JVMTI Tag Weak OopStorage      Min:  0.0, Avg:  0.0, Max:  0.0, Diff:  0.0, Sum:  0.0, Workers: 4
[2341.210s][debug][gc,phases      ] GC(101)     Dead                           Min: 0, Avg:  0.0, Max: 0, Diff: 0, Sum: 0, Workers: 4
[2341.210s][debug][gc,phases      ] GC(101)     Total                          Min: 0, Avg:  0.0, Max: 0, Diff: 0, Sum: 0, Workers: 4
[2341.210s][debug][gc,phases      ] GC(101)   StringTable Weak               Min:  0.1, Avg:  0.1, Max:  0.1, Diff:  0.1, Sum:  0.5, Workers: 4
[2341.210s][debug][gc,phases      ] GC(101)     Dead                           Min: 0, Avg:  0.0, Max: 0, Diff: 0, Sum: 0, Workers: 4
[2341.210s][debug][gc,phases      ] GC(101)     Total                          Min: 5375, Avg: 11877.2, Max: 15040, Diff: 9665, Sum: 47509, Workers: 4
[2341.210s][debug][gc,phases      ] GC(101)   ResolvedMethodTable Weak       Min:  0.0, Avg:  0.0, Max:  0.0, Diff:  0.0, Sum:  0.2, Workers: 4
[2341.210s][debug][gc,phases      ] GC(101)     Dead                           Min: 0, Avg:  4.0, Max: 16, Diff: 16, Sum: 16, Workers: 4
[2341.210s][debug][gc,phases      ] GC(101)     Total                          Min: 3797, Avg: 4078.8, Max: 4374, Diff: 577, Sum: 16315, Workers: 4
[2341.210s][debug][gc,phases      ] GC(101)   JNI Weak                       Min:  0.0, Avg:  0.0, Max:  0.0, Diff:  0.0, Sum:  0.0, Workers: 4
[2341.210s][debug][gc,phases      ] GC(101)     Dead                           Min: 0, Avg:  0.0, Max: 0, Diff: 0, Sum: 0, Workers: 4
[2341.210s][debug][gc,phases      ] GC(101)     Total                          Min: 0, Avg: 13.0, Max: 48, Diff: 48, Sum: 52, Workers: 4
[2341.210s][debug][gc,phases      ] GC(101)   StringDedup Table Weak         Min:  0.0, Avg:  0.0, Max:  0.0, Diff:  0.0, Sum:  0.0, Workers: 4
[2341.210s][debug][gc,phases      ] GC(101)     Dead                           Min: 0, Avg:  0.0, Max: 0, Diff: 0, Sum: 0, Workers: 4
[2341.210s][debug][gc,phases      ] GC(101)     Total                          Min: 0, Avg:  0.0, Max: 0, Diff: 0, Sum: 0, Workers: 4
[2341.210s][debug][gc,phases      ] GC(101)   StringDedup Requests0 Weak     Min:  0.0, Avg:  0.0, Max:  0.0, Diff:  0.0, Sum:  0.0, Workers: 4
[2341.210s][debug][gc,phases      ] GC(101)     Dead                           Min: 0, Avg:  0.0, Max: 0, Diff: 0, Sum: 0, Workers: 4
[2341.210s][debug][gc,phases      ] GC(101)     Total                          Min: 0, Avg:  0.0, Max: 0, Diff: 0, Sum: 0, Workers: 4
[2341.210s][debug][gc,phases      ] GC(101)   StringDedup Requests1 Weak     Min:  0.0, Avg:  0.0, Max:  0.0, Diff:  0.0, Sum:  0.0, Workers: 4
[2341.210s][debug][gc,phases      ] GC(101)     Dead                           Min: 0, Avg:  0.0, Max: 0, Diff: 0, Sum: 0, Workers: 4
[2341.210s][debug][gc,phases      ] GC(101)     Total                          Min: 0, Avg:  0.0, Max: 0, Diff: 0, Sum: 0, Workers: 4
[2341.210s][debug][gc,phases      ] GC(101)   Weak JFR Old Object Samples    Min:  0.0, Avg:  0.0, Max:  0.0, Diff:  0.0, Sum:  0.0, Workers: 4
[2341.210s][debug][gc,phases      ] GC(101)     Dead                           Min: 0, Avg:  0.0, Max: 0, Diff: 0, Sum: 0, Workers: 4
[2341.210s][debug][gc,phases      ] GC(101)     Total                          Min: 0, Avg:  0.0, Max: 0, Diff: 0, Sum: 0, Workers: 4
[2341.210s][debug][gc,phases      ] GC(101) Weak Processing 0.419ms
[2341.210s][debug][gc,age         ] GC(101) Desired survivor size 44040192 bytes, new threshold 1 (max threshold 15)
[2341.210s][info ][gc,heap        ] GC(101) PSYoungGen: 2010738K(2052096K)->6700K(2051072K) Eden: 2006016K(2006016K)->0K(2006016K) From: 4722K(46080K)->6700K(45056K)
[2341.210s][info ][gc,heap        ] GC(101) ParOldGen: 847189K(1241600K)->848049K(1241600K)
[2341.210s][info ][gc,metaspace   ] GC(101) Metaspace: 110438K(111808K)->110438K(111808K) NonClass: 93942K(94720K)->93942K(94720K) Class: 16496K(17088K)->16496K(17088K)
[2341.210s][info ][gc             ] GC(101) Pause Young (Allocation Failure) 2790M->834M(3215M) 8.053ms
[2341.210s][info ][gc,cpu         ] GC(101) User=0.03s Sys=0.00s Real=0.01s
[2341.210s][info ][safepoint      ] Safepoint "ParallelGCFailedAllocation", Time since last: 4166341657 ns, Reaching safepoint: 79702 ns, Cleanup: 4700 ns, At safepoint: 8138249 ns, Total: 8222651 ns
[2344.210s][info ][safepoint      ] Safepoint "Cleanup", Time since last: 3000223621 ns, Reaching safepoint: 7500 ns, Cleanup: 13400 ns, At safepoint: 2900 ns, Total: 23800 ns
[2357.211s][info ][safepoint      ] Safepoint "Cleanup", Time since last: 13000959840 ns, Reaching safepoint: 5700 ns, Cleanup: 10900 ns, At safepoint: 2300 ns, Total: 18900 ns
[2365.212s][info ][safepoint      ] Safepoint "Cleanup", Time since last: 8000584516 ns, Reaching safepoint: 6000 ns, Cleanup: 12800 ns, At safepoint: 2500 ns, Total: 21300 ns
[2366.212s][info ][safepoint      ] Safepoint "Cleanup", Time since last: 1000123660 ns, Reaching safepoint: 6600 ns, Cleanup: 7600 ns, At safepoint: 3100 ns, Total: 17300 ns
[2370.212s][info ][safepoint      ] Safepoint "Cleanup", Time since last: 4000326952 ns, Reaching safepoint: 6400 ns, Cleanup: 10800 ns, At safepoint: 2600 ns, Total: 19800 ns
[2373.212s][info ][safepoint      ] Safepoint "Cleanup", Time since last: 3000252143 ns, Reaching safepoint: 6300 ns, Cleanup: 11100 ns, At safepoint: 2300 ns, Total: 19700 ns
[2386.213s][info ][safepoint      ] Safepoint "Cleanup", Time since last: 13000969929 ns, Reaching safepoint: 7201 ns, Cleanup: 11300 ns, At safepoint: 2700 ns, Total: 21201 ns
[2397.214s][info ][safepoint      ] Safepoint "Cleanup", Time since last: 11000775144 ns, Reaching safepoint: 6700 ns, Cleanup: 11300 ns, At safepoint: 2700 ns, Total: 20700 ns
[2399.214s][info ][safepoint      ] Safepoint "Cleanup", Time since last: 2000192121 ns, Reaching safepoint: 6900 ns, Cleanup: 12700 ns, At safepoint: 3000 ns, Total: 22600 ns
[2401.067s][info ][safepoint      ] Safepoint "Cleanup", Time since last: 1852279239 ns, Reaching safepoint: 3400 ns, Cleanup: 23000 ns, At safepoint: 4900 ns, Total: 31300 ns
[2402.067s][info ][safepoint      ] Safepoint "Cleanup", Time since last: 1000137219 ns, Reaching safepoint: 6200 ns, Cleanup: 10600 ns, At safepoint: 2600 ns, Total: 19400 ns
[2402.200s][info ][gc,start       ] GC(102) Pause Young (Allocation Failure)
[2402.210s][debug][gc,phases      ] GC(102) Scavenge 10.646ms
[2402.210s][debug][gc,ref         ] GC(102) ReferenceProcessor::execute queues: 1, RefProcThreadModel::Single, marks_oops_alive: false
[2402.210s][debug][gc,ref         ] GC(102) Skipped KeepAliveFinalRefsPhase of Reference Processing: no references
[2402.210s][debug][gc,ref         ] GC(102) ReferenceProcessor::execute queues: 1, RefProcThreadModel::Single, marks_oops_alive: false
[2402.210s][debug][gc,phases      ] GC(102) Reference Processing 0.125ms
[2402.211s][debug][gc,phases      ] GC(102)   VM Weak                        Min:  0.0, Avg:  0.0, Max:  0.0, Diff:  0.0, Sum:  0.0, Workers: 4
[2402.211s][debug][gc,phases      ] GC(102)     Dead                           Min: 0, Avg:  0.0, Max: 0, Diff: 0, Sum: 0, Workers: 4
[2402.211s][debug][gc,phases      ] GC(102)     Total                          Min: 0, Avg: 275.2, Max: 896, Diff: 896, Sum: 1101, Workers: 4
[2402.211s][debug][gc,phases      ] GC(102)   ObjectSynchronizer Weak        Min:  0.0, Avg:  0.0, Max:  0.0, Diff:  0.0, Sum:  0.0, Workers: 4
[2402.211s][debug][gc,phases      ] GC(102)     Dead                           Min: 0, Avg:  0.0, Max: 0, Diff: 0, Sum: 0, Workers: 4
[2402.211s][debug][gc,phases      ] GC(102)     Total                          Min: 0, Avg:  1.0, Max: 4, Diff: 4, Sum: 4, Workers: 4
[2402.211s][debug][gc,phases      ] GC(102)   JVMTI Tag Weak OopStorage      Min:  0.0, Avg:  0.0, Max:  0.0, Diff:  0.0, Sum:  0.0, Workers: 4
[2402.211s][debug][gc,phases      ] GC(102)     Dead                           Min: 0, Avg:  0.0, Max: 0, Diff: 0, Sum: 0, Workers: 4
[2402.211s][debug][gc,phases      ] GC(102)     Total                          Min: 0, Avg:  0.0, Max: 0, Diff: 0, Sum: 0, Workers: 4
[2402.211s][debug][gc,phases      ] GC(102)   StringTable Weak               Min:  0.0, Avg:  0.1, Max:  0.2, Diff:  0.2, Sum:  0.5, Workers: 4
[2402.211s][debug][gc,phases      ] GC(102)     Dead                           Min: 0, Avg:  0.0, Max: 0, Diff: 0, Sum: 0, Workers: 4
[2402.211s][debug][gc,phases      ] GC(102)     Total                          Min: 0, Avg: 11877.5, Max: 17599, Diff: 17599, Sum: 47510, Workers: 4
[2402.211s][debug][gc,phases      ] GC(102)   ResolvedMethodTable Weak       Min:  0.0, Avg:  0.0, Max:  0.1, Diff:  0.1, Sum:  0.2, Workers: 4
[2402.211s][debug][gc,phases      ] GC(102)     Dead                           Min: 0, Avg:  4.0, Max: 16, Diff: 16, Sum: 16, Workers: 4
[2402.211s][debug][gc,phases      ] GC(102)     Total                          Min: 0, Avg: 4080.8, Max: 6447, Diff: 6447, Sum: 16323, Workers: 4
[2402.211s][debug][gc,phases      ] GC(102)   JNI Weak                       Min:  0.0, Avg:  0.0, Max:  0.0, Diff:  0.0, Sum:  0.0, Workers: 4
[2402.211s][debug][gc,phases      ] GC(102)     Dead                           Min: 0, Avg:  0.0, Max: 0, Diff: 0, Sum: 0, Workers: 4
[2402.211s][debug][gc,phases      ] GC(102)     Total                          Min: 0, Avg: 13.0, Max: 48, Diff: 48, Sum: 52, Workers: 4
[2402.211s][debug][gc,phases      ] GC(102)   StringDedup Table Weak         Min:  0.0, Avg:  0.0, Max:  0.0, Diff:  0.0, Sum:  0.0, Workers: 4
[2402.211s][debug][gc,phases      ] GC(102)     Dead                           Min: 0, Avg:  0.0, Max: 0, Diff: 0, Sum: 0, Workers: 4
[2402.211s][debug][gc,phases      ] GC(102)     Total                          Min: 0, Avg:  0.0, Max: 0, Diff: 0, Sum: 0, Workers: 4
[2402.211s][debug][gc,phases      ] GC(102)   StringDedup Requests0 Weak     Min:  0.0, Avg:  0.0, Max:  0.0, Diff:  0.0, Sum:  0.0, Workers: 4
[2402.211s][debug][gc,phases      ] GC(102)     Dead                           Min: 0, Avg:  0.0, Max: 0, Diff: 0, Sum: 0, Workers: 4
[2402.211s][debug][gc,phases      ] GC(102)     Total                          Min: 0, Avg:  0.0, Max: 0, Diff: 0, Sum: 0, Workers: 4
[2402.211s][debug][gc,phases      ] GC(102)   StringDedup Requests1 Weak     Min:  0.0, Avg:  0.0, Max:  0.0, Diff:  0.0, Sum:  0.0, Workers: 4
[2402.211s][debug][gc,phases      ] GC(102)     Dead                           Min: 0, Avg:  0.0, Max: 0, Diff: 0, Sum: 0, Workers: 4
[2402.211s][debug][gc,phases      ] GC(102)     Total                          Min: 0, Avg:  0.0, Max: 0, Diff: 0, Sum: 0, Workers: 4
[2402.211s][debug][gc,phases      ] GC(102)   Weak JFR Old Object Samples    Min:  0.0, Avg:  0.0, Max:  0.0, Diff:  0.0, Sum:  0.0, Workers: 4
[2402.211s][debug][gc,phases      ] GC(102)     Dead                           Min: 0, Avg:  0.0, Max: 0, Diff: 0, Sum: 0, Workers: 4
[2402.211s][debug][gc,phases      ] GC(102)     Total                          Min: 0, Avg:  0.0, Max: 0, Diff: 0, Sum: 0, Workers: 4
[2402.211s][debug][gc,phases      ] GC(102) Weak Processing 0.435ms
[2402.211s][debug][gc,age         ] GC(102) Desired survivor size 41943040 bytes, new threshold 1 (max threshold 15)
[2402.211s][info ][gc,heap        ] GC(102) PSYoungGen: 2012716K(2051072K)->11096K(2056192K) Eden: 2006016K(2006016K)->0K(2013184K) From: 6700K(45056K)->11096K(43008K)
[2402.211s][info ][gc,heap        ] GC(102) ParOldGen: 848049K(1241600K)->850246K(1241600K)
[2402.211s][info ][gc,metaspace   ] GC(102) Metaspace: 110464K(111872K)->110464K(111872K) NonClass: 93966K(94784K)->93966K(94784K) Class: 16498K(17088K)->16498K(17088K)
[2402.211s][info ][gc             ] GC(102) Pause Young (Allocation Failure) 2793M->841M(3220M) 11.350ms
[2402.211s][info ][gc,cpu         ] GC(102) User=0.03s Sys=0.00s Real=0.01s
[2402.211s][info ][safepoint      ] Safepoint "ParallelGCFailedAllocation", Time since last: 132523408 ns, Reaching safepoint: 85402 ns, Cleanup: 4800 ns, At safepoint: 11451182 ns, Total: 11541384 ns
[2404.211s][info ][safepoint      ] Safepoint "Cleanup", Time since last: 2000160451 ns, Reaching safepoint: 6700 ns, Cleanup: 10801 ns, At safepoint: 2800 ns, Total: 20301 ns
[2406.211s][info ][safepoint      ] Safepoint "Cleanup", Time since last: 2000186255 ns, Reaching safepoint: 7101 ns, Cleanup: 11300 ns, At safepoint: 3500 ns, Total: 21901 ns
[2407.212s][info ][safepoint      ] Safepoint "Cleanup", Time since last: 1000119828 ns, Reaching safepoint: 6600 ns, Cleanup: 11400 ns, At safepoint: 3100 ns, Total: 21100 ns
[2413.212s][info ][safepoint      ] Safepoint "Cleanup", Time since last: 6000453211 ns, Reaching safepoint: 17401 ns, Cleanup: 35700 ns, At safepoint: 2800 ns, Total: 55901 ns
[2421.213s][info ][safepoint      ] Safepoint "Cleanup", Time since last: 8000594332 ns, Reaching safepoint: 7001 ns, Cleanup: 11200 ns, At safepoint: 2700 ns, Total: 20901 ns
[2424.213s][info ][safepoint      ] Safepoint "Cleanup", Time since last: 3000251572 ns, Reaching safepoint: 6700 ns, Cleanup: 12200 ns, At safepoint: 3100 ns, Total: 22000 ns
[2427.213s][info ][safepoint      ] Safepoint "Cleanup", Time since last: 3000255273 ns, Reaching safepoint: 6700 ns, Cleanup: 10600 ns, At safepoint: 2700 ns, Total: 20000 ns
[2428.213s][info ][safepoint      ] Safepoint "Cleanup", Time since last: 1000118184 ns, Reaching safepoint: 6100 ns, Cleanup: 10100 ns, At safepoint: 2500 ns, Total: 18700 ns
[2445.215s][info ][safepoint      ] Safepoint "Cleanup", Time since last: 17001211071 ns, Reaching safepoint: 6100 ns, Cleanup: 13200 ns, At safepoint: 3001 ns, Total: 22301 ns
[2449.215s][info ][safepoint      ] Safepoint "Cleanup", Time since last: 4000317513 ns, Reaching safepoint: 8500 ns, Cleanup: 13800 ns, At safepoint: 3401 ns, Total: 25701 ns
[2450.754s][info ][gc,start       ] GC(103) Pause Young (Allocation Failure)
[2450.765s][debug][gc,phases      ] GC(103) Scavenge 10.755ms
[2450.765s][debug][gc,ref         ] GC(103) ReferenceProcessor::execute queues: 1, RefProcThreadModel::Single, marks_oops_alive: false
[2450.765s][debug][gc,ref         ] GC(103) Skipped KeepAliveFinalRefsPhase of Reference Processing: no references
[2450.765s][debug][gc,ref         ] GC(103) ReferenceProcessor::execute queues: 1, RefProcThreadModel::Single, marks_oops_alive: false
[2450.765s][debug][gc,phases      ] GC(103) Reference Processing 0.129ms
[2450.766s][debug][gc,phases      ] GC(103)   VM Weak                        Min:  0.0, Avg:  0.0, Max:  0.0, Diff:  0.0, Sum:  0.0, Workers: 4
[2450.766s][debug][gc,phases      ] GC(103)     Dead                           Min: 0, Avg:  0.0, Max: 0, Diff: 0, Sum: 0, Workers: 4
[2450.766s][debug][gc,phases      ] GC(103)     Total                          Min: 0, Avg: 275.2, Max: 896, Diff: 896, Sum: 1101, Workers: 4
[2450.766s][debug][gc,phases      ] GC(103)   ObjectSynchronizer Weak        Min:  0.0, Avg:  0.0, Max:  0.0, Diff:  0.0, Sum:  0.0, Workers: 4
[2450.766s][debug][gc,phases      ] GC(103)     Dead                           Min: 0, Avg:  0.0, Max: 0, Diff: 0, Sum: 0, Workers: 4
[2450.766s][debug][gc,phases      ] GC(103)     Total                          Min: 0, Avg:  1.5, Max: 6, Diff: 6, Sum: 6, Workers: 4
[2450.766s][debug][gc,phases      ] GC(103)   JVMTI Tag Weak OopStorage      Min:  0.0, Avg:  0.0, Max:  0.0, Diff:  0.0, Sum:  0.0, Workers: 4
[2450.766s][debug][gc,phases      ] GC(103)     Dead                           Min: 0, Avg:  0.0, Max: 0, Diff: 0, Sum: 0, Workers: 4
[2450.766s][debug][gc,phases      ] GC(103)     Total                          Min: 0, Avg:  0.0, Max: 0, Diff: 0, Sum: 0, Workers: 4
[2450.766s][debug][gc,phases      ] GC(103)   StringTable Weak               Min:  0.1, Avg:  0.1, Max:  0.1, Diff:  0.0, Sum:  0.5, Workers: 4
[2450.766s][debug][gc,phases      ] GC(103)     Dead                           Min: 0, Avg:  0.0, Max: 0, Diff: 0, Sum: 0, Workers: 4
[2450.766s][debug][gc,phases      ] GC(103)     Total                          Min: 11672, Avg: 11877.8, Max: 12160, Diff: 488, Sum: 47511, Workers: 4
[2450.766s][debug][gc,phases      ] GC(103)   ResolvedMethodTable Weak       Min:  0.0, Avg:  0.0, Max:  0.0, Diff:  0.0, Sum:  0.2, Workers: 4
[2450.766s][debug][gc,phases      ] GC(103)     Dead                           Min: 0, Avg:  4.0, Max: 12, Diff: 12, Sum: 16, Workers: 4
[2450.766s][debug][gc,phases      ] GC(103)     Total                          Min: 3817, Avg: 4080.8, Max: 4557, Diff: 740, Sum: 16323, Workers: 4
[2450.766s][debug][gc,phases      ] GC(103)   JNI Weak                       Min:  0.0, Avg:  0.0, Max:  0.0, Diff:  0.0, Sum:  0.0, Workers: 4
[2450.766s][debug][gc,phases      ] GC(103)     Dead                           Min: 0, Avg:  0.0, Max: 0, Diff: 0, Sum: 0, Workers: 4
[2450.766s][debug][gc,phases      ] GC(103)     Total                          Min: 0, Avg: 13.0, Max: 48, Diff: 48, Sum: 52, Workers: 4
[2450.766s][debug][gc,phases      ] GC(103)   StringDedup Table Weak         Min:  0.0, Avg:  0.0, Max:  0.0, Diff:  0.0, Sum:  0.0, Workers: 4
[2450.766s][debug][gc,phases      ] GC(103)     Dead                           Min: 0, Avg:  0.0, Max: 0, Diff: 0, Sum: 0, Workers: 4
[2450.766s][debug][gc,phases      ] GC(103)     Total                          Min: 0, Avg:  0.0, Max: 0, Diff: 0, Sum: 0, Workers: 4
[2450.766s][debug][gc,phases      ] GC(103)   StringDedup Requests0 Weak     Min:  0.0, Avg:  0.0, Max:  0.0, Diff:  0.0, Sum:  0.0, Workers: 4
[2450.766s][debug][gc,phases      ] GC(103)     Dead                           Min: 0, Avg:  0.0, Max: 0, Diff: 0, Sum: 0, Workers: 4
[2450.766s][debug][gc,phases      ] GC(103)     Total                          Min: 0, Avg:  0.0, Max: 0, Diff: 0, Sum: 0, Workers: 4
[2450.766s][debug][gc,phases      ] GC(103)   StringDedup Requests1 Weak     Min:  0.0, Avg:  0.0, Max:  0.0, Diff:  0.0, Sum:  0.0, Workers: 4
[2450.766s][debug][gc,phases      ] GC(103)     Dead                           Min: 0, Avg:  0.0, Max: 0, Diff: 0, Sum: 0, Workers: 4
[2450.766s][debug][gc,phases      ] GC(103)     Total                          Min: 0, Avg:  0.0, Max: 0, Diff: 0, Sum: 0, Workers: 4
[2450.766s][debug][gc,phases      ] GC(103)   Weak JFR Old Object Samples    Min:  0.0, Avg:  0.0, Max:  0.0, Diff:  0.0, Sum:  0.0, Workers: 4
[2450.766s][debug][gc,phases      ] GC(103)     Dead                           Min: 0, Avg:  0.0, Max: 0, Diff: 0, Sum: 0, Workers: 4
[2450.766s][debug][gc,phases      ] GC(103)     Total                          Min: 0, Avg:  0.0, Max: 0, Diff: 0, Sum: 0, Workers: 4
[2450.766s][debug][gc,phases      ] GC(103) Weak Processing 0.356ms
[2450.766s][debug][gc,age         ] GC(103) Desired survivor size 39321600 bytes, new threshold 1 (max threshold 15)
[2450.766s][info ][gc,heap        ] GC(103) PSYoungGen: 2024280K(2056192K)->12446K(2054144K) Eden: 2013184K(2013184K)->0K(2013184K) From: 11096K(43008K)->12446K(40960K)
[2450.766s][info ][gc,heap        ] GC(103) ParOldGen: 850246K(1241600K)->856234K(1241600K)
[2450.766s][info ][gc,metaspace   ] GC(103) Metaspace: 110495K(111872K)->110495K(111872K) NonClass: 93997K(94784K)->93997K(94784K) Class: 16498K(17088K)->16498K(17088K)
[2450.766s][info ][gc             ] GC(103) Pause Young (Allocation Failure) 2807M->848M(3218M) 11.380ms
[2450.766s][info ][gc,cpu         ] GC(103) User=0.05s Sys=0.00s Real=0.01s
[2450.766s][info ][safepoint      ] Safepoint "ParallelGCFailedAllocation", Time since last: 1539316084 ns, Reaching safepoint: 82201 ns, Cleanup: 4800 ns, At safepoint: 11464159 ns, Total: 11551160 ns
[2451.766s][info ][safepoint      ] Safepoint "Cleanup", Time since last: 1000094034 ns, Reaching safepoint: 7300 ns, Cleanup: 11900 ns, At safepoint: 3700 ns, Total: 22900 ns
[2460.767s][info ][safepoint      ] Safepoint "Cleanup", Time since last: 9000660807 ns, Reaching safepoint: 7000 ns, Cleanup: 14700 ns, At safepoint: 3000 ns, Total: 24700 ns
[2465.088s][info ][safepoint      ] Safepoint "Cleanup", Time since last: 4321058497 ns, Reaching safepoint: 7500 ns, Cleanup: 11000 ns, At safepoint: 2500 ns, Total: 21000 ns
[2472.088s][info ][safepoint      ] Safepoint "Cleanup", Time since last: 7000544508 ns, Reaching safepoint: 7101 ns, Cleanup: 12900 ns, At safepoint: 2600 ns, Total: 22601 ns
[2478.089s][info ][safepoint      ] Safepoint "Cleanup", Time since last: 6000453202 ns, Reaching safepoint: 6900 ns, Cleanup: 17400 ns, At safepoint: 2900 ns, Total: 27200 ns
[2479.089s][info ][safepoint      ] Safepoint "Cleanup", Time since last: 1000125736 ns, Reaching safepoint: 6500 ns, Cleanup: 18200 ns, At safepoint: 3000 ns, Total: 27700 ns
[2480.089s][info ][safepoint      ] Safepoint "Cleanup", Time since last: 1000135442 ns, Reaching safepoint: 7500 ns, Cleanup: 14000 ns, At safepoint: 2600 ns, Total: 24100 ns
[2484.089s][info ][safepoint      ] Safepoint "Cleanup", Time since last: 4000329067 ns, Reaching safepoint: 6000 ns, Cleanup: 11800 ns, At safepoint: 2900 ns, Total: 20700 ns
[2489.090s][info ][safepoint      ] Safepoint "Cleanup", Time since last: 5000407817 ns, Reaching safepoint: 6900 ns, Cleanup: 12300 ns, At safepoint: 2900 ns, Total: 22100 ns
[2489.577s][info ][gc,start       ] GC(104) Pause Young (Allocation Failure)
[2489.588s][debug][gc,phases      ] GC(104) Scavenge 10.901ms
[2489.588s][debug][gc,ref         ] GC(104) ReferenceProcessor::execute queues: 1, RefProcThreadModel::Single, marks_oops_alive: false
[2489.588s][debug][gc,ref         ] GC(104) Skipped KeepAliveFinalRefsPhase of Reference Processing: no references
[2489.588s][debug][gc,ref         ] GC(104) ReferenceProcessor::execute queues: 1, RefProcThreadModel::Single, marks_oops_alive: false
[2489.588s][debug][gc,phases      ] GC(104) Reference Processing 0.124ms
[2489.588s][debug][gc,phases      ] GC(104)   VM Weak                        Min:  0.0, Avg:  0.0, Max:  0.0, Diff:  0.0, Sum:  0.0, Workers: 4
[2489.588s][debug][gc,phases      ] GC(104)     Dead                           Min: 0, Avg:  0.0, Max: 0, Diff: 0, Sum: 0, Workers: 4
[2489.588s][debug][gc,phases      ] GC(104)     Total                          Min: 0, Avg: 275.2, Max: 512, Diff: 512, Sum: 1101, Workers: 4
[2489.588s][debug][gc,phases      ] GC(104)   ObjectSynchronizer Weak        Min:  0.0, Avg:  0.0, Max:  0.0, Diff:  0.0, Sum:  0.0, Workers: 4
[2489.588s][debug][gc,phases      ] GC(104)     Dead                           Min: 0, Avg:  0.0, Max: 0, Diff: 0, Sum: 0, Workers: 4
[2489.588s][debug][gc,phases      ] GC(104)     Total                          Min: 0, Avg:  1.5, Max: 6, Diff: 6, Sum: 6, Workers: 4
[2489.588s][debug][gc,phases      ] GC(104)   JVMTI Tag Weak OopStorage      Min:  0.0, Avg:  0.0, Max:  0.0, Diff:  0.0, Sum:  0.0, Workers: 4
[2489.588s][debug][gc,phases      ] GC(104)     Dead                           Min: 0, Avg:  0.0, Max: 0, Diff: 0, Sum: 0, Workers: 4
[2489.588s][debug][gc,phases      ] GC(104)     Total                          Min: 0, Avg:  0.0, Max: 0, Diff: 0, Sum: 0, Workers: 4
[2489.588s][debug][gc,phases      ] GC(104)   StringTable Weak               Min:  0.0, Avg:  0.1, Max:  0.2, Diff:  0.2, Sum:  0.5, Workers: 4
[2489.588s][debug][gc,phases      ] GC(104)     Dead                           Min: 0, Avg:  0.2, Max: 1, Diff: 1, Sum: 1, Workers: 4
[2489.588s][debug][gc,phases      ] GC(104)     Total                          Min: 0, Avg: 11878.5, Max: 18047, Diff: 18047, Sum: 47514, Workers: 4
[2489.588s][debug][gc,phases      ] GC(104)   ResolvedMethodTable Weak       Min:  0.0, Avg:  0.0, Max:  0.1, Diff:  0.1, Sum:  0.2, Workers: 4
[2489.588s][debug][gc,phases      ] GC(104)     Dead                           Min: 0, Avg:  4.0, Max: 10, Diff: 10, Sum: 16, Workers: 4
[2489.588s][debug][gc,phases      ] GC(104)     Total                          Min: 0, Avg: 4082.2, Max: 5770, Diff: 5770, Sum: 16329, Workers: 4
[2489.588s][debug][gc,phases      ] GC(104)   JNI Weak                       Min:  0.0, Avg:  0.0, Max:  0.0, Diff:  0.0, Sum:  0.0, Workers: 4
[2489.588s][debug][gc,phases      ] GC(104)     Dead                           Min: 0, Avg:  0.0, Max: 0, Diff: 0, Sum: 0, Workers: 4
[2489.588s][debug][gc,phases      ] GC(104)     Total                          Min: 0, Avg: 13.0, Max: 48, Diff: 48, Sum: 52, Workers: 4
[2489.588s][debug][gc,phases      ] GC(104)   StringDedup Table Weak         Min:  0.0, Avg:  0.0, Max:  0.0, Diff:  0.0, Sum:  0.0, Workers: 4
[2489.588s][debug][gc,phases      ] GC(104)     Dead                           Min: 0, Avg:  0.0, Max: 0, Diff: 0, Sum: 0, Workers: 4
[2489.588s][debug][gc,phases      ] GC(104)     Total                          Min: 0, Avg:  0.0, Max: 0, Diff: 0, Sum: 0, Workers: 4
[2489.588s][debug][gc,phases      ] GC(104)   StringDedup Requests0 Weak     Min:  0.0, Avg:  0.0, Max:  0.0, Diff:  0.0, Sum:  0.0, Workers: 4
[2489.588s][debug][gc,phases      ] GC(104)     Dead                           Min: 0, Avg:  0.0, Max: 0, Diff: 0, Sum: 0, Workers: 4
[2489.588s][debug][gc,phases      ] GC(104)     Total                          Min: 0, Avg:  0.0, Max: 0, Diff: 0, Sum: 0, Workers: 4
[2489.588s][debug][gc,phases      ] GC(104)   StringDedup Requests1 Weak     Min:  0.0, Avg:  0.0, Max:  0.0, Diff:  0.0, Sum:  0.0, Workers: 4
[2489.588s][debug][gc,phases      ] GC(104)     Dead                           Min: 0, Avg:  0.0, Max: 0, Diff: 0, Sum: 0, Workers: 4
[2489.588s][debug][gc,phases      ] GC(104)     Total                          Min: 0, Avg:  0.0, Max: 0, Diff: 0, Sum: 0, Workers: 4
[2489.588s][debug][gc,phases      ] GC(104)   Weak JFR Old Object Samples    Min:  0.0, Avg:  0.0, Max:  0.0, Diff:  0.0, Sum:  0.0, Workers: 4
[2489.588s][debug][gc,phases      ] GC(104)     Dead                           Min: 0, Avg:  0.0, Max: 0, Diff: 0, Sum: 0, Workers: 4
[2489.588s][debug][gc,phases      ] GC(104)     Total                          Min: 0, Avg:  0.0, Max: 0, Diff: 0, Sum: 0, Workers: 4
[2489.588s][debug][gc,phases      ] GC(104) Weak Processing 0.430ms
[2489.588s][debug][gc,age         ] GC(104) Desired survivor size 37224448 bytes, new threshold 1 (max threshold 15)
[2489.588s][info ][gc,heap        ] GC(104) PSYoungGen: 2025630K(2054144K)->15312K(2060800K) Eden: 2013184K(2013184K)->0K(2022400K) From: 12446K(40960K)->15312K(38400K)
[2489.588s][info ][gc,heap        ] GC(104) ParOldGen: 856234K(1241600K)->862413K(1241600K)
[2489.588s][info ][gc,metaspace   ] GC(104) Metaspace: 110510K(111872K)->110510K(111872K) NonClass: 94010K(94784K)->94010K(94784K) Class: 16500K(17088K)->16500K(17088K)
[2489.588s][info ][gc             ] GC(104) Pause Young (Allocation Failure) 2814M->857M(3225M) 11.603ms
[2489.588s][info ][gc,cpu         ] GC(104) User=0.04s Sys=0.00s Real=0.01s
[2489.588s][info ][safepoint      ] Safepoint "ParallelGCFailedAllocation", Time since last: 486824048 ns, Reaching safepoint: 6301 ns, Cleanup: 3900 ns, At safepoint: 11677835 ns, Total: 11688036 ns
[2492.589s][info ][safepoint      ] Safepoint "Cleanup", Time since last: 3000224174 ns, Reaching safepoint: 5300 ns, Cleanup: 8000 ns, At safepoint: 2800 ns, Total: 16100 ns
[2494.589s][info ][safepoint      ] Safepoint "Cleanup", Time since last: 2000179039 ns, Reaching safepoint: 7300 ns, Cleanup: 10200 ns, At safepoint: 2900 ns, Total: 20400 ns
[2503.589s][info ][safepoint      ] Safepoint "Cleanup", Time since last: 9000681721 ns, Reaching safepoint: 6200 ns, Cleanup: 9000 ns, At safepoint: 2500 ns, Total: 17700 ns
[2506.590s][info ][safepoint      ] Safepoint "Cleanup", Time since last: 3000259183 ns, Reaching safepoint: 5800 ns, Cleanup: 9500 ns, At safepoint: 24800 ns, Total: 40100 ns
[2507.590s][info ][safepoint      ] Safepoint "Cleanup", Time since last: 1000105641 ns, Reaching safepoint: 6100 ns, Cleanup: 10000 ns, At safepoint: 2700 ns, Total: 18800 ns
[2510.590s][info ][safepoint      ] Safepoint "Cleanup", Time since last: 3000239585 ns, Reaching safepoint: 6600 ns, Cleanup: 12901 ns, At safepoint: 2500 ns, Total: 22001 ns
[2524.105s][info ][safepoint      ] Safepoint "Cleanup", Time since last: 13514422584 ns, Reaching safepoint: 7000 ns, Cleanup: 12800 ns, At safepoint: 3200 ns, Total: 23000 ns
[2529.105s][info ][safepoint      ] Safepoint "Cleanup", Time since last: 5000392517 ns, Reaching safepoint: 19900 ns, Cleanup: 10900 ns, At safepoint: 2700 ns, Total: 33500 ns
[2529.203s][info ][gc,start       ] GC(105) Pause Young (Allocation Failure)
[2529.222s][debug][gc,phases      ] GC(105) Scavenge 18.741ms
[2529.222s][debug][gc,ref         ] GC(105) ReferenceProcessor::execute queues: 1, RefProcThreadModel::Single, marks_oops_alive: false
[2529.222s][debug][gc,ref         ] GC(105) Skipped KeepAliveFinalRefsPhase of Reference Processing: no references
[2529.222s][debug][gc,ref         ] GC(105) ReferenceProcessor::execute queues: 1, RefProcThreadModel::Single, marks_oops_alive: false
[2529.222s][debug][gc,phases      ] GC(105) Reference Processing 0.125ms
[2529.223s][debug][gc,phases      ] GC(105)   VM Weak                        Min:  0.0, Avg:  0.0, Max:  0.0, Diff:  0.0, Sum:  0.0, Workers: 4
[2529.223s][debug][gc,phases      ] GC(105)     Dead                           Min: 0, Avg:  0.0, Max: 0, Diff: 0, Sum: 0, Workers: 4
[2529.223s][debug][gc,phases      ] GC(105)     Total                          Min: 0, Avg: 275.2, Max: 768, Diff: 768, Sum: 1101, Workers: 4
[2529.223s][debug][gc,phases      ] GC(105)   ObjectSynchronizer Weak        Min:  0.0, Avg:  0.0, Max:  0.0, Diff:  0.0, Sum:  0.0, Workers: 4
[2529.223s][debug][gc,phases      ] GC(105)     Dead                           Min: 0, Avg:  0.0, Max: 0, Diff: 0, Sum: 0, Workers: 4
[2529.223s][debug][gc,phases      ] GC(105)     Total                          Min: 0, Avg:  1.0, Max: 4, Diff: 4, Sum: 4, Workers: 4
[2529.223s][debug][gc,phases      ] GC(105)   JVMTI Tag Weak OopStorage      Min:  0.0, Avg:  0.0, Max:  0.0, Diff:  0.0, Sum:  0.0, Workers: 4
[2529.223s][debug][gc,phases      ] GC(105)     Dead                           Min: 0, Avg:  0.0, Max: 0, Diff: 0, Sum: 0, Workers: 4
[2529.223s][debug][gc,phases      ] GC(105)     Total                          Min: 0, Avg:  0.0, Max: 0, Diff: 0, Sum: 0, Workers: 4
[2529.223s][debug][gc,phases      ] GC(105)   StringTable Weak               Min:  0.1, Avg:  0.1, Max:  0.1, Diff:  0.0, Sum:  0.5, Workers: 4
[2529.223s][debug][gc,phases      ] GC(105)     Dead                           Min: 0, Avg:  0.0, Max: 0, Diff: 0, Sum: 0, Workers: 4
[2529.223s][debug][gc,phases      ] GC(105)     Total                          Min: 10880, Avg: 11878.5, Max: 13915, Diff: 3035, Sum: 47514, Workers: 4
[2529.223s][debug][gc,phases      ] GC(105)   ResolvedMethodTable Weak       Min:  0.0, Avg:  0.0, Max:  0.0, Diff:  0.0, Sum:  0.2, Workers: 4
[2529.223s][debug][gc,phases      ] GC(105)     Dead                           Min: 0, Avg:  4.0, Max: 10, Diff: 10, Sum: 16, Workers: 4
[2529.223s][debug][gc,phases      ] GC(105)     Total                          Min: 3811, Avg: 4082.2, Max: 4302, Diff: 491, Sum: 16329, Workers: 4
[2529.223s][debug][gc,phases      ] GC(105)   JNI Weak                       Min:  0.0, Avg:  0.0, Max:  0.0, Diff:  0.0, Sum:  0.0, Workers: 4
[2529.223s][debug][gc,phases      ] GC(105)     Dead                           Min: 0, Avg:  0.0, Max: 0, Diff: 0, Sum: 0, Workers: 4
[2529.223s][debug][gc,phases      ] GC(105)     Total                          Min: 0, Avg: 13.0, Max: 48, Diff: 48, Sum: 52, Workers: 4
[2529.223s][debug][gc,phases      ] GC(105)   StringDedup Table Weak         Min:  0.0, Avg:  0.0, Max:  0.0, Diff:  0.0, Sum:  0.0, Workers: 4
[2529.223s][debug][gc,phases      ] GC(105)     Dead                           Min: 0, Avg:  0.0, Max: 0, Diff: 0, Sum: 0, Workers: 4
[2529.223s][debug][gc,phases      ] GC(105)     Total                          Min: 0, Avg:  0.0, Max: 0, Diff: 0, Sum: 0, Workers: 4
[2529.223s][debug][gc,phases      ] GC(105)   StringDedup Requests0 Weak     Min:  0.0, Avg:  0.0, Max:  0.0, Diff:  0.0, Sum:  0.0, Workers: 4
[2529.223s][debug][gc,phases      ] GC(105)     Dead                           Min: 0, Avg:  0.0, Max: 0, Diff: 0, Sum: 0, Workers: 4
[2529.223s][debug][gc,phases      ] GC(105)     Total                          Min: 0, Avg:  0.0, Max: 0, Diff: 0, Sum: 0, Workers: 4
[2529.223s][debug][gc,phases      ] GC(105)   StringDedup Requests1 Weak     Min:  0.0, Avg:  0.0, Max:  0.0, Diff:  0.0, Sum:  0.0, Workers: 4
[2529.223s][debug][gc,phases      ] GC(105)     Dead                           Min: 0, Avg:  0.0, Max: 0, Diff: 0, Sum: 0, Workers: 4
[2529.223s][debug][gc,phases      ] GC(105)     Total                          Min: 0, Avg:  0.0, Max: 0, Diff: 0, Sum: 0, Workers: 4
[2529.223s][debug][gc,phases      ] GC(105)   Weak JFR Old Object Samples    Min:  0.0, Avg:  0.0, Max:  0.0, Diff:  0.0, Sum:  0.0, Workers: 4
[2529.223s][debug][gc,phases      ] GC(105)     Dead                           Min: 0, Avg:  0.0, Max: 0, Diff: 0, Sum: 0, Workers: 4
[2529.223s][debug][gc,phases      ] GC(105)     Total                          Min: 0, Avg:  0.0, Max: 0, Diff: 0, Sum: 0, Workers: 4
[2529.223s][debug][gc,phases      ] GC(105) Weak Processing 0.394ms
[2529.223s][debug][gc,age         ] GC(105) Desired survivor size 41943040 bytes, new threshold 1 (max threshold 15)
[2529.223s][info ][gc,heap        ] GC(105) PSYoungGen: 2037712K(2060800K)->31792K(2054656K) Eden: 2022400K(2022400K)->0K(2022400K) From: 15312K(38400K)->31792K(32256K)
[2529.223s][info ][gc,heap        ] GC(105) ParOldGen: 862413K(1241600K)->875023K(1241600K)
[2529.223s][info ][gc,metaspace   ] GC(105) Metaspace: 110513K(111872K)->110513K(111872K) NonClass: 94013K(94784K)->94013K(94784K) Class: 16500K(17088K)->16500K(17088K)
[2529.223s][info ][gc             ] GC(105) Pause Young (Allocation Failure) 2832M->885M(3219M) 19.420ms
[2529.223s][info ][gc,cpu         ] GC(105) User=0.07s Sys=0.00s Real=0.02s
[2529.223s][info ][safepoint      ] Safepoint "ParallelGCFailedAllocation", Time since last: 98380375 ns, Reaching safepoint: 7100 ns, Cleanup: 5200 ns, At safepoint: 19499793 ns, Total: 19512093 ns
[2531.223s][info ][safepoint      ] Safepoint "Cleanup", Time since last: 2000167207 ns, Reaching safepoint: 7200 ns, Cleanup: 11300 ns, At safepoint: 3000 ns, Total: 21500 ns
[2537.224s][info ][safepoint      ] Safepoint "Cleanup", Time since last: 6000513043 ns, Reaching safepoint: 6300 ns, Cleanup: 12100 ns, At safepoint: 2100 ns, Total: 20500 ns
[2545.224s][info ][safepoint      ] Safepoint "Cleanup", Time since last: 8000599763 ns, Reaching safepoint: 6100 ns, Cleanup: 10400 ns, At safepoint: 2300 ns, Total: 18800 ns
[2550.225s][info ][safepoint      ] Safepoint "Cleanup", Time since last: 5000393028 ns, Reaching safepoint: 6000 ns, Cleanup: 11200 ns, At safepoint: 2600 ns, Total: 19800 ns
[2556.225s][info ][safepoint      ] Safepoint "Cleanup", Time since last: 6000455195 ns, Reaching safepoint: 6500 ns, Cleanup: 12600 ns, At safepoint: 2100 ns, Total: 21200 ns
[2557.225s][info ][safepoint      ] Safepoint "Cleanup", Time since last: 1000113753 ns, Reaching safepoint: 5400 ns, Cleanup: 11000 ns, At safepoint: 2700 ns, Total: 19100 ns
[2572.226s][info ][safepoint      ] Safepoint "Cleanup", Time since last: 15001073730 ns, Reaching safepoint: 6900 ns, Cleanup: 11401 ns, At safepoint: 2800 ns, Total: 21101 ns
[2574.227s][info ][safepoint      ] Safepoint "Cleanup", Time since last: 2000192333 ns, Reaching safepoint: 6200 ns, Cleanup: 12300 ns, At safepoint: 2800 ns, Total: 21300 ns
[2576.227s][info ][safepoint      ] Safepoint "Cleanup", Time since last: 2000183359 ns, Reaching safepoint: 6700 ns, Cleanup: 9800 ns, At safepoint: 2600 ns, Total: 19100 ns
[2577.227s][info ][safepoint      ] Safepoint "Cleanup", Time since last: 1000118315 ns, Reaching safepoint: 6500 ns, Cleanup: 13700 ns, At safepoint: 3000 ns, Total: 23200 ns
[2583.123s][info ][safepoint      ] Safepoint "Cleanup", Time since last: 5896332864 ns, Reaching safepoint: 6600 ns, Cleanup: 7200 ns, At safepoint: 2800 ns, Total: 16600 ns
[2586.124s][info ][safepoint      ] Safepoint "Cleanup", Time since last: 3000250191 ns, Reaching safepoint: 5900 ns, Cleanup: 9700 ns, At safepoint: 2500 ns, Total: 18100 ns
[2588.562s][info ][gc,start       ] GC(106) Pause Young (Allocation Failure)
[2588.581s][debug][gc,phases      ] GC(106) Scavenge 18.954ms
[2588.581s][debug][gc,ref         ] GC(106) ReferenceProcessor::execute queues: 1, RefProcThreadModel::Single, marks_oops_alive: false
[2588.581s][debug][gc,ref         ] GC(106) Skipped KeepAliveFinalRefsPhase of Reference Processing: no references
[2588.581s][debug][gc,ref         ] GC(106) ReferenceProcessor::execute queues: 1, RefProcThreadModel::Single, marks_oops_alive: false
[2588.581s][debug][gc,phases      ] GC(106) Reference Processing 0.159ms
[2588.581s][debug][gc,phases      ] GC(106)   VM Weak                        Min:  0.0, Avg:  0.0, Max:  0.0, Diff:  0.0, Sum:  0.0, Workers: 4
[2588.581s][debug][gc,phases      ] GC(106)     Dead                           Min: 0, Avg:  0.0, Max: 0, Diff: 0, Sum: 0, Workers: 4
[2588.581s][debug][gc,phases      ] GC(106)     Total                          Min: 0, Avg: 275.2, Max: 717, Diff: 717, Sum: 1101, Workers: 4
[2588.581s][debug][gc,phases      ] GC(106)   ObjectSynchronizer Weak        Min:  0.0, Avg:  0.0, Max:  0.0, Diff:  0.0, Sum:  0.0, Workers: 4
[2588.581s][debug][gc,phases      ] GC(106)     Dead                           Min: 0, Avg:  0.0, Max: 0, Diff: 0, Sum: 0, Workers: 4
[2588.581s][debug][gc,phases      ] GC(106)     Total                          Min: 0, Avg:  1.0, Max: 4, Diff: 4, Sum: 4, Workers: 4
[2588.581s][debug][gc,phases      ] GC(106)   JVMTI Tag Weak OopStorage      Min:  0.0, Avg:  0.0, Max:  0.0, Diff:  0.0, Sum:  0.0, Workers: 4
[2588.581s][debug][gc,phases      ] GC(106)     Dead                           Min: 0, Avg:  0.0, Max: 0, Diff: 0, Sum: 0, Workers: 4
[2588.581s][debug][gc,phases      ] GC(106)     Total                          Min: 0, Avg:  0.0, Max: 0, Diff: 0, Sum: 0, Workers: 4
[2588.581s][debug][gc,phases      ] GC(106)   StringTable Weak               Min:  0.0, Avg:  0.1, Max:  0.2, Diff:  0.2, Sum:  0.6, Workers: 4
[2588.582s][debug][gc,phases      ] GC(106)     Dead                           Min: 0, Avg:  0.0, Max: 0, Diff: 0, Sum: 0, Workers: 4
[2588.582s][debug][gc,phases      ] GC(106)     Total                          Min: 0, Avg: 11878.5, Max: 16831, Diff: 16831, Sum: 47514, Workers: 4
[2588.582s][debug][gc,phases      ] GC(106)   ResolvedMethodTable Weak       Min:  0.0, Avg:  0.1, Max:  0.1, Diff:  0.1, Sum:  0.2, Workers: 4
[2588.582s][debug][gc,phases      ] GC(106)     Dead                           Min: 0, Avg:  4.0, Max: 16, Diff: 16, Sum: 16, Workers: 4
[2588.582s][debug][gc,phases      ] GC(106)     Total                          Min: 0, Avg: 4082.2, Max: 5772, Diff: 5772, Sum: 16329, Workers: 4
[2588.582s][debug][gc,phases      ] GC(106)   JNI Weak                       Min:  0.0, Avg:  0.0, Max:  0.0, Diff:  0.0, Sum:  0.0, Workers: 4
[2588.582s][debug][gc,phases      ] GC(106)     Dead                           Min: 0, Avg:  0.0, Max: 0, Diff: 0, Sum: 0, Workers: 4
[2588.582s][debug][gc,phases      ] GC(106)     Total                          Min: 0, Avg: 13.0, Max: 48, Diff: 48, Sum: 52, Workers: 4
[2588.582s][debug][gc,phases      ] GC(106)   StringDedup Table Weak         Min:  0.0, Avg:  0.0, Max:  0.0, Diff:  0.0, Sum:  0.0, Workers: 4
[2588.582s][debug][gc,phases      ] GC(106)     Dead                           Min: 0, Avg:  0.0, Max: 0, Diff: 0, Sum: 0, Workers: 4
[2588.582s][debug][gc,phases      ] GC(106)     Total                          Min: 0, Avg:  0.0, Max: 0, Diff: 0, Sum: 0, Workers: 4
[2588.582s][debug][gc,phases      ] GC(106)   StringDedup Requests0 Weak     Min:  0.0, Avg:  0.0, Max:  0.0, Diff:  0.0, Sum:  0.0, Workers: 4
[2588.582s][debug][gc,phases      ] GC(106)     Dead                           Min: 0, Avg:  0.0, Max: 0, Diff: 0, Sum: 0, Workers: 4
[2588.582s][debug][gc,phases      ] GC(106)     Total                          Min: 0, Avg:  0.0, Max: 0, Diff: 0, Sum: 0, Workers: 4
[2588.582s][debug][gc,phases      ] GC(106)   StringDedup Requests1 Weak     Min:  0.0, Avg:  0.0, Max:  0.0, Diff:  0.0, Sum:  0.0, Workers: 4
[2588.582s][debug][gc,phases      ] GC(106)     Dead                           Min: 0, Avg:  0.0, Max: 0, Diff: 0, Sum: 0, Workers: 4
[2588.582s][debug][gc,phases      ] GC(106)     Total                          Min: 0, Avg:  0.0, Max: 0, Diff: 0, Sum: 0, Workers: 4
[2588.582s][debug][gc,phases      ] GC(106)   Weak JFR Old Object Samples    Min:  0.0, Avg:  0.0, Max:  0.0, Diff:  0.0, Sum:  0.0, Workers: 4
[2588.582s][debug][gc,phases      ] GC(106)     Dead                           Min: 0, Avg:  0.0, Max: 0, Diff: 0, Sum: 0, Workers: 4
[2588.582s][debug][gc,phases      ] GC(106)     Total                          Min: 0, Avg:  0.0, Max: 0, Diff: 0, Sum: 0, Workers: 4
[2588.582s][debug][gc,phases      ] GC(106) Weak Processing 0.486ms
[2588.582s][debug][gc,age         ] GC(106) Desired survivor size 39845888 bytes, new threshold 1 (max threshold 15)
[2588.582s][info ][gc,heap        ] GC(106) PSYoungGen: 2054192K(2054656K)->12800K(2058240K) Eden: 2022400K(2022400K)->0K(2017280K) From: 31792K(32256K)->12800K(40960K)
[2588.582s][info ][gc,heap        ] GC(106) ParOldGen: 875023K(1241600K)->904116K(1241600K)
[2588.582s][info ][gc,metaspace   ] GC(106) Metaspace: 110523K(111872K)->110523K(111872K) NonClass: 94023K(94784K)->94023K(94784K) Class: 16500K(17088K)->16500K(17088K)
[2588.582s][info ][gc             ] GC(106) Pause Young (Allocation Failure) 2860M->895M(3222M) 19.789ms
[2588.582s][info ][gc,cpu         ] GC(106) User=0.07s Sys=0.00s Real=0.02s
[2588.582s][info ][safepoint      ] Safepoint "ParallelGCFailedAllocation", Time since last: 2438291402 ns, Reaching safepoint: 10000 ns, Cleanup: 6100 ns, At safepoint: 19875643 ns, Total: 19891743 ns
[2589.582s][info ][safepoint      ] Safepoint "Cleanup", Time since last: 1000091391 ns, Reaching safepoint: 7200 ns, Cleanup: 11900 ns, At safepoint: 2700 ns, Total: 21800 ns
[2600.583s][info ][safepoint      ] Safepoint "Cleanup", Time since last: 11000824190 ns, Reaching safepoint: 8400 ns, Cleanup: 11500 ns, At safepoint: 3300 ns, Total: 23200 ns
[2602.583s][info ][safepoint      ] Safepoint "Cleanup", Time since last: 2000217202 ns, Reaching safepoint: 97801 ns, Cleanup: 10400 ns, At safepoint: 11900 ns, Total: 120101 ns
[2603.583s][info ][safepoint      ] Safepoint "Cleanup", Time since last: 1000122286 ns, Reaching safepoint: 6300 ns, Cleanup: 7600 ns, At safepoint: 2500 ns, Total: 16400 ns
[2604.583s][info ][safepoint      ] Safepoint "Cleanup", Time since last: 1000114563 ns, Reaching safepoint: 6300 ns, Cleanup: 55100 ns, At safepoint: 2200 ns, Total: 63600 ns
[2605.584s][info ][safepoint      ] Safepoint "Cleanup", Time since last: 1000111263 ns, Reaching safepoint: 6900 ns, Cleanup: 73000 ns, At safepoint: 3900 ns, Total: 83800 ns
[2606.584s][info ][safepoint      ] Safepoint "Cleanup", Time since last: 1000116563 ns, Reaching safepoint: 5600 ns, Cleanup: 14500 ns, At safepoint: 2800 ns, Total: 22900 ns
[2609.584s][info ][safepoint      ] Safepoint "Cleanup", Time since last: 3000238086 ns, Reaching safepoint: 6200 ns, Cleanup: 9801 ns, At safepoint: 2500 ns, Total: 18501 ns
[2610.000s][info ][gc,start       ] GC(107) Pause Young (Allocation Failure)
[2610.016s][debug][gc,phases      ] GC(107) Scavenge 16.647ms
[2610.016s][debug][gc,ref         ] GC(107) Skipped SoftWeakFinalRefsPhase of Reference Processing: no references
[2610.016s][debug][gc,ref         ] GC(107) Skipped KeepAliveFinalRefsPhase of Reference Processing: no references
[2610.016s][debug][gc,ref         ] GC(107) ReferenceProcessor::execute queues: 1, RefProcThreadModel::Single, marks_oops_alive: false
[2610.016s][debug][gc,phases      ] GC(107) Reference Processing 0.135ms
[2610.017s][debug][gc,phases      ] GC(107)   VM Weak                        Min:  0.0, Avg:  0.0, Max:  0.0, Diff:  0.0, Sum:  0.0, Workers: 4
[2610.017s][debug][gc,phases      ] GC(107)     Dead                           Min: 0, Avg:  0.0, Max: 0, Diff: 0, Sum: 0, Workers: 4
[2610.017s][debug][gc,phases      ] GC(107)     Total                          Min: 0, Avg: 275.2, Max: 832, Diff: 832, Sum: 1101, Workers: 4
[2610.017s][debug][gc,phases      ] GC(107)   ObjectSynchronizer Weak        Min:  0.0, Avg:  0.0, Max:  0.0, Diff:  0.0, Sum:  0.0, Workers: 4
[2610.017s][debug][gc,phases      ] GC(107)     Dead                           Min: 0, Avg:  0.0, Max: 0, Diff: 0, Sum: 0, Workers: 4
[2610.017s][debug][gc,phases      ] GC(107)     Total                          Min: 0, Avg:  1.0, Max: 4, Diff: 4, Sum: 4, Workers: 4
[2610.017s][debug][gc,phases      ] GC(107)   JVMTI Tag Weak OopStorage      Min:  0.0, Avg:  0.0, Max:  0.0, Diff:  0.0, Sum:  0.0, Workers: 4
[2610.017s][debug][gc,phases      ] GC(107)     Dead                           Min: 0, Avg:  0.0, Max: 0, Diff: 0, Sum: 0, Workers: 4
[2610.017s][debug][gc,phases      ] GC(107)     Total                          Min: 0, Avg:  0.0, Max: 0, Diff: 0, Sum: 0, Workers: 4
[2610.017s][debug][gc,phases      ] GC(107)   StringTable Weak               Min:  0.0, Avg:  0.1, Max:  0.2, Diff:  0.2, Sum:  0.5, Workers: 4
[2610.017s][debug][gc,phases      ] GC(107)     Dead                           Min: 0, Avg:  0.0, Max: 0, Diff: 0, Sum: 0, Workers: 4
[2610.017s][debug][gc,phases      ] GC(107)     Total                          Min: 0, Avg: 11878.8, Max: 17663, Diff: 17663, Sum: 47515, Workers: 4
[2610.017s][debug][gc,phases      ] GC(107)   ResolvedMethodTable Weak       Min:  0.0, Avg:  0.0, Max:  0.1, Diff:  0.1, Sum:  0.2, Workers: 4
[2610.017s][debug][gc,phases      ] GC(107)     Dead                           Min: 0, Avg:  4.0, Max: 13, Diff: 13, Sum: 16, Workers: 4
[2610.017s][debug][gc,phases      ] GC(107)     Total                          Min: 0, Avg: 4082.2, Max: 5989, Diff: 5989, Sum: 16329, Workers: 4
[2610.017s][debug][gc,phases      ] GC(107)   JNI Weak                       Min:  0.0, Avg:  0.0, Max:  0.0, Diff:  0.0, Sum:  0.0, Workers: 4
[2610.017s][debug][gc,phases      ] GC(107)     Dead                           Min: 0, Avg:  0.0, Max: 0, Diff: 0, Sum: 0, Workers: 4
[2610.017s][debug][gc,phases      ] GC(107)     Total                          Min: 0, Avg: 13.0, Max: 48, Diff: 48, Sum: 52, Workers: 4
[2610.017s][debug][gc,phases      ] GC(107)   StringDedup Table Weak         Min:  0.0, Avg:  0.0, Max:  0.0, Diff:  0.0, Sum:  0.0, Workers: 4
[2610.017s][debug][gc,phases      ] GC(107)     Dead                           Min: 0, Avg:  0.0, Max: 0, Diff: 0, Sum: 0, Workers: 4
[2610.017s][debug][gc,phases      ] GC(107)     Total                          Min: 0, Avg:  0.0, Max: 0, Diff: 0, Sum: 0, Workers: 4
[2610.017s][debug][gc,phases      ] GC(107)   StringDedup Requests0 Weak     Min:  0.0, Avg:  0.0, Max:  0.0, Diff:  0.0, Sum:  0.0, Workers: 4
[2610.017s][debug][gc,phases      ] GC(107)     Dead                           Min: 0, Avg:  0.0, Max: 0, Diff: 0, Sum: 0, Workers: 4
[2610.017s][debug][gc,phases      ] GC(107)     Total                          Min: 0, Avg:  0.0, Max: 0, Diff: 0, Sum: 0, Workers: 4
[2610.017s][debug][gc,phases      ] GC(107)   StringDedup Requests1 Weak     Min:  0.0, Avg:  0.0, Max:  0.0, Diff:  0.0, Sum:  0.0, Workers: 4
[2610.017s][debug][gc,phases      ] GC(107)     Dead                           Min: 0, Avg:  0.0, Max: 0, Diff: 0, Sum: 0, Workers: 4
[2610.017s][debug][gc,phases      ] GC(107)     Total                          Min: 0, Avg:  0.0, Max: 0, Diff: 0, Sum: 0, Workers: 4
[2610.017s][debug][gc,phases      ] GC(107)   Weak JFR Old Object Samples    Min:  0.0, Avg:  0.0, Max:  0.0, Diff:  0.0, Sum:  0.0, Workers: 4
[2610.017s][debug][gc,phases      ] GC(107)     Dead                           Min: 0, Avg:  0.0, Max: 0, Diff: 0, Sum: 0, Workers: 4
[2610.017s][debug][gc,phases      ] GC(107)     Total                          Min: 0, Avg:  0.0, Max: 0, Diff: 0, Sum: 0, Workers: 4
[2610.017s][debug][gc,phases      ] GC(107) Weak Processing 0.466ms
[2610.017s][debug][gc,age         ] GC(107) Desired survivor size 42991616 bytes, new threshold 1 (max threshold 15)
[2610.017s][info ][gc,heap        ] GC(107) PSYoungGen: 2030080K(2058240K)->29712K(2047488K) Eden: 2017280K(2017280K)->0K(2017280K) From: 12800K(40960K)->29712K(30208K)
[2610.017s][info ][gc,heap        ] GC(107) ParOldGen: 904116K(1241600K)->913520K(1241600K)
[2610.017s][info ][gc,metaspace   ] GC(107) Metaspace: 110526K(111872K)->110526K(111872K) NonClass: 94025K(94784K)->94025K(94784K) Class: 16500K(17088K)->16500K(17088K)
[2610.017s][info ][gc             ] GC(107) Pause Young (Allocation Failure) 2865M->921M(3212M) 17.401ms
[2610.017s][info ][gc,cpu         ] GC(107) User=0.07s Sys=0.00s Real=0.02s
[2610.017s][info ][safepoint      ] Safepoint "ParallelGCFailedAllocation", Time since last: 415492181 ns, Reaching safepoint: 80601 ns, Cleanup: 4600 ns, At safepoint: 17500155 ns, Total: 17585356 ns
[2612.017s][info ][safepoint      ] Safepoint "Cleanup", Time since last: 2000159035 ns, Reaching safepoint: 6100 ns, Cleanup: 9500 ns, At safepoint: 2200 ns, Total: 17800 ns
[2613.017s][info ][safepoint      ] Safepoint "Cleanup", Time since last: 1000098308 ns, Reaching safepoint: 5701 ns, Cleanup: 14500 ns, At safepoint: 2500 ns, Total: 22701 ns
[2615.017s][info ][safepoint      ] Safepoint "Cleanup", Time since last: 2000176817 ns, Reaching safepoint: 7300 ns, Cleanup: 11100 ns, At safepoint: 3400 ns, Total: 21800 ns
[2623.018s][info ][safepoint      ] Safepoint "Cleanup", Time since last: 8000608854 ns, Reaching safepoint: 78600 ns, Cleanup: 15400 ns, At safepoint: 6400 ns, Total: 100400 ns
[2627.019s][info ][safepoint      ] Safepoint "Cleanup", Time since last: 4000327181 ns, Reaching safepoint: 5200 ns, Cleanup: 10500 ns, At safepoint: 16401 ns, Total: 32101 ns
[2637.019s][info ][safepoint      ] Safepoint "Cleanup", Time since last: 10000687544 ns, Reaching safepoint: 6400 ns, Cleanup: 9400 ns, At safepoint: 2000 ns, Total: 17800 ns
[2637.199s][info ][safepoint      ] Safepoint "ParallelGCFailedAllocation", Time since last: 179886044 ns, Reaching safepoint: 7000 ns, Cleanup: 4600 ns, At safepoint: 8800 ns, Total: 20400 ns
[2637.199s][info ][gc,start       ] GC(108) Pause Young (GCLocker Initiated GC)
[2637.217s][debug][gc,phases      ] GC(108) Scavenge 17.620ms
[2637.217s][debug][gc,ref         ] GC(108) ReferenceProcessor::execute queues: 1, RefProcThreadModel::Single, marks_oops_alive: false
[2637.217s][debug][gc,ref         ] GC(108) Skipped KeepAliveFinalRefsPhase of Reference Processing: no references
[2637.217s][debug][gc,ref         ] GC(108) ReferenceProcessor::execute queues: 1, RefProcThreadModel::Single, marks_oops_alive: false
[2637.217s][debug][gc,phases      ] GC(108) Reference Processing 0.125ms
[2637.217s][debug][gc,phases      ] GC(108)   VM Weak                        Min:  0.0, Avg:  0.0, Max:  0.0, Diff:  0.0, Sum:  0.0, Workers: 4
[2637.218s][debug][gc,phases      ] GC(108)     Dead                           Min: 0, Avg:  0.0, Max: 0, Diff: 0, Sum: 0, Workers: 4
[2637.218s][debug][gc,phases      ] GC(108)     Total                          Min: 0, Avg: 275.2, Max: 576, Diff: 576, Sum: 1101, Workers: 4
[2637.218s][debug][gc,phases      ] GC(108)   ObjectSynchronizer Weak        Min:  0.0, Avg:  0.0, Max:  0.0, Diff:  0.0, Sum:  0.0, Workers: 4
[2637.218s][debug][gc,phases      ] GC(108)     Dead                           Min: 0, Avg:  0.0, Max: 0, Diff: 0, Sum: 0, Workers: 4
[2637.218s][debug][gc,phases      ] GC(108)     Total                          Min: 0, Avg:  1.5, Max: 6, Diff: 6, Sum: 6, Workers: 4
[2637.218s][debug][gc,phases      ] GC(108)   JVMTI Tag Weak OopStorage      Min:  0.0, Avg:  0.0, Max:  0.0, Diff:  0.0, Sum:  0.0, Workers: 4
[2637.218s][debug][gc,phases      ] GC(108)     Dead                           Min: 0, Avg:  0.0, Max: 0, Diff: 0, Sum: 0, Workers: 4
[2637.218s][debug][gc,phases      ] GC(108)     Total                          Min: 0, Avg:  0.0, Max: 0, Diff: 0, Sum: 0, Workers: 4
[2637.218s][debug][gc,phases      ] GC(108)   StringTable Weak               Min:  0.0, Avg:  0.1, Max:  0.2, Diff:  0.2, Sum:  0.5, Workers: 4
[2637.218s][debug][gc,phases      ] GC(108)     Dead                           Min: 0, Avg:  0.0, Max: 0, Diff: 0, Sum: 0, Workers: 4
[2637.218s][debug][gc,phases      ] GC(108)     Total                          Min: 0, Avg: 11880.5, Max: 16895, Diff: 16895, Sum: 47522, Workers: 4
[2637.218s][debug][gc,phases      ] GC(108)   ResolvedMethodTable Weak       Min:  0.0, Avg:  0.0, Max:  0.1, Diff:  0.1, Sum:  0.2, Workers: 4
[2637.218s][debug][gc,phases      ] GC(108)     Dead                           Min: 0, Avg:  0.0, Max: 0, Diff: 0, Sum: 0, Workers: 4
[2637.218s][debug][gc,phases      ] GC(108)     Total                          Min: 0, Avg: 4082.2, Max: 5922, Diff: 5922, Sum: 16329, Workers: 4
[2637.218s][debug][gc,phases      ] GC(108)   JNI Weak                       Min:  0.0, Avg:  0.0, Max:  0.0, Diff:  0.0, Sum:  0.0, Workers: 4
[2637.218s][debug][gc,phases      ] GC(108)     Dead                           Min: 0, Avg:  0.0, Max: 0, Diff: 0, Sum: 0, Workers: 4
[2637.218s][debug][gc,phases      ] GC(108)     Total                          Min: 0, Avg: 13.0, Max: 48, Diff: 48, Sum: 52, Workers: 4
[2637.218s][debug][gc,phases      ] GC(108)   StringDedup Table Weak         Min:  0.0, Avg:  0.0, Max:  0.0, Diff:  0.0, Sum:  0.0, Workers: 4
[2637.218s][debug][gc,phases      ] GC(108)     Dead                           Min: 0, Avg:  0.0, Max: 0, Diff: 0, Sum: 0, Workers: 4
[2637.218s][debug][gc,phases      ] GC(108)     Total                          Min: 0, Avg:  0.0, Max: 0, Diff: 0, Sum: 0, Workers: 4
[2637.218s][debug][gc,phases      ] GC(108)   StringDedup Requests0 Weak     Min:  0.0, Avg:  0.0, Max:  0.0, Diff:  0.0, Sum:  0.0, Workers: 4
[2637.218s][debug][gc,phases      ] GC(108)     Dead                           Min: 0, Avg:  0.0, Max: 0, Diff: 0, Sum: 0, Workers: 4
[2637.218s][debug][gc,phases      ] GC(108)     Total                          Min: 0, Avg:  0.0, Max: 0, Diff: 0, Sum: 0, Workers: 4
[2637.218s][debug][gc,phases      ] GC(108)   StringDedup Requests1 Weak     Min:  0.0, Avg:  0.0, Max:  0.0, Diff:  0.0, Sum:  0.0, Workers: 4
[2637.218s][debug][gc,phases      ] GC(108)     Dead                           Min: 0, Avg:  0.0, Max: 0, Diff: 0, Sum: 0, Workers: 4
[2637.218s][debug][gc,phases      ] GC(108)     Total                          Min: 0, Avg:  0.0, Max: 0, Diff: 0, Sum: 0, Workers: 4
[2637.218s][debug][gc,phases      ] GC(108)   Weak JFR Old Object Samples    Min:  0.0, Avg:  0.0, Max:  0.0, Diff:  0.0, Sum:  0.0, Workers: 4
[2637.218s][debug][gc,phases      ] GC(108)     Dead                           Min: 0, Avg:  0.0, Max: 0, Diff: 0, Sum: 0, Workers: 4
[2637.218s][debug][gc,phases      ] GC(108)     Total                          Min: 0, Avg:  0.0, Max: 0, Diff: 0, Sum: 0, Workers: 4
[2637.218s][debug][gc,phases      ] GC(108) Weak Processing 0.448ms
[2637.218s][debug][gc,age         ] GC(108) Desired survivor size 40894464 bytes, new threshold 1 (max threshold 15)
[2637.218s][info ][gc,heap        ] GC(108) PSYoungGen: 2046992K(2047488K)->14912K(2057216K) Eden: 2017280K(2017280K)->0K(2015232K) From: 29712K(30208K)->14912K(41984K)
[2637.218s][info ][gc,heap        ] GC(108) ParOldGen: 913528K(1241600K)->940975K(1241600K)
[2637.218s][info ][gc,metaspace   ] GC(108) Metaspace: 110529K(111872K)->110529K(111872K) NonClass: 94029K(94784K)->94029K(94784K) Class: 16500K(17088K)->16500K(17088K)
[2637.218s][info ][gc             ] GC(108) Pause Young (GCLocker Initiated GC) 2891M->933M(3221M) 18.330ms
[2637.218s][info ][gc,cpu         ] GC(108) User=0.07s Sys=0.01s Real=0.02s
[2637.218s][info ][safepoint      ] Safepoint "ParallelGCSystemGC", Time since last: 196702 ns, Reaching safepoint: 900 ns, Cleanup: 300 ns, At safepoint: 18408596 ns, Total: 18409796 ns
[2646.146s][info ][safepoint      ] Safepoint "Cleanup", Time since last: 8928146490 ns, Reaching safepoint: 81100 ns, Cleanup: 9700 ns, At safepoint: 7500 ns, Total: 98300 ns
[2649.146s][info ][safepoint      ] Safepoint "Cleanup", Time since last: 3000267448 ns, Reaching safepoint: 82501 ns, Cleanup: 14600 ns, At safepoint: 6600 ns, Total: 103701 ns
[2651.147s][info ][safepoint      ] Safepoint "Cleanup", Time since last: 2000187366 ns, Reaching safepoint: 77801 ns, Cleanup: 24100 ns, At safepoint: 6100 ns, Total: 108001 ns
[2653.147s][info ][safepoint      ] Safepoint "Cleanup", Time since last: 2000195096 ns, Reaching safepoint: 82700 ns, Cleanup: 31400 ns, At safepoint: 6800 ns, Total: 120900 ns
[2658.148s][info ][safepoint      ] Safepoint "Cleanup", Time since last: 5000437312 ns, Reaching safepoint: 83001 ns, Cleanup: 10300 ns, At safepoint: 32700 ns, Total: 126001 ns
[2664.148s][info ][safepoint      ] Safepoint "Cleanup", Time since last: 6000465689 ns, Reaching safepoint: 79400 ns, Cleanup: 11600 ns, At safepoint: 6600 ns, Total: 97600 ns
[2665.148s][info ][safepoint      ] Safepoint "Cleanup", Time since last: 1000117443 ns, Reaching safepoint: 78200 ns, Cleanup: 9200 ns, At safepoint: 6500 ns, Total: 93900 ns
[2670.149s][info ][safepoint      ] Safepoint "Cleanup", Time since last: 5000586841 ns, Reaching safepoint: 84600 ns, Cleanup: 10601 ns, At safepoint: 7700 ns, Total: 102901 ns
[2674.149s][info ][safepoint      ] Safepoint "Cleanup", Time since last: 4000353001 ns, Reaching safepoint: 6400 ns, Cleanup: 14200 ns, At safepoint: 2200 ns, Total: 22800 ns
[2676.150s][info ][safepoint      ] Safepoint "Cleanup", Time since last: 2000176041 ns, Reaching safepoint: 7900 ns, Cleanup: 13300 ns, At safepoint: 2800 ns, Total: 24000 ns
[2713.163s][info ][safepoint      ] Safepoint "Cleanup", Time since last: 37013456600 ns, Reaching safepoint: 8900 ns, Cleanup: 17900 ns, At safepoint: 2400 ns, Total: 29200 ns
[2794.181s][info ][safepoint      ] Safepoint "Cleanup", Time since last: 81018144502 ns, Reaching safepoint: 6300 ns, Cleanup: 12400 ns, At safepoint: 3100 ns, Total: 21800 ns
[2794.691s][info ][safepoint      ] Safepoint "JFRCheckpoint", Time since last: 509271591 ns, Reaching safepoint: 80700 ns, Cleanup: 23201 ns, At safepoint: 18400 ns, Total: 122301 ns
[2794.693s][info ][gc,heap,exit   ] Heap
[2794.693s][info ][gc,heap,exit   ]  PSYoungGen      total 2057216K, used 1560823K [0x0000000780000000, 0x0000000800000000, 0x0000000800000000)
[2794.693s][info ][gc,heap,exit   ]   eden space 2015232K, 76% used [0x0000000780000000,0x00000007de5adbe0,0x00000007fb000000)
[2794.693s][info ][gc,heap,exit   ]   from space 41984K, 35% used [0x00000007fd700000,0x00000007fe590108,0x0000000800000000)
[2794.693s][info ][gc,heap,exit   ]   to   space 39936K, 0% used [0x00000007fb000000,0x00000007fb000000,0x00000007fd700000)
[2794.693s][info ][gc,heap,exit   ]  ParOldGen       total 1241600K, used 940975K [0x00000006c0000000, 0x000000070bc80000, 0x0000000780000000)
[2794.693s][info ][gc,heap,exit   ]   object space 1241600K, 75% used [0x00000006c0000000,0x00000006f96ebf38,0x000000070bc80000)
[2794.693s][info ][gc,heap,exit   ]  Metaspace       used 110625K, committed 112000K, reserved 1179648K
[2794.693s][info ][gc,heap,exit   ]   class space    used 16514K, committed 17088K, reserved 1048576K
